I/CameraCloud( 1062): 1333728555126: about to execute HTTP POST
I/CameraCloud( 1062): 1333728555127: in serverRequest() about to httpclient.execute()
D/dalvikvm( 1062): GC_CONCURRENT freed 420K, 31% free 10346K/14855K, paused 5ms+2ms
I/GTalkService/c(  457): [AndroidEndpoint@1094652632] connect: acct=1000000, state=CONNECTING
D/AudioHardware(   81): AudioHardware pcm playback is going to standby.
D/AudioHardware(   81): closePcmOut_l() mPcmOpenCnt: 1
D/ConnectivityService(  151): handleInetConditionHoldEnd: net=0, condition=100, published condition=0
D/dalvikvm(  314): GC_CONCURRENT freed 433K, 6% free 9503K/10055K, paused 6ms+2ms
D/dalvikvm( 1294): GC_CONCURRENT freed 283K, 7% free 10032K/10759K, paused 79ms+12ms
W/Smack/Packet(  457): notify conn break (IOEx), close connection
I/CameraCloud( 1062): 1333728565849: CameraCloud Execute HTTP latency: 10722ms
I/CameraCloud( 1062): 1333728565852: finished executing HTTP POST, get data
I/CameraCloud( 1062): 1333728565853: make input stream reader for data
I/CameraCloud( 1062): 1333728565882: Cloud response length: 47551
I/CameraCloud( 1062): 1333728565902: Returning cloud object
D/dalvikvm(  151): GC_CONCURRENT freed 720K, 15% free 12366K/14407K, paused 5ms+8ms
D/ConnectivityService(  151): handleInetConditionHoldEnd: net=0, condition=0, published condition=100
I/CameraCloud( 1062): 1333728568585: CameraCloud download photo latency = 13465
I/CameraCloud( 1062): 1333728568586: CameraCloud download start 1333728555120 ~ stop 1333728568585
I/CameraCloud( 1062): 1333728568587: takeNum=7 takeCamGood=7 takeGoodSave=7 takeBad=0 getNum=13 getGood=13 getBad=0
I/CameraCloud( 1062): 1333728568588: Success! Client getting photo from cloud server, showing photo...
I/CameraCloud( 1062): 1333728568600: Remote photo's length: 4986
D/dalvikvm( 1062): GC_EXPLICIT freed 166K, 31% free 10365K/14855K, paused 3ms+3ms
I/CameraCloud( 1062): 1333728568644: Done with Get photos button for region 2
I/CameraCloud( 1062): 1333728568645: Inside _enableButtons
I/CameraCloud( 1062): 1333728568645: areButtonsEnabled --> true
I/CameraCloud( 1062): 1333728568701: .......... GPS onLocationChanged ...... 
I/CameraCloud( 1062): 1333728568702: Loc = Location[mProvider=gps,mTime=1333814957000,mLatitude=42.36425526812184,mLongitude=-71.10120246564321,mHasAltitude=true,mAltitude=-23.0,mHasSpeed=true,mSpeed=0.29927036,mHasBearing=true,mBearing=49.541904,mHasAccuracy=true,mAccuracy=20.0,mExtras=Bundle[mParcelledData.dataSize=4]] Previous Region = (2,0)
I/CameraCloud( 1062): 1333728568702: GPS x/long:-71.10120246564321, GPS y/lat: 42.36425526812184. Region width in x: 51.96152422706632
I/CameraCloud( 1062): 1333728568703: location PINPOINTS to region = 2.0, previous 2
I/CameraCloud( 1062): 1333728568703: stay at region 2
I/CameraCloud( 1062): 1333728568704: .......... GPS onLocationChanged ...... 
I/CameraCloud( 1062): 1333728568705: Loc = Location[mProvider=gps,mTime=1333814959000,mLatitude=42.364262497296444,mLongitude=-71.1011907893702,mHasAltitude=true,mAltitude=-23.0,mHasSpeed=true,mSpeed=0.35251004,mHasBearing=true,mBearing=48.17632,mHasAccuracy=true,mAccuracy=20.0,mExtras=Bundle[mParcelledData.dataSize=4]] Previous Region = (2,0)
I/CameraCloud( 1062): 1333728568705: GPS x/long:-71.1011907893702, GPS y/lat: 42.364262497296444. Region width in x: 51.96152422706632
I/CameraCloud( 1062): 1333728568705: location PINPOINTS to region = 2.0, previous 2
I/CameraCloud( 1062): 1333728568705: stay at region 2
I/CameraCloud( 1062): 1333728568706: .......... GPS onLocationChanged ...... 
I/CameraCloud( 1062): 1333728568707: Loc = Location[mProvider=gps,mTime=1333814961000,mLatitude=42.364270203811515,mLongitude=-71.10118147862984,mHasAltitude=true,mAltitude=-23.0,mHasSpeed=true,mSpeed=0.39617255,mHasBearing=true,mBearing=46.218647,mHasAccuracy=true,mAccuracy=20.0,mExtras=Bundle[mParcelledData.dataSize=4]] Previous Region = (2,0)
I/CameraCloud( 1062): 1333728568707: GPS x/long:-71.10118147862984, GPS y/lat: 42.364270203811515. Region width in x: 51.96152422706632
I/CameraCloud( 1062): 1333728568707: location PINPOINTS to region = 2.0, previous 2
I/CameraCloud( 1062): 1333728568708: stay at region 2
I/CameraCloud( 1062): 1333728568708: .......... GPS onLocationChanged ...... 
I/CameraCloud( 1062): 1333728568709: Loc = Location[mProvider=gps,mTime=1333814964000,mLatitude=42.36427431931571,mLongitude=-71.10116806542554,mHasAltitude=true,mAltitude=-23.0,mHasSpeed=true,mSpeed=0.4327097,mHasBearing=true,mBearing=46.547733,mHasAccuracy=true,mAccuracy=20.0,mExtras=Bundle[mParcelledData.dataSize=4]] Previous Region = (2,0)
I/CameraCloud( 1062): 1333728568709: GPS x/long:-71.10116806542554, GPS y/lat: 42.36427431931571. Region width in x: 51.96152422706632
I/CameraCloud( 1062): 1333728568709: location PINPOINTS to region = 2.0, previous 2
I/CameraCloud( 1062): 1333728568710: stay at region 2
I/CameraCloud( 1062): 1333728568710: .......... GPS onLocationChanged ...... 
I/CameraCloud( 1062): 1333728568711: Loc = Location[mProvider=gps,mTime=1333814966000,mLatitude=42.36426524082083,mLongitude=-71.1011626537636,mHasAltitude=true,mAltitude=-23.0,mHasSpeed=true,mSpeed=0.3588561,mHasBearing=true,mBearing=50.83375,mHasAccuracy=true,mAccuracy=25.0,mExtras=Bundle[mParcelledData.dataSize=4]] Previous Region = (2,0)
I/CameraCloud( 1062): 1333728568711: GPS x/long:-71.1011626537636, GPS y/lat: 42.36426524082083. Region width in x: 51.96152422706632
I/CameraCloud( 1062): 1333728568712: location PINPOINTS to region = 2.0, previous 2
I/CameraCloud( 1062): 1333728568712: stay at region 2
I/CameraCloud( 1062): 1333728568713: .......... GPS onLocationChanged ...... 
I/CameraCloud( 1062): 1333728568713: Loc = Location[mProvider=gps,mTime=1333814968000,mLatitude=42.36425183445568,mLongitude=-71.10115943913246,mHasAltitude=true,mAltitude=-23.0,mHasSpeed=true,mSpeed=0.365239,mHasBearing=true,mBearing=58.694447,mHasAccuracy=true,mAccuracy=20.0,mExtras=Bundle[mParcelledData.dataSize=4]] Previous Region = (2,0)
I/CameraCloud( 1062): 1333728568714: GPS x/long:-71.10115943913246, GPS y/lat: 42.36425183445568. Region width in x: 51.96152422706632
I/CameraCloud( 1062): 1333728568714: location PINPOINTS to region = 2.0, previous 2
I/CameraCloud( 1062): 1333728568714: stay at region 2
W/InputManagerService(  151): Window already focused, ignoring focus gain of: com.android.internal.view.IInputMethodClient$Stub$Proxy@415ca7c8
I/CameraCloud( 1062): 1333728569472: .......... GPS onLocationChanged ...... 
I/CameraCloud( 1062): 1333728569473: Loc = Location[mProvider=gps,mTime=1333814970000,mLatitude=42.364226402788866,mLongitude=-71.10115187267245,mHasAltitude=true,mAltitude=-22.0,mHasSpeed=true,mSpeed=0.0,mHasBearing=true,mBearing=43.229668,mHasAccuracy=true,mAccuracy=20.0,mExtras=Bundle[mParcelledData.dataSize=4]] Previous Region = (2,0)
I/CameraCloud( 1062): 1333728569474: GPS x/long:-71.10115187267245, GPS y/lat: 42.364226402788866. Region width in x: 51.96152422706632
I/CameraCloud( 1062): 1333728569474: location PINPOINTS to region = 2.0, previous 2
I/CameraCloud( 1062): 1333728569474: stay at region 2
D/dalvikvm( 1062): GC_CONCURRENT freed 404K, 31% free 10347K/14855K, paused 2ms+2ms
I/CameraCloud( 1062): 1333728570474: .......... GPS onLocationChanged ...... 
I/CameraCloud( 1062): 1333728570475: Loc = Location[mProvider=gps,mTime=1333814971000,mLatitude=42.36420474900283,mLongitude=-71.10114828648702,mHasAltitude=true,mAltitude=-22.0,mHasSpeed=true,mSpeed=0.5716404,mHasBearing=true,mBearing=58.94328,mHasAccuracy=true,mAccuracy=20.0,mExtras=Bundle[mParcelledData.dataSize=4]] Previous Region = (2,0)
I/CameraCloud( 1062): 1333728570477: GPS x/long:-71.10114828648702, GPS y/lat: 42.36420474900283. Region width in x: 51.96152422706632
I/CameraCloud( 1062): 1333728570478: location PINPOINTS to region = 2.0, previous 2
I/CameraCloud( 1062): 1333728570478: stay at region 2
I/CameraCloud( 1062): 1333728571473: .......... GPS onLocationChanged ...... 
I/CameraCloud( 1062): 1333728571475: Loc = Location[mProvider=gps,mTime=1333814972000,mLatitude=42.36418289318953,mLongitude=-71.10114836070703,mHasAltitude=true,mAltitude=-22.0,mHasSpeed=true,mSpeed=0.6487702,mHasBearing=true,mBearing=67.51153,mHasAccuracy=true,mAccuracy=20.0,mExtras=Bundle[mParcelledData.dataSize=4]] Previous Region = (2,0)
I/CameraCloud( 1062): 1333728571476: GPS x/long:-71.10114836070703, GPS y/lat: 42.36418289318953. Region width in x: 51.96152422706632
I/CameraCloud( 1062): 1333728571477: location PINPOINTS to region = 2.0, previous 2
I/CameraCloud( 1062): 1333728571478: stay at region 2
I/CameraCloud( 1062): 1333728572471: .......... GPS onLocationChanged ...... 
I/CameraCloud( 1062): 1333728572472: Loc = Location[mProvider=gps,mTime=1333814973000,mLatitude=42.364164479826414,mLongitude=-71.10114706048228,mHasAltitude=true,mAltitude=-22.0,mHasSpeed=true,mSpeed=0.7417382,mHasBearing=true,mBearing=70.08829,mHasAccuracy=true,mAccuracy=20.0,mExtras=Bundle[mParcelledData.dataSize=4]] Previous Region = (2,0)
I/CameraCloud( 1062): 1333728572472: GPS x/long:-71.10114706048228, GPS y/lat: 42.364164479826414. Region width in x: 51.96152422706632
I/CameraCloud( 1062): 1333728572473: location PINPOINTS to region = 2.0, previous 2
I/CameraCloud( 1062): 1333728572473: stay at region 2
I/CameraCloud( 1062): 1333728573444: .......... GPS onLocationChanged ...... 
I/CameraCloud( 1062): 1333728573445: Loc = Location[mProvider=gps,mTime=1333814974000,mLatitude=42.36415130294574,mLongitude=-71.10114129577494,mHasAltitude=true,mAltitude=-23.0,mHasSpeed=true,mSpeed=0.83570486,mHasBearing=true,mBearing=71.1121,mHasAccuracy=true,mAccuracy=20.0,mExtras=Bundle[mParcelledData.dataSize=4]] Previous Region = (2,0)
I/CameraCloud( 1062): 1333728573445: GPS x/long:-71.10114129577494, GPS y/lat: 42.36415130294574. Region width in x: 51.96152422706632
I/CameraCloud( 1062): 1333728573446: location PINPOINTS to region = 2.0, previous 2
I/CameraCloud( 1062): 1333728573446: stay at region 2
I/CameraCloud( 1062): 1333728574470: .......... GPS onLocationChanged ...... 
I/CameraCloud( 1062): 1333728574471: Loc = Location[mProvider=gps,mTime=1333814975000,mLatitude=42.364141478989005,mLongitude=-71.10113430418467,mHasAltitude=true,mAltitude=-23.0,mHasSpeed=true,mSpeed=0.91330886,mHasBearing=true,mBearing=70.9818,mHasAccuracy=true,mAccuracy=20.0,mExtras=Bundle[mParcelledData.dataSize=4]] Previous Region = (2,0)
I/CameraCloud( 1062): 1333728574471: GPS x/long:-71.10113430418467, GPS y/lat: 42.364141478989005. Region width in x: 51.96152422706632
I/CameraCloud( 1062): 1333728574471: location PINPOINTS to region = 2.0, previous 2
I/CameraCloud( 1062): 1333728574472: stay at region 2
I/CameraCloud( 1062): 1333728575323: canPressButton = TRUE
I/CameraCloud( 1062): 1333728575323: areButtonsEnabled --> false 
I/CameraCloud( 1062): 1333728575324: Inside get photo disableButtons XXX
D/AudioHardware(   81): AudioHardware pcm playback is exiting standby.
D/AudioHardware(   81): openPcmOut_l() mPcmOpenCnt: 0
I/CameraCloud( 1062): 1333728575468: takeNum=7 takeCamGood=7 takeGoodSave=7 takeBad=0 getNum=14 getGood=13 getBad=0
I/CameraCloud( 1062): 1333728575468: ** Clicked getphotos Button from region 3 **
I/CameraCloud( 1062): 1333728575468: Trying to get photo from server, about to call serverRequest()
I/CameraCloud( 1062): 1333728575469: Server request to url: http://hermes5.csail.mit.edu:8213/102/3/0/
I/CameraCloud( 1062): 1333728575471: Cloud server request length: 12
I/CameraCloud( 1062): 1333728575472: about to execute HTTP POST
I/CameraCloud( 1062): 1333728575472: in serverRequest() about to httpclient.execute()
D/AudioHardware(   81): AudioHardware pcm playback is going to standby.
D/AudioHardware(   81): closePcmOut_l() mPcmOpenCnt: 1
D/dalvikvm(  151): GC_CONCURRENT freed 715K, 15% free 12370K/14407K, paused 3ms+16ms
D/dalvikvm(  151): GC_EXPLICIT freed 91K, 15% free 12298K/14407K, paused 28ms+14ms
I/CameraCloud( 1062): 1333728597433: CameraCloud Execute HTTP latency: 21961ms
I/CameraCloud( 1062): 1333728597434: finished executing HTTP POST, get data
I/CameraCloud( 1062): 1333728597435: make input stream reader for data
I/CameraCloud( 1062): 1333728597436: Cloud response length: 43655
I/CameraCloud( 1062): 1333728597436: Returning cloud object
I/CameraCloud( 1062): 1333728603357: CameraCloud download photo latency = 27888
I/CameraCloud( 1062): 1333728603357: CameraCloud download start 1333728575469 ~ stop 1333728603357
I/CameraCloud( 1062): 1333728603357: takeNum=7 takeCamGood=7 takeGoodSave=7 takeBad=0 getNum=14 getGood=14 getBad=0
I/CameraCloud( 1062): 1333728603358: Success! Client getting photo from cloud server, showing photo...
I/CameraCloud( 1062): 1333728603358: Remote photo's length: 4575
D/dalvikvm( 1062): GC_EXPLICIT freed 263K, 31% free 10392K/14855K, paused 2ms+3ms
I/CameraCloud( 1062): 1333728603402: Done with Get photos button for region 3
I/CameraCloud( 1062): 1333728603402: Inside _enableButtons
I/CameraCloud( 1062): 1333728603403: areButtonsEnabled --> true
I/CameraCloud( 1062): 1333728603486: .......... GPS onLocationChanged ...... 
I/CameraCloud( 1062): 1333728603487: Loc = Location[mProvider=gps,mTime=1333814977000,mLatitude=42.364129776903475,mLongitude=-71.10112303226467,mHasAltitude=true,mAltitude=-23.0,mHasSpeed=true,mSpeed=1.0810483,mHasBearing=true,mBearing=66.57926,mHasAccuracy=true,mAccuracy=20.0,mExtras=Bundle[mParcelledData.dataSize=4]] Previous Region = (2,0)
I/CameraCloud( 1062): 1333728603487: GPS x/long:-71.10112303226467, GPS y/lat: 42.364129776903475. Region width in x: 51.96152422706632
I/CameraCloud( 1062): 1333728603488: location PINPOINTS to region = 2.0, previous 2
I/CameraCloud( 1062): 1333728603488: stay at region 2
I/CameraCloud( 1062): 1333728603489: .......... GPS onLocationChanged ...... 
I/CameraCloud( 1062): 1333728603490: Loc = Location[mProvider=gps,mTime=1333814980000,mLatitude=42.36413427222374,mLongitude=-71.10110470198238,mHasAltitude=true,mAltitude=-23.0,mHasSpeed=true,mSpeed=1.3105041,mHasBearing=true,mBearing=58.795326,mHasAccuracy=true,mAccuracy=20.0,mExtras=Bundle[mParcelledData.dataSize=4]] Previous Region = (2,0)
I/CameraCloud( 1062): 1333728603490: GPS x/long:-71.10110470198238, GPS y/lat: 42.36413427222374. Region width in x: 51.96152422706632
I/CameraCloud( 1062): 1333728603490: location PINPOINTS to region = 2.0, previous 2
I/CameraCloud( 1062): 1333728603491: stay at region 2
I/CameraCloud( 1062): 1333728603492: .......... GPS onLocationChanged ...... 
I/CameraCloud( 1062): 1333728603492: Loc = Location[mProvider=gps,mTime=1333814981000,mLatitude=42.364140224485865,mLongitude=-71.10109313421911,mHasAltitude=true,mAltitude=-23.0,mHasSpeed=true,mSpeed=1.3934346,mHasBearing=true,mBearing=57.195873,mHasAccuracy=true,mAccuracy=20.0,mExtras=Bundle[mParcelledData.dataSize=4]] Previous Region = (2,0)
I/CameraCloud( 1062): 1333728603493: GPS x/long:-71.10109313421911, GPS y/lat: 42.364140224485865. Region width in x: 51.96152422706632
I/CameraCloud( 1062): 1333728603493: location PINPOINTS to region = 2.0, previous 2
I/CameraCloud( 1062): 1333728603493: stay at region 2
I/CameraCloud( 1062): 1333728603494: .......... GPS onLocationChanged ...... 
I/CameraCloud( 1062): 1333728603495: Loc = Location[mProvider=gps,mTime=1333814982000,mLatitude=42.36415033122429,mLongitude=-71.10107811577387,mHasAltitude=true,mAltitude=-23.0,mHasSpeed=true,mSpeed=1.5053047,mHasBearing=true,mBearing=55.295162,mHasAccuracy=true,mAccuracy=20.0,mExtras=Bundle[mParcelledData.dataSize=4]] Previous Region = (2,0)
I/CameraCloud( 1062): 1333728603495: GPS x/long:-71.10107811577387, GPS y/lat: 42.36415033122429. Region width in x: 51.96152422706632
I/CameraCloud( 1062): 1333728603495: location PINPOINTS to region = 2.0, previous 2
I/CameraCloud( 1062): 1333728603496: stay at region 2
I/CameraCloud( 1062): 1333728603496: .......... GPS onLocationChanged ...... 
I/CameraCloud( 1062): 1333728603497: Loc = Location[mProvider=gps,mTime=1333814983000,mLatitude=42.36416047001465,mLongitude=-71.1010634247952,mHasAltitude=true,mAltitude=-22.0,mHasSpeed=true,mSpeed=1.612806,mHasBearing=true,mBearing=54.471966,mHasAccuracy=true,mAccuracy=20.0,mExtras=Bundle[mParcelledData.dataSize=4]] Previous Region = (2,0)
I/CameraCloud( 1062): 1333728603497: GPS x/long:-71.1010634247952, GPS y/lat: 42.36416047001465. Region width in x: 51.96152422706632
I/CameraCloud( 1062): 1333728603497: location PINPOINTS to region = 2.0, previous 2
I/CameraCloud( 1062): 1333728603498: stay at region 2
W/InputManagerService(  151): Window already focused, ignoring focus gain of: com.android.internal.view.IInputMethodClient$Stub$Proxy@416af428
I/System.out( 1294): [INFO:60651]: c: Running flush
I/System.out( 1294): [INFO:60652]: c: Sending payload [bytes=409]
I/CameraCloud( 1062): 1333728605369: canPressButton = TRUE
I/CameraCloud( 1062): 1333728605370: areButtonsEnabled --> false 
I/CameraCloud( 1062): 1333728605370: Inside get photo disableButtons XXX
D/AudioHardware(   81): AudioHardware pcm playback is exiting standby.
D/AudioHardware(   81): openPcmOut_l() mPcmOpenCnt: 0
I/CameraCloud( 1062): 1333728605530: takeNum=7 takeCamGood=7 takeGoodSave=7 takeBad=0 getNum=15 getGood=14 getBad=0
I/CameraCloud( 1062): 1333728605530: ** Clicked getphotos Button from region 5 **
I/CameraCloud( 1062): 1333728605530: Trying to get photo from server, about to call serverRequest()
I/CameraCloud( 1062): 1333728605531: Server request to url: http://hermes5.csail.mit.edu:8213/102/5/0/
I/CameraCloud( 1062): 1333728605533: Cloud server request length: 12
I/CameraCloud( 1062): 1333728605533: about to execute HTTP POST
I/CameraCloud( 1062): 1333728605533: in serverRequest() about to httpclient.execute()
D/dalvikvm( 1062): GC_CONCURRENT freed 400K, 30% free 10419K/14855K, paused 2ms+3ms
I/System.out( 1294): [INFO:62279]: c: Response [http=200,length=20]
I/System.out( 1294): [INFO:62280]: c: Read id 2, status code 200
D/AudioHardware(   81): AudioHardware pcm playback is going to standby.
D/AudioHardware(   81): closePcmOut_l() mPcmOpenCnt: 1
I/GTalkService/c(  457): [AndroidEndpoint@1094652632] connect: acct=1000000, state=CONNECTING
D/dalvikvm(  457): GC_CONCURRENT freed 456K, 6% free 10062K/10631K, paused 2ms+13ms
D/ConnectivityService(  151): handleInetConditionHoldEnd: net=0, condition=100, published condition=0
D/dalvikvm(  314): GC_CONCURRENT freed 440K, 6% free 9503K/10055K, paused 8ms+3ms
W/Smack/Packet(  457): notify conn break (IOEx), close connection
D/dalvikvm(  151): GC_CONCURRENT freed 645K, 15% free 12390K/14407K, paused 3ms+6ms
D/ConnectivityService(  151): handleInetConditionHoldEnd: net=0, condition=0, published condition=100
I/InputDispatcher(  151): Application is not responding: Window{416fbce0 edu.mit.haoqili.camera_cloud/edu.mit.haoqili.camera_cloud.CameraCloud paused=false}.  5005.2ms since event, 5004.6ms since wait started
I/WindowManager(  151): Input event dispatching timed out sending to edu.mit.haoqili.camera_cloud/edu.mit.haoqili.camera_cloud.CameraCloud
I/Process (  151): Sending signal. PID: 1062 SIG: 3
I/dalvikvm( 1062): threadid=3: reacting to signal 3
I/dalvikvm( 1062): Wrote stack traces to '/data/anr/traces.txt'
I/Process (  151): Sending signal. PID: 151 SIG: 3
I/dalvikvm(  151): threadid=3: reacting to signal 3
I/dalvikvm(  151): Wrote stack traces to '/data/anr/traces.txt'
I/Process (  151): Sending signal. PID: 314 SIG: 3
I/dalvikvm(  314): threadid=3: reacting to signal 3
I/dalvikvm(  314): Wrote stack traces to '/data/anr/traces.txt'
I/Process (  151): Sending signal. PID: 218 SIG: 3
I/dalvikvm(  218): threadid=3: reacting to signal 3
I/dalvikvm(  218): Wrote stack traces to '/data/anr/traces.txt'
I/Process (  151): Sending signal. PID: 329 SIG: 3
I/dalvikvm(  329): threadid=3: reacting to signal 3
I/dalvikvm(  329): Wrote stack traces to '/data/anr/traces.txt'
D/dalvikvm(  151): GC_CONCURRENT freed 720K, 14% free 12515K/14407K, paused 2ms+15ms
D/dalvikvm(  151): GC_EXPLICIT freed 154K, 14% free 12523K/14407K, paused 2ms+13ms
E/ActivityManager(  151): ANR in edu.mit.haoqili.camera_cloud (edu.mit.haoqili.camera_cloud/.CameraCloud)
E/ActivityManager(  151): Reason: keyDispatchingTimedOut
E/ActivityManager(  151): Load: 0.63 / 0.25 / 0.22
E/ActivityManager(  151): CPU usage from 10048ms to 0ms ago:
E/ActivityManager(  151):   43% 81/mediaserver: 42% user + 0.9% kernel
E/ActivityManager(  151):   12% 78/surfaceflinger: 3.4% user + 8.6% kernel
E/ActivityManager(  151):   3.6% 87/gpsd: 2.4% user + 1.1% kernel
E/ActivityManager(  151):   1.4% 4/kworker/0:0: 0% user + 1.4% kernel
E/ActivityManager(  151):   1% 151/system_server: 0.8% user + 0.1% kernel / faults: 3 minor
E/ActivityManager(  151):   0.8% 218/com.android.systemui: 0.7% user + 0% kernel / faults: 2 minor
E/ActivityManager(  151):   0.4% 5/kworker/u:0: 0% user + 0.4% kernel
E/ActivityManager(  151):   0.4% 42/kworker/u:1: 0% user + 0.4% kernel
E/ActivityManager(  151):   0.4% 314/com.android.phone: 0.1% user + 0.2% kernel
E/ActivityManager(  151):   0.2% 1294/com.google.android.apps.maps:NetworkLocationService: 0% user + 0.1% kernel / faults: 7 minor
E/ActivityManager(  151): 63% TOTAL: 51% user + 11% kernel
E/ActivityManager(  151): CPU usage from 581ms to 1111ms later:
E/ActivityManager(  151):   40% 81/mediaserver: 38% user + 1.8% kernel
E/ActivityManager(  151):     40% 1077/CameraPreviewTh: 38% user + 1.8% kernel
E/ActivityManager(  151):   10% 78/surfaceflinger: 3.6% user + 7.2% kernel
E/ActivityManager(  151):     9% 133/SurfaceFlinger: 3.6% user + 5.4% kernel
E/ActivityManager(  151):     1.8% 78/surfaceflinger: 1.8% user + 0% kernel
E/ActivityManager(  151):   7.2% 151/system_server: 3.6% user + 3.6% kernel / faults: 2 minor
E/ActivityManager(  151):     7.2% 186/InputDispatcher: 3.6% user + 3.6% kernel
E/ActivityManager(  151):   2.2% 87/gpsd: 1.1% user + 1.1% kernel
E/ActivityManager(  151):     2.2% 87/gpsd: 1.1% user + 1.1% kernel
E/ActivityManager(  151):   1% 4/kworker/0:0: 0% user + 1% kernel
E/ActivityManager(  151):   1% 42/kworker/u:1: 0% user + 1% kernel
E/ActivityManager(  151): 65% TOTAL: 51% user + 13% kernel
V/PhoneStatusBar(  218): setLightsOn(true)
D/AudioHardware(   81): AudioHardware pcm playback is exiting standby.
D/AudioHardware(   81): openPcmOut_l() mPcmOpenCnt: 0
D/AudioHardware(   81): AudioHardware pcm playback is going to standby.
D/AudioHardware(   81): closePcmOut_l() mPcmOpenCnt: 1
I/CameraCloud( 1062): 1333728651124: CameraCloud Execute HTTP latency: 45590ms
I/CameraCloud( 1062): 1333728651125: finished executing HTTP POST, get data
I/CameraCloud( 1062): 1333728651127: make input stream reader for data
I/CameraCloud( 1062): 1333728651156: Cloud response length: 36180
I/CameraCloud( 1062): 1333728651158: Returning cloud object
I/CameraCloud( 1062): 1333728657267: CameraCloud download photo latency = 51736
I/CameraCloud( 1062): 1333728657267: CameraCloud download start 1333728605530 ~ stop 1333728657266
I/CameraCloud( 1062): 1333728657268: takeNum=7 takeCamGood=7 takeGoodSave=7 takeBad=0 getNum=15 getGood=15 getBad=0
I/CameraCloud( 1062): 1333728657269: Success! Client getting photo from cloud server, showing photo...
I/CameraCloud( 1062): 1333728657269: Remote photo's length: 3821
D/dalvikvm( 1062): GC_EXPLICIT freed 192K, 31% free 10398K/14855K, paused 4ms+2ms
I/CameraCloud( 1062): 1333728657330: Done with Get photos button for region 5
I/CameraCloud( 1062): 1333728657330: Inside _enableButtons
I/CameraCloud( 1062): 1333728657331: areButtonsEnabled --> true
W/InputManagerService(  151): Window already focused, ignoring focus gain of: com.android.internal.view.IInputMethodClient$Stub$Proxy@4170de48
I/CameraCloud( 1062): 1333728661601: canPressButton = TRUE
I/CameraCloud( 1062): 1333728661603: areButtonsEnabled --> false
I/CameraCloud( 1062): 1333728661604: disabling buttons ...
D/AudioHardware(   81): AudioHardware pcm playback is exiting standby.
D/AudioHardware(   81): openPcmOut_l() mPcmOpenCnt: 0
I/CameraCloud( 1062): 1333728661625: new pic disableButtons XXX
I/CameraCloud( 1062): 1333728661641: areButtonsEnabled --> false
I/CameraCloud( 1062): 1333728661728: takeNum=8 takeCamGood=7 takeGoodSave=7 takeBad=0 getNum=15 getGood=15 getBad=0
I/CameraCloud( 1062): 1333728661729: ** Clicked take picture button **
I/CameraSurfaceView( 1062): inside getCamera()
I/CameraHardwareSec(   81): int android::CameraHardwareSec::previewThreadWrapper(): calling mSecCamera->stopPreview() and waiting
I/SecCamera(   81): int android::fimc_v4l2_querybuf(int, android::fimc_buffer*, v4l2_buf_type) :
I/SecCamera(   81): int android::fimc_v4l2_querybuf(int, android::fimc_buffer*, v4l2_buf_type): buffer->start = 0x441a8000 v4l2_buf.length = 4261248
I/CameraHardwareSec(   81): == Camera Sensor Detect S5K4ECGX - Samsung LSI SOC 5M ==
D/JpegEncoder(   81): encode E
D/JpegEncoder(   81): encode X
D/SecCamera(   81): Shutter speed=1900 us, iso=50
D/SecCamera(   81): AV=3, TV=9, SV=4
D/JpegEncoder(   81): makeExif E
D/JpegEncoder(   81): makeExif X
I/SecCamera(   81): int android::SecCamera::endSnapshot() :
I/SecCamera(   81): munmap():virt. addr 0x441a8000 size = 4261248
D/dalvikvm( 1062): GC_FOR_ALLOC freed 387K, 31% free 10370K/14855K, paused 31ms
I/dalvikvm-heap( 1062): Grow heap (frag case) to 12.057MB for 1948062-byte allocation
D/dalvikvm( 1062): GC_CONCURRENT freed 6K, 27% free 12266K/16775K, paused 1ms+2ms
I/CameraCloud( 1062): 1333728662531: inside HandlePictureStorage onPictureTaken()
I/CameraCloud( 1062): 1333728662532: takeNum=8 takeCamGood=8 takeGoodSave=7 takeBad=0 getNum=15 getGood=15 getBad=0
D/CameraHardwareSec(   81): mPreviewHeap(fd(35), size(518400), width(720), height(480))
I/CameraHardwareSec(   81): int android::CameraHardwareSec::previewThreadWrapper(): return from wait
I/CameraCloud( 1062): 1333728662925: Picture successfully taken, ORIG BYTE LENGTH = 1948046
D/dalvikvm( 1062): GC_EXPLICIT freed 2K, 27% free 12267K/16775K, paused 16ms+3ms
I/CameraCloud( 1062): 1333728663266: Our new height x width: 240 x 320
I/CameraCloud( 1062): 1333728663266: Show photo from handle my camera take
I/CameraCloud( 1062): 1333728663267: client making photo packet to send to leader
I/CameraCloud( 1062): 1333728663292: BYTE SIZE AFTER COMPRESSION: 4288
I/CameraCloud( 1062): 1333728663292: sending new pic ....
I/CameraCloud( 1062): 1333728663292: Server request to url: http://hermes5.csail.mit.edu:8213/101/2/0/
I/CameraCloud( 1062): 1333728663399: Cloud server request length: 15120
I/CameraCloud( 1062): 1333728663400: about to execute HTTP POST
I/CameraCloud( 1062): 1333728663400: in serverRequest() about to httpclient.execute()
D/AudioHardware(   81): AudioHardware pcm playback is going to standby.
D/AudioHardware(   81): closePcmOut_l() mPcmOpenCnt: 1
D/dalvikvm(  151): GC_CONCURRENT freed 839K, 14% free 12440K/14407K, paused 3ms+15ms
D/dalvikvm( 1294): GC_CONCURRENT freed 385K, 7% free 10030K/10759K, paused 2ms+2ms
I/CameraCloud( 1062): 1333728681957: CameraCloud Execute HTTP latency: 18557ms
I/CameraCloud( 1062): 1333728681957: finished executing HTTP POST, get data
I/CameraCloud( 1062): 1333728681958: make input stream reader for data
I/CameraCloud( 1062): 1333728681958: Cloud response length: 18
I/CameraCloud( 1062): 1333728681958: Returning cloud object
I/CameraCloud( 1062): 1333728681961: CameraCloud upload new photo latency = 18668
I/CameraCloud( 1062): 1333728681961: CameraCloud upload start 1333728663292 ~ stop 1333728681960
I/CameraCloud( 1062): 1333728681961: takeNum=8 takeCamGood=8 takeGoodSave=8 takeBad=0 getNum=15 getGood=15 getBad=0
I/CameraCloud( 1062): 1333728681961: SUCCESS! Client now knows saving photo on cloud server succeeded
I/CameraCloud( 1062): 1333728681962: RETURN STATUS: 12
I/CameraCloud( 1062): 1333728681962: Inside _enableButtons
I/CameraCloud( 1062): 1333728681962: areButtonsEnabled --> true
I/CameraCloud( 1062): 1333728681962: end of client send picture method
I/CameraCloud( 1062): 1333728682018: .......... GPS onLocationChanged ...... 
I/CameraCloud( 1062): 1333728682019: Loc = Location[mProvider=gps,mTime=1333815064000,mLatitude=42.36609456842309,mLongitude=-71.0993678018817,mHasAltitude=true,mAltitude=-23.0,mHasSpeed=true,mSpeed=0.0,mHasBearing=true,mBearing=37.7424,mHasAccuracy=true,mAccuracy=30.0,mExtras=Bundle[mParcelledData.dataSize=4]] Previous Region = (2,0)
I/CameraCloud( 1062): 1333728682019: GPS x/long:-71.0993678018817, GPS y/lat: 42.36609456842309. Region width in x: 51.96152422706632
I/CameraCloud( 1062): 1333728682019: location PINPOINTS to region = 2.0, previous 2
I/CameraCloud( 1062): 1333728682020: stay at region 2
W/InputManagerService(  151): Window already focused, ignoring focus gain of: com.android.internal.view.IInputMethodClient$Stub$Proxy@416a2a48
I/CameraCloud( 1062): 1333728693954: canPressButton = TRUE
I/CameraCloud( 1062): 1333728693956: areButtonsEnabled --> false
I/CameraCloud( 1062): 1333728693958: disabling buttons ...
D/AudioHardware(   81): AudioHardware pcm playback is exiting standby.
D/AudioHardware(   81): openPcmOut_l() mPcmOpenCnt: 0
I/CameraCloud( 1062): 1333728693960: new pic disableButtons XXX
I/CameraCloud( 1062): 1333728693982: areButtonsEnabled --> false
I/CameraCloud( 1062): 1333728694007: takeNum=9 takeCamGood=8 takeGoodSave=8 takeBad=0 getNum=15 getGood=15 getBad=0
I/CameraCloud( 1062): 1333728694008: ** Clicked take picture button **
I/CameraSurfaceView( 1062): inside getCamera()
I/CameraHardwareSec(   81): int android::CameraHardwareSec::previewThreadWrapper(): calling mSecCamera->stopPreview() and waiting
I/SecCamera(   81): int android::fimc_v4l2_querybuf(int, android::fimc_buffer*, v4l2_buf_type) :
I/SecCamera(   81): int android::fimc_v4l2_querybuf(int, android::fimc_buffer*, v4l2_buf_type): buffer->start = 0x44236000 v4l2_buf.length = 4261248
I/CameraHardwareSec(   81): == Camera Sensor Detect S5K4ECGX - Samsung LSI SOC 5M ==
D/JpegEncoder(   81): encode E
D/JpegEncoder(   81): encode X
D/SecCamera(   81): Shutter speed=2550 us, iso=50
D/SecCamera(   81): AV=3, TV=9, SV=4
D/JpegEncoder(   81): makeExif E
D/JpegEncoder(   81): makeExif X
I/SecCamera(   81): int android::SecCamera::endSnapshot() :
I/SecCamera(   81): munmap():virt. addr 0x44236000 size = 4261248
D/dalvikvm( 1062): GC_FOR_ALLOC freed 2675K, 38% free 10403K/16775K, paused 21ms
I/dalvikvm-heap( 1062): Grow heap (frag case) to 12.234MB for 2099471-byte allocation
D/dalvikvm( 1062): GC_CONCURRENT freed 32K, 26% free 12421K/16775K, paused 1ms+2ms
I/CameraCloud( 1062): 1333728694804: inside HandlePictureStorage onPictureTaken()
I/CameraCloud( 1062): 1333728694804: takeNum=9 takeCamGood=9 takeGoodSave=8 takeBad=0 getNum=15 getGood=15 getBad=0
D/CameraHardwareSec(   81): mPreviewHeap(fd(35), size(518400), width(720), height(480))
I/CameraHardwareSec(   81): int android::CameraHardwareSec::previewThreadWrapper(): return from wait
I/CameraCloud( 1062): 1333728695242: Picture successfully taken, ORIG BYTE LENGTH = 2099455
D/dalvikvm( 1062): GC_EXPLICIT freed 2K, 26% free 12421K/16775K, paused 16ms+3ms
I/CameraCloud( 1062): 1333728695575: Our new height x width: 240 x 320
I/CameraCloud( 1062): 1333728695575: Show photo from handle my camera take
I/CameraCloud( 1062): 1333728695576: client making photo packet to send to leader
I/CameraCloud( 1062): 1333728695600: BYTE SIZE AFTER COMPRESSION: 4747
I/CameraCloud( 1062): 1333728695600: sending new pic ....
I/CameraCloud( 1062): 1333728695600: Server request to url: http://hermes5.csail.mit.edu:8213/101/2/0/
I/CameraCloud( 1062): 1333728695707: Cloud server request length: 16699
I/CameraCloud( 1062): 1333728695708: about to execute HTTP POST
I/CameraCloud( 1062): 1333728695708: in serverRequest() about to httpclient.execute()
D/AudioHardware(   81): AudioHardware pcm playback is going to standby.
D/AudioHardware(   81): closePcmOut_l() mPcmOpenCnt: 1
D/dalvikvm(  151): GC_CONCURRENT freed 773K, 14% free 12422K/14407K, paused 3ms+6ms
D/dalvikvm(  314): GC_CONCURRENT freed 432K, 6% free 9503K/10055K, paused 19ms+2ms
I/CameraCloud( 1062): 1333728712625: CameraCloud Execute HTTP latency: 16917ms
I/CameraCloud( 1062): 1333728712627: finished executing HTTP POST, get data
I/CameraCloud( 1062): 1333728712628: make input stream reader for data
I/CameraCloud( 1062): 1333728712650: Cloud response length: 18
I/CameraCloud( 1062): 1333728712675: Returning cloud object
I/CameraCloud( 1062): 1333728712678: CameraCloud upload new photo latency = 17078
I/CameraCloud( 1062): 1333728712678: CameraCloud upload start 1333728695600 ~ stop 1333728712678
I/CameraCloud( 1062): 1333728712678: takeNum=9 takeCamGood=9 takeGoodSave=9 takeBad=0 getNum=15 getGood=15 getBad=0
I/CameraCloud( 1062): 1333728712679: SUCCESS! Client now knows saving photo on cloud server succeeded
I/CameraCloud( 1062): 1333728712679: RETURN STATUS: 12
I/CameraCloud( 1062): 1333728712689: Inside _enableButtons
I/CameraCloud( 1062): 1333728712689: areButtonsEnabled --> true
I/CameraCloud( 1062): 1333728712689: end of client send picture method
I/CameraCloud( 1062): 1333728712730: .......... GPS onLocationChanged ...... 
I/CameraCloud( 1062): 1333728712731: Loc = Location[mProvider=gps,mTime=1333815100000,mLatitude=42.366009882129006,mLongitude=-71.09946369172748,mHasAltitude=true,mAltitude=-23.0,mHasSpeed=true,mSpeed=0.0,mHasBearing=true,mBearing=37.7424,mHasAccuracy=true,mAccuracy=35.0,mExtras=Bundle[mParcelledData.dataSize=4]] Previous Region = (2,0)
I/CameraCloud( 1062): 1333728712732: GPS x/long:-71.09946369172748, GPS y/lat: 42.366009882129006. Region width in x: 51.96152422706632
I/CameraCloud( 1062): 1333728712732: location PINPOINTS to region = 2.0, previous 2
I/CameraCloud( 1062): 1333728712732: stay at region 2
I/CameraCloud( 1062): 1333728712733: .......... GPS onLocationChanged ...... 
I/CameraCloud( 1062): 1333728712734: Loc = Location[mProvider=gps,mTime=1333815103000,mLatitude=42.365898116902855,mLongitude=-71.09958619351909,mHasAltitude=true,mAltitude=-23.0,mHasSpeed=true,mSpeed=0.0,mHasBearing=true,mBearing=37.7424,mHasAccuracy=true,mAccuracy=20.0,mExtras=Bundle[mParcelledData.dataSize=4]] Previous Region = (2,0)
I/CameraCloud( 1062): 1333728712734: GPS x/long:-71.09958619351909, GPS y/lat: 42.365898116902855. Region width in x: 51.96152422706632
I/CameraCloud( 1062): 1333728712734: location PINPOINTS to region = 2.0, previous 2
I/CameraCloud( 1062): 1333728712735: stay at region 2
I/CameraCloud( 1062): 1333728712735: .......... GPS onLocationChanged ...... 
I/CameraCloud( 1062): 1333728712736: Loc = Location[mProvider=gps,mTime=1333815105000,mLatitude=42.365806375028114,mLongitude=-71.09969465691691,mHasAltitude=true,mAltitude=-22.0,mHasSpeed=true,mSpeed=0.0,mHasBearing=true,mBearing=37.7424,mHasAccuracy=true,mAccuracy=20.0,mExtras=Bundle[mParcelledData.dataSize=4]] Previous Region = (2,0)
I/CameraCloud( 1062): 1333728712736: GPS x/long:-71.09969465691691, GPS y/lat: 42.365806375028114. Region width in x: 51.96152422706632
I/CameraCloud( 1062): 1333728712737: location PINPOINTS to region = 2.0, previous 2
I/CameraCloud( 1062): 1333728712737: stay at region 2
I/CameraCloud( 1062): 1333728712738: .......... GPS onLocationChanged ...... 
I/CameraCloud( 1062): 1333728712738: Loc = Location[mProvider=gps,mTime=1333815107000,mLatitude=42.36570558965258,mLongitude=-71.09982126327863,mHasAltitude=true,mAltitude=-23.0,mHasSpeed=true,mSpeed=0.0,mHasBearing=true,mBearing=37.7424,mHasAccuracy=true,mAccuracy=15.0,mExtras=Bundle[mParcelledData.dataSize=4]] Previous Region = (2,0)
I/CameraCloud( 1062): 1333728712739: GPS x/long:-71.09982126327863, GPS y/lat: 42.36570558965258. Region width in x: 51.96152422706632
I/CameraCloud( 1062): 1333728712739: location PINPOINTS to region = 2.0, previous 2
I/CameraCloud( 1062): 1333728712739: stay at region 2
I/CameraCloud( 1062): 1333728712740: .......... GPS onLocationChanged ...... 
I/CameraCloud( 1062): 1333728712740: Loc = Location[mProvider=gps,mTime=1333815109000,mLatitude=42.36559662919941,mLongitude=-71.09996677001523,mHasAltitude=true,mAltitude=-23.0,mHasSpeed=true,mSpeed=0.0,mHasBearing=true,mBearing=37.7424,mHasAccuracy=true,mAccuracy=15.0,mExtras=Bundle[mParcelledData.dataSize=4]] Previous Region = (2,0)
I/CameraCloud( 1062): 1333728712741: GPS x/long:-71.09996677001523, GPS y/lat: 42.36559662919941. Region width in x: 51.96152422706632
I/CameraCloud( 1062): 1333728712741: location PINPOINTS to region = 2.0, previous 2
I/CameraCloud( 1062): 1333728712741: stay at region 2
I/CameraCloud( 1062): 1333728712742: .......... GPS onLocationChanged ...... 
I/CameraCloud( 1062): 1333728712742: Loc = Location[mProvider=gps,mTime=1333815111000,mLatitude=42.36547356758442,mLongitude=-71.1001385110307,mHasAltitude=true,mAltitude=-22.0,mHasSpeed=true,mSpeed=0.0,mHasBearing=true,mBearing=37.7424,mHasAccuracy=true,mAccuracy=15.0,mExtras=Bundle[mParcelledData.dataSize=4]] Previous Region = (2,0)
I/CameraCloud( 1062): 1333728712743: GPS x/long:-71.1001385110307, GPS y/lat: 42.36547356758442. Region width in x: 51.96152422706632
I/CameraCloud( 1062): 1333728712743: location PINPOINTS to region = 2.0, previous 2
I/CameraCloud( 1062): 1333728712743: stay at region 2
I/CameraCloud( 1062): 1333728712744: .......... GPS onLocationChanged ...... 
I/CameraCloud( 1062): 1333728712745: Loc = Location[mProvider=gps,mTime=1333815112000,mLatitude=42.36540827827333,mLongitude=-71.10023544106481,mHasAltitude=true,mAltitude=-23.0,mHasSpeed=true,mSpeed=0.0,mHasBearing=true,mBearing=37.7424,mHasAccuracy=true,mAccuracy=15.0,mExtras=Bundle[mParcelledData.dataSize=4]] Previous Region = (2,0)
I/CameraCloud( 1062): 1333728712745: GPS x/long:-71.10023544106481, GPS y/lat: 42.36540827827333. Region width in x: 51.96152422706632
I/CameraCloud( 1062): 1333728712745: location PINPOINTS to region = 2.0, previous 2
I/CameraCloud( 1062): 1333728712745: stay at region 2
I/CameraCloud( 1062): 1333728712755: .......... GPS onLocationChanged ...... 
I/CameraCloud( 1062): 1333728712756: Loc = Location[mProvider=gps,mTime=1333815113000,mLatitude=42.3653410929912,mLongitude=-71.10033133790282,mHasAltitude=true,mAltitude=-23.0,mHasSpeed=true,mSpeed=0.0,mHasBearing=true,mBearing=37.7424,mHasAccuracy=true,mAccuracy=15.0,mExtras=Bundle[mParcelledData.dataSize=4]] Previous Region = (2,0)
I/CameraCloud( 1062): 1333728712757: GPS x/long:-71.10033133790282, GPS y/lat: 42.3653410929912. Region width in x: 51.96152422706632
I/CameraCloud( 1062): 1333728712757: location PINPOINTS to region = 2.0, previous 2
I/CameraCloud( 1062): 1333728712757: stay at region 2
W/InputManagerService(  151): Window already focused, ignoring focus gain of: com.android.internal.view.IInputMethodClient$Stub$Proxy@416dfcb0
I/CameraCloud( 1062): 1333728713475: .......... GPS onLocationChanged ...... 
I/CameraCloud( 1062): 1333728713477: Loc = Location[mProvider=gps,mTime=1333815114000,mLatitude=42.36527684631671,mLongitude=-71.10042138990266,mHasAltitude=true,mAltitude=-23.0,mHasSpeed=true,mSpeed=0.0,mHasBearing=true,mBearing=37.7424,mHasAccuracy=true,mAccuracy=15.0,mExtras=Bundle[mParcelledData.dataSize=4]] Previous Region = (2,0)
I/CameraCloud( 1062): 1333728713478: GPS x/long:-71.10042138990266, GPS y/lat: 42.36527684631671. Region width in x: 51.96152422706632
I/CameraCloud( 1062): 1333728713478: location PINPOINTS to region = 2.0, previous 2
I/CameraCloud( 1062): 1333728713493: stay at region 2
I/CameraCloud( 1062): 1333728715464: .......... GPS onLocationChanged ...... 
I/CameraCloud( 1062): 1333728715465: Loc = Location[mProvider=gps,mTime=1333815116000,mLatitude=42.36514987743248,mLongitude=-71.10056776368654,mHasAltitude=true,mAltitude=-23.0,mHasSpeed=true,mSpeed=0.0,mHasBearing=true,mBearing=37.7424,mHasAccuracy=true,mAccuracy=15.0,mExtras=Bundle[mParcelledData.dataSize=4]] Previous Region = (2,0)
I/CameraCloud( 1062): 1333728715466: GPS x/long:-71.10056776368654, GPS y/lat: 42.36514987743248. Region width in x: 51.96152422706632
I/CameraCloud( 1062): 1333728715466: location PINPOINTS to region = 2.0, previous 2
I/CameraCloud( 1062): 1333728715466: stay at region 2
I/CameraCloud( 1062): 1333728717495: .......... GPS onLocationChanged ...... 
I/CameraCloud( 1062): 1333728717496: Loc = Location[mProvider=gps,mTime=1333815118000,mLatitude=42.365010978675635,mLongitude=-71.10066417037494,mHasAltitude=true,mAltitude=-23.0,mHasSpeed=true,mSpeed=0.0,mHasBearing=true,mBearing=37.7424,mHasAccuracy=true,mAccuracy=15.0,mExtras=Bundle[mParcelledData.dataSize=4]] Previous Region = (2,0)
I/CameraCloud( 1062): 1333728717497: GPS x/long:-71.10066417037494, GPS y/lat: 42.365010978675635. Region width in x: 51.96152422706632
I/CameraCloud( 1062): 1333728717497: location PINPOINTS to region = 2.0, previous 2
I/CameraCloud( 1062): 1333728717498: stay at region 2
I/CameraCloud( 1062): 1333728719464: .......... GPS onLocationChanged ...... 
I/CameraCloud( 1062): 1333728719465: Loc = Location[mProvider=gps,mTime=1333815120000,mLatitude=42.3648722876647,mLongitude=-71.10073009621134,mHasAltitude=true,mAltitude=-22.0,mHasSpeed=true,mSpeed=0.0,mHasBearing=true,mBearing=37.7424,mHasAccuracy=true,mAccuracy=15.0,mExtras=Bundle[mParcelledData.dataSize=4]] Previous Region = (2,0)
I/CameraCloud( 1062): 1333728719466: GPS x/long:-71.10073009621134, GPS y/lat: 42.3648722876647. Region width in x: 51.96152422706632
I/CameraCloud( 1062): 1333728719466: location PINPOINTS to region = 2.0, previous 2
I/CameraCloud( 1062): 1333728719467: stay at region 2
I/CameraCloud( 1062): 1333728721560: canPressButton = TRUE
I/CameraCloud( 1062): 1333728721560: areButtonsEnabled --> false
I/CameraCloud( 1062): 1333728721561: disabling buttons ...
I/CameraCloud( 1062): 1333728721562: new pic disableButtons XXX
I/CameraCloud( 1062): 1333728721567: areButtonsEnabled --> false
D/AudioHardware(   81): AudioHardware pcm playback is exiting standby.
D/AudioHardware(   81): openPcmOut_l() mPcmOpenCnt: 0
I/CameraCloud( 1062): 1333728721627: takeNum=10 takeCamGood=9 takeGoodSave=9 takeBad=0 getNum=15 getGood=15 getBad=0
I/CameraCloud( 1062): 1333728721628: ** Clicked take picture button **
I/CameraSurfaceView( 1062): inside getCamera()
I/CameraHardwareSec(   81): int android::CameraHardwareSec::previewThreadWrapper(): calling mSecCamera->stopPreview() and waiting
I/SecCamera(   81): int android::fimc_v4l2_querybuf(int, android::fimc_buffer*, v4l2_buf_type) :
I/SecCamera(   81): int android::fimc_v4l2_querybuf(int, android::fimc_buffer*, v4l2_buf_type): buffer->start = 0x44240000 v4l2_buf.length = 4261248
I/CameraHardwareSec(   81): == Camera Sensor Detect S5K4ECGX - Samsung LSI SOC 5M ==
D/JpegEncoder(   81): encode E
D/JpegEncoder(   81): encode X
D/SecCamera(   81): Shutter speed=2942 us, iso=50
D/SecCamera(   81): AV=3, TV=8, SV=4
D/JpegEncoder(   81): makeExif E
D/JpegEncoder(   81): makeExif X
I/SecCamera(   81): int android::SecCamera::endSnapshot() :
I/SecCamera(   81): munmap():virt. addr 0x44240000 size = 4261248
D/dalvikvm( 1062): GC_FOR_ALLOC freed 2963K, 38% free 10433K/16775K, paused 25ms
I/dalvikvm-heap( 1062): Grow heap (frag case) to 12.385MB for 2227835-byte allocation
D/dalvikvm( 1062): GC_CONCURRENT freed 35K, 26% free 12572K/16775K, paused 3ms+2ms
I/CameraCloud( 1062): 1333728722413: inside HandlePictureStorage onPictureTaken()
I/CameraCloud( 1062): 1333728722414: takeNum=10 takeCamGood=10 takeGoodSave=9 takeBad=0 getNum=15 getGood=15 getBad=0
D/CameraHardwareSec(   81): mPreviewHeap(fd(35), size(518400), width(720), height(480))
I/CameraHardwareSec(   81): int android::CameraHardwareSec::previewThreadWrapper(): return from wait
I/CameraCloud( 1062): 1333728722826: Picture successfully taken, ORIG BYTE LENGTH = 2227819
D/dalvikvm( 1062): GC_EXPLICIT freed 2K, 26% free 12573K/16775K, paused 17ms+3ms
I/CameraCloud( 1062): 1333728723128: Our new height x width: 240 x 320
I/CameraCloud( 1062): 1333728723128: Show photo from handle my camera take
I/CameraCloud( 1062): 1333728723128: client making photo packet to send to leader
I/CameraCloud( 1062): 1333728723152: BYTE SIZE AFTER COMPRESSION: 4901
I/CameraCloud( 1062): 1333728723153: sending new pic ....
I/CameraCloud( 1062): 1333728723153: Server request to url: http://hermes5.csail.mit.edu:8213/101/2/0/
I/CameraCloud( 1062): 1333728723266: Cloud server request length: 17301
I/CameraCloud( 1062): 1333728723266: about to execute HTTP POST
I/CameraCloud( 1062): 1333728723267: in serverRequest() about to httpclient.execute()
D/AudioHardware(   81): AudioHardware pcm playback is going to standby.
D/AudioHardware(   81): closePcmOut_l() mPcmOpenCnt: 1
D/dalvikvm(  151): GC_CONCURRENT freed 740K, 14% free 12412K/14407K, paused 10ms+15ms
I/GTalkService/c(  457): [AndroidEndpoint@1094652632] connect: acct=1000000, state=CONNECTING
E/GTalkService(  457): connectionClosed: no XMPPConnection - That's strange!
I/CameraCloud( 1062): 1333728738792: CameraCloud Execute HTTP latency: 15525ms
I/CameraCloud( 1062): 1333728738793: finished executing HTTP POST, get data
I/CameraCloud( 1062): 1333728738793: make input stream reader for data
I/CameraCloud( 1062): 1333728738793: Cloud response length: 18
I/CameraCloud( 1062): 1333728738794: Returning cloud object
I/CameraCloud( 1062): 1333728738796: CameraCloud upload new photo latency = 15643
I/CameraCloud( 1062): 1333728738796: CameraCloud upload start 1333728723153 ~ stop 1333728738796
I/CameraCloud( 1062): 1333728738797: takeNum=10 takeCamGood=10 takeGoodSave=10 takeBad=0 getNum=15 getGood=15 getBad=0
I/CameraCloud( 1062): 1333728738797: SUCCESS! Client now knows saving photo on cloud server succeeded
I/CameraCloud( 1062): 1333728738797: RETURN STATUS: 12
I/CameraCloud( 1062): 1333728738798: Inside _enableButtons
I/CameraCloud( 1062): 1333728738808: areButtonsEnabled --> true
I/CameraCloud( 1062): 1333728738808: end of client send picture method
W/InputManagerService(  151): Window already focused, ignoring focus gain of: com.android.internal.view.IInputMethodClient$Stub$Proxy@416f6398
I/CameraCloud( 1062): 1333728740146: canPressButton = TRUE
I/CameraCloud( 1062): 1333728740147: areButtonsEnabled --> false 
I/CameraCloud( 1062): 1333728740152: Inside get photo disableButtons XXX
D/AudioHardware(   81): AudioHardware pcm playback is exiting standby.
D/AudioHardware(   81): openPcmOut_l() mPcmOpenCnt: 0
I/CameraCloud( 1062): 1333728740215: takeNum=10 takeCamGood=10 takeGoodSave=10 takeBad=0 getNum=16 getGood=15 getBad=0
I/CameraCloud( 1062): 1333728740216: ** Clicked getphotos Button from region 5 **
I/CameraCloud( 1062): 1333728740216: Trying to get photo from server, about to call serverRequest()
I/CameraCloud( 1062): 1333728740217: Server request to url: http://hermes5.csail.mit.edu:8213/102/5/0/
I/CameraCloud( 1062): 1333728740262: Cloud server request length: 12
I/CameraCloud( 1062): 1333728740263: about to execute HTTP POST
I/CameraCloud( 1062): 1333728740263: in serverRequest() about to httpclient.execute()
D/ConnectivityService(  151): handleInetConditionHoldEnd: net=0, condition=0, published condition=0
I/CameraCloud( 1062): 1333728742613: CameraCloud Execute HTTP latency: 2350ms
I/CameraCloud( 1062): 1333728742614: finished executing HTTP POST, get data
I/CameraCloud( 1062): 1333728742615: make input stream reader for data
I/CameraCloud( 1062): 1333728742615: Cloud response length: 22432
I/CameraCloud( 1062): 1333728742616: Returning cloud object
D/AudioHardware(   81): AudioHardware pcm playback is going to standby.
D/AudioHardware(   81): closePcmOut_l() mPcmOpenCnt: 1
I/CameraCloud( 1062): 1333728744251: CameraCloud download photo latency = 4035
I/CameraCloud( 1062): 1333728744251: CameraCloud download start 1333728740216 ~ stop 1333728744251
I/CameraCloud( 1062): 1333728744252: takeNum=10 takeCamGood=10 takeGoodSave=10 takeBad=0 getNum=16 getGood=16 getBad=0
I/CameraCloud( 1062): 1333728744252: Success! Client getting photo from cloud server, showing photo...
I/CameraCloud( 1062): 1333728744253: Remote photo's length: 2391
D/dalvikvm( 1062): GC_EXPLICIT freed 3087K, 38% free 10465K/16775K, paused 1ms+3ms
I/CameraCloud( 1062): 1333728744309: Done with Get photos button for region 5
I/CameraCloud( 1062): 1333728744309: Inside _enableButtons
I/CameraCloud( 1062): 1333728744310: areButtonsEnabled --> true
W/InputManagerService(  151): Window already focused, ignoring focus gain of: com.android.internal.view.IInputMethodClient$Stub$Proxy@416d8170
I/CameraCloud( 1062): 1333728749348: canPressButton = TRUE
I/CameraCloud( 1062): 1333728749349: areButtonsEnabled --> false 
I/CameraCloud( 1062): 1333728749349: Inside get photo disableButtons XXX
D/AudioHardware(   81): AudioHardware pcm playback is exiting standby.
D/AudioHardware(   81): openPcmOut_l() mPcmOpenCnt: 0
I/CameraCloud( 1062): 1333728749410: takeNum=10 takeCamGood=10 takeGoodSave=10 takeBad=0 getNum=17 getGood=16 getBad=0
I/CameraCloud( 1062): 1333728749411: ** Clicked getphotos Button from region 4 **
I/CameraCloud( 1062): 1333728749411: Trying to get photo from server, about to call serverRequest()
I/CameraCloud( 1062): 1333728749411: Server request to url: http://hermes5.csail.mit.edu:8213/102/4/0/
I/CameraCloud( 1062): 1333728749414: Cloud server request length: 12
I/CameraCloud( 1062): 1333728749414: about to execute HTTP POST
I/CameraCloud( 1062): 1333728749414: in serverRequest() about to httpclient.execute()
D/dalvikvm( 1062): GC_CONCURRENT freed 421K, 38% free 10446K/16775K, paused 23ms+2ms
I/CameraCloud( 1062): 1333728751146: CameraCloud Execute HTTP latency: 1732ms
I/CameraCloud( 1062): 1333728751148: finished executing HTTP POST, get data
I/CameraCloud( 1062): 1333728751149: make input stream reader for data
I/CameraCloud( 1062): 1333728751170: Cloud response length: 43722
I/CameraCloud( 1062): 1333728751181: Returning cloud object
D/AudioHardware(   81): AudioHardware pcm playback is going to standby.
D/AudioHardware(   81): closePcmOut_l() mPcmOpenCnt: 1
I/CameraCloud( 1062): 1333728756840: CameraCloud download photo latency = 7429
I/CameraCloud( 1062): 1333728756841: CameraCloud download start 1333728749411 ~ stop 1333728756840
