I/CameraCloud( 1062): 1333728440090: Loc = Location[mProvider=gps,mTime=1333814811000,mLatitude=42.36404656863949,mLongitude=-71.1014819266681,mHasAltitude=true,mAltitude=-22.0,mHasSpeed=true,mSpeed=0.0,mHasBearing=true,mBearing=216.71535,mHasAccuracy=true,mAccuracy=15.0,mExtras=Bundle[mParcelledData.dataSize=4]] Previous Region = (2,0)
I/CameraCloud( 1062): 1333728440090: GPS x/long:-71.1014819266681, GPS y/lat: 42.36404656863949. Region width in x: 51.96152422706632
I/CameraCloud( 1062): 1333728440091: location PINPOINTS to region = 2.0, previous 2
I/CameraCloud( 1062): 1333728440091: stay at region 2
I/CameraCloud( 1062): 1333728440091: .......... GPS onLocationChanged ...... 
I/CameraCloud( 1062): 1333728440092: Loc = Location[mProvider=gps,mTime=1333814813000,mLatitude=42.36405598119088,mLongitude=-71.10148217806265,mHasAltitude=true,mAltitude=-22.0,mHasSpeed=true,mSpeed=0.0,mHasBearing=true,mBearing=235.4637,mHasAccuracy=true,mAccuracy=15.0,mExtras=Bundle[mParcelledData.dataSize=4]] Previous Region = (2,0)
I/CameraCloud( 1062): 1333728440093: GPS x/long:-71.10148217806265, GPS y/lat: 42.36405598119088. Region width in x: 51.96152422706632
I/CameraCloud( 1062): 1333728440093: location PINPOINTS to region = 2.0, previous 2
I/CameraCloud( 1062): 1333728440093: stay at region 2
I/CameraCloud( 1062): 1333728440094: .......... GPS onLocationChanged ...... 
I/CameraCloud( 1062): 1333728440095: Loc = Location[mProvider=gps,mTime=1333814815000,mLatitude=42.3640666245235,mLongitude=-71.10147864265166,mHasAltitude=true,mAltitude=-22.0,mHasSpeed=true,mSpeed=0.8750772,mHasBearing=true,mBearing=241.62483,mHasAccuracy=true,mAccuracy=15.0,mExtras=Bundle[mParcelledData.dataSize=4]] Previous Region = (2,0)
I/CameraCloud( 1062): 1333728440095: GPS x/long:-71.10147864265166, GPS y/lat: 42.3640666245235. Region width in x: 51.96152422706632
I/CameraCloud( 1062): 1333728440095: location PINPOINTS to region = 2.0, previous 2
I/CameraCloud( 1062): 1333728440095: stay at region 2
I/CameraCloud( 1062): 1333728440096: .......... GPS onLocationChanged ...... 
I/CameraCloud( 1062): 1333728440097: Loc = Location[mProvider=gps,mTime=1333814818000,mLatitude=42.36405302155765,mLongitude=-71.10147558666546,mHasAltitude=true,mAltitude=-22.0,mHasSpeed=true,mSpeed=0.75912535,mHasBearing=true,mBearing=235.15785,mHasAccuracy=true,mAccuracy=25.0,mExtras=Bundle[mParcelledData.dataSize=4]] Previous Region = (2,0)
I/CameraCloud( 1062): 1333728440097: GPS x/long:-71.10147558666546, GPS y/lat: 42.36405302155765. Region width in x: 51.96152422706632
I/CameraCloud( 1062): 1333728440097: location PINPOINTS to region = 2.0, previous 2
I/CameraCloud( 1062): 1333728440097: stay at region 2
I/CameraCloud( 1062): 1333728440098: .......... GPS onLocationChanged ...... 
I/CameraCloud( 1062): 1333728440099: Loc = Location[mProvider=gps,mTime=1333814820000,mLatitude=42.36402625619665,mLongitude=-71.10147340850112,mHasAltitude=true,mAltitude=-21.0,mHasSpeed=true,mSpeed=0.0,mHasBearing=true,mBearing=235.11229,mHasAccuracy=true,mAccuracy=25.0,mExtras=Bundle[mParcelledData.dataSize=4]] Previous Region = (2,0)
I/CameraCloud( 1062): 1333728440099: GPS x/long:-71.10147340850112, GPS y/lat: 42.36402625619665. Region width in x: 51.96152422706632
I/CameraCloud( 1062): 1333728440099: location PINPOINTS to region = 2.0, previous 2
I/CameraCloud( 1062): 1333728440099: stay at region 2
I/CameraCloud( 1062): 1333728440100: .......... GPS onLocationChanged ...... 
I/CameraCloud( 1062): 1333728440101: Loc = Location[mProvider=gps,mTime=1333814821000,mLatitude=42.36401517871368,mLongitude=-71.10146979947304,mHasAltitude=true,mAltitude=-21.0,mHasSpeed=true,mSpeed=0.69429195,mHasBearing=true,mBearing=229.46935,mHasAccuracy=true,mAccuracy=20.0,mExtras=Bundle[mParcelledData.dataSize=4]] Previous Region = (2,0)
I/CameraCloud( 1062): 1333728440101: GPS x/long:-71.10146979947304, GPS y/lat: 42.36401517871368. Region width in x: 51.96152422706632
I/CameraCloud( 1062): 1333728440101: location PINPOINTS to region = 2.0, previous 2
I/CameraCloud( 1062): 1333728440101: stay at region 2
I/CameraCloud( 1062): 1333728440102: .......... GPS onLocationChanged ...... 
I/CameraCloud( 1062): 1333728440103: Loc = Location[mProvider=gps,mTime=1333814822000,mLatitude=42.36400439080623,mLongitude=-71.10146947929533,mHasAltitude=true,mAltitude=-22.0,mHasSpeed=true,mSpeed=0.6852185,mHasBearing=true,mBearing=222.01094,mHasAccuracy=true,mAccuracy=20.0,mExtras=Bundle[mParcelledData.dataSize=4]] Previous Region = (2,0)
I/CameraCloud( 1062): 1333728440103: GPS x/long:-71.10146947929533, GPS y/lat: 42.36400439080623. Region width in x: 51.96152422706632
I/CameraCloud( 1062): 1333728440103: location PINPOINTS to region = 2.0, previous 2
I/CameraCloud( 1062): 1333728440103: stay at region 2
I/CameraCloud( 1062): 1333728440104: .......... GPS onLocationChanged ...... 
I/CameraCloud( 1062): 1333728440105: Loc = Location[mProvider=gps,mTime=1333814823000,mLatitude=42.36399194847916,mLongitude=-71.10147082002793,mHasAltitude=true,mAltitude=-22.0,mHasSpeed=true,mSpeed=0.0,mHasBearing=true,mBearing=214.79419,mHasAccuracy=true,mAccuracy=20.0,mExtras=Bundle[mParcelledData.dataSize=4]] Previous Region = (2,0)
I/CameraCloud( 1062): 1333728440105: GPS x/long:-71.10147082002793, GPS y/lat: 42.36399194847916. Region width in x: 51.96152422706632
I/CameraCloud( 1062): 1333728440105: location PINPOINTS to region = 2.0, previous 2
I/CameraCloud( 1062): 1333728440106: stay at region 2
I/CameraCloud( 1062): 1333728440106: .......... GPS onLocationChanged ...... 
I/CameraCloud( 1062): 1333728440107: Loc = Location[mProvider=gps,mTime=1333814824000,mLatitude=42.363977062111225,mLongitude=-71.10147049549994,mHasAltitude=true,mAltitude=-22.0,mHasSpeed=true,mSpeed=0.0,mHasBearing=true,mBearing=217.81532,mHasAccuracy=true,mAccuracy=20.0,mExtras=Bundle[mParcelledData.dataSize=4]] Previous Region = (2,0)
I/CameraCloud( 1062): 1333728440107: GPS x/long:-71.10147049549994, GPS y/lat: 42.363977062111225. Region width in x: 51.96152422706632
I/CameraCloud( 1062): 1333728440107: location PINPOINTS to region = 2.0, previous 2
I/CameraCloud( 1062): 1333728440108: stay at region 2
I/CameraCloud( 1062): 1333728440108: .......... GPS onLocationChanged ...... 
I/CameraCloud( 1062): 1333728440109: Loc = Location[mProvider=gps,mTime=1333814825000,mLatitude=42.36397074654641,mLongitude=-71.10148047748892,mHasAltitude=true,mAltitude=-22.0,mHasSpeed=true,mSpeed=0.79475635,mHasBearing=true,mBearing=260.07388,mHasAccuracy=true,mAccuracy=20.0,mExtras=Bundle[mParcelledData.dataSize=4]] Previous Region = (2,0)
I/CameraCloud( 1062): 1333728440109: GPS x/long:-71.10148047748892, GPS y/lat: 42.36397074654641. Region width in x: 51.96152422706632
I/CameraCloud( 1062): 1333728440129: location PINPOINTS to region = 2.0, previous 2
I/CameraCloud( 1062): 1333728440129: stay at region 2
I/CameraCloud( 1062): 1333728440130: .......... GPS onLocationChanged ...... 
I/CameraCloud( 1062): 1333728440131: Loc = Location[mProvider=gps,mTime=1333814827000,mLatitude=42.36396107481175,mLongitude=-71.10148393229815,mHasAltitude=true,mAltitude=-23.0,mHasSpeed=true,mSpeed=0.0,mHasBearing=true,mBearing=243.47787,mHasAccuracy=true,mAccuracy=20.0,mExtras=Bundle[mParcelledData.dataSize=4]] Previous Region = (2,0)
I/CameraCloud( 1062): 1333728440131: GPS x/long:-71.10148393229815, GPS y/lat: 42.36396107481175. Region width in x: 51.96152422706632
I/CameraCloud( 1062): 1333728440132: location PINPOINTS to region = 2.0, previous 2
I/CameraCloud( 1062): 1333728440132: stay at region 2
I/CameraCloud( 1062): 1333728440137: .......... GPS onLocationChanged ...... 
I/CameraCloud( 1062): 1333728440137: Loc = Location[mProvider=gps,mTime=1333814829000,mLatitude=42.36395998839985,mLongitude=-71.10147021157647,mHasAltitude=true,mAltitude=-23.0,mHasSpeed=true,mSpeed=0.0,mHasBearing=true,mBearing=244.36588,mHasAccuracy=true,mAccuracy=20.0,mExtras=Bundle[mParcelledData.dataSize=4]] Previous Region = (2,0)
I/CameraCloud( 1062): 1333728440138: GPS x/long:-71.10147021157647, GPS y/lat: 42.36395998839985. Region width in x: 51.96152422706632
I/CameraCloud( 1062): 1333728440138: location PINPOINTS to region = 2.0, previous 2
I/CameraCloud( 1062): 1333728440139: stay at region 2
I/CameraCloud( 1062): 1333728440140: .......... GPS onLocationChanged ...... 
I/CameraCloud( 1062): 1333728440144: Loc = Location[mProvider=gps,mTime=1333814831000,mLatitude=42.36396162797387,mLongitude=-71.10145712589076,mHasAltitude=true,mAltitude=-23.0,mHasSpeed=true,mSpeed=0.34165674,mHasBearing=true,mBearing=233.51828,mHasAccuracy=true,mAccuracy=20.0,mExtras=Bundle[mParcelledData.dataSize=4]] Previous Region = (2,0)
I/CameraCloud( 1062): 1333728440145: GPS x/long:-71.10145712589076, GPS y/lat: 42.36396162797387. Region width in x: 51.96152422706632
I/CameraCloud( 1062): 1333728440145: location PINPOINTS to region = 2.0, previous 2
I/CameraCloud( 1062): 1333728440155: stay at region 2
I/CameraCloud( 1062): 1333728440156: .......... GPS onLocationChanged ...... 
I/CameraCloud( 1062): 1333728440156: Loc = Location[mProvider=gps,mTime=1333814835000,mLatitude=42.363968595312286,mLongitude=-71.10144583426936,mHasAltitude=true,mAltitude=-22.0,mHasSpeed=true,mSpeed=0.2857937,mHasBearing=true,mBearing=271.86713,mHasAccuracy=true,mAccuracy=15.0,mExtras=Bundle[mParcelledData.dataSize=4]] Previous Region = (2,0)
I/CameraCloud( 1062): 1333728440157: GPS x/long:-71.10144583426936, GPS y/lat: 42.363968595312286. Region width in x: 51.96152422706632
I/CameraCloud( 1062): 1333728440157: location PINPOINTS to region = 2.0, previous 2
I/CameraCloud( 1062): 1333728440171: stay at region 2
I/CameraCloud( 1062): 1333728440172: .......... GPS onLocationChanged ...... 
I/CameraCloud( 1062): 1333728440172: Loc = Location[mProvider=gps,mTime=1333814836000,mLatitude=42.36396740780919,mLongitude=-71.10142905774066,mHasAltitude=true,mAltitude=-22.0,mHasSpeed=true,mSpeed=0.316774,mHasBearing=true,mBearing=276.2232,mHasAccuracy=true,mAccuracy=15.0,mExtras=Bundle[mParcelledData.dataSize=4]] Previous Region = (2,0)
I/CameraCloud( 1062): 1333728440173: GPS x/long:-71.10142905774066, GPS y/lat: 42.36396740780919. Region width in x: 51.96152422706632
I/CameraCloud( 1062): 1333728440173: location PINPOINTS to region = 2.0, previous 2
I/CameraCloud( 1062): 1333728440175: stay at region 2
I/CameraCloud( 1062): 1333728440176: .......... GPS onLocationChanged ...... 
I/CameraCloud( 1062): 1333728440176: Loc = Location[mProvider=gps,mTime=1333814837000,mLatitude=42.36396484450582,mLongitude=-71.10141154640495,mHasAltitude=true,mAltitude=-22.0,mHasSpeed=true,mSpeed=0.33608055,mHasBearing=true,mBearing=280.54623,mHasAccuracy=true,mAccuracy=15.0,mExtras=Bundle[mParcelledData.dataSize=4]] Previous Region = (2,0)
D/dalvikvm( 1062): GC_CONCURRENT freed 2659K, 31% free 10315K/14855K, paused 2ms+3ms
I/CameraCloud( 1062): 1333728440189: GPS x/long:-71.10141154640495, GPS y/lat: 42.36396484450582. Region width in x: 51.96152422706632
I/CameraCloud( 1062): 1333728440189: location PINPOINTS to region = 2.0, previous 2
I/CameraCloud( 1062): 1333728440190: stay at region 2
I/CameraCloud( 1062): 1333728440191: .......... GPS onLocationChanged ...... 
I/CameraCloud( 1062): 1333728440192: Loc = Location[mProvider=gps,mTime=1333814838000,mLatitude=42.363960942303294,mLongitude=-71.1013850722965,mHasAltitude=true,mAltitude=-22.0,mHasSpeed=true,mSpeed=0.0,mHasBearing=true,mBearing=276.49792,mHasAccuracy=true,mAccuracy=15.0,mExtras=Bundle[mParcelledData.dataSize=4]] Previous Region = (2,0)
I/CameraCloud( 1062): 1333728440192: GPS x/long:-71.1013850722965, GPS y/lat: 42.363960942303294. Region width in x: 51.96152422706632
I/CameraCloud( 1062): 1333728440192: location PINPOINTS to region = 2.0, previous 2
I/CameraCloud( 1062): 1333728440193: stay at region 2
W/InputManagerService(  151): Window already focused, ignoring focus gain of: com.android.internal.view.IInputMethodClient$Stub$Proxy@41684ca0
D/dalvikvm(  314): GC_CONCURRENT freed 428K, 6% free 9503K/10055K, paused 2ms+2ms
I/CameraCloud( 1062): 1333728447497: .......... GPS onLocationChanged ...... 
I/CameraCloud( 1062): 1333728447498: Loc = Location[mProvider=gps,mTime=1333814848000,mLatitude=42.36398368583296,mLongitude=-71.10139211153468,mHasAltitude=true,mAltitude=-23.0,mHasSpeed=true,mSpeed=0.17699921,mHasBearing=true,mBearing=347.8405,mHasAccuracy=true,mAccuracy=20.0,mExtras=Bundle[mParcelledData.dataSize=4]] Previous Region = (2,0)
I/CameraCloud( 1062): 1333728447498: GPS x/long:-71.10139211153468, GPS y/lat: 42.36398368583296. Region width in x: 51.96152422706632
I/CameraCloud( 1062): 1333728447498: location PINPOINTS to region = 2.0, previous 2
I/CameraCloud( 1062): 1333728447499: stay at region 2
I/CameraCloud( 1062): 1333728448464: .......... GPS onLocationChanged ...... 
I/CameraCloud( 1062): 1333728448465: Loc = Location[mProvider=gps,mTime=1333814849000,mLatitude=42.36400654214742,mLongitude=-71.10138624249255,mHasAltitude=true,mAltitude=-22.0,mHasSpeed=true,mSpeed=0.0,mHasBearing=true,mBearing=338.9059,mHasAccuracy=true,mAccuracy=15.0,mExtras=Bundle[mParcelledData.dataSize=4]] Previous Region = (2,0)
I/CameraCloud( 1062): 1333728448466: GPS x/long:-71.10138624249255, GPS y/lat: 42.36400654214742. Region width in x: 51.96152422706632
I/CameraCloud( 1062): 1333728448466: location PINPOINTS to region = 2.0, previous 2
I/CameraCloud( 1062): 1333728448467: stay at region 2
I/CameraCloud( 1062): 1333728449468: .......... GPS onLocationChanged ...... 
I/CameraCloud( 1062): 1333728449469: Loc = Location[mProvider=gps,mTime=1333814850000,mLatitude=42.36401953747961,mLongitude=-71.10137567743044,mHasAltitude=true,mAltitude=-23.0,mHasSpeed=true,mSpeed=0.3342696,mHasBearing=true,mBearing=353.23245,mHasAccuracy=true,mAccuracy=15.0,mExtras=Bundle[mParcelledData.dataSize=4]] Previous Region = (2,0)
I/CameraCloud( 1062): 1333728449469: GPS x/long:-71.10137567743044, GPS y/lat: 42.36401953747961. Region width in x: 51.96152422706632
I/CameraCloud( 1062): 1333728449470: location PINPOINTS to region = 2.0, previous 2
I/CameraCloud( 1062): 1333728449470: stay at region 2
I/CameraCloud( 1062): 1333728450472: .......... GPS onLocationChanged ...... 
I/CameraCloud( 1062): 1333728450486: Loc = Location[mProvider=gps,mTime=1333814851000,mLatitude=42.364029233170335,mLongitude=-71.10136934644882,mHasAltitude=true,mAltitude=-23.0,mHasSpeed=true,mSpeed=0.0,mHasBearing=true,mBearing=343.81256,mHasAccuracy=true,mAccuracy=15.0,mExtras=Bundle[mParcelledData.dataSize=4]] Previous Region = (2,0)
I/CameraCloud( 1062): 1333728450487: GPS x/long:-71.10136934644882, GPS y/lat: 42.364029233170335. Region width in x: 51.96152422706632
I/CameraCloud( 1062): 1333728450488: location PINPOINTS to region = 2.0, previous 2
I/CameraCloud( 1062): 1333728450489: stay at region 2
I/CameraCloud( 1062): 1333728458144: canPressButton = TRUE
I/CameraCloud( 1062): 1333728458145: areButtonsEnabled --> false
I/CameraCloud( 1062): 1333728458145: disabling buttons ...
I/CameraCloud( 1062): 1333728458146: new pic disableButtons XXX
I/CameraCloud( 1062): 1333728458146: areButtonsEnabled --> false
D/AudioHardware(   81): AudioHardware pcm playback is exiting standby.
D/AudioHardware(   81): openPcmOut_l() mPcmOpenCnt: 0
I/CameraCloud( 1062): 1333728458197: takeNum=7 takeCamGood=6 takeGoodSave=6 takeBad=0 getNum=9 getGood=9 getBad=0
I/CameraCloud( 1062): 1333728458197: ** Clicked take picture button **
I/CameraSurfaceView( 1062): inside getCamera()
I/CameraHardwareSec(   81): int android::CameraHardwareSec::previewThreadWrapper(): calling mSecCamera->stopPreview() and waiting
I/SecCamera(   81): int android::fimc_v4l2_querybuf(int, android::fimc_buffer*, v4l2_buf_type) :
I/SecCamera(   81): int android::fimc_v4l2_querybuf(int, android::fimc_buffer*, v4l2_buf_type): buffer->start = 0x4425f000 v4l2_buf.length = 4261248
I/CameraHardwareSec(   81): == Camera Sensor Detect S5K4ECGX - Samsung LSI SOC 5M ==
D/JpegEncoder(   81): encode E
D/JpegEncoder(   81): encode X
D/SecCamera(   81): Shutter speed=8327 us, iso=50
D/SecCamera(   81): AV=3, TV=7, SV=4
D/JpegEncoder(   81): makeExif E
D/JpegEncoder(   81): makeExif X
I/SecCamera(   81): int android::SecCamera::endSnapshot() :
I/SecCamera(   81): munmap():virt. addr 0x4425f000 size = 4261248
D/dalvikvm( 1062): GC_FOR_ALLOC freed 151K, 31% free 10282K/14855K, paused 19ms
I/dalvikvm-heap( 1062): Grow heap (frag case) to 11.953MB for 1928271-byte allocation
D/dalvikvm( 1062): GC_CONCURRENT freed 8K, 19% free 12157K/14855K, paused 2ms+2ms
I/CameraCloud( 1062): 1333728458928: inside HandlePictureStorage onPictureTaken()
I/CameraCloud( 1062): 1333728458928: takeNum=7 takeCamGood=7 takeGoodSave=6 takeBad=0 getNum=9 getGood=9 getBad=0
D/CameraHardwareSec(   81): mPreviewHeap(fd(35), size(518400), width(720), height(480))
I/CameraHardwareSec(   81): int android::CameraHardwareSec::previewThreadWrapper(): return from wait
I/CameraCloud( 1062): 1333728459400: Picture successfully taken, ORIG BYTE LENGTH = 1928255
D/dalvikvm( 1062): GC_EXPLICIT freed 2K, 19% free 12157K/14855K, paused 28ms+2ms
I/CameraCloud( 1062): 1333728459756: Our new height x width: 240 x 320
I/CameraCloud( 1062): 1333728459757: Show photo from handle my camera take
I/CameraCloud( 1062): 1333728459758: client making photo packet to send to leader
I/CameraCloud( 1062): 1333728459770: BYTE SIZE AFTER COMPRESSION: 4986
I/CameraCloud( 1062): 1333728459770: sending new pic ....
I/CameraCloud( 1062): 1333728459771: Server request to url: http://hermes5.csail.mit.edu:8213/101/2/0/
I/CameraCloud( 1062): 1333728459891: Cloud server request length: 17639
I/CameraCloud( 1062): 1333728459892: about to execute HTTP POST
I/CameraCloud( 1062): 1333728459892: in serverRequest() about to httpclient.execute()
D/AudioHardware(   81): AudioHardware pcm playback is going to standby.
D/AudioHardware(   81): closePcmOut_l() mPcmOpenCnt: 1
I/CameraCloud( 1062): 1333728464581: CameraCloud Execute HTTP latency: 4689ms
I/CameraCloud( 1062): 1333728464585: finished executing HTTP POST, get data
I/CameraCloud( 1062): 1333728464589: make input stream reader for data
I/CameraCloud( 1062): 1333728464590: Cloud response length: 18
I/CameraCloud( 1062): 1333728464591: Returning cloud object
I/CameraCloud( 1062): 1333728464600: CameraCloud upload new photo latency = 4829
I/CameraCloud( 1062): 1333728464601: CameraCloud upload start 1333728459771 ~ stop 1333728464600
I/CameraCloud( 1062): 1333728464602: takeNum=7 takeCamGood=7 takeGoodSave=7 takeBad=0 getNum=9 getGood=9 getBad=0
I/CameraCloud( 1062): 1333728464603: SUCCESS! Client now knows saving photo on cloud server succeeded
I/CameraCloud( 1062): 1333728464603: RETURN STATUS: 12
I/CameraCloud( 1062): 1333728464604: Inside _enableButtons
I/CameraCloud( 1062): 1333728464605: areButtonsEnabled --> true
I/CameraCloud( 1062): 1333728464605: end of client send picture method
I/CameraCloud( 1062): 1333728464667: .......... GPS onLocationChanged ...... 
I/CameraCloud( 1062): 1333728464668: Loc = Location[mProvider=gps,mTime=1333814864000,mLatitude=42.36405848797349,mLongitude=-71.10133730218462,mHasAltitude=true,mAltitude=-22.0,mHasSpeed=true,mSpeed=0.19975147,mHasBearing=true,mBearing=69.55557,mHasAccuracy=true,mAccuracy=10.0,mExtras=Bundle[mParcelledData.dataSize=4]] Previous Region = (2,0)
I/CameraCloud( 1062): 1333728464669: GPS x/long:-71.10133730218462, GPS y/lat: 42.36405848797349. Region width in x: 51.96152422706632
I/CameraCloud( 1062): 1333728464669: location PINPOINTS to region = 2.0, previous 2
I/CameraCloud( 1062): 1333728464669: stay at region 2
I/CameraCloud( 1062): 1333728464670: .......... GPS onLocationChanged ...... 
I/CameraCloud( 1062): 1333728464670: Loc = Location[mProvider=gps,mTime=1333814865000,mLatitude=42.364107547363034,mLongitude=-71.10128792239416,mHasAltitude=true,mAltitude=-23.0,mHasSpeed=true,mSpeed=0.0,mHasBearing=true,mBearing=91.87191,mHasAccuracy=true,mAccuracy=10.0,mExtras=Bundle[mParcelledData.dataSize=4]] Previous Region = (2,0)
I/CameraCloud( 1062): 1333728464671: GPS x/long:-71.10128792239416, GPS y/lat: 42.364107547363034. Region width in x: 51.96152422706632
I/CameraCloud( 1062): 1333728464671: location PINPOINTS to region = 2.0, previous 2
I/CameraCloud( 1062): 1333728464671: stay at region 2
W/InputManagerService(  151): Window already focused, ignoring focus gain of: com.android.internal.view.IInputMethodClient$Stub$Proxy@4149ecf8
I/CameraCloud( 1062): 1333728465493: .......... GPS onLocationChanged ...... 
I/CameraCloud( 1062): 1333728465495: Loc = Location[mProvider=gps,mTime=1333814866000,mLatitude=42.364125688620426,mLongitude=-71.10127005155182,mHasAltitude=true,mAltitude=-22.0,mHasSpeed=true,mSpeed=0.31044447,mHasBearing=true,mBearing=86.7179,mHasAccuracy=true,mAccuracy=10.0,mExtras=Bundle[mParcelledData.dataSize=4]] Previous Region = (2,0)
I/CameraCloud( 1062): 1333728465497: GPS x/long:-71.10127005155182, GPS y/lat: 42.364125688620426. Region width in x: 51.96152422706632
I/CameraCloud( 1062): 1333728465497: location PINPOINTS to region = 2.0, previous 2
I/CameraCloud( 1062): 1333728465497: stay at region 2
I/CameraCloud( 1062): 1333728466465: .......... GPS onLocationChanged ...... 
I/CameraCloud( 1062): 1333728466466: Loc = Location[mProvider=gps,mTime=1333814867000,mLatitude=42.364137880813,mLongitude=-71.10125578860149,mHasAltitude=true,mAltitude=-22.0,mHasSpeed=true,mSpeed=0.3371728,mHasBearing=true,mBearing=65.070915,mHasAccuracy=true,mAccuracy=10.0,mExtras=Bundle[mParcelledData.dataSize=4]] Previous Region = (2,0)
I/CameraCloud( 1062): 1333728466467: GPS x/long:-71.10125578860149, GPS y/lat: 42.364137880813. Region width in x: 51.96152422706632
I/CameraCloud( 1062): 1333728466467: location PINPOINTS to region = 2.0, previous 2
I/CameraCloud( 1062): 1333728466468: stay at region 2
I/CameraCloud( 1062): 1333728468465: .......... GPS onLocationChanged ...... 
I/CameraCloud( 1062): 1333728468466: Loc = Location[mProvider=gps,mTime=1333814869000,mLatitude=42.364152155915626,mLongitude=-71.10123883074888,mHasAltitude=true,mAltitude=-22.0,mHasSpeed=true,mSpeed=0.0,mHasBearing=true,mBearing=71.6528,mHasAccuracy=true,mAccuracy=10.0,mExtras=Bundle[mParcelledData.dataSize=4]] Previous Region = (2,0)
I/CameraCloud( 1062): 1333728468466: GPS x/long:-71.10123883074888, GPS y/lat: 42.364152155915626. Region width in x: 51.96152422706632
I/CameraCloud( 1062): 1333728468467: location PINPOINTS to region = 2.0, previous 2
I/CameraCloud( 1062): 1333728468467: stay at region 2
D/dalvikvm(  151): GC_CONCURRENT freed 757K, 14% free 12400K/14407K, paused 3ms+6ms
I/CameraCloud( 1062): 1333728471490: .......... GPS onLocationChanged ...... 
I/CameraCloud( 1062): 1333728471491: Loc = Location[mProvider=gps,mTime=1333814872000,mLatitude=42.3641524568049,mLongitude=-71.10122308095194,mHasAltitude=true,mAltitude=-25.0,mHasSpeed=true,mSpeed=0.34870276,mHasBearing=true,mBearing=106.93794,mHasAccuracy=true,mAccuracy=10.0,mExtras=Bundle[mParcelledData.dataSize=4]] Previous Region = (2,0)
I/CameraCloud( 1062): 1333728471493: GPS x/long:-71.10122308095194, GPS y/lat: 42.3641524568049. Region width in x: 51.96152422706632
I/CameraCloud( 1062): 1333728471493: location PINPOINTS to region = 2.0, previous 2
I/CameraCloud( 1062): 1333728471494: stay at region 2
I/GTalkService/c(  457): [AndroidEndpoint@1094652632] connect: acct=1000000, state=CONNECTING
I/CameraCloud( 1062): 1333728473471: .......... GPS onLocationChanged ...... 
I/CameraCloud( 1062): 1333728473481: Loc = Location[mProvider=gps,mTime=1333814874000,mLatitude=42.3641484803302,mLongitude=-71.101210657083,mHasAltitude=true,mAltitude=-24.0,mHasSpeed=true,mSpeed=0.0,mHasBearing=true,mBearing=112.6019,mHasAccuracy=true,mAccuracy=10.0,mExtras=Bundle[mParcelledData.dataSize=4]] Previous Region = (2,0)
I/CameraCloud( 1062): 1333728473482: GPS x/long:-71.101210657083, GPS y/lat: 42.3641484803302. Region width in x: 51.96152422706632
I/CameraCloud( 1062): 1333728473482: location PINPOINTS to region = 2.0, previous 2
I/CameraCloud( 1062): 1333728473482: stay at region 2
D/dalvikvm(  710): GC_CONCURRENT freed 378K, 7% free 10053K/10759K, paused 7ms+2ms
I/CameraCloud( 1062): 1333728476461: .......... GPS onLocationChanged ...... 
I/CameraCloud( 1062): 1333728476462: Loc = Location[mProvider=gps,mTime=1333814877000,mLatitude=42.36413813742462,mLongitude=-71.10121219430604,mHasAltitude=true,mAltitude=-22.0,mHasSpeed=true,mSpeed=0.4504886,mHasBearing=true,mBearing=127.49245,mHasAccuracy=true,mAccuracy=10.0,mExtras=Bundle[mParcelledData.dataSize=4]] Previous Region = (2,0)
I/CameraCloud( 1062): 1333728476462: GPS x/long:-71.10121219430604, GPS y/lat: 42.36413813742462. Region width in x: 51.96152422706632
I/CameraCloud( 1062): 1333728476463: location PINPOINTS to region = 2.0, previous 2
I/CameraCloud( 1062): 1333728476463: stay at region 2
D/ConnectivityService(  151): handleInetConditionHoldEnd: net=0, condition=100, published condition=0
I/CameraCloud( 1062): 1333728479459: .......... GPS onLocationChanged ...... 
I/CameraCloud( 1062): 1333728479460: Loc = Location[mProvider=gps,mTime=1333814880000,mLatitude=42.36412915638415,mLongitude=-71.1012016714285,mHasAltitude=true,mAltitude=-22.0,mHasSpeed=true,mSpeed=0.4641617,mHasBearing=true,mBearing=134.31204,mHasAccuracy=true,mAccuracy=15.0,mExtras=Bundle[mParcelledData.dataSize=4]] Previous Region = (2,0)
I/CameraCloud( 1062): 1333728479461: GPS x/long:-71.1012016714285, GPS y/lat: 42.36412915638415. Region width in x: 51.96152422706632
I/CameraCloud( 1062): 1333728479461: location PINPOINTS to region = 2.0, previous 2
I/CameraCloud( 1062): 1333728479461: stay at region 2
I/CameraCloud( 1062): 1333728482484: .......... GPS onLocationChanged ...... 
I/CameraCloud( 1062): 1333728482486: Loc = Location[mProvider=gps,mTime=1333814883000,mLatitude=42.36413869901923,mLongitude=-71.10119250545752,mHasAltitude=true,mAltitude=-22.0,mHasSpeed=true,mSpeed=0.31183875,mHasBearing=true,mBearing=103.24726,mHasAccuracy=true,mAccuracy=10.0,mExtras=Bundle[mParcelledData.dataSize=4]] Previous Region = (2,0)
I/CameraCloud( 1062): 1333728482487: GPS x/long:-71.10119250545752, GPS y/lat: 42.36413869901923. Region width in x: 51.96152422706632
I/CameraCloud( 1062): 1333728482488: location PINPOINTS to region = 2.0, previous 2
I/CameraCloud( 1062): 1333728482489: stay at region 2
I/CameraCloud( 1062): 1333728488481: .......... GPS onLocationChanged ...... 
I/CameraCloud( 1062): 1333728488482: Loc = Location[mProvider=gps,mTime=1333814889000,mLatitude=42.364153379323206,mLongitude=-71.10118718897668,mHasAltitude=true,mAltitude=-28.0,mHasSpeed=true,mSpeed=0.15941338,mHasBearing=true,mBearing=33.97918,mHasAccuracy=true,mAccuracy=10.0,mExtras=Bundle[mParcelledData.dataSize=4]] Previous Region = (2,0)
I/CameraCloud( 1062): 1333728488483: GPS x/long:-71.10118718897668, GPS y/lat: 42.364153379323206. Region width in x: 51.96152422706632
I/CameraCloud( 1062): 1333728488483: location PINPOINTS to region = 2.0, previous 2
I/CameraCloud( 1062): 1333728488483: stay at region 2
D/dalvikvm( 1062): GC_CONCURRENT freed 2753K, 31% free 10325K/14855K, paused 2ms+2ms
W/Smack/Packet(  457): notify conn break (IOEx), close connection
D/ConnectivityService(  151): handleInetConditionHoldEnd: net=0, condition=0, published condition=100
D/dalvikvm(  151): GC_CONCURRENT freed 808K, 15% free 12381K/14407K, paused 7ms+15ms
I/CameraCloud( 1062): 1333728495485: .......... GPS onLocationChanged ...... 
I/CameraCloud( 1062): 1333728495487: Loc = Location[mProvider=gps,mTime=1333814896000,mLatitude=42.36415868848993,mLongitude=-71.10119828948527,mHasAltitude=true,mAltitude=-26.0,mHasSpeed=true,mSpeed=0.0,mHasBearing=true,mBearing=47.14654,mHasAccuracy=true,mAccuracy=10.0,mExtras=Bundle[mParcelledData.dataSize=4]] Previous Region = (2,0)
I/CameraCloud( 1062): 1333728495488: GPS x/long:-71.10119828948527, GPS y/lat: 42.36415868848993. Region width in x: 51.96152422706632
I/CameraCloud( 1062): 1333728495489: location PINPOINTS to region = 2.0, previous 2
I/CameraCloud( 1062): 1333728495489: stay at region 2
I/GTalkService/c(  457): [AndroidEndpoint@1094652632] connect: acct=1000000, state=CONNECTING
I/CameraCloud( 1062): 1333728495844: canPressButton = TRUE
I/CameraCloud( 1062): 1333728495846: areButtonsEnabled --> false 
I/CameraCloud( 1062): 1333728495848: Inside get photo disableButtons XXX
D/AudioHardware(   81): AudioHardware pcm playback is exiting standby.
D/AudioHardware(   81): openPcmOut_l() mPcmOpenCnt: 0
D/dalvikvm(  151): GC_EXPLICIT freed 186K, 15% free 12295K/14407K, paused 3ms+4ms
I/CameraCloud( 1062): 1333728496025: takeNum=7 takeCamGood=7 takeGoodSave=7 takeBad=0 getNum=10 getGood=9 getBad=0
I/CameraCloud( 1062): 1333728496031: ** Clicked getphotos Button from region 0 **
I/CameraCloud( 1062): 1333728496031: Trying to get photo from server, about to call serverRequest()
I/CameraCloud( 1062): 1333728496031: Server request to url: http://hermes5.csail.mit.edu:8213/102/0/0/
I/CameraCloud( 1062): 1333728496034: Cloud server request length: 12
I/CameraCloud( 1062): 1333728496034: about to execute HTTP POST
I/CameraCloud( 1062): 1333728496034: in serverRequest() about to httpclient.execute()
D/dalvikvm(  314): GC_CONCURRENT freed 418K, 6% free 9504K/10055K, paused 9ms+2ms
D/AudioHardware(   81): AudioHardware pcm playback is going to standby.
D/AudioHardware(   81): closePcmOut_l() mPcmOpenCnt: 1
D/dalvikvm(  457): GC_CONCURRENT freed 358K, 6% free 10029K/10631K, paused 5ms+4ms
I/ActivityManager(  151): Start proc com.google.android.apps.maps for service com.google.android.apps.maps/com.google.googlenav.prefetch.android.PrefetcherService: pid=1257 uid=10032 gids={3003, 1015}
I/dalvikvm( 1257): Turning on JNI app bug workarounds for target SDK version 13...
D/dalvikvm( 1257): GC_CONCURRENT freed 167K, 3% free 9367K/9607K, paused 2ms+2ms
I/ActivityThread( 1257): Pub com.google.android.maps.LayerInfoProvider: com.google.googlenav.layer.LayerInfoProvider
I/ActivityThread( 1257): Pub com.google.android.maps.TrafficAppWidgetProvider: com.google.googlenav.appwidget.traffic.TrafficAppWidgetProvider
I/ActivityThread( 1257): Pub com.google.android.maps.SuggestionProvider: com.google.googlenav.suggest.android.SuggestProvider
I/ActivityThread( 1257): Pub com.google.android.maps.LocalActivePlacesProvider: com.google.googlenav.provider.LocalActivePlacesProvider
I/ActivityThread( 1257): Pub com.google.android.maps.StarredItemProvider: com.google.googlenav.provider.StarredItemProvider
D/dalvikvm( 1257): GC_CONCURRENT freed 137K, 3% free 9775K/9991K, paused 11ms+3ms
I/ActivityThread( 1257): Pub com.google.android.maps.LocalSuggestionProvider: com.google.googlenav.provider.LocalSuggestionProvider
I/ActivityThread( 1257): Pub com.google.android.maps.SearchHistoryProvider: com.google.googlenav.provider.SearchHistoryProvider
I/ActivityThread( 1257): Pub com.google.android.maps.NavigationAvailabilityProvider: com.google.googlenav.provider.NavigationAvailabilityProvider
D/dalvikvm( 1257): GC_CONCURRENT freed 252K, 4% free 10045K/10375K, paused 2ms+2ms
D/ConnectivityService(  151): handleInetConditionHoldEnd: net=0, condition=100, published condition=0
W/Smack/Packet(  457): notify conn break (IOEx), close connection
I/ActivityManager(  151): No longer want com.android.settings (pid 470): hidden #16
D/ConnectivityService(  151): handleInetConditionHoldEnd: net=0, condition=0, published condition=100
I/GTalkService/c(  457): [AndroidEndpoint@1094652632] connect: acct=1000000, state=CONNECTING
D/dalvikvm(  151): GC_CONCURRENT freed 626K, 15% free 12371K/14407K, paused 3ms+5ms
I/CameraCloud( 1062): 1333728523697: CameraCloud Execute HTTP latency: 27663ms
I/CameraCloud( 1062): 1333728523711: finished executing HTTP POST, get data
I/CameraCloud( 1062): 1333728523724: make input stream reader for data
I/CameraCloud( 1062): 1333728523724: Cloud response length: 28450
I/CameraCloud( 1062): 1333728523725: Returning cloud object
I/CameraCloud( 1062): 1333728524632: CameraCloud download photo latency = 28601
I/CameraCloud( 1062): 1333728524633: CameraCloud download start 1333728496031 ~ stop 1333728524632
I/CameraCloud( 1062): 1333728524633: takeNum=7 takeCamGood=7 takeGoodSave=7 takeBad=0 getNum=10 getGood=10 getBad=0
I/CameraCloud( 1062): 1333728524634: Success! Client getting photo from cloud server, showing photo...
I/CameraCloud( 1062): 1333728524634: Remote photo's length: 3015
D/dalvikvm( 1062): GC_EXPLICIT freed 208K, 31% free 10337K/14855K, paused 7ms+2ms
I/CameraCloud( 1062): 1333728524696: Done with Get photos button for region 0
I/CameraCloud( 1062): 1333728524697: Inside _enableButtons
I/CameraCloud( 1062): 1333728524697: areButtonsEnabled --> true
I/CameraCloud( 1062): 1333728524757: .......... GPS onLocationChanged ...... 
I/CameraCloud( 1062): 1333728524758: Loc = Location[mProvider=gps,mTime=1333814897000,mLatitude=42.36416749409215,mLongitude=-71.1012197280648,mHasAltitude=true,mAltitude=-24.0,mHasSpeed=true,mSpeed=0.0,mHasBearing=true,mBearing=48.919598,mHasAccuracy=true,mAccuracy=10.0,mExtras=Bundle[mParcelledData.dataSize=4]] Previous Region = (2,0)
I/CameraCloud( 1062): 1333728524758: GPS x/long:-71.1012197280648, GPS y/lat: 42.36416749409215. Region width in x: 51.96152422706632
I/CameraCloud( 1062): 1333728524759: location PINPOINTS to region = 2.0, previous 2
I/CameraCloud( 1062): 1333728524759: stay at region 2
I/CameraCloud( 1062): 1333728524760: .......... GPS onLocationChanged ...... 
I/CameraCloud( 1062): 1333728524761: Loc = Location[mProvider=gps,mTime=1333814898000,mLatitude=42.36417751050459,mLongitude=-71.10124560965504,mHasAltitude=true,mAltitude=-22.0,mHasSpeed=true,mSpeed=0.0,mHasBearing=true,mBearing=36.187294,mHasAccuracy=true,mAccuracy=15.0,mExtras=Bundle[mParcelledData.dataSize=4]] Previous Region = (2,0)
I/CameraCloud( 1062): 1333728524762: GPS x/long:-71.10124560965504, GPS y/lat: 42.36417751050459. Region width in x: 51.96152422706632
I/CameraCloud( 1062): 1333728524762: location PINPOINTS to region = 2.0, previous 2
I/CameraCloud( 1062): 1333728524762: stay at region 2
I/CameraCloud( 1062): 1333728524763: .......... GPS onLocationChanged ...... 
I/CameraCloud( 1062): 1333728524764: Loc = Location[mProvider=gps,mTime=1333814899000,mLatitude=42.364190628368256,mLongitude=-71.10125856179923,mHasAltitude=true,mAltitude=-23.0,mHasSpeed=true,mSpeed=0.27469563,mHasBearing=true,mBearing=6.698041,mHasAccuracy=true,mAccuracy=10.0,mExtras=Bundle[mParcelledData.dataSize=4]] Previous Region = (2,0)
I/CameraCloud( 1062): 1333728524764: GPS x/long:-71.10125856179923, GPS y/lat: 42.364190628368256. Region width in x: 51.96152422706632
I/CameraCloud( 1062): 1333728524764: location PINPOINTS to region = 2.0, previous 2
I/CameraCloud( 1062): 1333728524764: stay at region 2
I/CameraCloud( 1062): 1333728524765: .......... GPS onLocationChanged ...... 
I/CameraCloud( 1062): 1333728524766: Loc = Location[mProvider=gps,mTime=1333814900000,mLatitude=42.36419877492045,mLongitude=-71.10126583918701,mHasAltitude=true,mAltitude=-23.0,mHasSpeed=true,mSpeed=0.33921278,mHasBearing=true,mBearing=1.2447954,mHasAccuracy=true,mAccuracy=10.0,mExtras=Bundle[mParcelledData.dataSize=4]] Previous Region = (2,0)
I/CameraCloud( 1062): 1333728524766: GPS x/long:-71.10126583918701, GPS y/lat: 42.36419877492045. Region width in x: 51.96152422706632
I/CameraCloud( 1062): 1333728524766: location PINPOINTS to region = 2.0, previous 2
I/CameraCloud( 1062): 1333728524767: stay at region 2
I/CameraCloud( 1062): 1333728524767: .......... GPS onLocationChanged ...... 
I/CameraCloud( 1062): 1333728524768: Loc = Location[mProvider=gps,mTime=1333814902000,mLatitude=42.36420382896866,mLongitude=-71.10127932537576,mHasAltitude=true,mAltitude=-24.0,mHasSpeed=true,mSpeed=0.3888531,mHasBearing=true,mBearing=5.9182143,mHasAccuracy=true,mAccuracy=10.0,mExtras=Bundle[mParcelledData.dataSize=4]] Previous Region = (2,0)
I/CameraCloud( 1062): 1333728524768: GPS x/long:-71.10127932537576, GPS y/lat: 42.36420382896866. Region width in x: 51.96152422706632
I/CameraCloud( 1062): 1333728524768: location PINPOINTS to region = 2.0, previous 2
I/CameraCloud( 1062): 1333728524769: stay at region 2
I/CameraCloud( 1062): 1333728524769: .......... GPS onLocationChanged ...... 
I/CameraCloud( 1062): 1333728524770: Loc = Location[mProvider=gps,mTime=1333814907000,mLatitude=42.36421347806745,mLongitude=-71.1012828803395,mHasAltitude=true,mAltitude=-23.0,mHasSpeed=true,mSpeed=0.33359703,mHasBearing=true,mBearing=354.9569,mHasAccuracy=true,mAccuracy=10.0,mExtras=Bundle[mParcelledData.dataSize=4]] Previous Region = (2,0)
I/CameraCloud( 1062): 1333728524770: GPS x/long:-71.1012828803395, GPS y/lat: 42.36421347806745. Region width in x: 51.96152422706632
I/CameraCloud( 1062): 1333728524770: location PINPOINTS to region = 2.0, previous 2
I/CameraCloud( 1062): 1333728524771: stay at region 2
I/CameraCloud( 1062): 1333728524771: .......... GPS onLocationChanged ...... 
I/CameraCloud( 1062): 1333728524772: Loc = Location[mProvider=gps,mTime=1333814911000,mLatitude=42.36422354741069,mLongitude=-71.1012793966117,mHasAltitude=true,mAltitude=-22.0,mHasSpeed=true,mSpeed=0.36096263,mHasBearing=true,mBearing=354.12735,mHasAccuracy=true,mAccuracy=10.0,mExtras=Bundle[mParcelledData.dataSize=4]] Previous Region = (2,0)
I/CameraCloud( 1062): 1333728524772: GPS x/long:-71.1012793966117, GPS y/lat: 42.36422354741069. Region width in x: 51.96152422706632
I/CameraCloud( 1062): 1333728524772: location PINPOINTS to region = 2.0, previous 2
I/CameraCloud( 1062): 1333728524773: stay at region 2
I/CameraCloud( 1062): 1333728524773: .......... GPS onLocationChanged ...... 
I/CameraCloud( 1062): 1333728524788: Loc = Location[mProvider=gps,mTime=1333814914000,mLatitude=42.364234397166776,mLongitude=-71.10127692458757,mHasAltitude=true,mAltitude=-22.0,mHasSpeed=true,mSpeed=0.40782952,mHasBearing=true,mBearing=358.12518,mHasAccuracy=true,mAccuracy=10.0,mExtras=Bundle[mParcelledData.dataSize=4]] Previous Region = (2,0)
I/CameraCloud( 1062): 1333728524789: GPS x/long:-71.10127692458757, GPS y/lat: 42.364234397166776. Region width in x: 51.96152422706632
I/CameraCloud( 1062): 1333728524789: location PINPOINTS to region = 2.0, previous 2
I/CameraCloud( 1062): 1333728524790: stay at region 2
I/CameraCloud( 1062): 1333728524792: .......... GPS onLocationChanged ...... 
I/CameraCloud( 1062): 1333728524793: Loc = Location[mProvider=gps,mTime=1333814916000,mLatitude=42.36422369585927,mLongitude=-71.10125857146247,mHasAltitude=true,mAltitude=-23.0,mHasSpeed=true,mSpeed=0.6161397,mHasBearing=true,mBearing=145.05191,mHasAccuracy=true,mAccuracy=15.0,mExtras=Bundle[mParcelledData.dataSize=4]] Previous Region = (2,0)
I/CameraCloud( 1062): 1333728524794: GPS x/long:-71.10125857146247, GPS y/lat: 42.36422369585927. Region width in x: 51.96152422706632
I/CameraCloud( 1062): 1333728524794: location PINPOINTS to region = 2.0, previous 2
I/CameraCloud( 1062): 1333728524794: stay at region 2
I/CameraCloud( 1062): 1333728524796: .......... GPS onLocationChanged ...... 
I/CameraCloud( 1062): 1333728524798: Loc = Location[mProvider=gps,mTime=1333814919000,mLatitude=42.36422723922246,mLongitude=-71.10127970481305,mHasAltitude=true,mAltitude=-23.0,mHasSpeed=true,mSpeed=0.0,mHasBearing=true,mBearing=126.06497,mHasAccuracy=true,mAccuracy=15.0,mExtras=Bundle[mParcelledData.dataSize=4]] Previous Region = (2,0)
I/CameraCloud( 1062): 1333728524798: GPS x/long:-71.10127970481305, GPS y/lat: 42.36422723922246. Region width in x: 51.96152422706632
I/CameraCloud( 1062): 1333728524799: location PINPOINTS to region = 2.0, previous 2
I/CameraCloud( 1062): 1333728524799: stay at region 2
D/dalvikvm( 1062): GC_CONCURRENT freed 430K, 31% free 10321K/14855K, paused 2ms+3ms
W/InputManagerService(  151): Window already focused, ignoring focus gain of: com.android.internal.view.IInputMethodClient$Stub$Proxy@4168f850
D/dalvikvm(  457): GC_CONCURRENT freed 360K, 6% free 10053K/10631K, paused 12ms+17ms
I/CameraCloud( 1062): 1333728525470: .......... GPS onLocationChanged ...... 
I/CameraCloud( 1062): 1333728525471: Loc = Location[mProvider=gps,mTime=1333814926000,mLatitude=42.36423641842133,mLongitude=-71.10127755244207,mHasAltitude=true,mAltitude=-23.0,mHasSpeed=true,mSpeed=0.0,mHasBearing=true,mBearing=27.29348,mHasAccuracy=true,mAccuracy=20.0,mExtras=Bundle[mParcelledData.dataSize=4]] Previous Region = (2,0)
I/CameraCloud( 1062): 1333728525471: GPS x/long:-71.10127755244207, GPS y/lat: 42.36423641842133. Region width in x: 51.96152422706632
I/CameraCloud( 1062): 1333728525472: location PINPOINTS to region = 2.0, previous 2
I/CameraCloud( 1062): 1333728525473: stay at region 2
D/ConnectivityService(  151): handleInetConditionHoldEnd: net=0, condition=100, published condition=0
I/CameraCloud( 1062): 1333728527565: canPressButton = TRUE
I/CameraCloud( 1062): 1333728527566: areButtonsEnabled --> false 
I/CameraCloud( 1062): 1333728527572: Inside get photo disableButtons XXX
D/AudioHardware(   81): AudioHardware pcm playback is exiting standby.
D/AudioHardware(   81): openPcmOut_l() mPcmOpenCnt: 0
I/CameraCloud( 1062): 1333728527628: takeNum=7 takeCamGood=7 takeGoodSave=7 takeBad=0 getNum=11 getGood=10 getBad=0
I/CameraCloud( 1062): 1333728527628: ** Clicked getphotos Button from region 4 **
I/CameraCloud( 1062): 1333728527628: Trying to get photo from server, about to call serverRequest()
I/CameraCloud( 1062): 1333728527629: Server request to url: http://hermes5.csail.mit.edu:8213/102/4/0/
I/CameraCloud( 1062): 1333728527631: Cloud server request length: 12
I/CameraCloud( 1062): 1333728527631: about to execute HTTP POST
I/CameraCloud( 1062): 1333728527631: in serverRequest() about to httpclient.execute()
W/Smack/Packet(  457): notify conn break (IOEx), close connection
D/AudioHardware(   81): AudioHardware pcm playback is going to standby.
D/AudioHardware(   81): closePcmOut_l() mPcmOpenCnt: 1
D/ConnectivityService(  151): handleInetConditionHoldEnd: net=0, condition=0, published condition=100
I/CameraCloud( 1062): 1333728537599: CameraCloud Execute HTTP latency: 9968ms
I/CameraCloud( 1062): 1333728537600: finished executing HTTP POST, get data
I/CameraCloud( 1062): 1333728537602: make input stream reader for data
I/CameraCloud( 1062): 1333728537603: Cloud response length: 35775
I/CameraCloud( 1062): 1333728537603: Returning cloud object
I/ActivityManager(  151): No longer want com.google.android.apps.maps:NetworkLocationService (pid 710): hidden #16
E/JavaBinder(  151): !!! FAILED BINDER TRANSACTION !!!
W/GpsLocationProvider(  151): RemoteException in reportNmea
W/ActivityManager(  151): Scheduling restart of crashed service com.google.android.apps.maps/com.google.android.location.internal.server.NetworkLocationService in 5000ms
I/CameraCloud( 1062): 1333728543186: CameraCloud download photo latency = 15557
I/CameraCloud( 1062): 1333728543187: CameraCloud download start 1333728527629 ~ stop 1333728543186
I/CameraCloud( 1062): 1333728543187: takeNum=7 takeCamGood=7 takeGoodSave=7 takeBad=0 getNum=11 getGood=11 getBad=0
I/CameraCloud( 1062): 1333728543187: Success! Client getting photo from cloud server, showing photo...
I/CameraCloud( 1062): 1333728543188: Remote photo's length: 3775
D/dalvikvm( 1062): GC_EXPLICIT freed 213K, 31% free 10355K/14855K, paused 1ms+3ms
I/CameraCloud( 1062): 1333728543233: Done with Get photos button for region 4
I/CameraCloud( 1062): 1333728543234: Inside _enableButtons
I/CameraCloud( 1062): 1333728543234: areButtonsEnabled --> true
W/InputManagerService(  151): Window already focused, ignoring focus gain of: com.android.internal.view.IInputMethodClient$Stub$Proxy@418030d0
I/ActivityManager(  151): Start proc com.google.android.apps.maps:NetworkLocationService for service com.google.android.apps.maps/com.google.android.location.internal.server.NetworkLocationService: pid=1294 uid=10032 gids={3003, 1015}
I/dalvikvm( 1294): Turning on JNI app bug workarounds for target SDK version 13...
I/ActivityManager(  151): No longer want com.google.android.gm (pid 629): hidden #16
D/dalvikvm( 1294): GC_CONCURRENT freed 173K, 3% free 9360K/9607K, paused 3ms+3ms
D/dalvikvm( 1294): GC_CONCURRENT freed 183K, 3% free 9733K/9991K, paused 3ms+2ms
D/dalvikvm( 1294): GC_CONCURRENT freed 167K, 3% free 10130K/10375K, paused 2ms+3ms
D/dalvikvm(  151): GC_CONCURRENT freed 721K, 15% free 12366K/14407K, paused 12ms+6ms
I/System.out( 1294): [INFO:762]: c: Running flush
D/dalvikvm( 1294): GC_CONCURRENT freed 752K, 8% free 9927K/10759K, paused 3ms+3ms
I/System.out( 1294): [INFO:813]: c: Sending payload [bytes=290]
I/CameraCloud( 1062): 1333728545156: canPressButton = TRUE
I/CameraCloud( 1062): 1333728545157: areButtonsEnabled --> false 
I/CameraCloud( 1062): 1333728545157: Inside get photo disableButtons XXX
D/AudioHardware(   81): AudioHardware pcm playback is exiting standby.
D/AudioHardware(   81): openPcmOut_l() mPcmOpenCnt: 0
I/CameraCloud( 1062): 1333728545191: takeNum=7 takeCamGood=7 takeGoodSave=7 takeBad=0 getNum=12 getGood=11 getBad=0
I/CameraCloud( 1062): 1333728545191: ** Clicked getphotos Button from region 1 **
I/CameraCloud( 1062): 1333728545191: Trying to get photo from server, about to call serverRequest()
I/CameraCloud( 1062): 1333728545192: Server request to url: http://hermes5.csail.mit.edu:8213/102/1/0/
I/CameraCloud( 1062): 1333728545194: Cloud server request length: 12
I/CameraCloud( 1062): 1333728545194: about to execute HTTP POST
I/CameraCloud( 1062): 1333728545194: in serverRequest() about to httpclient.execute()
D/dalvikvm( 1062): GC_CONCURRENT freed 397K, 31% free 10360K/14855K, paused 2ms+16ms
I/System.out( 1294): [INFO:1667]: c: Response [http=200,length=95]
I/System.out( 1294): [INFO:1668]: c: Read id 1, status code 200
I/CameraCloud( 1062): 1333728546942: CameraCloud Execute HTTP latency: 1748ms
I/CameraCloud( 1062): 1333728546944: finished executing HTTP POST, get data
I/CameraCloud( 1062): 1333728546950: make input stream reader for data
I/CameraCloud( 1062): 1333728546960: Cloud response length: 51541
I/CameraCloud( 1062): 1333728546961: Returning cloud object
I/CameraCloud( 1062): 1333728547722: CameraCloud download photo latency = 2530
I/CameraCloud( 1062): 1333728547723: CameraCloud download start 1333728545192 ~ stop 1333728547722
I/CameraCloud( 1062): 1333728547723: takeNum=7 takeCamGood=7 takeGoodSave=7 takeBad=0 getNum=12 getGood=12 getBad=0
I/CameraCloud( 1062): 1333728547723: Success! Client getting photo from cloud server, showing photo...
I/CameraCloud( 1062): 1333728547723: Remote photo's length: 5402
D/dalvikvm( 1062): GC_EXPLICIT freed 196K, 31% free 10354K/14855K, paused 2ms+3ms
I/CameraCloud( 1062): 1333728547776: Done with Get photos button for region 1
I/CameraCloud( 1062): 1333728547777: Inside _enableButtons
I/CameraCloud( 1062): 1333728547777: areButtonsEnabled --> true
W/InputManagerService(  151): Window already focused, ignoring focus gain of: com.android.internal.view.IInputMethodClient$Stub$Proxy@416aa070
D/AudioHardware(   81): AudioHardware pcm playback is going to standby.
D/AudioHardware(   81): closePcmOut_l() mPcmOpenCnt: 1
I/CameraCloud( 1062): 1333728550449: .......... GPS onLocationChanged ...... 
I/CameraCloud( 1062): 1333728550450: Loc = Location[mProvider=gps,mTime=1333814951000,mLatitude=42.364237785515954,mLongitude=-71.1012633583334,mHasAltitude=true,mAltitude=-23.0,mHasSpeed=true,mSpeed=0.088157594,mHasBearing=true,mBearing=77.890526,mHasAccuracy=true,mAccuracy=20.0,mExtras=Bundle[mParcelledData.dataSize=4]] Previous Region = (2,0)
I/CameraCloud( 1062): 1333728550451: GPS x/long:-71.1012633583334, GPS y/lat: 42.364237785515954. Region width in x: 51.96152422706632
I/CameraCloud( 1062): 1333728550451: location PINPOINTS to region = 2.0, previous 2
I/CameraCloud( 1062): 1333728550451: stay at region 2
I/CameraCloud( 1062): 1333728552449: .......... GPS onLocationChanged ...... 
I/CameraCloud( 1062): 1333728552450: Loc = Location[mProvider=gps,mTime=1333814953000,mLatitude=42.364245726585445,mLongitude=-71.10123813074755,mHasAltitude=true,mAltitude=-22.0,mHasSpeed=true,mSpeed=0.0,mHasBearing=true,mBearing=59.86106,mHasAccuracy=true,mAccuracy=20.0,mExtras=Bundle[mParcelledData.dataSize=4]] Previous Region = (2,0)
I/CameraCloud( 1062): 1333728552451: GPS x/long:-71.10123813074755, GPS y/lat: 42.364245726585445. Region width in x: 51.96152422706632
I/CameraCloud( 1062): 1333728552451: location PINPOINTS to region = 2.0, previous 2
I/CameraCloud( 1062): 1333728552452: stay at region 2
I/CameraCloud( 1062): 1333728554451: .......... GPS onLocationChanged ...... 
I/CameraCloud( 1062): 1333728554452: Loc = Location[mProvider=gps,mTime=1333814955000,mLatitude=42.36424992439849,mLongitude=-71.10121935337591,mHasAltitude=true,mAltitude=-23.0,mHasSpeed=true,mSpeed=0.0,mHasBearing=true,mBearing=52.572292,mHasAccuracy=true,mAccuracy=20.0,mExtras=Bundle[mParcelledData.dataSize=4]] Previous Region = (2,0)
I/CameraCloud( 1062): 1333728554452: GPS x/long:-71.10121935337591, GPS y/lat: 42.36424992439849. Region width in x: 51.96152422706632
I/CameraCloud( 1062): 1333728554453: location PINPOINTS to region = 2.0, previous 2
I/CameraCloud( 1062): 1333728554453: stay at region 2
I/CameraCloud( 1062): 1333728554977: canPressButton = TRUE
I/CameraCloud( 1062): 1333728554978: areButtonsEnabled --> false 
I/CameraCloud( 1062): 1333728554978: Inside get photo disableButtons XXX
D/AudioHardware(   81): AudioHardware pcm playback is exiting standby.
D/AudioHardware(   81): openPcmOut_l() mPcmOpenCnt: 0
I/CameraCloud( 1062): 1333728555119: takeNum=7 takeCamGood=7 takeGoodSave=7 takeBad=0 getNum=13 getGood=12 getBad=0
I/CameraCloud( 1062): 1333728555119: ** Clicked getphotos Button from region 2 **
I/CameraCloud( 1062): 1333728555120: Trying to get photo from server, about to call serverRequest()
I/CameraCloud( 1062): 1333728555120: Server request to url: http://hermes5.csail.mit.edu:8213/102/2/0/
I/CameraCloud( 1062): 1333728555126: Cloud server request length: 12
