I/CameraCloud( 1062): 1333728056618: Loc = Location[mProvider=gps,mTime=1333814436000,mLatitude=42.36403123183484,mLongitude=-71.10144467727656,mHasAltitude=true,mAltitude=-21.0,mHasSpeed=true,mSpeed=0.5164565,mHasBearing=true,mBearing=264.02118,mHasAccuracy=true,mAccuracy=15.0,mExtras=Bundle[mParcelledData.dataSize=4]] Previous Region = (2,0)
I/CameraCloud( 1062): 1333728056618: GPS x/long:-71.10144467727656, GPS y/lat: 42.36403123183484. Region width in x: 51.96152422706632
I/CameraCloud( 1062): 1333728056618: location PINPOINTS to region = 2.0, previous 2
I/CameraCloud( 1062): 1333728056619: stay at region 2
I/CameraCloud( 1062): 1333728056619: .......... GPS onLocationChanged ...... 
I/CameraCloud( 1062): 1333728056620: Loc = Location[mProvider=gps,mTime=1333814438000,mLatitude=42.36404339446163,mLongitude=-71.1014509412922,mHasAltitude=true,mAltitude=-19.0,mHasSpeed=true,mSpeed=0.52136576,mHasBearing=true,mBearing=268.8314,mHasAccuracy=true,mAccuracy=15.0,mExtras=Bundle[mParcelledData.dataSize=4]] Previous Region = (2,0)
I/CameraCloud( 1062): 1333728056620: GPS x/long:-71.1014509412922, GPS y/lat: 42.36404339446163. Region width in x: 51.96152422706632
I/CameraCloud( 1062): 1333728056620: location PINPOINTS to region = 2.0, previous 2
I/CameraCloud( 1062): 1333728056621: stay at region 2
I/CameraCloud( 1062): 1333728056621: .......... GPS onLocationChanged ...... 
I/CameraCloud( 1062): 1333728056622: Loc = Location[mProvider=gps,mTime=1333814440000,mLatitude=42.364053287322584,mLongitude=-71.10145382884404,mHasAltitude=true,mAltitude=-22.0,mHasSpeed=true,mSpeed=0.50646675,mHasBearing=true,mBearing=269.03137,mHasAccuracy=true,mAccuracy=15.0,mExtras=Bundle[mParcelledData.dataSize=4]] Previous Region = (2,0)
I/CameraCloud( 1062): 1333728056622: GPS x/long:-71.10145382884404, GPS y/lat: 42.364053287322584. Region width in x: 51.96152422706632
I/CameraCloud( 1062): 1333728056623: location PINPOINTS to region = 2.0, previous 2
I/CameraCloud( 1062): 1333728056623: stay at region 2
I/CameraCloud( 1062): 1333728056623: .......... GPS onLocationChanged ...... 
I/CameraCloud( 1062): 1333728056624: Loc = Location[mProvider=gps,mTime=1333814442000,mLatitude=42.3640628401877,mLongitude=-71.10145565110862,mHasAltitude=true,mAltitude=-22.0,mHasSpeed=true,mSpeed=0.4020072,mHasBearing=true,mBearing=272.078,mHasAccuracy=true,mAccuracy=20.0,mExtras=Bundle[mParcelledData.dataSize=4]] Previous Region = (2,0)
I/CameraCloud( 1062): 1333728056625: GPS x/long:-71.10145565110862, GPS y/lat: 42.3640628401877. Region width in x: 51.96152422706632
I/CameraCloud( 1062): 1333728056625: location PINPOINTS to region = 2.0, previous 2
I/CameraCloud( 1062): 1333728056625: stay at region 2
I/CameraCloud( 1062): 1333728056626: .......... GPS onLocationChanged ...... 
I/CameraCloud( 1062): 1333728056627: Loc = Location[mProvider=gps,mTime=1333814443000,mLatitude=42.364074232640164,mLongitude=-71.10144783947399,mHasAltitude=true,mAltitude=-21.0,mHasSpeed=true,mSpeed=0.4068269,mHasBearing=true,mBearing=295.6911,mHasAccuracy=true,mAccuracy=15.0,mExtras=Bundle[mParcelledData.dataSize=4]] Previous Region = (2,0)
I/CameraCloud( 1062): 1333728056627: GPS x/long:-71.10144783947399, GPS y/lat: 42.364074232640164. Region width in x: 51.96152422706632
I/CameraCloud( 1062): 1333728056627: location PINPOINTS to region = 2.0, previous 2
I/CameraCloud( 1062): 1333728056628: stay at region 2
I/CameraCloud( 1062): 1333728056628: .......... GPS onLocationChanged ...... 
I/CameraCloud( 1062): 1333728056629: Loc = Location[mProvider=gps,mTime=1333814444000,mLatitude=42.36408364755869,mLongitude=-71.10144257693014,mHasAltitude=true,mAltitude=-22.0,mHasSpeed=true,mSpeed=0.0,mHasBearing=true,mBearing=317.73395,mHasAccuracy=true,mAccuracy=15.0,mExtras=Bundle[mParcelledData.dataSize=4]] Previous Region = (2,0)
I/CameraCloud( 1062): 1333728056648: GPS x/long:-71.10144257693014, GPS y/lat: 42.36408364755869. Region width in x: 51.96152422706632
I/CameraCloud( 1062): 1333728056648: location PINPOINTS to region = 2.0, previous 2
I/CameraCloud( 1062): 1333728056649: stay at region 2
I/CameraCloud( 1062): 1333728056652: .......... GPS onLocationChanged ...... 
I/CameraCloud( 1062): 1333728056653: Loc = Location[mProvider=gps,mTime=1333814445000,mLatitude=42.36409636002938,mLongitude=-71.10144285207203,mHasAltitude=true,mAltitude=-21.0,mHasSpeed=true,mSpeed=0.0,mHasBearing=true,mBearing=307.11212,mHasAccuracy=true,mAccuracy=15.0,mExtras=Bundle[mParcelledData.dataSize=4]] Previous Region = (2,0)
I/CameraCloud( 1062): 1333728056653: GPS x/long:-71.10144285207203, GPS y/lat: 42.36409636002938. Region width in x: 51.96152422706632
I/CameraCloud( 1062): 1333728056653: location PINPOINTS to region = 2.0, previous 2
I/CameraCloud( 1062): 1333728056654: stay at region 2
I/CameraCloud( 1062): 1333728056656: .......... GPS onLocationChanged ...... 
I/CameraCloud( 1062): 1333728056657: Loc = Location[mProvider=gps,mTime=1333814446000,mLatitude=42.36410514371193,mLongitude=-71.1014489628258,mHasAltitude=true,mAltitude=-23.0,mHasSpeed=true,mSpeed=0.4199956,mHasBearing=true,mBearing=301.69043,mHasAccuracy=true,mAccuracy=15.0,mExtras=Bundle[mParcelledData.dataSize=4]] Previous Region = (2,0)
I/CameraCloud( 1062): 1333728056657: GPS x/long:-71.1014489628258, GPS y/lat: 42.36410514371193. Region width in x: 51.96152422706632
I/CameraCloud( 1062): 1333728056657: location PINPOINTS to region = 2.0, previous 2
I/CameraCloud( 1062): 1333728056658: stay at region 2
I/CameraCloud( 1062): 1333728056660: .......... GPS onLocationChanged ...... 
I/CameraCloud( 1062): 1333728056664: Loc = Location[mProvider=gps,mTime=1333814450000,mLatitude=42.36411387294874,mLongitude=-71.10145574809874,mHasAltitude=true,mAltitude=-21.0,mHasSpeed=true,mSpeed=0.37697253,mHasBearing=true,mBearing=292.44116,mHasAccuracy=true,mAccuracy=10.0,mExtras=Bundle[mParcelledData.dataSize=4]] Previous Region = (2,0)
I/CameraCloud( 1062): 1333728056664: GPS x/long:-71.10145574809874, GPS y/lat: 42.36411387294874. Region width in x: 51.96152422706632
I/CameraCloud( 1062): 1333728056665: location PINPOINTS to region = 2.0, previous 2
I/CameraCloud( 1062): 1333728056665: stay at region 2
I/CameraCloud( 1062): 1333728056666: .......... GPS onLocationChanged ...... 
I/CameraCloud( 1062): 1333728056675: Loc = Location[mProvider=gps,mTime=1333814453000,mLatitude=42.36412263828331,mLongitude=-71.10144058561019,mHasAltitude=true,mAltitude=-22.0,mHasSpeed=true,mSpeed=0.0,mHasBearing=true,mBearing=296.71057,mHasAccuracy=true,mAccuracy=15.0,mExtras=Bundle[mParcelledData.dataSize=4]] Previous Region = (2,0)
I/CameraCloud( 1062): 1333728056676: GPS x/long:-71.10144058561019, GPS y/lat: 42.36412263828331. Region width in x: 51.96152422706632
I/CameraCloud( 1062): 1333728056676: location PINPOINTS to region = 2.0, previous 2
I/CameraCloud( 1062): 1333728056676: stay at region 2
D/dalvikvm( 1062): GC_CONCURRENT freed 446K, 22% free 10077K/12807K, paused 2ms+2ms
W/InputManagerService(  151): Window already focused, ignoring focus gain of: com.android.internal.view.IInputMethodClient$Stub$Proxy@41725640
I/CameraCloud( 1062): 1333728058480: .......... GPS onLocationChanged ...... 
I/CameraCloud( 1062): 1333728058481: Loc = Location[mProvider=gps,mTime=1333814459000,mLatitude=42.36411832641201,mLongitude=-71.10142834564486,mHasAltitude=true,mAltitude=-22.0,mHasSpeed=true,mSpeed=0.079824746,mHasBearing=true,mBearing=116.653564,mHasAccuracy=true,mAccuracy=10.0,mExtras=Bundle[mParcelledData.dataSize=4]] Previous Region = (2,0)
I/CameraCloud( 1062): 1333728058482: GPS x/long:-71.10142834564486, GPS y/lat: 42.36411832641201. Region width in x: 51.96152422706632
I/CameraCloud( 1062): 1333728058482: location PINPOINTS to region = 2.0, previous 2
I/CameraCloud( 1062): 1333728058482: stay at region 2
D/dalvikvm(  710): GC_CONCURRENT freed 375K, 7% free 10052K/10759K, paused 3ms+2ms
I/CameraCloud( 1062): 1333728059454: .......... GPS onLocationChanged ...... 
I/CameraCloud( 1062): 1333728059455: Loc = Location[mProvider=gps,mTime=1333814460000,mLatitude=42.36410574194544,mLongitude=-71.10140116096657,mHasAltitude=true,mAltitude=-23.0,mHasSpeed=true,mSpeed=0.0,mHasBearing=true,mBearing=127.83958,mHasAccuracy=true,mAccuracy=10.0,mExtras=Bundle[mParcelledData.dataSize=4]] Previous Region = (2,0)
I/CameraCloud( 1062): 1333728059455: GPS x/long:-71.10140116096657, GPS y/lat: 42.36410574194544. Region width in x: 51.96152422706632
I/CameraCloud( 1062): 1333728059456: location PINPOINTS to region = 2.0, previous 2
I/CameraCloud( 1062): 1333728059456: stay at region 2
I/CameraCloud( 1062): 1333728060485: .......... GPS onLocationChanged ...... 
I/CameraCloud( 1062): 1333728060486: Loc = Location[mProvider=gps,mTime=1333814461000,mLatitude=42.36410354638485,mLongitude=-71.10138569907974,mHasAltitude=true,mAltitude=-23.0,mHasSpeed=true,mSpeed=0.39962146,mHasBearing=true,mBearing=62.072624,mHasAccuracy=true,mAccuracy=10.0,mExtras=Bundle[mParcelledData.dataSize=4]] Previous Region = (2,0)
I/CameraCloud( 1062): 1333728060486: GPS x/long:-71.10138569907974, GPS y/lat: 42.36410354638485. Region width in x: 51.96152422706632
I/CameraCloud( 1062): 1333728060486: location PINPOINTS to region = 2.0, previous 2
I/CameraCloud( 1062): 1333728060487: stay at region 2
I/CameraCloud( 1062): 1333728060634: canPressButton = TRUE
I/CameraCloud( 1062): 1333728060636: areButtonsEnabled --> false
I/CameraCloud( 1062): 1333728060653: disabling buttons ...
I/CameraCloud( 1062): 1333728060654: new pic disableButtons XXX
I/CameraCloud( 1062): 1333728060655: areButtonsEnabled --> false
D/AudioHardware(   81): AudioHardware pcm playback is exiting standby.
D/AudioHardware(   81): openPcmOut_l() mPcmOpenCnt: 0
I/CameraCloud( 1062): 1333728060807: takeNum=3 takeCamGood=2 takeGoodSave=2 takeBad=0 getNum=5 getGood=5 getBad=0
I/CameraCloud( 1062): 1333728060807: ** Clicked take picture button **
I/CameraSurfaceView( 1062): inside getCamera()
I/CameraHardwareSec(   81): int android::CameraHardwareSec::previewThreadWrapper(): calling mSecCamera->stopPreview() and waiting
I/SecCamera(   81): int android::fimc_v4l2_querybuf(int, android::fimc_buffer*, v4l2_buf_type) :
I/SecCamera(   81): int android::fimc_v4l2_querybuf(int, android::fimc_buffer*, v4l2_buf_type): buffer->start = 0x441c2000 v4l2_buf.length = 4261248
I/CameraHardwareSec(   81): == Camera Sensor Detect S5K4ECGX - Samsung LSI SOC 5M ==
D/JpegEncoder(   81): encode E
D/JpegEncoder(   81): encode X
D/SecCamera(   81): Shutter speed=1917 us, iso=50
D/SecCamera(   81): AV=3, TV=9, SV=4
D/JpegEncoder(   81): makeExif E
D/JpegEncoder(   81): makeExif X
I/SecCamera(   81): int android::SecCamera::endSnapshot() :
I/SecCamera(   81): munmap():virt. addr 0x441c2000 size = 4261248
D/dalvikvm( 1062): GC_FOR_ALLOC freed 83K, 22% free 10085K/12807K, paused 17ms
I/dalvikvm-heap( 1062): Grow heap (frag case) to 11.440MB for 1592943-byte allocation
D/dalvikvm( 1062): GC_CONCURRENT freed 7K, 10% free 11633K/12807K, paused 2ms+2ms
I/CameraCloud( 1062): 1333728061541: inside HandlePictureStorage onPictureTaken()
I/CameraCloud( 1062): 1333728061541: takeNum=3 takeCamGood=3 takeGoodSave=2 takeBad=0 getNum=5 getGood=5 getBad=0
D/CameraHardwareSec(   81): mPreviewHeap(fd(35), size(518400), width(720), height(480))
I/CameraHardwareSec(   81): int android::CameraHardwareSec::previewThreadWrapper(): return from wait
I/CameraCloud( 1062): 1333728061883: Picture successfully taken, ORIG BYTE LENGTH = 1592927
D/dalvikvm( 1062): GC_EXPLICIT freed 2K, 10% free 11633K/12807K, paused 19ms+3ms
I/CameraCloud( 1062): 1333728062154: Our new height x width: 240 x 320
I/CameraCloud( 1062): 1333728062155: Show photo from handle my camera take
I/CameraCloud( 1062): 1333728062155: client making photo packet to send to leader
I/CameraCloud( 1062): 1333728062179: BYTE SIZE AFTER COMPRESSION: 4983
I/CameraCloud( 1062): 1333728062180: sending new pic ....
I/CameraCloud( 1062): 1333728062180: Server request to url: http://hermes5.csail.mit.edu:8213/101/2/0/
I/CameraCloud( 1062): 1333728062305: Cloud server request length: 17529
I/CameraCloud( 1062): 1333728062306: about to execute HTTP POST
I/CameraCloud( 1062): 1333728062306: in serverRequest() about to httpclient.execute()
D/dalvikvm( 1062): GC_CONCURRENT freed 655K, 9% free 11725K/12807K, paused 6ms+2ms
D/AudioHardware(   81): AudioHardware pcm playback is going to standby.
D/AudioHardware(   81): closePcmOut_l() mPcmOpenCnt: 1
D/dalvikvm(  151): GC_CONCURRENT freed 705K, 15% free 12388K/14407K, paused 29ms+6ms
I/CameraCloud( 1062): 1333728114547: CameraCloud Execute HTTP latency: 52241ms
I/CameraCloud( 1062): 1333728114547: finished executing HTTP POST, get data
I/CameraCloud( 1062): 1333728114548: make input stream reader for data
I/CameraCloud( 1062): 1333728114548: Cloud response length: 18
I/CameraCloud( 1062): 1333728114549: Returning cloud object
I/CameraCloud( 1062): 1333728114552: CameraCloud upload new photo latency = 52372
I/CameraCloud( 1062): 1333728114552: CameraCloud upload start 1333728062180 ~ stop 1333728114552
I/CameraCloud( 1062): 1333728114553: takeNum=3 takeCamGood=3 takeGoodSave=3 takeBad=0 getNum=5 getGood=5 getBad=0
I/CameraCloud( 1062): 1333728114553: SUCCESS! Client now knows saving photo on cloud server succeeded
I/CameraCloud( 1062): 1333728114553: RETURN STATUS: 12
I/CameraCloud( 1062): 1333728114554: Inside _enableButtons
I/CameraCloud( 1062): 1333728114554: areButtonsEnabled --> true
I/CameraCloud( 1062): 1333728114555: end of client send picture method
I/CameraCloud( 1062): 1333728114609: .......... GPS onLocationChanged ...... 
I/CameraCloud( 1062): 1333728114610: Loc = Location[mProvider=gps,mTime=1333814470000,mLatitude=42.36410955676406,mLongitude=-71.10137603445287,mHasAltitude=true,mAltitude=-19.0,mHasSpeed=true,mSpeed=0.38327026,mHasBearing=true,mBearing=345.63596,mHasAccuracy=true,mAccuracy=15.0,mExtras=Bundle[mParcelledData.dataSize=4]] Previous Region = (2,0)
I/CameraCloud( 1062): 1333728114611: GPS x/long:-71.10137603445287, GPS y/lat: 42.36410955676406. Region width in x: 51.96152422706632
I/CameraCloud( 1062): 1333728114611: location PINPOINTS to region = 2.0, previous 2
I/CameraCloud( 1062): 1333728114611: stay at region 2
W/InputManagerService(  151): Window already focused, ignoring focus gain of: com.android.internal.view.IInputMethodClient$Stub$Proxy@416e4328
D/dalvikvm(  314): GC_CONCURRENT freed 425K, 6% free 9504K/10055K, paused 2ms+2ms
D/dalvikvm(  151): GC_CONCURRENT freed 709K, 14% free 12406K/14407K, paused 5ms+6ms
I/CameraCloud( 1062): 1333728120044: canPressButton = TRUE
I/CameraCloud( 1062): 1333728120045: areButtonsEnabled --> false
I/CameraCloud( 1062): 1333728120045: disabling buttons ...
I/CameraCloud( 1062): 1333728120045: new pic disableButtons XXX
I/CameraCloud( 1062): 1333728120046: areButtonsEnabled --> false
D/AudioHardware(   81): AudioHardware pcm playback is exiting standby.
D/AudioHardware(   81): openPcmOut_l() mPcmOpenCnt: 0
I/CameraCloud( 1062): 1333728120076: takeNum=4 takeCamGood=3 takeGoodSave=3 takeBad=0 getNum=5 getGood=5 getBad=0
I/CameraCloud( 1062): 1333728120077: ** Clicked take picture button **
I/CameraSurfaceView( 1062): inside getCamera()
I/CameraHardwareSec(   81): int android::CameraHardwareSec::previewThreadWrapper(): calling mSecCamera->stopPreview() and waiting
I/SecCamera(   81): int android::fimc_v4l2_querybuf(int, android::fimc_buffer*, v4l2_buf_type) :
I/SecCamera(   81): int android::fimc_v4l2_querybuf(int, android::fimc_buffer*, v4l2_buf_type): buffer->start = 0x4418a000 v4l2_buf.length = 4261248
I/CameraHardwareSec(   81): == Camera Sensor Detect S5K4ECGX - Samsung LSI SOC 5M ==
I/CameraCloud( 1062): 1333728120491: .......... GPS onLocationChanged ...... 
I/CameraCloud( 1062): 1333728120495: Loc = Location[mProvider=gps,mTime=1333814521000,mLatitude=42.364147851401576,mLongitude=-71.10138112605136,mHasAltitude=true,mAltitude=-16.0,mHasSpeed=true,mSpeed=0.30434752,mHasBearing=true,mBearing=357.32758,mHasAccuracy=true,mAccuracy=30.0,mExtras=Bundle[mParcelledData.dataSize=4]] Previous Region = (2,0)
I/CameraCloud( 1062): 1333728120496: GPS x/long:-71.10138112605136, GPS y/lat: 42.364147851401576. Region width in x: 51.96152422706632
I/CameraCloud( 1062): 1333728120496: location PINPOINTS to region = 2.0, previous 2
I/CameraCloud( 1062): 1333728120496: stay at region 2
D/dalvikvm(  218): GC_CONCURRENT freed 437K, 6% free 10325K/10887K, paused 2ms+12ms
D/JpegEncoder(   81): encode E
D/JpegEncoder(   81): encode X
D/SecCamera(   81): Shutter speed=1707 us, iso=50
D/SecCamera(   81): AV=3, TV=9, SV=4
D/JpegEncoder(   81): makeExif E
D/JpegEncoder(   81): makeExif X
I/SecCamera(   81): int android::SecCamera::endSnapshot() :
I/SecCamera(   81): munmap():virt. addr 0x4418a000 size = 4261248
D/dalvikvm( 1062): GC_FOR_ALLOC freed 1719K, 21% free 10119K/12807K, paused 17ms
I/dalvikvm-heap( 1062): Grow heap (frag case) to 11.766MB for 1900014-byte allocation
D/dalvikvm( 1062): GC_CONCURRENT freed 32K, 7% free 11942K/12807K, paused 2ms+2ms
I/CameraCloud( 1062): 1333728120912: inside HandlePictureStorage onPictureTaken()
I/CameraCloud( 1062): 1333728120913: takeNum=4 takeCamGood=4 takeGoodSave=3 takeBad=0 getNum=5 getGood=5 getBad=0
D/CameraHardwareSec(   81): mPreviewHeap(fd(35), size(518400), width(720), height(480))
I/CameraHardwareSec(   81): int android::CameraHardwareSec::previewThreadWrapper(): return from wait
I/CameraCloud( 1062): 1333728121305: Picture successfully taken, ORIG BYTE LENGTH = 1899998
D/dalvikvm( 1062): GC_EXPLICIT freed 2K, 7% free 11942K/12807K, paused 31ms+2ms
I/CameraCloud( 1062): 1333728121639: Our new height x width: 240 x 320
I/CameraCloud( 1062): 1333728121640: Show photo from handle my camera take
I/CameraCloud( 1062): 1333728121640: client making photo packet to send to leader
I/CameraCloud( 1062): 1333728121664: BYTE SIZE AFTER COMPRESSION: 4808
I/CameraCloud( 1062): 1333728121665: sending new pic ....
I/CameraCloud( 1062): 1333728121665: Server request to url: http://hermes5.csail.mit.edu:8213/101/2/0/
I/CameraCloud( 1062): 1333728121773: Cloud server request length: 16928
I/CameraCloud( 1062): 1333728121774: about to execute HTTP POST
I/CameraCloud( 1062): 1333728121774: in serverRequest() about to httpclient.execute()
D/AudioHardware(   81): AudioHardware pcm playback is going to standby.
D/AudioHardware(   81): closePcmOut_l() mPcmOpenCnt: 1
D/dalvikvm(  151): GC_CONCURRENT freed 754K, 15% free 12375K/14407K, paused 9ms+15ms
D/dalvikvm(  457): GC_CONCURRENT freed 410K, 6% free 10005K/10631K, paused 18ms+3ms
D/dalvikvm(  710): GC_CONCURRENT freed 383K, 7% free 10053K/10759K, paused 2ms+3ms
I/GTalkService/c(  457): [AndroidEndpoint@1094652632] connect: acct=1000000, state=CONNECTING
I/CameraCloud( 1062): 1333728163313: CameraCloud Execute HTTP latency: 41539ms
I/CameraCloud( 1062): 1333728163314: finished executing HTTP POST, get data
I/CameraCloud( 1062): 1333728163314: make input stream reader for data
I/CameraCloud( 1062): 1333728163315: Cloud response length: 18
I/CameraCloud( 1062): 1333728163316: Returning cloud object
I/CameraCloud( 1062): 1333728163323: CameraCloud upload new photo latency = 41657
I/CameraCloud( 1062): 1333728163324: CameraCloud upload start 1333728121665 ~ stop 1333728163322
I/CameraCloud( 1062): 1333728163325: takeNum=4 takeCamGood=4 takeGoodSave=4 takeBad=0 getNum=5 getGood=5 getBad=0
I/CameraCloud( 1062): 1333728163325: SUCCESS! Client now knows saving photo on cloud server succeeded
I/CameraCloud( 1062): 1333728163326: RETURN STATUS: 12
I/CameraCloud( 1062): 1333728163327: Inside _enableButtons
I/CameraCloud( 1062): 1333728163329: areButtonsEnabled --> true
I/CameraCloud( 1062): 1333728163330: end of client send picture method
I/CameraCloud( 1062): 1333728163414: .......... GPS onLocationChanged ...... 
I/CameraCloud( 1062): 1333728163415: Loc = Location[mProvider=gps,mTime=1333814527000,mLatitude=42.364145556358466,mLongitude=-71.10139290268242,mHasAltitude=true,mAltitude=-21.0,mHasSpeed=true,mSpeed=0.0,mHasBearing=true,mBearing=28.056705,mHasAccuracy=true,mAccuracy=20.0,mExtras=Bundle[mParcelledData.dataSize=4]] Previous Region = (2,0)
I/CameraCloud( 1062): 1333728163416: GPS x/long:-71.10139290268242, GPS y/lat: 42.364145556358466. Region width in x: 51.96152422706632
I/CameraCloud( 1062): 1333728163416: location PINPOINTS to region = 2.0, previous 2
I/CameraCloud( 1062): 1333728163416: stay at region 2
I/CameraCloud( 1062): 1333728163417: .......... GPS onLocationChanged ...... 
I/CameraCloud( 1062): 1333728163419: Loc = Location[mProvider=gps,mTime=1333814531000,mLatitude=42.36413802386493,mLongitude=-71.10138215297653,mHasAltitude=true,mAltitude=-22.0,mHasSpeed=true,mSpeed=0.0,mHasBearing=true,mBearing=34.349636,mHasAccuracy=true,mAccuracy=15.0,mExtras=Bundle[mParcelledData.dataSize=4]] Previous Region = (2,0)
I/CameraCloud( 1062): 1333728163419: GPS x/long:-71.10138215297653, GPS y/lat: 42.36413802386493. Region width in x: 51.96152422706632
I/CameraCloud( 1062): 1333728163419: location PINPOINTS to region = 2.0, previous 2
I/CameraCloud( 1062): 1333728163419: stay at region 2
I/CameraCloud( 1062): 1333728163420: .......... GPS onLocationChanged ...... 
I/CameraCloud( 1062): 1333728163421: Loc = Location[mProvider=gps,mTime=1333814533000,mLatitude=42.364147805705876,mLongitude=-71.10135962531966,mHasAltitude=true,mAltitude=-22.0,mHasSpeed=true,mSpeed=0.6398229,mHasBearing=true,mBearing=37.110123,mHasAccuracy=true,mAccuracy=15.0,mExtras=Bundle[mParcelledData.dataSize=4]] Previous Region = (2,0)
I/CameraCloud( 1062): 1333728163421: GPS x/long:-71.10135962531966, GPS y/lat: 42.364147805705876. Region width in x: 51.96152422706632
I/CameraCloud( 1062): 1333728163421: location PINPOINTS to region = 2.0, previous 2
I/CameraCloud( 1062): 1333728163422: stay at region 2
I/CameraCloud( 1062): 1333728163422: .......... GPS onLocationChanged ...... 
I/CameraCloud( 1062): 1333728163423: Loc = Location[mProvider=gps,mTime=1333814534000,mLatitude=42.36415414133435,mLongitude=-71.1013507616046,mHasAltitude=true,mAltitude=-23.0,mHasSpeed=true,mSpeed=0.68497694,mHasBearing=true,mBearing=37.01753,mHasAccuracy=true,mAccuracy=15.0,mExtras=Bundle[mParcelledData.dataSize=4]] Previous Region = (2,0)
I/CameraCloud( 1062): 1333728163423: GPS x/long:-71.1013507616046, GPS y/lat: 42.36415414133435. Region width in x: 51.96152422706632
I/CameraCloud( 1062): 1333728163423: location PINPOINTS to region = 2.0, previous 2
I/CameraCloud( 1062): 1333728163424: stay at region 2
I/CameraCloud( 1062): 1333728163425: .......... GPS onLocationChanged ...... 
I/CameraCloud( 1062): 1333728163425: Loc = Location[mProvider=gps,mTime=1333814536000,mLatitude=42.36415836528956,mLongitude=-71.10133279685596,mHasAltitude=true,mAltitude=-23.0,mHasSpeed=true,mSpeed=0.7463922,mHasBearing=true,mBearing=39.556095,mHasAccuracy=true,mAccuracy=25.0,mExtras=Bundle[mParcelledData.dataSize=4]] Previous Region = (2,0)
I/CameraCloud( 1062): 1333728163426: GPS x/long:-71.10133279685596, GPS y/lat: 42.36415836528956. Region width in x: 51.96152422706632
I/CameraCloud( 1062): 1333728163426: location PINPOINTS to region = 2.0, previous 2
I/CameraCloud( 1062): 1333728163426: stay at region 2
I/CameraCloud( 1062): 1333728163427: .......... GPS onLocationChanged ...... 
I/CameraCloud( 1062): 1333728163427: Loc = Location[mProvider=gps,mTime=1333814537000,mLatitude=42.364147000607936,mLongitude=-71.10130930653057,mHasAltitude=true,mAltitude=-22.0,mHasSpeed=true,mSpeed=0.8212486,mHasBearing=true,mBearing=71.493,mHasAccuracy=true,mAccuracy=15.0,mExtras=Bundle[mParcelledData.dataSize=4]] Previous Region = (2,0)
I/CameraCloud( 1062): 1333728163428: GPS x/long:-71.10130930653057, GPS y/lat: 42.364147000607936. Region width in x: 51.96152422706632
I/CameraCloud( 1062): 1333728163428: location PINPOINTS to region = 2.0, previous 2
I/CameraCloud( 1062): 1333728163428: stay at region 2
I/CameraCloud( 1062): 1333728163429: .......... GPS onLocationChanged ...... 
I/CameraCloud( 1062): 1333728163430: Loc = Location[mProvider=gps,mTime=1333814538000,mLatitude=42.3641347839927,mLongitude=-71.10128049736979,mHasAltitude=true,mAltitude=-22.0,mHasSpeed=true,mSpeed=0.0,mHasBearing=true,mBearing=58.53918,mHasAccuracy=true,mAccuracy=15.0,mExtras=Bundle[mParcelledData.dataSize=4]] Previous Region = (2,0)
I/CameraCloud( 1062): 1333728163452: GPS x/long:-71.10128049736979, GPS y/lat: 42.3641347839927. Region width in x: 51.96152422706632
I/CameraCloud( 1062): 1333728163453: location PINPOINTS to region = 2.0, previous 2
I/CameraCloud( 1062): 1333728163453: stay at region 2
I/CameraCloud( 1062): 1333728163475: .......... GPS onLocationChanged ...... 
I/CameraCloud( 1062): 1333728163476: Loc = Location[mProvider=gps,mTime=1333814539000,mLatitude=42.36412685092291,mLongitude=-71.10125816887611,mHasAltitude=true,mAltitude=-23.0,mHasSpeed=true,mSpeed=0.9211423,mHasBearing=true,mBearing=66.22683,mHasAccuracy=true,mAccuracy=15.0,mExtras=Bundle[mParcelledData.dataSize=4]] Previous Region = (2,0)
I/CameraCloud( 1062): 1333728163477: GPS x/long:-71.10125816887611, GPS y/lat: 42.36412685092291. Region width in x: 51.96152422706632
I/CameraCloud( 1062): 1333728163477: location PINPOINTS to region = 2.0, previous 2
I/CameraCloud( 1062): 1333728163477: stay at region 2
I/CameraCloud( 1062): 1333728163480: .......... GPS onLocationChanged ...... 
I/CameraCloud( 1062): 1333728163481: Loc = Location[mProvider=gps,mTime=1333814540000,mLatitude=42.36411865522398,mLongitude=-71.1012418551644,mHasAltitude=true,mAltitude=-22.0,mHasSpeed=true,mSpeed=0.93864477,mHasBearing=true,mBearing=69.89572,mHasAccuracy=true,mAccuracy=15.0,mExtras=Bundle[mParcelledData.dataSize=4]] Previous Region = (2,0)
I/CameraCloud( 1062): 1333728163481: GPS x/long:-71.1012418551644, GPS y/lat: 42.36411865522398. Region width in x: 51.96152422706632
I/CameraCloud( 1062): 1333728163484: location PINPOINTS to region = 2.0, previous 2
I/CameraCloud( 1062): 1333728163484: stay at region 2
I/CameraCloud( 1062): 1333728163485: .......... GPS onLocationChanged ...... 
I/CameraCloud( 1062): 1333728163485: Loc = Location[mProvider=gps,mTime=1333814541000,mLatitude=42.36411418212329,mLongitude=-71.10122569749649,mHasAltitude=true,mAltitude=-22.0,mHasSpeed=true,mSpeed=0.9574179,mHasBearing=true,mBearing=70.67929,mHasAccuracy=true,mAccuracy=15.0,mExtras=Bundle[mParcelledData.dataSize=4]] Previous Region = (2,0)
I/CameraCloud( 1062): 1333728163486: GPS x/long:-71.10122569749649, GPS y/lat: 42.36411418212329. Region width in x: 51.96152422706632
I/CameraCloud( 1062): 1333728163486: location PINPOINTS to region = 2.0, previous 2
I/CameraCloud( 1062): 1333728163486: stay at region 2
I/CameraCloud( 1062): 1333728163489: .......... GPS onLocationChanged ...... 
I/CameraCloud( 1062): 1333728163490: Loc = Location[mProvider=gps,mTime=1333814542000,mLatitude=42.36411206342115,mLongitude=-71.10120696401853,mHasAltitude=true,mAltitude=-22.0,mHasSpeed=true,mSpeed=0.9779199,mHasBearing=true,mBearing=70.38755,mHasAccuracy=true,mAccuracy=15.0,mExtras=Bundle[mParcelledData.dataSize=4]] Previous Region = (2,0)
I/CameraCloud( 1062): 1333728163490: GPS x/long:-71.10120696401853, GPS y/lat: 42.36411206342115. Region width in x: 51.96152422706632
I/CameraCloud( 1062): 1333728163491: location PINPOINTS to region = 2.0, previous 2
I/CameraCloud( 1062): 1333728163491: stay at region 2
I/CameraCloud( 1062): 1333728163496: .......... GPS onLocationChanged ...... 
I/CameraCloud( 1062): 1333728163506: Loc = Location[mProvider=gps,mTime=1333814543000,mLatitude=42.364111457099646,mLongitude=-71.10118843151989,mHasAltitude=true,mAltitude=-23.0,mHasSpeed=true,mSpeed=0.9987357,mHasBearing=true,mBearing=70.242676,mHasAccuracy=true,mAccuracy=15.0,mExtras=Bundle[mParcelledData.dataSize=4]] Previous Region = (2,0)
I/CameraCloud( 1062): 1333728163507: GPS x/long:-71.10118843151989, GPS y/lat: 42.364111457099646. Region width in x: 51.96152422706632
I/CameraCloud( 1062): 1333728163508: location PINPOINTS to region = 2.0, previous 2
I/CameraCloud( 1062): 1333728163508: stay at region 2
I/CameraCloud( 1062): 1333728163511: .......... GPS onLocationChanged ...... 
I/CameraCloud( 1062): 1333728163512: Loc = Location[mProvider=gps,mTime=1333814544000,mLatitude=42.36411239626554,mLongitude=-71.10116947978203,mHasAltitude=true,mAltitude=-23.0,mHasSpeed=true,mSpeed=1.0230067,mHasBearing=true,mBearing=70.17032,mHasAccuracy=true,mAccuracy=15.0,mExtras=Bundle[mParcelledData.dataSize=4]] Previous Region = (2,0)
I/CameraCloud( 1062): 1333728163512: GPS x/long:-71.10116947978203, GPS y/lat: 42.36411239626554. Region width in x: 51.96152422706632
I/CameraCloud( 1062): 1333728163513: location PINPOINTS to region = 2.0, previous 2
I/CameraCloud( 1062): 1333728163513: stay at region 2
I/CameraCloud( 1062): 1333728163517: .......... GPS onLocationChanged ...... 
I/CameraCloud( 1062): 1333728163518: Loc = Location[mProvider=gps,mTime=1333814546000,mLatitude=42.36410119610557,mLongitude=-71.1011714118336,mHasAltitude=true,mAltitude=-23.0,mHasSpeed=true,mSpeed=0.94681066,mHasBearing=true,mBearing=73.94718,mHasAccuracy=true,mAccuracy=15.0,mExtras=Bundle[mParcelledData.dataSize=4]] Previous Region = (2,0)
I/CameraCloud( 1062): 1333728163518: GPS x/long:-71.1011714118336, GPS y/lat: 42.36410119610557. Region width in x: 51.96152422706632
I/CameraCloud( 1062): 1333728163518: location PINPOINTS to region = 2.0, previous 2
I/CameraCloud( 1062): 1333728163519: stay at region 2
I/CameraCloud( 1062): 1333728163519: .......... GPS onLocationChanged ...... 
I/CameraCloud( 1062): 1333728163520: Loc = Location[mProvider=gps,mTime=1333814547000,mLatitude=42.36409581348629,mLongitude=-71.10118371269093,mHasAltitude=true,mAltitude=-23.0,mHasSpeed=true,mSpeed=0.9509254,mHasBearing=true,mBearing=42.783073,mHasAccuracy=true,mAccuracy=15.0,mExtras=Bundle[mParcelledData.dataSize=4]] Previous Region = (2,0)
I/CameraCloud( 1062): 1333728163520: GPS x/long:-71.10118371269093, GPS y/lat: 42.36409581348629. Region width in x: 51.96152422706632
I/CameraCloud( 1062): 1333728163521: location PINPOINTS to region = 2.0, previous 2
I/CameraCloud( 1062): 1333728163521: stay at region 2
I/CameraCloud( 1062): 1333728163523: .......... GPS onLocationChanged ...... 
I/CameraCloud( 1062): 1333728163524: Loc = Location[mProvider=gps,mTime=1333814553000,mLatitude=42.36407737797992,mLongitude=-71.10121957933639,mHasAltitude=true,mAltitude=-22.0,mHasSpeed=true,mSpeed=0.0,mHasBearing=true,mBearing=20.749758,mHasAccuracy=true,mAccuracy=30.0,mExtras=Bundle[mParcelledData.dataSize=4]] Previous Region = (2,0)
I/CameraCloud( 1062): 1333728163524: GPS x/long:-71.10121957933639, GPS y/lat: 42.36407737797992. Region width in x: 51.96152422706632
I/CameraCloud( 1062): 1333728163524: location PINPOINTS to region = 2.0, previous 2
I/CameraCloud( 1062): 1333728163525: stay at region 2
D/dalvikvm( 1062): GC_CONCURRENT freed 2718K, 22% free 10173K/12999K, paused 11ms+3ms
I/CameraCloud( 1062): 1333728163528: .......... GPS onLocationChanged ...... 
I/CameraCloud( 1062): 1333728163529: Loc = Location[mProvider=gps,mTime=1333814554000,mLatitude=42.364070636025936,mLongitude=-71.10124112062529,mHasAltitude=true,mAltitude=-22.0,mHasSpeed=true,mSpeed=0.38257122,mHasBearing=true,mBearing=354.66867,mHasAccuracy=true,mAccuracy=30.0,mExtras=Bundle[mParcelledData.dataSize=4]] Previous Region = (2,0)
I/CameraCloud( 1062): 1333728163529: GPS x/long:-71.10124112062529, GPS y/lat: 42.364070636025936. Region width in x: 51.96152422706632
I/CameraCloud( 1062): 1333728163529: location PINPOINTS to region = 2.0, previous 2
I/CameraCloud( 1062): 1333728163530: stay at region 2
I/CameraCloud( 1062): 1333728163549: .......... GPS onLocationChanged ...... 
I/CameraCloud( 1062): 1333728163549: Loc = Location[mProvider=gps,mTime=1333814555000,mLatitude=42.36406891077855,mLongitude=-71.10126041578641,mHasAltitude=true,mAltitude=-21.0,mHasSpeed=true,mSpeed=0.4089433,mHasBearing=true,mBearing=326.6991,mHasAccuracy=true,mAccuracy=30.0,mExtras=Bundle[mParcelledData.dataSize=4]] Previous Region = (2,0)
I/CameraCloud( 1062): 1333728163550: GPS x/long:-71.10126041578641, GPS y/lat: 42.36406891077855. Region width in x: 51.96152422706632
I/CameraCloud( 1062): 1333728163550: location PINPOINTS to region = 2.0, previous 2
I/CameraCloud( 1062): 1333728163551: stay at region 2
I/CameraCloud( 1062): 1333728163551: .......... GPS onLocationChanged ...... 
I/CameraCloud( 1062): 1333728163552: Loc = Location[mProvider=gps,mTime=1333814556000,mLatitude=42.364070277579344,mLongitude=-71.10127612507708,mHasAltitude=true,mAltitude=-21.0,mHasSpeed=true,mSpeed=0.43587255,mHasBearing=true,mBearing=303.6887,mHasAccuracy=true,mAccuracy=30.0,mExtras=Bundle[mParcelledData.dataSize=4]] Previous Region = (2,0)
I/CameraCloud( 1062): 1333728163553: GPS x/long:-71.10127612507708, GPS y/lat: 42.364070277579344. Region width in x: 51.96152422706632
I/CameraCloud( 1062): 1333728163554: location PINPOINTS to region = 2.0, previous 2
I/CameraCloud( 1062): 1333728163555: stay at region 2
I/CameraCloud( 1062): 1333728163555: .......... GPS onLocationChanged ...... 
I/CameraCloud( 1062): 1333728163556: Loc = Location[mProvider=gps,mTime=1333814557000,mLatitude=42.36407462705131,mLongitude=-71.10129643181374,mHasAltitude=true,mAltitude=-20.0,mHasSpeed=true,mSpeed=0.0,mHasBearing=true,mBearing=313.2866,mHasAccuracy=true,mAccuracy=30.0,mExtras=Bundle[mParcelledData.dataSize=4]] Previous Region = (2,0)
I/CameraCloud( 1062): 1333728163557: GPS x/long:-71.10129643181374, GPS y/lat: 42.36407462705131. Region width in x: 51.96152422706632
I/CameraCloud( 1062): 1333728163557: location PINPOINTS to region = 2.0, previous 2
I/CameraCloud( 1062): 1333728163557: stay at region 2
I/CameraCloud( 1062): 1333728163558: .......... GPS onLocationChanged ...... 
I/CameraCloud( 1062): 1333728163559: Loc = Location[mProvider=gps,mTime=1333814561000,mLatitude=42.36407664888886,mLongitude=-71.10130845938592,mHasAltitude=true,mAltitude=-23.0,mHasSpeed=true,mSpeed=0.20765443,mHasBearing=true,mBearing=289.62814,mHasAccuracy=true,mAccuracy=30.0,mExtras=Bundle[mParcelledData.dataSize=4]] Previous Region = (2,0)
I/CameraCloud( 1062): 1333728163559: GPS x/long:-71.10130845938592, GPS y/lat: 42.36407664888886. Region width in x: 51.96152422706632
I/CameraCloud( 1062): 1333728163559: location PINPOINTS to region = 2.0, previous 2
I/CameraCloud( 1062): 1333728163560: stay at region 2
I/CameraCloud( 1062): 1333728163560: .......... GPS onLocationChanged ...... 
I/CameraCloud( 1062): 1333728163561: Loc = Location[mProvider=gps,mTime=1333814563000,mLatitude=42.364079172109946,mLongitude=-71.10132344649236,mHasAltitude=true,mAltitude=-22.0,mHasSpeed=true,mSpeed=0.2705684,mHasBearing=true,mBearing=285.32697,mHasAccuracy=true,mAccuracy=30.0,mExtras=Bundle[mParcelledData.dataSize=4]] Previous Region = (2,0)
I/CameraCloud( 1062): 1333728163561: GPS x/long:-71.10132344649236, GPS y/lat: 42.364079172109946. Region width in x: 51.96152422706632
I/CameraCloud( 1062): 1333728163561: location PINPOINTS to region = 2.0, previous 2
I/CameraCloud( 1062): 1333728163562: stay at region 2
W/InputManagerService(  151): Window already focused, ignoring focus gain of: com.android.internal.view.IInputMethodClient$Stub$Proxy@41690110
I/CameraCloud( 1062): 1333728164481: .......... GPS onLocationChanged ...... 
I/CameraCloud( 1062): 1333728164482: Loc = Location[mProvider=gps,mTime=1333814565000,mLatitude=42.364081804611054,mLongitude=-71.10134508764152,mHasAltitude=true,mAltitude=-22.0,mHasSpeed=true,mSpeed=0.0,mHasBearing=true,mBearing=276.30865,mHasAccuracy=true,mAccuracy=30.0,mExtras=Bundle[mParcelledData.dataSize=4]] Previous Region = (2,0)
I/CameraCloud( 1062): 1333728164482: GPS x/long:-71.10134508764152, GPS y/lat: 42.364081804611054. Region width in x: 51.96152422706632
I/CameraCloud( 1062): 1333728164483: location PINPOINTS to region = 2.0, previous 2
I/CameraCloud( 1062): 1333728164483: stay at region 2
I/CameraCloud( 1062): 1333728165494: .......... GPS onLocationChanged ...... 
I/CameraCloud( 1062): 1333728165494: Loc = Location[mProvider=gps,mTime=1333814566000,mLatitude=42.36408384798936,mLongitude=-71.10136449443358,mHasAltitude=true,mAltitude=-23.0,mHasSpeed=true,mSpeed=0.0,mHasBearing=true,mBearing=280.204,mHasAccuracy=true,mAccuracy=30.0,mExtras=Bundle[mParcelledData.dataSize=4]] Previous Region = (2,0)
I/CameraCloud( 1062): 1333728165495: GPS x/long:-71.10136449443358, GPS y/lat: 42.36408384798936. Region width in x: 51.96152422706632
I/CameraCloud( 1062): 1333728165495: location PINPOINTS to region = 2.0, previous 2
I/CameraCloud( 1062): 1333728165496: stay at region 2
I/CameraCloud( 1062): 1333728166483: .......... GPS onLocationChanged ...... 
I/CameraCloud( 1062): 1333728166484: Loc = Location[mProvider=gps,mTime=1333814567000,mLatitude=42.36408596588942,mLongitude=-71.1013769375779,mHasAltitude=true,mAltitude=-23.0,mHasSpeed=true,mSpeed=0.39178193,mHasBearing=true,mBearing=280.83087,mHasAccuracy=true,mAccuracy=30.0,mExtras=Bundle[mParcelledData.dataSize=4]] Previous Region = (2,0)
I/CameraCloud( 1062): 1333728166485: GPS x/long:-71.1013769375779, GPS y/lat: 42.36408596588942. Region width in x: 51.96152422706632
I/CameraCloud( 1062): 1333728166486: location PINPOINTS to region = 2.0, previous 2
I/CameraCloud( 1062): 1333728166487: stay at region 2
I/CameraCloud( 1062): 1333728166805: canPressButton = TRUE
I/CameraCloud( 1062): 1333728166807: areButtonsEnabled --> false 
I/CameraCloud( 1062): 1333728166808: Inside get photo disableButtons XXX
D/AudioHardware(   81): AudioHardware pcm playback is exiting standby.
D/AudioHardware(   81): openPcmOut_l() mPcmOpenCnt: 0
I/CameraCloud( 1062): 1333728166860: takeNum=4 takeCamGood=4 takeGoodSave=4 takeBad=0 getNum=6 getGood=5 getBad=0
I/CameraCloud( 1062): 1333728166860: ** Clicked getphotos Button from region 2 **
I/CameraCloud( 1062): 1333728166861: Trying to get photo from server, about to call serverRequest()
I/CameraCloud( 1062): 1333728166861: Server request to url: http://hermes5.csail.mit.edu:8213/102/2/0/
I/CameraCloud( 1062): 1333728166873: Cloud server request length: 12
I/CameraCloud( 1062): 1333728166873: about to execute HTTP POST
I/CameraCloud( 1062): 1333728166874: in serverRequest() about to httpclient.execute()
D/AudioHardware(   81): AudioHardware pcm playback is going to standby.
D/AudioHardware(   81): closePcmOut_l() mPcmOpenCnt: 1
W/Smack/Packet(  457): notify conn break (IOEx), close connection
D/ConnectivityService(  151): handleInetConditionHoldEnd: net=0, condition=0, published condition=0
D/dalvikvm(  151): GC_EXPLICIT freed 619K, 15% free 12369K/14407K, paused 2ms+7ms
I/EventLogService(  457): Aggregate from 1333726741695 (log), 1333726375489 (data)
I/ServiceDumpSys(  457): dumping service [account]
I/CameraCloud( 1062): 1333728179857: CameraCloud Execute HTTP latency: 12982ms
I/CameraCloud( 1062): 1333728179858: finished executing HTTP POST, get data
I/CameraCloud( 1062): 1333728179870: make input stream reader for data
I/CameraCloud( 1062): 1333728179880: Cloud response length: 45772
I/CameraCloud( 1062): 1333728179881: Returning cloud object
I/CameraCloud( 1062): 1333728180509: CameraCloud download photo latency = 13647
I/CameraCloud( 1062): 1333728180509: CameraCloud download start 1333728166861 ~ stop 1333728180508
I/CameraCloud( 1062): 1333728180509: takeNum=4 takeCamGood=4 takeGoodSave=4 takeBad=0 getNum=6 getGood=6 getBad=0
I/CameraCloud( 1062): 1333728180509: Success! Client getting photo from cloud server, showing photo...
I/CameraCloud( 1062): 1333728180510: Remote photo's length: 4808
D/dalvikvm( 1062): GC_EXPLICIT freed 356K, 22% free 10170K/12999K, paused 2ms+3ms
I/CameraCloud( 1062): 1333728180571: Done with Get photos button for region 2
I/CameraCloud( 1062): 1333728180572: Inside _enableButtons
I/CameraCloud( 1062): 1333728180572: areButtonsEnabled --> true
I/CameraCloud( 1062): 1333728180636: .......... GPS onLocationChanged ...... 
I/CameraCloud( 1062): 1333728180637: Loc = Location[mProvider=gps,mTime=1333814569000,mLatitude=42.3640909545796,mLongitude=-71.10139498650435,mHasAltitude=true,mAltitude=-22.0,mHasSpeed=true,mSpeed=0.4290843,mHasBearing=true,mBearing=284.19434,mHasAccuracy=true,mAccuracy=15.0,mExtras=Bundle[mParcelledData.dataSize=4]] Previous Region = (2,0)
I/CameraCloud( 1062): 1333728180638: GPS x/long:-71.10139498650435, GPS y/lat: 42.3640909545796. Region width in x: 51.96152422706632
I/CameraCloud( 1062): 1333728180638: location PINPOINTS to region = 2.0, previous 2
I/CameraCloud( 1062): 1333728180638: stay at region 2
I/CameraCloud( 1062): 1333728180639: .......... GPS onLocationChanged ...... 
I/CameraCloud( 1062): 1333728180640: Loc = Location[mProvider=gps,mTime=1333814571000,mLatitude=42.36409641980582,mLongitude=-71.10140937322585,mHasAltitude=true,mAltitude=-22.0,mHasSpeed=true,mSpeed=0.45850572,mHasBearing=true,mBearing=286.30893,mHasAccuracy=true,mAccuracy=15.0,mExtras=Bundle[mParcelledData.dataSize=4]] Previous Region = (2,0)
I/CameraCloud( 1062): 1333728180641: GPS x/long:-71.10140937322585, GPS y/lat: 42.36409641980582. Region width in x: 51.96152422706632
I/CameraCloud( 1062): 1333728180641: location PINPOINTS to region = 2.0, previous 2
I/CameraCloud( 1062): 1333728180642: stay at region 2
I/CameraCloud( 1062): 1333728180643: .......... GPS onLocationChanged ...... 
I/CameraCloud( 1062): 1333728180643: Loc = Location[mProvider=gps,mTime=1333814573000,mLatitude=42.364102446372094,mLongitude=-71.10141933502253,mHasAltitude=true,mAltitude=-23.0,mHasSpeed=true,mSpeed=0.0,mHasBearing=true,mBearing=283.36215,mHasAccuracy=true,mAccuracy=15.0,mExtras=Bundle[mParcelledData.dataSize=4]] Previous Region = (2,0)
I/CameraCloud( 1062): 1333728180644: GPS x/long:-71.10141933502253, GPS y/lat: 42.364102446372094. Region width in x: 51.96152422706632
I/CameraCloud( 1062): 1333728180644: location PINPOINTS to region = 2.0, previous 2
I/CameraCloud( 1062): 1333728180644: stay at region 2
I/CameraCloud( 1062): 1333728180645: .......... GPS onLocationChanged ...... 
I/CameraCloud( 1062): 1333728180646: Loc = Location[mProvider=gps,mTime=1333814576000,mLatitude=42.36411102524319,mLongitude=-71.10143046921203,mHasAltitude=true,mAltitude=-22.0,mHasSpeed=true,mSpeed=0.5091051,mHasBearing=true,mBearing=287.422,mHasAccuracy=true,mAccuracy=15.0,mExtras=Bundle[mParcelledData.dataSize=4]] Previous Region = (2,0)
I/CameraCloud( 1062): 1333728180646: GPS x/long:-71.10143046921203, GPS y/lat: 42.36411102524319. Region width in x: 51.96152422706632
I/CameraCloud( 1062): 1333728180646: location PINPOINTS to region = 2.0, previous 2
I/CameraCloud( 1062): 1333728180647: stay at region 2
I/CameraCloud( 1062): 1333728180647: .......... GPS onLocationChanged ...... 
I/CameraCloud( 1062): 1333728180648: Loc = Location[mProvider=gps,mTime=1333814580000,mLatitude=42.36410864728583,mLongitude=-71.10141686487673,mHasAltitude=true,mAltitude=-22.0,mHasSpeed=true,mSpeed=0.0,mHasBearing=true,mBearing=231.32182,mHasAccuracy=true,mAccuracy=15.0,mExtras=Bundle[mParcelledData.dataSize=4]] Previous Region = (2,0)
I/CameraCloud( 1062): 1333728180649: GPS x/long:-71.10141686487673, GPS y/lat: 42.36410864728583. Region width in x: 51.96152422706632
I/CameraCloud( 1062): 1333728180649: location PINPOINTS to region = 2.0, previous 2
I/CameraCloud( 1062): 1333728180649: stay at region 2
W/InputManagerService(  151): Window already focused, ignoring focus gain of: com.android.internal.view.IInputMethodClient$Stub$Proxy@414a8120
I/CameraCloud( 1062): 1333728183897: canPressButton = TRUE
I/CameraCloud( 1062): 1333728183899: areButtonsEnabled --> false 
I/CameraCloud( 1062): 1333728183900: Inside get photo disableButtons XXX
D/AudioHardware(   81): AudioHardware pcm playback is exiting standby.
D/AudioHardware(   81): openPcmOut_l() mPcmOpenCnt: 0
I/CameraCloud( 1062): 1333728183974: takeNum=4 takeCamGood=4 takeGoodSave=4 takeBad=0 getNum=7 getGood=6 getBad=0
I/CameraCloud( 1062): 1333728183975: ** Clicked getphotos Button from region 3 **
I/CameraCloud( 1062): 1333728183975: Trying to get photo from server, about to call serverRequest()
I/CameraCloud( 1062): 1333728183975: Server request to url: http://hermes5.csail.mit.edu:8213/102/3/0/
I/CameraCloud( 1062): 1333728184017: Cloud server request length: 12
I/CameraCloud( 1062): 1333728184018: about to execute HTTP POST
I/CameraCloud( 1062): 1333728184018: in serverRequest() about to httpclient.execute()
D/dalvikvm( 1062): GC_CONCURRENT freed 411K, 22% free 10188K/12999K, paused 8ms+5ms
D/AudioHardware(   81): AudioHardware pcm playback is going to standby.
D/AudioHardware(   81): closePcmOut_l() mPcmOpenCnt: 1
I/CameraCloud( 1062): 1333728204401: CameraCloud Execute HTTP latency: 20383ms
I/CameraCloud( 1062): 1333728204402: finished executing HTTP POST, get data
I/CameraCloud( 1062): 1333728204402: make input stream reader for data
I/CameraCloud( 1062): 1333728204403: Cloud response length: 41289
I/CameraCloud( 1062): 1333728204403: Returning cloud object
I/CameraCloud( 1062): 1333728208237: CameraCloud download photo latency = 24262
I/CameraCloud( 1062): 1333728208238: CameraCloud download start 1333728183975 ~ stop 1333728208237
I/CameraCloud( 1062): 1333728208238: takeNum=4 takeCamGood=4 takeGoodSave=4 takeBad=0 getNum=7 getGood=7 getBad=0
I/CameraCloud( 1062): 1333728208238: Success! Client getting photo from cloud server, showing photo...
I/CameraCloud( 1062): 1333728208239: Remote photo's length: 4344
D/dalvikvm( 1062): GC_EXPLICIT freed 188K, 22% free 10177K/12999K, paused 12ms+5ms
I/CameraCloud( 1062): 1333728208299: Done with Get photos button for region 3
I/CameraCloud( 1062): 1333728208300: Inside _enableButtons
I/CameraCloud( 1062): 1333728208300: areButtonsEnabled --> true
I/CameraCloud( 1062): 1333728208384: .......... GPS onLocationChanged ...... 
I/CameraCloud( 1062): 1333728208385: Loc = Location[mProvider=gps,mTime=1333814588000,mLatitude=42.36410740683447,mLongitude=-71.10142989910793,mHasAltitude=true,mAltitude=-22.0,mHasSpeed=true,mSpeed=0.4128468,mHasBearing=true,mBearing=260.5852,mHasAccuracy=true,mAccuracy=15.0,mExtras=Bundle[mParcelledData.dataSize=4]] Previous Region = (2,0)
I/CameraCloud( 1062): 1333728208385: GPS x/long:-71.10142989910793, GPS y/lat: 42.36410740683447. Region width in x: 51.96152422706632
I/CameraCloud( 1062): 1333728208385: location PINPOINTS to region = 2.0, previous 2
I/CameraCloud( 1062): 1333728208386: stay at region 2
I/CameraCloud( 1062): 1333728208391: .......... GPS onLocationChanged ...... 
I/CameraCloud( 1062): 1333728208392: Loc = Location[mProvider=gps,mTime=1333814600000,mLatitude=42.364117860442576,mLongitude=-71.10141679924071,mHasAltitude=true,mAltitude=-22.0,mHasSpeed=true,mSpeed=0.0,mHasBearing=true,mBearing=322.0502,mHasAccuracy=true,mAccuracy=10.0,mExtras=Bundle[mParcelledData.dataSize=4]] Previous Region = (2,0)
I/CameraCloud( 1062): 1333728208392: GPS x/long:-71.10141679924071, GPS y/lat: 42.364117860442576. Region width in x: 51.96152422706632
I/CameraCloud( 1062): 1333728208393: location PINPOINTS to region = 2.0, previous 2
I/CameraCloud( 1062): 1333728208393: stay at region 2
I/CameraCloud( 1062): 1333728208395: .......... GPS onLocationChanged ...... 
I/CameraCloud( 1062): 1333728208398: Loc = Location[mProvider=gps,mTime=1333814605000,mLatitude=42.36413699310091,mLongitude=-71.10137861219596,mHasAltitude=true,mAltitude=-22.0,mHasSpeed=true,mSpeed=0.0,mHasBearing=true,mBearing=298.31635,mHasAccuracy=true,mAccuracy=15.0,mExtras=Bundle[mParcelledData.dataSize=4]] Previous Region = (2,0)
I/CameraCloud( 1062): 1333728208398: GPS x/long:-71.10137861219596, GPS y/lat: 42.36413699310091. Region width in x: 51.96152422706632
I/CameraCloud( 1062): 1333728208400: location PINPOINTS to region = 2.0, previous 2
I/CameraCloud( 1062): 1333728208401: stay at region 2
I/CameraCloud( 1062): 1333728208402: .......... GPS onLocationChanged ...... 
I/CameraCloud( 1062): 1333728208405: Loc = Location[mProvider=gps,mTime=1333814606000,mLatitude=42.3641419526334,mLongitude=-71.10136119628999,mHasAltitude=true,mAltitude=-23.0,mHasSpeed=true,mSpeed=0.0,mHasBearing=true,mBearing=295.8148,mHasAccuracy=true,mAccuracy=10.0,mExtras=Bundle[mParcelledData.dataSize=4]] Previous Region = (2,0)
I/CameraCloud( 1062): 1333728208405: GPS x/long:-71.10136119628999, GPS y/lat: 42.3641419526334. Region width in x: 51.96152422706632
I/CameraCloud( 1062): 1333728208417: location PINPOINTS to region = 2.0, previous 2
I/CameraCloud( 1062): 1333728208417: stay at region 2
I/CameraCloud( 1062): 1333728208422: .......... GPS onLocationChanged ...... 
I/CameraCloud( 1062): 1333728208422: Loc = Location[mProvider=gps,mTime=1333814608000,mLatitude=42.364147152322325,mLongitude=-71.1013486307945,mHasAltitude=true,mAltitude=-23.0,mHasSpeed=true,mSpeed=0.0,mHasBearing=true,mBearing=290.40332,mHasAccuracy=true,mAccuracy=10.0,mExtras=Bundle[mParcelledData.dataSize=4]] Previous Region = (2,0)
I/CameraCloud( 1062): 1333728208423: GPS x/long:-71.1013486307945, GPS y/lat: 42.364147152322325. Region width in x: 51.96152422706632
I/CameraCloud( 1062): 1333728208423: location PINPOINTS to region = 2.0, previous 2
I/CameraCloud( 1062): 1333728208423: stay at region 2
D/dalvikvm(  151): GC_CONCURRENT freed 707K, 15% free 12388K/14407K, paused 2ms+5ms
W/InputManagerService(  151): Window already focused, ignoring focus gain of: com.android.internal.view.IInputMethodClient$Stub$Proxy@41749c80
I/CameraCloud( 1062): 1333728212464: .......... GPS onLocationChanged ...... 
I/CameraCloud( 1062): 1333728212465: Loc = Location[mProvider=gps,mTime=1333814613000,mLatitude=42.36414346944055,mLongitude=-71.10136127182616,mHasAltitude=true,mAltitude=-22.0,mHasSpeed=true,mSpeed=0.10702459,mHasBearing=true,mBearing=255.27301,mHasAccuracy=true,mAccuracy=15.0,mExtras=Bundle[mParcelledData.dataSize=4]] Previous Region = (2,0)
I/CameraCloud( 1062): 1333728212466: GPS x/long:-71.10136127182616, GPS y/lat: 42.36414346944055. Region width in x: 51.96152422706632
