I/CameraCloud( 1062): 1333728212466: location PINPOINTS to region = 2.0, previous 2
I/CameraCloud( 1062): 1333728212466: stay at region 2
D/dalvikvm(  314): GC_CONCURRENT freed 419K, 6% free 9504K/10055K, paused 3ms+2ms
I/CameraCloud( 1062): 1333728214459: .......... GPS onLocationChanged ...... 
I/CameraCloud( 1062): 1333728214460: Loc = Location[mProvider=gps,mTime=1333814615000,mLatitude=42.364146877484735,mLongitude=-71.10137952885839,mHasAltitude=true,mAltitude=-22.0,mHasSpeed=true,mSpeed=0.0,mHasBearing=true,mBearing=257.5566,mHasAccuracy=true,mAccuracy=10.0,mExtras=Bundle[mParcelledData.dataSize=4]] Previous Region = (2,0)
I/CameraCloud( 1062): 1333728214461: GPS x/long:-71.10137952885839, GPS y/lat: 42.364146877484735. Region width in x: 51.96152422706632
I/CameraCloud( 1062): 1333728214462: location PINPOINTS to region = 2.0, previous 2
I/CameraCloud( 1062): 1333728214462: stay at region 2
D/dalvikvm( 1062): GC_CONCURRENT freed 410K, 22% free 10153K/12999K, paused 2ms+2ms
I/CameraCloud( 1062): 1333728215493: .......... GPS onLocationChanged ...... 
I/CameraCloud( 1062): 1333728215494: Loc = Location[mProvider=gps,mTime=1333814616000,mLatitude=42.36414414880738,mLongitude=-71.10139491034029,mHasAltitude=true,mAltitude=-22.0,mHasSpeed=true,mSpeed=0.25981236,mHasBearing=true,mBearing=252.85092,mHasAccuracy=true,mAccuracy=10.0,mExtras=Bundle[mParcelledData.dataSize=4]] Previous Region = (2,0)
I/CameraCloud( 1062): 1333728215495: GPS x/long:-71.10139491034029, GPS y/lat: 42.36414414880738. Region width in x: 51.96152422706632
I/CameraCloud( 1062): 1333728215497: location PINPOINTS to region = 2.0, previous 2
I/CameraCloud( 1062): 1333728215498: stay at region 2
I/CameraCloud( 1062): 1333728216461: .......... GPS onLocationChanged ...... 
I/CameraCloud( 1062): 1333728216462: Loc = Location[mProvider=gps,mTime=1333814617000,mLatitude=42.36414128843421,mLongitude=-71.1014076991341,mHasAltitude=true,mAltitude=-22.0,mHasSpeed=true,mSpeed=0.32490826,mHasBearing=true,mBearing=251.38924,mHasAccuracy=true,mAccuracy=10.0,mExtras=Bundle[mParcelledData.dataSize=4]] Previous Region = (2,0)
I/CameraCloud( 1062): 1333728216462: GPS x/long:-71.1014076991341, GPS y/lat: 42.36414128843421. Region width in x: 51.96152422706632
I/CameraCloud( 1062): 1333728216463: location PINPOINTS to region = 2.0, previous 2
I/CameraCloud( 1062): 1333728216463: stay at region 2
I/CameraCloud( 1062): 1333728218460: .......... GPS onLocationChanged ...... 
I/CameraCloud( 1062): 1333728218461: Loc = Location[mProvider=gps,mTime=1333814619000,mLatitude=42.364144732190226,mLongitude=-71.10142120807365,mHasAltitude=true,mAltitude=-22.0,mHasSpeed=true,mSpeed=0.0,mHasBearing=true,mBearing=256.28488,mHasAccuracy=true,mAccuracy=15.0,mExtras=Bundle[mParcelledData.dataSize=4]] Previous Region = (2,0)
I/CameraCloud( 1062): 1333728218461: GPS x/long:-71.10142120807365, GPS y/lat: 42.364144732190226. Region width in x: 51.96152422706632
I/CameraCloud( 1062): 1333728218462: location PINPOINTS to region = 2.0, previous 2
I/CameraCloud( 1062): 1333728218462: stay at region 2
I/CameraCloud( 1062): 1333728222487: .......... GPS onLocationChanged ...... 
I/CameraCloud( 1062): 1333728222489: Loc = Location[mProvider=gps,mTime=1333814623000,mLatitude=42.364139877895056,mLongitude=-71.10140876484542,mHasAltitude=true,mAltitude=-22.0,mHasSpeed=true,mSpeed=0.0,mHasBearing=true,mBearing=234.09834,mHasAccuracy=true,mAccuracy=10.0,mExtras=Bundle[mParcelledData.dataSize=4]] Previous Region = (2,0)
I/CameraCloud( 1062): 1333728222489: GPS x/long:-71.10140876484542, GPS y/lat: 42.364139877895056. Region width in x: 51.96152422706632
I/CameraCloud( 1062): 1333728222490: location PINPOINTS to region = 2.0, previous 2
I/CameraCloud( 1062): 1333728222490: stay at region 2
I/CameraCloud( 1062): 1333728224482: .......... GPS onLocationChanged ...... 
I/CameraCloud( 1062): 1333728224483: Loc = Location[mProvider=gps,mTime=1333814625000,mLatitude=42.364130011525184,mLongitude=-71.10139007714957,mHasAltitude=true,mAltitude=-22.0,mHasSpeed=true,mSpeed=0.0,mHasBearing=true,mBearing=220.7831,mHasAccuracy=true,mAccuracy=10.0,mExtras=Bundle[mParcelledData.dataSize=4]] Previous Region = (2,0)
I/CameraCloud( 1062): 1333728224484: GPS x/long:-71.10139007714957, GPS y/lat: 42.364130011525184. Region width in x: 51.96152422706632
I/CameraCloud( 1062): 1333728224484: location PINPOINTS to region = 2.0, previous 2
I/CameraCloud( 1062): 1333728224484: stay at region 2
I/CameraCloud( 1062): 1333728225459: .......... GPS onLocationChanged ...... 
I/CameraCloud( 1062): 1333728225460: Loc = Location[mProvider=gps,mTime=1333814626000,mLatitude=42.364124284374384,mLongitude=-71.10137941889523,mHasAltitude=true,mAltitude=-22.0,mHasSpeed=true,mSpeed=0.0,mHasBearing=true,mBearing=211.3174,mHasAccuracy=true,mAccuracy=10.0,mExtras=Bundle[mParcelledData.dataSize=4]] Previous Region = (2,0)
I/CameraCloud( 1062): 1333728225461: GPS x/long:-71.10137941889523, GPS y/lat: 42.364124284374384. Region width in x: 51.96152422706632
I/CameraCloud( 1062): 1333728225461: location PINPOINTS to region = 2.0, previous 2
I/CameraCloud( 1062): 1333728225461: stay at region 2
I/CameraCloud( 1062): 1333728227482: .......... GPS onLocationChanged ...... 
I/CameraCloud( 1062): 1333728227483: Loc = Location[mProvider=gps,mTime=1333814628000,mLatitude=42.36411381523974,mLongitude=-71.10136235215796,mHasAltitude=true,mAltitude=-22.0,mHasSpeed=true,mSpeed=0.0,mHasBearing=true,mBearing=221.54398,mHasAccuracy=true,mAccuracy=10.0,mExtras=Bundle[mParcelledData.dataSize=4]] Previous Region = (2,0)
I/CameraCloud( 1062): 1333728227484: GPS x/long:-71.10136235215796, GPS y/lat: 42.36411381523974. Region width in x: 51.96152422706632
I/CameraCloud( 1062): 1333728227484: location PINPOINTS to region = 2.0, previous 2
I/CameraCloud( 1062): 1333728227484: stay at region 2
I/CameraCloud( 1062): 1333728231460: .......... GPS onLocationChanged ...... 
I/CameraCloud( 1062): 1333728231461: Loc = Location[mProvider=gps,mTime=1333814632000,mLatitude=42.36411941468707,mLongitude=-71.10133734723226,mHasAltitude=true,mAltitude=-22.0,mHasSpeed=true,mSpeed=0.0,mHasBearing=true,mBearing=260.40457,mHasAccuracy=true,mAccuracy=10.0,mExtras=Bundle[mParcelledData.dataSize=4]] Previous Region = (2,0)
I/CameraCloud( 1062): 1333728231461: GPS x/long:-71.10133734723226, GPS y/lat: 42.36411941468707. Region width in x: 51.96152422706632
I/CameraCloud( 1062): 1333728231462: location PINPOINTS to region = 2.0, previous 2
I/CameraCloud( 1062): 1333728231462: stay at region 2
I/CameraCloud( 1062): 1333728234460: .......... GPS onLocationChanged ...... 
I/CameraCloud( 1062): 1333728234465: Loc = Location[mProvider=gps,mTime=1333814635000,mLatitude=42.364111294456144,mLongitude=-71.10132971038003,mHasAltitude=true,mAltitude=-24.0,mHasSpeed=true,mSpeed=0.0,mHasBearing=true,mBearing=231.38821,mHasAccuracy=true,mAccuracy=10.0,mExtras=Bundle[mParcelledData.dataSize=4]] Previous Region = (2,0)
I/CameraCloud( 1062): 1333728234465: GPS x/long:-71.10132971038003, GPS y/lat: 42.364111294456144. Region width in x: 51.96152422706632
I/CameraCloud( 1062): 1333728234466: location PINPOINTS to region = 2.0, previous 2
I/CameraCloud( 1062): 1333728234466: stay at region 2
I/CameraCloud( 1062): 1333728237446: .......... GPS onLocationChanged ...... 
I/CameraCloud( 1062): 1333728237447: Loc = Location[mProvider=gps,mTime=1333814638000,mLatitude=42.36410005926297,mLongitude=-71.10132463583628,mHasAltitude=true,mAltitude=-26.0,mHasSpeed=true,mSpeed=0.5270783,mHasBearing=true,mBearing=222.5353,mHasAccuracy=true,mAccuracy=15.0,mExtras=Bundle[mParcelledData.dataSize=4]] Previous Region = (2,0)
I/CameraCloud( 1062): 1333728237447: GPS x/long:-71.10132463583628, GPS y/lat: 42.36410005926297. Region width in x: 51.96152422706632
I/CameraCloud( 1062): 1333728237448: location PINPOINTS to region = 2.0, previous 2
I/CameraCloud( 1062): 1333728237448: stay at region 2
I/CameraCloud( 1062): 1333728239442: .......... GPS onLocationChanged ...... 
I/CameraCloud( 1062): 1333728239443: Loc = Location[mProvider=gps,mTime=1333814640000,mLatitude=42.36408614823243,mLongitude=-71.1013264451157,mHasAltitude=true,mAltitude=-20.0,mHasSpeed=true,mSpeed=0.5558775,mHasBearing=true,mBearing=220.80125,mHasAccuracy=true,mAccuracy=10.0,mExtras=Bundle[mParcelledData.dataSize=4]] Previous Region = (2,0)
I/CameraCloud( 1062): 1333728239443: GPS x/long:-71.1013264451157, GPS y/lat: 42.36408614823243. Region width in x: 51.96152422706632
I/CameraCloud( 1062): 1333728239444: location PINPOINTS to region = 2.0, previous 2
I/CameraCloud( 1062): 1333728239444: stay at region 2
I/CameraCloud( 1062): 1333728242447: .......... GPS onLocationChanged ...... 
I/CameraCloud( 1062): 1333728242448: Loc = Location[mProvider=gps,mTime=1333814643000,mLatitude=42.36409081069999,mLongitude=-71.10134060636943,mHasAltitude=true,mAltitude=-21.0,mHasSpeed=true,mSpeed=0.37832558,mHasBearing=true,mBearing=277.61472,mHasAccuracy=true,mAccuracy=10.0,mExtras=Bundle[mParcelledData.dataSize=4]] Previous Region = (2,0)
I/CameraCloud( 1062): 1333728242448: GPS x/long:-71.10134060636943, GPS y/lat: 42.36409081069999. Region width in x: 51.96152422706632
I/CameraCloud( 1062): 1333728242451: location PINPOINTS to region = 2.0, previous 2
I/CameraCloud( 1062): 1333728242452: stay at region 2
I/CameraCloud( 1062): 1333728244266: canPressButton = TRUE
I/CameraCloud( 1062): 1333728244267: areButtonsEnabled --> false
I/CameraCloud( 1062): 1333728244267: disabling buttons ...
I/CameraCloud( 1062): 1333728244268: new pic disableButtons XXX
I/CameraCloud( 1062): 1333728244268: areButtonsEnabled --> false
D/AudioHardware(   81): AudioHardware pcm playback is exiting standby.
D/AudioHardware(   81): openPcmOut_l() mPcmOpenCnt: 0
I/CameraCloud( 1062): 1333728244318: takeNum=5 takeCamGood=4 takeGoodSave=4 takeBad=0 getNum=7 getGood=7 getBad=0
I/CameraCloud( 1062): 1333728244318: ** Clicked take picture button **
I/CameraSurfaceView( 1062): inside getCamera()
I/CameraHardwareSec(   81): int android::CameraHardwareSec::previewThreadWrapper(): calling mSecCamera->stopPreview() and waiting
I/SecCamera(   81): int android::fimc_v4l2_querybuf(int, android::fimc_buffer*, v4l2_buf_type) :
I/SecCamera(   81): int android::fimc_v4l2_querybuf(int, android::fimc_buffer*, v4l2_buf_type): buffer->start = 0x44217000 v4l2_buf.length = 4261248
I/CameraCloud( 1062): 1333728244467: .......... GPS onLocationChanged ...... 
I/CameraCloud( 1062): 1333728244470: Loc = Location[mProvider=gps,mTime=1333814645000,mLatitude=42.36409544584547,mLongitude=-71.10135462071487,mHasAltitude=true,mAltitude=-21.0,mHasSpeed=true,mSpeed=0.43711916,mHasBearing=true,mBearing=274.12845,mHasAccuracy=true,mAccuracy=10.0,mExtras=Bundle[mParcelledData.dataSize=4]] Previous Region = (2,0)
I/CameraCloud( 1062): 1333728244470: GPS x/long:-71.10135462071487, GPS y/lat: 42.36409544584547. Region width in x: 51.96152422706632
I/CameraCloud( 1062): 1333728244470: location PINPOINTS to region = 2.0, previous 2
I/CameraCloud( 1062): 1333728244471: stay at region 2
I/CameraHardwareSec(   81): == Camera Sensor Detect S5K4ECGX - Samsung LSI SOC 5M ==
D/dalvikvm(  151): GC_CONCURRENT freed 722K, 15% free 12385K/14407K, paused 3ms+9ms
D/JpegEncoder(   81): encode E
D/JpegEncoder(   81): encode X
D/SecCamera(   81): Shutter speed=1295 us, iso=50
D/SecCamera(   81): AV=3, TV=10, SV=4
D/JpegEncoder(   81): makeExif E
D/JpegEncoder(   81): makeExif X
I/SecCamera(   81): int android::SecCamera::endSnapshot() :
I/SecCamera(   81): munmap():virt. addr 0x44217000 size = 4261248
D/dalvikvm( 1062): GC_FOR_ALLOC freed 184K, 22% free 10182K/12999K, paused 18ms
I/dalvikvm-heap( 1062): Grow heap (frag case) to 11.752MB for 1820003-byte allocation
D/dalvikvm( 1062): GC_CONCURRENT freed 12K, 9% free 11948K/12999K, paused 1ms+2ms
I/CameraCloud( 1062): 1333728245115: inside HandlePictureStorage onPictureTaken()
I/CameraCloud( 1062): 1333728245116: takeNum=5 takeCamGood=5 takeGoodSave=4 takeBad=0 getNum=7 getGood=7 getBad=0
D/CameraHardwareSec(   81): mPreviewHeap(fd(35), size(518400), width(720), height(480))
I/CameraHardwareSec(   81): int android::CameraHardwareSec::previewThreadWrapper(): return from wait
I/CameraCloud( 1062): 1333728245527: Picture successfully taken, ORIG BYTE LENGTH = 1819987
D/dalvikvm( 1062): GC_EXPLICIT freed 2K, 9% free 11948K/12999K, paused 8ms+2ms
I/CameraCloud( 1062): 1333728245826: Our new height x width: 240 x 320
I/CameraCloud( 1062): 1333728245827: Show photo from handle my camera take
I/CameraCloud( 1062): 1333728245827: client making photo packet to send to leader
I/CameraCloud( 1062): 1333728245839: BYTE SIZE AFTER COMPRESSION: 3777
I/CameraCloud( 1062): 1333728245840: sending new pic ....
I/CameraCloud( 1062): 1333728245840: Server request to url: http://hermes5.csail.mit.edu:8213/101/2/0/
I/CameraCloud( 1062): 1333728245937: Cloud server request length: 13188
I/CameraCloud( 1062): 1333728245938: about to execute HTTP POST
I/CameraCloud( 1062): 1333728245938: in serverRequest() about to httpclient.execute()
D/AudioHardware(   81): AudioHardware pcm playback is going to standby.
D/AudioHardware(   81): closePcmOut_l() mPcmOpenCnt: 1
D/dalvikvm(  710): GC_CONCURRENT freed 384K, 7% free 10055K/10759K, paused 8ms+3ms
I/CameraCloud( 1062): 1333728292337: CameraCloud Execute HTTP latency: 46399ms
I/CameraCloud( 1062): 1333728292345: finished executing HTTP POST, get data
I/CameraCloud( 1062): 1333728292355: make input stream reader for data
I/CameraCloud( 1062): 1333728292382: Cloud response length: 18
I/CameraCloud( 1062): 1333728292399: Returning cloud object
I/CameraCloud( 1062): 1333728292419: CameraCloud upload new photo latency = 46579
I/CameraCloud( 1062): 1333728292420: CameraCloud upload start 1333728245840 ~ stop 1333728292419
I/CameraCloud( 1062): 1333728292420: takeNum=5 takeCamGood=5 takeGoodSave=5 takeBad=0 getNum=7 getGood=7 getBad=0
I/CameraCloud( 1062): 1333728292420: SUCCESS! Client now knows saving photo on cloud server succeeded
I/CameraCloud( 1062): 1333728292420: RETURN STATUS: 12
I/CameraCloud( 1062): 1333728292420: Inside _enableButtons
I/CameraCloud( 1062): 1333728292421: areButtonsEnabled --> true
I/CameraCloud( 1062): 1333728292421: end of client send picture method
I/CameraCloud( 1062): 1333728292485: .......... GPS onLocationChanged ...... 
I/CameraCloud( 1062): 1333728292486: Loc = Location[mProvider=gps,mTime=1333814654000,mLatitude=42.3640821503511,mLongitude=-71.10134584276736,mHasAltitude=true,mAltitude=-19.0,mHasSpeed=true,mSpeed=0.0,mHasBearing=true,mBearing=178.11343,mHasAccuracy=true,mAccuracy=15.0,mExtras=Bundle[mParcelledData.dataSize=4]] Previous Region = (2,0)
I/CameraCloud( 1062): 1333728292487: GPS x/long:-71.10134584276736, GPS y/lat: 42.3640821503511. Region width in x: 51.96152422706632
I/CameraCloud( 1062): 1333728292487: location PINPOINTS to region = 2.0, previous 2
I/CameraCloud( 1062): 1333728292487: stay at region 2
I/CameraCloud( 1062): 1333728292488: .......... GPS onLocationChanged ...... 
I/CameraCloud( 1062): 1333728292500: Loc = Location[mProvider=gps,mTime=1333814668000,mLatitude=42.36408495615166,mLongitude=-71.10132179669732,mHasAltitude=true,mAltitude=-23.0,mHasSpeed=true,mSpeed=0.0,mHasBearing=true,mBearing=91.69489,mHasAccuracy=true,mAccuracy=15.0,mExtras=Bundle[mParcelledData.dataSize=4]] Previous Region = (2,0)
I/CameraCloud( 1062): 1333728292500: GPS x/long:-71.10132179669732, GPS y/lat: 42.36408495615166. Region width in x: 51.96152422706632
I/CameraCloud( 1062): 1333728292501: location PINPOINTS to region = 2.0, previous 2
I/CameraCloud( 1062): 1333728292501: stay at region 2
I/CameraCloud( 1062): 1333728292502: .......... GPS onLocationChanged ...... 
I/CameraCloud( 1062): 1333728292502: Loc = Location[mProvider=gps,mTime=1333814670000,mLatitude=42.364095821013,mLongitude=-71.10131072790024,mHasAltitude=true,mAltitude=-22.0,mHasSpeed=true,mSpeed=0.0,mHasBearing=true,mBearing=91.69489,mHasAccuracy=true,mAccuracy=15.0,mExtras=Bundle[mParcelledData.dataSize=4]] Previous Region = (2,0)
I/CameraCloud( 1062): 1333728292503: GPS x/long:-71.10131072790024, GPS y/lat: 42.364095821013. Region width in x: 51.96152422706632
I/CameraCloud( 1062): 1333728292503: location PINPOINTS to region = 2.0, previous 2
I/CameraCloud( 1062): 1333728292503: stay at region 2
I/CameraCloud( 1062): 1333728292504: .......... GPS onLocationChanged ...... 
I/CameraCloud( 1062): 1333728292505: Loc = Location[mProvider=gps,mTime=1333814673000,mLatitude=42.364108476829934,mLongitude=-71.10130751337248,mHasAltitude=true,mAltitude=-22.0,mHasSpeed=true,mSpeed=0.3148892,mHasBearing=true,mBearing=15.205223,mHasAccuracy=true,mAccuracy=20.0,mExtras=Bundle[mParcelledData.dataSize=4]] Previous Region = (2,0)
I/CameraCloud( 1062): 1333728292505: GPS x/long:-71.10130751337248, GPS y/lat: 42.364108476829934. Region width in x: 51.96152422706632
I/CameraCloud( 1062): 1333728292505: location PINPOINTS to region = 2.0, previous 2
I/CameraCloud( 1062): 1333728292506: stay at region 2
I/CameraCloud( 1062): 1333728292506: .......... GPS onLocationChanged ...... 
I/CameraCloud( 1062): 1333728292507: Loc = Location[mProvider=gps,mTime=1333814676000,mLatitude=42.364099071560375,mLongitude=-71.1013321703592,mHasAltitude=true,mAltitude=-23.0,mHasSpeed=true,mSpeed=0.3761307,mHasBearing=true,mBearing=255.17403,mHasAccuracy=true,mAccuracy=20.0,mExtras=Bundle[mParcelledData.dataSize=4]] Previous Region = (2,0)
I/CameraCloud( 1062): 1333728292507: GPS x/long:-71.1013321703592, GPS y/lat: 42.364099071560375. Region width in x: 51.96152422706632
I/CameraCloud( 1062): 1333728292507: location PINPOINTS to region = 2.0, previous 2
I/CameraCloud( 1062): 1333728292508: stay at region 2
I/CameraCloud( 1062): 1333728292508: .......... GPS onLocationChanged ...... 
I/CameraCloud( 1062): 1333728292509: Loc = Location[mProvider=gps,mTime=1333814678000,mLatitude=42.36409183297149,mLongitude=-71.10134450878067,mHasAltitude=true,mAltitude=-22.0,mHasSpeed=true,mSpeed=0.39103636,mHasBearing=true,mBearing=243.93433,mHasAccuracy=true,mAccuracy=20.0,mExtras=Bundle[mParcelledData.dataSize=4]] Previous Region = (2,0)
I/CameraCloud( 1062): 1333728292509: GPS x/long:-71.10134450878067, GPS y/lat: 42.36409183297149. Region width in x: 51.96152422706632
I/CameraCloud( 1062): 1333728292509: location PINPOINTS to region = 2.0, previous 2
I/CameraCloud( 1062): 1333728292510: stay at region 2
I/CameraCloud( 1062): 1333728292510: .......... GPS onLocationChanged ...... 
I/CameraCloud( 1062): 1333728292511: Loc = Location[mProvider=gps,mTime=1333814680000,mLatitude=42.364083610533065,mLongitude=-71.10135705985581,mHasAltitude=true,mAltitude=-23.0,mHasSpeed=true,mSpeed=0.41491103,mHasBearing=true,mBearing=237.40721,mHasAccuracy=true,mAccuracy=20.0,mExtras=Bundle[mParcelledData.dataSize=4]] Previous Region = (2,0)
I/CameraCloud( 1062): 1333728292512: GPS x/long:-71.10135705985581, GPS y/lat: 42.364083610533065. Region width in x: 51.96152422706632
I/CameraCloud( 1062): 1333728292512: location PINPOINTS to region = 2.0, previous 2
I/CameraCloud( 1062): 1333728292512: stay at region 2
I/CameraCloud( 1062): 1333728292513: .......... GPS onLocationChanged ...... 
I/CameraCloud( 1062): 1333728292514: Loc = Location[mProvider=gps,mTime=1333814681000,mLatitude=42.36407812117686,mLongitude=-71.10137045461944,mHasAltitude=true,mAltitude=-23.0,mHasSpeed=true,mSpeed=0.45802018,mHasBearing=true,mBearing=239.7288,mHasAccuracy=true,mAccuracy=20.0,mExtras=Bundle[mParcelledData.dataSize=4]] Previous Region = (2,0)
I/CameraCloud( 1062): 1333728292514: GPS x/long:-71.10137045461944, GPS y/lat: 42.36407812117686. Region width in x: 51.96152422706632
I/CameraCloud( 1062): 1333728292514: location PINPOINTS to region = 2.0, previous 2
I/CameraCloud( 1062): 1333728292515: stay at region 2
I/CameraCloud( 1062): 1333728292515: .......... GPS onLocationChanged ...... 
I/CameraCloud( 1062): 1333728292516: Loc = Location[mProvider=gps,mTime=1333814682000,mLatitude=42.36407169519843,mLongitude=-71.1013864651922,mHasAltitude=true,mAltitude=-22.0,mHasSpeed=true,mSpeed=0.5053918,mHasBearing=true,mBearing=239.20313,mHasAccuracy=true,mAccuracy=20.0,mExtras=Bundle[mParcelledData.dataSize=4]] Previous Region = (2,0)
I/CameraCloud( 1062): 1333728292516: GPS x/long:-71.1013864651922, GPS y/lat: 42.36407169519843. Region width in x: 51.96152422706632
I/CameraCloud( 1062): 1333728292517: location PINPOINTS to region = 2.0, previous 2
I/CameraCloud( 1062): 1333728292517: stay at region 2
I/CameraCloud( 1062): 1333728292517: .......... GPS onLocationChanged ...... 
I/CameraCloud( 1062): 1333728292518: Loc = Location[mProvider=gps,mTime=1333814683000,mLatitude=42.36405780980144,mLongitude=-71.1014092479927,mHasAltitude=true,mAltitude=-22.0,mHasSpeed=true,mSpeed=0.5723625,mHasBearing=true,mBearing=232.41179,mHasAccuracy=true,mAccuracy=20.0,mExtras=Bundle[mParcelledData.dataSize=4]] Previous Region = (2,0)
I/CameraCloud( 1062): 1333728292518: GPS x/long:-71.1014092479927, GPS y/lat: 42.36405780980144. Region width in x: 51.96152422706632
I/CameraCloud( 1062): 1333728292519: location PINPOINTS to region = 2.0, previous 2
I/CameraCloud( 1062): 1333728292519: stay at region 2
I/CameraCloud( 1062): 1333728292520: .......... GPS onLocationChanged ...... 
I/CameraCloud( 1062): 1333728292520: Loc = Location[mProvider=gps,mTime=1333814687000,mLatitude=42.36400866366604,mLongitude=-71.10148048987601,mHasAltitude=true,mAltitude=-22.0,mHasSpeed=true,mSpeed=0.79898864,mHasBearing=true,mBearing=224.68196,mHasAccuracy=true,mAccuracy=25.0,mExtras=Bundle[mParcelledData.dataSize=4]] Previous Region = (2,0)
I/CameraCloud( 1062): 1333728292521: GPS x/long:-71.10148048987601, GPS y/lat: 42.36400866366604. Region width in x: 51.96152422706632
I/CameraCloud( 1062): 1333728292521: location PINPOINTS to region = 2.0, previous 2
I/CameraCloud( 1062): 1333728292521: stay at region 2
I/CameraCloud( 1062): 1333728292522: .......... GPS onLocationChanged ...... 
I/CameraCloud( 1062): 1333728292532: Loc = Location[mProvider=gps,mTime=1333814688000,mLatitude=42.3639953409619,mLongitude=-71.10150308467267,mHasAltitude=true,mAltitude=-22.0,mHasSpeed=true,mSpeed=0.87194175,mHasBearing=true,mBearing=227.13637,mHasAccuracy=true,mAccuracy=25.0,mExtras=Bundle[mParcelledData.dataSize=4]] Previous Region = (2,0)
I/CameraCloud( 1062): 1333728292532: GPS x/long:-71.10150308467267, GPS y/lat: 42.3639953409619. Region width in x: 51.96152422706632
I/CameraCloud( 1062): 1333728292533: location PINPOINTS to region = 2.0, previous 2
I/CameraCloud( 1062): 1333728292533: stay at region 2
I/CameraCloud( 1062): 1333728292534: .......... GPS onLocationChanged ...... 
I/CameraCloud( 1062): 1333728292534: Loc = Location[mProvider=gps,mTime=1333814689000,mLatitude=42.36398248325715,mLongitude=-71.10152576284815,mHasAltitude=true,mAltitude=-23.0,mHasSpeed=true,mSpeed=0.94265753,mHasBearing=true,mBearing=228.97432,mHasAccuracy=true,mAccuracy=25.0,mExtras=Bundle[mParcelledData.dataSize=4]] Previous Region = (2,0)
I/CameraCloud( 1062): 1333728292535: GPS x/long:-71.10152576284815, GPS y/lat: 42.36398248325715. Region width in x: 51.96152422706632
I/CameraCloud( 1062): 1333728292535: location PINPOINTS to region = 2.0, previous 2
I/CameraCloud( 1062): 1333728292535: stay at region 2
I/CameraCloud( 1062): 1333728292536: .......... GPS onLocationChanged ...... 
I/CameraCloud( 1062): 1333728292537: Loc = Location[mProvider=gps,mTime=1333814690000,mLatitude=42.36397003855439,mLongitude=-71.10155295131325,mHasAltitude=true,mAltitude=-23.0,mHasSpeed=true,mSpeed=1.014784,mHasBearing=true,mBearing=235.97423,mHasAccuracy=true,mAccuracy=25.0,mExtras=Bundle[mParcelledData.dataSize=4]] Previous Region = (2,0)
I/CameraCloud( 1062): 1333728292537: GPS x/long:-71.10155295131325, GPS y/lat: 42.36397003855439. Region width in x: 51.96152422706632
I/CameraCloud( 1062): 1333728292538: location PINPOINTS to region = 2.0, previous 2
I/CameraCloud( 1062): 1333728292538: stay at region 2
I/CameraCloud( 1062): 1333728292538: .......... GPS onLocationChanged ...... 
I/CameraCloud( 1062): 1333728292539: Loc = Location[mProvider=gps,mTime=1333814691000,mLatitude=42.36395665938101,mLongitude=-71.10158459022513,mHasAltitude=true,mAltitude=-23.0,mHasSpeed=true,mSpeed=0.0,mHasBearing=true,mBearing=232.67784,mHasAccuracy=true,mAccuracy=30.0,mExtras=Bundle[mParcelledData.dataSize=4]] Previous Region = (2,0)
I/CameraCloud( 1062): 1333728292540: GPS x/long:-71.10158459022513, GPS y/lat: 42.36395665938101. Region width in x: 51.96152422706632
I/CameraCloud( 1062): 1333728292540: location PINPOINTS to region = 2.0, previous 2
I/CameraCloud( 1062): 1333728292540: stay at region 2
I/CameraCloud( 1062): 1333728292541: .......... GPS onLocationChanged ...... 
I/CameraCloud( 1062): 1333728292541: Loc = Location[mProvider=gps,mTime=1333814692000,mLatitude=42.363944760139965,mLongitude=-71.10160935737944,mHasAltitude=true,mAltitude=-23.0,mHasSpeed=true,mSpeed=1.1335827,mHasBearing=true,mBearing=232.41342,mHasAccuracy=true,mAccuracy=25.0,mExtras=Bundle[mParcelledData.dataSize=4]] Previous Region = (2,0)
I/CameraCloud( 1062): 1333728292542: GPS x/long:-71.10160935737944, GPS y/lat: 42.363944760139965. Region width in x: 51.96152422706632
I/CameraCloud( 1062): 1333728292542: location PINPOINTS to region = 2.0, previous 2
I/CameraCloud( 1062): 1333728292543: stay at region 2
W/InputManagerService(  151): Window already focused, ignoring focus gain of: com.android.internal.view.IInputMethodClient$Stub$Proxy@415b9128
I/CameraCloud( 1062): 1333728294446: .......... GPS onLocationChanged ...... 
I/CameraCloud( 1062): 1333728294447: Loc = Location[mProvider=gps,mTime=1333814695000,mLatitude=42.36391376737266,mLongitude=-71.10167287187397,mHasAltitude=true,mAltitude=-22.0,mHasSpeed=true,mSpeed=1.2743651,mHasBearing=true,mBearing=232.77034,mHasAccuracy=true,mAccuracy=30.0,mExtras=Bundle[mParcelledData.dataSize=4]] Previous Region = (2,0)
I/CameraCloud( 1062): 1333728294447: GPS x/long:-71.10167287187397, GPS y/lat: 42.36391376737266. Region width in x: 51.96152422706632
I/CameraCloud( 1062): 1333728294448: location PINPOINTS to region = 2.0, previous 2
I/CameraCloud( 1062): 1333728294448: stay at region 2
D/dalvikvm( 1062): GC_CONCURRENT freed 2635K, 22% free 10230K/12999K, paused 2ms+4ms
I/CameraCloud( 1062): 1333728295496: .......... GPS onLocationChanged ...... 
I/CameraCloud( 1062): 1333728295497: Loc = Location[mProvider=gps,mTime=1333814696000,mLatitude=42.36390290680785,mLongitude=-71.10169482579258,mHasAltitude=true,mAltitude=-22.0,mHasSpeed=true,mSpeed=1.3214432,mHasBearing=true,mBearing=233.04434,mHasAccuracy=true,mAccuracy=25.0,mExtras=Bundle[mParcelledData.dataSize=4]] Previous Region = (2,0)
I/CameraCloud( 1062): 1333728295497: GPS x/long:-71.10169482579258, GPS y/lat: 42.36390290680785. Region width in x: 51.96152422706632
I/CameraCloud( 1062): 1333728295498: location PINPOINTS to region = 2.0, previous 2
I/CameraCloud( 1062): 1333728295498: stay at region 2
D/dalvikvm(  151): GC_CONCURRENT freed 686K, 14% free 12415K/14407K, paused 12ms+19ms
I/CameraCloud( 1062): 1333728296444: .......... GPS onLocationChanged ...... 
I/CameraCloud( 1062): 1333728296445: Loc = Location[mProvider=gps,mTime=1333814697000,mLatitude=42.363892090322274,mLongitude=-71.10171764445595,mHasAltitude=true,mAltitude=-22.0,mHasSpeed=true,mSpeed=1.3679638,mHasBearing=true,mBearing=233.8416,mHasAccuracy=true,mAccuracy=25.0,mExtras=Bundle[mParcelledData.dataSize=4]] Previous Region = (2,0)
I/CameraCloud( 1062): 1333728296446: GPS x/long:-71.10171764445595, GPS y/lat: 42.363892090322274. Region width in x: 51.96152422706632
I/CameraCloud( 1062): 1333728296446: location PINPOINTS to region = 2.0, previous 2
I/CameraCloud( 1062): 1333728296446: stay at region 2
I/CameraCloud( 1062): 1333728297470: .......... GPS onLocationChanged ...... 
I/CameraCloud( 1062): 1333728297471: Loc = Location[mProvider=gps,mTime=1333814698000,mLatitude=42.36388110677189,mLongitude=-71.10174097585899,mHasAltitude=true,mAltitude=-22.0,mHasSpeed=true,mSpeed=1.4133402,mHasBearing=true,mBearing=234.22923,mHasAccuracy=true,mAccuracy=25.0,mExtras=Bundle[mParcelledData.dataSize=4]] Previous Region = (2,0)
I/CameraCloud( 1062): 1333728297471: GPS x/long:-71.10174097585899, GPS y/lat: 42.36388110677189. Region width in x: 51.96152422706632
I/CameraCloud( 1062): 1333728297472: location PINPOINTS to region = 2.0, previous 2
I/CameraCloud( 1062): 1333728297472: stay at region 2
I/CameraCloud( 1062): 1333728299443: .......... GPS onLocationChanged ...... 
I/CameraCloud( 1062): 1333728299444: Loc = Location[mProvider=gps,mTime=1333814700000,mLatitude=42.36385830179009,mLongitude=-71.10178605880532,mHasAltitude=true,mAltitude=-22.0,mHasSpeed=true,mSpeed=1.5002732,mHasBearing=true,mBearing=234.51088,mHasAccuracy=true,mAccuracy=30.0,mExtras=Bundle[mParcelledData.dataSize=4]] Previous Region = (2,0)
I/CameraCloud( 1062): 1333728299444: GPS x/long:-71.10178605880532, GPS y/lat: 42.36385830179009. Region width in x: 51.96152422706632
I/CameraCloud( 1062): 1333728299445: location PINPOINTS to region = 2.0, previous 2
I/CameraCloud( 1062): 1333728299445: stay at region 2
I/CameraCloud( 1062): 1333728300440: .......... GPS onLocationChanged ...... 
I/CameraCloud( 1062): 1333728300441: Loc = Location[mProvider=gps,mTime=1333814701000,mLatitude=42.363842981592406,mLongitude=-71.10180738852542,mHasAltitude=true,mAltitude=-23.0,mHasSpeed=true,mSpeed=1.5569278,mHasBearing=true,mBearing=231.23915,mHasAccuracy=true,mAccuracy=30.0,mExtras=Bundle[mParcelledData.dataSize=4]] Previous Region = (2,0)
I/CameraCloud( 1062): 1333728300441: GPS x/long:-71.10180738852542, GPS y/lat: 42.363842981592406. Region width in x: 51.96152422706632
I/CameraCloud( 1062): 1333728300441: location PINPOINTS to region = 2.0, previous 2
I/CameraCloud( 1062): 1333728300442: stay at region 2
I/CameraCloud( 1062): 1333728301591: canPressButton = TRUE
I/CameraCloud( 1062): 1333728301591: areButtonsEnabled --> false 
I/CameraCloud( 1062): 1333728301592: Inside get photo disableButtons XXX
D/AudioHardware(   81): AudioHardware pcm playback is exiting standby.
D/AudioHardware(   81): openPcmOut_l() mPcmOpenCnt: 0
I/CameraCloud( 1062): 1333728301665: takeNum=5 takeCamGood=5 takeGoodSave=5 takeBad=0 getNum=8 getGood=7 getBad=0
I/CameraCloud( 1062): 1333728301665: ** Clicked getphotos Button from region 5 **
I/CameraCloud( 1062): 1333728301666: Trying to get photo from server, about to call serverRequest()
I/CameraCloud( 1062): 1333728301666: Server request to url: http://hermes5.csail.mit.edu:8213/102/5/0/
I/CameraCloud( 1062): 1333728301668: Cloud server request length: 12
I/CameraCloud( 1062): 1333728301668: about to execute HTTP POST
I/CameraCloud( 1062): 1333728301669: in serverRequest() about to httpclient.execute()
D/AudioHardware(   81): AudioHardware pcm playback is going to standby.
D/AudioHardware(   81): closePcmOut_l() mPcmOpenCnt: 1
D/dalvikvm(  151): GC_CONCURRENT freed 775K, 15% free 12366K/14407K, paused 3ms+4ms
I/CameraCloud( 1062): 1333728341429: CameraCloud Execute HTTP latency: 39760ms
I/CameraCloud( 1062): 1333728341429: finished executing HTTP POST, get data
I/CameraCloud( 1062): 1333728341430: make input stream reader for data
I/CameraCloud( 1062): 1333728341430: Cloud response length: 31602
I/CameraCloud( 1062): 1333728341431: Returning cloud object
I/CameraCloud( 1062): 1333728342391: CameraCloud download photo latency = 40725
I/CameraCloud( 1062): 1333728342392: CameraCloud download start 1333728301666 ~ stop 1333728342391
I/CameraCloud( 1062): 1333728342392: takeNum=5 takeCamGood=5 takeGoodSave=5 takeBad=0 getNum=8 getGood=8 getBad=0
I/CameraCloud( 1062): 1333728342392: Success! Client getting photo from cloud server, showing photo...
I/CameraCloud( 1062): 1333728342393: Remote photo's length: 3348
D/dalvikvm( 1062): GC_EXPLICIT freed 249K, 22% free 10250K/12999K, paused 2ms+3ms
I/CameraCloud( 1062): 1333728342455: Done with Get photos button for region 5
I/CameraCloud( 1062): 1333728342456: Inside _enableButtons
I/CameraCloud( 1062): 1333728342456: areButtonsEnabled --> true
W/InputManagerService(  151): Window already focused, ignoring focus gain of: com.android.internal.view.IInputMethodClient$Stub$Proxy@4167ecf0
I/CameraCloud( 1062): 1333728348322: canPressButton = TRUE
I/CameraCloud( 1062): 1333728348323: areButtonsEnabled --> false 
I/CameraCloud( 1062): 1333728348324: Inside get photo disableButtons XXX
D/AudioHardware(   81): AudioHardware pcm playback is exiting standby.
D/AudioHardware(   81): openPcmOut_l() mPcmOpenCnt: 0
I/CameraCloud( 1062): 1333728348383: takeNum=5 takeCamGood=5 takeGoodSave=5 takeBad=0 getNum=9 getGood=8 getBad=0
I/CameraCloud( 1062): 1333728348383: ** Clicked getphotos Button from region 4 **
I/CameraCloud( 1062): 1333728348384: Trying to get photo from server, about to call serverRequest()
I/CameraCloud( 1062): 1333728348384: Server request to url: http://hermes5.csail.mit.edu:8213/102/4/0/
I/CameraCloud( 1062): 1333728348386: Cloud server request length: 12
I/CameraCloud( 1062): 1333728348387: about to execute HTTP POST
I/CameraCloud( 1062): 1333728348387: in serverRequest() about to httpclient.execute()
D/dalvikvm(  314): GC_CONCURRENT freed 426K, 6% free 9504K/10055K, paused 2ms+2ms
D/dalvikvm( 1062): GC_CONCURRENT freed 398K, 22% free 10254K/12999K, paused 8ms+2ms
D/AudioHardware(   81): AudioHardware pcm playback is going to standby.
D/AudioHardware(   81): closePcmOut_l() mPcmOpenCnt: 1
D/dalvikvm(  457): GC_CONCURRENT freed 396K, 7% free 9993K/10631K, paused 2ms+6ms
D/dalvikvm(  151): GC_CONCURRENT freed 728K, 14% free 12392K/14407K, paused 7ms+5ms
I/CameraCloud( 1062): 1333728376310: CameraCloud Execute HTTP latency: 27923ms
I/CameraCloud( 1062): 1333728376311: finished executing HTTP POST, get data
I/CameraCloud( 1062): 1333728376311: make input stream reader for data
I/CameraCloud( 1062): 1333728376311: Cloud response length: 40924
I/CameraCloud( 1062): 1333728376312: Returning cloud object
I/CameraCloud( 1062): 1333728377378: CameraCloud download photo latency = 28994
I/CameraCloud( 1062): 1333728377378: CameraCloud download start 1333728348384 ~ stop 1333728377378
I/CameraCloud( 1062): 1333728377389: takeNum=5 takeCamGood=5 takeGoodSave=5 takeBad=0 getNum=9 getGood=9 getBad=0
I/CameraCloud( 1062): 1333728377389: Success! Client getting photo from cloud server, showing photo...
I/CameraCloud( 1062): 1333728377389: Remote photo's length: 4313
D/dalvikvm( 1062): GC_EXPLICIT freed 154K, 22% free 10247K/12999K, paused 2ms+3ms
I/CameraCloud( 1062): 1333728377445: Done with Get photos button for region 4
I/CameraCloud( 1062): 1333728377454: Inside _enableButtons
I/CameraCloud( 1062): 1333728377455: areButtonsEnabled --> true
I/CameraCloud( 1062): 1333728377519: .......... GPS onLocationChanged ...... 
I/CameraCloud( 1062): 1333728377520: Loc = Location[mProvider=gps,mTime=1333814775000,mLatitude=42.363885610776734,mLongitude=-71.10169541770202,mHasAltitude=true,mAltitude=-14.0,mHasSpeed=true,mSpeed=0.30596277,mHasBearing=true,mBearing=227.8513,mHasAccuracy=true,mAccuracy=20.0,mExtras=Bundle[mParcelledData.dataSize=4]] Previous Region = (2,0)
I/CameraCloud( 1062): 1333728377521: GPS x/long:-71.10169541770202, GPS y/lat: 42.363885610776734. Region width in x: 51.96152422706632
I/CameraCloud( 1062): 1333728377521: location PINPOINTS to region = 2.0, previous 2
I/CameraCloud( 1062): 1333728377521: stay at region 2
I/CameraCloud( 1062): 1333728377564: .......... GPS onLocationChanged ...... 
I/CameraCloud( 1062): 1333728377565: Loc = Location[mProvider=gps,mTime=1333814778000,mLatitude=42.36388503906278,mLongitude=-71.10167527958652,mHasAltitude=true,mAltitude=-21.0,mHasSpeed=true,mSpeed=0.0,mHasBearing=true,mBearing=212.26521,mHasAccuracy=true,mAccuracy=15.0,mExtras=Bundle[mParcelledData.dataSize=4]] Previous Region = (2,0)
I/CameraCloud( 1062): 1333728377565: GPS x/long:-71.10167527958652, GPS y/lat: 42.36388503906278. Region width in x: 51.96152422706632
I/CameraCloud( 1062): 1333728377565: location PINPOINTS to region = 2.0, previous 2
W/InputManagerService(  151): Window already focused, ignoring focus gain of: com.android.internal.view.IInputMethodClient$Stub$Proxy@416d14c8
I/CameraCloud( 1062): 1333728377566: stay at region 2
D/dalvikvm(  710): GC_CONCURRENT freed 396K, 7% free 10045K/10759K, paused 29ms+2ms
I/CameraCloud( 1062): 1333728378473: .......... GPS onLocationChanged ...... 
I/CameraCloud( 1062): 1333728378474: Loc = Location[mProvider=gps,mTime=1333814779000,mLatitude=42.363909970239916,mLongitude=-71.1015888880946,mHasAltitude=true,mAltitude=-22.0,mHasSpeed=true,mSpeed=0.0,mHasBearing=true,mBearing=212.79918,mHasAccuracy=true,mAccuracy=10.0,mExtras=Bundle[mParcelledData.dataSize=4]] Previous Region = (2,0)
I/CameraCloud( 1062): 1333728378474: GPS x/long:-71.1015888880946, GPS y/lat: 42.363909970239916. Region width in x: 51.96152422706632
I/CameraCloud( 1062): 1333728378475: location PINPOINTS to region = 2.0, previous 2
I/CameraCloud( 1062): 1333728378475: stay at region 2
I/CameraCloud( 1062): 1333728379474: .......... GPS onLocationChanged ...... 
I/CameraCloud( 1062): 1333728379476: Loc = Location[mProvider=gps,mTime=1333814780000,mLatitude=42.363929763542146,mLongitude=-71.10153984081997,mHasAltitude=true,mAltitude=-21.0,mHasSpeed=true,mSpeed=0.23476921,mHasBearing=true,mBearing=210.58813,mHasAccuracy=true,mAccuracy=10.0,mExtras=Bundle[mParcelledData.dataSize=4]] Previous Region = (2,0)
I/CameraCloud( 1062): 1333728379492: GPS x/long:-71.10153984081997, GPS y/lat: 42.363929763542146. Region width in x: 51.96152422706632
I/CameraCloud( 1062): 1333728379493: location PINPOINTS to region = 2.0, previous 2
I/CameraCloud( 1062): 1333728379493: stay at region 2
I/CameraCloud( 1062): 1333728382524: .......... GPS onLocationChanged ...... 
I/CameraCloud( 1062): 1333728382525: Loc = Location[mProvider=gps,mTime=1333814783000,mLatitude=42.36396268828076,mLongitude=-71.10149163162079,mHasAltitude=true,mAltitude=-21.0,mHasSpeed=true,mSpeed=0.0,mHasBearing=true,mBearing=201.94356,mHasAccuracy=true,mAccuracy=10.0,mExtras=Bundle[mParcelledData.dataSize=4]] Previous Region = (2,0)
I/CameraCloud( 1062): 1333728382525: GPS x/long:-71.10149163162079, GPS y/lat: 42.36396268828076. Region width in x: 51.96152422706632
I/CameraCloud( 1062): 1333728382525: location PINPOINTS to region = 2.0, previous 2
I/CameraCloud( 1062): 1333728382526: stay at region 2
I/CameraCloud( 1062): 1333728384626: canPressButton = TRUE
I/CameraCloud( 1062): 1333728384627: areButtonsEnabled --> false
I/CameraCloud( 1062): 1333728384637: disabling buttons ...
I/CameraCloud( 1062): 1333728384638: new pic disableButtons XXX
I/CameraCloud( 1062): 1333728384638: areButtonsEnabled --> false
D/AudioHardware(   81): AudioHardware pcm playback is exiting standby.
D/AudioHardware(   81): openPcmOut_l() mPcmOpenCnt: 0
I/CameraCloud( 1062): 1333728384788: takeNum=6 takeCamGood=5 takeGoodSave=5 takeBad=0 getNum=9 getGood=9 getBad=0
I/CameraCloud( 1062): 1333728384789: ** Clicked take picture button **
I/CameraSurfaceView( 1062): inside getCamera()
D/dalvikvm( 1062): GC_CONCURRENT freed 399K, 22% free 10266K/12999K, paused 3ms+3ms
I/CameraHardwareSec(   81): int android::CameraHardwareSec::previewThreadWrapper(): calling mSecCamera->stopPreview() and waiting
I/SecCamera(   81): int android::fimc_v4l2_querybuf(int, android::fimc_buffer*, v4l2_buf_type) :
I/SecCamera(   81): int android::fimc_v4l2_querybuf(int, android::fimc_buffer*, v4l2_buf_type): buffer->start = 0x44135000 v4l2_buf.length = 4261248
I/CameraHardwareSec(   81): == Camera Sensor Detect S5K4ECGX - Samsung LSI SOC 5M ==
D/JpegEncoder(   81): encode E
D/JpegEncoder(   81): encode X
D/SecCamera(   81): Shutter speed=1215 us, iso=50
D/SecCamera(   81): AV=3, TV=10, SV=4
D/JpegEncoder(   81): makeExif E
D/JpegEncoder(   81): makeExif X
I/SecCamera(   81): int android::SecCamera::endSnapshot() :
I/SecCamera(   81): munmap():virt. addr 0x44135000 size = 4261248
I/dalvikvm(  151): Jit: resizing JitTable from 8192 to 16384
D/dalvikvm( 1062): GC_FOR_ALLOC freed 39K, 22% free 10229K/12999K, paused 30ms
I/dalvikvm-heap( 1062): Grow heap (frag case) to 11.830MB for 1853147-byte allocation
D/dalvikvm( 1062): GC_CONCURRENT freed 4K, 19% free 12034K/14855K, paused 2ms+2ms
I/CameraCloud( 1062): 1333728385561: inside HandlePictureStorage onPictureTaken()
I/CameraCloud( 1062): 1333728385562: takeNum=6 takeCamGood=6 takeGoodSave=5 takeBad=0 getNum=9 getGood=9 getBad=0
D/CameraHardwareSec(   81): mPreviewHeap(fd(35), size(518400), width(720), height(480))
I/CameraHardwareSec(   81): int android::CameraHardwareSec::previewThreadWrapper(): return from wait
I/CameraCloud( 1062): 1333728385993: Picture successfully taken, ORIG BYTE LENGTH = 1853131
D/dalvikvm( 1062): GC_EXPLICIT freed 2K, 19% free 12035K/14855K, paused 16ms+3ms
I/CameraCloud( 1062): 1333728386264: Our new height x width: 240 x 320
I/CameraCloud( 1062): 1333728386264: Show photo from handle my camera take
I/CameraCloud( 1062): 1333728386265: client making photo packet to send to leader
I/CameraCloud( 1062): 1333728386288: BYTE SIZE AFTER COMPRESSION: 3471
I/CameraCloud( 1062): 1333728386289: sending new pic ....
I/CameraCloud( 1062): 1333728386289: Server request to url: http://hermes5.csail.mit.edu:8213/101/2/0/
I/CameraCloud( 1062): 1333728386391: Cloud server request length: 12067
I/CameraCloud( 1062): 1333728386392: about to execute HTTP POST
I/CameraCloud( 1062): 1333728386392: in serverRequest() about to httpclient.execute()
D/AudioHardware(   81): AudioHardware pcm playback is going to standby.
D/AudioHardware(   81): closePcmOut_l() mPcmOpenCnt: 1
D/dalvikvm(  151): GC_CONCURRENT freed 724K, 14% free 12395K/14407K, paused 4ms+15ms
D/dalvikvm(  151): GC_CONCURRENT freed 731K, 15% free 12382K/14407K, paused 3ms+6ms
I/CameraCloud( 1062): 1333728439918: CameraCloud Execute HTTP latency: 53525ms
I/CameraCloud( 1062): 1333728439920: finished executing HTTP POST, get data
I/CameraCloud( 1062): 1333728439921: make input stream reader for data
I/CameraCloud( 1062): 1333728439942: Cloud response length: 18
I/CameraCloud( 1062): 1333728439944: Returning cloud object
I/CameraCloud( 1062): 1333728440002: CameraCloud upload new photo latency = 53713
I/CameraCloud( 1062): 1333728440002: CameraCloud upload start 1333728386289 ~ stop 1333728440002
I/CameraCloud( 1062): 1333728440003: takeNum=6 takeCamGood=6 takeGoodSave=6 takeBad=0 getNum=9 getGood=9 getBad=0
I/CameraCloud( 1062): 1333728440003: SUCCESS! Client now knows saving photo on cloud server succeeded
I/CameraCloud( 1062): 1333728440003: RETURN STATUS: 12
I/CameraCloud( 1062): 1333728440003: Inside _enableButtons
I/CameraCloud( 1062): 1333728440004: areButtonsEnabled --> true
I/CameraCloud( 1062): 1333728440004: end of client send picture method
I/CameraCloud( 1062): 1333728440045: .......... GPS onLocationChanged ...... 
I/CameraCloud( 1062): 1333728440057: Loc = Location[mProvider=gps,mTime=1333814792000,mLatitude=42.36398531392611,mLongitude=-71.1014543363847,mHasAltitude=true,mAltitude=-23.0,mHasSpeed=true,mSpeed=0.0,mHasBearing=true,mBearing=238.38988,mHasAccuracy=true,mAccuracy=15.0,mExtras=Bundle[mParcelledData.dataSize=4]] Previous Region = (2,0)
I/CameraCloud( 1062): 1333728440058: GPS x/long:-71.1014543363847, GPS y/lat: 42.36398531392611. Region width in x: 51.96152422706632
I/CameraCloud( 1062): 1333728440058: location PINPOINTS to region = 2.0, previous 2
I/CameraCloud( 1062): 1333728440059: stay at region 2
I/CameraCloud( 1062): 1333728440059: .......... GPS onLocationChanged ...... 
I/CameraCloud( 1062): 1333728440060: Loc = Location[mProvider=gps,mTime=1333814793000,mLatitude=42.364033017727394,mLongitude=-71.10139760704655,mHasAltitude=true,mAltitude=-23.0,mHasSpeed=true,mSpeed=0.0,mHasBearing=true,mBearing=238.13422,mHasAccuracy=true,mAccuracy=10.0,mExtras=Bundle[mParcelledData.dataSize=4]] Previous Region = (2,0)
I/CameraCloud( 1062): 1333728440060: GPS x/long:-71.10139760704655, GPS y/lat: 42.364033017727394. Region width in x: 51.96152422706632
I/CameraCloud( 1062): 1333728440061: location PINPOINTS to region = 2.0, previous 2
I/CameraCloud( 1062): 1333728440061: stay at region 2
I/CameraCloud( 1062): 1333728440062: .......... GPS onLocationChanged ...... 
I/CameraCloud( 1062): 1333728440062: Loc = Location[mProvider=gps,mTime=1333814794000,mLatitude=42.364052397712925,mLongitude=-71.1013833119159,mHasAltitude=true,mAltitude=-22.0,mHasSpeed=true,mSpeed=0.0,mHasBearing=true,mBearing=237.79237,mHasAccuracy=true,mAccuracy=10.0,mExtras=Bundle[mParcelledData.dataSize=4]] Previous Region = (2,0)
I/CameraCloud( 1062): 1333728440063: GPS x/long:-71.1013833119159, GPS y/lat: 42.364052397712925. Region width in x: 51.96152422706632
I/CameraCloud( 1062): 1333728440063: location PINPOINTS to region = 2.0, previous 2
I/CameraCloud( 1062): 1333728440063: stay at region 2
I/CameraCloud( 1062): 1333728440064: .......... GPS onLocationChanged ...... 
I/CameraCloud( 1062): 1333728440064: Loc = Location[mProvider=gps,mTime=1333814795000,mLatitude=42.36406586646035,mLongitude=-71.10137858672744,mHasAltitude=true,mAltitude=-22.0,mHasSpeed=true,mSpeed=0.0,mHasBearing=true,mBearing=238.32588,mHasAccuracy=true,mAccuracy=10.0,mExtras=Bundle[mParcelledData.dataSize=4]] Previous Region = (2,0)
I/CameraCloud( 1062): 1333728440065: GPS x/long:-71.10137858672744, GPS y/lat: 42.36406586646035. Region width in x: 51.96152422706632
I/CameraCloud( 1062): 1333728440065: location PINPOINTS to region = 2.0, previous 2
I/CameraCloud( 1062): 1333728440065: stay at region 2
I/CameraCloud( 1062): 1333728440066: .......... GPS onLocationChanged ...... 
I/CameraCloud( 1062): 1333728440066: Loc = Location[mProvider=gps,mTime=1333814797000,mLatitude=42.364070065408804,mLongitude=-71.10140254980834,mHasAltitude=true,mAltitude=-22.0,mHasSpeed=true,mSpeed=0.5099401,mHasBearing=true,mBearing=255.63739,mHasAccuracy=true,mAccuracy=15.0,mExtras=Bundle[mParcelledData.dataSize=4]] Previous Region = (2,0)
I/CameraCloud( 1062): 1333728440067: GPS x/long:-71.10140254980834, GPS y/lat: 42.364070065408804. Region width in x: 51.96152422706632
I/CameraCloud( 1062): 1333728440067: location PINPOINTS to region = 2.0, previous 2
I/CameraCloud( 1062): 1333728440067: stay at region 2
I/CameraCloud( 1062): 1333728440068: .......... GPS onLocationChanged ...... 
I/CameraCloud( 1062): 1333728440068: Loc = Location[mProvider=gps,mTime=1333814800000,mLatitude=42.364063219614714,mLongitude=-71.1014163373186,mHasAltitude=true,mAltitude=-22.0,mHasSpeed=true,mSpeed=0.7105662,mHasBearing=true,mBearing=219.13518,mHasAccuracy=true,mAccuracy=10.0,mExtras=Bundle[mParcelledData.dataSize=4]] Previous Region = (2,0)
I/CameraCloud( 1062): 1333728440069: GPS x/long:-71.1014163373186, GPS y/lat: 42.364063219614714. Region width in x: 51.96152422706632
I/CameraCloud( 1062): 1333728440069: location PINPOINTS to region = 2.0, previous 2
I/CameraCloud( 1062): 1333728440069: stay at region 2
I/CameraCloud( 1062): 1333728440070: .......... GPS onLocationChanged ...... 
I/CameraCloud( 1062): 1333728440071: Loc = Location[mProvider=gps,mTime=1333814802000,mLatitude=42.364063467214635,mLongitude=-71.10144170114896,mHasAltitude=true,mAltitude=-23.0,mHasSpeed=true,mSpeed=0.94410723,mHasBearing=true,mBearing=269.51654,mHasAccuracy=true,mAccuracy=10.0,mExtras=Bundle[mParcelledData.dataSize=4]] Previous Region = (2,0)
I/CameraCloud( 1062): 1333728440071: GPS x/long:-71.10144170114896, GPS y/lat: 42.364063467214635. Region width in x: 51.96152422706632
I/CameraCloud( 1062): 1333728440071: location PINPOINTS to region = 2.0, previous 2
I/CameraCloud( 1062): 1333728440071: stay at region 2
I/CameraCloud( 1062): 1333728440072: .......... GPS onLocationChanged ...... 
I/CameraCloud( 1062): 1333728440073: Loc = Location[mProvider=gps,mTime=1333814803000,mLatitude=42.364066188722425,mLongitude=-71.10145404283861,mHasAltitude=true,mAltitude=-22.0,mHasSpeed=true,mSpeed=0.0,mHasBearing=true,mBearing=258.2633,mHasAccuracy=true,mAccuracy=10.0,mExtras=Bundle[mParcelledData.dataSize=4]] Previous Region = (2,0)
I/CameraCloud( 1062): 1333728440073: GPS x/long:-71.10145404283861, GPS y/lat: 42.364066188722425. Region width in x: 51.96152422706632
I/CameraCloud( 1062): 1333728440074: location PINPOINTS to region = 2.0, previous 2
I/CameraCloud( 1062): 1333728440074: stay at region 2
I/CameraCloud( 1062): 1333728440075: .......... GPS onLocationChanged ...... 
I/CameraCloud( 1062): 1333728440075: Loc = Location[mProvider=gps,mTime=1333814806000,mLatitude=42.36406093920569,mLongitude=-71.10146406466819,mHasAltitude=true,mAltitude=-23.0,mHasSpeed=true,mSpeed=1.024867,mHasBearing=true,mBearing=242.71013,mHasAccuracy=true,mAccuracy=15.0,mExtras=Bundle[mParcelledData.dataSize=4]] Previous Region = (2,0)
I/CameraCloud( 1062): 1333728440076: GPS x/long:-71.10146406466819, GPS y/lat: 42.36406093920569. Region width in x: 51.96152422706632
I/CameraCloud( 1062): 1333728440076: location PINPOINTS to region = 2.0, previous 2
I/CameraCloud( 1062): 1333728440076: stay at region 2
I/CameraCloud( 1062): 1333728440077: .......... GPS onLocationChanged ...... 
I/CameraCloud( 1062): 1333728440078: Loc = Location[mProvider=gps,mTime=1333814808000,mLatitude=42.36405404019565,mLongitude=-71.10147510274177,mHasAltitude=true,mAltitude=-22.0,mHasSpeed=true,mSpeed=0.9876408,mHasBearing=true,mBearing=233.10237,mHasAccuracy=true,mAccuracy=15.0,mExtras=Bundle[mParcelledData.dataSize=4]] Previous Region = (2,0)
I/CameraCloud( 1062): 1333728440078: GPS x/long:-71.10147510274177, GPS y/lat: 42.36405404019565. Region width in x: 51.96152422706632
I/CameraCloud( 1062): 1333728440078: location PINPOINTS to region = 2.0, previous 2
I/CameraCloud( 1062): 1333728440088: stay at region 2
I/CameraCloud( 1062): 1333728440089: .......... GPS onLocationChanged ...... 
