I/CameraCloud( 1019): 1333728344904: location PINPOINTS to region = 0.0, previous 0
I/CameraCloud( 1019): 1333728344905: stay at region 0
I/CameraCloud( 1019): 1333728344993: canPressButton = TRUE
I/CameraCloud( 1019): 1333728344994: areButtonsEnabled --> false 
I/CameraCloud( 1019): 1333728344994: Inside get photo disableButtons XXX
D/AudioHardware(   81): AudioHardware pcm playback is exiting standby.
D/AudioHardware(   81): openPcmOut_l() mPcmOpenCnt: 0
I/CameraCloud( 1019): 1333728345029: takeNum=6 takeCamGood=6 takeGoodSave=6 takeBad=0 getNum=9 getGood=8 getBad=0
I/CameraCloud( 1019): 1333728345030: ** Clicked getphotos Button from region 0 **
I/CameraCloud( 1019): 1333728345030: Trying to get photo from server, about to call serverRequest()
I/CameraCloud( 1019): 1333728345030: Server request to url: http://hermes5.csail.mit.edu:8213/102/0/0/
I/CameraCloud( 1019): 1333728345033: Cloud server request length: 12
I/CameraCloud( 1019): 1333728345033: about to execute HTTP POST
I/CameraCloud( 1019): 1333728345034: in serverRequest() about to httpclient.execute()
D/dalvikvm( 1019): GC_CONCURRENT freed 2290K, 27% free 10314K/14023K, paused 10ms+3ms
D/AudioHardware(   81): AudioHardware pcm playback is going to standby.
D/AudioHardware(   81): closePcmOut_l() mPcmOpenCnt: 1
D/dalvikvm(  153): GC_CONCURRENT freed 741K, 15% free 12353K/14407K, paused 2ms+14ms
I/CameraCloud( 1019): 1333728369152: CameraCloud Execute HTTP latency: 24117ms
I/CameraCloud( 1019): 1333728369154: finished executing HTTP POST, get data
I/CameraCloud( 1019): 1333728369155: make input stream reader for data
I/CameraCloud( 1019): 1333728369176: Cloud response length: 28450
I/CameraCloud( 1019): 1333728369180: Returning cloud object
I/CameraCloud( 1019): 1333728374928: CameraCloud download photo latency = 29897
I/CameraCloud( 1019): 1333728374942: CameraCloud download start 1333728345030 ~ stop 1333728374927
I/CameraCloud( 1019): 1333728374942: takeNum=6 takeCamGood=6 takeGoodSave=6 takeBad=0 getNum=9 getGood=9 getBad=0
I/CameraCloud( 1019): 1333728374943: Success! Client getting photo from cloud server, showing photo...
I/CameraCloud( 1019): 1333728374944: Remote photo's length: 3015
D/dalvikvm( 1019): GC_EXPLICIT freed 145K, 27% free 10282K/14023K, paused 5ms+2ms
I/CameraCloud( 1019): 1333728375021: Done with Get photos button for region 0
I/CameraCloud( 1019): 1333728375022: Inside _enableButtons
I/CameraCloud( 1019): 1333728375022: areButtonsEnabled --> true
I/CameraCloud( 1019): 1333728375089: .......... GPS onLocationChanged ...... 
I/CameraCloud( 1019): 1333728375090: Loc = Location[mProvider=gps,mTime=1333814748000,mLatitude=42.36348974559039,mLongitude=-71.10026547575364,mHasAltitude=true,mAltitude=-19.0,mHasSpeed=true,mSpeed=0.5240181,mHasBearing=true,mBearing=149.7579,mHasAccuracy=true,mAccuracy=10.0,mExtras=Bundle[mParcelledData.dataSize=4]] Previous Region = (0,0)
I/CameraCloud( 1019): 1333728375090: GPS x/long:-71.10026547575364, GPS y/lat: 42.36348974559039. Region width in x: 51.96152422706632
I/CameraCloud( 1019): 1333728375091: location PINPOINTS to region = 0.0, previous 0
I/CameraCloud( 1019): 1333728375091: stay at region 0
I/CameraCloud( 1019): 1333728375092: .......... GPS onLocationChanged ...... 
I/CameraCloud( 1019): 1333728375092: Loc = Location[mProvider=gps,mTime=1333814750000,mLatitude=42.36347689590677,mLongitude=-71.10025519459,mHasAltitude=true,mAltitude=-22.0,mHasSpeed=true,mSpeed=0.58140975,mHasBearing=true,mBearing=152.82085,mHasAccuracy=true,mAccuracy=10.0,mExtras=Bundle[mParcelledData.dataSize=4]] Previous Region = (0,0)
I/CameraCloud( 1019): 1333728375093: GPS x/long:-71.10025519459, GPS y/lat: 42.36347689590677. Region width in x: 51.96152422706632
I/CameraCloud( 1019): 1333728375093: location PINPOINTS to region = 0.0, previous 0
I/CameraCloud( 1019): 1333728375093: stay at region 0
I/CameraCloud( 1019): 1333728375094: .......... GPS onLocationChanged ...... 
I/CameraCloud( 1019): 1333728375104: Loc = Location[mProvider=gps,mTime=1333814752000,mLatitude=42.36346495157351,mLongitude=-71.10024547781988,mHasAltitude=true,mAltitude=-22.0,mHasSpeed=true,mSpeed=0.6249379,mHasBearing=true,mBearing=153.48596,mHasAccuracy=true,mAccuracy=10.0,mExtras=Bundle[mParcelledData.dataSize=4]] Previous Region = (0,0)
I/CameraCloud( 1019): 1333728375105: GPS x/long:-71.10024547781988, GPS y/lat: 42.36346495157351. Region width in x: 51.96152422706632
I/CameraCloud( 1019): 1333728375105: location PINPOINTS to region = 0.0, previous 0
I/CameraCloud( 1019): 1333728375105: stay at region 0
I/CameraCloud( 1019): 1333728375106: .......... GPS onLocationChanged ...... 
I/CameraCloud( 1019): 1333728375107: Loc = Location[mProvider=gps,mTime=1333814758000,mLatitude=42.363466496528346,mLongitude=-71.1002858284682,mHasAltitude=true,mAltitude=-19.0,mHasSpeed=true,mSpeed=0.15677737,mHasBearing=true,mBearing=269.5326,mHasAccuracy=true,mAccuracy=10.0,mExtras=Bundle[mParcelledData.dataSize=4]] Previous Region = (0,0)
I/CameraCloud( 1019): 1333728375107: GPS x/long:-71.1002858284682, GPS y/lat: 42.363466496528346. Region width in x: 51.96152422706632
I/CameraCloud( 1019): 1333728375107: location PINPOINTS to region = 0.0, previous 0
I/CameraCloud( 1019): 1333728375108: stay at region 0
I/CameraCloud( 1019): 1333728375108: .......... GPS onLocationChanged ...... 
I/CameraCloud( 1019): 1333728375109: Loc = Location[mProvider=gps,mTime=1333814759000,mLatitude=42.363473118467006,mLongitude=-71.10030173349065,mHasAltitude=true,mAltitude=-20.0,mHasSpeed=true,mSpeed=0.0,mHasBearing=true,mBearing=269.3444,mHasAccuracy=true,mAccuracy=10.0,mExtras=Bundle[mParcelledData.dataSize=4]] Previous Region = (0,0)
I/CameraCloud( 1019): 1333728375109: GPS x/long:-71.10030173349065, GPS y/lat: 42.363473118467006. Region width in x: 51.96152422706632
I/CameraCloud( 1019): 1333728375110: location PINPOINTS to region = 0.0, previous 0
I/CameraCloud( 1019): 1333728375110: stay at region 0
I/CameraCloud( 1019): 1333728375110: .......... GPS onLocationChanged ...... 
I/CameraCloud( 1019): 1333728375111: Loc = Location[mProvider=gps,mTime=1333814764000,mLatitude=42.36348398732826,mLongitude=-71.10030105756924,mHasAltitude=true,mAltitude=-16.0,mHasSpeed=true,mSpeed=0.31542078,mHasBearing=true,mBearing=160.51144,mHasAccuracy=true,mAccuracy=10.0,mExtras=Bundle[mParcelledData.dataSize=4]] Previous Region = (0,0)
I/CameraCloud( 1019): 1333728375111: GPS x/long:-71.10030105756924, GPS y/lat: 42.36348398732826. Region width in x: 51.96152422706632
I/CameraCloud( 1019): 1333728375112: location PINPOINTS to region = 0.0, previous 0
I/CameraCloud( 1019): 1333728375112: stay at region 0
I/CameraCloud( 1019): 1333728375113: .......... GPS onLocationChanged ...... 
I/CameraCloud( 1019): 1333728375113: Loc = Location[mProvider=gps,mTime=1333814766000,mLatitude=42.36349688288051,mLongitude=-71.10030599097117,mHasAltitude=true,mAltitude=-16.0,mHasSpeed=true,mSpeed=0.0,mHasBearing=true,mBearing=166.173,mHasAccuracy=true,mAccuracy=10.0,mExtras=Bundle[mParcelledData.dataSize=4]] Previous Region = (0,0)
I/CameraCloud( 1019): 1333728375113: GPS x/long:-71.10030599097117, GPS y/lat: 42.36349688288051. Region width in x: 51.96152422706632
I/CameraCloud( 1019): 1333728375114: location PINPOINTS to region = 0.0, previous 0
I/CameraCloud( 1019): 1333728375114: stay at region 0
I/CameraCloud( 1019): 1333728375115: .......... GPS onLocationChanged ...... 
I/CameraCloud( 1019): 1333728375141: Loc = Location[mProvider=gps,mTime=1333814769000,mLatitude=42.363506878859276,mLongitude=-71.10030257673787,mHasAltitude=true,mAltitude=-14.0,mHasSpeed=true,mSpeed=0.43433282,mHasBearing=true,mBearing=65.03621,mHasAccuracy=true,mAccuracy=10.0,mExtras=Bundle[mParcelledData.dataSize=4]] Previous Region = (0,0)
I/CameraCloud( 1019): 1333728375143: GPS x/long:-71.10030257673787, GPS y/lat: 42.363506878859276. Region width in x: 51.96152422706632
I/CameraCloud( 1019): 1333728375143: location PINPOINTS to region = 0.0, previous 0
I/CameraCloud( 1019): 1333728375144: stay at region 0
I/CameraCloud( 1019): 1333728375149: .......... GPS onLocationChanged ...... 
I/CameraCloud( 1019): 1333728375150: Loc = Location[mProvider=gps,mTime=1333814775000,mLatitude=42.36351512957131,mLongitude=-71.10029549844525,mHasAltitude=true,mAltitude=-16.0,mHasSpeed=true,mSpeed=0.39268768,mHasBearing=true,mBearing=64.989075,mHasAccuracy=true,mAccuracy=10.0,mExtras=Bundle[mParcelledData.dataSize=4]] Previous Region = (0,0)
I/CameraCloud( 1019): 1333728375150: GPS x/long:-71.10029549844525, GPS y/lat: 42.36351512957131. Region width in x: 51.96152422706632
I/CameraCloud( 1019): 1333728375151: location PINPOINTS to region = 0.0, previous 0
I/CameraCloud( 1019): 1333728375151: stay at region 0
D/dalvikvm( 1019): GC_CONCURRENT freed 416K, 27% free 10269K/14023K, paused 1ms+3ms
W/InputManagerService(  153): Window already focused, ignoring focus gain of: com.android.internal.view.IInputMethodClient$Stub$Proxy@417270d8
I/CameraCloud( 1019): 1333728377583: canPressButton = TRUE
I/CameraCloud( 1019): 1333728377585: areButtonsEnabled --> false 
I/CameraCloud( 1019): 1333728377586: Inside get photo disableButtons XXX
D/AudioHardware(   81): AudioHardware pcm playback is exiting standby.
D/AudioHardware(   81): openPcmOut_l() mPcmOpenCnt: 0
I/CameraCloud( 1019): 1333728377653: takeNum=6 takeCamGood=6 takeGoodSave=6 takeBad=0 getNum=10 getGood=9 getBad=0
I/CameraCloud( 1019): 1333728377653: ** Clicked getphotos Button from region 5 **
I/CameraCloud( 1019): 1333728377654: Trying to get photo from server, about to call serverRequest()
I/CameraCloud( 1019): 1333728377654: Server request to url: http://hermes5.csail.mit.edu:8213/102/5/0/
I/CameraCloud( 1019): 1333728377707: Cloud server request length: 12
I/CameraCloud( 1019): 1333728377708: about to execute HTTP POST
I/CameraCloud( 1019): 1333728377708: in serverRequest() about to httpclient.execute()
D/dalvikvm(  709): GC_CONCURRENT freed 384K, 7% free 10060K/10759K, paused 2ms+4ms
D/AudioHardware(   81): AudioHardware pcm playback is going to standby.
D/AudioHardware(   81): closePcmOut_l() mPcmOpenCnt: 1
D/dalvikvm(  153): GC_CONCURRENT freed 689K, 15% free 12372K/14407K, paused 2ms+15ms
I/CameraCloud( 1019): 1333728428052: CameraCloud Execute HTTP latency: 50344ms
I/CameraCloud( 1019): 1333728428053: finished executing HTTP POST, get data
I/CameraCloud( 1019): 1333728428055: make input stream reader for data
I/CameraCloud( 1019): 1333728428057: Cloud response length: 39372
I/CameraCloud( 1019): 1333728428058: Returning cloud object
D/dalvikvm(  153): GC_EXPLICIT freed 566K, 15% free 12367K/14407K, paused 44ms+6ms
D/dalvikvm(  315): GC_CONCURRENT freed 418K, 6% free 9504K/10055K, paused 1ms+2ms
I/CameraCloud( 1019): 1333728437080: CameraCloud download photo latency = 59426
I/CameraCloud( 1019): 1333728437081: CameraCloud download start 1333728377654 ~ stop 1333728437080
I/CameraCloud( 1019): 1333728437082: takeNum=6 takeCamGood=6 takeGoodSave=6 takeBad=0 getNum=10 getGood=10 getBad=0
I/CameraCloud( 1019): 1333728437082: Success! Client getting photo from cloud server, showing photo...
I/CameraCloud( 1019): 1333728437083: Remote photo's length: 4139
D/dalvikvm( 1019): GC_EXPLICIT freed 206K, 27% free 10303K/14023K, paused 4ms+3ms
I/CameraCloud( 1019): 1333728437144: Done with Get photos button for region 5
I/CameraCloud( 1019): 1333728437144: Inside _enableButtons
I/CameraCloud( 1019): 1333728437144: areButtonsEnabled --> true
I/CameraCloud( 1019): 1333728437209: .......... GPS onLocationChanged ...... 
I/CameraCloud( 1019): 1333728437210: Loc = Location[mProvider=gps,mTime=1333814784000,mLatitude=42.3635256536403,mLongitude=-71.10030721286242,mHasAltitude=true,mAltitude=-9.0,mHasSpeed=true,mSpeed=0.0,mHasBearing=true,mBearing=115.35357,mHasAccuracy=true,mAccuracy=10.0,mExtras=Bundle[mParcelledData.dataSize=4]] Previous Region = (0,0)
I/CameraCloud( 1019): 1333728437210: GPS x/long:-71.10030721286242, GPS y/lat: 42.3635256536403. Region width in x: 51.96152422706632
I/CameraCloud( 1019): 1333728437211: location PINPOINTS to region = 0.0, previous 0
I/CameraCloud( 1019): 1333728437211: stay at region 0
I/CameraCloud( 1019): 1333728437212: .......... GPS onLocationChanged ...... 
I/CameraCloud( 1019): 1333728437213: Loc = Location[mProvider=gps,mTime=1333814796000,mLatitude=42.36354847770415,mLongitude=-71.10032103346799,mHasAltitude=true,mAltitude=-26.0,mHasSpeed=true,mSpeed=0.0,mHasBearing=true,mBearing=194.23732,mHasAccuracy=true,mAccuracy=10.0,mExtras=Bundle[mParcelledData.dataSize=4]] Previous Region = (0,0)
I/CameraCloud( 1019): 1333728437214: GPS x/long:-71.10032103346799, GPS y/lat: 42.36354847770415. Region width in x: 51.96152422706632
I/CameraCloud( 1019): 1333728437214: location PINPOINTS to region = 0.0, previous 0
I/CameraCloud( 1019): 1333728437214: stay at region 0
I/CameraCloud( 1019): 1333728437215: .......... GPS onLocationChanged ...... 
I/CameraCloud( 1019): 1333728437216: Loc = Location[mProvider=gps,mTime=1333814826000,mLatitude=42.36357824297563,mLongitude=-71.10033795542476,mHasAltitude=true,mAltitude=-23.0,mHasSpeed=true,mSpeed=0.11490737,mHasBearing=true,mBearing=333.11478,mHasAccuracy=true,mAccuracy=10.0,mExtras=Bundle[mParcelledData.dataSize=4]] Previous Region = (0,0)
I/CameraCloud( 1019): 1333728437216: GPS x/long:-71.10033795542476, GPS y/lat: 42.36357824297563. Region width in x: 51.96152422706632
I/CameraCloud( 1019): 1333728437216: location PINPOINTS to region = 0.0, previous 0
I/CameraCloud( 1019): 1333728437217: stay at region 0
I/CameraCloud( 1019): 1333728437217: .......... GPS onLocationChanged ...... 
I/CameraCloud( 1019): 1333728437218: Loc = Location[mProvider=gps,mTime=1333814827000,mLatitude=42.36359103784068,mLongitude=-71.10034582546018,mHasAltitude=true,mAltitude=-25.0,mHasSpeed=true,mSpeed=0.0,mHasBearing=true,mBearing=334.14227,mHasAccuracy=true,mAccuracy=10.0,mExtras=Bundle[mParcelledData.dataSize=4]] Previous Region = (0,0)
I/CameraCloud( 1019): 1333728437218: GPS x/long:-71.10034582546018, GPS y/lat: 42.36359103784068. Region width in x: 51.96152422706632
I/CameraCloud( 1019): 1333728437218: location PINPOINTS to region = 0.0, previous 0
I/CameraCloud( 1019): 1333728437219: stay at region 0
I/CameraCloud( 1019): 1333728437219: .......... GPS onLocationChanged ...... 
I/CameraCloud( 1019): 1333728437220: Loc = Location[mProvider=gps,mTime=1333814829000,mLatitude=42.36360023731939,mLongitude=-71.10034430739654,mHasAltitude=true,mAltitude=-29.0,mHasSpeed=true,mSpeed=0.39068866,mHasBearing=true,mBearing=348.96497,mHasAccuracy=true,mAccuracy=15.0,mExtras=Bundle[mParcelledData.dataSize=4]] Previous Region = (0,0)
I/CameraCloud( 1019): 1333728437220: GPS x/long:-71.10034430739654, GPS y/lat: 42.36360023731939. Region width in x: 51.96152422706632
I/CameraCloud( 1019): 1333728437220: location PINPOINTS to region = 0.0, previous 0
I/CameraCloud( 1019): 1333728437221: stay at region 0
W/InputManagerService(  153): Window already focused, ignoring focus gain of: com.android.internal.view.IInputMethodClient$Stub$Proxy@4146aaa0
I/CameraCloud( 1019): 1333728442888: .......... GPS onLocationChanged ...... 
I/CameraCloud( 1019): 1333728442890: Loc = Location[mProvider=gps,mTime=1333814844000,mLatitude=42.36358927212883,mLongitude=-71.10034679549882,mHasAltitude=true,mAltitude=-36.0,mHasSpeed=true,mSpeed=0.28448036,mHasBearing=true,mBearing=292.1698,mHasAccuracy=true,mAccuracy=10.0,mExtras=Bundle[mParcelledData.dataSize=4]] Previous Region = (0,0)
I/CameraCloud( 1019): 1333728442891: GPS x/long:-71.10034679549882, GPS y/lat: 42.36358927212883. Region width in x: 51.96152422706632
I/CameraCloud( 1019): 1333728442901: location PINPOINTS to region = 0.0, previous 0
I/CameraCloud( 1019): 1333728442902: stay at region 0
I/CameraCloud( 1019): 1333728445755: canPressButton = TRUE
I/CameraCloud( 1019): 1333728445755: areButtonsEnabled --> false 
I/CameraCloud( 1019): 1333728445756: Inside get photo disableButtons XXX
D/AudioHardware(   81): AudioHardware pcm playback is exiting standby.
D/AudioHardware(   81): openPcmOut_l() mPcmOpenCnt: 0
I/CameraCloud( 1019): 1333728445902: takeNum=6 takeCamGood=6 takeGoodSave=6 takeBad=0 getNum=11 getGood=10 getBad=0
I/CameraCloud( 1019): 1333728445902: ** Clicked getphotos Button from region 1 **
I/CameraCloud( 1019): 1333728445903: Trying to get photo from server, about to call serverRequest()
I/CameraCloud( 1019): 1333728445903: Server request to url: http://hermes5.csail.mit.edu:8213/102/1/0/
I/CameraCloud( 1019): 1333728445906: Cloud server request length: 12
I/CameraCloud( 1019): 1333728445906: about to execute HTTP POST
I/CameraCloud( 1019): 1333728445906: in serverRequest() about to httpclient.execute()
D/dalvikvm( 1019): GC_CONCURRENT freed 407K, 27% free 10337K/14023K, paused 3ms+15ms
D/AudioHardware(   81): AudioHardware pcm playback is going to standby.
D/AudioHardware(   81): closePcmOut_l() mPcmOpenCnt: 1
I/CameraCloud( 1019): 1333728451711: CameraCloud Execute HTTP latency: 5804ms
I/CameraCloud( 1019): 1333728451713: finished executing HTTP POST, get data
I/CameraCloud( 1019): 1333728451714: make input stream reader for data
I/CameraCloud( 1019): 1333728451742: Cloud response length: 67413
I/CameraCloud( 1019): 1333728451770: Returning cloud object
D/dalvikvm(  153): GC_CONCURRENT freed 737K, 15% free 12350K/14407K, paused 3ms+5ms
I/InputDispatcher(  153): Application is not responding: Window{41756318 edu.mit.haoqili.camera_cloud/edu.mit.haoqili.camera_cloud.CameraCloud paused=false}.  5005.0ms since event, 5004.8ms since wait started
I/Process (  153): Sending signal. PID: 1019 SIG: 3
I/dalvikvm( 1019): threadid=3: reacting to signal 3
I/WindowManager(  153): Input event dispatching timed out sending to edu.mit.haoqili.camera_cloud/edu.mit.haoqili.camera_cloud.CameraCloud
I/dalvikvm( 1019): Wrote stack traces to '/data/anr/traces.txt'
I/Process (  153): Sending signal. PID: 153 SIG: 3
I/dalvikvm(  153): threadid=3: reacting to signal 3
I/dalvikvm(  153): Wrote stack traces to '/data/anr/traces.txt'
I/Process (  153): Sending signal. PID: 315 SIG: 3
I/dalvikvm(  315): threadid=3: reacting to signal 3
I/dalvikvm(  315): Wrote stack traces to '/data/anr/traces.txt'
I/Process (  153): Sending signal. PID: 219 SIG: 3
I/dalvikvm(  219): threadid=3: reacting to signal 3
I/dalvikvm(  219): Wrote stack traces to '/data/anr/traces.txt'
I/Process (  153): Sending signal. PID: 328 SIG: 3
I/dalvikvm(  328): threadid=3: reacting to signal 3
I/dalvikvm(  328): Wrote stack traces to '/data/anr/traces.txt'
D/dalvikvm(  153): GC_CONCURRENT freed 664K, 14% free 12520K/14407K, paused 2ms+5ms
D/dalvikvm(  153): GC_EXPLICIT freed 68K, 14% free 12507K/14407K, paused 3ms+16ms
I/CameraCloud( 1019): 1333728461325: CameraCloud download photo latency = 15422
I/CameraCloud( 1019): 1333728461325: CameraCloud download start 1333728445903 ~ stop 1333728461325
I/CameraCloud( 1019): 1333728461325: takeNum=6 takeCamGood=6 takeGoodSave=6 takeBad=0 getNum=11 getGood=11 getBad=0
I/CameraCloud( 1019): 1333728461326: Success! Client getting photo from cloud server, showing photo...
I/CameraCloud( 1019): 1333728461326: Remote photo's length: 7058
D/dalvikvm( 1019): GC_EXPLICIT freed 260K, 27% free 10317K/14023K, paused 2ms+2ms
I/CameraCloud( 1019): 1333728461396: Done with Get photos button for region 1
I/CameraCloud( 1019): 1333728461397: Inside _enableButtons
I/CameraCloud( 1019): 1333728461397: areButtonsEnabled --> true
I/CameraCloud( 1019): 1333728461445: .......... GPS onLocationChanged ...... 
I/CameraCloud( 1019): 1333728461445: Loc = Location[mProvider=gps,mTime=1333814856000,mLatitude=42.36358340581569,mLongitude=-71.10035707179728,mHasAltitude=true,mAltitude=-26.0,mHasSpeed=true,mSpeed=0.067338444,mHasBearing=true,mBearing=259.01804,mHasAccuracy=true,mAccuracy=10.0,mExtras=Bundle[mParcelledData.dataSize=4]] Previous Region = (0,0)
I/CameraCloud( 1019): 1333728461446: GPS x/long:-71.10035707179728, GPS y/lat: 42.36358340581569. Region width in x: 51.96152422706632
I/CameraCloud( 1019): 1333728461446: location PINPOINTS to region = 0.0, previous 0
I/CameraCloud( 1019): 1333728461446: stay at region 0
I/CameraCloud( 1019): 1333728461447: .......... GPS onLocationChanged ...... 
I/CameraCloud( 1019): 1333728461448: Loc = Location[mProvider=gps,mTime=1333814862000,mLatitude=42.36356359601267,mLongitude=-71.10033627955868,mHasAltitude=true,mAltitude=-23.0,mHasSpeed=true,mSpeed=0.0,mHasBearing=true,mBearing=339.48724,mHasAccuracy=true,mAccuracy=10.0,mExtras=Bundle[mParcelledData.dataSize=4]] Previous Region = (0,0)
I/CameraCloud( 1019): 1333728461448: GPS x/long:-71.10033627955868, GPS y/lat: 42.36356359601267. Region width in x: 51.96152422706632
I/CameraCloud( 1019): 1333728461458: location PINPOINTS to region = 0.0, previous 0
I/CameraCloud( 1019): 1333728461458: stay at region 0
W/InputManagerService(  153): Window already focused, ignoring focus gain of: com.android.internal.view.IInputMethodClient$Stub$Proxy@4170fd90
I/Process (  153): Sending signal. PID: 709 SIG: 3
I/dalvikvm(  709): threadid=3: reacting to signal 3
I/dalvikvm(  709): Wrote stack traces to '/data/anr/traces.txt'
E/ActivityManager(  153): ANR in edu.mit.haoqili.camera_cloud (edu.mit.haoqili.camera_cloud/.CameraCloud)
E/ActivityManager(  153): Reason: keyDispatchingTimedOut
E/ActivityManager(  153): Load: 0.19 / 0.27 / 0.3
E/ActivityManager(  153): CPU usage from 4981ms to -1027ms ago with 99% awake:
E/ActivityManager(  153):   41% 81/mediaserver: 40% user + 1% kernel
E/ActivityManager(  153):   11% 78/surfaceflinger: 3.3% user + 7.8% kernel
E/ActivityManager(  153):   6.6% 153/system_server: 5.3% user + 1.3% kernel / faults: 384 minor
E/ActivityManager(  153):   4% 1019/edu.mit.haoqili.camera_cloud: 3.6% user + 0.3% kernel / faults: 261 minor
E/ActivityManager(  153):   3.5% 87/gpsd: 2.6% user + 0.8% kernel
E/ActivityManager(  153):   1.1% 4/kworker/0:0: 0% user + 1.1% kernel
E/ActivityManager(  153):   0.4% 5/kworker/u:0: 0% user + 0.4% kernel
E/ActivityManager(  153):   0.5% 709/com.google.android.apps.maps:NetworkLocationService: 0.3% user + 0.1% kernel / faults: 61 minor
E/ActivityManager(  153):   0% 51/irq/308-mxt224_: 0% user + 0% kernel
E/ActivityManager(  153):   0.3% 315/com.android.phone: 0.1% user + 0.1% kernel / faults: 30 minor
E/ActivityManager(  153):   0.3% 1101/kworker/u:1: 0% user + 0.3% kernel
E/ActivityManager(  153):   0% 62/yaffs-bg-1: 0% user + 0% kernel
E/ActivityManager(  153):   0% 77/rild: 0% user + 0% kernel
E/ActivityManager(  153):   0.1% 219/com.android.systemui: 0% user + 0.1% kernel / faults: 20 minor
E/ActivityManager(  153):   0% 328/com.android.nfc: 0% user + 0% kernel / faults: 26 minor
E/ActivityManager(  153): 70% TOTAL: 56% user + 13% kernel
E/ActivityManager(  153): CPU usage from 450ms to 980ms later:
E/ActivityManager(  153):   36% 81/mediaserver: 34% user + 1.9% kernel
E/ActivityManager(  153):     36% 1035/CameraPreviewTh: 32% user + 3.8% kernel
E/ActivityManager(  153):   15% 1019/edu.mit.haoqili.camera_cloud: 15% user + 0% kernel / faults: 148 minor
E/ActivityManager(  153):     15% 1019/li.camera_cloud: 15% user + 0% kernel
E/ActivityManager(  153):   9.6% 78/surfaceflinger: 3.8% user + 5.7% kernel
E/ActivityManager(  153):     9.6% 132/SurfaceFlinger: 3.8% user + 5.7% kernel
E/ActivityManager(  153):     1.9% 145/Binder Thread #: 1.9% user + 0% kernel
E/ActivityManager(  153):     1.9% 487/Binder Thread #: 0% user + 1.9% kernel
E/ActivityManager(  153):   7.6% 153/system_server: 3.8% user + 3.8% kernel / faults: 5 minor
E/ActivityManager(  153):     1.9% 155/GC: 1.9% user + 0% kernel
E/ActivityManager(  153):     1.9% 187/InputDispatcher: 0% user + 1.9% kernel
E/ActivityManager(  153):   1.1% 87/gpsd: 1.1% user + 0% kernel
E/ActivityManager(  153):     2.2% 87/gpsd: 2.2% user + 0% kernel
E/ActivityManager(  153):   1.2% 709/com.google.android.apps.maps:NetworkLocationService: 1.2% user + 0% kernel / faults: 1 minor
E/ActivityManager(  153): 73% TOTAL: 59% user + 13% kernel
I/CameraCloud( 1019): 1333728461963: canPressButton = TRUE
I/CameraCloud( 1019): 1333728461964: areButtonsEnabled --> false 
I/CameraCloud( 1019): 1333728461964: Inside get photo disableButtons XXX
D/AudioHardware(   81): AudioHardware pcm playback is exiting standby.
D/AudioHardware(   81): openPcmOut_l() mPcmOpenCnt: 0
I/CameraCloud( 1019): 1333728462024: takeNum=6 takeCamGood=6 takeGoodSave=6 takeBad=0 getNum=12 getGood=11 getBad=0
I/CameraCloud( 1019): 1333728462025: ** Clicked getphotos Button from region 2 **
I/CameraCloud( 1019): 1333728462025: Trying to get photo from server, about to call serverRequest()
I/CameraCloud( 1019): 1333728462027: Server request to url: http://hermes5.csail.mit.edu:8213/102/2/0/
I/CameraCloud( 1019): 1333728462082: Cloud server request length: 12
I/CameraCloud( 1019): 1333728462094: about to execute HTTP POST
I/CameraCloud( 1019): 1333728462094: in serverRequest() about to httpclient.execute()
D/dalvikvm( 1019): GC_CONCURRENT freed 383K, 27% free 10331K/14023K, paused 40ms+3ms
D/AudioHardware(   81): AudioHardware pcm playback is going to standby.
D/AudioHardware(   81): closePcmOut_l() mPcmOpenCnt: 1
I/CameraCloud( 1019): 1333728467452: CameraCloud Execute HTTP latency: 5358ms
I/CameraCloud( 1019): 1333728467457: finished executing HTTP POST, get data
I/CameraCloud( 1019): 1333728467478: make input stream reader for data
I/CameraCloud( 1019): 1333728467479: Cloud response length: 47551
I/CameraCloud( 1019): 1333728467501: Returning cloud object
D/AudioHardware(   81): AudioHardware pcm playback is exiting standby.
D/AudioHardware(   81): openPcmOut_l() mPcmOpenCnt: 0
V/PhoneStatusBar(  219): setLightsOn(true)
D/AudioHardware(   81): AudioHardware pcm playback is going to standby.
D/AudioHardware(   81): closePcmOut_l() mPcmOpenCnt: 1
I/CameraCloud( 1019): 1333728472828: CameraCloud download photo latency = 10802
I/CameraCloud( 1019): 1333728472830: CameraCloud download start 1333728462025 ~ stop 1333728472827
I/CameraCloud( 1019): 1333728472830: takeNum=6 takeCamGood=6 takeGoodSave=6 takeBad=0 getNum=12 getGood=12 getBad=0
I/CameraCloud( 1019): 1333728472831: Success! Client getting photo from cloud server, showing photo...
I/CameraCloud( 1019): 1333728472831: Remote photo's length: 4986
D/dalvikvm( 1019): GC_EXPLICIT freed 161K, 27% free 10355K/14023K, paused 4ms+2ms
I/CameraCloud( 1019): 1333728472924: Done with Get photos button for region 2
I/CameraCloud( 1019): 1333728472925: Inside _enableButtons
I/CameraCloud( 1019): 1333728472925: areButtonsEnabled --> true
I/CameraCloud( 1019): 1333728472986: .......... GPS onLocationChanged ...... 
I/CameraCloud( 1019): 1333728472987: Loc = Location[mProvider=gps,mTime=1333814863000,mLatitude=42.36354060191507,mLongitude=-71.10031675700392,mHasAltitude=true,mAltitude=-22.0,mHasSpeed=true,mSpeed=0.0,mHasBearing=true,mBearing=335.59293,mHasAccuracy=true,mAccuracy=5.0,mExtras=Bundle[mParcelledData.dataSize=4]] Previous Region = (0,0)
I/CameraCloud( 1019): 1333728472987: GPS x/long:-71.10031675700392, GPS y/lat: 42.36354060191507. Region width in x: 51.96152422706632
I/CameraCloud( 1019): 1333728472987: location PINPOINTS to region = 0.0, previous 0
I/CameraCloud( 1019): 1333728472988: stay at region 0
W/InputManagerService(  153): Window already focused, ignoring focus gain of: com.android.internal.view.IInputMethodClient$Stub$Proxy@415a9798
D/dalvikvm(  709): GC_CONCURRENT freed 385K, 7% free 10061K/10759K, paused 2ms+2ms
I/GTalkService/c(  460): [AndroidEndpoint@1094644032] connect: acct=1000000, state=CONNECTING
I/CameraCloud( 1019): 1333728481867: .......... GPS onLocationChanged ...... 
I/CameraCloud( 1019): 1333728481867: Loc = Location[mProvider=gps,mTime=1333814883000,mLatitude=42.36354815611984,mLongitude=-71.10032728118851,mHasAltitude=true,mAltitude=-27.0,mHasSpeed=true,mSpeed=0.0,mHasBearing=true,mBearing=326.81845,mHasAccuracy=true,mAccuracy=10.0,mExtras=Bundle[mParcelledData.dataSize=4]] Previous Region = (0,0)
I/CameraCloud( 1019): 1333728481868: GPS x/long:-71.10032728118851, GPS y/lat: 42.36354815611984. Region width in x: 51.96152422706632
I/CameraCloud( 1019): 1333728481868: location PINPOINTS to region = 0.0, previous 0
I/CameraCloud( 1019): 1333728481868: stay at region 0
D/dalvikvm(  460): GC_CONCURRENT freed 445K, 6% free 10012K/10567K, paused 2ms+4ms
D/dalvikvm(  153): GC_CONCURRENT freed 884K, 15% free 12379K/14407K, paused 5ms+4ms
D/ConnectivityService(  153): handleInetConditionHoldEnd: net=0, condition=100, published condition=0
W/Smack/Packet(  460): notify conn break (IOEx), close connection
I/CameraCloud( 1019): 1333728495184: canPressButton = TRUE
I/CameraCloud( 1019): 1333728495188: areButtonsEnabled --> false 
I/CameraCloud( 1019): 1333728495188: Inside get photo disableButtons XXX
D/AudioHardware(   81): AudioHardware pcm playback is exiting standby.
D/AudioHardware(   81): openPcmOut_l() mPcmOpenCnt: 0
I/CameraCloud( 1019): 1333728495216: takeNum=6 takeCamGood=6 takeGoodSave=6 takeBad=0 getNum=13 getGood=12 getBad=0
I/CameraCloud( 1019): 1333728495217: ** Clicked getphotos Button from region 3 **
I/CameraCloud( 1019): 1333728495217: Trying to get photo from server, about to call serverRequest()
I/CameraCloud( 1019): 1333728495217: Server request to url: http://hermes5.csail.mit.edu:8213/102/3/0/
I/CameraCloud( 1019): 1333728495248: Cloud server request length: 12
I/CameraCloud( 1019): 1333728495249: about to execute HTTP POST
I/CameraCloud( 1019): 1333728495249: in serverRequest() about to httpclient.execute()
D/dalvikvm( 1019): GC_CONCURRENT freed 446K, 27% free 10309K/14023K, paused 2ms+3ms
D/ConnectivityService(  153): handleInetConditionHoldEnd: net=0, condition=0, published condition=100
D/AudioHardware(   81): AudioHardware pcm playback is going to standby.
D/AudioHardware(   81): closePcmOut_l() mPcmOpenCnt: 1
I/InputDispatcher(  153): Application is not responding: Window{41756318 edu.mit.haoqili.camera_cloud/edu.mit.haoqili.camera_cloud.CameraCloud paused=false}.  5006.7ms since event, 5006.5ms since wait started
I/WindowManager(  153): Input event dispatching timed out sending to edu.mit.haoqili.camera_cloud/edu.mit.haoqili.camera_cloud.CameraCloud
I/Process (  153): Sending signal. PID: 1019 SIG: 3
I/dalvikvm( 1019): threadid=3: reacting to signal 3
I/dalvikvm( 1019): Wrote stack traces to '/data/anr/traces.txt'
I/Process (  153): Sending signal. PID: 153 SIG: 3
I/dalvikvm(  153): threadid=3: reacting to signal 3
I/dalvikvm(  153): Wrote stack traces to '/data/anr/traces.txt'
I/Process (  153): Sending signal. PID: 315 SIG: 3
I/dalvikvm(  315): threadid=3: reacting to signal 3
I/dalvikvm(  315): Wrote stack traces to '/data/anr/traces.txt'
I/Process (  153): Sending signal. PID: 219 SIG: 3
I/dalvikvm(  219): threadid=3: reacting to signal 3
I/dalvikvm(  219): Wrote stack traces to '/data/anr/traces.txt'
I/Process (  153): Sending signal. PID: 328 SIG: 3
I/dalvikvm(  328): threadid=3: reacting to signal 3
I/dalvikvm(  328): Wrote stack traces to '/data/anr/traces.txt'
D/dalvikvm(  153): GC_CONCURRENT freed 766K, 14% free 12455K/14407K, paused 3ms+5ms
D/dalvikvm(  153): GC_EXPLICIT freed 364K, 14% free 12511K/14407K, paused 3ms+5ms
I/Process (  153): Sending signal. PID: 709 SIG: 3
I/dalvikvm(  709): threadid=3: reacting to signal 3
I/dalvikvm(  709): Wrote stack traces to '/data/anr/traces.txt'
E/ActivityManager(  153): ANR in edu.mit.haoqili.camera_cloud (edu.mit.haoqili.camera_cloud/.CameraCloud)
E/ActivityManager(  153): Reason: keyDispatchingTimedOut
E/ActivityManager(  153): Load: 0.12 / 0.24 / 0.29
E/ActivityManager(  153): CPU usage from 7542ms to 1628ms ago:
E/ActivityManager(  153):   47% 81/mediaserver: 46% user + 0.8% kernel
E/ActivityManager(  153):   12% 78/surfaceflinger: 3.5% user + 8.7% kernel
E/ActivityManager(  153):   4.2% 87/gpsd: 3.3% user + 0.8% kernel
E/ActivityManager(  153):   1.3% 1135/kworker/0:2: 0% user + 1.3% kernel
E/ActivityManager(  153):   1% 153/system_server: 0.8% user + 0.1% kernel / faults: 4 minor
E/ActivityManager(  153):   0.5% 5/kworker/u:0: 0% user + 0.5% kernel
E/ActivityManager(  153):   0.5% 1101/kworker/u:1: 0% user + 0.5% kernel
E/ActivityManager(  153):   0.3% 315/com.android.phone: 0.3% user + 0% kernel / faults: 2 minor
E/ActivityManager(  153):   0.3% 709/com.google.android.apps.maps:NetworkLocationService: 0.3% user + 0% kernel
E/ActivityManager(  153):   0% 77/rild: 0% user + 0% kernel
E/ActivityManager(  153): 67% TOTAL: 55% user + 11% kernel
E/ActivityManager(  153): CPU usage from 459ms to 996ms later:
E/ActivityManager(  153):   49% 81/mediaserver: 45% user + 3.6% kernel
E/ActivityManager(  153):     49% 1035/CameraPreviewTh: 45% user + 3.6% kernel
E/ActivityManager(  153):   10% 78/surfaceflinger: 3.6% user + 7.2% kernel
E/ActivityManager(  153):     10% 132/SurfaceFlinger: 1.8% user + 9% kernel
E/ActivityManager(  153):     1.8% 365/Binder Thread #: 1.8% user + 0% kernel
E/ActivityManager(  153):     1.8% 487/Binder Thread #: 0% user + 1.8% kernel
E/ActivityManager(  153):   5.4% 153/system_server: 1.8% user + 3.6% kernel / faults: 4 minor
E/ActivityManager(  153):     3.6% 187/InputDispatcher: 0% user + 3.6% kernel
E/ActivityManager(  153):   1.3% 709/com.google.android.apps.maps:NetworkLocationService: 1.3% user + 0% kernel
E/ActivityManager(  153):     1.3% 1089/Binder Thread #: 1.3% user + 0% kernel
E/ActivityManager(  153): 67% TOTAL: 52% user + 15% kernel
D/AudioHardware(   81): AudioHardware pcm playback is exiting standby.
D/AudioHardware(   81): openPcmOut_l() mPcmOpenCnt: 0
V/PhoneStatusBar(  219): setLightsOn(true)
I/CameraCloud( 1019): 1333728515074: CameraCloud Execute HTTP latency: 19825ms
I/CameraCloud( 1019): 1333728515075: finished executing HTTP POST, get data
I/CameraCloud( 1019): 1333728515075: make input stream reader for data
I/CameraCloud( 1019): 1333728515076: Cloud response length: 28420
I/CameraCloud( 1019): 1333728515077: Returning cloud object
D/AudioHardware(   81): AudioHardware pcm playback is going to standby.
D/AudioHardware(   81): closePcmOut_l() mPcmOpenCnt: 1
D/dalvikvm(  315): GC_CONCURRENT freed 419K, 6% free 9504K/10055K, paused 1ms+3ms
I/CameraCloud( 1019): 1333728522230: CameraCloud download photo latency = 27013
I/CameraCloud( 1019): 1333728522231: CameraCloud download start 1333728495217 ~ stop 1333728522230
I/CameraCloud( 1019): 1333728522232: takeNum=6 takeCamGood=6 takeGoodSave=6 takeBad=0 getNum=13 getGood=13 getBad=0
I/CameraCloud( 1019): 1333728522232: Success! Client getting photo from cloud server, showing photo...
I/CameraCloud( 1019): 1333728522233: Remote photo's length: 3004
D/dalvikvm( 1019): GC_EXPLICIT freed 126K, 27% free 10323K/14023K, paused 4ms+3ms
I/CameraCloud( 1019): 1333728522295: Done with Get photos button for region 3
I/CameraCloud( 1019): 1333728522296: Inside _enableButtons
I/CameraCloud( 1019): 1333728522296: areButtonsEnabled --> true
I/CameraCloud( 1019): 1333728522345: .......... GPS onLocationChanged ...... 
I/CameraCloud( 1019): 1333728522346: Loc = Location[mProvider=gps,mTime=1333814901000,mLatitude=42.363559007882806,mLongitude=-71.10032797378672,mHasAltitude=true,mAltitude=-23.0,mHasSpeed=true,mSpeed=0.40526187,mHasBearing=true,mBearing=34.421368,mHasAccuracy=true,mAccuracy=10.0,mExtras=Bundle[mParcelledData.dataSize=4]] Previous Region = (0,0)
I/CameraCloud( 1019): 1333728522347: GPS x/long:-71.10032797378672, GPS y/lat: 42.363559007882806. Region width in x: 51.96152422706632
I/CameraCloud( 1019): 1333728522347: location PINPOINTS to region = 0.0, previous 0
I/CameraCloud( 1019): 1333728522347: stay at region 0
I/CameraCloud( 1019): 1333728522348: .......... GPS onLocationChanged ...... 
I/CameraCloud( 1019): 1333728522348: Loc = Location[mProvider=gps,mTime=1333814911000,mLatitude=42.36357261506553,mLongitude=-71.10031715994967,mHasAltitude=true,mAltitude=-29.0,mHasSpeed=true,mSpeed=0.2430244,mHasBearing=true,mBearing=19.573778,mHasAccuracy=true,mAccuracy=5.0,mExtras=Bundle[mParcelledData.dataSize=4]] Previous Region = (0,0)
I/CameraCloud( 1019): 1333728522349: GPS x/long:-71.10031715994967, GPS y/lat: 42.36357261506553. Region width in x: 51.96152422706632
I/CameraCloud( 1019): 1333728522349: location PINPOINTS to region = 0.0, previous 0
I/CameraCloud( 1019): 1333728522349: stay at region 0
I/CameraCloud( 1019): 1333728522364: .......... GPS onLocationChanged ...... 
I/CameraCloud( 1019): 1333728522365: Loc = Location[mProvider=gps,mTime=1333814922000,mLatitude=42.36355328422854,mLongitude=-71.10032577761784,mHasAltitude=true,mAltitude=-17.0,mHasSpeed=true,mSpeed=0.17787075,mHasBearing=true,mBearing=209.10007,mHasAccuracy=true,mAccuracy=10.0,mExtras=Bundle[mParcelledData.dataSize=4]] Previous Region = (0,0)
I/CameraCloud( 1019): 1333728522366: GPS x/long:-71.10032577761784, GPS y/lat: 42.36355328422854. Region width in x: 51.96152422706632
I/CameraCloud( 1019): 1333728522366: location PINPOINTS to region = 0.0, previous 0
I/CameraCloud( 1019): 1333728522366: stay at region 0
W/InputManagerService(  153): Window already focused, ignoring focus gain of: com.android.internal.view.IInputMethodClient$Stub$Proxy@41597df0
I/CameraCloud( 1019): 1333728523875: .......... GPS onLocationChanged ...... 
I/CameraCloud( 1019): 1333728523876: Loc = Location[mProvider=gps,mTime=1333814925000,mLatitude=42.363541028980144,mLongitude=-71.10032742602135,mHasAltitude=true,mAltitude=-20.0,mHasSpeed=true,mSpeed=0.0,mHasBearing=true,mBearing=181.1754,mHasAccuracy=true,mAccuracy=15.0,mExtras=Bundle[mParcelledData.dataSize=4]] Previous Region = (0,0)
I/CameraCloud( 1019): 1333728523877: GPS x/long:-71.10032742602135, GPS y/lat: 42.363541028980144. Region width in x: 51.96152422706632
I/CameraCloud( 1019): 1333728523877: location PINPOINTS to region = 0.0, previous 0
I/CameraCloud( 1019): 1333728523877: stay at region 0
I/CameraCloud( 1019): 1333728527873: .......... GPS onLocationChanged ...... 
I/CameraCloud( 1019): 1333728527874: Loc = Location[mProvider=gps,mTime=1333814929000,mLatitude=42.36353356443019,mLongitude=-71.1003181096872,mHasAltitude=true,mAltitude=-17.0,mHasSpeed=true,mSpeed=0.30057204,mHasBearing=true,mBearing=163.958,mHasAccuracy=true,mAccuracy=10.0,mExtras=Bundle[mParcelledData.dataSize=4]] Previous Region = (0,0)
I/CameraCloud( 1019): 1333728527874: GPS x/long:-71.1003181096872, GPS y/lat: 42.36353356443019. Region width in x: 51.96152422706632
I/CameraCloud( 1019): 1333728527875: location PINPOINTS to region = 0.0, previous 0
I/CameraCloud( 1019): 1333728527875: stay at region 0
D/dalvikvm(  153): GC_CONCURRENT freed 904K, 15% free 12354K/14407K, paused 2ms+5ms
I/CameraCloud( 1019): 1333728530415: canPressButton = TRUE
I/CameraCloud( 1019): 1333728530416: areButtonsEnabled --> false 
I/CameraCloud( 1019): 1333728530418: Inside get photo disableButtons XXX
D/AudioHardware(   81): AudioHardware pcm playback is exiting standby.
D/AudioHardware(   81): openPcmOut_l() mPcmOpenCnt: 0
I/CameraCloud( 1019): 1333728530572: takeNum=6 takeCamGood=6 takeGoodSave=6 takeBad=0 getNum=14 getGood=13 getBad=0
I/CameraCloud( 1019): 1333728530573: ** Clicked getphotos Button from region 0 **
I/CameraCloud( 1019): 1333728530573: Trying to get photo from server, about to call serverRequest()
I/CameraCloud( 1019): 1333728530573: Server request to url: http://hermes5.csail.mit.edu:8213/102/0/0/
I/CameraCloud( 1019): 1333728530575: Cloud server request length: 12
I/CameraCloud( 1019): 1333728530576: about to execute HTTP POST
I/CameraCloud( 1019): 1333728530576: in serverRequest() about to httpclient.execute()
D/dalvikvm( 1019): GC_CONCURRENT freed 394K, 27% free 10363K/14023K, paused 2ms+3ms
D/AudioHardware(   81): AudioHardware pcm playback is going to standby.
D/AudioHardware(   81): closePcmOut_l() mPcmOpenCnt: 1
I/CameraCloud( 1019): 1333728538084: CameraCloud Execute HTTP latency: 7507ms
I/CameraCloud( 1019): 1333728538084: finished executing HTTP POST, get data
I/CameraCloud( 1019): 1333728538085: make input stream reader for data
I/CameraCloud( 1019): 1333728538086: Cloud response length: 28450
I/CameraCloud( 1019): 1333728538094: Returning cloud object
I/CameraCloud( 1019): 1333728544531: CameraCloud download photo latency = 13958
I/CameraCloud( 1019): 1333728544532: CameraCloud download start 1333728530573 ~ stop 1333728544531
I/CameraCloud( 1019): 1333728544532: takeNum=6 takeCamGood=6 takeGoodSave=6 takeBad=0 getNum=14 getGood=14 getBad=0
I/CameraCloud( 1019): 1333728544532: Success! Client getting photo from cloud server, showing photo...
I/CameraCloud( 1019): 1333728544533: Remote photo's length: 3015
D/dalvikvm( 1019): GC_EXPLICIT freed 164K, 27% free 10336K/14023K, paused 3ms+3ms
I/CameraCloud( 1019): 1333728544587: Done with Get photos button for region 0
I/CameraCloud( 1019): 1333728544587: Inside _enableButtons
I/CameraCloud( 1019): 1333728544587: areButtonsEnabled --> true
W/InputManagerService(  153): Window already focused, ignoring focus gain of: com.android.internal.view.IInputMethodClient$Stub$Proxy@414eefd0
I/CameraCloud( 1019): 1333728551898: .......... GPS onLocationChanged ...... 
I/CameraCloud( 1019): 1333728551899: Loc = Location[mProvider=gps,mTime=1333814953000,mLatitude=42.36354124478982,mLongitude=-71.10032980783978,mHasAltitude=true,mAltitude=-28.0,mHasSpeed=true,mSpeed=0.36341786,mHasBearing=true,mBearing=340.69672,mHasAccuracy=true,mAccuracy=5.0,mExtras=Bundle[mParcelledData.dataSize=4]] Previous Region = (0,0)
I/CameraCloud( 1019): 1333728551899: GPS x/long:-71.10032980783978, GPS y/lat: 42.36354124478982. Region width in x: 51.96152422706632
I/CameraCloud( 1019): 1333728551900: location PINPOINTS to region = 0.0, previous 0
I/CameraCloud( 1019): 1333728551900: stay at region 0
D/dalvikvm(  153): GC_CONCURRENT freed 718K, 15% free 12345K/14407K, paused 2ms+5ms
I/CameraCloud( 1019): 1333728552920: .......... GPS onLocationChanged ...... 
I/CameraCloud( 1019): 1333728552921: Loc = Location[mProvider=gps,mTime=1333814954000,mLatitude=42.363555688413285,mLongitude=-71.10033898821659,mHasAltitude=true,mAltitude=-28.0,mHasSpeed=true,mSpeed=0.0,mHasBearing=true,mBearing=340.69672,mHasAccuracy=true,mAccuracy=5.0,mExtras=Bundle[mParcelledData.dataSize=4]] Previous Region = (0,0)
I/CameraCloud( 1019): 1333728552921: GPS x/long:-71.10033898821659, GPS y/lat: 42.363555688413285. Region width in x: 51.96152422706632
I/CameraCloud( 1019): 1333728552921: location PINPOINTS to region = 0.0, previous 0
I/CameraCloud( 1019): 1333728552922: stay at region 0
I/CameraCloud( 1019): 1333728554503: canPressButton = TRUE
I/CameraCloud( 1019): 1333728554506: areButtonsEnabled --> false 
I/CameraCloud( 1019): 1333728554506: Inside get photo disableButtons XXX
D/AudioHardware(   81): AudioHardware pcm playback is exiting standby.
D/AudioHardware(   81): openPcmOut_l() mPcmOpenCnt: 0
I/CameraCloud( 1019): 1333728554548: takeNum=6 takeCamGood=6 takeGoodSave=6 takeBad=0 getNum=15 getGood=14 getBad=0
I/CameraCloud( 1019): 1333728554549: ** Clicked getphotos Button from region 0 **
I/CameraCloud( 1019): 1333728554549: Trying to get photo from server, about to call serverRequest()
I/CameraCloud( 1019): 1333728554549: Server request to url: http://hermes5.csail.mit.edu:8213/102/0/0/
I/CameraCloud( 1019): 1333728554577: Cloud server request length: 12
I/CameraCloud( 1019): 1333728554577: about to execute HTTP POST
I/CameraCloud( 1019): 1333728554578: in serverRequest() about to httpclient.execute()
D/dalvikvm( 1019): GC_CONCURRENT freed 413K, 27% free 10322K/14023K, paused 2ms+3ms
D/AudioHardware(   81): AudioHardware pcm playback is going to standby.
D/AudioHardware(   81): closePcmOut_l() mPcmOpenCnt: 1
I/CameraCloud( 1019): 1333728560261: CameraCloud Execute HTTP latency: 5683ms
I/CameraCloud( 1019): 1333728560261: finished executing HTTP POST, get data
I/CameraCloud( 1019): 1333728560261: make input stream reader for data
I/CameraCloud( 1019): 1333728560262: Cloud response length: 28450
I/CameraCloud( 1019): 1333728560262: Returning cloud object
I/CameraCloud( 1019): 1333728565058: CameraCloud download photo latency = 10509
I/CameraCloud( 1019): 1333728565059: CameraCloud download start 1333728554549 ~ stop 1333728565058
I/CameraCloud( 1019): 1333728565080: takeNum=6 takeCamGood=6 takeGoodSave=6 takeBad=0 getNum=15 getGood=15 getBad=0
I/CameraCloud( 1019): 1333728565081: Success! Client getting photo from cloud server, showing photo...
I/CameraCloud( 1019): 1333728565082: Remote photo's length: 3015
D/dalvikvm( 1019): GC_EXPLICIT freed 119K, 27% free 10340K/14023K, paused 4ms+4ms
I/CameraCloud( 1019): 1333728565152: Done with Get photos button for region 0
I/CameraCloud( 1019): 1333728565153: Inside _enableButtons
I/CameraCloud( 1019): 1333728565153: areButtonsEnabled --> true
I/CameraCloud( 1019): 1333728565210: .......... GPS onLocationChanged ...... 
I/CameraCloud( 1019): 1333728565211: Loc = Location[mProvider=gps,mTime=1333814958000,mLatitude=42.36356796799265,mLongitude=-71.10034453099983,mHasAltitude=true,mAltitude=-32.0,mHasSpeed=true,mSpeed=0.42510307,mHasBearing=true,mBearing=337.9752,mHasAccuracy=true,mAccuracy=10.0,mExtras=Bundle[mParcelledData.dataSize=4]] Previous Region = (0,0)
I/CameraCloud( 1019): 1333728565212: GPS x/long:-71.10034453099983, GPS y/lat: 42.36356796799265. Region width in x: 51.96152422706632
I/CameraCloud( 1019): 1333728565212: location PINPOINTS to region = 0.0, previous 0
I/CameraCloud( 1019): 1333728565212: stay at region 0
I/CameraCloud( 1019): 1333728565213: .......... GPS onLocationChanged ...... 
I/CameraCloud( 1019): 1333728565214: Loc = Location[mProvider=gps,mTime=1333814962000,mLatitude=42.363573607711416,mLongitude=-71.10035596159497,mHasAltitude=true,mAltitude=-30.0,mHasSpeed=true,mSpeed=0.060746882,mHasBearing=true,mBearing=260.11847,mHasAccuracy=true,mAccuracy=5.0,mExtras=Bundle[mParcelledData.dataSize=4]] Previous Region = (0,0)
I/CameraCloud( 1019): 1333728565214: GPS x/long:-71.10035596159497, GPS y/lat: 42.363573607711416. Region width in x: 51.96152422706632
I/CameraCloud( 1019): 1333728565215: location PINPOINTS to region = 0.0, previous 0
I/CameraCloud( 1019): 1333728565215: stay at region 0
W/InputManagerService(  153): Window already focused, ignoring focus gain of: com.android.internal.view.IInputMethodClient$Stub$Proxy@4159c630
D/dalvikvm(  709): GC_CONCURRENT freed 387K, 7% free 10061K/10759K, paused 3ms+3ms
I/CameraCloud( 1019): 1333728577906: .......... GPS onLocationChanged ...... 
I/CameraCloud( 1019): 1333728577907: Loc = Location[mProvider=gps,mTime=1333814979000,mLatitude=42.36355228513769,mLongitude=-71.10033413170825,mHasAltitude=true,mAltitude=-22.0,mHasSpeed=true,mSpeed=0.0,mHasBearing=true,mBearing=136.13408,mHasAccuracy=true,mAccuracy=5.0,mExtras=Bundle[mParcelledData.dataSize=4]] Previous Region = (0,0)
I/CameraCloud( 1019): 1333728577908: GPS x/long:-71.10033413170825, GPS y/lat: 42.36355228513769. Region width in x: 51.96152422706632
I/CameraCloud( 1019): 1333728577908: location PINPOINTS to region = 0.0, previous 0
I/CameraCloud( 1019): 1333728577908: stay at region 0
I/CameraCloud( 1019): 1333728580955: canPressButton = TRUE
I/CameraCloud( 1019): 1333728580955: areButtonsEnabled --> false 
I/CameraCloud( 1019): 1333728580956: Inside get photo disableButtons XXX
D/AudioHardware(   81): AudioHardware pcm playback is exiting standby.
D/AudioHardware(   81): openPcmOut_l() mPcmOpenCnt: 0
I/CameraCloud( 1019): 1333728581006: takeNum=6 takeCamGood=6 takeGoodSave=6 takeBad=0 getNum=16 getGood=15 getBad=0
I/CameraCloud( 1019): 1333728581007: ** Clicked getphotos Button from region 2 **
I/CameraCloud( 1019): 1333728581007: Trying to get photo from server, about to call serverRequest()
I/CameraCloud( 1019): 1333728581007: Server request to url: http://hermes5.csail.mit.edu:8213/102/2/0/
I/CameraCloud( 1019): 1333728581011: Cloud server request length: 12
I/CameraCloud( 1019): 1333728581012: about to execute HTTP POST
I/CameraCloud( 1019): 1333728581012: in serverRequest() about to httpclient.execute()
D/dalvikvm( 1019): GC_CONCURRENT freed 419K, 27% free 10330K/14023K, paused 2ms+42ms
D/dalvikvm(  315): GC_CONCURRENT freed 425K, 6% free 9503K/10055K, paused 3ms+11ms
D/AudioHardware(   81): AudioHardware pcm playback is going to standby.
D/AudioHardware(   81): closePcmOut_l() mPcmOpenCnt: 1
D/dalvikvm(  153): GC_CONCURRENT freed 692K, 15% free 12376K/14407K, paused 3ms+6ms
I/ActivityManager(  153): Start proc com.google.android.apps.maps for service com.google.android.apps.maps/com.google.googlenav.prefetch.android.PrefetcherService: pid=1158 uid=10032 gids={3003, 1015}
I/dalvikvm( 1158): Turning on JNI app bug workarounds for target SDK version 13...
D/dalvikvm( 1158): GC_CONCURRENT freed 164K, 3% free 9369K/9607K, paused 15ms+3ms
I/ActivityThread( 1158): Pub com.google.android.maps.LayerInfoProvider: com.google.googlenav.layer.LayerInfoProvider
I/ActivityThread( 1158): Pub com.google.android.maps.TrafficAppWidgetProvider: com.google.googlenav.appwidget.traffic.TrafficAppWidgetProvider
I/ActivityThread( 1158): Pub com.google.android.maps.SuggestionProvider: com.google.googlenav.suggest.android.SuggestProvider
I/ActivityThread( 1158): Pub com.google.android.maps.LocalActivePlacesProvider: com.google.googlenav.provider.LocalActivePlacesProvider
I/ActivityThread( 1158): Pub com.google.android.maps.StarredItemProvider: com.google.googlenav.provider.StarredItemProvider
D/dalvikvm( 1158): GC_CONCURRENT freed 136K, 3% free 9775K/9991K, paused 2ms+2ms
I/ActivityThread( 1158): Pub com.google.android.maps.LocalSuggestionProvider: com.google.googlenav.provider.LocalSuggestionProvider
I/ActivityThread( 1158): Pub com.google.android.maps.SearchHistoryProvider: com.google.googlenav.provider.SearchHistoryProvider
I/ActivityThread( 1158): Pub com.google.android.maps.NavigationAvailabilityProvider: com.google.googlenav.provider.NavigationAvailabilityProvider
D/dalvikvm( 1158): GC_CONCURRENT freed 255K, 4% free 10042K/10375K, paused 2ms+3ms
