--------- beginning of /dev/log/system
I/Vold    (   72): Vold 2.1 (the revenge) firing up
D/Vold    (   72): Volume sdcard state changing -1 (Initializing) -> 0 (No-Media)
D/Vold    (   72): Volume sdcard state changing 0 (No-Media) -> 2 (Pending)
D/Vold    (   72): Volume sdcard state changing 2 (Pending) -> 1 (Idle-Unmounted)
W/Vold    (   72): Duplicate state (1)
W/Vold    (   72): Duplicate state (1)
W/Vold    (   72): Duplicate state (1)
W/Vold    (   72): Duplicate state (1)
I/SystemServer(  153): Entered the Android system server!
I/SystemServer(  153): Entropy Service
I/SystemServer(  153): Power Manager
I/SystemServer(  153): Activity Manager
I/ActivityManager(  153): Memory class: 48
I/SystemServer(  153): Telephony Registry
I/SystemServer(  153): Package Manager
W/PackageParser(  153): No actions in intent filter at /system/app/Bluetooth.apk Binary XML file line #125
W/PackageParser(  153): No actions in intent filter at /system/app/Contacts.apk Binary XML file line #525
W/PackageParser(  153): Unknown element under <manifest>: supports-gl-texture at /system/app/GoogleEarth.apk Binary XML file line #3
I/Installer(  153): connecting...
I/PackageParser(  153): com.googlecode.android.wifi.tether: compat added android.permission.WRITE_EXTERNAL_STORAGE android.permission.READ_PHONE_STATE
I/PackageManager(  153): Time to scan packages: 3.55 seconds
W/PackageManager(  153): Not granting permission android.permission.SEND_DOWNLOAD_COMPLETED_INTENTS to package com.google.android.browser (protectionLevel=2 flags=0x9be45)
W/PackageManager(  153): Unknown permission com.android.vending.permission.UPDATE_MARKET_FAILURE in package com.android.vending.updater
W/PackageManager(  153): Unknown permission android.permission.ADD_SYSTEM_SERVICE in package com.android.phone
W/PackageManager(  153): Unknown permission com.android.smspush.WAPPUSH_MANAGER_BIND in package com.android.phone
W/PackageManager(  153): Unknown permission com.android.vending.billing.IBillingAccountService.BIND2 in package com.google.android.gsf.login
W/PackageManager(  153): Not granting permission android.permission.DEVICE_POWER to package com.google.android.deskclock (protectionLevel=2 flags=0x8be45)
W/PackageManager(  153): Unknown permission android.permission.READ_OWNER_DATA in package com.google.android.setupwizard
W/PackageManager(  153): Unknown permission android.permission.WRITE_OWNER_DATA in package com.google.android.setupwizard
W/PackageManager(  153): Not granting permission com.google.android.gm.permission.READ_GMAIL to package com.google.android.apps.uploader (protectionLevel=2 flags=0x8be45)
W/PackageManager(  153): Unknown permission android.permission.READ_EXTERNAL_STORAGE in package com.android.vending
W/PackageManager(  153): Not granting permission android.permission.SEND_DOWNLOAD_COMPLETED_INTENTS to package com.android.vending (protectionLevel=2 flags=0xabec5)
W/PackageManager(  153): Not granting permission android.permission.ACCOUNT_MANAGER to package com.google.android.music (protectionLevel=2 flags=0x8be65)
W/PackageManager(  153): Unknown permission com.android.providers.im.permission.READ_ONLY in package com.google.android.apps.maps
W/PackageManager(  153): Unknown permission android.permission.READ_EXTERNAL_STORAGE in package com.google.android.videoeditor
W/PackageManager(  153): Unknown permission com.google.android.apps.googlevoice.REMOTE_INTENT in package com.google.android.apps.googlevoice
W/PackageManager(  153): Unknown permission com.google.android.permission.RECEIVE_DATA_MESSAGE in package com.google.android.apps.googlevoice
W/PackageManager(  153): Unknown permission com.google.android.permission.SEND_DATA_MESSAGE in package com.google.android.apps.googlevoice
I/SystemServer(  153): Account Manager
I/SystemServer(  153): Content Manager
I/SystemServer(  153): System Content Providers
I/SystemServer(  153): Lights Service
I/SystemServer(  153): Battery Service
I/SystemServer(  153): Vibrator Service
I/SystemServer(  153): Alarm Manager
I/SystemServer(  153): Init Watchdog
I/SystemServer(  153): Window Manager
I/InputManager(  153): Initializing input manager
W/StatusBarManager(  153): warning: no STATUS_BAR_SERVICE
I/InputManager(  153): Starting input manager
I/SystemServer(  153): Bluetooth Service
I/SystemServer(  153): Input Method Service
W/InputManagerService(  153): Couldn't create dir.: /data/system/inputmethod
I/SystemServer(  153): Accessibility Manager
I/ActivityManager(  153): Config changed: {1.0 0mcc0mnc en_US layoutdir=0 sw320dp w320dp h508dp nrml long port ?uimode ?night finger -keyb/v/h -nav/h s.2}
I/SystemServer(  153): Device Policy
I/SystemServer(  153): Status Bar
I/SystemServer(  153): Clipboard Service
I/SystemServer(  153): NetworkManagement Service
I/SystemServer(  153): Text Service Manager Service
I/SystemServer(  153): NetworkStats Service
I/SystemServer(  153): NetworkPolicy Service
I/SystemServer(  153): Wi-Fi P2pService
I/SystemServer(  153): Wi-Fi Service
I/SystemServer(  153): Connectivity Service
D/ConnectivityService(  153): ConnectivityService starting up
E/ConnectivityService(  153): Ignoring protectedNetwork 10
E/ConnectivityService(  153): Ignoring protectedNetwork 11
E/ConnectivityService(  153): Ignoring protectedNetwork 12
E/MobileDataStateTracker(  153): default: Ignoring feature request because could not acquire PhoneService
E/MobileDataStateTracker(  153): default: Could not enable APN type "default"
D/NetworkManagementService(  153): Registering observer
D/NetworkManagementService(  153): Registering observer
I/WifiService(  153): WifiService starting up with Wi-Fi disabled
I/SystemServer(  153): Throttle Service
I/SystemServer(  153): Mount Service
D/MountService(  153): got storage path: /mnt/sdcard description: USB storage primary: true removable: false emulated: false mtpReserve: 0 allowMassStorage: true maxFileSize: 4294967296
I/SystemServer(  153): Notification Manager
I/SystemServer(  153): Device Storage Monitor
I/SystemServer(  153): Location Manager
I/SystemServer(  153): Country Detector
I/SystemServer(  153): Search Service
I/SystemServer(  153): DropBox Service
I/SystemServer(  153): Wallpaper Service
I/SystemServer(  153): Audio Service
D/VoldCmdListener(   72): volume list
D/MountService(  153): volume state changed for /mnt/sdcard (null -> unmounted)
I/SystemServer(  153): Dock Observer
I/SystemServer(  153): Wired Accessory Observer
I/SystemServer(  153): USB Service
I/SystemServer(  153): UI Mode Manager Service
I/SystemServer(  153): Backup Service
V/BackupManagerService(  153): Initializing package tracking
V/BackupManagerService(  153): No ancestral data
V/BackupManagerService(  153): addPackageParticipantsLocked: null
I/BackupManagerService(  153): New app android never backed up; scheduling
I/BackupManagerService(  153): New app com.android.nfc never backed up; scheduling
I/BackupManagerService(  153): New app com.android.providers.settings never backed up; scheduling
I/BackupManagerService(  153): New app com.android.providers.userdictionary never backed up; scheduling
I/BackupManagerService(  153): New app com.android.sharedstoragebackup never backed up; scheduling
I/BackupManagerService(  153): New app com.android.vending never backed up; scheduling
I/BackupManagerService(  153): New app com.google.android.browser never backed up; scheduling
I/BackupManagerService(  153): New app com.google.android.calendar never backed up; scheduling
I/BackupManagerService(  153): New app com.google.android.gm never backed up; scheduling
I/BackupManagerService(  153): New app com.google.android.inputmethod.latin never backed up; scheduling
I/BackupManagerService(  153): New app org.connectbot never backed up; scheduling
V/BackupManagerService(  153): Registering transport android/com.android.internal.backup.LocalTransport = com.android.internal.backup.LocalTransport@4145adf8
V/BackupManagerService(  153): Starting with transport com.google.android.backup/.BackupTransportService
V/BackupManagerService(  153): Binding to Google transport
I/BackupManagerService(  153): Found stale backup journal, scheduling
I/BackupManagerService(  153):   android
I/BackupManagerService(  153):   com.android.nfc
I/BackupManagerService(  153):   com.android.providers.settings
I/BackupManagerService(  153):   com.android.providers.userdictionary
I/BackupManagerService(  153):   com.android.sharedstoragebackup
I/BackupManagerService(  153):   com.android.vending
I/BackupManagerService(  153):   com.google.android.browser
I/BackupManagerService(  153):   com.google.android.calendar
I/BackupManagerService(  153):   com.google.android.gm
I/BackupManagerService(  153):   com.google.android.inputmethod.latin
I/BackupManagerService(  153):   org.connectbot
I/BackupManagerService(  153): Backup enabled => false
I/BackupManagerService(  153): Opting out of backup
I/SystemServer(  153): AppWidget Service
I/SystemServer(  153): Recognition Service
I/SystemServer(  153): DiskStats Service
I/SystemServer(  153): SamplingProfiler Service
I/SystemServer(  153): NetworkTimeUpdateService
D/PowerManagerService(  153): system ready!
I/ActivityManager(  153): System now ready
I/SystemServer(  153): Making services ready
D/SystemServer(  153): Starting service: Intent { cmp=com.android.systemui/.SystemUIService }
I/ActivityManager(  153): Start proc com.android.systemui for service com.android.systemui/.SystemUIService: pid=219 uid=1000 gids={1015, 3002, 3001, 3003, 3007}
D/NetworkManagementService(  153): enabling bandwidth control
D/SystemUIService(  219): loading: class com.android.systemui.statusbar.phone.PhoneStatusBar
D/SystemUIService(  219): running: com.android.systemui.statusbar.phone.PhoneStatusBar@41330238
D/NetworkManagementService(  153): Registering observer
I/StatusBarManagerService(  153): registerStatusBar bar=com.android.internal.statusbar.IStatusBar$Stub$Proxy@41433b58
D/NetworkManagementService(  153): Registering observer
I/ActivityManager(  153): Config changed: {1.0 0mcc0mnc en_US layoutdir=0 sw320dp w320dp h508dp nrml long port finger -keyb/v/h -nav/h s.3}
D/PhoneStatusBar(  219): disable: < expand icons alerts ticker system_info BACK* HOME* RECENT* CLOCK* >
I/ActivityManager(  153): Start proc android.process.media for broadcast com.android.providers.media/.UsbReceiver: pid=267 uid=10014 gids={1015, 1023, 1024, 2001, 3003, 3007}
D/StorageNotification(  219): Startup with UMS connection false (media state unmounted)
I/StorageNotification(  219): UMS connection changed to false (media state unmounted)
D/SystemUIService(  219): loading: class com.android.systemui.power.PowerUI
D/SystemUIService(  219): running: com.android.systemui.power.PowerUI@41314ff8
I/ActivityManager(  153): Start proc com.android.wallpaper for service com.android.wallpaper/.nexus.NexusWallpaper: pid=280 uid=10030 gids={1006}
W/InputManagerService(  153): Ignoring setImeWindowStatus of uid 1000 token: null
I/ActivityManager(  153): Start proc com.google.android.inputmethod.latin for service com.google.android.inputmethod.latin/com.android.inputmethod.latin.LatinIME: pid=293 uid=10028 gids={}
D/NetworkManagementService(  153): Registering observer
W/ThrottleService(  153): unable to find stats for iface rmnet0
I/ActivityManager(  153): Start proc com.android.phone for added application com.android.phone: pid=315 uid=1001 gids={3002, 3001, 3003, 1015}
I/ActivityManager(  153): Start proc com.android.nfc for added application com.android.nfc: pid=328 uid=1027 gids={3002, 3001}
I/ActivityManager(  153): START {act=android.intent.action.MAIN cat=[android.intent.category.HOME] flg=0x10000000 cmp=com.android.launcher/com.android.launcher2.Launcher} from pid 0
I/ActivityManager(  153): Start proc com.android.launcher for activity com.android.launcher/com.android.launcher2.Launcher: pid=338 uid=10029 gids={}
D/WifiService(  153): New client listening to asynchronous messages
V/BackupManagerService(  153): Connected to Google transport
V/BackupManagerService(  153): Registering transport com.google.android.backup/.BackupTransportService = com.google.android.backup.BackupTransportService$1@4167fcc0
I/StorageNotification(  219): UMS connection changed to false (media state unmounted)
W/ActivityManager(  153): Unable to start service Intent { act=com.android.internal.telephony.IWapPushManager }: not found
I/ActivityManager(  153): Start proc com.google.android.inputmethod.latin.dictionarypack for content provider com.google.android.inputmethod.latin.dictionarypack/.DictionaryProvider: pid=385 uid=10027 gids={3003, 1015}
I/ActivityManager(  153): Start proc android.process.acore for content provider com.android.providers.userdictionary/.UserDictionaryProvider: pid=401 uid=10000 gids={3003, 1015}
W/ActivityManager(  153): Unable to start service Intent { act=com.android.ussd.IExtendedNetworkService }: not found
I/ActivityManager(  153): Start proc com.google.process.gapps for service com.google.android.location/.NetworkLocationService: pid=460 uid=10011 gids={3003, 1015, 1007, 2001, 3006}
I/ActivityManager(  153): Start proc com.android.settings for broadcast com.android.settings/.widget.SettingsAppWidgetProvider: pid=473 uid=1000 gids={1015, 3002, 3001, 3003, 3007}
D/PowerManagerService(  153): bootCompleted
V/DevicePolicyManagerService(  153): Sending password expiration notifications for action android.intent.action.BOOT_COMPLETED
D/VoldCmdListener(   72): volume mount /mnt/sdcard
I/Vold    (   72): /dev/block/vold/179:3 being considered for volume sdcard
D/Vold    (   72): Volume sdcard state changing 1 (Idle-Unmounted) -> 3 (Checking)
D/MountService(  153): volume state changed for /mnt/sdcard (unmounted -> checking)
I/StorageNotification(  219): Media {/mnt/sdcard} state changed from {unmounted} -> {checking}
D/MountService(  153): sendStorageIntent Intent { act=android.intent.action.MEDIA_CHECKING dat=file:///mnt/sdcard (has extras) }
I/ActivityManager(  153): Start proc com.android.contacts for broadcast com.android.contacts/.calllog.CallLogReceiver: pid=506 uid=10000 gids={3003, 1015}
V/WiredAccessoryObserver(  153): init()
W/WiredAccessoryObserver(  153): This kernel does not have wired headset support
W/WiredAccessoryObserver(  153): This kernel does not have wired headset support
I/WifiService(  153): WifiService trying to set country code to us with persist set to true
I/ActivityManager(  153): Config changed: {1.0 310mcc260mnc en_US layoutdir=0 sw320dp w320dp h508dp nrml long port finger -keyb/v/h -nav/h s.4}
I/ActivityManager(  153): Start proc com.android.providers.calendar for broadcast com.android.providers.calendar/.CalendarReceiver: pid=541 uid=10007 gids={3003, 1015}
I/ActivityManager(  153): Start proc com.google.android.deskclock for broadcast com.google.android.deskclock/com.android.deskclock.AlarmInitReceiver: pid=559 uid=10013 gids={}
I/ActivityManager(  153): Start proc com.google.android.email for broadcast com.google.android.email/com.android.email.service.EmailBroadcastReceiver: pid=574 uid=10015 gids={3003, 1015}
I/ActivityManager(  153): Start proc com.google.android.exchange for service com.google.android.exchange/com.android.exchange.ExchangeService: pid=589 uid=10016 gids={3003, 1015}
I/ActivityManager(  153): Start proc com.google.android.apps.genie.geniewidget for broadcast com.google.android.apps.genie.geniewidget/.miniwidget.MiniWidgetProvider: pid=605 uid=10018 gids={3003, 1015}
I/ActivityManager(  153): Start proc com.google.android.gm for broadcast com.google.android.gm/.MailIntentReceiver: pid=625 uid=10019 gids={3003, 1015}
I/ActivityManager(  153): Start proc com.google.android.partnersetup for broadcast com.google.android.partnersetup/.GooglePartnerSetup: pid=648 uid=10022 gids={3003}
I/ActivityManager(  153): Start proc com.google.android.gsf.login for service com.google.android.gsf.login/com.google.android.gsf.loginservice.GoogleLoginService: pid=660 uid=10011 gids={3003, 1015, 1007, 2001, 3006}
I/ActivityManager(  153): Start proc com.google.android.apps.maps:FriendService for broadcast com.google.android.apps.maps/com.google.googlenav.friend.android.ServiceReceiver: pid=697 uid=10032 gids={3003, 1015}
I/ActivityManager(  153): START {flg=0x10000000 cmp=com.google.android.gsf/.update.SystemUpdateInstallDialog} from pid 460
I/ActivityManager(  153): START {flg=0x10000000 cmp=com.google.android.gsf/.update.SystemUpdateDownloadDialog} from pid 460
I/ActivityManager(  153): Start proc com.google.android.apps.maps:NetworkLocationService for service com.google.android.apps.maps/com.google.android.location.internal.server.NetworkLocationService: pid=709 uid=10032 gids={3003, 1015}
I/ActivityManager(  153): Start proc com.android.mms for broadcast com.android.mms/.transaction.MmsSystemEventReceiver: pid=721 uid=10036 gids={3003, 1015}
D/CountryDetectorService(  153): The first listener is added
W/ActivityManager(  153): Permission Denial: receiving Intent { act=android.intent.action.BOOT_COMPLETED flg=0x10 } to com.android.musicfx requires android.permission.RECEIVE_BOOT_COMPLETED due to sender null (uid 1000)
I/ActivityManager(  153): Start proc com.google.android.onetimeinitializer for broadcast com.google.android.onetimeinitializer/.OneTimeInitializerReceiver: pid=749 uid=10040 gids={}
I/ActivityManager(  153): Start proc com.google.android.talk for broadcast com.google.android.talk/.videochat.BootCompleteReceiver: pid=764 uid=10050 gids={3003, 1015, 1006, 3002}
D/ConnectivityService(  153): handleInetConditionChange: no active default network - ignore
I/ActivityManager(  153): Start proc com.google.android.videos for broadcast com.google.android.videos/com.google.android.youtube.videos.transfer.VideoDownloadService$BootReceiver: pid=792 uid=10053 gids={3003, 1015}
I/ActivityManager(  153): Start proc com.android.voicedialer for broadcast com.android.voicedialer/.VoiceDialerReceiver: pid=817 uid=10055 gids={3002}
W/ActivityManager(  153): Permission Denial: receiving Intent { act=android.intent.action.BOOT_COMPLETED flg=0x10 } to com.google.android.youtube requires android.permission.RECEIVE_BOOT_COMPLETED due to sender null (uid 1000)
W/ActivityManager(  153): Permission Denial: receiving Intent { act=android.intent.action.BOOT_COMPLETED flg=0x10 } to com.google.android.youtube requires android.permission.RECEIVE_BOOT_COMPLETED due to sender null (uid 1000)
I/ActivityManager(  153): Start proc com.google.android.apps.googlevoice for broadcast com.google.android.apps.googlevoice/.BootUpReceiver: pid=830 uid=10058 gids={3003, 1015}
I/ActivityManager(  153): Start proc com.android.vending for broadcast com.android.vending/.MarketWidgetProvider: pid=845 uid=10043 gids={3003, 1015}
I/ActivityManager(  153): No longer want com.google.android.inputmethod.latin.dictionarypack (pid 385): hidden #16
I/ActivityManager(  153): Start proc com.google.android.calendar for broadcast com.google.android.calendar/com.android.calendar.widget.CalendarAppWidgetService$CalendarFactory: pid=880 uid=10006 gids={3003}
I/ActivityManager(  153): No longer want com.android.contacts (pid 506): hidden #16
I/ActivityManager(  153): Start proc com.google.android.apps.maps:LocationFriendService for broadcast com.google.android.apps.maps/com.google.googlenav.friend.reporting.LocationReportingIntentReceiver: pid=895 uid=10032 gids={3003, 1015}
I/ActivityManager(  153): No longer want com.google.android.apps.genie.geniewidget (pid 605): hidden #16
I/ActivityManager(  153): Start proc com.google.android.music:main for broadcast com.google.android.music/.store.MediaStoreImportService$Receiver: pid=910 uid=10037 gids={3003, 1015}
I/ActivityManager(  153): No longer want com.android.providers.calendar (pid 541): hidden #16
I/ActivityManager(  153): Kill com.google.android.calendar (pid 880): provider com.android.providers.calendar.CalendarProvider2 in dying process com.android.providers.calendar
I/ActivityManager(  153): Start proc com.android.providers.calendar for broadcast com.android.providers.calendar/.CalendarProviderBroadcastReceiver: pid=931 uid=10007 gids={3003, 1015}
I/ActivityManager(  153): No longer want com.google.android.gsf.login (pid 660): hidden #16
I/ActivityManager(  153): Process com.google.android.calendar (pid 880) has died.
I/ActivityManager(  153): Start proc com.google.android.calendar for broadcast com.google.android.calendar/com.android.calendar.widget.CalendarAppWidgetService$CalendarFactory: pid=945 uid=10006 gids={3003}
I/ActivityManager(  153): No longer want com.google.android.partnersetup (pid 648): hidden #16
I/ActivityManager(  153): No longer want com.android.mms (pid 721): hidden #16
D/CountryDetectorService(  153): No listener is left
I/ActivityManager(  153): No longer want com.google.android.onetimeinitializer (pid 749): hidden #16
I/ActivityManager(  153): No longer want com.google.android.email (pid 574): hidden #16
I/ActivityManager(  153): No longer want com.google.android.exchange (pid 589): hidden #16
I/Vold    (   72): Filesystem check completed OK
I/Vold    (   72): Device /dev/block/vold/179:3, target /mnt/sdcard mounted @ /mnt/secure/staging
D/Vold    (   72): Volume sdcard state changing 3 (Checking) -> 4 (Mounted)
D/MountService(  153): volume state changed for /mnt/sdcard (checking -> mounted)
I/StorageNotification(  219): Media {/mnt/sdcard} state changed from {checking} -> {mounted}
D/MountService(  153): sendStorageIntent Intent { act=android.intent.action.MEDIA_MOUNTED dat=file:///mnt/sdcard (has extras) }
I/ActivityManager(  153): Start proc com.google.android.apps.uploader for broadcast com.google.android.apps.uploader/.ConnectivityBroadcastReceiver: pid=970 uid=10034 gids={3003}
D/VoldCmdListener(   72): asec list
W/PackageManager(  153): Not granting permission android.permission.SEND_DOWNLOAD_COMPLETED_INTENTS to package com.google.android.browser (protectionLevel=2 flags=0x9be45)
W/PackageManager(  153): Unknown permission com.android.vending.permission.UPDATE_MARKET_FAILURE in package com.android.vending.updater
W/PackageManager(  153): Unknown permission android.permission.ADD_SYSTEM_SERVICE in package com.android.phone
W/PackageManager(  153): Unknown permission com.android.smspush.WAPPUSH_MANAGER_BIND in package com.android.phone
W/PackageManager(  153): Unknown permission com.android.vending.billing.IBillingAccountService.BIND2 in package com.google.android.gsf.login
W/PackageManager(  153): Not granting permission android.permission.DEVICE_POWER to package com.google.android.deskclock (protectionLevel=2 flags=0x8be45)
W/PackageManager(  153): Unknown permission android.permission.READ_OWNER_DATA in package com.google.android.setupwizard
W/PackageManager(  153): Unknown permission android.permission.WRITE_OWNER_DATA in package com.google.android.setupwizard
W/PackageManager(  153): Not granting permission com.google.android.gm.permission.READ_GMAIL to package com.google.android.apps.uploader (protectionLevel=2 flags=0x8be45)
W/PackageManager(  153): Unknown permission android.permission.READ_EXTERNAL_STORAGE in package com.android.vending
W/PackageManager(  153): Not granting permission android.permission.SEND_DOWNLOAD_COMPLETED_INTENTS to package com.android.vending (protectionLevel=2 flags=0xabec5)
W/PackageManager(  153): Not granting permission android.permission.ACCOUNT_MANAGER to package com.google.android.music (protectionLevel=2 flags=0x8be65)
W/PackageManager(  153): Unknown permission com.android.providers.im.permission.READ_ONLY in package com.google.android.apps.maps
W/PackageManager(  153): Unknown permission android.permission.READ_EXTERNAL_STORAGE in package com.google.android.videoeditor
W/PackageManager(  153): Unknown permission com.google.android.apps.googlevoice.REMOTE_INTENT in package com.google.android.apps.googlevoice
W/PackageManager(  153): Unknown permission com.google.android.permission.RECEIVE_DATA_MESSAGE in package com.google.android.apps.googlevoice
W/PackageManager(  153): Unknown permission com.google.android.permission.SEND_DATA_MESSAGE in package com.google.android.apps.googlevoice
I/ActivityManager(  153): Start proc com.google.android.apps.plus for broadcast com.google.android.apps.plus/.service.PackagesMediaMonitor: pid=986 uid=10044 gids={3003, 1015, 1006}
I/ActivityManager(  153): No longer want com.google.android.videos (pid 792): hidden #16
I/ActivityManager(  153): No longer want com.android.voicedialer (pid 817): hidden #16
D/ConnectivityService(  153): ConnectivityChange for mobile: CONNECTED/CONNECTED
D/PhoneStatusBar(  219): disable: < expand icons alerts ticker system_info BACK HOME recent* CLOCK >
D/PhoneStatusBar(  219): disable: < expand icons alerts ticker system_info back* home* recent clock* >
I/ActivityManager(  153): START {act=android.intent.action.MAIN cat=[android.intent.category.LAUNCHER] flg=0x10200000 cmp=edu.mit.haoqili.camera_cloud/.CameraCloud} from pid 338
I/ActivityManager(  153): Start proc edu.mit.haoqili.camera_cloud for activity edu.mit.haoqili.camera_cloud/.CameraCloud: pid=1019 uid=10066 gids={1006, 1015, 3003}
W/InputManagerService(  153): Starting input on non-focused client com.android.internal.view.IInputMethodClient$Stub$Proxy@416f38f0 (uid=10029 pid=338)
D/ConnectivityService(  153): handleInetConditionHoldEnd: net=0, condition=100, published condition=0
D/ConnectivityService(  153): handleInetConditionHoldEnd: net=0, condition=0, published condition=100
D/NetworkPolicy(  153): applying policy NetworkPolicy[NetworkTemplate: matchRule=MOBILE_ALL, subscriberId=valid]: cycleDay=15, warningBytes=2147483648, limitBytes=-1, lastSnooze=-1 to ifaces [rmnet0]
D/PhoneStatusBar(  219): disable: < expand icons alerts ticker system_info back home RECENT* clock >
D/PhoneStatusBar(  219): disable: < expand icons alerts ticker system_info BACK* HOME* RECENT CLOCK* >
W/ActivityManager(  153): Timeout of broadcast BroadcastRecord{41717460 android.intent.action.SCREEN_OFF} - receiver=android.app.LoadedApk$ReceiverDispatcher$InnerReceiver@4155f5a0, started 10000ms ago
W/ActivityManager(  153): Receiver during timeout: BroadcastFilter{4155f7a8 ReceiverList{4155f730 153 system/1000 local:4155f5a0}}
D/ConnectivityService(  153): handleInetConditionHoldEnd: net=0, condition=100, published condition=0
D/ConnectivityService(  153): handleInetConditionHoldEnd: net=0, condition=0, published condition=100
W/ActivityManager(  153): finishReceiver called but no pending broadcasts
D/ConnectivityService(  153): handleInetConditionHoldEnd: net=0, condition=100, published condition=0
D/ConnectivityService(  153): handleInetConditionHoldEnd: net=0, condition=0, published condition=100
D/ConnectivityService(  153): handleInetConditionHoldEnd: net=0, condition=100, published condition=0
D/ConnectivityService(  153): handleInetConditionHoldEnd: net=0, condition=0, published condition=100
D/ConnectivityService(  153): handleInetConditionHoldEnd: net=0, condition=100, published condition=0
D/ConnectivityService(  153): handleInetConditionHoldEnd: net=0, condition=0, published condition=100
I/WindowManager(  153): Lock screen displayed!
D/PhoneStatusBar(  219): disable: < expand icons alerts ticker system_info BACK HOME recent* CLOCK >
W/InputManagerService(  153): Window already focused, ignoring focus gain of: com.android.internal.view.IInputMethodClient$Stub$Proxy@416c3498
D/PhoneStatusBar(  219): disable: < expand icons alerts ticker system_info back* home* recent clock* >
D/PhoneStatusBar(  219): disable: < expand icons alerts ticker system_info back home RECENT* clock >
D/PhoneStatusBar(  219): disable: < expand icons alerts ticker system_info BACK* HOME* RECENT CLOCK* >
D/ConnectivityService(  153): handleInetConditionHoldEnd: net=0, condition=100, published condition=0
D/ConnectivityService(  153): handleInetConditionHoldEnd: net=0, condition=0, published condition=100
D/ConnectivityService(  153): handleInetConditionHoldEnd: net=0, condition=0, published condition=0
D/ConnectivityService(  153): handleInetConditionHoldEnd: net=0, condition=100, published condition=0
D/ConnectivityService(  153): handleInetConditionHoldEnd: net=0, condition=0, published condition=100
D/ConnectivityService(  153): handleInetConditionHoldEnd: net=0, condition=100, published condition=0
D/ConnectivityService(  153): handleInetConditionHoldEnd: net=0, condition=0, published condition=100
D/ConnectivityService(  153): handleInetConditionHoldEnd: net=0, condition=100, published condition=0
D/ConnectivityService(  153): handleInetConditionHoldEnd: net=0, condition=0, published condition=100
D/ConnectivityService(  153): handleInetConditionHoldEnd: net=0, condition=100, published condition=0
D/ConnectivityService(  153): handleInetConditionHoldEnd: net=0, condition=0, published condition=100
I/WindowManager(  153): Lock screen displayed!
D/PhoneStatusBar(  219): disable: < expand icons alerts ticker system_info BACK HOME recent* CLOCK >
W/InputManagerService(  153): Window already focused, ignoring focus gain of: com.android.internal.view.IInputMethodClient$Stub$Proxy@416bb1f0
D/PhoneStatusBar(  219): disable: < expand icons alerts ticker system_info back* home* recent clock* >
W/InputManagerService(  153): Window already focused, ignoring focus gain of: com.android.internal.view.IInputMethodClient$Stub$Proxy@41554360
W/InputManagerService(  153): Window already focused, ignoring focus gain of: com.android.internal.view.IInputMethodClient$Stub$Proxy@416b7958
W/InputManagerService(  153): Window already focused, ignoring focus gain of: com.android.internal.view.IInputMethodClient$Stub$Proxy@41716d70
D/ConnectivityService(  153): handleInetConditionHoldEnd: net=0, condition=100, published condition=0
D/ConnectivityService(  153): handleInetConditionHoldEnd: net=0, condition=0, published condition=100
W/InputManagerService(  153): Window already focused, ignoring focus gain of: com.android.internal.view.IInputMethodClient$Stub$Proxy@4167cc40
I/WindowManager(  153): Input event dispatching timed out sending to edu.mit.haoqili.camera_cloud/edu.mit.haoqili.camera_cloud.CameraCloud
E/ActivityManager(  153): ANR in edu.mit.haoqili.camera_cloud (edu.mit.haoqili.camera_cloud/.CameraCloud)
E/ActivityManager(  153): Reason: keyDispatchingTimedOut
E/ActivityManager(  153): Load: 0.02 / 0.18 / 0.28
E/ActivityManager(  153): CPU usage from 9631ms to 2662ms ago with 99% awake:
E/ActivityManager(  153):   43% 81/mediaserver: 42% user + 0.7% kernel
E/ActivityManager(  153):   11% 78/surfaceflinger: 3.4% user + 7.6% kernel
E/ActivityManager(  153):   4% 87/gpsd: 2.5% user + 1.4% kernel
E/ActivityManager(  153):   3.4% 153/system_server: 3% user + 0.4% kernel / faults: 149 minor
E/ActivityManager(  153):   1.4% 1100/kworker/0:1: 0% user + 1.4% kernel
E/ActivityManager(  153):   1% 315/com.android.phone: 0.7% user + 0.2% kernel / faults: 22 minor
E/ActivityManager(  153):   0.4% 57/kworker/u:2: 0% user + 0.4% kernel
E/ActivityManager(  153):   0.4% 1101/kworker/u:1: 0% user + 0.4% kernel
E/ActivityManager(  153):   0.1% 77/rild: 0% user + 0% kernel
E/ActivityManager(  153):   0.1% 460/com.google.process.gapps: 0% user + 0% kernel / faults: 5 minor
E/ActivityManager(  153):   0.2% 709/com.google.android.apps.maps:NetworkLocationService: 0.2% user + 0% kernel
E/ActivityManager(  153):   0% 51/irq/308-mxt224_: 0% user + 0% kernel
E/ActivityManager(  153):   0.1% 219/com.android.systemui: 0.1% user + 0% kernel / faults: 11 minor
E/ActivityManager(  153): 65% TOTAL: 53% user + 11% kernel
E/ActivityManager(  153): CPU usage from 546ms to 1071ms later:
E/ActivityManager(  153):   44% 81/mediaserver: 44% user + 0% kernel
E/ActivityManager(  153):     44% 1035/CameraPreviewTh: 44% user + 0% kernel
E/ActivityManager(  153):   11% 78/surfaceflinger: 5.6% user + 5.6% kernel
E/ActivityManager(  153):     9.4% 132/SurfaceFlinger: 3.7% user + 5.6% kernel
E/ActivityManager(  153):     1.8% 141/Binder Thread #: 1.8% user + 0% kernel
E/ActivityManager(  153):   5.5% 153/system_server: 1.8% user + 3.7% kernel / faults: 2 minor
E/ActivityManager(  153):     7.4% 187/InputDispatcher: 1.8% user + 5.5% kernel
E/ActivityManager(  153):   1.8% 87/gpsd: 1.8% user + 0% kernel
E/ActivityManager(  153):     1.8% 87/gpsd: 1.8% user + 0% kernel
E/ActivityManager(  153): 67% TOTAL: 57% user + 9.6% kernel
I/WindowManager(  153): Input event dispatching timed out sending to edu.mit.haoqili.camera_cloud/edu.mit.haoqili.camera_cloud.CameraCloud
E/ActivityManager(  153): ANR in edu.mit.haoqili.camera_cloud (edu.mit.haoqili.camera_cloud/.CameraCloud)
E/ActivityManager(  153): Reason: keyDispatchingTimedOut
E/ActivityManager(  153): Load: 0.02 / 0.17 / 0.28
E/ActivityManager(  153): CPU usage from 9188ms to 2481ms ago:
E/ActivityManager(  153):   46% 81/mediaserver: 45% user + 1.1% kernel
E/ActivityManager(  153):   11% 78/surfaceflinger: 3.8% user + 8% kernel
E/ActivityManager(  153):   3.8% 87/gpsd: 2.6% user + 1.1% kernel
E/ActivityManager(  153):   1.6% 153/system_server: 1.3% user + 0.2% kernel / faults: 15 minor
E/ActivityManager(  153):   1.3% 1100/kworker/0:1: 0% user + 1.3% kernel
E/ActivityManager(  153):   1.1% 315/com.android.phone: 1% user + 0.1% kernel / faults: 60 minor
E/ActivityManager(  153):   0.5% 5/kworker/u:0: 0% user + 0.5% kernel
E/ActivityManager(  153):   0.5% 1101/kworker/u:1: 0% user + 0.5% kernel
E/ActivityManager(  153):   0.1% 77/rild: 0% user + 0.1% kernel
E/ActivityManager(  153):   0.2% 709/com.google.android.apps.maps:NetworkLocationService: 0.1% user + 0.1% kernel / faults: 4 minor
E/ActivityManager(  153):   0.2% 1019/edu.mit.haoqili.camera_cloud: 0.2% user + 0% kernel / faults: 17 minor
E/ActivityManager(  153):   0% 71/servicemanager: 0% user + 0% kernel
E/ActivityManager(  153):   0.1% 219/com.android.systemui: 0.1% user + 0% kernel / faults: 1 minor
E/ActivityManager(  153):   0% 460/com.google.process.gapps: 0% user + 0% kernel / faults: 7 minor
E/ActivityManager(  153): 67% TOTAL: 55% user + 12% kernel + 0.1% softirq
E/ActivityManager(  153): CPU usage from 494ms to 1008ms later:
E/ActivityManager(  153):   33% 81/mediaserver: 33% user + 0% kernel
E/ActivityManager(  153):     33% 1035/CameraPreviewTh: 33% user + 0% kernel
E/ActivityManager(  153):   11% 78/surfaceflinger: 3.7% user + 7.5% kernel
E/ActivityManager(  153):     7.5% 132/SurfaceFlinger: 1.8% user + 5.6% kernel
E/ActivityManager(  153):   9% 153/system_server: 5.4% user + 3.6% kernel / faults: 3 minor
E/ActivityManager(  153):     9% 187/InputDispatcher: 5.4% user + 3.6% kernel
E/ActivityManager(  153):     1.8% 300/LocationManager: 1.8% user + 0% kernel
E/ActivityManager(  153):     1.8% 340/Binder Thread #: 0% user + 1.8% kernel
E/ActivityManager(  153):   1.8% 87/gpsd: 1.8% user + 0% kernel
E/ActivityManager(  153):     1.8% 87/gpsd: 1.8% user + 0% kernel
E/ActivityManager(  153):   1.1% 219/com.android.systemui: 1.1% user + 0% kernel / faults: 1 minor
E/ActivityManager(  153):     1.1% 219/ndroid.systemui: 1.1% user + 0% kernel
E/ActivityManager(  153):   1.4% 1019/edu.mit.haoqili.camera_cloud: 1.4% user + 0% kernel / faults: 6 minor
E/ActivityManager(  153):     2.8% 1019/li.camera_cloud: 1.4% user + 1.4% kernel
E/ActivityManager(  153):   1.4% 1100/kworker/0:1: 0% user + 1.4% kernel
E/ActivityManager(  153): 59% TOTAL: 48% user + 9.6% kernel + 1.9% softirq
W/InputManagerService(  153): Window already focused, ignoring focus gain of: com.android.internal.view.IInputMethodClient$Stub$Proxy@41525b40
W/InputManagerService(  153): Window already focused, ignoring focus gain of: com.android.internal.view.IInputMethodClient$Stub$Proxy@416de1b8
--------- beginning of /dev/log/main
I/CameraCloud( 1019): 1333727989675: Cloud server request length: 8424
I/CameraCloud( 1019): 1333727989675: about to execute HTTP POST
I/CameraCloud( 1019): 1333727989676: in serverRequest() about to httpclient.execute()
D/AudioHardware(   81): AudioHardware pcm playback is going to standby.
D/AudioHardware(   81): closePcmOut_l() mPcmOpenCnt: 1
I/CameraCloud( 1019): 1333727993137: CameraCloud Execute HTTP latency: 3461ms
I/CameraCloud( 1019): 1333727993139: finished executing HTTP POST, get data
I/CameraCloud( 1019): 1333727993140: make input stream reader for data
I/CameraCloud( 1019): 1333727993169: Cloud response length: 18
I/CameraCloud( 1019): 1333727993171: Returning cloud object
I/CameraCloud( 1019): 1333727993202: CameraCloud upload new photo latency = 3592
I/CameraCloud( 1019): 1333727993203: CameraCloud upload start 1333727989610 ~ stop 1333727993202
I/CameraCloud( 1019): 1333727993203: takeNum=3 takeCamGood=3 takeGoodSave=3 takeBad=0 getNum=4 getGood=4 getBad=0
I/CameraCloud( 1019): 1333727993203: SUCCESS! Client now knows saving photo on cloud server succeeded
I/CameraCloud( 1019): 1333727993203: RETURN STATUS: 12
I/CameraCloud( 1019): 1333727993204: Inside _enableButtons
I/CameraCloud( 1019): 1333727993204: areButtonsEnabled --> true
I/CameraCloud( 1019): 1333727993204: end of client send picture method
W/InputManagerService(  153): Window already focused, ignoring focus gain of: com.android.internal.view.IInputMethodClient$Stub$Proxy@4156ffc8
D/dalvikvm(  153): GC_CONCURRENT freed 770K, 15% free 12364K/14407K, paused 3ms+5ms
I/CameraCloud( 1019): 1333727998906: .......... GPS onLocationChanged ...... 
I/CameraCloud( 1019): 1333727998907: Loc = Location[mProvider=gps,mTime=1333814400000,mLatitude=42.363640746883284,mLongitude=-71.10030022585164,mHasAltitude=true,mAltitude=-24.0,mHasSpeed=true,mSpeed=0.21496496,mHasBearing=true,mBearing=107.21284,mHasAccuracy=true,mAccuracy=10.0,mExtras=Bundle[mParcelledData.dataSize=4]] Previous Region = (0,0)
I/CameraCloud( 1019): 1333727998907: GPS x/long:-71.10030022585164, GPS y/lat: 42.363640746883284. Region width in x: 51.96152422706632
I/CameraCloud( 1019): 1333727998908: location PINPOINTS to region = 0.0, previous 0
I/CameraCloud( 1019): 1333727998908: stay at region 0
I/CameraCloud( 1019): 1333727999897: .......... GPS onLocationChanged ...... 
I/CameraCloud( 1019): 1333727999898: Loc = Location[mProvider=gps,mTime=1333814401000,mLatitude=42.363623381911,mLongitude=-71.10028835653492,mHasAltitude=true,mAltitude=-20.0,mHasSpeed=true,mSpeed=0.0,mHasBearing=true,mBearing=97.4074,mHasAccuracy=true,mAccuracy=10.0,mExtras=Bundle[mParcelledData.dataSize=4]] Previous Region = (0,0)
I/CameraCloud( 1019): 1333727999900: GPS x/long:-71.10028835653492, GPS y/lat: 42.363623381911. Region width in x: 51.96152422706632
I/CameraCloud( 1019): 1333727999900: location PINPOINTS to region = 0.0, previous 0
I/CameraCloud( 1019): 1333727999900: stay at region 0
I/CameraCloud( 1019): 1333728000907: .......... GPS onLocationChanged ...... 
I/CameraCloud( 1019): 1333728000908: Loc = Location[mProvider=gps,mTime=1333814402000,mLatitude=42.363609971397004,mLongitude=-71.10029220669365,mHasAltitude=true,mAltitude=-19.0,mHasSpeed=true,mSpeed=0.35965326,mHasBearing=true,mBearing=10.52938,mHasAccuracy=true,mAccuracy=10.0,mExtras=Bundle[mParcelledData.dataSize=4]] Previous Region = (0,0)
I/CameraCloud( 1019): 1333728000909: GPS x/long:-71.10029220669365, GPS y/lat: 42.363609971397004. Region width in x: 51.96152422706632
I/CameraCloud( 1019): 1333728000909: location PINPOINTS to region = 0.0, previous 0
I/CameraCloud( 1019): 1333728000909: stay at region 0
I/CameraCloud( 1019): 1333728011202: canPressButton = TRUE
I/CameraCloud( 1019): 1333728011203: areButtonsEnabled --> false 
I/CameraCloud( 1019): 1333728011203: Inside get photo disableButtons XXX
D/AudioHardware(   81): AudioHardware pcm playback is exiting standby.
D/AudioHardware(   81): openPcmOut_l() mPcmOpenCnt: 0
I/CameraCloud( 1019): 1333728011270: takeNum=3 takeCamGood=3 takeGoodSave=3 takeBad=0 getNum=5 getGood=4 getBad=0
I/CameraCloud( 1019): 1333728011270: ** Clicked getphotos Button from region 1 **
I/CameraCloud( 1019): 1333728011270: Trying to get photo from server, about to call serverRequest()
I/CameraCloud( 1019): 1333728011271: Server request to url: http://hermes5.csail.mit.edu:8213/102/1/0/
I/CameraCloud( 1019): 1333728011283: Cloud server request length: 12
I/CameraCloud( 1019): 1333728011283: about to execute HTTP POST
I/CameraCloud( 1019): 1333728011283: in serverRequest() about to httpclient.execute()
D/AudioHardware(   81): AudioHardware pcm playback is going to standby.
D/AudioHardware(   81): closePcmOut_l() mPcmOpenCnt: 1
I/System.out(  709): [INFO:1194799]: c: Running flush
I/System.out(  709): [INFO:1194800]: c: Sending payload [bytes=524]
D/dalvikvm(  709): GC_CONCURRENT freed 370K, 7% free 10081K/10759K, paused 2ms+2ms
I/System.out(  709): [INFO:1195787]: c: Response [http=200,length=20]
I/System.out(  709): [INFO:1195802]: c: Read id 3, status code 200
I/System.out(  709): [INFO:1195851]: c: Running flush
I/System.out(  709): [INFO:1195852]: c: Sending payload [bytes=331]
I/System.out(  709): [INFO:1196072]: c: Response [http=200,length=20]
I/System.out(  709): [INFO:1196073]: c: Read id 4, status code 200
D/dalvikvm(  315): GC_CONCURRENT freed 432K, 6% free 9504K/10055K, paused 5ms+3ms
D/dalvikvm(  153): GC_CONCURRENT freed 715K, 15% free 12362K/14407K, paused 30ms+5ms
I/CameraCloud( 1019): 1333728042833: CameraCloud Execute HTTP latency: 31550ms
I/CameraCloud( 1019): 1333728042833: finished executing HTTP POST, get data
I/CameraCloud( 1019): 1333728042834: make input stream reader for data
I/CameraCloud( 1019): 1333728042834: Cloud response length: 52296
I/CameraCloud( 1019): 1333728042834: Returning cloud object
D/dalvikvm( 1019): GC_CONCURRENT freed 2064K, 28% free 10229K/14023K, paused 2ms+2ms
I/CameraCloud( 1019): 1333728048384: CameraCloud download photo latency = 37113
I/CameraCloud( 1019): 1333728048385: CameraCloud download start 1333728011271 ~ stop 1333728048384
I/CameraCloud( 1019): 1333728048398: takeNum=3 takeCamGood=3 takeGoodSave=3 takeBad=0 getNum=5 getGood=5 getBad=0
I/CameraCloud( 1019): 1333728048400: Success! Client getting photo from cloud server, showing photo...
I/CameraCloud( 1019): 1333728048401: Remote photo's length: 5473
D/dalvikvm( 1019): GC_EXPLICIT freed 210K, 28% free 10176K/14023K, paused 4ms+2ms
I/CameraCloud( 1019): 1333728048466: Done with Get photos button for region 1
I/CameraCloud( 1019): 1333728048466: Inside _enableButtons
I/CameraCloud( 1019): 1333728048467: areButtonsEnabled --> true
I/CameraCloud( 1019): 1333728048529: .......... GPS onLocationChanged ...... 
I/CameraCloud( 1019): 1333728048529: Loc = Location[mProvider=gps,mTime=1333814413000,mLatitude=42.36360313461158,mLongitude=-71.10031026959719,mHasAltitude=true,mAltitude=-14.0,mHasSpeed=true,mSpeed=0.27548712,mHasBearing=true,mBearing=18.697945,mHasAccuracy=true,mAccuracy=10.0,mExtras=Bundle[mParcelledData.dataSize=4]] Previous Region = (0,0)
I/CameraCloud( 1019): 1333728048530: GPS x/long:-71.10031026959719, GPS y/lat: 42.36360313461158. Region width in x: 51.96152422706632
I/CameraCloud( 1019): 1333728048531: location PINPOINTS to region = 0.0, previous 0
I/CameraCloud( 1019): 1333728048531: stay at region 0
I/CameraCloud( 1019): 1333728048532: .......... GPS onLocationChanged ...... 
I/CameraCloud( 1019): 1333728048533: Loc = Location[mProvider=gps,mTime=1333814415000,mLatitude=42.363593125390814,mLongitude=-71.10031433581895,mHasAltitude=true,mAltitude=-20.0,mHasSpeed=true,mSpeed=0.31782758,mHasBearing=true,mBearing=30.698952,mHasAccuracy=true,mAccuracy=10.0,mExtras=Bundle[mParcelledData.dataSize=4]] Previous Region = (0,0)
I/CameraCloud( 1019): 1333728048533: GPS x/long:-71.10031433581895, GPS y/lat: 42.363593125390814. Region width in x: 51.96152422706632
I/CameraCloud( 1019): 1333728048534: location PINPOINTS to region = 0.0, previous 0
I/CameraCloud( 1019): 1333728048534: stay at region 0
I/CameraCloud( 1019): 1333728048535: .......... GPS onLocationChanged ...... 
I/CameraCloud( 1019): 1333728048535: Loc = Location[mProvider=gps,mTime=1333814419000,mLatitude=42.36359708941198,mLongitude=-71.10030291321308,mHasAltitude=true,mAltitude=-22.0,mHasSpeed=true,mSpeed=0.34453654,mHasBearing=true,mBearing=51.09468,mHasAccuracy=true,mAccuracy=10.0,mExtras=Bundle[mParcelledData.dataSize=4]] Previous Region = (0,0)
I/CameraCloud( 1019): 1333728048536: GPS x/long:-71.10030291321308, GPS y/lat: 42.36359708941198. Region width in x: 51.96152422706632
I/CameraCloud( 1019): 1333728048536: location PINPOINTS to region = 0.0, previous 0
I/CameraCloud( 1019): 1333728048536: stay at region 0
I/CameraCloud( 1019): 1333728048537: .......... GPS onLocationChanged ...... 
I/CameraCloud( 1019): 1333728048538: Loc = Location[mProvider=gps,mTime=1333814423000,mLatitude=42.3635956086072,mLongitude=-71.10028777586648,mHasAltitude=true,mAltitude=-25.0,mHasSpeed=true,mSpeed=0.40657416,mHasBearing=true,mBearing=77.28468,mHasAccuracy=true,mAccuracy=15.0,mExtras=Bundle[mParcelledData.dataSize=4]] Previous Region = (0,0)
I/CameraCloud( 1019): 1333728048538: GPS x/long:-71.10028777586648, GPS y/lat: 42.3635956086072. Region width in x: 51.96152422706632
I/CameraCloud( 1019): 1333728048539: location PINPOINTS to region = 0.0, previous 0
I/CameraCloud( 1019): 1333728048539: stay at region 0
I/CameraCloud( 1019): 1333728048540: .......... GPS onLocationChanged ...... 
I/CameraCloud( 1019): 1333728048540: Loc = Location[mProvider=gps,mTime=1333814430000,mLatitude=42.363603446567524,mLongitude=-71.10029820570882,mHasAltitude=true,mAltitude=-21.0,mHasSpeed=true,mSpeed=0.0,mHasBearing=true,mBearing=310.4295,mHasAccuracy=true,mAccuracy=10.0,mExtras=Bundle[mParcelledData.dataSize=4]] Previous Region = (0,0)
I/CameraCloud( 1019): 1333728048541: GPS x/long:-71.10029820570882, GPS y/lat: 42.363603446567524. Region width in x: 51.96152422706632
I/CameraCloud( 1019): 1333728048541: location PINPOINTS to region = 0.0, previous 0
I/CameraCloud( 1019): 1333728048541: stay at region 0
I/CameraCloud( 1019): 1333728048542: .......... GPS onLocationChanged ...... 
I/CameraCloud( 1019): 1333728048542: Loc = Location[mProvider=gps,mTime=1333814431000,mLatitude=42.36359761233874,mLongitude=-71.10031314105429,mHasAltitude=true,mAltitude=-19.0,mHasSpeed=true,mSpeed=0.0,mHasBearing=true,mBearing=310.4295,mHasAccuracy=true,mAccuracy=10.0,mExtras=Bundle[mParcelledData.dataSize=4]] Previous Region = (0,0)
I/CameraCloud( 1019): 1333728048543: GPS x/long:-71.10031314105429, GPS y/lat: 42.36359761233874. Region width in x: 51.96152422706632
I/CameraCloud( 1019): 1333728048543: location PINPOINTS to region = 0.0, previous 0
I/CameraCloud( 1019): 1333728048543: stay at region 0
I/CameraCloud( 1019): 1333728048544: .......... GPS onLocationChanged ...... 
I/CameraCloud( 1019): 1333728048545: Loc = Location[mProvider=gps,mTime=1333814432000,mLatitude=42.363602149271436,mLongitude=-71.10032467829942,mHasAltitude=true,mAltitude=-19.0,mHasSpeed=true,mSpeed=0.43585625,mHasBearing=true,mBearing=320.56345,mHasAccuracy=true,mAccuracy=10.0,mExtras=Bundle[mParcelledData.dataSize=4]] Previous Region = (0,0)
I/CameraCloud( 1019): 1333728048545: GPS x/long:-71.10032467829942, GPS y/lat: 42.363602149271436. Region width in x: 51.96152422706632
I/CameraCloud( 1019): 1333728048545: location PINPOINTS to region = 0.0, previous 0
I/CameraCloud( 1019): 1333728048546: stay at region 0
W/InputManagerService(  153): Window already focused, ignoring focus gain of: com.android.internal.view.IInputMethodClient$Stub$Proxy@414d8840
I/CameraCloud( 1019): 1333728050848: .......... GPS onLocationChanged ...... 
I/CameraCloud( 1019): 1333728050849: Loc = Location[mProvider=gps,mTime=1333814452000,mLatitude=42.3635736387267,mLongitude=-71.10031706758163,mHasAltitude=true,mAltitude=-24.0,mHasSpeed=true,mSpeed=0.24684803,mHasBearing=true,mBearing=159.52898,mHasAccuracy=true,mAccuracy=10.0,mExtras=Bundle[mParcelledData.dataSize=4]] Previous Region = (0,0)
I/CameraCloud( 1019): 1333728050850: GPS x/long:-71.10031706758163, GPS y/lat: 42.3635736387267. Region width in x: 51.96152422706632
I/CameraCloud( 1019): 1333728050850: location PINPOINTS to region = 0.0, previous 0
I/CameraCloud( 1019): 1333728050850: stay at region 0
D/dalvikvm( 1019): GC_CONCURRENT freed 416K, 28% free 10156K/14023K, paused 3ms+2ms
I/CameraCloud( 1019): 1333728051877: .......... GPS onLocationChanged ...... 
I/CameraCloud( 1019): 1333728051878: Loc = Location[mProvider=gps,mTime=1333814453000,mLatitude=42.36355713314661,mLongitude=-71.10031819405046,mHasAltitude=true,mAltitude=-25.0,mHasSpeed=true,mSpeed=0.0,mHasBearing=true,mBearing=154.66983,mHasAccuracy=true,mAccuracy=10.0,mExtras=Bundle[mParcelledData.dataSize=4]] Previous Region = (0,0)
I/CameraCloud( 1019): 1333728051879: GPS x/long:-71.10031819405046, GPS y/lat: 42.36355713314661. Region width in x: 51.96152422706632
I/CameraCloud( 1019): 1333728051880: location PINPOINTS to region = 0.0, previous 0
I/CameraCloud( 1019): 1333728051881: stay at region 0
I/CameraCloud( 1019): 1333728054876: .......... GPS onLocationChanged ...... 
I/CameraCloud( 1019): 1333728054877: Loc = Location[mProvider=gps,mTime=1333814456000,mLatitude=42.363547180811004,mLongitude=-71.10031118025893,mHasAltitude=true,mAltitude=-21.0,mHasSpeed=true,mSpeed=0.13742724,mHasBearing=true,mBearing=158.98305,mHasAccuracy=true,mAccuracy=10.0,mExtras=Bundle[mParcelledData.dataSize=4]] Previous Region = (0,0)
I/CameraCloud( 1019): 1333728054878: GPS x/long:-71.10031118025893, GPS y/lat: 42.363547180811004. Region width in x: 51.96152422706632
I/CameraCloud( 1019): 1333728054879: location PINPOINTS to region = 0.0, previous 0
I/CameraCloud( 1019): 1333728054880: stay at region 0
I/CameraCloud( 1019): 1333728056866: .......... GPS onLocationChanged ...... 
I/CameraCloud( 1019): 1333728056867: Loc = Location[mProvider=gps,mTime=1333814458000,mLatitude=42.36354112638433,mLongitude=-71.10029717750945,mHasAltitude=true,mAltitude=-22.0,mHasSpeed=true,mSpeed=0.27794194,mHasBearing=true,mBearing=153.43016,mHasAccuracy=true,mAccuracy=20.0,mExtras=Bundle[mParcelledData.dataSize=4]] Previous Region = (0,0)
