D/Finsky  (  845): [1] UpdatesAvailableReceiver.onReceive: Received updates available notification
E/Finsky  (  845): [1] UpdatesAvailableReceiver.onReceive: Could not set up current account / dfe api when receiving an updates available broadcast.
D/dalvikvm(  153): GC_CONCURRENT freed 998K, 13% free 13301K/15175K, paused 2ms+5ms
I/EventLogService(  460): Aggregate from 1333812802228 (log), 1333812802228 (data)
I/ServiceDumpSys(  460): dumping service [account]
I/EventLogService(  460): Aggregate from 1333814602333 (log), 1333814602333 (data)
D/dalvikvm(  460): GC_FOR_ALLOC freed 353K, 8% free 9998K/10759K, paused 17ms
I/ServiceDumpSys(  460): dumping service [account]
I/EventLogService(  460): Aggregate from 1333816402438 (log), 1333816402438 (data)
I/ServiceDumpSys(  460): dumping service [account]
D/dalvikvm(  153): GC_CONCURRENT freed 962K, 13% free 13316K/15175K, paused 2ms+4ms
I/EventLogService(  460): Aggregate from 1333818202549 (log), 1333818202549 (data)
I/ServiceDumpSys(  460): dumping service [account]
D/dalvikvm(  219): GC_CONCURRENT freed 385K, 7% free 9955K/10631K, paused 2ms+4ms
I/SystemUpdateService(  460): download in progress: [id: 17 compl: false succ: false bytes: 0 reason: 0 fn: null]
I/SystemUpdateService(  460): download took too long; will cancel and retry
D/dalvikvm(  267): GC_EXPLICIT freed 288K, 6% free 9256K/9799K, paused 2ms+3ms
V/SystemUpdateService(  460): retry (wakeup: true) in 269887 ms
D/dalvikvm(  460): GC_FOR_ALLOC freed 308K, 8% free 10000K/10759K, paused 26ms
V/SystemUpdateService(  460): onPostExecute: false
D/dalvikvm(  153): GC_EXPLICIT freed 279K, 13% free 13277K/15175K, paused 2ms+5ms
I/SystemUpdateService(  460): starting download of http://android.clients.google.com/packages/ota/google_crespo/hR7QFEtn.zip
V/SystemUpdateService(  460): retry (wakeup: true) in 21599998 ms
I/SystemUpdate.Download(  460): Started a new update download: http://android.clients.google.com/packages/ota/google_crespo/hR7QFEtn.zip (id 18; allowMobile=false)
V/SystemUpdateService(  460): onPostExecute: false
I/DownloadManager(  267): Initiating request for download 18
W/DownloadManager(  267): Aborting request for download 18: no network connection available
I/EventLogService(  460): Aggregate from 1333820002790 (log), 1333820002790 (data)
I/ServiceDumpSys(  460): dumping service [account]
I/EventLogService(  460): Aggregate from 1333821802930 (log), 1333821802930 (data)
I/ServiceDumpSys(  460): dumping service [account]
I/EventLogService(  460): Aggregate from 1333823603036 (log), 1333823603036 (data)
I/ServiceDumpSys(  460): dumping service [account]
D/dalvikvm(  153): GC_CONCURRENT freed 975K, 13% free 13310K/15175K, paused 2ms+5ms
I/EventLogService(  460): Aggregate from 1333825403100 (log), 1333825403100 (data)
D/dalvikvm(  460): GC_FOR_ALLOC freed 364K, 8% free 9999K/10759K, paused 21ms
I/ServiceDumpSys(  460): dumping service [account]
I/EventLogService(  460): Aggregate from 1333827203222 (log), 1333827203222 (data)
I/ServiceDumpSys(  460): dumping service [account]
I/EventLogService(  460): Aggregate from 1333829003399 (log), 1333829003399 (data)
I/ServiceDumpSys(  460): dumping service [account]
D/dalvikvm(  153): GC_CONCURRENT freed 944K, 13% free 13318K/15175K, paused 3ms+5ms
D/dalvikvm(  219): GC_CONCURRENT freed 395K, 7% free 9955K/10631K, paused 2ms+3ms
I/EventLogService(  460): Aggregate from 1333830803533 (log), 1333830803533 (data)
I/ServiceDumpSys(  460): dumping service [account]
I/EventLogService(  460): Aggregate from 1333832603810 (log), 1333832603810 (data)
I/ServiceDumpSys(  460): dumping service [account]
D/dalvikvm(  460): GC_FOR_ALLOC freed 347K, 8% free 9999K/10759K, paused 36ms
I/EventLogService(  460): Aggregate from 1333834403975 (log), 1333834403975 (data)
I/ServiceDumpSys(  460): dumping service [account]
D/dalvikvm(  153): GC_CONCURRENT freed 945K, 13% free 13324K/15175K, paused 3ms+7ms
I/EventLogService(  460): Aggregate from 1333836204083 (log), 1333836204083 (data)
I/ServiceDumpSys(  460): dumping service [account]
I/EventLogService(  460): Aggregate from 1333838004224 (log), 1333838004224 (data)
I/ServiceDumpSys(  460): dumping service [account]
I/EventLogService(  460): Aggregate from 1333839804349 (log), 1333839804349 (data)
D/dalvikvm(  153): GC_CONCURRENT freed 963K, 13% free 13318K/15175K, paused 2ms+5ms
I/ServiceDumpSys(  460): dumping service [account]
I/SystemUpdateService(  460): download in progress: [id: 18 compl: false succ: false bytes: 0 reason: 0 fn: null]
I/SystemUpdateService(  460): download took too long; will cancel and retry
D/dalvikvm(  460): GC_FOR_ALLOC freed 356K, 8% free 10001K/10759K, paused 17ms
V/SystemUpdateService(  460): retry (wakeup: true) in 328159 ms
V/SystemUpdateService(  460): onPostExecute: false
I/SystemUpdateService(  460): starting download of http://android.clients.google.com/packages/ota/google_crespo/hR7QFEtn.zip
V/SystemUpdateService(  460): retry (wakeup: true) in 21599997 ms
I/SystemUpdate.Download(  460): Started a new update download: http://android.clients.google.com/packages/ota/google_crespo/hR7QFEtn.zip (id 19; allowMobile=false)
V/SystemUpdateService(  460): onPostExecute: false
I/DownloadManager(  267): Initiating request for download 19
W/DownloadManager(  267): Aborting request for download 19: no network connection available
D/dalvikvm(  460): GC_EXPLICIT freed 204K, 8% free 9992K/10759K, paused 2ms+3ms
I/EventLogService(  460): Aggregate from 1333841604466 (log), 1333841604466 (data)
I/ServiceDumpSys(  460): dumping service [account]
D/dalvikvm(  219): GC_CONCURRENT freed 392K, 7% free 9955K/10631K, paused 2ms+3ms
I/EventLogService(  460): Aggregate from 1333843404841 (log), 1333843404841 (data)
I/ServiceDumpSys(  460): dumping service [account]
D/dalvikvm(  153): GC_CONCURRENT freed 942K, 13% free 13326K/15175K, paused 2ms+7ms
I/EventLogService(  460): Aggregate from 1333845204953 (log), 1333845204953 (data)
I/ServiceDumpSys(  460): dumping service [account]
I/EventLogService(  460): Aggregate from 1333847005063 (log), 1333847005063 (data)
I/ServiceDumpSys(  460): dumping service [account]
I/EventLogService(  460): Aggregate from 1333848805126 (log), 1333848805126 (data)
I/ServiceDumpSys(  460): dumping service [account]
D/dalvikvm(  460): GC_FOR_ALLOC freed 368K, 8% free 10000K/10759K, paused 21ms
D/dalvikvm(  153): GC_CONCURRENT freed 976K, 13% free 13325K/15175K, paused 2ms+5ms
I/EventLogService(  460): Aggregate from 1333850605243 (log), 1333850605243 (data)
I/ServiceDumpSys(  460): dumping service [account]
I/EventLogService(  460): Aggregate from 1333852405353 (log), 1333852405353 (data)
I/ServiceDumpSys(  460): dumping service [account]
I/EventLogService(  460): Aggregate from 1333854205455 (log), 1333854205455 (data)
I/ServiceDumpSys(  460): dumping service [account]
D/dalvikvm(  219): GC_CONCURRENT freed 392K, 7% free 9955K/10631K, paused 2ms+4ms
D/dalvikvm(  153): GC_CONCURRENT freed 963K, 13% free 13326K/15175K, paused 2ms+4ms
D/AlarmManagerService(  153): Kernel timezone updated to 240 minutes west of GMT
I/EventLogService(  460): Aggregate from 1333856005553 (log), 1333856005553 (data)
I/ServiceDumpSys(  460): dumping service [account]
I/EventLogService(  460): Aggregate from 1333857805809 (log), 1333857805809 (data)
D/dalvikvm(  460): GC_FOR_ALLOC freed 378K, 8% free 9999K/10759K, paused 21ms
I/ServiceDumpSys(  460): dumping service [account]
I/EventLogService(  460): Aggregate from 1333859605930 (log), 1333859605930 (data)
I/ServiceDumpSys(  460): dumping service [account]
D/dalvikvm(  153): GC_CONCURRENT freed 1002K, 13% free 13337K/15175K, paused 4ms+5ms
I/EventLogService(  460): Aggregate from 1333861406084 (log), 1333861406084 (data)
I/ServiceDumpSys(  460): dumping service [account]
D/dalvikvm(  153): GC_EXPLICIT freed 485K, 13% free 13304K/15175K, paused 3ms+4ms
I/SystemUpdateService(  460): download in progress: [id: 19 compl: false succ: false bytes: 0 reason: 0 fn: null]
I/SystemUpdateService(  460): download took too long; will cancel and retry
V/SystemUpdateService(  460): retry (wakeup: true) in 389878 ms
D/dalvikvm(  460): GC_FOR_ALLOC freed 320K, 8% free 10001K/10759K, paused 27ms
V/SystemUpdateService(  460): onPostExecute: false
I/EventLogService(  460): Aggregate from 1333863206206 (log), 1333863206206 (data)
I/ServiceDumpSys(  460): dumping service [account]
I/SystemUpdateService(  460): starting download of http://android.clients.google.com/packages/ota/google_crespo/hR7QFEtn.zip
V/SystemUpdateService(  460): retry (wakeup: true) in 21599998 ms
I/SystemUpdate.Download(  460): Started a new update download: http://android.clients.google.com/packages/ota/google_crespo/hR7QFEtn.zip (id 20; allowMobile=false)
V/SystemUpdateService(  460): onPostExecute: false
D/dalvikvm(  267): GC_CONCURRENT freed 351K, 5% free 9313K/9799K, paused 2ms+3ms
I/DownloadManager(  267): Initiating request for download 20
W/DownloadManager(  267): Aborting request for download 20: no network connection available
I/DownloadManager(  267): Initiating request for download 21
W/DownloadManager(  267): Aborting request for download 21: no network connection available
I/EventLogService(  460): Aggregate from 1333865006333 (log), 1333865006333 (data)
I/ServiceDumpSys(  460): dumping service [account]
D/dalvikvm(  219): GC_CONCURRENT freed 394K, 7% free 9951K/10631K, paused 4ms+3ms
I/EventLogService(  460): Aggregate from 1333866806466 (log), 1333866806466 (data)
I/ServiceDumpSys(  460): dumping service [account]
D/dalvikvm(  153): GC_CONCURRENT freed 908K, 13% free 13343K/15175K, paused 2ms+8ms
I/EventLogService(  460): Aggregate from 1333868606578 (log), 1333868606578 (data)
D/dalvikvm(  460): GC_FOR_ALLOC freed 384K, 8% free 10000K/10759K, paused 24ms
D/dalvikvm(  460): GC_CONCURRENT freed 19K, 7% free 10009K/10759K, paused 2ms+3ms
I/ServiceDumpSys(  460): dumping service [account]
I/EventLogService(  460): Aggregate from 1333870406777 (log), 1333870406777 (data)
I/ServiceDumpSys(  460): dumping service [account]
I/EventLogService(  460): Aggregate from 1333872206982 (log), 1333872206982 (data)
I/ServiceDumpSys(  460): dumping service [account]
D/dalvikvm(  153): GC_CONCURRENT freed 967K, 13% free 13346K/15175K, paused 3ms+4ms
I/EventLogService(  460): Aggregate from 1333874007088 (log), 1333874007088 (data)
I/ServiceDumpSys(  460): dumping service [account]
I/EventLogService(  460): Aggregate from 1333875807243 (log), 1333875807243 (data)
I/ServiceDumpSys(  460): dumping service [account]
D/dalvikvm(  460): GC_FOR_ALLOC freed 351K, 8% free 9997K/10759K, paused 20ms
I/EventLogService(  460): Aggregate from 1333877607357 (log), 1333877607357 (data)
D/dalvikvm(  153): GC_CONCURRENT freed 968K, 13% free 13341K/15175K, paused 3ms+5ms
I/ServiceDumpSys(  460): dumping service [account]
D/dalvikvm(  219): GC_CONCURRENT freed 390K, 7% free 9955K/10631K, paused 2ms+7ms
I/EventLogService(  460): Aggregate from 1333879407478 (log), 1333879407478 (data)
I/ServiceDumpSys(  460): dumping service [account]
I/EventLogService(  460): Aggregate from 1333881207782 (log), 1333881207782 (data)
I/ServiceDumpSys(  460): dumping service [account]
D/dalvikvm(  153): GC_CONCURRENT freed 972K, 13% free 13336K/15175K, paused 2ms+5ms
I/EventLogService(  460): Aggregate from 1333883007923 (log), 1333883007923 (data)
I/ServiceDumpSys(  460): dumping service [account]
I/EventLogService(  460): Aggregate from 1333884808055 (log), 1333884808055 (data)
D/dalvikvm(  460): GC_CONCURRENT freed 371K, 7% free 10014K/10759K, paused 2ms+3ms
I/ServiceDumpSys(  460): dumping service [account]
I/SystemUpdateService(  460): download in progress: [id: 20 compl: false succ: false bytes: 0 reason: 0 fn: null]
I/SystemUpdateService(  460): download took too long; will cancel and retry
V/SystemUpdateService(  460): retry (wakeup: true) in 449852 ms
V/SystemUpdateService(  460): onPostExecute: false
I/SystemUpdateService(  460): starting download of http://android.clients.google.com/packages/ota/google_crespo/hR7QFEtn.zip
V/SystemUpdateService(  460): retry (wakeup: true) in 21599997 ms
I/SystemUpdate.Download(  460): Started a new update download: http://android.clients.google.com/packages/ota/google_crespo/hR7QFEtn.zip (id 22; allowMobile=false)
V/SystemUpdateService(  460): onPostExecute: false
I/DownloadManager(  267): Initiating request for download 22
W/DownloadManager(  267): Aborting request for download 22: no network connection available
I/EventLogService(  460): Aggregate from 1333886608147 (log), 1333886608147 (data)
I/ServiceDumpSys(  460): dumping service [account]
D/dalvikvm(  460): GC_FOR_ALLOC freed 341K, 8% free 10000K/10759K, paused 20ms
D/dalvikvm(  153): GC_CONCURRENT freed 952K, 12% free 13359K/15175K, paused 2ms+5ms
D/dalvikvm( 1158): GC_CONCURRENT freed 436K, 6% free 10124K/10695K, paused 35ms+3ms
I/EventLogService(  460): Aggregate from 1333888408333 (log), 1333888408333 (data)
I/ServiceDumpSys(  460): dumping service [account]
D/dalvikvm(  219): GC_CONCURRENT freed 396K, 7% free 9946K/10631K, paused 1ms+4ms
I/EventLogService(  460): Aggregate from 1333890208454 (log), 1333890208454 (data)
I/ServiceDumpSys(  460): dumping service [account]
I/EventLogService(  460): Aggregate from 1333892008552 (log), 1333892008552 (data)
I/ServiceDumpSys(  460): dumping service [account]
D/dalvikvm(  153): GC_CONCURRENT freed 1014K, 13% free 13347K/15175K, paused 3ms+4ms
I/EventLogService(  460): Aggregate from 1333893808689 (log), 1333893808689 (data)
I/ServiceDumpSys(  460): dumping service [account]
I/EventLogService(  460): Aggregate from 1333895608767 (log), 1333895608767 (data)
D/dalvikvm(  460): GC_CONCURRENT freed 377K, 7% free 10016K/10759K, paused 1ms+3ms
I/ServiceDumpSys(  460): dumping service [account]
I/EventLogService(  460): Aggregate from 1333897408885 (log), 1333897408885 (data)
I/ServiceDumpSys(  460): dumping service [account]
D/dalvikvm(  153): GC_CONCURRENT freed 973K, 12% free 13355K/15175K, paused 2ms+4ms
D/dalvikvm(  153): GC_EXPLICIT freed 261K, 13% free 13309K/15175K, paused 3ms+5ms
I/EventLogService(  460): Aggregate from 1333899209060 (log), 1333899209060 (data)
I/ServiceDumpSys(  460): dumping service [account]
I/EventLogService(  460): Aggregate from 1333901009229 (log), 1333901009229 (data)
I/ServiceDumpSys(  460): dumping service [account]
D/dalvikvm(  219): GC_CONCURRENT freed 387K, 7% free 9955K/10631K, paused 2ms+4ms
I/EventLogService(  460): Aggregate from 1333902809360 (log), 1333902809360 (data)
I/ServiceDumpSys(  460): dumping service [account]
D/dalvikvm(  460): GC_FOR_ALLOC freed 400K, 8% free 9999K/10759K, paused 37ms
D/dalvikvm(  153): GC_CONCURRENT freed 922K, 13% free 13352K/15175K, paused 2ms+4ms
I/EventLogService(  460): Aggregate from 1333904609493 (log), 1333904609493 (data)
I/ServiceDumpSys(  460): dumping service [account]
I/EventLogService(  460): Aggregate from 1333906409806 (log), 1333906409806 (data)
I/ServiceDumpSys(  460): dumping service [account]
I/SystemUpdateService(  460): download in progress: [id: 22 compl: false succ: false bytes: 0 reason: 0 fn: null]
I/SystemUpdateService(  460): download took too long; will cancel and retry
V/SystemUpdateService(  460): retry (wakeup: true) in 509911 ms
V/SystemUpdateService(  460): onPostExecute: false
I/SystemUpdateService(  460): starting download of http://android.clients.google.com/packages/ota/google_crespo/hR7QFEtn.zip
D/dalvikvm(  460): GC_FOR_ALLOC freed 337K, 8% free 9999K/10759K, paused 17ms
V/SystemUpdateService(  460): retry (wakeup: true) in 21599969 ms
I/SystemUpdate.Download(  460): Started a new update download: http://android.clients.google.com/packages/ota/google_crespo/hR7QFEtn.zip (id 23; allowMobile=false)
V/SystemUpdateService(  460): onPostExecute: false
I/DownloadManager(  267): Initiating request for download 23
W/DownloadManager(  267): Aborting request for download 23: no network connection available
I/EventLogService(  460): Aggregate from 1333908209944 (log), 1333908209944 (data)
I/ServiceDumpSys(  460): dumping service [account]
D/dalvikvm(  153): GC_CONCURRENT freed 965K, 13% free 13351K/15175K, paused 2ms+5ms
I/EventLogService(  460): Aggregate from 1333910010068 (log), 1333910010068 (data)
I/ServiceDumpSys(  460): dumping service [account]
I/EventLogService(  460): Aggregate from 1333911810156 (log), 1333911810156 (data)
I/ServiceDumpSys(  460): dumping service [account]
D/dalvikvm(  219): GC_CONCURRENT freed 392K, 7% free 9959K/10631K, paused 5ms+4ms
I/EventLogService(  460): Aggregate from 1333913610286 (log), 1333913610286 (data)
I/ServiceDumpSys(  460): dumping service [account]
D/dalvikvm(  460): GC_CONCURRENT freed 393K, 8% free 10001K/10759K, paused 1ms+2ms
D/dalvikvm(  153): GC_CONCURRENT freed 987K, 12% free 13359K/15175K, paused 2ms+5ms
I/EventLogService(  460): Aggregate from 1333915410392 (log), 1333915410392 (data)
I/ServiceDumpSys(  460): dumping service [account]
D/dalvikvm(  460): GC_EXPLICIT freed 131K, 8% free 9989K/10759K, paused 2ms+3ms
I/EventLogService(  460): Aggregate from 1333917210536 (log), 1333917210536 (data)
I/ServiceDumpSys(  460): dumping service [account]
I/EventLogService(  460): Aggregate from 1333919010820 (log), 1333919010820 (data)
I/ServiceDumpSys(  460): dumping service [account]
D/dalvikvm(  153): GC_CONCURRENT freed 967K, 13% free 13354K/15175K, paused 3ms+4ms
I/power   (  153): *** set_screen_state 1
I/WindowManager(  153): Lock screen displayed!
W/PowerUI (  219): unknown intent: Intent { act=android.intent.action.ACTION_POWER_CONNECTED flg=0x10000010 }
D/PicasaSyncManager(  986): battery info: true
D/SurfaceFlinger(   78): Screen about to return, flinger = 0xbc2918
I/StorageNotification(  219): UMS connection changed to true (media state mounted)
I/StorageNotification(  219): UMS connection changed to true (media state mounted)
D/dalvikvm(  219): GC_CONCURRENT freed 328K, 6% free 10037K/10631K, paused 1ms+16ms
D/dalvikvm(  219): GC_FOR_ALLOC freed 71K, 7% free 9966K/10631K, paused 39ms
I/dalvikvm-heap(  219): Grow heap (frag case) to 9.964MB for 172816-byte allocation
D/dalvikvm(  219): GC_FOR_ALLOC freed 11K, 7% free 10123K/10823K, paused 25ms
D/dalvikvm(  219): GC_FOR_ALLOC freed 16K, 7% free 10168K/10823K, paused 31ms
I/dalvikvm-heap(  219): Grow heap (frag case) to 10.173MB for 184336-byte allocation
D/dalvikvm(  219): GC_FOR_ALLOC freed 8K, 7% free 10340K/11015K, paused 26ms
D/dalvikvm(  219): GC_FOR_ALLOC freed 168K, 8% free 10171K/11015K, paused 15ms
I/dalvikvm-heap(  219): Grow heap (frag case) to 10.178MB for 186256-byte allocation
D/dalvikvm(  219): GC_FOR_ALLOC freed 0K, 8% free 10353K/11207K, paused 15ms
D/dalvikvm(  219): GC_FOR_ALLOC freed 439K, 10% free 10103K/11207K, paused 27ms
I/power   (  153): *** set_screen_state 0
D/SurfaceFlinger(   78): About to give-up screen, flinger = 0xbc2918
I/UsageStats(  153): Deleting usage file : usage-20120218
D/dalvikvm(  153): GC_CONCURRENT freed 852K, 11% free 13588K/15175K, paused 2ms+4ms
V/TransportControlView(  153): Create TCV com.android.internal.widget.TransportControlView@413262d0
I/power   (  153): *** set_screen_state 1
D/PicasaSyncManager(  986): battery info: false
I/WindowManager(  153): Lock screen displayed!
D/SurfaceFlinger(   78): Screen about to return, flinger = 0xbc2918
D/dalvikvm(  219): GC_FOR_ALLOC freed 352K, 10% free 10125K/11207K, paused 56ms
I/StorageNotification(  219): UMS connection changed to false (media state mounted)
D/dalvikvm(  219): GC_FOR_ALLOC freed 328K, 10% free 10095K/11207K, paused 25ms
D/dalvikvm(  219): GC_FOR_ALLOC freed 364K, 10% free 10092K/11207K, paused 33ms
D/dalvikvm(  219): GC_FOR_ALLOC freed 516K, 12% free 9910K/11207K, paused 23ms
D/dalvikvm(  219): GC_CONCURRENT freed 439K, 13% free 9856K/11207K, paused 2ms+3ms
I/power   (  153): *** set_screen_state 0
D/SurfaceFlinger(   78): About to give-up screen, flinger = 0xbc2918
V/TransportControlView(  153): Create TCV com.android.internal.widget.TransportControlView@41327958
I/EventLogService(  460): Aggregate from 1333920810935 (log), 1333920810935 (data)
I/ServiceDumpSys(  460): dumping service [account]
I/power   (  153): *** set_screen_state 1
I/WindowManager(  153): Lock screen displayed!
D/SurfaceFlinger(   78): Screen about to return, flinger = 0xbc2918
D/dalvikvm(  153): GC_CONCURRENT freed 1391K, 13% free 13223K/15175K, paused 6ms+5ms
I/power   (  153): *** set_screen_state 0
D/SurfaceFlinger(   78): About to give-up screen, flinger = 0xbc2918
V/TransportControlView(  153): Create TCV com.android.internal.widget.TransportControlView@413262d0
I/power   (  153): *** set_screen_state 1
W/PowerUI (  219): unknown intent: Intent { act=android.intent.action.ACTION_POWER_CONNECTED flg=0x10000010 }
D/PicasaSyncManager(  986): battery info: true
I/WindowManager(  153): Lock screen displayed!
D/dalvikvm(  153): GC_CONCURRENT freed 1024K, 14% free 13200K/15175K, paused 9ms+6ms
D/dalvikvm(  267): GC_CONCURRENT freed 420K, 6% free 9305K/9863K, paused 2ms+6ms
D/SurfaceFlinger(   78): Screen about to return, flinger = 0xbc2918
I/StorageNotification(  219): UMS connection changed to true (media state mounted)
I/StorageNotification(  219): UMS connection changed to true (media state mounted)
D/dalvikvm(  219): GC_CONCURRENT freed 98K, 9% free 10201K/11207K, paused 2ms+7ms
D/dalvikvm(  219): GC_FOR_ALLOC freed 399K, 10% free 10162K/11207K, paused 33ms
D/dalvikvm(  219): GC_FOR_ALLOC freed 389K, 10% free 10108K/11207K, paused 28ms
D/PhoneStatusBar(  219): disable: < expand icons alerts ticker system_info BACK HOME recent* CLOCK >
D/PhoneStatusBar(  219): disable: < expand icons alerts ticker system_info back* home* recent clock* >
W/InputManagerService(  153): Window already focused, ignoring focus gain of: com.android.internal.view.IInputMethodClient$Stub$Proxy@41687720
I/ActivityManager(  153): START {flg=0x10000000 cmp=com.android.systemui/.usb.UsbStorageActivity bnds=[0,119][480,215]} from pid -1
D/AudioHardware(   81): AudioHardware pcm playback is exiting standby.
D/AudioHardware(   81): openPcmOut_l() mPcmOpenCnt: 0
W/KeyguardViewMediator(  153): verifyUnlock called when not externally disabled
D/OpenGLRenderer(  338): Flushing caches (mode 1)
D/dalvikvm(  219): GC_FOR_ALLOC freed 91K, 8% free 10348K/11207K, paused 22ms
I/dalvikvm-heap(  219): Grow heap (frag case) to 10.451MB for 291616-byte allocation
D/dalvikvm(  219): GC_FOR_ALLOC freed 6K, 8% free 10626K/11527K, paused 17ms
D/VoldCmdListener(   72): volume shared /mnt/sdcard ums
D/OpenGLRenderer(  338): Flushing caches (mode 0)
D/libEGL  (  219): loaded /system/lib/egl/libGLES_android.so
D/libEGL  (  219): loaded /vendor/lib/egl/libEGL_POWERVR_SGX540_120.so
D/libEGL  (  219): loaded /vendor/lib/egl/libGLESv1_CM_POWERVR_SGX540_120.so
D/libEGL  (  219): loaded /vendor/lib/egl/libGLESv2_POWERVR_SGX540_120.so
D/OpenGLRenderer(  219): Enabling debug mode 0
I/ActivityManager(  153): Displayed com.android.systemui/.usb.UsbStorageActivity: +553ms (total +5h17m18s364ms)
D/VoldCmdListener(   72): storage users /mnt/sdcard
