D/ConnectivityService(  153): handleInetConditionHoldEnd: net=0, condition=0, published condition=100
I/GTalkService/c(  460): [AndroidEndpoint@1094644032] connect: acct=1000000, state=CONNECTING
D/ConnectivityService(  153): handleInetConditionHoldEnd: net=0, condition=100, published condition=0
W/Smack/Packet(  460): notify conn break (IOEx), close connection
D/ConnectivityService(  153): handleInetConditionHoldEnd: net=0, condition=0, published condition=100
I/GTalkService/c(  460): [AndroidEndpoint@1094644032] connect: acct=1000000, state=CONNECTING
D/dalvikvm(  460): GC_CONCURRENT freed 377K, 6% free 10052K/10631K, paused 2ms+2ms
D/ConnectivityService(  153): handleInetConditionHoldEnd: net=0, condition=100, published condition=0
W/Smack/Packet(  460): notify conn break (IOEx), close connection
D/ConnectivityService(  153): handleInetConditionHoldEnd: net=0, condition=0, published condition=100
I/GTalkService/c(  460): [AndroidEndpoint@1094644032] connect: acct=1000000, state=CONNECTING
D/ConnectivityService(  153): handleInetConditionHoldEnd: net=0, condition=100, published condition=0
W/Smack/Packet(  460): notify conn break (IOEx), close connection
D/ConnectivityService(  153): handleInetConditionHoldEnd: net=0, condition=0, published condition=100
D/dalvikvm(  219): GC_CONCURRENT freed 362K, 8% free 9859K/10631K, paused 1ms+2ms
D/dalvikvm(  153): GC_CONCURRENT freed 1410K, 11% free 13253K/14791K, paused 17ms+6ms
I/GTalkService/c(  460): [AndroidEndpoint@1094644032] connect: acct=1000000, state=CONNECTING
D/dalvikvm(  460): GC_CONCURRENT freed 454K, 6% free 10059K/10631K, paused 1ms+4ms
D/ConnectivityService(  153): handleInetConditionHoldEnd: net=0, condition=100, published condition=0
W/Smack/Packet(  460): notify conn break (IOEx), close connection
D/ConnectivityService(  153): handleInetConditionHoldEnd: net=0, condition=0, published condition=100
I/GTalkService/c(  460): [AndroidEndpoint@1094644032] connect: acct=1000000, state=CONNECTING
D/ConnectivityService(  153): handleInetConditionHoldEnd: net=0, condition=100, published condition=0
W/Smack/Packet(  460): notify conn break (IOEx), close connection
D/ConnectivityService(  153): handleInetConditionHoldEnd: net=0, condition=0, published condition=100
I/GTalkService/c(  460): [AndroidEndpoint@1094644032] connect: acct=1000000, state=CONNECTING
D/dalvikvm(  460): GC_CONCURRENT freed 440K, 6% free 10069K/10631K, paused 1ms+3ms
W/Smack/Packet(  460): notify conn break (IOEx), close connection
D/ConnectivityService(  153): handleInetConditionHoldEnd: net=0, condition=0, published condition=0
I/GTalkService/c(  460): [AndroidEndpoint@1094644032] connect: acct=1000000, state=CONNECTING
D/ConnectivityService(  153): handleInetConditionHoldEnd: net=0, condition=100, published condition=0
D/dalvikvm(  153): GC_EXPLICIT freed 454K, 11% free 13179K/14791K, paused 2ms+5ms
D/dalvikvm( 1188): GC_CONCURRENT freed 402K, 7% free 10001K/10695K, paused 2ms+1ms
I/EventLogService(  460): Aggregate from 1333729996216 (log), 1333729996216 (data)
I/ServiceDumpSys(  460): dumping service [account]
D/dalvikvm(  460): GC_CONCURRENT freed 454K, 6% free 10064K/10695K, paused 2ms+3ms
D/dalvikvm(  153): GC_CONCURRENT freed 909K, 11% free 13203K/14791K, paused 17ms+5ms
D/dalvikvm(  315): GC_CONCURRENT freed 416K, 6% free 9506K/10055K, paused 27ms+2ms
D/dalvikvm(  219): GC_CONCURRENT freed 390K, 8% free 9854K/10631K, paused 2ms+2ms
D/dalvikvm(  153): JIT code cache reset in 4 ms (1048540 bytes 1/0)
D/dalvikvm(  153): GC_CONCURRENT freed 945K, 11% free 13219K/14791K, paused 3ms+9ms
D/AlarmManagerService(  153): Kernel timezone updated to 240 minutes west of GMT
D/SystemClock(  315): Setting time of day to sec=1333733387
V/AlarmClock(  559): AlarmInitReceiver finished
I/EventLogService(  460): Aggregate from 1333731796337 (log), 1333731796337 (data)
I/ServiceDumpSys(  460): dumping service [account]
I/CheckinService(  460): Preparing to send checkin request
I/EventLogService(  460): Accumulating logs since 1333733596448
I/CheckinTask(  460): Sending checkin request (1771 bytes)
D/dalvikvm(  460): GC_CONCURRENT freed 348K, 6% free 10109K/10695K, paused 2ms+3ms
D/dalvikvm(  153): GC_CONCURRENT freed 930K, 11% free 13232K/14791K, paused 16ms+6ms
I/CheckinTask(  460): From server: 199 gservices
I/GservicesProvider(  460): main update completed
I/ActivityManager(  153): Start proc com.google.android.partnersetup for broadcast com.google.android.partnersetup/.GservicesChangedReceiver: pid=1308 uid=10022 gids={3003}
I/ActivityThread( 1308): Pub com.google.android.partnersetup.rlzprovider: com.google.android.partnersetup.RlzProvider
I/ActivityThread( 1308): Pub com.google.android.partnersetup.rlzappprovider: com.google.android.partnersetup.RlzAppProvider
D/dalvikvm(  460): GC_CONCURRENT freed 300K, 5% free 10201K/10695K, paused 2ms+3ms
I/SystemUpdateService(  460): cancelUpdate (update URL has changed)
I/ActivityManager(  153): Start proc com.google.android.voicesearch for broadcast com.google.android.voicesearch/.GservicesBroadcastReceiver: pid=1326 uid=10056 gids={3002, 3003, 1015}
I/ActivityManager(  153): START {flg=0x10000000 cmp=com.google.android.gsf/.update.SystemUpdateInstallDialog} from pid 460
I/ActivityThread( 1326): Pub com.google.android.voicesearch: com.google.android.voicesearch.AudioProvider
I/ActivityManager(  153): START {flg=0x10000000 cmp=com.google.android.gsf/.update.SystemUpdateDownloadDialog} from pid 460
I/SystemUpdateService(  460): starting download of http://android.clients.google.com/packages/ota/google_crespo/hR7QFEtn.zip
I/CheckinTask(  460): Checkin success: https://android.clients.google.com/checkin (1 requests sent)
V/SystemUpdateService(  460): retry (wakeup: true) in 21599996 ms
I/PersonalizationPrefManagerImpl( 1326): No google account found
I/VoiceImeLanguageUpdater( 1326): #internalUpdateLanguages #56
I/SystemUpdate.Download(  460): Started a new update download: http://android.clients.google.com/packages/ota/google_crespo/hR7QFEtn.zip (id 13; allowMobile=false)
D/dalvikvm(  267): GC_CONCURRENT freed 358K, 6% free 9243K/9735K, paused 1ms+6ms
D/dalvikvm(  460): GC_CONCURRENT freed 467K, 6% free 10160K/10759K, paused 2ms+3ms
V/SystemUpdateService(  460): onPostExecute: false
D/dalvikvm(  460): GC_EXPLICIT freed 122K, 7% free 10070K/10759K, paused 2ms+3ms
I/DownloadManager(  267): Initiating request for download 13
W/DownloadManager(  267): Aborting request for download 13: download was requested to not use the current network type
W/ActivityManager(  153): Activity idle timeout for ActivityRecord{414f05c8 com.google.android.gsf/.update.SystemUpdateInstallDialog}
I/ActivityManager(  153): No longer want com.google.android.talk (pid 764): hidden #16
D/dalvikvm(  153): GC_CONCURRENT freed 1066K, 12% free 13094K/14791K, paused 16ms+5ms
D/dalvikvm(  219): GC_CONCURRENT freed 379K, 8% free 9860K/10631K, paused 1ms+2ms
D/dalvikvm(  153): GC_CONCURRENT freed 877K, 12% free 13110K/14791K, paused 3ms+5ms
I/EventLogService(  460): Aggregate from 1333734037130 (log), 1333733596448 (data)
I/ServiceDumpSys(  460): dumping service [account]
I/ActivityManager(  153): No longer want android.process.acore (pid 401): hidden #16
D/dalvikvm(  315): GC_CONCURRENT freed 414K, 6% free 9507K/10055K, paused 2ms+2ms
D/dalvikvm(  153): GC_EXPLICIT freed 793K, 12% free 13088K/14791K, paused 2ms+4ms
D/dalvikvm(  153): GC_CONCURRENT freed 893K, 12% free 13100K/14791K, paused 2ms+5ms
D/AlarmManagerService(  153): Kernel timezone updated to 240 minutes west of GMT
D/SystemClock(  315): Setting time of day to sec=1333736989
V/AlarmClock(  559): AlarmInitReceiver finished
I/EventLogService(  460): Aggregate from 1333735396575 (log), 1333735396575 (data)
I/ServiceDumpSys(  460): dumping service [account]
D/dalvikvm(  219): GC_CONCURRENT freed 377K, 8% free 9867K/10631K, paused 1ms+2ms
D/dalvikvm(  153): GC_CONCURRENT freed 898K, 12% free 13113K/14791K, paused 16ms+5ms
D/dalvikvm(  315): GC_CONCURRENT freed 418K, 6% free 9506K/10055K, paused 7ms+3ms
D/dalvikvm( 1188): GC_CONCURRENT freed 413K, 7% free 10012K/10695K, paused 1ms+3ms
D/dalvikvm(  153): GC_CONCURRENT freed 902K, 12% free 13110K/14791K, paused 16ms+5ms
I/EventLogService(  460): Aggregate from 1333737196676 (log), 1333737196676 (data)
I/ServiceDumpSys(  460): dumping service [account]
D/ConnectivityService(  153): ConnectivityChange for mobile: DISCONNECTED/DISCONNECTED
D/ConnectivityService(  153): Attempting to switch to wifi
D/ConnectivityService(  153): Attempting to switch to BLUETOOTH_TETHER
D/NetUtils(  153): android_net_utils_resetConnections in env=0x7e6d50 clazz=0x35b00001 iface=rmnet0 mask=0x3
D/ConnectivityService(  153): resetConnections(rmnet0, 3)
D/NetworkLocator(  460): null cell state delivered
D/NetworkLocator(  460): null cell state delivered
D/NetworkLocator(  460): null cell state delivered
W/Smack/Packet(  460): notify conn break (IOEx), close connection
D/dalvikvm(  460): GC_CONCURRENT freed 377K, 7% free 10082K/10759K, paused 2ms+18ms
I/qtaguid (  460): Failed write_ctrl(u 65) res=-1 errno=22
I/qtaguid (  460): Untagging socket 65 failed errno=-22
W/NetworkManagementSocketTagger(  460): untagSocket(65) failed with errno -22
D/ConnectivityService(  153): handleInetConditionChange: no active default network - ignore
D/Tethering(  153): MasterInitialState.processMessage what=3
I/MediaUploader(  970): No need to wake up
D/PicasaSyncManager(  986): active network: null
D/PicasaSyncManager(  986): background data: true
D/dalvikvm(  315): GC_EXPLICIT freed 332K, 6% free 9491K/10055K, paused 3ms+2ms
D/CAT     (  315): CatService: SIM ready. Reporting STK service running now...
E/CellState(  460): Error parsing MCC/MNC from operator "@65@5"
E/CellState(  460): java.lang.NumberFormatException: Invalid int: "@65"
E/CellState(  460): 	at java.lang.Integer.invalidInt(Integer.java:138)
E/CellState(  460): 	at java.lang.Integer.parse(Integer.java:375)
E/CellState(  460): 	at java.lang.Integer.parseInt(Integer.java:366)
E/CellState(  460): 	at java.lang.Integer.parseInt(Integer.java:332)
E/CellState(  460): 	at com.google.android.location.os.real.RealCellState.<init>(RealCellState.java:73)
E/CellState(  460): 	at com.google.android.location.os.real.CallbackRunner$MyHandler.handleMessage(CallbackRunner.java:115)
E/CellState(  460): 	at android.os.Handler.dispatchMessage(Handler.java:99)
E/CellState(  460): 	at android.os.Looper.loop(Looper.java:137)
E/CellState(  460): 	at com.google.android.location.os.real.CallbackRunner$MyRunnable.run(CallbackRunner.java:337)
E/CellState(  460): 	at java.lang.Thread.run(Thread.java:856)
E/CellState(  460): Error parsing MCC/MNC from operator "@65@5"
E/CellState(  460): java.lang.NumberFormatException: Invalid int: "@65"
E/CellState(  460): 	at java.lang.Integer.invalidInt(Integer.java:138)
E/CellState(  460): 	at java.lang.Integer.parse(Integer.java:375)
E/CellState(  460): 	at java.lang.Integer.parseInt(Integer.java:366)
E/CellState(  460): 	at java.lang.Integer.parseInt(Integer.java:332)
E/CellState(  460): 	at com.google.android.location.os.real.RealCellState.<init>(RealCellState.java:73)
E/CellState(  460): 	at com.google.android.location.os.real.CallbackRunner$MyHandler.handleMessage(CallbackRunner.java:115)
E/CellState(  460): 	at android.os.Handler.dispatchMessage(Handler.java:99)
E/CellState(  460): 	at android.os.Looper.loop(Looper.java:137)
E/CellState(  460): 	at com.google.android.location.os.real.CallbackRunner$MyRunnable.run(CallbackRunner.java:337)
E/CellState(  460): 	at java.lang.Thread.run(Thread.java:856)
D/AlarmManagerService(  153): Kernel timezone updated to 240 minutes west of GMT
D/SystemClock(  315): Setting time of day to sec=1333739105
V/AlarmClock(  559): AlarmInitReceiver finished
D/MccTable(  315): updateMccMncConfiguration: mcc=310, mnc=260
D/MccTable(  315): locale set to en_us
D/MccTable(  315): WIFI_COUNTRY_CODE set to us
I/WifiService(  153): WifiService trying to set country code to us with persist set to true
D/dalvikvm(  315): GC_CONCURRENT freed 449K, 6% free 9497K/10055K, paused 16ms+2ms
D/dalvikvm(  153): GC_CONCURRENT freed 918K, 12% free 13128K/14791K, paused 2ms+6ms
D/ConnectivityService(  153): ConnectivityChange for mobile: CONNECTED/CONNECTED
D/NetworkPolicy(  153): applying policy NetworkPolicy[NetworkTemplate: matchRule=MOBILE_ALL, subscriberId=valid]: cycleDay=15, warningBytes=2147483648, limitBytes=-1, lastSnooze=-1 to ifaces [rmnet0]
D/Tethering(  153): MasterInitialState.processMessage what=3
I/MediaUploader(  970): No need to wake up
D/PicasaSyncManager(  986): active network: NetworkInfo: type: mobile[HSDPA], state: CONNECTED/CONNECTED, reason: simLoaded, extra: epc.tmobile.com, roaming: false, failover: false, isAvailable: true
D/PicasaSyncManager(  986): background data: true
I/CheckinService(  460): Preparing to send checkin request
I/EventLogService(  460): Accumulating logs since 1333738996765
D/dalvikvm(  460): GC_CONCURRENT freed 405K, 7% free 10063K/10759K, paused 2ms+4ms
I/CheckinTask(  460): Sending checkin request (1719 bytes)
I/GTalkService/c(  460): [AndroidEndpoint@1094644032] connect: acct=1000001, state=CONNECTING
D/dalvikvm(  153): GC_EXPLICIT freed 705K, 12% free 13069K/14791K, paused 3ms+5ms
D/dalvikvm(  460): GC_CONCURRENT freed 370K, 7% free 10086K/10759K, paused 2ms+3ms
I/CheckinTask(  460): Checkin success: https://android.clients.google.com/checkin (1 requests sent)
E/GTalkService(  460): connectionClosed: no XMPPConnection - That's strange!
D/ConnectivityService(  153): handleInetConditionHoldEnd: net=0, condition=0, published condition=0
D/dalvikvm(  315): GC_CONCURRENT freed 420K, 6% free 9498K/10055K, paused 2ms+2ms
I/GTalkService/c(  460): [AndroidEndpoint@1094644032] connect: acct=1000001, state=CONNECTING
D/dalvikvm(  153): GC_CONCURRENT freed 902K, 12% free 13082K/14791K, paused 3ms+5ms
D/ConnectivityService(  153): handleInetConditionHoldEnd: net=0, condition=100, published condition=0
W/Smack/Packet(  460): notify conn break (IOEx), close connection
D/ConnectivityService(  153): handleInetConditionHoldEnd: net=0, condition=0, published condition=100
D/dalvikvm(  315): GC_CONCURRENT freed 427K, 6% free 9493K/10055K, paused 1ms+2ms
I/GTalkService/c(  460): [AndroidEndpoint@1094644032] connect: acct=1000001, state=CONNECTING
D/dalvikvm(  460): GC_CONCURRENT freed 382K, 7% free 10092K/10759K, paused 14ms+3ms
D/ConnectivityService(  153): handleInetConditionHoldEnd: net=0, condition=100, published condition=0
W/Smack/Packet(  460): notify conn break (IOEx), close connection
D/ConnectivityService(  153): handleInetConditionHoldEnd: net=0, condition=0, published condition=100
I/GTalkService/c(  460): [AndroidEndpoint@1094644032] connect: acct=1000001, state=CONNECTING
E/GTalkService(  460): connectionClosed: no XMPPConnection - That's strange!
D/ConnectivityService(  153): handleInetConditionHoldEnd: net=0, condition=0, published condition=0
D/dalvikvm(  153): GC_CONCURRENT freed 921K, 12% free 13094K/14791K, paused 16ms+4ms
I/GTalkService/c(  460): [AndroidEndpoint@1094644032] connect: acct=1000001, state=CONNECTING
D/dalvikvm(  460): GC_CONCURRENT freed 429K, 7% free 10088K/10759K, paused 4ms+6ms
D/ConnectivityService(  153): handleInetConditionHoldEnd: net=0, condition=100, published condition=0
W/Smack/Packet(  460): notify conn break (IOEx), close connection
D/ConnectivityService(  153): handleInetConditionHoldEnd: net=0, condition=0, published condition=100
I/GTalkService/c(  460): [AndroidEndpoint@1094644032] connect: acct=1000001, state=CONNECTING
D/dalvikvm(  153): GC_EXPLICIT freed 506K, 12% free 13063K/14791K, paused 20ms+4ms
D/dalvikvm(  315): GC_CONCURRENT freed 436K, 6% free 9493K/10055K, paused 2ms+2ms
D/ConnectivityService(  153): handleInetConditionHoldEnd: net=0, condition=100, published condition=0
W/Smack/Packet(  460): notify conn break (IOEx), close connection
D/ConnectivityService(  153): handleInetConditionHoldEnd: net=0, condition=0, published condition=100
I/GTalkService/c(  460): [AndroidEndpoint@1094644032] connect: acct=1000001, state=CONNECTING
D/dalvikvm(  460): GC_CONCURRENT freed 387K, 7% free 10095K/10759K, paused 2ms+3ms
D/dalvikvm(  153): GC_CONCURRENT freed 905K, 12% free 13082K/14791K, paused 16ms+4ms
D/dalvikvm(  315): GC_CONCURRENT freed 434K, 6% free 9492K/10055K, paused 2ms+3ms
D/ConnectivityService(  153): handleInetConditionHoldEnd: net=0, condition=100, published condition=0
W/Smack/Packet(  460): notify conn break (IOEx), close connection
D/ConnectivityService(  153): handleInetConditionHoldEnd: net=0, condition=0, published condition=100
I/GTalkService/c(  460): [AndroidEndpoint@1094644032] connect: acct=1000001, state=CONNECTING
D/ConnectivityService(  153): handleInetConditionHoldEnd: net=0, condition=100, published condition=0
W/Smack/Packet(  460): notify conn break (IOEx), close connection
D/dalvikvm(  460): GC_CONCURRENT freed 416K, 7% free 10067K/10759K, paused 4ms+5ms
D/ConnectivityService(  153): handleInetConditionHoldEnd: net=0, condition=0, published condition=100
D/dalvikvm(  219): GC_CONCURRENT freed 386K, 8% free 9865K/10631K, paused 12ms+3ms
I/GTalkService/c(  460): [AndroidEndpoint@1094644032] connect: acct=1000001, state=CONNECTING
W/Smack/Packet(  460): notify conn break (IOEx), close connection
E/GTalkService(  460): connectionClosed: no XMPPConnection - That's strange!
D/ConnectivityService(  153): handleInetConditionHoldEnd: net=0, condition=0, published condition=0
D/dalvikvm(  153): GC_CONCURRENT freed 885K, 12% free 13094K/14791K, paused 2ms+4ms
D/dalvikvm(  315): GC_CONCURRENT freed 424K, 6% free 9493K/10055K, paused 2ms+2ms
D/dalvikvm(  153): GC_EXPLICIT freed 625K, 12% free 13064K/14791K, paused 2ms+5ms
I/GTalkService/c(  460): [AndroidEndpoint@1094644032] connect: acct=1000001, state=CONNECTING
D/dalvikvm(  460): GC_CONCURRENT freed 377K, 7% free 10089K/10759K, paused 14ms+2ms
D/ConnectivityService(  153): handleInetConditionHoldEnd: net=0, condition=100, published condition=0
W/Smack/Packet(  460): notify conn break (IOEx), close connection
D/ConnectivityService(  153): handleInetConditionHoldEnd: net=0, condition=0, published condition=100
I/GTalkService/c(  460): [AndroidEndpoint@1094644032] connect: acct=1000001, state=CONNECTING
D/ConnectivityService(  153): handleInetConditionHoldEnd: net=0, condition=100, published condition=0
D/dalvikvm(  315): GC_CONCURRENT freed 425K, 6% free 9492K/10055K, paused 2ms+2ms
W/Smack/Packet(  460): notify conn break (IOEx), close connection
D/dalvikvm(  153): GC_CONCURRENT freed 860K, 12% free 13090K/14791K, paused 17ms+5ms
D/ConnectivityService(  153): handleInetConditionHoldEnd: net=0, condition=0, published condition=100
I/GTalkService/c(  460): [AndroidEndpoint@1094644032] connect: acct=1000001, state=CONNECTING
D/dalvikvm(  460): GC_CONCURRENT freed 407K, 7% free 10095K/10759K, paused 14ms+3ms
D/dalvikvm(  153): GC_CONCURRENT freed 923K, 12% free 13086K/14791K, paused 2ms+5ms
D/ConnectivityService(  153): handleInetConditionHoldEnd: net=0, condition=100, published condition=0
W/Smack/Packet(  460): notify conn break (IOEx), close connection
D/ConnectivityService(  153): handleInetConditionHoldEnd: net=0, condition=0, published condition=100
D/dalvikvm(  315): GC_CONCURRENT freed 449K, 6% free 9491K/10055K, paused 13ms+3ms
D/AlarmManagerService(  153): Kernel timezone updated to 240 minutes west of GMT
V/AlarmClock(  559): AlarmInitReceiver finished
D/dalvikvm(  931): GC_CONCURRENT freed 276K, 4% free 9194K/9543K, paused 1ms+3ms
D/SystemClock(  315): Setting time of day to sec=1333740323
D/dalvikvm(  153): GC_EXPLICIT freed 761K, 12% free 13080K/14791K, paused 20ms+5ms
I/GTalkService/c(  460): [AndroidEndpoint@1094644032] connect: acct=1000001, state=CONNECTING
D/dalvikvm(  460): GC_CONCURRENT freed 392K, 7% free 10089K/10759K, paused 14ms+2ms
D/ConnectivityService(  153): handleInetConditionHoldEnd: net=0, condition=100, published condition=0
W/Smack/Packet(  460): notify conn break (IOEx), close connection
D/ConnectivityService(  153): handleInetConditionHoldEnd: net=0, condition=0, published condition=100
I/GTalkService/c(  460): [AndroidEndpoint@1094644032] connect: acct=1000001, state=CONNECTING
D/ConnectivityService(  153): handleInetConditionHoldEnd: net=0, condition=100, published condition=0
W/Smack/Packet(  460): notify conn break (IOEx), close connection
D/ConnectivityService(  153): handleInetConditionHoldEnd: net=0, condition=0, published condition=100
I/GTalkService/c(  460): [AndroidEndpoint@1094644032] connect: acct=1000001, state=CONNECTING
D/dalvikvm(  460): GC_CONCURRENT freed 377K, 7% free 10100K/10759K, paused 2ms+3ms
D/ConnectivityService(  153): handleInetConditionHoldEnd: net=0, condition=100, published condition=0
W/Smack/Packet(  460): notify conn break (IOEx), close connection
D/ConnectivityService(  153): handleInetConditionHoldEnd: net=0, condition=0, published condition=100
I/GTalkService/c(  460): [AndroidEndpoint@1094644032] connect: acct=1000001, state=CONNECTING
D/ConnectivityService(  153): handleInetConditionHoldEnd: net=0, condition=100, published condition=0
W/Smack/Packet(  460): notify conn break (IOEx), close connection
D/ConnectivityService(  153): handleInetConditionHoldEnd: net=0, condition=0, published condition=100
I/GTalkService/c(  460): [AndroidEndpoint@1094644032] connect: acct=1000001, state=CONNECTING
D/dalvikvm(  460): GC_CONCURRENT freed 416K, 7% free 10077K/10759K, paused 14ms+2ms
D/ConnectivityService(  153): handleInetConditionHoldEnd: net=0, condition=100, published condition=0
W/Smack/Packet(  460): notify conn break (IOEx), close connection
D/ConnectivityService(  153): handleInetConditionHoldEnd: net=0, condition=0, published condition=100
I/GTalkService/c(  460): [AndroidEndpoint@1094644032] connect: acct=1000001, state=CONNECTING
D/dalvikvm(  460): GC_CONCURRENT freed 386K, 7% free 10086K/10759K, paused 2ms+3ms
D/ConnectivityService(  153): handleInetConditionHoldEnd: net=0, condition=100, published condition=0
W/Smack/Packet(  460): notify conn break (IOEx), close connection
D/ConnectivityService(  153): handleInetConditionHoldEnd: net=0, condition=0, published condition=100
I/GTalkService/c(  460): [AndroidEndpoint@1094644032] connect: acct=1000001, state=CONNECTING
D/ConnectivityService(  153): handleInetConditionHoldEnd: net=0, condition=100, published condition=0
W/Smack/Packet(  460): notify conn break (IOEx), close connection
D/ConnectivityService(  153): handleInetConditionHoldEnd: net=0, condition=0, published condition=100
I/GTalkService/c(  460): [AndroidEndpoint@1094644032] connect: acct=1000001, state=CONNECTING
D/dalvikvm(  460): GC_CONCURRENT freed 378K, 7% free 10102K/10759K, paused 2ms+3ms
D/ConnectivityService(  153): handleInetConditionHoldEnd: net=0, condition=100, published condition=0
I/EventLogService(  460): Aggregate from 1333739116442 (log), 1333738996765 (data)
I/ServiceDumpSys(  460): dumping service [account]
W/Smack/Packet(  460): notify conn break (IOEx), close connection
D/ConnectivityService(  153): handleInetConditionHoldEnd: net=0, condition=0, published condition=100
I/GTalkService/c(  460): [AndroidEndpoint@1094644032] connect: acct=1000001, state=CONNECTING
D/dalvikvm(  460): GC_CONCURRENT freed 401K, 7% free 10088K/10759K, paused 14ms+3ms
D/ConnectivityService(  153): handleInetConditionHoldEnd: net=0, condition=100, published condition=0
W/Smack/Packet(  460): notify conn break (IOEx), close connection
D/ConnectivityService(  153): handleInetConditionHoldEnd: net=0, condition=0, published condition=100
I/GTalkService/c(  460): [AndroidEndpoint@1094644032] connect: acct=1000001, state=CONNECTING
D/ConnectivityService(  153): handleInetConditionHoldEnd: net=0, condition=100, published condition=0
W/Smack/Packet(  460): notify conn break (IOEx), close connection
D/ConnectivityService(  153): handleInetConditionHoldEnd: net=0, condition=0, published condition=100
I/GTalkService/c(  460): [AndroidEndpoint@1094644032] connect: acct=1000001, state=CONNECTING
D/dalvikvm(  460): GC_CONCURRENT freed 382K, 7% free 10098K/10759K, paused 1ms+3ms
D/ConnectivityService(  153): handleInetConditionHoldEnd: net=0, condition=100, published condition=0
W/Smack/Packet(  460): notify conn break (IOEx), close connection
D/ConnectivityService(  153): handleInetConditionHoldEnd: net=0, condition=0, published condition=100
D/dalvikvm(  153): GC_CONCURRENT freed 833K, 12% free 13138K/14791K, paused 16ms+5ms
I/GTalkService/c(  460): [AndroidEndpoint@1094644032] connect: acct=1000001, state=CONNECTING
D/ConnectivityService(  153): handleInetConditionHoldEnd: net=0, condition=100, published condition=0
W/Smack/Packet(  460): notify conn break (IOEx), close connection
D/ConnectivityService(  153): handleInetConditionHoldEnd: net=0, condition=0, published condition=100
I/GTalkService/c(  460): [AndroidEndpoint@1094644032] connect: acct=1000001, state=CONNECTING
D/dalvikvm(  460): GC_CONCURRENT freed 414K, 7% free 10076K/10759K, paused 14ms+3ms
D/ConnectivityService(  153): handleInetConditionHoldEnd: net=0, condition=100, published condition=0
W/Smack/Packet(  460): notify conn break (IOEx), close connection
D/ConnectivityService(  153): handleInetConditionHoldEnd: net=0, condition=0, published condition=100
I/GTalkService/c(  460): [AndroidEndpoint@1094644032] connect: acct=1000001, state=CONNECTING
D/dalvikvm(  219): GC_CONCURRENT freed 394K, 8% free 9855K/10631K, paused 2ms+2ms
D/dalvikvm(  460): GC_CONCURRENT freed 389K, 7% free 10082K/10759K, paused 2ms+2ms
W/Smack/Packet(  460): notify conn break (IOEx), close connection
D/ConnectivityService(  153): handleInetConditionHoldEnd: net=0, condition=0, published condition=0
I/GTalkService/c(  460): [AndroidEndpoint@1094644032] connect: acct=1000001, state=CONNECTING
D/ConnectivityService(  153): handleInetConditionHoldEnd: net=0, condition=100, published condition=0
W/Smack/Packet(  460): notify conn break (IOEx), close connection
D/ConnectivityService(  153): handleInetConditionHoldEnd: net=0, condition=0, published condition=100
I/GTalkService/c(  460): [AndroidEndpoint@1094644032] connect: acct=1000001, state=CONNECTING
D/dalvikvm(  460): GC_CONCURRENT freed 377K, 7% free 10096K/10759K, paused 2ms+3ms
D/dalvikvm(  153): GC_EXPLICIT freed 365K, 12% free 13068K/14791K, paused 2ms+4ms
D/ConnectivityService(  153): handleInetConditionHoldEnd: net=0, condition=100, published condition=0
W/Smack/Packet(  460): notify conn break (IOEx), close connection
D/ConnectivityService(  153): handleInetConditionHoldEnd: net=0, condition=0, published condition=100
I/GTalkService/c(  460): [AndroidEndpoint@1094644032] connect: acct=1000001, state=CONNECTING
D/ConnectivityService(  153): handleInetConditionHoldEnd: net=0, condition=100, published condition=0
W/Smack/Packet(  460): notify conn break (IOEx), close connection
D/ConnectivityService(  153): handleInetConditionHoldEnd: net=0, condition=0, published condition=100
I/GTalkService/c(  460): [AndroidEndpoint@1094644032] connect: acct=1000001, state=CONNECTING
D/dalvikvm(  460): GC_CONCURRENT freed 415K, 7% free 10074K/10759K, paused 14ms+3ms
D/dalvikvm(  460): GC_EXPLICIT freed 204K, 7% free 10050K/10759K, paused 17ms+3ms
D/ConnectivityService(  153): handleInetConditionHoldEnd: net=0, condition=100, published condition=0
W/Smack/Packet(  460): notify conn break (IOEx), close connection
D/ConnectivityService(  153): handleInetConditionHoldEnd: net=0, condition=0, published condition=100
I/GTalkService/c(  460): [AndroidEndpoint@1094644032] connect: acct=1000001, state=CONNECTING
D/ConnectivityService(  153): handleInetConditionHoldEnd: net=0, condition=100, published condition=0
W/Smack/Packet(  460): notify conn break (IOEx), close connection
D/ConnectivityService(  153): handleInetConditionHoldEnd: net=0, condition=0, published condition=100
I/GTalkService/c(  460): [AndroidEndpoint@1094644032] connect: acct=1000001, state=CONNECTING
D/dalvikvm(  460): GC_CONCURRENT freed 361K, 7% free 10097K/10759K, paused 4ms+6ms
D/ConnectivityService(  153): handleInetConditionHoldEnd: net=0, condition=100, published condition=0
W/Smack/Packet(  460): notify conn break (IOEx), close connection
D/ConnectivityService(  153): handleInetConditionHoldEnd: net=0, condition=0, published condition=100
I/GTalkService/c(  460): [AndroidEndpoint@1094644032] connect: acct=1000001, state=CONNECTING
W/Smack/Packet(  460): notify conn break (IOEx), close connection
I/dalvikvm(  460): Jit: resizing JitTable from 4096 to 8192
D/ConnectivityService(  153): handleInetConditionHoldEnd: net=0, condition=0, published condition=0
I/GTalkService/c(  460): [AndroidEndpoint@1094644032] connect: acct=1000001, state=CONNECTING
D/dalvikvm(  460): GC_CONCURRENT freed 414K, 7% free 10092K/10759K, paused 2ms+3ms
D/ConnectivityService(  153): handleInetConditionHoldEnd: net=0, condition=100, published condition=0
W/Smack/Packet(  460): notify conn break (IOEx), close connection
D/ConnectivityService(  153): handleInetConditionHoldEnd: net=0, condition=0, published condition=100
I/GTalkService/c(  460): [AndroidEndpoint@1094644032] connect: acct=1000001, state=CONNECTING
D/ConnectivityService(  153): handleInetConditionHoldEnd: net=0, condition=100, published condition=0
W/Smack/Packet(  460): notify conn break (IOEx), close connection
D/dalvikvm(  460): GC_CONCURRENT freed 419K, 7% free 10057K/10759K, paused 14ms+2ms
D/ConnectivityService(  153): handleInetConditionHoldEnd: net=0, condition=0, published condition=100
I/GTalkService/c(  460): [AndroidEndpoint@1094644032] connect: acct=1000001, state=CONNECTING
D/ConnectivityService(  153): handleInetConditionHoldEnd: net=0, condition=100, published condition=0
W/Smack/Packet(  460): notify conn break (IOEx), close connection
D/ConnectivityService(  153): handleInetConditionHoldEnd: net=0, condition=0, published condition=100
I/GTalkService/c(  460): [AndroidEndpoint@1094644032] connect: acct=1000001, state=CONNECTING
D/dalvikvm(  460): GC_CONCURRENT freed 359K, 7% free 10091K/10759K, paused 14ms+3ms
D/ConnectivityService(  153): handleInetConditionHoldEnd: net=0, condition=100, published condition=0
W/Smack/Packet(  460): notify conn break (IOEx), close connection
D/ConnectivityService(  153): handleInetConditionHoldEnd: net=0, condition=0, published condition=100
I/GTalkService/c(  460): [AndroidEndpoint@1094644032] connect: acct=1000001, state=CONNECTING
D/ConnectivityService(  153): handleInetConditionHoldEnd: net=0, condition=100, published condition=0
W/Smack/Packet(  460): notify conn break (IOEx), close connection
D/ConnectivityService(  153): handleInetConditionHoldEnd: net=0, condition=0, published condition=100
I/GTalkService/c(  460): [AndroidEndpoint@1094644032] connect: acct=1000001, state=CONNECTING
D/dalvikvm(  460): GC_CONCURRENT freed 408K, 7% free 10092K/10759K, paused 2ms+3ms
W/Smack/Packet(  460): notify conn break (IOEx), close connection
D/ConnectivityService(  153): handleInetConditionHoldEnd: net=0, condition=100, published condition=0
D/ConnectivityService(  153): handleInetConditionHoldEnd: net=0, condition=0, published condition=100
I/GTalkService/c(  460): [AndroidEndpoint@1094644032] connect: acct=1000001, state=CONNECTING
D/ConnectivityService(  153): handleInetConditionHoldEnd: net=0, condition=100, published condition=0
W/Smack/Packet(  460): notify conn break (IOEx), close connection
D/ConnectivityService(  153): handleInetConditionHoldEnd: net=0, condition=0, published condition=100
I/GTalkService/c(  460): [AndroidEndpoint@1094644032] connect: acct=1000001, state=CONNECTING
D/dalvikvm(  460): GC_CONCURRENT freed 426K, 7% free 10052K/10759K, paused 14ms+4ms
D/ConnectivityService(  153): handleInetConditionHoldEnd: net=0, condition=100, published condition=0
W/Smack/Packet(  460): notify conn break (IOEx), close connection
D/ConnectivityService(  153): handleInetConditionHoldEnd: net=0, condition=0, published condition=100
I/GTalkService/c(  460): [AndroidEndpoint@1094644032] connect: acct=1000001, state=CONNECTING
D/dalvikvm(  153): GC_CONCURRENT freed 818K, 12% free 13141K/14791K, paused 2ms+5ms
D/dalvikvm(  460): GC_CONCURRENT freed 388K, 7% free 10080K/10759K, paused 14ms+3ms
D/ConnectivityService(  153): handleInetConditionHoldEnd: net=0, condition=100, published condition=0
W/Smack/Packet(  460): notify conn break (IOEx), close connection
D/ConnectivityService(  153): handleInetConditionHoldEnd: net=0, condition=0, published condition=100
I/GTalkService/c(  460): [AndroidEndpoint@1094644032] connect: acct=1000001, state=CONNECTING
D/ConnectivityService(  153): handleInetConditionHoldEnd: net=0, condition=100, published condition=0
W/Smack/Packet(  460): notify conn break (IOEx), close connection
D/ConnectivityService(  153): handleInetConditionHoldEnd: net=0, condition=0, published condition=100
I/GTalkService/c(  460): [AndroidEndpoint@1094644032] connect: acct=1000001, state=CONNECTING
D/dalvikvm(  460): GC_CONCURRENT freed 395K, 7% free 10090K/10759K, paused 2ms+3ms
D/dalvikvm(  153): GC_EXPLICIT freed 221K, 12% free 13044K/14791K, paused 20ms+4ms
D/ConnectivityService(  153): handleInetConditionHoldEnd: net=0, condition=100, published condition=0
W/Smack/Packet(  460): notify conn break (IOEx), close connection
D/ConnectivityService(  153): handleInetConditionHoldEnd: net=0, condition=0, published condition=100
I/GTalkService/c(  460): [AndroidEndpoint@1094644032] connect: acct=1000001, state=CONNECTING
D/ConnectivityService(  153): handleInetConditionHoldEnd: net=0, condition=100, published condition=0
W/Smack/Packet(  460): notify conn break (IOEx), close connection
D/ConnectivityService(  153): handleInetConditionHoldEnd: net=0, condition=0, published condition=100
I/GTalkService/c(  460): [AndroidEndpoint@1094644032] connect: acct=1000001, state=CONNECTING
D/dalvikvm(  460): GC_CONCURRENT freed 413K, 7% free 10066K/10759K, paused 14ms+3ms
D/ConnectivityService(  153): handleInetConditionHoldEnd: net=0, condition=100, published condition=0
W/Smack/Packet(  460): notify conn break (IOEx), close connection
D/ConnectivityService(  153): handleInetConditionHoldEnd: net=0, condition=0, published condition=100
I/GTalkService/c(  460): [AndroidEndpoint@1094644032] connect: acct=1000001, state=CONNECTING
D/dalvikvm(  460): GC_CONCURRENT freed 387K, 7% free 10068K/10759K, paused 1ms+4ms
D/ConnectivityService(  153): handleInetConditionHoldEnd: net=0, condition=100, published condition=0
W/Smack/Packet(  460): notify conn break (IOEx), close connection
D/ConnectivityService(  153): handleInetConditionHoldEnd: net=0, condition=0, published condition=100
I/GTalkService/c(  460): [AndroidEndpoint@1094644032] connect: acct=1000001, state=CONNECTING
D/ConnectivityService(  153): handleInetConditionHoldEnd: net=0, condition=100, published condition=0
W/Smack/Packet(  460): notify conn break (IOEx), close connection
D/ConnectivityService(  153): handleInetConditionHoldEnd: net=0, condition=0, published condition=100
I/GTalkService/c(  460): [AndroidEndpoint@1094644032] connect: acct=1000001, state=CONNECTING
D/dalvikvm(  460): GC_CONCURRENT freed 387K, 7% free 10088K/10759K, paused 2ms+3ms
D/ConnectivityService(  153): handleInetConditionHoldEnd: net=0, condition=100, published condition=0
W/Smack/Packet(  460): notify conn break (IOEx), close connection
D/ConnectivityService(  153): handleInetConditionHoldEnd: net=0, condition=0, published condition=100
I/GTalkService/c(  460): [AndroidEndpoint@1094644032] connect: acct=1000001, state=CONNECTING
D/ConnectivityService(  153): handleInetConditionHoldEnd: net=0, condition=100, published condition=0
W/Smack/Packet(  460): notify conn break (IOEx), close connection
D/ConnectivityService(  153): handleInetConditionHoldEnd: net=0, condition=0, published condition=100
I/GTalkService/c(  460): [AndroidEndpoint@1094644032] connect: acct=1000001, state=CONNECTING
D/dalvikvm(  460): GC_CONCURRENT freed 413K, 7% free 10069K/10759K, paused 14ms+2ms
D/ConnectivityService(  153): handleInetConditionHoldEnd: net=0, condition=100, published condition=0
W/Smack/Packet(  460): notify conn break (IOEx), close connection
D/ConnectivityService(  153): handleInetConditionHoldEnd: net=0, condition=0, published condition=100
I/GTalkService/c(  460): [AndroidEndpoint@1094644032] connect: acct=1000001, state=CONNECTING
D/dalvikvm(  460): GC_CONCURRENT freed 386K, 7% free 10077K/10759K, paused 2ms+2ms
D/ConnectivityService(  153): handleInetConditionHoldEnd: net=0, condition=100, published condition=0
W/Smack/Packet(  460): notify conn break (IOEx), close connection
D/ConnectivityService(  153): handleInetConditionHoldEnd: net=0, condition=0, published condition=100
I/GTalkService/c(  460): [AndroidEndpoint@1094644032] connect: acct=1000001, state=CONNECTING
D/ConnectivityService(  153): handleInetConditionHoldEnd: net=0, condition=100, published condition=0
W/Smack/Packet(  460): notify conn break (IOEx), close connection
D/ConnectivityService(  153): handleInetConditionHoldEnd: net=0, condition=0, published condition=100
I/GTalkService/c(  460): [AndroidEndpoint@1094644032] connect: acct=1000001, state=CONNECTING
D/dalvikvm(  460): GC_CONCURRENT freed 380K, 7% free 10091K/10759K, paused 2ms+3ms
D/ConnectivityService(  153): handleInetConditionHoldEnd: net=0, condition=100, published condition=0
W/Smack/Packet(  460): notify conn break (IOEx), close connection
D/ConnectivityService(  153): handleInetConditionHoldEnd: net=0, condition=0, published condition=100
I/GTalkService/c(  460): [AndroidEndpoint@1094644032] connect: acct=1000001, state=CONNECTING
D/ConnectivityService(  153): handleInetConditionHoldEnd: net=0, condition=100, published condition=0
W/Smack/Packet(  460): notify conn break (IOEx), close connection
D/ConnectivityService(  153): handleInetConditionHoldEnd: net=0, condition=0, published condition=100
I/GTalkService/c(  460): [AndroidEndpoint@1094644032] connect: acct=1000001, state=CONNECTING
D/dalvikvm(  460): GC_CONCURRENT freed 415K, 7% free 10069K/10759K, paused 14ms+3ms
D/ConnectivityService(  153): handleInetConditionHoldEnd: net=0, condition=100, published condition=0
D/dalvikvm(  153): GC_CONCURRENT freed 829K, 12% free 13144K/14791K, paused 17ms+5ms
W/Smack/Packet(  460): notify conn break (IOEx), close connection
D/ConnectivityService(  153): handleInetConditionHoldEnd: net=0, condition=0, published condition=100
D/dalvikvm(  219): GC_CONCURRENT freed 394K, 8% free 9847K/10631K, paused 1ms+2ms
I/GTalkService/c(  460): [AndroidEndpoint@1094644032] connect: acct=1000001, state=CONNECTING
D/dalvikvm(  460): GC_CONCURRENT freed 386K, 7% free 10077K/10759K, paused 1ms+4ms
D/ConnectivityService(  153): handleInetConditionHoldEnd: net=0, condition=100, published condition=0
W/Smack/Packet(  460): notify conn break (IOEx), close connection
D/ConnectivityService(  153): handleInetConditionHoldEnd: net=0, condition=0, published condition=100
I/GTalkService/c(  460): [AndroidEndpoint@1094644032] connect: acct=1000001, state=CONNECTING
D/ConnectivityService(  153): handleInetConditionHoldEnd: net=0, condition=100, published condition=0
W/Smack/Packet(  460): notify conn break (IOEx), close connection
D/ConnectivityService(  153): handleInetConditionHoldEnd: net=0, condition=0, published condition=100
I/GTalkService/c(  460): [AndroidEndpoint@1094644032] connect: acct=1000001, state=CONNECTING
D/dalvikvm(  460): GC_CONCURRENT freed 382K, 7% free 10087K/10759K, paused 2ms+3ms
D/ConnectivityService(  153): handleInetConditionHoldEnd: net=0, condition=100, published condition=0
W/Smack/Packet(  460): notify conn break (IOEx), close connection
D/ConnectivityService(  153): handleInetConditionHoldEnd: net=0, condition=0, published condition=100
I/GTalkService/c(  460): [AndroidEndpoint@1094644032] connect: acct=1000001, state=CONNECTING
D/ConnectivityService(  153): handleInetConditionHoldEnd: net=0, condition=100, published condition=0
W/Smack/Packet(  460): notify conn break (IOEx), close connection
D/dalvikvm(  153): GC_EXPLICIT freed 318K, 12% free 13061K/14791K, paused 22ms+5ms
D/ConnectivityService(  153): handleInetConditionHoldEnd: net=0, condition=0, published condition=100
I/GTalkService/c(  460): [AndroidEndpoint@1094644032] connect: acct=1000001, state=CONNECTING
D/dalvikvm(  460): GC_CONCURRENT freed 417K, 7% free 10066K/10759K, paused 36ms+3ms
D/ConnectivityService(  153): handleInetConditionHoldEnd: net=0, condition=100, published condition=0
W/Smack/Packet(  460): notify conn break (IOEx), close connection
D/ConnectivityService(  153): handleInetConditionHoldEnd: net=0, condition=0, published condition=100
I/GTalkService/c(  460): [AndroidEndpoint@1094644032] connect: acct=1000001, state=CONNECTING
D/dalvikvm(  460): GC_CONCURRENT freed 386K, 7% free 10074K/10759K, paused 1ms+3ms
D/ConnectivityService(  153): handleInetConditionHoldEnd: net=0, condition=100, published condition=0
W/Smack/Packet(  460): notify conn break (IOEx), close connection
D/ConnectivityService(  153): handleInetConditionHoldEnd: net=0, condition=0, published condition=100
I/GTalkService/c(  460): [AndroidEndpoint@1094644032] connect: acct=1000001, state=CONNECTING
D/ConnectivityService(  153): handleInetConditionHoldEnd: net=0, condition=100, published condition=0
W/Smack/Packet(  460): notify conn break (IOEx), close connection
D/ConnectivityService(  153): handleInetConditionHoldEnd: net=0, condition=0, published condition=100
I/GTalkService/c(  460): [AndroidEndpoint@1094644032] connect: acct=1000001, state=CONNECTING
D/dalvikvm(  460): GC_CONCURRENT freed 380K, 7% free 10088K/10759K, paused 2ms+2ms
D/ConnectivityService(  153): handleInetConditionHoldEnd: net=0, condition=100, published condition=0
W/Smack/Packet(  460): notify conn break (IOEx), close connection
D/ConnectivityService(  153): handleInetConditionHoldEnd: net=0, condition=0, published condition=100
I/GTalkService/c(  460): [AndroidEndpoint@1094644032] connect: acct=1000001, state=CONNECTING
D/ConnectivityService(  153): handleInetConditionHoldEnd: net=0, condition=100, published condition=0
W/Smack/Packet(  460): notify conn break (IOEx), close connection
D/ConnectivityService(  153): handleInetConditionHoldEnd: net=0, condition=0, published condition=100
I/GTalkService/c(  460): [AndroidEndpoint@1094644032] connect: acct=1000001, state=CONNECTING
D/dalvikvm(  460): GC_CONCURRENT freed 416K, 7% free 10066K/10759K, paused 14ms+3ms
D/ConnectivityService(  153): handleInetConditionHoldEnd: net=0, condition=100, published condition=0
W/Smack/Packet(  460): notify conn break (IOEx), close connection
D/ConnectivityService(  153): handleInetConditionHoldEnd: net=0, condition=0, published condition=100
I/GTalkService/c(  460): [AndroidEndpoint@1094644032] connect: acct=1000001, state=CONNECTING
D/dalvikvm(  460): GC_CONCURRENT freed 386K, 7% free 10074K/10759K, paused 2ms+3ms
D/ConnectivityService(  153): handleInetConditionHoldEnd: net=0, condition=100, published condition=0
W/Smack/Packet(  460): notify conn break (IOEx), close connection
D/ConnectivityService(  153): handleInetConditionHoldEnd: net=0, condition=0, published condition=100
I/GTalkService/c(  460): [AndroidEndpoint@1094644032] connect: acct=1000001, state=CONNECTING
D/ConnectivityService(  153): handleInetConditionHoldEnd: net=0, condition=100, published condition=0
W/Smack/Packet(  460): notify conn break (IOEx), close connection
D/ConnectivityService(  153): handleInetConditionHoldEnd: net=0, condition=0, published condition=100
I/GTalkService/c(  460): [AndroidEndpoint@1094644032] connect: acct=1000001, state=CONNECTING
D/dalvikvm(  460): GC_CONCURRENT freed 380K, 7% free 10086K/10759K, paused 2ms+2ms
D/ConnectivityService(  153): handleInetConditionHoldEnd: net=0, condition=100, published condition=0
W/Smack/Packet(  460): notify conn break (IOEx), close connection
D/ConnectivityService(  153): handleInetConditionHoldEnd: net=0, condition=0, published condition=100
I/GTalkService/c(  460): [AndroidEndpoint@1094644032] connect: acct=1000001, state=CONNECTING
D/ConnectivityService(  153): handleInetConditionHoldEnd: net=0, condition=100, published condition=0
W/Smack/Packet(  460): notify conn break (IOEx), close connection
D/ConnectivityService(  153): handleInetConditionHoldEnd: net=0, condition=0, published condition=100
I/GTalkService/c(  460): [AndroidEndpoint@1094644032] connect: acct=1000001, state=CONNECTING
D/dalvikvm(  460): GC_CONCURRENT freed 414K, 7% free 10063K/10759K, paused 13ms+3ms
W/Smack/Packet(  460): notify conn break (IOEx), close connection
D/ConnectivityService(  153): handleInetConditionHoldEnd: net=0, condition=0, published condition=0
I/EventLogService(  460): Aggregate from 1333740796855 (log), 1333740796855 (data)
I/ServiceDumpSys(  460): dumping service [account]
I/GTalkService/c(  460): [AndroidEndpoint@1094644032] connect: acct=1000001, state=CONNECTING
D/dalvikvm(  460): GC_CONCURRENT freed 397K, 7% free 10059K/10759K, paused 2ms+2ms
W/Smack/Packet(  460): notify conn break (IOEx), close connection
D/ConnectivityService(  153): handleInetConditionHoldEnd: net=0, condition=0, published condition=0
D/dalvikvm(  153): GC_CONCURRENT freed 822K, 12% free 13134K/14791K, paused 2ms+6ms
D/dalvikvm(  315): GC_CONCURRENT freed 414K, 6% free 9503K/10055K, paused 2ms+2ms
I/GTalkService/c(  460): [AndroidEndpoint@1094644032] connect: acct=1000001, state=CONNECTING
D/ConnectivityService(  153): handleInetConditionHoldEnd: net=0, condition=100, published condition=0
W/Smack/Packet(  460): notify conn break (IOEx), close connection
D/ConnectivityService(  153): handleInetConditionHoldEnd: net=0, condition=0, published condition=100
I/GTalkService/c(  460): [AndroidEndpoint@1094644032] connect: acct=1000001, state=CONNECTING
D/dalvikvm(  460): GC_CONCURRENT freed 386K, 7% free 10069K/10759K, paused 15ms+3ms
D/ConnectivityService(  153): handleInetConditionHoldEnd: net=0, condition=100, published condition=0
W/Smack/Packet(  460): notify conn break (IOEx), close connection
D/ConnectivityService(  153): handleInetConditionHoldEnd: net=0, condition=0, published condition=100
I/GTalkService/c(  460): [AndroidEndpoint@1094644032] connect: acct=1000001, state=CONNECTING
D/dalvikvm(  460): GC_CONCURRENT freed 390K, 7% free 10073K/10759K, paused 2ms+3ms
D/ConnectivityService(  153): handleInetConditionHoldEnd: net=0, condition=100, published condition=0
W/Smack/Packet(  460): notify conn break (IOEx), close connection
D/ConnectivityService(  153): handleInetConditionHoldEnd: net=0, condition=0, published condition=100
D/dalvikvm(  219): GC_CONCURRENT freed 382K, 8% free 9852K/10631K, paused 12ms+3ms
D/dalvikvm( 1188): GC_CONCURRENT freed 393K, 7% free 10003K/10695K, paused 1ms+2ms
D/dalvikvm(  153): GC_CONCURRENT freed 929K, 12% free 13111K/14791K, paused 2ms+5ms
I/GTalkService/c(  460): [AndroidEndpoint@1094644032] connect: acct=1000001, state=CONNECTING
D/dalvikvm(  153): GC_EXPLICIT freed 156K, 12% free 13030K/14791K, paused 2ms+4ms
D/ConnectivityService(  153): handleInetConditionHoldEnd: net=0, condition=100, published condition=0
W/Smack/Packet(  460): notify conn break (IOEx), close connection
D/ConnectivityService(  153): handleInetConditionHoldEnd: net=0, condition=0, published condition=100
D/AlarmManagerService(  153): Kernel timezone updated to 240 minutes west of GMT
D/SystemClock(  315): Setting time of day to sec=1333743927
V/AlarmClock(  559): AlarmInitReceiver finished
I/GTalkService/c(  460): [AndroidEndpoint@1094644032] connect: acct=1000001, state=CONNECTING
D/dalvikvm(  460): GC_CONCURRENT freed 390K, 7% free 10090K/10759K, paused 2ms+3ms
W/Smack/Packet(  460): notify conn break (IOEx), close connection
D/ConnectivityService(  153): handleInetConditionHoldEnd: net=0, condition=0, published condition=0
I/EventLogService(  460): Aggregate from 1333742596973 (log), 1333742596973 (data)
I/ServiceDumpSys(  460): dumping service [account]
I/GTalkService/c(  460): [AndroidEndpoint@1094644032] connect: acct=1000001, state=CONNECTING
D/dalvikvm(  460): GC_CONCURRENT freed 405K, 7% free 10077K/10759K, paused 2ms+2ms
D/ConnectivityService(  153): handleInetConditionHoldEnd: net=0, condition=100, published condition=0
W/Smack/Packet(  460): notify conn break (IOEx), close connection
D/ConnectivityService(  153): handleInetConditionHoldEnd: net=0, condition=0, published condition=100
D/dalvikvm(  153): GC_CONCURRENT freed 797K, 12% free 13114K/14791K, paused 16ms+4ms
I/GTalkService/c(  460): [AndroidEndpoint@1094644032] connect: acct=1000001, state=CONNECTING
D/ConnectivityService(  153): handleInetConditionHoldEnd: net=0, condition=100, published condition=0
W/Smack/Packet(  460): notify conn break (IOEx), close connection
D/ConnectivityService(  153): handleInetConditionHoldEnd: net=0, condition=0, published condition=100
I/GTalkService/c(  460): [AndroidEndpoint@1094644032] connect: acct=1000001, state=CONNECTING
D/dalvikvm(  460): GC_CONCURRENT freed 388K, 7% free 10088K/10759K, paused 2ms+3ms
D/ConnectivityService(  153): handleInetConditionHoldEnd: net=0, condition=100, published condition=0
W/Smack/Packet(  460): notify conn break (IOEx), close connection
D/ConnectivityService(  153): handleInetConditionHoldEnd: net=0, condition=0, published condition=100
I/GTalkService/c(  460): [AndroidEndpoint@1094644032] connect: acct=1000001, state=CONNECTING
D/dalvikvm(  460): GC_EXPLICIT freed 351K, 7% free 10076K/10759K, paused 4ms+4ms
W/Smack/Packet(  460): notify conn break (IOEx), close connection
D/ConnectivityService(  153): handleInetConditionHoldEnd: net=0, condition=0, published condition=0
D/dalvikvm(  153): GC_CONCURRENT freed 914K, 12% free 13156K/14791K, paused 2ms+5ms
I/GTalkService/c(  460): [AndroidEndpoint@1094644032] connect: acct=1000001, state=CONNECTING
D/ConnectivityService(  153): handleInetConditionHoldEnd: net=0, condition=100, published condition=0
W/Smack/Packet(  460): notify conn break (IOEx), close connection
