I/CameraCloud( 1093): 1333727995370: Loc = Location[mProvider=gps,mTime=1333814398000,mLatitude=42.36443950916732,mLongitude=-71.10199586531328,mHasAltitude=true,mAltitude=-22.0,mHasSpeed=true,mSpeed=0.5959478,mHasBearing=true,mBearing=257.28143,mHasAccuracy=true,mAccuracy=15.0,mExtras=Bundle[mParcelledData.dataSize=4]] Previous Region = (3,0)
I/CameraCloud( 1093): 1333727995370: GPS x/long:-71.10199586531328, GPS y/lat: 42.36443950916732. Region width in x: 51.96152422706632
I/CameraCloud( 1093): 1333727995370: location PINPOINTS to region = 3.0, previous 3
I/CameraCloud( 1093): 1333727995371: stay at region 3
I/CameraCloud( 1093): 1333727997385: .......... GPS onLocationChanged ...... 
I/CameraCloud( 1093): 1333727997386: Loc = Location[mProvider=gps,mTime=1333814400000,mLatitude=42.36442614210563,mLongitude=-71.102010507902,mHasAltitude=true,mAltitude=-23.0,mHasSpeed=true,mSpeed=0.6096366,mHasBearing=true,mBearing=246.87209,mHasAccuracy=true,mAccuracy=20.0,mExtras=Bundle[mParcelledData.dataSize=4]] Previous Region = (3,0)
I/CameraCloud( 1093): 1333727997387: GPS x/long:-71.102010507902, GPS y/lat: 42.36442614210563. Region width in x: 51.96152422706632
I/CameraCloud( 1093): 1333727997387: location PINPOINTS to region = 3.0, previous 3
I/CameraCloud( 1093): 1333727997387: stay at region 3
I/CameraCloud( 1093): 1333727999350: .......... GPS onLocationChanged ...... 
I/CameraCloud( 1093): 1333727999351: Loc = Location[mProvider=gps,mTime=1333814402000,mLatitude=42.36441517216001,mLongitude=-71.10202638421842,mHasAltitude=true,mAltitude=-22.0,mHasSpeed=true,mSpeed=0.6233703,mHasBearing=true,mBearing=245.20831,mHasAccuracy=true,mAccuracy=25.0,mExtras=Bundle[mParcelledData.dataSize=4]] Previous Region = (3,0)
I/CameraCloud( 1093): 1333727999351: GPS x/long:-71.10202638421842, GPS y/lat: 42.36441517216001. Region width in x: 51.96152422706632
I/CameraCloud( 1093): 1333727999352: location PINPOINTS to region = 3.0, previous 3
I/CameraCloud( 1093): 1333727999352: stay at region 3
I/CameraCloud( 1093): 1333728001393: .......... GPS onLocationChanged ...... 
I/CameraCloud( 1093): 1333728001393: Loc = Location[mProvider=gps,mTime=1333814404000,mLatitude=42.36440507689477,mLongitude=-71.10203992352228,mHasAltitude=true,mAltitude=-22.0,mHasSpeed=true,mSpeed=0.62529606,mHasBearing=true,mBearing=242.6184,mHasAccuracy=true,mAccuracy=20.0,mExtras=Bundle[mParcelledData.dataSize=4]] Previous Region = (3,0)
I/CameraCloud( 1093): 1333728001394: GPS x/long:-71.10203992352228, GPS y/lat: 42.36440507689477. Region width in x: 51.96152422706632
I/CameraCloud( 1093): 1333728001394: location PINPOINTS to region = 3.0, previous 3
I/CameraCloud( 1093): 1333728001394: stay at region 3
I/CameraCloud( 1093): 1333728003383: .......... GPS onLocationChanged ...... 
I/CameraCloud( 1093): 1333728003384: Loc = Location[mProvider=gps,mTime=1333814406000,mLatitude=42.36439591665778,mLongitude=-71.10205201539259,mHasAltitude=true,mAltitude=-22.0,mHasSpeed=true,mSpeed=0.6197418,mHasBearing=true,mBearing=239.58536,mHasAccuracy=true,mAccuracy=20.0,mExtras=Bundle[mParcelledData.dataSize=4]] Previous Region = (3,0)
I/CameraCloud( 1093): 1333728003384: GPS x/long:-71.10205201539259, GPS y/lat: 42.36439591665778. Region width in x: 51.96152422706632
I/CameraCloud( 1093): 1333728003385: location PINPOINTS to region = 3.0, previous 3
I/CameraCloud( 1093): 1333728003385: stay at region 3
I/CameraCloud( 1093): 1333728005363: .......... GPS onLocationChanged ...... 
I/CameraCloud( 1093): 1333728005365: Loc = Location[mProvider=gps,mTime=1333814408000,mLatitude=42.364388644784015,mLongitude=-71.10207155180923,mHasAltitude=true,mAltitude=-23.0,mHasSpeed=true,mSpeed=0.67928874,mHasBearing=true,mBearing=269.80246,mHasAccuracy=true,mAccuracy=20.0,mExtras=Bundle[mParcelledData.dataSize=4]] Previous Region = (3,0)
I/CameraCloud( 1093): 1333728005366: GPS x/long:-71.10207155180923, GPS y/lat: 42.364388644784015. Region width in x: 51.96152422706632
I/CameraCloud( 1093): 1333728005366: location PINPOINTS to region = 3.0, previous 3
I/CameraCloud( 1093): 1333728005367: stay at region 3
I/CameraCloud( 1093): 1333728007373: .......... GPS onLocationChanged ...... 
I/CameraCloud( 1093): 1333728007374: Loc = Location[mProvider=gps,mTime=1333814410000,mLatitude=42.364377160876074,mLongitude=-71.10207572239626,mHasAltitude=true,mAltitude=-23.0,mHasSpeed=true,mSpeed=0.711092,mHasBearing=true,mBearing=255.74188,mHasAccuracy=true,mAccuracy=20.0,mExtras=Bundle[mParcelledData.dataSize=4]] Previous Region = (3,0)
I/CameraCloud( 1093): 1333728007374: GPS x/long:-71.10207572239626, GPS y/lat: 42.364377160876074. Region width in x: 51.96152422706632
I/CameraCloud( 1093): 1333728007375: location PINPOINTS to region = 3.0, previous 3
I/CameraCloud( 1093): 1333728007375: stay at region 3
I/CameraCloud( 1093): 1333728009398: .......... GPS onLocationChanged ...... 
I/CameraCloud( 1093): 1333728009398: Loc = Location[mProvider=gps,mTime=1333814412000,mLatitude=42.36436640452592,mLongitude=-71.10207998308104,mHasAltitude=true,mAltitude=-23.0,mHasSpeed=true,mSpeed=0.685094,mHasBearing=true,mBearing=244.6513,mHasAccuracy=true,mAccuracy=20.0,mExtras=Bundle[mParcelledData.dataSize=4]] Previous Region = (3,0)
I/CameraCloud( 1093): 1333728009399: GPS x/long:-71.10207998308104, GPS y/lat: 42.36436640452592. Region width in x: 51.96152422706632
I/CameraCloud( 1093): 1333728009399: location PINPOINTS to region = 3.0, previous 3
I/CameraCloud( 1093): 1333728009399: stay at region 3
W/Smack/Packet(  456): notify conn break (IOEx), close connection
I/CameraCloud( 1093): 1333728013383: .......... GPS onLocationChanged ...... 
I/CameraCloud( 1093): 1333728013384: Loc = Location[mProvider=gps,mTime=1333814416000,mLatitude=42.36437075715335,mLongitude=-71.10205673245315,mHasAltitude=true,mAltitude=-22.0,mHasSpeed=true,mSpeed=1.1884437,mHasBearing=true,mBearing=17.843441,mHasAccuracy=true,mAccuracy=20.0,mExtras=Bundle[mParcelledData.dataSize=4]] Previous Region = (3,0)
I/CameraCloud( 1093): 1333728013385: GPS x/long:-71.10205673245315, GPS y/lat: 42.36437075715335. Region width in x: 51.96152422706632
I/CameraCloud( 1093): 1333728013385: location PINPOINTS to region = 3.0, previous 3
I/CameraCloud( 1093): 1333728013385: stay at region 3
I/CameraCloud( 1093): 1333728014373: .......... GPS onLocationChanged ...... 
I/CameraCloud( 1093): 1333728014374: Loc = Location[mProvider=gps,mTime=1333814417000,mLatitude=42.36437393835976,mLongitude=-71.10203618666216,mHasAltitude=true,mAltitude=-22.0,mHasSpeed=true,mSpeed=1.3854938,mHasBearing=true,mBearing=2.2245235,mHasAccuracy=true,mAccuracy=20.0,mExtras=Bundle[mParcelledData.dataSize=4]] Previous Region = (3,0)
I/CameraCloud( 1093): 1333728014374: GPS x/long:-71.10203618666216, GPS y/lat: 42.36437393835976. Region width in x: 51.96152422706632
I/CameraCloud( 1093): 1333728014375: location PINPOINTS to region = 3.0, previous 3
I/CameraCloud( 1093): 1333728014375: stay at region 3
D/ConnectivityService(  152): handleInetConditionHoldEnd: net=0, condition=0, published condition=100
D/dalvikvm(  152): GC_CONCURRENT freed 680K, 15% free 12316K/14407K, paused 2ms+6ms
I/GTalkService/c(  456): [AndroidEndpoint@1094720768] connect: acct=1000000, state=CONNECTING
D/dalvikvm(  456): GC_CONCURRENT freed 406K, 6% free 10019K/10631K, paused 35ms+2ms
D/ConnectivityService(  152): handleInetConditionHoldEnd: net=0, condition=100, published condition=0
D/dalvikvm(  152): GC_CONCURRENT freed 727K, 15% free 12287K/14407K, paused 3ms+4ms
W/Smack/Packet(  456): notify conn break (IOEx), close connection
I/CameraCloud( 1093): 1333728044386: .......... GPS onLocationChanged ...... 
I/CameraCloud( 1093): 1333728044387: Loc = Location[mProvider=gps,mTime=1333814447000,mLatitude=42.36436750686011,mLongitude=-71.10202163779451,mHasAltitude=true,mAltitude=-23.0,mHasSpeed=true,mSpeed=0.085342094,mHasBearing=true,mBearing=94.6715,mHasAccuracy=true,mAccuracy=15.0,mExtras=Bundle[mParcelledData.dataSize=4]] Previous Region = (3,0)
I/CameraCloud( 1093): 1333728044388: GPS x/long:-71.10202163779451, GPS y/lat: 42.36436750686011. Region width in x: 51.96152422706632
I/CameraCloud( 1093): 1333728044388: location PINPOINTS to region = 3.0, previous 3
I/CameraCloud( 1093): 1333728044388: stay at region 3
D/ConnectivityService(  152): handleInetConditionHoldEnd: net=0, condition=0, published condition=100
I/CameraCloud( 1093): 1333728046397: .......... GPS onLocationChanged ...... 
I/CameraCloud( 1093): 1333728046398: Loc = Location[mProvider=gps,mTime=1333814449000,mLatitude=42.36436770045829,mLongitude=-71.10200594073216,mHasAltitude=true,mAltitude=-22.0,mHasSpeed=true,mSpeed=0.16091064,mHasBearing=true,mBearing=80.84211,mHasAccuracy=true,mAccuracy=15.0,mExtras=Bundle[mParcelledData.dataSize=4]] Previous Region = (3,0)
I/CameraCloud( 1093): 1333728046399: GPS x/long:-71.10200594073216, GPS y/lat: 42.36436770045829. Region width in x: 51.96152422706632
I/CameraCloud( 1093): 1333728046399: location PINPOINTS to region = 3.0, previous 3
I/CameraCloud( 1093): 1333728046399: stay at region 3
D/dalvikvm(  315): GC_CONCURRENT freed 439K, 6% free 9502K/10055K, paused 14ms+2ms
I/CameraCloud( 1093): 1333728047392: .......... GPS onLocationChanged ...... 
I/CameraCloud( 1093): 1333728047393: Loc = Location[mProvider=gps,mTime=1333814450000,mLatitude=42.36436915009407,mLongitude=-71.1019804596886,mHasAltitude=true,mAltitude=-22.0,mHasSpeed=true,mSpeed=0.0,mHasBearing=true,mBearing=87.940254,mHasAccuracy=true,mAccuracy=15.0,mExtras=Bundle[mParcelledData.dataSize=4]] Previous Region = (3,0)
I/CameraCloud( 1093): 1333728047393: GPS x/long:-71.1019804596886, GPS y/lat: 42.36436915009407. Region width in x: 51.96152422706632
I/CameraCloud( 1093): 1333728047393: location PINPOINTS to region = 3.0, previous 3
I/CameraCloud( 1093): 1333728047394: stay at region 3
D/dalvikvm(  743): GC_CONCURRENT freed 381K, 7% free 10048K/10695K, paused 4ms+2ms
I/GTalkService/c(  456): [AndroidEndpoint@1094720768] connect: acct=1000000, state=CONNECTING
I/CameraCloud( 1093): 1333728053624: canPressButton = TRUE
I/CameraCloud( 1093): 1333728053627: areButtonsEnabled --> false
I/CameraCloud( 1093): 1333728053628: disabling buttons ...
D/AudioHardware(   81): AudioHardware pcm playback is exiting standby.
D/AudioHardware(   81): openPcmOut_l() mPcmOpenCnt: 0
I/CameraCloud( 1093): 1333728053631: new pic disableButtons XXX
I/CameraCloud( 1093): 1333728053631: areButtonsEnabled --> false
I/CameraCloud( 1093): 1333728053649: takeNum=4 takeCamGood=3 takeGoodSave=3 takeBad=0 getNum=0 getGood=0 getBad=0
I/CameraCloud( 1093): 1333728053649: ** Clicked take picture button **
I/CameraSurfaceView( 1093): inside getCamera()
I/CameraHardwareSec(   81): int android::CameraHardwareSec::previewThreadWrapper(): calling mSecCamera->stopPreview() and waiting
I/SecCamera(   81): int android::fimc_v4l2_querybuf(int, android::fimc_buffer*, v4l2_buf_type) :
I/SecCamera(   81): int android::fimc_v4l2_querybuf(int, android::fimc_buffer*, v4l2_buf_type): buffer->start = 0x43cbd000 v4l2_buf.length = 4261248
D/dalvikvm( 1093): GC_CONCURRENT freed 609K, 26% free 10995K/14727K, paused 2ms+4ms
I/CameraHardwareSec(   81): == Camera Sensor Detect S5K4ECGX - Samsung LSI SOC 5M ==
D/JpegEncoder(   81): encode E
D/JpegEncoder(   81): encode X
D/SecCamera(   81): Shutter speed=124942 us, iso=400
D/SecCamera(   81): AV=3, TV=3, SV=7
D/JpegEncoder(   81): makeExif E
D/JpegEncoder(   81): makeExif X
I/SecCamera(   81): int android::SecCamera::endSnapshot() :
I/SecCamera(   81): munmap():virt. addr 0x43cbd000 size = 4261248
D/dalvikvm( 1093): GC_FOR_ALLOC freed 1327K, 32% free 10040K/14727K, paused 20ms
I/dalvikvm-heap( 1093): Grow heap (frag case) to 10.512MB for 666062-byte allocation
D/dalvikvm( 1093): GC_CONCURRENT freed <1K, 28% free 10689K/14727K, paused 1ms+3ms
I/CameraCloud( 1093): 1333728054353: inside HandlePictureStorage onPictureTaken()
I/CameraCloud( 1093): 1333728054353: takeNum=4 takeCamGood=4 takeGoodSave=3 takeBad=0 getNum=0 getGood=0 getBad=0
D/CameraHardwareSec(   81): mPreviewHeap(fd(31), size(518400), width(720), height(480))
I/CameraHardwareSec(   81): int android::CameraHardwareSec::previewThreadWrapper(): return from wait
I/CameraCloud( 1093): 1333728054766: Picture successfully taken, ORIG BYTE LENGTH = 666046
D/dalvikvm( 1093): GC_EXPLICIT freed 2K, 28% free 10690K/14727K, paused 16ms+3ms
I/CameraCloud( 1093): 1333728054951: Our new height x width: 240 x 320
I/CameraCloud( 1093): 1333728054952: Show photo from handle my camera take
I/CameraCloud( 1093): 1333728054952: client making photo packet to send to leader
I/CameraCloud( 1093): 1333728054965: BYTE SIZE AFTER COMPRESSION: 1846
I/CameraCloud( 1093): 1333728054965: sending new pic ....
I/CameraCloud( 1093): 1333728054966: Server request to url: http://hermes5.csail.mit.edu:8213/101/3/0/
I/CameraCloud( 1093): 1333728055016: Cloud server request length: 5442
I/CameraCloud( 1093): 1333728055031: about to execute HTTP POST
I/CameraCloud( 1093): 1333728055032: in serverRequest() about to httpclient.execute()
D/dalvikvm( 1093): GC_CONCURRENT freed 411K, 28% free 10716K/14727K, paused 1ms+3ms
I/CameraCloud( 1093): 1333728056669: CameraCloud Execute HTTP latency: 1637ms
I/CameraCloud( 1093): 1333728056669: finished executing HTTP POST, get data
I/CameraCloud( 1093): 1333728056669: make input stream reader for data
I/CameraCloud( 1093): 1333728056670: Cloud response length: 18
I/CameraCloud( 1093): 1333728056670: Returning cloud object
I/CameraCloud( 1093): 1333728056673: CameraCloud upload new photo latency = 1708
I/CameraCloud( 1093): 1333728056673: CameraCloud upload start 1333728054965 ~ stop 1333728056673
I/CameraCloud( 1093): 1333728056675: takeNum=4 takeCamGood=4 takeGoodSave=4 takeBad=0 getNum=0 getGood=0 getBad=0
I/CameraCloud( 1093): 1333728056676: SUCCESS! Client now knows saving photo on cloud server succeeded
I/CameraCloud( 1093): 1333728056676: RETURN STATUS: 12
I/CameraCloud( 1093): 1333728056676: Inside _enableButtons
I/CameraCloud( 1093): 1333728056676: areButtonsEnabled --> true
I/CameraCloud( 1093): 1333728056677: end of client send picture method
D/AudioHardware(   81): AudioHardware pcm playback is going to standby.
D/AudioHardware(   81): closePcmOut_l() mPcmOpenCnt: 1
D/dalvikvm( 1093): GC_CONCURRENT freed 709K, 29% free 10559K/14727K, paused 2ms+11ms
W/InputManagerService(  152): Window already focused, ignoring focus gain of: com.android.internal.view.IInputMethodClient$Stub$Proxy@41783860
D/ConnectivityService(  152): handleInetConditionHoldEnd: net=0, condition=100, published condition=0
D/dalvikvm(  152): GC_CONCURRENT freed 729K, 15% free 12314K/14407K, paused 12ms+6ms
W/Smack/Packet(  456): notify conn break (IOEx), close connection
I/CameraCloud( 1093): 1333728063380: .......... GPS onLocationChanged ...... 
I/CameraCloud( 1093): 1333728063381: Loc = Location[mProvider=gps,mTime=1333814466000,mLatitude=42.36437559957731,mLongitude=-71.10195920782334,mHasAltitude=true,mAltitude=-24.0,mHasSpeed=true,mSpeed=0.42291957,mHasBearing=true,mBearing=65.77763,mHasAccuracy=true,mAccuracy=10.0,mExtras=Bundle[mParcelledData.dataSize=4]] Previous Region = (3,0)
I/CameraCloud( 1093): 1333728063381: GPS x/long:-71.10195920782334, GPS y/lat: 42.36437559957731. Region width in x: 51.96152422706632
I/CameraCloud( 1093): 1333728063382: location PINPOINTS to region = 3.0, previous 3
I/CameraCloud( 1093): 1333728063382: stay at region 3
D/dalvikvm( 1093): GC_FOR_ALLOC freed 102K, 28% free 10649K/14727K, paused 25ms
D/dalvikvm( 1093): GC_CONCURRENT freed 117K, 26% free 11002K/14727K, paused 2ms+3ms
I/CameraCloud( 1093): 1333728065049: canPressButton = TRUE
I/CameraCloud( 1093): 1333728065050: areButtonsEnabled --> false
I/CameraCloud( 1093): 1333728065050: disabling buttons ...
I/CameraCloud( 1093): 1333728065062: new pic disableButtons XXX
I/CameraCloud( 1093): 1333728065065: areButtonsEnabled --> false
D/ConnectivityService(  152): handleInetConditionHoldEnd: net=0, condition=0, published condition=100
D/AudioHardware(   81): AudioHardware pcm playback is exiting standby.
D/AudioHardware(   81): openPcmOut_l() mPcmOpenCnt: 0
I/CameraCloud( 1093): 1333728065139: takeNum=5 takeCamGood=4 takeGoodSave=4 takeBad=0 getNum=0 getGood=0 getBad=0
I/CameraCloud( 1093): 1333728065140: ** Clicked take picture button **
I/CameraSurfaceView( 1093): inside getCamera()
I/CameraHardwareSec(   81): int android::CameraHardwareSec::previewThreadWrapper(): calling mSecCamera->stopPreview() and waiting
I/SecCamera(   81): int android::fimc_v4l2_querybuf(int, android::fimc_buffer*, v4l2_buf_type) :
I/SecCamera(   81): int android::fimc_v4l2_querybuf(int, android::fimc_buffer*, v4l2_buf_type): buffer->start = 0x43d6a000 v4l2_buf.length = 4261248
D/dalvikvm( 1093): GC_CONCURRENT freed 1041K, 29% free 10556K/14727K, paused 2ms+3ms
I/CameraHardwareSec(   81): == Camera Sensor Detect S5K4ECGX - Samsung LSI SOC 5M ==
D/JpegEncoder(   81): encode E
D/JpegEncoder(   81): encode X
D/SecCamera(   81): Shutter speed=810 us, iso=50
D/SecCamera(   81): AV=3, TV=10, SV=4
D/JpegEncoder(   81): makeExif E
D/JpegEncoder(   81): makeExif X
I/SecCamera(   81): int android::SecCamera::endSnapshot() :
I/SecCamera(   81): munmap():virt. addr 0x43d6a000 size = 4261248
D/dalvikvm( 1093): GC_FOR_ALLOC freed 648K, 32% free 10046K/14727K, paused 16ms
I/dalvikvm-heap( 1093): Grow heap (frag case) to 11.725MB for 1930603-byte allocation
D/dalvikvm( 1093): GC_CONCURRENT freed <1K, 19% free 11931K/14727K, paused 2ms+2ms
I/CameraCloud( 1093): 1333728065884: inside HandlePictureStorage onPictureTaken()
I/CameraCloud( 1093): 1333728065884: takeNum=5 takeCamGood=5 takeGoodSave=4 takeBad=0 getNum=0 getGood=0 getBad=0
D/CameraHardwareSec(   81): mPreviewHeap(fd(31), size(518400), width(720), height(480))
I/CameraHardwareSec(   81): int android::CameraHardwareSec::previewThreadWrapper(): return from wait
I/CameraCloud( 1093): 1333728066353: Picture successfully taken, ORIG BYTE LENGTH = 1930587
D/dalvikvm( 1093): GC_EXPLICIT freed 2K, 19% free 11932K/14727K, paused 28ms+3ms
I/CameraCloud( 1093): 1333728066642: Our new height x width: 240 x 320
I/CameraCloud( 1093): 1333728066642: Show photo from handle my camera take
I/CameraCloud( 1093): 1333728066643: client making photo packet to send to leader
I/CameraCloud( 1093): 1333728066655: BYTE SIZE AFTER COMPRESSION: 4344
I/CameraCloud( 1093): 1333728066656: sending new pic ....
I/CameraCloud( 1093): 1333728066656: Server request to url: http://hermes5.csail.mit.edu:8213/101/3/0/
I/CameraCloud( 1093): 1333728066770: Cloud server request length: 15229
I/CameraCloud( 1093): 1333728066771: about to execute HTTP POST
I/CameraCloud( 1093): 1333728066772: in serverRequest() about to httpclient.execute()
D/AudioHardware(   81): AudioHardware pcm playback is going to standby.
D/AudioHardware(   81): closePcmOut_l() mPcmOpenCnt: 1
I/GTalkService/c(  456): [AndroidEndpoint@1094720768] connect: acct=1000000, state=CONNECTING
D/dalvikvm(  456): GC_CONCURRENT freed 368K, 6% free 10039K/10631K, paused 5ms+4ms
D/dalvikvm(  152): GC_CONCURRENT freed 683K, 15% free 12333K/14407K, paused 17ms+27ms
E/GTalkService(  456): connectionClosed: no XMPPConnection - That's strange!
D/ConnectivityService(  152): handleInetConditionHoldEnd: net=0, condition=0, published condition=0
I/CameraCloud( 1093): 1333728119620: CameraCloud Execute HTTP latency: 52848ms
I/CameraCloud( 1093): 1333728119621: finished executing HTTP POST, get data
I/CameraCloud( 1093): 1333728119623: make input stream reader for data
I/CameraCloud( 1093): 1333728119624: Cloud response length: 18
I/CameraCloud( 1093): 1333728119650: Returning cloud object
I/CameraCloud( 1093): 1333728119659: CameraCloud upload new photo latency = 53003
I/CameraCloud( 1093): 1333728119660: CameraCloud upload start 1333728066656 ~ stop 1333728119659
I/CameraCloud( 1093): 1333728119660: takeNum=5 takeCamGood=5 takeGoodSave=5 takeBad=0 getNum=0 getGood=0 getBad=0
I/CameraCloud( 1093): 1333728119660: SUCCESS! Client now knows saving photo on cloud server succeeded
I/CameraCloud( 1093): 1333728119661: RETURN STATUS: 12
I/CameraCloud( 1093): 1333728119661: Inside _enableButtons
I/CameraCloud( 1093): 1333728119661: areButtonsEnabled --> true
I/CameraCloud( 1093): 1333728119661: end of client send picture method
D/dalvikvm( 1093): GC_CONCURRENT freed 2600K, 31% free 10273K/14727K, paused 2ms+2ms
I/CameraCloud( 1093): 1333728119779: .......... GPS onLocationChanged ...... 
I/CameraCloud( 1093): 1333728119780: Loc = Location[mProvider=gps,mTime=1333814511000,mLatitude=42.36438348027745,mLongitude=-71.10193984293137,mHasAltitude=true,mAltitude=-19.0,mHasSpeed=true,mSpeed=0.0,mHasBearing=true,mBearing=52.384026,mHasAccuracy=true,mAccuracy=10.0,mExtras=Bundle[mParcelledData.dataSize=4]] Previous Region = (3,0)
I/CameraCloud( 1093): 1333728119780: GPS x/long:-71.10193984293137, GPS y/lat: 42.36438348027745. Region width in x: 51.96152422706632
I/CameraCloud( 1093): 1333728119780: location PINPOINTS to region = 3.0, previous 3
I/CameraCloud( 1093): 1333728119781: stay at region 3
I/CameraCloud( 1093): 1333728119787: .......... GPS onLocationChanged ...... 
I/CameraCloud( 1093): 1333728119790: Loc = Location[mProvider=gps,mTime=1333814516000,mLatitude=42.36438615491425,mLongitude=-71.10192398106754,mHasAltitude=true,mAltitude=-21.0,mHasSpeed=true,mSpeed=0.37265897,mHasBearing=true,mBearing=5.429807,mHasAccuracy=true,mAccuracy=10.0,mExtras=Bundle[mParcelledData.dataSize=4]] Previous Region = (3,0)
I/CameraCloud( 1093): 1333728119790: GPS x/long:-71.10192398106754, GPS y/lat: 42.36438615491425. Region width in x: 51.96152422706632
I/CameraCloud( 1093): 1333728119793: location PINPOINTS to region = 3.0, previous 3
I/CameraCloud( 1093): 1333728119794: stay at region 3
D/dalvikvm( 1093): GC_CONCURRENT freed 45K, 28% free 10717K/14727K, paused 2ms+5ms
D/dalvikvm( 1093): GC_CONCURRENT freed 175K, 26% free 11015K/14727K, paused 2ms+2ms
W/InputManagerService(  152): Window already focused, ignoring focus gain of: com.android.internal.view.IInputMethodClient$Stub$Proxy@416a4738
I/CameraCloud( 1093): 1333728122380: .......... GPS onLocationChanged ...... 
I/CameraCloud( 1093): 1333728122381: Loc = Location[mProvider=gps,mTime=1333814525000,mLatitude=42.364381043914705,mLongitude=-71.10191328157927,mHasAltitude=true,mAltitude=-20.0,mHasSpeed=true,mSpeed=0.32123744,mHasBearing=true,mBearing=74.29733,mHasAccuracy=true,mAccuracy=15.0,mExtras=Bundle[mParcelledData.dataSize=4]] Previous Region = (3,0)
I/CameraCloud( 1093): 1333728122382: GPS x/long:-71.10191328157927, GPS y/lat: 42.364381043914705. Region width in x: 51.96152422706632
I/CameraCloud( 1093): 1333728122382: location PINPOINTS to region = 3.0, previous 3
I/CameraCloud( 1093): 1333728122382: stay at region 3
I/CameraCloud( 1093): 1333728126363: .......... GPS onLocationChanged ...... 
I/CameraCloud( 1093): 1333728126365: Loc = Location[mProvider=gps,mTime=1333814529000,mLatitude=42.364384411496076,mLongitude=-71.10190193919877,mHasAltitude=true,mAltitude=-21.0,mHasSpeed=true,mSpeed=0.0,mHasBearing=true,mBearing=70.18276,mHasAccuracy=true,mAccuracy=15.0,mExtras=Bundle[mParcelledData.dataSize=4]] Previous Region = (3,0)
I/CameraCloud( 1093): 1333728126366: GPS x/long:-71.10190193919877, GPS y/lat: 42.364384411496076. Region width in x: 51.96152422706632
I/CameraCloud( 1093): 1333728126367: location PINPOINTS to region = 3.0, previous 3
I/CameraCloud( 1093): 1333728126383: stay at region 3
I/CameraCloud( 1093): 1333728139418: .......... GPS onLocationChanged ...... 
I/CameraCloud( 1093): 1333728139419: Loc = Location[mProvider=gps,mTime=1333814542000,mLatitude=42.3643843672817,mLongitude=-71.10188842557673,mHasAltitude=true,mAltitude=-16.0,mHasSpeed=true,mSpeed=0.35573164,mHasBearing=true,mBearing=68.40989,mHasAccuracy=true,mAccuracy=15.0,mExtras=Bundle[mParcelledData.dataSize=4]] Previous Region = (3,0)
I/CameraCloud( 1093): 1333728139420: GPS x/long:-71.10188842557673, GPS y/lat: 42.3643843672817. Region width in x: 51.96152422706632
I/CameraCloud( 1093): 1333728139420: location PINPOINTS to region = 3.0, previous 3
I/CameraCloud( 1093): 1333728139420: stay at region 3
D/dalvikvm(  152): GC_CONCURRENT freed 704K, 15% free 12332K/14407K, paused 4ms+5ms
D/dalvikvm(  743): GC_CONCURRENT freed 370K, 6% free 10065K/10695K, paused 12ms+22ms
I/CameraCloud( 1093): 1333728148363: .......... GPS onLocationChanged ...... 
I/CameraCloud( 1093): 1333728148364: Loc = Location[mProvider=gps,mTime=1333814551000,mLatitude=42.36438359260754,mLongitude=-71.101874126557,mHasAltitude=true,mAltitude=-19.0,mHasSpeed=true,mSpeed=0.050948355,mHasBearing=true,mBearing=117.17221,mHasAccuracy=true,mAccuracy=15.0,mExtras=Bundle[mParcelledData.dataSize=4]] Previous Region = (3,0)
I/CameraCloud( 1093): 1333728148365: GPS x/long:-71.101874126557, GPS y/lat: 42.36438359260754. Region width in x: 51.96152422706632
I/CameraCloud( 1093): 1333728148365: location PINPOINTS to region = 3.0, previous 3
I/CameraCloud( 1093): 1333728148365: stay at region 3
I/GTalkService/c(  456): [AndroidEndpoint@1094720768] connect: acct=1000000, state=CONNECTING
D/ConnectivityService(  152): handleInetConditionHoldEnd: net=0, condition=100, published condition=0
W/Smack/Packet(  456): notify conn break (IOEx), close connection
D/ConnectivityService(  152): handleInetConditionHoldEnd: net=0, condition=0, published condition=100
I/System.out(  743): [INFO:1648926]: c: Running flush
I/System.out(  743): [INFO:1648928]: c: Sending payload [bytes=501]
D/dalvikvm(  152): GC_CONCURRENT freed 735K, 15% free 12310K/14407K, paused 2ms+4ms
I/System.out(  743): [INFO:1653929]: c: Running delayed flush
I/System.out(  743): [INFO:1653939]: c: Running flush
I/CameraCloud( 1093): 1333728169365: .......... GPS onLocationChanged ...... 
I/CameraCloud( 1093): 1333728169366: Loc = Location[mProvider=gps,mTime=1333814572000,mLatitude=42.36439272431614,mLongitude=-71.10186171751549,mHasAltitude=true,mAltitude=-23.0,mHasSpeed=true,mSpeed=0.38696834,mHasBearing=true,mBearing=57.848545,mHasAccuracy=true,mAccuracy=10.0,mExtras=Bundle[mParcelledData.dataSize=4]] Previous Region = (3,0)
I/CameraCloud( 1093): 1333728169366: GPS x/long:-71.10186171751549, GPS y/lat: 42.36439272431614. Region width in x: 51.96152422706632
I/CameraCloud( 1093): 1333728169367: location PINPOINTS to region = 3.0, previous 3
I/CameraCloud( 1093): 1333728169367: stay at region 3
I/CameraCloud( 1093): 1333728170364: .......... GPS onLocationChanged ...... 
I/CameraCloud( 1093): 1333728170365: Loc = Location[mProvider=gps,mTime=1333814573000,mLatitude=42.364401389766556,mLongitude=-71.10185816305022,mHasAltitude=true,mAltitude=-23.0,mHasSpeed=true,mSpeed=0.0,mHasBearing=true,mBearing=57.848545,mHasAccuracy=true,mAccuracy=10.0,mExtras=Bundle[mParcelledData.dataSize=4]] Previous Region = (3,0)
I/CameraCloud( 1093): 1333728170366: GPS x/long:-71.10185816305022, GPS y/lat: 42.364401389766556. Region width in x: 51.96152422706632
I/CameraCloud( 1093): 1333728170366: location PINPOINTS to region = 3.0, previous 3
I/CameraCloud( 1093): 1333728170366: stay at region 3
I/System.out(  743): [INFO:1656158]: c: Response [http=200,length=20]
I/System.out(  743): [INFO:1656159]: c: Read id 2, status code 200
I/CameraCloud( 1093): 1333728181975: canPressButton = TRUE
I/CameraCloud( 1093): 1333728181975: areButtonsEnabled --> false
I/CameraCloud( 1093): 1333728181976: disabling buttons ...
I/CameraCloud( 1093): 1333728181977: new pic disableButtons XXX
I/CameraCloud( 1093): 1333728181982: areButtonsEnabled --> false
D/AudioHardware(   81): AudioHardware pcm playback is exiting standby.
D/AudioHardware(   81): openPcmOut_l() mPcmOpenCnt: 0
I/CameraCloud( 1093): 1333728182055: takeNum=6 takeCamGood=5 takeGoodSave=5 takeBad=0 getNum=0 getGood=0 getBad=0
I/CameraCloud( 1093): 1333728182055: ** Clicked take picture button **
I/CameraSurfaceView( 1093): inside getCamera()
I/CameraHardwareSec(   81): int android::CameraHardwareSec::previewThreadWrapper(): calling mSecCamera->stopPreview() and waiting
I/SecCamera(   81): int android::fimc_v4l2_querybuf(int, android::fimc_buffer*, v4l2_buf_type) :
I/SecCamera(   81): int android::fimc_v4l2_querybuf(int, android::fimc_buffer*, v4l2_buf_type): buffer->start = 0x43ce0000 v4l2_buf.length = 4261248
D/dalvikvm( 1093): GC_CONCURRENT freed 1014K, 28% free 10618K/14727K, paused 2ms+3ms
I/CameraHardwareSec(   81): == Camera Sensor Detect S5K4ECGX - Samsung LSI SOC 5M ==
D/JpegEncoder(   81): encode E
D/JpegEncoder(   81): encode X
D/SecCamera(   81): Shutter speed=937 us, iso=50
D/SecCamera(   81): AV=3, TV=10, SV=4
D/JpegEncoder(   81): makeExif E
D/JpegEncoder(   81): makeExif X
I/SecCamera(   81): int android::SecCamera::endSnapshot() :
I/SecCamera(   81): munmap():virt. addr 0x43ce0000 size = 4261248
D/dalvikvm( 1093): GC_FOR_ALLOC freed 750K, 32% free 10065K/14727K, paused 16ms
I/dalvikvm-heap( 1093): Grow heap (frag case) to 11.473MB for 1647482-byte allocation
D/dalvikvm( 1093): GC_CONCURRENT freed <1K, 21% free 11673K/14727K, paused 2ms+2ms
I/CameraCloud( 1093): 1333728182756: inside HandlePictureStorage onPictureTaken()
I/CameraCloud( 1093): 1333728182756: takeNum=6 takeCamGood=6 takeGoodSave=5 takeBad=0 getNum=0 getGood=0 getBad=0
D/CameraHardwareSec(   81): mPreviewHeap(fd(31), size(518400), width(720), height(480))
I/CameraHardwareSec(   81): int android::CameraHardwareSec::previewThreadWrapper(): return from wait
I/CameraCloud( 1093): 1333728183119: Picture successfully taken, ORIG BYTE LENGTH = 1647466
D/dalvikvm( 1093): GC_EXPLICIT freed 2K, 21% free 11674K/14727K, paused 18ms+2ms
I/CameraCloud( 1093): 1333728183406: Our new height x width: 240 x 320
I/CameraCloud( 1093): 1333728183406: Show photo from handle my camera take
I/CameraCloud( 1093): 1333728183420: client making photo packet to send to leader
I/CameraCloud( 1093): 1333728183446: BYTE SIZE AFTER COMPRESSION: 3220
I/CameraCloud( 1093): 1333728183446: sending new pic ....
I/CameraCloud( 1093): 1333728183447: Server request to url: http://hermes5.csail.mit.edu:8213/101/3/0/
I/CameraCloud( 1093): 1333728183522: Cloud server request length: 11142
I/CameraCloud( 1093): 1333728183523: about to execute HTTP POST
I/CameraCloud( 1093): 1333728183523: in serverRequest() about to httpclient.execute()
D/AudioHardware(   81): AudioHardware pcm playback is going to standby.
D/AudioHardware(   81): closePcmOut_l() mPcmOpenCnt: 1
D/dalvikvm(  315): GC_CONCURRENT freed 420K, 6% free 9506K/10055K, paused 3ms+13ms
I/dalvikvm(  152): Jit: resizing JitTable from 8192 to 16384
I/EventLogService(  456): Aggregate from 1333726523301 (log), 1333726385714 (data)
I/ServiceDumpSys(  456): dumping service [account]
D/dalvikvm(  152): GC_CONCURRENT freed 701K, 15% free 12322K/14407K, paused 15ms+5ms
D/dalvikvm(  743): GC_CONCURRENT freed 394K, 6% free 10061K/10695K, paused 10ms+2ms
D/dalvikvm(  456): GC_CONCURRENT freed 414K, 6% free 10009K/10631K, paused 3ms+3ms
I/CameraCloud( 1093): 1333728232218: CameraCloud Execute HTTP latency: 48694ms
I/CameraCloud( 1093): 1333728232230: finished executing HTTP POST, get data
I/CameraCloud( 1093): 1333728232238: make input stream reader for data
I/CameraCloud( 1093): 1333728232245: Cloud response length: 18
I/CameraCloud( 1093): 1333728232245: Returning cloud object
I/CameraCloud( 1093): 1333728232264: CameraCloud upload new photo latency = 48818
I/CameraCloud( 1093): 1333728232264: CameraCloud upload start 1333728183446 ~ stop 1333728232264
I/CameraCloud( 1093): 1333728232265: takeNum=6 takeCamGood=6 takeGoodSave=6 takeBad=0 getNum=0 getGood=0 getBad=0
I/CameraCloud( 1093): 1333728232265: SUCCESS! Client now knows saving photo on cloud server succeeded
I/CameraCloud( 1093): 1333728232265: RETURN STATUS: 12
I/CameraCloud( 1093): 1333728232265: Inside _enableButtons
I/CameraCloud( 1093): 1333728232266: areButtonsEnabled --> true
I/CameraCloud( 1093): 1333728232266: end of client send picture method
D/dalvikvm( 1093): GC_CONCURRENT freed 2225K, 31% free 10292K/14727K, paused 3ms+2ms
I/CameraCloud( 1093): 1333728232372: .......... GPS onLocationChanged ...... 
I/CameraCloud( 1093): 1333728232373: Loc = Location[mProvider=gps,mTime=1333814618000,mLatitude=42.36441393195213,mLongitude=-71.10185623153166,mHasAltitude=true,mAltitude=-23.0,mHasSpeed=true,mSpeed=0.056567743,mHasBearing=true,mBearing=147.18564,mHasAccuracy=true,mAccuracy=10.0,mExtras=Bundle[mParcelledData.dataSize=4]] Previous Region = (3,0)
I/CameraCloud( 1093): 1333728232374: GPS x/long:-71.10185623153166, GPS y/lat: 42.36441393195213. Region width in x: 51.96152422706632
I/CameraCloud( 1093): 1333728232374: location PINPOINTS to region = 3.0, previous 3
I/CameraCloud( 1093): 1333728232388: stay at region 3
I/CameraCloud( 1093): 1333728232389: .......... GPS onLocationChanged ...... 
I/CameraCloud( 1093): 1333728232390: Loc = Location[mProvider=gps,mTime=1333814619000,mLatitude=42.36444219676911,mLongitude=-71.1018517071852,mHasAltitude=true,mAltitude=-22.0,mHasSpeed=true,mSpeed=0.15989235,mHasBearing=true,mBearing=112.28951,mHasAccuracy=true,mAccuracy=10.0,mExtras=Bundle[mParcelledData.dataSize=4]] Previous Region = (3,0)
I/CameraCloud( 1093): 1333728232390: GPS x/long:-71.1018517071852, GPS y/lat: 42.36444219676911. Region width in x: 51.96152422706632
I/CameraCloud( 1093): 1333728232391: location PINPOINTS to region = 3.0, previous 3
I/CameraCloud( 1093): 1333728232391: stay at region 3
I/CameraCloud( 1093): 1333728232395: .......... GPS onLocationChanged ...... 
I/CameraCloud( 1093): 1333728232396: Loc = Location[mProvider=gps,mTime=1333814620000,mLatitude=42.36447627942255,mLongitude=-71.10182398962729,mHasAltitude=true,mAltitude=-23.0,mHasSpeed=true,mSpeed=0.0,mHasBearing=true,mBearing=119.70119,mHasAccuracy=true,mAccuracy=10.0,mExtras=Bundle[mParcelledData.dataSize=4]] Previous Region = (3,0)
I/CameraCloud( 1093): 1333728232396: GPS x/long:-71.10182398962729, GPS y/lat: 42.36447627942255. Region width in x: 51.96152422706632
I/CameraCloud( 1093): 1333728232397: location PINPOINTS to region = 3.0, previous 3
I/CameraCloud( 1093): 1333728232397: stay at region 3
D/dalvikvm( 1093): GC_CONCURRENT freed 54K, 28% free 10739K/14727K, paused 3ms+14ms
W/InputManagerService(  152): Window already focused, ignoring focus gain of: com.android.internal.view.IInputMethodClient$Stub$Proxy@415ca340
D/dalvikvm( 1093): GC_CONCURRENT freed 178K, 25% free 11129K/14727K, paused 1ms+2ms
I/CameraCloud( 1093): 1333728233360: .......... GPS onLocationChanged ...... 
I/CameraCloud( 1093): 1333728233361: Loc = Location[mProvider=gps,mTime=1333814636000,mLatitude=42.36446321809723,mLongitude=-71.10182007013906,mHasAltitude=true,mAltitude=-20.0,mHasSpeed=true,mSpeed=0.08389882,mHasBearing=true,mBearing=109.15233,mHasAccuracy=true,mAccuracy=15.0,mExtras=Bundle[mParcelledData.dataSize=4]] Previous Region = (3,0)
I/CameraCloud( 1093): 1333728233361: GPS x/long:-71.10182007013906, GPS y/lat: 42.36446321809723. Region width in x: 51.96152422706632
I/CameraCloud( 1093): 1333728233361: location PINPOINTS to region = 3.0, previous 3
I/CameraCloud( 1093): 1333728233362: stay at region 3
I/CameraCloud( 1093): 1333728235336: .......... GPS onLocationChanged ...... 
I/CameraCloud( 1093): 1333728235337: Loc = Location[mProvider=gps,mTime=1333814638000,mLatitude=42.364451749275275,mLongitude=-71.10181552035313,mHasAltitude=true,mAltitude=-19.0,mHasSpeed=true,mSpeed=0.16379716,mHasBearing=true,mBearing=80.211586,mHasAccuracy=true,mAccuracy=15.0,mExtras=Bundle[mParcelledData.dataSize=4]] Previous Region = (3,0)
I/CameraCloud( 1093): 1333728235337: GPS x/long:-71.10181552035313, GPS y/lat: 42.364451749275275. Region width in x: 51.96152422706632
I/CameraCloud( 1093): 1333728235337: location PINPOINTS to region = 3.0, previous 3
I/CameraCloud( 1093): 1333728235338: stay at region 3
I/GTalkService/c(  456): [AndroidEndpoint@1094720768] connect: acct=1000000, state=CONNECTING
D/dalvikvm(  152): GC_CONCURRENT freed 684K, 15% free 12351K/14407K, paused 2ms+7ms
D/ConnectivityService(  152): handleInetConditionHoldEnd: net=0, condition=100, published condition=0
D/dalvikvm(  152): GC_EXPLICIT freed 674K, 15% free 12288K/14407K, paused 6ms+5ms
I/CameraCloud( 1093): 1333728263349: .......... GPS onLocationChanged ...... 
I/CameraCloud( 1093): 1333728263350: Loc = Location[mProvider=gps,mTime=1333814666000,mLatitude=42.364446922675576,mLongitude=-71.1017991060501,mHasAltitude=true,mAltitude=-27.0,mHasSpeed=true,mSpeed=0.3256832,mHasBearing=true,mBearing=63.508583,mHasAccuracy=true,mAccuracy=10.0,mExtras=Bundle[mParcelledData.dataSize=4]] Previous Region = (3,0)
I/CameraCloud( 1093): 1333728263351: GPS x/long:-71.1017991060501, GPS y/lat: 42.364446922675576. Region width in x: 51.96152422706632
I/CameraCloud( 1093): 1333728263351: location PINPOINTS to region = 3.0, previous 3
I/CameraCloud( 1093): 1333728263351: stay at region 3
I/CameraCloud( 1093): 1333728264349: .......... GPS onLocationChanged ...... 
I/CameraCloud( 1093): 1333728264350: Loc = Location[mProvider=gps,mTime=1333814667000,mLatitude=42.364446264713315,mLongitude=-71.1017860330943,mHasAltitude=true,mAltitude=-26.0,mHasSpeed=true,mSpeed=0.0,mHasBearing=true,mBearing=69.36206,mHasAccuracy=true,mAccuracy=10.0,mExtras=Bundle[mParcelledData.dataSize=4]] Previous Region = (3,0)
I/CameraCloud( 1093): 1333728264350: GPS x/long:-71.1017860330943, GPS y/lat: 42.364446264713315. Region width in x: 51.96152422706632
I/CameraCloud( 1093): 1333728264351: location PINPOINTS to region = 3.0, previous 3
I/CameraCloud( 1093): 1333728264351: stay at region 3
I/CameraCloud( 1093): 1333728265349: .......... GPS onLocationChanged ...... 
I/CameraCloud( 1093): 1333728265350: Loc = Location[mProvider=gps,mTime=1333814668000,mLatitude=42.36444294335307,mLongitude=-71.10177167693121,mHasAltitude=true,mAltitude=-23.0,mHasSpeed=true,mSpeed=0.0,mHasBearing=true,mBearing=61.28041,mHasAccuracy=true,mAccuracy=10.0,mExtras=Bundle[mParcelledData.dataSize=4]] Previous Region = (3,0)
I/CameraCloud( 1093): 1333728265350: GPS x/long:-71.10177167693121, GPS y/lat: 42.36444294335307. Region width in x: 51.96152422706632
I/CameraCloud( 1093): 1333728265351: location PINPOINTS to region = 3.0, previous 3
I/CameraCloud( 1093): 1333728265351: stay at region 3
W/Smack/Packet(  456): notify conn break (IOEx), close connection
D/ConnectivityService(  152): handleInetConditionHoldEnd: net=0, condition=0, published condition=100
I/GTalkService/c(  456): [AndroidEndpoint@1094720768] connect: acct=1000000, state=CONNECTING
I/ActivityManager(  152): Start proc com.google.android.apps.maps for service com.google.android.apps.maps/com.google.googlenav.prefetch.android.PrefetcherService: pid=1270 uid=10032 gids={3003, 1015}
I/dalvikvm( 1270): Turning on JNI app bug workarounds for target SDK version 13...
D/dalvikvm( 1270): GC_CONCURRENT freed 169K, 3% free 9364K/9607K, paused 2ms+2ms
I/ActivityThread( 1270): Pub com.google.android.maps.LayerInfoProvider: com.google.googlenav.layer.LayerInfoProvider
I/ActivityThread( 1270): Pub com.google.android.maps.TrafficAppWidgetProvider: com.google.googlenav.appwidget.traffic.TrafficAppWidgetProvider
I/ActivityThread( 1270): Pub com.google.android.maps.SuggestionProvider: com.google.googlenav.suggest.android.SuggestProvider
I/ActivityThread( 1270): Pub com.google.android.maps.LocalActivePlacesProvider: com.google.googlenav.provider.LocalActivePlacesProvider
I/ActivityThread( 1270): Pub com.google.android.maps.StarredItemProvider: com.google.googlenav.provider.StarredItemProvider
D/dalvikvm( 1270): GC_CONCURRENT freed 131K, 3% free 9765K/9991K, paused 2ms+3ms
I/ActivityThread( 1270): Pub com.google.android.maps.LocalSuggestionProvider: com.google.googlenav.provider.LocalSuggestionProvider
I/ActivityThread( 1270): Pub com.google.android.maps.SearchHistoryProvider: com.google.googlenav.provider.SearchHistoryProvider
I/ActivityThread( 1270): Pub com.google.android.maps.NavigationAvailabilityProvider: com.google.googlenav.provider.NavigationAvailabilityProvider
D/dalvikvm( 1270): GC_CONCURRENT freed 259K, 4% free 10042K/10375K, paused 3ms+2ms
D/dalvikvm(  456): GC_CONCURRENT freed 375K, 6% free 10035K/10631K, paused 7ms+21ms
I/CameraCloud( 1093): 1333728280411: .......... GPS onLocationChanged ...... 
I/CameraCloud( 1093): 1333728280411: Loc = Location[mProvider=gps,mTime=1333814683000,mLatitude=42.36445223222614,mLongitude=-71.10176906481149,mHasAltitude=true,mAltitude=-19.0,mHasSpeed=true,mSpeed=0.0,mHasBearing=true,mBearing=6.522807,mHasAccuracy=true,mAccuracy=10.0,mExtras=Bundle[mParcelledData.dataSize=4]] Previous Region = (3,0)
I/CameraCloud( 1093): 1333728280412: GPS x/long:-71.10176906481149, GPS y/lat: 42.36445223222614. Region width in x: 51.96152422706632
I/CameraCloud( 1093): 1333728280412: location PINPOINTS to region = 3.0, previous 3
I/CameraCloud( 1093): 1333728280412: stay at region 3
D/dalvikvm(  152): GC_CONCURRENT freed 683K, 15% free 12308K/14407K, paused 2ms+8ms
D/ConnectivityService(  152): handleInetConditionHoldEnd: net=0, condition=100, published condition=0
I/CameraCloud( 1093): 1333728289237: canPressButton = TRUE
I/CameraCloud( 1093): 1333728289242: areButtonsEnabled --> false
I/CameraCloud( 1093): 1333728289244: disabling buttons ...
D/AudioHardware(   81): AudioHardware pcm playback is exiting standby.
D/AudioHardware(   81): openPcmOut_l() mPcmOpenCnt: 0
I/CameraCloud( 1093): 1333728289256: new pic disableButtons XXX
I/CameraCloud( 1093): 1333728289289: areButtonsEnabled --> false
I/CameraCloud( 1093): 1333728289403: takeNum=7 takeCamGood=6 takeGoodSave=6 takeBad=0 getNum=0 getGood=0 getBad=0
I/CameraCloud( 1093): 1333728289404: ** Clicked take picture button **
I/CameraSurfaceView( 1093): inside getCamera()
I/CameraHardwareSec(   81): int android::CameraHardwareSec::previewThreadWrapper(): calling mSecCamera->stopPreview() and waiting
I/SecCamera(   81): int android::fimc_v4l2_querybuf(int, android::fimc_buffer*, v4l2_buf_type) :
I/SecCamera(   81): int android::fimc_v4l2_querybuf(int, android::fimc_buffer*, v4l2_buf_type): buffer->start = 0x43ca2000 v4l2_buf.length = 4261248
D/dalvikvm( 1093): GC_FOR_ALLOC freed 1105K, 29% free 10596K/14727K, paused 23ms
I/CameraHardwareSec(   81): == Camera Sensor Detect S5K4ECGX - Samsung LSI SOC 5M ==
D/JpegEncoder(   81): encode E
D/JpegEncoder(   81): encode X
D/SecCamera(   81): Shutter speed=3300 us, iso=50
D/SecCamera(   81): AV=3, TV=8, SV=4
D/JpegEncoder(   81): makeExif E
D/JpegEncoder(   81): makeExif X
I/ActivityManager(  152): No longer want com.android.voicedialer (pid 848): hidden #16
I/SecCamera(   81): int android::SecCamera::endSnapshot() :
I/SecCamera(   81): munmap():virt. addr 0x43ca2000 size = 4261248
D/dalvikvm( 1093): GC_FOR_ALLOC freed 652K, 32% free 10083K/14727K, paused 17ms
I/dalvikvm-heap( 1093): Grow heap (frag case) to 11.424MB for 1577853-byte allocation
D/dalvikvm( 1093): GC_CONCURRENT freed <1K, 22% free 11623K/14727K, paused 2ms+2ms
I/CameraCloud( 1093): 1333728290093: inside HandlePictureStorage onPictureTaken()
I/CameraCloud( 1093): 1333728290093: takeNum=7 takeCamGood=7 takeGoodSave=6 takeBad=0 getNum=0 getGood=0 getBad=0
D/CameraHardwareSec(   81): mPreviewHeap(fd(31), size(518400), width(720), height(480))
I/CameraHardwareSec(   81): int android::CameraHardwareSec::previewThreadWrapper(): return from wait
I/CameraCloud( 1093): 1333728290456: Picture successfully taken, ORIG BYTE LENGTH = 1577837
D/dalvikvm( 1093): GC_EXPLICIT freed 2K, 22% free 11624K/14727K, paused 4ms+2ms
I/CameraCloud( 1093): 1333728290694: Our new height x width: 240 x 320
I/CameraCloud( 1093): 1333728290695: Show photo from handle my camera take
I/CameraCloud( 1093): 1333728290695: client making photo packet to send to leader
I/CameraCloud( 1093): 1333728290707: BYTE SIZE AFTER COMPRESSION: 3004
I/CameraCloud( 1093): 1333728290707: sending new pic ....
I/CameraCloud( 1093): 1333728290708: Server request to url: http://hermes5.csail.mit.edu:8213/101/3/0/
I/CameraCloud( 1093): 1333728290794: Cloud server request length: 10400
I/CameraCloud( 1093): 1333728290795: about to execute HTTP POST
I/CameraCloud( 1093): 1333728290795: in serverRequest() about to httpclient.execute()
D/dalvikvm(  743): GC_CONCURRENT freed 383K, 6% free 10064K/10695K, paused 5ms+12ms
D/AudioHardware(   81): AudioHardware pcm playback is going to standby.
D/AudioHardware(   81): closePcmOut_l() mPcmOpenCnt: 1
D/dalvikvm(  315): GC_CONCURRENT freed 430K, 6% free 9504K/10055K, paused 2ms+2ms
W/Smack/Packet(  456): notify conn break (IOEx), close connection
D/dalvikvm(  152): GC_CONCURRENT freed 674K, 15% free 12332K/14407K, paused 2ms+5ms
D/ConnectivityService(  152): handleInetConditionHoldEnd: net=0, condition=0, published condition=100
I/GTalkService/c(  456): [AndroidEndpoint@1094720768] connect: acct=1000000, state=CONNECTING
I/CameraCloud( 1093): 1333728334123: CameraCloud Execute HTTP latency: 43327ms
I/CameraCloud( 1093): 1333728334125: finished executing HTTP POST, get data
I/CameraCloud( 1093): 1333728334137: make input stream reader for data
I/CameraCloud( 1093): 1333728334137: Cloud response length: 18
I/CameraCloud( 1093): 1333728334138: Returning cloud object
I/CameraCloud( 1093): 1333728334145: CameraCloud upload new photo latency = 43437
I/CameraCloud( 1093): 1333728334146: CameraCloud upload start 1333728290708 ~ stop 1333728334145
I/CameraCloud( 1093): 1333728334146: takeNum=7 takeCamGood=7 takeGoodSave=7 takeBad=0 getNum=0 getGood=0 getBad=0
I/CameraCloud( 1093): 1333728334146: SUCCESS! Client now knows saving photo on cloud server succeeded
I/CameraCloud( 1093): 1333728334147: RETURN STATUS: 12
I/CameraCloud( 1093): 1333728334147: Inside _enableButtons
I/CameraCloud( 1093): 1333728334147: areButtonsEnabled --> true
I/CameraCloud( 1093): 1333728334147: end of client send picture method
D/dalvikvm( 1093): GC_CONCURRENT freed 2147K, 30% free 10311K/14727K, paused 2ms+2ms
I/CameraCloud( 1093): 1333728334279: .......... GPS onLocationChanged ...... 
I/CameraCloud( 1093): 1333728334281: Loc = Location[mProvider=gps,mTime=1333814702000,mLatitude=42.36446183965083,mLongitude=-71.10177650733586,mHasAltitude=true,mAltitude=-22.0,mHasSpeed=true,mSpeed=0.35886994,mHasBearing=true,mBearing=314.0927,mHasAccuracy=true,mAccuracy=10.0,mExtras=Bundle[mParcelledData.dataSize=4]] Previous Region = (3,0)
I/CameraCloud( 1093): 1333728334282: GPS x/long:-71.10177650733586, GPS y/lat: 42.36446183965083. Region width in x: 51.96152422706632
I/CameraCloud( 1093): 1333728334282: location PINPOINTS to region = 3.0, previous 3
I/CameraCloud( 1093): 1333728334282: stay at region 3
I/CameraCloud( 1093): 1333728334288: .......... GPS onLocationChanged ...... 
I/CameraCloud( 1093): 1333728334299: Loc = Location[mProvider=gps,mTime=1333814710000,mLatitude=42.36446470458297,mLongitude=-71.10175734552982,mHasAltitude=true,mAltitude=-8.0,mHasSpeed=true,mSpeed=0.14805965,mHasBearing=true,mBearing=71.10844,mHasAccuracy=true,mAccuracy=10.0,mExtras=Bundle[mParcelledData.dataSize=4]] Previous Region = (3,0)
I/CameraCloud( 1093): 1333728334301: GPS x/long:-71.10175734552982, GPS y/lat: 42.36446470458297. Region width in x: 51.96152422706632
I/CameraCloud( 1093): 1333728334301: location PINPOINTS to region = 3.0, previous 3
I/CameraCloud( 1093): 1333728334301: stay at region 3
I/CameraCloud( 1093): 1333728334304: .......... GPS onLocationChanged ...... 
I/CameraCloud( 1093): 1333728334307: Loc = Location[mProvider=gps,mTime=1333814729000,mLatitude=42.36446401941181,mLongitude=-71.10173935853588,mHasAltitude=true,mAltitude=-22.0,mHasSpeed=true,mSpeed=0.11568556,mHasBearing=true,mBearing=100.79788,mHasAccuracy=true,mAccuracy=10.0,mExtras=Bundle[mParcelledData.dataSize=4]] Previous Region = (3,0)
I/CameraCloud( 1093): 1333728334307: GPS x/long:-71.10173935853588, GPS y/lat: 42.36446401941181. Region width in x: 51.96152422706632
I/CameraCloud( 1093): 1333728334307: location PINPOINTS to region = 3.0, previous 3
I/CameraCloud( 1093): 1333728334308: stay at region 3
I/CameraCloud( 1093): 1333728334313: .......... GPS onLocationChanged ...... 
I/CameraCloud( 1093): 1333728334314: Loc = Location[mProvider=gps,mTime=1333814736000,mLatitude=42.3644550101969,mLongitude=-71.10173259201788,mHasAltitude=true,mAltitude=-26.0,mHasSpeed=true,mSpeed=0.077422895,mHasBearing=true,mBearing=115.44767,mHasAccuracy=true,mAccuracy=10.0,mExtras=Bundle[mParcelledData.dataSize=4]] Previous Region = (3,0)
I/CameraCloud( 1093): 1333728334315: GPS x/long:-71.10173259201788, GPS y/lat: 42.3644550101969. Region width in x: 51.96152422706632
I/CameraCloud( 1093): 1333728334315: location PINPOINTS to region = 3.0, previous 3
I/CameraCloud( 1093): 1333728334315: stay at region 3
D/dalvikvm( 1093): GC_CONCURRENT freed 54K, 27% free 10767K/14727K, paused 2ms+2ms
W/InputManagerService(  152): Window already focused, ignoring focus gain of: com.android.internal.view.IInputMethodClient$Stub$Proxy@41358a88
D/dalvikvm( 1093): GC_CONCURRENT freed 188K, 25% free 11149K/14727K, paused 2ms+3ms
E/GTalkService(  456): connectionClosed: no XMPPConnection - That's strange!
I/CameraCloud( 1093): 1333728337371: .......... GPS onLocationChanged ...... 
I/CameraCloud( 1093): 1333728337372: Loc = Location[mProvider=gps,mTime=1333814740000,mLatitude=42.36444782306993,mLongitude=-71.10174711882965,mHasAltitude=true,mAltitude=-28.0,mHasSpeed=true,mSpeed=0.052921582,mHasBearing=true,mBearing=205.35367,mHasAccuracy=true,mAccuracy=10.0,mExtras=Bundle[mParcelledData.dataSize=4]] Previous Region = (3,0)
I/CameraCloud( 1093): 1333728337372: GPS x/long:-71.10174711882965, GPS y/lat: 42.36444782306993. Region width in x: 51.96152422706632
I/CameraCloud( 1093): 1333728337373: location PINPOINTS to region = 3.0, previous 3
I/CameraCloud( 1093): 1333728337373: stay at region 3
D/ConnectivityService(  152): handleInetConditionHoldEnd: net=0, condition=0, published condition=0
D/dalvikvm(  152): GC_CONCURRENT freed 692K, 15% free 12350K/14407K, paused 5ms+5ms
