I/GTalkService/c(  456): [AndroidEndpoint@1094720768] connect: acct=1000000, state=CONNECTING
I/CameraCloud( 1093): 1333728356364: .......... GPS onLocationChanged ...... 
I/CameraCloud( 1093): 1333728356365: Loc = Location[mProvider=gps,mTime=1333814759000,mLatitude=42.364445227337754,mLongitude=-71.1017733604727,mHasAltitude=true,mAltitude=-28.0,mHasSpeed=true,mSpeed=0.07999591,mHasBearing=true,mBearing=252.29189,mHasAccuracy=true,mAccuracy=10.0,mExtras=Bundle[mParcelledData.dataSize=4]] Previous Region = (3,0)
I/CameraCloud( 1093): 1333728356365: GPS x/long:-71.1017733604727, GPS y/lat: 42.364445227337754. Region width in x: 51.96152422706632
I/CameraCloud( 1093): 1333728356366: location PINPOINTS to region = 3.0, previous 3
I/CameraCloud( 1093): 1333728356366: stay at region 3
D/dalvikvm(  456): GC_CONCURRENT freed 374K, 6% free 10057K/10631K, paused 11ms+3ms
D/ConnectivityService(  152): handleInetConditionHoldEnd: net=0, condition=100, published condition=0
W/Smack/Packet(  456): notify conn break (IOEx), close connection
I/CameraCloud( 1093): 1333728359358: .......... GPS onLocationChanged ...... 
I/CameraCloud( 1093): 1333728359359: Loc = Location[mProvider=gps,mTime=1333814762000,mLatitude=42.36443655325546,mLongitude=-71.10177914217793,mHasAltitude=true,mAltitude=-29.0,mHasSpeed=true,mSpeed=0.45761776,mHasBearing=true,mBearing=183.56448,mHasAccuracy=true,mAccuracy=10.0,mExtras=Bundle[mParcelledData.dataSize=4]] Previous Region = (3,0)
I/CameraCloud( 1093): 1333728359360: GPS x/long:-71.10177914217793, GPS y/lat: 42.36443655325546. Region width in x: 51.96152422706632
I/CameraCloud( 1093): 1333728359360: location PINPOINTS to region = 3.0, previous 3
I/CameraCloud( 1093): 1333728359360: stay at region 3
D/ConnectivityService(  152): handleInetConditionHoldEnd: net=0, condition=0, published condition=100
I/CameraCloud( 1093): 1333728363358: .......... GPS onLocationChanged ...... 
I/CameraCloud( 1093): 1333728363360: Loc = Location[mProvider=gps,mTime=1333814766000,mLatitude=42.364446314741336,mLongitude=-71.10178067971832,mHasAltitude=true,mAltitude=-31.0,mHasSpeed=true,mSpeed=0.32146618,mHasBearing=true,mBearing=11.782587,mHasAccuracy=true,mAccuracy=10.0,mExtras=Bundle[mParcelledData.dataSize=4]] Previous Region = (3,0)
I/CameraCloud( 1093): 1333728363360: GPS x/long:-71.10178067971832, GPS y/lat: 42.364446314741336. Region width in x: 51.96152422706632
I/CameraCloud( 1093): 1333728363361: location PINPOINTS to region = 3.0, previous 3
I/CameraCloud( 1093): 1333728363361: stay at region 3
I/CameraCloud( 1093): 1333728380357: .......... GPS onLocationChanged ...... 
I/CameraCloud( 1093): 1333728380358: Loc = Location[mProvider=gps,mTime=1333814783000,mLatitude=42.36445073512714,mLongitude=-71.1017934604049,mHasAltitude=true,mAltitude=-25.0,mHasSpeed=true,mSpeed=0.40927404,mHasBearing=true,mBearing=282.97906,mHasAccuracy=true,mAccuracy=10.0,mExtras=Bundle[mParcelledData.dataSize=4]] Previous Region = (3,0)
I/CameraCloud( 1093): 1333728380359: GPS x/long:-71.1017934604049, GPS y/lat: 42.36445073512714. Region width in x: 51.96152422706632
I/CameraCloud( 1093): 1333728380359: location PINPOINTS to region = 3.0, previous 3
I/CameraCloud( 1093): 1333728380359: stay at region 3
D/dalvikvm(  152): GC_CONCURRENT freed 732K, 15% free 12330K/14407K, paused 12ms+5ms
D/dalvikvm(  743): GC_CONCURRENT freed 386K, 6% free 10065K/10695K, paused 2ms+41ms
I/CameraCloud( 1093): 1333728387353: .......... GPS onLocationChanged ...... 
I/CameraCloud( 1093): 1333728387354: Loc = Location[mProvider=gps,mTime=1333814790000,mLatitude=42.36445147334327,mLongitude=-71.10177900339482,mHasAltitude=true,mAltitude=-24.0,mHasSpeed=true,mSpeed=0.3276353,mHasBearing=true,mBearing=44.131588,mHasAccuracy=true,mAccuracy=10.0,mExtras=Bundle[mParcelledData.dataSize=4]] Previous Region = (3,0)
I/CameraCloud( 1093): 1333728387355: GPS x/long:-71.10177900339482, GPS y/lat: 42.36445147334327. Region width in x: 51.96152422706632
I/CameraCloud( 1093): 1333728387355: location PINPOINTS to region = 3.0, previous 3
I/CameraCloud( 1093): 1333728387356: stay at region 3
I/GTalkService/c(  456): [AndroidEndpoint@1094720768] connect: acct=1000000, state=CONNECTING
D/ConnectivityService(  152): handleInetConditionHoldEnd: net=0, condition=100, published condition=0
W/Smack/Packet(  456): notify conn break (IOEx), close connection
D/ConnectivityService(  152): handleInetConditionHoldEnd: net=0, condition=0, published condition=100
I/CameraCloud( 1093): 1333728406374: .......... GPS onLocationChanged ...... 
I/CameraCloud( 1093): 1333728406375: Loc = Location[mProvider=gps,mTime=1333814809000,mLatitude=42.364452747931296,mLongitude=-71.10179537071662,mHasAltitude=true,mAltitude=-25.0,mHasSpeed=true,mSpeed=0.41536054,mHasBearing=true,mBearing=255.63399,mHasAccuracy=true,mAccuracy=10.0,mExtras=Bundle[mParcelledData.dataSize=4]] Previous Region = (3,0)
I/CameraCloud( 1093): 1333728406376: GPS x/long:-71.10179537071662, GPS y/lat: 42.364452747931296. Region width in x: 51.96152422706632
I/CameraCloud( 1093): 1333728406376: location PINPOINTS to region = 3.0, previous 3
I/CameraCloud( 1093): 1333728406376: stay at region 3
D/dalvikvm(  219): GC_CONCURRENT freed 392K, 6% free 10058K/10695K, paused 14ms+2ms
I/CameraCloud( 1093): 1333728409363: .......... GPS onLocationChanged ...... 
I/CameraCloud( 1093): 1333728409364: Loc = Location[mProvider=gps,mTime=1333814812000,mLatitude=42.36444756209687,mLongitude=-71.10181397252578,mHasAltitude=true,mAltitude=-24.0,mHasSpeed=true,mSpeed=0.5009917,mHasBearing=true,mBearing=245.20619,mHasAccuracy=true,mAccuracy=10.0,mExtras=Bundle[mParcelledData.dataSize=4]] Previous Region = (3,0)
I/CameraCloud( 1093): 1333728409365: GPS x/long:-71.10181397252578, GPS y/lat: 42.36444756209687. Region width in x: 51.96152422706632
I/CameraCloud( 1093): 1333728409365: location PINPOINTS to region = 3.0, previous 3
I/CameraCloud( 1093): 1333728409366: stay at region 3
I/CameraCloud( 1093): 1333728411406: .......... GPS onLocationChanged ...... 
I/CameraCloud( 1093): 1333728411407: Loc = Location[mProvider=gps,mTime=1333814814000,mLatitude=42.36443893904975,mLongitude=-71.1018066253756,mHasAltitude=true,mAltitude=-24.0,mHasSpeed=true,mSpeed=0.51635313,mHasBearing=true,mBearing=150.83186,mHasAccuracy=true,mAccuracy=10.0,mExtras=Bundle[mParcelledData.dataSize=4]] Previous Region = (3,0)
I/CameraCloud( 1093): 1333728411408: GPS x/long:-71.1018066253756, GPS y/lat: 42.36443893904975. Region width in x: 51.96152422706632
I/CameraCloud( 1093): 1333728411408: location PINPOINTS to region = 3.0, previous 3
I/CameraCloud( 1093): 1333728411408: stay at region 3
D/dalvikvm(  152): GC_CONCURRENT freed 748K, 15% free 12331K/14407K, paused 2ms+6ms
I/CameraCloud( 1093): 1333728418364: .......... GPS onLocationChanged ...... 
I/CameraCloud( 1093): 1333728418365: Loc = Location[mProvider=gps,mTime=1333814821000,mLatitude=42.36443951864147,mLongitude=-71.10181972202817,mHasAltitude=true,mAltitude=-26.0,mHasSpeed=true,mSpeed=0.08170893,mHasBearing=true,mBearing=261.4218,mHasAccuracy=true,mAccuracy=10.0,mExtras=Bundle[mParcelledData.dataSize=4]] Previous Region = (3,0)
I/CameraCloud( 1093): 1333728418365: GPS x/long:-71.10181972202817, GPS y/lat: 42.36443951864147. Region width in x: 51.96152422706632
I/CameraCloud( 1093): 1333728418366: location PINPOINTS to region = 3.0, previous 3
I/CameraCloud( 1093): 1333728418366: stay at region 3
I/CameraCloud( 1093): 1333728441358: .......... GPS onLocationChanged ...... 
I/CameraCloud( 1093): 1333728441359: Loc = Location[mProvider=gps,mTime=1333814844000,mLatitude=42.36442850018531,mLongitude=-71.10181685593602,mHasAltitude=true,mAltitude=-27.0,mHasSpeed=true,mSpeed=0.0,mHasBearing=true,mBearing=209.72037,mHasAccuracy=true,mAccuracy=10.0,mExtras=Bundle[mParcelledData.dataSize=4]] Previous Region = (3,0)
I/CameraCloud( 1093): 1333728441360: GPS x/long:-71.10181685593602, GPS y/lat: 42.36442850018531. Region width in x: 51.96152422706632
I/CameraCloud( 1093): 1333728441360: location PINPOINTS to region = 3.0, previous 3
I/CameraCloud( 1093): 1333728441360: stay at region 3
I/CameraCloud( 1093): 1333728454357: .......... GPS onLocationChanged ...... 
I/CameraCloud( 1093): 1333728454358: Loc = Location[mProvider=gps,mTime=1333814857000,mLatitude=42.36443653642011,mLongitude=-71.10182416618518,mHasAltitude=true,mAltitude=-16.0,mHasSpeed=true,mSpeed=0.05417605,mHasBearing=true,mBearing=4.694615,mHasAccuracy=true,mAccuracy=15.0,mExtras=Bundle[mParcelledData.dataSize=4]] Previous Region = (3,0)
I/CameraCloud( 1093): 1333728454358: GPS x/long:-71.10182416618518, GPS y/lat: 42.36443653642011. Region width in x: 51.96152422706632
I/CameraCloud( 1093): 1333728454358: location PINPOINTS to region = 3.0, previous 3
I/CameraCloud( 1093): 1333728454359: stay at region 3
I/CameraCloud( 1093): 1333728455405: .......... GPS onLocationChanged ...... 
I/CameraCloud( 1093): 1333728455406: Loc = Location[mProvider=gps,mTime=1333814858000,mLatitude=42.364445560407226,mLongitude=-71.10182306911383,mHasAltitude=true,mAltitude=-15.0,mHasSpeed=true,mSpeed=0.0,mHasBearing=true,mBearing=6.505714,mHasAccuracy=true,mAccuracy=10.0,mExtras=Bundle[mParcelledData.dataSize=4]] Previous Region = (3,0)
I/CameraCloud( 1093): 1333728455406: GPS x/long:-71.10182306911383, GPS y/lat: 42.364445560407226. Region width in x: 51.96152422706632
I/CameraCloud( 1093): 1333728455406: location PINPOINTS to region = 3.0, previous 3
I/CameraCloud( 1093): 1333728455407: stay at region 3
D/dalvikvm(  152): GC_CONCURRENT freed 701K, 15% free 12340K/14407K, paused 8ms+6ms
I/CameraCloud( 1093): 1333728461384: .......... GPS onLocationChanged ...... 
I/CameraCloud( 1093): 1333728461385: Loc = Location[mProvider=gps,mTime=1333814864000,mLatitude=42.36444960580497,mLongitude=-71.10183743225461,mHasAltitude=true,mAltitude=-14.0,mHasSpeed=true,mSpeed=0.0,mHasBearing=true,mBearing=272.68484,mHasAccuracy=true,mAccuracy=10.0,mExtras=Bundle[mParcelledData.dataSize=4]] Previous Region = (3,0)
I/CameraCloud( 1093): 1333728461386: GPS x/long:-71.10183743225461, GPS y/lat: 42.36444960580497. Region width in x: 51.96152422706632
I/CameraCloud( 1093): 1333728461388: location PINPOINTS to region = 3.0, previous 3
I/CameraCloud( 1093): 1333728461388: stay at region 3
I/CameraCloud( 1093): 1333728465385: .......... GPS onLocationChanged ...... 
I/CameraCloud( 1093): 1333728465386: Loc = Location[mProvider=gps,mTime=1333814868000,mLatitude=42.36444335118042,mLongitude=-71.10185012538217,mHasAltitude=true,mAltitude=-15.0,mHasSpeed=true,mSpeed=0.056014564,mHasBearing=true,mBearing=225.66559,mHasAccuracy=true,mAccuracy=10.0,mExtras=Bundle[mParcelledData.dataSize=4]] Previous Region = (3,0)
I/CameraCloud( 1093): 1333728465386: GPS x/long:-71.10185012538217, GPS y/lat: 42.36444335118042. Region width in x: 51.96152422706632
I/CameraCloud( 1093): 1333728465387: location PINPOINTS to region = 3.0, previous 3
I/CameraCloud( 1093): 1333728465387: stay at region 3
I/CameraCloud( 1093): 1333728472398: .......... GPS onLocationChanged ...... 
I/CameraCloud( 1093): 1333728472400: Loc = Location[mProvider=gps,mTime=1333814875000,mLatitude=42.3644318349011,mLongitude=-71.10184819072505,mHasAltitude=true,mAltitude=-22.0,mHasSpeed=true,mSpeed=0.30210695,mHasBearing=true,mBearing=145.7781,mHasAccuracy=true,mAccuracy=10.0,mExtras=Bundle[mParcelledData.dataSize=4]] Previous Region = (3,0)
I/CameraCloud( 1093): 1333728472401: GPS x/long:-71.10184819072505, GPS y/lat: 42.3644318349011. Region width in x: 51.96152422706632
I/CameraCloud( 1093): 1333728472402: location PINPOINTS to region = 3.0, previous 3
I/CameraCloud( 1093): 1333728472403: stay at region 3
I/GTalkService/c(  456): [AndroidEndpoint@1094720768] connect: acct=1000000, state=CONNECTING
D/dalvikvm(  315): GC_CONCURRENT freed 436K, 6% free 9507K/10055K, paused 24ms+2ms
D/dalvikvm(  456): GC_CONCURRENT freed 446K, 6% free 10066K/10631K, paused 2ms+3ms
D/dalvikvm(  743): GC_CONCURRENT freed 387K, 6% free 10064K/10695K, paused 1ms+2ms
D/ConnectivityService(  152): handleInetConditionHoldEnd: net=0, condition=100, published condition=0
W/Smack/Packet(  456): notify conn break (IOEx), close connection
D/ConnectivityService(  152): handleInetConditionHoldEnd: net=0, condition=0, published condition=100
I/CameraCloud( 1093): 1333728489367: .......... GPS onLocationChanged ...... 
I/CameraCloud( 1093): 1333728489368: Loc = Location[mProvider=gps,mTime=1333814892000,mLatitude=42.36441010963165,mLongitude=-71.10183733613688,mHasAltitude=true,mAltitude=-23.0,mHasSpeed=true,mSpeed=0.0,mHasBearing=true,mBearing=146.35025,mHasAccuracy=true,mAccuracy=10.0,mExtras=Bundle[mParcelledData.dataSize=4]] Previous Region = (3,0)
I/CameraCloud( 1093): 1333728489369: GPS x/long:-71.10183733613688, GPS y/lat: 42.36441010963165. Region width in x: 51.96152422706632
I/CameraCloud( 1093): 1333728489369: location PINPOINTS to region = 3.0, previous 3
I/CameraCloud( 1093): 1333728489370: stay at region 3
I/CameraCloud( 1093): 1333728490366: .......... GPS onLocationChanged ...... 
I/CameraCloud( 1093): 1333728490367: Loc = Location[mProvider=gps,mTime=1333814893000,mLatitude=42.36440318849322,mLongitude=-71.10182285022773,mHasAltitude=true,mAltitude=-23.0,mHasSpeed=true,mSpeed=0.0,mHasBearing=true,mBearing=146.35025,mHasAccuracy=true,mAccuracy=10.0,mExtras=Bundle[mParcelledData.dataSize=4]] Previous Region = (3,0)
I/CameraCloud( 1093): 1333728490368: GPS x/long:-71.10182285022773, GPS y/lat: 42.36440318849322. Region width in x: 51.96152422706632
I/CameraCloud( 1093): 1333728490368: location PINPOINTS to region = 3.0, previous 3
I/CameraCloud( 1093): 1333728490369: stay at region 3
D/dalvikvm(  152): GC_CONCURRENT freed 722K, 15% free 12332K/14407K, paused 2ms+5ms
I/CameraCloud( 1093): 1333728493365: .......... GPS onLocationChanged ...... 
I/CameraCloud( 1093): 1333728493366: Loc = Location[mProvider=gps,mTime=1333814896000,mLatitude=42.364407546917185,mLongitude=-71.10184001517906,mHasAltitude=true,mAltitude=-20.0,mHasSpeed=true,mSpeed=0.0,mHasBearing=true,mBearing=275.54297,mHasAccuracy=true,mAccuracy=15.0,mExtras=Bundle[mParcelledData.dataSize=4]] Previous Region = (3,0)
I/CameraCloud( 1093): 1333728493366: GPS x/long:-71.10184001517906, GPS y/lat: 42.364407546917185. Region width in x: 51.96152422706632
I/CameraCloud( 1093): 1333728493367: location PINPOINTS to region = 3.0, previous 3
I/CameraCloud( 1093): 1333728493367: stay at region 3
I/CameraCloud( 1093): 1333728503362: .......... GPS onLocationChanged ...... 
I/CameraCloud( 1093): 1333728503363: Loc = Location[mProvider=gps,mTime=1333814906000,mLatitude=42.36440096339811,mLongitude=-71.1018269071095,mHasAltitude=true,mAltitude=-15.0,mHasSpeed=true,mSpeed=0.48384574,mHasBearing=true,mBearing=96.575294,mHasAccuracy=true,mAccuracy=10.0,mExtras=Bundle[mParcelledData.dataSize=4]] Previous Region = (3,0)
I/CameraCloud( 1093): 1333728503364: GPS x/long:-71.1018269071095, GPS y/lat: 42.36440096339811. Region width in x: 51.96152422706632
I/CameraCloud( 1093): 1333728503364: location PINPOINTS to region = 3.0, previous 3
I/CameraCloud( 1093): 1333728503364: stay at region 3
I/CameraCloud( 1093): 1333728525349: .......... GPS onLocationChanged ...... 
I/CameraCloud( 1093): 1333728525350: Loc = Location[mProvider=gps,mTime=1333814928000,mLatitude=42.36442091284348,mLongitude=-71.1018343756352,mHasAltitude=true,mAltitude=-13.0,mHasSpeed=true,mSpeed=0.06128134,mHasBearing=true,mBearing=347.0897,mHasAccuracy=true,mAccuracy=10.0,mExtras=Bundle[mParcelledData.dataSize=4]] Previous Region = (3,0)
I/CameraCloud( 1093): 1333728525350: GPS x/long:-71.1018343756352, GPS y/lat: 42.36442091284348. Region width in x: 51.96152422706632
I/CameraCloud( 1093): 1333728525350: location PINPOINTS to region = 3.0, previous 3
I/CameraCloud( 1093): 1333728525351: stay at region 3
I/CameraCloud( 1093): 1333728526345: .......... GPS onLocationChanged ...... 
I/CameraCloud( 1093): 1333728526346: Loc = Location[mProvider=gps,mTime=1333814929000,mLatitude=42.364445252309764,mLongitude=-71.10184466663682,mHasAltitude=true,mAltitude=-13.0,mHasSpeed=true,mSpeed=0.0,mHasBearing=true,mBearing=349.44778,mHasAccuracy=true,mAccuracy=15.0,mExtras=Bundle[mParcelledData.dataSize=4]] Previous Region = (3,0)
I/CameraCloud( 1093): 1333728526346: GPS x/long:-71.10184466663682, GPS y/lat: 42.364445252309764. Region width in x: 51.96152422706632
I/CameraCloud( 1093): 1333728526347: location PINPOINTS to region = 3.0, previous 3
I/CameraCloud( 1093): 1333728526347: stay at region 3
D/dalvikvm(  152): GC_CONCURRENT freed 688K, 15% free 12347K/14407K, paused 3ms+16ms
I/CameraCloud( 1093): 1333728560364: .......... GPS onLocationChanged ...... 
I/CameraCloud( 1093): 1333728560366: Loc = Location[mProvider=gps,mTime=1333814963000,mLatitude=42.364458546678804,mLongitude=-71.10185350241544,mHasAltitude=true,mAltitude=-20.0,mHasSpeed=true,mSpeed=0.050012004,mHasBearing=true,mBearing=286.93262,mHasAccuracy=true,mAccuracy=15.0,mExtras=Bundle[mParcelledData.dataSize=4]] Previous Region = (3,0)
I/CameraCloud( 1093): 1333728560366: GPS x/long:-71.10185350241544, GPS y/lat: 42.364458546678804. Region width in x: 51.96152422706632
I/CameraCloud( 1093): 1333728560367: location PINPOINTS to region = 3.0, previous 3
I/CameraCloud( 1093): 1333728560368: stay at region 3
I/CameraCloud( 1093): 1333728564368: .......... GPS onLocationChanged ...... 
I/CameraCloud( 1093): 1333728564370: Loc = Location[mProvider=gps,mTime=1333814967000,mLatitude=42.36446191235083,mLongitude=-71.10186625846956,mHasAltitude=true,mAltitude=-19.0,mHasSpeed=true,mSpeed=0.3033077,mHasBearing=true,mBearing=235.33968,mHasAccuracy=true,mAccuracy=15.0,mExtras=Bundle[mParcelledData.dataSize=4]] Previous Region = (3,0)
I/CameraCloud( 1093): 1333728564381: GPS x/long:-71.10186625846956, GPS y/lat: 42.36446191235083. Region width in x: 51.96152422706632
I/CameraCloud( 1093): 1333728564381: location PINPOINTS to region = 3.0, previous 3
I/CameraCloud( 1093): 1333728564381: stay at region 3
I/CameraCloud( 1093): 1333728570635: canPressButton = TRUE
I/CameraCloud( 1093): 1333728570637: areButtonsEnabled --> false
I/CameraCloud( 1093): 1333728570645: disabling buttons ...
I/CameraCloud( 1093): 1333728570646: new pic disableButtons XXX
I/CameraCloud( 1093): 1333728570647: areButtonsEnabled --> false
D/AudioHardware(   81): AudioHardware pcm playback is exiting standby.
D/AudioHardware(   81): openPcmOut_l() mPcmOpenCnt: 0
I/CameraCloud( 1093): 1333728570698: takeNum=8 takeCamGood=7 takeGoodSave=7 takeBad=0 getNum=0 getGood=0 getBad=0
I/CameraCloud( 1093): 1333728570698: ** Clicked take picture button **
I/CameraSurfaceView( 1093): inside getCamera()
I/CameraHardwareSec(   81): int android::CameraHardwareSec::previewThreadWrapper(): calling mSecCamera->stopPreview() and waiting
I/SecCamera(   81): int android::fimc_v4l2_querybuf(int, android::fimc_buffer*, v4l2_buf_type) :
I/SecCamera(   81): int android::fimc_v4l2_querybuf(int, android::fimc_buffer*, v4l2_buf_type): buffer->start = 0x43dab000 v4l2_buf.length = 4261248
D/dalvikvm( 1093): GC_CONCURRENT freed 1059K, 27% free 10769K/14727K, paused 2ms+3ms
I/CameraHardwareSec(   81): == Camera Sensor Detect S5K4ECGX - Samsung LSI SOC 5M ==
D/JpegEncoder(   81): encode E
D/JpegEncoder(   81): encode X
D/SecCamera(   81): Shutter speed=612 us, iso=50
D/SecCamera(   81): AV=3, TV=11, SV=4
D/JpegEncoder(   81): makeExif E
D/JpegEncoder(   81): makeExif X
I/SecCamera(   81): int android::SecCamera::endSnapshot() :
I/SecCamera(   81): munmap():virt. addr 0x43dab000 size = 4261248
D/dalvikvm( 1093): GC_FOR_ALLOC freed 896K, 32% free 10128K/14727K, paused 16ms
I/dalvikvm-heap( 1093): Grow heap (frag case) to 11.854MB for 1982624-byte allocation
D/dalvikvm( 1093): GC_CONCURRENT freed <1K, 19% free 12064K/14727K, paused 2ms+2ms
I/CameraCloud( 1093): 1333728571491: inside HandlePictureStorage onPictureTaken()
I/CameraCloud( 1093): 1333728571492: takeNum=8 takeCamGood=8 takeGoodSave=7 takeBad=0 getNum=0 getGood=0 getBad=0
D/CameraHardwareSec(   81): mPreviewHeap(fd(31), size(518400), width(720), height(480))
I/CameraHardwareSec(   81): int android::CameraHardwareSec::previewThreadWrapper(): return from wait
I/CameraCloud( 1093): 1333728571919: Picture successfully taken, ORIG BYTE LENGTH = 1982608
D/dalvikvm( 1093): GC_EXPLICIT freed 2K, 19% free 12064K/14727K, paused 17ms+2ms
I/CameraCloud( 1093): 1333728572211: Our new height x width: 240 x 320
I/CameraCloud( 1093): 1333728572211: Show photo from handle my camera take
I/CameraCloud( 1093): 1333728572212: client making photo packet to send to leader
I/CameraCloud( 1093): 1333728572225: BYTE SIZE AFTER COMPRESSION: 4575
I/CameraCloud( 1093): 1333728572225: sending new pic ....
I/CameraCloud( 1093): 1333728572225: Server request to url: http://hermes5.csail.mit.edu:8213/101/3/0/
I/CameraCloud( 1093): 1333728572369: Cloud server request length: 16209
I/CameraCloud( 1093): 1333728572370: about to execute HTTP POST
I/CameraCloud( 1093): 1333728572370: in serverRequest() about to httpclient.execute()
D/AudioHardware(   81): AudioHardware pcm playback is going to standby.
D/AudioHardware(   81): closePcmOut_l() mPcmOpenCnt: 1
D/dalvikvm(  743): GC_CONCURRENT freed 382K, 6% free 10066K/10695K, paused 2ms+2ms
D/dalvikvm(  152): GC_CONCURRENT freed 769K, 15% free 12342K/14407K, paused 3ms+5ms
I/CameraCloud( 1093): 1333728596720: CameraCloud Execute HTTP latency: 24350ms
I/CameraCloud( 1093): 1333728596722: finished executing HTTP POST, get data
I/CameraCloud( 1093): 1333728596738: make input stream reader for data
I/CameraCloud( 1093): 1333728596739: Cloud response length: 18
I/CameraCloud( 1093): 1333728596739: Returning cloud object
I/CameraCloud( 1093): 1333728596746: CameraCloud upload new photo latency = 24521
I/CameraCloud( 1093): 1333728596747: CameraCloud upload start 1333728572225 ~ stop 1333728596746
I/CameraCloud( 1093): 1333728596747: takeNum=8 takeCamGood=8 takeGoodSave=8 takeBad=0 getNum=0 getGood=0 getBad=0
I/CameraCloud( 1093): 1333728596747: SUCCESS! Client now knows saving photo on cloud server succeeded
I/CameraCloud( 1093): 1333728596747: RETURN STATUS: 12
I/CameraCloud( 1093): 1333728596748: Inside _enableButtons
I/CameraCloud( 1093): 1333728596748: areButtonsEnabled --> true
I/CameraCloud( 1093): 1333728596748: end of client send picture method
D/dalvikvm( 1093): GC_CONCURRENT freed 2667K, 30% free 10355K/14727K, paused 2ms+2ms
I/CameraCloud( 1093): 1333728596865: .......... GPS onLocationChanged ...... 
I/CameraCloud( 1093): 1333728596866: Loc = Location[mProvider=gps,mTime=1333814977000,mLatitude=42.36447254812216,mLongitude=-71.10186510752047,mHasAltitude=true,mAltitude=-37.0,mHasSpeed=true,mSpeed=0.096758105,mHasBearing=true,mBearing=354.67764,mHasAccuracy=true,mAccuracy=10.0,mExtras=Bundle[mParcelledData.dataSize=4]] Previous Region = (3,0)
I/CameraCloud( 1093): 1333728596867: GPS x/long:-71.10186510752047, GPS y/lat: 42.36447254812216. Region width in x: 51.96152422706632
I/CameraCloud( 1093): 1333728596867: location PINPOINTS to region = 3.0, previous 3
I/CameraCloud( 1093): 1333728596867: stay at region 3
D/dalvikvm( 1093): GC_CONCURRENT freed 36K, 27% free 10799K/14727K, paused 2ms+2ms
W/InputManagerService(  152): Window already focused, ignoring focus gain of: com.android.internal.view.IInputMethodClient$Stub$Proxy@4156b618
D/dalvikvm( 1093): GC_CONCURRENT freed 178K, 25% free 11190K/14727K, paused 3ms+4ms
I/ActivityManager(  152): No longer want com.google.android.apps.maps:NetworkLocationService (pid 743): hidden #16
W/ActivityManager(  152): Scheduling restart of crashed service com.google.android.apps.maps/com.google.android.location.internal.server.NetworkLocationService in 5000ms
I/ActivityManager(  152): Start proc com.google.android.apps.maps:NetworkLocationService for service com.google.android.apps.maps/com.google.android.location.internal.server.NetworkLocationService: pid=1319 uid=10032 gids={3003, 1015}
I/dalvikvm( 1319): Turning on JNI app bug workarounds for target SDK version 13...
D/dalvikvm( 1319): GC_CONCURRENT freed 176K, 3% free 9357K/9607K, paused 2ms+3ms
D/dalvikvm(  152): GC_EXPLICIT freed 556K, 15% free 12301K/14407K, paused 3ms+6ms
D/dalvikvm( 1319): GC_CONCURRENT freed 184K, 3% free 9732K/9991K, paused 2ms+3ms
D/dalvikvm( 1319): GC_CONCURRENT freed 173K, 3% free 10124K/10375K, paused 11ms+3ms
D/dalvikvm( 1319): GC_CONCURRENT freed 703K, 8% free 9868K/10695K, paused 2ms+2ms
I/CameraCloud( 1093): 1333728618359: .......... GPS onLocationChanged ...... 
I/CameraCloud( 1093): 1333728618360: Loc = Location[mProvider=gps,mTime=1333815021000,mLatitude=42.364459754690415,mLongitude=-71.10186411980274,mHasAltitude=true,mAltitude=-21.0,mHasSpeed=true,mSpeed=0.4044388,mHasBearing=true,mBearing=153.54268,mHasAccuracy=true,mAccuracy=10.0,mExtras=Bundle[mParcelledData.dataSize=4]] Previous Region = (3,0)
I/CameraCloud( 1093): 1333728618360: GPS x/long:-71.10186411980274, GPS y/lat: 42.364459754690415. Region width in x: 51.96152422706632
I/CameraCloud( 1093): 1333728618361: location PINPOINTS to region = 3.0, previous 3
I/CameraCloud( 1093): 1333728618361: stay at region 3
I/GTalkService/c(  456): [AndroidEndpoint@1094720768] connect: acct=1000000, state=CONNECTING
I/ActivityManager(  152): No longer want com.google.android.apps.googlevoice (pid 861): hidden #16
D/dalvikvm(  456): GC_CONCURRENT freed 431K, 6% free 10063K/10631K, paused 2ms+4ms
D/ConnectivityService(  152): handleInetConditionHoldEnd: net=0, condition=100, published condition=0
I/CameraCloud( 1093): 1333728640393: .......... GPS onLocationChanged ...... 
I/CameraCloud( 1093): 1333728640394: Loc = Location[mProvider=gps,mTime=1333815043000,mLatitude=42.36442380807006,mLongitude=-71.10189818716873,mHasAltitude=true,mAltitude=0.0,mHasSpeed=true,mSpeed=0.0,mHasBearing=true,mBearing=30.238605,mHasAccuracy=true,mAccuracy=10.0,mExtras=Bundle[mParcelledData.dataSize=4]] Previous Region = (3,0)
I/CameraCloud( 1093): 1333728640394: GPS x/long:-71.10189818716873, GPS y/lat: 42.36442380807006. Region width in x: 51.96152422706632
I/CameraCloud( 1093): 1333728640395: location PINPOINTS to region = 3.0, previous 3
I/CameraCloud( 1093): 1333728640395: stay at region 3
D/dalvikvm(  152): GC_CONCURRENT freed 673K, 15% free 12335K/14407K, paused 2ms+5ms
W/Smack/Packet(  456): notify conn break (IOEx), close connection
D/ConnectivityService(  152): handleInetConditionHoldEnd: net=0, condition=0, published condition=100
I/CameraCloud( 1093): 1333728646378: .......... GPS onLocationChanged ...... 
I/CameraCloud( 1093): 1333728646379: Loc = Location[mProvider=gps,mTime=1333815049000,mLatitude=42.364421738728886,mLongitude=-71.10191497938264,mHasAltitude=true,mAltitude=2.0,mHasSpeed=true,mSpeed=0.0,mHasBearing=true,mBearing=3.448155,mHasAccuracy=true,mAccuracy=20.0,mExtras=Bundle[mParcelledData.dataSize=4]] Previous Region = (3,0)
I/CameraCloud( 1093): 1333728646380: GPS x/long:-71.10191497938264, GPS y/lat: 42.364421738728886. Region width in x: 51.96152422706632
I/CameraCloud( 1093): 1333728646380: location PINPOINTS to region = 3.0, previous 3
I/CameraCloud( 1093): 1333728646380: stay at region 3
I/CameraCloud( 1093): 1333728660351: .......... GPS onLocationChanged ...... 
I/CameraCloud( 1093): 1333728660352: Loc = Location[mProvider=gps,mTime=1333815063000,mLatitude=42.364439755250245,mLongitude=-71.10190687980685,mHasAltitude=true,mAltitude=-13.0,mHasSpeed=true,mSpeed=0.0,mHasBearing=true,mBearing=359.65012,mHasAccuracy=true,mAccuracy=15.0,mExtras=Bundle[mParcelledData.dataSize=4]] Previous Region = (3,0)
I/CameraCloud( 1093): 1333728660352: GPS x/long:-71.10190687980685, GPS y/lat: 42.364439755250245. Region width in x: 51.96152422706632
I/CameraCloud( 1093): 1333728660352: location PINPOINTS to region = 3.0, previous 3
I/CameraCloud( 1093): 1333728660353: stay at region 3
I/CameraCloud( 1093): 1333728661351: .......... GPS onLocationChanged ...... 
I/CameraCloud( 1093): 1333728661352: Loc = Location[mProvider=gps,mTime=1333815064000,mLatitude=42.364448270962015,mLongitude=-71.1019021558989,mHasAltitude=true,mAltitude=-11.0,mHasSpeed=true,mSpeed=0.0,mHasBearing=true,mBearing=359.65012,mHasAccuracy=true,mAccuracy=15.0,mExtras=Bundle[mParcelledData.dataSize=4]] Previous Region = (3,0)
I/CameraCloud( 1093): 1333728661352: GPS x/long:-71.1019021558989, GPS y/lat: 42.364448270962015. Region width in x: 51.96152422706632
I/CameraCloud( 1093): 1333728661362: location PINPOINTS to region = 3.0, previous 3
I/CameraCloud( 1093): 1333728661363: stay at region 3
I/CameraCloud( 1093): 1333728663351: .......... GPS onLocationChanged ...... 
I/CameraCloud( 1093): 1333728663364: Loc = Location[mProvider=gps,mTime=1333815066000,mLatitude=42.36445872934353,mLongitude=-71.10189878352107,mHasAltitude=true,mAltitude=-10.0,mHasSpeed=true,mSpeed=0.0,mHasBearing=true,mBearing=330.36075,mHasAccuracy=true,mAccuracy=10.0,mExtras=Bundle[mParcelledData.dataSize=4]] Previous Region = (3,0)
I/CameraCloud( 1093): 1333728663364: GPS x/long:-71.10189878352107, GPS y/lat: 42.36445872934353. Region width in x: 51.96152422706632
I/CameraCloud( 1093): 1333728663365: location PINPOINTS to region = 3.0, previous 3
I/CameraCloud( 1093): 1333728663369: stay at region 3
D/dalvikvm(  315): GC_CONCURRENT freed 419K, 6% free 9502K/10055K, paused 26ms+2ms
D/dalvikvm(  152): GC_CONCURRENT freed 694K, 15% free 12345K/14407K, paused 2ms+5ms
I/CameraCloud( 1093): 1333728690388: .......... GPS onLocationChanged ...... 
I/CameraCloud( 1093): 1333728690388: Loc = Location[mProvider=gps,mTime=1333815093000,mLatitude=42.36447234732299,mLongitude=-71.10189059170756,mHasAltitude=true,mAltitude=-19.0,mHasSpeed=true,mSpeed=0.09041025,mHasBearing=true,mBearing=41.591892,mHasAccuracy=true,mAccuracy=10.0,mExtras=Bundle[mParcelledData.dataSize=4]] Previous Region = (3,0)
I/CameraCloud( 1093): 1333728690389: GPS x/long:-71.10189059170756, GPS y/lat: 42.36447234732299. Region width in x: 51.96152422706632
I/CameraCloud( 1093): 1333728690390: location PINPOINTS to region = 3.0, previous 3
I/CameraCloud( 1093): 1333728690390: stay at region 3
I/CameraCloud( 1093): 1333728691169: canPressButton = TRUE
I/CameraCloud( 1093): 1333728691170: areButtonsEnabled --> false
I/CameraCloud( 1093): 1333728691173: disabling buttons ...
I/CameraCloud( 1093): 1333728691174: new pic disableButtons XXX
I/CameraCloud( 1093): 1333728691174: areButtonsEnabled --> false
D/AudioHardware(   81): AudioHardware pcm playback is exiting standby.
D/AudioHardware(   81): openPcmOut_l() mPcmOpenCnt: 0
I/CameraCloud( 1093): 1333728691216: takeNum=9 takeCamGood=8 takeGoodSave=8 takeBad=0 getNum=0 getGood=0 getBad=0
I/CameraCloud( 1093): 1333728691217: ** Clicked take picture button **
I/CameraSurfaceView( 1093): inside getCamera()
I/CameraHardwareSec(   81): int android::CameraHardwareSec::previewThreadWrapper(): calling mSecCamera->stopPreview() and waiting
I/SecCamera(   81): int android::fimc_v4l2_querybuf(int, android::fimc_buffer*, v4l2_buf_type) :
I/SecCamera(   81): int android::fimc_v4l2_querybuf(int, android::fimc_buffer*, v4l2_buf_type): buffer->start = 0x43cb8000 v4l2_buf.length = 4261248
I/CameraCloud( 1093): 1333728691375: .......... GPS onLocationChanged ...... 
I/CameraCloud( 1093): 1333728691376: Loc = Location[mProvider=gps,mTime=1333815094000,mLatitude=42.364473422067036,mLongitude=-71.10184787841234,mHasAltitude=true,mAltitude=-18.0,mHasSpeed=true,mSpeed=0.0,mHasBearing=true,mBearing=40.917225,mHasAccuracy=true,mAccuracy=10.0,mExtras=Bundle[mParcelledData.dataSize=4]] Previous Region = (3,0)
I/CameraCloud( 1093): 1333728691377: GPS x/long:-71.10184787841234, GPS y/lat: 42.364473422067036. Region width in x: 51.96152422706632
I/CameraCloud( 1093): 1333728691377: location PINPOINTS to region = 3.0, previous 3
I/CameraCloud( 1093): 1333728691377: stay at region 3
I/CameraHardwareSec(   81): == Camera Sensor Detect S5K4ECGX - Samsung LSI SOC 5M ==
D/JpegEncoder(   81): encode E
D/JpegEncoder(   81): encode X
D/SecCamera(   81): Shutter speed=1792 us, iso=50
D/SecCamera(   81): AV=3, TV=9, SV=4
D/JpegEncoder(   81): makeExif E
D/JpegEncoder(   81): makeExif X
I/SecCamera(   81): int android::SecCamera::endSnapshot() :
I/SecCamera(   81): munmap():virt. addr 0x43cb8000 size = 4261248
D/dalvikvm( 1093): GC_FOR_ALLOC freed 1249K, 32% free 10157K/14727K, paused 17ms
I/dalvikvm-heap( 1093): Grow heap (frag case) to 11.847MB for 1945851-byte allocation
D/dalvikvm( 1093): GC_CONCURRENT freed 10K, 19% free 12047K/14727K, paused 1ms+2ms
I/CameraCloud( 1093): 1333728691962: inside HandlePictureStorage onPictureTaken()
I/CameraCloud( 1093): 1333728691962: takeNum=9 takeCamGood=9 takeGoodSave=8 takeBad=0 getNum=0 getGood=0 getBad=0
D/CameraHardwareSec(   81): mPreviewHeap(fd(31), size(518400), width(720), height(480))
I/CameraHardwareSec(   81): int android::CameraHardwareSec::previewThreadWrapper(): return from wait
I/CameraCloud( 1093): 1333728692415: Picture successfully taken, ORIG BYTE LENGTH = 1945835
D/dalvikvm( 1093): GC_EXPLICIT freed 2K, 19% free 12048K/14727K, paused 2ms+3ms
I/CameraCloud( 1093): 1333728692655: Our new height x width: 240 x 320
I/CameraCloud( 1093): 1333728692656: Show photo from handle my camera take
I/CameraCloud( 1093): 1333728692656: client making photo packet to send to leader
I/CameraCloud( 1093): 1333728692668: BYTE SIZE AFTER COMPRESSION: 4489
I/CameraCloud( 1093): 1333728692668: sending new pic ....
I/CameraCloud( 1093): 1333728692669: Server request to url: http://hermes5.csail.mit.edu:8213/101/3/0/
I/CameraCloud( 1093): 1333728692791: Cloud server request length: 15837
I/CameraCloud( 1093): 1333728692791: about to execute HTTP POST
I/CameraCloud( 1093): 1333728692791: in serverRequest() about to httpclient.execute()
D/AudioHardware(   81): AudioHardware pcm playback is going to standby.
D/AudioHardware(   81): closePcmOut_l() mPcmOpenCnt: 1
D/dalvikvm( 1319): GC_CONCURRENT freed 329K, 8% free 9926K/10695K, paused 7ms+3ms
I/CameraCloud( 1093): 1333728703144: CameraCloud Execute HTTP latency: 10353ms
I/CameraCloud( 1093): 1333728703145: finished executing HTTP POST, get data
I/CameraCloud( 1093): 1333728703150: make input stream reader for data
I/CameraCloud( 1093): 1333728703152: Cloud response length: 18
I/CameraCloud( 1093): 1333728703192: Returning cloud object
I/CameraCloud( 1093): 1333728703213: CameraCloud upload new photo latency = 10545
I/CameraCloud( 1093): 1333728703214: CameraCloud upload start 1333728692668 ~ stop 1333728703213
I/CameraCloud( 1093): 1333728703214: takeNum=9 takeCamGood=9 takeGoodSave=9 takeBad=0 getNum=0 getGood=0 getBad=0
I/CameraCloud( 1093): 1333728703214: SUCCESS! Client now knows saving photo on cloud server succeeded
I/CameraCloud( 1093): 1333728703214: RETURN STATUS: 12
I/CameraCloud( 1093): 1333728703215: Inside _enableButtons
I/CameraCloud( 1093): 1333728703215: areButtonsEnabled --> true
I/CameraCloud( 1093): 1333728703215: end of client send picture method
W/InputManagerService(  152): Window already focused, ignoring focus gain of: com.android.internal.view.IInputMethodClient$Stub$Proxy@417441d0
I/CameraCloud( 1093): 1333728704356: .......... GPS onLocationChanged ...... 
I/CameraCloud( 1093): 1333728704356: Loc = Location[mProvider=gps,mTime=1333815107000,mLatitude=42.36445833281908,mLongitude=-71.10183707337085,mHasAltitude=true,mAltitude=-14.0,mHasSpeed=true,mSpeed=0.37320268,mHasBearing=true,mBearing=285.6293,mHasAccuracy=true,mAccuracy=10.0,mExtras=Bundle[mParcelledData.dataSize=4]] Previous Region = (3,0)
I/CameraCloud( 1093): 1333728704357: GPS x/long:-71.10183707337085, GPS y/lat: 42.36445833281908. Region width in x: 51.96152422706632
I/CameraCloud( 1093): 1333728704357: location PINPOINTS to region = 3.0, previous 3
I/CameraCloud( 1093): 1333728704358: stay at region 3
I/CameraCloud( 1093): 1333728708394: .......... GPS onLocationChanged ...... 
I/CameraCloud( 1093): 1333728708404: Loc = Location[mProvider=gps,mTime=1333815111000,mLatitude=42.36444993387903,mLongitude=-71.10184162299093,mHasAltitude=true,mAltitude=-14.0,mHasSpeed=true,mSpeed=0.056072753,mHasBearing=true,mBearing=238.08395,mHasAccuracy=true,mAccuracy=15.0,mExtras=Bundle[mParcelledData.dataSize=4]] Previous Region = (3,0)
I/CameraCloud( 1093): 1333728708404: GPS x/long:-71.10184162299093, GPS y/lat: 42.36444993387903. Region width in x: 51.96152422706632
I/CameraCloud( 1093): 1333728708404: location PINPOINTS to region = 3.0, previous 3
I/CameraCloud( 1093): 1333728708405: stay at region 3
I/CameraCloud( 1093): 1333728709371: .......... GPS onLocationChanged ...... 
I/CameraCloud( 1093): 1333728709372: Loc = Location[mProvider=gps,mTime=1333815112000,mLatitude=42.364408123895636,mLongitude=-71.10185291201317,mHasAltitude=true,mAltitude=-14.0,mHasSpeed=true,mSpeed=0.0,mHasBearing=true,mBearing=240.22707,mHasAccuracy=true,mAccuracy=15.0,mExtras=Bundle[mParcelledData.dataSize=4]] Previous Region = (3,0)
I/CameraCloud( 1093): 1333728709373: GPS x/long:-71.10185291201317, GPS y/lat: 42.364408123895636. Region width in x: 51.96152422706632
I/CameraCloud( 1093): 1333728709373: location PINPOINTS to region = 3.0, previous 3
I/CameraCloud( 1093): 1333728709373: stay at region 3
D/dalvikvm(  152): GC_CONCURRENT freed 725K, 15% free 12331K/14407K, paused 5ms+15ms
I/CameraCloud( 1093): 1333728726369: .......... GPS onLocationChanged ...... 
I/CameraCloud( 1093): 1333728726370: Loc = Location[mProvider=gps,mTime=1333815129000,mLatitude=42.36442233163159,mLongitude=-71.1018640682238,mHasAltitude=true,mAltitude=-23.0,mHasSpeed=true,mSpeed=0.0,mHasBearing=true,mBearing=14.469993,mHasAccuracy=true,mAccuracy=15.0,mExtras=Bundle[mParcelledData.dataSize=4]] Previous Region = (3,0)
I/CameraCloud( 1093): 1333728726370: GPS x/long:-71.1018640682238, GPS y/lat: 42.36442233163159. Region width in x: 51.96152422706632
I/CameraCloud( 1093): 1333728726371: location PINPOINTS to region = 3.0, previous 3
I/CameraCloud( 1093): 1333728726371: stay at region 3
I/CameraCloud( 1093): 1333728730369: .......... GPS onLocationChanged ...... 
I/CameraCloud( 1093): 1333728730370: Loc = Location[mProvider=gps,mTime=1333815133000,mLatitude=42.364430724916055,mLongitude=-71.10186890593725,mHasAltitude=true,mAltitude=-23.0,mHasSpeed=true,mSpeed=0.0,mHasBearing=true,mBearing=356.28668,mHasAccuracy=true,mAccuracy=10.0,mExtras=Bundle[mParcelledData.dataSize=4]] Previous Region = (3,0)
I/CameraCloud( 1093): 1333728730370: GPS x/long:-71.10186890593725, GPS y/lat: 42.364430724916055. Region width in x: 51.96152422706632
I/CameraCloud( 1093): 1333728730370: location PINPOINTS to region = 3.0, previous 3
I/CameraCloud( 1093): 1333728730371: stay at region 3
I/System.out( 1319): [INFO:125931]: c: Running flush
I/System.out( 1319): [INFO:125952]: c: Sending payload [bytes=554]
I/CameraCloud( 1093): 1333728733406: .......... GPS onLocationChanged ...... 
I/CameraCloud( 1093): 1333728733407: Loc = Location[mProvider=gps,mTime=1333815136000,mLatitude=42.36444513350511,mLongitude=-71.10187715944657,mHasAltitude=true,mAltitude=-21.0,mHasSpeed=true,mSpeed=0.15048768,mHasBearing=true,mBearing=328.2416,mHasAccuracy=true,mAccuracy=10.0,mExtras=Bundle[mParcelledData.dataSize=4]] Previous Region = (3,0)
I/CameraCloud( 1093): 1333728733407: GPS x/long:-71.10187715944657, GPS y/lat: 42.36444513350511. Region width in x: 51.96152422706632
I/CameraCloud( 1093): 1333728733407: location PINPOINTS to region = 3.0, previous 3
I/CameraCloud( 1093): 1333728733408: stay at region 3
D/dalvikvm( 1319): GC_CONCURRENT freed 335K, 7% free 10044K/10695K, paused 2ms+2ms
I/System.out( 1319): [INFO:130951]: c: Running delayed flush
I/System.out( 1319): [INFO:130961]: c: Running flush
I/System.out( 1319): [INFO:131894]: c: Response [http=200,length=20]
I/System.out( 1319): [INFO:131895]: c: Read id 1, status code 200
I/CameraCloud( 1093): 1333728741406: .......... GPS onLocationChanged ...... 
I/CameraCloud( 1093): 1333728741407: Loc = Location[mProvider=gps,mTime=1333815144000,mLatitude=42.36443694430468,mLongitude=-71.10188499263772,mHasAltitude=true,mAltitude=-22.0,mHasSpeed=true,mSpeed=0.0632771,mHasBearing=true,mBearing=236.57266,mHasAccuracy=true,mAccuracy=15.0,mExtras=Bundle[mParcelledData.dataSize=4]] Previous Region = (3,0)
I/CameraCloud( 1093): 1333728741407: GPS x/long:-71.10188499263772, GPS y/lat: 42.36443694430468. Region width in x: 51.96152422706632
I/CameraCloud( 1093): 1333728741407: location PINPOINTS to region = 3.0, previous 3
I/CameraCloud( 1093): 1333728741408: stay at region 3
I/CameraCloud( 1093): 1333728743377: .......... GPS onLocationChanged ...... 
I/CameraCloud( 1093): 1333728743378: Loc = Location[mProvider=gps,mTime=1333815146000,mLatitude=42.364427631449225,mLongitude=-71.10187471739762,mHasAltitude=true,mAltitude=-21.0,mHasSpeed=true,mSpeed=0.16379544,mHasBearing=true,mBearing=232.89911,mHasAccuracy=true,mAccuracy=10.0,mExtras=Bundle[mParcelledData.dataSize=4]] Previous Region = (3,0)
I/CameraCloud( 1093): 1333728743404: GPS x/long:-71.10187471739762, GPS y/lat: 42.364427631449225. Region width in x: 51.96152422706632
I/CameraCloud( 1093): 1333728743404: location PINPOINTS to region = 3.0, previous 3
I/CameraCloud( 1093): 1333728743404: stay at region 3
I/CameraCloud( 1093): 1333728748391: .......... GPS onLocationChanged ...... 
I/CameraCloud( 1093): 1333728748392: Loc = Location[mProvider=gps,mTime=1333815151000,mLatitude=42.364419535152585,mLongitude=-71.1018475517638,mHasAltitude=true,mAltitude=-22.0,mHasSpeed=true,mSpeed=0.0,mHasBearing=true,mBearing=234.38063,mHasAccuracy=true,mAccuracy=10.0,mExtras=Bundle[mParcelledData.dataSize=4]] Previous Region = (3,0)
I/CameraCloud( 1093): 1333728748392: GPS x/long:-71.1018475517638, GPS y/lat: 42.364419535152585. Region width in x: 51.96152422706632
I/CameraCloud( 1093): 1333728748392: location PINPOINTS to region = 3.0, previous 3
I/CameraCloud( 1093): 1333728748392: stay at region 3
I/CameraCloud( 1093): 1333728753369: .......... GPS onLocationChanged ...... 
I/CameraCloud( 1093): 1333728753370: Loc = Location[mProvider=gps,mTime=1333815156000,mLatitude=42.364407774779,mLongitude=-71.10184480153414,mHasAltitude=true,mAltitude=-22.0,mHasSpeed=true,mSpeed=0.0,mHasBearing=true,mBearing=218.39445,mHasAccuracy=true,mAccuracy=10.0,mExtras=Bundle[mParcelledData.dataSize=4]] Previous Region = (3,0)
I/CameraCloud( 1093): 1333728753385: GPS x/long:-71.10184480153414, GPS y/lat: 42.364407774779. Region width in x: 51.96152422706632
I/CameraCloud( 1093): 1333728753386: location PINPOINTS to region = 3.0, previous 3
I/CameraCloud( 1093): 1333728753387: stay at region 3
I/CameraCloud( 1093): 1333728755360: .......... GPS onLocationChanged ...... 
I/CameraCloud( 1093): 1333728755361: Loc = Location[mProvider=gps,mTime=1333815158000,mLatitude=42.364399248391514,mLongitude=-71.10183703459656,mHasAltitude=true,mAltitude=-22.0,mHasSpeed=true,mSpeed=0.39412302,mHasBearing=true,mBearing=218.53209,mHasAccuracy=true,mAccuracy=20.0,mExtras=Bundle[mParcelledData.dataSize=4]] Previous Region = (3,0)
I/CameraCloud( 1093): 1333728755362: GPS x/long:-71.10183703459656, GPS y/lat: 42.364399248391514. Region width in x: 51.96152422706632
I/CameraCloud( 1093): 1333728755362: location PINPOINTS to region = 3.0, previous 3
I/CameraCloud( 1093): 1333728755362: stay at region 3
D/dalvikvm( 1093): GC_CONCURRENT freed 2742K, 31% free 10198K/14727K, paused 2ms+2ms
D/dalvikvm(  152): GC_CONCURRENT freed 709K, 15% free 12332K/14407K, paused 3ms+5ms
I/CameraCloud( 1093): 1333728760360: .......... GPS onLocationChanged ...... 
I/CameraCloud( 1093): 1333728760361: Loc = Location[mProvider=gps,mTime=1333815163000,mLatitude=42.364381192214346,mLongitude=-71.10185425497636,mHasAltitude=true,mAltitude=-22.0,mHasSpeed=true,mSpeed=0.45603564,mHasBearing=true,mBearing=218.79964,mHasAccuracy=true,mAccuracy=10.0,mExtras=Bundle[mParcelledData.dataSize=4]] Previous Region = (3,0)
I/CameraCloud( 1093): 1333728760362: GPS x/long:-71.10185425497636, GPS y/lat: 42.364381192214346. Region width in x: 51.96152422706632
I/CameraCloud( 1093): 1333728760362: location PINPOINTS to region = 3.0, previous 3
I/CameraCloud( 1093): 1333728760362: stay at region 3
I/CameraCloud( 1093): 1333728766361: .......... GPS onLocationChanged ...... 
I/CameraCloud( 1093): 1333728766362: Loc = Location[mProvider=gps,mTime=1333815169000,mLatitude=42.36437700542249,mLongitude=-71.10186770923873,mHasAltitude=true,mAltitude=-22.0,mHasSpeed=true,mSpeed=0.20000044,mHasBearing=true,mBearing=268.6028,mHasAccuracy=true,mAccuracy=10.0,mExtras=Bundle[mParcelledData.dataSize=4]] Previous Region = (3,0)
I/CameraCloud( 1093): 1333728766362: GPS x/long:-71.10186770923873, GPS y/lat: 42.36437700542249. Region width in x: 51.96152422706632
I/CameraCloud( 1093): 1333728766363: location PINPOINTS to region = 3.0, previous 3
I/CameraCloud( 1093): 1333728766363: stay at region 3
I/CameraCloud( 1093): 1333728768441: HI I'm in ONPAUSE()
W/InputManagerService(  152): Starting input on non-focused client com.android.internal.view.IInputMethodClient$Stub$Proxy@415c0550 (uid=10066 pid=1093)
D/dalvikvm(  344): GC_FOR_ALLOC freed 3259K, 28% free 12493K/17223K, paused 39ms
D/dalvikvm(  344): GC_CONCURRENT freed 45K, 22% free 13604K/17223K, paused 3ms+5ms
D/dalvikvm(  344): GC_FOR_ALLOC freed 1238K, 23% free 13277K/17223K, paused 64ms
I/CameraSurfaceView( 1093): inside surfaceDestroyed()
I/CameraHardwareSec(   81): int android::CameraHardwareSec::previewThreadWrapper(): calling mSecCamera->stopPreview() and waiting
I/CameraSurfaceView( 1093): inside surfaceDestroyed()
I/CameraHardwareSec(   81): void android::CameraHardwareSec::stopPreviewInternal() : preview not running, doing nothing
I/CameraHardwareSec(   81): int android::CameraHardwareSec::previewThreadWrapper(): return from wait
I/CameraHardwareSec(   81): int android::CameraHardwareSec::previewThreadWrapper(): exiting
W/SecCamera(   81): int android::SecCamera::stopPreview(): doing nothing because m_flag_camera_start is zero
W/SecCamera(   81): int android::SecCamera::stopRecord(): doing nothing because m_flag_record_start is zero
I/SecCamera(   81): DeinitCamera: m_cam_fd(31)
I/SecCamera(   81): DeinitCamera: m_cam_fd2(32)
E/CameraHardwareSec(   81): preview window is NULL!
I/CameraService(   81): Destroying camera 0
I/CameraHardwareSec(   81): int android::HAL_camera_device_close(hw_device_t*)
I/SecCamera(   81): DeinitCamera : already deinitialized
W/AudioFlinger(   81): session id 6 not found for pid 81
W/AudioFlinger(   81): session id 7 not found for pid 81
D/dalvikvm(  344): GC_FOR_ALLOC freed 5K, 16% free 14532K/17223K, paused 61ms
I/dalvikvm-heap(  344): Grow heap (frag case) to 15.486MB for 1286224-byte allocation
D/dalvikvm(  344): GC_FOR_ALLOC freed 0K, 15% free 15788K/18503K, paused 30ms
I/CameraCloud( 1093): 1333728769451: .......... GPS onLocationChanged ...... 
I/CameraCloud( 1093): 1333728769452: Loc = Location[mProvider=gps,mTime=1333815172000,mLatitude=42.364366983945835,mLongitude=-71.10186341960555,mHasAltitude=true,mAltitude=-23.0,mHasSpeed=true,mSpeed=0.3992948,mHasBearing=true,mBearing=247.3278,mHasAccuracy=true,mAccuracy=10.0,mExtras=Bundle[mParcelledData.dataSize=4]] Previous Region = (3,0)
I/CameraCloud( 1093): 1333728769452: GPS x/long:-71.10186341960555, GPS y/lat: 42.364366983945835. Region width in x: 51.96152422706632
I/CameraCloud( 1093): 1333728769453: location PINPOINTS to region = 3.0, previous 3
I/CameraCloud( 1093): 1333728769453: stay at region 3
D/dalvikvm(  344): GC_FOR_ALLOC freed 3856K, 28% free 13428K/18503K, paused 31ms
D/dalvikvm(  344): GC_FOR_ALLOC freed 1063K, 29% free 13188K/18503K, paused 29ms
D/dalvikvm(  344): GC_FOR_ALLOC freed 4K, 25% free 13943K/18503K, paused 24ms
I/dalvikvm-heap(  344): Grow heap (frag case) to 15.345MB for 1742416-byte allocation
D/dalvikvm(  344): GC_FOR_ALLOC freed <1K, 16% free 15644K/18503K, paused 22ms
I/ActivityManager(  152): No longer want com.android.settings (pid 877): hidden #16
D/dalvikvm(  344): GC_CONCURRENT freed <1K, 16% free 15644K/18503K, paused 1ms+9ms
I/CameraCloud( 1093): 1333728769958: inside onDestroy()
D/dalvikvm(  344): GC_FOR_ALLOC freed 2465K, 25% free 13943K/18503K, paused 25ms
I/CameraCloud( 1093): 1333728770103: no camera to close
I/CameraCloud( 1093): 1333728770103: close everything else
D/dalvikvm(  219): GC_FOR_ALLOC freed 326K, 8% free 9868K/10695K, paused 36ms
D/dalvikvm(  344): GC_CONCURRENT freed 675K, 20% free 14859K/18503K, paused 2ms+5ms
I/WindowManager(  152): WIN DEATH: Window{414792b8 SurfaceView paused=false}
I/ActivityManager(  152): Process edu.mit.haoqili.camera_cloud (pid 1093) has died.
I/WindowManager(  152): WIN DEATH: Window{4172cf28 edu.mit.haoqili.camera_cloud/edu.mit.haoqili.camera_cloud.CameraCloud paused=false}
W/ActivityManager(  152): Activity destroy timeout for ActivityRecord{416978d0 edu.mit.haoqili.camera_cloud/.CameraCloud}
I/GPS     (  152): gps_engine_status_update: called release_wakelock_cb
I/power   (  152): *** set_screen_state 0
D/SurfaceFlinger(   78): About to give-up screen, flinger = 0xbe2918
D/NfcService(  329): NFC-C OFF, disconnect
D/dalvikvm(  152): GC_CONCURRENT freed 555K, 13% free 12571K/14407K, paused 2ms+5ms
V/TransportControlView(  152): Create TCV com.android.internal.widget.TransportControlView@41576a70
D/PhoneStatusBar(  219): disable: < expand icons alerts ticker system_info back home RECENT* clock >
D/PhoneStatusBar(  219): disable: < expand icons alerts ticker system_info BACK* HOME* RECENT CLOCK* >
D/dalvikvm(  152): GC_CONCURRENT freed 227K, 9% free 13114K/14407K, paused 6ms+4ms
I/GTalkService/c(  456): [AndroidEndpoint@1094720768] connect: acct=1000000, state=CONNECTING
D/ConnectivityService(  152): handleInetConditionHoldEnd: net=0, condition=100, published condition=0
W/Smack/Packet(  456): notify conn break (IOEx), close connection
D/ConnectivityService(  152): handleInetConditionHoldEnd: net=0, condition=0, published condition=100
D/dalvikvm(  315): GC_CONCURRENT freed 416K, 6% free 9506K/10055K, paused 2ms+2ms
