--------- beginning of /dev/log/system
I/Vold    (   72): Vold 2.1 (the revenge) firing up
D/Vold    (   72): Volume sdcard state changing -1 (Initializing) -> 0 (No-Media)
D/Vold    (   72): Volume sdcard state changing 0 (No-Media) -> 2 (Pending)
E/DirectVolume(   72): Dv:partAdd: ignoring part_num = 4 (max: 3)
D/Vold    (   72): Volume sdcard state changing 2 (Pending) -> 1 (Idle-Unmounted)
W/Vold    (   72): Duplicate state (1)
W/Vold    (   72): Duplicate state (1)
W/Vold    (   72): Duplicate state (1)
W/Vold    (   72): Duplicate state (1)
I/SystemServer(  152): Entered the Android system server!
I/SystemServer(  152): Entropy Service
I/SystemServer(  152): Power Manager
I/SystemServer(  152): Activity Manager
I/ActivityManager(  152): Memory class: 48
I/SystemServer(  152): Telephony Registry
I/SystemServer(  152): Package Manager
W/PackageParser(  152): No actions in intent filter at /system/app/Bluetooth.apk Binary XML file line #125
W/PackageParser(  152): No actions in intent filter at /system/app/Contacts.apk Binary XML file line #525
W/PackageParser(  152): Unknown element under <manifest>: supports-gl-texture at /system/app/GoogleEarth.apk Binary XML file line #3
I/Installer(  152): connecting...
I/PackageParser(  152): com.googlecode.android.wifi.tether: compat added android.permission.WRITE_EXTERNAL_STORAGE android.permission.READ_PHONE_STATE
I/PackageManager(  152): Time to scan packages: 3.767 seconds
W/PackageManager(  152): Not granting permission android.permission.SEND_DOWNLOAD_COMPLETED_INTENTS to package com.google.android.browser (protectionLevel=2 flags=0x9be45)
W/PackageManager(  152): Unknown permission com.android.vending.permission.UPDATE_MARKET_FAILURE in package com.android.vending.updater
W/PackageManager(  152): Unknown permission android.permission.ADD_SYSTEM_SERVICE in package com.android.phone
W/PackageManager(  152): Unknown permission com.android.smspush.WAPPUSH_MANAGER_BIND in package com.android.phone
W/PackageManager(  152): Unknown permission com.android.vending.billing.IBillingAccountService.BIND2 in package com.google.android.gsf.login
W/PackageManager(  152): Not granting permission android.permission.DEVICE_POWER to package com.google.android.deskclock (protectionLevel=2 flags=0x8be45)
W/PackageManager(  152): Unknown permission android.permission.READ_OWNER_DATA in package com.google.android.setupwizard
W/PackageManager(  152): Unknown permission android.permission.WRITE_OWNER_DATA in package com.google.android.setupwizard
W/PackageManager(  152): Not granting permission com.google.android.gm.permission.READ_GMAIL to package com.google.android.apps.uploader (protectionLevel=2 flags=0x8be45)
W/PackageManager(  152): Unknown permission android.permission.READ_EXTERNAL_STORAGE in package com.android.vending
W/PackageManager(  152): Not granting permission android.permission.SEND_DOWNLOAD_COMPLETED_INTENTS to package com.android.vending (protectionLevel=2 flags=0xabec5)
W/PackageManager(  152): Not granting permission android.permission.ACCOUNT_MANAGER to package com.google.android.music (protectionLevel=2 flags=0x8be65)
W/PackageManager(  152): Unknown permission com.android.providers.im.permission.READ_ONLY in package com.google.android.apps.maps
W/PackageManager(  152): Unknown permission android.permission.READ_EXTERNAL_STORAGE in package com.google.android.videoeditor
W/PackageManager(  152): Unknown permission com.google.android.apps.googlevoice.REMOTE_INTENT in package com.google.android.apps.googlevoice
W/PackageManager(  152): Unknown permission com.google.android.permission.RECEIVE_DATA_MESSAGE in package com.google.android.apps.googlevoice
W/PackageManager(  152): Unknown permission com.google.android.permission.SEND_DATA_MESSAGE in package com.google.android.apps.googlevoice
I/SystemServer(  152): Account Manager
I/SystemServer(  152): Content Manager
I/SystemServer(  152): System Content Providers
I/SystemServer(  152): Lights Service
I/SystemServer(  152): Battery Service
I/SystemServer(  152): Vibrator Service
I/SystemServer(  152): Alarm Manager
I/SystemServer(  152): Init Watchdog
I/SystemServer(  152): Window Manager
I/InputManager(  152): Initializing input manager
W/StatusBarManager(  152): warning: no STATUS_BAR_SERVICE
I/InputManager(  152): Starting input manager
I/SystemServer(  152): Bluetooth Service
I/SystemServer(  152): Input Method Service
W/InputManagerService(  152): Couldn't create dir.: /data/system/inputmethod
I/SystemServer(  152): Accessibility Manager
I/ActivityManager(  152): Config changed: {1.0 0mcc0mnc en_US layoutdir=0 sw320dp w320dp h508dp nrml long port ?uimode ?night finger -keyb/v/h -nav/h s.2}
I/SystemServer(  152): Device Policy
I/SystemServer(  152): Status Bar
I/SystemServer(  152): Clipboard Service
I/SystemServer(  152): NetworkManagement Service
I/SystemServer(  152): Text Service Manager Service
I/SystemServer(  152): NetworkStats Service
I/SystemServer(  152): NetworkPolicy Service
I/SystemServer(  152): Wi-Fi P2pService
I/SystemServer(  152): Wi-Fi Service
I/SystemServer(  152): Connectivity Service
D/ConnectivityService(  152): ConnectivityService starting up
E/ConnectivityService(  152): Ignoring protectedNetwork 10
E/ConnectivityService(  152): Ignoring protectedNetwork 11
E/ConnectivityService(  152): Ignoring protectedNetwork 12
E/MobileDataStateTracker(  152): default: Ignoring feature request because could not acquire PhoneService
E/MobileDataStateTracker(  152): default: Could not enable APN type "default"
D/NetworkManagementService(  152): Registering observer
D/NetworkManagementService(  152): Registering observer
I/WifiService(  152): WifiService starting up with Wi-Fi disabled
I/SystemServer(  152): Throttle Service
I/SystemServer(  152): Mount Service
D/MountService(  152): got storage path: /mnt/sdcard description: USB storage primary: true removable: false emulated: false mtpReserve: 0 allowMassStorage: true maxFileSize: 4294967296
I/SystemServer(  152): Notification Manager
I/SystemServer(  152): Device Storage Monitor
I/SystemServer(  152): Location Manager
I/SystemServer(  152): Country Detector
I/SystemServer(  152): Search Service
I/SystemServer(  152): DropBox Service
I/SystemServer(  152): Wallpaper Service
I/SystemServer(  152): Audio Service
D/VoldCmdListener(   72): volume list
D/MountService(  152): volume state changed for /mnt/sdcard (null -> unmounted)
I/SystemServer(  152): Dock Observer
I/SystemServer(  152): Wired Accessory Observer
I/SystemServer(  152): USB Service
I/SystemServer(  152): UI Mode Manager Service
I/SystemServer(  152): Backup Service
V/BackupManagerService(  152): Initializing package tracking
V/BackupManagerService(  152): No ancestral data
V/BackupManagerService(  152): addPackageParticipantsLocked: null
I/BackupManagerService(  152): New app android never backed up; scheduling
I/BackupManagerService(  152): New app com.android.nfc never backed up; scheduling
I/BackupManagerService(  152): New app com.android.providers.settings never backed up; scheduling
I/BackupManagerService(  152): New app com.android.providers.userdictionary never backed up; scheduling
I/BackupManagerService(  152): New app com.android.sharedstoragebackup never backed up; scheduling
I/BackupManagerService(  152): New app com.android.vending never backed up; scheduling
I/BackupManagerService(  152): New app com.google.android.browser never backed up; scheduling
I/BackupManagerService(  152): New app com.google.android.calendar never backed up; scheduling
I/BackupManagerService(  152): New app com.google.android.gm never backed up; scheduling
I/BackupManagerService(  152): New app com.google.android.inputmethod.latin never backed up; scheduling
I/BackupManagerService(  152): New app org.connectbot never backed up; scheduling
V/BackupManagerService(  152): Registering transport android/com.android.internal.backup.LocalTransport = com.android.internal.backup.LocalTransport@41459488
V/BackupManagerService(  152): Starting with transport com.google.android.backup/.BackupTransportService
V/BackupManagerService(  152): Binding to Google transport
I/BackupManagerService(  152): Found stale backup journal, scheduling
I/BackupManagerService(  152):   android
I/BackupManagerService(  152):   com.android.nfc
I/BackupManagerService(  152):   com.android.providers.settings
I/BackupManagerService(  152):   com.android.providers.userdictionary
I/BackupManagerService(  152):   com.android.sharedstoragebackup
I/BackupManagerService(  152):   com.android.vending
I/BackupManagerService(  152):   com.google.android.browser
I/BackupManagerService(  152):   com.google.android.calendar
I/BackupManagerService(  152):   com.google.android.gm
I/BackupManagerService(  152):   com.google.android.inputmethod.latin
I/BackupManagerService(  152):   org.connectbot
I/BackupManagerService(  152): Backup enabled => false
I/BackupManagerService(  152): Opting out of backup
I/SystemServer(  152): AppWidget Service
I/SystemServer(  152): Recognition Service
I/SystemServer(  152): DiskStats Service
I/SystemServer(  152): SamplingProfiler Service
I/SystemServer(  152): NetworkTimeUpdateService
D/PowerManagerService(  152): system ready!
I/ActivityManager(  152): System now ready
I/SystemServer(  152): Making services ready
D/SystemServer(  152): Starting service: Intent { cmp=com.android.systemui/.SystemUIService }
I/ActivityManager(  152): Start proc com.android.systemui for service com.android.systemui/.SystemUIService: pid=219 uid=1000 gids={1015, 3002, 3001, 3003, 3007}
D/NetworkManagementService(  152): enabling bandwidth control
D/SystemUIService(  219): loading: class com.android.systemui.statusbar.phone.PhoneStatusBar
D/SystemUIService(  219): running: com.android.systemui.statusbar.phone.PhoneStatusBar@41353238
D/NetworkManagementService(  152): Registering observer
D/NetworkManagementService(  152): Registering observer
I/ActivityManager(  152): Config changed: {1.0 0mcc0mnc en_US layoutdir=0 sw320dp w320dp h508dp nrml long port finger -keyb/v/h -nav/h s.3}
I/ActivityManager(  152): Start proc android.process.media for broadcast com.android.providers.media/.UsbReceiver: pid=266 uid=10014 gids={1015, 1023, 1024, 2001, 3003, 3007}
I/StatusBarManagerService(  152): registerStatusBar bar=com.android.internal.statusbar.IStatusBar$Stub$Proxy@41336658
D/PhoneStatusBar(  219): disable: < expand icons alerts ticker system_info BACK* HOME* RECENT* CLOCK* >
D/StorageNotification(  219): Startup with UMS connection false (media state unmounted)
I/StorageNotification(  219): UMS connection changed to false (media state unmounted)
D/SystemUIService(  219): loading: class com.android.systemui.power.PowerUI
D/SystemUIService(  219): running: com.android.systemui.power.PowerUI@41348550
I/ActivityManager(  152): Start proc com.android.wallpaper for service com.android.wallpaper/.nexus.NexusWallpaper: pid=281 uid=10030 gids={1006}
W/InputManagerService(  152): Ignoring setImeWindowStatus of uid 1000 token: null
I/ActivityManager(  152): Start proc com.google.android.inputmethod.latin for service com.google.android.inputmethod.latin/com.android.inputmethod.latin.LatinIME: pid=293 uid=10028 gids={}
D/NetworkManagementService(  152): Registering observer
W/ThrottleService(  152): unable to find stats for iface rmnet0
I/ActivityManager(  152): Start proc com.android.phone for added application com.android.phone: pid=315 uid=1001 gids={3002, 3001, 3003, 1015}
I/ActivityManager(  152): Start proc com.android.nfc for added application com.android.nfc: pid=329 uid=1027 gids={3002, 3001}
I/ActivityManager(  152): START {act=android.intent.action.MAIN cat=[android.intent.category.HOME] flg=0x10000000 cmp=com.android.launcher/com.android.launcher2.Launcher} from pid 0
I/ActivityManager(  152): Start proc com.android.launcher for activity com.android.launcher/com.android.launcher2.Launcher: pid=344 uid=10029 gids={}
D/WifiService(  152): New client listening to asynchronous messages
I/ActivityManager(  152): Start proc com.google.android.inputmethod.latin.dictionarypack for content provider com.google.android.inputmethod.latin.dictionarypack/.DictionaryProvider: pid=386 uid=10027 gids={3003, 1015}
W/ActivityManager(  152): Unable to start service Intent { act=com.android.internal.telephony.IWapPushManager }: not found
I/ActivityManager(  152): Start proc android.process.acore for content provider com.android.providers.userdictionary/.UserDictionaryProvider: pid=399 uid=10000 gids={3003, 1015}
W/ActivityManager(  152): Unable to start service Intent { act=com.android.ussd.IExtendedNetworkService }: not found
I/ActivityManager(  152): Start proc com.google.process.gapps for service com.google.android.location/.NetworkLocationService: pid=456 uid=10011 gids={3003, 1015, 1007, 2001, 3006}
I/WifiService(  152): WifiService trying to set country code to us with persist set to true
I/ActivityManager(  152): Start proc com.android.settings for broadcast com.android.settings/.widget.SettingsAppWidgetProvider: pid=479 uid=1000 gids={1015, 3002, 3001, 3003, 3007}
I/ActivityManager(  152): Config changed: {1.0 310mcc260mnc en_US layoutdir=0 sw320dp w320dp h508dp nrml long port finger -keyb/v/h -nav/h s.4}
I/StorageNotification(  219): UMS connection changed to false (media state unmounted)
V/BackupManagerService(  152): Connected to Google transport
V/BackupManagerService(  152): Registering transport com.google.android.backup/.BackupTransportService = com.google.android.backup.BackupTransportService$1@4169fb80
I/ActivityManager(  152): Start proc com.android.vending for broadcast com.android.vending/.MarketWidgetProvider: pid=496 uid=10043 gids={3003, 1015}
D/PowerManagerService(  152): bootCompleted
V/DevicePolicyManagerService(  152): Sending password expiration notifications for action android.intent.action.BOOT_COMPLETED
D/VoldCmdListener(   72): volume mount /mnt/sdcard
I/Vold    (   72): /dev/block/vold/179:3 being considered for volume sdcard
D/Vold    (   72): Volume sdcard state changing 1 (Idle-Unmounted) -> 3 (Checking)
D/MountService(  152): volume state changed for /mnt/sdcard (unmounted -> checking)
V/WiredAccessoryObserver(  152): init()
W/WiredAccessoryObserver(  152): This kernel does not have wired headset support
W/WiredAccessoryObserver(  152): This kernel does not have wired headset support
I/StorageNotification(  219): Media {/mnt/sdcard} state changed from {unmounted} -> {checking}
D/MountService(  152): sendStorageIntent Intent { act=android.intent.action.MEDIA_CHECKING dat=file:///mnt/sdcard (has extras) }
I/ActivityManager(  152): Start proc com.google.android.deskclock for broadcast com.google.android.deskclock/com.android.alarmclock.AnalogAppWidgetProvider: pid=558 uid=10013 gids={}
W/WindowManager(  152): Window freeze timeout expired.
W/WindowManager(  152): Force clearing orientation change: Window{41722248 com.android.wallpaper.nexus.NexusWallpaper paused=false}
I/ActivityManager(  152): Start proc com.android.contacts for broadcast com.android.contacts/.calllog.CallLogReceiver: pid=571 uid=10000 gids={3003, 1015}
I/ActivityManager(  152): Start proc com.android.providers.calendar for broadcast com.android.providers.calendar/.CalendarReceiver: pid=589 uid=10007 gids={3003, 1015}
I/ActivityManager(  152): Start proc com.google.android.email for broadcast com.google.android.email/com.android.email.service.EmailBroadcastReceiver: pid=606 uid=10015 gids={3003, 1015}
I/ActivityManager(  152): Start proc com.google.android.exchange for service com.google.android.exchange/com.android.exchange.ExchangeService: pid=621 uid=10016 gids={3003, 1015}
I/ActivityManager(  152): Start proc com.google.android.apps.genie.geniewidget for broadcast com.google.android.apps.genie.geniewidget/.miniwidget.MiniWidgetProvider: pid=637 uid=10018 gids={3003, 1015}
I/ActivityManager(  152): Start proc com.google.android.gm for broadcast com.google.android.gm/.MailIntentReceiver: pid=667 uid=10019 gids={3003, 1015}
I/ActivityManager(  152): Start proc com.google.android.gsf.login for service com.google.android.gsf.login/com.google.android.gsf.loginservice.GoogleLoginService: pid=682 uid=10011 gids={3003, 1015, 1007, 2001, 3006}
I/ActivityManager(  152): Start proc com.google.android.partnersetup for broadcast com.google.android.partnersetup/.GooglePartnerSetup: pid=696 uid=10022 gids={3003}
I/ActivityManager(  152): Start proc com.google.android.apps.maps:FriendService for broadcast com.google.android.apps.maps/com.google.googlenav.friend.android.ServiceReceiver: pid=727 uid=10032 gids={3003, 1015}
I/ActivityManager(  152): START {flg=0x10000000 cmp=com.google.android.gsf/.update.SystemUpdateInstallDialog} from pid 456
I/ActivityManager(  152): START {flg=0x10000000 cmp=com.google.android.gsf/.update.SystemUpdateDownloadDialog} from pid 456
I/ActivityManager(  152): Start proc com.google.android.apps.maps:NetworkLocationService for service com.google.android.apps.maps/com.google.android.location.internal.server.NetworkLocationService: pid=743 uid=10032 gids={3003, 1015}
I/ActivityManager(  152): Start proc com.android.mms for broadcast com.android.mms/.transaction.MmsSystemEventReceiver: pid=756 uid=10036 gids={3003, 1015}
D/CountryDetectorService(  152): The first listener is added
W/ActivityManager(  152): Permission Denial: receiving Intent { act=android.intent.action.BOOT_COMPLETED flg=0x10 } to com.android.musicfx requires android.permission.RECEIVE_BOOT_COMPLETED due to sender null (uid 1000)
I/ActivityManager(  152): Start proc com.google.android.onetimeinitializer for broadcast com.google.android.onetimeinitializer/.OneTimeInitializerReceiver: pid=779 uid=10040 gids={}
I/ActivityManager(  152): Start proc com.google.android.talk for broadcast com.google.android.talk/.videochat.BootCompleteReceiver: pid=793 uid=10050 gids={3003, 1015, 1006, 3002}
I/ActivityManager(  152): No longer want com.google.android.inputmethod.latin.dictionarypack (pid 386): hidden #16
D/ConnectivityService(  152): handleInetConditionChange: no active default network - ignore
I/ActivityManager(  152): Start proc com.google.android.videos for broadcast com.google.android.videos/com.google.android.youtube.videos.transfer.VideoDownloadService$BootReceiver: pid=817 uid=10053 gids={3003, 1015}
I/ActivityManager(  152): Start proc com.android.voicedialer for broadcast com.android.voicedialer/.VoiceDialerReceiver: pid=848 uid=10055 gids={3002}
I/ActivityManager(  152): No longer want com.android.vending (pid 496): hidden #16
W/ActivityManager(  152): Permission Denial: receiving Intent { act=android.intent.action.BOOT_COMPLETED flg=0x10 } to com.google.android.youtube requires android.permission.RECEIVE_BOOT_COMPLETED due to sender null (uid 1000)
I/ActivityManager(  152): No longer want com.android.settings (pid 479): hidden #16
W/ActivityManager(  152): Permission Denial: receiving Intent { act=android.intent.action.BOOT_COMPLETED flg=0x10 } to com.google.android.youtube requires android.permission.RECEIVE_BOOT_COMPLETED due to sender null (uid 1000)
I/ActivityManager(  152): Start proc com.google.android.apps.googlevoice for broadcast com.google.android.apps.googlevoice/.BootUpReceiver: pid=861 uid=10058 gids={3003, 1015}
I/ActivityManager(  152): Start proc com.android.settings for broadcast com.android.settings/.widget.SettingsAppWidgetProvider: pid=877 uid=1000 gids={1015, 3002, 3001, 3003, 3007}
I/ActivityManager(  152): No longer want com.android.contacts (pid 571): hidden #16
I/ActivityManager(  152): Start proc com.android.vending for broadcast com.android.vending/.MarketWidgetProvider: pid=889 uid=10043 gids={3003, 1015}
I/ActivityManager(  152): No longer want com.google.android.exchange (pid 621): hidden #16
I/ActivityManager(  152): No longer want com.android.providers.calendar (pid 589): hidden #16
I/ActivityManager(  152): Start proc com.google.android.calendar for broadcast com.google.android.calendar/com.android.calendar.widget.CalendarAppWidgetService$CalendarFactory: pid=922 uid=10006 gids={3003}
I/ActivityManager(  152): No longer want com.google.android.email (pid 606): hidden #16
I/ActivityManager(  152): Start proc com.google.android.apps.maps:LocationFriendService for broadcast com.google.android.apps.maps/com.google.googlenav.friend.reporting.LocationReportingIntentReceiver: pid=939 uid=10032 gids={3003, 1015}
I/ActivityManager(  152): No longer want com.google.android.gsf.login (pid 682): hidden #16
I/ActivityManager(  152): Start proc com.google.android.music:main for broadcast com.google.android.music/.store.MediaStoreImportService$Receiver: pid=953 uid=10037 gids={3003, 1015}
I/ActivityManager(  152): No longer want com.google.android.partnersetup (pid 696): hidden #16
I/Vold    (   72): Filesystem check completed OK
I/Vold    (   72): Device /dev/block/vold/179:3, target /mnt/sdcard mounted @ /mnt/secure/staging
D/Vold    (   72): Volume sdcard state changing 3 (Checking) -> 4 (Mounted)
D/MountService(  152): volume state changed for /mnt/sdcard (checking -> mounted)
I/ActivityManager(  152): Start proc com.android.providers.calendar for content provider com.android.providers.calendar/.CalendarProvider2: pid=963 uid=10007 gids={3003, 1015}
I/StorageNotification(  219): Media {/mnt/sdcard} state changed from {checking} -> {mounted}
D/MountService(  152): sendStorageIntent Intent { act=android.intent.action.MEDIA_MOUNTED dat=file:///mnt/sdcard (has extras) }
I/ActivityManager(  152): No longer want com.google.android.apps.maps:FriendService (pid 727): hidden #16
D/VoldCmdListener(   72): asec list
W/PackageManager(  152): Not granting permission android.permission.SEND_DOWNLOAD_COMPLETED_INTENTS to package com.google.android.browser (protectionLevel=2 flags=0x9be45)
W/PackageManager(  152): Unknown permission com.android.vending.permission.UPDATE_MARKET_FAILURE in package com.android.vending.updater
W/PackageManager(  152): Unknown permission android.permission.ADD_SYSTEM_SERVICE in package com.android.phone
W/PackageManager(  152): Unknown permission com.android.smspush.WAPPUSH_MANAGER_BIND in package com.android.phone
W/PackageManager(  152): Unknown permission com.android.vending.billing.IBillingAccountService.BIND2 in package com.google.android.gsf.login
W/PackageManager(  152): Not granting permission android.permission.DEVICE_POWER to package com.google.android.deskclock (protectionLevel=2 flags=0x8be45)
W/PackageManager(  152): Unknown permission android.permission.READ_OWNER_DATA in package com.google.android.setupwizard
W/PackageManager(  152): Unknown permission android.permission.WRITE_OWNER_DATA in package com.google.android.setupwizard
W/PackageManager(  152): Not granting permission com.google.android.gm.permission.READ_GMAIL to package com.google.android.apps.uploader (protectionLevel=2 flags=0x8be45)
W/PackageManager(  152): Unknown permission android.permission.READ_EXTERNAL_STORAGE in package com.android.vending
W/PackageManager(  152): Not granting permission android.permission.SEND_DOWNLOAD_COMPLETED_INTENTS to package com.android.vending (protectionLevel=2 flags=0xabec5)
W/PackageManager(  152): Not granting permission android.permission.ACCOUNT_MANAGER to package com.google.android.music (protectionLevel=2 flags=0x8be65)
W/PackageManager(  152): Unknown permission com.android.providers.im.permission.READ_ONLY in package com.google.android.apps.maps
W/PackageManager(  152): Unknown permission android.permission.READ_EXTERNAL_STORAGE in package com.google.android.videoeditor
W/PackageManager(  152): Unknown permission com.google.android.apps.googlevoice.REMOTE_INTENT in package com.google.android.apps.googlevoice
W/PackageManager(  152): Unknown permission com.google.android.permission.RECEIVE_DATA_MESSAGE in package com.google.android.apps.googlevoice
W/PackageManager(  152): Unknown permission com.google.android.permission.SEND_DATA_MESSAGE in package com.google.android.apps.googlevoice
I/ActivityManager(  152): Start proc com.google.android.apps.maps:FriendService for broadcast com.google.android.apps.maps/com.google.googlenav.friend.android.ServiceReceiver: pid=981 uid=10032 gids={3003, 1015}
I/ActivityManager(  152): No longer want android.process.acore (pid 399): hidden #16
I/ActivityManager(  152): No longer want com.google.android.apps.genie.geniewidget (pid 637): hidden #16
I/ActivityManager(  152): Start proc com.google.android.apps.uploader for broadcast com.google.android.apps.uploader/.ConnectivityBroadcastReceiver: pid=1001 uid=10034 gids={3003}
I/ActivityManager(  152): Start proc com.google.android.apps.plus for broadcast com.google.android.apps.plus/.service.PackagesMediaMonitor: pid=1018 uid=10044 gids={3003, 1015, 1006}
I/ActivityManager(  152): No longer want com.android.mms (pid 756): hidden #16
D/CountryDetectorService(  152): No listener is left
I/ActivityManager(  152): No longer want com.google.android.onetimeinitializer (pid 779): hidden #16
I/ActivityManager(  152): No longer want com.google.android.videos (pid 817): hidden #16
D/ConnectivityService(  152): ConnectivityChange for mobile: CONNECTED/CONNECTED
D/ConnectivityService(  152): handleInetConditionHoldEnd: net=0, condition=100, published condition=0
D/ConnectivityService(  152): handleInetConditionHoldEnd: net=0, condition=0, published condition=100
D/NetworkPolicy(  152): applying policy NetworkPolicy[NetworkTemplate: matchRule=MOBILE_ALL, subscriberId=valid]: cycleDay=15, warningBytes=2147483648, limitBytes=-1, lastSnooze=-1 to ifaces [rmnet0]
D/ConnectivityService(  152): handleInetConditionHoldEnd: net=0, condition=100, published condition=0
D/ConnectivityService(  152): handleInetConditionHoldEnd: net=0, condition=0, published condition=100
D/ConnectivityService(  152): handleInetConditionHoldEnd: net=0, condition=100, published condition=0
D/ConnectivityService(  152): handleInetConditionHoldEnd: net=0, condition=0, published condition=100
D/ConnectivityService(  152): handleInetConditionHoldEnd: net=0, condition=100, published condition=0
D/ConnectivityService(  152): handleInetConditionHoldEnd: net=0, condition=0, published condition=100
I/WindowManager(  152): Lock screen displayed!
D/PhoneStatusBar(  219): disable: < expand icons alerts ticker system_info BACK HOME recent* CLOCK >
D/PhoneStatusBar(  219): disable: < expand icons alerts ticker system_info back* home* recent clock* >
D/PhoneStatusBar(  219): disable: < expand icons alerts ticker system_info back home RECENT* clock >
D/PhoneStatusBar(  219): disable: < expand icons alerts ticker system_info BACK* HOME* RECENT CLOCK* >
D/ConnectivityService(  152): handleInetConditionHoldEnd: net=0, condition=0, published condition=0
D/ConnectivityService(  152): handleInetConditionHoldEnd: net=0, condition=100, published condition=0
D/ConnectivityService(  152): handleInetConditionHoldEnd: net=0, condition=0, published condition=100
D/ConnectivityService(  152): handleInetConditionHoldEnd: net=0, condition=100, published condition=0
D/ConnectivityService(  152): handleInetConditionHoldEnd: net=0, condition=0, published condition=100
D/ConnectivityService(  152): handleInetConditionHoldEnd: net=0, condition=100, published condition=0
I/WindowManager(  152): Lock screen displayed!
D/ConnectivityService(  152): handleInetConditionHoldEnd: net=0, condition=0, published condition=100
D/PhoneStatusBar(  219): disable: < expand icons alerts ticker system_info BACK HOME recent* CLOCK >
D/PhoneStatusBar(  219): disable: < expand icons alerts ticker system_info back* home* recent clock* >
W/InputManagerService(  152): Window already focused, ignoring focus gain of: com.android.internal.view.IInputMethodClient$Stub$Proxy@417b1df8
I/ActivityManager(  152): START {act=android.intent.action.MAIN cat=[android.intent.category.LAUNCHER] flg=0x10200000 cmp=edu.mit.haoqili.camera_cloud/.CameraCloud} from pid 344
I/ActivityManager(  152): Start proc edu.mit.haoqili.camera_cloud for activity edu.mit.haoqili.camera_cloud/.CameraCloud: pid=1093 uid=10066 gids={1006, 1015, 3003}
W/InputManagerService(  152): Starting input on non-focused client com.android.internal.view.IInputMethodClient$Stub$Proxy@4169f048 (uid=10029 pid=344)
D/ConnectivityService(  152): handleInetConditionHoldEnd: net=0, condition=100, published condition=0
D/ConnectivityService(  152): handleInetConditionHoldEnd: net=0, condition=0, published condition=100
D/ConnectivityService(  152): handleInetConditionHoldEnd: net=0, condition=100, published condition=0
D/ConnectivityService(  152): handleInetConditionHoldEnd: net=0, condition=0, published condition=100
D/ConnectivityService(  152): handleInetConditionHoldEnd: net=0, condition=100, published condition=0
D/ConnectivityService(  152): handleInetConditionHoldEnd: net=0, condition=0, published condition=100
D/ConnectivityService(  152): handleInetConditionHoldEnd: net=0, condition=100, published condition=0
D/ConnectivityService(  152): handleInetConditionHoldEnd: net=0, condition=0, published condition=100
D/ConnectivityService(  152): handleInetConditionHoldEnd: net=0, condition=100, published condition=0
D/ConnectivityService(  152): handleInetConditionHoldEnd: net=0, condition=0, published condition=100
D/ConnectivityService(  152): handleInetConditionHoldEnd: net=0, condition=100, published condition=0
D/ConnectivityService(  152): handleInetConditionHoldEnd: net=0, condition=0, published condition=100
D/ConnectivityService(  152): handleInetConditionHoldEnd: net=0, condition=100, published condition=0
D/ConnectivityService(  152): handleInetConditionHoldEnd: net=0, condition=0, published condition=100
--------- beginning of /dev/log/main
I/CameraCloud( 1093): 1333727225350: GPS x/long:-71.1018978097028, GPS y/lat: 42.36425067099349. Region width in x: 51.96152422706632
I/CameraCloud( 1093): 1333727225350: location PINPOINTS to region = 3.0, previous 3
I/CameraCloud( 1093): 1333727225350: stay at region 3
I/CameraCloud( 1093): 1333727226391: .......... GPS onLocationChanged ...... 
I/CameraCloud( 1093): 1333727226392: Loc = Location[mProvider=gps,mTime=1333813629000,mLatitude=42.36425945174594,mLongitude=-71.10191024499541,mHasAltitude=true,mAltitude=-17.0,mHasSpeed=true,mSpeed=0.80303663,mHasBearing=true,mBearing=284.8263,mHasAccuracy=true,mAccuracy=10.0,mExtras=Bundle[mParcelledData.dataSize=4]] Previous Region = (3,0)
I/CameraCloud( 1093): 1333727226392: GPS x/long:-71.10191024499541, GPS y/lat: 42.36425945174594. Region width in x: 51.96152422706632
I/CameraCloud( 1093): 1333727226393: location PINPOINTS to region = 3.0, previous 3
I/CameraCloud( 1093): 1333727226393: stay at region 3
I/GTalkService/c(  456): [AndroidEndpoint@1094720768] connect: acct=1000000, state=CONNECTING
I/CameraCloud( 1093): 1333727227354: .......... GPS onLocationChanged ...... 
I/CameraCloud( 1093): 1333727227356: Loc = Location[mProvider=gps,mTime=1333813630000,mLatitude=42.36426772550154,mLongitude=-71.1019153802382,mHasAltitude=true,mAltitude=-17.0,mHasSpeed=true,mSpeed=0.0,mHasBearing=true,mBearing=334.77133,mHasAccuracy=true,mAccuracy=10.0,mExtras=Bundle[mParcelledData.dataSize=4]] Previous Region = (3,0)
I/CameraCloud( 1093): 1333727227357: GPS x/long:-71.1019153802382, GPS y/lat: 42.36426772550154. Region width in x: 51.96152422706632
I/CameraCloud( 1093): 1333727227357: location PINPOINTS to region = 3.0, previous 3
I/CameraCloud( 1093): 1333727227358: stay at region 3
D/dalvikvm(  152): GC_CONCURRENT freed 718K, 15% free 12324K/14407K, paused 2ms+6ms
D/ConnectivityService(  152): handleInetConditionHoldEnd: net=0, condition=100, published condition=0
I/CameraCloud( 1093): 1333727230351: .......... GPS onLocationChanged ...... 
I/CameraCloud( 1093): 1333727230352: Loc = Location[mProvider=gps,mTime=1333813633000,mLatitude=42.36428008880714,mLongitude=-71.10191872832318,mHasAltitude=true,mAltitude=-17.0,mHasSpeed=true,mSpeed=0.41847312,mHasBearing=true,mBearing=23.69853,mHasAccuracy=true,mAccuracy=10.0,mExtras=Bundle[mParcelledData.dataSize=4]] Previous Region = (3,0)
I/CameraCloud( 1093): 1333727230352: GPS x/long:-71.10191872832318, GPS y/lat: 42.36428008880714. Region width in x: 51.96152422706632
I/CameraCloud( 1093): 1333727230353: location PINPOINTS to region = 3.0, previous 3
I/CameraCloud( 1093): 1333727230353: stay at region 3
I/CameraCloud( 1093): 1333727232353: .......... GPS onLocationChanged ...... 
I/CameraCloud( 1093): 1333727232354: Loc = Location[mProvider=gps,mTime=1333813635000,mLatitude=42.364286102861804,mLongitude=-71.1019043849957,mHasAltitude=true,mAltitude=-14.0,mHasSpeed=true,mSpeed=0.4852445,mHasBearing=true,mBearing=233.23878,mHasAccuracy=true,mAccuracy=15.0,mExtras=Bundle[mParcelledData.dataSize=4]] Previous Region = (3,0)
I/CameraCloud( 1093): 1333727232354: GPS x/long:-71.1019043849957, GPS y/lat: 42.364286102861804. Region width in x: 51.96152422706632
I/CameraCloud( 1093): 1333727232354: location PINPOINTS to region = 3.0, previous 3
I/CameraCloud( 1093): 1333727232355: stay at region 3
I/CameraCloud( 1093): 1333727233352: .......... GPS onLocationChanged ...... 
I/CameraCloud( 1093): 1333727233353: Loc = Location[mProvider=gps,mTime=1333813636000,mLatitude=42.36429809204697,mLongitude=-71.10187503526888,mHasAltitude=true,mAltitude=-8.0,mHasSpeed=true,mSpeed=0.0,mHasBearing=true,mBearing=260.59628,mHasAccuracy=true,mAccuracy=10.0,mExtras=Bundle[mParcelledData.dataSize=4]] Previous Region = (3,0)
I/CameraCloud( 1093): 1333727233354: GPS x/long:-71.10187503526888, GPS y/lat: 42.36429809204697. Region width in x: 51.96152422706632
I/CameraCloud( 1093): 1333727233354: location PINPOINTS to region = 3.0, previous 3
I/CameraCloud( 1093): 1333727233355: stay at region 3
I/CameraCloud( 1093): 1333727234353: .......... GPS onLocationChanged ...... 
I/CameraCloud( 1093): 1333727234354: Loc = Location[mProvider=gps,mTime=1333813637000,mLatitude=42.36429982900998,mLongitude=-71.10185078785308,mHasAltitude=true,mAltitude=-6.0,mHasSpeed=true,mSpeed=0.0,mHasBearing=true,mBearing=260.59628,mHasAccuracy=true,mAccuracy=10.0,mExtras=Bundle[mParcelledData.dataSize=4]] Previous Region = (3,0)
I/CameraCloud( 1093): 1333727234354: GPS x/long:-71.10185078785308, GPS y/lat: 42.36429982900998. Region width in x: 51.96152422706632
I/CameraCloud( 1093): 1333727234355: location PINPOINTS to region = 3.0, previous 3
I/CameraCloud( 1093): 1333727234355: stay at region 3
W/Smack/Packet(  456): notify conn break (IOEx), close connection
I/CameraCloud( 1093): 1333727236352: .......... GPS onLocationChanged ...... 
I/CameraCloud( 1093): 1333727236353: Loc = Location[mProvider=gps,mTime=1333813639000,mLatitude=42.3642940500163,mLongitude=-71.10184144515038,mHasAltitude=true,mAltitude=-5.0,mHasSpeed=true,mSpeed=0.35950106,mHasBearing=true,mBearing=137.89401,mHasAccuracy=true,mAccuracy=10.0,mExtras=Bundle[mParcelledData.dataSize=4]] Previous Region = (3,0)
I/CameraCloud( 1093): 1333727236353: GPS x/long:-71.10184144515038, GPS y/lat: 42.3642940500163. Region width in x: 51.96152422706632
I/CameraCloud( 1093): 1333727236353: location PINPOINTS to region = 3.0, previous 3
I/CameraCloud( 1093): 1333727236354: stay at region 3
I/CameraCloud( 1093): 1333727237375: .......... GPS onLocationChanged ...... 
I/CameraCloud( 1093): 1333727237376: Loc = Location[mProvider=gps,mTime=1333813640000,mLatitude=42.36428687121708,mLongitude=-71.10182052667406,mHasAltitude=true,mAltitude=-5.0,mHasSpeed=true,mSpeed=0.41416928,mHasBearing=true,mBearing=129.2154,mHasAccuracy=true,mAccuracy=20.0,mExtras=Bundle[mParcelledData.dataSize=4]] Previous Region = (3,0)
I/CameraCloud( 1093): 1333727237376: GPS x/long:-71.10182052667406, GPS y/lat: 42.36428687121708. Region width in x: 51.96152422706632
I/CameraCloud( 1093): 1333727237376: location PINPOINTS to region = 3.0, previous 3
I/CameraCloud( 1093): 1333727237377: stay at region 3
D/ConnectivityService(  152): handleInetConditionHoldEnd: net=0, condition=0, published condition=100
I/CameraCloud( 1093): 1333727238347: .......... GPS onLocationChanged ...... 
I/CameraCloud( 1093): 1333727238348: Loc = Location[mProvider=gps,mTime=1333813641000,mLatitude=42.36428331941223,mLongitude=-71.10178345366704,mHasAltitude=true,mAltitude=-7.0,mHasSpeed=true,mSpeed=0.0,mHasBearing=true,mBearing=129.2154,mHasAccuracy=true,mAccuracy=15.0,mExtras=Bundle[mParcelledData.dataSize=4]] Previous Region = (3,0)
I/CameraCloud( 1093): 1333727238348: GPS x/long:-71.10178345366704, GPS y/lat: 42.36428331941223. Region width in x: 51.96152422706632
I/CameraCloud( 1093): 1333727238349: location PINPOINTS to region = 3.0, previous 3
I/CameraCloud( 1093): 1333727238349: stay at region 3
I/CameraCloud( 1093): 1333727239349: .......... GPS onLocationChanged ...... 
I/CameraCloud( 1093): 1333727239350: Loc = Location[mProvider=gps,mTime=1333813642000,mLatitude=42.3642842929338,mLongitude=-71.10175907661406,mHasAltitude=true,mAltitude=-19.0,mHasSpeed=true,mSpeed=0.0,mHasBearing=true,mBearing=129.2154,mHasAccuracy=true,mAccuracy=15.0,mExtras=Bundle[mParcelledData.dataSize=4]] Previous Region = (3,0)
I/CameraCloud( 1093): 1333727239350: GPS x/long:-71.10175907661406, GPS y/lat: 42.3642842929338. Region width in x: 51.96152422706632
I/CameraCloud( 1093): 1333727239351: location PINPOINTS to region = 3.0, previous 3
I/CameraCloud( 1093): 1333727239351: stay at region 3
D/dalvikvm(  743): GC_CONCURRENT freed 379K, 7% free 10041K/10695K, paused 14ms+2ms
D/dalvikvm(  152): GC_CONCURRENT freed 710K, 15% free 12319K/14407K, paused 3ms+16ms
D/dalvikvm(  152): GC_EXPLICIT freed 358K, 15% free 12267K/14407K, paused 47ms+6ms
I/GTalkService/c(  456): [AndroidEndpoint@1094720768] connect: acct=1000000, state=CONNECTING
D/dalvikvm(  219): GC_CONCURRENT freed 304K, 6% free 10056K/10695K, paused 2ms+3ms
D/dalvikvm(  456): GC_CONCURRENT freed 382K, 6% free 10003K/10567K, paused 2ms+4ms
D/ConnectivityService(  152): handleInetConditionHoldEnd: net=0, condition=100, published condition=0
W/Smack/Packet(  456): notify conn break (IOEx), close connection
D/ConnectivityService(  152): handleInetConditionHoldEnd: net=0, condition=0, published condition=100
D/dalvikvm(  152): GC_CONCURRENT freed 657K, 15% free 12298K/14407K, paused 3ms+6ms
I/GTalkService/c(  456): [AndroidEndpoint@1094720768] connect: acct=1000000, state=CONNECTING
D/ConnectivityService(  152): handleInetConditionHoldEnd: net=0, condition=100, published condition=0
D/dalvikvm(  315): GC_CONCURRENT freed 424K, 6% free 9504K/10055K, paused 2ms+12ms
W/Smack/Packet(  456): notify conn break (IOEx), close connection
D/ConnectivityService(  152): handleInetConditionHoldEnd: net=0, condition=0, published condition=100
D/dalvikvm(  152): GC_CONCURRENT freed 698K, 15% free 12299K/14407K, paused 3ms+16ms
D/dalvikvm(  456): GC_CONCURRENT freed 456K, 6% free 9972K/10567K, paused 2ms+4ms
I/GTalkService/c(  456): [AndroidEndpoint@1094720768] connect: acct=1000000, state=CONNECTING
D/dalvikvm(  743): GC_CONCURRENT freed 385K, 7% free 10041K/10695K, paused 2ms+5ms
D/ConnectivityService(  152): handleInetConditionHoldEnd: net=0, condition=100, published condition=0
I/CameraCloud( 1093): 1333727369339: .......... GPS onLocationChanged ...... 
I/CameraCloud( 1093): 1333727369341: Loc = Location[mProvider=gps,mTime=1333813772000,mLatitude=42.364299978882194,mLongitude=-71.10173877449944,mHasAltitude=true,mAltitude=-23.0,mHasSpeed=true,mSpeed=0.16557972,mHasBearing=true,mBearing=225.33638,mHasAccuracy=true,mAccuracy=10.0,mExtras=Bundle[mParcelledData.dataSize=4]] Previous Region = (3,0)
I/CameraCloud( 1093): 1333727369341: GPS x/long:-71.10173877449944, GPS y/lat: 42.364299978882194. Region width in x: 51.96152422706632
I/CameraCloud( 1093): 1333727369341: location PINPOINTS to region = 3.0, previous 3
I/CameraCloud( 1093): 1333727369342: stay at region 3
W/Smack/Packet(  456): notify conn break (IOEx), close connection
D/dalvikvm(  152): GC_CONCURRENT freed 705K, 15% free 12304K/14407K, paused 4ms+15ms
D/ConnectivityService(  152): handleInetConditionHoldEnd: net=0, condition=0, published condition=100
I/GTalkService/c(  456): [AndroidEndpoint@1094720768] connect: acct=1000000, state=CONNECTING
D/dalvikvm(  456): GC_CONCURRENT freed 404K, 6% free 9979K/10567K, paused 4ms+4ms
W/Smack/Packet(  456): notify conn break (IOEx), close connection
D/ConnectivityService(  152): handleInetConditionHoldEnd: net=0, condition=100, published condition=0
D/ConnectivityService(  152): handleInetConditionHoldEnd: net=0, condition=0, published condition=100
D/dalvikvm(  152): GC_CONCURRENT freed 718K, 15% free 12287K/14407K, paused 2ms+5ms
I/GTalkService/c(  456): [AndroidEndpoint@1094720768] connect: acct=1000000, state=CONNECTING
D/ConnectivityService(  152): handleInetConditionHoldEnd: net=0, condition=100, published condition=0
D/dalvikvm(  152): GC_CONCURRENT freed 674K, 15% free 12308K/14407K, paused 3ms+7ms
W/Smack/Packet(  456): notify conn break (IOEx), close connection
D/ConnectivityService(  152): handleInetConditionHoldEnd: net=0, condition=0, published condition=100
D/dalvikvm( 1093): GC_FOR_ALLOC freed 242K, 5% free 9379K/9863K, paused 50ms
I/dalvikvm-heap( 1093): Grow heap (frag case) to 9.556MB for 341776-byte allocation
D/dalvikvm( 1093): GC_FOR_ALLOC freed 12K, 6% free 9701K/10247K, paused 23ms
D/dalvikvm( 1093): GC_FOR_ALLOC freed 0K, 6% free 9701K/10247K, paused 14ms
I/dalvikvm-heap( 1093): Grow heap (frag case) to 9.678MB for 140176-byte allocation
D/dalvikvm( 1093): GC_FOR_ALLOC freed 0K, 6% free 9838K/10439K, paused 25ms
D/dalvikvm( 1093): GC_FOR_ALLOC freed 2K, 5% free 9994K/10439K, paused 28ms
D/dalvikvm( 1093): GC_FOR_ALLOC freed 2K, 5% free 10054K/10503K, paused 29ms
D/dalvikvm(  315): GC_CONCURRENT freed 424K, 6% free 9502K/10055K, paused 1ms+3ms
D/dalvikvm(  743): GC_CONCURRENT freed 386K, 7% free 10040K/10695K, paused 5ms+2ms
I/GTalkService/c(  456): [AndroidEndpoint@1094720768] connect: acct=1000000, state=CONNECTING
D/dalvikvm(  456): GC_CONCURRENT freed 361K, 6% free 10007K/10567K, paused 3ms+2ms
D/ConnectivityService(  152): handleInetConditionHoldEnd: net=0, condition=100, published condition=0
D/dalvikvm(  152): GC_CONCURRENT freed 732K, 15% free 12292K/14407K, paused 3ms+5ms
W/Smack/Packet(  456): notify conn break (IOEx), close connection
D/ConnectivityService(  152): handleInetConditionHoldEnd: net=0, condition=0, published condition=100
I/GTalkService/c(  456): [AndroidEndpoint@1094720768] connect: acct=1000000, state=CONNECTING
D/dalvikvm(  152): GC_CONCURRENT freed 689K, 15% free 12299K/14407K, paused 3ms+17ms
D/dalvikvm(  456): GC_CONCURRENT freed 416K, 6% free 10020K/10567K, paused 3ms+4ms
D/dalvikvm(  456): GC_EXPLICIT freed 41K, 6% free 9980K/10567K, paused 2ms+3ms
D/ConnectivityService(  152): handleInetConditionHoldEnd: net=0, condition=100, published condition=0
I/CameraCloud( 1093): 1333727494350: .......... GPS onLocationChanged ...... 
I/CameraCloud( 1093): 1333727494351: Loc = Location[mProvider=gps,mTime=1333813897000,mLatitude=42.36431325190798,mLongitude=-71.10173882725647,mHasAltitude=true,mAltitude=-22.0,mHasSpeed=true,mSpeed=0.0,mHasBearing=true,mBearing=300.8886,mHasAccuracy=true,mAccuracy=10.0,mExtras=Bundle[mParcelledData.dataSize=4]] Previous Region = (3,0)
I/CameraCloud( 1093): 1333727494351: GPS x/long:-71.10173882725647, GPS y/lat: 42.36431325190798. Region width in x: 51.96152422706632
I/CameraCloud( 1093): 1333727494352: location PINPOINTS to region = 3.0, previous 3
I/CameraCloud( 1093): 1333727494355: stay at region 3
I/CameraCloud( 1093): 1333727495350: .......... GPS onLocationChanged ...... 
I/CameraCloud( 1093): 1333727495351: Loc = Location[mProvider=gps,mTime=1333813898000,mLatitude=42.364330351270276,mLongitude=-71.10172671489703,mHasAltitude=true,mAltitude=-22.0,mHasSpeed=true,mSpeed=0.0,mHasBearing=true,mBearing=300.8886,mHasAccuracy=true,mAccuracy=10.0,mExtras=Bundle[mParcelledData.dataSize=4]] Previous Region = (3,0)
I/CameraCloud( 1093): 1333727495352: GPS x/long:-71.10172671489703, GPS y/lat: 42.364330351270276. Region width in x: 51.96152422706632
I/CameraCloud( 1093): 1333727495352: location PINPOINTS to region = 3.0, previous 3
I/CameraCloud( 1093): 1333727495352: stay at region 3
D/dalvikvm(  152): GC_EXPLICIT freed 305K, 15% free 12252K/14407K, paused 4ms+5ms
W/Smack/Packet(  456): notify conn break (IOEx), close connection
D/ConnectivityService(  152): handleInetConditionHoldEnd: net=0, condition=0, published condition=100
I/GTalkService/c(  456): [AndroidEndpoint@1094720768] connect: acct=1000000, state=CONNECTING
I/CameraCloud( 1093): 1333727515380: .......... GPS onLocationChanged ...... 
I/CameraCloud( 1093): 1333727515381: Loc = Location[mProvider=gps,mTime=1333813918000,mLatitude=42.36433717571864,mLongitude=-71.10170840056713,mHasAltitude=true,mAltitude=-22.0,mHasSpeed=true,mSpeed=0.1146475,mHasBearing=true,mBearing=89.849945,mHasAccuracy=true,mAccuracy=15.0,mExtras=Bundle[mParcelledData.dataSize=4]] Previous Region = (3,0)
I/CameraCloud( 1093): 1333727515381: GPS x/long:-71.10170840056713, GPS y/lat: 42.36433717571864. Region width in x: 51.96152422706632
I/CameraCloud( 1093): 1333727515381: location PINPOINTS to region = 3.0, previous 3
I/CameraCloud( 1093): 1333727515382: stay at region 3
I/CameraCloud( 1093): 1333727517343: .......... GPS onLocationChanged ...... 
I/CameraCloud( 1093): 1333727517343: Loc = Location[mProvider=gps,mTime=1333813920000,mLatitude=42.36434997646722,mLongitude=-71.10169693467407,mHasAltitude=true,mAltitude=-22.0,mHasSpeed=true,mSpeed=0.31225562,mHasBearing=true,mBearing=56.4968,mHasAccuracy=true,mAccuracy=10.0,mExtras=Bundle[mParcelledData.dataSize=4]] Previous Region = (3,0)
I/CameraCloud( 1093): 1333727517344: GPS x/long:-71.10169693467407, GPS y/lat: 42.36434997646722. Region width in x: 51.96152422706632
I/CameraCloud( 1093): 1333727517344: location PINPOINTS to region = 3.0, previous 3
I/CameraCloud( 1093): 1333727517345: stay at region 3
I/CameraCloud( 1093): 1333727518343: .......... GPS onLocationChanged ...... 
I/CameraCloud( 1093): 1333727518344: Loc = Location[mProvider=gps,mTime=1333813921000,mLatitude=42.3643632680201,mLongitude=-71.10169231230022,mHasAltitude=true,mAltitude=-23.0,mHasSpeed=true,mSpeed=0.4143205,mHasBearing=true,mBearing=36.830727,mHasAccuracy=true,mAccuracy=10.0,mExtras=Bundle[mParcelledData.dataSize=4]] Previous Region = (3,0)
I/CameraCloud( 1093): 1333727518344: GPS x/long:-71.10169231230022, GPS y/lat: 42.3643632680201. Region width in x: 51.96152422706632
I/CameraCloud( 1093): 1333727518345: location PINPOINTS to region = 3.0, previous 3
I/CameraCloud( 1093): 1333727518345: stay at region 3
I/CameraCloud( 1093): 1333727519370: .......... GPS onLocationChanged ...... 
I/CameraCloud( 1093): 1333727519372: Loc = Location[mProvider=gps,mTime=1333813922000,mLatitude=42.364374981949176,mLongitude=-71.10169061566432,mHasAltitude=true,mAltitude=-23.0,mHasSpeed=true,mSpeed=0.0,mHasBearing=true,mBearing=48.61784,mHasAccuracy=true,mAccuracy=10.0,mExtras=Bundle[mParcelledData.dataSize=4]] Previous Region = (3,0)
I/CameraCloud( 1093): 1333727519373: GPS x/long:-71.10169061566432, GPS y/lat: 42.364374981949176. Region width in x: 51.96152422706632
I/CameraCloud( 1093): 1333727519373: location PINPOINTS to region = 3.0, previous 3
I/CameraCloud( 1093): 1333727519374: stay at region 3
I/CameraCloud( 1093): 1333727522343: .......... GPS onLocationChanged ...... 
I/CameraCloud( 1093): 1333727522344: Loc = Location[mProvider=gps,mTime=1333813925000,mLatitude=42.36439587391032,mLongitude=-71.1017013502381,mHasAltitude=true,mAltitude=-23.0,mHasSpeed=true,mSpeed=0.0,mHasBearing=true,mBearing=48.61784,mHasAccuracy=true,mAccuracy=10.0,mExtras=Bundle[mParcelledData.dataSize=4]] Previous Region = (3,0)
I/CameraCloud( 1093): 1333727522344: GPS x/long:-71.1017013502381, GPS y/lat: 42.36439587391032. Region width in x: 51.96152422706632
I/CameraCloud( 1093): 1333727522345: location PINPOINTS to region = 3.0, previous 3
I/CameraCloud( 1093): 1333727522345: stay at region 3
I/CameraCloud( 1093): 1333727524442: .......... GPS onLocationChanged ...... 
I/CameraCloud( 1093): 1333727524443: Loc = Location[mProvider=gps,mTime=1333813927000,mLatitude=42.36439707401099,mLongitude=-71.10172130165301,mHasAltitude=true,mAltitude=-22.0,mHasSpeed=true,mSpeed=0.0,mHasBearing=true,mBearing=33.24557,mHasAccuracy=true,mAccuracy=15.0,mExtras=Bundle[mParcelledData.dataSize=4]] Previous Region = (3,0)
I/CameraCloud( 1093): 1333727524443: GPS x/long:-71.10172130165301, GPS y/lat: 42.36439707401099. Region width in x: 51.96152422706632
I/CameraCloud( 1093): 1333727524443: location PINPOINTS to region = 3.0, previous 3
I/CameraCloud( 1093): 1333727524444: stay at region 3
D/dalvikvm(  152): GC_CONCURRENT freed 649K, 15% free 12287K/14407K, paused 5ms+17ms
I/CameraCloud( 1093): 1333727525343: .......... GPS onLocationChanged ...... 
I/CameraCloud( 1093): 1333727525344: Loc = Location[mProvider=gps,mTime=1333813928000,mLatitude=42.364398568312275,mLongitude=-71.10173772523133,mHasAltitude=true,mAltitude=-22.0,mHasSpeed=true,mSpeed=0.0,mHasBearing=true,mBearing=33.24557,mHasAccuracy=true,mAccuracy=15.0,mExtras=Bundle[mParcelledData.dataSize=4]] Previous Region = (3,0)
I/CameraCloud( 1093): 1333727525344: GPS x/long:-71.10173772523133, GPS y/lat: 42.364398568312275. Region width in x: 51.96152422706632
I/CameraCloud( 1093): 1333727525345: location PINPOINTS to region = 3.0, previous 3
I/CameraCloud( 1093): 1333727525345: stay at region 3
I/CameraCloud( 1093): 1333727529342: .......... GPS onLocationChanged ...... 
I/CameraCloud( 1093): 1333727529343: Loc = Location[mProvider=gps,mTime=1333813932000,mLatitude=42.36440502214932,mLongitude=-71.10175016628247,mHasAltitude=true,mAltitude=-22.0,mHasSpeed=true,mSpeed=0.0,mHasBearing=true,mBearing=33.24557,mHasAccuracy=true,mAccuracy=15.0,mExtras=Bundle[mParcelledData.dataSize=4]] Previous Region = (3,0)
I/CameraCloud( 1093): 1333727529343: GPS x/long:-71.10175016628247, GPS y/lat: 42.36440502214932. Region width in x: 51.96152422706632
