D/dalvikvm(  152): GC_EXPLICIT freed 357K, 12% free 13022K/14663K, paused 3ms+4ms
W/Smack/Packet(  456): notify conn break (IOEx), close connection
D/ConnectivityService(  152): handleInetConditionHoldEnd: net=0, condition=0, published condition=0
I/GTalkService/c(  456): [AndroidEndpoint@1094720768] connect: acct=1000001, state=CONNECTING
E/GTalkService(  456): connectionClosed: no XMPPConnection - That's strange!
D/ConnectivityService(  152): handleInetConditionHoldEnd: net=0, condition=0, published condition=0
I/GTalkService/c(  456): [AndroidEndpoint@1094720768] connect: acct=1000001, state=CONNECTING
D/dalvikvm(  456): GC_CONCURRENT freed 379K, 7% free 10063K/10759K, paused 14ms+3ms
I/EventLogService(  456): Aggregate from 1333746187109 (log), 1333746187109 (data)
I/ServiceDumpSys(  456): dumping service [account]
D/ConnectivityService(  152): handleInetConditionHoldEnd: net=0, condition=100, published condition=0
W/Smack/Packet(  456): notify conn break (IOEx), close connection
D/ConnectivityService(  152): handleInetConditionHoldEnd: net=0, condition=0, published condition=100
I/GTalkService/c(  456): [AndroidEndpoint@1094720768] connect: acct=1000001, state=CONNECTING
D/dalvikvm(  456): GC_CONCURRENT freed 399K, 7% free 10048K/10759K, paused 2ms+3ms
D/dalvikvm(  456): GC_EXPLICIT freed 116K, 7% free 10032K/10759K, paused 5ms+3ms
D/ConnectivityService(  152): handleInetConditionHoldEnd: net=0, condition=100, published condition=0
W/Smack/Packet(  456): notify conn break (IOEx), close connection
D/ConnectivityService(  152): handleInetConditionHoldEnd: net=0, condition=0, published condition=100
I/GTalkService/c(  456): [AndroidEndpoint@1094720768] connect: acct=1000001, state=CONNECTING
D/ConnectivityService(  152): handleInetConditionHoldEnd: net=0, condition=100, published condition=0
W/Smack/Packet(  456): notify conn break (IOEx), close connection
D/ConnectivityService(  152): handleInetConditionHoldEnd: net=0, condition=0, published condition=100
I/GTalkService/c(  456): [AndroidEndpoint@1094720768] connect: acct=1000001, state=CONNECTING
D/dalvikvm(  456): GC_CONCURRENT freed 359K, 7% free 10064K/10759K, paused 13ms+3ms
D/ConnectivityService(  152): handleInetConditionHoldEnd: net=0, condition=100, published condition=0
W/Smack/Packet(  456): notify conn break (IOEx), close connection
D/ConnectivityService(  152): handleInetConditionHoldEnd: net=0, condition=0, published condition=100
I/CheckinService(  456): Preparing to send checkin request
I/EventLogService(  456): Accumulating logs since 1333747987178
I/CheckinTask(  456): Sending checkin request (1633 bytes)
I/GTalkService/c(  456): [AndroidEndpoint@1094720768] connect: acct=1000001, state=CONNECTING
D/dalvikvm(  456): GC_CONCURRENT freed 393K, 7% free 10083K/10759K, paused 14ms+3ms
D/ConnectivityService(  152): handleInetConditionHoldEnd: net=0, condition=100, published condition=0
I/CheckinTask(  456): Checkin success: https://android.clients.google.com/checkin (1 requests sent)
W/Smack/Packet(  456): notify conn break (IOEx), close connection
D/ConnectivityService(  152): handleInetConditionHoldEnd: net=0, condition=0, published condition=100
I/GTalkService/c(  456): [AndroidEndpoint@1094720768] connect: acct=1000001, state=CONNECTING
D/dalvikvm(  456): GC_CONCURRENT freed 430K, 7% free 10040K/10759K, paused 2ms+3ms
D/ConnectivityService(  152): handleInetConditionHoldEnd: net=0, condition=100, published condition=0
W/Smack/Packet(  456): notify conn break (IOEx), close connection
D/ConnectivityService(  152): handleInetConditionHoldEnd: net=0, condition=0, published condition=100
I/GTalkService/c(  456): [AndroidEndpoint@1094720768] connect: acct=1000001, state=CONNECTING
D/dalvikvm(  456): GC_CONCURRENT freed 393K, 7% free 10058K/10759K, paused 2ms+2ms
D/ConnectivityService(  152): handleInetConditionHoldEnd: net=0, condition=100, published condition=0
W/Smack/Packet(  456): notify conn break (IOEx), close connection
D/ConnectivityService(  152): handleInetConditionHoldEnd: net=0, condition=0, published condition=100
I/GTalkService/c(  456): [AndroidEndpoint@1094720768] connect: acct=1000001, state=CONNECTING
D/dalvikvm(  152): GC_CONCURRENT freed 801K, 11% free 13097K/14663K, paused 17ms+5ms
D/ConnectivityService(  152): handleInetConditionHoldEnd: net=0, condition=100, published condition=0
D/dalvikvm(  315): GC_CONCURRENT freed 384K, 7% free 9495K/10119K, paused 15ms+3ms
D/dalvikvm(  219): GC_CONCURRENT freed 386K, 8% free 9860K/10695K, paused 2ms+2ms
D/dalvikvm(  152): GC_CONCURRENT freed 915K, 11% free 13117K/14663K, paused 2ms+5ms
I/EventLogService(  456): Aggregate from 1333748195786 (log), 1333747987178 (data)
I/ServiceDumpSys(  456): dumping service [account]
W/Smack/Packet(  456): notify conn break (IOEx), close connection
I/qtaguid (  456): Failed write_ctrl(u 68) res=-1 errno=22
I/qtaguid (  456): Untagging socket 68 failed errno=-22
W/NetworkManagementSocketTagger(  456): untagSocket(68) failed with errno -22
D/ConnectivityService(  152): handleInetConditionHoldEnd: net=0, condition=0, published condition=100
I/GTalkService/c(  456): [AndroidEndpoint@1094720768] connect: acct=1000001, state=CONNECTING
D/dalvikvm(  456): GC_CONCURRENT freed 400K, 7% free 10044K/10759K, paused 2ms+3ms
D/dalvikvm( 1319): GC_CONCURRENT freed 385K, 7% free 10001K/10695K, paused 2ms+2ms
D/ConnectivityService(  152): handleInetConditionHoldEnd: net=0, condition=100, published condition=0
W/Smack/Packet(  456): notify conn break (IOEx), close connection
D/ConnectivityService(  152): handleInetConditionHoldEnd: net=0, condition=0, published condition=100
I/GTalkService/c(  456): [AndroidEndpoint@1094720768] connect: acct=1000001, state=CONNECTING
D/dalvikvm(  456): GC_CONCURRENT freed 399K, 7% free 10057K/10759K, paused 1ms+3ms
D/ConnectivityService(  152): handleInetConditionHoldEnd: net=0, condition=100, published condition=0
W/Smack/Packet(  456): notify conn break (IOEx), close connection
D/ConnectivityService(  152): handleInetConditionHoldEnd: net=0, condition=0, published condition=100
I/GTalkService/c(  456): [AndroidEndpoint@1094720768] connect: acct=1000001, state=CONNECTING
D/dalvikvm(  152): GC_CONCURRENT freed 961K, 11% free 13089K/14663K, paused 17ms+5ms
D/dalvikvm(  152): GC_EXPLICIT freed 95K, 12% free 12996K/14663K, paused 19ms+4ms
D/ConnectivityService(  152): handleInetConditionHoldEnd: net=0, condition=100, published condition=0
W/Smack/Packet(  456): notify conn break (IOEx), close connection
D/ConnectivityService(  152): handleInetConditionHoldEnd: net=0, condition=0, published condition=100
I/GTalkService/c(  456): [AndroidEndpoint@1094720768] connect: acct=1000001, state=CONNECTING
D/dalvikvm(  456): GC_CONCURRENT freed 387K, 7% free 10076K/10759K, paused 2ms+3ms
D/ConnectivityService(  152): handleInetConditionHoldEnd: net=0, condition=100, published condition=0
W/Smack/Packet(  456): notify conn break (IOEx), close connection
D/ConnectivityService(  152): handleInetConditionHoldEnd: net=0, condition=0, published condition=100
I/GTalkService/c(  456): [AndroidEndpoint@1094720768] connect: acct=1000001, state=CONNECTING
D/ConnectivityService(  152): handleInetConditionHoldEnd: net=0, condition=100, published condition=0
W/Smack/Packet(  456): notify conn break (IOEx), close connection
D/ConnectivityService(  152): handleInetConditionHoldEnd: net=0, condition=0, published condition=100
I/GTalkService/c(  456): [AndroidEndpoint@1094720768] connect: acct=1000001, state=CONNECTING
D/dalvikvm(  456): GC_CONCURRENT freed 413K, 7% free 10057K/10759K, paused 14ms+2ms
D/ConnectivityService(  152): handleInetConditionHoldEnd: net=0, condition=100, published condition=0
W/Smack/Packet(  456): notify conn break (IOEx), close connection
D/ConnectivityService(  152): handleInetConditionHoldEnd: net=0, condition=0, published condition=100
I/GTalkService/c(  456): [AndroidEndpoint@1094720768] connect: acct=1000001, state=CONNECTING
D/dalvikvm(  456): GC_CONCURRENT freed 385K, 7% free 10065K/10759K, paused 2ms+3ms
D/ConnectivityService(  152): handleInetConditionHoldEnd: net=0, condition=100, published condition=0
W/Smack/Packet(  456): notify conn break (IOEx), close connection
D/ConnectivityService(  152): handleInetConditionHoldEnd: net=0, condition=0, published condition=100
I/GTalkService/c(  456): [AndroidEndpoint@1094720768] connect: acct=1000001, state=CONNECTING
D/ConnectivityService(  152): handleInetConditionHoldEnd: net=0, condition=100, published condition=0
W/Smack/Packet(  456): notify conn break (IOEx), close connection
D/ConnectivityService(  152): handleInetConditionHoldEnd: net=0, condition=0, published condition=100
I/GTalkService/c(  456): [AndroidEndpoint@1094720768] connect: acct=1000001, state=CONNECTING
D/dalvikvm(  456): GC_CONCURRENT freed 383K, 7% free 10077K/10759K, paused 2ms+3ms
D/ConnectivityService(  152): handleInetConditionHoldEnd: net=0, condition=100, published condition=0
W/Smack/Packet(  456): notify conn break (IOEx), close connection
D/ConnectivityService(  152): handleInetConditionHoldEnd: net=0, condition=0, published condition=100
I/GTalkService/c(  456): [AndroidEndpoint@1094720768] connect: acct=1000001, state=CONNECTING
D/ConnectivityService(  152): handleInetConditionHoldEnd: net=0, condition=100, published condition=0
W/Smack/Packet(  456): notify conn break (IOEx), close connection
D/ConnectivityService(  152): handleInetConditionHoldEnd: net=0, condition=0, published condition=100
I/GTalkService/c(  456): [AndroidEndpoint@1094720768] connect: acct=1000001, state=CONNECTING
D/dalvikvm(  456): GC_CONCURRENT freed 413K, 7% free 10058K/10759K, paused 15ms+3ms
D/ConnectivityService(  152): handleInetConditionHoldEnd: net=0, condition=100, published condition=0
W/Smack/Packet(  456): notify conn break (IOEx), close connection
D/ConnectivityService(  152): handleInetConditionHoldEnd: net=0, condition=0, published condition=100
I/GTalkService/c(  456): [AndroidEndpoint@1094720768] connect: acct=1000001, state=CONNECTING
D/dalvikvm(  456): GC_CONCURRENT freed 385K, 7% free 10066K/10759K, paused 1ms+2ms
D/ConnectivityService(  152): handleInetConditionHoldEnd: net=0, condition=100, published condition=0
W/Smack/Packet(  456): notify conn break (IOEx), close connection
D/ConnectivityService(  152): handleInetConditionHoldEnd: net=0, condition=0, published condition=100
I/GTalkService/c(  456): [AndroidEndpoint@1094720768] connect: acct=1000001, state=CONNECTING
D/ConnectivityService(  152): handleInetConditionHoldEnd: net=0, condition=100, published condition=0
W/Smack/Packet(  456): notify conn break (IOEx), close connection
D/ConnectivityService(  152): handleInetConditionHoldEnd: net=0, condition=0, published condition=100
I/GTalkService/c(  456): [AndroidEndpoint@1094720768] connect: acct=1000001, state=CONNECTING
D/dalvikvm(  456): GC_CONCURRENT freed 393K, 7% free 10078K/10759K, paused 2ms+4ms
D/ConnectivityService(  152): handleInetConditionHoldEnd: net=0, condition=100, published condition=0
D/dalvikvm(  219): GC_CONCURRENT freed 390K, 8% free 9854K/10695K, paused 11ms+2ms
W/Smack/Packet(  456): notify conn break (IOEx), close connection
D/ConnectivityService(  152): handleInetConditionHoldEnd: net=0, condition=0, published condition=100
I/GTalkService/c(  456): [AndroidEndpoint@1094720768] connect: acct=1000001, state=CONNECTING
D/ConnectivityService(  152): handleInetConditionHoldEnd: net=0, condition=100, published condition=0
D/dalvikvm(  152): GC_CONCURRENT freed 842K, 11% free 13104K/14663K, paused 16ms+5ms
W/Smack/Packet(  456): notify conn break (IOEx), close connection
D/ConnectivityService(  152): handleInetConditionHoldEnd: net=0, condition=0, published condition=100
I/GTalkService/c(  456): [AndroidEndpoint@1094720768] connect: acct=1000001, state=CONNECTING
D/dalvikvm(  456): GC_CONCURRENT freed 420K, 7% free 10047K/10759K, paused 14ms+3ms
D/ConnectivityService(  152): handleInetConditionHoldEnd: net=0, condition=100, published condition=0
W/Smack/Packet(  456): notify conn break (IOEx), close connection
D/ConnectivityService(  152): handleInetConditionHoldEnd: net=0, condition=0, published condition=100
I/GTalkService/c(  456): [AndroidEndpoint@1094720768] connect: acct=1000001, state=CONNECTING
D/dalvikvm(  456): GC_CONCURRENT freed 392K, 7% free 10057K/10759K, paused 2ms+2ms
D/ConnectivityService(  152): handleInetConditionHoldEnd: net=0, condition=100, published condition=0
W/Smack/Packet(  456): notify conn break (IOEx), close connection
D/ConnectivityService(  152): handleInetConditionHoldEnd: net=0, condition=0, published condition=100
I/GTalkService/c(  456): [AndroidEndpoint@1094720768] connect: acct=1000001, state=CONNECTING
D/dalvikvm(  152): GC_EXPLICIT freed 244K, 12% free 13019K/14663K, paused 20ms+5ms
D/ConnectivityService(  152): handleInetConditionHoldEnd: net=0, condition=100, published condition=0
W/Smack/Packet(  456): notify conn break (IOEx), close connection
D/ConnectivityService(  152): handleInetConditionHoldEnd: net=0, condition=0, published condition=100
I/GTalkService/c(  456): [AndroidEndpoint@1094720768] connect: acct=1000001, state=CONNECTING
D/dalvikvm(  456): GC_CONCURRENT freed 383K, 7% free 10081K/10759K, paused 1ms+3ms
D/ConnectivityService(  152): handleInetConditionHoldEnd: net=0, condition=100, published condition=0
W/Smack/Packet(  456): notify conn break (IOEx), close connection
D/ConnectivityService(  152): handleInetConditionHoldEnd: net=0, condition=0, published condition=100
I/GTalkService/c(  456): [AndroidEndpoint@1094720768] connect: acct=1000001, state=CONNECTING
D/ConnectivityService(  152): handleInetConditionHoldEnd: net=0, condition=100, published condition=0
W/Smack/Packet(  456): notify conn break (IOEx), close connection
D/ConnectivityService(  152): handleInetConditionHoldEnd: net=0, condition=0, published condition=100
I/GTalkService/c(  456): [AndroidEndpoint@1094720768] connect: acct=1000001, state=CONNECTING
D/dalvikvm(  456): GC_CONCURRENT freed 417K, 7% free 10058K/10759K, paused 14ms+3ms
D/ConnectivityService(  152): handleInetConditionHoldEnd: net=0, condition=100, published condition=0
W/Smack/Packet(  456): notify conn break (IOEx), close connection
D/ConnectivityService(  152): handleInetConditionHoldEnd: net=0, condition=0, published condition=100
I/GTalkService/c(  456): [AndroidEndpoint@1094720768] connect: acct=1000001, state=CONNECTING
D/dalvikvm(  456): GC_CONCURRENT freed 386K, 7% free 10065K/10759K, paused 4ms+6ms
D/ConnectivityService(  152): handleInetConditionHoldEnd: net=0, condition=100, published condition=0
W/Smack/Packet(  456): notify conn break (IOEx), close connection
D/ConnectivityService(  152): handleInetConditionHoldEnd: net=0, condition=0, published condition=100
I/GTalkService/c(  456): [AndroidEndpoint@1094720768] connect: acct=1000001, state=CONNECTING
D/ConnectivityService(  152): handleInetConditionHoldEnd: net=0, condition=100, published condition=0
W/Smack/Packet(  456): notify conn break (IOEx), close connection
D/ConnectivityService(  152): handleInetConditionHoldEnd: net=0, condition=0, published condition=100
I/GTalkService/c(  456): [AndroidEndpoint@1094720768] connect: acct=1000001, state=CONNECTING
D/dalvikvm(  456): GC_CONCURRENT freed 381K, 7% free 10079K/10759K, paused 2ms+3ms
D/ConnectivityService(  152): handleInetConditionHoldEnd: net=0, condition=100, published condition=0
W/Smack/Packet(  456): notify conn break (IOEx), close connection
D/ConnectivityService(  152): handleInetConditionHoldEnd: net=0, condition=0, published condition=100
I/GTalkService/c(  456): [AndroidEndpoint@1094720768] connect: acct=1000001, state=CONNECTING
D/ConnectivityService(  152): handleInetConditionHoldEnd: net=0, condition=100, published condition=0
W/Smack/Packet(  456): notify conn break (IOEx), close connection
D/ConnectivityService(  152): handleInetConditionHoldEnd: net=0, condition=0, published condition=100
I/GTalkService/c(  456): [AndroidEndpoint@1094720768] connect: acct=1000001, state=CONNECTING
D/dalvikvm(  456): GC_CONCURRENT freed 415K, 7% free 10058K/10759K, paused 14ms+3ms
D/ConnectivityService(  152): handleInetConditionHoldEnd: net=0, condition=100, published condition=0
W/Smack/Packet(  456): notify conn break (IOEx), close connection
D/ConnectivityService(  152): handleInetConditionHoldEnd: net=0, condition=0, published condition=100
I/GTalkService/c(  456): [AndroidEndpoint@1094720768] connect: acct=1000001, state=CONNECTING
D/dalvikvm(  456): GC_CONCURRENT freed 385K, 7% free 10066K/10759K, paused 2ms+3ms
D/ConnectivityService(  152): handleInetConditionHoldEnd: net=0, condition=100, published condition=0
W/Smack/Packet(  456): notify conn break (IOEx), close connection
D/ConnectivityService(  152): handleInetConditionHoldEnd: net=0, condition=0, published condition=100
I/GTalkService/c(  456): [AndroidEndpoint@1094720768] connect: acct=1000001, state=CONNECTING
D/ConnectivityService(  152): handleInetConditionHoldEnd: net=0, condition=100, published condition=0
W/Smack/Packet(  456): notify conn break (IOEx), close connection
D/ConnectivityService(  152): handleInetConditionHoldEnd: net=0, condition=0, published condition=100
I/GTalkService/c(  456): [AndroidEndpoint@1094720768] connect: acct=1000001, state=CONNECTING
D/dalvikvm(  456): GC_CONCURRENT freed 380K, 7% free 10080K/10759K, paused 1ms+3ms
W/Smack/Packet(  456): notify conn break (IOEx), close connection
D/ConnectivityService(  152): handleInetConditionHoldEnd: net=0, condition=0, published condition=0
I/GTalkService/c(  456): [AndroidEndpoint@1094720768] connect: acct=1000001, state=CONNECTING
D/ConnectivityService(  152): handleInetConditionHoldEnd: net=0, condition=100, published condition=0
W/Smack/Packet(  456): notify conn break (IOEx), close connection
D/ConnectivityService(  152): handleInetConditionHoldEnd: net=0, condition=0, published condition=100
I/GTalkService/c(  456): [AndroidEndpoint@1094720768] connect: acct=1000001, state=CONNECTING
D/dalvikvm(  456): GC_CONCURRENT freed 413K, 7% free 10059K/10759K, paused 14ms+3ms
D/dalvikvm(  152): GC_CONCURRENT freed 801K, 11% free 13092K/14663K, paused 2ms+5ms
D/ConnectivityService(  152): handleInetConditionHoldEnd: net=0, condition=100, published condition=0
D/AlarmManagerService(  152): Kernel timezone updated to 240 minutes west of GMT
D/SystemClock(  315): Setting time of day to sec=1333751386
V/AlarmClock(  558): AlarmInitReceiver finished
D/dalvikvm(  315): GC_CONCURRENT freed 383K, 7% free 9496K/10119K, paused 1ms+2ms
I/EventLogService(  456): Aggregate from 1333749787318 (log), 1333749787318 (data)
I/ServiceDumpSys(  456): dumping service [account]
D/dalvikvm(  219): GC_CONCURRENT freed 385K, 8% free 9855K/10695K, paused 2ms+2ms
D/dalvikvm(  152): GC_EXPLICIT freed 886K, 11% free 13075K/14663K, paused 25ms+5ms
I/power   (  152): *** set_screen_state 1
I/WindowManager(  152): Lock screen displayed!
D/PicasaSyncManager( 1018): battery info: false
D/SurfaceFlinger(   78): Screen about to return, flinger = 0xbe2918
D/PhoneStatusBar(  219): disable: < expand icons alerts ticker system_info BACK HOME recent* CLOCK >
D/PhoneStatusBar(  219): disable: < expand icons alerts ticker system_info back* home* recent clock* >
D/NfcService(  329): NFC-C ON
W/InputManagerService(  152): Window already focused, ignoring focus gain of: com.android.internal.view.IInputMethodClient$Stub$Proxy@41742ab0
D/PhoneStatusBar(  219): disable: < EXPAND* icons alerts ticker system_info back home recent clock >
D/AudioHardware(   81): AudioHardware pcm playback is exiting standby.
D/AudioHardware(   81): openPcmOut_l() mPcmOpenCnt: 0
D/BluetoothAdapterStateMachine(  152): HotOff process message: 55
D/BluetoothEventLoop(  152): Property Changed: UUIDs : 9
E/BluetoothService.cpp(  152): setBluetoothTetheringNative false
D/BluetoothEventLoop(  152): Property Changed: UUIDs : 8
D/BluetoothEventLoop(  152): Property Changed: UUIDs : 7
D/BluetoothEventLoop(  152): Property Changed: UUIDs : 6
D/BluetoothEventLoop(  152): Property Changed: UUIDs : 5
I/bluedroid(  152): Stopping bluetoothd deamon
W/InputManagerService(  152): Window already focused, ignoring focus gain of: com.android.internal.view.IInputMethodClient$Stub$Proxy@41489370
D/PhoneStatusBar(  219): disable: < expand* icons alerts ticker system_info back home recent clock >
I/NfcService(  329): Disabling NFC
D/NdefPushServer(  329): stop, thread = Thread[Thread-36,5,main]
D/NdefPushServer(  329): shuting down server thread
D/NFC JNI (  329): Terminating client thread...
D/NFC JNI (  329): phLibNfc_Mgt_UnConfigureDriver() returned 0x0000[NFCSTATUS_SUCCESS]
I/bluedroid(  152): Stopping hciattach deamon
D/BluetoothAdapterStateMachine(  152): Bluetooth state 10 -> 10
D/AudioHardware(   81): AudioHardware pcm playback is going to standby.
D/AudioHardware(   81): closePcmOut_l() mPcmOpenCnt: 1
D/ConnectivityService(  152): ConnectivityChange for mobile: DISCONNECTED/DISCONNECTED
D/ConnectivityService(  152): Attempting to switch to wifi
D/ConnectivityService(  152): Attempting to switch to BLUETOOTH_TETHER
D/NetUtils(  152): android_net_utils_resetConnections in env=0x25ccd0 clazz=0xf4400001 iface=rmnet0 mask=0x3
D/ConnectivityService(  152): resetConnections(rmnet0, 3)
W/Smack/Packet(  456): notify conn break (IOEx), close connection
I/qtaguid (  456): Failed write_ctrl(u 68) res=-1 errno=22
I/qtaguid (  456): Untagging socket 68 failed errno=-22
W/NetworkManagementSocketTagger(  456): untagSocket(68) failed with errno -22
D/ConnectivityService(  152): handleInetConditionChange: no active default network - ignore
D/Tethering(  152): MasterInitialState.processMessage what=3
D/NetworkLocator(  456): null cell state delivered
D/NetworkLocator(  456): null cell state delivered
I/MediaUploader( 1001): No need to wake up
D/PicasaSyncManager( 1018): active network: null
D/PicasaSyncManager( 1018): background data: true
D/dalvikvm(  456): GC_CONCURRENT freed 442K, 7% free 10015K/10759K, paused 4ms+3ms
D/dalvikvm(  152): GC_CONCURRENT freed 862K, 11% free 13112K/14663K, paused 11ms+5ms
I/power   (  152): *** set_screen_state 0
D/SurfaceFlinger(   78): About to give-up screen, flinger = 0xbe2918
D/dalvikvm(  152): GC_FOR_ALLOC freed 859K, 14% free 12699K/14663K, paused 39ms
V/TransportControlView(  152): Create TCV com.android.internal.widget.TransportControlView@41349ce0
D/PhoneStatusBar(  219): disable: < expand icons alerts ticker system_info back home RECENT* clock >
D/PhoneStatusBar(  219): disable: < expand icons alerts ticker system_info BACK* HOME* RECENT CLOCK* >
I/EventLogService(  456): Aggregate from 1333751587441 (log), 1333751587441 (data)
I/ServiceDumpSys(  456): dumping service [account]
D/dalvikvm(  152): GC_CONCURRENT freed 294K, 10% free 13212K/14663K, paused 3ms+5ms
I/EventLogService(  456): Aggregate from 1333753387555 (log), 1333753387555 (data)
I/ServiceDumpSys(  456): dumping service [account]
I/SystemUpdateService(  456): download in progress: [id: 14 compl: false succ: false bytes: 0 reason: 0 fn: null]
I/SystemUpdateService(  456): download took too long; will cancel and retry
V/SystemUpdateService(  456): retry (wakeup: true) in 89869 ms
V/SystemUpdateService(  456): onPostExecute: false
I/SystemUpdateService(  456): starting download of http://android.clients.google.com/packages/ota/google_crespo/hR7QFEtn.zip
V/SystemUpdateService(  456): retry (wakeup: true) in 21599993 ms
D/dalvikvm(  456): GC_EXPLICIT freed 342K, 8% free 9990K/10759K, paused 8ms+3ms
I/SystemUpdate.Download(  456): Started a new update download: http://android.clients.google.com/packages/ota/google_crespo/hR7QFEtn.zip (id 15; allowMobile=false)
V/SystemUpdateService(  456): onPostExecute: false
I/DownloadManager(  266): Initiating request for download 15
W/DownloadManager(  266): Aborting request for download 15: no network connection available
I/EventLogService(  456): Aggregate from 1333755187703 (log), 1333755187703 (data)
I/ServiceDumpSys(  456): dumping service [account]
D/dalvikvm(  152): GC_CONCURRENT freed 914K, 10% free 13259K/14663K, paused 3ms+4ms
I/EventLogService(  456): Aggregate from 1333756987863 (log), 1333756987863 (data)
I/ServiceDumpSys(  456): dumping service [account]
I/EventLogService(  456): Aggregate from 1333758787969 (log), 1333758787969 (data)
I/ServiceDumpSys(  456): dumping service [account]
I/EventLogService(  456): Aggregate from 1333760588097 (log), 1333760588097 (data)
I/ServiceDumpSys(  456): dumping service [account]
D/dalvikvm(  152): GC_CONCURRENT freed 956K, 10% free 13248K/14663K, paused 3ms+8ms
I/EventLogService(  456): Aggregate from 1333762388200 (log), 1333762388200 (data)
I/ServiceDumpSys(  456): dumping service [account]
D/dalvikvm(  456): GC_FOR_ALLOC freed 363K, 8% free 9992K/10759K, paused 18ms
I/EventLogService(  456): Aggregate from 1333764188306 (log), 1333764188306 (data)
I/ServiceDumpSys(  456): dumping service [account]
D/dalvikvm(  152): GC_CONCURRENT freed 922K, 10% free 13260K/14663K, paused 2ms+5ms
I/EventLogService(  456): Aggregate from 1333765988407 (log), 1333765988407 (data)
I/ServiceDumpSys(  456): dumping service [account]
D/dalvikvm(  219): GC_CONCURRENT freed 378K, 8% free 9865K/10695K, paused 2ms+3ms
I/EventLogService(  456): Aggregate from 1333767788517 (log), 1333767788517 (data)
I/ServiceDumpSys(  456): dumping service [account]
D/AlarmManagerService(  152): Kernel timezone updated to 240 minutes west of GMT
I/ActivityManager(  152): Start proc com.google.android.inputmethod.latin.dictionarypack for broadcast com.google.android.inputmethod.latin.dictionarypack/.UpdateHandler: pid=2044 uid=10027 gids={3003, 1015}
I/ActivityThread( 2044): Pub com.android.inputmethod.latin.dictionarypack: com.google.android.inputmethod.latin.dictionarypack.DictionaryProvider
I/EventLogService(  456): Aggregate from 1333769588614 (log), 1333769588614 (data)
I/ServiceDumpSys(  456): dumping service [account]
D/dalvikvm(  152): GC_CONCURRENT freed 947K, 10% free 13267K/14663K, paused 2ms+9ms
I/EventLogService(  456): Aggregate from 1333771388728 (log), 1333771388728 (data)
I/ServiceDumpSys(  456): dumping service [account]
D/dalvikvm(  456): GC_FOR_ALLOC freed 358K, 8% free 9989K/10759K, paused 19ms
I/EventLogService(  456): Aggregate from 1333773188831 (log), 1333773188831 (data)
I/ServiceDumpSys(  456): dumping service [account]
I/EventLogService(  456): Aggregate from 1333774988942 (log), 1333774988942 (data)
I/ServiceDumpSys(  456): dumping service [account]
D/dalvikvm(  152): GC_CONCURRENT freed 960K, 10% free 13269K/14663K, paused 4ms+5ms
I/SystemUpdateService(  456): download in progress: [id: 15 compl: false succ: false bytes: 0 reason: 0 fn: null]
I/SystemUpdateService(  456): download took too long; will cancel and retry
V/SystemUpdateService(  456): retry (wakeup: true) in 149843 ms
V/SystemUpdateService(  456): onPostExecute: false
I/SystemUpdateService(  456): starting download of http://android.clients.google.com/packages/ota/google_crespo/hR7QFEtn.zip
V/SystemUpdateService(  456): retry (wakeup: true) in 21599997 ms
I/SystemUpdate.Download(  456): Started a new update download: http://android.clients.google.com/packages/ota/google_crespo/hR7QFEtn.zip (id 16; allowMobile=false)
D/dalvikvm(  456): GC_FOR_ALLOC freed 345K, 8% free 9991K/10759K, paused 18ms
V/SystemUpdateService(  456): onPostExecute: false
D/dalvikvm(  266): GC_CONCURRENT freed 354K, 5% free 9317K/9799K, paused 2ms+4ms
I/DownloadManager(  266): Initiating request for download 16
W/DownloadManager(  266): Aborting request for download 16: no network connection available
D/dalvikvm(  152): GC_EXPLICIT freed 376K, 10% free 13237K/14663K, paused 11ms+4ms
I/EventLogService(  456): Aggregate from 1333776789043 (log), 1333776789043 (data)
I/ServiceDumpSys(  456): dumping service [account]
D/dalvikvm(  219): GC_CONCURRENT freed 315K, 7% free 9949K/10695K, paused 2ms+5ms
I/EventLogService(  456): Aggregate from 1333778589674 (log), 1333778589674 (data)
I/ServiceDumpSys(  456): dumping service [account]
I/DownloadManager(  266): Initiating request for download 17
W/DownloadManager(  266): Aborting request for download 17: no network connection available
I/EventLogService(  456): Aggregate from 1333780389850 (log), 1333780389850 (data)
I/ServiceDumpSys(  456): dumping service [account]
D/dalvikvm(  152): GC_CONCURRENT freed 904K, 10% free 13268K/14663K, paused 2ms+5ms
I/EventLogService(  456): Aggregate from 1333782189970 (log), 1333782189970 (data)
I/ServiceDumpSys(  456): dumping service [account]
I/EventLogService(  456): Aggregate from 1333783990107 (log), 1333783990107 (data)
I/ServiceDumpSys(  456): dumping service [account]
D/dalvikvm(  456): GC_FOR_ALLOC freed 369K, 8% free 9989K/10759K, paused 19ms
I/EventLogService(  456): Aggregate from 1333785790226 (log), 1333785790226 (data)
I/ServiceDumpSys(  456): dumping service [account]
D/dalvikvm(  152): GC_CONCURRENT freed 930K, 10% free 13275K/14663K, paused 3ms+8ms
I/EventLogService(  456): Aggregate from 1333787590338 (log), 1333787590338 (data)
I/ServiceDumpSys(  456): dumping service [account]
D/dalvikvm(  219): GC_CONCURRENT freed 384K, 7% free 9950K/10695K, paused 2ms+4ms
I/EventLogService(  456): Aggregate from 1333789390466 (log), 1333789390466 (data)
I/ServiceDumpSys(  456): dumping service [account]
D/dalvikvm(  152): GC_CONCURRENT freed 937K, 10% free 13279K/14663K, paused 3ms+4ms
I/EventLogService(  456): Aggregate from 1333791190576 (log), 1333791190576 (data)
I/ServiceDumpSys(  456): dumping service [account]
D/dalvikvm(  315): GC_CONCURRENT freed 388K, 7% free 9492K/10119K, paused 2ms+2ms
I/EventLogService(  456): Aggregate from 1333792990700 (log), 1333792990700 (data)
I/ServiceDumpSys(  456): dumping service [account]
D/dalvikvm(  456): GC_FOR_ALLOC freed 370K, 8% free 9988K/10759K, paused 21ms
I/EventLogService(  456): Aggregate from 1333794790821 (log), 1333794790821 (data)
I/ServiceDumpSys(  456): dumping service [account]
D/dalvikvm(  152): GC_CONCURRENT freed 1005K, 10% free 13308K/14663K, paused 2ms+5ms
I/EventLogService(  456): Aggregate from 1333796590950 (log), 1333796590950 (data)
I/ServiceDumpSys(  456): dumping service [account]
I/SystemUpdateService(  456): download in progress: [id: 16 compl: false succ: false bytes: 0 reason: 0 fn: null]
I/SystemUpdateService(  456): download took too long; will cancel and retry
V/SystemUpdateService(  456): retry (wakeup: true) in 209889 ms
V/SystemUpdateService(  456): onPostExecute: false
D/dalvikvm(  219): GC_CONCURRENT freed 390K, 7% free 9949K/10695K, paused 2ms+5ms
I/SystemUpdateService(  456): starting download of http://android.clients.google.com/packages/ota/google_crespo/hR7QFEtn.zip
V/SystemUpdateService(  456): retry (wakeup: true) in 21599994 ms
I/SystemUpdate.Download(  456): Started a new update download: http://android.clients.google.com/packages/ota/google_crespo/hR7QFEtn.zip (id 18; allowMobile=false)
D/dalvikvm(  456): GC_FOR_ALLOC freed 347K, 8% free 9990K/10759K, paused 24ms
V/SystemUpdateService(  456): onPostExecute: false
I/DownloadManager(  266): Initiating request for download 18
W/DownloadManager(  266): Aborting request for download 18: no network connection available
I/EventLogService(  456): Aggregate from 1333798391072 (log), 1333798391072 (data)
I/ServiceDumpSys(  456): dumping service [account]
I/EventLogService(  456): Aggregate from 1333800191184 (log), 1333800191184 (data)
I/ServiceDumpSys(  456): dumping service [account]
D/dalvikvm(  152): GC_CONCURRENT freed 1030K, 10% free 13290K/14663K, paused 4ms+5ms
I/EventLogService(  456): Aggregate from 1333801991295 (log), 1333801991295 (data)
I/ServiceDumpSys(  456): dumping service [account]
I/EventLogService(  456): Aggregate from 1333803791396 (log), 1333803791396 (data)
I/ServiceDumpSys(  456): dumping service [account]
I/EventLogService(  456): Aggregate from 1333805591505 (log), 1333805591505 (data)
I/ServiceDumpSys(  456): dumping service [account]
D/dalvikvm(  456): GC_FOR_ALLOC freed 380K, 8% free 9988K/10759K, paused 67ms
D/dalvikvm(  152): GC_CONCURRENT freed 962K, 10% free 13281K/14663K, paused 3ms+8ms
D/dalvikvm(  219): GC_CONCURRENT freed 387K, 7% free 9954K/10695K, paused 2ms+5ms
I/EventLogService(  456): Aggregate from 1333807391606 (log), 1333807391606 (data)
I/ServiceDumpSys(  456): dumping service [account]
I/EventLogService(  456): Aggregate from 1333809192064 (log), 1333809192064 (data)
I/ServiceDumpSys(  456): dumping service [account]
D/dalvikvm(  152): GC_CONCURRENT freed 958K, 10% free 13279K/14663K, paused 5ms+6ms
I/EventLogService(  456): Aggregate from 1333810992178 (log), 1333810992178 (data)
I/ServiceDumpSys(  456): dumping service [account]
D/Finsky  (  889): [1] UpdateCheckReceiver.updateCheckIfNecessary: Force checking for available updates.
D/Finsky  (  889): [1] UpdatesAvailableReceiver.onReceive: Received updates available notification
E/Finsky  (  889): [1] UpdatesAvailableReceiver.onReceive: Could not set up current account / dfe api when receiving an updates available broadcast.
I/EventLogService(  456): Aggregate from 1333812792283 (log), 1333812792283 (data)
I/ServiceDumpSys(  456): dumping service [account]
I/EventLogService(  456): Aggregate from 1333814592392 (log), 1333814592392 (data)
I/ServiceDumpSys(  456): dumping service [account]
D/dalvikvm(  456): GC_FOR_ALLOC freed 381K, 8% free 9989K/10759K, paused 18ms
D/dalvikvm(  152): GC_CONCURRENT freed 1025K, 10% free 13301K/14663K, paused 2ms+5ms
I/EventLogService(  456): Aggregate from 1333816392501 (log), 1333816392501 (data)
I/ServiceDumpSys(  456): dumping service [account]
D/dalvikvm(  219): GC_CONCURRENT freed 386K, 7% free 9954K/10695K, paused 2ms+4ms
I/EventLogService(  456): Aggregate from 1333818192605 (log), 1333818192605 (data)
I/ServiceDumpSys(  456): dumping service [account]
D/dalvikvm(  266): GC_EXPLICIT freed 318K, 6% free 9259K/9799K, paused 1ms+3ms
I/SystemUpdateService(  456): download in progress: [id: 18 compl: false succ: false bytes: 0 reason: 0 fn: null]
I/SystemUpdateService(  456): download took too long; will cancel and retry
V/SystemUpdateService(  456): retry (wakeup: true) in 269918 ms
V/SystemUpdateService(  456): onPostExecute: false
D/dalvikvm(  152): GC_EXPLICIT freed 604K, 10% free 13274K/14663K, paused 3ms+6ms
I/SystemUpdateService(  456): starting download of http://android.clients.google.com/packages/ota/google_crespo/hR7QFEtn.zip
V/SystemUpdateService(  456): retry (wakeup: true) in 21599997 ms
I/SystemUpdate.Download(  456): Started a new update download: http://android.clients.google.com/packages/ota/google_crespo/hR7QFEtn.zip (id 19; allowMobile=false)
D/dalvikvm(  456): GC_FOR_ALLOC freed 356K, 8% free 9990K/10759K, paused 18ms
V/SystemUpdateService(  456): onPostExecute: false
I/DownloadManager(  266): Initiating request for download 19
W/DownloadManager(  266): Aborting request for download 19: no network connection available
I/EventLogService(  456): Aggregate from 1333819992712 (log), 1333819992712 (data)
I/ServiceDumpSys(  456): dumping service [account]
I/EventLogService(  456): Aggregate from 1333821792862 (log), 1333821792862 (data)
I/ServiceDumpSys(  456): dumping service [account]
D/dalvikvm(  152): GC_CONCURRENT freed 931K, 10% free 13301K/14663K, paused 2ms+5ms
I/EventLogService(  456): Aggregate from 1333823592998 (log), 1333823592998 (data)
I/ServiceDumpSys(  456): dumping service [account]
I/EventLogService(  456): Aggregate from 1333825393114 (log), 1333825393114 (data)
I/ServiceDumpSys(  456): dumping service [account]
D/dalvikvm(  219): GC_CONCURRENT freed 395K, 7% free 9954K/10695K, paused 2ms+4ms
I/EventLogService(  456): Aggregate from 1333827193232 (log), 1333827193232 (data)
D/dalvikvm(  456): GC_CONCURRENT freed 365K, 7% free 10012K/10759K, paused 2ms+3ms
I/ServiceDumpSys(  456): dumping service [account]
D/dalvikvm(  456): GC_EXPLICIT freed 67K, 8% free 9974K/10759K, paused 2ms+2ms
D/dalvikvm(  152): GC_CONCURRENT freed 1043K, 10% free 13297K/14663K, paused 2ms+5ms
I/EventLogService(  456): Aggregate from 1333828993341 (log), 1333828993341 (data)
I/ServiceDumpSys(  456): dumping service [account]
I/EventLogService(  456): Aggregate from 1333830793482 (log), 1333830793482 (data)
I/ServiceDumpSys(  456): dumping service [account]
I/EventLogService(  456): Aggregate from 1333832593596 (log), 1333832593596 (data)
I/ServiceDumpSys(  456): dumping service [account]
D/dalvikvm(  152): GC_CONCURRENT freed 939K, 10% free 13309K/14663K, paused 2ms+6ms
I/EventLogService(  456): Aggregate from 1333834393701 (log), 1333834393701 (data)
I/ServiceDumpSys(  456): dumping service [account]
I/EventLogService(  456): Aggregate from 1333836193807 (log), 1333836193807 (data)
I/ServiceDumpSys(  456): dumping service [account]
D/dalvikvm(  456): GC_CONCURRENT freed 380K, 8% free 9989K/10759K, paused 3ms+3ms
D/dalvikvm(  219): GC_CONCURRENT freed 387K, 7% free 9955K/10695K, paused 1ms+4ms
I/EventLogService(  456): Aggregate from 1333837993920 (log), 1333837993920 (data)
I/ServiceDumpSys(  456): dumping service [account]
D/dalvikvm(  152): GC_CONCURRENT freed 974K, 10% free 13307K/14663K, paused 3ms+5ms
I/EventLogService(  456): Aggregate from 1333839794028 (log), 1333839794028 (data)
I/ServiceDumpSys(  456): dumping service [account]
I/SystemUpdateService(  456): download in progress: [id: 19 compl: false succ: false bytes: 0 reason: 0 fn: null]
I/SystemUpdateService(  456): download took too long; will cancel and retry
V/SystemUpdateService(  456): retry (wakeup: true) in 329916 ms
V/SystemUpdateService(  456): onPostExecute: false
I/SystemUpdateService(  456): starting download of http://android.clients.google.com/packages/ota/google_crespo/hR7QFEtn.zip
V/SystemUpdateService(  456): retry (wakeup: true) in 21599998 ms
I/SystemUpdate.Download(  456): Started a new update download: http://android.clients.google.com/packages/ota/google_crespo/hR7QFEtn.zip (id 20; allowMobile=false)
V/SystemUpdateService(  456): onPostExecute: false
I/DownloadManager(  266): Initiating request for download 20
W/DownloadManager(  266): Aborting request for download 20: no network connection available
I/EventLogService(  456): Aggregate from 1333841594153 (log), 1333841594153 (data)
I/ServiceDumpSys(  456): dumping service [account]
D/dalvikvm(  456): GC_CONCURRENT freed 384K, 8% free 9993K/10759K, paused 1ms+2ms
D/dalvikvm(  152): GC_CONCURRENT freed 1063K, 10% free 13313K/14663K, paused 2ms+6ms
I/EventLogService(  456): Aggregate from 1333843394276 (log), 1333843394276 (data)
I/ServiceDumpSys(  456): dumping service [account]
I/EventLogService(  456): Aggregate from 1333845194423 (log), 1333845194423 (data)
I/ServiceDumpSys(  456): dumping service [account]
D/dalvikvm(  219): GC_CONCURRENT freed 388K, 7% free 9954K/10695K, paused 2ms+4ms
I/EventLogService(  456): Aggregate from 1333846994524 (log), 1333846994524 (data)
I/ServiceDumpSys(  456): dumping service [account]
D/dalvikvm(  152): GC_CONCURRENT freed 1039K, 10% free 13313K/14663K, paused 3ms+4ms
I/EventLogService(  456): Aggregate from 1333848794640 (log), 1333848794640 (data)
I/ServiceDumpSys(  456): dumping service [account]
I/EventLogService(  456): Aggregate from 1333850594749 (log), 1333850594749 (data)
D/dalvikvm(  456): GC_CONCURRENT freed 386K, 8% free 9994K/10759K, paused 2ms+2ms
I/ServiceDumpSys(  456): dumping service [account]
I/EventLogService(  456): Aggregate from 1333852394915 (log), 1333852394915 (data)
I/ServiceDumpSys(  456): dumping service [account]
D/dalvikvm(  152): GC_CONCURRENT freed 1064K, 10% free 13319K/14663K, paused 2ms+8ms
I/EventLogService(  456): Aggregate from 1333854195079 (log), 1333854195079 (data)
I/ServiceDumpSys(  456): dumping service [account]
D/AlarmManagerService(  152): Kernel timezone updated to 240 minutes west of GMT
I/EventLogService(  456): Aggregate from 1333855995216 (log), 1333855995216 (data)
I/ServiceDumpSys(  456): dumping service [account]
D/dalvikvm(  219): GC_CONCURRENT freed 401K, 7% free 9954K/10695K, paused 6ms+4ms
I/EventLogService(  456): Aggregate from 1333857795345 (log), 1333857795345 (data)
I/ServiceDumpSys(  456): dumping service [account]
D/dalvikvm(  456): GC_CONCURRENT freed 376K, 7% free 10013K/10759K, paused 13ms+2ms
D/dalvikvm(  152): GC_CONCURRENT freed 951K, 10% free 13321K/14663K, paused 2ms+5ms
D/dalvikvm(  152): GC_EXPLICIT freed 255K, 10% free 13275K/14663K, paused 11ms+4ms
I/EventLogService(  456): Aggregate from 1333859595477 (log), 1333859595477 (data)
I/ServiceDumpSys(  456): dumping service [account]
I/DownloadManager(  266): Initiating request for download 21
W/DownloadManager(  266): Aborting request for download 21: no network connection available
I/EventLogService(  456): Aggregate from 1333861396518 (log), 1333861396518 (data)
I/ServiceDumpSys(  456): dumping service [account]
I/SystemUpdateService(  456): download in progress: [id: 20 compl: false succ: false bytes: 0 reason: 0 fn: null]
I/SystemUpdateService(  456): download took too long; will cancel and retry
D/dalvikvm(  266): GC_CONCURRENT freed 359K, 6% free 9302K/9799K, paused 2ms+3ms
V/SystemUpdateService(  456): retry (wakeup: true) in 389924 ms
V/SystemUpdateService(  456): onPostExecute: false
I/SystemUpdateService(  456): starting download of http://android.clients.google.com/packages/ota/google_crespo/hR7QFEtn.zip
V/SystemUpdateService(  456): retry (wakeup: true) in 21599998 ms
I/SystemUpdate.Download(  456): Started a new update download: http://android.clients.google.com/packages/ota/google_crespo/hR7QFEtn.zip (id 22; allowMobile=false)
D/dalvikvm(  456): GC_FOR_ALLOC freed 364K, 8% free 9991K/10759K, paused 25ms
V/SystemUpdateService(  456): onPostExecute: false
I/DownloadManager(  266): Initiating request for download 22
W/DownloadManager(  266): Aborting request for download 22: no network connection available
I/EventLogService(  456): Aggregate from 1333863196634 (log), 1333863196634 (data)
I/ServiceDumpSys(  456): dumping service [account]
D/dalvikvm(  152): GC_CONCURRENT freed 925K, 10% free 13327K/14663K, paused 3ms+5ms
I/EventLogService(  456): Aggregate from 1333864996712 (log), 1333864996712 (data)
I/ServiceDumpSys(  456): dumping service [account]
D/dalvikvm(  219): GC_CONCURRENT freed 388K, 7% free 9954K/10695K, paused 2ms+4ms
I/EventLogService(  456): Aggregate from 1333866796824 (log), 1333866796824 (data)
I/ServiceDumpSys(  456): dumping service [account]
I/EventLogService(  456): Aggregate from 1333868596940 (log), 1333868596940 (data)
I/ServiceDumpSys(  456): dumping service [account]
D/dalvikvm(  152): GC_CONCURRENT freed 963K, 10% free 13315K/14663K, paused 2ms+5ms
I/EventLogService(  456): Aggregate from 1333870397075 (log), 1333870397075 (data)
D/dalvikvm(  456): GC_CONCURRENT freed 400K, 8% free 10003K/10759K, paused 2ms+3ms
I/ServiceDumpSys(  456): dumping service [account]
I/EventLogService(  456): Aggregate from 1333872197196 (log), 1333872197196 (data)
I/ServiceDumpSys(  456): dumping service [account]
D/dalvikvm(  152): GC_CONCURRENT freed 962K, 10% free 13318K/14663K, paused 3ms+5ms
I/EventLogService(  456): Aggregate from 1333873997338 (log), 1333873997338 (data)
I/ServiceDumpSys(  456): dumping service [account]
D/dalvikvm( 1270): GC_CONCURRENT freed 429K, 6% free 10130K/10695K, paused 19ms+3ms
I/EventLogService(  456): Aggregate from 1333875797448 (log), 1333875797448 (data)
I/ServiceDumpSys(  456): dumping service [account]
D/dalvikvm(  219): GC_CONCURRENT freed 394K, 7% free 9954K/10695K, paused 1ms+5ms
I/EventLogService(  456): Aggregate from 1333877597551 (log), 1333877597551 (data)
I/ServiceDumpSys(  456): dumping service [account]
D/dalvikvm(  152): GC_CONCURRENT freed 1064K, 10% free 13325K/14663K, paused 2ms+6ms
I/EventLogService(  456): Aggregate from 1333879397654 (log), 1333879397654 (data)
D/dalvikvm(  456): GC_CONCURRENT freed 388K, 8% free 10004K/10759K, paused 2ms+2ms
I/ServiceDumpSys(  456): dumping service [account]
I/EventLogService(  456): Aggregate from 1333881197776 (log), 1333881197776 (data)
I/ServiceDumpSys(  456): dumping service [account]
I/EventLogService(  456): Aggregate from 1333882997963 (log), 1333882997963 (data)
I/ServiceDumpSys(  456): dumping service [account]
D/dalvikvm(  152): GC_CONCURRENT freed 1064K, 10% free 13339K/14663K, paused 2ms+9ms
I/SystemUpdateService(  456): download in progress: [id: 22 compl: false succ: false bytes: 0 reason: 0 fn: null]
I/SystemUpdateService(  456): download took too long; will cancel and retry
V/SystemUpdateService(  456): retry (wakeup: true) in 449914 ms
V/SystemUpdateService(  456): onPostExecute: false
I/EventLogService(  456): Aggregate from 1333884798097 (log), 1333884798097 (data)
D/dalvikvm(  456): GC_FOR_ALLOC freed 400K, 8% free 9988K/10759K, paused 20ms
D/dalvikvm(  456): GC_CONCURRENT freed 17K, 8% free 9997K/10759K, paused 2ms+3ms
I/ServiceDumpSys(  456): dumping service [account]
I/SystemUpdateService(  456): starting download of http://android.clients.google.com/packages/ota/google_crespo/hR7QFEtn.zip
V/SystemUpdateService(  456): retry (wakeup: true) in 21599998 ms
I/SystemUpdate.Download(  456): Started a new update download: http://android.clients.google.com/packages/ota/google_crespo/hR7QFEtn.zip (id 23; allowMobile=false)
V/SystemUpdateService(  456): onPostExecute: false
I/DownloadManager(  266): Initiating request for download 23
W/DownloadManager(  266): Aborting request for download 23: no network connection available
D/dalvikvm(  219): GC_CONCURRENT freed 393K, 7% free 9950K/10695K, paused 2ms+4ms
I/EventLogService(  456): Aggregate from 1333886598223 (log), 1333886598223 (data)
I/ServiceDumpSys(  456): dumping service [account]
I/EventLogService(  456): Aggregate from 1333888398411 (log), 1333888398411 (data)
I/ServiceDumpSys(  456): dumping service [account]
D/dalvikvm(  152): GC_CONCURRENT freed 1018K, 10% free 13329K/14663K, paused 2ms+5ms
I/EventLogService(  456): Aggregate from 1333890198548 (log), 1333890198548 (data)
I/ServiceDumpSys(  456): dumping service [account]
I/EventLogService(  456): Aggregate from 1333891998684 (log), 1333891998684 (data)
D/dalvikvm(  456): GC_CONCURRENT freed 381K, 8% free 10003K/10759K, paused 2ms+3ms
I/ServiceDumpSys(  456): dumping service [account]
D/dalvikvm(  152): GC_CONCURRENT freed 962K, 10% free 13326K/14663K, paused 7ms+5ms
D/dalvikvm(  152): GC_EXPLICIT freed 60K, 10% free 13279K/14663K, paused 3ms+5ms
I/EventLogService(  456): Aggregate from 1333893798806 (log), 1333893798806 (data)
I/ServiceDumpSys(  456): dumping service [account]
D/dalvikvm(  219): GC_CONCURRENT freed 386K, 7% free 9949K/10695K, paused 2ms+3ms
I/EventLogService(  456): Aggregate from 1333895599046 (log), 1333895599046 (data)
I/ServiceDumpSys(  456): dumping service [account]
I/EventLogService(  456): Aggregate from 1333897399169 (log), 1333897399169 (data)
I/ServiceDumpSys(  456): dumping service [account]
D/Finsky  (  889): [1] UpdateCheckReceiver.updateCheckIfNecessary: Force checking for available updates.
D/Finsky  (  889): [1] UpdatesAvailableReceiver.onReceive: Received updates available notification
E/Finsky  (  889): [1] UpdatesAvailableReceiver.onReceive: Could not set up current account / dfe api when receiving an updates available broadcast.
D/dalvikvm(  889): GC_CONCURRENT freed 360K, 5% free 9403K/9863K, paused 2ms+3ms
D/dalvikvm(  152): GC_CONCURRENT freed 993K, 10% free 13342K/14663K, paused 2ms+10ms
I/EventLogService(  456): Aggregate from 1333899199298 (log), 1333899199298 (data)
I/ServiceDumpSys(  456): dumping service [account]
D/dalvikvm(  456): GC_CONCURRENT freed 400K, 7% free 10012K/10759K, paused 4ms+8ms
I/EventLogService(  456): Aggregate from 1333900999420 (log), 1333900999420 (data)
I/ServiceDumpSys(  456): dumping service [account]
I/EventLogService(  456): Aggregate from 1333902799556 (log), 1333902799556 (data)
I/ServiceDumpSys(  456): dumping service [account]
D/dalvikvm(  152): GC_CONCURRENT freed 1061K, 9% free 13349K/14663K, paused 2ms+5ms
D/dalvikvm(  456): GC_EXPLICIT freed 208K, 8% free 9980K/10759K, paused 4ms+4ms
I/EventLogService(  456): Aggregate from 1333904599676 (log), 1333904599676 (data)
I/ServiceDumpSys(  456): dumping service [account]
D/dalvikvm(  219): GC_CONCURRENT freed 387K, 7% free 9949K/10695K, paused 2ms+4ms
I/EventLogService(  456): Aggregate from 1333906399830 (log), 1333906399830 (data)
I/ServiceDumpSys(  456): dumping service [account]
I/SystemUpdateService(  456): download in progress: [id: 23 compl: false succ: false bytes: 0 reason: 0 fn: null]
I/SystemUpdateService(  456): download took too long; will cancel and retry
V/SystemUpdateService(  456): retry (wakeup: true) in 509881 ms
V/SystemUpdateService(  456): onPostExecute: false
I/SystemUpdateService(  456): starting download of http://android.clients.google.com/packages/ota/google_crespo/hR7QFEtn.zip
V/SystemUpdateService(  456): retry (wakeup: true) in 21599998 ms
I/SystemUpdate.Download(  456): Started a new update download: http://android.clients.google.com/packages/ota/google_crespo/hR7QFEtn.zip (id 24; allowMobile=false)
V/SystemUpdateService(  456): onPostExecute: false
D/dalvikvm(  266): GC_CONCURRENT freed 409K, 6% free 9319K/9863K, paused 3ms+4ms
I/DownloadManager(  266): Initiating request for download 24
W/DownloadManager(  266): Aborting request for download 24: no network connection available
I/EventLogService(  456): Aggregate from 1333908199951 (log), 1333908199951 (data)
D/dalvikvm(  456): GC_CONCURRENT freed 372K, 8% free 9992K/10759K, paused 2ms+2ms
I/ServiceDumpSys(  456): dumping service [account]
D/dalvikvm(  152): GC_CONCURRENT freed 983K, 9% free 13344K/14663K, paused 3ms+9ms
I/EventLogService(  456): Aggregate from 1333910000071 (log), 1333910000071 (data)
I/ServiceDumpSys(  456): dumping service [account]
I/EventLogService(  456): Aggregate from 1333911800217 (log), 1333911800217 (data)
I/ServiceDumpSys(  456): dumping service [account]
D/dalvikvm(  152): JIT code cache reset in 4 ms (1048500 bytes 2/0)
