I/VCoreDaemon( 1242): 1333728494767: Received PROC_REQUEST 11:1 (2,0)->(0,0), replying PROC_REPLY 11:1 (0,0)->(2,0)
I/VCoreDaemon( 1242): 1333728494768: Dispatching Atom PROC_REPLY 11:1 (0,0)->(2,0)
I/Mux     ( 1242): 1333728494768: I got a CSM packet at a leader 
I/NetworkThread( 1242): 1333728494770: Sending UDP payload: 3518
I/VCoreDaemon( 1242): 1333728494775: nonce 433 heard from src region (0,0)
I/VCoreDaemon( 1242): 1333728495262: Retrying PROC_REQUEST 11:5 (0,0)->(3,0)
I/VCoreDaemon( 1242): 1333728495263: Dispatching Atom PROC_REQUEST 11:5 (0,0)->(3,0)
I/Mux     ( 1242): 1333728495263: I got a CSM packet at a leader 
I/NetworkThread( 1242): 1333728495265: Sending UDP payload: 949
I/VCoreDaemon( 1242): 1333728495268: nonce 434 heard from src region (0,0)
I/VCoreDaemon( 1242): 1333728495364: Retrying PROC_REQUEST 11:5 (0,0)->(3,0)
I/VCoreDaemon( 1242): 1333728495364: Dispatching Atom PROC_REQUEST 11:5 (0,0)->(3,0)
I/Mux     ( 1242): 1333728495365: I got a CSM packet at a leader 
I/NetworkThread( 1242): 1333728495366: Sending UDP payload: 949
I/VCoreDaemon( 1242): 1333728495367: nonce 435 heard from src region (0,0)
I/NetworkThread( 1242): 1333728495426: Received UDP payload: 949
I/Mux     ( 1242): 1333728495430: GOT CSM_Msg
I/VCoreDaemon( 1242): 1333728495431: nonce 435 heard from src region (0,0)
I/VCoreDaemon( 1242): 1333728495465: Retrying PROC_REQUEST 11:5 (0,0)->(3,0)
I/VCoreDaemon( 1242): 1333728495466: Dispatching Atom PROC_REQUEST 11:5 (0,0)->(3,0)
I/Mux     ( 1242): 1333728495466: I got a CSM packet at a leader 
I/NetworkThread( 1242): 1333728495468: Sending UDP payload: 949
I/VCoreDaemon( 1242): 1333728495469: nonce 436 heard from src region (0,0)
I/NetworkThread( 1242): 1333728495488: Received UDP payload: 949
I/Mux     ( 1242): 1333728495492: GOT CSM_Msg
I/VCoreDaemon( 1242): 1333728495492: removed replies before id 1 from sentReplies of size 1
I/VCoreDaemon( 1242): 1333728495493: Received DUPLICATE PROC_REQUEST 11:1 (2,0)->(0,0), replying PROC_REPLY 11:1 (0,0)->(2,0)
I/VCoreDaemon( 1242): 1333728495494: Dispatching Atom PROC_REPLY 11:1 (0,0)->(2,0)
I/Mux     ( 1242): 1333728495494: I got a CSM packet at a leader 
I/NetworkThread( 1242): 1333728495497: Sending UDP payload: 3518
I/VCoreDaemon( 1242): 1333728495498: nonce 437 heard from src region (0,0)
I/VCoreDaemon( 1242): 1333728495567: Retrying PROC_REQUEST 11:5 (0,0)->(3,0)
I/VCoreDaemon( 1242): 1333728495567: Dispatching Atom PROC_REQUEST 11:5 (0,0)->(3,0)
I/Mux     ( 1242): 1333728495568: I got a CSM packet at a leader 
I/NetworkThread( 1242): 1333728495569: Sending UDP payload: 949
I/VCoreDaemon( 1242): 1333728495572: nonce 438 heard from src region (0,0)
I/NetworkThread( 1242): 1333728495599: Received UDP payload: 3518
I/Mux     ( 1242): 1333728495602: GOT CSM_Msg
I/VCoreDaemon( 1242): 1333728495603: nonce 437 heard from src region (0,0)
I/NetworkThread( 1242): 1333728495608: Received UDP payload: 949
I/Mux     ( 1242): 1333728495619: GOT CSM_Msg
I/VCoreDaemon( 1242): 1333728495620: removed replies before id 1 from sentReplies of size 1
I/VCoreDaemon( 1242): 1333728495620: Received DUPLICATE PROC_REQUEST 11:1 (2,0)->(0,0), replying PROC_REPLY 11:1 (0,0)->(2,0)
I/VCoreDaemon( 1242): 1333728495622: Dispatching Atom PROC_REPLY 11:1 (0,0)->(2,0)
I/Mux     ( 1242): 1333728495622: I got a CSM packet at a leader 
I/NetworkThread( 1242): 1333728495623: Sending UDP payload: 3518
I/VCoreDaemon( 1242): 1333728495626: nonce 439 heard from src region (0,0)
I/NetworkThread( 1242): 1333728495626: Received UDP payload: 949
I/Mux     ( 1242): 1333728495633: GOT CSM_Msg
I/VCoreDaemon( 1242): 1333728495633: nonce 141 heard from src region (1,0)
I/VCoreDaemon( 1242): 1333728495668: Retrying PROC_REQUEST 11:5 (0,0)->(3,0)
I/VCoreDaemon( 1242): 1333728495669: Dispatching Atom PROC_REQUEST 11:5 (0,0)->(3,0)
I/Mux     ( 1242): 1333728495669: I got a CSM packet at a leader 
I/NetworkThread( 1242): 1333728495670: Sending UDP payload: 949
I/VCoreDaemon( 1242): 1333728495672: nonce 440 heard from src region (0,0)
I/VCoreDaemon( 1242): 1333728495770: Retrying PROC_REQUEST 11:5 (0,0)->(3,0)
I/VCoreDaemon( 1242): 1333728495771: Dispatching Atom PROC_REQUEST 11:5 (0,0)->(3,0)
I/Mux     ( 1242): 1333728495776: I got a CSM packet at a leader 
I/NetworkThread( 1242): 1333728495779: Sending UDP payload: 949
I/VCoreDaemon( 1242): 1333728495789: nonce 441 heard from src region (0,0)
I/NetworkThread( 1242): 1333728495792: Received UDP payload: 949
I/Mux     ( 1242): 1333728495803: GOT CSM_Msg
I/VCoreDaemon( 1242): 1333728495810: leader to cloud hearbeat...
I/VNC:Cloud( 1242): Executing makeRequest: http://hermes5.csail.mit.edu:8212/take/0/0/5102/1333728495810/
I/VCoreDaemon( 1242): 1333728495824: removed replies before id 1 from sentReplies of size 1
I/VCoreDaemon( 1242): 1333728495834: Received DUPLICATE PROC_REQUEST 11:1 (2,0)->(0,0), replying PROC_REPLY 11:1 (0,0)->(2,0)
I/NetworkThread( 1242): 1333728495836: Received UDP payload: 949
I/VCoreDaemon( 1242): 1333728495835: Dispatching Atom PROC_REPLY 11:1 (0,0)->(2,0)
I/Mux     ( 1242): 1333728495857: I got a CSM packet at a leader 
I/NetworkThread( 1242): 1333728495867: Sending UDP payload: 3518
I/VCoreDaemon( 1242): 1333728495871: nonce 442 heard from src region (0,0)
I/Mux     ( 1242): 1333728495875: GOT CSM_Msg
I/VCoreDaemon( 1242): 1333728495875: nonce 441 heard from src region (0,0)
I/NetworkThread( 1242): 1333728495905: Received UDP payload: 949
I/Mux     ( 1242): 1333728495908: GOT CSM_Msg
I/VCoreDaemon( 1242): 1333728495908: removed replies before id 1 from sentReplies of size 1
I/VCoreDaemon( 1242): 1333728495919: Received DUPLICATE PROC_REQUEST 11:1 (2,0)->(0,0), replying PROC_REPLY 11:1 (0,0)->(2,0)
I/VCoreDaemon( 1242): 1333728495919: Dispatching Atom PROC_REPLY 11:1 (0,0)->(2,0)
I/Mux     ( 1242): 1333728495920: I got a CSM packet at a leader 
I/NetworkThread( 1242): 1333728495921: Sending UDP payload: 3518
D/dalvikvm( 1242): GC_CONCURRENT freed 571K, 24% free 10794K/14151K, paused 3ms+5ms
I/VCoreDaemon( 1242): 1333728495923: nonce 443 heard from src region (0,0)
I/NetworkThread( 1242): 1333728496003: Received UDP payload: 949
I/Mux     ( 1242): 1333728496007: GOT CSM_Msg
I/VCoreDaemon( 1242): 1333728496007: removed replies before id 1 from sentReplies of size 1
I/VCoreDaemon( 1242): 1333728496008: Received DUPLICATE PROC_REQUEST 11:1 (2,0)->(0,0), replying PROC_REPLY 11:1 (0,0)->(2,0)
I/VCoreDaemon( 1242): 1333728496009: Dispatching Atom PROC_REPLY 11:1 (0,0)->(2,0)
I/Mux     ( 1242): 1333728496009: I got a CSM packet at a leader 
I/NetworkThread( 1242): 1333728496022: Sending UDP payload: 3518
I/VCoreDaemon( 1242): 1333728496024: nonce 444 heard from src region (0,0)
I/NetworkThread( 1242): 1333728496100: Received UDP payload: 949
I/Mux     ( 1242): 1333728496104: GOT CSM_Msg
I/VCoreDaemon( 1242): 1333728496105: removed replies before id 1 from sentReplies of size 1
I/VCoreDaemon( 1242): 1333728496106: Received DUPLICATE PROC_REQUEST 11:1 (2,0)->(0,0), replying PROC_REPLY 11:1 (0,0)->(2,0)
I/VCoreDaemon( 1242): 1333728496106: Dispatching Atom PROC_REPLY 11:1 (0,0)->(2,0)
I/Mux     ( 1242): 1333728496106: I got a CSM packet at a leader 
I/NetworkThread( 1242): 1333728496108: Sending UDP payload: 3518
I/VCoreDaemon( 1242): 1333728496119: nonce 445 heard from src region (0,0)
I/NetworkThread( 1242): 1333728496213: Received UDP payload: 949
I/Mux     ( 1242): 1333728496225: GOT CSM_Msg
I/VCoreDaemon( 1242): 1333728496225: removed replies before id 1 from sentReplies of size 1
I/VCoreDaemon( 1242): 1333728496230: Received DUPLICATE PROC_REQUEST 11:1 (2,0)->(0,0), replying PROC_REPLY 11:1 (0,0)->(2,0)
I/VCoreDaemon( 1242): 1333728496231: Dispatching Atom PROC_REPLY 11:1 (0,0)->(2,0)
I/Mux     ( 1242): 1333728496231: I got a CSM packet at a leader 
I/NetworkThread( 1242): 1333728496233: Sending UDP payload: 3518
I/VCoreDaemon( 1242): 1333728496236: nonce 446 heard from src region (0,0)
I/NetworkThread( 1242): 1333728496296: Received UDP payload: 949
I/Mux     ( 1242): 1333728496302: GOT CSM_Msg
I/VCoreDaemon( 1242): 1333728496302: removed replies before id 1 from sentReplies of size 1
I/VCoreDaemon( 1242): 1333728496303: Received DUPLICATE PROC_REQUEST 11:1 (2,0)->(0,0), replying PROC_REPLY 11:1 (0,0)->(2,0)
I/VCoreDaemon( 1242): 1333728496303: Dispatching Atom PROC_REPLY 11:1 (0,0)->(2,0)
I/Mux     ( 1242): 1333728496303: I got a CSM packet at a leader 
I/NetworkThread( 1242): 1333728496305: Sending UDP payload: 3518
I/VCoreDaemon( 1242): 1333728496306: nonce 447 heard from src region (0,0)
I/NetworkThread( 1242): 1333728496357: Received UDP payload: 949
I/Mux     ( 1242): 1333728496361: GOT CSM_Msg
I/VCoreDaemon( 1242): 1333728496361: nonce 142 heard from src region (1,0)
I/NetworkThread( 1242): 1333728496411: Received UDP payload: 949
I/Mux     ( 1242): 1333728496416: GOT CSM_Msg
I/VCoreDaemon( 1242): 1333728496416: removed replies before id 1 from sentReplies of size 1
I/VCoreDaemon( 1242): 1333728496421: Received DUPLICATE PROC_REQUEST 11:1 (2,0)->(0,0), replying PROC_REPLY 11:1 (0,0)->(2,0)
I/VCoreDaemon( 1242): 1333728496422: Dispatching Atom PROC_REPLY 11:1 (0,0)->(2,0)
I/Mux     ( 1242): 1333728496422: I got a CSM packet at a leader 
I/NetworkThread( 1242): 1333728496423: Sending UDP payload: 3518
I/VCoreDaemon( 1242): 1333728496426: nonce 448 heard from src region (0,0)
I/NetworkThread( 1242): 1333728496474: Received UDP payload: 949
I/Mux     ( 1242): 1333728496489: GOT CSM_Msg
I/VCoreDaemon( 1242): 1333728496489: nonce 143 heard from src region (1,0)
I/NetworkThread( 1242): 1333728496626: Received UDP payload: 949
I/Mux     ( 1242): 1333728496634: GOT CSM_Msg
I/VCoreDaemon( 1242): 1333728496635: removed replies before id 1 from sentReplies of size 1
I/VCoreDaemon( 1242): 1333728496637: Received DUPLICATE PROC_REQUEST 11:1 (2,0)->(0,0), replying PROC_REPLY 11:1 (0,0)->(2,0)
I/VCoreDaemon( 1242): 1333728496638: Dispatching Atom PROC_REPLY 11:1 (0,0)->(2,0)
I/Mux     ( 1242): 1333728496638: I got a CSM packet at a leader 
I/NetworkThread( 1242): 1333728496661: Received UDP payload: 949
I/NetworkThread( 1242): 1333728496662: Sending UDP payload: 3518
I/VCoreDaemon( 1242): 1333728496664: nonce 449 heard from src region (0,0)
I/Mux     ( 1242): 1333728496674: GOT CSM_Msg
I/VCoreDaemon( 1242): 1333728496675: nonce 145 heard from src region (1,0)
I/NetworkThread( 1242): 1333728496720: Received UDP payload: 949
I/Mux     ( 1242): 1333728496724: GOT CSM_Msg
I/VCoreDaemon( 1242): 1333728496725: removed replies before id 1 from sentReplies of size 1
I/VCoreDaemon( 1242): 1333728496726: Received DUPLICATE PROC_REQUEST 11:1 (2,0)->(0,0), replying PROC_REPLY 11:1 (0,0)->(2,0)
I/VCoreDaemon( 1242): 1333728496726: Dispatching Atom PROC_REPLY 11:1 (0,0)->(2,0)
I/Mux     ( 1242): 1333728496726: I got a CSM packet at a leader 
I/NetworkThread( 1242): 1333728496728: Sending UDP payload: 3518
I/VCoreDaemon( 1242): 1333728496729: nonce 450 heard from src region (0,0)
I/NetworkThread( 1242): 1333728496764: Received UDP payload: 949
I/Mux     ( 1242): 1333728496768: GOT CSM_Msg
I/VCoreDaemon( 1242): 1333728496768: nonce 146 heard from src region (1,0)
I/NetworkThread( 1242): 1333728496832: Received UDP payload: 949
I/Mux     ( 1242): 1333728496838: GOT CSM_Msg
I/VCoreDaemon( 1242): 1333728496838: removed replies before id 1 from sentReplies of size 1
I/VCoreDaemon( 1242): 1333728496839: Received DUPLICATE PROC_REQUEST 11:1 (2,0)->(0,0), replying PROC_REPLY 11:1 (0,0)->(2,0)
I/VCoreDaemon( 1242): 1333728496839: Dispatching Atom PROC_REPLY 11:1 (0,0)->(2,0)
I/Mux     ( 1242): 1333728496840: I got a CSM packet at a leader 
I/NetworkThread( 1242): 1333728496841: Sending UDP payload: 3518
I/VCoreDaemon( 1242): 1333728496854: nonce 451 heard from src region (0,0)
I/NetworkThread( 1242): 1333728496864: Received UDP payload: 949
I/Mux     ( 1242): 1333728496894: GOT CSM_Msg
I/VCoreDaemon( 1242): 1333728496895: nonce 147 heard from src region (1,0)
I/NetworkThread( 1242): 1333728496965: Received UDP payload: 949
I/Mux     ( 1242): 1333728496968: GOT CSM_Msg
I/VCoreDaemon( 1242): 1333728496968: nonce 148 heard from src region (1,0)
D/dalvikvm( 1242): GC_CONCURRENT freed 471K, 24% free 10825K/14151K, paused 9ms+3ms
I/NetworkThread( 1242): 1333728497376: Received UDP payload: 949
I/Mux     ( 1242): 1333728497436: GOT CSM_Msg
I/VCoreDaemon( 1242): 1333728497436: nonce 152 heard from src region (1,0)
I/NetworkThread( 1242): 1333728497480: Received UDP payload: 949
I/Mux     ( 1242): 1333728497483: GOT CSM_Msg
I/VCoreDaemon( 1242): 1333728497483: nonce 153 heard from src region (1,0)
D/AudioHardware(   81): AudioHardware pcm playback is going to standby.
D/AudioHardware(   81): closePcmOut_l() mPcmOpenCnt: 1
I/NetworkThread( 1242): 1333728497780: Received UDP payload: 770
I/Mux     ( 1242): 1333728497856: GOT CSM_Msg
I/VCoreDaemon( 1242): 1333728497856: nonce 156 heard from src region (4,0)
I/VCoreDaemon( 1242): 1333728497857: Forwarding Atom because it's closer.
I/Mux     ( 1242): 1333728497857: I got a CSM packet at a leader 
I/NetworkThread( 1242): 1333728497858: Sending UDP payload: 770
I/VCoreDaemon( 1242): 1333728497859: nonce 156 heard from src region (4,0)
I/VCoreDaemon( 1242): 1333728497859: Received Atom already forwarded, ignoring...
I/NetworkThread( 1242): 1333728497995: Received UDP payload: 406
I/VNC:Cloud( 1242): makeRequest Execute HTTP latency: 4361ms
I/VNC:Cloud( 1242): makeRequest() Cloud response length: 93
I/VNC:Cloud( 1242): Request executed: http://hermes5.csail.mit.edu:8212/take/0/0/5102/1333728495810/
I/VCoreDaemon( 1242): 1333728500186: inside sendPacket(Packet p)
I/NetworkThread( 1242): 1333728500193: Sending UDP payload: 406
I/VCoreDaemon( 1242): 1333728500194: Request timed out, send failure PROC_REPLY 11:5 (3,0)->(0,0)
I/VCoreDaemon( 1242): 1333728500197: Dispatching Atom PROC_REPLY 11:5 (3,0)->(0,0)
I/Mux     ( 1242): 1333728500203: I got a CSM packet at a leader 
I/NetworkThread( 1242): 1333728500204: Sending UDP payload: 770
I/VCoreDaemon( 1242): 1333728500205: Received PROC_REPLY 11:5 (3,0)->(0,0), handing to UserApp
I/NetworkThread( 1242): 1333728500319: Received UDP payload: 585
I/Mux     ( 1242): 1333728500322: Inside mux Packet.CLIENT_REQUEST
I/Mux     ( 1242): 1333728500323: I'm the leader of requesting client, about to process Packet.CLIENT_REQUEST in userApp
I/UserApp ( 1242): 1333728500323: UserApp handling MY region's client request, will send atom packet to REMOTE region's handleDSMRequest
I/UserApp ( 1242): 1333728500323: request is CLIENT_DOWNLOAD_PHOTO, figure out where (remote region) to forward packet
I/UserApp ( 1242): 1333728500326: Sending to region: 2
I/VCoreDaemon( 1242): 1333728500327: Sending PROC_REQUEST 11:5 (0,0)->(2,0)
I/VCoreDaemon( 1242): 1333728500330: Dispatching Atom PROC_REQUEST 11:5 (0,0)->(2,0)
I/Mux     ( 1242): 1333728500330: I got a CSM packet at a leader 
I/NetworkThread( 1242): 1333728500336: Sending UDP payload: 949
I/VCoreDaemon( 1242): 1333728500337: nonce 453 heard from src region (0,0)
I/StatusActivity( 1242): inside buttonsEnableProgressTimeoutR. Perhaps no one is in that region. Try again later!
I/StatusActivity( 1242): Inside _enableButtons
I/StatusActivity( 1242): areButtonsEnabled --> true
I/StatusActivity( 1242): takeNum=6 takeCamGood=6 takeGoodSave=6 takeBad=0 takeTimedout=0 getNum=14 getGood=4 getBad=0 getTimedout=10
W/InputManagerService(  150): Window already focused, ignoring focus gain of: com.android.internal.view.IInputMethodClient$Stub$Proxy@4168f9c8
I/VCoreDaemon( 1242): 1333728501118: Retrying PROC_REQUEST 11:5 (0,0)->(2,0)
I/VCoreDaemon( 1242): 1333728501119: Dispatching Atom PROC_REQUEST 11:5 (0,0)->(2,0)
I/Mux     ( 1242): 1333728501120: I got a CSM packet at a leader 
I/NetworkThread( 1242): 1333728501127: Sending UDP payload: 949
I/VCoreDaemon( 1242): 1333728501147: nonce 454 heard from src region (0,0)
I/VCoreDaemon( 1242): 1333728501221: Retrying PROC_REQUEST 11:5 (0,0)->(2,0)
I/VCoreDaemon( 1242): 1333728501221: Dispatching Atom PROC_REQUEST 11:5 (0,0)->(2,0)
I/Mux     ( 1242): 1333728501222: I got a CSM packet at a leader 
I/NetworkThread( 1242): 1333728501222: Received UDP payload: 949
I/NetworkThread( 1242): 1333728501224: Sending UDP payload: 949
I/VCoreDaemon( 1242): 1333728501225: nonce 455 heard from src region (0,0)
I/Mux     ( 1242): 1333728501228: GOT CSM_Msg
I/VCoreDaemon( 1242): 1333728501229: nonce 454 heard from src region (0,0)
I/VCoreDaemon( 1242): 1333728501322: Retrying PROC_REQUEST 11:5 (0,0)->(2,0)
I/VCoreDaemon( 1242): 1333728501323: Dispatching Atom PROC_REQUEST 11:5 (0,0)->(2,0)
I/Mux     ( 1242): 1333728501323: I got a CSM packet at a leader 
I/NetworkThread( 1242): 1333728501329: Sending UDP payload: 949
I/VCoreDaemon( 1242): 1333728501330: nonce 456 heard from src region (0,0)
I/NetworkThread( 1242): 1333728501354: Received UDP payload: 949
I/Mux     ( 1242): 1333728501360: GOT CSM_Msg
I/VCoreDaemon( 1242): 1333728501360: nonce 456 heard from src region (0,0)
I/VCoreDaemon( 1242): 1333728501424: Retrying PROC_REQUEST 11:5 (0,0)->(2,0)
I/VCoreDaemon( 1242): 1333728501424: Dispatching Atom PROC_REQUEST 11:5 (0,0)->(2,0)
I/Mux     ( 1242): 1333728501424: I got a CSM packet at a leader 
I/NetworkThread( 1242): 1333728501426: Sending UDP payload: 949
I/VCoreDaemon( 1242): 1333728501427: nonce 457 heard from src region (0,0)
I/VCoreDaemon( 1242): 1333728501525: Retrying PROC_REQUEST 11:5 (0,0)->(2,0)
I/VCoreDaemon( 1242): 1333728501525: Dispatching Atom PROC_REQUEST 11:5 (0,0)->(2,0)
I/Mux     ( 1242): 1333728501526: I got a CSM packet at a leader 
I/NetworkThread( 1242): 1333728501529: Sending UDP payload: 949
I/VCoreDaemon( 1242): 1333728501530: nonce 458 heard from src region (0,0)
I/NetworkThread( 1242): 1333728501603: Received UDP payload: 949
I/Mux     ( 1242): 1333728501606: GOT CSM_Msg
I/VCoreDaemon( 1242): 1333728501606: nonce 458 heard from src region (0,0)
I/VCoreDaemon( 1242): 1333728501626: Retrying PROC_REQUEST 11:5 (0,0)->(2,0)
I/VCoreDaemon( 1242): 1333728501627: Dispatching Atom PROC_REQUEST 11:5 (0,0)->(2,0)
I/Mux     ( 1242): 1333728501627: I got a CSM packet at a leader 
I/NetworkThread( 1242): 1333728501629: Sending UDP payload: 949
I/VCoreDaemon( 1242): 1333728501630: nonce 459 heard from src region (0,0)
I/NetworkThread( 1242): 1333728501660: Received UDP payload: 949
I/Mux     ( 1242): 1333728501664: GOT CSM_Msg
I/VCoreDaemon( 1242): 1333728501664: nonce 459 heard from src region (0,0)
I/VCoreDaemon( 1242): 1333728501728: Retrying PROC_REQUEST 11:5 (0,0)->(2,0)
I/VCoreDaemon( 1242): 1333728501728: Dispatching Atom PROC_REQUEST 11:5 (0,0)->(2,0)
I/Mux     ( 1242): 1333728501728: I got a CSM packet at a leader 
I/NetworkThread( 1242): 1333728501730: Sending UDP payload: 949
I/VCoreDaemon( 1242): 1333728501731: nonce 460 heard from src region (0,0)
I/NetworkThread( 1242): 1333728501760: Received UDP payload: 949
I/Mux     ( 1242): 1333728501764: GOT CSM_Msg
I/VCoreDaemon( 1242): 1333728501764: nonce 460 heard from src region (0,0)
I/VCoreDaemon( 1242): 1333728501829: Retrying PROC_REQUEST 11:5 (0,0)->(2,0)
I/VCoreDaemon( 1242): 1333728501829: Dispatching Atom PROC_REQUEST 11:5 (0,0)->(2,0)
I/Mux     ( 1242): 1333728501830: I got a CSM packet at a leader 
I/NetworkThread( 1242): 1333728501831: Sending UDP payload: 949
I/VCoreDaemon( 1242): 1333728501832: nonce 461 heard from src region (0,0)
I/NetworkThread( 1242): 1333728501863: Received UDP payload: 949
I/Mux     ( 1242): 1333728501867: GOT CSM_Msg
I/VCoreDaemon( 1242): 1333728501868: nonce 461 heard from src region (0,0)
I/VCoreDaemon( 1242): 1333728501930: Retrying PROC_REQUEST 11:5 (0,0)->(2,0)
I/VCoreDaemon( 1242): 1333728501931: Dispatching Atom PROC_REQUEST 11:5 (0,0)->(2,0)
I/Mux     ( 1242): 1333728501931: I got a CSM packet at a leader 
I/NetworkThread( 1242): 1333728501932: Sending UDP payload: 949
I/VCoreDaemon( 1242): 1333728501937: nonce 462 heard from src region (0,0)
I/NetworkThread( 1242): 1333728501968: Received UDP payload: 949
I/Mux     ( 1242): 1333728501971: GOT CSM_Msg
I/VCoreDaemon( 1242): 1333728501971: nonce 462 heard from src region (0,0)
D/dalvikvm( 1242): GC_CONCURRENT freed 488K, 24% free 10836K/14151K, paused 2ms+4ms
I/VCoreDaemon( 1242): 1333728502033: Retrying PROC_REQUEST 11:5 (0,0)->(2,0)
I/VCoreDaemon( 1242): 1333728502034: Dispatching Atom PROC_REQUEST 11:5 (0,0)->(2,0)
I/Mux     ( 1242): 1333728502034: I got a CSM packet at a leader 
I/NetworkThread( 1242): 1333728502036: Sending UDP payload: 949
I/VCoreDaemon( 1242): 1333728502037: nonce 463 heard from src region (0,0)
I/VCoreDaemon( 1242): 1333728502135: Retrying PROC_REQUEST 11:5 (0,0)->(2,0)
I/VCoreDaemon( 1242): 1333728502135: Dispatching Atom PROC_REQUEST 11:5 (0,0)->(2,0)
I/Mux     ( 1242): 1333728502136: I got a CSM packet at a leader 
I/NetworkThread( 1242): 1333728502137: Sending UDP payload: 949
I/VCoreDaemon( 1242): 1333728502138: nonce 464 heard from src region (0,0)
I/VCoreDaemon( 1242): 1333728502236: Retrying PROC_REQUEST 11:5 (0,0)->(2,0)
I/VCoreDaemon( 1242): 1333728502237: Dispatching Atom PROC_REQUEST 11:5 (0,0)->(2,0)
I/Mux     ( 1242): 1333728502237: I got a CSM packet at a leader 
I/NetworkThread( 1242): 1333728502241: Sending UDP payload: 949
I/VCoreDaemon( 1242): 1333728502253: nonce 465 heard from src region (0,0)
I/VCoreDaemon( 1242): 1333728502338: Retrying PROC_REQUEST 11:5 (0,0)->(2,0)
I/VCoreDaemon( 1242): 1333728502338: Dispatching Atom PROC_REQUEST 11:5 (0,0)->(2,0)
I/Mux     ( 1242): 1333728502339: I got a CSM packet at a leader 
I/NetworkThread( 1242): 1333728502340: Sending UDP payload: 949
I/VCoreDaemon( 1242): 1333728502347: nonce 466 heard from src region (0,0)
I/NetworkThread( 1242): 1333728502381: Received UDP payload: 949
I/Mux     ( 1242): 1333728502388: GOT CSM_Msg
I/VCoreDaemon( 1242): 1333728502388: nonce 466 heard from src region (0,0)
I/VCoreDaemon( 1242): 1333728502439: Request timed out, send failure PROC_REPLY 11:5 (2,0)->(0,0)
I/VCoreDaemon( 1242): 1333728502440: Dispatching Atom PROC_REPLY 11:5 (2,0)->(0,0)
I/Mux     ( 1242): 1333728502440: I got a CSM packet at a leader 
I/NetworkThread( 1242): 1333728502442: Sending UDP payload: 770
I/VCoreDaemon( 1242): 1333728502445: Received PROC_REPLY 11:5 (2,0)->(0,0), handing to UserApp
I/NetworkThread( 1242): 1333728503009: Received UDP payload: 406
W/NetworkStats(  150): dropping UID delta from unknown iface: iface=wlan0 uid=10067 set=FOREGROUND tag=0x0 rxBytes=202429 rxPackets=157 txBytes=137837 txPackets=95 operations=0
I/VCoreDaemon( 1242): 1333728505194: inside sendPacket(Packet p)
I/NetworkThread( 1242): 1333728505195: Sending UDP payload: 406
D/dalvikvm(  150): GC_CONCURRENT freed 812K, 14% free 12520K/14407K, paused 3ms+31ms
I/StatusActivity( 1242): 1333728505633: canPressButton = TRUE
I/StatusActivity( 1242): 1333728505634: areButtonsEnabled --> false 
I/StatusActivity( 1242): 1333728505635: get picture disableButtonsR
I/StatusActivity( 1242): 1333728505635: areButtonsEnabled --> false
D/AudioHardware(   81): AudioHardware pcm playback is exiting standby.
D/AudioHardware(   81): openPcmOut_l() mPcmOpenCnt: 0
I/StatusActivity( 1242): 1333728505693: takeNum=6 takeCamGood=6 takeGoodSave=6 takeBad=0 takeTimedout=0 getNum=15 getGood=4 getBad=0 getTimedout=10
I/StatusActivity( 1242): 1333728505693: ** Clicked getphotos Button from region 4 **
I/StatusActivity( 1242): 1333728505693: I'm the Client, and I'm in region: 0 nodID = 5102
I/StatusActivity( 1242): 1333728505694: I'm a leader, my requesting photos packet going to mux directly
I/Mux     ( 1242): 1333728505694: Inside mux Packet.CLIENT_REQUEST
I/Mux     ( 1242): 1333728505695: I'm the leader of requesting client, about to process Packet.CLIENT_REQUEST in userApp
I/UserApp ( 1242): 1333728505695: UserApp handling MY region's client request, will send atom packet to REMOTE region's handleDSMRequest
I/UserApp ( 1242): 1333728505695: request is CLIENT_DOWNLOAD_PHOTO, figure out where (remote region) to forward packet
I/UserApp ( 1242): 1333728505696: Sending to region: 4
I/VCoreDaemon( 1242): 1333728505696: Sending PROC_REQUEST 11:4 (0,0)->(4,0)
I/VCoreDaemon( 1242): 1333728505696: Dispatching Atom PROC_REQUEST 11:4 (0,0)->(4,0)
I/Mux     ( 1242): 1333728505697: I got a CSM packet at a leader 
I/NetworkThread( 1242): 1333728505698: Sending UDP payload: 949
I/VCoreDaemon( 1242): 1333728505699: nonce 468 heard from src region (0,0)
I/StatusActivity( 1242): 1333728505699: StatusActivity sent request to get photos for region 4
I/VCoreDaemon( 1242): 1333728506472: Retrying PROC_REQUEST 11:4 (0,0)->(4,0)
I/VCoreDaemon( 1242): 1333728506473: Dispatching Atom PROC_REQUEST 11:4 (0,0)->(4,0)
I/Mux     ( 1242): 1333728506474: I got a CSM packet at a leader 
I/NetworkThread( 1242): 1333728506476: Sending UDP payload: 949
I/VCoreDaemon( 1242): 1333728506481: nonce 469 heard from src region (0,0)
I/VCoreDaemon( 1242): 1333728506574: Retrying PROC_REQUEST 11:4 (0,0)->(4,0)
I/VCoreDaemon( 1242): 1333728506578: Dispatching Atom PROC_REQUEST 11:4 (0,0)->(4,0)
I/Mux     ( 1242): 1333728506578: I got a CSM packet at a leader 
I/NetworkThread( 1242): 1333728506579: Sending UDP payload: 949
I/NetworkThread( 1242): 1333728506583: Received UDP payload: 949
I/VCoreDaemon( 1242): 1333728506585: nonce 470 heard from src region (0,0)
I/Mux     ( 1242): 1333728506589: GOT CSM_Msg
I/VCoreDaemon( 1242): 1333728506589: nonce 469 heard from src region (0,0)
I/VCoreDaemon( 1242): 1333728506679: Retrying PROC_REQUEST 11:4 (0,0)->(4,0)
I/VCoreDaemon( 1242): 1333728506680: Dispatching Atom PROC_REQUEST 11:4 (0,0)->(4,0)
I/Mux     ( 1242): 1333728506681: I got a CSM packet at a leader 
I/NetworkThread( 1242): 1333728506684: Sending UDP payload: 949
I/VCoreDaemon( 1242): 1333728506692: nonce 471 heard from src region (0,0)
I/VCoreDaemon( 1242): 1333728506781: Retrying PROC_REQUEST 11:4 (0,0)->(4,0)
I/VCoreDaemon( 1242): 1333728506782: Dispatching Atom PROC_REQUEST 11:4 (0,0)->(4,0)
I/Mux     ( 1242): 1333728506782: I got a CSM packet at a leader 
I/NetworkThread( 1242): 1333728506784: Sending UDP payload: 949
I/VCoreDaemon( 1242): 1333728506785: nonce 472 heard from src region (0,0)
I/VCoreDaemon( 1242): 1333728506883: Retrying PROC_REQUEST 11:4 (0,0)->(4,0)
I/VCoreDaemon( 1242): 1333728506884: Dispatching Atom PROC_REQUEST 11:4 (0,0)->(4,0)
I/Mux     ( 1242): 1333728506884: I got a CSM packet at a leader 
I/NetworkThread( 1242): 1333728506886: Sending UDP payload: 949
I/VCoreDaemon( 1242): 1333728506887: nonce 473 heard from src region (0,0)
I/NetworkThread( 1242): 1333728506963: Received UDP payload: 949
I/Mux     ( 1242): 1333728506967: GOT CSM_Msg
I/VCoreDaemon( 1242): 1333728506967: nonce 473 heard from src region (0,0)
I/VCoreDaemon( 1242): 1333728506985: Retrying PROC_REQUEST 11:4 (0,0)->(4,0)
I/VCoreDaemon( 1242): 1333728506985: Dispatching Atom PROC_REQUEST 11:4 (0,0)->(4,0)
I/Mux     ( 1242): 1333728506986: I got a CSM packet at a leader 
I/NetworkThread( 1242): 1333728506988: Sending UDP payload: 949
I/VCoreDaemon( 1242): 1333728506989: nonce 474 heard from src region (0,0)
I/VCoreDaemon( 1242): 1333728507086: Retrying PROC_REQUEST 11:4 (0,0)->(4,0)
I/VCoreDaemon( 1242): 1333728507087: Dispatching Atom PROC_REQUEST 11:4 (0,0)->(4,0)
I/Mux     ( 1242): 1333728507088: I got a CSM packet at a leader 
I/NetworkThread( 1242): 1333728507089: Sending UDP payload: 949
I/VCoreDaemon( 1242): 1333728507090: nonce 475 heard from src region (0,0)
I/NetworkThread( 1242): 1333728507116: Received UDP payload: 949
I/Mux     ( 1242): 1333728507122: GOT CSM_Msg
I/VCoreDaemon( 1242): 1333728507122: nonce 475 heard from src region (0,0)
I/VCoreDaemon( 1242): 1333728507188: Retrying PROC_REQUEST 11:4 (0,0)->(4,0)
I/VCoreDaemon( 1242): 1333728507188: Dispatching Atom PROC_REQUEST 11:4 (0,0)->(4,0)
I/Mux     ( 1242): 1333728507189: I got a CSM packet at a leader 
I/NetworkThread( 1242): 1333728507191: Sending UDP payload: 949
I/VCoreDaemon( 1242): 1333728507195: nonce 476 heard from src region (0,0)
I/VCoreDaemon( 1242): 1333728507289: Retrying PROC_REQUEST 11:4 (0,0)->(4,0)
I/VCoreDaemon( 1242): 1333728507290: Dispatching Atom PROC_REQUEST 11:4 (0,0)->(4,0)
I/Mux     ( 1242): 1333728507290: I got a CSM packet at a leader 
I/NetworkThread( 1242): 1333728507291: Sending UDP payload: 949
I/VCoreDaemon( 1242): 1333728507294: nonce 477 heard from src region (0,0)
I/NetworkThread( 1242): 1333728507345: Received UDP payload: 949
I/Mux     ( 1242): 1333728507353: GOT CSM_Msg
I/VCoreDaemon( 1242): 1333728507354: nonce 477 heard from src region (0,0)
I/VCoreDaemon( 1242): 1333728507391: Retrying PROC_REQUEST 11:4 (0,0)->(4,0)
I/VCoreDaemon( 1242): 1333728507391: Dispatching Atom PROC_REQUEST 11:4 (0,0)->(4,0)
I/Mux     ( 1242): 1333728507392: I got a CSM packet at a leader 
I/NetworkThread( 1242): 1333728507393: Sending UDP payload: 949
I/VCoreDaemon( 1242): 1333728507397: nonce 478 heard from src region (0,0)
I/NetworkThread( 1242): 1333728507418: Received UDP payload: 949
I/Mux     ( 1242): 1333728507423: GOT CSM_Msg
I/VCoreDaemon( 1242): 1333728507423: nonce 478 heard from src region (0,0)
D/dalvikvm( 1242): GC_CONCURRENT freed 508K, 24% free 10830K/14151K, paused 3ms+4ms
I/VCoreDaemon( 1242): 1333728507494: Retrying PROC_REQUEST 11:4 (0,0)->(4,0)
I/VCoreDaemon( 1242): 1333728507494: Dispatching Atom PROC_REQUEST 11:4 (0,0)->(4,0)
I/Mux     ( 1242): 1333728507494: I got a CSM packet at a leader 
I/NetworkThread( 1242): 1333728507496: Sending UDP payload: 949
I/VCoreDaemon( 1242): 1333728507496: nonce 479 heard from src region (0,0)
I/NetworkThread( 1242): 1333728507526: Received UDP payload: 949
I/Mux     ( 1242): 1333728507529: GOT CSM_Msg
I/VCoreDaemon( 1242): 1333728507529: nonce 479 heard from src region (0,0)
I/VCoreDaemon( 1242): 1333728507595: Retrying PROC_REQUEST 11:4 (0,0)->(4,0)
I/VCoreDaemon( 1242): 1333728507595: Dispatching Atom PROC_REQUEST 11:4 (0,0)->(4,0)
I/Mux     ( 1242): 1333728507596: I got a CSM packet at a leader 
I/NetworkThread( 1242): 1333728507597: Sending UDP payload: 949
I/VCoreDaemon( 1242): 1333728507598: nonce 480 heard from src region (0,0)
I/VCoreDaemon( 1242): 1333728507696: Retrying PROC_REQUEST 11:4 (0,0)->(4,0)
I/VCoreDaemon( 1242): 1333728507697: Dispatching Atom PROC_REQUEST 11:4 (0,0)->(4,0)
I/Mux     ( 1242): 1333728507697: I got a CSM packet at a leader 
I/NetworkThread( 1242): 1333728507699: Sending UDP payload: 949
I/VCoreDaemon( 1242): 1333728507700: nonce 481 heard from src region (0,0)
I/NetworkThread( 1242): 1333728507775: Received UDP payload: 949
I/Mux     ( 1242): 1333728507779: GOT CSM_Msg
I/VCoreDaemon( 1242): 1333728507780: nonce 481 heard from src region (0,0)
I/VCoreDaemon( 1242): 1333728507798: Request timed out, send failure PROC_REPLY 11:4 (4,0)->(0,0)
I/VCoreDaemon( 1242): 1333728507798: Dispatching Atom PROC_REPLY 11:4 (4,0)->(0,0)
I/Mux     ( 1242): 1333728507799: I got a CSM packet at a leader 
I/NetworkThread( 1242): 1333728507800: Sending UDP payload: 770
I/VCoreDaemon( 1242): 1333728507802: Received PROC_REPLY 11:4 (4,0)->(0,0), handing to UserApp
I/NetworkThread( 1242): 1333728507825: Received UDP payload: 770
I/Mux     ( 1242): 1333728507830: GOT CSM_Msg
I/VCoreDaemon( 1242): 1333728507831: Received DUPLICATE PROC_REPLY 11:4 (4,0)->(0,0)
D/AudioHardware(   81): AudioHardware pcm playback is going to standby.
D/AudioHardware(   81): closePcmOut_l() mPcmOpenCnt: 1
I/GTalkService/c(  455): [AndroidEndpoint@1094417120] connect: acct=1000000, state=CONNECTING
I/NetworkThread( 1242): 1333728509505: Received UDP payload: 585
I/Mux     ( 1242): 1333728509512: Inside mux Packet.CLIENT_REQUEST
I/Mux     ( 1242): 1333728509512: I'm the leader of requesting client, about to process Packet.CLIENT_REQUEST in userApp
I/UserApp ( 1242): 1333728509512: UserApp handling MY region's client request, will send atom packet to REMOTE region's handleDSMRequest
I/UserApp ( 1242): 1333728509513: request is CLIENT_DOWNLOAD_PHOTO, figure out where (remote region) to forward packet
I/UserApp ( 1242): 1333728509514: Sending to region: 4
I/VCoreDaemon( 1242): 1333728509515: Sending PROC_REQUEST 11:5 (0,0)->(4,0)
I/VCoreDaemon( 1242): 1333728509523: Dispatching Atom PROC_REQUEST 11:5 (0,0)->(4,0)
I/Mux     ( 1242): 1333728509524: I got a CSM packet at a leader 
I/NetworkThread( 1242): 1333728509526: Sending UDP payload: 949
I/VCoreDaemon( 1242): 1333728509555: nonce 483 heard from src region (0,0)
I/VCoreDaemon( 1242): 1333728510195: inside sendPacket(Packet p)
I/NetworkThread( 1242): 1333728510196: Sending UDP payload: 406
I/VCoreDaemon( 1242): 1333728510224: Retrying PROC_REQUEST 11:5 (0,0)->(4,0)
I/VCoreDaemon( 1242): 1333728510225: Dispatching Atom PROC_REQUEST 11:5 (0,0)->(4,0)
I/Mux     ( 1242): 1333728510225: I got a CSM packet at a leader 
I/NetworkThread( 1242): 1333728510227: Sending UDP payload: 949
I/VCoreDaemon( 1242): 1333728510228: nonce 484 heard from src region (0,0)
I/VCoreDaemon( 1242): 1333728510326: Retrying PROC_REQUEST 11:5 (0,0)->(4,0)
I/VCoreDaemon( 1242): 1333728510327: Dispatching Atom PROC_REQUEST 11:5 (0,0)->(4,0)
I/Mux     ( 1242): 1333728510328: I got a CSM packet at a leader 
I/NetworkThread( 1242): 1333728510331: Sending UDP payload: 949
I/VCoreDaemon( 1242): 1333728510333: nonce 485 heard from src region (0,0)
I/VCoreDaemon( 1242): 1333728510429: Retrying PROC_REQUEST 11:5 (0,0)->(4,0)
I/VCoreDaemon( 1242): 1333728510429: Dispatching Atom PROC_REQUEST 11:5 (0,0)->(4,0)
I/Mux     ( 1242): 1333728510430: I got a CSM packet at a leader 
I/NetworkThread( 1242): 1333728510431: Sending UDP payload: 949
I/VCoreDaemon( 1242): 1333728510432: nonce 486 heard from src region (0,0)
I/VCoreDaemon( 1242): 1333728510530: Retrying PROC_REQUEST 11:5 (0,0)->(4,0)
I/VCoreDaemon( 1242): 1333728510532: Dispatching Atom PROC_REQUEST 11:5 (0,0)->(4,0)
I/Mux     ( 1242): 1333728510533: I got a CSM packet at a leader 
I/NetworkThread( 1242): 1333728510535: Sending UDP payload: 949
I/VCoreDaemon( 1242): 1333728510543: nonce 487 heard from src region (0,0)
I/VCoreDaemon( 1242): 1333728510633: Retrying PROC_REQUEST 11:5 (0,0)->(4,0)
I/VCoreDaemon( 1242): 1333728510633: Dispatching Atom PROC_REQUEST 11:5 (0,0)->(4,0)
I/Mux     ( 1242): 1333728510634: I got a CSM packet at a leader 
I/NetworkThread( 1242): 1333728510635: Sending UDP payload: 949
I/VCoreDaemon( 1242): 1333728510640: nonce 488 heard from src region (0,0)
I/VCoreDaemon( 1242): 1333728510735: Retrying PROC_REQUEST 11:5 (0,0)->(4,0)
I/VCoreDaemon( 1242): 1333728510735: Dispatching Atom PROC_REQUEST 11:5 (0,0)->(4,0)
I/Mux     ( 1242): 1333728510736: I got a CSM packet at a leader 
I/NetworkThread( 1242): 1333728510737: Sending UDP payload: 949
I/VCoreDaemon( 1242): 1333728510742: nonce 489 heard from src region (0,0)
I/NetworkThread( 1242): 1333728510784: Received UDP payload: 949
I/Mux     ( 1242): 1333728510788: GOT CSM_Msg
I/VCoreDaemon( 1242): 1333728510789: nonce 489 heard from src region (0,0)
I/VCoreDaemon( 1242): 1333728510840: Retrying PROC_REQUEST 11:5 (0,0)->(4,0)
I/VCoreDaemon( 1242): 1333728510840: Dispatching Atom PROC_REQUEST 11:5 (0,0)->(4,0)
I/Mux     ( 1242): 1333728510841: I got a CSM packet at a leader 
I/NetworkThread( 1242): 1333728510842: Sending UDP payload: 949
I/VCoreDaemon( 1242): 1333728510849: nonce 490 heard from src region (0,0)
I/NetworkThread( 1242): 1333728510883: Received UDP payload: 949
I/Mux     ( 1242): 1333728510886: GOT CSM_Msg
I/VCoreDaemon( 1242): 1333728510887: nonce 490 heard from src region (0,0)
I/VCoreDaemon( 1242): 1333728510941: Retrying PROC_REQUEST 11:5 (0,0)->(4,0)
I/VCoreDaemon( 1242): 1333728510942: Dispatching Atom PROC_REQUEST 11:5 (0,0)->(4,0)
I/Mux     ( 1242): 1333728510942: I got a CSM packet at a leader 
I/NetworkThread( 1242): 1333728510944: Sending UDP payload: 949
I/VCoreDaemon( 1242): 1333728510950: nonce 491 heard from src region (0,0)
I/NetworkThread( 1242): 1333728511002: Received UDP payload: 949
I/Mux     ( 1242): 1333728511006: GOT CSM_Msg
I/VCoreDaemon( 1242): 1333728511006: nonce 491 heard from src region (0,0)
I/VCoreDaemon( 1242): 1333728511043: Retrying PROC_REQUEST 11:5 (0,0)->(4,0)
I/VCoreDaemon( 1242): 1333728511043: Dispatching Atom PROC_REQUEST 11:5 (0,0)->(4,0)
I/Mux     ( 1242): 1333728511045: I got a CSM packet at a leader 
I/NetworkThread( 1242): 1333728511047: Sending UDP payload: 949
I/VCoreDaemon( 1242): 1333728511050: nonce 492 heard from src region (0,0)
I/NetworkThread( 1242): 1333728511077: Received UDP payload: 949
I/Mux     ( 1242): 1333728511080: GOT CSM_Msg
I/VCoreDaemon( 1242): 1333728511080: nonce 492 heard from src region (0,0)
I/VCoreDaemon( 1242): 1333728511144: Retrying PROC_REQUEST 11:5 (0,0)->(4,0)
I/VCoreDaemon( 1242): 1333728511145: Dispatching Atom PROC_REQUEST 11:5 (0,0)->(4,0)
I/Mux     ( 1242): 1333728511145: I got a CSM packet at a leader 
I/NetworkThread( 1242): 1333728511146: Sending UDP payload: 949
I/VCoreDaemon( 1242): 1333728511149: nonce 493 heard from src region (0,0)
I/NetworkThread( 1242): 1333728511175: Received UDP payload: 949
I/Mux     ( 1242): 1333728511178: GOT CSM_Msg
I/VCoreDaemon( 1242): 1333728511178: nonce 493 heard from src region (0,0)
I/VCoreDaemon( 1242): 1333728511246: Retrying PROC_REQUEST 11:5 (0,0)->(4,0)
I/VCoreDaemon( 1242): 1333728511246: Dispatching Atom PROC_REQUEST 11:5 (0,0)->(4,0)
I/Mux     ( 1242): 1333728511247: I got a CSM packet at a leader 
I/NetworkThread( 1242): 1333728511248: Sending UDP payload: 949
I/VCoreDaemon( 1242): 1333728511251: nonce 494 heard from src region (0,0)
I/NetworkThread( 1242): 1333728511305: Received UDP payload: 949
I/Mux     ( 1242): 1333728511325: GOT CSM_Msg
I/VCoreDaemon( 1242): 1333728511325: nonce 494 heard from src region (0,0)
I/VCoreDaemon( 1242): 1333728511347: Retrying PROC_REQUEST 11:5 (0,0)->(4,0)
I/VCoreDaemon( 1242): 1333728511348: Dispatching Atom PROC_REQUEST 11:5 (0,0)->(4,0)
I/Mux     ( 1242): 1333728511348: I got a CSM packet at a leader 
I/NetworkThread( 1242): 1333728511350: Sending UDP payload: 949
I/VCoreDaemon( 1242): 1333728511351: nonce 495 heard from src region (0,0)
D/dalvikvm( 1242): GC_CONCURRENT freed 494K, 24% free 10844K/14151K, paused 3ms+3ms
I/VCoreDaemon( 1242): 1333728511449: Retrying PROC_REQUEST 11:5 (0,0)->(4,0)
I/VCoreDaemon( 1242): 1333728511449: Dispatching Atom PROC_REQUEST 11:5 (0,0)->(4,0)
I/Mux     ( 1242): 1333728511450: I got a CSM packet at a leader 
I/NetworkThread( 1242): 1333728511451: Sending UDP payload: 949
I/VCoreDaemon( 1242): 1333728511452: nonce 496 heard from src region (0,0)
I/NetworkThread( 1242): 1333728511490: Received UDP payload: 949
I/Mux     ( 1242): 1333728511496: GOT CSM_Msg
I/VCoreDaemon( 1242): 1333728511496: nonce 496 heard from src region (0,0)
I/VCoreDaemon( 1242): 1333728511550: Retrying PROC_REQUEST 11:5 (0,0)->(4,0)
I/VCoreDaemon( 1242): 1333728511551: Dispatching Atom PROC_REQUEST 11:5 (0,0)->(4,0)
I/Mux     ( 1242): 1333728511551: I got a CSM packet at a leader 
I/NetworkThread( 1242): 1333728511553: Sending UDP payload: 949
I/VCoreDaemon( 1242): 1333728511554: nonce 497 heard from src region (0,0)
I/NetworkThread( 1242): 1333728511578: Received UDP payload: 949
I/Mux     ( 1242): 1333728511585: GOT CSM_Msg
I/VCoreDaemon( 1242): 1333728511585: nonce 497 heard from src region (0,0)
I/VCoreDaemon( 1242): 1333728511652: Request timed out, send failure PROC_REPLY 11:5 (4,0)->(0,0)
I/VCoreDaemon( 1242): 1333728511653: Dispatching Atom PROC_REPLY 11:5 (4,0)->(0,0)
I/Mux     ( 1242): 1333728511653: I got a CSM packet at a leader 
I/NetworkThread( 1242): 1333728511655: Sending UDP payload: 770
I/VCoreDaemon( 1242): 1333728511658: Received PROC_REPLY 11:5 (4,0)->(0,0), handing to UserApp
I/NetworkThread( 1242): 1333728511677: Received UDP payload: 770
I/Mux     ( 1242): 1333728511684: GOT CSM_Msg
I/VCoreDaemon( 1242): 1333728511685: Received DUPLICATE PROC_REPLY 11:5 (4,0)->(0,0)
I/StatusActivity( 1242): inside buttonsEnableProgressTimeoutR. Perhaps no one is in that region. Try again later!
I/StatusActivity( 1242): Inside _enableButtons
I/StatusActivity( 1242): areButtonsEnabled --> true
I/StatusActivity( 1242): takeNum=6 takeCamGood=6 takeGoodSave=6 takeBad=0 takeTimedout=0 getNum=15 getGood=4 getBad=0 getTimedout=11
W/InputManagerService(  150): Window already focused, ignoring focus gain of: com.android.internal.view.IInputMethodClient$Stub$Proxy@4145a4a0
I/StatusActivity( 1242): 1333728514224: .......... GPS onLocationChanged ...... 
I/VCoreDaemon( 1242): 1333728514225: Loc = Location[mProvider=gps,mTime=1333814915000,mLatitude=42.36360406002108,mLongitude=-71.10033076725603,mHasAltitude=true,mAltitude=-21.0,mHasSpeed=true,mSpeed=0.08840452,mHasBearing=true,mBearing=338.3729,mHasAccuracy=true,mAccuracy=10.0,mExtras=Bundle[mParcelledData.dataSize=4]] Previous Region = (0,0)
I/VCoreDaemon( 1242): 1333728514225: GPS x/long:-71.10033076725603, GPS y/lat: 42.36360406002108. Region width in x: 51.96152422706632
I/VCoreDaemon( 1242): 1333728514226: location PINPOINTS to region = 0.0, previous 0
I/VCoreDaemon( 1242): 1333728514226: stay at region 0
I/NetworkThread( 1242): 1333728515076: Received UDP payload: 949
I/Mux     ( 1242): 1333728515097: GOT CSM_Msg
I/VCoreDaemon( 1242): 1333728515098: nonce 157 heard from src region (1,0)
I/VCoreDaemon( 1242): 1333728515195: inside sendPacket(Packet p)
I/NetworkThread( 1242): 1333728515196: Sending UDP payload: 406
D/ConnectivityService(  150): handleInetConditionHoldEnd: net=0, condition=100, published condition=0
I/NetworkThread( 1242): 1333728517896: Received UDP payload: 770
I/Mux     ( 1242): 1333728517930: GOT CSM_Msg
I/VCoreDaemon( 1242): 1333728517931: nonce 158 heard from src region (4,0)
I/VCoreDaemon( 1242): 1333728517931: Forwarding Atom because it's closer.
I/Mux     ( 1242): 1333728517932: I got a CSM packet at a leader 
I/NetworkThread( 1242): 1333728517938: Sending UDP payload: 770
I/NetworkThread( 1242): 1333728517961: Received UDP payload: 406
I/VCoreDaemon( 1242): 1333728517963: nonce 158 heard from src region (4,0)
I/VCoreDaemon( 1242): 1333728517963: Received Atom already forwarded, ignoring...
I/NetworkThread( 1242): 1333728519280: Received UDP payload: 585
I/Mux     ( 1242): 1333728519287: Inside mux Packet.CLIENT_REQUEST
I/Mux     ( 1242): 1333728519287: I'm the leader of requesting client, about to process Packet.CLIENT_REQUEST in userApp
I/UserApp ( 1242): 1333728519288: UserApp handling MY region's client request, will send atom packet to REMOTE region's handleDSMRequest
I/UserApp ( 1242): 1333728519288: request is CLIENT_DOWNLOAD_PHOTO, figure out where (remote region) to forward packet
I/UserApp ( 1242): 1333728519292: Sending to region: 1
I/VCoreDaemon( 1242): 1333728519299: Sending PROC_REQUEST 11:9 (0,0)->(1,0)
I/VCoreDaemon( 1242): 1333728519308: Dispatching Atom PROC_REQUEST 11:9 (0,0)->(1,0)
I/Mux     ( 1242): 1333728519314: I got a CSM packet at a leader 
I/NetworkThread( 1242): 1333728519320: Sending UDP payload: 949
I/VCoreDaemon( 1242): 1333728519325: nonce 499 heard from src region (0,0)
D/dalvikvm(  308): GC_CONCURRENT freed 421K, 6% free 9507K/10055K, paused 3ms+2ms
I/VCoreDaemon( 1242): 1333728520041: Retrying PROC_REQUEST 11:9 (0,0)->(1,0)
I/VCoreDaemon( 1242): 1333728520048: Dispatching Atom PROC_REQUEST 11:9 (0,0)->(1,0)
I/Mux     ( 1242): 1333728520050: I got a CSM packet at a leader 
I/NetworkThread( 1242): 1333728520056: Sending UDP payload: 949
I/VCoreDaemon( 1242): 1333728520090: nonce 500 heard from src region (0,0)
I/VCoreDaemon( 1242): 1333728520158: Retrying PROC_REQUEST 11:9 (0,0)->(1,0)
I/VCoreDaemon( 1242): 1333728520159: Dispatching Atom PROC_REQUEST 11:9 (0,0)->(1,0)
I/Mux     ( 1242): 1333728520159: I got a CSM packet at a leader 
I/NetworkThread( 1242): 1333728520163: Sending UDP payload: 949
I/VCoreDaemon( 1242): 1333728520177: nonce 501 heard from src region (0,0)
I/VCoreDaemon( 1242): 1333728520195: inside sendPacket(Packet p)
I/NetworkThread( 1242): 1333728520196: Sending UDP payload: 406
I/NetworkThread( 1242): 1333728520229: Received UDP payload: 6563
I/Mux     ( 1242): 1333728520232: GOT CSM_Msg
I/VCoreDaemon( 1242): 1333728520233: Received PROC_REPLY 11:9 (1,0)->(0,0), handing to UserApp
I/UserApp ( 1242): 1333728520233: Now back in orginitator region's leader, precssing handleDSMReply
I/UserApp ( 1242): 1333728520233: Going to and from remote region took latency = 936
I/UserApp ( 1242): 1333728520233: = orig leader sent packet at 1333728519297 ~ received reply at 1333728520233
I/UserApp ( 1242): 1333728520234: Originator Region=0 Leader (for Client=5110) processes remote region's dsm atom reply and will send Packet reply to Originator Client
I/UserApp ( 1242): 1333728520234: reply packet contains the newest photo from the remote region
I/UserApp ( 1242): 1333728520235: I (the leader) was not the originator client (which id = 5110) so I use UDP to send packet back to my nonleader
I/VCoreDaemon( 1242): 1333728520235: inside sendPacket(Packet p)
I/NetworkThread( 1242): 1333728520236: Sending UDP payload: 6216
W/NetworkStats(  150): dropping UID delta from unknown iface: iface=wlan0 uid=10067 set=FOREGROUND tag=0x0 rxBytes=67915 rxPackets=63 txBytes=41638 txPackets=40 operations=0
D/dalvikvm(  150): GC_EXPLICIT freed 519K, 14% free 12468K/14407K, paused 5ms+15ms
I/NetworkThread( 1242): 1333728522660: Received UDP payload: 585
I/Mux     ( 1242): 1333728522690: Inside mux Packet.CLIENT_REQUEST
I/Mux     ( 1242): 1333728522690: I'm the leader of requesting client, about to process Packet.CLIENT_REQUEST in userApp
I/UserApp ( 1242): 1333728522690: UserApp handling MY region's client request, will send atom packet to REMOTE region's handleDSMRequest
I/UserApp ( 1242): 1333728522690: request is CLIENT_DOWNLOAD_PHOTO, figure out where (remote region) to forward packet
I/UserApp ( 1242): 1333728522695: Sending to region: 0
I/VCoreDaemon( 1242): 1333728522696: Sending PROC_REQUEST 11:23 (0,0)->(0,0)
I/VCoreDaemon( 1242): 1333728522696: Dispatching Atom PROC_REQUEST 11:23 (0,0)->(0,0)
I/Mux     ( 1242): 1333728522696: I got a CSM packet at a leader 
I/NetworkThread( 1242): 1333728522697: Sending UDP payload: 949
I/VCoreDaemon( 1242): 1333728522709: removed replies before id 23 from sentReplies of size 0
I/UserApp ( 1242): 1333728522710: INSIDE SERVER_GET_PHOTO!!!
I/UserApp ( 1242): 1333728522713: dst_region == src_region = 0
I/UserApp ( 1242): 1333728522713:  1 self to self atomRequest
I/VCoreDaemon( 1242): 1333728522717: Received PROC_REQUEST 11:23 (0,0)->(0,0), replying PROC_REPLY 11:23 (0,0)->(0,0)
I/VCoreDaemon( 1242): 1333728522717: Dispatching Atom PROC_REPLY 11:23 (0,0)->(0,0)
I/Mux     ( 1242): 1333728522717: I got a CSM packet at a leader 
I/NetworkThread( 1242): 1333728522742: Sending UDP payload: 3518
I/VCoreDaemon( 1242): 1333728522744: Received PROC_REPLY 11:23 (0,0)->(0,0), handing to UserApp
I/UserApp ( 1242): 1333728522744: Now back in orginitator region's leader, precssing handleDSMReply
I/UserApp ( 1242): 1333728522744: Going to and from remote region took latency = 49
I/UserApp ( 1242): 1333728522745: = orig leader sent packet at 1333728522695 ~ received reply at 1333728522744
I/UserApp ( 1242): 1333728522749: Originator Region=0 Leader (for Client=5110) processes remote region's dsm atom reply and will send Packet reply to Originator Client
I/UserApp ( 1242): 1333728522753: reply packet contains the newest photo from the remote region
I/UserApp ( 1242): 1333728522754: I (the leader) was not the originator client (which id = 5110) so I use UDP to send packet back to my nonleader
I/VCoreDaemon( 1242): 1333728522754: inside sendPacket(Packet p)
I/NetworkThread( 1242): 1333728522755: Sending UDP payload: 3171
D/dalvikvm( 1242): GC_CONCURRENT freed 518K, 24% free 10852K/14151K, paused 1ms+13ms
I/NetworkThread( 1242): 1333728522904: Received UDP payload: 406
I/NetworkThread( 1242): 1333728524374: Received UDP payload: 949
I/Mux     ( 1242): 1333728524383: GOT CSM_Msg
I/VCoreDaemon( 1242): 1333728524384: nonce 161 heard from src region (1,0)
I/NetworkThread( 1242): 1333728525159: Received UDP payload: 949
I/Mux     ( 1242): 1333728525163: GOT CSM_Msg
I/VCoreDaemon( 1242): 1333728525163: nonce 162 heard from src region (1,0)
I/VCoreDaemon( 1242): 1333728525199: inside sendPacket(Packet p)
I/NetworkThread( 1242): 1333728525200: Sending UDP payload: 406
I/NetworkThread( 1242): 1333728525262: Received UDP payload: 949
I/Mux     ( 1242): 1333728525276: GOT CSM_Msg
I/VCoreDaemon( 1242): 1333728525277: nonce 163 heard from src region (1,0)
I/NetworkThread( 1242): 1333728525467: Received UDP payload: 949
I/Mux     ( 1242): 1333728525475: GOT CSM_Msg
I/VCoreDaemon( 1242): 1333728525476: nonce 165 heard from src region (1,0)
I/NetworkThread( 1242): 1333728525571: Received UDP payload: 949
I/Mux     ( 1242): 1333728525575: GOT CSM_Msg
I/VCoreDaemon( 1242): 1333728525576: nonce 166 heard from src region (1,0)
I/NetworkThread( 1242): 1333728525675: Received UDP payload: 949
I/Mux     ( 1242): 1333728525684: GOT CSM_Msg
I/VCoreDaemon( 1242): 1333728525684: nonce 167 heard from src region (1,0)
I/NetworkThread( 1242): 1333728525770: Received UDP payload: 949
I/Mux     ( 1242): 1333728525775: GOT CSM_Msg
I/VCoreDaemon( 1242): 1333728525775: nonce 168 heard from src region (1,0)
I/NetworkThread( 1242): 1333728525873: Received UDP payload: 949
I/Mux     ( 1242): 1333728525882: GOT CSM_Msg
I/VCoreDaemon( 1242): 1333728525883: nonce 169 heard from src region (1,0)
I/NetworkThread( 1242): 1333728525974: Received UDP payload: 949
I/Mux     ( 1242): 1333728525978: GOT CSM_Msg
I/VCoreDaemon( 1242): 1333728525978: nonce 170 heard from src region (1,0)
I/NetworkThread( 1242): 1333728526076: Received UDP payload: 949
I/Mux     ( 1242): 1333728526087: GOT CSM_Msg
I/VCoreDaemon( 1242): 1333728526087: nonce 171 heard from src region (1,0)
I/NetworkThread( 1242): 1333728526178: Received UDP payload: 949
I/Mux     ( 1242): 1333728526183: GOT CSM_Msg
I/VCoreDaemon( 1242): 1333728526183: nonce 172 heard from src region (1,0)
