I/NetworkThread( 1242): 1333728526283: Received UDP payload: 949
I/Mux     ( 1242): 1333728526287: GOT CSM_Msg
I/VCoreDaemon( 1242): 1333728526287: nonce 173 heard from src region (1,0)
I/NetworkThread( 1242): 1333728526385: Received UDP payload: 949
I/Mux     ( 1242): 1333728526407: GOT CSM_Msg
I/VCoreDaemon( 1242): 1333728526408: nonce 174 heard from src region (1,0)
I/NetworkThread( 1242): 1333728526514: Received UDP payload: 770
I/Mux     ( 1242): 1333728526521: GOT CSM_Msg
I/VCoreDaemon( 1242): 1333728526522: nonce 175 heard from src region (4,0)
I/VCoreDaemon( 1242): 1333728526522: Forwarding Atom because it's closer.
I/Mux     ( 1242): 1333728526523: I got a CSM packet at a leader 
I/NetworkThread( 1242): 1333728526525: Sending UDP payload: 770
I/VCoreDaemon( 1242): 1333728526527: nonce 175 heard from src region (4,0)
I/VCoreDaemon( 1242): 1333728526540: Received Atom already forwarded, ignoring...
I/NetworkThread( 1242): 1333728527898: Received UDP payload: 406
W/Smack/Packet(  455): notify conn break (IOEx), close connection
I/NetworkThread( 1242): 1333728528422: Received UDP payload: 2435
I/Mux     ( 1242): 1333728528436: Inside mux Packet.CLIENT_REQUEST
I/Mux     ( 1242): 1333728528436: I'm the leader of requesting client, about to process Packet.CLIENT_REQUEST in userApp
I/UserApp ( 1242): 1333728528436: UserApp handling MY region's client request, will send atom packet to REMOTE region's handleDSMRequest
I/UserApp ( 1242): 1333728528436: request is CLIENT_NEW_PHOTO, so send atom packet to myself (remote region = me)
I/VCoreDaemon( 1242): 1333728528436: Sending PROC_REQUEST 10:24 (0,0)->(0,0)
I/VCoreDaemon( 1242): 1333728528441: Dispatching Atom PROC_REQUEST 10:24 (0,0)->(0,0)
I/Mux     ( 1242): 1333728528441: I got a CSM packet at a leader 
I/NetworkThread( 1242): 1333728528442: Sending UDP payload: 2799
I/VCoreDaemon( 1242): 1333728528443: removed replies before id 24 from sentReplies of size 0
I/UserApp ( 1242): 1333728528445: Inside UPLOAD_PHOTO!!
I/UserApp ( 1242): 1333728528453: my_gpinfo.isSuccess is now (should be true): true
I/UserApp ( 1242): 1333728528453: Region leader successfully uploaded a new photo taken by a client in region. Region leader now display the new photo on its screen (through StatusActivity)
I/VCoreDaemon( 1242): 1333728528455: Received PROC_REQUEST 10:24 (0,0)->(0,0), replying PROC_REPLY 10:24 (0,0)->(0,0)
I/VCoreDaemon( 1242): 1333728528455: Dispatching Atom PROC_REPLY 10:24 (0,0)->(0,0)
I/Mux     ( 1242): 1333728528455: I got a CSM packet at a leader 
I/NetworkThread( 1242): 1333728528456: Sending UDP payload: 949
I/VCoreDaemon( 1242): 1333728528477: Received PROC_REPLY 10:24 (0,0)->(0,0), handing to UserApp
I/UserApp ( 1242): 1333728528477: Now back in orginitator region's leader, precssing handleDSMReply
I/UserApp ( 1242): 1333728528477: Going to and from remote region took latency = 41
I/UserApp ( 1242): 1333728528477: = orig leader sent packet at 1333728528436 ~ received reply at 1333728528477
I/UserApp ( 1242): 1333728528478: Originator Region=0 Leader (for Client=5110) processes remote region's dsm atom reply and will send Packet reply to Originator Client
I/UserApp ( 1242): 1333728528478: reply packet contains the ACK for UPLOAD_PHOTO
I/UserApp ( 1242): 1333728528479: I (the leader) was not the originator client (which id = 5110) so I use UDP to send packet back to my nonleader
I/VCoreDaemon( 1242): 1333728528479: inside sendPacket(Packet p)
I/StatusActivity( 1242): 1333728528482: inside Packet.SERVER_SHOW_NEWPHOTO. I'm a leader showing my nonleader/myself client's new photo
I/NetworkThread( 1242): 1333728528480: Sending UDP payload: 602
I/StatusActivity( 1242): 1333728528485: I'm a leader and I SUCCEEDED in saving my client's new photo
I/StatusActivity( 1242): 1333728528486: now showing in UI the new photo I just saved ... 
I/StatusActivity( 1242): 1333728528486: the photo length: 1828
D/dalvikvm( 1242): GC_EXPLICIT freed 466K, 24% free 10844K/14151K, paused 4ms+13ms
I/NetworkThread( 1242): 1333728530153: Received UDP payload: 949
I/Mux     ( 1242): 1333728530156: GOT CSM_Msg
I/VCoreDaemon( 1242): 1333728530156: nonce 204 heard from src region (2,0)
I/VCoreDaemon( 1242): 1333728530186: leader to cloud hearbeat...
I/VNC:Cloud( 1242): Executing makeRequest: http://hermes5.csail.mit.edu:8212/take/0/0/5102/1333728530186/
I/NetworkThread( 1242): 1333728530360: Received UDP payload: 949
I/Mux     ( 1242): 1333728530409: GOT CSM_Msg
I/VCoreDaemon( 1242): 1333728530409: nonce 206 heard from src region (2,0)
I/NetworkThread( 1242): 1333728530685: Received UDP payload: 770
I/Mux     ( 1242): 1333728530690: GOT CSM_Msg
I/VCoreDaemon( 1242): 1333728530690: nonce 209 heard from src region (4,0)
I/StatusActivity( 1242): 1333728530721: canPressButton = TRUE
I/StatusActivity( 1242): 1333728530721: areButtonsEnabled --> false 
I/StatusActivity( 1242): 1333728530721: get picture disableButtonsR
I/StatusActivity( 1242): 1333728530722: areButtonsEnabled --> false
D/AudioHardware(   81): AudioHardware pcm playback is exiting standby.
D/AudioHardware(   81): openPcmOut_l() mPcmOpenCnt: 0
I/StatusActivity( 1242): 1333728530751: takeNum=6 takeCamGood=6 takeGoodSave=6 takeBad=0 takeTimedout=0 getNum=16 getGood=4 getBad=0 getTimedout=11
I/StatusActivity( 1242): 1333728530752: ** Clicked getphotos Button from region 0 **
I/StatusActivity( 1242): 1333728530752: I'm the Client, and I'm in region: 0 nodID = 5102
I/StatusActivity( 1242): 1333728530752: I'm a leader, my requesting photos packet going to mux directly
I/Mux     ( 1242): 1333728530753: Inside mux Packet.CLIENT_REQUEST
I/Mux     ( 1242): 1333728530753: I'm the leader of requesting client, about to process Packet.CLIENT_REQUEST in userApp
I/UserApp ( 1242): 1333728530753: UserApp handling MY region's client request, will send atom packet to REMOTE region's handleDSMRequest
I/UserApp ( 1242): 1333728530753: request is CLIENT_DOWNLOAD_PHOTO, figure out where (remote region) to forward packet
I/UserApp ( 1242): 1333728530754: Sending to region: 0
I/VCoreDaemon( 1242): 1333728530755: Sending PROC_REQUEST 11:25 (0,0)->(0,0)
I/VCoreDaemon( 1242): 1333728530755: Dispatching Atom PROC_REQUEST 11:25 (0,0)->(0,0)
I/Mux     ( 1242): 1333728530755: I got a CSM packet at a leader 
I/NetworkThread( 1242): 1333728530757: Sending UDP payload: 949
I/VCoreDaemon( 1242): 1333728530774: removed replies before id 25 from sentReplies of size 0
I/UserApp ( 1242): 1333728530775: INSIDE SERVER_GET_PHOTO!!!
I/UserApp ( 1242): 1333728530775: dst_region == src_region = 0
I/UserApp ( 1242): 1333728530775:  1 self to self atomRequest
I/StatusActivity( 1242): 1333728530777: StatusActivity sent request to get photos for region 0
I/VCoreDaemon( 1242): 1333728530776: Received PROC_REQUEST 11:25 (0,0)->(0,0), replying PROC_REPLY 11:25 (0,0)->(0,0)
I/VCoreDaemon( 1242): 1333728530781: Dispatching Atom PROC_REPLY 11:25 (0,0)->(0,0)
I/Mux     ( 1242): 1333728530781: I got a CSM packet at a leader 
I/NetworkThread( 1242): 1333728530782: Sending UDP payload: 2799
I/VCoreDaemon( 1242): 1333728530790: Received PROC_REPLY 11:25 (0,0)->(0,0), handing to UserApp
I/UserApp ( 1242): 1333728530790: Now back in orginitator region's leader, precssing handleDSMReply
I/UserApp ( 1242): 1333728530790: Going to and from remote region took latency = 36
I/UserApp ( 1242): 1333728530790: = orig leader sent packet at 1333728530754 ~ received reply at 1333728530790
I/UserApp ( 1242): 1333728530847: Originator Region=0 Leader (for Client=5102) processes remote region's dsm atom reply and will send Packet reply to Originator Client
I/UserApp ( 1242): 1333728530847: reply packet contains the newest photo from the remote region
I/UserApp ( 1242): 1333728530848: I (the leader) was also the originator client (id = 5102) so I hand the packet to my mux directly, without UDP
I/VNC:Cloud( 1242): makeRequest Execute HTTP latency: 686ms
I/VNC:Cloud( 1242): makeRequest() Cloud response length: 93
I/VNC:Cloud( 1242): Request executed: http://hermes5.csail.mit.edu:8212/take/0/0/5102/1333728530186/
I/VCoreDaemon( 1242): 1333728530875: inside sendPacket(Packet p)
I/NetworkThread( 1242): 1333728530876: Sending UDP payload: 406
D/dalvikvm( 1242): GC_CONCURRENT freed 522K, 24% free 10893K/14151K, paused 11ms+4ms
I/StatusActivity( 1242): 1333728530942: inside Packet.CLIENT_SHOW_REMOTEPHOTOS. Client requested for a photo in a remote region and this is the reply
I/StatusActivity( 1242): 1333728530943: leader download remote photo latency = 189
I/StatusActivity( 1242): 1333728530943: = leader download start 1333728530753 ~ stop 1333728530942
I/StatusActivity( 1242): 1333728530945: takeNum=6 takeCamGood=6 takeGoodSave=6 takeBad=0 takeTimedout=0 getNum=16 getGood=5 getBad=0 getTimedout=11
I/StatusActivity( 1242): 1333728530945: Success! Client getting photo from remote region, showing photo...
I/StatusActivity( 1242): 1333728530946: Remote photo's length: 1828
D/dalvikvm( 1242): GC_EXPLICIT freed 32K, 24% free 10879K/14151K, paused 2ms+12ms
I/StatusActivity( 1242): Inside _enableButtons
I/StatusActivity( 1242): areButtonsEnabled --> true
W/InputManagerService(  150): Window already focused, ignoring focus gain of: com.android.internal.view.IInputMethodClient$Stub$Proxy@41582340
D/ConnectivityService(  150): handleInetConditionHoldEnd: net=0, condition=0, published condition=100
I/NetworkThread( 1242): 1333728532909: Received UDP payload: 406
D/AudioHardware(   81): AudioHardware pcm playback is going to standby.
D/AudioHardware(   81): closePcmOut_l() mPcmOpenCnt: 1
I/VCoreDaemon( 1242): 1333728535878: inside sendPacket(Packet p)
I/NetworkThread( 1242): 1333728535884: Sending UDP payload: 406
W/NetworkStats(  150): dropping UID delta from unknown iface: iface=wlan0 uid=10067 set=FOREGROUND tag=0x0 rxBytes=38689 rxPackets=34 txBytes=18060 txPackets=12 operations=0
I/NetworkThread( 1242): 1333728537911: Received UDP payload: 406
I/VCoreDaemon( 1242): 1333728540878: inside sendPacket(Packet p)
I/NetworkThread( 1242): 1333728540883: Sending UDP payload: 406
I/GTalkService/c(  455): [AndroidEndpoint@1094417120] connect: acct=1000000, state=CONNECTING
I/NetworkThread( 1242): 1333728542651: Received UDP payload: 406
I/NetworkThread( 1242): 1333728542917: Received UDP payload: 406
D/dalvikvm(  455): GC_CONCURRENT freed 387K, 6% free 10031K/10631K, paused 2ms+3ms
D/ConnectivityService(  150): handleInetConditionHoldEnd: net=0, condition=100, published condition=0
I/VCoreDaemon( 1242): 1333728545879: inside sendPacket(Packet p)
I/NetworkThread( 1242): 1333728545889: Sending UDP payload: 406
I/NetworkThread( 1242): 1333728546237: Received UDP payload: 6563
I/Mux     ( 1242): 1333728546241: GOT CSM_Msg
I/VCoreDaemon( 1242): 1333728546241: nonce 176 heard from src region (1,0)
W/Smack/Packet(  455): notify conn break (IOEx), close connection
I/NetworkThread( 1242): 1333728546803: Received UDP payload: 949
I/Mux     ( 1242): 1333728546845: GOT CSM_Msg
I/VCoreDaemon( 1242): 1333728546846: nonce 211 heard from src region (2,0)
I/NetworkThread( 1242): 1333728546895: Received UDP payload: 949
I/Mux     ( 1242): 1333728546899: GOT CSM_Msg
I/VCoreDaemon( 1242): 1333728546900: nonce 212 heard from src region (2,0)
D/dalvikvm( 1242): GC_CONCURRENT freed 544K, 24% free 10862K/14151K, paused 3ms+4ms
I/NetworkThread( 1242): 1333728547000: Received UDP payload: 949
I/Mux     ( 1242): 1333728547003: GOT CSM_Msg
I/VCoreDaemon( 1242): 1333728547003: nonce 213 heard from src region (2,0)
I/NetworkThread( 1242): 1333728547007: Received UDP payload: 6563
I/Mux     ( 1242): 1333728547012: GOT CSM_Msg
I/VCoreDaemon( 1242): 1333728547013: nonce 177 heard from src region (1,0)
I/NetworkThread( 1242): 1333728547066: Received UDP payload: 6563
I/Mux     ( 1242): 1333728547069: GOT CSM_Msg
I/VCoreDaemon( 1242): 1333728547071: nonce 178 heard from src region (1,0)
I/NetworkThread( 1242): 1333728547301: Received UDP payload: 949
I/Mux     ( 1242): 1333728547344: GOT CSM_Msg
I/VCoreDaemon( 1242): 1333728547346: nonce 216 heard from src region (2,0)
I/NetworkThread( 1242): 1333728547411: Received UDP payload: 949
I/Mux     ( 1242): 1333728547414: GOT CSM_Msg
I/VCoreDaemon( 1242): 1333728547415: nonce 217 heard from src region (2,0)
I/NetworkThread( 1242): 1333728547431: Received UDP payload: 6563
I/Mux     ( 1242): 1333728547436: GOT CSM_Msg
I/VCoreDaemon( 1242): 1333728547436: nonce 180 heard from src region (1,0)
I/NetworkThread( 1242): 1333728547501: Received UDP payload: 949
I/Mux     ( 1242): 1333728547504: GOT CSM_Msg
I/VCoreDaemon( 1242): 1333728547504: nonce 218 heard from src region (2,0)
I/NetworkThread( 1242): 1333728547507: Received UDP payload: 6563
I/Mux     ( 1242): 1333728547511: GOT CSM_Msg
I/VCoreDaemon( 1242): 1333728547512: nonce 181 heard from src region (1,0)
I/NetworkThread( 1242): 1333728547608: Received UDP payload: 949
I/Mux     ( 1242): 1333728547615: GOT CSM_Msg
I/VCoreDaemon( 1242): 1333728547616: nonce 219 heard from src region (2,0)
I/NetworkThread( 1242): 1333728547647: Received UDP payload: 406
I/NetworkThread( 1242): 1333728547713: Received UDP payload: 949
I/Mux     ( 1242): 1333728547723: GOT CSM_Msg
I/VCoreDaemon( 1242): 1333728547724: nonce 220 heard from src region (2,0)
I/NetworkThread( 1242): 1333728547823: Received UDP payload: 6563
I/Mux     ( 1242): 1333728547838: GOT CSM_Msg
I/VCoreDaemon( 1242): 1333728547839: nonce 184 heard from src region (1,0)
I/NetworkThread( 1242): 1333728547926: Received UDP payload: 949
I/Mux     ( 1242): 1333728547930: GOT CSM_Msg
I/VCoreDaemon( 1242): 1333728547930: nonce 222 heard from src region (2,0)
I/NetworkThread( 1242): 1333728548024: Received UDP payload: 949
I/Mux     ( 1242): 1333728548038: GOT CSM_Msg
I/VCoreDaemon( 1242): 1333728548039: nonce 223 heard from src region (2,0)
I/NetworkThread( 1242): 1333728548047: Received UDP payload: 6563
I/Mux     ( 1242): 1333728548105: GOT CSM_Msg
I/VCoreDaemon( 1242): 1333728548105: nonce 185 heard from src region (1,0)
I/NetworkThread( 1242): 1333728548124: Received UDP payload: 949
I/Mux     ( 1242): 1333728548127: GOT CSM_Msg
I/VCoreDaemon( 1242): 1333728548127: nonce 224 heard from src region (2,0)
I/NetworkThread( 1242): 1333728548227: Received UDP payload: 770
I/Mux     ( 1242): 1333728548232: GOT CSM_Msg
I/VCoreDaemon( 1242): 1333728548232: nonce 225 heard from src region (1,0)
D/ConnectivityService(  150): handleInetConditionHoldEnd: net=0, condition=0, published condition=100
I/VCoreDaemon( 1242): 1333728550881: inside sendPacket(Packet p)
I/NetworkThread( 1242): 1333728550889: Sending UDP payload: 406
W/NetworkStats(  150): dropping UID delta from unknown iface: iface=wlan0 uid=10067 set=FOREGROUND tag=0x0 rxBytes=60720 rxPackets=26 txBytes=1302 txPackets=3 operations=0
D/dalvikvm(  150): GC_CONCURRENT freed 763K, 14% free 12509K/14407K, paused 3ms+5ms
I/NetworkThread( 1242): 1333728553493: Received UDP payload: 949
I/Mux     ( 1242): 1333728553502: GOT CSM_Msg
I/VCoreDaemon( 1242): 1333728553502: nonce 189 heard from src region (1,0)
I/NetworkThread( 1242): 1333728553515: Received UDP payload: 406
I/NetworkThread( 1242): 1333728553609: Received UDP payload: 949
I/Mux     ( 1242): 1333728553624: GOT CSM_Msg
I/VCoreDaemon( 1242): 1333728553625: nonce 190 heard from src region (1,0)
I/StatusActivity( 1242): 1333728554210: .......... GPS onLocationChanged ...... 
I/VCoreDaemon( 1242): 1333728554212: Loc = Location[mProvider=gps,mTime=1333814955000,mLatitude=42.36356136464918,mLongitude=-71.10035221315752,mHasAltitude=true,mAltitude=-21.0,mHasSpeed=true,mSpeed=0.0,mHasBearing=true,mBearing=62.285122,mHasAccuracy=true,mAccuracy=15.0,mExtras=Bundle[mParcelledData.dataSize=4]] Previous Region = (0,0)
I/VCoreDaemon( 1242): 1333728554213: GPS x/long:-71.10035221315752, GPS y/lat: 42.36356136464918. Region width in x: 51.96152422706632
I/VCoreDaemon( 1242): 1333728554227: location PINPOINTS to region = 0.0, previous 0
I/VCoreDaemon( 1242): 1333728554227: stay at region 0
I/StatusActivity( 1242): 1333728554834: canPressButton = TRUE
I/StatusActivity( 1242): 1333728554836: areButtonsEnabled --> false 
I/StatusActivity( 1242): 1333728554837: get picture disableButtonsR
D/AudioHardware(   81): AudioHardware pcm playback is exiting standby.
D/AudioHardware(   81): openPcmOut_l() mPcmOpenCnt: 0
I/StatusActivity( 1242): 1333728554839: areButtonsEnabled --> false
I/StatusActivity( 1242): 1333728554975: takeNum=6 takeCamGood=6 takeGoodSave=6 takeBad=0 takeTimedout=0 getNum=17 getGood=5 getBad=0 getTimedout=11
I/StatusActivity( 1242): 1333728554975: ** Clicked getphotos Button from region 0 **
I/StatusActivity( 1242): 1333728554976: I'm the Client, and I'm in region: 0 nodID = 5102
I/StatusActivity( 1242): 1333728554994: I'm a leader, my requesting photos packet going to mux directly
I/StatusActivity( 1242): 1333728554994: StatusActivity sent request to get photos for region 0
I/Mux     ( 1242): 1333728554995: Inside mux Packet.CLIENT_REQUEST
I/Mux     ( 1242): 1333728554996: I'm the leader of requesting client, about to process Packet.CLIENT_REQUEST in userApp
I/UserApp ( 1242): 1333728554996: UserApp handling MY region's client request, will send atom packet to REMOTE region's handleDSMRequest
I/UserApp ( 1242): 1333728554996: request is CLIENT_DOWNLOAD_PHOTO, figure out where (remote region) to forward packet
I/UserApp ( 1242): 1333728554997: Sending to region: 0
I/VCoreDaemon( 1242): 1333728554997: Sending PROC_REQUEST 11:26 (0,0)->(0,0)
I/VCoreDaemon( 1242): 1333728554997: Dispatching Atom PROC_REQUEST 11:26 (0,0)->(0,0)
I/Mux     ( 1242): 1333728554998: I got a CSM packet at a leader 
I/NetworkThread( 1242): 1333728554999: Sending UDP payload: 949
I/VCoreDaemon( 1242): 1333728555002: removed replies before id 26 from sentReplies of size 0
I/UserApp ( 1242): 1333728555003: INSIDE SERVER_GET_PHOTO!!!
I/UserApp ( 1242): 1333728555004: dst_region == src_region = 0
I/UserApp ( 1242): 1333728555004:  1 self to self atomRequest
D/dalvikvm( 1242): GC_CONCURRENT freed 494K, 23% free 10928K/14151K, paused 3ms+4ms
I/VCoreDaemon( 1242): 1333728555012: Received PROC_REQUEST 11:26 (0,0)->(0,0), replying PROC_REPLY 11:26 (0,0)->(0,0)
I/VCoreDaemon( 1242): 1333728555022: Dispatching Atom PROC_REPLY 11:26 (0,0)->(0,0)
I/Mux     ( 1242): 1333728555022: I got a CSM packet at a leader 
I/NetworkThread( 1242): 1333728555040: Sending UDP payload: 2799
I/VCoreDaemon( 1242): 1333728555042: Received PROC_REPLY 11:26 (0,0)->(0,0), handing to UserApp
I/UserApp ( 1242): 1333728555042: Now back in orginitator region's leader, precssing handleDSMReply
I/UserApp ( 1242): 1333728555042: Going to and from remote region took latency = 45
I/UserApp ( 1242): 1333728555042: = orig leader sent packet at 1333728554997 ~ received reply at 1333728555042
I/UserApp ( 1242): 1333728555044: Originator Region=0 Leader (for Client=5102) processes remote region's dsm atom reply and will send Packet reply to Originator Client
I/UserApp ( 1242): 1333728555044: reply packet contains the newest photo from the remote region
I/UserApp ( 1242): 1333728555044: I (the leader) was also the originator client (id = 5102) so I hand the packet to my mux directly, without UDP
I/StatusActivity( 1242): 1333728555100: inside Packet.CLIENT_SHOW_REMOTEPHOTOS. Client requested for a photo in a remote region and this is the reply
I/StatusActivity( 1242): 1333728555101: leader download remote photo latency = 106
I/StatusActivity( 1242): 1333728555101: = leader download start 1333728554994 ~ stop 1333728555100
I/StatusActivity( 1242): 1333728555102: takeNum=6 takeCamGood=6 takeGoodSave=6 takeBad=0 takeTimedout=0 getNum=17 getGood=6 getBad=0 getTimedout=11
I/StatusActivity( 1242): 1333728555103: Success! Client getting photo from remote region, showing photo...
I/StatusActivity( 1242): 1333728555103: Remote photo's length: 1828
D/dalvikvm( 1242): GC_EXPLICIT freed 116K, 24% free 10871K/14151K, paused 3ms+12ms
I/StatusActivity( 1242): Inside _enableButtons
I/StatusActivity( 1242): areButtonsEnabled --> true
I/StatusActivity( 1242): 1333728555268: .......... GPS onLocationChanged ...... 
I/VCoreDaemon( 1242): 1333728555269: Loc = Location[mProvider=gps,mTime=1333814956000,mLatitude=42.36354959793345,mLongitude=-71.10035129503342,mHasAltitude=true,mAltitude=-22.0,mHasSpeed=true,mSpeed=0.37149325,mHasBearing=true,mBearing=76.63799,mHasAccuracy=true,mAccuracy=10.0,mExtras=Bundle[mParcelledData.dataSize=4]] Previous Region = (0,0)
I/VCoreDaemon( 1242): 1333728555270: GPS x/long:-71.10035129503342, GPS y/lat: 42.36354959793345. Region width in x: 51.96152422706632
I/VCoreDaemon( 1242): 1333728555270: location PINPOINTS to region = 0.0, previous 0
I/VCoreDaemon( 1242): 1333728555272: stay at region 0
W/InputManagerService(  150): Window already focused, ignoring focus gain of: com.android.internal.view.IInputMethodClient$Stub$Proxy@4157df58
I/VCoreDaemon( 1242): 1333728555882: inside sendPacket(Packet p)
I/NetworkThread( 1242): 1333728555892: Sending UDP payload: 406
D/AudioHardware(   81): AudioHardware pcm playback is going to standby.
D/AudioHardware(   81): closePcmOut_l() mPcmOpenCnt: 1
I/NetworkThread( 1242): 1333728558495: Received UDP payload: 406
I/NetworkThread( 1242): 1333728560078: Received UDP payload: 406
I/VCoreDaemon( 1242): 1333728560875: leader to cloud hearbeat...
I/VNC:Cloud( 1242): Executing makeRequest: http://hermes5.csail.mit.edu:8212/take/0/0/5102/1333728560877/
I/StatusActivity( 1242): 1333728562224: .......... GPS onLocationChanged ...... 
I/VCoreDaemon( 1242): 1333728562226: Loc = Location[mProvider=gps,mTime=1333814963000,mLatitude=42.363534516003575,mLongitude=-71.10034652391613,mHasAltitude=true,mAltitude=-20.0,mHasSpeed=true,mSpeed=0.0,mHasBearing=true,mBearing=123.801025,mHasAccuracy=true,mAccuracy=5.0,mExtras=Bundle[mParcelledData.dataSize=4]] Previous Region = (0,0)
I/VCoreDaemon( 1242): 1333728562228: GPS x/long:-71.10034652391613, GPS y/lat: 42.363534516003575. Region width in x: 51.96152422706632
I/VCoreDaemon( 1242): 1333728562228: location PINPOINTS to region = 0.0, previous 0
I/VCoreDaemon( 1242): 1333728562237: stay at region 0
I/StatusActivity( 1242): 1333728563198: .......... GPS onLocationChanged ...... 
I/VCoreDaemon( 1242): 1333728563199: Loc = Location[mProvider=gps,mTime=1333814964000,mLatitude=42.363518160475245,mLongitude=-71.10034376739618,mHasAltitude=true,mAltitude=-18.0,mHasSpeed=true,mSpeed=0.0,mHasBearing=true,mBearing=123.801025,mHasAccuracy=true,mAccuracy=10.0,mExtras=Bundle[mParcelledData.dataSize=4]] Previous Region = (0,0)
I/VCoreDaemon( 1242): 1333728563199: GPS x/long:-71.10034376739618, GPS y/lat: 42.363518160475245. Region width in x: 51.96152422706632
I/VCoreDaemon( 1242): 1333728563199: location PINPOINTS to region = 0.0, previous 0
I/VCoreDaemon( 1242): 1333728563200: stay at region 0
I/VNC:Cloud( 1242): makeRequest Execute HTTP latency: 2363ms
I/VNC:Cloud( 1242): makeRequest() Cloud response length: 93
I/VNC:Cloud( 1242): Request executed: http://hermes5.csail.mit.edu:8212/take/0/0/5102/1333728560877/
I/VCoreDaemon( 1242): 1333728563254: inside sendPacket(Packet p)
I/NetworkThread( 1242): 1333728563256: Sending UDP payload: 406
I/NetworkThread( 1242): 1333728563496: Received UDP payload: 406
D/dalvikvm( 1242): GC_CONCURRENT freed 462K, 23% free 10898K/14151K, paused 4ms+11ms
D/dalvikvm(  711): GC_CONCURRENT freed 388K, 7% free 10041K/10759K, paused 2ms+3ms
I/StatusActivity( 1242): 1333728566195: .......... GPS onLocationChanged ...... 
I/VCoreDaemon( 1242): 1333728566196: Loc = Location[mProvider=gps,mTime=1333814967000,mLatitude=42.36350927986071,mLongitude=-71.10034071726398,mHasAltitude=true,mAltitude=-15.0,mHasSpeed=true,mSpeed=0.06491586,mHasBearing=true,mBearing=200.35977,mHasAccuracy=true,mAccuracy=5.0,mExtras=Bundle[mParcelledData.dataSize=4]] Previous Region = (0,0)
I/VCoreDaemon( 1242): 1333728566196: GPS x/long:-71.10034071726398, GPS y/lat: 42.36350927986071. Region width in x: 51.96152422706632
I/VCoreDaemon( 1242): 1333728566196: location PINPOINTS to region = 0.0, previous 0
I/VCoreDaemon( 1242): 1333728566197: stay at region 0
I/VCoreDaemon( 1242): 1333728568256: inside sendPacket(Packet p)
I/NetworkThread( 1242): 1333728568263: Sending UDP payload: 406
W/NetworkStats(  150): dropping UID delta from unknown iface: iface=wlan0 uid=10067 set=FOREGROUND tag=0x0 rxBytes=8796 rxPackets=11 txBytes=5106 txPackets=5 operations=0
I/VCoreDaemon( 1242): 1333728573256: inside sendPacket(Packet p)
I/NetworkThread( 1242): 1333728573257: Sending UDP payload: 406
I/GTalkService/c(  455): [AndroidEndpoint@1094417120] connect: acct=1000000, state=CONNECTING
I/NetworkThread( 1242): 1333728573885: Received UDP payload: 949
I/Mux     ( 1242): 1333728573933: GOT CSM_Msg
I/VCoreDaemon( 1242): 1333728573933: nonce 231 heard from src region (2,0)
I/NetworkThread( 1242): 1333728574001: Received UDP payload: 949
I/Mux     ( 1242): 1333728574013: GOT CSM_Msg
I/VCoreDaemon( 1242): 1333728574014: nonce 232 heard from src region (2,0)
I/NetworkThread( 1242): 1333728574105: Received UDP payload: 949
I/Mux     ( 1242): 1333728574117: GOT CSM_Msg
I/VCoreDaemon( 1242): 1333728574117: nonce 233 heard from src region (2,0)
I/NetworkThread( 1242): 1333728574599: Received UDP payload: 949
I/Mux     ( 1242): 1333728574654: GOT CSM_Msg
I/VCoreDaemon( 1242): 1333728574655: nonce 238 heard from src region (2,0)
I/NetworkThread( 1242): 1333728574700: Received UDP payload: 949
I/Mux     ( 1242): 1333728574708: GOT CSM_Msg
I/VCoreDaemon( 1242): 1333728574709: nonce 239 heard from src region (2,0)
I/NetworkThread( 1242): 1333728574802: Received UDP payload: 949
I/Mux     ( 1242): 1333728574823: GOT CSM_Msg
I/VCoreDaemon( 1242): 1333728574824: nonce 240 heard from src region (2,0)
I/NetworkThread( 1242): 1333728574905: Received UDP payload: 949
I/Mux     ( 1242): 1333728574924: GOT CSM_Msg
I/VCoreDaemon( 1242): 1333728574925: nonce 241 heard from src region (2,0)
I/NetworkThread( 1242): 1333728575005: Received UDP payload: 949
I/Mux     ( 1242): 1333728575024: GOT CSM_Msg
I/VCoreDaemon( 1242): 1333728575025: nonce 242 heard from src region (2,0)
I/NetworkThread( 1242): 1333728575061: Received UDP payload: 406
I/NetworkThread( 1242): 1333728575108: Received UDP payload: 949
I/Mux     ( 1242): 1333728575117: GOT CSM_Msg
I/VCoreDaemon( 1242): 1333728575117: nonce 243 heard from src region (2,0)
I/StatusActivity( 1242): 1333728575201: .......... GPS onLocationChanged ...... 
I/NetworkThread( 1242): 1333728575209: Received UDP payload: 949
I/VCoreDaemon( 1242): 1333728575216: Loc = Location[mProvider=gps,mTime=1333814976000,mLatitude=42.36350847943647,mLongitude=-71.10035538460971,mHasAltitude=true,mAltitude=-20.0,mHasSpeed=true,mSpeed=0.40940264,mHasBearing=true,mBearing=241.84697,mHasAccuracy=true,mAccuracy=10.0,mExtras=Bundle[mParcelledData.dataSize=4]] Previous Region = (0,0)
I/VCoreDaemon( 1242): 1333728575217: GPS x/long:-71.10035538460971, GPS y/lat: 42.36350847943647. Region width in x: 51.96152422706632
I/VCoreDaemon( 1242): 1333728575217: location PINPOINTS to region = 0.0, previous 0
I/VCoreDaemon( 1242): 1333728575217: stay at region 0
I/Mux     ( 1242): 1333728575221: GOT CSM_Msg
I/VCoreDaemon( 1242): 1333728575221: nonce 244 heard from src region (2,0)
I/NetworkThread( 1242): 1333728575309: Received UDP payload: 770
I/Mux     ( 1242): 1333728575315: GOT CSM_Msg
I/VCoreDaemon( 1242): 1333728575315: nonce 245 heard from src region (3,0)
I/VCoreDaemon( 1242): 1333728578256: inside sendPacket(Packet p)
I/NetworkThread( 1242): 1333728578257: Sending UDP payload: 406
I/NetworkThread( 1242): 1333728580081: Received UDP payload: 406
D/ConnectivityService(  150): handleInetConditionHoldEnd: net=0, condition=100, published condition=0
I/VCoreDaemon( 1242): 1333728583256: inside sendPacket(Packet p)
I/NetworkThread( 1242): 1333728583261: Sending UDP payload: 406
I/ActivityManager(  150): Start proc com.google.android.apps.maps for service com.google.android.apps.maps/com.google.googlenav.prefetch.android.PrefetcherService: pid=1396 uid=10032 gids={3003, 1015}
D/dalvikvm(   79): GC_EXPLICIT freed 38K, 4% free 9029K/9347K, paused 2ms+2ms
D/dalvikvm(  150): GC_CONCURRENT freed 794K, 14% free 12505K/14407K, paused 12ms+9ms
I/dalvikvm( 1396): Turning on JNI app bug workarounds for target SDK version 13...
D/dalvikvm(   79): GC_EXPLICIT freed <1K, 4% free 9029K/9347K, paused 2ms+2ms
D/dalvikvm(   79): GC_EXPLICIT freed <1K, 4% free 9029K/9347K, paused 2ms+2ms
D/dalvikvm( 1396): GC_CONCURRENT freed 170K, 3% free 9364K/9607K, paused 2ms+2ms
I/ActivityThread( 1396): Pub com.google.android.maps.LayerInfoProvider: com.google.googlenav.layer.LayerInfoProvider
I/ActivityThread( 1396): Pub com.google.android.maps.TrafficAppWidgetProvider: com.google.googlenav.appwidget.traffic.TrafficAppWidgetProvider
I/ActivityThread( 1396): Pub com.google.android.maps.SuggestionProvider: com.google.googlenav.suggest.android.SuggestProvider
I/ActivityThread( 1396): Pub com.google.android.maps.LocalActivePlacesProvider: com.google.googlenav.provider.LocalActivePlacesProvider
I/ActivityThread( 1396): Pub com.google.android.maps.StarredItemProvider: com.google.googlenav.provider.StarredItemProvider
D/dalvikvm( 1396): GC_CONCURRENT freed 143K, 3% free 9760K/9991K, paused 2ms+2ms
I/ActivityThread( 1396): Pub com.google.android.maps.LocalSuggestionProvider: com.google.googlenav.provider.LocalSuggestionProvider
I/ActivityThread( 1396): Pub com.google.android.maps.SearchHistoryProvider: com.google.googlenav.provider.SearchHistoryProvider
I/ActivityThread( 1396): Pub com.google.android.maps.NavigationAvailabilityProvider: com.google.googlenav.provider.NavigationAvailabilityProvider
D/dalvikvm( 1396): GC_CONCURRENT freed 268K, 4% free 10029K/10375K, paused 2ms+3ms
I/StatusActivity( 1242): 1333728584221: .......... GPS onLocationChanged ...... 
I/VCoreDaemon( 1242): 1333728584223: Loc = Location[mProvider=gps,mTime=1333814985000,mLatitude=42.36351546063919,mLongitude=-71.10036598329056,mHasAltitude=true,mAltitude=-20.0,mHasSpeed=true,mSpeed=0.3957226,mHasBearing=true,mBearing=271.4103,mHasAccuracy=true,mAccuracy=5.0,mExtras=Bundle[mParcelledData.dataSize=4]] Previous Region = (0,0)
I/VCoreDaemon( 1242): 1333728584225: GPS x/long:-71.10036598329056, GPS y/lat: 42.36351546063919. Region width in x: 51.96152422706632
I/VCoreDaemon( 1242): 1333728584225: location PINPOINTS to region = 0.0, previous 0
I/VCoreDaemon( 1242): 1333728584226: stay at region 0
D/dalvikvm(  308): GC_CONCURRENT freed 434K, 6% free 9504K/10055K, paused 3ms+3ms
I/NetworkThread( 1242): 1333728585267: Received UDP payload: 406
W/NetworkStats(  150): dropping UID delta from unknown iface: iface=wlan0 uid=10067 set=FOREGROUND tag=0x0 rxBytes=13172 rxPackets=17 txBytes=1302 txPackets=3 operations=0
I/StatusActivity( 1242): 1333728586213: .......... GPS onLocationChanged ...... 
I/VCoreDaemon( 1242): 1333728586214: Loc = Location[mProvider=gps,mTime=1333814987000,mLatitude=42.363526679993385,mLongitude=-71.10037029468414,mHasAltitude=true,mAltitude=-20.0,mHasSpeed=true,mSpeed=0.4014649,mHasBearing=true,mBearing=309.04852,mHasAccuracy=true,mAccuracy=5.0,mExtras=Bundle[mParcelledData.dataSize=4]] Previous Region = (0,0)
I/VCoreDaemon( 1242): 1333728586214: GPS x/long:-71.10037029468414, GPS y/lat: 42.363526679993385. Region width in x: 51.96152422706632
I/VCoreDaemon( 1242): 1333728586214: location PINPOINTS to region = 0.0, previous 0
I/VCoreDaemon( 1242): 1333728586214: stay at region 0
I/VCoreDaemon( 1242): 1333728588256: inside sendPacket(Packet p)
I/NetworkThread( 1242): 1333728588257: Sending UDP payload: 406
I/NetworkThread( 1242): 1333728588835: Received UDP payload: 406
D/dalvikvm( 1242): GC_CONCURRENT freed 515K, 24% free 10881K/14151K, paused 20ms+2ms
I/NetworkThread( 1242): 1333728590270: Received UDP payload: 406
I/StatusActivity( 1242): 1333728592187: .......... GPS onLocationChanged ...... 
I/VCoreDaemon( 1242): 1333728592188: Loc = Location[mProvider=gps,mTime=1333814993000,mLatitude=42.363538267510016,mLongitude=-71.10038296669711,mHasAltitude=true,mAltitude=-19.0,mHasSpeed=true,mSpeed=0.13975057,mHasBearing=true,mBearing=307.89682,mHasAccuracy=true,mAccuracy=5.0,mExtras=Bundle[mParcelledData.dataSize=4]] Previous Region = (0,0)
I/VCoreDaemon( 1242): 1333728592188: GPS x/long:-71.10038296669711, GPS y/lat: 42.363538267510016. Region width in x: 51.96152422706632
I/VCoreDaemon( 1242): 1333728592188: location PINPOINTS to region = 0.0, previous 0
I/VCoreDaemon( 1242): 1333728592188: stay at region 0
W/Smack/Packet(  455): notify conn break (IOEx), close connection
D/dalvikvm(  455): GC_CONCURRENT freed 388K, 6% free 10032K/10631K, paused 2ms+14ms
I/VCoreDaemon( 1242): 1333728593256: leader to cloud hearbeat...
I/VNC:Cloud( 1242): Executing makeRequest: http://hermes5.csail.mit.edu:8212/take/0/0/5102/1333728593256/
I/ActivityManager(  150): No longer want android.process.acore (pid 395): hidden #16
I/StatusActivity( 1242): 1333728594184: .......... GPS onLocationChanged ...... 
I/VCoreDaemon( 1242): 1333728594185: Loc = Location[mProvider=gps,mTime=1333814995000,mLatitude=42.36355326307555,mLongitude=-71.100409724419,mHasAltitude=true,mAltitude=-22.0,mHasSpeed=true,mSpeed=0.29056564,mHasBearing=true,mBearing=305.47067,mHasAccuracy=true,mAccuracy=5.0,mExtras=Bundle[mParcelledData.dataSize=4]] Previous Region = (0,0)
I/VCoreDaemon( 1242): 1333728594185: GPS x/long:-71.100409724419, GPS y/lat: 42.36355326307555. Region width in x: 51.96152422706632
I/VCoreDaemon( 1242): 1333728594186: location PINPOINTS to region = 0.0, previous 0
I/VCoreDaemon( 1242): 1333728594186: stay at region 0
I/StatusActivity( 1242): 1333728595245: .......... GPS onLocationChanged ...... 
I/VCoreDaemon( 1242): 1333728595246: Loc = Location[mProvider=gps,mTime=1333814996000,mLatitude=42.36356031505537,mLongitude=-71.10042036162478,mHasAltitude=true,mAltitude=-20.0,mHasSpeed=true,mSpeed=0.35630286,mHasBearing=true,mBearing=305.26727,mHasAccuracy=true,mAccuracy=5.0,mExtras=Bundle[mParcelledData.dataSize=4]] Previous Region = (0,0)
I/VCoreDaemon( 1242): 1333728595247: GPS x/long:-71.10042036162478, GPS y/lat: 42.36356031505537. Region width in x: 51.96152422706632
I/VCoreDaemon( 1242): 1333728595247: location PINPOINTS to region = 0.0, previous 0
I/VCoreDaemon( 1242): 1333728595247: stay at region 0
I/NetworkThread( 1242): 1333728595270: Received UDP payload: 406
W/NetworkStats(  150): dropping UID delta from unknown iface: iface=wlan0 uid=10067 set=FOREGROUND tag=0x0 rxBytes=1736 rxPackets=4 txBytes=434 txPackets=1 operations=0
D/ConnectivityService(  150): handleInetConditionHoldEnd: net=0, condition=0, published condition=100
I/StatusActivity( 1242): 1333728596186: .......... GPS onLocationChanged ...... 
I/VCoreDaemon( 1242): 1333728596188: Loc = Location[mProvider=gps,mTime=1333814997000,mLatitude=42.36356677802897,mLongitude=-71.10043516285326,mHasAltitude=true,mAltitude=-21.0,mHasSpeed=true,mSpeed=0.4270277,mHasBearing=true,mBearing=292.0453,mHasAccuracy=true,mAccuracy=5.0,mExtras=Bundle[mParcelledData.dataSize=4]] Previous Region = (0,0)
I/VCoreDaemon( 1242): 1333728596188: GPS x/long:-71.10043516285326, GPS y/lat: 42.36356677802897. Region width in x: 51.96152422706632
I/VCoreDaemon( 1242): 1333728596188: location PINPOINTS to region = 0.0, previous 0
I/VCoreDaemon( 1242): 1333728596188: stay at region 0
I/StatusActivity( 1242): 1333728597188: .......... GPS onLocationChanged ...... 
I/VCoreDaemon( 1242): 1333728597189: Loc = Location[mProvider=gps,mTime=1333814998000,mLatitude=42.36357474493565,mLongitude=-71.10045068877822,mHasAltitude=true,mAltitude=-21.0,mHasSpeed=true,mSpeed=0.48461545,mHasBearing=true,mBearing=296.21143,mHasAccuracy=true,mAccuracy=5.0,mExtras=Bundle[mParcelledData.dataSize=4]] Previous Region = (0,0)
I/VCoreDaemon( 1242): 1333728597189: GPS x/long:-71.10045068877822, GPS y/lat: 42.36357474493565. Region width in x: 51.96152422706632
I/VCoreDaemon( 1242): 1333728597189: location PINPOINTS to region = 0.0, previous 0
I/VCoreDaemon( 1242): 1333728597189: stay at region 0
I/StatusActivity( 1242): 1333728598034: canPressButton = TRUE
I/StatusActivity( 1242): 1333728598036: areButtonsEnabled --> false
I/StatusActivity( 1242): 1333728598036: disabling buttons ...
I/StatusActivity( 1242): 1333728598037: took picture disableButtonsR
I/StatusActivity( 1242): 1333728598037: areButtonsEnabled --> false
D/AudioHardware(   81): AudioHardware pcm playback is exiting standby.
D/AudioHardware(   81): openPcmOut_l() mPcmOpenCnt: 0
I/StatusActivity( 1242): 1333728598075: takeNum=7 takeCamGood=6 takeGoodSave=6 takeBad=0 takeTimedout=0 getNum=17 getGood=6 getBad=0 getTimedout=11
I/StatusActivity( 1242): 1333728598075: ** Clicked take picture button **
I/CameraSurfaceView( 1242): inside getCamera()
I/CameraHardwareSec(   81): int android::CameraHardwareSec::previewThreadWrapper(): calling mSecCamera->stopPreview() and waiting
I/SecCamera(   81): int android::fimc_v4l2_querybuf(int, android::fimc_buffer*, v4l2_buf_type) :
I/SecCamera(   81): int android::fimc_v4l2_querybuf(int, android::fimc_buffer*, v4l2_buf_type): buffer->start = 0x43d47000 v4l2_buf.length = 4261248
I/StatusActivity( 1242): 1333728598225: .......... GPS onLocationChanged ...... 
I/VCoreDaemon( 1242): 1333728598226: Loc = Location[mProvider=gps,mTime=1333814999000,mLatitude=42.36358603297167,mLongitude=-71.10046408270873,mHasAltitude=true,mAltitude=-22.0,mHasSpeed=true,mSpeed=0.54778767,mHasBearing=true,mBearing=314.78226,mHasAccuracy=true,mAccuracy=10.0,mExtras=Bundle[mParcelledData.dataSize=4]] Previous Region = (0,0)
I/VCoreDaemon( 1242): 1333728598226: GPS x/long:-71.10046408270873, GPS y/lat: 42.36358603297167. Region width in x: 51.96152422706632
I/VCoreDaemon( 1242): 1333728598226: location PINPOINTS to region = 0.0, previous 0
I/VCoreDaemon( 1242): 1333728598227: stay at region 0
I/CameraHardwareSec(   81): == Camera Sensor Detect S5K4ECGX - Samsung LSI SOC 5M ==
D/JpegEncoder(   81): encode E
D/JpegEncoder(   81): encode X
D/SecCamera(   81): Shutter speed=312 us, iso=50
D/SecCamera(   81): AV=3, TV=12, SV=4
D/JpegEncoder(   81): makeExif E
D/JpegEncoder(   81): makeExif X
I/SecCamera(   81): int android::SecCamera::endSnapshot() :
I/SecCamera(   81): munmap():virt. addr 0x43d47000 size = 4261248
D/dalvikvm( 1242): GC_FOR_ALLOC freed 166K, 23% free 10929K/14151K, paused 20ms
I/dalvikvm-heap( 1242): Grow heap (frag case) to 12.213MB for 1538799-byte allocation
D/dalvikvm( 1242): GC_CONCURRENT freed 10K, 13% free 12422K/14151K, paused 2ms+2ms
I/StatusActivity( 1242): 1333728598763: inside HandlePictureStorage onPictureTaken()
I/StatusActivity( 1242): 1333728598763: takeNum=7 takeCamGood=7 takeGoodSave=6 takeBad=0 takeTimedout=0 getNum=17 getGood=6 getBad=0 getTimedout=11
I/NetworkThread( 1242): 1333728598847: Received UDP payload: 406
D/CameraHardwareSec(   81): mPreviewHeap(fd(31), size(518400), width(720), height(480))
I/CameraHardwareSec(   81): int android::CameraHardwareSec::previewThreadWrapper(): return from wait
I/StatusActivity( 1242): 1333728599143: Picture successfully taken, ORIG BYTE LENGTH = 1538783
D/dalvikvm( 1242): GC_EXPLICIT freed 11K, 13% free 12423K/14151K, paused 11ms+2ms
I/StatusActivity( 1242): 1333728599439: Our new height x width: 240 x 320
I/StatusActivity( 1242): 1333728599440: Show photo from handle my camera take
I/StatusActivity( 1242): 1333728599440: client making photo packet to send to leader for it to save
I/StatusActivity( 1242): 1333728599452: BYTE SIZE AFTER COMPRESSION: 2549
I/StatusActivity( 1242): 1333728599453: about to send my pic
I/StatusActivity( 1242): 1333728599453: I'm a leader, upload/save new photo packet going to mux directly
I/Mux     ( 1242): 1333728599453: Inside mux Packet.CLIENT_REQUEST
I/Mux     ( 1242): 1333728599453: I'm the leader of requesting client, about to process Packet.CLIENT_REQUEST in userApp
I/UserApp ( 1242): 1333728599453: UserApp handling MY region's client request, will send atom packet to REMOTE region's handleDSMRequest
I/UserApp ( 1242): 1333728599454: request is CLIENT_NEW_PHOTO, so send atom packet to myself (remote region = me)
I/VCoreDaemon( 1242): 1333728599454: Sending PROC_REQUEST 10:27 (0,0)->(0,0)
I/VCoreDaemon( 1242): 1333728599454: Dispatching Atom PROC_REQUEST 10:27 (0,0)->(0,0)
I/Mux     ( 1242): 1333728599455: I got a CSM packet at a leader 
I/NetworkThread( 1242): 1333728599468: Sending UDP payload: 3520
I/VCoreDaemon( 1242): 1333728599470: removed replies before id 27 from sentReplies of size 0
I/UserApp ( 1242): 1333728599471: Inside UPLOAD_PHOTO!!
I/StatusActivity( 1242): 1333728599472: end of client send picture method
I/UserApp ( 1242): 1333728599476: my_gpinfo.isSuccess is now (should be true): true
I/UserApp ( 1242): 1333728599476: Region leader successfully uploaded a new photo taken by a client in region. Region leader now display the new photo on its screen (through StatusActivity)
I/VCoreDaemon( 1242): 1333728599478: Received PROC_REQUEST 10:27 (0,0)->(0,0), replying PROC_REPLY 10:27 (0,0)->(0,0)
I/VCoreDaemon( 1242): 1333728599478: Dispatching Atom PROC_REPLY 10:27 (0,0)->(0,0)
I/Mux     ( 1242): 1333728599478: I got a CSM packet at a leader 
I/NetworkThread( 1242): 1333728599479: Sending UDP payload: 949
I/VCoreDaemon( 1242): 1333728599483: Received PROC_REPLY 10:27 (0,0)->(0,0), handing to UserApp
I/UserApp ( 1242): 1333728599484: Now back in orginitator region's leader, precssing handleDSMReply
I/UserApp ( 1242): 1333728599484: Going to and from remote region took latency = 30
I/UserApp ( 1242): 1333728599484: = orig leader sent packet at 1333728599454 ~ received reply at 1333728599484
I/UserApp ( 1242): 1333728599485: Originator Region=0 Leader (for Client=5102) processes remote region's dsm atom reply and will send Packet reply to Originator Client
I/UserApp ( 1242): 1333728599485: reply packet contains the ACK for UPLOAD_PHOTO
I/UserApp ( 1242): 1333728599485: I (the leader) was also the originator client (id = 5102) so I hand the packet to my mux directly, without UDP
I/StatusActivity( 1242): 1333728599533: .......... GPS onLocationChanged ...... 
I/VCoreDaemon( 1242): 1333728599534: Loc = Location[mProvider=gps,mTime=1333815000000,mLatitude=42.3635962337477,mLongitude=-71.10047441412055,mHasAltitude=true,mAltitude=-22.0,mHasSpeed=true,mSpeed=0.5728255,mHasBearing=true,mBearing=317.7218,mHasAccuracy=true,mAccuracy=10.0,mExtras=Bundle[mParcelledData.dataSize=4]] Previous Region = (0,0)
I/VCoreDaemon( 1242): 1333728599534: GPS x/long:-71.10047441412055, GPS y/lat: 42.3635962337477. Region width in x: 51.96152422706632
I/VCoreDaemon( 1242): 1333728599534: location PINPOINTS to region = 0.0, previous 0
I/VCoreDaemon( 1242): 1333728599535: stay at region 0
I/StatusActivity( 1242): 1333728599538: inside Packet.SERVER_SHOW_NEWPHOTO. I'm a leader showing my nonleader/myself client's new photo
I/StatusActivity( 1242): 1333728599540: I'm a leader and I SUCCEEDED in saving my client's new photo
I/StatusActivity( 1242): 1333728599540: now showing in UI the new photo I just saved ... 
I/StatusActivity( 1242): 1333728599541: the photo length: 2549
D/dalvikvm( 1242): GC_EXPLICIT freed 1923K, 23% free 10935K/14151K, paused 2ms+2ms
I/StatusActivity( 1242): 1333728599599: inside Packet.CLIENT_UPLOAD_PHOTO_ACK
I/StatusActivity( 1242): 1333728599600: leader upload new photo latency = 146
I/StatusActivity( 1242): 1333728599600: = leader upload start 1333728599453 ~ stop 1333728599599
I/StatusActivity( 1242): 1333728599602: takeNum=7 takeCamGood=7 takeGoodSave=7 takeBad=0 takeTimedout=0 getNum=17 getGood=6 getBad=0 getTimedout=11
I/StatusActivity( 1242): 1333728599602: SUCCESS! Client now knows saving photo on its leader succeeded
I/StatusActivity( 1242): Inside _enableButtons
I/StatusActivity( 1242): areButtonsEnabled --> true
W/InputManagerService(  150): Window already focused, ignoring focus gain of: com.android.internal.view.IInputMethodClient$Stub$Proxy@4176daa0
I/StatusActivity( 1242): 1333728600216: .......... GPS onLocationChanged ...... 
I/VCoreDaemon( 1242): 1333728600217: Loc = Location[mProvider=gps,mTime=1333815001000,mLatitude=42.36360578811534,mLongitude=-71.10048600817349,mHasAltitude=true,mAltitude=-21.0,mHasSpeed=true,mSpeed=0.587814,mHasBearing=true,mBearing=302.25,mHasAccuracy=true,mAccuracy=10.0,mExtras=Bundle[mParcelledData.dataSize=4]] Previous Region = (0,0)
I/VCoreDaemon( 1242): 1333728600217: GPS x/long:-71.10048600817349, GPS y/lat: 42.36360578811534. Region width in x: 51.96152422706632
I/VCoreDaemon( 1242): 1333728600218: location PINPOINTS to region = 0.0, previous 0
I/VCoreDaemon( 1242): 1333728600218: stay at region 0
I/NetworkThread( 1242): 1333728600271: Received UDP payload: 406
D/AudioHardware(   81): AudioHardware pcm playback is going to standby.
D/AudioHardware(   81): closePcmOut_l() mPcmOpenCnt: 1
I/StatusActivity( 1242): 1333728601226: .......... GPS onLocationChanged ...... 
I/VCoreDaemon( 1242): 1333728601227: Loc = Location[mProvider=gps,mTime=1333815002000,mLatitude=42.36361567341654,mLongitude=-71.10049587294718,mHasAltitude=true,mAltitude=-21.0,mHasSpeed=true,mSpeed=0.6088505,mHasBearing=true,mBearing=315.27673,mHasAccuracy=true,mAccuracy=10.0,mExtras=Bundle[mParcelledData.dataSize=4]] Previous Region = (0,0)
I/VCoreDaemon( 1242): 1333728601228: GPS x/long:-71.10049587294718, GPS y/lat: 42.36361567341654. Region width in x: 51.96152422706632
I/VCoreDaemon( 1242): 1333728601228: location PINPOINTS to region = 0.0, previous 0
I/VCoreDaemon( 1242): 1333728601228: stay at region 0
D/dalvikvm(  150): GC_CONCURRENT freed 782K, 14% free 12479K/14407K, paused 2ms+15ms
I/NetworkThread( 1242): 1333728601807: Received UDP payload: 5881
I/Mux     ( 1242): 1333728601810: GOT CSM_Msg
I/VCoreDaemon( 1242): 1333728601811: nonce 193 heard from src region (1,0)
I/NetworkThread( 1242): 1333728601817: Received UDP payload: 949
I/Mux     ( 1242): 1333728601834: GOT CSM_Msg
I/VCoreDaemon( 1242): 1333728601835: nonce 194 heard from src region (1,0)
I/StatusActivity( 1242): 1333728602197: .......... GPS onLocationChanged ...... 
I/VCoreDaemon( 1242): 1333728602198: Loc = Location[mProvider=gps,mTime=1333815003000,mLatitude=42.36362403400315,mLongitude=-71.10050657333655,mHasAltitude=true,mAltitude=-21.0,mHasSpeed=true,mSpeed=0.63714695,mHasBearing=true,mBearing=304.96933,mHasAccuracy=true,mAccuracy=15.0,mExtras=Bundle[mParcelledData.dataSize=4]] Previous Region = (0,0)
I/VCoreDaemon( 1242): 1333728602198: GPS x/long:-71.10050657333655, GPS y/lat: 42.36362403400315. Region width in x: 51.96152422706632
I/VCoreDaemon( 1242): 1333728602199: location PINPOINTS to region = 0.0, previous 0
I/VCoreDaemon( 1242): 1333728602199: stay at region 0
I/GTalkService/c(  455): [AndroidEndpoint@1094417120] connect: acct=1000000, state=CONNECTING
I/StatusActivity( 1242): 1333728603198: .......... GPS onLocationChanged ...... 
I/VCoreDaemon( 1242): 1333728603200: Loc = Location[mProvider=gps,mTime=1333815004000,mLatitude=42.363637555581505,mLongitude=-71.10052244180463,mHasAltitude=true,mAltitude=-22.0,mHasSpeed=true,mSpeed=0.7132142,mHasBearing=true,mBearing=313.0475,mHasAccuracy=true,mAccuracy=10.0,mExtras=Bundle[mParcelledData.dataSize=4]] Previous Region = (0,0)
I/VCoreDaemon( 1242): 1333728603200: GPS x/long:-71.10052244180463, GPS y/lat: 42.363637555581505. Region width in x: 51.96152422706632
I/VCoreDaemon( 1242): 1333728603200: location PINPOINTS to region = 0.0, previous 0
I/VCoreDaemon( 1242): 1333728603201: stay at region 0
I/NetworkThread( 1242): 1333728603858: Received UDP payload: 406
I/StatusActivity( 1242): 1333728604214: .......... GPS onLocationChanged ...... 
I/VCoreDaemon( 1242): 1333728604215: Loc = Location[mProvider=gps,mTime=1333815005000,mLatitude=42.36364753792472,mLongitude=-71.10052632825712,mHasAltitude=true,mAltitude=-22.0,mHasSpeed=true,mSpeed=0.73856837,mHasBearing=true,mBearing=341.43582,mHasAccuracy=true,mAccuracy=10.0,mExtras=Bundle[mParcelledData.dataSize=4]] Previous Region = (0,0)
I/VCoreDaemon( 1242): 1333728604216: GPS x/long:-71.10052632825712, GPS y/lat: 42.36364753792472. Region width in x: 51.96152422706632
I/VCoreDaemon( 1242): 1333728604216: location PINPOINTS to region = 0.0, previous 0
I/VCoreDaemon( 1242): 1333728604216: stay at region 0
I/StatusActivity( 1242): 1333728605199: .......... GPS onLocationChanged ...... 
I/VCoreDaemon( 1242): 1333728605200: Loc = Location[mProvider=gps,mTime=1333815006000,mLatitude=42.36365996756308,mLongitude=-71.100536785318,mHasAltitude=true,mAltitude=-23.0,mHasSpeed=true,mSpeed=0.7871912,mHasBearing=true,mBearing=326.6104,mHasAccuracy=true,mAccuracy=10.0,mExtras=Bundle[mParcelledData.dataSize=4]] Previous Region = (0,0)
I/VCoreDaemon( 1242): 1333728605200: GPS x/long:-71.100536785318, GPS y/lat: 42.36365996756308. Region width in x: 51.96152422706632
I/VCoreDaemon( 1242): 1333728605201: location PINPOINTS to region = 0.0, previous 0
I/VCoreDaemon( 1242): 1333728605202: stay at region 0
I/NetworkThread( 1242): 1333728605299: Received UDP payload: 406
I/NetworkThread( 1242): 1333728606517: Received UDP payload: 949
I/Mux     ( 1242): 1333728606606: GOT CSM_Msg
I/VCoreDaemon( 1242): 1333728606607: nonce 246 heard from src region (2,0)
I/StatusActivity( 1242): 1333728607197: .......... GPS onLocationChanged ...... 
I/VCoreDaemon( 1242): 1333728607198: Loc = Location[mProvider=gps,mTime=1333815008000,mLatitude=42.363670937350555,mLongitude=-71.10055557951041,mHasAltitude=true,mAltitude=-22.0,mHasSpeed=true,mSpeed=0.83153236,mHasBearing=true,mBearing=312.09906,mHasAccuracy=true,mAccuracy=10.0,mExtras=Bundle[mParcelledData.dataSize=4]] Previous Region = (0,0)
I/VCoreDaemon( 1242): 1333728607211: GPS x/long:-71.10055557951041, GPS y/lat: 42.363670937350555. Region width in x: 51.96152422706632
I/VCoreDaemon( 1242): 1333728607211: location PINPOINTS to region = 0.0, previous 0
I/VCoreDaemon( 1242): 1333728607212: location is INSIDE BOUNDARY, stay at prev region = (0,0)
I/NetworkThread( 1242): 1333728607238: Received UDP payload: 949
