D/dalvikvm( 1242): GC_FOR_ALLOC freed 662K, 16% free 11941K/14151K, paused 23ms
I/VCoreDaemon( 1242): 1333728760037: leader to cloud hearbeat...
I/VNC:Cloud( 1242): Executing makeRequest: http://hermes5.csail.mit.edu:8212/take/1/0/5102/1333728760043/
D/dalvikvm( 1242): GC_FOR_ALLOC freed 661K, 16% free 11946K/14151K, paused 20ms
I/StatusActivity( 1242): 1333728761267: .......... GPS onLocationChanged ...... 
I/VCoreDaemon( 1242): 1333728761268: Loc = Location[mProvider=gps,mTime=1333815162000,mLatitude=42.363826360687284,mLongitude=-71.10105058305071,mHasAltitude=true,mAltitude=-22.0,mHasSpeed=true,mSpeed=0.0,mHasBearing=true,mBearing=190.909,mHasAccuracy=true,mAccuracy=50.0,mExtras=Bundle[mParcelledData.dataSize=4]] Previous Region = (1,0)
I/VCoreDaemon( 1242): 1333728761268: GPS x/long:-71.10105058305071, GPS y/lat: 42.363826360687284. Region width in x: 51.96152422706632
I/VCoreDaemon( 1242): 1333728761268: location PINPOINTS to region = 1.0, previous 1
I/VCoreDaemon( 1242): 1333728761268: stay at region 1
D/dalvikvm( 1242): GC_CONCURRENT freed 1009K, 16% free 11908K/14151K, paused 1ms+2ms
D/dalvikvm( 1242): GC_CONCURRENT freed 412K, 13% free 12360K/14151K, paused 2ms+2ms
D/dalvikvm(  150): GC_CONCURRENT freed 746K, 14% free 12492K/14407K, paused 3ms+7ms
I/VNC:Cloud( 1242): makeRequest Execute HTTP latency: 7139ms
I/VNC:Cloud( 1242): makeRequest() Cloud response length: 93
I/VNC:Cloud( 1242): Request executed: http://hermes5.csail.mit.edu:8212/take/1/0/5102/1333728760043/
I/VCoreDaemon( 1242): 1333728767236: inside sendPacket(Packet p)
I/NetworkThread( 1242): 1333728767256: Sending UDP payload: 406
I/VCoreDaemon( 1242): 1333728772255: inside sendPacket(Packet p)
I/NetworkThread( 1242): 1333728772256: Sending UDP payload: 406
D/dalvikvm( 1242): GC_FOR_ALLOC freed 793K, 14% free 12285K/14151K, paused 23ms
I/VCoreDaemon( 1242): 1333728777255: inside sendPacket(Packet p)
I/NetworkThread( 1242): 1333728777256: Sending UDP payload: 406
D/dalvikvm( 1242): GC_FOR_ALLOC freed 768K, 14% free 12179K/14151K, paused 27ms
I/VCoreDaemon( 1242): 1333728782255: inside sendPacket(Packet p)
I/NetworkThread( 1242): 1333728782256: Sending UDP payload: 406
D/dalvikvm( 1242): GC_CONCURRENT freed 1173K, 16% free 11961K/14151K, paused 1ms+3ms
D/dalvikvm(  308): GC_CONCURRENT freed 417K, 6% free 9505K/10055K, paused 2ms+2ms
I/VCoreDaemon( 1242): 1333728787256: inside sendPacket(Packet p)
I/NetworkThread( 1242): 1333728787264: Sending UDP payload: 406
D/dalvikvm(  150): GC_CONCURRENT freed 774K, 14% free 12497K/14407K, paused 9ms+5ms
I/VCoreDaemon( 1242): 1333728792257: inside sendPacket(Packet p)
I/NetworkThread( 1242): 1333728792260: Sending UDP payload: 406
D/dalvikvm( 1242): GC_CONCURRENT freed 1265K, 18% free 11628K/14151K, paused 3ms+2ms
D/dalvikvm(  150): GC_EXPLICIT freed 193K, 14% free 12423K/14407K, paused 39ms+5ms
I/VCoreDaemon( 1242): 1333728797236: leader to cloud hearbeat...
I/VNC:Cloud( 1242): Executing makeRequest: http://hermes5.csail.mit.edu:8212/take/1/0/5102/1333728797237/
I/VNC:Cloud( 1242): makeRequest Execute HTTP latency: 593ms
I/VNC:Cloud( 1242): makeRequest() Cloud response length: 93
I/VNC:Cloud( 1242): Request executed: http://hermes5.csail.mit.edu:8212/take/1/0/5102/1333728797237/
I/VCoreDaemon( 1242): 1333728797848: inside sendPacket(Packet p)
I/NetworkThread( 1242): 1333728797855: Sending UDP payload: 406
I/VCoreDaemon( 1242): 1333728802859: inside sendPacket(Packet p)
I/NetworkThread( 1242): 1333728802860: Sending UDP payload: 406
D/dalvikvm( 1242): GC_CONCURRENT freed 726K, 18% free 11692K/14151K, paused 3ms+2ms
I/VCoreDaemon( 1242): 1333728807859: inside sendPacket(Packet p)
I/NetworkThread( 1242): 1333728807862: Sending UDP payload: 406
I/StatusActivity( 1242): 1333728811255: .......... GPS onLocationChanged ...... 
I/VCoreDaemon( 1242): 1333728811256: Loc = Location[mProvider=gps,mTime=1333815212000,mLatitude=42.36399937409264,mLongitude=-71.1009521748261,mHasAltitude=true,mAltitude=-21.0,mHasSpeed=true,mSpeed=0.6853177,mHasBearing=true,mBearing=118.93148,mHasAccuracy=true,mAccuracy=40.0,mExtras=Bundle[mParcelledData.dataSize=4]] Previous Region = (1,0)
I/VCoreDaemon( 1242): 1333728811256: GPS x/long:-71.1009521748261, GPS y/lat: 42.36399937409264. Region width in x: 51.96152422706632
I/VCoreDaemon( 1242): 1333728811257: location PINPOINTS to region = 1.0, previous 1
I/VCoreDaemon( 1242): 1333728811257: stay at region 1
I/VCoreDaemon( 1242): 1333728812860: inside sendPacket(Packet p)
I/NetworkThread( 1242): 1333728812861: Sending UDP payload: 406
D/dalvikvm( 1242): GC_FOR_ALLOC freed 436K, 16% free 11964K/14151K, paused 22ms
I/VCoreDaemon( 1242): 1333728817861: inside sendPacket(Packet p)
I/NetworkThread( 1242): 1333728817869: Sending UDP payload: 406
D/dalvikvm( 1242): GC_FOR_ALLOC freed 662K, 16% free 11964K/14151K, paused 38ms
D/dalvikvm(  150): GC_CONCURRENT freed 651K, 14% free 12497K/14407K, paused 33ms+4ms
I/VCoreDaemon( 1242): 1333728822861: inside sendPacket(Packet p)
I/NetworkThread( 1242): 1333728822870: Sending UDP payload: 406
D/dalvikvm( 1242): GC_FOR_ALLOC freed 662K, 16% free 11964K/14151K, paused 31ms
I/VCoreDaemon( 1242): 1333728827849: leader to cloud hearbeat...
I/VNC:Cloud( 1242): Executing makeRequest: http://hermes5.csail.mit.edu:8212/take/1/0/5102/1333728827855/
D/dalvikvm( 1242): GC_FOR_ALLOC freed 661K, 16% free 11969K/14151K, paused 18ms
I/VNC:Cloud( 1242): makeRequest Execute HTTP latency: 345ms
I/VNC:Cloud( 1242): makeRequest() Cloud response length: 93
I/VNC:Cloud( 1242): Request executed: http://hermes5.csail.mit.edu:8212/take/1/0/5102/1333728827855/
I/VCoreDaemon( 1242): 1333728828219: inside sendPacket(Packet p)
D/dalvikvm( 1242): GC_FOR_ALLOC freed 656K, 16% free 11991K/14151K, paused 32ms
I/NetworkThread( 1242): 1333728828259: Sending UDP payload: 406
I/VCoreDaemon( 1242): 1333728833257: inside sendPacket(Packet p)
I/NetworkThread( 1242): 1333728833269: Sending UDP payload: 406
D/dalvikvm( 1242): GC_CONCURRENT freed 1203K, 17% free 11746K/14151K, paused 2ms+2ms
D/dalvikvm(  308): GC_CONCURRENT freed 421K, 6% free 9506K/10055K, paused 7ms+3ms
I/VCoreDaemon( 1242): 1333728838258: inside sendPacket(Packet p)
I/NetworkThread( 1242): 1333728838259: Sending UDP payload: 406
I/VCoreDaemon( 1242): 1333728843258: inside sendPacket(Packet p)
I/NetworkThread( 1242): 1333728843274: Sending UDP payload: 406
I/VCoreDaemon( 1242): 1333728848259: inside sendPacket(Packet p)
I/NetworkThread( 1242): 1333728848260: Sending UDP payload: 406
D/dalvikvm(  150): GC_CONCURRENT freed 742K, 14% free 12498K/14407K, paused 35ms+5ms
I/GTalkService/c(  455): [AndroidEndpoint@1094417120] connect: acct=1000000, state=CONNECTING
I/StatusActivity( 1242): 1333728852438: HI I'm in ONPAUSE()
D/dalvikvm( 1242): GC_CONCURRENT freed 1492K, 22% free 11049K/14151K, paused 2ms+2ms
W/InputManagerService(  150): Starting input on non-focused client com.android.internal.view.IInputMethodClient$Stub$Proxy@41674e50 (uid=10067 pid=1242)
D/dalvikvm(  338): GC_FOR_ALLOC freed 3342K, 28% free 12511K/17287K, paused 28ms
D/dalvikvm(  338): GC_CONCURRENT freed 45K, 22% free 13621K/17287K, paused 2ms+11ms
I/CameraSurfaceView( 1242): inside surfaceDestroyed()
I/CameraHardwareSec(   81): int android::CameraHardwareSec::previewThreadWrapper(): calling mSecCamera->stopPreview() and waiting
I/CameraSurfaceView( 1242): inside surfaceDestroyed()
I/CameraHardwareSec(   81): void android::CameraHardwareSec::stopPreviewInternal() : preview not running, doing nothing
I/CameraHardwareSec(   81): int android::CameraHardwareSec::previewThreadWrapper(): return from wait
I/CameraHardwareSec(   81): int android::CameraHardwareSec::previewThreadWrapper(): exiting
W/SecCamera(   81): int android::SecCamera::stopPreview(): doing nothing because m_flag_camera_start is zero
W/SecCamera(   81): int android::SecCamera::stopRecord(): doing nothing because m_flag_record_start is zero
I/SecCamera(   81): DeinitCamera: m_cam_fd(31)
I/SecCamera(   81): DeinitCamera: m_cam_fd2(32)
E/CameraHardwareSec(   81): preview window is NULL!
I/CameraService(   81): Destroying camera 0
I/CameraHardwareSec(   81): int android::HAL_camera_device_close(hw_device_t*)
I/SecCamera(   81): DeinitCamera : already deinitialized
W/AudioFlinger(   81): session id 8 not found for pid 81
W/AudioFlinger(   81): session id 9 not found for pid 81
I/VCoreDaemon( 1242): 1333728853261: inside sendPacket(Packet p)
I/NetworkThread( 1242): 1333728853263: Sending UDP payload: 406
D/dalvikvm(  338): GC_FOR_ALLOC freed 1240K, 24% free 13298K/17287K, paused 49ms
D/dalvikvm(  338): GC_CONCURRENT freed 583K, 19% free 14044K/17287K, paused 2ms+6ms
D/dalvikvm(  338): GC_CONCURRENT freed 1417K, 18% free 14221K/17287K, paused 2ms+3ms
D/dalvikvm(  338): GC_FOR_ALLOC freed 1853K, 23% free 13434K/17287K, paused 27ms
I/ActivityManager(  150): No longer want com.android.providers.calendar (pid 911): hidden #16
D/dalvikvm(  338): GC_FOR_ALLOC freed 1059K, 24% free 13198K/17287K, paused 25ms
D/dalvikvm(  338): GC_FOR_ALLOC freed 1K, 20% free 13953K/17287K, paused 19ms
I/dalvikvm-heap(  338): Grow heap (frag case) to 15.355MB for 1742416-byte allocation
I/StatusActivity( 1242): 1333728853715: inside onDestroy()
I/Mux     ( 1242): Stop request encountered.
D/Mux     ( 1242): Waiting for VCoreDaemon to stop...
I/VCoreDaemon( 1242): Stop request encountered.
I/UserApp ( 1242): 1333728853716: UserApp stopped.
I/VCoreDaemon( 1242): 1333728853717: DSMLayer stopped
I/VCoreDaemon( 1242): 1333728853717: serializing DSMLayer to JSON
W/meterizedTypeHandlerMap( 1242): Overriding the existing type handler for {0}
W/meterizedTypeHandlerMap( 1242): Overriding the existing type handler for {0}
D/dalvikvm(  338): GC_CONCURRENT freed 0K, 10% free 15655K/17287K, paused 2ms+6ms
D/dalvikvm(  217): GC_FOR_ALLOC freed 480K, 7% free 10155K/10823K, paused 44ms
I/StatusActivity( 1242): 1333728853851: no camera to close
I/StatusActivity( 1242): 1333728853851: close everything else
D/dalvikvm(  217): GC_FOR_ALLOC freed 217K, 7% free 10116K/10823K, paused 25ms
D/dalvikvm(  217): GC_FOR_ALLOC freed 214K, 7% free 10116K/10823K, paused 30ms
D/dalvikvm(  338): GC_FOR_ALLOC freed 2460K, 20% free 13957K/17287K, paused 28ms
D/dalvikvm(  338): GC_CONCURRENT freed 675K, 14% free 14874K/17287K, paused 2ms+2ms
I/WindowManager(  150): WIN DEATH: Window{417ded18 edu.mit.csail.diplomamatrix/edu.mit.csail.diplomamatrix.StatusActivity paused=false}
I/ActivityManager(  150): Process edu.mit.csail.diplomamatrix (pid 1242) has died.
W/WindowManager(  150): Force-removing child win Window{41750980 SurfaceView paused=false} from container Window{417ded18 edu.mit.csail.diplomamatrix/edu.mit.csail.diplomamatrix.StatusActivity paused=false}
W/WindowManager(  150): Failed looking up window
W/WindowManager(  150): java.lang.IllegalArgumentException: Requested window android.os.BinderProxy@4173f098 does not exist
W/WindowManager(  150): 	at com.android.server.wm.WindowManagerService.windowForClientLocked(WindowManagerService.java:7156)
W/WindowManager(  150): 	at com.android.server.wm.WindowManagerService.windowForClientLocked(WindowManagerService.java:7147)
W/WindowManager(  150): 	at com.android.server.wm.WindowState$DeathRecipient.binderDied(WindowState.java:1529)
W/WindowManager(  150): 	at android.os.BinderProxy.sendDeathNotice(Binder.java:417)
W/WindowManager(  150): 	at dalvik.system.NativeStart.run(Native Method)
I/WindowManager(  150): WIN DEATH: null
D/dalvikvm(  455): GC_CONCURRENT freed 406K, 6% free 10016K/10631K, paused 8ms+3ms
I/power   (  150): *** set_screen_state 0
D/SurfaceFlinger(   78): About to give-up screen, flinger = 0x7a6918
D/dalvikvm(  150): GC_CONCURRENT freed 538K, 11% free 12831K/14407K, paused 7ms+5ms
D/NfcService(  322): NFC-C OFF, disconnect
V/TransportControlView(  150): Create TCV com.android.internal.widget.TransportControlView@4156f8f8
D/PhoneStatusBar(  217): disable: < expand icons alerts ticker system_info back home RECENT* clock >
D/PhoneStatusBar(  217): disable: < expand icons alerts ticker system_info BACK* HOME* RECENT CLOCK* >
W/Smack/Packet(  455): notify conn break (IOEx), close connection
D/ConnectivityService(  150): handleInetConditionHoldEnd: net=0, condition=100, published condition=0
D/ConnectivityService(  150): handleInetConditionHoldEnd: net=0, condition=0, published condition=100
W/ActivityManager(  150): Activity destroy timeout for ActivityRecord{4173afd0 edu.mit.csail.diplomamatrix/.StatusActivity}
I/GPS     (  150): gps_engine_status_update: called release_wakelock_cb
D/dalvikvm(  150): GC_CONCURRENT freed 352K, 8% free 13306K/14407K, paused 2ms+4ms
I/GTalkService/c(  455): [AndroidEndpoint@1094417120] connect: acct=1000000, state=CONNECTING
W/Smack/Packet(  455): notify conn break (IOEx), close connection
D/ConnectivityService(  150): handleInetConditionHoldEnd: net=0, condition=0, published condition=0
D/dalvikvm(  308): GC_CONCURRENT freed 437K, 6% free 9506K/10055K, paused 13ms+2ms
D/dalvikvm(  150): GC_CONCURRENT freed 911K, 8% free 13357K/14407K, paused 17ms+4ms
I/GTalkService/c(  455): [AndroidEndpoint@1094417120] connect: acct=1000000, state=CONNECTING
D/dalvikvm(  455): GC_CONCURRENT freed 374K, 6% free 10029K/10631K, paused 14ms+3ms
D/dalvikvm(  455): GC_EXPLICIT freed 211K, 6% free 10017K/10631K, paused 9ms+2ms
D/ConnectivityService(  150): handleInetConditionHoldEnd: net=0, condition=100, published condition=0
W/Smack/Packet(  455): notify conn break (IOEx), close connection
D/ConnectivityService(  150): handleInetConditionHoldEnd: net=0, condition=0, published condition=100
D/dalvikvm(  308): GC_CONCURRENT freed 441K, 6% free 9509K/10055K, paused 2ms+2ms
D/dalvikvm(  150): GC_EXPLICIT freed 778K, 8% free 13351K/14407K, paused 2ms+5ms
D/dalvikvm( 1431): GC_CONCURRENT freed 391K, 7% free 10037K/10759K, paused 2ms+2ms
I/System.out( 1431): [INFO:951710]: c: Running flush
I/System.out( 1431): [INFO:951711]: c: Sending payload [bytes=853]
I/System.out( 1431): [INFO:956713]: c: Running delayed flush
I/System.out( 1431): [INFO:956728]: c: Running flush
I/System.out( 1431): [INFO:960187]: c: Response [http=200,length=20]
I/System.out( 1431): [INFO:960192]: c: Read id 3, status code 200
I/ActivityManager(  150): Start proc com.google.android.deskclock for broadcast com.google.android.deskclock/com.android.deskclock.AlarmInitReceiver: pid=1569 uid=10013 gids={}
I/ActivityManager(  150): Start proc com.android.providers.calendar for content provider com.android.providers.calendar/.CalendarProvider2: pid=1580 uid=10007 gids={3003, 1015}
D/AlarmManagerService(  150): Kernel timezone updated to 240 minutes west of GMT
I/ActivityManager(  150): No longer want com.google.android.music:main (pid 926): hidden #16
I/ActivityThread( 1569): Pub com.android.deskclock: com.android.deskclock.AlarmProvider
I/ActivityThread( 1580): Pub com.android.calendar: com.android.providers.calendar.CalendarProvider2
V/AlarmClock( 1569): AlarmInitReceiver finished
D/SystemClock(  308): Setting time of day to sec=1333729673
I/CalendarProvider2( 1580): Sending notification intent: Intent { act=android.intent.action.PROVIDER_CHANGED dat=content://com.android.calendar }
W/ContentResolver( 1580): Failed to get type for: content://com.android.calendar (Unknown URL content://com.android.calendar)
D/dalvikvm(  150): GC_CONCURRENT freed 1131K, 9% free 13230K/14535K, paused 16ms+5ms
I/GTalkService/c(  455): [AndroidEndpoint@1094417120] connect: acct=1000000, state=CONNECTING
D/dalvikvm(  308): GC_CONCURRENT freed 417K, 6% free 9508K/10055K, paused 2ms+1ms
W/Smack/Packet(  455): notify conn break (IOEx), close connection
E/GTalkService(  455): connectionClosed: no XMPPConnection - That's strange!
D/ConnectivityService(  150): handleInetConditionHoldEnd: net=0, condition=0, published condition=0
D/ConnectivityService(  150): ConnectivityChange for mobile: DISCONNECTED/DISCONNECTED
D/ConnectivityService(  150): Attempting to switch to WIFI
D/ConnectivityService(  150): Attempting to switch to BLUETOOTH_TETHER
D/NetUtils(  150): android_net_utils_resetConnections in env=0x12b84e8 clazz=0xb7d00001 iface=rmnet0 mask=0x3
D/ConnectivityService(  150): resetConnections(rmnet0, 3)
D/Tethering(  150): MasterInitialState.processMessage what=3
I/BarnacleService( 1473): log: hq. MSG_NETSCHANGE. about to get getWifiState
I/MediaUploader(  958): No need to wake up
I/BarnacleService( 1473): log: hq. BarnacleServiceNETSCHANGE: 4 1 null
E/BarnacleService( 1473): NETSCHANGE: 4 1 null
I/BarnacleService( 1473): log: hq. wifiState 4 =? WifiManager.WIFI_STATE_DISABLED = 1
I/BarnacleService( 1473): log: hq. Wifi state Enabled! :( the else before STATE_STARTING
I/BarnacleService( 1473): log: hq if state == STATE_STARTING, turn off wifi
D/PicasaSyncManager(  973): active network: null
D/PicasaSyncManager(  973): background data: true
I/power   (  150): *** set_screen_state 1
W/PowerUI (  217): unknown intent: Intent { act=android.intent.action.ACTION_POWER_CONNECTED flg=0x10000010 }
I/WindowManager(  150): Lock screen displayed!
D/PicasaSyncManager(  973): battery info: true
D/SurfaceFlinger(   78): Screen about to return, flinger = 0x7a6918
D/AlarmManagerService(  150): Kernel timezone updated to 240 minutes west of GMT
D/SystemClock(  308): Setting time of day to sec=1333729865
D/ConnectivityService(  150): ConnectivityChange for mobile: CONNECTED/CONNECTED
D/dalvikvm(  217): GC_CONCURRENT freed 407K, 7% free 10105K/10823K, paused 5ms+21ms
D/NetworkPolicy(  150): applying policy NetworkPolicy[NetworkTemplate: matchRule=MOBILE_ALL, subscriberId=valid]: cycleDay=15, warningBytes=2147483648, limitBytes=-1, lastSnooze=-1 to ifaces [rmnet0]
D/dalvikvm(  150): JIT code cache reset in 5 ms (1048484 bytes 1/0)
D/dalvikvm(  150): GC_CONCURRENT freed 944K, 9% free 13235K/14535K, paused 2ms+10ms
V/AlarmClock( 1569): AlarmInitReceiver finished
D/Tethering(  150): MasterInitialState.processMessage what=3
I/MediaUploader(  958): No need to wake up
I/BarnacleService( 1473): log: hq. MSG_NETSCHANGE. about to get getWifiState
I/BarnacleService( 1473): log: hq. BarnacleServiceNETSCHANGE: 4 1 null
E/BarnacleService( 1473): NETSCHANGE: 4 1 null
I/BarnacleService( 1473): log: hq. wifiState 4 =? WifiManager.WIFI_STATE_DISABLED = 1
I/BarnacleService( 1473): log: hq. Wifi state Enabled! :( the else before STATE_STARTING
I/BarnacleService( 1473): log: hq if state == STATE_STARTING, turn off wifi
D/PicasaSyncManager(  973): active network: NetworkInfo: type: mobile[HSDPA], state: CONNECTED/CONNECTED, reason: nwTypeChanged, extra: epc.tmobile.com, roaming: false, failover: false, isAvailable: true
D/PicasaSyncManager(  973): background data: true
D/dalvikvm(  455): GC_CONCURRENT freed 387K, 6% free 10029K/10631K, paused 2ms+12ms
D/dalvikvm(  308): GC_EXPLICIT freed 398K, 6% free 9495K/10055K, paused 2ms+2ms
I/power   (  150): *** set_screen_state 0
D/SurfaceFlinger(   78): About to give-up screen, flinger = 0x7a6918
D/dalvikvm(  150): GC_FOR_ALLOC freed 390K, 9% free 13317K/14535K, paused 44ms
I/dalvikvm-heap(  150): Grow heap (frag case) to 13.181MB for 104992-byte allocation
D/dalvikvm(  150): GC_FOR_ALLOC freed 16K, 9% free 13403K/14663K, paused 38ms
D/dalvikvm(  150): GC_FOR_ALLOC freed 1K, 9% free 13403K/14663K, paused 40ms
I/dalvikvm-heap(  150): Grow heap (frag case) to 13.265MB for 104992-byte allocation
D/dalvikvm(  150): GC_FOR_ALLOC freed <1K, 9% free 13505K/14791K, paused 38ms
D/dalvikvm(  150): GC_FOR_ALLOC freed 2K, 9% free 13507K/14791K, paused 37ms
I/dalvikvm-heap(  150): Grow heap (frag case) to 13.367MB for 104992-byte allocation
D/dalvikvm(  150): GC_FOR_ALLOC freed 2K, 9% free 13607K/14919K, paused 37ms
V/TransportControlView(  150): Create TCV com.android.internal.widget.TransportControlView@416c56b8
D/dalvikvm(  150): GC_EXPLICIT freed 543K, 11% free 13294K/14919K, paused 41ms+5ms
D/AlarmManagerService(  150): Kernel timezone updated to 240 minutes west of GMT
D/SystemClock(  308): Setting time of day to sec=1333729945
V/AlarmClock( 1569): AlarmInitReceiver finished
I/GTalkService/c(  455): [AndroidEndpoint@1094417120] connect: acct=1000000, state=CONNECTING
I/EventLogService(  455): Aggregate from 1333728218212 (log), 1333728218212 (data)
I/ServiceDumpSys(  455): dumping service [account]
D/ConnectivityService(  150): handleInetConditionHoldEnd: net=0, condition=100, published condition=0
W/Smack/Packet(  455): notify conn break (IOEx), close connection
D/ConnectivityService(  150): handleInetConditionHoldEnd: net=0, condition=0, published condition=100
I/GTalkService/c(  455): [AndroidEndpoint@1094417120] connect: acct=1000000, state=CONNECTING
D/dalvikvm(  455): GC_CONCURRENT freed 412K, 6% free 10033K/10631K, paused 15ms+3ms
D/ConnectivityService(  150): handleInetConditionHoldEnd: net=0, condition=100, published condition=0
W/Smack/Packet(  455): notify conn break (IOEx), close connection
D/ConnectivityService(  150): handleInetConditionHoldEnd: net=0, condition=0, published condition=100
I/GTalkService/c(  455): [AndroidEndpoint@1094417120] connect: acct=1000000, state=CONNECTING
D/ConnectivityService(  150): handleInetConditionHoldEnd: net=0, condition=100, published condition=0
W/Smack/Packet(  455): notify conn break (IOEx), close connection
D/dalvikvm(  455): GC_CONCURRENT freed 382K, 6% free 10037K/10631K, paused 14ms+3ms
D/ConnectivityService(  150): handleInetConditionHoldEnd: net=0, condition=0, published condition=100
I/GTalkService/c(  455): [AndroidEndpoint@1094417120] connect: acct=1000000, state=CONNECTING
D/ConnectivityService(  150): handleInetConditionHoldEnd: net=0, condition=100, published condition=0
W/Smack/Packet(  455): notify conn break (IOEx), close connection
D/ConnectivityService(  150): handleInetConditionHoldEnd: net=0, condition=0, published condition=100
I/GTalkService/c(  455): [AndroidEndpoint@1094417120] connect: acct=1000000, state=CONNECTING
D/dalvikvm(  455): GC_CONCURRENT freed 377K, 6% free 10057K/10631K, paused 14ms+3ms
D/ConnectivityService(  150): handleInetConditionHoldEnd: net=0, condition=100, published condition=0
W/Smack/Packet(  455): notify conn break (IOEx), close connection
D/ConnectivityService(  150): handleInetConditionHoldEnd: net=0, condition=0, published condition=100
I/GTalkService/c(  455): [AndroidEndpoint@1094417120] connect: acct=1000000, state=CONNECTING
W/Smack/Packet(  455): notify conn break (IOEx), close connection
E/GTalkService(  455): connectionClosed: no XMPPConnection - That's strange!
D/ConnectivityService(  150): handleInetConditionHoldEnd: net=0, condition=0, published condition=0
I/GTalkService/c(  455): [AndroidEndpoint@1094417120] connect: acct=1000000, state=CONNECTING
D/dalvikvm(  455): GC_CONCURRENT freed 451K, 6% free 10047K/10631K, paused 14ms+3ms
D/ConnectivityService(  150): handleInetConditionHoldEnd: net=0, condition=100, published condition=0
W/Smack/Packet(  455): notify conn break (IOEx), close connection
D/ConnectivityService(  150): handleInetConditionHoldEnd: net=0, condition=0, published condition=100
I/GTalkService/c(  455): [AndroidEndpoint@1094417120] connect: acct=1000000, state=CONNECTING
D/ConnectivityService(  150): handleInetConditionHoldEnd: net=0, condition=100, published condition=0
W/Smack/Packet(  455): notify conn break (IOEx), close connection
D/ConnectivityService(  150): handleInetConditionHoldEnd: net=0, condition=0, published condition=100
I/GTalkService/c(  455): [AndroidEndpoint@1094417120] connect: acct=1000000, state=CONNECTING
D/dalvikvm(  455): GC_CONCURRENT freed 444K, 6% free 10064K/10631K, paused 2ms+3ms
D/ConnectivityService(  150): handleInetConditionHoldEnd: net=0, condition=100, published condition=0
W/Smack/Packet(  455): notify conn break (IOEx), close connection
D/ConnectivityService(  150): handleInetConditionHoldEnd: net=0, condition=0, published condition=100
D/dalvikvm(  150): GC_CONCURRENT freed 847K, 11% free 13391K/14919K, paused 2ms+5ms
I/GTalkService/c(  455): [AndroidEndpoint@1094417120] connect: acct=1000000, state=CONNECTING
W/Smack/Packet(  455): notify conn break (IOEx), close connection
D/ConnectivityService(  150): handleInetConditionHoldEnd: net=0, condition=0, published condition=0
I/ActivityManager(  150): No longer want com.google.android.exchange (pid 993): hidden #16
I/GTalkService/c(  455): [AndroidEndpoint@1094417120] connect: acct=1000000, state=CONNECTING
D/dalvikvm(  455): GC_CONCURRENT freed 437K, 6% free 10061K/10631K, paused 14ms+3ms
D/ConnectivityService(  150): handleInetConditionHoldEnd: net=0, condition=100, published condition=0
W/Smack/Packet(  455): notify conn break (IOEx), close connection
D/ConnectivityService(  150): handleInetConditionHoldEnd: net=0, condition=0, published condition=100
D/dalvikvm(  308): GC_CONCURRENT freed 424K, 6% free 9495K/10055K, paused 1ms+2ms
I/GTalkService/c(  455): [AndroidEndpoint@1094417120] connect: acct=1000000, state=CONNECTING
D/dalvikvm(  150): GC_EXPLICIT freed 758K, 12% free 13190K/14919K, paused 2ms+5ms
D/ConnectivityService(  150): handleInetConditionHoldEnd: net=0, condition=100, published condition=0
D/dalvikvm(  217): GC_CONCURRENT freed 392K, 7% free 10099K/10823K, paused 2ms+2ms
D/dalvikvm(  150): GC_CONCURRENT freed 870K, 12% free 13236K/14919K, paused 9ms+5ms
I/ActivityManager(  150): No longer want com.google.android.email (pid 1007): hidden #16
I/EventLogService(  455): Aggregate from 1333730018361 (log), 1333730018361 (data)
I/ServiceDumpSys(  455): dumping service [account]
D/dalvikvm(  455): GC_CONCURRENT freed 461K, 6% free 10058K/10631K, paused 3ms+3ms
D/dalvikvm( 1431): GC_CONCURRENT freed 366K, 7% free 10055K/10759K, paused 2ms+2ms
D/dalvikvm(  150): GC_CONCURRENT freed 945K, 12% free 13222K/14919K, paused 17ms+4ms
D/dalvikvm(  150): GC_CONCURRENT freed 921K, 12% free 13226K/14919K, paused 2ms+5ms
D/AlarmManagerService(  150): Kernel timezone updated to 240 minutes west of GMT
D/SystemClock(  308): Setting time of day to sec=1333733547
V/AlarmClock( 1569): AlarmInitReceiver finished
D/dalvikvm(  217): GC_CONCURRENT freed 380K, 7% free 10103K/10823K, paused 1ms+7ms
D/dalvikvm(  308): GC_CONCURRENT freed 441K, 6% free 9493K/10055K, paused 20ms+2ms
I/EventLogService(  455): Aggregate from 1333731818497 (log), 1333731818497 (data)
I/ServiceDumpSys(  455): dumping service [account]
I/CheckinService(  455): Preparing to send checkin request
I/EventLogService(  455): Accumulating logs since 1333733618606
I/CheckinTask(  455): Sending checkin request (1692 bytes)
E/CheckinTask(  455): SSL error, attempting time correction: javax.net.ssl.SSLException: Connection closed by peer
D/dalvikvm(  455): GC_CONCURRENT freed 408K, 6% free 10091K/10695K, paused 15ms+3ms
I/CheckinTask(  455): Server time agrees: delta 657 msec
E/CheckinTask(  455): Checkin failed: https://android.clients.google.com/checkin (request #0): javax.net.ssl.SSLException: Connection closed by peer
I/CheckinService(  455): Preparing to send checkin request
I/EventLogService(  455): Accumulating logs since 1333734033149
I/CheckinTask(  455): Sending checkin request (1692 bytes)
D/dalvikvm(  455): GC_CONCURRENT freed 377K, 6% free 10109K/10695K, paused 2ms+2ms
I/CheckinTask(  455): From server: 199 gservices
I/GservicesProvider(  455): main update completed
I/ActivityManager(  150): Start proc com.google.android.partnersetup for broadcast com.google.android.partnersetup/.GservicesChangedReceiver: pid=1685 uid=10022 gids={3003}
I/ActivityThread( 1685): Pub com.google.android.partnersetup.rlzprovider: com.google.android.partnersetup.RlzProvider
I/ActivityThread( 1685): Pub com.google.android.partnersetup.rlzappprovider: com.google.android.partnersetup.RlzAppProvider
I/SystemUpdateService(  455): cancelUpdate (update URL has changed)
I/ActivityManager(  150): Start proc com.google.android.voicesearch for broadcast com.google.android.voicesearch/.GservicesBroadcastReceiver: pid=1703 uid=10056 gids={3002, 3003, 1015}
I/ActivityManager(  150): START {flg=0x10000000 cmp=com.google.android.gsf/.update.SystemUpdateInstallDialog} from pid 455
I/ActivityManager(  150): START {flg=0x10000000 cmp=com.google.android.gsf/.update.SystemUpdateDownloadDialog} from pid 455
I/ActivityThread( 1703): Pub com.google.android.voicesearch: com.google.android.voicesearch.AudioProvider
D/dalvikvm(  150): GC_CONCURRENT freed 904K, 12% free 13262K/14919K, paused 2ms+5ms
D/dalvikvm(  455): GC_CONCURRENT freed 285K, 4% free 10313K/10695K, paused 5ms+3ms
I/PersonalizationPrefManagerImpl( 1703): No google account found
I/SystemUpdateService(  455): starting download of http://android.clients.google.com/packages/ota/google_crespo/hR7QFEtn.zip
V/SystemUpdateService(  455): retry (wakeup: true) in 21599996 ms
I/VoiceImeLanguageUpdater( 1703): #internalUpdateLanguages #56
I/CheckinTask(  455): Checkin success: https://android.clients.google.com/checkin (1 requests sent)
D/dalvikvm(  150): GC_EXPLICIT freed 220K, 12% free 13193K/14919K, paused 3ms+6ms
D/dalvikvm(  455): GC_EXPLICIT freed 433K, 7% free 10135K/10823K, paused 2ms+4ms
I/SystemUpdate.Download(  455): Started a new update download: http://android.clients.google.com/packages/ota/google_crespo/hR7QFEtn.zip (id 20; allowMobile=false)
V/SystemUpdateService(  455): onPostExecute: false
I/DownloadManager(  265): Initiating request for download 20
W/DownloadManager(  265): Aborting request for download 20: download was requested to not use the current network type
W/ActivityManager(  150): Activity idle timeout for ActivityRecord{41667500 com.google.android.gsf/.update.SystemUpdateInstallDialog}
I/ActivityManager(  150): No longer want com.android.vending (pid 1184): hidden #16
D/dalvikvm(  150): GC_CONCURRENT freed 870K, 12% free 13250K/14919K, paused 16ms+5ms
I/EventLogService(  455): Aggregate from 1333734058571 (log), 1333733618606 (data)
I/ServiceDumpSys(  455): dumping service [account]
D/dalvikvm(  150): GC_CONCURRENT freed 930K, 12% free 13259K/14919K, paused 11ms+5ms
D/dalvikvm(  308): GC_CONCURRENT freed 441K, 6% free 9493K/10055K, paused 1ms+2ms
D/dalvikvm(  217): GC_CONCURRENT freed 385K, 7% free 10104K/10823K, paused 2ms+5ms
I/ActivityManager(  150): No longer want com.google.android.apps.maps:NetworkLocationService (pid 1431): hidden #16
W/ActivityManager(  150): Scheduling restart of crashed service com.google.android.apps.maps/com.google.android.location.internal.server.NetworkLocationService in 5000ms
I/ActivityManager(  150): Start proc com.google.android.apps.maps:NetworkLocationService for service com.google.android.apps.maps/com.google.android.location.internal.server.NetworkLocationService: pid=1733 uid=10032 gids={3003, 1015}
I/dalvikvm( 1733): Turning on JNI app bug workarounds for target SDK version 13...
D/dalvikvm( 1733): GC_CONCURRENT freed 170K, 3% free 9363K/9607K, paused 2ms+2ms
D/dalvikvm( 1733): GC_CONCURRENT freed 181K, 3% free 9735K/9991K, paused 1ms+3ms
D/dalvikvm( 1733): GC_CONCURRENT freed 170K, 3% free 10127K/10375K, paused 1ms+3ms
I/System.out( 1733): [INFO:493]: c: Running flush
D/dalvikvm( 1733): GC_CONCURRENT freed 802K, 9% free 9879K/10759K, paused 2ms+3ms
D/dalvikvm( 1733): GC_FOR_ALLOC freed 3K, 9% free 9877K/10759K, paused 15ms
I/dalvikvm-heap( 1733): Grow heap (frag case) to 9.748MB for 32784-byte allocation
D/dalvikvm( 1733): GC_FOR_ALLOC freed <1K, 9% free 9909K/10823K, paused 15ms
I/System.out( 1733): [INFO:576]: c: Sending payload [bytes=288]
I/System.out( 1733): [INFO:5231]: c: Response [http=200,length=91]
I/System.out( 1733): [INFO:5241]: c: Read id 1, status code 200
D/dalvikvm(  150): GC_CONCURRENT freed 934K, 12% free 13259K/14919K, paused 16ms+4ms
D/AlarmManagerService(  150): Kernel timezone updated to 240 minutes west of GMT
V/AlarmClock( 1569): AlarmInitReceiver finished
D/SystemClock(  308): Setting time of day to sec=1333737149
I/EventLogService(  455): Aggregate from 1333735418708 (log), 1333735418708 (data)
I/ServiceDumpSys(  455): dumping service [account]
D/dalvikvm( 1733): GC_CONCURRENT freed 288K, 8% free 10006K/10823K, paused 2ms+2ms
D/dalvikvm(  150): GC_CONCURRENT freed 928K, 12% free 13267K/14919K, paused 16ms+5ms
I/ActivityManager(  150): No longer want net.szym.barnacle (pid 1473): hidden #16
W/ActivityManager(  150): Scheduling restart of crashed service net.szym.barnacle/.BarnacleService in 5000ms
D/dalvikvm( 1764): Late-enabling CheckJNI
I/ActivityManager(  150): Start proc net.szym.barnacle for service net.szym.barnacle/.BarnacleService: pid=1764 uid=10065 gids={3003}
I/dalvikvm( 1764): Turning on JNI app bug workarounds for target SDK version 6...
D/myBarnacleApp( 1764): onCreate
W/myBarnacleApp( 1764): serviceStarted
I/BarnacleService( 1764): log: Starting...
I/BarnacleService( 1764): log: hq. MSG_NETSCHANGE. about to get getWifiState
I/BarnacleService( 1764): log: hq. BarnacleServiceNETSCHANGE: 2 1 null
E/BarnacleService( 1764): NETSCHANGE: 2 1 null
I/BarnacleService( 1764): log: hq. wifiState 2 =? WifiManager.WIFI_STATE_DISABLED = 1
I/BarnacleService( 1764): log: hq. Wifi state Enabled! :( the else before STATE_STARTING
I/BarnacleService( 1764): log: hq if state == STATE_STARTING, turn off wifi
I/BarnacleService( 1764): log: Waiting until Wifi is disabled
I/BarnacleService( 1764): log: hq. MSG_NETSCHANGE. about to get getWifiState
I/BarnacleService( 1764): log: hq. BarnacleServiceNETSCHANGE: 2 1 null
E/BarnacleService( 1764): NETSCHANGE: 2 1 null
I/BarnacleService( 1764): log: hq. wifiState 2 =? WifiManager.WIFI_STATE_DISABLED = 1
I/BarnacleService( 1764): log: hq. Wifi state Enabled! :( the else before STATE_STARTING
I/BarnacleService( 1764): log: hq if state == STATE_STARTING, turn off wifi
I/BarnacleService( 1764): log: Waiting until Wifi is disabled
I/BarnacleService( 1764): log: hq. MSG_NETSCHANGE. about to get getWifiState
I/BarnacleService( 1764): log: hq. BarnacleServiceNETSCHANGE: 2 1 null
E/BarnacleService( 1764): NETSCHANGE: 2 1 null
I/BarnacleService( 1764): log: hq. wifiState 2 =? WifiManager.WIFI_STATE_DISABLED = 1
I/BarnacleService( 1764): log: hq. Wifi state Enabled! :( the else before STATE_STARTING
I/BarnacleService( 1764): log: hq if state == STATE_STARTING, turn off wifi
I/BarnacleService( 1764): log: Waiting until Wifi is disabled
D/SoftapController(   75): Softap fwReload - Ok
D/NetworkManagementService(  150): rsp <213 00:90:4c:11:22:33 0.0.0.0 0 [down broadcast multicast]>
D/NetworkManagementService(  150): flags <[down broadcast multicast]>
D/CommandListener(   75): Setting iface cfg
D/CommandListener(   75): Trying to bring down wlan0
D/CommandListener(   75): broadcast flag ignored
D/CommandListener(   75): multicast flag ignored
I/wpa_supplicant( 1788): CTRL-EVENT-TERMINATING - signal 0 received
I/wpa_supplicant( 1788): CTRL-EVENT-STATE-CHANGE id=-1 state=0 BSSID=00:00:00:00:00:00
D/CommandListener(   75): Clearing all IP addresses on wlan0
I/BarnacleService( 1764): log: hq. MSG_NETSCHANGE. about to get getWifiState
I/BarnacleService( 1764): log: hq. BarnacleServiceNETSCHANGE: 0 1 null
E/BarnacleService( 1764): NETSCHANGE: 0 1 null
I/BarnacleService( 1764): log: hq. wifiState 0 =? WifiManager.WIFI_STATE_DISABLED = 1
I/BarnacleService( 1764): log: hq. Wifi state Enabled! :( the else before STATE_STARTING
I/BarnacleService( 1764): log: hq if state == STATE_STARTING, turn off wifi
I/BarnacleService( 1764): log: hq. MSG_NETSCHANGE. about to get getWifiState
I/BarnacleService( 1764): log: hq. BarnacleServiceNETSCHANGE: 0 1 null
E/BarnacleService( 1764): NETSCHANGE: 0 1 null
I/BarnacleService( 1764): log: hq. wifiState 0 =? WifiManager.WIFI_STATE_DISABLED = 1
I/BarnacleService( 1764): log: hq. Wifi state Enabled! :( the else before STATE_STARTING
I/BarnacleService( 1764): log: hq if state == STATE_STARTING, turn off wifi
W/Netd    (   75): No subsystem found in netlink event
D/NetlinkEvent(   75): Unexpected netlink message. type=0x11
I/BarnacleService( 1764): log: hq. MSG_NETSCHANGE. about to get getWifiState
I/BarnacleService( 1764): log: hq. BarnacleServiceNETSCHANGE: 1 1 null
E/BarnacleService( 1764): NETSCHANGE: 1 1 null
I/BarnacleService( 1764): log: hq. wifiState 1 =? WifiManager.WIFI_STATE_DISABLED = 1
I/BarnacleService( 1764): log: hq. INSIDE :) wifi state disabled
I/BarnacleService( 1764): log: ( (state = 1) ?== (STATE_STARTING = 1) ) && ( (process = proc_is_null) ?== null ... && checkUplink:
I/BarnacleService( 1764): log: hq. :D:D:D:D in state == STATE STARTING and no proccess and checkuplink :D:D:D
I/BarnacleService( 1764): log: Data network is ready
I/BarnacleService( 1764): log: .ini file prepared
I/BarnacleService( 1764): log: hq. :):):):):) :D:D:D:D:D:D about to startProcess()
I/BarnacleService( 1764): log: hq==============
I/BarnacleService( 1764): BarnacleService: startProcess()
I/BarnacleService( 1764): log: hq     pb = new ProcessBuilder
I/BarnacleService( 1764): log: hq     ./File_SCRIPT
I/BarnacleService( 1764): log: hq     pb.start()
I/BarnacleService( 1764): log: hq     new Thread 0 OUTPUT
I/BarnacleService( 1764): log: hq     new Thread 1 ERROR
I/BarnacleService( 1764): log: hq     threads 0 start
I/BarnacleService( 1764): log: hq     threads 1 start
D/su      ( 1793): 10065 net.szym.barnacle executing 0 /data/data/net.szym.barnacle/files/run using shell /system/bin/sh : sh
E/ActivityManager(  150): Activity Manager Crash
E/ActivityManager(  150): java.lang.IllegalArgumentException: Unknown URI type: 7
E/ActivityManager(  150): 	at android.net.Uri$1.createFromParcel(Uri.java:1734)
E/ActivityManager(  150): 	at android.net.Uri$1.createFromParcel(Uri.java:1723)
E/ActivityManager(  150): 	at android.content.Intent.readFromParcel(Intent.java:6131)
E/ActivityManager(  150): 	at android.content.Intent.<init>(Intent.java:6126)
E/ActivityManager(  150): 	at android.content.Intent.readFromParcel(Intent.java:6153)
E/ActivityManager(  150): 	at android.content.Intent.<init>(Intent.java:6126)
E/ActivityManager(  150): 	at android.content.Intent$1.createFromParcel(Intent.java:6117)
E/ActivityManager(  150): 	at android.content.Intent$1.createFromParcel(Intent.java:6115)
E/ActivityManager(  150): 	at android.app.ActivityManagerNative.onTransact(ActivityManagerNative.java:298)
E/ActivityManager(  150): 	at com.android.server.am.ActivityManagerService.onTransact(ActivityManagerService.java:1545)
E/ActivityManager(  150): 	at android.os.Binder.execTransact(Binder.java:338)
E/ActivityManager(  150): 	at dalvik.system.NativeStart.run(Native Method)
I/BarnacleService( 1764): log: WIFI: driver loaded
D/barnacle( 1810): WIFI: Could not set freq: Invalid argument
D/barnacle( 1810): WIFI: Could not set freq: Invalid argument
I/BarnacleService( 1764): log: Running...
W/myBarnacleApp( 1764): processStarted
D/barnacle( 1810): WIFI: WLEXT assoc
D/dalvikvm(  150): GC_CONCURRENT freed 947K, 12% free 13265K/14919K, paused 2ms+5ms
D/dalvikvm(  217): GC_CONCURRENT freed 372K, 7% free 10116K/10823K, paused 1ms+3ms
W/NetworkStats(  150): dropping UID delta from unknown iface: iface=wlan0 uid=0 set=DEFAULT tag=0x0 rxBytes=0 rxPackets=0 txBytes=524 txPackets=8 operations=0
D/dalvikvm(  150): GC_CONCURRENT freed 930K, 12% free 13274K/14919K, paused 17ms+5ms
I/EventLogService(  455): Aggregate from 1333737218835 (log), 1333737218835 (data)
I/ServiceDumpSys(  455): dumping service [account]
D/dalvikvm(  455): GC_CONCURRENT freed 436K, 7% free 10086K/10823K, paused 15ms+3ms
I/ActivityManager(  150): No longer want com.google.android.apps.uploader (pid 958): hidden #16
D/dalvikvm(  150): GC_CONCURRENT freed 970K, 12% free 13258K/14919K, paused 16ms+5ms
D/dalvikvm(  217): GC_CONCURRENT freed 396K, 7% free 10107K/10823K, paused 2ms+3ms
D/AlarmManagerService(  150): Kernel timezone updated to 240 minutes west of GMT
V/AlarmClock( 1569): AlarmInitReceiver finished
D/SystemClock(  308): Setting time of day to sec=1333740751
D/dalvikvm(  150): GC_EXPLICIT freed 801K, 12% free 13254K/14919K, paused 20ms+5ms
I/EventLogService(  455): Aggregate from 1333739018947 (log), 1333739018947 (data)
I/ServiceDumpSys(  455): dumping service [account]
I/CheckinService(  455): Preparing to send checkin request
I/EventLogService(  455): Accumulating logs since 1333740819063
I/dalvikvm(  455): Jit: resizing JitTable from 4096 to 8192
I/CheckinTask(  455): Sending checkin request (1735 bytes)
D/dalvikvm(  455): GC_CONCURRENT freed 359K, 7% free 10120K/10823K, paused 2ms+4ms
I/CheckinTask(  455): Checkin success: https://android.clients.google.com/checkin (1 requests sent)
D/dalvikvm(  150): GC_CONCURRENT freed 935K, 12% free 13258K/14919K, paused 3ms+5ms
D/dalvikvm(  308): GC_CONCURRENT freed 421K, 6% free 9499K/10055K, paused 14ms+2ms
I/EventLogService(  455): Aggregate from 1333741265900 (log), 1333740819063 (data)
I/ServiceDumpSys(  455): dumping service [account]
D/dalvikvm(  150): GC_CONCURRENT freed 936K, 11% free 13311K/14919K, paused 5ms+5ms
D/dalvikvm(  217): GC_CONCURRENT freed 384K, 7% free 10112K/10823K, paused 1ms+2ms
D/dalvikvm(  150): GC_CONCURRENT freed 1000K, 12% free 13265K/14919K, paused 2ms+5ms
D/AlarmManagerService(  150): Kernel timezone updated to 240 minutes west of GMT
V/AlarmClock( 1569): AlarmInitReceiver finished
D/SystemClock(  308): Setting time of day to sec=1333744354
D/dalvikvm( 1580): GC_CONCURRENT freed 278K, 5% free 9193K/9607K, paused 2ms+3ms
I/EventLogService(  455): Aggregate from 1333742619179 (log), 1333742619179 (data)
I/ServiceDumpSys(  455): dumping service [account]
D/dalvikvm(  455): GC_CONCURRENT freed 426K, 7% free 10079K/10823K, paused 2ms+3ms
D/dalvikvm(  150): GC_CONCURRENT freed 940K, 12% free 13261K/14919K, paused 16ms+5ms
D/dalvikvm(  217): GC_CONCURRENT freed 384K, 7% free 10113K/10823K, paused 2ms+3ms
I/EventLogService(  455): Aggregate from 1333744419292 (log), 1333744419292 (data)
I/ServiceDumpSys(  455): dumping service [account]
D/dalvikvm(  150): GC_CONCURRENT freed 942K, 12% free 13255K/14919K, paused 2ms+4ms
D/dalvikvm( 1396): GC_CONCURRENT freed 304K, 5% free 10132K/10567K, paused 1ms+3ms
D/dalvikvm(  150): GC_CONCURRENT freed 943K, 12% free 13248K/14919K, paused 2ms+5ms
D/AlarmManagerService(  150): Kernel timezone updated to 240 minutes west of GMT
D/SystemClock(  308): Setting time of day to sec=1333747959
V/AlarmClock( 1569): AlarmInitReceiver finished
I/EventLogService(  455): Aggregate from 1333746219425 (log), 1333746219425 (data)
I/ServiceDumpSys(  455): dumping service [account]
I/CheckinService(  455): Preparing to send checkin request
I/EventLogService(  455): Accumulating logs since 1333748019564
I/CheckinTask(  455): Sending checkin request (1646 bytes)
D/dalvikvm(  455): GC_CONCURRENT freed 363K, 7% free 10101K/10823K, paused 14ms+3ms
D/dalvikvm(  150): GC_CONCURRENT freed 944K, 12% free 13271K/14919K, paused 16ms+5ms
I/CheckinTask(  455): Checkin success: https://android.clients.google.com/checkin (1 requests sent)
D/dalvikvm(  217): GC_CONCURRENT freed 385K, 7% free 10113K/10823K, paused 1ms+3ms
D/dalvikvm(  150): GC_CONCURRENT freed 952K, 12% free 13260K/14919K, paused 16ms+4ms
I/EventLogService(  455): Aggregate from 1333748474668 (log), 1333748019564 (data)
I/ServiceDumpSys(  455): dumping service [account]
D/dalvikvm(  308): GC_CONCURRENT freed 423K, 6% free 9496K/10055K, paused 2ms+2ms
D/dalvikvm(  150): GC_CONCURRENT freed 956K, 12% free 13253K/14919K, paused 17ms+5ms
D/dalvikvm( 1733): GC_CONCURRENT freed 378K, 8% free 10012K/10823K, paused 2ms+2ms
D/dalvikvm(  217): GC_CONCURRENT freed 393K, 7% free 10109K/10823K, paused 23ms+3ms
D/AlarmManagerService(  150): Kernel timezone updated to 240 minutes west of GMT
D/dalvikvm(  150): GC_EXPLICIT freed 605K, 12% free 13220K/14919K, paused 2ms+6ms
V/AlarmClock( 1569): AlarmInitReceiver finished
D/SystemClock(  308): Setting time of day to sec=1333751561
I/EventLogService(  455): Aggregate from 1333749819685 (log), 1333749819685 (data)
D/dalvikvm(  455): GC_CONCURRENT freed 408K, 7% free 10078K/10823K, paused 2ms+3ms
I/ServiceDumpSys(  455): dumping service [account]
I/power   (  150): *** set_screen_state 1
I/WindowManager(  150): Lock screen displayed!
D/SurfaceFlinger(   78): Screen about to return, flinger = 0x7a6918
D/PhoneStatusBar(  217): disable: < expand icons alerts ticker system_info back* home* RECENT clock* >
I/ActivityManager(  150): START {cmp=net.szym.barnacle/.StatusActivity bnds=[0,119][480,215]} from pid -1
W/ActivityManager(  150): startActivity called from non-Activity context; forcing Intent.FLAG_ACTIVITY_NEW_TASK for: Intent { cmp=net.szym.barnacle/.StatusActivity bnds=[0,119][480,215] }
D/AudioHardware(   81): AudioHardware pcm playback is exiting standby.
D/AudioHardware(   81): openPcmOut_l() mPcmOpenCnt: 0
D/dalvikvm(  150): GC_CONCURRENT freed 870K, 11% free 13288K/14919K, paused 3ms+5ms
W/KeyguardViewMediator(  150): verifyUnlock called when not externally disabled
D/OpenGLRenderer(  338): Flushing caches (mode 1)
D/dalvikvm( 1764): GC_CONCURRENT freed 276K, 4% free 9246K/9607K, paused 7ms+15ms
D/PhoneStatusBar(  217): disable: < expand icons alerts ticker system_info BACK* HOME* RECENT CLOCK* >
I/ActivityManager(  150): Displayed net.szym.barnacle/.StatusActivity: +463ms (total +5h5m3s456ms)
D/PhoneStatusBar(  217): disable: < expand icons alerts ticker system_info BACK HOME recent* CLOCK >
D/PhoneStatusBar(  217): disable: < expand icons alerts ticker system_info back* home* recent clock* >
V/PhoneStatusBar(  217): setLightsOn(true)
D/NfcService(  322): NFC-C ON
D/OpenGLRenderer(  338): Flushing caches (mode 0)
I/power   (  150): *** set_screen_state 0
D/dalvikvm(  150): GC_FOR_ALLOC freed 270K, 10% free 13571K/14919K, paused 43ms
D/NfcService(  322): NFC-C OFF, disconnect
D/SurfaceFlinger(   78): About to give-up screen, flinger = 0x7a6918
D/dalvikvm(  150): GC_FOR_ALLOC freed 740K, 14% free 12941K/14919K, paused 48ms
V/TransportControlView(  150): Create TCV com.android.internal.widget.TransportControlView@416ea908
D/PhoneStatusBar(  217): disable: < expand icons alerts ticker system_info back home RECENT* clock >
D/PhoneStatusBar(  217): disable: < expand icons alerts ticker system_info BACK* HOME* RECENT CLOCK* >
I/power   (  150): *** set_screen_state 1
I/WindowManager(  150): Lock screen displayed!
D/AudioHardware(   81): AudioHardware pcm playback is going to standby.
D/AudioHardware(   81): closePcmOut_l() mPcmOpenCnt: 1
D/SurfaceFlinger(   78): Screen about to return, flinger = 0x7a6918
D/PhoneStatusBar(  217): disable: < expand icons alerts ticker system_info BACK HOME recent* CLOCK >
D/NfcService(  322): NFC-C ON
W/InputManagerService(  150): Window already focused, ignoring focus gain of: com.android.internal.view.IInputMethodClient$Stub$Proxy@41789270
D/PhoneStatusBar(  217): disable: < expand icons alerts ticker system_info back* home* recent clock* >
V/PhoneStatusBar(  217): setLightsOn(true)
D/AudioHardware(   81): AudioHardware pcm playback is exiting standby.
D/AudioHardware(   81): openPcmOut_l() mPcmOpenCnt: 0
W/Netd    (   75): No subsystem found in netlink event
D/NetlinkEvent(   75): Unexpected netlink message. type=0x11
I/BarnacleService( 1764): Process exited with status: 0
I/System  ( 1764): Failed to destroy process 1793
I/System  ( 1764): libcore.io.ErrnoException: kill failed: ESRCH (No such process)
I/System  ( 1764): 	at libcore.io.Posix.kill(Native Method)
I/System  ( 1764): 	at libcore.io.ForwardingOs.kill(ForwardingOs.java:77)
I/System  ( 1764): 	at java.lang.ProcessManager$ProcessImpl.destroy(ProcessManager.java:257)
I/System  ( 1764): 	at net.szym.barnacle.BarnacleService.stopProcess(BarnacleService.java:584)
I/System  ( 1764): 	at net.szym.barnacle.BarnacleService.handle(BarnacleService.java:364)
I/System  ( 1764): 	at net.szym.barnacle.BarnacleService.access$1(BarnacleService.java:211)
I/System  ( 1764): 	at net.szym.barnacle.BarnacleService$2.handleMessage(BarnacleService.java:208)
I/System  ( 1764): 	at android.os.Handler.dispatchMessage(Handler.java:99)
I/System  ( 1764): 	at android.os.Looper.loop(Looper.java:137)
I/System  ( 1764): 	at android.app.ActivityThread.main(ActivityThread.java:4424)
I/System  ( 1764): 	at java.lang.reflect.Method.invokeNative(Native Method)
I/System  ( 1764): 	at java.lang.reflect.Method.invoke(Method.java:511)
I/System  ( 1764): 	at com.android.internal.os.ZygoteInit$MethodAndArgsCaller.run(ZygoteInit.java:784)
I/System  ( 1764): 	at com.android.internal.os.ZygoteInit.main(ZygoteInit.java:551)
I/System  ( 1764): 	at dalvik.system.NativeStart.main(Native Method)
I/BarnacleService( 1764): log: Stopped
W/myBarnacleApp( 1764): processStopped
D/dalvikvm(  217): GC_FOR_ALLOC freed 359K, 9% free 9913K/10823K, paused 40ms
W/myBarnacleApp( 1764): processStopped
D/dalvikvm(  217): GC_FOR_ALLOC freed 195K, 9% free 9896K/10823K, paused 34ms
D/dalvikvm(  217): GC_FOR_ALLOC freed 138K, 9% free 9896K/10823K, paused 35ms
D/PhoneStatusBar(  217): disable: < EXPAND* icons alerts ticker system_info back home recent clock >
D/AudioHardware(   81): AudioHardware pcm playback is going to standby.
D/AudioHardware(   81): closePcmOut_l() mPcmOpenCnt: 1
D/AudioHardware(   81): AudioHardware pcm playback is exiting standby.
D/AudioHardware(   81): openPcmOut_l() mPcmOpenCnt: 0
D/BluetoothAdapterStateMachine(  150): HotOff process message: 55
D/BluetoothEventLoop(  150): Property Changed: UUIDs : 9
E/BluetoothService.cpp(  150): setBluetoothTetheringNative false
D/BluetoothEventLoop(  150): Property Changed: UUIDs : 8
D/BluetoothEventLoop(  150): Property Changed: UUIDs : 7
D/BluetoothEventLoop(  150): Property Changed: UUIDs : 6
D/BluetoothEventLoop(  150): Property Changed: UUIDs : 5
W/InputManagerService(  150): Window already focused, ignoring focus gain of: com.android.internal.view.IInputMethodClient$Stub$Proxy@41759f50
V/PhoneStatusBar(  217): setLightsOn(true)
D/PhoneStatusBar(  217): disable: < expand* icons alerts ticker system_info back home recent clock >
I/NfcService(  322): Disabling NFC
I/bluedroid(  150): Stopping bluetoothd deamon
D/NdefPushServer(  322): stop, thread = Thread[Thread-36,5,main]
D/NdefPushServer(  322): shuting down server thread
D/NFC JNI (  322): Terminating client thread...
