D/NFC JNI (  322): phLibNfc_Mgt_UnConfigureDriver() returned 0x0000[NFCSTATUS_SUCCESS]
I/bluedroid(  150): Stopping hciattach deamon
D/BluetoothAdapterStateMachine(  150): Bluetooth state 10 -> 10
D/dalvikvm(  150): GC_CONCURRENT freed 452K, 11% free 13347K/14919K, paused 18ms+5ms
I/power   (  150): *** set_screen_state 0
D/SurfaceFlinger(   78): About to give-up screen, flinger = 0x7a6918
D/dalvikvm(  150): GC_FOR_ALLOC freed 824K, 13% free 13056K/14919K, paused 40ms
V/TransportControlView(  150): Create TCV com.android.internal.widget.TransportControlView@41540b70
D/PhoneStatusBar(  217): disable: < expand icons alerts ticker system_info back home RECENT* clock >
D/PhoneStatusBar(  217): disable: < expand icons alerts ticker system_info BACK* HOME* RECENT CLOCK* >
I/power   (  150): *** set_screen_state 1
I/WindowManager(  150): Lock screen displayed!
D/PicasaSyncManager(  973): battery info: false
D/AudioHardware(   81): AudioHardware pcm playback is going to standby.
D/AudioHardware(   81): closePcmOut_l() mPcmOpenCnt: 1
D/SurfaceFlinger(   78): Screen about to return, flinger = 0x7a6918
I/power   (  150): *** set_screen_state 0
D/SurfaceFlinger(   78): About to give-up screen, flinger = 0x7a6918
V/TransportControlView(  150): Create TCV com.android.internal.widget.TransportControlView@416d7928
D/dalvikvm(  150): GC_CONCURRENT freed 578K, 11% free 13371K/14919K, paused 2ms+4ms
D/ConnectivityService(  150): ConnectivityChange for mobile: DISCONNECTED/DISCONNECTED
D/ConnectivityService(  150): Attempting to switch to WIFI
D/ConnectivityService(  150): Attempting to switch to BLUETOOTH_TETHER
D/NetUtils(  150): android_net_utils_resetConnections in env=0x12b84e8 clazz=0xfbc00001 iface=rmnet0 mask=0x3
D/ConnectivityService(  150): resetConnections(rmnet0, 3)
W/Smack/Packet(  455): notify conn break (IOEx), close connection
I/qtaguid (  455): Failed write_ctrl(u 68) res=-1 errno=22
I/qtaguid (  455): Untagging socket 68 failed errno=-22
W/NetworkManagementSocketTagger(  455): untagSocket(68) failed with errno -22
D/ConnectivityService(  150): handleInetConditionChange: no active default network - ignore
D/NetworkLocator(  455): null cell state delivered
D/dalvikvm(  308): GC_CONCURRENT freed 430K, 6% free 9494K/10055K, paused 2ms+2ms
D/NetworkLocator(  455): null cell state delivered
D/Tethering(  150): MasterInitialState.processMessage what=3
I/ActivityManager(  150): Start proc com.google.android.apps.uploader for broadcast com.google.android.apps.uploader/.ConnectivityBroadcastReceiver: pid=1880 uid=10034 gids={3003}
I/dalvikvm( 1880): Turning on JNI app bug workarounds for target SDK version 11...
I/ActivityThread( 1880): Pub com.google.android.apps.uploader: com.google.android.apps.uploader.UploadsContentProvider
I/ActivityThread( 1880): Pub com.google.photos.provider.Album: com.google.android.apps.uploader.clients.picasa.AlbumProvider
D/MediaUploader( 1880): UploaderApplication.onCreate
D/MediaUploader( 1880): nonWifiLimit=20971520, default=20971520
I/MediaUploader( 1880): No need to wake up
D/PicasaSyncManager(  973): active network: null
D/PicasaSyncManager(  973): background data: true
I/EventLogService(  455): Aggregate from 1333751619821 (log), 1333751619821 (data)
I/ServiceDumpSys(  455): dumping service [account]
D/dalvikvm(  455): GC_EXPLICIT freed 351K, 8% free 10019K/10823K, paused 2ms+4ms
D/dalvikvm(  150): GC_CONCURRENT freed 935K, 11% free 13418K/14919K, paused 3ms+5ms
I/EventLogService(  455): Aggregate from 1333753419965 (log), 1333753419965 (data)
I/ServiceDumpSys(  455): dumping service [account]
I/SystemUpdateService(  455): download in progress: [id: 20 compl: false succ: false bytes: 0 reason: 0 fn: null]
I/SystemUpdateService(  455): download took too long; will cancel and retry
V/SystemUpdateService(  455): retry (wakeup: true) in 89866 ms
V/SystemUpdateService(  455): onPostExecute: false
I/SystemUpdateService(  455): starting download of http://android.clients.google.com/packages/ota/google_crespo/hR7QFEtn.zip
V/SystemUpdateService(  455): retry (wakeup: true) in 21599998 ms
I/SystemUpdate.Download(  455): Started a new update download: http://android.clients.google.com/packages/ota/google_crespo/hR7QFEtn.zip (id 21; allowMobile=false)
V/SystemUpdateService(  455): onPostExecute: false
D/dalvikvm(  265): GC_CONCURRENT freed 385K, 6% free 9282K/9799K, paused 2ms+5ms
I/DownloadManager(  265): Initiating request for download 21
W/DownloadManager(  265): Aborting request for download 21: no network connection available
I/EventLogService(  455): Aggregate from 1333755220083 (log), 1333755220083 (data)
I/ServiceDumpSys(  455): dumping service [account]
I/EventLogService(  455): Aggregate from 1333757020194 (log), 1333757020194 (data)
I/ServiceDumpSys(  455): dumping service [account]
D/dalvikvm(  455): GC_CONCURRENT freed 409K, 8% free 9997K/10823K, paused 2ms+3ms
D/dalvikvm(  150): GC_CONCURRENT freed 1013K, 11% free 13420K/14919K, paused 2ms+5ms
I/EventLogService(  455): Aggregate from 1333758820326 (log), 1333758820326 (data)
I/ServiceDumpSys(  455): dumping service [account]
D/dalvikvm(  217): GC_CONCURRENT freed 396K, 9% free 9886K/10823K, paused 2ms+2ms
I/EventLogService(  455): Aggregate from 1333760620486 (log), 1333760620486 (data)
I/ServiceDumpSys(  455): dumping service [account]
I/EventLogService(  455): Aggregate from 1333762420560 (log), 1333762420560 (data)
I/ServiceDumpSys(  455): dumping service [account]
D/dalvikvm(  150): GC_CONCURRENT freed 991K, 11% free 13422K/14919K, paused 3ms+6ms
I/EventLogService(  455): Aggregate from 1333764220681 (log), 1333764220681 (data)
I/ServiceDumpSys(  455): dumping service [account]
I/EventLogService(  455): Aggregate from 1333766020801 (log), 1333766020801 (data)
I/ServiceDumpSys(  455): dumping service [account]
D/dalvikvm(  455): GC_CONCURRENT freed 388K, 8% free 9995K/10823K, paused 2ms+3ms
I/EventLogService(  455): Aggregate from 1333767820930 (log), 1333767820930 (data)
I/ServiceDumpSys(  455): dumping service [account]
I/ActivityManager(  150): Start proc com.android.vending for broadcast com.android.vending/.MarketWidgetProvider: pid=1920 uid=10043 gids={3003, 1015}
D/dalvikvm(   79): GC_EXPLICIT freed 37K, 4% free 9029K/9347K, paused 3ms+8ms
D/dalvikvm(   79): GC_EXPLICIT freed <1K, 4% free 9029K/9347K, paused 1ms+1ms
I/ActivityThread( 1920): Pub com.google.android.finsky.RecentSuggestionsProvider: com.google.android.finsky.providers.RecentSuggestionsProvider
D/dalvikvm(   79): GC_EXPLICIT freed <1K, 4% free 9029K/9347K, paused 2ms+2ms
D/dalvikvm( 1920): GC_CONCURRENT freed 208K, 3% free 9325K/9607K, paused 2ms+2ms
D/dalvikvm(  150): GC_EXPLICIT freed 954K, 10% free 13430K/14919K, paused 3ms+5ms
D/Finsky  ( 1920): [1] SanityChecker.run: # LocalAssets corrected : 0
D/Finsky  ( 1920): Sanity check took : 21 ms
D/AlarmManagerService(  150): Kernel timezone updated to 240 minutes west of GMT
I/ActivityManager(  150): Start proc com.google.android.inputmethod.latin.dictionarypack for broadcast com.google.android.inputmethod.latin.dictionarypack/.UpdateHandler: pid=1948 uid=10027 gids={3003, 1015}
I/ActivityThread( 1948): Pub com.android.inputmethod.latin.dictionarypack: com.google.android.inputmethod.latin.dictionarypack.DictionaryProvider
D/Finsky  ( 1920): [187] DownloadRecords.initializeAndPrune: Pruned 0 old downloads from the cursor.
I/EventLogService(  455): Aggregate from 1333769621096 (log), 1333769621096 (data)
I/ServiceDumpSys(  455): dumping service [account]
I/EventLogService(  455): Aggregate from 1333771421228 (log), 1333771421228 (data)
I/ServiceDumpSys(  455): dumping service [account]
I/EventLogService(  455): Aggregate from 1333773221360 (log), 1333773221360 (data)
I/ServiceDumpSys(  455): dumping service [account]
D/dalvikvm(  150): GC_CONCURRENT freed 1002K, 10% free 13446K/14919K, paused 3ms+4ms
I/EventLogService(  455): Aggregate from 1333775021473 (log), 1333775021473 (data)
I/ServiceDumpSys(  455): dumping service [account]
D/dalvikvm(  455): GC_CONCURRENT freed 367K, 8% free 10013K/10823K, paused 2ms+3ms
I/SystemUpdateService(  455): download in progress: [id: 21 compl: false succ: false bytes: 0 reason: 0 fn: null]
I/SystemUpdateService(  455): download took too long; will cancel and retry
V/SystemUpdateService(  455): retry (wakeup: true) in 149888 ms
V/SystemUpdateService(  455): onPostExecute: false
I/SystemUpdateService(  455): starting download of http://android.clients.google.com/packages/ota/google_crespo/hR7QFEtn.zip
V/SystemUpdateService(  455): retry (wakeup: true) in 21599997 ms
I/SystemUpdate.Download(  455): Started a new update download: http://android.clients.google.com/packages/ota/google_crespo/hR7QFEtn.zip (id 22; allowMobile=false)
V/SystemUpdateService(  455): onPostExecute: false
I/DownloadManager(  265): Initiating request for download 22
W/DownloadManager(  265): Aborting request for download 22: no network connection available
D/dalvikvm(  217): GC_CONCURRENT freed 328K, 9% free 9950K/10823K, paused 2ms+4ms
I/EventLogService(  455): Aggregate from 1333776821599 (log), 1333776821599 (data)
I/ServiceDumpSys(  455): dumping service [account]
I/DownloadManager(  265): Initiating request for download 23
W/DownloadManager(  265): Aborting request for download 23: no network connection available
I/EventLogService(  455): Aggregate from 1333778621792 (log), 1333778621792 (data)
I/ServiceDumpSys(  455): dumping service [account]
D/dalvikvm(  150): GC_CONCURRENT freed 996K, 10% free 13447K/14919K, paused 2ms+5ms
I/EventLogService(  455): Aggregate from 1333780421962 (log), 1333780421962 (data)
I/ServiceDumpSys(  455): dumping service [account]
D/dalvikvm(  455): GC_CONCURRENT freed 404K, 8% free 9995K/10823K, paused 3ms+3ms
I/EventLogService(  455): Aggregate from 1333782222087 (log), 1333782222087 (data)
I/ServiceDumpSys(  455): dumping service [account]
I/EventLogService(  455): Aggregate from 1333784022244 (log), 1333784022244 (data)
I/ServiceDumpSys(  455): dumping service [account]
D/dalvikvm(  150): GC_CONCURRENT freed 991K, 10% free 13448K/14919K, paused 2ms+5ms
I/EventLogService(  455): Aggregate from 1333785822386 (log), 1333785822386 (data)
I/ServiceDumpSys(  455): dumping service [account]
I/EventLogService(  455): Aggregate from 1333787623505 (log), 1333787623505 (data)
I/ServiceDumpSys(  455): dumping service [account]
I/EventLogService(  455): Aggregate from 1333789423791 (log), 1333789423791 (data)
I/ServiceDumpSys(  455): dumping service [account]
D/dalvikvm(  455): GC_CONCURRENT freed 397K, 8% free 9994K/10823K, paused 2ms+3ms
D/dalvikvm(  217): GC_CONCURRENT freed 363K, 8% free 9984K/10823K, paused 5ms+7ms
D/dalvikvm(  150): GC_CONCURRENT freed 1040K, 10% free 13452K/14919K, paused 2ms+6ms
I/EventLogService(  455): Aggregate from 1333791223936 (log), 1333791223936 (data)
I/ServiceDumpSys(  455): dumping service [account]
I/EventLogService(  455): Aggregate from 1333793024052 (log), 1333793024052 (data)
I/ServiceDumpSys(  455): dumping service [account]
I/EventLogService(  455): Aggregate from 1333794824181 (log), 1333794824181 (data)
I/ServiceDumpSys(  455): dumping service [account]
D/dalvikvm(  150): GC_CONCURRENT freed 998K, 10% free 13452K/14919K, paused 3ms+4ms
I/EventLogService(  455): Aggregate from 1333796624297 (log), 1333796624297 (data)
I/ServiceDumpSys(  455): dumping service [account]
I/SystemUpdateService(  455): download in progress: [id: 22 compl: false succ: false bytes: 0 reason: 0 fn: null]
I/SystemUpdateService(  455): download took too long; will cancel and retry
D/dalvikvm(  455): GC_CONCURRENT freed 391K, 8% free 9997K/10823K, paused 2ms+3ms
V/SystemUpdateService(  455): retry (wakeup: true) in 209911 ms
V/SystemUpdateService(  455): onPostExecute: false
I/SystemUpdateService(  455): starting download of http://android.clients.google.com/packages/ota/google_crespo/hR7QFEtn.zip
V/SystemUpdateService(  455): retry (wakeup: true) in 21599998 ms
D/dalvikvm(  265): GC_CONCURRENT freed 359K, 5% free 9311K/9799K, paused 2ms+4ms
I/SystemUpdate.Download(  455): Started a new update download: http://android.clients.google.com/packages/ota/google_crespo/hR7QFEtn.zip (id 24; allowMobile=false)
V/SystemUpdateService(  455): onPostExecute: false
D/dalvikvm(  265): GC_EXPLICIT freed 144K, 7% free 9192K/9799K, paused 2ms+3ms
I/DownloadManager(  265): Initiating request for download 24
W/DownloadManager(  265): Aborting request for download 24: no network connection available
I/EventLogService(  455): Aggregate from 1333798424412 (log), 1333798424412 (data)
I/ServiceDumpSys(  455): dumping service [account]
I/EventLogService(  455): Aggregate from 1333800224544 (log), 1333800224544 (data)
I/ServiceDumpSys(  455): dumping service [account]
D/dalvikvm(  150): GC_CONCURRENT freed 980K, 10% free 13457K/14919K, paused 2ms+5ms
D/dalvikvm(  217): GC_CONCURRENT freed 403K, 8% free 9980K/10823K, paused 2ms+4ms
D/dalvikvm(  150): GC_EXPLICIT freed 305K, 11% free 13423K/14919K, paused 12ms+4ms
I/EventLogService(  455): Aggregate from 1333802024781 (log), 1333802024781 (data)
I/ServiceDumpSys(  455): dumping service [account]
I/EventLogService(  455): Aggregate from 1333803824952 (log), 1333803824952 (data)
I/ServiceDumpSys(  455): dumping service [account]
D/dalvikvm(  455): GC_CONCURRENT freed 408K, 8% free 9997K/10823K, paused 3ms+4ms
I/EventLogService(  455): Aggregate from 1333805625087 (log), 1333805625087 (data)
I/ServiceDumpSys(  455): dumping service [account]
I/System.out( 1733): [INFO:72137623]: c: Running flush
I/System.out( 1733): [INFO:72137624]: c: Sending payload [bytes=400]
I/System.out( 1733): [SEVERE:72137631]: c: AsyncHttpRequestImpl.run(): exception thrown : Unable to resolve host "www.google.com": No address associated with hostname: java.net.UnknownHostException
D/dalvikvm(  150): GC_CONCURRENT freed 965K, 10% free 13467K/14919K, paused 3ms+5ms
I/EventLogService(  455): Aggregate from 1333807425193 (log), 1333807425193 (data)
I/ServiceDumpSys(  455): dumping service [account]
I/EventLogService(  455): Aggregate from 1333809225314 (log), 1333809225314 (data)
I/ServiceDumpSys(  455): dumping service [account]
I/EventLogService(  455): Aggregate from 1333811025427 (log), 1333811025427 (data)
I/ServiceDumpSys(  455): dumping service [account]
D/dalvikvm(  150): GC_CONCURRENT freed 1038K, 10% free 13466K/14919K, paused 2ms+5ms
I/EventLogService(  455): Aggregate from 1333812825549 (log), 1333812825549 (data)
I/ServiceDumpSys(  455): dumping service [account]
D/dalvikvm(  217): GC_CONCURRENT freed 398K, 8% free 9976K/10823K, paused 2ms+5ms
I/EventLogService(  455): Aggregate from 1333814625785 (log), 1333814625785 (data)
D/dalvikvm(  455): GC_CONCURRENT freed 390K, 8% free 9995K/10823K, paused 15ms+2ms
I/ServiceDumpSys(  455): dumping service [account]
I/EventLogService(  455): Aggregate from 1333816425970 (log), 1333816425970 (data)
I/ServiceDumpSys(  455): dumping service [account]
I/EventLogService(  455): Aggregate from 1333818226107 (log), 1333818226107 (data)
D/dalvikvm(  150): GC_CONCURRENT freed 992K, 10% free 13465K/14919K, paused 3ms+4ms
I/ServiceDumpSys(  455): dumping service [account]
D/dalvikvm(  455): GC_EXPLICIT freed 236K, 8% free 9986K/10823K, paused 2ms+2ms
I/SystemUpdateService(  455): download in progress: [id: 24 compl: false succ: false bytes: 0 reason: 0 fn: null]
I/SystemUpdateService(  455): download took too long; will cancel and retry
V/SystemUpdateService(  455): retry (wakeup: true) in 269879 ms
V/SystemUpdateService(  455): onPostExecute: false
I/SystemUpdateService(  455): starting download of http://android.clients.google.com/packages/ota/google_crespo/hR7QFEtn.zip
V/SystemUpdateService(  455): retry (wakeup: true) in 21599997 ms
I/SystemUpdate.Download(  455): Started a new update download: http://android.clients.google.com/packages/ota/google_crespo/hR7QFEtn.zip (id 25; allowMobile=false)
V/SystemUpdateService(  455): onPostExecute: false
I/DownloadManager(  265): Initiating request for download 25
W/DownloadManager(  265): Aborting request for download 25: no network connection available
I/EventLogService(  455): Aggregate from 1333820026251 (log), 1333820026251 (data)
I/ServiceDumpSys(  455): dumping service [account]
I/EventLogService(  455): Aggregate from 1333821826442 (log), 1333821826442 (data)
I/ServiceDumpSys(  455): dumping service [account]
D/dalvikvm(  150): GC_CONCURRENT freed 986K, 10% free 13465K/14919K, paused 3ms+8ms
I/EventLogService(  455): Aggregate from 1333823626551 (log), 1333823626551 (data)
D/dalvikvm(  455): GC_CONCURRENT freed 371K, 8% free 10019K/10823K, paused 2ms+4ms
I/ServiceDumpSys(  455): dumping service [account]
D/dalvikvm(  217): GC_CONCURRENT freed 381K, 8% free 9979K/10823K, paused 1ms+4ms
I/EventLogService(  455): Aggregate from 1333825426805 (log), 1333825426805 (data)
I/ServiceDumpSys(  455): dumping service [account]
I/EventLogService(  455): Aggregate from 1333827226970 (log), 1333827226970 (data)
I/ServiceDumpSys(  455): dumping service [account]
D/dalvikvm(  150): GC_CONCURRENT freed 1105K, 10% free 13472K/14919K, paused 17ms+6ms
I/EventLogService(  455): Aggregate from 1333829027091 (log), 1333829027091 (data)
I/ServiceDumpSys(  455): dumping service [account]
I/EventLogService(  455): Aggregate from 1333830827212 (log), 1333830827212 (data)
I/ServiceDumpSys(  455): dumping service [account]
I/EventLogService(  455): Aggregate from 1333832627324 (log), 1333832627324 (data)
D/dalvikvm(  455): GC_CONCURRENT freed 418K, 8% free 9995K/10823K, paused 2ms+3ms
I/ServiceDumpSys(  455): dumping service [account]
D/dalvikvm(  150): GC_CONCURRENT freed 1027K, 10% free 13477K/14919K, paused 3ms+5ms
I/EventLogService(  455): Aggregate from 1333834427447 (log), 1333834427447 (data)
I/ServiceDumpSys(  455): dumping service [account]
I/EventLogService(  455): Aggregate from 1333836227788 (log), 1333836227788 (data)
I/ServiceDumpSys(  455): dumping service [account]
I/EventLogService(  455): Aggregate from 1333838027926 (log), 1333838027926 (data)
D/dalvikvm(  217): GC_CONCURRENT freed 395K, 8% free 9980K/10823K, paused 1ms+4ms
I/ServiceDumpSys(  455): dumping service [account]
I/EventLogService(  455): Aggregate from 1333839828092 (log), 1333839828092 (data)
D/dalvikvm(  150): JIT code cache reset in 4 ms (1048548 bytes 2/0)
D/dalvikvm(  150): GC_CONCURRENT freed 1003K, 10% free 13477K/14919K, paused 22ms+10ms
I/ServiceDumpSys(  455): dumping service [account]
I/SystemUpdateService(  455): download in progress: [id: 25 compl: false succ: false bytes: 0 reason: 0 fn: null]
I/SystemUpdateService(  455): download took too long; will cancel and retry
D/dalvikvm(  455): GC_CONCURRENT freed 414K, 8% free 9996K/10823K, paused 4ms+8ms
V/SystemUpdateService(  455): retry (wakeup: true) in 329865 ms
V/SystemUpdateService(  455): onPostExecute: false
I/SystemUpdateService(  455): starting download of http://android.clients.google.com/packages/ota/google_crespo/hR7QFEtn.zip
V/SystemUpdateService(  455): retry (wakeup: true) in 21599997 ms
D/dalvikvm(  150): GC_EXPLICIT freed 370K, 10% free 13452K/14919K, paused 2ms+5ms
I/SystemUpdate.Download(  455): Started a new update download: http://android.clients.google.com/packages/ota/google_crespo/hR7QFEtn.zip (id 26; allowMobile=false)
V/SystemUpdateService(  455): onPostExecute: false
I/DownloadManager(  265): Initiating request for download 26
W/DownloadManager(  265): Aborting request for download 26: no network connection available
D/dalvikvm(  265): GC_CONCURRENT freed 279K, 6% free 9302K/9799K, paused 2ms+4ms
I/EventLogService(  455): Aggregate from 1333841628248 (log), 1333841628248 (data)
I/ServiceDumpSys(  455): dumping service [account]
I/EventLogService(  455): Aggregate from 1333843428442 (log), 1333843428442 (data)
I/ServiceDumpSys(  455): dumping service [account]
I/EventLogService(  455): Aggregate from 1333845228568 (log), 1333845228568 (data)
I/ServiceDumpSys(  455): dumping service [account]
D/dalvikvm(  150): GC_CONCURRENT freed 1056K, 10% free 13493K/14919K, paused 2ms+6ms
I/EventLogService(  455): Aggregate from 1333847028701 (log), 1333847028701 (data)
D/dalvikvm(  455): GC_CONCURRENT freed 383K, 8% free 10002K/10823K, paused 3ms+2ms
I/ServiceDumpSys(  455): dumping service [account]
I/EventLogService(  455): Aggregate from 1333848828820 (log), 1333848828820 (data)
I/ServiceDumpSys(  455): dumping service [account]
I/System.out( 1733): [INFO:114937169]: c: Running flush
I/System.out( 1733): [INFO:114937170]: c: Sending payload [bytes=400]
I/System.out( 1733): [SEVERE:114937174]: c: AsyncHttpRequestImpl.run(): exception thrown : Unable to resolve host "www.google.com": No address associated with hostname: java.net.UnknownHostException
D/dalvikvm(  217): GC_CONCURRENT freed 391K, 8% free 9981K/10823K, paused 1ms+5ms
I/EventLogService(  455): Aggregate from 1333850628999 (log), 1333850628999 (data)
I/ServiceDumpSys(  455): dumping service [account]
D/dalvikvm(  150): GC_CONCURRENT freed 1045K, 10% free 13488K/14919K, paused 3ms+5ms
I/EventLogService(  455): Aggregate from 1333852429130 (log), 1333852429130 (data)
I/ServiceDumpSys(  455): dumping service [account]
I/EventLogService(  455): Aggregate from 1333854229263 (log), 1333854229263 (data)
I/ServiceDumpSys(  455): dumping service [account]
D/dalvikvm(  455): GC_CONCURRENT freed 403K, 8% free 9991K/10823K, paused 2ms+3ms
D/AlarmManagerService(  150): Kernel timezone updated to 240 minutes west of GMT
D/dalvikvm(  884): GC_CONCURRENT freed 314K, 5% free 9162K/9607K, paused 8ms+2ms
I/EventLogService(  455): Aggregate from 1333856029389 (log), 1333856029389 (data)
I/ServiceDumpSys(  455): dumping service [account]
D/Finsky  ( 1920): [1] UpdateCheckReceiver.updateCheckIfNecessary: Force checking for available updates.
D/Finsky  ( 1920): [1] UpdatesAvailableReceiver.onReceive: Received updates available notification
E/Finsky  ( 1920): [1] UpdatesAvailableReceiver.onReceive: Could not set up current account / dfe api when receiving an updates available broadcast.
I/DownloadManager(  265): Initiating request for download 27
W/DownloadManager(  265): Aborting request for download 27: no network connection available
D/dalvikvm(  150): GC_CONCURRENT freed 1052K, 10% free 13490K/14919K, paused 2ms+5ms
I/EventLogService(  455): Aggregate from 1333857829510 (log), 1333857829510 (data)
I/ServiceDumpSys(  455): dumping service [account]
I/EventLogService(  455): Aggregate from 1333859629782 (log), 1333859629782 (data)
I/ServiceDumpSys(  455): dumping service [account]
I/EventLogService(  455): Aggregate from 1333861429938 (log), 1333861429938 (data)
I/ServiceDumpSys(  455): dumping service [account]
D/dalvikvm(  217): GC_CONCURRENT freed 398K, 8% free 9980K/10823K, paused 2ms+3ms
I/SystemUpdateService(  455): download in progress: [id: 26 compl: false succ: false bytes: 0 reason: 0 fn: null]
I/SystemUpdateService(  455): download took too long; will cancel and retry
D/dalvikvm(  455): GC_CONCURRENT freed 394K, 8% free 10022K/10823K, paused 2ms+3ms
V/SystemUpdateService(  455): retry (wakeup: true) in 389911 ms
V/SystemUpdateService(  455): onPostExecute: false
D/dalvikvm(  150): GC_CONCURRENT freed 1044K, 10% free 13488K/14919K, paused 3ms+5ms
I/EventLogService(  455): Aggregate from 1333863230081 (log), 1333863230081 (data)
I/ServiceDumpSys(  455): dumping service [account]
I/SystemUpdateService(  455): starting download of http://android.clients.google.com/packages/ota/google_crespo/hR7QFEtn.zip
V/SystemUpdateService(  455): retry (wakeup: true) in 21599998 ms
I/SystemUpdate.Download(  455): Started a new update download: http://android.clients.google.com/packages/ota/google_crespo/hR7QFEtn.zip (id 28; allowMobile=false)
V/SystemUpdateService(  455): onPostExecute: false
I/DownloadManager(  265): Initiating request for download 28
W/DownloadManager(  265): Aborting request for download 28: no network connection available
I/EventLogService(  455): Aggregate from 1333865030167 (log), 1333865030167 (data)
I/ServiceDumpSys(  455): dumping service [account]
I/EventLogService(  455): Aggregate from 1333866830260 (log), 1333866830260 (data)
I/ServiceDumpSys(  455): dumping service [account]
D/dalvikvm(  150): GC_CONCURRENT freed 1067K, 10% free 13490K/14919K, paused 2ms+5ms
I/EventLogService(  455): Aggregate from 1333868630403 (log), 1333868630403 (data)
D/dalvikvm(  455): GC_CONCURRENT freed 409K, 8% free 10021K/10823K, paused 2ms+3ms
I/ServiceDumpSys(  455): dumping service [account]
I/EventLogService(  455): Aggregate from 1333870430509 (log), 1333870430509 (data)
I/ServiceDumpSys(  455): dumping service [account]
I/EventLogService(  455): Aggregate from 1333872230779 (log), 1333872230779 (data)
I/ServiceDumpSys(  455): dumping service [account]
D/dalvikvm(  217): GC_CONCURRENT freed 387K, 8% free 9980K/10823K, paused 2ms+5ms
D/dalvikvm(  150): GC_CONCURRENT freed 988K, 10% free 13494K/14919K, paused 3ms+5ms
I/EventLogService(  455): Aggregate from 1333874030888 (log), 1333874030888 (data)
I/ServiceDumpSys(  455): dumping service [account]
I/EventLogService(  455): Aggregate from 1333875830998 (log), 1333875830998 (data)
I/ServiceDumpSys(  455): dumping service [account]
I/EventLogService(  455): Aggregate from 1333877631098 (log), 1333877631098 (data)
D/dalvikvm(  455): GC_CONCURRENT freed 399K, 8% free 10008K/10823K, paused 3ms+2ms
I/ServiceDumpSys(  455): dumping service [account]
I/EventLogService(  455): Aggregate from 1333879431191 (log), 1333879431191 (data)
D/dalvikvm(  150): GC_CONCURRENT freed 1000K, 10% free 13493K/14919K, paused 2ms+5ms
I/ServiceDumpSys(  455): dumping service [account]
D/dalvikvm(  150): GC_EXPLICIT freed 361K, 10% free 13461K/14919K, paused 2ms+5ms
I/EventLogService(  455): Aggregate from 1333881231346 (log), 1333881231346 (data)
I/ServiceDumpSys(  455): dumping service [account]
I/EventLogService(  455): Aggregate from 1333883031569 (log), 1333883031569 (data)
I/ServiceDumpSys(  455): dumping service [account]
I/EventLogService(  455): Aggregate from 1333884831779 (log), 1333884831779 (data)
I/ServiceDumpSys(  455): dumping service [account]
D/dalvikvm(  455): GC_CONCURRENT freed 415K, 8% free 9992K/10823K, paused 6ms+3ms
I/SystemUpdateService(  455): download in progress: [id: 28 compl: false succ: false bytes: 0 reason: 0 fn: null]
I/SystemUpdateService(  455): download took too long; will cancel and retry
V/SystemUpdateService(  455): retry (wakeup: true) in 449933 ms
V/SystemUpdateService(  455): onPostExecute: false
D/dalvikvm(  217): GC_CONCURRENT freed 395K, 8% free 9979K/10823K, paused 2ms+5ms
I/SystemUpdateService(  455): starting download of http://android.clients.google.com/packages/ota/google_crespo/hR7QFEtn.zip
V/SystemUpdateService(  455): retry (wakeup: true) in 21599996 ms
I/SystemUpdate.Download(  455): Started a new update download: http://android.clients.google.com/packages/ota/google_crespo/hR7QFEtn.zip (id 29; allowMobile=false)
V/SystemUpdateService(  455): onPostExecute: false
I/DownloadManager(  265): Initiating request for download 29
W/DownloadManager(  265): Aborting request for download 29: no network connection available
D/dalvikvm(  265): GC_CONCURRENT freed 422K, 6% free 9312K/9863K, paused 2ms+4ms
D/dalvikvm(  150): GC_CONCURRENT freed 1054K, 10% free 13513K/14919K, paused 3ms+5ms
D/dalvikvm( 1396): GC_CONCURRENT freed 430K, 6% free 10128K/10695K, paused 18ms+2ms
D/dalvikvm(  455): GC_EXPLICIT freed 206K, 8% free 9988K/10823K, paused 2ms+2ms
I/EventLogService(  455): Aggregate from 1333886632090 (log), 1333886632090 (data)
I/ServiceDumpSys(  455): dumping service [account]
I/EventLogService(  455): Aggregate from 1333888432207 (log), 1333888432207 (data)
I/ServiceDumpSys(  455): dumping service [account]
I/EventLogService(  455): Aggregate from 1333890232323 (log), 1333890232323 (data)
I/ServiceDumpSys(  455): dumping service [account]
I/System.out( 1733): [INFO:157759141]: c: Running flush
I/System.out( 1733): [INFO:157759149]: c: Sending payload [bytes=400]
D/dalvikvm(  150): GC_CONCURRENT freed 1017K, 10% free 13500K/14919K, paused 16ms+4ms
I/System.out( 1733): [SEVERE:157759185]: c: AsyncHttpRequestImpl.run(): exception thrown : Unable to resolve host "www.google.com": No address associated with hostname: java.net.UnknownHostException
I/EventLogService(  455): Aggregate from 1333892032431 (log), 1333892032431 (data)
I/ServiceDumpSys(  455): dumping service [account]
I/EventLogService(  455): Aggregate from 1333893832543 (log), 1333893832543 (data)
D/dalvikvm(  455): GC_CONCURRENT freed 397K, 8% free 9991K/10823K, paused 2ms+2ms
I/ServiceDumpSys(  455): dumping service [account]
I/EventLogService(  455): Aggregate from 1333895632645 (log), 1333895632645 (data)
I/ServiceDumpSys(  455): dumping service [account]
D/dalvikvm(  217): GC_CONCURRENT freed 392K, 8% free 9979K/10823K, paused 2ms+5ms
D/dalvikvm(  150): GC_CONCURRENT freed 1047K, 10% free 13499K/14919K, paused 3ms+5ms
I/EventLogService(  455): Aggregate from 1333897432782 (log), 1333897432782 (data)
I/ServiceDumpSys(  455): dumping service [account]
I/EventLogService(  455): Aggregate from 1333899232908 (log), 1333899232908 (data)
I/ServiceDumpSys(  455): dumping service [account]
I/EventLogService(  455): Aggregate from 1333901033087 (log), 1333901033087 (data)
I/ServiceDumpSys(  455): dumping service [account]
I/EventLogService(  455): Aggregate from 1333902833243 (log), 1333902833243 (data)
D/dalvikvm(  150): GC_CONCURRENT freed 1007K, 10% free 13501K/14919K, paused 16ms+5ms
D/dalvikvm(  455): GC_CONCURRENT freed 382K, 8% free 10004K/10823K, paused 2ms+3ms
I/ServiceDumpSys(  455): dumping service [account]
I/EventLogService(  455): Aggregate from 1333904633415 (log), 1333904633415 (data)
I/ServiceDumpSys(  455): dumping service [account]
I/EventLogService(  455): Aggregate from 1333906433780 (log), 1333906433780 (data)
I/ServiceDumpSys(  455): dumping service [account]
I/SystemUpdateService(  455): download in progress: [id: 29 compl: false succ: false bytes: 0 reason: 0 fn: null]
I/SystemUpdateService(  455): download took too long; will cancel and retry
V/SystemUpdateService(  455): retry (wakeup: true) in 509938 ms
V/SystemUpdateService(  455): onPostExecute: false
I/SystemUpdateService(  455): starting download of http://android.clients.google.com/packages/ota/google_crespo/hR7QFEtn.zip
V/SystemUpdateService(  455): retry (wakeup: true) in 21599978 ms
D/dalvikvm(  455): GC_CONCURRENT freed 417K, 8% free 9994K/10823K, paused 2ms+2ms
I/SystemUpdate.Download(  455): Started a new update download: http://android.clients.google.com/packages/ota/google_crespo/hR7QFEtn.zip (id 30; allowMobile=false)
V/SystemUpdateService(  455): onPostExecute: false
I/DownloadManager(  265): Initiating request for download 30
W/DownloadManager(  265): Aborting request for download 30: no network connection available
D/dalvikvm(  150): GC_CONCURRENT freed 1011K, 10% free 13518K/14919K, paused 3ms+5ms
I/EventLogService(  455): Aggregate from 1333908233936 (log), 1333908233936 (data)
I/ServiceDumpSys(  455): dumping service [account]
D/dalvikvm(  217): GC_CONCURRENT freed 396K, 8% free 9979K/10823K, paused 1ms+4ms
I/EventLogService(  455): Aggregate from 1333910034060 (log), 1333910034060 (data)
I/ServiceDumpSys(  455): dumping service [account]
I/EventLogService(  455): Aggregate from 1333911834153 (log), 1333911834153 (data)
I/ServiceDumpSys(  455): dumping service [account]
D/dalvikvm(  150): GC_CONCURRENT freed 1118K, 10% free 13522K/14919K, paused 2ms+5ms
I/EventLogService(  455): Aggregate from 1333913634287 (log), 1333913634287 (data)
I/ServiceDumpSys(  455): dumping service [account]
D/dalvikvm(  455): GC_CONCURRENT freed 390K, 8% free 9993K/10823K, paused 2ms+3ms
D/dalvikvm( 1733): GC_CONCURRENT freed 405K, 8% free 9992K/10823K, paused 2ms+2ms
I/EventLogService(  455): Aggregate from 1333915434388 (log), 1333915434388 (data)
I/ServiceDumpSys(  455): dumping service [account]
D/dalvikvm(  150): GC_EXPLICIT freed 707K, 10% free 13498K/14919K, paused 11ms+5ms
I/EventLogService(  455): Aggregate from 1333917234504 (log), 1333917234504 (data)
I/ServiceDumpSys(  455): dumping service [account]
I/EventLogService(  455): Aggregate from 1333919034682 (log), 1333919034682 (data)
I/ServiceDumpSys(  455): dumping service [account]
D/dalvikvm(  217): GC_CONCURRENT freed 396K, 8% free 9975K/10823K, paused 1ms+7ms
I/power   (  150): *** set_screen_state 1
W/PowerUI (  217): unknown intent: Intent { act=android.intent.action.ACTION_POWER_CONNECTED flg=0x10000010 }
I/WindowManager(  150): Lock screen displayed!
D/PicasaSyncManager(  973): battery info: true
I/StorageNotification(  217): UMS connection changed to true (media state mounted)
D/SurfaceFlinger(   78): Screen about to return, flinger = 0x7a6918
I/StorageNotification(  217): UMS connection changed to true (media state mounted)
D/dalvikvm(  217): GC_CONCURRENT freed 190K, 6% free 10227K/10823K, paused 2ms+3ms
D/dalvikvm(  217): GC_FOR_ALLOC freed 204K, 8% free 10023K/10823K, paused 38ms
D/dalvikvm(  217): GC_FOR_ALLOC freed 13K, 7% free 10139K/10823K, paused 34ms
I/dalvikvm-heap(  217): Grow heap (frag case) to 10.147MB for 186256-byte allocation
D/dalvikvm(  217): GC_FOR_ALLOC freed <1K, 7% free 10321K/11015K, paused 21ms
D/dalvikvm(  217): GC_FOR_ALLOC freed 131K, 8% free 10190K/11015K, paused 29ms
D/PhoneStatusBar(  217): disable: < expand icons alerts ticker system_info BACK HOME recent* CLOCK >
W/InputManagerService(  150): Window already focused, ignoring focus gain of: com.android.internal.view.IInputMethodClient$Stub$Proxy@41533880
V/PhoneStatusBar(  217): setLightsOn(true)
D/PhoneStatusBar(  217): disable: < expand icons alerts ticker system_info back* home* recent clock* >
I/ActivityManager(  150): START {act=android.intent.action.MAIN cat=[android.intent.category.HOME] flg=0x10200000 cmp=com.android.launcher/com.android.launcher2.Launcher} from pid 150
I/UsageStats(  150): Deleting usage file : usage-20120316
D/dalvikvm(  150): GC_CONCURRENT freed 1172K, 11% free 13396K/14919K, paused 4ms+13ms
W/InputManagerService(  150): Starting input on non-focused client com.android.internal.view.IInputMethodClient$Stub$Proxy@416db488 (uid=10065 pid=1764)
D/AudioHardware(   81): AudioHardware pcm playback is exiting standby.
D/AudioHardware(   81): openPcmOut_l() mPcmOpenCnt: 0
D/dalvikvm(  338): GC_CONCURRENT freed 3955K, 26% free 12806K/17287K, paused 3ms+6ms
D/dalvikvm(  338): GC_CONCURRENT freed 351K, 21% free 13715K/17287K, paused 2ms+9ms
D/dalvikvm(  338): GC_FOR_ALLOC freed 1271K, 27% free 12730K/17287K, paused 26ms
I/dalvikvm-heap(  338): Grow heap (frag case) to 13.726MB for 1286224-byte allocation
D/dalvikvm(  338): GC_FOR_ALLOC freed 3K, 20% free 13982K/17287K, paused 20ms
D/dalvikvm(  338): GC_FOR_ALLOC freed <1K, 20% free 13983K/17287K, paused 37ms
I/dalvikvm-heap(  338): Grow heap (frag case) to 14.950MB for 1286224-byte allocation
D/dalvikvm(  338): GC_CONCURRENT freed <1K, 18% free 15239K/18567K, paused 3ms+2ms
D/dalvikvm(  338): GC_FOR_ALLOC freed 4664K, 33% free 12444K/18567K, paused 25ms
D/dalvikvm(  338): GC_CONCURRENT freed 334K, 30% free 13164K/18567K, paused 2ms+6ms
D/dalvikvm(  338): GC_FOR_ALLOC freed 733K, 29% free 13343K/18567K, paused 22ms
I/dalvikvm-heap(  338): Grow heap (frag case) to 14.759MB for 1742416-byte allocation
D/dalvikvm(  338): GC_FOR_ALLOC freed 1K, 19% free 15044K/18567K, paused 21ms
D/dalvikvm(  338): GC_CONCURRENT freed 4K, 19% free 15077K/18567K, paused 2ms+9ms
D/dalvikvm(  338): GC_FOR_ALLOC freed 2491K, 28% free 13510K/18567K, paused 20ms
I/dalvikvm-heap(  338): Grow heap (frag case) to 14.735MB for 1545280-byte allocation
D/dalvikvm(  338): GC_FOR_ALLOC freed 3K, 20% free 15016K/18567K, paused 20ms
D/dalvikvm(  338): GC_CONCURRENT freed 17K, 18% free 15238K/18567K, paused 3ms+6ms
D/dalvikvm(  338): GC_FOR_ALLOC freed 3395K, 29% free 13271K/18567K, paused 24ms
D/dalvikvm(  338): GC_FOR_ALLOC freed 747K, 27% free 13645K/18567K, paused 34ms
I/ActivityManager(  150): No longer want com.google.android.partnersetup (pid 1685): hidden #16
D/dalvikvm(  338): GC_CONCURRENT freed 335K, 21% free 14795K/18567K, paused 2ms+27ms
D/dalvikvm(  338): GC_FOR_ALLOC freed 1264K, 19% free 15086K/18567K, paused 39ms
D/dalvikvm(  338): GC_FOR_ALLOC freed 2908K, 26% free 13884K/18567K, paused 26ms
D/dalvikvm(  338): GC_FOR_ALLOC freed 3K, 22% free 14638K/18567K, paused 24ms
D/dalvikvm(  338): GC_CONCURRENT freed 759K, 16% free 15673K/18567K, paused 2ms+5ms
D/dalvikvm(  338): GC_FOR_ALLOC freed 1702K, 22% free 14642K/18567K, paused 20ms
I/ActivityManager(  150): START {act=android.intent.action.MAIN cat=[android.intent.category.HOME] flg=0x10200000 cmp=com.android.launcher/com.android.launcher2.Launcher} from pid 150
D/AudioHardware(   81): AudioHardware pcm playback is going to standby.
D/AudioHardware(   81): closePcmOut_l() mPcmOpenCnt: 1
D/dalvikvm(  338): GC_CONCURRENT freed 2919K, 28% free 13467K/18567K, paused 7ms+11ms
I/ActivityManager(  150): START {flg=0x10000000 cmp=com.android.systemui/.usb.UsbStorageActivity bnds=[0,119][480,215]} from pid -1
D/AudioHardware(   81): AudioHardware pcm playback is exiting standby.
D/AudioHardware(   81): openPcmOut_l() mPcmOpenCnt: 0
I/UsageStats(  150): No package stats for pkg:com.android.launcher
W/KeyguardViewMediator(  150): verifyUnlock called when not externally disabled
D/OpenGLRenderer(  338): Flushing caches (mode 1)
D/dalvikvm(  217): GC_FOR_ALLOC freed 173K, 7% free 10348K/11015K, paused 26ms
I/dalvikvm-heap(  217): Grow heap (frag case) to 10.451MB for 291616-byte allocation
D/dalvikvm(  217): GC_FOR_ALLOC freed 5K, 7% free 10627K/11335K, paused 15ms
D/VoldCmdListener(   72): volume shared /mnt/sdcard ums
D/libEGL  (  217): loaded /system/lib/egl/libGLES_android.so
D/OpenGLRenderer(  338): Flushing caches (mode 0)
D/libEGL  (  217): loaded /vendor/lib/egl/libEGL_POWERVR_SGX540_120.so
D/libEGL  (  217): loaded /vendor/lib/egl/libGLESv1_CM_POWERVR_SGX540_120.so
D/libEGL  (  217): loaded /vendor/lib/egl/libGLESv2_POWERVR_SGX540_120.so
D/OpenGLRenderer(  217): Enabling debug mode 0
I/ActivityManager(  150): Displayed com.android.systemui/.usb.UsbStorageActivity: +595ms
D/VoldCmdListener(   72): storage users /mnt/sdcard
D/AudioHardware(   81): AudioHardware pcm playback is going to standby.
D/AudioHardware(   81): closePcmOut_l() mPcmOpenCnt: 1
D/AudioHardware(   81): AudioHardware pcm playback is exiting standby.
D/AudioHardware(   81): openPcmOut_l() mPcmOpenCnt: 0
W/InputManagerService(  150): Window already focused, ignoring focus gain of: com.android.internal.view.IInputMethodClient$Stub$Proxy@41465b58
D/AudioHardware(   81): AudioHardware pcm playback is going to standby.
D/AudioHardware(   81): closePcmOut_l() mPcmOpenCnt: 1
D/OpenGLRenderer(  217): Flushing caches (mode 0)
D/OpenGLRenderer(  217): Flushing caches (mode 1)
I/power   (  150): *** set_screen_state 0
D/SurfaceFlinger(   78): About to give-up screen, flinger = 0x7a6918
D/dalvikvm(  150): GC_FOR_ALLOC freed 1296K, 14% free 12836K/14919K, paused 43ms
D/dalvikvm(  308): GC_CONCURRENT freed 426K, 6% free 9491K/10055K, paused 2ms+2ms
V/TransportControlView(  150): Create TCV com.android.internal.widget.TransportControlView@41338240
D/PhoneStatusBar(  217): disable: < expand icons alerts ticker system_info back home RECENT* clock >
D/PhoneStatusBar(  217): disable: < expand icons alerts ticker system_info BACK* HOME* RECENT CLOCK* >
D/dalvikvm(  150): GC_CONCURRENT freed 137K, 9% free 13616K/14919K, paused 5ms+5ms
I/power   (  150): *** set_screen_state 1
D/PicasaSyncManager(  973): battery info: false
I/WindowManager(  150): Lock screen displayed!
D/SurfaceFlinger(   78): Screen about to return, flinger = 0x7a6918
D/dalvikvm(  217): GC_FOR_ALLOC freed 326K, 8% free 10511K/11335K, paused 39ms
I/StorageNotification(  217): UMS connection changed to false (media state mounted)
D/dalvikvm(  217): GC_FOR_ALLOC freed 209K, 8% free 10480K/11335K, paused 26ms
D/dalvikvm(  217): GC_FOR_ALLOC freed 137K, 8% free 10481K/11335K, paused 37ms
D/dalvikvm(  217): GC_FOR_ALLOC freed 182K, 8% free 10481K/11335K, paused 32ms
D/dalvikvm(  217): GC_FOR_ALLOC freed 182K, 8% free 10479K/11335K, paused 18ms
D/dalvikvm(  217): GC_FOR_ALLOC freed 363K, 10% free 10296K/11335K, paused 38ms
I/power   (  150): *** set_screen_state 0
D/SurfaceFlinger(   78): About to give-up screen, flinger = 0x7a6918
D/dalvikvm(  150): GC_FOR_ALLOC freed 413K, 10% free 13457K/14919K, paused 75ms
D/dalvikvm(  150): GC_FOR_ALLOC freed 20K, 9% free 13592K/14919K, paused 41ms
I/dalvikvm-heap(  150): Grow heap (frag case) to 13.450MB for 104992-byte allocation
D/dalvikvm(  150): GC_FOR_ALLOC freed 2K, 10% free 13692K/15047K, paused 41ms
D/dalvikvm(  150): GC_FOR_ALLOC freed <1K, 9% free 13797K/15047K, paused 38ms
I/dalvikvm-heap(  150): Grow heap (frag case) to 13.650MB for 104992-byte allocation
D/dalvikvm(  150): GC_FOR_ALLOC freed 1K, 9% free 13898K/15175K, paused 39ms
D/dalvikvm(  150): GC_FOR_ALLOC freed <1K, 9% free 13899K/15175K, paused 38ms
I/dalvikvm-heap(  150): Grow heap (frag case) to 13.750MB for 104992-byte allocation
D/dalvikvm(  150): GC_FOR_ALLOC freed <1K, 9% free 14001K/15303K, paused 38ms
V/TransportControlView(  150): Create TCV com.android.internal.widget.TransportControlView@41332a98
I/EventLogService(  455): Aggregate from 1333920835489 (log), 1333920835489 (data)
I/ServiceDumpSys(  455): dumping service [account]
I/power   (  150): *** set_screen_state 1
W/PowerUI (  217): unknown intent: Intent { act=android.intent.action.ACTION_POWER_CONNECTED flg=0x10000010 }
I/WindowManager(  150): Lock screen displayed!
D/dalvikvm(  217): GC_CONCURRENT freed 446K, 10% free 10255K/11335K, paused 2ms+3ms
D/PicasaSyncManager(  973): battery info: true
D/SurfaceFlinger(   78): Screen about to return, flinger = 0x7a6918
I/StorageNotification(  217): UMS connection changed to true (media state mounted)
I/StorageNotification(  217): UMS connection changed to true (media state mounted)
D/dalvikvm(  217): GC_CONCURRENT freed 65K, 7% free 10579K/11335K, paused 2ms+2ms
D/dalvikvm(  217): GC_FOR_ALLOC freed 199K, 7% free 10559K/11335K, paused 27ms
D/dalvikvm(  217): GC_FOR_ALLOC freed 243K, 8% free 10458K/11335K, paused 39ms
I/power   (  150): *** set_screen_state 0
D/SurfaceFlinger(   78): About to give-up screen, flinger = 0x7a6918
D/dalvikvm(  217): GC_FOR_ALLOC freed 157K, 8% free 10489K/11335K, paused 27ms
D/dalvikvm(  150): GC_FOR_ALLOC freed 995K, 12% free 13505K/15303K, paused 117ms
D/dalvikvm(  150): GC_FOR_ALLOC freed 80K, 9% free 14028K/15303K, paused 41ms
I/dalvikvm-heap(  150): Grow heap (frag case) to 13.875MB for 104992-byte allocation
D/dalvikvm(  150): GC_FOR_ALLOC freed 7K, 9% free 14123K/15431K, paused 40ms
D/dalvikvm(  150): GC_FOR_ALLOC freed <1K, 9% free 14124K/15431K, paused 40ms
I/dalvikvm-heap(  150): Grow heap (frag case) to 13.969MB for 104992-byte allocation
D/dalvikvm(  150): GC_FOR_ALLOC freed <1K, 9% free 14226K/15559K, paused 39ms
V/TransportControlView(  150): Create TCV com.android.internal.widget.TransportControlView@41546498
I/power   (  150): *** set_screen_state 1
I/WindowManager(  150): Lock screen displayed!
D/SurfaceFlinger(   78): Screen about to return, flinger = 0x7a6918
D/PhoneStatusBar(  217): disable: < expand icons alerts ticker system_info BACK HOME recent* CLOCK >
W/InputManagerService(  150): Window already focused, ignoring focus gain of: com.android.internal.view.IInputMethodClient$Stub$Proxy@41537ca0
D/PhoneStatusBar(  217): disable: < expand icons alerts ticker system_info back* home* recent clock* >
