I/VCoreDaemon( 1173): 1333728608093: Retrying PROC_REQUEST 11:2 (2,0)->(5,0)
I/VCoreDaemon( 1173): 1333728608094: Dispatching Atom PROC_REQUEST 11:2 (2,0)->(5,0)
I/Mux     ( 1173): 1333728608094: I got a CSM packet at a leader 
I/NetworkThread( 1173): 1333728608098: Sending UDP payload: 949
I/VCoreDaemon( 1173): 1333728608099: nonce 257 heard from src region (2,0)
D/dalvikvm( 1173): GC_CONCURRENT freed 541K, 30% free 11134K/15879K, paused 2ms+3ms
I/VCoreDaemon( 1173): 1333728608195: Retrying PROC_REQUEST 11:2 (2,0)->(5,0)
I/VCoreDaemon( 1173): 1333728608195: Dispatching Atom PROC_REQUEST 11:2 (2,0)->(5,0)
I/Mux     ( 1173): 1333728608196: I got a CSM packet at a leader 
I/NetworkThread( 1173): 1333728608198: Sending UDP payload: 949
I/VCoreDaemon( 1173): 1333728608199: nonce 258 heard from src region (2,0)
I/VCoreDaemon( 1173): 1333728608295: Retrying PROC_REQUEST 11:2 (2,0)->(5,0)
I/VCoreDaemon( 1173): 1333728608296: Dispatching Atom PROC_REQUEST 11:2 (2,0)->(5,0)
I/Mux     ( 1173): 1333728608296: I got a CSM packet at a leader 
I/NetworkThread( 1173): 1333728608298: Sending UDP payload: 949
I/VCoreDaemon( 1173): 1333728608301: nonce 259 heard from src region (2,0)
I/VCoreDaemon( 1173): 1333728608397: Retrying PROC_REQUEST 11:2 (2,0)->(5,0)
I/VCoreDaemon( 1173): 1333728608398: Dispatching Atom PROC_REQUEST 11:2 (2,0)->(5,0)
I/Mux     ( 1173): 1333728608398: I got a CSM packet at a leader 
I/NetworkThread( 1173): 1333728608401: Sending UDP payload: 949
I/VCoreDaemon( 1173): 1333728608402: nonce 260 heard from src region (2,0)
I/VCoreDaemon( 1173): 1333728608499: Request timed out, send failure PROC_REPLY 11:2 (5,0)->(2,0)
I/VCoreDaemon( 1173): 1333728608500: Dispatching Atom PROC_REPLY 11:2 (5,0)->(2,0)
I/Mux     ( 1173): 1333728608501: I got a CSM packet at a leader 
I/NetworkThread( 1173): 1333728608505: Sending UDP payload: 770
I/VCoreDaemon( 1173): 1333728608508: Received PROC_REPLY 11:2 (5,0)->(2,0), handing to UserApp
I/NetworkThread( 1173): 1333728608539: Received UDP payload: 770
I/Mux     ( 1173): 1333728608560: GOT CSM_Msg
I/VCoreDaemon( 1173): 1333728608561: Received DUPLICATE PROC_REPLY 11:2 (5,0)->(2,0)
I/NetworkThread( 1173): 1333728608606: Received UDP payload: 770
I/Mux     ( 1173): 1333728608621: GOT CSM_Msg
I/VCoreDaemon( 1173): 1333728608622: Received DUPLICATE PROC_REPLY 11:2 (5,0)->(2,0)
I/VCoreDaemon( 1173): 1333728608659: inside sendPacket(Packet p)
I/NetworkThread( 1173): 1333728608660: Sending UDP payload: 406
D/AudioHardware(   81): AudioHardware pcm playback is going to standby.
D/AudioHardware(   81): closePcmOut_l() mPcmOpenCnt: 1
I/StatusActivity( 1173): inside buttonsEnableProgressTimeoutR. Perhaps no one is in that region. Try again later!
I/StatusActivity( 1173): Inside _enableButtons
I/StatusActivity( 1173): areButtonsEnabled --> true
I/StatusActivity( 1173): takeNum=7 takeCamGood=7 takeGoodSave=7 takeBad=0 takeTimedout=0 getNum=15 getGood=2 getBad=1 getTimedout=12
W/InputManagerService(  149): Window already focused, ignoring focus gain of: com.android.internal.view.IInputMethodClient$Stub$Proxy@415ce750
I/VCoreDaemon( 1173): 1333728613660: inside sendPacket(Packet p)
I/NetworkThread( 1173): 1333728613671: Sending UDP payload: 406
I/VCoreDaemon( 1173): 1333728618636: leader to cloud hearbeat...
I/VNC:Cloud( 1173): Executing makeRequest: http://hermes5.csail.mit.edu:8212/take/2/0/5109/1333728618637/
W/NetworkStats(  149): dropping UID delta from unknown iface: iface=wlan0 uid=10067 set=FOREGROUND tag=0x0 rxBytes=20087 rxPackets=25 txBytes=17189 txPackets=20 operations=0
I/StatusActivity( 1173): 1333728625032: .......... GPS onLocationChanged ...... 
I/VCoreDaemon( 1173): 1333728625033: Loc = Location[mProvider=gps,mTime=1333815026000,mLatitude=42.364098970391545,mLongitude=-71.10132364586126,mHasAltitude=true,mAltitude=-25.0,mHasSpeed=true,mSpeed=0.0,mHasBearing=true,mBearing=39.115482,mHasAccuracy=true,mAccuracy=10.0,mExtras=Bundle[mParcelledData.dataSize=4]] Previous Region = (2,0)
I/VCoreDaemon( 1173): 1333728625034: GPS x/long:-71.10132364586126, GPS y/lat: 42.364098970391545. Region width in x: 51.96152422706632
I/VCoreDaemon( 1173): 1333728625034: location PINPOINTS to region = 2.0, previous 2
I/VCoreDaemon( 1173): 1333728625044: stay at region 2
D/dalvikvm(  149): GC_CONCURRENT freed 832K, 13% free 12803K/14599K, paused 2ms+6ms
I/System.out( 1268): [INFO:126014]: c: Running flush
I/System.out( 1268): [INFO:126035]: c: Sending payload [bytes=538]
I/StatusActivity( 1173): 1333728635545: canPressButton = TRUE
I/StatusActivity( 1173): 1333728635545: areButtonsEnabled --> false
I/StatusActivity( 1173): 1333728635545: disabling buttons ...
I/StatusActivity( 1173): 1333728635546: took picture disableButtonsR
I/StatusActivity( 1173): 1333728635546: areButtonsEnabled --> false
D/AudioHardware(   81): AudioHardware pcm playback is exiting standby.
D/AudioHardware(   81): openPcmOut_l() mPcmOpenCnt: 0
I/StatusActivity( 1173): 1333728635592: takeNum=8 takeCamGood=7 takeGoodSave=7 takeBad=0 takeTimedout=0 getNum=15 getGood=2 getBad=1 getTimedout=12
I/StatusActivity( 1173): 1333728635592: ** Clicked take picture button **
I/CameraSurfaceView( 1173): inside getCamera()
I/CameraHardwareSec(   81): int android::CameraHardwareSec::previewThreadWrapper(): calling mSecCamera->stopPreview() and waiting
I/SecCamera(   81): int android::fimc_v4l2_querybuf(int, android::fimc_buffer*, v4l2_buf_type) :
I/SecCamera(   81): int android::fimc_v4l2_querybuf(int, android::fimc_buffer*, v4l2_buf_type): buffer->start = 0x43d9c000 v4l2_buf.length = 4261248
I/CameraHardwareSec(   81): == Camera Sensor Detect S5K4ECGX - Samsung LSI SOC 5M ==
D/JpegEncoder(   81): encode E
D/JpegEncoder(   81): encode X
D/SecCamera(   81): Shutter speed=690 us, iso=50
D/SecCamera(   81): AV=3, TV=11, SV=4
D/JpegEncoder(   81): makeExif E
D/JpegEncoder(   81): makeExif X
I/SecCamera(   81): int android::SecCamera::endSnapshot() :
I/SecCamera(   81): munmap():virt. addr 0x43d9c000 size = 4261248
D/dalvikvm( 1173): GC_FOR_ALLOC freed 415K, 31% free 11023K/15879K, paused 22ms
I/dalvikvm-heap( 1173): Grow heap (frag case) to 12.581MB for 1828342-byte allocation
D/dalvikvm( 1173): GC_CONCURRENT freed 17K, 20% free 12791K/15879K, paused 1ms+2ms
I/StatusActivity( 1173): 1333728636369: inside HandlePictureStorage onPictureTaken()
I/StatusActivity( 1173): 1333728636370: takeNum=8 takeCamGood=8 takeGoodSave=7 takeBad=0 takeTimedout=0 getNum=15 getGood=2 getBad=1 getTimedout=12
D/CameraHardwareSec(   81): mPreviewHeap(fd(31), size(518400), width(720), height(480))
I/CameraHardwareSec(   81): int android::CameraHardwareSec::previewThreadWrapper(): return from wait
I/StatusActivity( 1173): 1333728636816: Picture successfully taken, ORIG BYTE LENGTH = 1828326
D/dalvikvm( 1173): GC_EXPLICIT freed 2K, 20% free 12792K/15879K, paused 17ms+2ms
I/StatusActivity( 1173): 1333728637151: Our new height x width: 240 x 320
I/StatusActivity( 1173): 1333728637152: Show photo from handle my camera take
I/StatusActivity( 1173): 1333728637152: client making photo packet to send to leader for it to save
I/StatusActivity( 1173): 1333728637177: BYTE SIZE AFTER COMPRESSION: 4282
I/StatusActivity( 1173): 1333728637178: about to send my pic
I/StatusActivity( 1173): 1333728637178: I'm a leader, upload/save new photo packet going to mux directly
I/Mux     ( 1173): 1333728637178: Inside mux Packet.CLIENT_REQUEST
I/Mux     ( 1173): 1333728637178: I'm the leader of requesting client, about to process Packet.CLIENT_REQUEST in userApp
I/UserApp ( 1173): 1333728637179: UserApp handling MY region's client request, will send atom packet to REMOTE region's handleDSMRequest
I/UserApp ( 1173): 1333728637179: request is CLIENT_NEW_PHOTO, so send atom packet to myself (remote region = me)
I/VCoreDaemon( 1173): 1333728637179: Sending PROC_REQUEST 10:12 (2,0)->(2,0)
I/VCoreDaemon( 1173): 1333728637180: Dispatching Atom PROC_REQUEST 10:12 (2,0)->(2,0)
I/Mux     ( 1173): 1333728637180: I got a CSM packet at a leader 
I/NetworkThread( 1173): 1333728637182: Sending UDP payload: 5253
I/VCoreDaemon( 1173): 1333728637183: removed replies before id 12 from sentReplies of size 0
I/UserApp ( 1173): 1333728637185: Inside UPLOAD_PHOTO!!
I/StatusActivity( 1173): 1333728637185: end of client send picture method
I/UserApp ( 1173): 1333728637190: my_gpinfo.isSuccess is now (should be true): true
I/UserApp ( 1173): 1333728637190: Region leader successfully uploaded a new photo taken by a client in region. Region leader now display the new photo on its screen (through StatusActivity)
I/VCoreDaemon( 1173): 1333728637192: Received PROC_REQUEST 10:12 (2,0)->(2,0), replying PROC_REPLY 10:12 (2,0)->(2,0)
I/VCoreDaemon( 1173): 1333728637192: Dispatching Atom PROC_REPLY 10:12 (2,0)->(2,0)
I/Mux     ( 1173): 1333728637193: I got a CSM packet at a leader 
I/NetworkThread( 1173): 1333728637205: Sending UDP payload: 949
I/VCoreDaemon( 1173): 1333728637209: Received PROC_REPLY 10:12 (2,0)->(2,0), handing to UserApp
I/UserApp ( 1173): 1333728637209: Now back in orginitator region's leader, precssing handleDSMReply
I/UserApp ( 1173): 1333728637209: Going to and from remote region took latency = 30
I/UserApp ( 1173): 1333728637209: = orig leader sent packet at 1333728637179 ~ received reply at 1333728637209
I/UserApp ( 1173): 1333728637210: Originator Region=2 Leader (for Client=5109) processes remote region's dsm atom reply and will send Packet reply to Originator Client
I/UserApp ( 1173): 1333728637210: reply packet contains the ACK for UPLOAD_PHOTO
I/UserApp ( 1173): 1333728637210: I (the leader) was also the originator client (id = 5109) so I hand the packet to my mux directly, without UDP
I/StatusActivity( 1173): 1333728637247: inside Packet.SERVER_SHOW_NEWPHOTO. I'm a leader showing my nonleader/myself client's new photo
I/StatusActivity( 1173): 1333728637248: I'm a leader and I SUCCEEDED in saving my client's new photo
I/StatusActivity( 1173): 1333728637248: now showing in UI the new photo I just saved ... 
I/StatusActivity( 1173): 1333728637249: the photo length: 4282
D/dalvikvm( 1173): GC_EXPLICIT freed 2228K, 31% free 11019K/15879K, paused 3ms+3ms
I/StatusActivity( 1173): 1333728637308: inside Packet.CLIENT_UPLOAD_PHOTO_ACK
I/StatusActivity( 1173): 1333728637308: leader upload new photo latency = 130
I/StatusActivity( 1173): 1333728637309: = leader upload start 1333728637178 ~ stop 1333728637308
I/StatusActivity( 1173): 1333728637310: takeNum=8 takeCamGood=8 takeGoodSave=8 takeBad=0 takeTimedout=0 getNum=15 getGood=2 getBad=1 getTimedout=12
I/StatusActivity( 1173): 1333728637310: SUCCESS! Client now knows saving photo on its leader succeeded
I/StatusActivity( 1173): Inside _enableButtons
I/StatusActivity( 1173): areButtonsEnabled --> true
W/InputManagerService(  149): Window already focused, ignoring focus gain of: com.android.internal.view.IInputMethodClient$Stub$Proxy@415c4480
I/StatusActivity( 1173): 1333728638023: .......... GPS onLocationChanged ...... 
I/VCoreDaemon( 1173): 1333728638024: Loc = Location[mProvider=gps,mTime=1333815039000,mLatitude=42.36409777098326,mLongitude=-71.10134816718333,mHasAltitude=true,mAltitude=-22.0,mHasSpeed=true,mSpeed=0.0,mHasBearing=true,mBearing=341.2166,mHasAccuracy=true,mAccuracy=10.0,mExtras=Bundle[mParcelledData.dataSize=4]] Previous Region = (2,0)
I/VCoreDaemon( 1173): 1333728638025: GPS x/long:-71.10134816718333, GPS y/lat: 42.36409777098326. Region width in x: 51.96152422706632
I/VCoreDaemon( 1173): 1333728638025: location PINPOINTS to region = 2.0, previous 2
I/VCoreDaemon( 1173): 1333728638025: stay at region 2
D/dalvikvm( 1268): GC_CONCURRENT freed 336K, 7% free 10047K/10695K, paused 2ms+6ms
D/AudioHardware(   81): AudioHardware pcm playback is going to standby.
D/AudioHardware(   81): closePcmOut_l() mPcmOpenCnt: 1
I/StatusActivity( 1173): 1333728639041: .......... GPS onLocationChanged ...... 
I/VCoreDaemon( 1173): 1333728639043: Loc = Location[mProvider=gps,mTime=1333815040000,mLatitude=42.364094390923,mLongitude=-71.10137410641954,mHasAltitude=true,mAltitude=-22.0,mHasSpeed=true,mSpeed=0.31437588,mHasBearing=true,mBearing=277.51044,mHasAccuracy=true,mAccuracy=10.0,mExtras=Bundle[mParcelledData.dataSize=4]] Previous Region = (2,0)
I/VCoreDaemon( 1173): 1333728639044: GPS x/long:-71.10137410641954, GPS y/lat: 42.364094390923. Region width in x: 51.96152422706632
I/VCoreDaemon( 1173): 1333728639045: location PINPOINTS to region = 2.0, previous 2
I/VCoreDaemon( 1173): 1333728639045: stay at region 2
I/System.out( 1268): [INFO:131035]: c: Running delayed flush
I/System.out( 1268): [INFO:131045]: c: Running flush
I/StatusActivity( 1173): 1333728641017: .......... GPS onLocationChanged ...... 
I/VCoreDaemon( 1173): 1333728641018: Loc = Location[mProvider=gps,mTime=1333815042000,mLatitude=42.364082984705476,mLongitude=-71.10138477235463,mHasAltitude=true,mAltitude=-23.0,mHasSpeed=true,mSpeed=0.3459962,mHasBearing=true,mBearing=229.7226,mHasAccuracy=true,mAccuracy=10.0,mExtras=Bundle[mParcelledData.dataSize=4]] Previous Region = (2,0)
I/VCoreDaemon( 1173): 1333728641019: GPS x/long:-71.10138477235463, GPS y/lat: 42.364082984705476. Region width in x: 51.96152422706632
I/VCoreDaemon( 1173): 1333728641019: location PINPOINTS to region = 2.0, previous 2
I/VCoreDaemon( 1173): 1333728641019: stay at region 2
I/System.out( 1268): [INFO:133306]: c: Response [http=200,length=20]
I/System.out( 1268): [INFO:133307]: c: Read id 1, status code 200
W/NetworkStats(  149): dropping UID delta from unknown iface: iface=wlan0 uid=10067 set=FOREGROUND tag=0x0 rxBytes=6258 rxPackets=2 txBytes=6258 txPackets=2 operations=0
I/StatusActivity( 1173): 1333728664023: .......... GPS onLocationChanged ...... 
I/VCoreDaemon( 1173): 1333728664024: Loc = Location[mProvider=gps,mTime=1333815065000,mLatitude=42.364089382054544,mLongitude=-71.10137382083518,mHasAltitude=true,mAltitude=-18.0,mHasSpeed=true,mSpeed=0.04804918,mHasBearing=true,mBearing=55.035316,mHasAccuracy=true,mAccuracy=10.0,mExtras=Bundle[mParcelledData.dataSize=4]] Previous Region = (2,0)
I/VCoreDaemon( 1173): 1333728664025: GPS x/long:-71.10137382083518, GPS y/lat: 42.364089382054544. Region width in x: 51.96152422706632
I/VCoreDaemon( 1173): 1333728664025: location PINPOINTS to region = 2.0, previous 2
I/VCoreDaemon( 1173): 1333728664026: stay at region 2
D/dalvikvm(  149): GC_CONCURRENT freed 816K, 13% free 12809K/14599K, paused 3ms+6ms
I/StatusActivity( 1173): 1333728674099: .......... GPS onLocationChanged ...... 
I/VCoreDaemon( 1173): 1333728674100: Loc = Location[mProvider=gps,mTime=1333815075000,mLatitude=42.364098516020505,mLongitude=-71.1013808939264,mHasAltitude=true,mAltitude=-18.0,mHasSpeed=true,mSpeed=0.047137134,mHasBearing=true,mBearing=305.95972,mHasAccuracy=true,mAccuracy=10.0,mExtras=Bundle[mParcelledData.dataSize=4]] Previous Region = (2,0)
I/VCoreDaemon( 1173): 1333728674100: GPS x/long:-71.1013808939264, GPS y/lat: 42.364098516020505. Region width in x: 51.96152422706632
I/VCoreDaemon( 1173): 1333728674100: location PINPOINTS to region = 2.0, previous 2
I/VCoreDaemon( 1173): 1333728674100: stay at region 2
I/StatusActivity( 1173): 1333728689865: canPressButton = TRUE
I/StatusActivity( 1173): 1333728689870: areButtonsEnabled --> false
I/StatusActivity( 1173): 1333728689871: disabling buttons ...
I/StatusActivity( 1173): 1333728689871: took picture disableButtonsR
I/StatusActivity( 1173): 1333728689872: areButtonsEnabled --> false
D/AudioHardware(   81): AudioHardware pcm playback is exiting standby.
D/AudioHardware(   81): openPcmOut_l() mPcmOpenCnt: 0
I/StatusActivity( 1173): 1333728689988: takeNum=9 takeCamGood=8 takeGoodSave=8 takeBad=0 takeTimedout=0 getNum=15 getGood=2 getBad=1 getTimedout=12
I/StatusActivity( 1173): 1333728689988: ** Clicked take picture button **
I/CameraSurfaceView( 1173): inside getCamera()
I/CameraHardwareSec(   81): int android::CameraHardwareSec::previewThreadWrapper(): calling mSecCamera->stopPreview() and waiting
I/SecCamera(   81): int android::fimc_v4l2_querybuf(int, android::fimc_buffer*, v4l2_buf_type) :
I/SecCamera(   81): int android::fimc_v4l2_querybuf(int, android::fimc_buffer*, v4l2_buf_type): buffer->start = 0x43dd9000 v4l2_buf.length = 4261248
I/CameraHardwareSec(   81): == Camera Sensor Detect S5K4ECGX - Samsung LSI SOC 5M ==
D/JpegEncoder(   81): encode E
D/JpegEncoder(   81): encode X
D/SecCamera(   81): Shutter speed=1875 us, iso=50
D/SecCamera(   81): AV=3, TV=9, SV=4
D/JpegEncoder(   81): makeExif E
D/JpegEncoder(   81): makeExif X
I/SecCamera(   81): int android::SecCamera::endSnapshot() :
I/SecCamera(   81): munmap():virt. addr 0x43dd9000 size = 4261248
D/dalvikvm( 1173): GC_FOR_ALLOC freed 432K, 31% free 11028K/15879K, paused 20ms
I/dalvikvm-heap( 1173): Grow heap (frag case) to 12.694MB for 1941565-byte allocation
D/dalvikvm( 1173): GC_CONCURRENT freed 11K, 19% free 12912K/15879K, paused 2ms+2ms
I/StatusActivity( 1173): 1333728690752: inside HandlePictureStorage onPictureTaken()
I/StatusActivity( 1173): 1333728690753: takeNum=9 takeCamGood=9 takeGoodSave=8 takeBad=0 takeTimedout=0 getNum=15 getGood=2 getBad=1 getTimedout=12
D/CameraHardwareSec(   81): mPreviewHeap(fd(31), size(518400), width(720), height(480))
I/CameraHardwareSec(   81): int android::CameraHardwareSec::previewThreadWrapper(): return from wait
I/StatusActivity( 1173): 1333728691217: Picture successfully taken, ORIG BYTE LENGTH = 1941549
D/dalvikvm( 1173): GC_EXPLICIT freed 2K, 19% free 12913K/15879K, paused 17ms+3ms
I/StatusActivity( 1173): 1333728691511: Our new height x width: 240 x 320
I/StatusActivity( 1173): 1333728691511: Show photo from handle my camera take
I/StatusActivity( 1173): 1333728691512: client making photo packet to send to leader for it to save
I/StatusActivity( 1173): 1333728691524: BYTE SIZE AFTER COMPRESSION: 4308
I/StatusActivity( 1173): 1333728691525: about to send my pic
I/StatusActivity( 1173): 1333728691526: I'm a leader, upload/save new photo packet going to mux directly
I/Mux     ( 1173): 1333728691526: Inside mux Packet.CLIENT_REQUEST
I/Mux     ( 1173): 1333728691526: I'm the leader of requesting client, about to process Packet.CLIENT_REQUEST in userApp
I/UserApp ( 1173): 1333728691526: UserApp handling MY region's client request, will send atom packet to REMOTE region's handleDSMRequest
I/UserApp ( 1173): 1333728691526: request is CLIENT_NEW_PHOTO, so send atom packet to myself (remote region = me)
I/VCoreDaemon( 1173): 1333728691527: Sending PROC_REQUEST 10:13 (2,0)->(2,0)
I/VCoreDaemon( 1173): 1333728691527: Dispatching Atom PROC_REQUEST 10:13 (2,0)->(2,0)
I/Mux     ( 1173): 1333728691527: I got a CSM packet at a leader 
I/NetworkThread( 1173): 1333728691529: Sending UDP payload: 5279
I/VCoreDaemon( 1173): 1333728691531: removed replies before id 13 from sentReplies of size 0
I/UserApp ( 1173): 1333728691544: Inside UPLOAD_PHOTO!!
I/StatusActivity( 1173): 1333728691545: end of client send picture method
I/UserApp ( 1173): 1333728691549: my_gpinfo.isSuccess is now (should be true): true
I/UserApp ( 1173): 1333728691549: Region leader successfully uploaded a new photo taken by a client in region. Region leader now display the new photo on its screen (through StatusActivity)
I/VCoreDaemon( 1173): 1333728691551: Received PROC_REQUEST 10:13 (2,0)->(2,0), replying PROC_REPLY 10:13 (2,0)->(2,0)
I/VCoreDaemon( 1173): 1333728691551: Dispatching Atom PROC_REPLY 10:13 (2,0)->(2,0)
I/Mux     ( 1173): 1333728691551: I got a CSM packet at a leader 
I/NetworkThread( 1173): 1333728691556: Sending UDP payload: 949
I/VCoreDaemon( 1173): 1333728691558: Received PROC_REPLY 10:13 (2,0)->(2,0), handing to UserApp
I/UserApp ( 1173): 1333728691558: Now back in orginitator region's leader, precssing handleDSMReply
I/UserApp ( 1173): 1333728691558: Going to and from remote region took latency = 32
I/UserApp ( 1173): 1333728691559: = orig leader sent packet at 1333728691526 ~ received reply at 1333728691558
I/UserApp ( 1173): 1333728691562: Originator Region=2 Leader (for Client=5109) processes remote region's dsm atom reply and will send Packet reply to Originator Client
I/UserApp ( 1173): 1333728691562: reply packet contains the ACK for UPLOAD_PHOTO
I/UserApp ( 1173): 1333728691562: I (the leader) was also the originator client (id = 5109) so I hand the packet to my mux directly, without UDP
I/StatusActivity( 1173): 1333728691610: inside Packet.SERVER_SHOW_NEWPHOTO. I'm a leader showing my nonleader/myself client's new photo
I/StatusActivity( 1173): 1333728691612: I'm a leader and I SUCCEEDED in saving my client's new photo
I/StatusActivity( 1173): 1333728691612: now showing in UI the new photo I just saved ... 
I/StatusActivity( 1173): 1333728691612: the photo length: 4308
D/dalvikvm( 1173): GC_EXPLICIT freed 2332K, 31% free 11035K/15879K, paused 2ms+2ms
I/StatusActivity( 1173): 1333728691661: inside Packet.CLIENT_UPLOAD_PHOTO_ACK
I/StatusActivity( 1173): 1333728691662: leader upload new photo latency = 135
I/StatusActivity( 1173): 1333728691662: = leader upload start 1333728691526 ~ stop 1333728691661
I/StatusActivity( 1173): 1333728691663: takeNum=9 takeCamGood=9 takeGoodSave=9 takeBad=0 takeTimedout=0 getNum=15 getGood=2 getBad=1 getTimedout=12
I/StatusActivity( 1173): 1333728691664: SUCCESS! Client now knows saving photo on its leader succeeded
I/StatusActivity( 1173): Inside _enableButtons
I/StatusActivity( 1173): areButtonsEnabled --> true
W/InputManagerService(  149): Window already focused, ignoring focus gain of: com.android.internal.view.IInputMethodClient$Stub$Proxy@4170dbe0
D/AudioHardware(   81): AudioHardware pcm playback is going to standby.
D/AudioHardware(   81): closePcmOut_l() mPcmOpenCnt: 1
D/dalvikvm(  314): GC_CONCURRENT freed 421K, 6% free 9501K/10055K, paused 2ms+2ms
I/NetworkThread( 1173): 1333728698933: Received UDP payload: 949
I/Mux     ( 1173): 1333728698944: GOT CSM_Msg
I/VCoreDaemon( 1173): 1333728698944: nonce 195 heard from src region (1,0)
I/VCoreDaemon( 1173): 1333728698945: Forwarding Atom because it's closer.
I/Mux     ( 1173): 1333728698945: I got a CSM packet at a leader 
I/NetworkThread( 1173): 1333728698951: Sending UDP payload: 949
I/VCoreDaemon( 1173): 1333728698952: nonce 195 heard from src region (1,0)
I/VCoreDaemon( 1173): 1333728698952: Received Atom already forwarded, ignoring...
I/VNC:Cloud( 1173): makeRequest Execute HTTP latency: 80695ms
I/VNC:Cloud( 1173): makeRequest() Cloud response length: 93
I/VNC:Cloud( 1173): Request executed: http://hermes5.csail.mit.edu:8212/take/2/0/5109/1333728618637/
I/VCoreDaemon( 1173): 1333728699415: inside sendPacket(Packet p)
I/NetworkThread( 1173): 1333728699427: Sending UDP payload: 406
W/NetworkStats(  149): dropping UID delta from unknown iface: iface=wlan0 uid=10067 set=FOREGROUND tag=0x0 rxBytes=8672 rxPackets=5 txBytes=7695 txPackets=4 operations=0
I/NetworkThread( 1173): 1333728702263: Received UDP payload: 406
W/NetworkStats(  149): dropping UID delta from unknown iface: iface=wlan0 uid=10067 set=FOREGROUND tag=0x0 rxBytes=434 rxPackets=1 txBytes=0 txPackets=0 operations=0
I/VCoreDaemon( 1173): 1333728704431: inside sendPacket(Packet p)
I/NetworkThread( 1173): 1333728704439: Sending UDP payload: 406
I/NetworkThread( 1173): 1333728707268: Received UDP payload: 406
I/VCoreDaemon( 1173): 1333728709433: inside sendPacket(Packet p)
I/NetworkThread( 1173): 1333728709442: Sending UDP payload: 406
D/dalvikvm( 1268): GC_CONCURRENT freed 394K, 7% free 10037K/10695K, paused 2ms+3ms
I/NetworkThread( 1173): 1333728712287: Received UDP payload: 406
I/StatusActivity( 1173): 1333728713004: .......... GPS onLocationChanged ...... 
I/VCoreDaemon( 1173): 1333728713006: Loc = Location[mProvider=gps,mTime=1333815114000,mLatitude=42.36411072076603,mLongitude=-71.10137852563767,mHasAltitude=true,mAltitude=-23.0,mHasSpeed=true,mSpeed=0.052907825,mHasBearing=true,mBearing=346.21875,mHasAccuracy=true,mAccuracy=10.0,mExtras=Bundle[mParcelledData.dataSize=4]] Previous Region = (2,0)
I/VCoreDaemon( 1173): 1333728713006: GPS x/long:-71.10137852563767, GPS y/lat: 42.36411072076603. Region width in x: 51.96152422706632
I/VCoreDaemon( 1173): 1333728713006: location PINPOINTS to region = 2.0, previous 2
I/VCoreDaemon( 1173): 1333728713006: stay at region 2
I/VCoreDaemon( 1173): 1333728714434: inside sendPacket(Packet p)
I/NetworkThread( 1173): 1333728714444: Sending UDP payload: 406
I/NetworkThread( 1173): 1333728717284: Received UDP payload: 406
D/dalvikvm( 1173): GC_CONCURRENT freed 558K, 31% free 11031K/15879K, paused 7ms+12ms
D/dalvikvm(  149): GC_CONCURRENT freed 826K, 13% free 12814K/14599K, paused 4ms+6ms
I/StatusActivity( 1173): 1333728718439: canPressButton = TRUE
I/StatusActivity( 1173): 1333728718444: areButtonsEnabled --> false
I/StatusActivity( 1173): 1333728718445: disabling buttons ...
I/StatusActivity( 1173): 1333728718446: took picture disableButtonsR
I/StatusActivity( 1173): 1333728718446: areButtonsEnabled --> false
D/AudioHardware(   81): AudioHardware pcm playback is exiting standby.
D/AudioHardware(   81): openPcmOut_l() mPcmOpenCnt: 0
I/StatusActivity( 1173): 1333728718500: takeNum=10 takeCamGood=9 takeGoodSave=9 takeBad=0 takeTimedout=0 getNum=15 getGood=2 getBad=1 getTimedout=12
I/StatusActivity( 1173): 1333728718500: ** Clicked take picture button **
I/CameraSurfaceView( 1173): inside getCamera()
I/CameraHardwareSec(   81): int android::CameraHardwareSec::previewThreadWrapper(): calling mSecCamera->stopPreview() and waiting
I/SecCamera(   81): int android::fimc_v4l2_querybuf(int, android::fimc_buffer*, v4l2_buf_type) :
I/SecCamera(   81): int android::fimc_v4l2_querybuf(int, android::fimc_buffer*, v4l2_buf_type): buffer->start = 0x43e99000 v4l2_buf.length = 4261248
I/CameraHardwareSec(   81): == Camera Sensor Detect S5K4ECGX - Samsung LSI SOC 5M ==
D/JpegEncoder(   81): encode E
D/JpegEncoder(   81): encode X
D/SecCamera(   81): Shutter speed=3002 us, iso=50
D/SecCamera(   81): AV=3, TV=8, SV=4
D/JpegEncoder(   81): makeExif E
D/JpegEncoder(   81): makeExif X
I/SecCamera(   81): int android::SecCamera::endSnapshot() :
I/SecCamera(   81): munmap():virt. addr 0x43e99000 size = 4261248
D/dalvikvm( 1173): GC_FOR_ALLOC freed 92K, 31% free 11001K/15879K, paused 21ms
I/dalvikvm-heap( 1173): Grow heap (frag case) to 12.750MB for 2027381-byte allocation
D/dalvikvm( 1173): GC_FOR_ALLOC freed 4K, 19% free 12977K/15879K, paused 18ms
I/StatusActivity( 1173): 1333728719305: inside HandlePictureStorage onPictureTaken()
I/StatusActivity( 1173): 1333728719306: takeNum=10 takeCamGood=10 takeGoodSave=9 takeBad=0 takeTimedout=0 getNum=15 getGood=2 getBad=1 getTimedout=12
D/dalvikvm( 1173): GC_CONCURRENT freed 2K, 19% free 12977K/15879K, paused 1ms+3ms
I/VCoreDaemon( 1173): 1333728719434: inside sendPacket(Packet p)
I/NetworkThread( 1173): 1333728719435: Sending UDP payload: 406
D/CameraHardwareSec(   81): mPreviewHeap(fd(31), size(518400), width(720), height(480))
I/CameraHardwareSec(   81): int android::CameraHardwareSec::previewThreadWrapper(): return from wait
I/StatusActivity( 1173): 1333728719702: Picture successfully taken, ORIG BYTE LENGTH = 2027365
D/dalvikvm( 1173): GC_EXPLICIT freed 7K, 19% free 12978K/15879K, paused 17ms+3ms
I/StatusActivity( 1173): 1333728720089: Our new height x width: 240 x 320
I/StatusActivity( 1173): 1333728720089: Show photo from handle my camera take
I/StatusActivity( 1173): 1333728720090: client making photo packet to send to leader for it to save
I/StatusActivity( 1173): 1333728720112: BYTE SIZE AFTER COMPRESSION: 4344
I/StatusActivity( 1173): 1333728720113: about to send my pic
I/StatusActivity( 1173): 1333728720113: I'm a leader, upload/save new photo packet going to mux directly
I/Mux     ( 1173): 1333728720114: Inside mux Packet.CLIENT_REQUEST
I/Mux     ( 1173): 1333728720114: I'm the leader of requesting client, about to process Packet.CLIENT_REQUEST in userApp
I/UserApp ( 1173): 1333728720114: UserApp handling MY region's client request, will send atom packet to REMOTE region's handleDSMRequest
I/UserApp ( 1173): 1333728720114: request is CLIENT_NEW_PHOTO, so send atom packet to myself (remote region = me)
I/VCoreDaemon( 1173): 1333728720115: Sending PROC_REQUEST 10:14 (2,0)->(2,0)
I/VCoreDaemon( 1173): 1333728720115: Dispatching Atom PROC_REQUEST 10:14 (2,0)->(2,0)
I/Mux     ( 1173): 1333728720124: I got a CSM packet at a leader 
I/NetworkThread( 1173): 1333728720126: Sending UDP payload: 5315
I/VCoreDaemon( 1173): 1333728720128: removed replies before id 14 from sentReplies of size 0
I/StatusActivity( 1173): 1333728720130: end of client send picture method
I/UserApp ( 1173): 1333728720131: Inside UPLOAD_PHOTO!!
I/UserApp ( 1173): 1333728720135: my_gpinfo.isSuccess is now (should be true): true
I/UserApp ( 1173): 1333728720135: Region leader successfully uploaded a new photo taken by a client in region. Region leader now display the new photo on its screen (through StatusActivity)
I/VCoreDaemon( 1173): 1333728720136: Received PROC_REQUEST 10:14 (2,0)->(2,0), replying PROC_REPLY 10:14 (2,0)->(2,0)
I/VCoreDaemon( 1173): 1333728720137: Dispatching Atom PROC_REPLY 10:14 (2,0)->(2,0)
I/Mux     ( 1173): 1333728720137: I got a CSM packet at a leader 
I/NetworkThread( 1173): 1333728720138: Sending UDP payload: 949
I/VCoreDaemon( 1173): 1333728720143: Received PROC_REPLY 10:14 (2,0)->(2,0), handing to UserApp
I/UserApp ( 1173): 1333728720143: Now back in orginitator region's leader, precssing handleDSMReply
I/UserApp ( 1173): 1333728720143: Going to and from remote region took latency = 29
I/UserApp ( 1173): 1333728720144: = orig leader sent packet at 1333728720114 ~ received reply at 1333728720143
I/UserApp ( 1173): 1333728720144: Originator Region=2 Leader (for Client=5109) processes remote region's dsm atom reply and will send Packet reply to Originator Client
I/UserApp ( 1173): 1333728720145: reply packet contains the ACK for UPLOAD_PHOTO
I/UserApp ( 1173): 1333728720145: I (the leader) was also the originator client (id = 5109) so I hand the packet to my mux directly, without UDP
I/StatusActivity( 1173): 1333728720180: inside Packet.SERVER_SHOW_NEWPHOTO. I'm a leader showing my nonleader/myself client's new photo
I/StatusActivity( 1173): 1333728720182: I'm a leader and I SUCCEEDED in saving my client's new photo
I/StatusActivity( 1173): 1333728720193: now showing in UI the new photo I just saved ... 
I/StatusActivity( 1173): 1333728720193: the photo length: 4344
D/dalvikvm( 1173): GC_EXPLICIT freed 2419K, 31% free 11016K/15879K, paused 1ms+2ms
I/StatusActivity( 1173): 1333728720242: inside Packet.CLIENT_UPLOAD_PHOTO_ACK
I/StatusActivity( 1173): 1333728720243: leader upload new photo latency = 128
I/StatusActivity( 1173): 1333728720243: = leader upload start 1333728720114 ~ stop 1333728720242
I/StatusActivity( 1173): 1333728720244: takeNum=10 takeCamGood=10 takeGoodSave=10 takeBad=0 takeTimedout=0 getNum=15 getGood=2 getBad=1 getTimedout=12
I/StatusActivity( 1173): 1333728720245: SUCCESS! Client now knows saving photo on its leader succeeded
I/StatusActivity( 1173): Inside _enableButtons
I/StatusActivity( 1173): areButtonsEnabled --> true
W/InputManagerService(  149): Window already focused, ignoring focus gain of: com.android.internal.view.IInputMethodClient$Stub$Proxy@415d8ee8
D/AudioHardware(   81): AudioHardware pcm playback is going to standby.
D/AudioHardware(   81): closePcmOut_l() mPcmOpenCnt: 1
I/VCoreDaemon( 1173): 1333728724434: inside sendPacket(Packet p)
I/NetworkThread( 1173): 1333728724443: Sending UDP payload: 406
I/VCoreDaemon( 1173): 1333728729415: leader to cloud hearbeat...
I/VNC:Cloud( 1173): Executing makeRequest: http://hermes5.csail.mit.edu:8212/take/2/0/5109/1333728729417/
W/NetworkStats(  149): dropping UID delta from unknown iface: iface=wlan0 uid=10067 set=FOREGROUND tag=0x0 rxBytes=9792 rxPackets=10 txBytes=8490 txPackets=7 operations=0
I/VNC:Cloud( 1173): makeRequest Execute HTTP latency: 3779ms
I/VNC:Cloud( 1173): makeRequest() Cloud response length: 93
I/VNC:Cloud( 1173): Request executed: http://hermes5.csail.mit.edu:8212/take/2/0/5109/1333728729417/
I/VCoreDaemon( 1173): 1333728733238: inside sendPacket(Packet p)
I/NetworkThread( 1173): 1333728733254: Sending UDP payload: 406
I/NetworkThread( 1173): 1333728735273: Received UDP payload: 406
D/dalvikvm(  219): GC_CONCURRENT freed 414K, 6% free 10083K/10631K, paused 1ms+2ms
I/VCoreDaemon( 1173): 1333728738255: inside sendPacket(Packet p)
I/NetworkThread( 1173): 1333728738264: Sending UDP payload: 406
W/NetworkStats(  149): dropping UID delta from unknown iface: iface=wlan0 uid=10067 set=FOREGROUND tag=0x0 rxBytes=1302 rxPackets=3 txBytes=868 txPackets=2 operations=0
I/NetworkThread( 1173): 1333728740288: Received UDP payload: 406
I/StatusActivity( 1173): 1333728740873: canPressButton = TRUE
I/StatusActivity( 1173): 1333728740873: areButtonsEnabled --> false 
I/StatusActivity( 1173): 1333728740874: get picture disableButtonsR
I/StatusActivity( 1173): 1333728740874: areButtonsEnabled --> false
D/AudioHardware(   81): AudioHardware pcm playback is exiting standby.
D/AudioHardware(   81): openPcmOut_l() mPcmOpenCnt: 0
I/StatusActivity( 1173): 1333728741052: takeNum=10 takeCamGood=10 takeGoodSave=10 takeBad=0 takeTimedout=0 getNum=16 getGood=2 getBad=1 getTimedout=12
I/StatusActivity( 1173): 1333728741052: ** Clicked getphotos Button from region 5 **
I/StatusActivity( 1173): 1333728741053: I'm the Client, and I'm in region: 2 nodID = 5109
I/StatusActivity( 1173): 1333728741053: I'm a leader, my requesting photos packet going to mux directly
I/Mux     ( 1173): 1333728741054: Inside mux Packet.CLIENT_REQUEST
I/Mux     ( 1173): 1333728741054: I'm the leader of requesting client, about to process Packet.CLIENT_REQUEST in userApp
I/UserApp ( 1173): 1333728741054: UserApp handling MY region's client request, will send atom packet to REMOTE region's handleDSMRequest
I/UserApp ( 1173): 1333728741054: request is CLIENT_DOWNLOAD_PHOTO, figure out where (remote region) to forward packet
I/UserApp ( 1173): 1333728741055: Sending to region: 5
I/VCoreDaemon( 1173): 1333728741055: Sending PROC_REQUEST 11:3 (2,0)->(5,0)
I/VCoreDaemon( 1173): 1333728741056: Dispatching Atom PROC_REQUEST 11:3 (2,0)->(5,0)
I/StatusActivity( 1173): 1333728741057: StatusActivity sent request to get photos for region 5
I/Mux     ( 1173): 1333728741056: I got a CSM packet at a leader 
I/NetworkThread( 1173): 1333728741061: Sending UDP payload: 949
I/VCoreDaemon( 1173): 1333728741062: nonce 268 heard from src region (2,0)
D/dalvikvm( 1173): GC_CONCURRENT freed 504K, 31% free 11102K/15879K, paused 2ms+2ms
I/VCoreDaemon( 1173): 1333728741827: Retrying PROC_REQUEST 11:3 (2,0)->(5,0)
I/VCoreDaemon( 1173): 1333728741828: Dispatching Atom PROC_REQUEST 11:3 (2,0)->(5,0)
I/Mux     ( 1173): 1333728741828: I got a CSM packet at a leader 
I/NetworkThread( 1173): 1333728741830: Sending UDP payload: 949
I/VCoreDaemon( 1173): 1333728741832: nonce 269 heard from src region (2,0)
I/VCoreDaemon( 1173): 1333728741929: Retrying PROC_REQUEST 11:3 (2,0)->(5,0)
I/VCoreDaemon( 1173): 1333728741929: Dispatching Atom PROC_REQUEST 11:3 (2,0)->(5,0)
I/Mux     ( 1173): 1333728741930: I got a CSM packet at a leader 
I/NetworkThread( 1173): 1333728741931: Sending UDP payload: 949
I/VCoreDaemon( 1173): 1333728741933: nonce 270 heard from src region (2,0)
I/VCoreDaemon( 1173): 1333728742030: Retrying PROC_REQUEST 11:3 (2,0)->(5,0)
I/VCoreDaemon( 1173): 1333728742031: Dispatching Atom PROC_REQUEST 11:3 (2,0)->(5,0)
I/Mux     ( 1173): 1333728742031: I got a CSM packet at a leader 
I/NetworkThread( 1173): 1333728742033: Sending UDP payload: 949
I/VCoreDaemon( 1173): 1333728742041: nonce 271 heard from src region (2,0)
I/VCoreDaemon( 1173): 1333728742132: Retrying PROC_REQUEST 11:3 (2,0)->(5,0)
I/VCoreDaemon( 1173): 1333728742132: Dispatching Atom PROC_REQUEST 11:3 (2,0)->(5,0)
I/Mux     ( 1173): 1333728742133: I got a CSM packet at a leader 
I/NetworkThread( 1173): 1333728742134: Sending UDP payload: 949
I/VCoreDaemon( 1173): 1333728742136: nonce 272 heard from src region (2,0)
I/VCoreDaemon( 1173): 1333728742233: Retrying PROC_REQUEST 11:3 (2,0)->(5,0)
I/VCoreDaemon( 1173): 1333728742234: Dispatching Atom PROC_REQUEST 11:3 (2,0)->(5,0)
I/Mux     ( 1173): 1333728742234: I got a CSM packet at a leader 
I/NetworkThread( 1173): 1333728742236: Sending UDP payload: 949
I/VCoreDaemon( 1173): 1333728742245: nonce 273 heard from src region (2,0)
I/VCoreDaemon( 1173): 1333728742335: Retrying PROC_REQUEST 11:3 (2,0)->(5,0)
I/VCoreDaemon( 1173): 1333728742335: Dispatching Atom PROC_REQUEST 11:3 (2,0)->(5,0)
I/Mux     ( 1173): 1333728742336: I got a CSM packet at a leader 
I/NetworkThread( 1173): 1333728742337: Sending UDP payload: 949
I/VCoreDaemon( 1173): 1333728742342: nonce 274 heard from src region (2,0)
I/VCoreDaemon( 1173): 1333728742437: Retrying PROC_REQUEST 11:3 (2,0)->(5,0)
I/VCoreDaemon( 1173): 1333728742438: Dispatching Atom PROC_REQUEST 11:3 (2,0)->(5,0)
I/Mux     ( 1173): 1333728742439: I got a CSM packet at a leader 
I/NetworkThread( 1173): 1333728742441: Sending UDP payload: 949
I/VCoreDaemon( 1173): 1333728742459: nonce 275 heard from src region (2,0)
I/VCoreDaemon( 1173): 1333728742541: Retrying PROC_REQUEST 11:3 (2,0)->(5,0)
I/VCoreDaemon( 1173): 1333728742542: Dispatching Atom PROC_REQUEST 11:3 (2,0)->(5,0)
I/Mux     ( 1173): 1333728742542: I got a CSM packet at a leader 
I/NetworkThread( 1173): 1333728742543: Sending UDP payload: 949
I/VCoreDaemon( 1173): 1333728742545: nonce 276 heard from src region (2,0)
I/VCoreDaemon( 1173): 1333728742643: Retrying PROC_REQUEST 11:3 (2,0)->(5,0)
I/VCoreDaemon( 1173): 1333728742643: Dispatching Atom PROC_REQUEST 11:3 (2,0)->(5,0)
I/Mux     ( 1173): 1333728742643: I got a CSM packet at a leader 
I/NetworkThread( 1173): 1333728742645: Sending UDP payload: 949
I/VCoreDaemon( 1173): 1333728742646: nonce 277 heard from src region (2,0)
I/VCoreDaemon( 1173): 1333728742745: Retrying PROC_REQUEST 11:3 (2,0)->(5,0)
I/VCoreDaemon( 1173): 1333728742746: Dispatching Atom PROC_REQUEST 11:3 (2,0)->(5,0)
I/Mux     ( 1173): 1333728742746: I got a CSM packet at a leader 
I/NetworkThread( 1173): 1333728742749: Sending UDP payload: 949
I/VCoreDaemon( 1173): 1333728742758: nonce 278 heard from src region (2,0)
I/VCoreDaemon( 1173): 1333728742847: Retrying PROC_REQUEST 11:3 (2,0)->(5,0)
I/VCoreDaemon( 1173): 1333728742848: Dispatching Atom PROC_REQUEST 11:3 (2,0)->(5,0)
I/Mux     ( 1173): 1333728742848: I got a CSM packet at a leader 
I/NetworkThread( 1173): 1333728742850: Sending UDP payload: 949
I/VCoreDaemon( 1173): 1333728742851: nonce 279 heard from src region (2,0)
I/VCoreDaemon( 1173): 1333728742949: Retrying PROC_REQUEST 11:3 (2,0)->(5,0)
I/VCoreDaemon( 1173): 1333728742949: Dispatching Atom PROC_REQUEST 11:3 (2,0)->(5,0)
I/Mux     ( 1173): 1333728742950: I got a CSM packet at a leader 
I/NetworkThread( 1173): 1333728742952: Sending UDP payload: 949
I/VCoreDaemon( 1173): 1333728742953: nonce 280 heard from src region (2,0)
I/VCoreDaemon( 1173): 1333728743051: Retrying PROC_REQUEST 11:3 (2,0)->(5,0)
I/VCoreDaemon( 1173): 1333728743051: Dispatching Atom PROC_REQUEST 11:3 (2,0)->(5,0)
I/Mux     ( 1173): 1333728743052: I got a CSM packet at a leader 
I/NetworkThread( 1173): 1333728743057: Sending UDP payload: 949
I/VCoreDaemon( 1173): 1333728743059: nonce 281 heard from src region (2,0)
I/VCoreDaemon( 1173): 1333728743152: Retrying PROC_REQUEST 11:3 (2,0)->(5,0)
I/VCoreDaemon( 1173): 1333728743153: Dispatching Atom PROC_REQUEST 11:3 (2,0)->(5,0)
I/Mux     ( 1173): 1333728743153: I got a CSM packet at a leader 
I/NetworkThread( 1173): 1333728743154: Sending UDP payload: 949
I/VCoreDaemon( 1173): 1333728743156: nonce 282 heard from src region (2,0)
I/VCoreDaemon( 1173): 1333728743254: Request timed out, send failure PROC_REPLY 11:3 (5,0)->(2,0)
I/VCoreDaemon( 1173): 1333728743256: Dispatching Atom PROC_REPLY 11:3 (5,0)->(2,0)
I/Mux     ( 1173): 1333728743257: I got a CSM packet at a leader 
I/NetworkThread( 1173): 1333728743259: Sending UDP payload: 770
I/VCoreDaemon( 1173): 1333728743260: inside sendPacket(Packet p)
I/VCoreDaemon( 1173): 1333728743262: Received PROC_REPLY 11:3 (5,0)->(2,0), handing to UserApp
I/NetworkThread( 1173): 1333728743268: Sending UDP payload: 406
I/NetworkThread( 1173): 1333728743340: Received UDP payload: 770
I/Mux     ( 1173): 1333728743352: GOT CSM_Msg
I/VCoreDaemon( 1173): 1333728743353: Received DUPLICATE PROC_REPLY 11:3 (5,0)->(2,0)
D/AudioHardware(   81): AudioHardware pcm playback is going to standby.
D/AudioHardware(   81): closePcmOut_l() mPcmOpenCnt: 1
I/NetworkThread( 1173): 1333728745294: Received UDP payload: 406
I/StatusActivity( 1173): inside buttonsEnableProgressTimeoutR. Perhaps no one is in that region. Try again later!
I/StatusActivity( 1173): Inside _enableButtons
I/StatusActivity( 1173): areButtonsEnabled --> true
I/StatusActivity( 1173): takeNum=10 takeCamGood=10 takeGoodSave=10 takeBad=0 takeTimedout=0 getNum=16 getGood=2 getBad=1 getTimedout=13
W/InputManagerService(  149): Window already focused, ignoring focus gain of: com.android.internal.view.IInputMethodClient$Stub$Proxy@416c1b10
I/VCoreDaemon( 1173): 1333728748264: inside sendPacket(Packet p)
I/NetworkThread( 1173): 1333728748273: Sending UDP payload: 406
I/NetworkThread( 1173): 1333728750291: Received UDP payload: 406
I/StatusActivity( 1173): 1333728750529: canPressButton = TRUE
I/StatusActivity( 1173): 1333728750535: areButtonsEnabled --> false 
I/StatusActivity( 1173): 1333728750542: get picture disableButtonsR
I/StatusActivity( 1173): 1333728750544: areButtonsEnabled --> false
D/AudioHardware(   81): AudioHardware pcm playback is exiting standby.
D/AudioHardware(   81): openPcmOut_l() mPcmOpenCnt: 0
I/StatusActivity( 1173): 1333728750613: takeNum=10 takeCamGood=10 takeGoodSave=10 takeBad=0 takeTimedout=0 getNum=17 getGood=2 getBad=1 getTimedout=13
I/StatusActivity( 1173): 1333728750614: ** Clicked getphotos Button from region 4 **
I/StatusActivity( 1173): 1333728750615: I'm the Client, and I'm in region: 2 nodID = 5109
I/StatusActivity( 1173): 1333728750615: I'm a leader, my requesting photos packet going to mux directly
I/Mux     ( 1173): 1333728750616: Inside mux Packet.CLIENT_REQUEST
I/Mux     ( 1173): 1333728750616: I'm the leader of requesting client, about to process Packet.CLIENT_REQUEST in userApp
I/UserApp ( 1173): 1333728750616: UserApp handling MY region's client request, will send atom packet to REMOTE region's handleDSMRequest
I/UserApp ( 1173): 1333728750616: request is CLIENT_DOWNLOAD_PHOTO, figure out where (remote region) to forward packet
I/UserApp ( 1173): 1333728750617: Sending to region: 4
I/VCoreDaemon( 1173): 1333728750617: Sending PROC_REQUEST 11:2 (2,0)->(4,0)
I/VCoreDaemon( 1173): 1333728750618: Dispatching Atom PROC_REQUEST 11:2 (2,0)->(4,0)
I/Mux     ( 1173): 1333728750618: I got a CSM packet at a leader 
I/NetworkThread( 1173): 1333728750659: Sending UDP payload: 949
I/VCoreDaemon( 1173): 1333728750660: nonce 284 heard from src region (2,0)
I/StatusActivity( 1173): 1333728750661: StatusActivity sent request to get photos for region 4
I/VCoreDaemon( 1173): 1333728751326: Retrying PROC_REQUEST 11:2 (2,0)->(4,0)
I/VCoreDaemon( 1173): 1333728751327: Dispatching Atom PROC_REQUEST 11:2 (2,0)->(4,0)
I/Mux     ( 1173): 1333728751327: I got a CSM packet at a leader 
I/NetworkThread( 1173): 1333728751329: Sending UDP payload: 949
I/VCoreDaemon( 1173): 1333728751330: nonce 285 heard from src region (2,0)
I/VCoreDaemon( 1173): 1333728751428: Retrying PROC_REQUEST 11:2 (2,0)->(4,0)
I/VCoreDaemon( 1173): 1333728751428: Dispatching Atom PROC_REQUEST 11:2 (2,0)->(4,0)
I/Mux     ( 1173): 1333728751429: I got a CSM packet at a leader 
I/NetworkThread( 1173): 1333728751430: Sending UDP payload: 949
I/VCoreDaemon( 1173): 1333728751431: nonce 286 heard from src region (2,0)
I/VCoreDaemon( 1173): 1333728751529: Retrying PROC_REQUEST 11:2 (2,0)->(4,0)
I/VCoreDaemon( 1173): 1333728751530: Dispatching Atom PROC_REQUEST 11:2 (2,0)->(4,0)
I/Mux     ( 1173): 1333728751530: I got a CSM packet at a leader 
I/NetworkThread( 1173): 1333728751532: Sending UDP payload: 949
I/VCoreDaemon( 1173): 1333728751536: nonce 287 heard from src region (2,0)
I/VCoreDaemon( 1173): 1333728751631: Retrying PROC_REQUEST 11:2 (2,0)->(4,0)
I/VCoreDaemon( 1173): 1333728751631: Dispatching Atom PROC_REQUEST 11:2 (2,0)->(4,0)
I/Mux     ( 1173): 1333728751632: I got a CSM packet at a leader 
I/NetworkThread( 1173): 1333728751633: Sending UDP payload: 949
I/VCoreDaemon( 1173): 1333728751638: nonce 288 heard from src region (2,0)
I/VCoreDaemon( 1173): 1333728751732: Retrying PROC_REQUEST 11:2 (2,0)->(4,0)
I/VCoreDaemon( 1173): 1333728751733: Dispatching Atom PROC_REQUEST 11:2 (2,0)->(4,0)
I/Mux     ( 1173): 1333728751733: I got a CSM packet at a leader 
I/NetworkThread( 1173): 1333728751735: Sending UDP payload: 949
I/VCoreDaemon( 1173): 1333728751736: nonce 289 heard from src region (2,0)
I/VCoreDaemon( 1173): 1333728751834: Retrying PROC_REQUEST 11:2 (2,0)->(4,0)
I/VCoreDaemon( 1173): 1333728751834: Dispatching Atom PROC_REQUEST 11:2 (2,0)->(4,0)
I/Mux     ( 1173): 1333728751835: I got a CSM packet at a leader 
I/NetworkThread( 1173): 1333728751836: Sending UDP payload: 949
I/VCoreDaemon( 1173): 1333728751837: nonce 290 heard from src region (2,0)
I/VCoreDaemon( 1173): 1333728751936: Retrying PROC_REQUEST 11:2 (2,0)->(4,0)
I/VCoreDaemon( 1173): 1333728751936: Dispatching Atom PROC_REQUEST 11:2 (2,0)->(4,0)
I/Mux     ( 1173): 1333728751937: I got a CSM packet at a leader 
I/NetworkThread( 1173): 1333728751938: Sending UDP payload: 949
I/VCoreDaemon( 1173): 1333728751948: nonce 291 heard from src region (2,0)
I/VCoreDaemon( 1173): 1333728752048: Retrying PROC_REQUEST 11:2 (2,0)->(4,0)
I/VCoreDaemon( 1173): 1333728752048: Dispatching Atom PROC_REQUEST 11:2 (2,0)->(4,0)
I/Mux     ( 1173): 1333728752051: I got a CSM packet at a leader 
I/NetworkThread( 1173): 1333728752052: Sending UDP payload: 949
I/VCoreDaemon( 1173): 1333728752058: nonce 292 heard from src region (2,0)
D/dalvikvm( 1173): GC_CONCURRENT freed 615K, 31% free 11080K/15879K, paused 2ms+17ms
I/VCoreDaemon( 1173): 1333728752150: Retrying PROC_REQUEST 11:2 (2,0)->(4,0)
I/VCoreDaemon( 1173): 1333728752153: Dispatching Atom PROC_REQUEST 11:2 (2,0)->(4,0)
I/Mux     ( 1173): 1333728752153: I got a CSM packet at a leader 
I/NetworkThread( 1173): 1333728752154: Sending UDP payload: 949
I/VCoreDaemon( 1173): 1333728752155: nonce 293 heard from src region (2,0)
I/VCoreDaemon( 1173): 1333728752254: Retrying PROC_REQUEST 11:2 (2,0)->(4,0)
I/VCoreDaemon( 1173): 1333728752255: Dispatching Atom PROC_REQUEST 11:2 (2,0)->(4,0)
I/Mux     ( 1173): 1333728752255: I got a CSM packet at a leader 
I/NetworkThread( 1173): 1333728752258: Sending UDP payload: 949
I/VCoreDaemon( 1173): 1333728752260: nonce 294 heard from src region (2,0)
I/VCoreDaemon( 1173): 1333728752360: Retrying PROC_REQUEST 11:2 (2,0)->(4,0)
I/VCoreDaemon( 1173): 1333728752360: Dispatching Atom PROC_REQUEST 11:2 (2,0)->(4,0)
I/Mux     ( 1173): 1333728752361: I got a CSM packet at a leader 
I/NetworkThread( 1173): 1333728752362: Sending UDP payload: 949
I/VCoreDaemon( 1173): 1333728752363: nonce 295 heard from src region (2,0)
I/VCoreDaemon( 1173): 1333728752462: Retrying PROC_REQUEST 11:2 (2,0)->(4,0)
I/VCoreDaemon( 1173): 1333728752462: Dispatching Atom PROC_REQUEST 11:2 (2,0)->(4,0)
I/Mux     ( 1173): 1333728752463: I got a CSM packet at a leader 
I/NetworkThread( 1173): 1333728752464: Sending UDP payload: 949
I/VCoreDaemon( 1173): 1333728752479: nonce 296 heard from src region (2,0)
I/VCoreDaemon( 1173): 1333728752563: Retrying PROC_REQUEST 11:2 (2,0)->(4,0)
I/VCoreDaemon( 1173): 1333728752563: Dispatching Atom PROC_REQUEST 11:2 (2,0)->(4,0)
I/Mux     ( 1173): 1333728752564: I got a CSM packet at a leader 
I/NetworkThread( 1173): 1333728752565: Sending UDP payload: 949
I/VCoreDaemon( 1173): 1333728752579: nonce 297 heard from src region (2,0)
I/VCoreDaemon( 1173): 1333728752664: Retrying PROC_REQUEST 11:2 (2,0)->(4,0)
I/VCoreDaemon( 1173): 1333728752665: Dispatching Atom PROC_REQUEST 11:2 (2,0)->(4,0)
I/Mux     ( 1173): 1333728752665: I got a CSM packet at a leader 
I/NetworkThread( 1173): 1333728752666: Sending UDP payload: 949
I/VCoreDaemon( 1173): 1333728752674: nonce 298 heard from src region (2,0)
I/VCoreDaemon( 1173): 1333728752766: Request timed out, send failure PROC_REPLY 11:2 (4,0)->(2,0)
I/VCoreDaemon( 1173): 1333728752772: Dispatching Atom PROC_REPLY 11:2 (4,0)->(2,0)
I/Mux     ( 1173): 1333728752772: I got a CSM packet at a leader 
I/NetworkThread( 1173): 1333728752773: Sending UDP payload: 770
I/VCoreDaemon( 1173): 1333728752780: Received PROC_REPLY 11:2 (4,0)->(2,0), handing to UserApp
I/NetworkThread( 1173): 1333728752867: Received UDP payload: 770
I/Mux     ( 1173): 1333728752880: GOT CSM_Msg
I/VCoreDaemon( 1173): 1333728752881: Received DUPLICATE PROC_REPLY 11:2 (4,0)->(2,0)
I/VCoreDaemon( 1173): 1333728753265: inside sendPacket(Packet p)
I/NetworkThread( 1173): 1333728753267: Sending UDP payload: 406
D/AudioHardware(   81): AudioHardware pcm playback is going to standby.
D/AudioHardware(   81): closePcmOut_l() mPcmOpenCnt: 1
I/StatusActivity( 1173): inside buttonsEnableProgressTimeoutR. Perhaps no one is in that region. Try again later!
I/StatusActivity( 1173): Inside _enableButtons
I/StatusActivity( 1173): areButtonsEnabled --> true
I/StatusActivity( 1173): takeNum=10 takeCamGood=10 takeGoodSave=10 takeBad=0 takeTimedout=0 getNum=17 getGood=2 getBad=1 getTimedout=14
W/InputManagerService(  149): Window already focused, ignoring focus gain of: com.android.internal.view.IInputMethodClient$Stub$Proxy@413e26f8
I/VCoreDaemon( 1173): 1333728758266: inside sendPacket(Packet p)
I/NetworkThread( 1173): 1333728758271: Sending UDP payload: 406
I/NetworkThread( 1173): 1333728760337: Received UDP payload: 406
I/StatusActivity( 1173): 1333728760500: canPressButton = TRUE
I/StatusActivity( 1173): 1333728760501: areButtonsEnabled --> false 
