I/NetworkThread( 1173): 1333728816495: Sending UDP payload: 949
I/VCoreDaemon( 1173): 1333728816496: Received PROC_REPLY 10:16 (2,0)->(2,0), handing to UserApp
I/UserApp ( 1173): 1333728816496: Now back in orginitator region's leader, precssing handleDSMReply
I/UserApp ( 1173): 1333728816496: Going to and from remote region took latency = 34
I/UserApp ( 1173): 1333728816496: = orig leader sent packet at 1333728816462 ~ received reply at 1333728816496
I/UserApp ( 1173): 1333728816497: Originator Region=2 Leader (for Client=5109) processes remote region's dsm atom reply and will send Packet reply to Originator Client
I/UserApp ( 1173): 1333728816498: reply packet contains the ACK for UPLOAD_PHOTO
I/UserApp ( 1173): 1333728816511: I (the leader) was also the originator client (id = 5109) so I hand the packet to my mux directly, without UDP
I/StatusActivity( 1173): 1333728816548: inside Packet.SERVER_SHOW_NEWPHOTO. I'm a leader showing my nonleader/myself client's new photo
I/StatusActivity( 1173): 1333728816551: I'm a leader and I SUCCEEDED in saving my client's new photo
I/StatusActivity( 1173): 1333728816551: now showing in UI the new photo I just saved ... 
I/StatusActivity( 1173): 1333728816552: the photo length: 3813
D/dalvikvm( 1173): GC_EXPLICIT freed 1942K, 30% free 11123K/15879K, paused 2ms+3ms
I/StatusActivity( 1173): 1333728816614: inside Packet.CLIENT_UPLOAD_PHOTO_ACK
I/StatusActivity( 1173): 1333728816614: leader upload new photo latency = 152
I/StatusActivity( 1173): 1333728816615: = leader upload start 1333728816462 ~ stop 1333728816614
I/StatusActivity( 1173): 1333728816616: takeNum=11 takeCamGood=11 takeGoodSave=11 takeBad=0 takeTimedout=0 getNum=22 getGood=4 getBad=1 getTimedout=17
I/StatusActivity( 1173): 1333728816617: SUCCESS! Client now knows saving photo on its leader succeeded
I/StatusActivity( 1173): Inside _enableButtons
I/StatusActivity( 1173): areButtonsEnabled --> true
W/InputManagerService(  149): Window already focused, ignoring focus gain of: com.android.internal.view.IInputMethodClient$Stub$Proxy@416779f0
D/AudioHardware(   81): AudioHardware pcm playback is going to standby.
D/AudioHardware(   81): closePcmOut_l() mPcmOpenCnt: 1
I/NetworkThread( 1173): 1333728820133: Received UDP payload: 406
I/VCoreDaemon( 1173): 1333728821189: inside sendPacket(Packet p)
I/NetworkThread( 1173): 1333728821198: Sending UDP payload: 406
I/NetworkThread( 1173): 1333728825123: Received UDP payload: 406
I/VCoreDaemon( 1173): 1333728826190: inside sendPacket(Packet p)
I/NetworkThread( 1173): 1333728826192: Sending UDP payload: 406
I/StatusActivity( 1173): 1333728829041: .......... GPS onLocationChanged ...... 
I/VCoreDaemon( 1173): 1333728829043: Loc = Location[mProvider=gps,mTime=1333815230000,mLatitude=42.36405060318398,mLongitude=-71.10130891686029,mHasAltitude=true,mAltitude=-23.0,mHasSpeed=true,mSpeed=0.23596823,mHasBearing=true,mBearing=123.09653,mHasAccuracy=true,mAccuracy=10.0,mExtras=Bundle[mParcelledData.dataSize=4]] Previous Region = (2,0)
I/VCoreDaemon( 1173): 1333728829043: GPS x/long:-71.10130891686029, GPS y/lat: 42.36405060318398. Region width in x: 51.96152422706632
I/VCoreDaemon( 1173): 1333728829043: location PINPOINTS to region = 2.0, previous 2
I/VCoreDaemon( 1173): 1333728829043: stay at region 2
I/StatusActivity( 1173): 1333728830015: .......... GPS onLocationChanged ...... 
I/VCoreDaemon( 1173): 1333728830016: Loc = Location[mProvider=gps,mTime=1333815231000,mLatitude=42.3640427856657,mLongitude=-71.1012895448628,mHasAltitude=true,mAltitude=-22.0,mHasSpeed=true,mSpeed=0.34385017,mHasBearing=true,mBearing=118.229324,mHasAccuracy=true,mAccuracy=10.0,mExtras=Bundle[mParcelledData.dataSize=4]] Previous Region = (2,0)
I/VCoreDaemon( 1173): 1333728830017: GPS x/long:-71.1012895448628, GPS y/lat: 42.3640427856657. Region width in x: 51.96152422706632
I/VCoreDaemon( 1173): 1333728830017: location PINPOINTS to region = 2.0, previous 2
I/VCoreDaemon( 1173): 1333728830017: stay at region 2
I/StatusActivity( 1173): 1333728831044: .......... GPS onLocationChanged ...... 
I/VCoreDaemon( 1173): 1333728831046: Loc = Location[mProvider=gps,mTime=1333815232000,mLatitude=42.36403585665479,mLongitude=-71.10126853673592,mHasAltitude=true,mAltitude=-22.0,mHasSpeed=true,mSpeed=0.0,mHasBearing=true,mBearing=122.31082,mHasAccuracy=true,mAccuracy=10.0,mExtras=Bundle[mParcelledData.dataSize=4]] Previous Region = (2,0)
I/VCoreDaemon( 1173): 1333728831046: GPS x/long:-71.10126853673592, GPS y/lat: 42.36403585665479. Region width in x: 51.96152422706632
I/VCoreDaemon( 1173): 1333728831046: location PINPOINTS to region = 2.0, previous 2
I/VCoreDaemon( 1173): 1333728831046: stay at region 2
I/VCoreDaemon( 1173): 1333728831177: leader to cloud hearbeat...
I/VNC:Cloud( 1173): Executing makeRequest: http://hermes5.csail.mit.edu:8212/take/2/0/5109/1333728831177/
I/StatusActivity( 1173): 1333728833051: .......... GPS onLocationChanged ...... 
I/VCoreDaemon( 1173): 1333728833052: Loc = Location[mProvider=gps,mTime=1333815234000,mLatitude=42.36403227680261,mLongitude=-71.10123975043705,mHasAltitude=true,mAltitude=-22.0,mHasSpeed=true,mSpeed=0.0,mHasBearing=true,mBearing=121.40855,mHasAccuracy=true,mAccuracy=15.0,mExtras=Bundle[mParcelledData.dataSize=4]] Previous Region = (2,0)
I/VCoreDaemon( 1173): 1333728833052: GPS x/long:-71.10123975043705, GPS y/lat: 42.36403227680261. Region width in x: 51.96152422706632
I/VCoreDaemon( 1173): 1333728833053: location PINPOINTS to region = 2.0, previous 2
I/VCoreDaemon( 1173): 1333728833053: stay at region 2
W/NetworkStats(  149): dropping UID delta from unknown iface: iface=wlan0 uid=10067 set=FOREGROUND tag=0x0 rxBytes=9261 rxPackets=10 txBytes=7959 txPackets=7 operations=0
I/StatusActivity( 1173): 1333728834043: .......... GPS onLocationChanged ...... 
I/VCoreDaemon( 1173): 1333728834048: Loc = Location[mProvider=gps,mTime=1333815235000,mLatitude=42.364027377820506,mLongitude=-71.10121584684137,mHasAltitude=true,mAltitude=-23.0,mHasSpeed=true,mSpeed=0.4332596,mHasBearing=true,mBearing=124.332085,mHasAccuracy=true,mAccuracy=15.0,mExtras=Bundle[mParcelledData.dataSize=4]] Previous Region = (2,0)
I/VCoreDaemon( 1173): 1333728834048: GPS x/long:-71.10121584684137, GPS y/lat: 42.364027377820506. Region width in x: 51.96152422706632
I/VCoreDaemon( 1173): 1333728834048: location PINPOINTS to region = 2.0, previous 2
I/VCoreDaemon( 1173): 1333728834048: stay at region 2
I/VNC:Cloud( 1173): makeRequest Execute HTTP latency: 3377ms
I/VNC:Cloud( 1173): makeRequest() Cloud response length: 93
I/VNC:Cloud( 1173): Request executed: http://hermes5.csail.mit.edu:8212/take/2/0/5109/1333728831177/
I/VCoreDaemon( 1173): 1333728834627: inside sendPacket(Packet p)
I/NetworkThread( 1173): 1333728834639: Sending UDP payload: 406
D/dalvikvm( 1173): GC_CONCURRENT freed 542K, 30% free 11155K/15879K, paused 3ms+7ms
I/StatusActivity( 1173): 1333728835044: .......... GPS onLocationChanged ...... 
I/VCoreDaemon( 1173): 1333728835046: Loc = Location[mProvider=gps,mTime=1333815236000,mLatitude=42.364027480179345,mLongitude=-71.10119513401412,mHasAltitude=true,mAltitude=-23.0,mHasSpeed=true,mSpeed=0.53715235,mHasBearing=true,mBearing=108.138145,mHasAccuracy=true,mAccuracy=10.0,mExtras=Bundle[mParcelledData.dataSize=4]] Previous Region = (2,0)
I/VCoreDaemon( 1173): 1333728835047: GPS x/long:-71.10119513401412, GPS y/lat: 42.364027480179345. Region width in x: 51.96152422706632
I/VCoreDaemon( 1173): 1333728835047: location PINPOINTS to region = 2.0, previous 2
I/VCoreDaemon( 1173): 1333728835047: stay at region 2
I/StatusActivity( 1173): 1333728836041: .......... GPS onLocationChanged ...... 
I/VCoreDaemon( 1173): 1333728836042: Loc = Location[mProvider=gps,mTime=1333815237000,mLatitude=42.3640179818487,mLongitude=-71.10118426616523,mHasAltitude=true,mAltitude=-20.0,mHasSpeed=true,mSpeed=0.6746129,mHasBearing=true,mBearing=153.78517,mHasAccuracy=true,mAccuracy=10.0,mExtras=Bundle[mParcelledData.dataSize=4]] Previous Region = (2,0)
I/VCoreDaemon( 1173): 1333728836042: GPS x/long:-71.10118426616523, GPS y/lat: 42.3640179818487. Region width in x: 51.96152422706632
I/VCoreDaemon( 1173): 1333728836042: location PINPOINTS to region = 2.0, previous 2
I/VCoreDaemon( 1173): 1333728836042: stay at region 2
I/StatusActivity( 1173): 1333728838039: .......... GPS onLocationChanged ...... 
I/VCoreDaemon( 1173): 1333728838040: Loc = Location[mProvider=gps,mTime=1333815239000,mLatitude=42.36401507018062,mLongitude=-71.10116946102919,mHasAltitude=true,mAltitude=-19.0,mHasSpeed=true,mSpeed=0.8152262,mHasBearing=true,mBearing=139.39532,mHasAccuracy=true,mAccuracy=10.0,mExtras=Bundle[mParcelledData.dataSize=4]] Previous Region = (2,0)
I/VCoreDaemon( 1173): 1333728838040: GPS x/long:-71.10116946102919, GPS y/lat: 42.36401507018062. Region width in x: 51.96152422706632
I/VCoreDaemon( 1173): 1333728838040: location PINPOINTS to region = 2.0, previous 2
I/VCoreDaemon( 1173): 1333728838040: stay at region 2
I/StatusActivity( 1173): 1333728839042: .......... GPS onLocationChanged ...... 
I/VCoreDaemon( 1173): 1333728839042: Loc = Location[mProvider=gps,mTime=1333815240000,mLatitude=42.36400944682787,mLongitude=-71.10114883866719,mHasAltitude=true,mAltitude=-20.0,mHasSpeed=true,mSpeed=0.87255377,mHasBearing=true,mBearing=133.97313,mHasAccuracy=true,mAccuracy=15.0,mExtras=Bundle[mParcelledData.dataSize=4]] Previous Region = (2,0)
I/VCoreDaemon( 1173): 1333728839043: GPS x/long:-71.10114883866719, GPS y/lat: 42.36400944682787. Region width in x: 51.96152422706632
I/VCoreDaemon( 1173): 1333728839043: location PINPOINTS to region = 2.0, previous 2
I/VCoreDaemon( 1173): 1333728839043: stay at region 2
I/VCoreDaemon( 1173): 1333728839641: inside sendPacket(Packet p)
I/NetworkThread( 1173): 1333728839649: Sending UDP payload: 406
I/NetworkThread( 1173): 1333728839813: Received UDP payload: 406
W/NetworkStats(  149): dropping UID delta from unknown iface: iface=wlan0 uid=10067 set=FOREGROUND tag=0x0 rxBytes=1302 rxPackets=3 txBytes=868 txPackets=2 operations=0
I/StatusActivity( 1173): 1333728841042: .......... GPS onLocationChanged ...... 
I/VCoreDaemon( 1173): 1333728841043: Loc = Location[mProvider=gps,mTime=1333815242000,mLatitude=42.36401224617691,mLongitude=-71.10112424042265,mHasAltitude=true,mAltitude=-19.0,mHasSpeed=true,mSpeed=0.0,mHasBearing=true,mBearing=130.79083,mHasAccuracy=true,mAccuracy=10.0,mExtras=Bundle[mParcelledData.dataSize=4]] Previous Region = (2,0)
I/VCoreDaemon( 1173): 1333728841043: GPS x/long:-71.10112424042265, GPS y/lat: 42.36401224617691. Region width in x: 51.96152422706632
I/VCoreDaemon( 1173): 1333728841043: location PINPOINTS to region = 2.0, previous 2
I/VCoreDaemon( 1173): 1333728841043: location is INSIDE BOUNDARY, stay at prev region = (2,0)
I/StatusActivity( 1173): 1333728843009: .......... GPS onLocationChanged ...... 
I/VCoreDaemon( 1173): 1333728843010: Loc = Location[mProvider=gps,mTime=1333815244000,mLatitude=42.364006923957334,mLongitude=-71.10110802758612,mHasAltitude=true,mAltitude=-20.0,mHasSpeed=true,mSpeed=0.80116326,mHasBearing=true,mBearing=140.73518,mHasAccuracy=true,mAccuracy=10.0,mExtras=Bundle[mParcelledData.dataSize=4]] Previous Region = (2,0)
I/VCoreDaemon( 1173): 1333728843010: GPS x/long:-71.10110802758612, GPS y/lat: 42.364006923957334. Region width in x: 51.96152422706632
I/VCoreDaemon( 1173): 1333728843011: location PINPOINTS to region = 2.0, previous 2
I/VCoreDaemon( 1173): 1333728843011: location is INSIDE BOUNDARY, stay at prev region = (2,0)
I/VCoreDaemon( 1173): 1333728844642: inside sendPacket(Packet p)
I/NetworkThread( 1173): 1333728844651: Sending UDP payload: 406
I/NetworkThread( 1173): 1333728844817: Received UDP payload: 406
I/StatusActivity( 1173): 1333728846005: .......... GPS onLocationChanged ...... 
I/VCoreDaemon( 1173): 1333728846006: Loc = Location[mProvider=gps,mTime=1333815247000,mLatitude=42.363993692083575,mLongitude=-71.10110492902969,mHasAltitude=true,mAltitude=-24.0,mHasSpeed=true,mSpeed=0.78435206,mHasBearing=true,mBearing=147.37462,mHasAccuracy=true,mAccuracy=25.0,mExtras=Bundle[mParcelledData.dataSize=4]] Previous Region = (2,0)
I/VCoreDaemon( 1173): 1333728846006: GPS x/long:-71.10110492902969, GPS y/lat: 42.363993692083575. Region width in x: 51.96152422706632
I/VCoreDaemon( 1173): 1333728846006: location PINPOINTS to region = 2.0, previous 2
I/VCoreDaemon( 1173): 1333728846006: location is INSIDE BOUNDARY, stay at prev region = (2,0)
I/StatusActivity( 1173): 1333728847036: .......... GPS onLocationChanged ...... 
I/VCoreDaemon( 1173): 1333728847037: Loc = Location[mProvider=gps,mTime=1333815248000,mLatitude=42.36398327168162,mLongitude=-71.10110641980853,mHasAltitude=true,mAltitude=-19.0,mHasSpeed=true,mSpeed=0.79509753,mHasBearing=true,mBearing=161.36424,mHasAccuracy=true,mAccuracy=10.0,mExtras=Bundle[mParcelledData.dataSize=4]] Previous Region = (2,0)
I/VCoreDaemon( 1173): 1333728847037: GPS x/long:-71.10110641980853, GPS y/lat: 42.36398327168162. Region width in x: 51.96152422706632
I/VCoreDaemon( 1173): 1333728847037: location PINPOINTS to region = 2.0, previous 2
I/VCoreDaemon( 1173): 1333728847037: location is INSIDE BOUNDARY, stay at prev region = (2,0)
I/StatusActivity( 1173): 1333728848011: .......... GPS onLocationChanged ...... 
I/VCoreDaemon( 1173): 1333728848012: Loc = Location[mProvider=gps,mTime=1333815249000,mLatitude=42.36397608927713,mLongitude=-71.10109874743003,mHasAltitude=true,mAltitude=-19.0,mHasSpeed=true,mSpeed=0.8381394,mHasBearing=true,mBearing=130.24883,mHasAccuracy=true,mAccuracy=10.0,mExtras=Bundle[mParcelledData.dataSize=4]] Previous Region = (2,0)
I/VCoreDaemon( 1173): 1333728848012: GPS x/long:-71.10109874743003, GPS y/lat: 42.36397608927713. Region width in x: 51.96152422706632
I/VCoreDaemon( 1173): 1333728848013: location PINPOINTS to region = 2.0, previous 2
I/VCoreDaemon( 1173): 1333728848013: location is INSIDE BOUNDARY, stay at prev region = (2,0)
I/VCoreDaemon( 1173): 1333728849643: inside sendPacket(Packet p)
I/NetworkThread( 1173): 1333728849653: Sending UDP payload: 406
I/StatusActivity( 1173): 1333728850008: .......... GPS onLocationChanged ...... 
I/VCoreDaemon( 1173): 1333728850009: Loc = Location[mProvider=gps,mTime=1333815251000,mLatitude=42.36396644194576,mLongitude=-71.1010913204986,mHasAltitude=true,mAltitude=-24.0,mHasSpeed=true,mSpeed=0.9776468,mHasBearing=true,mBearing=138.8019,mHasAccuracy=true,mAccuracy=10.0,mExtras=Bundle[mParcelledData.dataSize=4]] Previous Region = (2,0)
I/VCoreDaemon( 1173): 1333728850009: GPS x/long:-71.1010913204986, GPS y/lat: 42.36396644194576. Region width in x: 51.96152422706632
I/VCoreDaemon( 1173): 1333728850009: location PINPOINTS to region = 1.0, previous 2
I/VCoreDaemon( 1173): 1333728850009: location is INSIDE BOUNDARY, stay at prev region = (2,0)
D/dalvikvm(  149): GC_CONCURRENT freed 834K, 13% free 12824K/14599K, paused 3ms+8ms
D/dalvikvm(  314): GC_CONCURRENT freed 441K, 6% free 9501K/10055K, paused 26ms+3ms
I/StatusActivity( 1173): 1333728852011: .......... GPS onLocationChanged ...... 
I/VCoreDaemon( 1173): 1333728852012: Loc = Location[mProvider=gps,mTime=1333815253000,mLatitude=42.363955074350876,mLongitude=-71.10107856067918,mHasAltitude=true,mAltitude=-21.0,mHasSpeed=true,mSpeed=1.1530584,mHasBearing=true,mBearing=131.98003,mHasAccuracy=true,mAccuracy=10.0,mExtras=Bundle[mParcelledData.dataSize=4]] Previous Region = (2,0)
I/VCoreDaemon( 1173): 1333728852013: GPS x/long:-71.10107856067918, GPS y/lat: 42.363955074350876. Region width in x: 51.96152422706632
I/VCoreDaemon( 1173): 1333728852013: location PINPOINTS to region = 1.0, previous 2
I/VCoreDaemon( 1173): 1333728852023: location is INSIDE BOUNDARY, stay at prev region = (2,0)
W/NetworkStats(  149): dropping UID delta from unknown iface: iface=wlan0 uid=10067 set=FOREGROUND tag=0x0 rxBytes=1302 rxPackets=3 txBytes=868 txPackets=2 operations=0
I/StatusActivity( 1173): 1333728854011: .......... GPS onLocationChanged ...... 
I/VCoreDaemon( 1173): 1333728854012: Loc = Location[mProvider=gps,mTime=1333815255000,mLatitude=42.36394848954805,mLongitude=-71.10106444611351,mHasAltitude=true,mAltitude=-22.0,mHasSpeed=true,mSpeed=1.2264818,mHasBearing=true,mBearing=127.021454,mHasAccuracy=true,mAccuracy=10.0,mExtras=Bundle[mParcelledData.dataSize=4]] Previous Region = (2,0)
I/VCoreDaemon( 1173): 1333728854012: GPS x/long:-71.10106444611351, GPS y/lat: 42.36394848954805. Region width in x: 51.96152422706632
I/VCoreDaemon( 1173): 1333728854022: location PINPOINTS to region = 1.0, previous 2
I/VCoreDaemon( 1173): 1333728854022: location is INSIDE BOUNDARY, stay at prev region = (2,0)
I/VCoreDaemon( 1173): 1333728854644: inside sendPacket(Packet p)
I/NetworkThread( 1173): 1333728854653: Sending UDP payload: 406
I/StatusActivity( 1173): 1333728857011: .......... GPS onLocationChanged ...... 
I/VCoreDaemon( 1173): 1333728857012: Loc = Location[mProvider=gps,mTime=1333815258000,mLatitude=42.36393910968288,mLongitude=-71.10104998140233,mHasAltitude=true,mAltitude=-20.0,mHasSpeed=true,mSpeed=1.3041524,mHasBearing=true,mBearing=136.24272,mHasAccuracy=true,mAccuracy=10.0,mExtras=Bundle[mParcelledData.dataSize=4]] Previous Region = (2,0)
I/VCoreDaemon( 1173): 1333728857013: GPS x/long:-71.10104998140233, GPS y/lat: 42.36393910968288. Region width in x: 51.96152422706632
I/VCoreDaemon( 1173): 1333728857013: location PINPOINTS to region = 1.0, previous 2
I/VCoreDaemon( 1173): 1333728857023: location is INSIDE BOUNDARY, stay at prev region = (2,0)
I/StatusActivity( 1173): 1333728858022: .......... GPS onLocationChanged ...... 
I/VCoreDaemon( 1173): 1333728858023: Loc = Location[mProvider=gps,mTime=1333815259000,mLatitude=42.363931474566634,mLongitude=-71.10104206631335,mHasAltitude=true,mAltitude=-20.0,mHasSpeed=true,mSpeed=1.3146381,mHasBearing=true,mBearing=140.37706,mHasAccuracy=true,mAccuracy=10.0,mExtras=Bundle[mParcelledData.dataSize=4]] Previous Region = (2,0)
I/VCoreDaemon( 1173): 1333728858023: GPS x/long:-71.10104206631335, GPS y/lat: 42.363931474566634. Region width in x: 51.96152422706632
I/VCoreDaemon( 1173): 1333728858023: location PINPOINTS to region = 1.0, previous 2
I/VCoreDaemon( 1173): 1333728858024: location CHANGED TO NEW region = (1,0) from region = (2,0)
I/VCoreDaemon( 1173): 1333728858024: moving from region (2,0), to (1,0)
I/VCoreDaemon( 1173): 1333728858025: change state to HANDING_OFF with parameter my previous/old region = (2,0) before helping to elect new leader in it. (btw, newRegion (1,0))
I/VCoreDaemon.java( 1173): inside stateTransition ......................................................................................
I/..... VCoreDaemon.java( 1173): targetState = HANDING_OFF
I/VCoreDaemon( 1173): 1333728858025: HANDING OFF setting leaderRegion = (2,0)
I/VCoreDaemon( 1173): 1333728858026: Trying to hand off leadership
I/..... VCoreDaemon.java( 1173): ends xxxxxxxxxxxxxxxxxxxxxxxxxxxxxxxxxxxxxxxxxxx
I/VCoreDaemon( 1173): 1333728858026: broadcasting LEADER_ELECT to old (2,0)
I/VCoreDaemon( 1173): 1333728858026: inside sendPacket(Packet p)
I/NetworkThread( 1173): 1333728858027: Sending UDP payload: 423
I/VCoreDaemon( 1173): 1333728858428: INSIDE ELECT CANDIDATE
I/VCoreDaemon( 1173): 1333728858429: CANDIDATE SIZE is 0
I/UserApp ( 1173): 1333728858429: UserApp stopped.
I/VCoreDaemon( 1173): 1333728858430: DSMLayer stopped
I/VCoreDaemon( 1173): 1333728858430: serializing DSMLayer to JSON
W/meterizedTypeHandlerMap( 1173): Overriding the existing type handler for {0}
W/meterizedTypeHandlerMap( 1173): Overriding the existing type handler for {0}
D/dalvikvm( 1173): GC_CONCURRENT freed 596K, 30% free 11233K/15879K, paused 2ms+3ms
I/StatusActivity( 1173): 1333728859060: .......... GPS onLocationChanged ...... 
I/VCoreDaemon( 1173): 1333728859061: Loc = Location[mProvider=gps,mTime=1333815260000,mLatitude=42.363923312484204,mLongitude=-71.10103081731324,mHasAltitude=true,mAltitude=-20.0,mHasSpeed=true,mSpeed=1.3376658,mHasBearing=true,mBearing=133.2469,mHasAccuracy=true,mAccuracy=15.0,mExtras=Bundle[mParcelledData.dataSize=4]] Previous Region = (1,0)
I/VCoreDaemon( 1173): 1333728859062: GPS x/long:-71.10103081731324, GPS y/lat: 42.363923312484204. Region width in x: 51.96152422706632
I/VCoreDaemon( 1173): 1333728859062: location PINPOINTS to region = 1.0, previous 1
I/VCoreDaemon( 1173): 1333728859062: stay at region 1
D/dalvikvm( 1173): GC_CONCURRENT freed 629K, 29% free 11322K/15879K, paused 2ms+4ms
D/dalvikvm( 1173): GC_CONCURRENT freed 682K, 29% free 11409K/15879K, paused 2ms+13ms
W/NetworkStats(  149): dropping UID delta from unknown iface: iface=wlan0 uid=10067 set=FOREGROUND tag=0x0 rxBytes=885 rxPackets=2 txBytes=885 txPackets=2 operations=0
D/dalvikvm( 1173): GC_CONCURRENT freed 693K, 28% free 11525K/15879K, paused 2ms+3ms
I/StatusActivity( 1173): 1333728860037: .......... GPS onLocationChanged ...... 
I/VCoreDaemon( 1173): 1333728860038: Loc = Location[mProvider=gps,mTime=1333815261000,mLatitude=42.36391637333509,mLongitude=-71.10102164510556,mHasAltitude=true,mAltitude=-22.0,mHasSpeed=true,mSpeed=0.0,mHasBearing=true,mBearing=136.65393,mHasAccuracy=true,mAccuracy=10.0,mExtras=Bundle[mParcelledData.dataSize=4]] Previous Region = (1,0)
I/VCoreDaemon( 1173): 1333728860038: GPS x/long:-71.10102164510556, GPS y/lat: 42.36391637333509. Region width in x: 51.96152422706632
I/VCoreDaemon( 1173): 1333728860038: location PINPOINTS to region = 1.0, previous 1
I/VCoreDaemon( 1173): 1333728860038: stay at region 1
D/dalvikvm( 1173): GC_CONCURRENT freed 633K, 27% free 11610K/15879K, paused 2ms+2ms
D/dalvikvm( 1173): GC_CONCURRENT freed 1049K, 28% free 11435K/15879K, paused 2ms+4ms
D/dalvikvm( 1173): GC_CONCURRENT freed 685K, 28% free 11581K/15879K, paused 1ms+12ms
D/dalvikvm( 1173): GC_CONCURRENT freed 758K, 27% free 11668K/15879K, paused 1ms+3ms
I/VNC:Cloud( 1173): Executing uploadState request: http://hermes5.csail.mit.edu:8212/upload/2/0/5109/1333728860290/
I/StatusActivity( 1173): 1333728862065: .......... GPS onLocationChanged ...... 
I/VCoreDaemon( 1173): 1333728862066: Loc = Location[mProvider=gps,mTime=1333815263000,mLatitude=42.36391151780276,mLongitude=-71.10100438804898,mHasAltitude=true,mAltitude=-19.0,mHasSpeed=true,mSpeed=0.0,mHasBearing=true,mBearing=134.63132,mHasAccuracy=true,mAccuracy=10.0,mExtras=Bundle[mParcelledData.dataSize=4]] Previous Region = (1,0)
I/VCoreDaemon( 1173): 1333728862066: GPS x/long:-71.10100438804898, GPS y/lat: 42.36391151780276. Region width in x: 51.96152422706632
I/VCoreDaemon( 1173): 1333728862066: location PINPOINTS to region = 1.0, previous 1
I/VCoreDaemon( 1173): 1333728862066: stay at region 1
I/StatusActivity( 1173): 1333728867019: .......... GPS onLocationChanged ...... 
I/VCoreDaemon( 1173): 1333728867020: Loc = Location[mProvider=gps,mTime=1333815268000,mLatitude=42.363924010855264,mLongitude=-71.10100595666592,mHasAltitude=true,mAltitude=-23.0,mHasSpeed=true,mSpeed=0.14301392,mHasBearing=true,mBearing=0.02717441,mHasAccuracy=true,mAccuracy=20.0,mExtras=Bundle[mParcelledData.dataSize=4]] Previous Region = (1,0)
I/VCoreDaemon( 1173): 1333728867021: GPS x/long:-71.10100595666592, GPS y/lat: 42.363924010855264. Region width in x: 51.96152422706632
I/VCoreDaemon( 1173): 1333728867021: location PINPOINTS to region = 1.0, previous 1
I/VCoreDaemon( 1173): 1333728867029: stay at region 1
I/StatusActivity( 1173): 1333728867985: HI I'm in ONPAUSE()
W/InputManagerService(  149): Starting input on non-focused client com.android.internal.view.IInputMethodClient$Stub$Proxy@416b1190 (uid=10067 pid=1173)
I/VNC:Cloud( 1173): uploadState Execute HTTP latency: 7513ms
I/VNC:Cloud( 1173): uploadState() Cloud response length: 18
I/VNC:Cloud( 1173): Executing makeRequest: http://hermes5.csail.mit.edu:8212/release/2/0/5109/1333728868384/
D/dalvikvm(  342): GC_CONCURRENT freed 3087K, 32% free 13702K/19975K, paused 2ms+15ms
I/VNC:Cloud( 1173): makeRequest Execute HTTP latency: 258ms
I/VNC:Cloud( 1173): makeRequest() Cloud response length: 18
I/VNC:Cloud( 1173): Request executed: http://hermes5.csail.mit.edu:8212/release/2/0/5109/1333728868384/
I/VNC:Cloud( 1173): in Cloud releaseLeadership
I/VNC:Cloud( 1173): org.apache.http.conn.EofSensorInputStream@413c7d20
I/VCoreDaemon( 1173): 1333728868655: old region empty, uploaded state to cloud in 10223ms as json 51338 bytes
I/VCoreDaemon.java( 1173): inside stateTransition ......................................................................................
I/..... VCoreDaemon.java( 1173): targetState = JOINING
I/..... VCoreDaemon.java( 1173): ends xxxxxxxxxxxxxxxxxxxxxxxxxxxxxxxxxxxxxxxxxxx
I/VCoreDaemon( 1173): 1333728868666: sending LEADER_REQUEST
I/VCoreDaemon( 1173): 1333728868669: inside sendPacket(Packet p)
I/NetworkThread( 1173): 1333728868670: Sending UDP payload: 406
D/dalvikvm(  342): GC_FOR_ALLOC freed 1280K, 34% free 13281K/19975K, paused 79ms
D/dalvikvm(  342): GC_FOR_ALLOC freed 4K, 28% free 14534K/19975K, paused 71ms
I/CameraSurfaceView( 1173): inside surfaceDestroyed()
I/CameraHardwareSec(   81): int android::CameraHardwareSec::previewThreadWrapper(): calling mSecCamera->stopPreview() and waiting
I/CameraSurfaceView( 1173): inside surfaceDestroyed()
I/CameraHardwareSec(   81): void android::CameraHardwareSec::stopPreviewInternal() : preview not running, doing nothing
I/CameraHardwareSec(   81): int android::CameraHardwareSec::previewThreadWrapper(): return from wait
I/CameraHardwareSec(   81): int android::CameraHardwareSec::previewThreadWrapper(): exiting
W/SecCamera(   81): int android::SecCamera::stopPreview(): doing nothing because m_flag_camera_start is zero
W/SecCamera(   81): int android::SecCamera::stopRecord(): doing nothing because m_flag_record_start is zero
I/SecCamera(   81): DeinitCamera: m_cam_fd(31)
I/SecCamera(   81): DeinitCamera: m_cam_fd2(32)
I/VCoreDaemon( 1173): 1333728868981: sending LEADER_REQUEST
I/VCoreDaemon( 1173): 1333728868981: inside sendPacket(Packet p)
I/NetworkThread( 1173): 1333728868982: Sending UDP payload: 406
E/CameraHardwareSec(   81): preview window is NULL!
I/CameraService(   81): Destroying camera 0
I/CameraHardwareSec(   81): int android::HAL_camera_device_close(hw_device_t*)
I/SecCamera(   81): DeinitCamera : already deinitialized
W/AudioFlinger(   81): session id 22 not found for pid 81
W/AudioFlinger(   81): session id 23 not found for pid 81
D/dalvikvm(  342): GC_CONCURRENT freed 1998K, 29% free 14317K/19975K, paused 1ms+3ms
D/dalvikvm(  342): GC_CONCURRENT freed 1852K, 30% free 14147K/19975K, paused 2ms+5ms
I/VCoreDaemon( 1173): 1333728869283: sending LEADER_REQUEST
I/VCoreDaemon( 1173): 1333728869283: inside sendPacket(Packet p)
I/NetworkThread( 1173): 1333728869284: Sending UDP payload: 406
D/dalvikvm(  342): GC_FOR_ALLOC freed 1059K, 31% free 13938K/19975K, paused 27ms
I/dalvikvm-heap(  342): Grow heap (frag case) to 15.341MB for 1742416-byte allocation
D/dalvikvm(  342): GC_CONCURRENT freed 1K, 22% free 15639K/19975K, paused 2ms+6ms
I/ActivityManager(  149): No longer want android.process.acore (pid 399): hidden #16
I/StatusActivity( 1173): 1333728869442: inside onDestroy()
I/Mux     ( 1173): Stop request encountered.
D/Mux     ( 1173): Waiting for VCoreDaemon to stop...
I/VCoreDaemon( 1173): Stop request encountered.
I/VCoreDaemon( 1173): 1333728869482: DSMLayer stopped
I/VCoreDaemon( 1173): Loop ended, vncDaemon thread exiting
D/dalvikvm(  342): GC_FOR_ALLOC freed 2460K, 31% free 13941K/19975K, paused 21ms
I/StatusActivity( 1173): 1333728869573: no camera to close
I/StatusActivity( 1173): 1333728869573: close everything else
D/dalvikvm(  342): GC_CONCURRENT freed 675K, 26% free 14858K/19975K, paused 1ms+9ms
D/dalvikvm(  219): GC_FOR_ALLOC freed 259K, 8% free 9885K/10631K, paused 47ms
D/dalvikvm(  219): GC_FOR_ALLOC freed 180K, 8% free 9882K/10631K, paused 15ms
D/dalvikvm(  219): GC_FOR_ALLOC freed 138K, 8% free 9882K/10631K, paused 18ms
D/dalvikvm(  219): GC_FOR_ALLOC freed 195K, 8% free 9882K/10631K, paused 17ms
I/WindowManager(  149): WIN DEATH: Window{416d89a8 SurfaceView paused=false}
I/ActivityManager(  149): Process edu.mit.csail.diplomamatrix (pid 1173) has died.
I/WindowManager(  149): WIN DEATH: Window{4167b210 edu.mit.csail.diplomamatrix/edu.mit.csail.diplomamatrix.StatusActivity paused=false}
W/NetworkStats(  149): dropping UID delta from unknown iface: iface=wlan0 uid=10067 set=FOREGROUND tag=0x0 rxBytes=1302 rxPackets=3 txBytes=1302 txPackets=3 operations=0
D/dalvikvm(  149): GC_CONCURRENT freed 913K, 13% free 12770K/14599K, paused 2ms+4ms
W/ActivityManager(  149): Activity destroy timeout for ActivityRecord{417fc9d0 edu.mit.csail.diplomamatrix/.StatusActivity}
I/GPS     (  149): gps_engine_status_update: called release_wakelock_cb
I/power   (  149): *** set_screen_state 0
D/SurfaceFlinger(   78): About to give-up screen, flinger = 0x1507918
D/NfcService(  330): NFC-C OFF, disconnect
D/dalvikvm(  149): GC_FOR_ALLOC freed 131K, 9% free 13380K/14599K, paused 43ms
I/dalvikvm-heap(  149): Grow heap (frag case) to 13.243MB for 104992-byte allocation
D/dalvikvm(  149): GC_FOR_ALLOC freed 6K, 9% free 13476K/14727K, paused 40ms
V/TransportControlView(  149): Create TCV com.android.internal.widget.TransportControlView@415d4e18
D/PhoneStatusBar(  219): disable: < expand icons alerts ticker system_info back home RECENT* clock >
D/AudioHardware(   81): AudioHardware pcm playback is exiting standby.
D/AudioHardware(   81): openPcmOut_l() mPcmOpenCnt: 0
D/PhoneStatusBar(  219): disable: < expand icons alerts ticker system_info BACK* HOME* RECENT CLOCK* >
D/AudioHardware(   81): AudioHardware pcm playback is going to standby.
D/AudioHardware(   81): closePcmOut_l() mPcmOpenCnt: 1
D/dalvikvm(  149): GC_CONCURRENT freed 876K, 8% free 13652K/14727K, paused 17ms+5ms
D/dalvikvm(  314): GC_CONCURRENT freed 420K, 6% free 9504K/10055K, paused 2ms+2ms
D/dalvikvm(  219): GC_CONCURRENT freed 409K, 8% free 9857K/10631K, paused 17ms+2ms
I/ActivityManager(  149): Start proc com.google.android.deskclock for broadcast com.google.android.deskclock/com.android.deskclock.AlarmInitReceiver: pid=1333 uid=10013 gids={}
D/AlarmManagerService(  149): Kernel timezone updated to 240 minutes west of GMT
I/ActivityThread( 1333): Pub com.android.deskclock: com.android.deskclock.AlarmProvider
V/AlarmClock( 1333): AlarmInitReceiver finished
D/SystemClock(  314): Setting time of day to sec=1333729674
D/dalvikvm(  149): GC_CONCURRENT freed 1030K, 8% free 13688K/14855K, paused 3ms+5ms
D/NetUtils(  149): android_net_utils_resetConnections in env=0x7f7df8 clazz=0xc8c00001 iface=rmnet0 mask=0x3
D/ConnectivityService(  149): ConnectivityChange for mobile: DISCONNECTED/DISCONNECTED
D/ConnectivityService(  149): Attempting to switch to WIFI
D/ConnectivityService(  149): Attempting to switch to BLUETOOTH_TETHER
D/ConnectivityService(  149): resetConnections(rmnet0, 3)
D/dalvikvm(  314): GC_CONCURRENT freed 434K, 6% free 9507K/10055K, paused 13ms+2ms
W/Smack/Packet(  458): notify conn break (IOEx), close connection
I/qtaguid (  458): Failed write_ctrl(u 65) res=-1 errno=22
I/qtaguid (  458): Untagging socket 65 failed errno=-22
W/NetworkManagementSocketTagger(  458): untagSocket(65) failed with errno -22
D/ConnectivityService(  149): handleInetConditionChange: no active default network - ignore
D/Tethering(  149): MasterInitialState.processMessage what=3
I/BarnacleService(  994): log: hq. MSG_NETSCHANGE. about to get getWifiState
I/BarnacleService(  994): log: hq. BarnacleServiceNETSCHANGE: 1 2 proc
E/BarnacleService(  994): NETSCHANGE: 1 2 proc
I/BarnacleService(  994): log: hq. wifiState 1 =? WifiManager.WIFI_STATE_DISABLED = 1
I/BarnacleService(  994): log: hq. INSIDE :) wifi state disabled
I/BarnacleService(  994): log: ( (state = 2) ?== (STATE_STARTING = 1) ) && ( (process = proc_is_not_null) ?== null ... && checkUplink:
I/BarnacleService(  994): log: now waiting, becaus  either state != STATE_STARTING or process != null
I/MediaUploader(  942): No need to wake up
D/PicasaSyncManager(  957): active network: null
D/PicasaSyncManager(  957): background data: true
D/dalvikvm(  266): GC_CONCURRENT freed 375K, 6% free 9229K/9735K, paused 1ms+10ms
D/dalvikvm(  149): GC_EXPLICIT freed 407K, 9% free 13581K/14855K, paused 3ms+5ms
I/System.out( 1268): [INFO:1255164]: c: Running flush
I/System.out( 1268): [INFO:1255165]: c: Sending payload [bytes=367]
I/System.out( 1268): [SEVERE:1255189]: c: AsyncHttpRequestImpl.run(): exception thrown : Unable to resolve host "www.google.com": No address associated with hostname: java.net.UnknownHostException
D/dalvikvm( 1268): GC_CONCURRENT freed 425K, 7% free 10009K/10695K, paused 2ms+2ms
D/AlarmManagerService(  149): Kernel timezone updated to 240 minutes west of GMT
D/SystemClock(  314): Setting time of day to sec=1333729780
D/ConnectivityService(  149): ConnectivityChange for mobile: CONNECTED/CONNECTED
D/NetworkPolicy(  149): applying policy NetworkPolicy[NetworkTemplate: matchRule=MOBILE_ALL, subscriberId=valid]: cycleDay=15, warningBytes=2147483648, limitBytes=-1, lastSnooze=-1 to ifaces [rmnet0]
V/AlarmClock( 1333): AlarmInitReceiver finished
D/Tethering(  149): MasterInitialState.processMessage what=3
I/BarnacleService(  994): log: hq. MSG_NETSCHANGE. about to get getWifiState
I/BarnacleService(  994): log: hq. BarnacleServiceNETSCHANGE: 1 2 proc
E/BarnacleService(  994): NETSCHANGE: 1 2 proc
I/BarnacleService(  994): log: hq. wifiState 1 =? WifiManager.WIFI_STATE_DISABLED = 1
I/BarnacleService(  994): log: hq. INSIDE :) wifi state disabled
I/BarnacleService(  994): log: ( (state = 2) ?== (STATE_STARTING = 1) ) && ( (process = proc_is_not_null) ?== null ... && checkUplink:
I/BarnacleService(  994): log: now waiting, becaus  either state != STATE_STARTING or process != null
I/MediaUploader(  942): No need to wake up
D/PicasaSyncManager(  957): active network: NetworkInfo: type: mobile[UMTS], state: CONNECTED/CONNECTED, reason: dataAttached, extra: epc.tmobile.com, roaming: false, failover: false, isAvailable: true
D/PicasaSyncManager(  957): background data: true
I/GTalkService/c(  458): [AndroidEndpoint@1094571088] connect: acct=1000000, state=CONNECTING
D/dalvikvm(  149): GC_FOR_ALLOC freed 835K, 9% free 13630K/14855K, paused 59ms
D/dalvikvm(  458): GC_CONCURRENT freed 429K, 7% free 9917K/10631K, paused 14ms+3ms
D/ConnectivityService(  149): handleInetConditionHoldEnd: net=0, condition=100, published condition=0
W/Smack/Packet(  458): notify conn break (IOEx), close connection
D/ConnectivityService(  149): handleInetConditionHoldEnd: net=0, condition=0, published condition=100
D/dalvikvm(  314): GC_CONCURRENT freed 419K, 6% free 9508K/10055K, paused 2ms+2ms
D/AlarmManagerService(  149): Kernel timezone updated to 240 minutes west of GMT
V/AlarmClock( 1333): AlarmInitReceiver finished
D/SystemClock(  314): Setting time of day to sec=1333729870
I/GTalkService/c(  458): [AndroidEndpoint@1094571088] connect: acct=1000000, state=CONNECTING
D/ConnectivityService(  149): handleInetConditionHoldEnd: net=0, condition=100, published condition=0
W/Smack/Packet(  458): notify conn break (IOEx), close connection
D/ConnectivityService(  149): handleInetConditionHoldEnd: net=0, condition=0, published condition=100
I/power   (  149): *** set_screen_state 1
W/PowerUI (  219): unknown intent: Intent { act=android.intent.action.ACTION_POWER_CONNECTED flg=0x10000010 }
D/PicasaSyncManager(  957): battery info: true
I/WindowManager(  149): Lock screen displayed!
D/SurfaceFlinger(   78): Screen about to return, flinger = 0x1507918
I/StorageNotification(  219): UMS connection changed to true (media state mounted)
I/StorageNotification(  219): UMS connection changed to true (media state mounted)
D/dalvikvm(  219): GC_FOR_ALLOC freed 201K, 7% free 9981K/10631K, paused 65ms
I/dalvikvm-heap(  219): Grow heap (frag case) to 9.989MB for 182416-byte allocation
D/dalvikvm(  219): GC_FOR_ALLOC freed 19K, 7% free 10140K/10823K, paused 37ms
D/dalvikvm(  219): GC_FOR_ALLOC freed 14K, 6% free 10188K/10823K, paused 31ms
I/dalvikvm-heap(  219): Grow heap (frag case) to 10.193MB for 184336-byte allocation
D/dalvikvm(  219): GC_FOR_ALLOC freed 8K, 6% free 10359K/11015K, paused 23ms
D/dalvikvm(  219): GC_FOR_ALLOC freed 360K, 9% free 10125K/11015K, paused 27ms
D/dalvikvm(  219): GC_FOR_ALLOC freed 330K, 9% free 10111K/11015K, paused 28ms
I/GTalkService/c(  458): [AndroidEndpoint@1094571088] connect: acct=1000000, state=CONNECTING
I/power   (  149): *** set_screen_state 0
D/SurfaceFlinger(   78): About to give-up screen, flinger = 0x1507918
D/dalvikvm(  149): GC_FOR_ALLOC freed 985K, 10% free 13498K/14855K, paused 54ms
D/dalvikvm(  149): GC_FOR_ALLOC freed 69K, 9% free 13585K/14855K, paused 48ms
I/dalvikvm-heap(  149): Grow heap (frag case) to 13.443MB for 104992-byte allocation
D/dalvikvm(  149): GC_FOR_ALLOC freed 2K, 9% free 13685K/14983K, paused 49ms
D/dalvikvm(  149): GC_FOR_ALLOC freed <1K, 9% free 13686K/14983K, paused 46ms
I/dalvikvm-heap(  149): Grow heap (frag case) to 13.541MB for 104992-byte allocation
D/dalvikvm(  149): GC_FOR_ALLOC freed <1K, 9% free 13788K/15111K, paused 47ms
D/dalvikvm(  149): GC_FOR_ALLOC freed <1K, 9% free 13893K/15111K, paused 46ms
V/TransportControlView(  149): Create TCV com.android.internal.widget.TransportControlView@416b64c8
D/dalvikvm(  458): GC_CONCURRENT freed 373K, 7% free 9938K/10631K, paused 16ms+3ms
D/ConnectivityService(  149): handleInetConditionHoldEnd: net=0, condition=100, published condition=0
W/Smack/Packet(  458): notify conn break (IOEx), close connection
D/ConnectivityService(  149): handleInetConditionHoldEnd: net=0, condition=0, published condition=100
I/EventLogService(  458): Aggregate from 1333728230982 (log), 1333728230982 (data)
I/ServiceDumpSys(  458): dumping service [account]
I/GTalkService/c(  458): [AndroidEndpoint@1094571088] connect: acct=1000000, state=CONNECTING
D/dalvikvm(  458): GC_CONCURRENT freed 398K, 7% free 9936K/10631K, paused 2ms+3ms
D/dalvikvm(  149): GC_EXPLICIT freed 732K, 11% free 13604K/15239K, paused 20ms+6ms
D/ConnectivityService(  149): handleInetConditionHoldEnd: net=0, condition=100, published condition=0
W/Smack/Packet(  458): notify conn break (IOEx), close connection
D/ConnectivityService(  149): handleInetConditionHoldEnd: net=0, condition=0, published condition=100
I/GTalkService/c(  458): [AndroidEndpoint@1094571088] connect: acct=1000000, state=CONNECTING
D/ConnectivityService(  149): handleInetConditionHoldEnd: net=0, condition=100, published condition=0
W/Smack/Packet(  458): notify conn break (IOEx), close connection
D/ConnectivityService(  149): handleInetConditionHoldEnd: net=0, condition=0, published condition=100
D/dalvikvm(  219): GC_CONCURRENT freed 190K, 7% free 10307K/11015K, paused 2ms+3ms
I/GTalkService/c(  458): [AndroidEndpoint@1094571088] connect: acct=1000000, state=CONNECTING
D/dalvikvm(  458): GC_CONCURRENT freed 383K, 7% free 9955K/10631K, paused 14ms+3ms
D/ConnectivityService(  149): handleInetConditionHoldEnd: net=0, condition=100, published condition=0
W/Smack/Packet(  458): notify conn break (IOEx), close connection
D/ConnectivityService(  149): handleInetConditionHoldEnd: net=0, condition=0, published condition=100
D/dalvikvm(  994): Debugger has detached; object registry had 1 entries
I/StorageNotification(  219): UMS connection changed to false (media state mounted)
D/dalvikvm(  219): GC_FOR_ALLOC freed 279K, 9% free 10119K/11015K, paused 14ms
D/dalvikvm(  219): GC_FOR_ALLOC freed 188K, 9% free 10110K/11015K, paused 14ms
D/dalvikvm(  219): GC_FOR_ALLOC freed 360K, 9% free 10093K/11015K, paused 14ms
D/dalvikvm(  219): GC_FOR_ALLOC freed 326K, 9% free 10071K/11015K, paused 14ms
D/dalvikvm(  219): GC_FOR_ALLOC freed 395K, 9% free 10045K/11015K, paused 14ms
D/dalvikvm(  219): GC_CONCURRENT freed 463K, 9% free 10075K/11015K, paused 2ms+3ms
I/power   (  149): *** set_screen_state 1
I/WindowManager(  149): Lock screen displayed!
D/PicasaSyncManager(  957): battery info: false
D/dalvikvm(  149): JIT code cache reset in 4 ms (1048500 bytes 1/0)
D/dalvikvm(  149): GC_CONCURRENT freed 1034K, 11% free 13678K/15239K, paused 3ms+12ms
D/SurfaceFlinger(   78): Screen about to return, flinger = 0x1507918
I/GTalkService/c(  458): [AndroidEndpoint@1094571088] connect: acct=1000000, state=CONNECTING
D/dalvikvm(  458): GC_CONCURRENT freed 385K, 7% free 9966K/10631K, paused 7ms+3ms
D/dalvikvm(  458): GC_EXPLICIT freed 39K, 7% free 9930K/10631K, paused 12ms+4ms
D/ConnectivityService(  149): handleInetConditionHoldEnd: net=0, condition=100, published condition=0
W/Smack/Packet(  458): notify conn break (IOEx), close connection
D/ConnectivityService(  149): handleInetConditionHoldEnd: net=0, condition=0, published condition=100
D/dalvikvm(  314): GC_CONCURRENT freed 416K, 6% free 9506K/10055K, paused 21ms+2ms
D/dalvikvm(  149): GC_CONCURRENT freed 1223K, 12% free 13495K/15239K, paused 3ms+5ms
W/PowerUI (  219): unknown intent: Intent { act=android.intent.action.ACTION_POWER_CONNECTED flg=0x10000010 }
D/PicasaSyncManager(  957): battery info: true
I/StorageNotification(  219): UMS connection changed to true (media state mounted)
D/dalvikvm(  219): GC_CONCURRENT freed 389K, 8% free 10197K/11015K, paused 2ms+10ms
I/StorageNotification(  219): UMS connection changed to true (media state mounted)
D/dalvikvm(  219): GC_FOR_ALLOC freed 406K, 9% free 10057K/11015K, paused 15ms
D/dalvikvm(  219): GC_FOR_ALLOC freed 230K, 9% free 10121K/11015K, paused 29ms
I/dalvikvm-heap(  219): Grow heap (frag case) to 10.129MB for 186256-byte allocation
D/dalvikvm(  219): GC_FOR_ALLOC freed 3K, 9% free 10299K/11207K, paused 18ms
D/dalvikvm(  219): GC_FOR_ALLOC freed 143K, 10% free 10185K/11207K, paused 27ms
I/power   (  149): *** set_screen_state 0
D/SurfaceFlinger(   78): About to give-up screen, flinger = 0x1507918
D/dalvikvm(  149): GC_FOR_ALLOC freed 514K, 10% free 13814K/15239K, paused 44ms
I/dalvikvm-heap(  149): Grow heap (frag case) to 13.667MB for 104992-byte allocation
D/dalvikvm(  149): GC_FOR_ALLOC freed 21K, 10% free 13896K/15367K, paused 39ms
D/dalvikvm(  149): GC_FOR_ALLOC freed <1K, 10% free 13897K/15367K, paused 38ms
I/dalvikvm-heap(  149): Grow heap (frag case) to 13.748MB for 104992-byte allocation
D/dalvikvm(  149): GC_FOR_ALLOC freed <1K, 10% free 13999K/15495K, paused 38ms
D/dalvikvm(  149): GC_FOR_ALLOC freed 3K, 10% free 14001K/15495K, paused 38ms
I/dalvikvm-heap(  149): Grow heap (frag case) to 13.849MB for 104992-byte allocation
D/dalvikvm(  149): GC_FOR_ALLOC freed 1K, 10% free 14102K/15623K, paused 37ms
V/TransportControlView(  149): Create TCV com.android.internal.widget.TransportControlView@4176f108
I/GTalkService/c(  458): [AndroidEndpoint@1094571088] connect: acct=1000000, state=CONNECTING
W/Smack/Packet(  458): notify conn break (IOEx), close connection
D/ConnectivityService(  149): handleInetConditionHoldEnd: net=0, condition=0, published condition=0
I/ActivityManager(  149): No longer want com.google.android.music:main (pid 917): hidden #16
D/dalvikvm(  149): GC_FOR_ALLOC freed 1053K, 13% free 13613K/15623K, paused 40ms
I/GTalkService/c(  458): [AndroidEndpoint@1094571088] connect: acct=1000000, state=CONNECTING
D/dalvikvm(  458): GC_CONCURRENT freed 340K, 7% free 9987K/10631K, paused 1ms+2ms
D/ConnectivityService(  149): handleInetConditionHoldEnd: net=0, condition=100, published condition=0
W/Smack/Packet(  458): notify conn break (IOEx), close connection
D/ConnectivityService(  149): handleInetConditionHoldEnd: net=0, condition=0, published condition=100
I/EventLogService(  458): Aggregate from 1333730031143 (log), 1333730031143 (data)
I/ServiceDumpSys(  458): dumping service [account]
D/dalvikvm(  219): GC_CONCURRENT freed 257K, 8% free 10312K/11207K, paused 33ms+2ms
I/GTalkService/c(  458): [AndroidEndpoint@1094571088] connect: acct=1000000, state=CONNECTING
D/dalvikvm(  458): GC_CONCURRENT freed 391K, 7% free 9982K/10631K, paused 14ms+3ms
D/ConnectivityService(  149): handleInetConditionHoldEnd: net=0, condition=100, published condition=0
W/Smack/Packet(  458): notify conn break (IOEx), close connection
D/ConnectivityService(  149): handleInetConditionHoldEnd: net=0, condition=0, published condition=100
I/GTalkService/c(  458): [AndroidEndpoint@1094571088] connect: acct=1000000, state=CONNECTING
D/ConnectivityService(  149): handleInetConditionHoldEnd: net=0, condition=100, published condition=0
W/Smack/Packet(  458): notify conn break (IOEx), close connection
D/ConnectivityService(  149): handleInetConditionHoldEnd: net=0, condition=0, published condition=100
I/GTalkService/c(  458): [AndroidEndpoint@1094571088] connect: acct=1000000, state=CONNECTING
D/dalvikvm(  458): GC_CONCURRENT freed 371K, 6% free 10003K/10631K, paused 2ms+2ms
D/ConnectivityService(  149): handleInetConditionHoldEnd: net=0, condition=100, published condition=0
W/Smack/Packet(  458): notify conn break (IOEx), close connection
D/ConnectivityService(  149): handleInetConditionHoldEnd: net=0, condition=0, published condition=100
I/GTalkService/c(  458): [AndroidEndpoint@1094571088] connect: acct=1000000, state=CONNECTING
D/ConnectivityService(  149): handleInetConditionHoldEnd: net=0, condition=100, published condition=0
W/Smack/Packet(  458): notify conn break (IOEx), close connection
D/ConnectivityService(  149): handleInetConditionHoldEnd: net=0, condition=0, published condition=100
I/GTalkService/c(  458): [AndroidEndpoint@1094571088] connect: acct=1000000, state=CONNECTING
D/dalvikvm(  458): GC_CONCURRENT freed 412K, 7% free 9986K/10631K, paused 14ms+2ms
D/ConnectivityService(  149): handleInetConditionHoldEnd: net=0, condition=100, published condition=0
W/Smack/Packet(  458): notify conn break (IOEx), close connection
D/ConnectivityService(  149): handleInetConditionHoldEnd: net=0, condition=0, published condition=100
I/GTalkService/c(  458): [AndroidEndpoint@1094571088] connect: acct=1000000, state=CONNECTING
D/dalvikvm(  149): GC_EXPLICIT freed 964K, 14% free 13510K/15623K, paused 12ms+5ms
D/dalvikvm(  458): GC_CONCURRENT freed 381K, 6% free 9997K/10631K, paused 2ms+2ms
D/ConnectivityService(  149): handleInetConditionHoldEnd: net=0, condition=100, published condition=0
W/Smack/Packet(  458): notify conn break (IOEx), close connection
D/ConnectivityService(  149): handleInetConditionHoldEnd: net=0, condition=0, published condition=100
I/GTalkService/c(  458): [AndroidEndpoint@1094571088] connect: acct=1000000, state=CONNECTING
D/ConnectivityService(  149): handleInetConditionHoldEnd: net=0, condition=100, published condition=0
W/Smack/Packet(  458): notify conn break (IOEx), close connection
D/ConnectivityService(  149): handleInetConditionHoldEnd: net=0, condition=0, published condition=100
I/GTalkService/c(  458): [AndroidEndpoint@1094571088] connect: acct=1000000, state=CONNECTING
D/dalvikvm(  458): GC_CONCURRENT freed 369K, 6% free 10022K/10631K, paused 2ms+2ms
D/ConnectivityService(  149): handleInetConditionHoldEnd: net=0, condition=100, published condition=0
W/Smack/Packet(  458): notify conn break (IOEx), close connection
D/ConnectivityService(  149): handleInetConditionHoldEnd: net=0, condition=0, published condition=100
I/GTalkService/c(  458): [AndroidEndpoint@1094571088] connect: acct=1000000, state=CONNECTING
D/ConnectivityService(  149): handleInetConditionHoldEnd: net=0, condition=100, published condition=0
W/Smack/Packet(  458): notify conn break (IOEx), close connection
D/ConnectivityService(  149): handleInetConditionHoldEnd: net=0, condition=0, published condition=100
I/GTalkService/c(  458): [AndroidEndpoint@1094571088] connect: acct=1000000, state=CONNECTING
D/dalvikvm(  458): GC_CONCURRENT freed 414K, 6% free 10002K/10631K, paused 14ms+3ms
D/ConnectivityService(  149): handleInetConditionHoldEnd: net=0, condition=100, published condition=0
W/Smack/Packet(  458): notify conn break (IOEx), close connection
D/ConnectivityService(  149): handleInetConditionHoldEnd: net=0, condition=0, published condition=100
I/GTalkService/c(  458): [AndroidEndpoint@1094571088] connect: acct=1000000, state=CONNECTING
D/dalvikvm(  458): GC_CONCURRENT freed 380K, 6% free 10015K/10631K, paused 2ms+2ms
D/ConnectivityService(  149): handleInetConditionHoldEnd: net=0, condition=100, published condition=0
W/Smack/Packet(  458): notify conn break (IOEx), close connection
D/ConnectivityService(  149): handleInetConditionHoldEnd: net=0, condition=0, published condition=100
I/GTalkService/c(  458): [AndroidEndpoint@1094571088] connect: acct=1000000, state=CONNECTING
D/ConnectivityService(  149): handleInetConditionHoldEnd: net=0, condition=100, published condition=0
W/Smack/Packet(  458): notify conn break (IOEx), close connection
D/ConnectivityService(  149): handleInetConditionHoldEnd: net=0, condition=0, published condition=100
I/GTalkService/c(  458): [AndroidEndpoint@1094571088] connect: acct=1000000, state=CONNECTING
D/dalvikvm(  458): GC_CONCURRENT freed 369K, 6% free 10039K/10631K, paused 2ms+4ms
D/ConnectivityService(  149): handleInetConditionHoldEnd: net=0, condition=100, published condition=0
W/Smack/Packet(  458): notify conn break (IOEx), close connection
D/ConnectivityService(  149): handleInetConditionHoldEnd: net=0, condition=0, published condition=100
I/GTalkService/c(  458): [AndroidEndpoint@1094571088] connect: acct=1000000, state=CONNECTING
W/Smack/Packet(  458): notify conn break (IOEx), close connection
D/ConnectivityService(  149): handleInetConditionHoldEnd: net=0, condition=0, published condition=0
I/GTalkService/c(  458): [AndroidEndpoint@1094571088] connect: acct=1000000, state=CONNECTING
D/dalvikvm(  458): GC_CONCURRENT freed 411K, 6% free 10021K/10631K, paused 14ms+3ms
D/ConnectivityService(  149): handleInetConditionHoldEnd: net=0, condition=100, published condition=0
W/Smack/Packet(  458): notify conn break (IOEx), close connection
D/ConnectivityService(  149): handleInetConditionHoldEnd: net=0, condition=0, published condition=100
I/GTalkService/c(  458): [AndroidEndpoint@1094571088] connect: acct=1000000, state=CONNECTING
D/dalvikvm(  458): GC_CONCURRENT freed 381K, 6% free 10033K/10631K, paused 1ms+3ms
