W/Smack/Packet(  458): notify conn break (IOEx), close connection
D/ConnectivityService(  149): handleInetConditionHoldEnd: net=0, condition=0, published condition=0
I/GTalkService/c(  458): [AndroidEndpoint@1094571088] connect: acct=1000000, state=CONNECTING
D/ConnectivityService(  149): handleInetConditionHoldEnd: net=0, condition=100, published condition=0
W/Smack/Packet(  458): notify conn break (IOEx), close connection
D/ConnectivityService(  149): handleInetConditionHoldEnd: net=0, condition=0, published condition=100
I/GTalkService/c(  458): [AndroidEndpoint@1094571088] connect: acct=1000000, state=CONNECTING
D/dalvikvm(  458): GC_CONCURRENT freed 370K, 6% free 10056K/10631K, paused 2ms+2ms
D/ConnectivityService(  149): handleInetConditionHoldEnd: net=0, condition=100, published condition=0
W/Smack/Packet(  458): notify conn break (IOEx), close connection
D/ConnectivityService(  149): handleInetConditionHoldEnd: net=0, condition=0, published condition=100
D/dalvikvm(  149): GC_CONCURRENT freed 959K, 14% free 13547K/15623K, paused 2ms+5ms
I/GTalkService/c(  458): [AndroidEndpoint@1094571088] connect: acct=1000000, state=CONNECTING
D/ConnectivityService(  149): handleInetConditionHoldEnd: net=0, condition=100, published condition=0
W/Smack/Packet(  458): notify conn break (IOEx), close connection
D/ConnectivityService(  149): handleInetConditionHoldEnd: net=0, condition=0, published condition=100
I/GTalkService/c(  458): [AndroidEndpoint@1094571088] connect: acct=1000000, state=CONNECTING
D/dalvikvm(  458): GC_CONCURRENT freed 451K, 6% free 10059K/10631K, paused 2ms+4ms
D/ConnectivityService(  149): handleInetConditionHoldEnd: net=0, condition=100, published condition=0
W/Smack/Packet(  458): notify conn break (IOEx), close connection
D/ConnectivityService(  149): handleInetConditionHoldEnd: net=0, condition=0, published condition=100
D/AlarmManagerService(  149): Kernel timezone updated to 240 minutes west of GMT
D/SystemClock(  314): Setting time of day to sec=1333733474
D/dalvikvm(  219): GC_CONCURRENT freed 384K, 8% free 10317K/11207K, paused 1ms+3ms
V/AlarmClock( 1333): AlarmInitReceiver finished
D/dalvikvm(  149): GC_EXPLICIT freed 809K, 14% free 13506K/15623K, paused 3ms+6ms
I/EventLogService(  458): Aggregate from 1333731831233 (log), 1333731831233 (data)
I/ServiceDumpSys(  458): dumping service [account]
I/GTalkService/c(  458): [AndroidEndpoint@1094571088] connect: acct=1000000, state=CONNECTING
D/dalvikvm(  458): GC_CONCURRENT freed 446K, 7% free 10050K/10695K, paused 14ms+3ms
D/ConnectivityService(  149): handleInetConditionHoldEnd: net=0, condition=100, published condition=0
W/Smack/Packet(  458): notify conn break (IOEx), close connection
D/ConnectivityService(  149): handleInetConditionHoldEnd: net=0, condition=0, published condition=100
D/dalvikvm(  314): GC_CONCURRENT freed 418K, 6% free 9507K/10055K, paused 1ms+2ms
I/CheckinService(  458): Preparing to send checkin request
I/EventLogService(  458): Accumulating logs since 1333733631339
I/CheckinTask(  458): Sending checkin request (1714 bytes)
D/dalvikvm(  458): GC_CONCURRENT freed 392K, 6% free 10060K/10695K, paused 2ms+2ms
I/CheckinTask(  458): From server: 199 gservices
I/GservicesProvider(  458): main update completed
I/ActivityManager(  149): Start proc com.google.android.partnersetup for broadcast com.google.android.partnersetup/.GservicesChangedReceiver: pid=1525 uid=10022 gids={3003}
I/ActivityThread( 1525): Pub com.google.android.partnersetup.rlzprovider: com.google.android.partnersetup.RlzProvider
I/ActivityThread( 1525): Pub com.google.android.partnersetup.rlzappprovider: com.google.android.partnersetup.RlzAppProvider
I/SystemUpdateService(  458): cancelUpdate (update URL has changed)
I/ActivityManager(  149): Start proc com.google.android.voicesearch for broadcast com.google.android.voicesearch/.GservicesBroadcastReceiver: pid=1543 uid=10056 gids={3002, 3003, 1015}
I/ActivityManager(  149): START {flg=0x10000000 cmp=com.google.android.gsf/.update.SystemUpdateInstallDialog} from pid 458
I/ActivityThread( 1543): Pub com.google.android.voicesearch: com.google.android.voicesearch.AudioProvider
I/ActivityManager(  149): START {flg=0x10000000 cmp=com.google.android.gsf/.update.SystemUpdateDownloadDialog} from pid 458
D/dalvikvm(  458): GC_CONCURRENT freed 288K, 5% free 10214K/10695K, paused 2ms+3ms
I/PersonalizationPrefManagerImpl( 1543): No google account found
I/SystemUpdateService(  458): starting download of http://android.clients.google.com/packages/ota/google_crespo/hR7QFEtn.zip
V/SystemUpdateService(  458): retry (wakeup: true) in 21599999 ms
I/VoiceImeLanguageUpdater( 1543): #internalUpdateLanguages #56
I/CheckinTask(  458): Checkin success: https://android.clients.google.com/checkin (1 requests sent)
I/SystemUpdate.Download(  458): Started a new update download: http://android.clients.google.com/packages/ota/google_crespo/hR7QFEtn.zip (id 14; allowMobile=false)
V/SystemUpdateService(  458): onPostExecute: false
D/dalvikvm(  458): GC_EXPLICIT freed 419K, 7% free 10107K/10759K, paused 2ms+3ms
I/DownloadManager(  266): Initiating request for download 14
W/DownloadManager(  266): Aborting request for download 14: download was requested to not use the current network type
W/ActivityManager(  149): Activity idle timeout for ActivityRecord{417582f0 com.google.android.gsf/.update.SystemUpdateInstallDialog}
I/ActivityManager(  149): No longer want net.szym.barnacle (pid 994): hidden #16
D/dalvikvm(  149): GC_CONCURRENT freed 985K, 13% free 13651K/15623K, paused 2ms+6ms
I/WindowManager(  149): WIN DEATH: Window{416edce0 net.szym.barnacle/net.szym.barnacle.StatusActivity paused=false}
W/ActivityManager(  149): Scheduling restart of crashed service net.szym.barnacle/.BarnacleService in 5000ms
W/Netd    (   75): No subsystem found in netlink event
D/NetlinkEvent(   75): Unexpected netlink message. type=0x11
D/dalvikvm( 1564): Late-enabling CheckJNI
I/ActivityManager(  149): Start proc net.szym.barnacle for service net.szym.barnacle/.BarnacleService: pid=1564 uid=10065 gids={3003}
I/dalvikvm( 1564): Turning on JNI app bug workarounds for target SDK version 6...
D/myBarnacleApp( 1564): onCreate
W/myBarnacleApp( 1564): serviceStarted
I/BarnacleService( 1564): log: Starting...
I/BarnacleService( 1564): log: hq. MSG_NETSCHANGE. about to get getWifiState
I/BarnacleService( 1564): log: hq. BarnacleServiceNETSCHANGE: 2 1 null
E/BarnacleService( 1564): NETSCHANGE: 2 1 null
I/BarnacleService( 1564): log: hq. wifiState 2 =? WifiManager.WIFI_STATE_DISABLED = 1
I/BarnacleService( 1564): log: hq. Wifi state Enabled! :( the else before STATE_STARTING
I/BarnacleService( 1564): log: hq if state == STATE_STARTING, turn off wifi
I/BarnacleService( 1564): log: Waiting until Wifi is disabled
I/BarnacleService( 1564): log: hq. MSG_NETSCHANGE. about to get getWifiState
I/BarnacleService( 1564): log: hq. BarnacleServiceNETSCHANGE: 2 1 null
E/BarnacleService( 1564): NETSCHANGE: 2 1 null
I/BarnacleService( 1564): log: hq. wifiState 2 =? WifiManager.WIFI_STATE_DISABLED = 1
I/BarnacleService( 1564): log: hq. Wifi state Enabled! :( the else before STATE_STARTING
I/BarnacleService( 1564): log: hq if state == STATE_STARTING, turn off wifi
I/BarnacleService( 1564): log: Waiting until Wifi is disabled
I/BarnacleService( 1564): log: hq. MSG_NETSCHANGE. about to get getWifiState
I/BarnacleService( 1564): log: hq. BarnacleServiceNETSCHANGE: 2 1 null
E/BarnacleService( 1564): NETSCHANGE: 2 1 null
I/BarnacleService( 1564): log: hq. wifiState 2 =? WifiManager.WIFI_STATE_DISABLED = 1
I/BarnacleService( 1564): log: hq. Wifi state Enabled! :( the else before STATE_STARTING
I/BarnacleService( 1564): log: hq if state == STATE_STARTING, turn off wifi
I/BarnacleService( 1564): log: Waiting until Wifi is disabled
D/SoftapController(   75): Softap fwReload - Ok
D/CommandListener(   75): Setting iface cfg
D/CommandListener(   75): Trying to bring down wlan0
D/CommandListener(   75): broadcast flag ignored
D/CommandListener(   75): multicast flag ignored
D/NetworkManagementService(  149): rsp <213 00:90:4c:11:22:33 0.0.0.0 0 [down broadcast multicast]>
D/NetworkManagementService(  149): flags <[down broadcast multicast]>
I/wpa_supplicant( 1589): CTRL-EVENT-TERMINATING - signal 0 received
I/wpa_supplicant( 1589): CTRL-EVENT-STATE-CHANGE id=-1 state=0 BSSID=00:00:00:00:00:00
D/CommandListener(   75): Clearing all IP addresses on wlan0
I/BarnacleService( 1564): log: hq. MSG_NETSCHANGE. about to get getWifiState
I/BarnacleService( 1564): log: hq. BarnacleServiceNETSCHANGE: 0 1 null
E/BarnacleService( 1564): NETSCHANGE: 0 1 null
I/BarnacleService( 1564): log: hq. wifiState 0 =? WifiManager.WIFI_STATE_DISABLED = 1
I/BarnacleService( 1564): log: hq. Wifi state Enabled! :( the else before STATE_STARTING
I/BarnacleService( 1564): log: hq if state == STATE_STARTING, turn off wifi
I/BarnacleService( 1564): log: hq. MSG_NETSCHANGE. about to get getWifiState
I/BarnacleService( 1564): log: hq. BarnacleServiceNETSCHANGE: 0 1 null
E/BarnacleService( 1564): NETSCHANGE: 0 1 null
I/BarnacleService( 1564): log: hq. wifiState 0 =? WifiManager.WIFI_STATE_DISABLED = 1
I/BarnacleService( 1564): log: hq. Wifi state Enabled! :( the else before STATE_STARTING
I/BarnacleService( 1564): log: hq if state == STATE_STARTING, turn off wifi
D/NetlinkEvent(   75): Unexpected netlink message. type=0x11
W/Netd    (   75): No subsystem found in netlink event
I/BarnacleService( 1564): log: hq. MSG_NETSCHANGE. about to get getWifiState
I/BarnacleService( 1564): log: hq. BarnacleServiceNETSCHANGE: 1 1 null
E/BarnacleService( 1564): NETSCHANGE: 1 1 null
I/BarnacleService( 1564): log: hq. wifiState 1 =? WifiManager.WIFI_STATE_DISABLED = 1
I/BarnacleService( 1564): log: hq. INSIDE :) wifi state disabled
I/BarnacleService( 1564): log: ( (state = 1) ?== (STATE_STARTING = 1) ) && ( (process = proc_is_null) ?== null ... && checkUplink:
I/BarnacleService( 1564): log: hq. :D:D:D:D in state == STATE STARTING and no proccess and checkuplink :D:D:D
I/BarnacleService( 1564): log: Data network is ready
I/BarnacleService( 1564): log: .ini file prepared
I/BarnacleService( 1564): log: hq. :):):):):) :D:D:D:D:D:D about to startProcess()
I/BarnacleService( 1564): log: hq==============
I/BarnacleService( 1564): BarnacleService: startProcess()
I/BarnacleService( 1564): log: hq     pb = new ProcessBuilder
I/BarnacleService( 1564): log: hq     ./File_SCRIPT
I/BarnacleService( 1564): log: hq     pb.start()
I/BarnacleService( 1564): log: hq     new Thread 0 OUTPUT
I/BarnacleService( 1564): log: hq     new Thread 1 ERROR
I/BarnacleService( 1564): log: hq     threads 0 start
I/BarnacleService( 1564): log: hq     threads 1 start
D/su      ( 1594): 10065 net.szym.barnacle executing 0 /data/data/net.szym.barnacle/files/run using shell /system/bin/sh : sh
E/ActivityManager(  149): Activity Manager Crash
E/ActivityManager(  149): java.lang.IllegalArgumentException: Unknown URI type: 7
E/ActivityManager(  149): 	at android.net.Uri$1.createFromParcel(Uri.java:1734)
E/ActivityManager(  149): 	at android.net.Uri$1.createFromParcel(Uri.java:1723)
E/ActivityManager(  149): 	at android.content.Intent.readFromParcel(Intent.java:6131)
E/ActivityManager(  149): 	at android.content.Intent.<init>(Intent.java:6126)
E/ActivityManager(  149): 	at android.content.Intent.readFromParcel(Intent.java:6153)
E/ActivityManager(  149): 	at android.content.Intent.<init>(Intent.java:6126)
E/ActivityManager(  149): 	at android.content.Intent$1.createFromParcel(Intent.java:6117)
E/ActivityManager(  149): 	at android.content.Intent$1.createFromParcel(Intent.java:6115)
E/ActivityManager(  149): 	at android.app.ActivityManagerNative.onTransact(ActivityManagerNative.java:298)
E/ActivityManager(  149): 	at com.android.server.am.ActivityManagerService.onTransact(ActivityManagerService.java:1545)
E/ActivityManager(  149): 	at android.os.Binder.execTransact(Binder.java:338)
E/ActivityManager(  149): 	at dalvik.system.NativeStart.run(Native Method)
I/BarnacleService( 1564): log: WIFI: driver loaded
D/barnacle( 1611): WIFI: Could not set freq: Invalid argument
D/barnacle( 1611): WIFI: Could not set freq: Invalid argument
I/BarnacleService( 1564): log: Running...
W/myBarnacleApp( 1564): processStarted
D/barnacle( 1611): WIFI: WLEXT assoc
I/GTalkService/c(  458): [AndroidEndpoint@1094571088] connect: acct=1000001, state=CONNECTING
D/ConnectivityService(  149): handleInetConditionHoldEnd: net=0, condition=100, published condition=0
W/Smack/Packet(  458): notify conn break (IOEx), close connection
D/ConnectivityService(  149): handleInetConditionHoldEnd: net=0, condition=0, published condition=100
I/GTalkService/c(  458): [AndroidEndpoint@1094571088] connect: acct=1000001, state=CONNECTING
D/dalvikvm(  458): GC_CONCURRENT freed 456K, 7% free 10061K/10759K, paused 14ms+3ms
D/ConnectivityService(  149): handleInetConditionHoldEnd: net=0, condition=100, published condition=0
W/Smack/Packet(  458): notify conn break (IOEx), close connection
D/ConnectivityService(  149): handleInetConditionHoldEnd: net=0, condition=0, published condition=100
I/GTalkService/c(  458): [AndroidEndpoint@1094571088] connect: acct=1000001, state=CONNECTING
D/ConnectivityService(  149): handleInetConditionHoldEnd: net=0, condition=100, published condition=0
W/Smack/Packet(  458): notify conn break (IOEx), close connection
D/ConnectivityService(  149): handleInetConditionHoldEnd: net=0, condition=0, published condition=100
I/GTalkService/c(  458): [AndroidEndpoint@1094571088] connect: acct=1000001, state=CONNECTING
D/dalvikvm(  458): GC_CONCURRENT freed 418K, 7% free 10028K/10759K, paused 14ms+3ms
D/ConnectivityService(  149): handleInetConditionHoldEnd: net=0, condition=100, published condition=0
W/Smack/Packet(  458): notify conn break (IOEx), close connection
D/ConnectivityService(  149): handleInetConditionHoldEnd: net=0, condition=0, published condition=100
I/GTalkService/c(  458): [AndroidEndpoint@1094571088] connect: acct=1000001, state=CONNECTING
D/dalvikvm(  458): GC_CONCURRENT freed 387K, 7% free 10057K/10759K, paused 14ms+2ms
D/ConnectivityService(  149): handleInetConditionHoldEnd: net=0, condition=100, published condition=0
W/Smack/Packet(  458): notify conn break (IOEx), close connection
D/ConnectivityService(  149): handleInetConditionHoldEnd: net=0, condition=0, published condition=100
D/dalvikvm(  149): GC_EXPLICIT freed 902K, 14% free 13556K/15623K, paused 20ms+6ms
I/GTalkService/c(  458): [AndroidEndpoint@1094571088] connect: acct=1000001, state=CONNECTING
D/ConnectivityService(  149): handleInetConditionHoldEnd: net=0, condition=100, published condition=0
W/Smack/Packet(  458): notify conn break (IOEx), close connection
D/ConnectivityService(  149): handleInetConditionHoldEnd: net=0, condition=0, published condition=100
I/GTalkService/c(  458): [AndroidEndpoint@1094571088] connect: acct=1000001, state=CONNECTING
D/dalvikvm(  458): GC_CONCURRENT freed 393K, 7% free 10069K/10759K, paused 2ms+3ms
D/ConnectivityService(  149): handleInetConditionHoldEnd: net=0, condition=100, published condition=0
W/Smack/Packet(  458): notify conn break (IOEx), close connection
D/ConnectivityService(  149): handleInetConditionHoldEnd: net=0, condition=0, published condition=100
I/GTalkService/c(  458): [AndroidEndpoint@1094571088] connect: acct=1000001, state=CONNECTING
D/ConnectivityService(  149): handleInetConditionHoldEnd: net=0, condition=100, published condition=0
W/Smack/Packet(  458): notify conn break (IOEx), close connection
D/ConnectivityService(  149): handleInetConditionHoldEnd: net=0, condition=0, published condition=100
I/GTalkService/c(  458): [AndroidEndpoint@1094571088] connect: acct=1000001, state=CONNECTING
D/dalvikvm(  458): GC_CONCURRENT freed 413K, 7% free 10044K/10759K, paused 14ms+2ms
D/ConnectivityService(  149): handleInetConditionHoldEnd: net=0, condition=100, published condition=0
W/Smack/Packet(  458): notify conn break (IOEx), close connection
D/ConnectivityService(  149): handleInetConditionHoldEnd: net=0, condition=0, published condition=100
I/GTalkService/c(  458): [AndroidEndpoint@1094571088] connect: acct=1000001, state=CONNECTING
D/dalvikvm(  458): GC_CONCURRENT freed 384K, 7% free 10047K/10759K, paused 1ms+4ms
D/ConnectivityService(  149): handleInetConditionHoldEnd: net=0, condition=100, published condition=0
W/Smack/Packet(  458): notify conn break (IOEx), close connection
D/ConnectivityService(  149): handleInetConditionHoldEnd: net=0, condition=0, published condition=100
I/GTalkService/c(  458): [AndroidEndpoint@1094571088] connect: acct=1000001, state=CONNECTING
D/ConnectivityService(  149): handleInetConditionHoldEnd: net=0, condition=100, published condition=0
W/Smack/Packet(  458): notify conn break (IOEx), close connection
D/ConnectivityService(  149): handleInetConditionHoldEnd: net=0, condition=0, published condition=100
I/GTalkService/c(  458): [AndroidEndpoint@1094571088] connect: acct=1000001, state=CONNECTING
D/dalvikvm(  458): GC_CONCURRENT freed 386K, 7% free 10067K/10759K, paused 2ms+3ms
D/ConnectivityService(  149): handleInetConditionHoldEnd: net=0, condition=100, published condition=0
W/Smack/Packet(  458): notify conn break (IOEx), close connection
D/ConnectivityService(  149): handleInetConditionHoldEnd: net=0, condition=0, published condition=100
I/GTalkService/c(  458): [AndroidEndpoint@1094571088] connect: acct=1000001, state=CONNECTING
D/ConnectivityService(  149): handleInetConditionHoldEnd: net=0, condition=100, published condition=0
W/Smack/Packet(  458): notify conn break (IOEx), close connection
D/ConnectivityService(  149): handleInetConditionHoldEnd: net=0, condition=0, published condition=100
I/GTalkService/c(  458): [AndroidEndpoint@1094571088] connect: acct=1000001, state=CONNECTING
D/dalvikvm(  458): GC_CONCURRENT freed 412K, 7% free 10049K/10759K, paused 14ms+3ms
E/GTalkService(  458): connectionClosed: no XMPPConnection - That's strange!
D/ConnectivityService(  149): handleInetConditionHoldEnd: net=0, condition=0, published condition=0
D/dalvikvm( 1268): GC_CONCURRENT freed 382K, 7% free 10011K/10695K, paused 12ms+2ms
I/GTalkService/c(  458): [AndroidEndpoint@1094571088] connect: acct=1000001, state=CONNECTING
D/ConnectivityService(  149): handleInetConditionHoldEnd: net=0, condition=100, published condition=0
W/Smack/Packet(  458): notify conn break (IOEx), close connection
D/ConnectivityService(  149): handleInetConditionHoldEnd: net=0, condition=0, published condition=100
I/GTalkService/c(  458): [AndroidEndpoint@1094571088] connect: acct=1000001, state=CONNECTING
D/dalvikvm(  458): GC_CONCURRENT freed 398K, 7% free 10041K/10759K, paused 14ms+3ms
D/ConnectivityService(  149): handleInetConditionHoldEnd: net=0, condition=100, published condition=0
W/Smack/Packet(  458): notify conn break (IOEx), close connection
D/ConnectivityService(  149): handleInetConditionHoldEnd: net=0, condition=0, published condition=100
I/GTalkService/c(  458): [AndroidEndpoint@1094571088] connect: acct=1000001, state=CONNECTING
D/ConnectivityService(  149): handleInetConditionHoldEnd: net=0, condition=100, published condition=0
W/Smack/Packet(  458): notify conn break (IOEx), close connection
D/ConnectivityService(  149): handleInetConditionHoldEnd: net=0, condition=0, published condition=100
I/GTalkService/c(  458): [AndroidEndpoint@1094571088] connect: acct=1000001, state=CONNECTING
D/dalvikvm(  458): GC_CONCURRENT freed 376K, 7% free 10054K/10759K, paused 14ms+3ms
D/ConnectivityService(  149): handleInetConditionHoldEnd: net=0, condition=100, published condition=0
W/Smack/Packet(  458): notify conn break (IOEx), close connection
D/ConnectivityService(  149): handleInetConditionHoldEnd: net=0, condition=0, published condition=100
I/GTalkService/c(  458): [AndroidEndpoint@1094571088] connect: acct=1000001, state=CONNECTING
D/dalvikvm(  458): GC_CONCURRENT freed 380K, 7% free 10060K/10759K, paused 13ms+3ms
D/ConnectivityService(  149): handleInetConditionHoldEnd: net=0, condition=100, published condition=0
W/Smack/Packet(  458): notify conn break (IOEx), close connection
D/ConnectivityService(  149): handleInetConditionHoldEnd: net=0, condition=0, published condition=100
I/GTalkService/c(  458): [AndroidEndpoint@1094571088] connect: acct=1000001, state=CONNECTING
D/ConnectivityService(  149): handleInetConditionHoldEnd: net=0, condition=100, published condition=0
W/Smack/Packet(  458): notify conn break (IOEx), close connection
D/ConnectivityService(  149): handleInetConditionHoldEnd: net=0, condition=0, published condition=100
I/GTalkService/c(  458): [AndroidEndpoint@1094571088] connect: acct=1000001, state=CONNECTING
D/dalvikvm(  458): GC_CONCURRENT freed 378K, 7% free 10074K/10759K, paused 2ms+3ms
D/ConnectivityService(  149): handleInetConditionHoldEnd: net=0, condition=100, published condition=0
W/Smack/Packet(  458): notify conn break (IOEx), close connection
D/ConnectivityService(  149): handleInetConditionHoldEnd: net=0, condition=0, published condition=100
W/NetworkStats(  149): dropping UID delta from unknown iface: iface=wlan0 uid=0 set=DEFAULT tag=0x0 rxBytes=0 rxPackets=0 txBytes=524 txPackets=8 operations=0
D/dalvikvm(  149): GC_CONCURRENT freed 1043K, 13% free 13593K/15623K, paused 17ms+5ms
I/GTalkService/c(  458): [AndroidEndpoint@1094571088] connect: acct=1000001, state=CONNECTING
D/dalvikvm(  219): GC_CONCURRENT freed 379K, 8% free 10324K/11207K, paused 1ms+3ms
D/ConnectivityService(  149): handleInetConditionHoldEnd: net=0, condition=100, published condition=0
W/Smack/Packet(  458): notify conn break (IOEx), close connection
D/ConnectivityService(  149): handleInetConditionHoldEnd: net=0, condition=0, published condition=100
D/dalvikvm(  149): GC_EXPLICIT freed 469K, 14% free 13499K/15623K, paused 13ms+5ms
I/GTalkService/c(  458): [AndroidEndpoint@1094571088] connect: acct=1000001, state=CONNECTING
D/dalvikvm(  458): GC_CONCURRENT freed 417K, 7% free 10053K/10759K, paused 13ms+3ms
D/ConnectivityService(  149): handleInetConditionHoldEnd: net=0, condition=100, published condition=0
W/Smack/Packet(  458): notify conn break (IOEx), close connection
D/ConnectivityService(  149): handleInetConditionHoldEnd: net=0, condition=0, published condition=100
I/EventLogService(  458): Aggregate from 1333733918419 (log), 1333733631339 (data)
I/ServiceDumpSys(  458): dumping service [account]
I/GTalkService/c(  458): [AndroidEndpoint@1094571088] connect: acct=1000001, state=CONNECTING
D/dalvikvm(  458): GC_CONCURRENT freed 400K, 7% free 10046K/10759K, paused 2ms+3ms
D/ConnectivityService(  149): handleInetConditionHoldEnd: net=0, condition=100, published condition=0
W/Smack/Packet(  458): notify conn break (IOEx), close connection
D/ConnectivityService(  149): handleInetConditionHoldEnd: net=0, condition=0, published condition=100
D/dalvikvm( 1240): GC_CONCURRENT freed 398K, 5% free 10161K/10695K, paused 2ms+2ms
I/ActivityManager(  149): No longer want com.android.vending (pid 849): hidden #16
I/WindowManager(  149): WIN DEATH: Window{415ca840 com.android.vending/com.android.vending.AssetBrowserActivity paused=false}
I/ActivityManager(  149): No longer want com.google.android.apps.maps:NetworkLocationService (pid 1268): hidden #16
W/ActivityManager(  149): Scheduling restart of crashed service com.google.android.apps.maps/com.google.android.location.internal.server.NetworkLocationService in 5000ms
D/dalvikvm(  149): GC_CONCURRENT freed 1029K, 14% free 13531K/15623K, paused 3ms+5ms
I/ActivityManager(  149): Start proc com.google.android.apps.maps:NetworkLocationService for service com.google.android.apps.maps/com.google.android.location.internal.server.NetworkLocationService: pid=1717 uid=10032 gids={3003, 1015}
I/dalvikvm( 1717): Turning on JNI app bug workarounds for target SDK version 13...
D/dalvikvm( 1717): GC_CONCURRENT freed 161K, 3% free 9372K/9607K, paused 2ms+3ms
D/dalvikvm( 1717): GC_CONCURRENT freed 181K, 3% free 9734K/9991K, paused 2ms+3ms
D/dalvikvm( 1717): GC_CONCURRENT freed 170K, 3% free 10126K/10375K, paused 2ms+2ms
D/SoftapController(   75): Softap fwReload - Ok
D/CommandListener(   75): Setting iface cfg
D/CommandListener(   75): Trying to bring down wlan0
D/NetworkManagementService(  149): rsp <213 78:d6:f0:0f:0a:f7 192.168.5.109 24 [up broadcast running multicast]>
D/NetworkManagementService(  149): flags <[up broadcast running multicast]>
D/CommandListener(   75): broadcast flag ignored
E/WifiStateMachine(  149): Unable to change interface settings: java.lang.IllegalStateException: Unable to communicate with native daemon to interface setcfg - com.android.server.NativeDaemonConnectorException: Cmd {interface setcfg wlan0 192.168.5.109 24 [down broadcast running multicast]} failed with code 501 : {Flag unsupported}
I/BarnacleService( 1564): log: hq. MSG_NETSCHANGE. about to get getWifiState
I/BarnacleService( 1564): log: hq. BarnacleServiceNETSCHANGE: 2 2 proc
E/BarnacleService( 1564): NETSCHANGE: 2 2 proc
I/BarnacleService( 1564): log: hq. wifiState 2 =? WifiManager.WIFI_STATE_DISABLED = 1
I/BarnacleService( 1564): log: hq. Wifi state Enabled! :( the else before STATE_STARTING
I/BarnacleService( 1564): log: Wifi Manager is interfering with Barnacle!
I/BarnacleService( 1564): log: Restarting...
I/System.out( 1717): [INFO:526]: c: Running flush
D/dalvikvm( 1717): GC_CONCURRENT freed 785K, 9% free 9891K/10759K, paused 1ms+3ms
D/dalvikvm( 1717): GC_FOR_ALLOC freed 14K, 9% free 9877K/10759K, paused 16ms
I/dalvikvm-heap( 1717): Grow heap (frag case) to 9.748MB for 32784-byte allocation
D/dalvikvm( 1717): GC_FOR_ALLOC freed 1K, 9% free 9908K/10823K, paused 15ms
I/System.out( 1717): [INFO:585]: c: Sending payload [bytes=288]
E/wpa_supplicant( 1739): ioctl[SIOCSIWMODE]
I/wpa_supplicant( 1739): CTRL-EVENT-STATE-CHANGE id=-1 state=2 BSSID=00:00:00:00:00:00
E/WifiStateMachine(  149): set suspend optimizations failed!
E/WifiStateMachine(  149): set power mode auto failed!
I/System.out( 1717): [INFO:5585]: c: Running delayed flush
I/System.out( 1717): [INFO:5595]: c: Running flush
W/Netd    (   75): No subsystem found in netlink event
D/NetlinkEvent(   75): Unexpected netlink message. type=0x11
I/System.out( 1717): [INFO:6041]: c: Response [http=200,length=91]
I/System.out( 1717): [INFO:6059]: c: Read id 1, status code 200
I/BarnacleService( 1564): Process exited with status: 0
I/System  ( 1564): Failed to destroy process 1594
I/System  ( 1564): libcore.io.ErrnoException: kill failed: ESRCH (No such process)
I/System  ( 1564): 	at libcore.io.Posix.kill(Native Method)
I/System  ( 1564): 	at libcore.io.ForwardingOs.kill(ForwardingOs.java:77)
I/System  ( 1564): 	at java.lang.ProcessManager$ProcessImpl.destroy(ProcessManager.java:257)
I/System  ( 1564): 	at net.szym.barnacle.BarnacleService.stopProcess(BarnacleService.java:584)
I/System  ( 1564): 	at net.szym.barnacle.BarnacleService.handle(BarnacleService.java:347)
I/System  ( 1564): 	at net.szym.barnacle.BarnacleService.access$1(BarnacleService.java:211)
I/System  ( 1564): 	at net.szym.barnacle.BarnacleService$2.handleMessage(BarnacleService.java:208)
I/System  ( 1564): 	at android.os.Handler.dispatchMessage(Handler.java:99)
I/System  ( 1564): 	at android.os.Looper.loop(Looper.java:137)
I/System  ( 1564): 	at android.app.ActivityThread.main(ActivityThread.java:4424)
I/System  ( 1564): 	at java.lang.reflect.Method.invokeNative(Native Method)
I/System  ( 1564): 	at java.lang.reflect.Method.invoke(Method.java:511)
I/System  ( 1564): 	at com.android.internal.os.ZygoteInit$MethodAndArgsCaller.run(ZygoteInit.java:784)
I/System  ( 1564): 	at com.android.internal.os.ZygoteInit.main(ZygoteInit.java:551)
I/System  ( 1564): 	at dalvik.system.NativeStart.main(Native Method)
E/WifiStateMachine(  149): Failed to stop supplicant
D/CommandListener(   75): Clearing all IP addresses on wlan0
E/CommandListener(   75): Failed to open /proc/sys/net/ipv6/conf/wlan0/disable_ipv6: No such file or directory
E/WifiStateMachine(  149): Failed to clear addresses or disable ipv6java.lang.IllegalStateException: Unable to communicate to native daemon for disabling ipv6
I/BarnacleService( 1564): log: hq. MSG_NETSCHANGE. about to get getWifiState
I/BarnacleService( 1564): log: hq. BarnacleServiceNETSCHANGE: 0 1 null
E/BarnacleService( 1564): NETSCHANGE: 0 1 null
I/BarnacleService( 1564): log: hq. wifiState 0 =? WifiManager.WIFI_STATE_DISABLED = 1
I/BarnacleService( 1564): log: hq. Wifi state Enabled! :( the else before STATE_STARTING
I/BarnacleService( 1564): log: hq if state == STATE_STARTING, turn off wifi
I/BarnacleService( 1564): log: hq. MSG_NETSCHANGE. about to get getWifiState
I/BarnacleService( 1564): log: hq. BarnacleServiceNETSCHANGE: 0 1 null
E/BarnacleService( 1564): NETSCHANGE: 0 1 null
I/BarnacleService( 1564): log: hq. wifiState 0 =? WifiManager.WIFI_STATE_DISABLED = 1
I/BarnacleService( 1564): log: hq. Wifi state Enabled! :( the else before STATE_STARTING
I/BarnacleService( 1564): log: hq if state == STATE_STARTING, turn off wifi
D/dalvikvm( 1564): GC_CONCURRENT freed 290K, 5% free 9181K/9607K, paused 2ms+2ms
E/WifiStateMachine(  149): Timed out on a supplicant stop, kill and proceed
D/WifiHW  (  149): Received on exit socket, terminate
D/WifiHW  (  149): wifi_ctrl_recv failed: No such file or directory
D/WifiHW  (  149): Connection closed
D/WifiHW  (  149): Unable to unload driver module "bcm4329": No such file or directory
E/WifiStateMachine(  149): DriverFailedState
E/WifiStateMachine(  149): Failed to unload driver!
I/BarnacleService( 1564): log: hq. MSG_NETSCHANGE. about to get getWifiState
I/BarnacleService( 1564): log: hq. BarnacleServiceNETSCHANGE: 4 1 null
E/BarnacleService( 1564): NETSCHANGE: 4 1 null
I/BarnacleService( 1564): log: hq. wifiState 4 =? WifiManager.WIFI_STATE_DISABLED = 1
I/BarnacleService( 1564): log: hq. Wifi state Enabled! :( the else before STATE_STARTING
I/BarnacleService( 1564): log: hq if state == STATE_STARTING, turn off wifi
I/GTalkService/c(  458): [AndroidEndpoint@1094571088] connect: acct=1000001, state=CONNECTING
D/dalvikvm(  458): GC_CONCURRENT freed 354K, 7% free 10079K/10759K, paused 8ms+3ms
D/ConnectivityService(  149): handleInetConditionHoldEnd: net=0, condition=100, published condition=0
W/Smack/Packet(  458): notify conn break (IOEx), close connection
D/ConnectivityService(  149): handleInetConditionHoldEnd: net=0, condition=0, published condition=100
I/GTalkService/c(  458): [AndroidEndpoint@1094571088] connect: acct=1000001, state=CONNECTING
D/dalvikvm( 1717): GC_CONCURRENT freed 266K, 8% free 10027K/10823K, paused 2ms+2ms
D/ConnectivityService(  149): handleInetConditionHoldEnd: net=0, condition=100, published condition=0
W/Smack/Packet(  458): notify conn break (IOEx), close connection
D/ConnectivityService(  149): handleInetConditionHoldEnd: net=0, condition=0, published condition=100
I/GTalkService/c(  458): [AndroidEndpoint@1094571088] connect: acct=1000001, state=CONNECTING
D/dalvikvm(  458): GC_CONCURRENT freed 417K, 7% free 10068K/10759K, paused 14ms+3ms
D/ConnectivityService(  149): handleInetConditionHoldEnd: net=0, condition=100, published condition=0
W/Smack/Packet(  458): notify conn break (IOEx), close connection
D/ConnectivityService(  149): handleInetConditionHoldEnd: net=0, condition=0, published condition=100
I/GTalkService/c(  458): [AndroidEndpoint@1094571088] connect: acct=1000001, state=CONNECTING
W/Smack/Packet(  458): notify conn break (IOEx), close connection
D/ConnectivityService(  149): handleInetConditionHoldEnd: net=0, condition=0, published condition=0
I/GTalkService/c(  458): [AndroidEndpoint@1094571088] connect: acct=1000001, state=CONNECTING
D/dalvikvm(  458): GC_CONCURRENT freed 401K, 7% free 10072K/10759K, paused 2ms+3ms
D/ConnectivityService(  149): handleInetConditionHoldEnd: net=0, condition=100, published condition=0
W/Smack/Packet(  458): notify conn break (IOEx), close connection
D/ConnectivityService(  149): handleInetConditionHoldEnd: net=0, condition=0, published condition=100
I/GTalkService/c(  458): [AndroidEndpoint@1094571088] connect: acct=1000001, state=CONNECTING
D/ConnectivityService(  149): handleInetConditionHoldEnd: net=0, condition=100, published condition=0
W/Smack/Packet(  458): notify conn break (IOEx), close connection
D/dalvikvm(  458): GC_CONCURRENT freed 409K, 7% free 10048K/10759K, paused 14ms+3ms
D/ConnectivityService(  149): handleInetConditionHoldEnd: net=0, condition=0, published condition=100
I/GTalkService/c(  458): [AndroidEndpoint@1094571088] connect: acct=1000001, state=CONNECTING
D/ConnectivityService(  149): handleInetConditionHoldEnd: net=0, condition=100, published condition=0
W/Smack/Packet(  458): notify conn break (IOEx), close connection
D/ConnectivityService(  149): handleInetConditionHoldEnd: net=0, condition=0, published condition=100
D/dalvikvm(  149): GC_CONCURRENT freed 955K, 14% free 13580K/15623K, paused 17ms+6ms
I/GTalkService/c(  458): [AndroidEndpoint@1094571088] connect: acct=1000001, state=CONNECTING
D/dalvikvm(  458): GC_CONCURRENT freed 370K, 7% free 10073K/10759K, paused 14ms+2ms
D/ConnectivityService(  149): handleInetConditionHoldEnd: net=0, condition=100, published condition=0
W/Smack/Packet(  458): notify conn break (IOEx), close connection
D/ConnectivityService(  149): handleInetConditionHoldEnd: net=0, condition=0, published condition=100
W/NetworkStats(  149): dropping UID delta from unknown iface: iface=wlan0 uid=0 set=DEFAULT tag=0x0 rxBytes=0 rxPackets=0 txBytes=272 txPackets=4 operations=0
I/GTalkService/c(  458): [AndroidEndpoint@1094571088] connect: acct=1000001, state=CONNECTING
I/System.out( 1717): [INFO:936409]: c: Running flush
I/System.out( 1717): [INFO:936410]: c: Sending payload [bytes=489]
I/System.out( 1717): [INFO:941410]: c: Running delayed flush
I/System.out( 1717): [INFO:941420]: c: Running flush
D/dalvikvm(  149): GC_EXPLICIT freed 514K, 14% free 13511K/15623K, paused 18ms+5ms
I/System.out( 1717): [INFO:943166]: c: Response [http=200,length=20]
I/System.out( 1717): [INFO:943171]: c: Read id 2, status code 200
D/ConnectivityService(  149): handleInetConditionHoldEnd: net=0, condition=100, published condition=0
W/Smack/Packet(  458): notify conn break (IOEx), close connection
D/ConnectivityService(  149): handleInetConditionHoldEnd: net=0, condition=0, published condition=100
D/dalvikvm(  219): GC_CONCURRENT freed 390K, 8% free 10320K/11207K, paused 13ms+2ms
I/GTalkService/c(  458): [AndroidEndpoint@1094571088] connect: acct=1000001, state=CONNECTING
D/dalvikvm(  458): GC_CONCURRENT freed 402K, 7% free 10069K/10759K, paused 14ms+3ms
D/ConnectivityService(  149): handleInetConditionHoldEnd: net=0, condition=100, published condition=0
W/Smack/Packet(  458): notify conn break (IOEx), close connection
D/ConnectivityService(  149): handleInetConditionHoldEnd: net=0, condition=0, published condition=100
D/AlarmManagerService(  149): Kernel timezone updated to 240 minutes west of GMT
V/AlarmClock( 1333): AlarmInitReceiver finished
I/GTalkService/c(  458): [AndroidEndpoint@1094571088] connect: acct=1000001, state=CONNECTING
D/SystemClock(  314): Setting time of day to sec=1333737076
D/dalvikvm(  516): GC_CONCURRENT freed 285K, 5% free 9196K/9607K, paused 1ms+3ms
D/dalvikvm(  458): GC_CONCURRENT freed 391K, 7% free 10067K/10759K, paused 14ms+3ms
D/ConnectivityService(  149): handleInetConditionHoldEnd: net=0, condition=100, published condition=0
W/Smack/Packet(  458): notify conn break (IOEx), close connection
D/ConnectivityService(  149): handleInetConditionHoldEnd: net=0, condition=0, published condition=100
I/GTalkService/c(  458): [AndroidEndpoint@1094571088] connect: acct=1000001, state=CONNECTING
D/ConnectivityService(  149): handleInetConditionHoldEnd: net=0, condition=100, published condition=0
I/EventLogService(  458): Aggregate from 1333735431470 (log), 1333735431470 (data)
I/ServiceDumpSys(  458): dumping service [account]
D/dalvikvm(  149): GC_CONCURRENT freed 935K, 14% free 13574K/15623K, paused 37ms+5ms
D/dalvikvm(  314): GC_CONCURRENT freed 413K, 6% free 9510K/10055K, paused 1ms+3ms
I/ActivityManager(  149): No longer want com.google.android.apps.uploader (pid 942): hidden #16
D/dalvikvm(  149): GC_CONCURRENT freed 1066K, 14% free 13542K/15623K, paused 2ms+5ms
D/dalvikvm(  219): GC_CONCURRENT freed 385K, 8% free 10324K/11207K, paused 2ms+2ms
W/Smack/Packet(  458): notify conn break (IOEx), close connection
I/qtaguid (  458): Failed write_ctrl(u 65) res=-1 errno=22
I/qtaguid (  458): Untagging socket 65 failed errno=-22
W/NetworkManagementSocketTagger(  458): untagSocket(65) failed with errno -22
D/ConnectivityService(  149): handleInetConditionHoldEnd: net=0, condition=0, published condition=100
I/GTalkService/c(  458): [AndroidEndpoint@1094571088] connect: acct=1000001, state=CONNECTING
D/dalvikvm(  458): GC_CONCURRENT freed 408K, 7% free 10073K/10759K, paused 2ms+3ms
D/ConnectivityService(  149): handleInetConditionHoldEnd: net=0, condition=100, published condition=0
W/Smack/Packet(  458): notify conn break (IOEx), close connection
D/ConnectivityService(  149): handleInetConditionHoldEnd: net=0, condition=0, published condition=100
I/GTalkService/c(  458): [AndroidEndpoint@1094571088] connect: acct=1000001, state=CONNECTING
D/dalvikvm(  458): GC_CONCURRENT freed 393K, 7% free 10065K/10759K, paused 7ms+3ms
D/ConnectivityService(  149): handleInetConditionHoldEnd: net=0, condition=100, published condition=0
W/Smack/Packet(  458): notify conn break (IOEx), close connection
D/ConnectivityService(  149): handleInetConditionHoldEnd: net=0, condition=0, published condition=100
I/GTalkService/c(  458): [AndroidEndpoint@1094571088] connect: acct=1000001, state=CONNECTING
D/ConnectivityService(  149): handleInetConditionHoldEnd: net=0, condition=100, published condition=0
W/Smack/Packet(  458): notify conn break (IOEx), close connection
D/ConnectivityService(  149): handleInetConditionHoldEnd: net=0, condition=0, published condition=100
I/GTalkService/c(  458): [AndroidEndpoint@1094571088] connect: acct=1000001, state=CONNECTING
D/dalvikvm(  458): GC_CONCURRENT freed 402K, 7% free 10069K/10759K, paused 2ms+3ms
D/ConnectivityService(  149): handleInetConditionHoldEnd: net=0, condition=100, published condition=0
W/Smack/Packet(  458): notify conn break (IOEx), close connection
D/ConnectivityService(  149): handleInetConditionHoldEnd: net=0, condition=0, published condition=100
I/GTalkService/c(  458): [AndroidEndpoint@1094571088] connect: acct=1000001, state=CONNECTING
D/dalvikvm(  458): GC_EXPLICIT freed 287K, 7% free 10063K/10759K, paused 17ms+2ms
D/ConnectivityService(  149): handleInetConditionHoldEnd: net=0, condition=100, published condition=0
W/Smack/Packet(  458): notify conn break (IOEx), close connection
D/ConnectivityService(  149): handleInetConditionHoldEnd: net=0, condition=0, published condition=100
I/GTalkService/c(  458): [AndroidEndpoint@1094571088] connect: acct=1000001, state=CONNECTING
D/ConnectivityService(  149): handleInetConditionHoldEnd: net=0, condition=100, published condition=0
W/Smack/Packet(  458): notify conn break (IOEx), close connection
I/EventLogService(  458): Aggregate from 1333737231568 (log), 1333737231568 (data)
I/ServiceDumpSys(  458): dumping service [account]
D/ConnectivityService(  149): handleInetConditionHoldEnd: net=0, condition=0, published condition=100
I/GTalkService/c(  458): [AndroidEndpoint@1094571088] connect: acct=1000001, state=CONNECTING
D/dalvikvm(  458): GC_CONCURRENT freed 390K, 7% free 10060K/10759K, paused 14ms+3ms
D/ConnectivityService(  149): handleInetConditionHoldEnd: net=0, condition=100, published condition=0
W/Smack/Packet(  458): notify conn break (IOEx), close connection
D/ConnectivityService(  149): handleInetConditionHoldEnd: net=0, condition=0, published condition=100
I/GTalkService/c(  458): [AndroidEndpoint@1094571088] connect: acct=1000001, state=CONNECTING
D/dalvikvm(  458): GC_CONCURRENT freed 382K, 7% free 10064K/10759K, paused 2ms+3ms
D/ConnectivityService(  149): handleInetConditionHoldEnd: net=0, condition=100, published condition=0
D/dalvikvm(  149): GC_CONCURRENT freed 989K, 14% free 13574K/15623K, paused 18ms+6ms
D/dalvikvm( 1717): GC_CONCURRENT freed 369K, 8% free 10041K/10823K, paused 1ms+2ms
D/dalvikvm(  149): GC_CONCURRENT freed 1065K, 14% free 13528K/15623K, paused 3ms+5ms
D/dalvikvm(  219): GC_CONCURRENT freed 386K, 8% free 10325K/11207K, paused 1ms+3ms
D/AlarmManagerService(  149): Kernel timezone updated to 240 minutes west of GMT
D/dalvikvm(  314): GC_EXPLICIT freed 223K, 6% free 9495K/10055K, paused 2ms+3ms
D/dalvikvm(  149): GC_EXPLICIT freed 398K, 14% free 13484K/15623K, paused 2ms+5ms
D/SystemClock(  314): Setting time of day to sec=1333740680
V/AlarmClock( 1333): AlarmInitReceiver finished
I/EventLogService(  458): Aggregate from 1333739031681 (log), 1333739031681 (data)
I/ServiceDumpSys(  458): dumping service [account]
I/CheckinService(  458): Preparing to send checkin request
I/EventLogService(  458): Accumulating logs since 1333740831806
I/CheckinTask(  458): Sending checkin request (1734 bytes)
D/dalvikvm(  458): GC_CONCURRENT freed 356K, 7% free 10110K/10759K, paused 2ms+4ms
I/CheckinTask(  458): Checkin success: https://android.clients.google.com/checkin (1 requests sent)
D/dalvikvm(  149): GC_CONCURRENT freed 941K, 14% free 13542K/15623K, paused 3ms+5ms
I/EventLogService(  458): Aggregate from 1333741137492 (log), 1333740831806 (data)
I/ServiceDumpSys(  458): dumping service [account]
D/dalvikvm(  149): GC_CONCURRENT freed 1006K, 14% free 13544K/15623K, paused 19ms+5ms
D/dalvikvm(  219): GC_CONCURRENT freed 385K, 8% free 10330K/11207K, paused 2ms+2ms
D/dalvikvm(  149): GC_CONCURRENT freed 1070K, 14% free 13554K/15623K, paused 17ms+5ms
I/dalvikvm(  458): Jit: resizing JitTable from 4096 to 8192
I/EventLogService(  458): Aggregate from 1333742631920 (log), 1333742631920 (data)
I/ServiceDumpSys(  458): dumping service [account]
D/dalvikvm(  458): GC_CONCURRENT freed 448K, 7% free 10073K/10759K, paused 3ms+3ms
D/dalvikvm( 1240): GC_CONCURRENT freed 393K, 5% free 10212K/10695K, paused 2ms+2ms
D/dalvikvm(  149): GC_CONCURRENT freed 1006K, 14% free 13556K/15623K, paused 2ms+5ms
D/dalvikvm(  219): GC_CONCURRENT freed 388K, 8% free 10327K/11207K, paused 1ms+2ms
D/dalvikvm(  314): GC_CONCURRENT freed 422K, 6% free 9495K/10055K, paused 14ms+2ms
D/dalvikvm(  149): GC_CONCURRENT freed 1023K, 14% free 13546K/15623K, paused 3ms+5ms
I/EventLogService(  458): Aggregate from 1333744432045 (log), 1333744432045 (data)
I/ServiceDumpSys(  458): dumping service [account]
I/GPS     (  149): gps_engine_status_update: called acquire_wakelock_cb
D/dalvikvm(  219): GC_FOR_ALLOC freed 290K, 8% free 10366K/11207K, paused 17ms
I/dalvikvm-heap(  219): Grow heap (frag case) to 10.369MB for 186256-byte allocation
D/dalvikvm(  219): GC_FOR_ALLOC freed 23K, 8% free 10525K/11399K, paused 15ms
D/dalvikvm(  219): GC_FOR_ALLOC freed 181K, 10% free 10343K/11399K, paused 15ms
D/dalvikvm(  219): GC_FOR_ALLOC freed 315K, 10% free 10343K/11399K, paused 15ms
D/dalvikvm(  219): GC_FOR_ALLOC freed 247K, 10% free 10343K/11399K, paused 14ms
D/dalvikvm(  219): GC_FOR_ALLOC freed 299K, 10% free 10342K/11399K, paused 17ms
D/dalvikvm( 1717): GC_CONCURRENT freed 383K, 8% free 10056K/10823K, paused 1ms+2ms
D/dalvikvm(  149): GC_CONCURRENT freed 985K, 14% free 13567K/15623K, paused 19ms+5ms
D/dalvikvm(  149): GC_CONCURRENT freed 941K, 13% free 13647K/15623K, paused 30ms+6ms
D/dalvikvm(  219): GC_FOR_ALLOC freed 216K, 10% free 10343K/11399K, paused 15ms
D/dalvikvm(  219): GC_FOR_ALLOC freed 180K, 10% free 10341K/11399K, paused 14ms
D/dalvikvm(  219): GC_FOR_ALLOC freed 296K, 10% free 10341K/11399K, paused 14ms
D/dalvikvm(  219): GC_CONCURRENT freed 372K, 9% free 10407K/11399K, paused 2ms+3ms
I/GPS     (  149): gps_engine_status_update: called release_wakelock_cb
I/power   (  149): *** set_screen_state 1
D/PicasaSyncManager(  957): battery info: false
I/WindowManager(  149): Lock screen displayed!
D/SurfaceFlinger(   78): Screen about to return, flinger = 0x1507918
I/StorageNotification(  219): UMS connection changed to false (media state mounted)
D/dalvikvm(  219): GC_FOR_ALLOC freed 513K, 12% free 10122K/11399K, paused 38ms
D/dalvikvm(  219): GC_FOR_ALLOC freed 374K, 12% free 10110K/11399K, paused 25ms
D/dalvikvm(  219): GC_CONCURRENT freed 517K, 12% free 10088K/11399K, paused 1ms+2ms
D/dalvikvm(  314): GC_CONCURRENT freed 426K, 6% free 9491K/10055K, paused 20ms+2ms
D/dalvikvm(  219): GC_CONCURRENT freed 593K, 14% free 9879K/11399K, paused 8ms+2ms
I/power   (  149): *** set_screen_state 0
D/SurfaceFlinger(   78): About to give-up screen, flinger = 0x1507918
D/dalvikvm(  149): GC_CONCURRENT freed 1178K, 13% free 13627K/15623K, paused 6ms+8ms
V/TransportControlView(  149): Create TCV com.android.internal.widget.TransportControlView@4133db08
D/dalvikvm(  314): GC_CONCURRENT freed 428K, 6% free 9489K/10055K, paused 2ms+1ms
D/dalvikvm(  149): GC_CONCURRENT freed 1085K, 14% free 13585K/15623K, paused 17ms+5ms
D/AlarmManagerService(  149): Kernel timezone updated to 240 minutes west of GMT
D/dalvikvm(  149): GC_EXPLICIT freed 105K, 14% free 13531K/15623K, paused 3ms+5ms
V/AlarmClock( 1333): AlarmInitReceiver finished
D/SystemClock(  314): Setting time of day to sec=1333747886
I/EventLogService(  458): Aggregate from 1333746232204 (log), 1333746232204 (data)
I/ServiceDumpSys(  458): dumping service [account]
D/dalvikvm( 1717): GC_CONCURRENT freed 389K, 8% free 10051K/10823K, paused 1ms+2ms
I/CheckinService(  458): Preparing to send checkin request
I/EventLogService(  458): Accumulating logs since 1333748032326
I/CheckinTask(  458): Sending checkin request (1648 bytes)
D/dalvikvm(  458): GC_CONCURRENT freed 380K, 7% free 10081K/10759K, paused 14ms+3ms
I/CheckinTask(  458): Checkin success: https://android.clients.google.com/checkin (1 requests sent)
D/dalvikvm(  149): GC_CONCURRENT freed 912K, 13% free 13630K/15623K, paused 2ms+5ms
D/dalvikvm(  219): GC_CONCURRENT freed 378K, 14% free 9887K/11399K, paused 2ms+3ms
I/EventLogService(  458): Aggregate from 1333748341774 (log), 1333748032326 (data)
I/ServiceDumpSys(  458): dumping service [account]
D/dalvikvm(  458): GC_CONCURRENT freed 395K, 7% free 10070K/10759K, paused 6ms+6ms
D/dalvikvm(  149): GC_CONCURRENT freed 1042K, 13% free 13638K/15623K, paused 9ms+5ms
I/dalvikvm( 1717): Total arena pages for JIT: 11
I/dalvikvm( 1717): Total arena pages for JIT: 12
I/dalvikvm( 1717): Total arena pages for JIT: 13
I/dalvikvm( 1717): Total arena pages for JIT: 14
I/dalvikvm( 1717): Total arena pages for JIT: 15
I/dalvikvm( 1717): Total arena pages for JIT: 16
I/dalvikvm( 1717): Total arena pages for JIT: 17
D/dalvikvm(  314): GC_CONCURRENT freed 435K, 6% free 9495K/10055K, paused 2ms+2ms
D/dalvikvm(  149): GC_CONCURRENT freed 1032K, 13% free 13638K/15623K, paused 17ms+5ms
D/AlarmManagerService(  149): Kernel timezone updated to 240 minutes west of GMT
D/SystemClock(  314): Setting time of day to sec=1333751488
V/AlarmClock( 1333): AlarmInitReceiver finished
I/EventLogService(  458): Aggregate from 1333749832447 (log), 1333749832447 (data)
I/ServiceDumpSys(  458): dumping service [account]
D/dalvikvm(  219): GC_CONCURRENT freed 386K, 14% free 9887K/11399K, paused 1ms+2ms
I/power   (  149): *** set_screen_state 1
I/WindowManager(  149): Lock screen displayed!
D/SurfaceFlinger(   78): Screen about to return, flinger = 0x1507918
D/PhoneStatusBar(  219): disable: < expand icons alerts ticker system_info BACK HOME recent* CLOCK >
D/NfcService(  330): NFC-C ON
D/AudioHardware(   81): AudioHardware pcm playback is exiting standby.
D/AudioHardware(   81): openPcmOut_l() mPcmOpenCnt: 0
D/PhoneStatusBar(  219): disable: < expand icons alerts ticker system_info back* home* recent clock* >
W/InputManagerService(  149): Window already focused, ignoring focus gain of: com.android.internal.view.IInputMethodClient$Stub$Proxy@416cb010
D/dalvikvm(  149): GC_CONCURRENT freed 1159K, 14% free 13520K/15623K, paused 9ms+9ms
D/AudioHardware(   81): AudioHardware pcm playback is going to standby.
D/AudioHardware(   81): closePcmOut_l() mPcmOpenCnt: 1
I/ActivityManager(  149): START {cmp=net.szym.barnacle/.StatusActivity bnds=[0,119][480,215]} from pid -1
W/ActivityManager(  149): startActivity called from non-Activity context; forcing Intent.FLAG_ACTIVITY_NEW_TASK for: Intent { cmp=net.szym.barnacle/.StatusActivity bnds=[0,119][480,215] }
D/AudioHardware(   81): AudioHardware pcm playback is exiting standby.
D/AudioHardware(   81): openPcmOut_l() mPcmOpenCnt: 0
W/KeyguardViewMediator(  149): verifyUnlock called when not externally disabled
D/OpenGLRenderer(  342): Flushing caches (mode 1)
V/PhoneStatusBar(  219): setLightsOn(true)
D/OpenGLRenderer(  342): Flushing caches (mode 0)
I/ActivityManager(  149): Displayed net.szym.barnacle/.StatusActivity: +676ms (total +5h4m59s391ms)
I/BarnacleService( 1564): log: Stopped
W/myBarnacleApp( 1564): processStopped
D/dalvikvm(  219): GC_CONCURRENT freed 489K, 14% free 9858K/11399K, paused 2ms+7ms
W/myBarnacleApp( 1564): processStopped
D/dalvikvm(  219): GC_CONCURRENT freed 591K, 15% free 9759K/11399K, paused 2ms+2ms
D/dalvikvm( 1564): GC_CONCURRENT freed 167K, 4% free 9438K/9735K, paused 2ms+2ms
D/AudioHardware(   81): AudioHardware pcm playback is going to standby.
D/AudioHardware(   81): closePcmOut_l() mPcmOpenCnt: 1
I/ActivityManager(  149): START {act=android.intent.action.MAIN cat=[android.intent.category.HOME] flg=0x10200000 cmp=com.android.launcher/com.android.launcher2.Launcher} from pid 149
W/InputManagerService(  149): Starting input on non-focused client com.android.internal.view.IInputMethodClient$Stub$Proxy@4149b540 (uid=10065 pid=1564)
D/AudioHardware(   81): AudioHardware pcm playback is exiting standby.
D/AudioHardware(   81): openPcmOut_l() mPcmOpenCnt: 0
I/power   (  149): *** set_screen_state 0
I/power   (  149): *** set_screen_state 1
D/SurfaceFlinger(   78): About to give-up screen, flinger = 0x1507918
