--------- beginning of /dev/log/system
I/Vold    (   72): Vold 2.1 (the revenge) firing up
D/Vold    (   72): Volume sdcard state changing -1 (Initializing) -> 0 (No-Media)
D/Vold    (   72): Volume sdcard state changing 0 (No-Media) -> 2 (Pending)
E/DirectVolume(   72): Dv:partAdd: ignoring part_num = 4 (max: 3)
D/Vold    (   72): Volume sdcard state changing 2 (Pending) -> 1 (Idle-Unmounted)
W/Vold    (   72): Duplicate state (1)
W/Vold    (   72): Duplicate state (1)
W/Vold    (   72): Duplicate state (1)
W/Vold    (   72): Duplicate state (1)
I/SystemServer(  149): Entered the Android system server!
I/SystemServer(  149): Entropy Service
I/SystemServer(  149): Power Manager
I/SystemServer(  149): Activity Manager
I/ActivityManager(  149): Memory class: 48
I/SystemServer(  149): Telephony Registry
I/SystemServer(  149): Package Manager
W/PackageParser(  149): No actions in intent filter at /system/app/Bluetooth.apk Binary XML file line #125
W/PackageParser(  149): No actions in intent filter at /system/app/Contacts.apk Binary XML file line #525
W/PackageParser(  149): Unknown element under <manifest>: supports-gl-texture at /system/app/GoogleEarth.apk Binary XML file line #3
I/Installer(  149): connecting...
I/PackageParser(  149): com.googlecode.android.wifi.tether: compat added android.permission.WRITE_EXTERNAL_STORAGE android.permission.READ_PHONE_STATE
I/PackageManager(  149): Time to scan packages: 3.372 seconds
W/PackageManager(  149): Not granting permission android.permission.SEND_DOWNLOAD_COMPLETED_INTENTS to package com.google.android.browser (protectionLevel=2 flags=0x9be45)
W/PackageManager(  149): Unknown permission com.android.vending.permission.UPDATE_MARKET_FAILURE in package com.android.vending.updater
W/PackageManager(  149): Unknown permission android.permission.ADD_SYSTEM_SERVICE in package com.android.phone
W/PackageManager(  149): Unknown permission com.android.smspush.WAPPUSH_MANAGER_BIND in package com.android.phone
W/PackageManager(  149): Unknown permission com.android.vending.billing.IBillingAccountService.BIND2 in package com.google.android.gsf.login
W/PackageManager(  149): Not granting permission android.permission.DEVICE_POWER to package com.google.android.deskclock (protectionLevel=2 flags=0x8be45)
W/PackageManager(  149): Unknown permission android.permission.READ_OWNER_DATA in package com.google.android.setupwizard
W/PackageManager(  149): Unknown permission android.permission.WRITE_OWNER_DATA in package com.google.android.setupwizard
W/PackageManager(  149): Not granting permission com.google.android.gm.permission.READ_GMAIL to package com.google.android.apps.uploader (protectionLevel=2 flags=0x8be45)
W/PackageManager(  149): Unknown permission android.permission.READ_EXTERNAL_STORAGE in package com.android.vending
W/PackageManager(  149): Not granting permission android.permission.SEND_DOWNLOAD_COMPLETED_INTENTS to package com.android.vending (protectionLevel=2 flags=0xabec5)
W/PackageManager(  149): Not granting permission android.permission.ACCOUNT_MANAGER to package com.google.android.music (protectionLevel=2 flags=0x8be65)
W/PackageManager(  149): Unknown permission com.android.providers.im.permission.READ_ONLY in package com.google.android.apps.maps
W/PackageManager(  149): Unknown permission android.permission.READ_EXTERNAL_STORAGE in package com.google.android.videoeditor
W/PackageManager(  149): Unknown permission com.google.android.apps.googlevoice.REMOTE_INTENT in package com.google.android.apps.googlevoice
W/PackageManager(  149): Unknown permission com.google.android.permission.RECEIVE_DATA_MESSAGE in package com.google.android.apps.googlevoice
W/PackageManager(  149): Unknown permission com.google.android.permission.SEND_DATA_MESSAGE in package com.google.android.apps.googlevoice
I/SystemServer(  149): Account Manager
I/SystemServer(  149): Content Manager
I/SystemServer(  149): System Content Providers
I/SystemServer(  149): Lights Service
I/SystemServer(  149): Battery Service
I/SystemServer(  149): Vibrator Service
I/SystemServer(  149): Alarm Manager
I/SystemServer(  149): Init Watchdog
I/SystemServer(  149): Window Manager
I/InputManager(  149): Initializing input manager
W/StatusBarManager(  149): warning: no STATUS_BAR_SERVICE
I/InputManager(  149): Starting input manager
I/SystemServer(  149): Bluetooth Service
I/SystemServer(  149): Input Method Service
W/InputManagerService(  149): Couldn't create dir.: /data/system/inputmethod
I/SystemServer(  149): Accessibility Manager
I/ActivityManager(  149): Config changed: {1.0 0mcc0mnc en_US layoutdir=0 sw320dp w320dp h508dp nrml long port ?uimode ?night finger -keyb/v/h -nav/h s.2}
I/SystemServer(  149): Device Policy
I/SystemServer(  149): Status Bar
I/SystemServer(  149): Clipboard Service
I/SystemServer(  149): NetworkManagement Service
I/SystemServer(  149): Text Service Manager Service
I/SystemServer(  149): NetworkStats Service
I/SystemServer(  149): NetworkPolicy Service
I/SystemServer(  149): Wi-Fi P2pService
I/SystemServer(  149): Wi-Fi Service
I/SystemServer(  149): Connectivity Service
D/ConnectivityService(  149): ConnectivityService starting up
E/ConnectivityService(  149): Ignoring protectedNetwork 10
E/ConnectivityService(  149): Ignoring protectedNetwork 11
E/ConnectivityService(  149): Ignoring protectedNetwork 12
E/MobileDataStateTracker(  149): default: Ignoring feature request because could not acquire PhoneService
E/MobileDataStateTracker(  149): default: Could not enable APN type "default"
D/NetworkManagementService(  149): Registering observer
D/NetworkManagementService(  149): Registering observer
I/WifiService(  149): WifiService starting up with Wi-Fi disabled
I/SystemServer(  149): Throttle Service
I/SystemServer(  149): Mount Service
D/MountService(  149): got storage path: /mnt/sdcard description: USB storage primary: true removable: false emulated: false mtpReserve: 0 allowMassStorage: true maxFileSize: 4294967296
I/SystemServer(  149): Notification Manager
I/SystemServer(  149): Device Storage Monitor
I/SystemServer(  149): Location Manager
I/SystemServer(  149): Country Detector
I/SystemServer(  149): Search Service
I/SystemServer(  149): DropBox Service
I/SystemServer(  149): Wallpaper Service
I/SystemServer(  149): Audio Service
D/VoldCmdListener(   72): volume list
D/MountService(  149): volume state changed for /mnt/sdcard (null -> unmounted)
I/SystemServer(  149): Dock Observer
I/SystemServer(  149): Wired Accessory Observer
I/SystemServer(  149): USB Service
I/SystemServer(  149): UI Mode Manager Service
I/SystemServer(  149): Backup Service
V/BackupManagerService(  149): Initializing package tracking
V/BackupManagerService(  149): No ancestral data
V/BackupManagerService(  149): addPackageParticipantsLocked: null
I/BackupManagerService(  149): New app android never backed up; scheduling
I/BackupManagerService(  149): New app com.android.nfc never backed up; scheduling
I/BackupManagerService(  149): New app com.android.providers.settings never backed up; scheduling
I/BackupManagerService(  149): New app com.android.providers.userdictionary never backed up; scheduling
I/BackupManagerService(  149): New app com.android.sharedstoragebackup never backed up; scheduling
I/BackupManagerService(  149): New app com.android.vending never backed up; scheduling
I/BackupManagerService(  149): New app com.google.android.browser never backed up; scheduling
I/BackupManagerService(  149): New app com.google.android.calendar never backed up; scheduling
I/BackupManagerService(  149): New app com.google.android.gm never backed up; scheduling
I/BackupManagerService(  149): New app com.google.android.inputmethod.latin never backed up; scheduling
I/BackupManagerService(  149): New app org.connectbot never backed up; scheduling
V/BackupManagerService(  149): Registering transport android/com.android.internal.backup.LocalTransport = com.android.internal.backup.LocalTransport@414b9fd0
V/BackupManagerService(  149): Starting with transport com.google.android.backup/.BackupTransportService
V/BackupManagerService(  149): Binding to Google transport
I/BackupManagerService(  149): Found stale backup journal, scheduling
I/BackupManagerService(  149):   android
I/BackupManagerService(  149):   com.android.nfc
I/BackupManagerService(  149):   com.android.providers.settings
I/BackupManagerService(  149):   com.android.providers.userdictionary
I/BackupManagerService(  149):   com.android.sharedstoragebackup
I/BackupManagerService(  149):   com.android.vending
I/BackupManagerService(  149):   com.google.android.browser
I/BackupManagerService(  149):   com.google.android.calendar
I/BackupManagerService(  149):   com.google.android.gm
I/BackupManagerService(  149):   com.google.android.inputmethod.latin
I/BackupManagerService(  149):   org.connectbot
I/BackupManagerService(  149): Backup enabled => false
I/BackupManagerService(  149): Opting out of backup
I/SystemServer(  149): AppWidget Service
I/SystemServer(  149): Recognition Service
I/SystemServer(  149): DiskStats Service
I/SystemServer(  149): SamplingProfiler Service
I/SystemServer(  149): NetworkTimeUpdateService
D/PowerManagerService(  149): system ready!
I/ActivityManager(  149): System now ready
I/SystemServer(  149): Making services ready
D/SystemServer(  149): Starting service: Intent { cmp=com.android.systemui/.SystemUIService }
I/ActivityManager(  149): Start proc com.android.systemui for service com.android.systemui/.SystemUIService: pid=219 uid=1000 gids={1015, 3002, 3001, 3003, 3007}
D/NetworkManagementService(  149): enabling bandwidth control
D/SystemUIService(  219): loading: class com.android.systemui.statusbar.phone.PhoneStatusBar
D/SystemUIService(  219): running: com.android.systemui.statusbar.phone.PhoneStatusBar@41347238
D/NetworkManagementService(  149): Registering observer
D/NetworkManagementService(  149): Registering observer
I/ActivityManager(  149): Config changed: {1.0 0mcc0mnc en_US layoutdir=0 sw320dp w320dp h508dp nrml long port finger -keyb/v/h -nav/h s.3}
I/ActivityManager(  149): Start proc android.process.media for broadcast com.android.providers.media/.UsbReceiver: pid=266 uid=10014 gids={1015, 1023, 1024, 2001, 3003, 3007}
I/StatusBarManagerService(  149): registerStatusBar bar=com.android.internal.statusbar.IStatusBar$Stub$Proxy@414396c0
D/PhoneStatusBar(  219): disable: < expand icons alerts ticker system_info BACK* HOME* RECENT* CLOCK* >
D/StorageNotification(  219): Startup with UMS connection false (media state unmounted)
D/SystemUIService(  219): loading: class com.android.systemui.power.PowerUI
D/SystemUIService(  219): running: com.android.systemui.power.PowerUI@4132e2f0
I/StorageNotification(  219): UMS connection changed to false (media state unmounted)
I/ActivityManager(  149): Start proc com.android.wallpaper for service com.android.wallpaper/.nexus.NexusWallpaper: pid=280 uid=10030 gids={1006}
W/InputManagerService(  149): Ignoring setImeWindowStatus of uid 1000 token: null
I/ActivityManager(  149): Start proc com.google.android.inputmethod.latin for service com.google.android.inputmethod.latin/com.android.inputmethod.latin.LatinIME: pid=293 uid=10028 gids={}
D/NetworkManagementService(  149): Registering observer
W/ThrottleService(  149): unable to find stats for iface rmnet0
I/ActivityManager(  149): Start proc com.android.phone for added application com.android.phone: pid=314 uid=1001 gids={3002, 3001, 3003, 1015}
I/ActivityManager(  149): Start proc com.android.nfc for added application com.android.nfc: pid=330 uid=1027 gids={3002, 3001}
I/ActivityManager(  149): START {act=android.intent.action.MAIN cat=[android.intent.category.HOME] flg=0x10000000 cmp=com.android.launcher/com.android.launcher2.Launcher} from pid 0
I/ActivityManager(  149): Start proc com.android.launcher for activity com.android.launcher/com.android.launcher2.Launcher: pid=342 uid=10029 gids={}
D/WifiService(  149): New client listening to asynchronous messages
I/ActivityManager(  149): Start proc com.google.android.inputmethod.latin.dictionarypack for content provider com.google.android.inputmethod.latin.dictionarypack/.DictionaryProvider: pid=386 uid=10027 gids={3003, 1015}
W/ActivityManager(  149): Unable to start service Intent { act=com.android.internal.telephony.IWapPushManager }: not found
I/ActivityManager(  149): Start proc android.process.acore for content provider com.android.providers.userdictionary/.UserDictionaryProvider: pid=399 uid=10000 gids={3003, 1015}
W/ActivityManager(  149): Unable to start service Intent { act=com.android.ussd.IExtendedNetworkService }: not found
I/ActivityManager(  149): Start proc com.google.process.gapps for service com.google.android.location/.NetworkLocationService: pid=458 uid=10011 gids={3003, 1015, 1007, 2001, 3006}
I/ActivityManager(  149): Start proc com.android.contacts for broadcast com.android.contacts/.calllog.CallLogReceiver: pid=470 uid=10000 gids={3003, 1015}
I/StorageNotification(  219): UMS connection changed to false (media state unmounted)
V/BackupManagerService(  149): Connected to Google transport
V/BackupManagerService(  149): Registering transport com.google.android.backup/.BackupTransportService = com.google.android.backup.BackupTransportService$1@41690b60
D/PowerManagerService(  149): bootCompleted
V/DevicePolicyManagerService(  149): Sending password expiration notifications for action android.intent.action.BOOT_COMPLETED
D/VoldCmdListener(   72): volume mount /mnt/sdcard
I/Vold    (   72): /dev/block/vold/179:3 being considered for volume sdcard
D/Vold    (   72): Volume sdcard state changing 1 (Idle-Unmounted) -> 3 (Checking)
D/MountService(  149): volume state changed for /mnt/sdcard (unmounted -> checking)
I/StorageNotification(  219): Media {/mnt/sdcard} state changed from {unmounted} -> {checking}
D/MountService(  149): sendStorageIntent Intent { act=android.intent.action.MEDIA_CHECKING dat=file:///mnt/sdcard (has extras) }
V/WiredAccessoryObserver(  149): init()
W/WiredAccessoryObserver(  149): This kernel does not have wired headset support
W/WiredAccessoryObserver(  149): This kernel does not have wired headset support
I/ActivityManager(  149): Start proc com.android.providers.calendar for broadcast com.android.providers.calendar/.CalendarReceiver: pid=516 uid=10007 gids={3003, 1015}
I/ActivityManager(  149): Start proc com.google.android.deskclock for broadcast com.google.android.deskclock/com.android.deskclock.AlarmInitReceiver: pid=540 uid=10013 gids={}
I/WifiService(  149): WifiService trying to set country code to us with persist set to true
I/ActivityManager(  149): Config changed: {1.0 310mcc260mnc en_US layoutdir=0 sw320dp w320dp h508dp nrml long port finger -keyb/v/h -nav/h s.4}
I/ActivityManager(  149): Start proc com.google.android.email for broadcast com.google.android.email/com.android.email.service.EmailBroadcastReceiver: pid=563 uid=10015 gids={3003, 1015}
I/ActivityManager(  149): Start proc com.google.android.exchange for service com.google.android.exchange/com.android.exchange.ExchangeService: pid=581 uid=10016 gids={3003, 1015}
I/ActivityManager(  149): Start proc com.google.android.apps.genie.geniewidget for broadcast com.google.android.apps.genie.geniewidget/.miniwidget.MiniWidgetProvider: pid=599 uid=10018 gids={3003, 1015}
I/ActivityManager(  149): Start proc com.google.android.gm for broadcast com.google.android.gm/.MailIntentReceiver: pid=617 uid=10019 gids={3003, 1015}
I/ActivityManager(  149): Start proc com.google.android.partnersetup for broadcast com.google.android.partnersetup/.GooglePartnerSetup: pid=633 uid=10022 gids={3003}
I/ActivityManager(  149): Start proc com.google.android.gsf.login for service com.google.android.gsf.login/com.google.android.gsf.loginservice.GoogleLoginService: pid=646 uid=10011 gids={3003, 1015, 1007, 2001, 3006}
I/ActivityManager(  149): Start proc com.google.android.apps.maps:FriendService for broadcast com.google.android.apps.maps/com.google.googlenav.friend.android.ServiceReceiver: pid=679 uid=10032 gids={3003, 1015}
I/ActivityManager(  149): START {flg=0x10000000 cmp=com.google.android.gsf/.update.SystemUpdateInstallDialog} from pid 458
I/ActivityManager(  149): Start proc com.google.android.apps.maps:NetworkLocationService for service com.google.android.apps.maps/com.google.android.location.internal.server.NetworkLocationService: pid=701 uid=10032 gids={3003, 1015}
I/ActivityManager(  149): Start proc com.android.mms for broadcast com.android.mms/.transaction.MmsSystemEventReceiver: pid=714 uid=10036 gids={3003, 1015}
D/CountryDetectorService(  149): The first listener is added
W/ActivityManager(  149): Permission Denial: receiving Intent { act=android.intent.action.BOOT_COMPLETED flg=0x10 } to com.android.musicfx requires android.permission.RECEIVE_BOOT_COMPLETED due to sender null (uid 1000)
I/ActivityManager(  149): Start proc com.google.android.onetimeinitializer for broadcast com.google.android.onetimeinitializer/.OneTimeInitializerReceiver: pid=739 uid=10040 gids={}
I/ActivityManager(  149): Start proc com.google.android.talk for broadcast com.google.android.talk/.videochat.BootCompleteReceiver: pid=753 uid=10050 gids={3003, 1015, 1006, 3002}
D/ConnectivityService(  149): handleInetConditionChange: no active default network - ignore
I/ActivityManager(  149): Start proc com.google.android.videos for broadcast com.google.android.videos/com.google.android.youtube.videos.transfer.VideoDownloadService$BootReceiver: pid=779 uid=10053 gids={3003, 1015}
I/ActivityManager(  149): Start proc com.android.voicedialer for broadcast com.android.voicedialer/.VoiceDialerReceiver: pid=806 uid=10055 gids={3002}
W/ActivityManager(  149): Permission Denial: receiving Intent { act=android.intent.action.BOOT_COMPLETED flg=0x10 } to com.google.android.youtube requires android.permission.RECEIVE_BOOT_COMPLETED due to sender null (uid 1000)
W/ActivityManager(  149): Permission Denial: receiving Intent { act=android.intent.action.BOOT_COMPLETED flg=0x10 } to com.google.android.youtube requires android.permission.RECEIVE_BOOT_COMPLETED due to sender null (uid 1000)
I/ActivityManager(  149): Start proc com.google.android.apps.googlevoice for broadcast com.google.android.apps.googlevoice/.BootUpReceiver: pid=818 uid=10058 gids={3003, 1015}
I/ActivityManager(  149): Start proc com.android.settings for broadcast com.android.settings/.widget.SettingsAppWidgetProvider: pid=834 uid=1000 gids={1015, 3002, 3001, 3003, 3007}
I/ActivityManager(  149): START {flg=0x10000000 cmp=com.google.android.gsf/.update.SystemUpdateDownloadDialog} from pid 458
I/ActivityManager(  149): Start proc com.android.vending for broadcast com.android.vending/.MarketWidgetProvider: pid=849 uid=10043 gids={3003, 1015}
I/ActivityManager(  149): No longer want com.google.android.inputmethod.latin.dictionarypack (pid 386): hidden #16
I/ActivityManager(  149): No longer want com.android.contacts (pid 470): hidden #16
I/ActivityManager(  149): No longer want com.google.android.exchange (pid 581): hidden #16
I/ActivityManager(  149): Start proc com.google.android.apps.maps:LocationFriendService for broadcast com.google.android.apps.maps/com.google.googlenav.friend.reporting.LocationReportingIntentReceiver: pid=883 uid=10032 gids={3003, 1015}
I/ActivityManager(  149): No longer want com.google.android.apps.genie.geniewidget (pid 599): hidden #16
I/ActivityManager(  149): Start proc com.google.android.calendar for broadcast com.google.android.calendar/com.android.calendar.widget.CalendarAppWidgetService$CalendarFactory: pid=897 uid=10006 gids={3003}
I/ActivityManager(  149): No longer want com.google.android.partnersetup (pid 633): hidden #16
I/ActivityManager(  149): Start proc com.google.android.music:main for broadcast com.google.android.music/.store.MediaStoreImportService$Receiver: pid=917 uid=10037 gids={3003, 1015}
I/ActivityManager(  149): No longer want com.google.android.gsf.login (pid 646): hidden #16
I/ActivityManager(  149): No longer want com.google.android.email (pid 563): hidden #16
I/ActivityManager(  149): No longer want com.android.mms (pid 714): hidden #16
D/CountryDetectorService(  149): No listener is left
I/ActivityManager(  149): No longer want com.google.android.onetimeinitializer (pid 739): hidden #16
D/ConnectivityService(  149): ConnectivityChange for mobile: CONNECTED/CONNECTED
I/Vold    (   72): Filesystem check completed OK
I/Vold    (   72): Device /dev/block/vold/179:3, target /mnt/sdcard mounted @ /mnt/secure/staging
D/Vold    (   72): Volume sdcard state changing 3 (Checking) -> 4 (Mounted)
D/MountService(  149): volume state changed for /mnt/sdcard (checking -> mounted)
I/StorageNotification(  219): Media {/mnt/sdcard} state changed from {checking} -> {mounted}
D/MountService(  149): sendStorageIntent Intent { act=android.intent.action.MEDIA_MOUNTED dat=file:///mnt/sdcard (has extras) }
I/ActivityManager(  149): Start proc com.google.android.apps.uploader for broadcast com.google.android.apps.uploader/.ConnectivityBroadcastReceiver: pid=942 uid=10034 gids={3003}
D/VoldCmdListener(   72): asec list
W/PackageManager(  149): Not granting permission android.permission.SEND_DOWNLOAD_COMPLETED_INTENTS to package com.google.android.browser (protectionLevel=2 flags=0x9be45)
W/PackageManager(  149): Unknown permission com.android.vending.permission.UPDATE_MARKET_FAILURE in package com.android.vending.updater
W/PackageManager(  149): Unknown permission android.permission.ADD_SYSTEM_SERVICE in package com.android.phone
W/PackageManager(  149): Unknown permission com.android.smspush.WAPPUSH_MANAGER_BIND in package com.android.phone
W/PackageManager(  149): Unknown permission com.android.vending.billing.IBillingAccountService.BIND2 in package com.google.android.gsf.login
W/PackageManager(  149): Not granting permission android.permission.DEVICE_POWER to package com.google.android.deskclock (protectionLevel=2 flags=0x8be45)
W/PackageManager(  149): Unknown permission android.permission.READ_OWNER_DATA in package com.google.android.setupwizard
W/PackageManager(  149): Unknown permission android.permission.WRITE_OWNER_DATA in package com.google.android.setupwizard
W/PackageManager(  149): Not granting permission com.google.android.gm.permission.READ_GMAIL to package com.google.android.apps.uploader (protectionLevel=2 flags=0x8be45)
W/PackageManager(  149): Unknown permission android.permission.READ_EXTERNAL_STORAGE in package com.android.vending
W/PackageManager(  149): Not granting permission android.permission.SEND_DOWNLOAD_COMPLETED_INTENTS to package com.android.vending (protectionLevel=2 flags=0xabec5)
W/PackageManager(  149): Not granting permission android.permission.ACCOUNT_MANAGER to package com.google.android.music (protectionLevel=2 flags=0x8be65)
W/PackageManager(  149): Unknown permission com.android.providers.im.permission.READ_ONLY in package com.google.android.apps.maps
W/PackageManager(  149): Unknown permission android.permission.READ_EXTERNAL_STORAGE in package com.google.android.videoeditor
W/PackageManager(  149): Unknown permission com.google.android.apps.googlevoice.REMOTE_INTENT in package com.google.android.apps.googlevoice
W/PackageManager(  149): Unknown permission com.google.android.permission.RECEIVE_DATA_MESSAGE in package com.google.android.apps.googlevoice
W/PackageManager(  149): Unknown permission com.google.android.permission.SEND_DATA_MESSAGE in package com.google.android.apps.googlevoice
I/ActivityManager(  149): Start proc com.google.android.apps.plus for broadcast com.google.android.apps.plus/.service.PackagesMediaMonitor: pid=957 uid=10044 gids={3003, 1015, 1006}
I/ActivityManager(  149): No longer want com.google.android.videos (pid 779): hidden #16
I/ActivityManager(  149): No longer want com.android.voicedialer (pid 806): hidden #16
D/PhoneStatusBar(  219): disable: < expand icons alerts ticker system_info BACK HOME recent* CLOCK >
D/PhoneStatusBar(  219): disable: < expand icons alerts ticker system_info back* home* recent clock* >
D/ConnectivityService(  149): handleInetConditionHoldEnd: net=0, condition=100, published condition=0
I/ActivityManager(  149): START {act=android.intent.action.MAIN cat=[android.intent.category.LAUNCHER] flg=0x10200000 cmp=net.szym.barnacle/.StatusActivity} from pid 342
I/ActivityManager(  149): Start proc net.szym.barnacle for activity net.szym.barnacle/.StatusActivity: pid=994 uid=10065 gids={3003}
I/ActivityManager(  149): Start proc com.googlecode.android.wifi.tether for broadcast com.googlecode.android.wifi.tether/.WifiStateChangeReceiver: pid=1011 uid=10063 gids={3003, 3001, 3002, 1015}
I/ActivityManager(  149): No longer want com.google.android.apps.googlevoice (pid 818): hidden #16
W/InputManagerService(  149): Starting input on non-focused client com.android.internal.view.IInputMethodClient$Stub$Proxy@41488338 (uid=10029 pid=342)
D/NetworkManagementService(  149): rsp <213 00:90:4c:11:22:33 0.0.0.0 0 [down broadcast multicast]>
D/NetworkManagementService(  149): flags <[down broadcast multicast]>
D/ConnectivityService(  149): ConnectivityChange for WIFI: DISCONNECTED/DISCONNECTED
D/ConnectivityService(  149): Attempting to switch to mobile
D/ConnectivityService(  149): Attempting to switch to BLUETOOTH_TETHER
D/NetlinkEvent(   75): Unexpected netlink message. type=0x11
E/ActivityManager(  149): Activity Manager Crash
E/ActivityManager(  149): java.lang.IllegalArgumentException: Unknown URI type: 7
E/ActivityManager(  149): 	at android.net.Uri$1.createFromParcel(Uri.java:1734)
E/ActivityManager(  149): 	at android.net.Uri$1.createFromParcel(Uri.java:1723)
E/ActivityManager(  149): 	at android.content.Intent.readFromParcel(Intent.java:6131)
E/ActivityManager(  149): 	at android.content.Intent.<init>(Intent.java:6126)
E/ActivityManager(  149): 	at android.content.Intent.readFromParcel(Intent.java:6153)
E/ActivityManager(  149): 	at android.content.Intent.<init>(Intent.java:6126)
E/ActivityManager(  149): 	at android.content.Intent$1.createFromParcel(Intent.java:6117)
E/ActivityManager(  149): 	at android.content.Intent$1.createFromParcel(Intent.java:6115)
E/ActivityManager(  149): 	at android.app.ActivityManagerNative.onTransact(ActivityManagerNative.java:298)
E/ActivityManager(  149): 	at com.android.server.am.ActivityManagerService.onTransact(ActivityManagerService.java:1545)
E/ActivityManager(  149): 	at android.os.Binder.execTransact(Binder.java:338)
E/ActivityManager(  149): 	at dalvik.system.NativeStart.run(Native Method)
D/NetworkPolicy(  149): applying policy NetworkPolicy[NetworkTemplate: matchRule=MOBILE_ALL, subscriberId=valid]: cycleDay=15, warningBytes=2147483648, limitBytes=-1, lastSnooze=-1 to ifaces [rmnet0]
D/NetworkPolicy(  149): applying policy NetworkPolicy[NetworkTemplate: matchRule=MOBILE_ALL, subscriberId=valid]: cycleDay=15, warningBytes=2147483648, limitBytes=-1, lastSnooze=-1 to ifaces [rmnet0]
D/NetworkPolicy(  149): applying policy NetworkPolicy[NetworkTemplate: matchRule=MOBILE_ALL, subscriberId=valid]: cycleDay=15, warningBytes=2147483648, limitBytes=-1, lastSnooze=-1 to ifaces [rmnet0]
D/ConnectivityService(  149): handleInetConditionHoldEnd: net=0, condition=100, published condition=100
I/ActivityManager(  149): START {act=android.intent.action.MAIN cat=[android.intent.category.HOME] flg=0x10200000 cmp=com.android.launcher/com.android.launcher2.Launcher} from pid 149
W/InputManagerService(  149): Starting input on non-focused client com.android.internal.view.IInputMethodClient$Stub$Proxy@4168d130 (uid=10065 pid=994)
D/PhoneStatusBar(  219): disable: < expand icons alerts ticker system_info back home RECENT* clock >
D/PhoneStatusBar(  219): disable: < expand icons alerts ticker system_info BACK* HOME* RECENT CLOCK* >
I/WindowManager(  149): Lock screen displayed!
I/WindowManager(  149): Lock screen displayed!
D/PhoneStatusBar(  219): disable: < expand icons alerts ticker system_info BACK HOME recent* CLOCK >
W/InputManagerService(  149): Window already focused, ignoring focus gain of: com.android.internal.view.IInputMethodClient$Stub$Proxy@413d3ad8
D/PhoneStatusBar(  219): disable: < expand icons alerts ticker system_info back* home* recent clock* >
I/ActivityManager(  149): START {act=android.intent.action.MAIN cat=[android.intent.category.LAUNCHER] flg=0x10200000 cmp=edu.mit.csail.diplomamatrix/.StatusActivity} from pid 342
I/ActivityManager(  149): Start proc edu.mit.csail.diplomamatrix for activity edu.mit.csail.diplomamatrix/.StatusActivity: pid=1076 uid=10067 gids={1006, 1015, 3003}
W/InputManagerService(  149): Starting input on non-focused client com.android.internal.view.IInputMethodClient$Stub$Proxy@41488338 (uid=10029 pid=342)
W/InputManagerService(  149): Starting input on non-focused client com.android.internal.view.IInputMethodClient$Stub$Proxy@4145f680 (uid=10067 pid=1076)
I/ActivityManager(  149): No longer want com.google.android.gm (pid 617): hidden #16
I/WindowManager(  149): WIN DEATH: Window{416e9928 edu.mit.csail.diplomamatrix/edu.mit.csail.diplomamatrix.StatusActivity paused=false}
I/ActivityManager(  149): Process edu.mit.csail.diplomamatrix (pid 1076) has died.
W/WindowManager(  149): Force-removing child win Window{41571470 SurfaceView paused=false} from container Window{416e9928 edu.mit.csail.diplomamatrix/edu.mit.csail.diplomamatrix.StatusActivity paused=false}
W/WindowManager(  149): Failed looking up window
W/WindowManager(  149): java.lang.IllegalArgumentException: Requested window android.os.BinderProxy@41563d10 does not exist
W/WindowManager(  149): 	at com.android.server.wm.WindowManagerService.windowForClientLocked(WindowManagerService.java:7156)
W/WindowManager(  149): 	at com.android.server.wm.WindowManagerService.windowForClientLocked(WindowManagerService.java:7147)
W/WindowManager(  149): 	at com.android.server.wm.WindowState$DeathRecipient.binderDied(WindowState.java:1529)
W/WindowManager(  149): 	at android.os.BinderProxy.sendDeathNotice(Binder.java:417)
W/WindowManager(  149): 	at dalvik.system.NativeStart.run(Native Method)
I/WindowManager(  149): WIN DEATH: null
I/ActivityManager(  149): START {act=android.intent.action.MAIN cat=[android.intent.category.APP_MARKET] flg=0x10000000 cmp=com.android.vending/.AssetBrowserActivity} from pid 342
I/ActivityManager(  149): Start proc com.google.android.gsf.login for service com.google.android.gsf.login/com.google.android.gsf.loginservice.GoogleLoginService: pid=1113 uid=10011 gids={3003, 1015, 1007, 2001, 3006}
W/InputManagerService(  149): Starting input on non-focused client com.android.internal.view.IInputMethodClient$Stub$Proxy@41488338 (uid=10029 pid=342)
I/ActivityManager(  149): START {flg=0x80000 cmp=com.google.android.gsf.login/.AccountIntroActivity (has extras)} from pid 849
I/ActivityManager(  149): START {cmp=com.google.android.gsf.login/.AccountIntroUIActivity (has extras)} from pid 1113
W/ActivityManager(  149): Activity destroy timeout for ActivityRecord{417971f8 edu.mit.csail.diplomamatrix/.StatusActivity}
I/ActivityManager(  149): START {cmp=com.google.android.gsf.login/.LoginActivity (has extras)} from pid 1113
I/ActivityManager(  149): START {cmp=com.google.android.gsf.login/.UsernamePasswordActivity (has extras)} from pid 1113
I/ActivityManager(  149): START {act=android.intent.action.MAIN cat=[android.intent.category.HOME] flg=0x10200000 cmp=com.android.launcher/com.android.launcher2.Launcher} from pid 149
I/ActivityManager(  149): START {act=android.intent.action.MAIN cat=[android.intent.category.HOME] flg=0x10200000 cmp=com.android.launcher/com.android.launcher2.Launcher} from pid 149
W/InputManagerService(  149): Starting input on non-focused client com.android.internal.view.IInputMethodClient$Stub$Proxy@417922a8 (uid=10011 pid=1113)
I/ActivityManager(  149): START {act=android.intent.action.MAIN cat=[android.intent.category.LAUNCHER] flg=0x10200000 cmp=edu.mit.csail.diplomamatrix/.StatusActivity} from pid 342
I/ActivityManager(  149): Start proc edu.mit.csail.diplomamatrix for activity edu.mit.csail.diplomamatrix/.StatusActivity: pid=1141 uid=10067 gids={1006, 1015, 3003}
W/InputManagerService(  149): Starting input on non-focused client com.android.internal.view.IInputMethodClient$Stub$Proxy@41488338 (uid=10029 pid=342)
W/InputManagerService(  149): Starting input on non-focused client com.android.internal.view.IInputMethodClient$Stub$Proxy@414bdcf0 (uid=10067 pid=1141)
I/ActivityManager(  149): No longer want com.google.android.deskclock (pid 540): hidden #16
I/ActivityManager(  149): Process edu.mit.csail.diplomamatrix (pid 1141) has died.
I/WindowManager(  149): WIN DEATH: Window{415a0508 edu.mit.csail.diplomamatrix/edu.mit.csail.diplomamatrix.StatusActivity paused=false}
W/WindowManager(  149): Force-removing child win Window{416f7b68 SurfaceView paused=false} from container Window{415a0508 edu.mit.csail.diplomamatrix/edu.mit.csail.diplomamatrix.StatusActivity paused=false}
W/ActivityManager(  149): Activity destroy timeout for ActivityRecord{416caa18 edu.mit.csail.diplomamatrix/.StatusActivity}
I/ActivityManager(  149): START {act=android.intent.action.MAIN cat=[android.intent.category.LAUNCHER] flg=0x10200000 cmp=edu.mit.csail.diplomamatrix/.StatusActivity} from pid 342
I/ActivityManager(  149): Start proc edu.mit.csail.diplomamatrix for activity edu.mit.csail.diplomamatrix/.StatusActivity: pid=1173 uid=10067 gids={1006, 1015, 3003}
W/InputManagerService(  149): Starting input on non-focused client com.android.internal.view.IInputMethodClient$Stub$Proxy@41488338 (uid=10029 pid=342)
W/InputManagerService(  149): Window already focused, ignoring focus gain of: com.android.internal.view.IInputMethodClient$Stub$Proxy@41739c88
W/InputManagerService(  149): Window already focused, ignoring focus gain of: com.android.internal.view.IInputMethodClient$Stub$Proxy@41799b00
W/InputManagerService(  149): Window already focused, ignoring focus gain of: com.android.internal.view.IInputMethodClient$Stub$Proxy@416f1978
W/InputManagerService(  149): Window already focused, ignoring focus gain of: com.android.internal.view.IInputMethodClient$Stub$Proxy@4169e980
W/InputManagerService(  149): Window already focused, ignoring focus gain of: com.android.internal.view.IInputMethodClient$Stub$Proxy@4168c538
W/InputManagerService(  149): Window already focused, ignoring focus gain of: com.android.internal.view.IInputMethodClient$Stub$Proxy@4132fce8
W/InputManagerService(  149): Window already focused, ignoring focus gain of: com.android.internal.view.IInputMethodClient$Stub$Proxy@416e9a70
W/InputManagerService(  149): Window already focused, ignoring focus gain of: com.android.internal.view.IInputMethodClient$Stub$Proxy@41736238
W/InputManagerService(  149): Window already focused, ignoring focus gain of: com.android.internal.view.IInputMethodClient$Stub$Proxy@416a5d00
W/InputManagerService(  149): Window already focused, ignoring focus gain of: com.android.internal.view.IInputMethodClient$Stub$Proxy@41796390
W/InputManagerService(  149): Window already focused, ignoring focus gain of: com.android.internal.view.IInputMethodClient$Stub$Proxy@416ac4f8
W/InputManagerService(  149): Window already focused, ignoring focus gain of: com.android.internal.view.IInputMethodClient$Stub$Proxy@416a86e8
W/InputManagerService(  149): Window already focused, ignoring focus gain of: com.android.internal.view.IInputMethodClient$Stub$Proxy@41586980
W/InputManagerService(  149): Window already focused, ignoring focus gain of: com.android.internal.view.IInputMethodClient$Stub$Proxy@416fe540
W/InputManagerService(  149): Window already focused, ignoring focus gain of: com.android.internal.view.IInputMethodClient$Stub$Proxy@417515f8
W/InputManagerService(  149): Window already focused, ignoring focus gain of: com.android.internal.view.IInputMethodClient$Stub$Proxy@415cb980
I/ActivityManager(  149): Start proc com.google.android.apps.maps for service com.google.android.apps.maps/com.google.googlenav.prefetch.android.PrefetcherService: pid=1240 uid=10032 gids={3003, 1015}
W/InputManagerService(  149): Window already focused, ignoring focus gain of: com.android.internal.view.IInputMethodClient$Stub$Proxy@4176a348
I/ActivityManager(  149): No longer want com.google.android.apps.maps:NetworkLocationService (pid 701): hidden #16
W/ActivityManager(  149): Scheduling restart of crashed service com.google.android.apps.maps/com.google.android.location.internal.server.NetworkLocationService in 5000ms
I/ActivityManager(  149): Start proc com.google.android.apps.maps:NetworkLocationService for service com.google.android.apps.maps/com.google.android.location.internal.server.NetworkLocationService: pid=1268 uid=10032 gids={3003, 1015}
I/ActivityManager(  149): No longer want com.google.android.talk (pid 753): hidden #16
W/InputManagerService(  149): Window already focused, ignoring focus gain of: com.android.internal.view.IInputMethodClient$Stub$Proxy@416e6098
W/InputManagerService(  149): Window already focused, ignoring focus gain of: com.android.internal.view.IInputMethodClient$Stub$Proxy@41768468
W/InputManagerService(  149): Window already focused, ignoring focus gain of: com.android.internal.view.IInputMethodClient$Stub$Proxy@4144fe48
--------- beginning of /dev/log/main
I/Mux     ( 1173): 1333728574711: I got a CSM packet at a leader 
I/NetworkThread( 1173): 1333728574713: Sending UDP payload: 949
I/VCoreDaemon( 1173): 1333728574715: nonce 241 heard from src region (2,0)
I/VCoreDaemon( 1173): 1333728574811: Retrying PROC_REQUEST 11:3 (2,0)->(3,0)
I/VCoreDaemon( 1173): 1333728574812: Dispatching Atom PROC_REQUEST 11:3 (2,0)->(3,0)
I/Mux     ( 1173): 1333728574812: I got a CSM packet at a leader 
I/NetworkThread( 1173): 1333728574814: Sending UDP payload: 949
I/VCoreDaemon( 1173): 1333728574815: nonce 242 heard from src region (2,0)
I/VCoreDaemon( 1173): 1333728574872: inside sendPacket(Packet p)
I/NetworkThread( 1173): 1333728574874: Sending UDP payload: 406
I/VCoreDaemon( 1173): 1333728574913: Retrying PROC_REQUEST 11:3 (2,0)->(3,0)
I/VCoreDaemon( 1173): 1333728574913: Dispatching Atom PROC_REQUEST 11:3 (2,0)->(3,0)
I/Mux     ( 1173): 1333728574914: I got a CSM packet at a leader 
I/NetworkThread( 1173): 1333728574915: Sending UDP payload: 949
I/VCoreDaemon( 1173): 1333728574918: nonce 243 heard from src region (2,0)
I/VCoreDaemon( 1173): 1333728575014: Retrying PROC_REQUEST 11:3 (2,0)->(3,0)
I/VCoreDaemon( 1173): 1333728575015: Dispatching Atom PROC_REQUEST 11:3 (2,0)->(3,0)
I/Mux     ( 1173): 1333728575016: I got a CSM packet at a leader 
I/NetworkThread( 1173): 1333728575017: Sending UDP payload: 949
I/VCoreDaemon( 1173): 1333728575018: nonce 244 heard from src region (2,0)
I/VCoreDaemon( 1173): 1333728575116: Request timed out, send failure PROC_REPLY 11:3 (3,0)->(2,0)
I/VCoreDaemon( 1173): 1333728575117: Dispatching Atom PROC_REPLY 11:3 (3,0)->(2,0)
I/Mux     ( 1173): 1333728575117: I got a CSM packet at a leader 
I/NetworkThread( 1173): 1333728575119: Sending UDP payload: 770
I/VCoreDaemon( 1173): 1333728575120: Received PROC_REPLY 11:3 (3,0)->(2,0), handing to UserApp
D/AudioHardware(   81): AudioHardware pcm playback is going to standby.
D/AudioHardware(   81): closePcmOut_l() mPcmOpenCnt: 1
I/StatusActivity( 1173): inside buttonsEnableProgressTimeoutR. Perhaps no one is in that region. Try again later!
I/StatusActivity( 1173): Inside _enableButtons
I/StatusActivity( 1173): areButtonsEnabled --> true
I/StatusActivity( 1173): takeNum=7 takeCamGood=7 takeGoodSave=7 takeBad=0 takeTimedout=0 getNum=14 getGood=2 getBad=1 getTimedout=11
W/InputManagerService(  149): Window already focused, ignoring focus gain of: com.android.internal.view.IInputMethodClient$Stub$Proxy@41729088
I/VCoreDaemon( 1173): 1333728579873: inside sendPacket(Packet p)
I/NetworkThread( 1173): 1333728579884: Sending UDP payload: 406
I/StatusActivity( 1173): 1333728581035: .......... GPS onLocationChanged ...... 
I/VCoreDaemon( 1173): 1333728581036: Loc = Location[mProvider=gps,mTime=1333814982000,mLatitude=42.36407870663917,mLongitude=-71.101336221717,mHasAltitude=true,mAltitude=-22.0,mHasSpeed=true,mSpeed=0.08149387,mHasBearing=true,mBearing=222.25174,mHasAccuracy=true,mAccuracy=10.0,mExtras=Bundle[mParcelledData.dataSize=4]] Previous Region = (2,0)
I/VCoreDaemon( 1173): 1333728581049: GPS x/long:-71.101336221717, GPS y/lat: 42.36407870663917. Region width in x: 51.96152422706632
I/VCoreDaemon( 1173): 1333728581050: location PINPOINTS to region = 2.0, previous 2
I/VCoreDaemon( 1173): 1333728581050: stay at region 2
D/dalvikvm( 1173): GC_CONCURRENT freed 1769K, 31% free 11096K/15879K, paused 2ms+16ms
I/VCoreDaemon( 1173): 1333728584856: leader to cloud hearbeat...
I/VNC:Cloud( 1173): Executing makeRequest: http://hermes5.csail.mit.edu:8212/take/2/0/5109/1333728584857/
I/NetworkThread( 1173): 1333728585086: Received UDP payload: 406
W/NetworkStats(  149): dropping UID delta from unknown iface: iface=wlan0 uid=10067 set=FOREGROUND tag=0x0 rxBytes=27119 rxPackets=28 txBytes=24406 txPackets=23 operations=0
I/NetworkThread( 1173): 1333728588090: Received UDP payload: 406
D/dalvikvm(  149): GC_CONCURRENT freed 856K, 13% free 12805K/14599K, paused 2ms+6ms
I/VNC:Cloud( 1173): makeRequest Execute HTTP latency: 3720ms
I/VNC:Cloud( 1173): makeRequest() Cloud response length: 93
I/VNC:Cloud( 1173): Request executed: http://hermes5.csail.mit.edu:8212/take/2/0/5109/1333728584857/
I/VCoreDaemon( 1173): 1333728588635: inside sendPacket(Packet p)
I/NetworkThread( 1173): 1333728588645: Sending UDP payload: 406
I/NetworkThread( 1173): 1333728590089: Received UDP payload: 406
I/VCoreDaemon( 1173): 1333728593647: inside sendPacket(Packet p)
I/NetworkThread( 1173): 1333728593656: Sending UDP payload: 406
W/NetworkStats(  149): dropping UID delta from unknown iface: iface=wlan0 uid=10067 set=FOREGROUND tag=0x0 rxBytes=1736 rxPackets=4 txBytes=868 txPackets=2 operations=0
I/NetworkThread( 1173): 1333728595089: Received UDP payload: 406
I/VCoreDaemon( 1173): 1333728598648: inside sendPacket(Packet p)
I/NetworkThread( 1173): 1333728598658: Sending UDP payload: 406
I/StatusActivity( 1173): 1333728600072: .......... GPS onLocationChanged ...... 
I/VCoreDaemon( 1173): 1333728600073: Loc = Location[mProvider=gps,mTime=1333815001000,mLatitude=42.36406648980358,mLongitude=-71.10132823849322,mHasAltitude=true,mAltitude=-23.0,mHasSpeed=true,mSpeed=0.0,mHasBearing=true,mBearing=136.38544,mHasAccuracy=true,mAccuracy=10.0,mExtras=Bundle[mParcelledData.dataSize=4]] Previous Region = (2,0)
I/VCoreDaemon( 1173): 1333728600073: GPS x/long:-71.10132823849322, GPS y/lat: 42.36406648980358. Region width in x: 51.96152422706632
I/VCoreDaemon( 1173): 1333728600073: location PINPOINTS to region = 2.0, previous 2
I/VCoreDaemon( 1173): 1333728600074: stay at region 2
I/NetworkThread( 1173): 1333728600090: Received UDP payload: 406
D/dalvikvm( 1268): GC_CONCURRENT freed 326K, 8% free 9931K/10695K, paused 5ms+3ms
I/VCoreDaemon( 1173): 1333728603658: inside sendPacket(Packet p)
I/NetworkThread( 1173): 1333728603667: Sending UDP payload: 406
I/NetworkThread( 1173): 1333728605119: Received UDP payload: 406
I/StatusActivity( 1173): 1333728606010: .......... GPS onLocationChanged ...... 
I/VCoreDaemon( 1173): 1333728606011: Loc = Location[mProvider=gps,mTime=1333815007000,mLatitude=42.36407845007717,mLongitude=-71.10132508985907,mHasAltitude=true,mAltitude=-23.0,mHasSpeed=true,mSpeed=0.1399041,mHasBearing=true,mBearing=24.24875,mHasAccuracy=true,mAccuracy=10.0,mExtras=Bundle[mParcelledData.dataSize=4]] Previous Region = (2,0)
I/VCoreDaemon( 1173): 1333728606012: GPS x/long:-71.10132508985907, GPS y/lat: 42.36407845007717. Region width in x: 51.96152422706632
I/VCoreDaemon( 1173): 1333728606012: location PINPOINTS to region = 2.0, previous 2
I/VCoreDaemon( 1173): 1333728606012: stay at region 2
I/StatusActivity( 1173): 1333728606250: canPressButton = TRUE
I/StatusActivity( 1173): 1333728606251: areButtonsEnabled --> false 
I/StatusActivity( 1173): 1333728606251: get picture disableButtonsR
I/StatusActivity( 1173): 1333728606259: areButtonsEnabled --> false
D/AudioHardware(   81): AudioHardware pcm playback is exiting standby.
D/AudioHardware(   81): openPcmOut_l() mPcmOpenCnt: 0
I/StatusActivity( 1173): 1333728606309: takeNum=7 takeCamGood=7 takeGoodSave=7 takeBad=0 takeTimedout=0 getNum=15 getGood=2 getBad=1 getTimedout=11
I/StatusActivity( 1173): 1333728606310: ** Clicked getphotos Button from region 5 **
I/StatusActivity( 1173): 1333728606310: I'm the Client, and I'm in region: 2 nodID = 5109
I/StatusActivity( 1173): 1333728606320: I'm a leader, my requesting photos packet going to mux directly
I/Mux     ( 1173): 1333728606321: Inside mux Packet.CLIENT_REQUEST
I/Mux     ( 1173): 1333728606321: I'm the leader of requesting client, about to process Packet.CLIENT_REQUEST in userApp
I/UserApp ( 1173): 1333728606321: UserApp handling MY region's client request, will send atom packet to REMOTE region's handleDSMRequest
I/UserApp ( 1173): 1333728606321: request is CLIENT_DOWNLOAD_PHOTO, figure out where (remote region) to forward packet
I/UserApp ( 1173): 1333728606322: Sending to region: 5
I/VCoreDaemon( 1173): 1333728606323: Sending PROC_REQUEST 11:2 (2,0)->(5,0)
I/VCoreDaemon( 1173): 1333728606323: Dispatching Atom PROC_REQUEST 11:2 (2,0)->(5,0)
I/Mux     ( 1173): 1333728606323: I got a CSM packet at a leader 
I/NetworkThread( 1173): 1333728606325: Sending UDP payload: 949
I/VCoreDaemon( 1173): 1333728606326: nonce 246 heard from src region (2,0)
I/StatusActivity( 1173): 1333728606365: StatusActivity sent request to get photos for region 5
I/VCoreDaemon( 1173): 1333728607044: Retrying PROC_REQUEST 11:2 (2,0)->(5,0)
I/VCoreDaemon( 1173): 1333728607044: Dispatching Atom PROC_REQUEST 11:2 (2,0)->(5,0)
I/Mux     ( 1173): 1333728607045: I got a CSM packet at a leader 
I/NetworkThread( 1173): 1333728607046: Sending UDP payload: 949
I/VCoreDaemon( 1173): 1333728607061: nonce 247 heard from src region (2,0)
I/VCoreDaemon( 1173): 1333728607146: Retrying PROC_REQUEST 11:2 (2,0)->(5,0)
I/VCoreDaemon( 1173): 1333728607154: Dispatching Atom PROC_REQUEST 11:2 (2,0)->(5,0)
I/Mux     ( 1173): 1333728607155: I got a CSM packet at a leader 
I/NetworkThread( 1173): 1333728607156: Sending UDP payload: 949
I/VCoreDaemon( 1173): 1333728607161: nonce 248 heard from src region (2,0)
I/VCoreDaemon( 1173): 1333728607257: Retrying PROC_REQUEST 11:2 (2,0)->(5,0)
I/VCoreDaemon( 1173): 1333728607258: Dispatching Atom PROC_REQUEST 11:2 (2,0)->(5,0)
I/Mux     ( 1173): 1333728607259: I got a CSM packet at a leader 
I/NetworkThread( 1173): 1333728607263: Sending UDP payload: 949
I/VCoreDaemon( 1173): 1333728607265: nonce 249 heard from src region (2,0)
I/VCoreDaemon( 1173): 1333728607359: Retrying PROC_REQUEST 11:2 (2,0)->(5,0)
I/VCoreDaemon( 1173): 1333728607360: Dispatching Atom PROC_REQUEST 11:2 (2,0)->(5,0)
I/Mux     ( 1173): 1333728607360: I got a CSM packet at a leader 
I/NetworkThread( 1173): 1333728607362: Sending UDP payload: 949
I/VCoreDaemon( 1173): 1333728607364: nonce 250 heard from src region (2,0)
I/VCoreDaemon( 1173): 1333728607461: Retrying PROC_REQUEST 11:2 (2,0)->(5,0)
I/VCoreDaemon( 1173): 1333728607462: Dispatching Atom PROC_REQUEST 11:2 (2,0)->(5,0)
I/Mux     ( 1173): 1333728607464: I got a CSM packet at a leader 
I/NetworkThread( 1173): 1333728607467: Sending UDP payload: 949
I/VCoreDaemon( 1173): 1333728607470: nonce 251 heard from src region (2,0)
I/VCoreDaemon( 1173): 1333728607569: Retrying PROC_REQUEST 11:2 (2,0)->(5,0)
I/VCoreDaemon( 1173): 1333728607570: Dispatching Atom PROC_REQUEST 11:2 (2,0)->(5,0)
I/Mux     ( 1173): 1333728607571: I got a CSM packet at a leader 
I/NetworkThread( 1173): 1333728607575: Sending UDP payload: 949
I/VCoreDaemon( 1173): 1333728607592: nonce 252 heard from src region (2,0)
I/VCoreDaemon( 1173): 1333728607671: Retrying PROC_REQUEST 11:2 (2,0)->(5,0)
I/VCoreDaemon( 1173): 1333728607672: Dispatching Atom PROC_REQUEST 11:2 (2,0)->(5,0)
I/Mux     ( 1173): 1333728607672: I got a CSM packet at a leader 
I/NetworkThread( 1173): 1333728607674: Sending UDP payload: 949
I/VCoreDaemon( 1173): 1333728607676: nonce 253 heard from src region (2,0)
I/VCoreDaemon( 1173): 1333728607773: Retrying PROC_REQUEST 11:2 (2,0)->(5,0)
I/VCoreDaemon( 1173): 1333728607774: Dispatching Atom PROC_REQUEST 11:2 (2,0)->(5,0)
I/Mux     ( 1173): 1333728607775: I got a CSM packet at a leader 
I/NetworkThread( 1173): 1333728607778: Sending UDP payload: 949
I/VCoreDaemon( 1173): 1333728607794: nonce 254 heard from src region (2,0)
I/VCoreDaemon( 1173): 1333728607890: Retrying PROC_REQUEST 11:2 (2,0)->(5,0)
I/VCoreDaemon( 1173): 1333728607891: Dispatching Atom PROC_REQUEST 11:2 (2,0)->(5,0)
I/Mux     ( 1173): 1333728607891: I got a CSM packet at a leader 
I/NetworkThread( 1173): 1333728607893: Sending UDP payload: 949
I/VCoreDaemon( 1173): 1333728607895: nonce 255 heard from src region (2,0)
I/VCoreDaemon( 1173): 1333728607992: Retrying PROC_REQUEST 11:2 (2,0)->(5,0)
I/VCoreDaemon( 1173): 1333728607992: Dispatching Atom PROC_REQUEST 11:2 (2,0)->(5,0)
I/Mux     ( 1173): 1333728607993: I got a CSM packet at a leader 
I/NetworkThread( 1173): 1333728607995: Sending UDP payload: 949
I/VCoreDaemon( 1173): 1333728607996: nonce 256 heard from src region (2,0)
I/StatusActivity( 1173): 1333728608039: .......... GPS onLocationChanged ...... 
I/VCoreDaemon( 1173): 1333728608041: Loc = Location[mProvider=gps,mTime=1333815009000,mLatitude=42.36408796830871,mLongitude=-71.1013291941277,mHasAltitude=true,mAltitude=-22.0,mHasSpeed=true,mSpeed=0.0,mHasBearing=true,mBearing=20.590649,mHasAccuracy=true,mAccuracy=10.0,mExtras=Bundle[mParcelledData.dataSize=4]] Previous Region = (2,0)
I/VCoreDaemon( 1173): 1333728608041: GPS x/long:-71.1013291941277, GPS y/lat: 42.36408796830871. Region width in x: 51.96152422706632
I/VCoreDaemon( 1173): 1333728608041: location PINPOINTS to region = 2.0, previous 2
I/VCoreDaemon( 1173): 1333728608041: stay at region 2
