I/VCoreDaemon( 1173): 1333728848012: GPS x/long:-71.10109874743003, GPS y/lat: 42.36397608927713. Region width in x: 51.96152422706632
I/VCoreDaemon( 1173): 1333728848013: location PINPOINTS to region = 2.0, previous 2
I/VCoreDaemon( 1173): 1333728848013: location is INSIDE BOUNDARY, stay at prev region = (2,0)
I/VCoreDaemon( 1173): 1333728849643: inside sendPacket(Packet p)
I/NetworkThread( 1173): 1333728849653: Sending UDP payload: 406
I/StatusActivity( 1173): 1333728850008: .......... GPS onLocationChanged ...... 
I/VCoreDaemon( 1173): 1333728850009: Loc = Location[mProvider=gps,mTime=1333815251000,mLatitude=42.36396644194576,mLongitude=-71.1010913204986,mHasAltitude=true,mAltitude=-24.0,mHasSpeed=true,mSpeed=0.9776468,mHasBearing=true,mBearing=138.8019,mHasAccuracy=true,mAccuracy=10.0,mExtras=Bundle[mParcelledData.dataSize=4]] Previous Region = (2,0)
I/VCoreDaemon( 1173): 1333728850009: GPS x/long:-71.1010913204986, GPS y/lat: 42.36396644194576. Region width in x: 51.96152422706632
I/VCoreDaemon( 1173): 1333728850009: location PINPOINTS to region = 1.0, previous 2
I/VCoreDaemon( 1173): 1333728850009: location is INSIDE BOUNDARY, stay at prev region = (2,0)
D/dalvikvm(  149): GC_CONCURRENT freed 834K, 13% free 12824K/14599K, paused 3ms+8ms
D/dalvikvm(  314): GC_CONCURRENT freed 441K, 6% free 9501K/10055K, paused 26ms+3ms
I/StatusActivity( 1173): 1333728852011: .......... GPS onLocationChanged ...... 
I/VCoreDaemon( 1173): 1333728852012: Loc = Location[mProvider=gps,mTime=1333815253000,mLatitude=42.363955074350876,mLongitude=-71.10107856067918,mHasAltitude=true,mAltitude=-21.0,mHasSpeed=true,mSpeed=1.1530584,mHasBearing=true,mBearing=131.98003,mHasAccuracy=true,mAccuracy=10.0,mExtras=Bundle[mParcelledData.dataSize=4]] Previous Region = (2,0)
I/VCoreDaemon( 1173): 1333728852013: GPS x/long:-71.10107856067918, GPS y/lat: 42.363955074350876. Region width in x: 51.96152422706632
I/VCoreDaemon( 1173): 1333728852013: location PINPOINTS to region = 1.0, previous 2
I/VCoreDaemon( 1173): 1333728852023: location is INSIDE BOUNDARY, stay at prev region = (2,0)
W/NetworkStats(  149): dropping UID delta from unknown iface: iface=wlan0 uid=10067 set=FOREGROUND tag=0x0 rxBytes=1302 rxPackets=3 txBytes=868 txPackets=2 operations=0
I/StatusActivity( 1173): 1333728854011: .......... GPS onLocationChanged ...... 
I/VCoreDaemon( 1173): 1333728854012: Loc = Location[mProvider=gps,mTime=1333815255000,mLatitude=42.36394848954805,mLongitude=-71.10106444611351,mHasAltitude=true,mAltitude=-22.0,mHasSpeed=true,mSpeed=1.2264818,mHasBearing=true,mBearing=127.021454,mHasAccuracy=true,mAccuracy=10.0,mExtras=Bundle[mParcelledData.dataSize=4]] Previous Region = (2,0)
I/VCoreDaemon( 1173): 1333728854012: GPS x/long:-71.10106444611351, GPS y/lat: 42.36394848954805. Region width in x: 51.96152422706632
I/VCoreDaemon( 1173): 1333728854022: location PINPOINTS to region = 1.0, previous 2
I/VCoreDaemon( 1173): 1333728854022: location is INSIDE BOUNDARY, stay at prev region = (2,0)
I/VCoreDaemon( 1173): 1333728854644: inside sendPacket(Packet p)
I/NetworkThread( 1173): 1333728854653: Sending UDP payload: 406
I/StatusActivity( 1173): 1333728857011: .......... GPS onLocationChanged ...... 
I/VCoreDaemon( 1173): 1333728857012: Loc = Location[mProvider=gps,mTime=1333815258000,mLatitude=42.36393910968288,mLongitude=-71.10104998140233,mHasAltitude=true,mAltitude=-20.0,mHasSpeed=true,mSpeed=1.3041524,mHasBearing=true,mBearing=136.24272,mHasAccuracy=true,mAccuracy=10.0,mExtras=Bundle[mParcelledData.dataSize=4]] Previous Region = (2,0)
I/VCoreDaemon( 1173): 1333728857013: GPS x/long:-71.10104998140233, GPS y/lat: 42.36393910968288. Region width in x: 51.96152422706632
I/VCoreDaemon( 1173): 1333728857013: location PINPOINTS to region = 1.0, previous 2
I/VCoreDaemon( 1173): 1333728857023: location is INSIDE BOUNDARY, stay at prev region = (2,0)
I/StatusActivity( 1173): 1333728858022: .......... GPS onLocationChanged ...... 
I/VCoreDaemon( 1173): 1333728858023: Loc = Location[mProvider=gps,mTime=1333815259000,mLatitude=42.363931474566634,mLongitude=-71.10104206631335,mHasAltitude=true,mAltitude=-20.0,mHasSpeed=true,mSpeed=1.3146381,mHasBearing=true,mBearing=140.37706,mHasAccuracy=true,mAccuracy=10.0,mExtras=Bundle[mParcelledData.dataSize=4]] Previous Region = (2,0)
I/VCoreDaemon( 1173): 1333728858023: GPS x/long:-71.10104206631335, GPS y/lat: 42.363931474566634. Region width in x: 51.96152422706632
I/VCoreDaemon( 1173): 1333728858023: location PINPOINTS to region = 1.0, previous 2
I/VCoreDaemon( 1173): 1333728858024: location CHANGED TO NEW region = (1,0) from region = (2,0)
I/VCoreDaemon( 1173): 1333728858024: moving from region (2,0), to (1,0)
I/VCoreDaemon( 1173): 1333728858025: change state to HANDING_OFF with parameter my previous/old region = (2,0) before helping to elect new leader in it. (btw, newRegion (1,0))
I/VCoreDaemon.java( 1173): inside stateTransition ......................................................................................
I/..... VCoreDaemon.java( 1173): targetState = HANDING_OFF
I/VCoreDaemon( 1173): 1333728858025: HANDING OFF setting leaderRegion = (2,0)
I/VCoreDaemon( 1173): 1333728858026: Trying to hand off leadership
I/..... VCoreDaemon.java( 1173): ends xxxxxxxxxxxxxxxxxxxxxxxxxxxxxxxxxxxxxxxxxxx
I/VCoreDaemon( 1173): 1333728858026: broadcasting LEADER_ELECT to old (2,0)
I/VCoreDaemon( 1173): 1333728858026: inside sendPacket(Packet p)
I/NetworkThread( 1173): 1333728858027: Sending UDP payload: 423
I/VCoreDaemon( 1173): 1333728858428: INSIDE ELECT CANDIDATE
I/VCoreDaemon( 1173): 1333728858429: CANDIDATE SIZE is 0
I/UserApp ( 1173): 1333728858429: UserApp stopped.
I/VCoreDaemon( 1173): 1333728858430: DSMLayer stopped
I/VCoreDaemon( 1173): 1333728858430: serializing DSMLayer to JSON
W/meterizedTypeHandlerMap( 1173): Overriding the existing type handler for {0}
W/meterizedTypeHandlerMap( 1173): Overriding the existing type handler for {0}
D/dalvikvm( 1173): GC_CONCURRENT freed 596K, 30% free 11233K/15879K, paused 2ms+3ms
I/StatusActivity( 1173): 1333728859060: .......... GPS onLocationChanged ...... 
I/VCoreDaemon( 1173): 1333728859061: Loc = Location[mProvider=gps,mTime=1333815260000,mLatitude=42.363923312484204,mLongitude=-71.10103081731324,mHasAltitude=true,mAltitude=-20.0,mHasSpeed=true,mSpeed=1.3376658,mHasBearing=true,mBearing=133.2469,mHasAccuracy=true,mAccuracy=15.0,mExtras=Bundle[mParcelledData.dataSize=4]] Previous Region = (1,0)
I/VCoreDaemon( 1173): 1333728859062: GPS x/long:-71.10103081731324, GPS y/lat: 42.363923312484204. Region width in x: 51.96152422706632
I/VCoreDaemon( 1173): 1333728859062: location PINPOINTS to region = 1.0, previous 1
I/VCoreDaemon( 1173): 1333728859062: stay at region 1
D/dalvikvm( 1173): GC_CONCURRENT freed 629K, 29% free 11322K/15879K, paused 2ms+4ms
D/dalvikvm( 1173): GC_CONCURRENT freed 682K, 29% free 11409K/15879K, paused 2ms+13ms
W/NetworkStats(  149): dropping UID delta from unknown iface: iface=wlan0 uid=10067 set=FOREGROUND tag=0x0 rxBytes=885 rxPackets=2 txBytes=885 txPackets=2 operations=0
D/dalvikvm( 1173): GC_CONCURRENT freed 693K, 28% free 11525K/15879K, paused 2ms+3ms
I/StatusActivity( 1173): 1333728860037: .......... GPS onLocationChanged ...... 
I/VCoreDaemon( 1173): 1333728860038: Loc = Location[mProvider=gps,mTime=1333815261000,mLatitude=42.36391637333509,mLongitude=-71.10102164510556,mHasAltitude=true,mAltitude=-22.0,mHasSpeed=true,mSpeed=0.0,mHasBearing=true,mBearing=136.65393,mHasAccuracy=true,mAccuracy=10.0,mExtras=Bundle[mParcelledData.dataSize=4]] Previous Region = (1,0)
I/VCoreDaemon( 1173): 1333728860038: GPS x/long:-71.10102164510556, GPS y/lat: 42.36391637333509. Region width in x: 51.96152422706632
I/VCoreDaemon( 1173): 1333728860038: location PINPOINTS to region = 1.0, previous 1
I/VCoreDaemon( 1173): 1333728860038: stay at region 1
D/dalvikvm( 1173): GC_CONCURRENT freed 633K, 27% free 11610K/15879K, paused 2ms+2ms
D/dalvikvm( 1173): GC_CONCURRENT freed 1049K, 28% free 11435K/15879K, paused 2ms+4ms
D/dalvikvm( 1173): GC_CONCURRENT freed 685K, 28% free 11581K/15879K, paused 1ms+12ms
D/dalvikvm( 1173): GC_CONCURRENT freed 758K, 27% free 11668K/15879K, paused 1ms+3ms
I/VNC:Cloud( 1173): Executing uploadState request: http://hermes5.csail.mit.edu:8212/upload/2/0/5109/1333728860290/
I/StatusActivity( 1173): 1333728862065: .......... GPS onLocationChanged ...... 
I/VCoreDaemon( 1173): 1333728862066: Loc = Location[mProvider=gps,mTime=1333815263000,mLatitude=42.36391151780276,mLongitude=-71.10100438804898,mHasAltitude=true,mAltitude=-19.0,mHasSpeed=true,mSpeed=0.0,mHasBearing=true,mBearing=134.63132,mHasAccuracy=true,mAccuracy=10.0,mExtras=Bundle[mParcelledData.dataSize=4]] Previous Region = (1,0)
I/VCoreDaemon( 1173): 1333728862066: GPS x/long:-71.10100438804898, GPS y/lat: 42.36391151780276. Region width in x: 51.96152422706632
I/VCoreDaemon( 1173): 1333728862066: location PINPOINTS to region = 1.0, previous 1
I/VCoreDaemon( 1173): 1333728862066: stay at region 1
I/StatusActivity( 1173): 1333728867019: .......... GPS onLocationChanged ...... 
I/VCoreDaemon( 1173): 1333728867020: Loc = Location[mProvider=gps,mTime=1333815268000,mLatitude=42.363924010855264,mLongitude=-71.10100595666592,mHasAltitude=true,mAltitude=-23.0,mHasSpeed=true,mSpeed=0.14301392,mHasBearing=true,mBearing=0.02717441,mHasAccuracy=true,mAccuracy=20.0,mExtras=Bundle[mParcelledData.dataSize=4]] Previous Region = (1,0)
I/VCoreDaemon( 1173): 1333728867021: GPS x/long:-71.10100595666592, GPS y/lat: 42.363924010855264. Region width in x: 51.96152422706632
I/VCoreDaemon( 1173): 1333728867021: location PINPOINTS to region = 1.0, previous 1
I/VCoreDaemon( 1173): 1333728867029: stay at region 1
I/StatusActivity( 1173): 1333728867985: HI I'm in ONPAUSE()
W/InputManagerService(  149): Starting input on non-focused client com.android.internal.view.IInputMethodClient$Stub$Proxy@416b1190 (uid=10067 pid=1173)
I/VNC:Cloud( 1173): uploadState Execute HTTP latency: 7513ms
I/VNC:Cloud( 1173): uploadState() Cloud response length: 18
I/VNC:Cloud( 1173): Executing makeRequest: http://hermes5.csail.mit.edu:8212/release/2/0/5109/1333728868384/
D/dalvikvm(  342): GC_CONCURRENT freed 3087K, 32% free 13702K/19975K, paused 2ms+15ms
I/VNC:Cloud( 1173): makeRequest Execute HTTP latency: 258ms
I/VNC:Cloud( 1173): makeRequest() Cloud response length: 18
I/VNC:Cloud( 1173): Request executed: http://hermes5.csail.mit.edu:8212/release/2/0/5109/1333728868384/
I/VNC:Cloud( 1173): in Cloud releaseLeadership
I/VNC:Cloud( 1173): org.apache.http.conn.EofSensorInputStream@413c7d20
I/VCoreDaemon( 1173): 1333728868655: old region empty, uploaded state to cloud in 10223ms as json 51338 bytes
I/VCoreDaemon.java( 1173): inside stateTransition ......................................................................................
I/..... VCoreDaemon.java( 1173): targetState = JOINING
I/..... VCoreDaemon.java( 1173): ends xxxxxxxxxxxxxxxxxxxxxxxxxxxxxxxxxxxxxxxxxxx
I/VCoreDaemon( 1173): 1333728868666: sending LEADER_REQUEST
I/VCoreDaemon( 1173): 1333728868669: inside sendPacket(Packet p)
I/NetworkThread( 1173): 1333728868670: Sending UDP payload: 406
D/dalvikvm(  342): GC_FOR_ALLOC freed 1280K, 34% free 13281K/19975K, paused 79ms
D/dalvikvm(  342): GC_FOR_ALLOC freed 4K, 28% free 14534K/19975K, paused 71ms
I/CameraSurfaceView( 1173): inside surfaceDestroyed()
I/CameraHardwareSec(   81): int android::CameraHardwareSec::previewThreadWrapper(): calling mSecCamera->stopPreview() and waiting
I/CameraSurfaceView( 1173): inside surfaceDestroyed()
I/CameraHardwareSec(   81): void android::CameraHardwareSec::stopPreviewInternal() : preview not running, doing nothing
I/CameraHardwareSec(   81): int android::CameraHardwareSec::previewThreadWrapper(): return from wait
I/CameraHardwareSec(   81): int android::CameraHardwareSec::previewThreadWrapper(): exiting
W/SecCamera(   81): int android::SecCamera::stopPreview(): doing nothing because m_flag_camera_start is zero
W/SecCamera(   81): int android::SecCamera::stopRecord(): doing nothing because m_flag_record_start is zero
I/SecCamera(   81): DeinitCamera: m_cam_fd(31)
I/SecCamera(   81): DeinitCamera: m_cam_fd2(32)
I/VCoreDaemon( 1173): 1333728868981: sending LEADER_REQUEST
I/VCoreDaemon( 1173): 1333728868981: inside sendPacket(Packet p)
I/NetworkThread( 1173): 1333728868982: Sending UDP payload: 406
E/CameraHardwareSec(   81): preview window is NULL!
I/CameraService(   81): Destroying camera 0
I/CameraHardwareSec(   81): int android::HAL_camera_device_close(hw_device_t*)
I/SecCamera(   81): DeinitCamera : already deinitialized
W/AudioFlinger(   81): session id 22 not found for pid 81
W/AudioFlinger(   81): session id 23 not found for pid 81
D/dalvikvm(  342): GC_CONCURRENT freed 1998K, 29% free 14317K/19975K, paused 1ms+3ms
D/dalvikvm(  342): GC_CONCURRENT freed 1852K, 30% free 14147K/19975K, paused 2ms+5ms
I/VCoreDaemon( 1173): 1333728869283: sending LEADER_REQUEST
I/VCoreDaemon( 1173): 1333728869283: inside sendPacket(Packet p)
I/NetworkThread( 1173): 1333728869284: Sending UDP payload: 406
D/dalvikvm(  342): GC_FOR_ALLOC freed 1059K, 31% free 13938K/19975K, paused 27ms
I/dalvikvm-heap(  342): Grow heap (frag case) to 15.341MB for 1742416-byte allocation
D/dalvikvm(  342): GC_CONCURRENT freed 1K, 22% free 15639K/19975K, paused 2ms+6ms
I/ActivityManager(  149): No longer want android.process.acore (pid 399): hidden #16
I/StatusActivity( 1173): 1333728869442: inside onDestroy()
I/Mux     ( 1173): Stop request encountered.
D/Mux     ( 1173): Waiting for VCoreDaemon to stop...
I/VCoreDaemon( 1173): Stop request encountered.
I/VCoreDaemon( 1173): 1333728869482: DSMLayer stopped
I/VCoreDaemon( 1173): Loop ended, vncDaemon thread exiting
D/dalvikvm(  342): GC_FOR_ALLOC freed 2460K, 31% free 13941K/19975K, paused 21ms
I/StatusActivity( 1173): 1333728869573: no camera to close
I/StatusActivity( 1173): 1333728869573: close everything else
D/dalvikvm(  342): GC_CONCURRENT freed 675K, 26% free 14858K/19975K, paused 1ms+9ms
D/dalvikvm(  219): GC_FOR_ALLOC freed 259K, 8% free 9885K/10631K, paused 47ms
D/dalvikvm(  219): GC_FOR_ALLOC freed 180K, 8% free 9882K/10631K, paused 15ms
D/dalvikvm(  219): GC_FOR_ALLOC freed 138K, 8% free 9882K/10631K, paused 18ms
D/dalvikvm(  219): GC_FOR_ALLOC freed 195K, 8% free 9882K/10631K, paused 17ms
I/WindowManager(  149): WIN DEATH: Window{416d89a8 SurfaceView paused=false}
I/ActivityManager(  149): Process edu.mit.csail.diplomamatrix (pid 1173) has died.
I/WindowManager(  149): WIN DEATH: Window{4167b210 edu.mit.csail.diplomamatrix/edu.mit.csail.diplomamatrix.StatusActivity paused=false}
W/NetworkStats(  149): dropping UID delta from unknown iface: iface=wlan0 uid=10067 set=FOREGROUND tag=0x0 rxBytes=1302 rxPackets=3 txBytes=1302 txPackets=3 operations=0
D/dalvikvm(  149): GC_CONCURRENT freed 913K, 13% free 12770K/14599K, paused 2ms+4ms
W/ActivityManager(  149): Activity destroy timeout for ActivityRecord{417fc9d0 edu.mit.csail.diplomamatrix/.StatusActivity}
I/GPS     (  149): gps_engine_status_update: called release_wakelock_cb
I/power   (  149): *** set_screen_state 0
D/SurfaceFlinger(   78): About to give-up screen, flinger = 0x1507918
D/NfcService(  330): NFC-C OFF, disconnect
D/dalvikvm(  149): GC_FOR_ALLOC freed 131K, 9% free 13380K/14599K, paused 43ms
I/dalvikvm-heap(  149): Grow heap (frag case) to 13.243MB for 104992-byte allocation
D/dalvikvm(  149): GC_FOR_ALLOC freed 6K, 9% free 13476K/14727K, paused 40ms
V/TransportControlView(  149): Create TCV com.android.internal.widget.TransportControlView@415d4e18
D/PhoneStatusBar(  219): disable: < expand icons alerts ticker system_info back home RECENT* clock >
D/AudioHardware(   81): AudioHardware pcm playback is exiting standby.
D/AudioHardware(   81): openPcmOut_l() mPcmOpenCnt: 0
D/PhoneStatusBar(  219): disable: < expand icons alerts ticker system_info BACK* HOME* RECENT CLOCK* >
D/AudioHardware(   81): AudioHardware pcm playback is going to standby.
D/AudioHardware(   81): closePcmOut_l() mPcmOpenCnt: 1
D/dalvikvm(  149): GC_CONCURRENT freed 876K, 8% free 13652K/14727K, paused 17ms+5ms
D/dalvikvm(  314): GC_CONCURRENT freed 420K, 6% free 9504K/10055K, paused 2ms+2ms
D/dalvikvm(  219): GC_CONCURRENT freed 409K, 8% free 9857K/10631K, paused 17ms+2ms
I/ActivityManager(  149): Start proc com.google.android.deskclock for broadcast com.google.android.deskclock/com.android.deskclock.AlarmInitReceiver: pid=1333 uid=10013 gids={}
D/AlarmManagerService(  149): Kernel timezone updated to 240 minutes west of GMT
I/ActivityThread( 1333): Pub com.android.deskclock: com.android.deskclock.AlarmProvider
V/AlarmClock( 1333): AlarmInitReceiver finished
D/SystemClock(  314): Setting time of day to sec=1333729674
D/dalvikvm(  149): GC_CONCURRENT freed 1030K, 8% free 13688K/14855K, paused 3ms+5ms
D/NetUtils(  149): android_net_utils_resetConnections in env=0x7f7df8 clazz=0xc8c00001 iface=rmnet0 mask=0x3
D/ConnectivityService(  149): ConnectivityChange for mobile: DISCONNECTED/DISCONNECTED
D/ConnectivityService(  149): Attempting to switch to WIFI
D/ConnectivityService(  149): Attempting to switch to BLUETOOTH_TETHER
D/ConnectivityService(  149): resetConnections(rmnet0, 3)
D/dalvikvm(  314): GC_CONCURRENT freed 434K, 6% free 9507K/10055K, paused 13ms+2ms
W/Smack/Packet(  458): notify conn break (IOEx), close connection
I/qtaguid (  458): Failed write_ctrl(u 65) res=-1 errno=22
I/qtaguid (  458): Untagging socket 65 failed errno=-22
W/NetworkManagementSocketTagger(  458): untagSocket(65) failed with errno -22
D/ConnectivityService(  149): handleInetConditionChange: no active default network - ignore
D/Tethering(  149): MasterInitialState.processMessage what=3
I/BarnacleService(  994): log: hq. MSG_NETSCHANGE. about to get getWifiState
I/BarnacleService(  994): log: hq. BarnacleServiceNETSCHANGE: 1 2 proc
E/BarnacleService(  994): NETSCHANGE: 1 2 proc
I/BarnacleService(  994): log: hq. wifiState 1 =? WifiManager.WIFI_STATE_DISABLED = 1
I/BarnacleService(  994): log: hq. INSIDE :) wifi state disabled
I/BarnacleService(  994): log: ( (state = 2) ?== (STATE_STARTING = 1) ) && ( (process = proc_is_not_null) ?== null ... && checkUplink:
I/BarnacleService(  994): log: now waiting, becaus  either state != STATE_STARTING or process != null
I/MediaUploader(  942): No need to wake up
D/PicasaSyncManager(  957): active network: null
D/PicasaSyncManager(  957): background data: true
D/dalvikvm(  266): GC_CONCURRENT freed 375K, 6% free 9229K/9735K, paused 1ms+10ms
D/dalvikvm(  149): GC_EXPLICIT freed 407K, 9% free 13581K/14855K, paused 3ms+5ms
I/System.out( 1268): [INFO:1255164]: c: Running flush
I/System.out( 1268): [INFO:1255165]: c: Sending payload [bytes=367]
I/System.out( 1268): [SEVERE:1255189]: c: AsyncHttpRequestImpl.run(): exception thrown : Unable to resolve host "www.google.com": No address associated with hostname: java.net.UnknownHostException
D/dalvikvm( 1268): GC_CONCURRENT freed 425K, 7% free 10009K/10695K, paused 2ms+2ms
D/AlarmManagerService(  149): Kernel timezone updated to 240 minutes west of GMT
D/SystemClock(  314): Setting time of day to sec=1333729780
D/ConnectivityService(  149): ConnectivityChange for mobile: CONNECTED/CONNECTED
D/NetworkPolicy(  149): applying policy NetworkPolicy[NetworkTemplate: matchRule=MOBILE_ALL, subscriberId=valid]: cycleDay=15, warningBytes=2147483648, limitBytes=-1, lastSnooze=-1 to ifaces [rmnet0]
V/AlarmClock( 1333): AlarmInitReceiver finished
D/Tethering(  149): MasterInitialState.processMessage what=3
I/BarnacleService(  994): log: hq. MSG_NETSCHANGE. about to get getWifiState
I/BarnacleService(  994): log: hq. BarnacleServiceNETSCHANGE: 1 2 proc
E/BarnacleService(  994): NETSCHANGE: 1 2 proc
I/BarnacleService(  994): log: hq. wifiState 1 =? WifiManager.WIFI_STATE_DISABLED = 1
I/BarnacleService(  994): log: hq. INSIDE :) wifi state disabled
I/BarnacleService(  994): log: ( (state = 2) ?== (STATE_STARTING = 1) ) && ( (process = proc_is_not_null) ?== null ... && checkUplink:
I/BarnacleService(  994): log: now waiting, becaus  either state != STATE_STARTING or process != null
I/MediaUploader(  942): No need to wake up
D/PicasaSyncManager(  957): active network: NetworkInfo: type: mobile[UMTS], state: CONNECTED/CONNECTED, reason: dataAttached, extra: epc.tmobile.com, roaming: false, failover: false, isAvailable: true
D/PicasaSyncManager(  957): background data: true
I/GTalkService/c(  458): [AndroidEndpoint@1094571088] connect: acct=1000000, state=CONNECTING
D/dalvikvm(  149): GC_FOR_ALLOC freed 835K, 9% free 13630K/14855K, paused 59ms
D/dalvikvm(  458): GC_CONCURRENT freed 429K, 7% free 9917K/10631K, paused 14ms+3ms
D/ConnectivityService(  149): handleInetConditionHoldEnd: net=0, condition=100, published condition=0
W/Smack/Packet(  458): notify conn break (IOEx), close connection
D/ConnectivityService(  149): handleInetConditionHoldEnd: net=0, condition=0, published condition=100
D/dalvikvm(  314): GC_CONCURRENT freed 419K, 6% free 9508K/10055K, paused 2ms+2ms
D/AlarmManagerService(  149): Kernel timezone updated to 240 minutes west of GMT
V/AlarmClock( 1333): AlarmInitReceiver finished
D/SystemClock(  314): Setting time of day to sec=1333729870
I/GTalkService/c(  458): [AndroidEndpoint@1094571088] connect: acct=1000000, state=CONNECTING
D/ConnectivityService(  149): handleInetConditionHoldEnd: net=0, condition=100, published condition=0
W/Smack/Packet(  458): notify conn break (IOEx), close connection
D/ConnectivityService(  149): handleInetConditionHoldEnd: net=0, condition=0, published condition=100
I/power   (  149): *** set_screen_state 1
W/PowerUI (  219): unknown intent: Intent { act=android.intent.action.ACTION_POWER_CONNECTED flg=0x10000010 }
D/PicasaSyncManager(  957): battery info: true
I/WindowManager(  149): Lock screen displayed!
D/SurfaceFlinger(   78): Screen about to return, flinger = 0x1507918
I/StorageNotification(  219): UMS connection changed to true (media state mounted)
I/StorageNotification(  219): UMS connection changed to true (media state mounted)
D/dalvikvm(  219): GC_FOR_ALLOC freed 201K, 7% free 9981K/10631K, paused 65ms
I/dalvikvm-heap(  219): Grow heap (frag case) to 9.989MB for 182416-byte allocation
D/dalvikvm(  219): GC_FOR_ALLOC freed 19K, 7% free 10140K/10823K, paused 37ms
D/dalvikvm(  219): GC_FOR_ALLOC freed 14K, 6% free 10188K/10823K, paused 31ms
I/dalvikvm-heap(  219): Grow heap (frag case) to 10.193MB for 184336-byte allocation
D/dalvikvm(  219): GC_FOR_ALLOC freed 8K, 6% free 10359K/11015K, paused 23ms
D/dalvikvm(  219): GC_FOR_ALLOC freed 360K, 9% free 10125K/11015K, paused 27ms
D/dalvikvm(  219): GC_FOR_ALLOC freed 330K, 9% free 10111K/11015K, paused 28ms
I/GTalkService/c(  458): [AndroidEndpoint@1094571088] connect: acct=1000000, state=CONNECTING
I/power   (  149): *** set_screen_state 0
D/SurfaceFlinger(   78): About to give-up screen, flinger = 0x1507918
D/dalvikvm(  149): GC_FOR_ALLOC freed 985K, 10% free 13498K/14855K, paused 54ms
D/dalvikvm(  149): GC_FOR_ALLOC freed 69K, 9% free 13585K/14855K, paused 48ms
I/dalvikvm-heap(  149): Grow heap (frag case) to 13.443MB for 104992-byte allocation
D/dalvikvm(  149): GC_FOR_ALLOC freed 2K, 9% free 13685K/14983K, paused 49ms
D/dalvikvm(  149): GC_FOR_ALLOC freed <1K, 9% free 13686K/14983K, paused 46ms
I/dalvikvm-heap(  149): Grow heap (frag case) to 13.541MB for 104992-byte allocation
D/dalvikvm(  149): GC_FOR_ALLOC freed <1K, 9% free 13788K/15111K, paused 47ms
D/dalvikvm(  149): GC_FOR_ALLOC freed <1K, 9% free 13893K/15111K, paused 46ms
V/TransportControlView(  149): Create TCV com.android.internal.widget.TransportControlView@416b64c8
D/dalvikvm(  458): GC_CONCURRENT freed 373K, 7% free 9938K/10631K, paused 16ms+3ms
D/ConnectivityService(  149): handleInetConditionHoldEnd: net=0, condition=100, published condition=0
W/Smack/Packet(  458): notify conn break (IOEx), close connection
D/ConnectivityService(  149): handleInetConditionHoldEnd: net=0, condition=0, published condition=100
I/EventLogService(  458): Aggregate from 1333728230982 (log), 1333728230982 (data)
I/ServiceDumpSys(  458): dumping service [account]
I/GTalkService/c(  458): [AndroidEndpoint@1094571088] connect: acct=1000000, state=CONNECTING
D/dalvikvm(  458): GC_CONCURRENT freed 398K, 7% free 9936K/10631K, paused 2ms+3ms
D/dalvikvm(  149): GC_EXPLICIT freed 732K, 11% free 13604K/15239K, paused 20ms+6ms
D/ConnectivityService(  149): handleInetConditionHoldEnd: net=0, condition=100, published condition=0
W/Smack/Packet(  458): notify conn break (IOEx), close connection
D/ConnectivityService(  149): handleInetConditionHoldEnd: net=0, condition=0, published condition=100
I/GTalkService/c(  458): [AndroidEndpoint@1094571088] connect: acct=1000000, state=CONNECTING
D/ConnectivityService(  149): handleInetConditionHoldEnd: net=0, condition=100, published condition=0
W/Smack/Packet(  458): notify conn break (IOEx), close connection
D/ConnectivityService(  149): handleInetConditionHoldEnd: net=0, condition=0, published condition=100
D/dalvikvm(  219): GC_CONCURRENT freed 190K, 7% free 10307K/11015K, paused 2ms+3ms
I/GTalkService/c(  458): [AndroidEndpoint@1094571088] connect: acct=1000000, state=CONNECTING
D/dalvikvm(  458): GC_CONCURRENT freed 383K, 7% free 9955K/10631K, paused 14ms+3ms
D/ConnectivityService(  149): handleInetConditionHoldEnd: net=0, condition=100, published condition=0
W/Smack/Packet(  458): notify conn break (IOEx), close connection
D/ConnectivityService(  149): handleInetConditionHoldEnd: net=0, condition=0, published condition=100
