I/VCoreDaemon( 1173): 1333728496048: nonce 180 heard from src region (2,0)
I/VCoreDaemon( 1173): 1333728496078: Retrying PROC_REQUEST 11:1 (2,0)->(0,0)
I/VCoreDaemon( 1173): 1333728496078: Dispatching Atom PROC_REQUEST 11:1 (2,0)->(0,0)
I/Mux     ( 1173): 1333728496079: I got a CSM packet at a leader 
I/NetworkThread( 1173): 1333728496082: Sending UDP payload: 949
I/VCoreDaemon( 1173): 1333728496083: nonce 181 heard from src region (2,0)
D/dalvikvm( 1173): GC_CONCURRENT freed 797K, 29% free 11378K/15879K, paused 1ms+2ms
I/NetworkThread( 1173): 1333728496116: Received UDP payload: 949
I/Mux     ( 1173): 1333728496132: GOT CSM_Msg
I/VCoreDaemon( 1173): 1333728496132: nonce 181 heard from src region (2,0)
I/NetworkThread( 1173): 1333728496176: Received UDP payload: 949
I/VCoreDaemon( 1173): 1333728496179: Retrying PROC_REQUEST 11:1 (2,0)->(0,0)
I/VCoreDaemon( 1173): 1333728496180: Dispatching Atom PROC_REQUEST 11:1 (2,0)->(0,0)
I/Mux     ( 1173): 1333728496181: I got a CSM packet at a leader 
I/NetworkThread( 1173): 1333728496184: Sending UDP payload: 949
I/VCoreDaemon( 1173): 1333728496185: nonce 182 heard from src region (2,0)
I/Mux     ( 1173): 1333728496185: GOT CSM_Msg
I/VCoreDaemon( 1173): 1333728496186: nonce 142 heard from src region (1,0)
I/VCoreDaemon( 1173): 1333728496186: Forwarding Atom because it's closer.
I/Mux     ( 1173): 1333728496186: I got a CSM packet at a leader 
I/NetworkThread( 1173): 1333728496187: Sending UDP payload: 949
I/VCoreDaemon( 1173): 1333728496188: nonce 142 heard from src region (1,0)
I/VCoreDaemon( 1173): 1333728496188: Received Atom already forwarded, ignoring...
I/NetworkThread( 1173): 1333728496231: Received UDP payload: 949
I/Mux     ( 1173): 1333728496244: GOT CSM_Msg
I/VCoreDaemon( 1173): 1333728496244: nonce 182 heard from src region (2,0)
D/dalvikvm( 1173): GC_CONCURRENT freed 717K, 28% free 11536K/15879K, paused 2ms+2ms
I/VCoreDaemon( 1173): 1333728496281: Retrying PROC_REQUEST 11:1 (2,0)->(0,0)
I/VCoreDaemon( 1173): 1333728496281: Dispatching Atom PROC_REQUEST 11:1 (2,0)->(0,0)
I/Mux     ( 1173): 1333728496282: I got a CSM packet at a leader 
I/NetworkThread( 1173): 1333728496283: Sending UDP payload: 949
I/VCoreDaemon( 1173): 1333728496284: nonce 183 heard from src region (2,0)
I/NetworkThread( 1173): 1333728496293: Received UDP payload: 949
I/Mux     ( 1173): 1333728496297: GOT CSM_Msg
I/VCoreDaemon( 1173): 1333728496297: nonce 143 heard from src region (1,0)
I/VCoreDaemon( 1173): 1333728496297: Forwarding Atom because it's closer.
I/Mux     ( 1173): 1333728496297: I got a CSM packet at a leader 
I/NetworkThread( 1173): 1333728496299: Sending UDP payload: 949
I/VCoreDaemon( 1173): 1333728496300: nonce 143 heard from src region (1,0)
I/VCoreDaemon( 1173): 1333728496309: Received Atom already forwarded, ignoring...
I/NetworkThread( 1173): 1333728496321: Received UDP payload: 949
I/Mux     ( 1173): 1333728496327: GOT CSM_Msg
I/VCoreDaemon( 1173): 1333728496327: nonce 183 heard from src region (2,0)
I/NetworkThread( 1173): 1333728496379: Received UDP payload: 949
I/VCoreDaemon( 1173): 1333728496382: Retrying PROC_REQUEST 11:1 (2,0)->(0,0)
I/VCoreDaemon( 1173): 1333728496382: Dispatching Atom PROC_REQUEST 11:1 (2,0)->(0,0)
I/Mux     ( 1173): 1333728496383: I got a CSM packet at a leader 
I/NetworkThread( 1173): 1333728496385: Sending UDP payload: 949
I/VCoreDaemon( 1173): 1333728496386: nonce 184 heard from src region (2,0)
I/Mux     ( 1173): 1333728496386: GOT CSM_Msg
I/VCoreDaemon( 1173): 1333728496386: nonce 144 heard from src region (1,0)
I/VCoreDaemon( 1173): 1333728496386: Forwarding Atom because it's closer.
I/Mux     ( 1173): 1333728496387: I got a CSM packet at a leader 
I/NetworkThread( 1173): 1333728496388: Sending UDP payload: 949
I/VCoreDaemon( 1173): 1333728496389: nonce 144 heard from src region (1,0)
I/VCoreDaemon( 1173): 1333728496389: Received Atom already forwarded, ignoring...
I/NetworkThread( 1173): 1333728496445: Received UDP payload: 949
I/Mux     ( 1173): 1333728496450: GOT CSM_Msg
I/VCoreDaemon( 1173): 1333728496450: nonce 184 heard from src region (2,0)
D/dalvikvm( 1173): GC_CONCURRENT freed 859K, 28% free 11440K/15879K, paused 2ms+3ms
I/NetworkThread( 1173): 1333728496480: Received UDP payload: 949
I/VCoreDaemon( 1173): 1333728496483: Retrying PROC_REQUEST 11:1 (2,0)->(0,0)
I/VCoreDaemon( 1173): 1333728496484: Dispatching Atom PROC_REQUEST 11:1 (2,0)->(0,0)
I/Mux     ( 1173): 1333728496484: I got a CSM packet at a leader 
I/NetworkThread( 1173): 1333728496487: Sending UDP payload: 949
I/VCoreDaemon( 1173): 1333728496488: nonce 185 heard from src region (2,0)
I/Mux     ( 1173): 1333728496490: GOT CSM_Msg
I/VCoreDaemon( 1173): 1333728496490: nonce 145 heard from src region (1,0)
I/VCoreDaemon( 1173): 1333728496490: Forwarding Atom because it's closer.
I/Mux     ( 1173): 1333728496491: I got a CSM packet at a leader 
I/NetworkThread( 1173): 1333728496492: Sending UDP payload: 949
I/VCoreDaemon( 1173): 1333728496493: nonce 145 heard from src region (1,0)
I/VCoreDaemon( 1173): 1333728496493: Received Atom already forwarded, ignoring...
I/NetworkThread( 1173): 1333728496539: Received UDP payload: 949
I/Mux     ( 1173): 1333728496548: GOT CSM_Msg
I/VCoreDaemon( 1173): 1333728496549: nonce 185 heard from src region (2,0)
I/NetworkThread( 1173): 1333728496582: Received UDP payload: 949
I/VCoreDaemon( 1173): 1333728496586: Retrying PROC_REQUEST 11:1 (2,0)->(0,0)
I/VCoreDaemon( 1173): 1333728496586: Dispatching Atom PROC_REQUEST 11:1 (2,0)->(0,0)
I/Mux     ( 1173): 1333728496587: I got a CSM packet at a leader 
I/NetworkThread( 1173): 1333728496592: Sending UDP payload: 949
I/VCoreDaemon( 1173): 1333728496592: nonce 186 heard from src region (2,0)
I/Mux     ( 1173): 1333728496593: GOT CSM_Msg
I/VCoreDaemon( 1173): 1333728496593: nonce 146 heard from src region (1,0)
I/VCoreDaemon( 1173): 1333728496593: Forwarding Atom because it's closer.
I/Mux     ( 1173): 1333728496593: I got a CSM packet at a leader 
I/NetworkThread( 1173): 1333728496595: Sending UDP payload: 949
I/VCoreDaemon( 1173): 1333728496595: nonce 146 heard from src region (1,0)
I/VCoreDaemon( 1173): 1333728496596: Received Atom already forwarded, ignoring...
I/NetworkThread( 1173): 1333728496650: Received UDP payload: 949
I/Mux     ( 1173): 1333728496654: GOT CSM_Msg
I/VCoreDaemon( 1173): 1333728496654: nonce 186 heard from src region (2,0)
D/dalvikvm( 1173): GC_CONCURRENT freed 800K, 28% free 11444K/15879K, paused 2ms+3ms
I/NetworkThread( 1173): 1333728496683: Received UDP payload: 949
I/Mux     ( 1173): 1333728496686: GOT CSM_Msg
I/VCoreDaemon( 1173): 1333728496687: nonce 147 heard from src region (1,0)
I/VCoreDaemon( 1173): 1333728496687: Forwarding Atom because it's closer.
I/Mux     ( 1173): 1333728496687: I got a CSM packet at a leader 
I/NetworkThread( 1173): 1333728496688: Sending UDP payload: 949
I/VCoreDaemon( 1173): 1333728496689: Request timed out, send failure PROC_REPLY 11:1 (0,0)->(2,0)
I/VCoreDaemon( 1173): 1333728496690: Dispatching Atom PROC_REPLY 11:1 (0,0)->(2,0)
I/VCoreDaemon( 1173): 1333728496691: nonce 147 heard from src region (1,0)
I/VCoreDaemon( 1173): 1333728496691: Received Atom already forwarded, ignoring...
I/Mux     ( 1173): 1333728496691: I got a CSM packet at a leader 
I/NetworkThread( 1173): 1333728496692: Sending UDP payload: 770
I/VCoreDaemon( 1173): 1333728496693: Received PROC_REPLY 11:1 (0,0)->(2,0), handing to UserApp
I/NetworkThread( 1173): 1333728496784: Received UDP payload: 949
D/dalvikvm( 1173): GC_CONCURRENT freed 697K, 28% free 11555K/15879K, paused 3ms+2ms
I/Mux     ( 1173): 1333728496813: GOT CSM_Msg
I/VCoreDaemon( 1173): 1333728496813: nonce 148 heard from src region (1,0)
I/VCoreDaemon( 1173): 1333728496813: Forwarding Atom because it's closer.
I/Mux     ( 1173): 1333728496814: I got a CSM packet at a leader 
I/NetworkThread( 1173): 1333728496819: Sending UDP payload: 949
I/VCoreDaemon( 1173): 1333728496820: nonce 148 heard from src region (1,0)
I/VCoreDaemon( 1173): 1333728496820: Received Atom already forwarded, ignoring...
I/NetworkThread( 1173): 1333728496903: Received UDP payload: 949
I/Mux     ( 1173): 1333728496930: GOT CSM_Msg
I/VCoreDaemon( 1173): 1333728496930: nonce 149 heard from src region (1,0)
I/VCoreDaemon( 1173): 1333728496930: Forwarding Atom because it's closer.
I/Mux     ( 1173): 1333728496931: I got a CSM packet at a leader 
I/NetworkThread( 1173): 1333728496932: Sending UDP payload: 949
I/VCoreDaemon( 1173): 1333728496933: nonce 149 heard from src region (1,0)
I/VCoreDaemon( 1173): 1333728496933: Received Atom already forwarded, ignoring...
I/NetworkThread( 1173): 1333728497010: Received UDP payload: 949
D/dalvikvm( 1173): GC_CONCURRENT freed 916K, 28% free 11485K/15879K, paused 2ms+2ms
I/Mux     ( 1173): 1333728497045: GOT CSM_Msg
I/VCoreDaemon( 1173): 1333728497046: nonce 150 heard from src region (1,0)
I/VCoreDaemon( 1173): 1333728497046: Forwarding Atom because it's closer.
I/Mux     ( 1173): 1333728497046: I got a CSM packet at a leader 
I/NetworkThread( 1173): 1333728497048: Sending UDP payload: 949
I/VCoreDaemon( 1173): 1333728497049: nonce 150 heard from src region (1,0)
I/VCoreDaemon( 1173): 1333728497050: Received Atom already forwarded, ignoring...
I/NetworkThread( 1173): 1333728497194: Received UDP payload: 949
I/Mux     ( 1173): 1333728497199: GOT CSM_Msg
I/VCoreDaemon( 1173): 1333728497199: nonce 152 heard from src region (1,0)
I/VCoreDaemon( 1173): 1333728497199: Forwarding Atom because it's closer.
I/Mux     ( 1173): 1333728497200: I got a CSM packet at a leader 
I/NetworkThread( 1173): 1333728497201: Sending UDP payload: 949
I/VCoreDaemon( 1173): 1333728497202: nonce 152 heard from src region (1,0)
I/VCoreDaemon( 1173): 1333728497202: Received Atom already forwarded, ignoring...
I/NetworkThread( 1173): 1333728497299: Received UDP payload: 949
I/Mux     ( 1173): 1333728497313: GOT CSM_Msg
I/VCoreDaemon( 1173): 1333728497313: nonce 153 heard from src region (1,0)
I/VCoreDaemon( 1173): 1333728497313: Forwarding Atom because it's closer.
I/Mux     ( 1173): 1333728497314: I got a CSM packet at a leader 
I/NetworkThread( 1173): 1333728497315: Sending UDP payload: 949
I/VCoreDaemon( 1173): 1333728497316: nonce 153 heard from src region (1,0)
I/VCoreDaemon( 1173): 1333728497317: Received Atom already forwarded, ignoring...
I/NetworkThread( 1173): 1333728497399: Received UDP payload: 949
I/Mux     ( 1173): 1333728497414: GOT CSM_Msg
I/VCoreDaemon( 1173): 1333728497415: nonce 154 heard from src region (1,0)
I/VCoreDaemon( 1173): 1333728497415: Forwarding Atom because it's closer.
I/Mux     ( 1173): 1333728497415: I got a CSM packet at a leader 
I/NetworkThread( 1173): 1333728497417: Sending UDP payload: 949
I/VCoreDaemon( 1173): 1333728497417: nonce 154 heard from src region (1,0)
I/VCoreDaemon( 1173): 1333728497418: Received Atom already forwarded, ignoring...
I/NetworkThread( 1173): 1333728497498: Received UDP payload: 949
I/Mux     ( 1173): 1333728497518: GOT CSM_Msg
I/VCoreDaemon( 1173): 1333728497519: nonce 155 heard from src region (1,0)
I/VCoreDaemon( 1173): 1333728497519: Forwarding Atom because it's closer.
I/Mux     ( 1173): 1333728497520: I got a CSM packet at a leader 
I/NetworkThread( 1173): 1333728497522: Sending UDP payload: 949
I/VCoreDaemon( 1173): 1333728497525: nonce 155 heard from src region (1,0)
I/VCoreDaemon( 1173): 1333728497526: Received Atom already forwarded, ignoring...
D/AudioHardware(   81): AudioHardware pcm playback is going to standby.
D/AudioHardware(   81): closePcmOut_l() mPcmOpenCnt: 1
I/NetworkThread( 1173): 1333728497610: Received UDP payload: 770
I/Mux     ( 1173): 1333728497613: GOT CSM_Msg
I/VCoreDaemon( 1173): 1333728497614: nonce 156 heard from src region (4,0)
I/VCoreDaemon( 1173): 1333728497614: Forwarding Atom because it's closer.
I/Mux     ( 1173): 1333728497614: I got a CSM packet at a leader 
I/NetworkThread( 1173): 1333728497615: Sending UDP payload: 770
I/VCoreDaemon( 1173): 1333728497616: nonce 156 heard from src region (4,0)
I/VCoreDaemon( 1173): 1333728497617: Received Atom already forwarded, ignoring...
D/dalvikvm( 1173): GC_CONCURRENT freed 804K, 28% free 11439K/15879K, paused 11ms+3ms
I/NetworkThread( 1173): 1333728497813: Received UDP payload: 406
I/VCoreDaemon( 1173): 1333728500162: inside sendPacket(Packet p)
I/NetworkThread( 1173): 1333728500164: Sending UDP payload: 406
D/dalvikvm( 1173): GC_CONCURRENT freed 706K, 28% free 11492K/15879K, paused 16ms+2ms
I/NetworkThread( 1173): 1333728500381: Received UDP payload: 406
I/StatusActivity( 1173): inside buttonsEnableProgressTimeoutR. Perhaps no one is in that region. Try again later!
I/StatusActivity( 1173): Inside _enableButtons
I/StatusActivity( 1173): areButtonsEnabled --> true
I/StatusActivity( 1173): takeNum=7 takeCamGood=7 takeGoodSave=7 takeBad=0 takeTimedout=0 getNum=10 getGood=1 getBad=1 getTimedout=8
W/InputManagerService(  149): Window already focused, ignoring focus gain of: com.android.internal.view.IInputMethodClient$Stub$Proxy@4176a348
I/NetworkThread( 1173): 1333728501173: Received UDP payload: 949
I/Mux     ( 1173): 1333728501187: GOT CSM_Msg
I/VCoreDaemon( 1173): 1333728501188: removed replies before id 5 from sentReplies of size 0
I/UserApp ( 1173): 1333728501194: INSIDE SERVER_GET_PHOTO!!!
I/VCoreDaemon( 1173): 1333728501214: Received PROC_REQUEST 11:5 (0,0)->(2,0), replying PROC_REPLY 11:5 (2,0)->(0,0)
I/VCoreDaemon( 1173): 1333728501218: Dispatching Atom PROC_REPLY 11:5 (2,0)->(0,0)
I/Mux     ( 1173): 1333728501218: I got a CSM packet at a leader 
I/NetworkThread( 1173): 1333728501225: Sending UDP payload: 5778
I/VCoreDaemon( 1173): 1333728501229: nonce 188 heard from src region (2,0)
D/dalvikvm( 1173): GC_CONCURRENT freed 785K, 28% free 11437K/15879K, paused 2ms+2ms
I/NetworkThread( 1173): 1333728501422: Received UDP payload: 949
I/Mux     ( 1173): 1333728501430: GOT CSM_Msg
I/VCoreDaemon( 1173): 1333728501431: removed replies before id 5 from sentReplies of size 1
I/VCoreDaemon( 1173): 1333728501444: Received DUPLICATE PROC_REQUEST 11:5 (0,0)->(2,0), replying PROC_REPLY 11:5 (2,0)->(0,0)
I/VCoreDaemon( 1173): 1333728501445: Dispatching Atom PROC_REPLY 11:5 (2,0)->(0,0)
I/Mux     ( 1173): 1333728501446: I got a CSM packet at a leader 
I/NetworkThread( 1173): 1333728501458: Sending UDP payload: 5778
I/VCoreDaemon( 1173): 1333728501479: nonce 189 heard from src region (2,0)
D/dalvikvm( 1173): GC_CONCURRENT freed 680K, 28% free 11520K/15879K, paused 1ms+2ms
I/NetworkThread( 1173): 1333728501682: Received UDP payload: 949
I/Mux     ( 1173): 1333728501690: GOT CSM_Msg
I/VCoreDaemon( 1173): 1333728501690: removed replies before id 5 from sentReplies of size 1
I/VCoreDaemon( 1173): 1333728501692: Received DUPLICATE PROC_REQUEST 11:5 (0,0)->(2,0), replying PROC_REPLY 11:5 (2,0)->(0,0)
I/VCoreDaemon( 1173): 1333728501693: Dispatching Atom PROC_REPLY 11:5 (2,0)->(0,0)
I/Mux     ( 1173): 1333728501696: I got a CSM packet at a leader 
I/NetworkThread( 1173): 1333728501711: Sending UDP payload: 5778
I/VCoreDaemon( 1173): 1333728501723: nonce 190 heard from src region (2,0)
I/NetworkThread( 1173): 1333728501787: Received UDP payload: 949
I/Mux     ( 1173): 1333728501790: GOT CSM_Msg
I/VCoreDaemon( 1173): 1333728501790: removed replies before id 5 from sentReplies of size 1
I/VCoreDaemon( 1173): 1333728501791: Received DUPLICATE PROC_REQUEST 11:5 (0,0)->(2,0), replying PROC_REPLY 11:5 (2,0)->(0,0)
I/VCoreDaemon( 1173): 1333728501792: Dispatching Atom PROC_REPLY 11:5 (2,0)->(0,0)
I/Mux     ( 1173): 1333728501792: I got a CSM packet at a leader 
I/NetworkThread( 1173): 1333728501793: Sending UDP payload: 5778
I/VCoreDaemon( 1173): 1333728501796: nonce 191 heard from src region (2,0)
D/dalvikvm( 1173): GC_CONCURRENT freed 869K, 28% free 11482K/15879K, paused 2ms+3ms
I/NetworkThread( 1173): 1333728502035: Received UDP payload: 949
I/Mux     ( 1173): 1333728502049: GOT CSM_Msg
I/VCoreDaemon( 1173): 1333728502049: removed replies before id 5 from sentReplies of size 1
I/VCoreDaemon( 1173): 1333728502050: Received DUPLICATE PROC_REQUEST 11:5 (0,0)->(2,0), replying PROC_REPLY 11:5 (2,0)->(0,0)
I/VCoreDaemon( 1173): 1333728502051: Dispatching Atom PROC_REPLY 11:5 (2,0)->(0,0)
I/Mux     ( 1173): 1333728502051: I got a CSM packet at a leader 
I/NetworkThread( 1173): 1333728502052: Sending UDP payload: 5778
I/VCoreDaemon( 1173): 1333728502058: nonce 192 heard from src region (2,0)
D/dalvikvm( 1173): GC_CONCURRENT freed 686K, 28% free 11564K/15879K, paused 2ms+2ms
I/NetworkThread( 1173): 1333728502200: Received UDP payload: 949
I/Mux     ( 1173): 1333728502212: GOT CSM_Msg
I/VCoreDaemon( 1173): 1333728502212: removed replies before id 5 from sentReplies of size 1
I/VCoreDaemon( 1173): 1333728502217: Received DUPLICATE PROC_REQUEST 11:5 (0,0)->(2,0), replying PROC_REPLY 11:5 (2,0)->(0,0)
I/VCoreDaemon( 1173): 1333728502217: Dispatching Atom PROC_REPLY 11:5 (2,0)->(0,0)
I/Mux     ( 1173): 1333728502218: I got a CSM packet at a leader 
I/NetworkThread( 1173): 1333728502219: Sending UDP payload: 5778
I/VCoreDaemon( 1173): 1333728502221: nonce 193 heard from src region (2,0)
D/dalvikvm(  701): GC_CONCURRENT freed 383K, 7% free 10034K/10695K, paused 10ms+2ms
D/dalvikvm( 1173): GC_CONCURRENT freed 823K, 28% free 11523K/15879K, paused 2ms+2ms
I/ActivityManager(  149): No longer want com.google.android.apps.maps:NetworkLocationService (pid 701): hidden #16
W/ActivityManager(  149): Scheduling restart of crashed service com.google.android.apps.maps/com.google.android.location.internal.server.NetworkLocationService in 5000ms
I/NetworkThread( 1173): 1333728502828: Received UDP payload: 406
I/VCoreDaemon( 1173): 1333728505163: inside sendPacket(Packet p)
I/NetworkThread( 1173): 1333728505165: Sending UDP payload: 406
I/NetworkThread( 1173): 1333728506403: Received UDP payload: 949
I/Mux     ( 1173): 1333728506449: GOT CSM_Msg
I/VCoreDaemon( 1173): 1333728506449: nonce 469 heard from src region (0,0)
I/VCoreDaemon( 1173): 1333728506449: Forwarding Atom because it's closer.
I/Mux     ( 1173): 1333728506450: I got a CSM packet at a leader 
I/NetworkThread( 1173): 1333728506455: Sending UDP payload: 949
I/VCoreDaemon( 1173): 1333728506456: nonce 469 heard from src region (0,0)
I/VCoreDaemon( 1173): 1333728506456: Received Atom already forwarded, ignoring...
D/dalvikvm( 1173): GC_CONCURRENT freed 841K, 28% free 11481K/15879K, paused 2ms+3ms
I/NetworkThread( 1173): 1333728506783: Received UDP payload: 949
I/Mux     ( 1173): 1333728506817: GOT CSM_Msg
I/VCoreDaemon( 1173): 1333728506818: nonce 473 heard from src region (0,0)
I/VCoreDaemon( 1173): 1333728506818: Forwarding Atom because it's closer.
I/Mux     ( 1173): 1333728506822: I got a CSM packet at a leader 
I/NetworkThread( 1173): 1333728506823: Sending UDP payload: 949
I/VCoreDaemon( 1173): 1333728506824: nonce 473 heard from src region (0,0)
I/VCoreDaemon( 1173): 1333728506824: Received Atom already forwarded, ignoring...
D/dalvikvm( 1173): GC_CONCURRENT freed 804K, 29% free 11399K/15879K, paused 1ms+12ms
D/dalvikvm( 1173): GC_CONCURRENT freed 689K, 28% free 11440K/15879K, paused 2ms+12ms
I/NetworkThread( 1173): 1333728507164: Received UDP payload: 949
I/Mux     ( 1173): 1333728507172: GOT CSM_Msg
I/VCoreDaemon( 1173): 1333728507173: nonce 477 heard from src region (0,0)
I/VCoreDaemon( 1173): 1333728507173: Forwarding Atom because it's closer.
I/Mux     ( 1173): 1333728507178: I got a CSM packet at a leader 
I/NetworkThread( 1173): 1333728507180: Sending UDP payload: 949
I/VCoreDaemon( 1173): 1333728507189: nonce 477 heard from src region (0,0)
I/VCoreDaemon( 1173): 1333728507190: Received Atom already forwarded, ignoring...
D/dalvikvm( 1173): GC_CONCURRENT freed 759K, 28% free 11442K/15879K, paused 1ms+2ms
I/NetworkThread( 1173): 1333728507348: Received UDP payload: 949
I/Mux     ( 1173): 1333728507352: GOT CSM_Msg
I/VCoreDaemon( 1173): 1333728507352: nonce 479 heard from src region (0,0)
I/VCoreDaemon( 1173): 1333728507353: Forwarding Atom because it's closer.
I/Mux     ( 1173): 1333728507353: I got a CSM packet at a leader 
I/NetworkThread( 1173): 1333728507354: Sending UDP payload: 949
I/VCoreDaemon( 1173): 1333728507357: nonce 479 heard from src region (0,0)
I/VCoreDaemon( 1173): 1333728507358: Received Atom already forwarded, ignoring...
D/dalvikvm( 1173): GC_CONCURRENT freed 756K, 28% free 11442K/15879K, paused 2ms+2ms
I/ActivityManager(  149): Start proc com.google.android.apps.maps:NetworkLocationService for service com.google.android.apps.maps/com.google.android.location.internal.server.NetworkLocationService: pid=1268 uid=10032 gids={3003, 1015}
I/dalvikvm( 1268): Turning on JNI app bug workarounds for target SDK version 13...
D/dalvikvm(   79): GC_EXPLICIT freed 38K, 4% free 9028K/9347K, paused 4ms+21ms
D/dalvikvm(   79): GC_EXPLICIT freed <1K, 4% free 9028K/9347K, paused 2ms+2ms
I/NetworkThread( 1173): 1333728507816: Received UDP payload: 406
D/dalvikvm(   79): GC_EXPLICIT freed <1K, 4% free 9028K/9347K, paused 1ms+2ms
D/dalvikvm( 1268): GC_CONCURRENT freed 178K, 3% free 9355K/9607K, paused 2ms+3ms
D/dalvikvm( 1268): GC_CONCURRENT freed 186K, 3% free 9729K/9991K, paused 2ms+2ms
D/dalvikvm( 1268): GC_CONCURRENT freed 173K, 3% free 10124K/10375K, paused 3ms+12ms
D/dalvikvm( 1268): GC_CONCURRENT freed 704K, 8% free 9872K/10695K, paused 2ms+2ms
I/StatusActivity( 1173): 1333728509017: .......... GPS onLocationChanged ...... 
I/VCoreDaemon( 1173): 1333728509018: Loc = Location[mProvider=gps,mTime=1333814910000,mLatitude=42.36393210481402,mLongitude=-71.10130457666621,mHasAltitude=true,mAltitude=-19.0,mHasSpeed=true,mSpeed=0.04809771,mHasBearing=true,mBearing=311.41745,mHasAccuracy=true,mAccuracy=10.0,mExtras=Bundle[mParcelledData.dataSize=4]] Previous Region = (2,0)
I/VCoreDaemon( 1173): 1333728509019: GPS x/long:-71.10130457666621, GPS y/lat: 42.36393210481402. Region width in x: 51.96152422706632
I/VCoreDaemon( 1173): 1333728509019: location PINPOINTS to region = 2.0, previous 2
I/VCoreDaemon( 1173): 1333728509019: stay at region 2
D/dalvikvm( 1173): GC_CONCURRENT freed 799K, 28% free 11442K/15879K, paused 3ms+3ms
D/dalvikvm( 1173): GC_CONCURRENT freed 318K, 26% free 11813K/15879K, paused 1ms+2ms
D/dalvikvm(  149): GC_CONCURRENT freed 777K, 13% free 12815K/14599K, paused 2ms+16ms
I/VCoreDaemon( 1173): 1333728510166: inside sendPacket(Packet p)
I/NetworkThread( 1173): 1333728510167: Sending UDP payload: 406
I/NetworkThread( 1173): 1333728510603: Received UDP payload: 949
I/Mux     ( 1173): 1333728510608: GOT CSM_Msg
I/VCoreDaemon( 1173): 1333728510609: nonce 489 heard from src region (0,0)
I/VCoreDaemon( 1173): 1333728510609: Forwarding Atom because it's closer.
I/Mux     ( 1173): 1333728510609: I got a CSM packet at a leader 
I/NetworkThread( 1173): 1333728510610: Sending UDP payload: 949
I/VCoreDaemon( 1173): 1333728510615: nonce 489 heard from src region (0,0)
I/VCoreDaemon( 1173): 1333728510615: Received Atom already forwarded, ignoring...
D/dalvikvm( 1173): GC_CONCURRENT freed 1161K, 28% free 11559K/15879K, paused 2ms+3ms
I/NetworkThread( 1173): 1333728510708: Received UDP payload: 949
I/Mux     ( 1173): 1333728510713: GOT CSM_Msg
I/VCoreDaemon( 1173): 1333728510713: nonce 490 heard from src region (0,0)
I/VCoreDaemon( 1173): 1333728510713: Forwarding Atom because it's closer.
I/Mux     ( 1173): 1333728510713: I got a CSM packet at a leader 
I/NetworkThread( 1173): 1333728510715: Sending UDP payload: 949
I/VCoreDaemon( 1173): 1333728510716: nonce 490 heard from src region (0,0)
I/VCoreDaemon( 1173): 1333728510716: Received Atom already forwarded, ignoring...
D/dalvikvm( 1173): GC_CONCURRENT freed 934K, 28% free 11446K/15879K, paused 2ms+2ms
I/NetworkThread( 1173): 1333728510822: Received UDP payload: 949
I/Mux     ( 1173): 1333728510826: GOT CSM_Msg
I/VCoreDaemon( 1173): 1333728510826: nonce 491 heard from src region (0,0)
I/VCoreDaemon( 1173): 1333728510826: Forwarding Atom because it's closer.
I/Mux     ( 1173): 1333728510826: I got a CSM packet at a leader 
I/NetworkThread( 1173): 1333728510828: Sending UDP payload: 949
I/VCoreDaemon( 1173): 1333728510842: nonce 491 heard from src region (0,0)
I/VCoreDaemon( 1173): 1333728510842: Received Atom already forwarded, ignoring...
D/dalvikvm( 1173): GC_CONCURRENT freed 741K, 28% free 11447K/15879K, paused 10ms+3ms
I/NetworkThread( 1173): 1333728510994: Received UDP payload: 949
I/Mux     ( 1173): 1333728511009: GOT CSM_Msg
I/VCoreDaemon( 1173): 1333728511009: nonce 493 heard from src region (0,0)
I/VCoreDaemon( 1173): 1333728511011: Forwarding Atom because it's closer.
I/Mux     ( 1173): 1333728511012: I got a CSM packet at a leader 
I/NetworkThread( 1173): 1333728511016: Sending UDP payload: 949
I/VCoreDaemon( 1173): 1333728511017: nonce 493 heard from src region (0,0)
I/VCoreDaemon( 1173): 1333728511017: Received Atom already forwarded, ignoring...
D/dalvikvm( 1173): GC_CONCURRENT freed 759K, 28% free 11448K/15879K, paused 1ms+3ms
I/NetworkThread( 1173): 1333728511124: Received UDP payload: 949
I/Mux     ( 1173): 1333728511150: GOT CSM_Msg
I/VCoreDaemon( 1173): 1333728511154: nonce 494 heard from src region (0,0)
I/VCoreDaemon( 1173): 1333728511154: Forwarding Atom because it's closer.
I/Mux     ( 1173): 1333728511154: I got a CSM packet at a leader 
I/NetworkThread( 1173): 1333728511156: Sending UDP payload: 949
I/VCoreDaemon( 1173): 1333728511157: nonce 494 heard from src region (0,0)
I/VCoreDaemon( 1173): 1333728511157: Received Atom already forwarded, ignoring...
D/dalvikvm( 1173): GC_CONCURRENT freed 717K, 28% free 11446K/15879K, paused 1ms+2ms
D/dalvikvm( 1173): GC_CONCURRENT freed 786K, 28% free 11448K/15879K, paused 2ms+2ms
I/NetworkThread( 1173): 1333728511309: Received UDP payload: 949
I/Mux     ( 1173): 1333728511313: GOT CSM_Msg
I/VCoreDaemon( 1173): 1333728511313: nonce 496 heard from src region (0,0)
I/VCoreDaemon( 1173): 1333728511313: Forwarding Atom because it's closer.
I/Mux     ( 1173): 1333728511313: I got a CSM packet at a leader 
I/NetworkThread( 1173): 1333728511314: Sending UDP payload: 949
I/VCoreDaemon( 1173): 1333728511315: nonce 496 heard from src region (0,0)
I/VCoreDaemon( 1173): 1333728511315: Received Atom already forwarded, ignoring...
I/NetworkThread( 1173): 1333728511397: Received UDP payload: 949
I/Mux     ( 1173): 1333728511408: GOT CSM_Msg
I/VCoreDaemon( 1173): 1333728511408: nonce 497 heard from src region (0,0)
I/VCoreDaemon( 1173): 1333728511408: Forwarding Atom because it's closer.
I/Mux     ( 1173): 1333728511408: I got a CSM packet at a leader 
I/NetworkThread( 1173): 1333728511410: Sending UDP payload: 949
I/VCoreDaemon( 1173): 1333728511411: nonce 497 heard from src region (0,0)
I/VCoreDaemon( 1173): 1333728511411: Received Atom already forwarded, ignoring...
I/NetworkThread( 1173): 1333728511496: Received UDP payload: 770
I/Mux     ( 1173): 1333728511515: GOT CSM_Msg
I/VCoreDaemon( 1173): 1333728511516: nonce 498 heard from src region (4,0)
I/VCoreDaemon( 1173): 1333728511516: Forwarding Atom because it's closer.
I/Mux     ( 1173): 1333728511516: I got a CSM packet at a leader 
I/NetworkThread( 1173): 1333728511519: Sending UDP payload: 770
I/VCoreDaemon( 1173): 1333728511525: nonce 498 heard from src region (4,0)
I/VCoreDaemon( 1173): 1333728511539: Received Atom already forwarded, ignoring...
D/dalvikvm( 1173): GC_CONCURRENT freed 802K, 28% free 11453K/15879K, paused 2ms+3ms
I/NetworkThread( 1173): 1333728514894: Received UDP payload: 949
I/Mux     ( 1173): 1333728514899: GOT CSM_Msg
I/VCoreDaemon( 1173): 1333728514900: nonce 157 heard from src region (1,0)
I/VCoreDaemon( 1173): 1333728514900: Forwarding Atom because it's closer.
I/Mux     ( 1173): 1333728514904: I got a CSM packet at a leader 
I/NetworkThread( 1173): 1333728514906: Sending UDP payload: 949
I/VCoreDaemon( 1173): 1333728514908: nonce 157 heard from src region (1,0)
I/VCoreDaemon( 1173): 1333728514908: Received Atom already forwarded, ignoring...
D/dalvikvm( 1173): GC_CONCURRENT freed 778K, 28% free 11452K/15879K, paused 2ms+3ms
I/VCoreDaemon( 1173): 1333728515166: inside sendPacket(Packet p)
I/NetworkThread( 1173): 1333728515169: Sending UDP payload: 406
D/dalvikvm( 1173): GC_CONCURRENT freed 793K, 28% free 11450K/15879K, paused 3ms+2ms
I/NetworkThread( 1173): 1333728520028: Received UDP payload: 406
I/VCoreDaemon( 1173): 1333728520160: leader to cloud hearbeat...
I/VNC:Cloud( 1173): Executing makeRequest: http://hermes5.csail.mit.edu:8212/take/2/0/5109/1333728520161/
D/dalvikvm( 1173): GC_CONCURRENT freed 669K, 28% free 11513K/15879K, paused 2ms+3ms
I/VNC:Cloud( 1173): makeRequest Execute HTTP latency: 2255ms
I/VNC:Cloud( 1173): makeRequest() Cloud response length: 93
I/VNC:Cloud( 1173): Request executed: http://hermes5.csail.mit.edu:8212/take/2/0/5109/1333728520161/
I/VCoreDaemon( 1173): 1333728522440: inside sendPacket(Packet p)
I/NetworkThread( 1173): 1333728522449: Sending UDP payload: 406
W/NetworkStats(  149): dropping UID delta from unknown iface: iface=wlan0 uid=10067 set=FOREGROUND tag=0x0 rxBytes=131530 rxPackets=112 txBytes=80868 txPackets=57 operations=0
I/StatusActivity( 1173): 1333728523012: .......... GPS onLocationChanged ...... 
I/VCoreDaemon( 1173): 1333728523013: Loc = Location[mProvider=gps,mTime=1333814924000,mLatitude=42.3639700371484,mLongitude=-71.10128928665551,mHasAltitude=true,mAltitude=-22.0,mHasSpeed=true,mSpeed=0.0,mHasBearing=true,mBearing=56.959263,mHasAccuracy=true,mAccuracy=10.0,mExtras=Bundle[mParcelledData.dataSize=4]] Previous Region = (2,0)
I/VCoreDaemon( 1173): 1333728523014: GPS x/long:-71.10128928665551, GPS y/lat: 42.3639700371484. Region width in x: 51.96152422706632
I/VCoreDaemon( 1173): 1333728523014: location PINPOINTS to region = 2.0, previous 2
I/VCoreDaemon( 1173): 1333728523014: stay at region 2
D/dalvikvm( 1173): GC_CONCURRENT freed 773K, 28% free 11498K/15879K, paused 2ms+4ms
I/NetworkThread( 1173): 1333728524192: Received UDP payload: 949
I/Mux     ( 1173): 1333728524209: GOT CSM_Msg
I/VCoreDaemon( 1173): 1333728524209: nonce 161 heard from src region (1,0)
I/VCoreDaemon( 1173): 1333728524210: Forwarding Atom because it's closer.
I/Mux     ( 1173): 1333728524210: I got a CSM packet at a leader 
I/NetworkThread( 1173): 1333728524233: Sending UDP payload: 949
I/VCoreDaemon( 1173): 1333728524235: nonce 161 heard from src region (1,0)
I/VCoreDaemon( 1173): 1333728524235: Received Atom already forwarded, ignoring...
D/dalvikvm( 1173): GC_FOR_ALLOC freed 298K, 26% free 11807K/15879K, paused 34ms
D/dalvikvm( 1173): GC_CONCURRENT freed 885K, 26% free 11826K/15879K, paused 2ms+12ms
I/NetworkThread( 1173): 1333728525025: Received UDP payload: 406
I/NetworkThread( 1173): 1333728525794: Received UDP payload: 949
I/Mux     ( 1173): 1333728525843: GOT CSM_Msg
I/VCoreDaemon( 1173): 1333728525843: nonce 170 heard from src region (1,0)
I/VCoreDaemon( 1173): 1333728525843: Forwarding Atom because it's closer.
I/Mux     ( 1173): 1333728525843: I got a CSM packet at a leader 
I/NetworkThread( 1173): 1333728525844: Sending UDP payload: 949
I/VCoreDaemon( 1173): 1333728525850: nonce 170 heard from src region (1,0)
I/VCoreDaemon( 1173): 1333728525850: Received Atom already forwarded, ignoring...
I/NetworkThread( 1173): 1333728525895: Received UDP payload: 949
I/Mux     ( 1173): 1333728525899: GOT CSM_Msg
I/VCoreDaemon( 1173): 1333728525900: nonce 171 heard from src region (1,0)
I/VCoreDaemon( 1173): 1333728525900: Forwarding Atom because it's closer.
I/Mux     ( 1173): 1333728525900: I got a CSM packet at a leader 
I/NetworkThread( 1173): 1333728525902: Sending UDP payload: 949
I/VCoreDaemon( 1173): 1333728525903: nonce 171 heard from src region (1,0)
I/VCoreDaemon( 1173): 1333728525904: Received Atom already forwarded, ignoring...
D/dalvikvm( 1173): GC_CONCURRENT freed 1175K, 28% free 11534K/15879K, paused 1ms+3ms
I/NetworkThread( 1173): 1333728525997: Received UDP payload: 949
I/Mux     ( 1173): 1333728526005: GOT CSM_Msg
I/VCoreDaemon( 1173): 1333728526005: nonce 172 heard from src region (1,0)
I/VCoreDaemon( 1173): 1333728526005: Forwarding Atom because it's closer.
I/Mux     ( 1173): 1333728526006: I got a CSM packet at a leader 
I/NetworkThread( 1173): 1333728526007: Sending UDP payload: 949
I/VCoreDaemon( 1173): 1333728526007: nonce 172 heard from src region (1,0)
I/VCoreDaemon( 1173): 1333728526008: Received Atom already forwarded, ignoring...
I/NetworkThread( 1173): 1333728526102: Received UDP payload: 949
I/Mux     ( 1173): 1333728526109: GOT CSM_Msg
I/VCoreDaemon( 1173): 1333728526110: nonce 173 heard from src region (1,0)
I/VCoreDaemon( 1173): 1333728526110: Forwarding Atom because it's closer.
I/Mux     ( 1173): 1333728526110: I got a CSM packet at a leader 
I/NetworkThread( 1173): 1333728526117: Sending UDP payload: 949
I/VCoreDaemon( 1173): 1333728526124: nonce 173 heard from src region (1,0)
I/VCoreDaemon( 1173): 1333728526124: Received Atom already forwarded, ignoring...
D/dalvikvm( 1173): GC_CONCURRENT freed 812K, 28% free 11501K/15879K, paused 2ms+12ms
I/NetworkThread( 1173): 1333728526203: Received UDP payload: 949
I/Mux     ( 1173): 1333728526207: GOT CSM_Msg
I/VCoreDaemon( 1173): 1333728526207: nonce 174 heard from src region (1,0)
I/VCoreDaemon( 1173): 1333728526207: Forwarding Atom because it's closer.
I/Mux     ( 1173): 1333728526208: I got a CSM packet at a leader 
I/NetworkThread( 1173): 1333728526209: Sending UDP payload: 949
I/VCoreDaemon( 1173): 1333728526210: nonce 174 heard from src region (1,0)
I/VCoreDaemon( 1173): 1333728526210: Received Atom already forwarded, ignoring...
D/dalvikvm(  314): GC_CONCURRENT freed 420K, 6% free 9502K/10055K, paused 2ms+4ms
W/NetworkStats(  149): dropping UID delta from unknown iface: iface=wlan0 uid=10067 set=FOREGROUND tag=0x0 rxBytes=12158 rxPackets=13 txBytes=5862 txPackets=6 operations=0
I/VCoreDaemon( 1173): 1333728527450: inside sendPacket(Packet p)
I/NetworkThread( 1173): 1333728527460: Sending UDP payload: 406
D/dalvikvm( 1173): GC_CONCURRENT freed 855K, 28% free 11458K/15879K, paused 2ms+3ms
I/StatusActivity( 1173): 1333728528277: canPressButton = TRUE
I/StatusActivity( 1173): 1333728528277: areButtonsEnabled --> false 
I/StatusActivity( 1173): 1333728528278: get picture disableButtonsR
I/StatusActivity( 1173): 1333728528278: areButtonsEnabled --> false
D/AudioHardware(   81): AudioHardware pcm playback is exiting standby.
D/AudioHardware(   81): openPcmOut_l() mPcmOpenCnt: 0
I/StatusActivity( 1173): 1333728528311: takeNum=7 takeCamGood=7 takeGoodSave=7 takeBad=0 takeTimedout=0 getNum=11 getGood=1 getBad=1 getTimedout=8
I/StatusActivity( 1173): 1333728528311: ** Clicked getphotos Button from region 4 **
I/StatusActivity( 1173): 1333728528312: I'm the Client, and I'm in region: 2 nodID = 5109
I/StatusActivity( 1173): 1333728528313: I'm a leader, my requesting photos packet going to mux directly
I/Mux     ( 1173): 1333728528313: Inside mux Packet.CLIENT_REQUEST
I/Mux     ( 1173): 1333728528313: I'm the leader of requesting client, about to process Packet.CLIENT_REQUEST in userApp
I/UserApp ( 1173): 1333728528313: UserApp handling MY region's client request, will send atom packet to REMOTE region's handleDSMRequest
I/UserApp ( 1173): 1333728528313: request is CLIENT_DOWNLOAD_PHOTO, figure out where (remote region) to forward packet
I/UserApp ( 1173): 1333728528314: Sending to region: 4
I/VCoreDaemon( 1173): 1333728528315: Sending PROC_REQUEST 11:1 (2,0)->(4,0)
I/VCoreDaemon( 1173): 1333728528316: Dispatching Atom PROC_REQUEST 11:1 (2,0)->(4,0)
I/Mux     ( 1173): 1333728528316: I got a CSM packet at a leader 
I/NetworkThread( 1173): 1333728528327: Sending UDP payload: 949
I/StatusActivity( 1173): 1333728528328: StatusActivity sent request to get photos for region 4
I/VCoreDaemon( 1173): 1333728528332: nonce 194 heard from src region (2,0)
D/dalvikvm( 1173): GC_CONCURRENT freed 658K, 28% free 11587K/15879K, paused 1ms+2ms
I/VCoreDaemon( 1173): 1333728529035: Retrying PROC_REQUEST 11:1 (2,0)->(4,0)
I/VCoreDaemon( 1173): 1333728529035: Dispatching Atom PROC_REQUEST 11:1 (2,0)->(4,0)
I/Mux     ( 1173): 1333728529036: I got a CSM packet at a leader 
I/NetworkThread( 1173): 1333728529042: Sending UDP payload: 949
I/VCoreDaemon( 1173): 1333728529043: nonce 195 heard from src region (2,0)
D/dalvikvm( 1173): GC_CONCURRENT freed 1280K, 30% free 11154K/15879K, paused 2ms+11ms
I/VCoreDaemon( 1173): 1333728529145: Retrying PROC_REQUEST 11:1 (2,0)->(4,0)
I/VCoreDaemon( 1173): 1333728529145: Dispatching Atom PROC_REQUEST 11:1 (2,0)->(4,0)
I/Mux     ( 1173): 1333728529145: I got a CSM packet at a leader 
I/NetworkThread( 1173): 1333728529147: Sending UDP payload: 949
I/VCoreDaemon( 1173): 1333728529148: nonce 196 heard from src region (2,0)
D/dalvikvm( 1173): GC_CONCURRENT freed 330K, 28% free 11508K/15879K, paused 2ms+2ms
I/VCoreDaemon( 1173): 1333728529246: Retrying PROC_REQUEST 11:1 (2,0)->(4,0)
I/VCoreDaemon( 1173): 1333728529246: Dispatching Atom PROC_REQUEST 11:1 (2,0)->(4,0)
I/Mux     ( 1173): 1333728529247: I got a CSM packet at a leader 
I/NetworkThread( 1173): 1333728529248: Sending UDP payload: 949
I/VCoreDaemon( 1173): 1333728529249: nonce 197 heard from src region (2,0)
I/VCoreDaemon( 1173): 1333728529346: Retrying PROC_REQUEST 11:1 (2,0)->(4,0)
I/VCoreDaemon( 1173): 1333728529347: Dispatching Atom PROC_REQUEST 11:1 (2,0)->(4,0)
I/Mux     ( 1173): 1333728529347: I got a CSM packet at a leader 
I/NetworkThread( 1173): 1333728529348: Sending UDP payload: 949
I/VCoreDaemon( 1173): 1333728529357: nonce 198 heard from src region (2,0)
I/VCoreDaemon( 1173): 1333728529447: Retrying PROC_REQUEST 11:1 (2,0)->(4,0)
I/VCoreDaemon( 1173): 1333728529448: Dispatching Atom PROC_REQUEST 11:1 (2,0)->(4,0)
I/Mux     ( 1173): 1333728529448: I got a CSM packet at a leader 
I/NetworkThread( 1173): 1333728529449: Sending UDP payload: 949
I/VCoreDaemon( 1173): 1333728529455: nonce 199 heard from src region (2,0)
I/VCoreDaemon( 1173): 1333728529550: Retrying PROC_REQUEST 11:1 (2,0)->(4,0)
I/VCoreDaemon( 1173): 1333728529551: Dispatching Atom PROC_REQUEST 11:1 (2,0)->(4,0)
I/Mux     ( 1173): 1333728529552: I got a CSM packet at a leader 
I/NetworkThread( 1173): 1333728529555: Sending UDP payload: 949
I/VCoreDaemon( 1173): 1333728529570: nonce 200 heard from src region (2,0)
I/VCoreDaemon( 1173): 1333728529654: Retrying PROC_REQUEST 11:1 (2,0)->(4,0)
I/VCoreDaemon( 1173): 1333728529655: Dispatching Atom PROC_REQUEST 11:1 (2,0)->(4,0)
I/Mux     ( 1173): 1333728529655: I got a CSM packet at a leader 
I/NetworkThread( 1173): 1333728529657: Sending UDP payload: 949
I/VCoreDaemon( 1173): 1333728529661: nonce 201 heard from src region (2,0)
I/VCoreDaemon( 1173): 1333728529756: Retrying PROC_REQUEST 11:1 (2,0)->(4,0)
I/VCoreDaemon( 1173): 1333728529756: Dispatching Atom PROC_REQUEST 11:1 (2,0)->(4,0)
I/Mux     ( 1173): 1333728529757: I got a CSM packet at a leader 
I/NetworkThread( 1173): 1333728529758: Sending UDP payload: 949
I/VCoreDaemon( 1173): 1333728529760: nonce 202 heard from src region (2,0)
I/VCoreDaemon( 1173): 1333728529858: Retrying PROC_REQUEST 11:1 (2,0)->(4,0)
I/VCoreDaemon( 1173): 1333728529858: Dispatching Atom PROC_REQUEST 11:1 (2,0)->(4,0)
I/Mux     ( 1173): 1333728529859: I got a CSM packet at a leader 
I/NetworkThread( 1173): 1333728529860: Sending UDP payload: 949
I/VCoreDaemon( 1173): 1333728529861: nonce 203 heard from src region (2,0)
I/VCoreDaemon( 1173): 1333728529959: Retrying PROC_REQUEST 11:1 (2,0)->(4,0)
I/VCoreDaemon( 1173): 1333728529960: Dispatching Atom PROC_REQUEST 11:1 (2,0)->(4,0)
I/Mux     ( 1173): 1333728529960: I got a CSM packet at a leader 
I/NetworkThread( 1173): 1333728529962: Sending UDP payload: 949
I/VCoreDaemon( 1173): 1333728529963: nonce 204 heard from src region (2,0)
I/VCoreDaemon( 1173): 1333728530061: Retrying PROC_REQUEST 11:1 (2,0)->(4,0)
I/VCoreDaemon( 1173): 1333728530062: Dispatching Atom PROC_REQUEST 11:1 (2,0)->(4,0)
I/Mux     ( 1173): 1333728530062: I got a CSM packet at a leader 
I/NetworkThread( 1173): 1333728530063: Sending UDP payload: 949
I/VCoreDaemon( 1173): 1333728530076: nonce 205 heard from src region (2,0)
D/dalvikvm( 1173): GC_CONCURRENT freed 849K, 28% free 11478K/15879K, paused 2ms+3ms
I/VCoreDaemon( 1173): 1333728530165: Retrying PROC_REQUEST 11:1 (2,0)->(4,0)
I/VCoreDaemon( 1173): 1333728530167: Dispatching Atom PROC_REQUEST 11:1 (2,0)->(4,0)
I/Mux     ( 1173): 1333728530167: I got a CSM packet at a leader 
I/NetworkThread( 1173): 1333728530169: Sending UDP payload: 949
I/VCoreDaemon( 1173): 1333728530170: nonce 206 heard from src region (2,0)
I/VCoreDaemon( 1173): 1333728530268: Retrying PROC_REQUEST 11:1 (2,0)->(4,0)
I/VCoreDaemon( 1173): 1333728530269: Dispatching Atom PROC_REQUEST 11:1 (2,0)->(4,0)
I/Mux     ( 1173): 1333728530269: I got a CSM packet at a leader 
I/NetworkThread( 1173): 1333728530271: Sending UDP payload: 949
I/VCoreDaemon( 1173): 1333728530272: nonce 207 heard from src region (2,0)
I/VCoreDaemon( 1173): 1333728530370: Retrying PROC_REQUEST 11:1 (2,0)->(4,0)
I/VCoreDaemon( 1173): 1333728530371: Dispatching Atom PROC_REQUEST 11:1 (2,0)->(4,0)
I/Mux     ( 1173): 1333728530371: I got a CSM packet at a leader 
I/NetworkThread( 1173): 1333728530373: Sending UDP payload: 949
I/VCoreDaemon( 1173): 1333728530374: nonce 208 heard from src region (2,0)
I/VCoreDaemon( 1173): 1333728530472: Request timed out, send failure PROC_REPLY 11:1 (4,0)->(2,0)
I/VCoreDaemon( 1173): 1333728530473: Dispatching Atom PROC_REPLY 11:1 (4,0)->(2,0)
I/Mux     ( 1173): 1333728530474: I got a CSM packet at a leader 
I/NetworkThread( 1173): 1333728530477: Sending UDP payload: 770
I/VCoreDaemon( 1173): 1333728530479: Received PROC_REPLY 11:1 (4,0)->(2,0), handing to UserApp
D/dalvikvm( 1173): GC_CONCURRENT freed 697K, 28% free 11558K/15879K, paused 3ms+3ms
D/AudioHardware(   81): AudioHardware pcm playback is going to standby.
D/AudioHardware(   81): closePcmOut_l() mPcmOpenCnt: 1
I/VCoreDaemon( 1173): 1333728532452: inside sendPacket(Packet p)
I/NetworkThread( 1173): 1333728532457: Sending UDP payload: 406
I/StatusActivity( 1173): 1333728534037: .......... GPS onLocationChanged ...... 
I/VCoreDaemon( 1173): 1333728534039: Loc = Location[mProvider=gps,mTime=1333814935000,mLatitude=42.363980197941395,mLongitude=-71.1013019972718,mHasAltitude=true,mAltitude=-23.0,mHasSpeed=true,mSpeed=0.35988286,mHasBearing=true,mBearing=227.76324,mHasAccuracy=true,mAccuracy=10.0,mExtras=Bundle[mParcelledData.dataSize=4]] Previous Region = (2,0)
I/VCoreDaemon( 1173): 1333728534040: GPS x/long:-71.1013019972718, GPS y/lat: 42.363980197941395. Region width in x: 51.96152422706632
I/VCoreDaemon( 1173): 1333728534041: location PINPOINTS to region = 2.0, previous 2
I/VCoreDaemon( 1173): 1333728534041: stay at region 2
D/dalvikvm( 1173): GC_CONCURRENT freed 804K, 28% free 11559K/15879K, paused 2ms+2ms
D/dalvikvm( 1173): GC_CONCURRENT freed 555K, 26% free 11831K/15879K, paused 3ms+2ms
I/StatusActivity( 1173): inside buttonsEnableProgressTimeoutR. Perhaps no one is in that region. Try again later!
I/ActivityManager(  149): No longer want com.google.android.talk (pid 753): hidden #16
I/StatusActivity( 1173): Inside _enableButtons
I/StatusActivity( 1173): areButtonsEnabled --> true
I/StatusActivity( 1173): takeNum=7 takeCamGood=7 takeGoodSave=7 takeBad=0 takeTimedout=0 getNum=11 getGood=1 getBad=1 getTimedout=9
W/InputManagerService(  149): Window already focused, ignoring focus gain of: com.android.internal.view.IInputMethodClient$Stub$Proxy@416e6098
I/NetworkThread( 1173): 1333728535713: Received UDP payload: 406
I/VCoreDaemon( 1173): 1333728537453: inside sendPacket(Packet p)
I/NetworkThread( 1173): 1333728537462: Sending UDP payload: 406
I/NetworkThread( 1173): 1333728537731: Received UDP payload: 406
I/StatusActivity( 1173): 1333728538035: .......... GPS onLocationChanged ...... 
I/VCoreDaemon( 1173): 1333728538037: Loc = Location[mProvider=gps,mTime=1333814939000,mLatitude=42.36399013468266,mLongitude=-71.10131138940348,mHasAltitude=true,mAltitude=-23.0,mHasSpeed=true,mSpeed=0.043901686,mHasBearing=true,mBearing=314.30585,mHasAccuracy=true,mAccuracy=10.0,mExtras=Bundle[mParcelledData.dataSize=4]] Previous Region = (2,0)
I/VCoreDaemon( 1173): 1333728538037: GPS x/long:-71.10131138940348, GPS y/lat: 42.36399013468266. Region width in x: 51.96152422706632
I/VCoreDaemon( 1173): 1333728538038: location PINPOINTS to region = 2.0, previous 2
I/VCoreDaemon( 1173): 1333728538039: stay at region 2
D/dalvikvm( 1173): GC_FOR_ALLOC freed 832K, 26% free 11792K/15879K, paused 21ms
D/dalvikvm( 1173): GC_FOR_ALLOC freed 672K, 27% free 11750K/15879K, paused 30ms
I/StatusActivity( 1173): 1333728540072: .......... GPS onLocationChanged ...... 
I/VCoreDaemon( 1173): 1333728540073: Loc = Location[mProvider=gps,mTime=1333814941000,mLatitude=42.363999492116065,mLongitude=-71.10131129857142,mHasAltitude=true,mAltitude=-23.0,mHasSpeed=true,mSpeed=0.05315354,mHasBearing=true,mBearing=16.311872,mHasAccuracy=true,mAccuracy=10.0,mExtras=Bundle[mParcelledData.dataSize=4]] Previous Region = (2,0)
I/VCoreDaemon( 1173): 1333728540073: GPS x/long:-71.10131129857142, GPS y/lat: 42.363999492116065. Region width in x: 51.96152422706632
I/VCoreDaemon( 1173): 1333728540073: location PINPOINTS to region = 2.0, previous 2
I/VCoreDaemon( 1173): 1333728540073: stay at region 2
D/dalvikvm( 1173): GC_FOR_ALLOC freed 275K, 25% free 12067K/15879K, paused 20ms
D/dalvikvm( 1173): GC_CONCURRENT freed 806K, 24% free 12224K/15879K, paused 2ms+4ms
I/StatusActivity( 1173): 1333728541033: .......... GPS onLocationChanged ...... 
I/VCoreDaemon( 1173): 1333728541035: Loc = Location[mProvider=gps,mTime=1333814942000,mLatitude=42.36402390521847,mLongitude=-71.10131233379927,mHasAltitude=true,mAltitude=-23.0,mHasSpeed=true,mSpeed=0.0,mHasBearing=true,mBearing=14.802071,mHasAccuracy=true,mAccuracy=10.0,mExtras=Bundle[mParcelledData.dataSize=4]] Previous Region = (2,0)
I/VCoreDaemon( 1173): 1333728541036: GPS x/long:-71.10131233379927, GPS y/lat: 42.36402390521847. Region width in x: 51.96152422706632
I/VCoreDaemon( 1173): 1333728541037: location PINPOINTS to region = 2.0, previous 2
I/VCoreDaemon( 1173): 1333728541037: stay at region 2
D/dalvikvm( 1173): GC_CONCURRENT freed 936K, 23% free 12305K/15879K, paused 1ms+2ms
I/VCoreDaemon( 1173): 1333728542455: inside sendPacket(Packet p)
I/NetworkThread( 1173): 1333728542457: Sending UDP payload: 406
I/NetworkThread( 1173): 1333728542736: Received UDP payload: 406
I/StatusActivity( 1173): 1333728544005: .......... GPS onLocationChanged ...... 
I/VCoreDaemon( 1173): 1333728544006: Loc = Location[mProvider=gps,mTime=1333814945000,mLatitude=42.364039012781355,mLongitude=-71.10131241213976,mHasAltitude=true,mAltitude=-23.0,mHasSpeed=true,mSpeed=0.34308863,mHasBearing=true,mBearing=12.693832,mHasAccuracy=true,mAccuracy=10.0,mExtras=Bundle[mParcelledData.dataSize=4]] Previous Region = (2,0)
I/VCoreDaemon( 1173): 1333728544006: GPS x/long:-71.10131241213976, GPS y/lat: 42.364039012781355. Region width in x: 51.96152422706632
I/VCoreDaemon( 1173): 1333728544006: location PINPOINTS to region = 2.0, previous 2
I/VCoreDaemon( 1173): 1333728544006: stay at region 2
D/dalvikvm( 1173): GC_CONCURRENT freed 1339K, 25% free 12032K/15879K, paused 2ms+2ms
I/NetworkThread( 1173): 1333728545728: Received UDP payload: 406
I/StatusActivity( 1173): 1333728545824: canPressButton = TRUE
I/StatusActivity( 1173): 1333728545825: areButtonsEnabled --> false 
I/StatusActivity( 1173): 1333728545825: get picture disableButtonsR
I/StatusActivity( 1173): 1333728545825: areButtonsEnabled --> false
D/AudioHardware(   81): AudioHardware pcm playback is exiting standby.
D/AudioHardware(   81): openPcmOut_l() mPcmOpenCnt: 0
I/StatusActivity( 1173): 1333728545858: takeNum=7 takeCamGood=7 takeGoodSave=7 takeBad=0 takeTimedout=0 getNum=12 getGood=1 getBad=1 getTimedout=9
I/StatusActivity( 1173): 1333728545858: ** Clicked getphotos Button from region 1 **
I/StatusActivity( 1173): 1333728545859: I'm the Client, and I'm in region: 2 nodID = 5109
I/StatusActivity( 1173): 1333728545859: I'm a leader, my requesting photos packet going to mux directly
I/Mux     ( 1173): 1333728545860: Inside mux Packet.CLIENT_REQUEST
I/Mux     ( 1173): 1333728545860: I'm the leader of requesting client, about to process Packet.CLIENT_REQUEST in userApp
I/UserApp ( 1173): 1333728545860: UserApp handling MY region's client request, will send atom packet to REMOTE region's handleDSMRequest
I/UserApp ( 1173): 1333728545860: request is CLIENT_DOWNLOAD_PHOTO, figure out where (remote region) to forward packet
I/UserApp ( 1173): 1333728545861: Sending to region: 1
I/VCoreDaemon( 1173): 1333728545862: Sending PROC_REQUEST 11:2 (2,0)->(1,0)
I/VCoreDaemon( 1173): 1333728545862: Dispatching Atom PROC_REQUEST 11:2 (2,0)->(1,0)
I/Mux     ( 1173): 1333728545863: I got a CSM packet at a leader 
I/NetworkThread( 1173): 1333728545864: Sending UDP payload: 949
I/VCoreDaemon( 1173): 1333728545865: nonce 210 heard from src region (2,0)
I/StatusActivity( 1173): 1333728545865: StatusActivity sent request to get photos for region 1
D/dalvikvm( 1173): GC_CONCURRENT freed 1280K, 26% free 11755K/15879K, paused 3ms+2ms
I/VCoreDaemon( 1173): 1333728546572: Retrying PROC_REQUEST 11:2 (2,0)->(1,0)
I/VCoreDaemon( 1173): 1333728546578: Dispatching Atom PROC_REQUEST 11:2 (2,0)->(1,0)
I/Mux     ( 1173): 1333728546579: I got a CSM packet at a leader 
I/NetworkThread( 1173): 1333728546586: Sending UDP payload: 949
I/VCoreDaemon( 1173): 1333728546615: nonce 211 heard from src region (2,0)
I/VCoreDaemon( 1173): 1333728546695: Retrying PROC_REQUEST 11:2 (2,0)->(1,0)
I/VCoreDaemon( 1173): 1333728546696: Dispatching Atom PROC_REQUEST 11:2 (2,0)->(1,0)
I/Mux     ( 1173): 1333728546696: I got a CSM packet at a leader 
I/NetworkThread( 1173): 1333728546698: Sending UDP payload: 949
I/VCoreDaemon( 1173): 1333728546698: nonce 212 heard from src region (2,0)
D/dalvikvm( 1173): GC_CONCURRENT freed 1040K, 27% free 11595K/15879K, paused 2ms+4ms
I/VCoreDaemon( 1173): 1333728546797: Retrying PROC_REQUEST 11:2 (2,0)->(1,0)
