I/VCoreDaemon( 1173): 1333728546797: Dispatching Atom PROC_REQUEST 11:2 (2,0)->(1,0)
I/Mux     ( 1173): 1333728546798: I got a CSM packet at a leader 
I/NetworkThread( 1173): 1333728546800: Sending UDP payload: 949
I/VCoreDaemon( 1173): 1333728546803: nonce 213 heard from src region (2,0)
D/dalvikvm( 1173): GC_CONCURRENT freed 842K, 28% free 11537K/15879K, paused 2ms+3ms
I/VCoreDaemon( 1173): 1333728546900: Retrying PROC_REQUEST 11:2 (2,0)->(1,0)
I/VCoreDaemon( 1173): 1333728546901: Dispatching Atom PROC_REQUEST 11:2 (2,0)->(1,0)
I/Mux     ( 1173): 1333728546901: I got a CSM packet at a leader 
I/NetworkThread( 1173): 1333728546903: Sending UDP payload: 949
I/VCoreDaemon( 1173): 1333728546904: nonce 214 heard from src region (2,0)
I/VCoreDaemon( 1173): 1333728547002: Retrying PROC_REQUEST 11:2 (2,0)->(1,0)
I/VCoreDaemon( 1173): 1333728547002: Dispatching Atom PROC_REQUEST 11:2 (2,0)->(1,0)
I/Mux     ( 1173): 1333728547003: I got a CSM packet at a leader 
I/NetworkThread( 1173): 1333728547004: Sending UDP payload: 949
I/VCoreDaemon( 1173): 1333728547005: nonce 215 heard from src region (2,0)
I/VCoreDaemon( 1173): 1333728547103: Retrying PROC_REQUEST 11:2 (2,0)->(1,0)
I/VCoreDaemon( 1173): 1333728547104: Dispatching Atom PROC_REQUEST 11:2 (2,0)->(1,0)
I/Mux     ( 1173): 1333728547104: I got a CSM packet at a leader 
I/NetworkThread( 1173): 1333728547106: Sending UDP payload: 949
I/VCoreDaemon( 1173): 1333728547111: nonce 216 heard from src region (2,0)
I/VCoreDaemon( 1173): 1333728547205: Retrying PROC_REQUEST 11:2 (2,0)->(1,0)
I/VCoreDaemon( 1173): 1333728547206: Dispatching Atom PROC_REQUEST 11:2 (2,0)->(1,0)
I/Mux     ( 1173): 1333728547206: I got a CSM packet at a leader 
I/NetworkThread( 1173): 1333728547218: Sending UDP payload: 949
I/VCoreDaemon( 1173): 1333728547219: nonce 217 heard from src region (2,0)
D/dalvikvm( 1173): GC_CONCURRENT freed 757K, 27% free 11612K/15879K, paused 2ms+3ms
I/VCoreDaemon( 1173): 1333728547306: Retrying PROC_REQUEST 11:2 (2,0)->(1,0)
I/VCoreDaemon( 1173): 1333728547307: Dispatching Atom PROC_REQUEST 11:2 (2,0)->(1,0)
I/Mux     ( 1173): 1333728547307: I got a CSM packet at a leader 
I/NetworkThread( 1173): 1333728547309: Sending UDP payload: 949
I/VCoreDaemon( 1173): 1333728547321: nonce 218 heard from src region (2,0)
I/VCoreDaemon( 1173): 1333728547412: Retrying PROC_REQUEST 11:2 (2,0)->(1,0)
I/VCoreDaemon( 1173): 1333728547412: Dispatching Atom PROC_REQUEST 11:2 (2,0)->(1,0)
I/Mux     ( 1173): 1333728547413: I got a CSM packet at a leader 
I/NetworkThread( 1173): 1333728547414: Sending UDP payload: 949
I/VCoreDaemon( 1173): 1333728547421: nonce 219 heard from src region (2,0)
I/VCoreDaemon( 1173): 1333728547455: inside sendPacket(Packet p)
I/NetworkThread( 1173): 1333728547456: Sending UDP payload: 406
I/VCoreDaemon( 1173): 1333728547518: Retrying PROC_REQUEST 11:2 (2,0)->(1,0)
I/VCoreDaemon( 1173): 1333728547519: Dispatching Atom PROC_REQUEST 11:2 (2,0)->(1,0)
I/Mux     ( 1173): 1333728547519: I got a CSM packet at a leader 
I/NetworkThread( 1173): 1333728547520: Sending UDP payload: 949
I/VCoreDaemon( 1173): 1333728547522: nonce 220 heard from src region (2,0)
D/dalvikvm( 1173): GC_CONCURRENT freed 879K, 28% free 11556K/15879K, paused 2ms+12ms
I/VCoreDaemon( 1173): 1333728547620: Retrying PROC_REQUEST 11:2 (2,0)->(1,0)
I/VCoreDaemon( 1173): 1333728547620: Dispatching Atom PROC_REQUEST 11:2 (2,0)->(1,0)
I/Mux     ( 1173): 1333728547621: I got a CSM packet at a leader 
I/NetworkThread( 1173): 1333728547622: Sending UDP payload: 949
I/VCoreDaemon( 1173): 1333728547624: nonce 221 heard from src region (2,0)
D/dalvikvm( 1173): GC_CONCURRENT freed 741K, 27% free 11600K/15879K, paused 2ms+3ms
I/VCoreDaemon( 1173): 1333728547727: Retrying PROC_REQUEST 11:2 (2,0)->(1,0)
I/VCoreDaemon( 1173): 1333728547727: Dispatching Atom PROC_REQUEST 11:2 (2,0)->(1,0)
I/Mux     ( 1173): 1333728547728: I got a CSM packet at a leader 
I/NetworkThread( 1173): 1333728547734: Sending UDP payload: 949
I/VCoreDaemon( 1173): 1333728547735: nonce 222 heard from src region (2,0)
D/dalvikvm( 1173): GC_CONCURRENT freed 842K, 28% free 11543K/15879K, paused 2ms+12ms
I/VCoreDaemon( 1173): 1333728547828: Retrying PROC_REQUEST 11:2 (2,0)->(1,0)
I/VCoreDaemon( 1173): 1333728547829: Dispatching Atom PROC_REQUEST 11:2 (2,0)->(1,0)
I/Mux     ( 1173): 1333728547829: I got a CSM packet at a leader 
I/NetworkThread( 1173): 1333728547830: Sending UDP payload: 949
I/VCoreDaemon( 1173): 1333728547831: nonce 223 heard from src region (2,0)
I/VCoreDaemon( 1173): 1333728547930: Retrying PROC_REQUEST 11:2 (2,0)->(1,0)
I/VCoreDaemon( 1173): 1333728547931: Dispatching Atom PROC_REQUEST 11:2 (2,0)->(1,0)
I/Mux     ( 1173): 1333728547931: I got a CSM packet at a leader 
I/NetworkThread( 1173): 1333728547933: Sending UDP payload: 949
I/VCoreDaemon( 1173): 1333728547934: nonce 224 heard from src region (2,0)
I/VCoreDaemon( 1173): 1333728548031: Request timed out, send failure PROC_REPLY 11:2 (1,0)->(2,0)
I/VCoreDaemon( 1173): 1333728548032: Dispatching Atom PROC_REPLY 11:2 (1,0)->(2,0)
I/Mux     ( 1173): 1333728548033: I got a CSM packet at a leader 
I/NetworkThread( 1173): 1333728548034: Sending UDP payload: 770
I/VCoreDaemon( 1173): 1333728548036: Received PROC_REPLY 11:2 (1,0)->(2,0), handing to UserApp
D/AudioHardware(   81): AudioHardware pcm playback is going to standby.
D/AudioHardware(   81): closePcmOut_l() mPcmOpenCnt: 1
I/NetworkThread( 1173): 1333728550728: Received UDP payload: 406
I/StatusActivity( 1173): inside buttonsEnableProgressTimeoutR. Perhaps no one is in that region. Try again later!
I/StatusActivity( 1173): Inside _enableButtons
I/StatusActivity( 1173): areButtonsEnabled --> true
I/StatusActivity( 1173): takeNum=7 takeCamGood=7 takeGoodSave=7 takeBad=0 takeTimedout=0 getNum=12 getGood=1 getBad=1 getTimedout=10
W/InputManagerService(  149): Window already focused, ignoring focus gain of: com.android.internal.view.IInputMethodClient$Stub$Proxy@41768468
I/NetworkThread( 1173): 1333728552348: Received UDP payload: 949
I/Mux     ( 1173): 1333728552370: GOT CSM_Msg
I/VCoreDaemon( 1173): 1333728552371: removed replies before id 3 from sentReplies of size 0
I/UserApp ( 1173): 1333728552377: INSIDE SERVER_GET_PHOTO!!!
I/VCoreDaemon( 1173): 1333728552407: Received PROC_REQUEST 11:3 (1,0)->(2,0), replying PROC_REPLY 11:3 (2,0)->(1,0)
I/VCoreDaemon( 1173): 1333728552422: Dispatching Atom PROC_REPLY 11:3 (2,0)->(1,0)
I/Mux     ( 1173): 1333728552423: I got a CSM packet at a leader 
I/NetworkThread( 1173): 1333728552426: Sending UDP payload: 5778
I/VCoreDaemon( 1173): 1333728552447: leader to cloud hearbeat...
I/VNC:Cloud( 1173): Executing makeRequest: http://hermes5.csail.mit.edu:8212/take/2/0/5109/1333728552447/
I/VCoreDaemon( 1173): 1333728552459: nonce 226 heard from src region (2,0)
D/dalvikvm( 1173): GC_CONCURRENT freed 736K, 27% free 11596K/15879K, paused 2ms+3ms
D/dalvikvm(  149): GC_CONCURRENT freed 824K, 13% free 12824K/14599K, paused 18ms+16ms
I/NetworkThread( 1173): 1333728553311: Received UDP payload: 949
I/Mux     ( 1173): 1333728553327: GOT CSM_Msg
I/VCoreDaemon( 1173): 1333728553328: removed replies before id 3 from sentReplies of size 1
I/VCoreDaemon( 1173): 1333728553334: Received DUPLICATE PROC_REQUEST 11:3 (1,0)->(2,0), replying PROC_REPLY 11:3 (2,0)->(1,0)
I/VCoreDaemon( 1173): 1333728553335: Dispatching Atom PROC_REPLY 11:3 (2,0)->(1,0)
I/Mux     ( 1173): 1333728553336: I got a CSM packet at a leader 
I/NetworkThread( 1173): 1333728553352: Sending UDP payload: 5778
I/NetworkThread( 1173): 1333728553354: Received UDP payload: 406
I/VCoreDaemon( 1173): 1333728553366: nonce 227 heard from src region (2,0)
D/dalvikvm( 1173): GC_CONCURRENT freed 869K, 28% free 11553K/15879K, paused 3ms+11ms
I/VNC:Cloud( 1173): makeRequest Execute HTTP latency: 2389ms
I/VNC:Cloud( 1173): makeRequest() Cloud response length: 93
I/VNC:Cloud( 1173): Request executed: http://hermes5.csail.mit.edu:8212/take/2/0/5109/1333728552447/
I/VCoreDaemon( 1173): 1333728554857: inside sendPacket(Packet p)
I/NetworkThread( 1173): 1333728554866: Sending UDP payload: 406
D/dalvikvm( 1173): GC_CONCURRENT freed 810K, 28% free 11569K/15879K, paused 3ms+3ms
I/StatusActivity( 1173): 1333728555022: .......... GPS onLocationChanged ...... 
I/VCoreDaemon( 1173): 1333728555023: Loc = Location[mProvider=gps,mTime=1333814956000,mLatitude=42.36405163981021,mLongitude=-71.10131784280321,mHasAltitude=true,mAltitude=-23.0,mHasSpeed=true,mSpeed=0.35924074,mHasBearing=true,mBearing=91.178604,mHasAccuracy=true,mAccuracy=10.0,mExtras=Bundle[mParcelledData.dataSize=4]] Previous Region = (2,0)
I/VCoreDaemon( 1173): 1333728555023: GPS x/long:-71.10131784280321, GPS y/lat: 42.36405163981021. Region width in x: 51.96152422706632
I/VCoreDaemon( 1173): 1333728555023: location PINPOINTS to region = 2.0, previous 2
I/VCoreDaemon( 1173): 1333728555024: stay at region 2
W/NetworkStats(  149): dropping UID delta from unknown iface: iface=wlan0 uid=10067 set=FOREGROUND tag=0x0 rxBytes=49680 rxPackets=48 txBytes=45122 txPackets=40 operations=0
D/dalvikvm( 1173): GC_CONCURRENT freed 512K, 26% free 11856K/15879K, paused 1ms+2ms
I/StatusActivity( 1173): 1333728558030: .......... GPS onLocationChanged ...... 
I/VCoreDaemon( 1173): 1333728558031: Loc = Location[mProvider=gps,mTime=1333814959000,mLatitude=42.36406263339676,mLongitude=-71.10131937498572,mHasAltitude=true,mAltitude=-23.0,mHasSpeed=true,mSpeed=0.10740304,mHasBearing=true,mBearing=35.445362,mHasAccuracy=true,mAccuracy=10.0,mExtras=Bundle[mParcelledData.dataSize=4]] Previous Region = (2,0)
I/VCoreDaemon( 1173): 1333728558031: GPS x/long:-71.10131937498572, GPS y/lat: 42.36406263339676. Region width in x: 51.96152422706632
I/VCoreDaemon( 1173): 1333728558032: location PINPOINTS to region = 2.0, previous 2
I/VCoreDaemon( 1173): 1333728558032: stay at region 2
I/NetworkThread( 1173): 1333728558315: Received UDP payload: 406
I/StatusActivity( 1173): 1333728559017: .......... GPS onLocationChanged ...... 
I/VCoreDaemon( 1173): 1333728559018: Loc = Location[mProvider=gps,mTime=1333814960000,mLatitude=42.36407276757763,mLongitude=-71.10132038709298,mHasAltitude=true,mAltitude=-23.0,mHasSpeed=true,mSpeed=0.15099293,mHasBearing=true,mBearing=33.329174,mHasAccuracy=true,mAccuracy=10.0,mExtras=Bundle[mParcelledData.dataSize=4]] Previous Region = (2,0)
I/VCoreDaemon( 1173): 1333728559018: GPS x/long:-71.10132038709298, GPS y/lat: 42.36407276757763. Region width in x: 51.96152422706632
I/VCoreDaemon( 1173): 1333728559018: location PINPOINTS to region = 2.0, previous 2
I/VCoreDaemon( 1173): 1333728559019: stay at region 2
W/NetworkStats(  149): dropping UID delta from unknown iface: iface=wlan0 uid=10067 set=FOREGROUND tag=0x0 rxBytes=434 rxPackets=1 txBytes=0 txPackets=0 operations=0
I/VCoreDaemon( 1173): 1333728559868: inside sendPacket(Packet p)
I/NetworkThread( 1173): 1333728559879: Sending UDP payload: 406
I/StatusActivity( 1173): 1333728560017: .......... GPS onLocationChanged ...... 
I/VCoreDaemon( 1173): 1333728560019: Loc = Location[mProvider=gps,mTime=1333814961000,mLatitude=42.364083523720616,mLongitude=-71.1013212227046,mHasAltitude=true,mAltitude=-23.0,mHasSpeed=true,mSpeed=0.20194678,mHasBearing=true,mBearing=22.821033,mHasAccuracy=true,mAccuracy=10.0,mExtras=Bundle[mParcelledData.dataSize=4]] Previous Region = (2,0)
I/VCoreDaemon( 1173): 1333728560019: GPS x/long:-71.1013212227046, GPS y/lat: 42.364083523720616. Region width in x: 51.96152422706632
I/VCoreDaemon( 1173): 1333728560019: location PINPOINTS to region = 2.0, previous 2
I/VCoreDaemon( 1173): 1333728560019: stay at region 2
I/StatusActivity( 1173): 1333728561120: canPressButton = TRUE
I/StatusActivity( 1173): 1333728561121: areButtonsEnabled --> false 
I/StatusActivity( 1173): 1333728561121: get picture disableButtonsR
I/StatusActivity( 1173): 1333728561122: areButtonsEnabled --> false
D/AudioHardware(   81): AudioHardware pcm playback is exiting standby.
D/AudioHardware(   81): openPcmOut_l() mPcmOpenCnt: 0
I/StatusActivity( 1173): 1333728561198: takeNum=7 takeCamGood=7 takeGoodSave=7 takeBad=0 takeTimedout=0 getNum=13 getGood=1 getBad=1 getTimedout=10
I/StatusActivity( 1173): 1333728561198: ** Clicked getphotos Button from region 2 **
I/StatusActivity( 1173): 1333728561199: I'm the Client, and I'm in region: 2 nodID = 5109
I/StatusActivity( 1173): 1333728561199: I'm a leader, my requesting photos packet going to mux directly
I/Mux     ( 1173): 1333728561200: Inside mux Packet.CLIENT_REQUEST
I/Mux     ( 1173): 1333728561200: I'm the leader of requesting client, about to process Packet.CLIENT_REQUEST in userApp
I/UserApp ( 1173): 1333728561200: UserApp handling MY region's client request, will send atom packet to REMOTE region's handleDSMRequest
I/UserApp ( 1173): 1333728561200: request is CLIENT_DOWNLOAD_PHOTO, figure out where (remote region) to forward packet
I/UserApp ( 1173): 1333728561235: Sending to region: 2
I/VCoreDaemon( 1173): 1333728561247: Sending PROC_REQUEST 11:11 (2,0)->(2,0)
I/VCoreDaemon( 1173): 1333728561252: Dispatching Atom PROC_REQUEST 11:11 (2,0)->(2,0)
I/Mux     ( 1173): 1333728561252: I got a CSM packet at a leader 
I/NetworkThread( 1173): 1333728561254: Sending UDP payload: 949
I/VCoreDaemon( 1173): 1333728561257: removed replies before id 11 from sentReplies of size 0
I/UserApp ( 1173): 1333728561258: INSIDE SERVER_GET_PHOTO!!!
I/UserApp ( 1173): 1333728561259: dst_region == src_region = 2
I/UserApp ( 1173): 1333728561259:  1 self to self atomRequest
I/StatusActivity( 1173): 1333728561259: StatusActivity sent request to get photos for region 2
I/VCoreDaemon( 1173): 1333728561264: Received PROC_REQUEST 11:11 (2,0)->(2,0), replying PROC_REPLY 11:11 (2,0)->(2,0)
I/VCoreDaemon( 1173): 1333728561265: Dispatching Atom PROC_REPLY 11:11 (2,0)->(2,0)
I/Mux     ( 1173): 1333728561265: I got a CSM packet at a leader 
I/NetworkThread( 1173): 1333728561277: Sending UDP payload: 5778
I/VCoreDaemon( 1173): 1333728561281: Received PROC_REPLY 11:11 (2,0)->(2,0), handing to UserApp
I/UserApp ( 1173): 1333728561282: Now back in orginitator region's leader, precssing handleDSMReply
I/UserApp ( 1173): 1333728561282: Going to and from remote region took latency = 46
I/UserApp ( 1173): 1333728561282: = orig leader sent packet at 1333728561236 ~ received reply at 1333728561282
I/UserApp ( 1173): 1333728561284: Originator Region=2 Leader (for Client=5109) processes remote region's dsm atom reply and will send Packet reply to Originator Client
I/UserApp ( 1173): 1333728561285: reply packet contains the newest photo from the remote region
I/UserApp ( 1173): 1333728561285: I (the leader) was also the originator client (id = 5109) so I hand the packet to my mux directly, without UDP
I/StatusActivity( 1173): 1333728561327: inside Packet.CLIENT_SHOW_REMOTEPHOTOS. Client requested for a photo in a remote region and this is the reply
I/StatusActivity( 1173): 1333728561327: leader download remote photo latency = 128
I/StatusActivity( 1173): 1333728561328: = leader download start 1333728561199 ~ stop 1333728561327
I/StatusActivity( 1173): 1333728561329: takeNum=7 takeCamGood=7 takeGoodSave=7 takeBad=0 takeTimedout=0 getNum=13 getGood=2 getBad=1 getTimedout=10
I/StatusActivity( 1173): 1333728561329: Success! Client getting photo from remote region, showing photo...
I/StatusActivity( 1173): 1333728561330: Remote photo's length: 4807
D/dalvikvm( 1173): GC_EXPLICIT freed 234K, 25% free 11988K/15879K, paused 2ms+13ms
I/StatusActivity( 1173): Inside _enableButtons
I/StatusActivity( 1173): areButtonsEnabled --> true
W/InputManagerService(  149): Window already focused, ignoring focus gain of: com.android.internal.view.IInputMethodClient$Stub$Proxy@4144fe48
I/NetworkThread( 1173): 1333728563313: Received UDP payload: 406
I/StatusActivity( 1173): 1333728564046: .......... GPS onLocationChanged ...... 
I/VCoreDaemon( 1173): 1333728564048: Loc = Location[mProvider=gps,mTime=1333814965000,mLatitude=42.36409426081161,mLongitude=-71.10132290061135,mHasAltitude=true,mAltitude=-22.0,mHasSpeed=true,mSpeed=0.118389085,mHasBearing=true,mBearing=17.057808,mHasAccuracy=true,mAccuracy=10.0,mExtras=Bundle[mParcelledData.dataSize=4]] Previous Region = (2,0)
I/VCoreDaemon( 1173): 1333728564049: GPS x/long:-71.10132290061135, GPS y/lat: 42.36409426081161. Region width in x: 51.96152422706632
I/VCoreDaemon( 1173): 1333728564050: location PINPOINTS to region = 2.0, previous 2
I/VCoreDaemon( 1173): 1333728564051: stay at region 2
D/AudioHardware(   81): AudioHardware pcm playback is going to standby.
D/AudioHardware(   81): closePcmOut_l() mPcmOpenCnt: 1
I/VCoreDaemon( 1173): 1333728564871: inside sendPacket(Packet p)
I/NetworkThread( 1173): 1333728564883: Sending UDP payload: 406
I/NetworkThread( 1173): 1333728567625: Received UDP payload: 949
I/Mux     ( 1173): 1333728567679: GOT CSM_Msg
I/VCoreDaemon( 1173): 1333728567679: nonce 192 heard from src region (1,0)
I/NetworkThread( 1173): 1333728568328: Received UDP payload: 406
I/VCoreDaemon( 1173): 1333728569872: inside sendPacket(Packet p)
I/NetworkThread( 1173): 1333728569878: Sending UDP payload: 406
I/StatusActivity( 1173): 1333728570017: .......... GPS onLocationChanged ...... 
I/VCoreDaemon( 1173): 1333728570018: Loc = Location[mProvider=gps,mTime=1333814971000,mLatitude=42.364084110425814,mLongitude=-71.10132071725525,mHasAltitude=true,mAltitude=-23.0,mHasSpeed=true,mSpeed=0.28064138,mHasBearing=true,mBearing=184.62076,mHasAccuracy=true,mAccuracy=10.0,mExtras=Bundle[mParcelledData.dataSize=4]] Previous Region = (2,0)
I/VCoreDaemon( 1173): 1333728570019: GPS x/long:-71.10132071725525, GPS y/lat: 42.364084110425814. Region width in x: 51.96152422706632
I/VCoreDaemon( 1173): 1333728570019: location PINPOINTS to region = 2.0, previous 2
I/VCoreDaemon( 1173): 1333728570019: stay at region 2
I/StatusActivity( 1173): 1333728572863: canPressButton = TRUE
I/StatusActivity( 1173): 1333728572864: areButtonsEnabled --> false 
I/StatusActivity( 1173): 1333728572864: get picture disableButtonsR
I/StatusActivity( 1173): 1333728572864: areButtonsEnabled --> false
D/AudioHardware(   81): AudioHardware pcm playback is exiting standby.
D/AudioHardware(   81): openPcmOut_l() mPcmOpenCnt: 0
I/StatusActivity( 1173): 1333728572984: takeNum=7 takeCamGood=7 takeGoodSave=7 takeBad=0 takeTimedout=0 getNum=14 getGood=2 getBad=1 getTimedout=10
I/StatusActivity( 1173): 1333728572984: ** Clicked getphotos Button from region 3 **
I/StatusActivity( 1173): 1333728572985: I'm the Client, and I'm in region: 2 nodID = 5109
I/StatusActivity( 1173): 1333728572986: I'm a leader, my requesting photos packet going to mux directly
I/Mux     ( 1173): 1333728572986: Inside mux Packet.CLIENT_REQUEST
I/Mux     ( 1173): 1333728572986: I'm the leader of requesting client, about to process Packet.CLIENT_REQUEST in userApp
I/UserApp ( 1173): 1333728572986: UserApp handling MY region's client request, will send atom packet to REMOTE region's handleDSMRequest
I/UserApp ( 1173): 1333728572986: request is CLIENT_DOWNLOAD_PHOTO, figure out where (remote region) to forward packet
I/UserApp ( 1173): 1333728572987: Sending to region: 3
I/VCoreDaemon( 1173): 1333728572988: Sending PROC_REQUEST 11:3 (2,0)->(3,0)
I/VCoreDaemon( 1173): 1333728572988: Dispatching Atom PROC_REQUEST 11:3 (2,0)->(3,0)
I/Mux     ( 1173): 1333728572989: I got a CSM packet at a leader 
I/NetworkThread( 1173): 1333728572990: Sending UDP payload: 949
I/VCoreDaemon( 1173): 1333728572991: nonce 230 heard from src region (2,0)
I/StatusActivity( 1173): 1333728572991: StatusActivity sent request to get photos for region 3
I/NetworkThread( 1173): 1333728573333: Received UDP payload: 406
I/VCoreDaemon( 1173): 1333728573691: Retrying PROC_REQUEST 11:3 (2,0)->(3,0)
I/VCoreDaemon( 1173): 1333728573691: Dispatching Atom PROC_REQUEST 11:3 (2,0)->(3,0)
I/Mux     ( 1173): 1333728573692: I got a CSM packet at a leader 
I/NetworkThread( 1173): 1333728573693: Sending UDP payload: 949
I/VCoreDaemon( 1173): 1333728573694: nonce 231 heard from src region (2,0)
I/VCoreDaemon( 1173): 1333728573792: Retrying PROC_REQUEST 11:3 (2,0)->(3,0)
I/VCoreDaemon( 1173): 1333728573793: Dispatching Atom PROC_REQUEST 11:3 (2,0)->(3,0)
I/Mux     ( 1173): 1333728573793: I got a CSM packet at a leader 
I/NetworkThread( 1173): 1333728573804: Sending UDP payload: 949
I/VCoreDaemon( 1173): 1333728573806: nonce 232 heard from src region (2,0)
I/VCoreDaemon( 1173): 1333728573894: Retrying PROC_REQUEST 11:3 (2,0)->(3,0)
I/VCoreDaemon( 1173): 1333728573894: Dispatching Atom PROC_REQUEST 11:3 (2,0)->(3,0)
I/Mux     ( 1173): 1333728573895: I got a CSM packet at a leader 
I/NetworkThread( 1173): 1333728573906: Sending UDP payload: 949
I/VCoreDaemon( 1173): 1333728573909: nonce 233 heard from src region (2,0)
I/VCoreDaemon( 1173): 1333728573998: Retrying PROC_REQUEST 11:3 (2,0)->(3,0)
I/VCoreDaemon( 1173): 1333728573999: Dispatching Atom PROC_REQUEST 11:3 (2,0)->(3,0)
I/Mux     ( 1173): 1333728573999: I got a CSM packet at a leader 
I/NetworkThread( 1173): 1333728574001: Sending UDP payload: 949
I/VCoreDaemon( 1173): 1333728574011: nonce 234 heard from src region (2,0)
I/VCoreDaemon( 1173): 1333728574100: Retrying PROC_REQUEST 11:3 (2,0)->(3,0)
I/VCoreDaemon( 1173): 1333728574100: Dispatching Atom PROC_REQUEST 11:3 (2,0)->(3,0)
I/Mux     ( 1173): 1333728574101: I got a CSM packet at a leader 
I/NetworkThread( 1173): 1333728574102: Sending UDP payload: 949
I/VCoreDaemon( 1173): 1333728574109: nonce 235 heard from src region (2,0)
I/VCoreDaemon( 1173): 1333728574201: Retrying PROC_REQUEST 11:3 (2,0)->(3,0)
I/VCoreDaemon( 1173): 1333728574202: Dispatching Atom PROC_REQUEST 11:3 (2,0)->(3,0)
I/Mux     ( 1173): 1333728574202: I got a CSM packet at a leader 
I/NetworkThread( 1173): 1333728574204: Sending UDP payload: 949
I/VCoreDaemon( 1173): 1333728574209: nonce 236 heard from src region (2,0)
I/VCoreDaemon( 1173): 1333728574303: Retrying PROC_REQUEST 11:3 (2,0)->(3,0)
I/VCoreDaemon( 1173): 1333728574304: Dispatching Atom PROC_REQUEST 11:3 (2,0)->(3,0)
I/Mux     ( 1173): 1333728574304: I got a CSM packet at a leader 
I/NetworkThread( 1173): 1333728574306: Sending UDP payload: 949
I/VCoreDaemon( 1173): 1333728574308: nonce 237 heard from src region (2,0)
I/VCoreDaemon( 1173): 1333728574405: Retrying PROC_REQUEST 11:3 (2,0)->(3,0)
I/VCoreDaemon( 1173): 1333728574405: Dispatching Atom PROC_REQUEST 11:3 (2,0)->(3,0)
I/Mux     ( 1173): 1333728574406: I got a CSM packet at a leader 
I/NetworkThread( 1173): 1333728574407: Sending UDP payload: 949
I/VCoreDaemon( 1173): 1333728574409: nonce 238 heard from src region (2,0)
I/VCoreDaemon( 1173): 1333728574506: Retrying PROC_REQUEST 11:3 (2,0)->(3,0)
I/VCoreDaemon( 1173): 1333728574507: Dispatching Atom PROC_REQUEST 11:3 (2,0)->(3,0)
I/Mux     ( 1173): 1333728574508: I got a CSM packet at a leader 
I/NetworkThread( 1173): 1333728574509: Sending UDP payload: 949
I/VCoreDaemon( 1173): 1333728574510: nonce 239 heard from src region (2,0)
I/VCoreDaemon( 1173): 1333728574608: Retrying PROC_REQUEST 11:3 (2,0)->(3,0)
I/VCoreDaemon( 1173): 1333728574609: Dispatching Atom PROC_REQUEST 11:3 (2,0)->(3,0)
I/Mux     ( 1173): 1333728574609: I got a CSM packet at a leader 
I/NetworkThread( 1173): 1333728574611: Sending UDP payload: 949
I/VCoreDaemon( 1173): 1333728574612: nonce 240 heard from src region (2,0)
I/VCoreDaemon( 1173): 1333728574710: Retrying PROC_REQUEST 11:3 (2,0)->(3,0)
I/VCoreDaemon( 1173): 1333728574710: Dispatching Atom PROC_REQUEST 11:3 (2,0)->(3,0)
I/Mux     ( 1173): 1333728574711: I got a CSM packet at a leader 
I/NetworkThread( 1173): 1333728574713: Sending UDP payload: 949
I/VCoreDaemon( 1173): 1333728574715: nonce 241 heard from src region (2,0)
I/VCoreDaemon( 1173): 1333728574811: Retrying PROC_REQUEST 11:3 (2,0)->(3,0)
I/VCoreDaemon( 1173): 1333728574812: Dispatching Atom PROC_REQUEST 11:3 (2,0)->(3,0)
I/Mux     ( 1173): 1333728574812: I got a CSM packet at a leader 
I/NetworkThread( 1173): 1333728574814: Sending UDP payload: 949
I/VCoreDaemon( 1173): 1333728574815: nonce 242 heard from src region (2,0)
I/VCoreDaemon( 1173): 1333728574872: inside sendPacket(Packet p)
I/NetworkThread( 1173): 1333728574874: Sending UDP payload: 406
I/VCoreDaemon( 1173): 1333728574913: Retrying PROC_REQUEST 11:3 (2,0)->(3,0)
I/VCoreDaemon( 1173): 1333728574913: Dispatching Atom PROC_REQUEST 11:3 (2,0)->(3,0)
I/Mux     ( 1173): 1333728574914: I got a CSM packet at a leader 
I/NetworkThread( 1173): 1333728574915: Sending UDP payload: 949
I/VCoreDaemon( 1173): 1333728574918: nonce 243 heard from src region (2,0)
I/VCoreDaemon( 1173): 1333728575014: Retrying PROC_REQUEST 11:3 (2,0)->(3,0)
I/VCoreDaemon( 1173): 1333728575015: Dispatching Atom PROC_REQUEST 11:3 (2,0)->(3,0)
I/Mux     ( 1173): 1333728575016: I got a CSM packet at a leader 
I/NetworkThread( 1173): 1333728575017: Sending UDP payload: 949
I/VCoreDaemon( 1173): 1333728575018: nonce 244 heard from src region (2,0)
I/VCoreDaemon( 1173): 1333728575116: Request timed out, send failure PROC_REPLY 11:3 (3,0)->(2,0)
I/VCoreDaemon( 1173): 1333728575117: Dispatching Atom PROC_REPLY 11:3 (3,0)->(2,0)
I/Mux     ( 1173): 1333728575117: I got a CSM packet at a leader 
I/NetworkThread( 1173): 1333728575119: Sending UDP payload: 770
I/VCoreDaemon( 1173): 1333728575120: Received PROC_REPLY 11:3 (3,0)->(2,0), handing to UserApp
D/AudioHardware(   81): AudioHardware pcm playback is going to standby.
D/AudioHardware(   81): closePcmOut_l() mPcmOpenCnt: 1
I/StatusActivity( 1173): inside buttonsEnableProgressTimeoutR. Perhaps no one is in that region. Try again later!
I/StatusActivity( 1173): Inside _enableButtons
I/StatusActivity( 1173): areButtonsEnabled --> true
I/StatusActivity( 1173): takeNum=7 takeCamGood=7 takeGoodSave=7 takeBad=0 takeTimedout=0 getNum=14 getGood=2 getBad=1 getTimedout=11
W/InputManagerService(  149): Window already focused, ignoring focus gain of: com.android.internal.view.IInputMethodClient$Stub$Proxy@41729088
I/VCoreDaemon( 1173): 1333728579873: inside sendPacket(Packet p)
I/NetworkThread( 1173): 1333728579884: Sending UDP payload: 406
I/StatusActivity( 1173): 1333728581035: .......... GPS onLocationChanged ...... 
I/VCoreDaemon( 1173): 1333728581036: Loc = Location[mProvider=gps,mTime=1333814982000,mLatitude=42.36407870663917,mLongitude=-71.101336221717,mHasAltitude=true,mAltitude=-22.0,mHasSpeed=true,mSpeed=0.08149387,mHasBearing=true,mBearing=222.25174,mHasAccuracy=true,mAccuracy=10.0,mExtras=Bundle[mParcelledData.dataSize=4]] Previous Region = (2,0)
I/VCoreDaemon( 1173): 1333728581049: GPS x/long:-71.101336221717, GPS y/lat: 42.36407870663917. Region width in x: 51.96152422706632
I/VCoreDaemon( 1173): 1333728581050: location PINPOINTS to region = 2.0, previous 2
I/VCoreDaemon( 1173): 1333728581050: stay at region 2
D/dalvikvm( 1173): GC_CONCURRENT freed 1769K, 31% free 11096K/15879K, paused 2ms+16ms
I/VCoreDaemon( 1173): 1333728584856: leader to cloud hearbeat...
I/VNC:Cloud( 1173): Executing makeRequest: http://hermes5.csail.mit.edu:8212/take/2/0/5109/1333728584857/
I/NetworkThread( 1173): 1333728585086: Received UDP payload: 406
W/NetworkStats(  149): dropping UID delta from unknown iface: iface=wlan0 uid=10067 set=FOREGROUND tag=0x0 rxBytes=27119 rxPackets=28 txBytes=24406 txPackets=23 operations=0
I/NetworkThread( 1173): 1333728588090: Received UDP payload: 406
D/dalvikvm(  149): GC_CONCURRENT freed 856K, 13% free 12805K/14599K, paused 2ms+6ms
I/VNC:Cloud( 1173): makeRequest Execute HTTP latency: 3720ms
I/VNC:Cloud( 1173): makeRequest() Cloud response length: 93
I/VNC:Cloud( 1173): Request executed: http://hermes5.csail.mit.edu:8212/take/2/0/5109/1333728584857/
I/VCoreDaemon( 1173): 1333728588635: inside sendPacket(Packet p)
I/NetworkThread( 1173): 1333728588645: Sending UDP payload: 406
I/NetworkThread( 1173): 1333728590089: Received UDP payload: 406
I/VCoreDaemon( 1173): 1333728593647: inside sendPacket(Packet p)
I/NetworkThread( 1173): 1333728593656: Sending UDP payload: 406
W/NetworkStats(  149): dropping UID delta from unknown iface: iface=wlan0 uid=10067 set=FOREGROUND tag=0x0 rxBytes=1736 rxPackets=4 txBytes=868 txPackets=2 operations=0
I/NetworkThread( 1173): 1333728595089: Received UDP payload: 406
I/VCoreDaemon( 1173): 1333728598648: inside sendPacket(Packet p)
I/NetworkThread( 1173): 1333728598658: Sending UDP payload: 406
I/StatusActivity( 1173): 1333728600072: .......... GPS onLocationChanged ...... 
I/VCoreDaemon( 1173): 1333728600073: Loc = Location[mProvider=gps,mTime=1333815001000,mLatitude=42.36406648980358,mLongitude=-71.10132823849322,mHasAltitude=true,mAltitude=-23.0,mHasSpeed=true,mSpeed=0.0,mHasBearing=true,mBearing=136.38544,mHasAccuracy=true,mAccuracy=10.0,mExtras=Bundle[mParcelledData.dataSize=4]] Previous Region = (2,0)
I/VCoreDaemon( 1173): 1333728600073: GPS x/long:-71.10132823849322, GPS y/lat: 42.36406648980358. Region width in x: 51.96152422706632
I/VCoreDaemon( 1173): 1333728600073: location PINPOINTS to region = 2.0, previous 2
I/VCoreDaemon( 1173): 1333728600074: stay at region 2
I/NetworkThread( 1173): 1333728600090: Received UDP payload: 406
D/dalvikvm( 1268): GC_CONCURRENT freed 326K, 8% free 9931K/10695K, paused 5ms+3ms
I/VCoreDaemon( 1173): 1333728603658: inside sendPacket(Packet p)
I/NetworkThread( 1173): 1333728603667: Sending UDP payload: 406
I/NetworkThread( 1173): 1333728605119: Received UDP payload: 406
I/StatusActivity( 1173): 1333728606010: .......... GPS onLocationChanged ...... 
I/VCoreDaemon( 1173): 1333728606011: Loc = Location[mProvider=gps,mTime=1333815007000,mLatitude=42.36407845007717,mLongitude=-71.10132508985907,mHasAltitude=true,mAltitude=-23.0,mHasSpeed=true,mSpeed=0.1399041,mHasBearing=true,mBearing=24.24875,mHasAccuracy=true,mAccuracy=10.0,mExtras=Bundle[mParcelledData.dataSize=4]] Previous Region = (2,0)
I/VCoreDaemon( 1173): 1333728606012: GPS x/long:-71.10132508985907, GPS y/lat: 42.36407845007717. Region width in x: 51.96152422706632
I/VCoreDaemon( 1173): 1333728606012: location PINPOINTS to region = 2.0, previous 2
I/VCoreDaemon( 1173): 1333728606012: stay at region 2
I/StatusActivity( 1173): 1333728606250: canPressButton = TRUE
I/StatusActivity( 1173): 1333728606251: areButtonsEnabled --> false 
I/StatusActivity( 1173): 1333728606251: get picture disableButtonsR
I/StatusActivity( 1173): 1333728606259: areButtonsEnabled --> false
D/AudioHardware(   81): AudioHardware pcm playback is exiting standby.
D/AudioHardware(   81): openPcmOut_l() mPcmOpenCnt: 0
I/StatusActivity( 1173): 1333728606309: takeNum=7 takeCamGood=7 takeGoodSave=7 takeBad=0 takeTimedout=0 getNum=15 getGood=2 getBad=1 getTimedout=11
I/StatusActivity( 1173): 1333728606310: ** Clicked getphotos Button from region 5 **
I/StatusActivity( 1173): 1333728606310: I'm the Client, and I'm in region: 2 nodID = 5109
I/StatusActivity( 1173): 1333728606320: I'm a leader, my requesting photos packet going to mux directly
I/Mux     ( 1173): 1333728606321: Inside mux Packet.CLIENT_REQUEST
I/Mux     ( 1173): 1333728606321: I'm the leader of requesting client, about to process Packet.CLIENT_REQUEST in userApp
I/UserApp ( 1173): 1333728606321: UserApp handling MY region's client request, will send atom packet to REMOTE region's handleDSMRequest
I/UserApp ( 1173): 1333728606321: request is CLIENT_DOWNLOAD_PHOTO, figure out where (remote region) to forward packet
I/UserApp ( 1173): 1333728606322: Sending to region: 5
I/VCoreDaemon( 1173): 1333728606323: Sending PROC_REQUEST 11:2 (2,0)->(5,0)
I/VCoreDaemon( 1173): 1333728606323: Dispatching Atom PROC_REQUEST 11:2 (2,0)->(5,0)
I/Mux     ( 1173): 1333728606323: I got a CSM packet at a leader 
I/NetworkThread( 1173): 1333728606325: Sending UDP payload: 949
I/VCoreDaemon( 1173): 1333728606326: nonce 246 heard from src region (2,0)
I/StatusActivity( 1173): 1333728606365: StatusActivity sent request to get photos for region 5
I/VCoreDaemon( 1173): 1333728607044: Retrying PROC_REQUEST 11:2 (2,0)->(5,0)
I/VCoreDaemon( 1173): 1333728607044: Dispatching Atom PROC_REQUEST 11:2 (2,0)->(5,0)
I/Mux     ( 1173): 1333728607045: I got a CSM packet at a leader 
I/NetworkThread( 1173): 1333728607046: Sending UDP payload: 949
I/VCoreDaemon( 1173): 1333728607061: nonce 247 heard from src region (2,0)
I/VCoreDaemon( 1173): 1333728607146: Retrying PROC_REQUEST 11:2 (2,0)->(5,0)
I/VCoreDaemon( 1173): 1333728607154: Dispatching Atom PROC_REQUEST 11:2 (2,0)->(5,0)
I/Mux     ( 1173): 1333728607155: I got a CSM packet at a leader 
I/NetworkThread( 1173): 1333728607156: Sending UDP payload: 949
I/VCoreDaemon( 1173): 1333728607161: nonce 248 heard from src region (2,0)
I/VCoreDaemon( 1173): 1333728607257: Retrying PROC_REQUEST 11:2 (2,0)->(5,0)
I/VCoreDaemon( 1173): 1333728607258: Dispatching Atom PROC_REQUEST 11:2 (2,0)->(5,0)
I/Mux     ( 1173): 1333728607259: I got a CSM packet at a leader 
I/NetworkThread( 1173): 1333728607263: Sending UDP payload: 949
I/VCoreDaemon( 1173): 1333728607265: nonce 249 heard from src region (2,0)
I/VCoreDaemon( 1173): 1333728607359: Retrying PROC_REQUEST 11:2 (2,0)->(5,0)
I/VCoreDaemon( 1173): 1333728607360: Dispatching Atom PROC_REQUEST 11:2 (2,0)->(5,0)
I/Mux     ( 1173): 1333728607360: I got a CSM packet at a leader 
I/NetworkThread( 1173): 1333728607362: Sending UDP payload: 949
I/VCoreDaemon( 1173): 1333728607364: nonce 250 heard from src region (2,0)
I/VCoreDaemon( 1173): 1333728607461: Retrying PROC_REQUEST 11:2 (2,0)->(5,0)
I/VCoreDaemon( 1173): 1333728607462: Dispatching Atom PROC_REQUEST 11:2 (2,0)->(5,0)
I/Mux     ( 1173): 1333728607464: I got a CSM packet at a leader 
I/NetworkThread( 1173): 1333728607467: Sending UDP payload: 949
I/VCoreDaemon( 1173): 1333728607470: nonce 251 heard from src region (2,0)
I/VCoreDaemon( 1173): 1333728607569: Retrying PROC_REQUEST 11:2 (2,0)->(5,0)
I/VCoreDaemon( 1173): 1333728607570: Dispatching Atom PROC_REQUEST 11:2 (2,0)->(5,0)
I/Mux     ( 1173): 1333728607571: I got a CSM packet at a leader 
I/NetworkThread( 1173): 1333728607575: Sending UDP payload: 949
I/VCoreDaemon( 1173): 1333728607592: nonce 252 heard from src region (2,0)
I/VCoreDaemon( 1173): 1333728607671: Retrying PROC_REQUEST 11:2 (2,0)->(5,0)
I/VCoreDaemon( 1173): 1333728607672: Dispatching Atom PROC_REQUEST 11:2 (2,0)->(5,0)
I/Mux     ( 1173): 1333728607672: I got a CSM packet at a leader 
I/NetworkThread( 1173): 1333728607674: Sending UDP payload: 949
I/VCoreDaemon( 1173): 1333728607676: nonce 253 heard from src region (2,0)
I/VCoreDaemon( 1173): 1333728607773: Retrying PROC_REQUEST 11:2 (2,0)->(5,0)
I/VCoreDaemon( 1173): 1333728607774: Dispatching Atom PROC_REQUEST 11:2 (2,0)->(5,0)
I/Mux     ( 1173): 1333728607775: I got a CSM packet at a leader 
I/NetworkThread( 1173): 1333728607778: Sending UDP payload: 949
I/VCoreDaemon( 1173): 1333728607794: nonce 254 heard from src region (2,0)
I/VCoreDaemon( 1173): 1333728607890: Retrying PROC_REQUEST 11:2 (2,0)->(5,0)
I/VCoreDaemon( 1173): 1333728607891: Dispatching Atom PROC_REQUEST 11:2 (2,0)->(5,0)
I/Mux     ( 1173): 1333728607891: I got a CSM packet at a leader 
I/NetworkThread( 1173): 1333728607893: Sending UDP payload: 949
I/VCoreDaemon( 1173): 1333728607895: nonce 255 heard from src region (2,0)
I/VCoreDaemon( 1173): 1333728607992: Retrying PROC_REQUEST 11:2 (2,0)->(5,0)
I/VCoreDaemon( 1173): 1333728607992: Dispatching Atom PROC_REQUEST 11:2 (2,0)->(5,0)
I/Mux     ( 1173): 1333728607993: I got a CSM packet at a leader 
I/NetworkThread( 1173): 1333728607995: Sending UDP payload: 949
I/VCoreDaemon( 1173): 1333728607996: nonce 256 heard from src region (2,0)
I/StatusActivity( 1173): 1333728608039: .......... GPS onLocationChanged ...... 
I/VCoreDaemon( 1173): 1333728608041: Loc = Location[mProvider=gps,mTime=1333815009000,mLatitude=42.36408796830871,mLongitude=-71.1013291941277,mHasAltitude=true,mAltitude=-22.0,mHasSpeed=true,mSpeed=0.0,mHasBearing=true,mBearing=20.590649,mHasAccuracy=true,mAccuracy=10.0,mExtras=Bundle[mParcelledData.dataSize=4]] Previous Region = (2,0)
I/VCoreDaemon( 1173): 1333728608041: GPS x/long:-71.1013291941277, GPS y/lat: 42.36408796830871. Region width in x: 51.96152422706632
I/VCoreDaemon( 1173): 1333728608041: location PINPOINTS to region = 2.0, previous 2
I/VCoreDaemon( 1173): 1333728608041: stay at region 2
I/VCoreDaemon( 1173): 1333728608093: Retrying PROC_REQUEST 11:2 (2,0)->(5,0)
I/VCoreDaemon( 1173): 1333728608094: Dispatching Atom PROC_REQUEST 11:2 (2,0)->(5,0)
I/Mux     ( 1173): 1333728608094: I got a CSM packet at a leader 
I/NetworkThread( 1173): 1333728608098: Sending UDP payload: 949
I/VCoreDaemon( 1173): 1333728608099: nonce 257 heard from src region (2,0)
D/dalvikvm( 1173): GC_CONCURRENT freed 541K, 30% free 11134K/15879K, paused 2ms+3ms
I/VCoreDaemon( 1173): 1333728608195: Retrying PROC_REQUEST 11:2 (2,0)->(5,0)
I/VCoreDaemon( 1173): 1333728608195: Dispatching Atom PROC_REQUEST 11:2 (2,0)->(5,0)
I/Mux     ( 1173): 1333728608196: I got a CSM packet at a leader 
I/NetworkThread( 1173): 1333728608198: Sending UDP payload: 949
I/VCoreDaemon( 1173): 1333728608199: nonce 258 heard from src region (2,0)
I/VCoreDaemon( 1173): 1333728608295: Retrying PROC_REQUEST 11:2 (2,0)->(5,0)
I/VCoreDaemon( 1173): 1333728608296: Dispatching Atom PROC_REQUEST 11:2 (2,0)->(5,0)
I/Mux     ( 1173): 1333728608296: I got a CSM packet at a leader 
I/NetworkThread( 1173): 1333728608298: Sending UDP payload: 949
I/VCoreDaemon( 1173): 1333728608301: nonce 259 heard from src region (2,0)
I/VCoreDaemon( 1173): 1333728608397: Retrying PROC_REQUEST 11:2 (2,0)->(5,0)
I/VCoreDaemon( 1173): 1333728608398: Dispatching Atom PROC_REQUEST 11:2 (2,0)->(5,0)
I/Mux     ( 1173): 1333728608398: I got a CSM packet at a leader 
I/NetworkThread( 1173): 1333728608401: Sending UDP payload: 949
I/VCoreDaemon( 1173): 1333728608402: nonce 260 heard from src region (2,0)
I/VCoreDaemon( 1173): 1333728608499: Request timed out, send failure PROC_REPLY 11:2 (5,0)->(2,0)
I/VCoreDaemon( 1173): 1333728608500: Dispatching Atom PROC_REPLY 11:2 (5,0)->(2,0)
I/Mux     ( 1173): 1333728608501: I got a CSM packet at a leader 
I/NetworkThread( 1173): 1333728608505: Sending UDP payload: 770
I/VCoreDaemon( 1173): 1333728608508: Received PROC_REPLY 11:2 (5,0)->(2,0), handing to UserApp
I/NetworkThread( 1173): 1333728608539: Received UDP payload: 770
I/Mux     ( 1173): 1333728608560: GOT CSM_Msg
I/VCoreDaemon( 1173): 1333728608561: Received DUPLICATE PROC_REPLY 11:2 (5,0)->(2,0)
I/NetworkThread( 1173): 1333728608606: Received UDP payload: 770
I/Mux     ( 1173): 1333728608621: GOT CSM_Msg
I/VCoreDaemon( 1173): 1333728608622: Received DUPLICATE PROC_REPLY 11:2 (5,0)->(2,0)
I/VCoreDaemon( 1173): 1333728608659: inside sendPacket(Packet p)
I/NetworkThread( 1173): 1333728608660: Sending UDP payload: 406
D/AudioHardware(   81): AudioHardware pcm playback is going to standby.
D/AudioHardware(   81): closePcmOut_l() mPcmOpenCnt: 1
I/StatusActivity( 1173): inside buttonsEnableProgressTimeoutR. Perhaps no one is in that region. Try again later!
I/StatusActivity( 1173): Inside _enableButtons
I/StatusActivity( 1173): areButtonsEnabled --> true
I/StatusActivity( 1173): takeNum=7 takeCamGood=7 takeGoodSave=7 takeBad=0 takeTimedout=0 getNum=15 getGood=2 getBad=1 getTimedout=12
W/InputManagerService(  149): Window already focused, ignoring focus gain of: com.android.internal.view.IInputMethodClient$Stub$Proxy@415ce750
I/VCoreDaemon( 1173): 1333728613660: inside sendPacket(Packet p)
I/NetworkThread( 1173): 1333728613671: Sending UDP payload: 406
I/VCoreDaemon( 1173): 1333728618636: leader to cloud hearbeat...
I/VNC:Cloud( 1173): Executing makeRequest: http://hermes5.csail.mit.edu:8212/take/2/0/5109/1333728618637/
W/NetworkStats(  149): dropping UID delta from unknown iface: iface=wlan0 uid=10067 set=FOREGROUND tag=0x0 rxBytes=20087 rxPackets=25 txBytes=17189 txPackets=20 operations=0
I/StatusActivity( 1173): 1333728625032: .......... GPS onLocationChanged ...... 
I/VCoreDaemon( 1173): 1333728625033: Loc = Location[mProvider=gps,mTime=1333815026000,mLatitude=42.364098970391545,mLongitude=-71.10132364586126,mHasAltitude=true,mAltitude=-25.0,mHasSpeed=true,mSpeed=0.0,mHasBearing=true,mBearing=39.115482,mHasAccuracy=true,mAccuracy=10.0,mExtras=Bundle[mParcelledData.dataSize=4]] Previous Region = (2,0)
I/VCoreDaemon( 1173): 1333728625034: GPS x/long:-71.10132364586126, GPS y/lat: 42.364098970391545. Region width in x: 51.96152422706632
I/VCoreDaemon( 1173): 1333728625034: location PINPOINTS to region = 2.0, previous 2
I/VCoreDaemon( 1173): 1333728625044: stay at region 2
D/dalvikvm(  149): GC_CONCURRENT freed 832K, 13% free 12803K/14599K, paused 2ms+6ms
I/System.out( 1268): [INFO:126014]: c: Running flush
I/System.out( 1268): [INFO:126035]: c: Sending payload [bytes=538]
I/StatusActivity( 1173): 1333728635545: canPressButton = TRUE
I/StatusActivity( 1173): 1333728635545: areButtonsEnabled --> false
I/StatusActivity( 1173): 1333728635545: disabling buttons ...
I/StatusActivity( 1173): 1333728635546: took picture disableButtonsR
I/StatusActivity( 1173): 1333728635546: areButtonsEnabled --> false
D/AudioHardware(   81): AudioHardware pcm playback is exiting standby.
D/AudioHardware(   81): openPcmOut_l() mPcmOpenCnt: 0
I/StatusActivity( 1173): 1333728635592: takeNum=8 takeCamGood=7 takeGoodSave=7 takeBad=0 takeTimedout=0 getNum=15 getGood=2 getBad=1 getTimedout=12
I/StatusActivity( 1173): 1333728635592: ** Clicked take picture button **
I/CameraSurfaceView( 1173): inside getCamera()
I/CameraHardwareSec(   81): int android::CameraHardwareSec::previewThreadWrapper(): calling mSecCamera->stopPreview() and waiting
I/SecCamera(   81): int android::fimc_v4l2_querybuf(int, android::fimc_buffer*, v4l2_buf_type) :
I/SecCamera(   81): int android::fimc_v4l2_querybuf(int, android::fimc_buffer*, v4l2_buf_type): buffer->start = 0x43d9c000 v4l2_buf.length = 4261248
I/CameraHardwareSec(   81): == Camera Sensor Detect S5K4ECGX - Samsung LSI SOC 5M ==
D/JpegEncoder(   81): encode E
D/JpegEncoder(   81): encode X
D/SecCamera(   81): Shutter speed=690 us, iso=50
D/SecCamera(   81): AV=3, TV=11, SV=4
D/JpegEncoder(   81): makeExif E
D/JpegEncoder(   81): makeExif X
I/SecCamera(   81): int android::SecCamera::endSnapshot() :
I/SecCamera(   81): munmap():virt. addr 0x43d9c000 size = 4261248
D/dalvikvm( 1173): GC_FOR_ALLOC freed 415K, 31% free 11023K/15879K, paused 22ms
I/dalvikvm-heap( 1173): Grow heap (frag case) to 12.581MB for 1828342-byte allocation
D/dalvikvm( 1173): GC_CONCURRENT freed 17K, 20% free 12791K/15879K, paused 1ms+2ms
I/StatusActivity( 1173): 1333728636369: inside HandlePictureStorage onPictureTaken()
I/StatusActivity( 1173): 1333728636370: takeNum=8 takeCamGood=8 takeGoodSave=7 takeBad=0 takeTimedout=0 getNum=15 getGood=2 getBad=1 getTimedout=12
D/CameraHardwareSec(   81): mPreviewHeap(fd(31), size(518400), width(720), height(480))
I/CameraHardwareSec(   81): int android::CameraHardwareSec::previewThreadWrapper(): return from wait
I/StatusActivity( 1173): 1333728636816: Picture successfully taken, ORIG BYTE LENGTH = 1828326
D/dalvikvm( 1173): GC_EXPLICIT freed 2K, 20% free 12792K/15879K, paused 17ms+2ms
I/StatusActivity( 1173): 1333728637151: Our new height x width: 240 x 320
I/StatusActivity( 1173): 1333728637152: Show photo from handle my camera take
I/StatusActivity( 1173): 1333728637152: client making photo packet to send to leader for it to save
I/StatusActivity( 1173): 1333728637177: BYTE SIZE AFTER COMPRESSION: 4282
I/StatusActivity( 1173): 1333728637178: about to send my pic
I/StatusActivity( 1173): 1333728637178: I'm a leader, upload/save new photo packet going to mux directly
I/Mux     ( 1173): 1333728637178: Inside mux Packet.CLIENT_REQUEST
I/Mux     ( 1173): 1333728637178: I'm the leader of requesting client, about to process Packet.CLIENT_REQUEST in userApp
I/UserApp ( 1173): 1333728637179: UserApp handling MY region's client request, will send atom packet to REMOTE region's handleDSMRequest
I/UserApp ( 1173): 1333728637179: request is CLIENT_NEW_PHOTO, so send atom packet to myself (remote region = me)
I/VCoreDaemon( 1173): 1333728637179: Sending PROC_REQUEST 10:12 (2,0)->(2,0)
I/VCoreDaemon( 1173): 1333728637180: Dispatching Atom PROC_REQUEST 10:12 (2,0)->(2,0)
I/Mux     ( 1173): 1333728637180: I got a CSM packet at a leader 
I/NetworkThread( 1173): 1333728637182: Sending UDP payload: 5253
I/VCoreDaemon( 1173): 1333728637183: removed replies before id 12 from sentReplies of size 0
I/UserApp ( 1173): 1333728637185: Inside UPLOAD_PHOTO!!
I/StatusActivity( 1173): 1333728637185: end of client send picture method
I/UserApp ( 1173): 1333728637190: my_gpinfo.isSuccess is now (should be true): true
I/UserApp ( 1173): 1333728637190: Region leader successfully uploaded a new photo taken by a client in region. Region leader now display the new photo on its screen (through StatusActivity)
I/VCoreDaemon( 1173): 1333728637192: Received PROC_REQUEST 10:12 (2,0)->(2,0), replying PROC_REPLY 10:12 (2,0)->(2,0)
I/VCoreDaemon( 1173): 1333728637192: Dispatching Atom PROC_REPLY 10:12 (2,0)->(2,0)
I/Mux     ( 1173): 1333728637193: I got a CSM packet at a leader 
I/NetworkThread( 1173): 1333728637205: Sending UDP payload: 949
I/VCoreDaemon( 1173): 1333728637209: Received PROC_REPLY 10:12 (2,0)->(2,0), handing to UserApp
I/UserApp ( 1173): 1333728637209: Now back in orginitator region's leader, precssing handleDSMReply
I/UserApp ( 1173): 1333728637209: Going to and from remote region took latency = 30
I/UserApp ( 1173): 1333728637209: = orig leader sent packet at 1333728637179 ~ received reply at 1333728637209
I/UserApp ( 1173): 1333728637210: Originator Region=2 Leader (for Client=5109) processes remote region's dsm atom reply and will send Packet reply to Originator Client
I/UserApp ( 1173): 1333728637210: reply packet contains the ACK for UPLOAD_PHOTO
I/UserApp ( 1173): 1333728637210: I (the leader) was also the originator client (id = 5109) so I hand the packet to my mux directly, without UDP
I/StatusActivity( 1173): 1333728637247: inside Packet.SERVER_SHOW_NEWPHOTO. I'm a leader showing my nonleader/myself client's new photo
I/StatusActivity( 1173): 1333728637248: I'm a leader and I SUCCEEDED in saving my client's new photo
I/StatusActivity( 1173): 1333728637248: now showing in UI the new photo I just saved ... 
I/StatusActivity( 1173): 1333728637249: the photo length: 4282
D/dalvikvm( 1173): GC_EXPLICIT freed 2228K, 31% free 11019K/15879K, paused 3ms+3ms
I/StatusActivity( 1173): 1333728637308: inside Packet.CLIENT_UPLOAD_PHOTO_ACK
I/StatusActivity( 1173): 1333728637308: leader upload new photo latency = 130
I/StatusActivity( 1173): 1333728637309: = leader upload start 1333728637178 ~ stop 1333728637308
I/StatusActivity( 1173): 1333728637310: takeNum=8 takeCamGood=8 takeGoodSave=8 takeBad=0 takeTimedout=0 getNum=15 getGood=2 getBad=1 getTimedout=12
I/StatusActivity( 1173): 1333728637310: SUCCESS! Client now knows saving photo on its leader succeeded
I/StatusActivity( 1173): Inside _enableButtons
I/StatusActivity( 1173): areButtonsEnabled --> true
W/InputManagerService(  149): Window already focused, ignoring focus gain of: com.android.internal.view.IInputMethodClient$Stub$Proxy@415c4480
I/StatusActivity( 1173): 1333728638023: .......... GPS onLocationChanged ...... 
I/VCoreDaemon( 1173): 1333728638024: Loc = Location[mProvider=gps,mTime=1333815039000,mLatitude=42.36409777098326,mLongitude=-71.10134816718333,mHasAltitude=true,mAltitude=-22.0,mHasSpeed=true,mSpeed=0.0,mHasBearing=true,mBearing=341.2166,mHasAccuracy=true,mAccuracy=10.0,mExtras=Bundle[mParcelledData.dataSize=4]] Previous Region = (2,0)
I/VCoreDaemon( 1173): 1333728638025: GPS x/long:-71.10134816718333, GPS y/lat: 42.36409777098326. Region width in x: 51.96152422706632
I/VCoreDaemon( 1173): 1333728638025: location PINPOINTS to region = 2.0, previous 2
I/VCoreDaemon( 1173): 1333728638025: stay at region 2
D/dalvikvm( 1268): GC_CONCURRENT freed 336K, 7% free 10047K/10695K, paused 2ms+6ms
D/AudioHardware(   81): AudioHardware pcm playback is going to standby.
D/AudioHardware(   81): closePcmOut_l() mPcmOpenCnt: 1
I/StatusActivity( 1173): 1333728639041: .......... GPS onLocationChanged ...... 
I/VCoreDaemon( 1173): 1333728639043: Loc = Location[mProvider=gps,mTime=1333815040000,mLatitude=42.364094390923,mLongitude=-71.10137410641954,mHasAltitude=true,mAltitude=-22.0,mHasSpeed=true,mSpeed=0.31437588,mHasBearing=true,mBearing=277.51044,mHasAccuracy=true,mAccuracy=10.0,mExtras=Bundle[mParcelledData.dataSize=4]] Previous Region = (2,0)
I/VCoreDaemon( 1173): 1333728639044: GPS x/long:-71.10137410641954, GPS y/lat: 42.364094390923. Region width in x: 51.96152422706632
I/VCoreDaemon( 1173): 1333728639045: location PINPOINTS to region = 2.0, previous 2
I/VCoreDaemon( 1173): 1333728639045: stay at region 2
I/System.out( 1268): [INFO:131035]: c: Running delayed flush
I/System.out( 1268): [INFO:131045]: c: Running flush
I/StatusActivity( 1173): 1333728641017: .......... GPS onLocationChanged ...... 
I/VCoreDaemon( 1173): 1333728641018: Loc = Location[mProvider=gps,mTime=1333815042000,mLatitude=42.364082984705476,mLongitude=-71.10138477235463,mHasAltitude=true,mAltitude=-23.0,mHasSpeed=true,mSpeed=0.3459962,mHasBearing=true,mBearing=229.7226,mHasAccuracy=true,mAccuracy=10.0,mExtras=Bundle[mParcelledData.dataSize=4]] Previous Region = (2,0)
I/VCoreDaemon( 1173): 1333728641019: GPS x/long:-71.10138477235463, GPS y/lat: 42.364082984705476. Region width in x: 51.96152422706632
I/VCoreDaemon( 1173): 1333728641019: location PINPOINTS to region = 2.0, previous 2
I/VCoreDaemon( 1173): 1333728641019: stay at region 2
I/System.out( 1268): [INFO:133306]: c: Response [http=200,length=20]
I/System.out( 1268): [INFO:133307]: c: Read id 1, status code 200
W/NetworkStats(  149): dropping UID delta from unknown iface: iface=wlan0 uid=10067 set=FOREGROUND tag=0x0 rxBytes=6258 rxPackets=2 txBytes=6258 txPackets=2 operations=0
I/StatusActivity( 1173): 1333728664023: .......... GPS onLocationChanged ...... 
