--------- beginning of /dev/log/system
I/Vold    (   72): Vold 2.1 (the revenge) firing up
D/Vold    (   72): Volume sdcard state changing -1 (Initializing) -> 0 (No-Media)
D/Vold    (   72): Volume sdcard state changing 0 (No-Media) -> 2 (Pending)
E/DirectVolume(   72): Dv:partAdd: ignoring part_num = 4 (max: 3)
D/Vold    (   72): Volume sdcard state changing 2 (Pending) -> 1 (Idle-Unmounted)
W/Vold    (   72): Duplicate state (1)
W/Vold    (   72): Duplicate state (1)
W/Vold    (   72): Duplicate state (1)
W/Vold    (   72): Duplicate state (1)
I/SystemServer(  149): Entered the Android system server!
I/SystemServer(  149): Entropy Service
I/SystemServer(  149): Power Manager
I/SystemServer(  149): Activity Manager
I/ActivityManager(  149): Memory class: 48
I/SystemServer(  149): Telephony Registry
I/SystemServer(  149): Package Manager
W/PackageParser(  149): No actions in intent filter at /system/app/Bluetooth.apk Binary XML file line #125
W/PackageParser(  149): No actions in intent filter at /system/app/Contacts.apk Binary XML file line #525
W/PackageParser(  149): Unknown element under <manifest>: supports-gl-texture at /system/app/GoogleEarth.apk Binary XML file line #3
I/Installer(  149): connecting...
I/PackageParser(  149): com.googlecode.android.wifi.tether: compat added android.permission.WRITE_EXTERNAL_STORAGE android.permission.READ_PHONE_STATE
I/PackageManager(  149): Time to scan packages: 3.372 seconds
W/PackageManager(  149): Not granting permission android.permission.SEND_DOWNLOAD_COMPLETED_INTENTS to package com.google.android.browser (protectionLevel=2 flags=0x9be45)
W/PackageManager(  149): Unknown permission com.android.vending.permission.UPDATE_MARKET_FAILURE in package com.android.vending.updater
W/PackageManager(  149): Unknown permission android.permission.ADD_SYSTEM_SERVICE in package com.android.phone
W/PackageManager(  149): Unknown permission com.android.smspush.WAPPUSH_MANAGER_BIND in package com.android.phone
W/PackageManager(  149): Unknown permission com.android.vending.billing.IBillingAccountService.BIND2 in package com.google.android.gsf.login
W/PackageManager(  149): Not granting permission android.permission.DEVICE_POWER to package com.google.android.deskclock (protectionLevel=2 flags=0x8be45)
W/PackageManager(  149): Unknown permission android.permission.READ_OWNER_DATA in package com.google.android.setupwizard
W/PackageManager(  149): Unknown permission android.permission.WRITE_OWNER_DATA in package com.google.android.setupwizard
W/PackageManager(  149): Not granting permission com.google.android.gm.permission.READ_GMAIL to package com.google.android.apps.uploader (protectionLevel=2 flags=0x8be45)
W/PackageManager(  149): Unknown permission android.permission.READ_EXTERNAL_STORAGE in package com.android.vending
W/PackageManager(  149): Not granting permission android.permission.SEND_DOWNLOAD_COMPLETED_INTENTS to package com.android.vending (protectionLevel=2 flags=0xabec5)
W/PackageManager(  149): Not granting permission android.permission.ACCOUNT_MANAGER to package com.google.android.music (protectionLevel=2 flags=0x8be65)
W/PackageManager(  149): Unknown permission com.android.providers.im.permission.READ_ONLY in package com.google.android.apps.maps
W/PackageManager(  149): Unknown permission android.permission.READ_EXTERNAL_STORAGE in package com.google.android.videoeditor
W/PackageManager(  149): Unknown permission com.google.android.apps.googlevoice.REMOTE_INTENT in package com.google.android.apps.googlevoice
W/PackageManager(  149): Unknown permission com.google.android.permission.RECEIVE_DATA_MESSAGE in package com.google.android.apps.googlevoice
W/PackageManager(  149): Unknown permission com.google.android.permission.SEND_DATA_MESSAGE in package com.google.android.apps.googlevoice
I/SystemServer(  149): Account Manager
I/SystemServer(  149): Content Manager
I/SystemServer(  149): System Content Providers
I/SystemServer(  149): Lights Service
I/SystemServer(  149): Battery Service
I/SystemServer(  149): Vibrator Service
I/SystemServer(  149): Alarm Manager
I/SystemServer(  149): Init Watchdog
I/SystemServer(  149): Window Manager
I/InputManager(  149): Initializing input manager
W/StatusBarManager(  149): warning: no STATUS_BAR_SERVICE
I/InputManager(  149): Starting input manager
I/SystemServer(  149): Bluetooth Service
I/SystemServer(  149): Input Method Service
W/InputManagerService(  149): Couldn't create dir.: /data/system/inputmethod
I/SystemServer(  149): Accessibility Manager
I/ActivityManager(  149): Config changed: {1.0 0mcc0mnc en_US layoutdir=0 sw320dp w320dp h508dp nrml long port ?uimode ?night finger -keyb/v/h -nav/h s.2}
I/SystemServer(  149): Device Policy
I/SystemServer(  149): Status Bar
I/SystemServer(  149): Clipboard Service
I/SystemServer(  149): NetworkManagement Service
I/SystemServer(  149): Text Service Manager Service
I/SystemServer(  149): NetworkStats Service
I/SystemServer(  149): NetworkPolicy Service
I/SystemServer(  149): Wi-Fi P2pService
I/SystemServer(  149): Wi-Fi Service
I/SystemServer(  149): Connectivity Service
D/ConnectivityService(  149): ConnectivityService starting up
E/ConnectivityService(  149): Ignoring protectedNetwork 10
E/ConnectivityService(  149): Ignoring protectedNetwork 11
E/ConnectivityService(  149): Ignoring protectedNetwork 12
E/MobileDataStateTracker(  149): default: Ignoring feature request because could not acquire PhoneService
E/MobileDataStateTracker(  149): default: Could not enable APN type "default"
D/NetworkManagementService(  149): Registering observer
D/NetworkManagementService(  149): Registering observer
I/WifiService(  149): WifiService starting up with Wi-Fi disabled
I/SystemServer(  149): Throttle Service
I/SystemServer(  149): Mount Service
D/MountService(  149): got storage path: /mnt/sdcard description: USB storage primary: true removable: false emulated: false mtpReserve: 0 allowMassStorage: true maxFileSize: 4294967296
I/SystemServer(  149): Notification Manager
I/SystemServer(  149): Device Storage Monitor
I/SystemServer(  149): Location Manager
I/SystemServer(  149): Country Detector
I/SystemServer(  149): Search Service
I/SystemServer(  149): DropBox Service
I/SystemServer(  149): Wallpaper Service
I/SystemServer(  149): Audio Service
D/VoldCmdListener(   72): volume list
D/MountService(  149): volume state changed for /mnt/sdcard (null -> unmounted)
I/SystemServer(  149): Dock Observer
I/SystemServer(  149): Wired Accessory Observer
I/SystemServer(  149): USB Service
I/SystemServer(  149): UI Mode Manager Service
I/SystemServer(  149): Backup Service
V/BackupManagerService(  149): Initializing package tracking
V/BackupManagerService(  149): No ancestral data
V/BackupManagerService(  149): addPackageParticipantsLocked: null
I/BackupManagerService(  149): New app android never backed up; scheduling
I/BackupManagerService(  149): New app com.android.nfc never backed up; scheduling
I/BackupManagerService(  149): New app com.android.providers.settings never backed up; scheduling
I/BackupManagerService(  149): New app com.android.providers.userdictionary never backed up; scheduling
I/BackupManagerService(  149): New app com.android.sharedstoragebackup never backed up; scheduling
I/BackupManagerService(  149): New app com.android.vending never backed up; scheduling
I/BackupManagerService(  149): New app com.google.android.browser never backed up; scheduling
I/BackupManagerService(  149): New app com.google.android.calendar never backed up; scheduling
I/BackupManagerService(  149): New app com.google.android.gm never backed up; scheduling
I/BackupManagerService(  149): New app com.google.android.inputmethod.latin never backed up; scheduling
I/BackupManagerService(  149): New app org.connectbot never backed up; scheduling
V/BackupManagerService(  149): Registering transport android/com.android.internal.backup.LocalTransport = com.android.internal.backup.LocalTransport@414b9fd0
V/BackupManagerService(  149): Starting with transport com.google.android.backup/.BackupTransportService
V/BackupManagerService(  149): Binding to Google transport
I/BackupManagerService(  149): Found stale backup journal, scheduling
I/BackupManagerService(  149):   android
I/BackupManagerService(  149):   com.android.nfc
I/BackupManagerService(  149):   com.android.providers.settings
I/BackupManagerService(  149):   com.android.providers.userdictionary
I/BackupManagerService(  149):   com.android.sharedstoragebackup
I/BackupManagerService(  149):   com.android.vending
I/BackupManagerService(  149):   com.google.android.browser
I/BackupManagerService(  149):   com.google.android.calendar
I/BackupManagerService(  149):   com.google.android.gm
I/BackupManagerService(  149):   com.google.android.inputmethod.latin
I/BackupManagerService(  149):   org.connectbot
I/BackupManagerService(  149): Backup enabled => false
I/BackupManagerService(  149): Opting out of backup
I/SystemServer(  149): AppWidget Service
I/SystemServer(  149): Recognition Service
I/SystemServer(  149): DiskStats Service
I/SystemServer(  149): SamplingProfiler Service
I/SystemServer(  149): NetworkTimeUpdateService
D/PowerManagerService(  149): system ready!
I/ActivityManager(  149): System now ready
I/SystemServer(  149): Making services ready
D/SystemServer(  149): Starting service: Intent { cmp=com.android.systemui/.SystemUIService }
I/ActivityManager(  149): Start proc com.android.systemui for service com.android.systemui/.SystemUIService: pid=219 uid=1000 gids={1015, 3002, 3001, 3003, 3007}
D/NetworkManagementService(  149): enabling bandwidth control
D/SystemUIService(  219): loading: class com.android.systemui.statusbar.phone.PhoneStatusBar
D/SystemUIService(  219): running: com.android.systemui.statusbar.phone.PhoneStatusBar@41347238
D/NetworkManagementService(  149): Registering observer
D/NetworkManagementService(  149): Registering observer
I/ActivityManager(  149): Config changed: {1.0 0mcc0mnc en_US layoutdir=0 sw320dp w320dp h508dp nrml long port finger -keyb/v/h -nav/h s.3}
I/ActivityManager(  149): Start proc android.process.media for broadcast com.android.providers.media/.UsbReceiver: pid=266 uid=10014 gids={1015, 1023, 1024, 2001, 3003, 3007}
I/StatusBarManagerService(  149): registerStatusBar bar=com.android.internal.statusbar.IStatusBar$Stub$Proxy@414396c0
D/PhoneStatusBar(  219): disable: < expand icons alerts ticker system_info BACK* HOME* RECENT* CLOCK* >
D/StorageNotification(  219): Startup with UMS connection false (media state unmounted)
D/SystemUIService(  219): loading: class com.android.systemui.power.PowerUI
D/SystemUIService(  219): running: com.android.systemui.power.PowerUI@4132e2f0
I/StorageNotification(  219): UMS connection changed to false (media state unmounted)
I/ActivityManager(  149): Start proc com.android.wallpaper for service com.android.wallpaper/.nexus.NexusWallpaper: pid=280 uid=10030 gids={1006}
W/InputManagerService(  149): Ignoring setImeWindowStatus of uid 1000 token: null
I/ActivityManager(  149): Start proc com.google.android.inputmethod.latin for service com.google.android.inputmethod.latin/com.android.inputmethod.latin.LatinIME: pid=293 uid=10028 gids={}
D/NetworkManagementService(  149): Registering observer
W/ThrottleService(  149): unable to find stats for iface rmnet0
I/ActivityManager(  149): Start proc com.android.phone for added application com.android.phone: pid=314 uid=1001 gids={3002, 3001, 3003, 1015}
I/ActivityManager(  149): Start proc com.android.nfc for added application com.android.nfc: pid=330 uid=1027 gids={3002, 3001}
I/ActivityManager(  149): START {act=android.intent.action.MAIN cat=[android.intent.category.HOME] flg=0x10000000 cmp=com.android.launcher/com.android.launcher2.Launcher} from pid 0
I/ActivityManager(  149): Start proc com.android.launcher for activity com.android.launcher/com.android.launcher2.Launcher: pid=342 uid=10029 gids={}
D/WifiService(  149): New client listening to asynchronous messages
I/ActivityManager(  149): Start proc com.google.android.inputmethod.latin.dictionarypack for content provider com.google.android.inputmethod.latin.dictionarypack/.DictionaryProvider: pid=386 uid=10027 gids={3003, 1015}
W/ActivityManager(  149): Unable to start service Intent { act=com.android.internal.telephony.IWapPushManager }: not found
I/ActivityManager(  149): Start proc android.process.acore for content provider com.android.providers.userdictionary/.UserDictionaryProvider: pid=399 uid=10000 gids={3003, 1015}
W/ActivityManager(  149): Unable to start service Intent { act=com.android.ussd.IExtendedNetworkService }: not found
I/ActivityManager(  149): Start proc com.google.process.gapps for service com.google.android.location/.NetworkLocationService: pid=458 uid=10011 gids={3003, 1015, 1007, 2001, 3006}
I/ActivityManager(  149): Start proc com.android.contacts for broadcast com.android.contacts/.calllog.CallLogReceiver: pid=470 uid=10000 gids={3003, 1015}
I/StorageNotification(  219): UMS connection changed to false (media state unmounted)
V/BackupManagerService(  149): Connected to Google transport
V/BackupManagerService(  149): Registering transport com.google.android.backup/.BackupTransportService = com.google.android.backup.BackupTransportService$1@41690b60
D/PowerManagerService(  149): bootCompleted
V/DevicePolicyManagerService(  149): Sending password expiration notifications for action android.intent.action.BOOT_COMPLETED
D/VoldCmdListener(   72): volume mount /mnt/sdcard
I/Vold    (   72): /dev/block/vold/179:3 being considered for volume sdcard
D/Vold    (   72): Volume sdcard state changing 1 (Idle-Unmounted) -> 3 (Checking)
D/MountService(  149): volume state changed for /mnt/sdcard (unmounted -> checking)
I/StorageNotification(  219): Media {/mnt/sdcard} state changed from {unmounted} -> {checking}
D/MountService(  149): sendStorageIntent Intent { act=android.intent.action.MEDIA_CHECKING dat=file:///mnt/sdcard (has extras) }
V/WiredAccessoryObserver(  149): init()
W/WiredAccessoryObserver(  149): This kernel does not have wired headset support
W/WiredAccessoryObserver(  149): This kernel does not have wired headset support
I/ActivityManager(  149): Start proc com.android.providers.calendar for broadcast com.android.providers.calendar/.CalendarReceiver: pid=516 uid=10007 gids={3003, 1015}
I/ActivityManager(  149): Start proc com.google.android.deskclock for broadcast com.google.android.deskclock/com.android.deskclock.AlarmInitReceiver: pid=540 uid=10013 gids={}
I/WifiService(  149): WifiService trying to set country code to us with persist set to true
I/ActivityManager(  149): Config changed: {1.0 310mcc260mnc en_US layoutdir=0 sw320dp w320dp h508dp nrml long port finger -keyb/v/h -nav/h s.4}
I/ActivityManager(  149): Start proc com.google.android.email for broadcast com.google.android.email/com.android.email.service.EmailBroadcastReceiver: pid=563 uid=10015 gids={3003, 1015}
I/ActivityManager(  149): Start proc com.google.android.exchange for service com.google.android.exchange/com.android.exchange.ExchangeService: pid=581 uid=10016 gids={3003, 1015}
I/ActivityManager(  149): Start proc com.google.android.apps.genie.geniewidget for broadcast com.google.android.apps.genie.geniewidget/.miniwidget.MiniWidgetProvider: pid=599 uid=10018 gids={3003, 1015}
I/ActivityManager(  149): Start proc com.google.android.gm for broadcast com.google.android.gm/.MailIntentReceiver: pid=617 uid=10019 gids={3003, 1015}
I/ActivityManager(  149): Start proc com.google.android.partnersetup for broadcast com.google.android.partnersetup/.GooglePartnerSetup: pid=633 uid=10022 gids={3003}
I/ActivityManager(  149): Start proc com.google.android.gsf.login for service com.google.android.gsf.login/com.google.android.gsf.loginservice.GoogleLoginService: pid=646 uid=10011 gids={3003, 1015, 1007, 2001, 3006}
I/ActivityManager(  149): Start proc com.google.android.apps.maps:FriendService for broadcast com.google.android.apps.maps/com.google.googlenav.friend.android.ServiceReceiver: pid=679 uid=10032 gids={3003, 1015}
I/ActivityManager(  149): START {flg=0x10000000 cmp=com.google.android.gsf/.update.SystemUpdateInstallDialog} from pid 458
I/ActivityManager(  149): Start proc com.google.android.apps.maps:NetworkLocationService for service com.google.android.apps.maps/com.google.android.location.internal.server.NetworkLocationService: pid=701 uid=10032 gids={3003, 1015}
I/ActivityManager(  149): Start proc com.android.mms for broadcast com.android.mms/.transaction.MmsSystemEventReceiver: pid=714 uid=10036 gids={3003, 1015}
D/CountryDetectorService(  149): The first listener is added
W/ActivityManager(  149): Permission Denial: receiving Intent { act=android.intent.action.BOOT_COMPLETED flg=0x10 } to com.android.musicfx requires android.permission.RECEIVE_BOOT_COMPLETED due to sender null (uid 1000)
I/ActivityManager(  149): Start proc com.google.android.onetimeinitializer for broadcast com.google.android.onetimeinitializer/.OneTimeInitializerReceiver: pid=739 uid=10040 gids={}
I/ActivityManager(  149): Start proc com.google.android.talk for broadcast com.google.android.talk/.videochat.BootCompleteReceiver: pid=753 uid=10050 gids={3003, 1015, 1006, 3002}
D/ConnectivityService(  149): handleInetConditionChange: no active default network - ignore
I/ActivityManager(  149): Start proc com.google.android.videos for broadcast com.google.android.videos/com.google.android.youtube.videos.transfer.VideoDownloadService$BootReceiver: pid=779 uid=10053 gids={3003, 1015}
I/ActivityManager(  149): Start proc com.android.voicedialer for broadcast com.android.voicedialer/.VoiceDialerReceiver: pid=806 uid=10055 gids={3002}
W/ActivityManager(  149): Permission Denial: receiving Intent { act=android.intent.action.BOOT_COMPLETED flg=0x10 } to com.google.android.youtube requires android.permission.RECEIVE_BOOT_COMPLETED due to sender null (uid 1000)
W/ActivityManager(  149): Permission Denial: receiving Intent { act=android.intent.action.BOOT_COMPLETED flg=0x10 } to com.google.android.youtube requires android.permission.RECEIVE_BOOT_COMPLETED due to sender null (uid 1000)
I/ActivityManager(  149): Start proc com.google.android.apps.googlevoice for broadcast com.google.android.apps.googlevoice/.BootUpReceiver: pid=818 uid=10058 gids={3003, 1015}
I/ActivityManager(  149): Start proc com.android.settings for broadcast com.android.settings/.widget.SettingsAppWidgetProvider: pid=834 uid=1000 gids={1015, 3002, 3001, 3003, 3007}
I/ActivityManager(  149): START {flg=0x10000000 cmp=com.google.android.gsf/.update.SystemUpdateDownloadDialog} from pid 458
I/ActivityManager(  149): Start proc com.android.vending for broadcast com.android.vending/.MarketWidgetProvider: pid=849 uid=10043 gids={3003, 1015}
I/ActivityManager(  149): No longer want com.google.android.inputmethod.latin.dictionarypack (pid 386): hidden #16
I/ActivityManager(  149): No longer want com.android.contacts (pid 470): hidden #16
I/ActivityManager(  149): No longer want com.google.android.exchange (pid 581): hidden #16
I/ActivityManager(  149): Start proc com.google.android.apps.maps:LocationFriendService for broadcast com.google.android.apps.maps/com.google.googlenav.friend.reporting.LocationReportingIntentReceiver: pid=883 uid=10032 gids={3003, 1015}
I/ActivityManager(  149): No longer want com.google.android.apps.genie.geniewidget (pid 599): hidden #16
I/ActivityManager(  149): Start proc com.google.android.calendar for broadcast com.google.android.calendar/com.android.calendar.widget.CalendarAppWidgetService$CalendarFactory: pid=897 uid=10006 gids={3003}
I/ActivityManager(  149): No longer want com.google.android.partnersetup (pid 633): hidden #16
I/ActivityManager(  149): Start proc com.google.android.music:main for broadcast com.google.android.music/.store.MediaStoreImportService$Receiver: pid=917 uid=10037 gids={3003, 1015}
I/ActivityManager(  149): No longer want com.google.android.gsf.login (pid 646): hidden #16
I/ActivityManager(  149): No longer want com.google.android.email (pid 563): hidden #16
I/ActivityManager(  149): No longer want com.android.mms (pid 714): hidden #16
D/CountryDetectorService(  149): No listener is left
I/ActivityManager(  149): No longer want com.google.android.onetimeinitializer (pid 739): hidden #16
D/ConnectivityService(  149): ConnectivityChange for mobile: CONNECTED/CONNECTED
I/Vold    (   72): Filesystem check completed OK
I/Vold    (   72): Device /dev/block/vold/179:3, target /mnt/sdcard mounted @ /mnt/secure/staging
D/Vold    (   72): Volume sdcard state changing 3 (Checking) -> 4 (Mounted)
D/MountService(  149): volume state changed for /mnt/sdcard (checking -> mounted)
I/StorageNotification(  219): Media {/mnt/sdcard} state changed from {checking} -> {mounted}
D/MountService(  149): sendStorageIntent Intent { act=android.intent.action.MEDIA_MOUNTED dat=file:///mnt/sdcard (has extras) }
I/ActivityManager(  149): Start proc com.google.android.apps.uploader for broadcast com.google.android.apps.uploader/.ConnectivityBroadcastReceiver: pid=942 uid=10034 gids={3003}
D/VoldCmdListener(   72): asec list
W/PackageManager(  149): Not granting permission android.permission.SEND_DOWNLOAD_COMPLETED_INTENTS to package com.google.android.browser (protectionLevel=2 flags=0x9be45)
W/PackageManager(  149): Unknown permission com.android.vending.permission.UPDATE_MARKET_FAILURE in package com.android.vending.updater
W/PackageManager(  149): Unknown permission android.permission.ADD_SYSTEM_SERVICE in package com.android.phone
W/PackageManager(  149): Unknown permission com.android.smspush.WAPPUSH_MANAGER_BIND in package com.android.phone
W/PackageManager(  149): Unknown permission com.android.vending.billing.IBillingAccountService.BIND2 in package com.google.android.gsf.login
W/PackageManager(  149): Not granting permission android.permission.DEVICE_POWER to package com.google.android.deskclock (protectionLevel=2 flags=0x8be45)
W/PackageManager(  149): Unknown permission android.permission.READ_OWNER_DATA in package com.google.android.setupwizard
W/PackageManager(  149): Unknown permission android.permission.WRITE_OWNER_DATA in package com.google.android.setupwizard
W/PackageManager(  149): Not granting permission com.google.android.gm.permission.READ_GMAIL to package com.google.android.apps.uploader (protectionLevel=2 flags=0x8be45)
W/PackageManager(  149): Unknown permission android.permission.READ_EXTERNAL_STORAGE in package com.android.vending
W/PackageManager(  149): Not granting permission android.permission.SEND_DOWNLOAD_COMPLETED_INTENTS to package com.android.vending (protectionLevel=2 flags=0xabec5)
W/PackageManager(  149): Not granting permission android.permission.ACCOUNT_MANAGER to package com.google.android.music (protectionLevel=2 flags=0x8be65)
W/PackageManager(  149): Unknown permission com.android.providers.im.permission.READ_ONLY in package com.google.android.apps.maps
W/PackageManager(  149): Unknown permission android.permission.READ_EXTERNAL_STORAGE in package com.google.android.videoeditor
W/PackageManager(  149): Unknown permission com.google.android.apps.googlevoice.REMOTE_INTENT in package com.google.android.apps.googlevoice
W/PackageManager(  149): Unknown permission com.google.android.permission.RECEIVE_DATA_MESSAGE in package com.google.android.apps.googlevoice
W/PackageManager(  149): Unknown permission com.google.android.permission.SEND_DATA_MESSAGE in package com.google.android.apps.googlevoice
I/ActivityManager(  149): Start proc com.google.android.apps.plus for broadcast com.google.android.apps.plus/.service.PackagesMediaMonitor: pid=957 uid=10044 gids={3003, 1015, 1006}
I/ActivityManager(  149): No longer want com.google.android.videos (pid 779): hidden #16
I/ActivityManager(  149): No longer want com.android.voicedialer (pid 806): hidden #16
D/PhoneStatusBar(  219): disable: < expand icons alerts ticker system_info BACK HOME recent* CLOCK >
D/PhoneStatusBar(  219): disable: < expand icons alerts ticker system_info back* home* recent clock* >
D/ConnectivityService(  149): handleInetConditionHoldEnd: net=0, condition=100, published condition=0
I/ActivityManager(  149): START {act=android.intent.action.MAIN cat=[android.intent.category.LAUNCHER] flg=0x10200000 cmp=net.szym.barnacle/.StatusActivity} from pid 342
I/ActivityManager(  149): Start proc net.szym.barnacle for activity net.szym.barnacle/.StatusActivity: pid=994 uid=10065 gids={3003}
I/ActivityManager(  149): Start proc com.googlecode.android.wifi.tether for broadcast com.googlecode.android.wifi.tether/.WifiStateChangeReceiver: pid=1011 uid=10063 gids={3003, 3001, 3002, 1015}
I/ActivityManager(  149): No longer want com.google.android.apps.googlevoice (pid 818): hidden #16
W/InputManagerService(  149): Starting input on non-focused client com.android.internal.view.IInputMethodClient$Stub$Proxy@41488338 (uid=10029 pid=342)
D/NetworkManagementService(  149): rsp <213 00:90:4c:11:22:33 0.0.0.0 0 [down broadcast multicast]>
D/NetworkManagementService(  149): flags <[down broadcast multicast]>
D/ConnectivityService(  149): ConnectivityChange for WIFI: DISCONNECTED/DISCONNECTED
D/ConnectivityService(  149): Attempting to switch to mobile
D/ConnectivityService(  149): Attempting to switch to BLUETOOTH_TETHER
D/NetlinkEvent(   75): Unexpected netlink message. type=0x11
E/ActivityManager(  149): Activity Manager Crash
E/ActivityManager(  149): java.lang.IllegalArgumentException: Unknown URI type: 7
E/ActivityManager(  149): 	at android.net.Uri$1.createFromParcel(Uri.java:1734)
E/ActivityManager(  149): 	at android.net.Uri$1.createFromParcel(Uri.java:1723)
E/ActivityManager(  149): 	at android.content.Intent.readFromParcel(Intent.java:6131)
E/ActivityManager(  149): 	at android.content.Intent.<init>(Intent.java:6126)
E/ActivityManager(  149): 	at android.content.Intent.readFromParcel(Intent.java:6153)
E/ActivityManager(  149): 	at android.content.Intent.<init>(Intent.java:6126)
E/ActivityManager(  149): 	at android.content.Intent$1.createFromParcel(Intent.java:6117)
E/ActivityManager(  149): 	at android.content.Intent$1.createFromParcel(Intent.java:6115)
E/ActivityManager(  149): 	at android.app.ActivityManagerNative.onTransact(ActivityManagerNative.java:298)
E/ActivityManager(  149): 	at com.android.server.am.ActivityManagerService.onTransact(ActivityManagerService.java:1545)
E/ActivityManager(  149): 	at android.os.Binder.execTransact(Binder.java:338)
E/ActivityManager(  149): 	at dalvik.system.NativeStart.run(Native Method)
D/NetworkPolicy(  149): applying policy NetworkPolicy[NetworkTemplate: matchRule=MOBILE_ALL, subscriberId=valid]: cycleDay=15, warningBytes=2147483648, limitBytes=-1, lastSnooze=-1 to ifaces [rmnet0]
D/NetworkPolicy(  149): applying policy NetworkPolicy[NetworkTemplate: matchRule=MOBILE_ALL, subscriberId=valid]: cycleDay=15, warningBytes=2147483648, limitBytes=-1, lastSnooze=-1 to ifaces [rmnet0]
D/NetworkPolicy(  149): applying policy NetworkPolicy[NetworkTemplate: matchRule=MOBILE_ALL, subscriberId=valid]: cycleDay=15, warningBytes=2147483648, limitBytes=-1, lastSnooze=-1 to ifaces [rmnet0]
D/ConnectivityService(  149): handleInetConditionHoldEnd: net=0, condition=100, published condition=100
I/ActivityManager(  149): START {act=android.intent.action.MAIN cat=[android.intent.category.HOME] flg=0x10200000 cmp=com.android.launcher/com.android.launcher2.Launcher} from pid 149
W/InputManagerService(  149): Starting input on non-focused client com.android.internal.view.IInputMethodClient$Stub$Proxy@4168d130 (uid=10065 pid=994)
D/PhoneStatusBar(  219): disable: < expand icons alerts ticker system_info back home RECENT* clock >
D/PhoneStatusBar(  219): disable: < expand icons alerts ticker system_info BACK* HOME* RECENT CLOCK* >
I/WindowManager(  149): Lock screen displayed!
I/WindowManager(  149): Lock screen displayed!
D/PhoneStatusBar(  219): disable: < expand icons alerts ticker system_info BACK HOME recent* CLOCK >
W/InputManagerService(  149): Window already focused, ignoring focus gain of: com.android.internal.view.IInputMethodClient$Stub$Proxy@413d3ad8
D/PhoneStatusBar(  219): disable: < expand icons alerts ticker system_info back* home* recent clock* >
I/ActivityManager(  149): START {act=android.intent.action.MAIN cat=[android.intent.category.LAUNCHER] flg=0x10200000 cmp=edu.mit.csail.diplomamatrix/.StatusActivity} from pid 342
I/ActivityManager(  149): Start proc edu.mit.csail.diplomamatrix for activity edu.mit.csail.diplomamatrix/.StatusActivity: pid=1076 uid=10067 gids={1006, 1015, 3003}
W/InputManagerService(  149): Starting input on non-focused client com.android.internal.view.IInputMethodClient$Stub$Proxy@41488338 (uid=10029 pid=342)
W/InputManagerService(  149): Starting input on non-focused client com.android.internal.view.IInputMethodClient$Stub$Proxy@4145f680 (uid=10067 pid=1076)
I/ActivityManager(  149): No longer want com.google.android.gm (pid 617): hidden #16
I/WindowManager(  149): WIN DEATH: Window{416e9928 edu.mit.csail.diplomamatrix/edu.mit.csail.diplomamatrix.StatusActivity paused=false}
I/ActivityManager(  149): Process edu.mit.csail.diplomamatrix (pid 1076) has died.
W/WindowManager(  149): Force-removing child win Window{41571470 SurfaceView paused=false} from container Window{416e9928 edu.mit.csail.diplomamatrix/edu.mit.csail.diplomamatrix.StatusActivity paused=false}
W/WindowManager(  149): Failed looking up window
W/WindowManager(  149): java.lang.IllegalArgumentException: Requested window android.os.BinderProxy@41563d10 does not exist
W/WindowManager(  149): 	at com.android.server.wm.WindowManagerService.windowForClientLocked(WindowManagerService.java:7156)
W/WindowManager(  149): 	at com.android.server.wm.WindowManagerService.windowForClientLocked(WindowManagerService.java:7147)
W/WindowManager(  149): 	at com.android.server.wm.WindowState$DeathRecipient.binderDied(WindowState.java:1529)
W/WindowManager(  149): 	at android.os.BinderProxy.sendDeathNotice(Binder.java:417)
W/WindowManager(  149): 	at dalvik.system.NativeStart.run(Native Method)
I/WindowManager(  149): WIN DEATH: null
I/ActivityManager(  149): START {act=android.intent.action.MAIN cat=[android.intent.category.APP_MARKET] flg=0x10000000 cmp=com.android.vending/.AssetBrowserActivity} from pid 342
I/ActivityManager(  149): Start proc com.google.android.gsf.login for service com.google.android.gsf.login/com.google.android.gsf.loginservice.GoogleLoginService: pid=1113 uid=10011 gids={3003, 1015, 1007, 2001, 3006}
W/InputManagerService(  149): Starting input on non-focused client com.android.internal.view.IInputMethodClient$Stub$Proxy@41488338 (uid=10029 pid=342)
I/ActivityManager(  149): START {flg=0x80000 cmp=com.google.android.gsf.login/.AccountIntroActivity (has extras)} from pid 849
I/ActivityManager(  149): START {cmp=com.google.android.gsf.login/.AccountIntroUIActivity (has extras)} from pid 1113
W/ActivityManager(  149): Activity destroy timeout for ActivityRecord{417971f8 edu.mit.csail.diplomamatrix/.StatusActivity}
I/ActivityManager(  149): START {cmp=com.google.android.gsf.login/.LoginActivity (has extras)} from pid 1113
I/ActivityManager(  149): START {cmp=com.google.android.gsf.login/.UsernamePasswordActivity (has extras)} from pid 1113
I/ActivityManager(  149): START {act=android.intent.action.MAIN cat=[android.intent.category.HOME] flg=0x10200000 cmp=com.android.launcher/com.android.launcher2.Launcher} from pid 149
I/ActivityManager(  149): START {act=android.intent.action.MAIN cat=[android.intent.category.HOME] flg=0x10200000 cmp=com.android.launcher/com.android.launcher2.Launcher} from pid 149
W/InputManagerService(  149): Starting input on non-focused client com.android.internal.view.IInputMethodClient$Stub$Proxy@417922a8 (uid=10011 pid=1113)
I/ActivityManager(  149): START {act=android.intent.action.MAIN cat=[android.intent.category.LAUNCHER] flg=0x10200000 cmp=edu.mit.csail.diplomamatrix/.StatusActivity} from pid 342
I/ActivityManager(  149): Start proc edu.mit.csail.diplomamatrix for activity edu.mit.csail.diplomamatrix/.StatusActivity: pid=1141 uid=10067 gids={1006, 1015, 3003}
W/InputManagerService(  149): Starting input on non-focused client com.android.internal.view.IInputMethodClient$Stub$Proxy@41488338 (uid=10029 pid=342)
W/InputManagerService(  149): Starting input on non-focused client com.android.internal.view.IInputMethodClient$Stub$Proxy@414bdcf0 (uid=10067 pid=1141)
I/ActivityManager(  149): No longer want com.google.android.deskclock (pid 540): hidden #16
I/ActivityManager(  149): Process edu.mit.csail.diplomamatrix (pid 1141) has died.
I/WindowManager(  149): WIN DEATH: Window{415a0508 edu.mit.csail.diplomamatrix/edu.mit.csail.diplomamatrix.StatusActivity paused=false}
W/WindowManager(  149): Force-removing child win Window{416f7b68 SurfaceView paused=false} from container Window{415a0508 edu.mit.csail.diplomamatrix/edu.mit.csail.diplomamatrix.StatusActivity paused=false}
W/ActivityManager(  149): Activity destroy timeout for ActivityRecord{416caa18 edu.mit.csail.diplomamatrix/.StatusActivity}
I/ActivityManager(  149): START {act=android.intent.action.MAIN cat=[android.intent.category.LAUNCHER] flg=0x10200000 cmp=edu.mit.csail.diplomamatrix/.StatusActivity} from pid 342
I/ActivityManager(  149): Start proc edu.mit.csail.diplomamatrix for activity edu.mit.csail.diplomamatrix/.StatusActivity: pid=1173 uid=10067 gids={1006, 1015, 3003}
W/InputManagerService(  149): Starting input on non-focused client com.android.internal.view.IInputMethodClient$Stub$Proxy@41488338 (uid=10029 pid=342)
W/InputManagerService(  149): Window already focused, ignoring focus gain of: com.android.internal.view.IInputMethodClient$Stub$Proxy@41739c88
W/InputManagerService(  149): Window already focused, ignoring focus gain of: com.android.internal.view.IInputMethodClient$Stub$Proxy@41799b00
W/InputManagerService(  149): Window already focused, ignoring focus gain of: com.android.internal.view.IInputMethodClient$Stub$Proxy@416f1978
W/InputManagerService(  149): Window already focused, ignoring focus gain of: com.android.internal.view.IInputMethodClient$Stub$Proxy@4169e980
W/InputManagerService(  149): Window already focused, ignoring focus gain of: com.android.internal.view.IInputMethodClient$Stub$Proxy@4168c538
W/InputManagerService(  149): Window already focused, ignoring focus gain of: com.android.internal.view.IInputMethodClient$Stub$Proxy@4132fce8
W/InputManagerService(  149): Window already focused, ignoring focus gain of: com.android.internal.view.IInputMethodClient$Stub$Proxy@416e9a70
W/InputManagerService(  149): Window already focused, ignoring focus gain of: com.android.internal.view.IInputMethodClient$Stub$Proxy@41736238
W/InputManagerService(  149): Window already focused, ignoring focus gain of: com.android.internal.view.IInputMethodClient$Stub$Proxy@416a5d00
W/InputManagerService(  149): Window already focused, ignoring focus gain of: com.android.internal.view.IInputMethodClient$Stub$Proxy@41796390
W/InputManagerService(  149): Window already focused, ignoring focus gain of: com.android.internal.view.IInputMethodClient$Stub$Proxy@416ac4f8
W/InputManagerService(  149): Window already focused, ignoring focus gain of: com.android.internal.view.IInputMethodClient$Stub$Proxy@416a86e8
W/InputManagerService(  149): Window already focused, ignoring focus gain of: com.android.internal.view.IInputMethodClient$Stub$Proxy@41586980
W/InputManagerService(  149): Window already focused, ignoring focus gain of: com.android.internal.view.IInputMethodClient$Stub$Proxy@416fe540
W/InputManagerService(  149): Window already focused, ignoring focus gain of: com.android.internal.view.IInputMethodClient$Stub$Proxy@417515f8
W/InputManagerService(  149): Window already focused, ignoring focus gain of: com.android.internal.view.IInputMethodClient$Stub$Proxy@415cb980
I/ActivityManager(  149): Start proc com.google.android.apps.maps for service com.google.android.apps.maps/com.google.googlenav.prefetch.android.PrefetcherService: pid=1240 uid=10032 gids={3003, 1015}
--------- beginning of /dev/log/main
D/dalvikvm( 1173): GC_CONCURRENT freed 700K, 26% free 11865K/15879K, paused 2ms+3ms
I/StatusActivity( 1173): 1333728491017: .......... GPS onLocationChanged ...... 
I/VCoreDaemon( 1173): 1333728491018: Loc = Location[mProvider=gps,mTime=1333814892000,mLatitude=42.36388407034846,mLongitude=-71.10128595276808,mHasAltitude=true,mAltitude=-22.0,mHasSpeed=true,mSpeed=1.574775,mHasBearing=true,mBearing=213.60953,mHasAccuracy=true,mAccuracy=15.0,mExtras=Bundle[mParcelledData.dataSize=4]] Previous Region = (2,0)
I/VCoreDaemon( 1173): 1333728491018: GPS x/long:-71.10128595276808, GPS y/lat: 42.36388407034846. Region width in x: 51.96152422706632
I/VCoreDaemon( 1173): 1333728491018: location PINPOINTS to region = 2.0, previous 2
I/VCoreDaemon( 1173): 1333728491018: stay at region 2
D/dalvikvm( 1173): GC_FOR_ALLOC freed 767K, 27% free 11744K/15879K, paused 34ms
I/StatusActivity( 1173): 1333728492001: .......... GPS onLocationChanged ...... 
I/VCoreDaemon( 1173): 1333728492012: Loc = Location[mProvider=gps,mTime=1333814893000,mLatitude=42.36390889033184,mLongitude=-71.1012944977476,mHasAltitude=true,mAltitude=-23.0,mHasSpeed=true,mSpeed=1.4925845,mHasBearing=true,mBearing=213.68546,mHasAccuracy=true,mAccuracy=15.0,mExtras=Bundle[mParcelledData.dataSize=4]] Previous Region = (2,0)
I/VCoreDaemon( 1173): 1333728492013: GPS x/long:-71.1012944977476, GPS y/lat: 42.36390889033184. Region width in x: 51.96152422706632
I/VCoreDaemon( 1173): 1333728492013: location PINPOINTS to region = 2.0, previous 2
I/VCoreDaemon( 1173): 1333728492013: stay at region 2
D/dalvikvm( 1173): GC_FOR_ALLOC freed 269K, 25% free 12059K/15879K, paused 23ms
D/dalvikvm( 1173): GC_CONCURRENT freed 806K, 24% free 12217K/15879K, paused 2ms+3ms
I/NetworkThread( 1173): 1333728492839: Received UDP payload: 406
I/NetworkThread( 1173): 1333728492909: Received UDP payload: 949
I/Mux     ( 1173): 1333728492932: GOT CSM_Msg
I/VCoreDaemon( 1173): 1333728492933: nonce 417 heard from src region (0,0)
I/VCoreDaemon( 1173): 1333728492933: Forwarding Atom because it's closer.
I/Mux     ( 1173): 1333728492933: I got a CSM packet at a leader 
I/NetworkThread( 1173): 1333728492935: Sending UDP payload: 949
I/VCoreDaemon( 1173): 1333728492941: nonce 417 heard from src region (0,0)
I/VCoreDaemon( 1173): 1333728492941: Received Atom already forwarded, ignoring...
D/dalvikvm( 1173): GC_CONCURRENT freed 1496K, 27% free 11746K/15879K, paused 2ms+2ms
I/NetworkThread( 1173): 1333728493074: Received UDP payload: 949
I/Mux     ( 1173): 1333728493088: GOT CSM_Msg
I/VCoreDaemon( 1173): 1333728493088: nonce 420 heard from src region (0,0)
I/VCoreDaemon( 1173): 1333728493089: Forwarding Atom because it's closer.
I/Mux     ( 1173): 1333728493089: I got a CSM packet at a leader 
I/NetworkThread( 1173): 1333728493090: Sending UDP payload: 949
I/VCoreDaemon( 1173): 1333728493091: nonce 420 heard from src region (0,0)
I/VCoreDaemon( 1173): 1333728493091: Received Atom already forwarded, ignoring...
I/StatusActivity( 1173): 1333728493091: .......... GPS onLocationChanged ...... 
I/VCoreDaemon( 1173): 1333728493093: Loc = Location[mProvider=gps,mTime=1333814894000,mLatitude=42.36392394971129,mLongitude=-71.10129681242873,mHasAltitude=true,mAltitude=-23.0,mHasSpeed=true,mSpeed=0.0,mHasBearing=true,mBearing=213.14635,mHasAccuracy=true,mAccuracy=15.0,mExtras=Bundle[mParcelledData.dataSize=4]] Previous Region = (2,0)
I/VCoreDaemon( 1173): 1333728493093: GPS x/long:-71.10129681242873, GPS y/lat: 42.36392394971129. Region width in x: 51.96152422706632
I/VCoreDaemon( 1173): 1333728493093: location PINPOINTS to region = 2.0, previous 2
I/VCoreDaemon( 1173): 1333728493094: stay at region 2
D/dalvikvm( 1173): GC_FOR_ALLOC freed 1025K, 29% free 11396K/15879K, paused 21ms
I/NetworkThread( 1173): 1333728493490: Received UDP payload: 949
I/Mux     ( 1173): 1333728493531: GOT CSM_Msg
I/VCoreDaemon( 1173): 1333728493532: nonce 424 heard from src region (0,0)
I/VCoreDaemon( 1173): 1333728493532: Forwarding Atom because it's closer.
I/Mux     ( 1173): 1333728493532: I got a CSM packet at a leader 
I/NetworkThread( 1173): 1333728493537: Sending UDP payload: 949
I/VCoreDaemon( 1173): 1333728493538: nonce 424 heard from src region (0,0)
I/VCoreDaemon( 1173): 1333728493538: Received Atom already forwarded, ignoring...
D/dalvikvm( 1173): GC_FOR_ALLOC freed 388K, 27% free 11669K/15879K, paused 30ms
D/dalvikvm( 1173): GC_CONCURRENT freed 804K, 27% free 11710K/15879K, paused 2ms+2ms
I/NetworkThread( 1173): 1333728494219: Received UDP payload: 770
I/Mux     ( 1173): 1333728494298: GOT CSM_Msg
I/VCoreDaemon( 1173): 1333728494299: nonce 431 heard from src region (5,0)
I/VCoreDaemon( 1173): 1333728494299: Forwarding Atom because it's closer.
I/Mux     ( 1173): 1333728494299: I got a CSM packet at a leader 
I/NetworkThread( 1173): 1333728494300: Sending UDP payload: 770
I/VCoreDaemon( 1173): 1333728494302: nonce 431 heard from src region (5,0)
I/VCoreDaemon( 1173): 1333728494302: Received Atom already forwarded, ignoring...
D/dalvikvm( 1173): GC_CONCURRENT freed 1052K, 28% free 11496K/15879K, paused 2ms+2ms
I/StatusActivity( 1173): 1333728494444: canPressButton = TRUE
I/StatusActivity( 1173): 1333728494445: areButtonsEnabled --> false 
I/StatusActivity( 1173): 1333728494445: get picture disableButtonsR
I/StatusActivity( 1173): 1333728494445: areButtonsEnabled --> false
D/AudioHardware(   81): AudioHardware pcm playback is exiting standby.
D/AudioHardware(   81): openPcmOut_l() mPcmOpenCnt: 0
I/StatusActivity( 1173): 1333728494480: takeNum=7 takeCamGood=7 takeGoodSave=7 takeBad=0 takeTimedout=0 getNum=10 getGood=1 getBad=1 getTimedout=7
I/StatusActivity( 1173): 1333728494481: ** Clicked getphotos Button from region 0 **
I/StatusActivity( 1173): 1333728494481: I'm the Client, and I'm in region: 2 nodID = 5109
I/StatusActivity( 1173): 1333728494482: I'm a leader, my requesting photos packet going to mux directly
I/Mux     ( 1173): 1333728494483: Inside mux Packet.CLIENT_REQUEST
I/Mux     ( 1173): 1333728494483: I'm the leader of requesting client, about to process Packet.CLIENT_REQUEST in userApp
I/UserApp ( 1173): 1333728494483: UserApp handling MY region's client request, will send atom packet to REMOTE region's handleDSMRequest
I/UserApp ( 1173): 1333728494483: request is CLIENT_DOWNLOAD_PHOTO, figure out where (remote region) to forward packet
I/UserApp ( 1173): 1333728494484: Sending to region: 0
I/VCoreDaemon( 1173): 1333728494485: Sending PROC_REQUEST 11:1 (2,0)->(0,0)
I/VCoreDaemon( 1173): 1333728494485: Dispatching Atom PROC_REQUEST 11:1 (2,0)->(0,0)
I/Mux     ( 1173): 1333728494486: I got a CSM packet at a leader 
I/NetworkThread( 1173): 1333728494487: Sending UDP payload: 949
I/VCoreDaemon( 1173): 1333728494488: nonce 172 heard from src region (2,0)
I/StatusActivity( 1173): 1333728494489: StatusActivity sent request to get photos for region 0
I/NetworkThread( 1173): 1333728494579: Received UDP payload: 949
I/Mux     ( 1173): 1333728494583: GOT CSM_Msg
I/VCoreDaemon( 1173): 1333728494584: nonce 172 heard from src region (2,0)
D/dalvikvm( 1173): GC_CONCURRENT freed 620K, 27% free 11604K/15879K, paused 4ms+2ms
W/NetworkStats(  149): dropping UID delta from unknown iface: iface=wlan0 uid=10067 set=FOREGROUND tag=0x0 rxBytes=10280 rxPackets=12 txBytes=5140 txPackets=6 operations=0
I/VCoreDaemon( 1173): 1333728495162: inside sendPacket(Packet p)
I/NetworkThread( 1173): 1333728495163: Sending UDP payload: 406
I/NetworkThread( 1173): 1333728495247: Received UDP payload: 949
I/Mux     ( 1173): 1333728495252: GOT CSM_Msg
I/VCoreDaemon( 1173): 1333728495253: nonce 435 heard from src region (0,0)
I/VCoreDaemon( 1173): 1333728495253: Forwarding Atom because it's closer.
I/Mux     ( 1173): 1333728495253: I got a CSM packet at a leader 
I/NetworkThread( 1173): 1333728495254: Sending UDP payload: 949
I/VCoreDaemon( 1173): 1333728495255: Retrying PROC_REQUEST 11:1 (2,0)->(0,0)
I/VCoreDaemon( 1173): 1333728495256: Dispatching Atom PROC_REQUEST 11:1 (2,0)->(0,0)
I/VCoreDaemon( 1173): 1333728495257: nonce 435 heard from src region (0,0)
I/VCoreDaemon( 1173): 1333728495257: Received Atom already forwarded, ignoring...
I/Mux     ( 1173): 1333728495257: I got a CSM packet at a leader 
I/NetworkThread( 1173): 1333728495258: Sending UDP payload: 949
D/dalvikvm( 1173): GC_CONCURRENT freed 1265K, 30% free 11172K/15879K, paused 2ms+14ms
I/VCoreDaemon( 1173): 1333728495279: nonce 173 heard from src region (2,0)
I/NetworkThread( 1173): 1333728495307: Received UDP payload: 949
I/Mux     ( 1173): 1333728495314: GOT CSM_Msg
I/VCoreDaemon( 1173): 1333728495315: nonce 173 heard from src region (2,0)
I/VCoreDaemon( 1173): 1333728495357: Retrying PROC_REQUEST 11:1 (2,0)->(0,0)
I/VCoreDaemon( 1173): 1333728495357: Dispatching Atom PROC_REQUEST 11:1 (2,0)->(0,0)
I/Mux     ( 1173): 1333728495358: I got a CSM packet at a leader 
I/NetworkThread( 1173): 1333728495359: Sending UDP payload: 949
I/VCoreDaemon( 1173): 1333728495360: nonce 174 heard from src region (2,0)
D/dalvikvm( 1173): GC_CONCURRENT freed 448K, 29% free 11407K/15879K, paused 2ms+3ms
I/NetworkThread( 1173): 1333728495427: Received UDP payload: 949
I/Mux     ( 1173): 1333728495433: GOT CSM_Msg
I/VCoreDaemon( 1173): 1333728495439: nonce 174 heard from src region (2,0)
I/NetworkThread( 1173): 1333728495442: Received UDP payload: 949
I/Mux     ( 1173): 1333728495452: GOT CSM_Msg
I/VCoreDaemon( 1173): 1333728495452: nonce 141 heard from src region (1,0)
I/VCoreDaemon( 1173): 1333728495452: Forwarding Atom because it's closer.
I/Mux     ( 1173): 1333728495452: I got a CSM packet at a leader 
I/NetworkThread( 1173): 1333728495453: Sending UDP payload: 949
I/VCoreDaemon( 1173): 1333728495454: nonce 141 heard from src region (1,0)
I/VCoreDaemon( 1173): 1333728495454: Received Atom already forwarded, ignoring...
I/VCoreDaemon( 1173): 1333728495458: Retrying PROC_REQUEST 11:1 (2,0)->(0,0)
I/VCoreDaemon( 1173): 1333728495459: Dispatching Atom PROC_REQUEST 11:1 (2,0)->(0,0)
I/Mux     ( 1173): 1333728495459: I got a CSM packet at a leader 
I/NetworkThread( 1173): 1333728495460: Sending UDP payload: 949
I/VCoreDaemon( 1173): 1333728495461: nonce 175 heard from src region (2,0)
I/NetworkThread( 1173): 1333728495511: Received UDP payload: 949
D/dalvikvm( 1173): GC_CONCURRENT freed 791K, 29% free 11412K/15879K, paused 2ms+12ms
I/Mux     ( 1173): 1333728495521: GOT CSM_Msg
I/VCoreDaemon( 1173): 1333728495521: nonce 175 heard from src region (2,0)
I/VCoreDaemon( 1173): 1333728495560: Retrying PROC_REQUEST 11:1 (2,0)->(0,0)
I/VCoreDaemon( 1173): 1333728495560: Dispatching Atom PROC_REQUEST 11:1 (2,0)->(0,0)
I/Mux     ( 1173): 1333728495561: I got a CSM packet at a leader 
I/NetworkThread( 1173): 1333728495562: Sending UDP payload: 949
I/VCoreDaemon( 1173): 1333728495563: nonce 176 heard from src region (2,0)
I/NetworkThread( 1173): 1333728495611: Received UDP payload: 949
I/Mux     ( 1173): 1333728495618: GOT CSM_Msg
I/VCoreDaemon( 1173): 1333728495618: nonce 176 heard from src region (2,0)
I/NetworkThread( 1173): 1333728495651: Received UDP payload: 949
I/Mux     ( 1173): 1333728495655: GOT CSM_Msg
I/VCoreDaemon( 1173): 1333728495655: nonce 441 heard from src region (0,0)
I/VCoreDaemon( 1173): 1333728495655: Forwarding Atom because it's closer.
I/Mux     ( 1173): 1333728495655: I got a CSM packet at a leader 
I/NetworkThread( 1173): 1333728495656: Sending UDP payload: 949
I/VCoreDaemon( 1173): 1333728495657: nonce 441 heard from src region (0,0)
I/VCoreDaemon( 1173): 1333728495657: Received Atom already forwarded, ignoring...
D/dalvikvm( 1173): GC_CONCURRENT freed 783K, 29% free 11402K/15879K, paused 3ms+4ms
I/VCoreDaemon( 1173): 1333728495661: Retrying PROC_REQUEST 11:1 (2,0)->(0,0)
I/VCoreDaemon( 1173): 1333728495662: Dispatching Atom PROC_REQUEST 11:1 (2,0)->(0,0)
I/Mux     ( 1173): 1333728495664: I got a CSM packet at a leader 
I/NetworkThread( 1173): 1333728495665: Sending UDP payload: 949
I/VCoreDaemon( 1173): 1333728495680: nonce 177 heard from src region (2,0)
I/NetworkThread( 1173): 1333728495732: Received UDP payload: 949
I/Mux     ( 1173): 1333728495748: GOT CSM_Msg
I/VCoreDaemon( 1173): 1333728495748: nonce 177 heard from src region (2,0)
I/VCoreDaemon( 1173): 1333728495763: Retrying PROC_REQUEST 11:1 (2,0)->(0,0)
I/VCoreDaemon( 1173): 1333728495763: Dispatching Atom PROC_REQUEST 11:1 (2,0)->(0,0)
I/Mux     ( 1173): 1333728495764: I got a CSM packet at a leader 
I/NetworkThread( 1173): 1333728495765: Sending UDP payload: 949
I/VCoreDaemon( 1173): 1333728495766: nonce 178 heard from src region (2,0)
D/dalvikvm( 1173): GC_CONCURRENT freed 669K, 28% free 11496K/15879K, paused 1ms+3ms
I/NetworkThread( 1173): 1333728495831: Received UDP payload: 949
I/Mux     ( 1173): 1333728495847: GOT CSM_Msg
I/VCoreDaemon( 1173): 1333728495848: nonce 178 heard from src region (2,0)
I/VCoreDaemon( 1173): 1333728495867: Retrying PROC_REQUEST 11:1 (2,0)->(0,0)
I/VCoreDaemon( 1173): 1333728495873: Dispatching Atom PROC_REQUEST 11:1 (2,0)->(0,0)
I/Mux     ( 1173): 1333728495873: I got a CSM packet at a leader 
I/NetworkThread( 1173): 1333728495875: Sending UDP payload: 949
I/VCoreDaemon( 1173): 1333728495879: nonce 179 heard from src region (2,0)
I/NetworkThread( 1173): 1333728495919: Received UDP payload: 949
I/Mux     ( 1173): 1333728495923: GOT CSM_Msg
I/VCoreDaemon( 1173): 1333728495923: nonce 179 heard from src region (2,0)
D/dalvikvm( 1173): GC_CONCURRENT freed 899K, 29% free 11396K/15879K, paused 2ms+3ms
I/VCoreDaemon( 1173): 1333728495977: Retrying PROC_REQUEST 11:1 (2,0)->(0,0)
I/VCoreDaemon( 1173): 1333728495977: Dispatching Atom PROC_REQUEST 11:1 (2,0)->(0,0)
I/Mux     ( 1173): 1333728495977: I got a CSM packet at a leader 
I/NetworkThread( 1173): 1333728495979: Sending UDP payload: 949
I/VCoreDaemon( 1173): 1333728495980: nonce 180 heard from src region (2,0)
I/NetworkThread( 1173): 1333728496045: Received UDP payload: 949
I/Mux     ( 1173): 1333728496048: GOT CSM_Msg
