I/CameraCloud( 1008): 1333728306145: Server request to url: http://hermes5.csail.mit.edu:8213/102/0/0/
I/CameraCloud( 1008): 1333728306148: Cloud server request length: 12
I/CameraCloud( 1008): 1333728306149: about to execute HTTP POST
I/CameraCloud( 1008): 1333728306149: in serverRequest() about to httpclient.execute()
D/AudioHardware(   82): AudioHardware pcm playback is going to standby.
D/AudioHardware(   82): closePcmOut_l() mPcmOpenCnt: 1
D/dalvikvm(  152): GC_CONCURRENT freed 917K, 13% free 12491K/14343K, paused 12ms+6ms
I/InputDispatcher(  152): Application is not responding: Window{41773d00 edu.mit.haoqili.camera_cloud/edu.mit.haoqili.camera_cloud.CameraCloud paused=false}.  5005.3ms since event, 5004.8ms since wait started
I/WindowManager(  152): Input event dispatching timed out sending to edu.mit.haoqili.camera_cloud/edu.mit.haoqili.camera_cloud.CameraCloud
I/Process (  152): Sending signal. PID: 1008 SIG: 3
I/dalvikvm( 1008): threadid=3: reacting to signal 3
I/dalvikvm( 1008): Wrote stack traces to '/data/anr/traces.txt'
I/Process (  152): Sending signal. PID: 152 SIG: 3
I/dalvikvm(  152): threadid=3: reacting to signal 3
I/dalvikvm(  152): Wrote stack traces to '/data/anr/traces.txt'
I/Process (  152): Sending signal. PID: 315 SIG: 3
I/dalvikvm(  315): threadid=3: reacting to signal 3
I/dalvikvm(  315): Wrote stack traces to '/data/anr/traces.txt'
I/Process (  152): Sending signal. PID: 219 SIG: 3
I/dalvikvm(  219): threadid=3: reacting to signal 3
I/dalvikvm(  219): Wrote stack traces to '/data/anr/traces.txt'
I/Process (  152): Sending signal. PID: 329 SIG: 3
I/dalvikvm(  329): threadid=3: reacting to signal 3
I/dalvikvm(  329): Wrote stack traces to '/data/anr/traces.txt'
D/dalvikvm(  152): GC_CONCURRENT freed 725K, 12% free 12647K/14343K, paused 2ms+6ms
D/dalvikvm(  152): GC_EXPLICIT freed 192K, 12% free 12636K/14343K, paused 3ms+13ms
E/ActivityManager(  152): ANR in edu.mit.haoqili.camera_cloud (edu.mit.haoqili.camera_cloud/.CameraCloud)
E/ActivityManager(  152): Reason: keyDispatchingTimedOut
E/ActivityManager(  152): Load: 0.03 / 0.17 / 0.18
E/ActivityManager(  152): CPU usage from 16047ms to 0ms ago with 99% awake:
E/ActivityManager(  152):   54% 82/mediaserver: 52% user + 1.2% kernel
E/ActivityManager(  152):   13% 79/surfaceflinger: 4.4% user + 9.5% kernel
E/ActivityManager(  152):   3.2% 87/gpsd: 2.8% user + 0.3% kernel
E/ActivityManager(  152):   1% 152/system_server: 0.7% user + 0.3% kernel / faults: 2 minor
E/ActivityManager(  152):   1% 1128/kworker/0:0: 0% user + 1% kernel
E/ActivityManager(  152):   0.6% 5/kworker/u:0: 0% user + 0.6% kernel
E/ActivityManager(  152):   0.6% 57/kworker/u:2: 0% user + 0.6% kernel
E/ActivityManager(  152):   0.3% 315/com.android.phone: 0.2% user + 0.1% kernel / faults: 4 minor
E/ActivityManager(  152):   0.3% 715/com.google.android.apps.maps:NetworkLocationService: 0.2% user + 0.1% kernel
E/ActivityManager(  152):   0% 62/yaffs-bg-1: 0% user + 0% kernel
E/ActivityManager(  152):   0% 219/com.android.systemui: 0% user + 0% kernel / faults: 1 minor
E/ActivityManager(  152):   0% 453/com.google.process.gapps: 0% user + 0% kernel
E/ActivityManager(  152):   0% 699/com.google.android.apps.maps:FriendService: 0% user + 0% kernel / faults: 8 minor
E/ActivityManager(  152):   0% 824/com.android.voicedialer: 0% user + 0% kernel / faults: 38 minor
E/ActivityManager(  152):   0% 975/com.google.android.apps.plus: 0% user + 0% kernel / faults: 11 minor
E/ActivityManager(  152):   0% 1008/edu.mit.haoqili.camera_cloud: 0% user + 0% kernel / faults: 3 minor
E/ActivityManager(  152): 75% TOTAL: 62% user + 12% kernel + 0% softirq
E/ActivityManager(  152): CPU usage from 548ms to 1063ms later with 99% awake:
E/ActivityManager(  152):   50% 82/mediaserver: 46% user + 3.7% kernel
E/ActivityManager(  152):     48% 1023/CameraPreviewTh: 46% user + 1.8% kernel
E/ActivityManager(  152):   13% 79/surfaceflinger: 3.7% user + 9.4% kernel
E/ActivityManager(  152):     11% 134/SurfaceFlinger: 3.7% user + 7.5% kernel
E/ActivityManager(  152):     1.8% 489/Binder Thread #: 0% user + 1.8% kernel
E/ActivityManager(  152):     1.8% 536/Binder Thread #: 1.8% user + 0% kernel
E/ActivityManager(  152):   9.2% 152/system_server: 1.8% user + 7.4% kernel
E/ActivityManager(  152):     7.4% 187/InputDispatcher: 1.8% user + 5.5% kernel
E/ActivityManager(  152):     1.8% 154/GC: 1.8% user + 0% kernel
E/ActivityManager(  152):   1% 57/kworker/u:2: 0% user + 1% kernel
E/ActivityManager(  152):   1.4% 1128/kworker/0:0: 0% user + 1.4% kernel
E/ActivityManager(  152): 71% TOTAL: 55% user + 15% kernel
D/AudioHardware(   82): AudioHardware pcm playback is exiting standby.
D/AudioHardware(   82): openPcmOut_l() mPcmOpenCnt: 0
V/PhoneStatusBar(  219): setLightsOn(true)
D/AudioHardware(   82): AudioHardware pcm playback is going to standby.
D/AudioHardware(   82): closePcmOut_l() mPcmOpenCnt: 1
I/CameraCloud( 1008): 1333728345687: CameraCloud Execute HTTP latency: 39537ms
I/CameraCloud( 1008): 1333728345687: finished executing HTTP POST, get data
I/CameraCloud( 1008): 1333728345688: make input stream reader for data
I/CameraCloud( 1008): 1333728345689: Cloud response length: 28450
I/CameraCloud( 1008): 1333728345690: Returning cloud object
I/CameraCloud( 1008): 1333728352420: CameraCloud download photo latency = 46275
I/CameraCloud( 1008): 1333728352421: CameraCloud download start 1333728306145 ~ stop 1333728352420
I/CameraCloud( 1008): 1333728352422: takeNum=4 takeCamGood=4 takeGoodSave=4 takeBad=0 getNum=6 getGood=6 getBad=0
I/CameraCloud( 1008): 1333728352422: Success! Client getting photo from cloud server, showing photo...
I/CameraCloud( 1008): 1333728352423: Remote photo's length: 3015
D/dalvikvm( 1008): GC_EXPLICIT freed 194K, 35% free 10568K/16199K, paused 16ms+4ms
I/CameraCloud( 1008): 1333728352515: Done with Get photos button for region 0
I/CameraCloud( 1008): 1333728352516: Inside _enableButtons
I/CameraCloud( 1008): 1333728352516: areButtonsEnabled --> true
I/CameraCloud( 1008): 1333728352616: .......... GPS onLocationChanged ...... 
I/CameraCloud( 1008): 1333728352617: Loc = Location[mProvider=gps,mTime=1333814707000,mLatitude=42.364512117495046,mLongitude=-71.10186940003777,mHasAltitude=true,mAltitude=-23.0,mHasSpeed=true,mSpeed=0.0,mHasBearing=true,mBearing=327.01437,mHasAccuracy=true,mAccuracy=15.0,mExtras=Bundle[mParcelledData.dataSize=4]] Previous Region = (3,0)
I/CameraCloud( 1008): 1333728352617: GPS x/long:-71.10186940003777, GPS y/lat: 42.364512117495046. Region width in x: 51.96152422706632
I/CameraCloud( 1008): 1333728352618: location PINPOINTS to region = 3.0, previous 3
I/CameraCloud( 1008): 1333728352618: stay at region 3
I/CameraCloud( 1008): 1333728352619: .......... GPS onLocationChanged ...... 
I/CameraCloud( 1008): 1333728352619: Loc = Location[mProvider=gps,mTime=1333814708000,mLatitude=42.36450956878788,mLongitude=-71.10188193623019,mHasAltitude=true,mAltitude=-23.0,mHasSpeed=true,mSpeed=0.0,mHasBearing=true,mBearing=323.61343,mHasAccuracy=true,mAccuracy=15.0,mExtras=Bundle[mParcelledData.dataSize=4]] Previous Region = (3,0)
I/CameraCloud( 1008): 1333728352620: GPS x/long:-71.10188193623019, GPS y/lat: 42.36450956878788. Region width in x: 51.96152422706632
I/CameraCloud( 1008): 1333728352620: location PINPOINTS to region = 3.0, previous 3
I/CameraCloud( 1008): 1333728352620: stay at region 3
I/CameraCloud( 1008): 1333728352621: .......... GPS onLocationChanged ...... 
I/CameraCloud( 1008): 1333728352622: Loc = Location[mProvider=gps,mTime=1333814709000,mLatitude=42.36450595399586,mLongitude=-71.10189514945473,mHasAltitude=true,mAltitude=-23.0,mHasSpeed=true,mSpeed=0.49642196,mHasBearing=true,mBearing=309.54886,mHasAccuracy=true,mAccuracy=20.0,mExtras=Bundle[mParcelledData.dataSize=4]] Previous Region = (3,0)
I/CameraCloud( 1008): 1333728352622: GPS x/long:-71.10189514945473, GPS y/lat: 42.36450595399586. Region width in x: 51.96152422706632
I/CameraCloud( 1008): 1333728352622: location PINPOINTS to region = 3.0, previous 3
I/CameraCloud( 1008): 1333728352623: stay at region 3
I/CameraCloud( 1008): 1333728352623: .......... GPS onLocationChanged ...... 
I/CameraCloud( 1008): 1333728352624: Loc = Location[mProvider=gps,mTime=1333814711000,mLatitude=42.36450591298405,mLongitude=-71.10191928293665,mHasAltitude=true,mAltitude=-23.0,mHasSpeed=true,mSpeed=0.540349,mHasBearing=true,mBearing=298.70645,mHasAccuracy=true,mAccuracy=10.0,mExtras=Bundle[mParcelledData.dataSize=4]] Previous Region = (3,0)
I/CameraCloud( 1008): 1333728352624: GPS x/long:-71.10191928293665, GPS y/lat: 42.36450591298405. Region width in x: 51.96152422706632
I/CameraCloud( 1008): 1333728352625: location PINPOINTS to region = 3.0, previous 3
I/CameraCloud( 1008): 1333728352625: stay at region 3
I/CameraCloud( 1008): 1333728352626: .......... GPS onLocationChanged ...... 
I/CameraCloud( 1008): 1333728352632: Loc = Location[mProvider=gps,mTime=1333814712000,mLatitude=42.36450823899752,mLongitude=-71.10193454171154,mHasAltitude=true,mAltitude=-23.0,mHasSpeed=true,mSpeed=0.0,mHasBearing=true,mBearing=299.2907,mHasAccuracy=true,mAccuracy=10.0,mExtras=Bundle[mParcelledData.dataSize=4]] Previous Region = (3,0)
I/CameraCloud( 1008): 1333728352632: GPS x/long:-71.10193454171154, GPS y/lat: 42.36450823899752. Region width in x: 51.96152422706632
I/CameraCloud( 1008): 1333728352633: location PINPOINTS to region = 3.0, previous 3
I/CameraCloud( 1008): 1333728352633: stay at region 3
I/CameraCloud( 1008): 1333728352642: .......... GPS onLocationChanged ...... 
I/CameraCloud( 1008): 1333728352642: Loc = Location[mProvider=gps,mTime=1333814714000,mLatitude=42.36451266505917,mLongitude=-71.10195369055756,mHasAltitude=true,mAltitude=-21.0,mHasSpeed=true,mSpeed=0.5942296,mHasBearing=true,mBearing=298.85553,mHasAccuracy=true,mAccuracy=20.0,mExtras=Bundle[mParcelledData.dataSize=4]] Previous Region = (3,0)
I/CameraCloud( 1008): 1333728352643: GPS x/long:-71.10195369055756, GPS y/lat: 42.36451266505917. Region width in x: 51.96152422706632
I/CameraCloud( 1008): 1333728352643: location PINPOINTS to region = 3.0, previous 3
I/CameraCloud( 1008): 1333728352643: stay at region 3
I/CameraCloud( 1008): 1333728352644: .......... GPS onLocationChanged ...... 
I/CameraCloud( 1008): 1333728352645: Loc = Location[mProvider=gps,mTime=1333814715000,mLatitude=42.36451892040034,mLongitude=-71.10196985103723,mHasAltitude=true,mAltitude=-22.0,mHasSpeed=true,mSpeed=0.6323945,mHasBearing=true,mBearing=299.49783,mHasAccuracy=true,mAccuracy=10.0,mExtras=Bundle[mParcelledData.dataSize=4]] Previous Region = (3,0)
I/CameraCloud( 1008): 1333728352645: GPS x/long:-71.10196985103723, GPS y/lat: 42.36451892040034. Region width in x: 51.96152422706632
I/CameraCloud( 1008): 1333728352646: location PINPOINTS to region = 3.0, previous 3
I/CameraCloud( 1008): 1333728352646: stay at region 3
I/CameraCloud( 1008): 1333728352647: .......... GPS onLocationChanged ...... 
I/CameraCloud( 1008): 1333728352648: Loc = Location[mProvider=gps,mTime=1333814716000,mLatitude=42.36452635988622,mLongitude=-71.1019843133011,mHasAltitude=true,mAltitude=-22.0,mHasSpeed=true,mSpeed=0.6621018,mHasBearing=true,mBearing=301.88126,mHasAccuracy=true,mAccuracy=20.0,mExtras=Bundle[mParcelledData.dataSize=4]] Previous Region = (3,0)
I/CameraCloud( 1008): 1333728352660: GPS x/long:-71.1019843133011, GPS y/lat: 42.36452635988622. Region width in x: 51.96152422706632
I/CameraCloud( 1008): 1333728352661: location PINPOINTS to region = 3.0, previous 3
I/CameraCloud( 1008): 1333728352661: stay at region 3
I/CameraCloud( 1008): 1333728352671: .......... GPS onLocationChanged ...... 
I/CameraCloud( 1008): 1333728352672: Loc = Location[mProvider=gps,mTime=1333814717000,mLatitude=42.364536106221266,mLongitude=-71.10200311440077,mHasAltitude=true,mAltitude=-23.0,mHasSpeed=true,mSpeed=0.0,mHasBearing=true,mBearing=300.7535,mHasAccuracy=true,mAccuracy=15.0,mExtras=Bundle[mParcelledData.dataSize=4]] Previous Region = (3,0)
I/CameraCloud( 1008): 1333728352672: GPS x/long:-71.10200311440077, GPS y/lat: 42.364536106221266. Region width in x: 51.96152422706632
I/CameraCloud( 1008): 1333728352672: location PINPOINTS to region = 3.0, previous 3
I/CameraCloud( 1008): 1333728352673: stay at region 3
I/CameraCloud( 1008): 1333728352675: .......... GPS onLocationChanged ...... 
I/CameraCloud( 1008): 1333728352679: Loc = Location[mProvider=gps,mTime=1333814721000,mLatitude=42.364546092438026,mLongitude=-71.1019953176763,mHasAltitude=true,mAltitude=-21.0,mHasSpeed=true,mSpeed=0.6665541,mHasBearing=true,mBearing=307.85498,mHasAccuracy=true,mAccuracy=10.0,mExtras=Bundle[mParcelledData.dataSize=4]] Previous Region = (3,0)
I/CameraCloud( 1008): 1333728352679: GPS x/long:-71.1019953176763, GPS y/lat: 42.364546092438026. Region width in x: 51.96152422706632
I/CameraCloud( 1008): 1333728352680: location PINPOINTS to region = 3.0, previous 3
I/CameraCloud( 1008): 1333728352680: stay at region 3
I/CameraCloud( 1008): 1333728352681: .......... GPS onLocationChanged ...... 
I/CameraCloud( 1008): 1333728352681: Loc = Location[mProvider=gps,mTime=1333814724000,mLatitude=42.364557167011,mLongitude=-71.10199920984073,mHasAltitude=true,mAltitude=-20.0,mHasSpeed=true,mSpeed=0.6386294,mHasBearing=true,mBearing=267.427,mHasAccuracy=true,mAccuracy=10.0,mExtras=Bundle[mParcelledData.dataSize=4]] Previous Region = (3,0)
I/CameraCloud( 1008): 1333728352682: GPS x/long:-71.10199920984073, GPS y/lat: 42.364557167011. Region width in x: 51.96152422706632
I/CameraCloud( 1008): 1333728352682: location PINPOINTS to region = 3.0, previous 3
I/CameraCloud( 1008): 1333728352682: stay at region 3
I/CameraCloud( 1008): 1333728352687: .......... GPS onLocationChanged ...... 
I/CameraCloud( 1008): 1333728352688: Loc = Location[mProvider=gps,mTime=1333814726000,mLatitude=42.36456863387801,mLongitude=-71.10201829742473,mHasAltitude=true,mAltitude=-23.0,mHasSpeed=true,mSpeed=0.68436825,mHasBearing=true,mBearing=290.00806,mHasAccuracy=true,mAccuracy=15.0,mExtras=Bundle[mParcelledData.dataSize=4]] Previous Region = (3,0)
I/CameraCloud( 1008): 1333728352689: GPS x/long:-71.10201829742473, GPS y/lat: 42.36456863387801. Region width in x: 51.96152422706632
I/CameraCloud( 1008): 1333728352689: location PINPOINTS to region = 3.0, previous 3
I/CameraCloud( 1008): 1333728352689: location is INSIDE BOUNDARY, stay at prev region = (3,0)
I/CameraCloud( 1008): 1333728352691: .......... GPS onLocationChanged ...... 
I/CameraCloud( 1008): 1333728352703: Loc = Location[mProvider=gps,mTime=1333814728000,mLatitude=42.36457639947724,mLongitude=-71.10204182313707,mHasAltitude=true,mAltitude=-26.0,mHasSpeed=true,mSpeed=0.0,mHasBearing=true,mBearing=295.0289,mHasAccuracy=true,mAccuracy=10.0,mExtras=Bundle[mParcelledData.dataSize=4]] Previous Region = (3,0)
I/CameraCloud( 1008): 1333728352704: GPS x/long:-71.10204182313707, GPS y/lat: 42.36457639947724. Region width in x: 51.96152422706632
I/CameraCloud( 1008): 1333728352704: location PINPOINTS to region = 3.0, previous 3
I/CameraCloud( 1008): 1333728352704: location is INSIDE BOUNDARY, stay at prev region = (3,0)
I/CameraCloud( 1008): 1333728352706: .......... GPS onLocationChanged ...... 
I/CameraCloud( 1008): 1333728352707: Loc = Location[mProvider=gps,mTime=1333814730000,mLatitude=42.36457808301847,mLongitude=-71.10206307553148,mHasAltitude=true,mAltitude=-24.0,mHasSpeed=true,mSpeed=0.7198318,mHasBearing=true,mBearing=284.84024,mHasAccuracy=true,mAccuracy=10.0,mExtras=Bundle[mParcelledData.dataSize=4]] Previous Region = (3,0)
I/CameraCloud( 1008): 1333728352708: GPS x/long:-71.10206307553148, GPS y/lat: 42.36457808301847. Region width in x: 51.96152422706632
I/CameraCloud( 1008): 1333728352708: location PINPOINTS to region = 4.0, previous 3
I/CameraCloud( 1008): 1333728352710: location is INSIDE BOUNDARY, stay at prev region = (3,0)
I/CameraCloud( 1008): 1333728352711: .......... GPS onLocationChanged ...... 
I/CameraCloud( 1008): 1333728352712: Loc = Location[mProvider=gps,mTime=1333814732000,mLatitude=42.36458189862262,mLongitude=-71.10208941522353,mHasAltitude=true,mAltitude=-25.0,mHasSpeed=true,mSpeed=0.76647043,mHasBearing=true,mBearing=289.83002,mHasAccuracy=true,mAccuracy=10.0,mExtras=Bundle[mParcelledData.dataSize=4]] Previous Region = (3,0)
I/CameraCloud( 1008): 1333728352712: GPS x/long:-71.10208941522353, GPS y/lat: 42.36458189862262. Region width in x: 51.96152422706632
I/CameraCloud( 1008): 1333728352712: location PINPOINTS to region = 4.0, previous 3
I/CameraCloud( 1008): 1333728352713: location is INSIDE BOUNDARY, stay at prev region = (3,0)
D/dalvikvm( 1008): GC_CONCURRENT freed 481K, 35% free 10554K/16199K, paused 2ms+2ms
I/CameraCloud( 1008): 1333728352718: .......... GPS onLocationChanged ...... 
I/CameraCloud( 1008): 1333728352719: Loc = Location[mProvider=gps,mTime=1333814733000,mLatitude=42.364586446985456,mLongitude=-71.1021084758793,mHasAltitude=true,mAltitude=-25.0,mHasSpeed=true,mSpeed=0.0,mHasBearing=true,mBearing=288.5256,mHasAccuracy=true,mAccuracy=10.0,mExtras=Bundle[mParcelledData.dataSize=4]] Previous Region = (3,0)
I/CameraCloud( 1008): 1333728352720: GPS x/long:-71.1021084758793, GPS y/lat: 42.364586446985456. Region width in x: 51.96152422706632
I/CameraCloud( 1008): 1333728352720: location PINPOINTS to region = 4.0, previous 3
I/CameraCloud( 1008): 1333728352720: location is INSIDE BOUNDARY, stay at prev region = (3,0)
I/CameraCloud( 1008): 1333728352721: .......... GPS onLocationChanged ...... 
I/CameraCloud( 1008): 1333728352722: Loc = Location[mProvider=gps,mTime=1333814734000,mLatitude=42.36459235303689,mLongitude=-71.1021180114678,mHasAltitude=true,mAltitude=-23.0,mHasSpeed=true,mSpeed=0.82038075,mHasBearing=true,mBearing=296.31854,mHasAccuracy=true,mAccuracy=10.0,mExtras=Bundle[mParcelledData.dataSize=4]] Previous Region = (3,0)
I/CameraCloud( 1008): 1333728352722: GPS x/long:-71.1021180114678, GPS y/lat: 42.36459235303689. Region width in x: 51.96152422706632
I/CameraCloud( 1008): 1333728352723: location PINPOINTS to region = 4.0, previous 3
I/CameraCloud( 1008): 1333728352723: location is INSIDE BOUNDARY, stay at prev region = (3,0)
I/CameraCloud( 1008): 1333728352724: .......... GPS onLocationChanged ...... 
I/CameraCloud( 1008): 1333728352724: Loc = Location[mProvider=gps,mTime=1333814735000,mLatitude=42.364600355389,mLongitude=-71.1021309100767,mHasAltitude=true,mAltitude=-22.0,mHasSpeed=true,mSpeed=0.8461186,mHasBearing=true,mBearing=302.66638,mHasAccuracy=true,mAccuracy=15.0,mExtras=Bundle[mParcelledData.dataSize=4]] Previous Region = (3,0)
I/CameraCloud( 1008): 1333728352725: GPS x/long:-71.1021309100767, GPS y/lat: 42.364600355389. Region width in x: 51.96152422706632
I/CameraCloud( 1008): 1333728352725: location PINPOINTS to region = 4.0, previous 3
I/CameraCloud( 1008): 1333728352726: location CHANGED TO NEW region = (4,0) from region = (3,0)
I/CameraCloud( 1008): 1333728352746: moving from region (3,0), to (4,0)
I/CameraCloud( 1008): 1333728352747: .......... GPS onLocationChanged ...... 
I/CameraCloud( 1008): 1333728352748: Loc = Location[mProvider=gps,mTime=1333814736000,mLatitude=42.36460629404813,mLongitude=-71.1021421845793,mHasAltitude=true,mAltitude=-21.0,mHasSpeed=true,mSpeed=0.86031604,mHasBearing=true,mBearing=303.41898,mHasAccuracy=true,mAccuracy=15.0,mExtras=Bundle[mParcelledData.dataSize=4]] Previous Region = (4,0)
I/CameraCloud( 1008): 1333728352748: GPS x/long:-71.1021421845793, GPS y/lat: 42.36460629404813. Region width in x: 51.96152422706632
I/CameraCloud( 1008): 1333728352749: location PINPOINTS to region = 4.0, previous 4
I/CameraCloud( 1008): 1333728352749: stay at region 4
I/CameraCloud( 1008): 1333728352753: .......... GPS onLocationChanged ...... 
I/CameraCloud( 1008): 1333728352753: Loc = Location[mProvider=gps,mTime=1333814739000,mLatitude=42.36461580850141,mLongitude=-71.10216087167095,mHasAltitude=true,mAltitude=-22.0,mHasSpeed=true,mSpeed=0.45029628,mHasBearing=true,mBearing=308.3215,mHasAccuracy=true,mAccuracy=10.0,mExtras=Bundle[mParcelledData.dataSize=4]] Previous Region = (4,0)
I/CameraCloud( 1008): 1333728352754: GPS x/long:-71.10216087167095, GPS y/lat: 42.36461580850141. Region width in x: 51.96152422706632
I/CameraCloud( 1008): 1333728352754: location PINPOINTS to region = 4.0, previous 4
I/CameraCloud( 1008): 1333728352754: stay at region 4
I/CameraCloud( 1008): 1333728352756: .......... GPS onLocationChanged ...... 
I/CameraCloud( 1008): 1333728352756: Loc = Location[mProvider=gps,mTime=1333814740000,mLatitude=42.36462425048156,mLongitude=-71.1021740557387,mHasAltitude=true,mAltitude=-22.0,mHasSpeed=true,mSpeed=0.0,mHasBearing=true,mBearing=306.31784,mHasAccuracy=true,mAccuracy=10.0,mExtras=Bundle[mParcelledData.dataSize=4]] Previous Region = (4,0)
I/CameraCloud( 1008): 1333728352757: GPS x/long:-71.1021740557387, GPS y/lat: 42.36462425048156. Region width in x: 51.96152422706632
I/CameraCloud( 1008): 1333728352757: location PINPOINTS to region = 4.0, previous 4
I/CameraCloud( 1008): 1333728352757: stay at region 4
I/CameraCloud( 1008): 1333728352758: .......... GPS onLocationChanged ...... 
I/CameraCloud( 1008): 1333728352759: Loc = Location[mProvider=gps,mTime=1333814742000,mLatitude=42.364633316412146,mLongitude=-71.10218114690396,mHasAltitude=true,mAltitude=-21.0,mHasSpeed=true,mSpeed=0.50554925,mHasBearing=true,mBearing=301.5681,mHasAccuracy=true,mAccuracy=10.0,mExtras=Bundle[mParcelledData.dataSize=4]] Previous Region = (4,0)
I/CameraCloud( 1008): 1333728352759: GPS x/long:-71.10218114690396, GPS y/lat: 42.364633316412146. Region width in x: 51.96152422706632
I/CameraCloud( 1008): 1333728352759: location PINPOINTS to region = 4.0, previous 4
I/CameraCloud( 1008): 1333728352759: stay at region 4
I/CameraCloud( 1008): 1333728352769: .......... GPS onLocationChanged ...... 
I/CameraCloud( 1008): 1333728352770: Loc = Location[mProvider=gps,mTime=1333814744000,mLatitude=42.36464092639522,mLongitude=-71.10219276042633,mHasAltitude=true,mAltitude=-19.0,mHasSpeed=true,mSpeed=0.53547466,mHasBearing=true,mBearing=304.80084,mHasAccuracy=true,mAccuracy=10.0,mExtras=Bundle[mParcelledData.dataSize=4]] Previous Region = (4,0)
I/CameraCloud( 1008): 1333728352770: GPS x/long:-71.10219276042633, GPS y/lat: 42.36464092639522. Region width in x: 51.96152422706632
I/CameraCloud( 1008): 1333728352771: location PINPOINTS to region = 4.0, previous 4
I/CameraCloud( 1008): 1333728352771: stay at region 4
I/CameraCloud( 1008): 1333728352772: .......... GPS onLocationChanged ...... 
I/CameraCloud( 1008): 1333728352773: Loc = Location[mProvider=gps,mTime=1333814746000,mLatitude=42.36464865736207,mLongitude=-71.10220720132982,mHasAltitude=true,mAltitude=-20.0,mHasSpeed=true,mSpeed=0.53591126,mHasBearing=true,mBearing=277.0893,mHasAccuracy=true,mAccuracy=5.0,mExtras=Bundle[mParcelledData.dataSize=4]] Previous Region = (4,0)
I/CameraCloud( 1008): 1333728352773: GPS x/long:-71.10220720132982, GPS y/lat: 42.36464865736207. Region width in x: 51.96152422706632
I/CameraCloud( 1008): 1333728352773: location PINPOINTS to region = 4.0, previous 4
I/CameraCloud( 1008): 1333728352774: stay at region 4
W/InputManagerService(  152): Window already focused, ignoring focus gain of: com.android.internal.view.IInputMethodClient$Stub$Proxy@41676338
D/dalvikvm(  715): GC_CONCURRENT freed 387K, 6% free 10060K/10695K, paused 25ms+2ms
I/CameraCloud( 1008): 1333728359079: canPressButton = TRUE
I/CameraCloud( 1008): 1333728359080: areButtonsEnabled --> false
I/CameraCloud( 1008): 1333728359081: disabling buttons ...
I/CameraCloud( 1008): 1333728359086: new pic disableButtons XXX
I/CameraCloud( 1008): 1333728359087: areButtonsEnabled --> false
D/AudioHardware(   82): AudioHardware pcm playback is exiting standby.
D/AudioHardware(   82): openPcmOut_l() mPcmOpenCnt: 0
I/CameraCloud( 1008): 1333728359156: takeNum=5 takeCamGood=4 takeGoodSave=4 takeBad=0 getNum=6 getGood=6 getBad=0
I/CameraCloud( 1008): 1333728359157: ** Clicked take picture button **
I/CameraSurfaceView( 1008): inside getCamera()
I/CameraHardwareSec(   82): int android::CameraHardwareSec::previewThreadWrapper(): calling mSecCamera->stopPreview() and waiting
I/SecCamera(   82): int android::fimc_v4l2_querybuf(int, android::fimc_buffer*, v4l2_buf_type) :
I/SecCamera(   82): int android::fimc_v4l2_querybuf(int, android::fimc_buffer*, v4l2_buf_type): buffer->start = 0x43c97000 v4l2_buf.length = 4261248
I/CameraHardwareSec(   82): == Camera Sensor Detect S5K4ECGX - Samsung LSI SOC 5M ==
D/JpegEncoder(   82): encode E
D/JpegEncoder(   82): encode X
D/SecCamera(   82): Shutter speed=7607 us, iso=50
D/SecCamera(   82): AV=3, TV=7, SV=4
D/JpegEncoder(   82): makeExif E
D/JpegEncoder(   82): makeExif X
I/SecCamera(   82): int android::SecCamera::endSnapshot() :
I/SecCamera(   82): munmap():virt. addr 0x43c97000 size = 4261248
D/dalvikvm( 1008): GC_FOR_ALLOC freed 143K, 35% free 10566K/16199K, paused 18ms
I/dalvikvm-heap( 1008): Grow heap (frag case) to 12.011MB for 1699054-byte allocation
D/dalvikvm( 1008): GC_CONCURRENT freed 7K, 25% free 12218K/16199K, paused 2ms+2ms
I/CameraCloud( 1008): 1333728359968: inside HandlePictureStorage onPictureTaken()
I/CameraCloud( 1008): 1333728359968: takeNum=5 takeCamGood=5 takeGoodSave=4 takeBad=0 getNum=6 getGood=6 getBad=0
D/CameraHardwareSec(   82): mPreviewHeap(fd(31), size(518400), width(720), height(480))
I/CameraHardwareSec(   82): int android::CameraHardwareSec::previewThreadWrapper(): return from wait
I/CameraCloud( 1008): 1333728360309: Picture successfully taken, ORIG BYTE LENGTH = 1699038
D/dalvikvm( 1008): GC_EXPLICIT freed 2K, 25% free 12219K/16199K, paused 1ms+3ms
I/CameraCloud( 1008): 1333728360549: Our new height x width: 240 x 320
I/CameraCloud( 1008): 1333728360549: Show photo from handle my camera take
I/CameraCloud( 1008): 1333728360550: client making photo packet to send to leader
I/CameraCloud( 1008): 1333728360562: BYTE SIZE AFTER COMPRESSION: 4711
I/CameraCloud( 1008): 1333728360562: sending new pic ....
I/CameraCloud( 1008): 1333728360563: Server request to url: http://hermes5.csail.mit.edu:8213/101/4/0/
I/CameraCloud( 1008): 1333728360747: Cloud server request length: 16591
I/CameraCloud( 1008): 1333728360748: about to execute HTTP POST
I/CameraCloud( 1008): 1333728360748: in serverRequest() about to httpclient.execute()
D/AudioHardware(   82): AudioHardware pcm playback is going to standby.
D/AudioHardware(   82): closePcmOut_l() mPcmOpenCnt: 1
D/dalvikvm(  152): GC_CONCURRENT freed 914K, 13% free 12514K/14343K, paused 5ms+6ms
I/InputDispatcher(  152): Application is not responding: Window{417a8550 edu.mit.haoqili.camera_cloud/edu.mit.haoqili.camera_cloud.CameraCloud paused=false}.  5005.2ms since event, 5004.5ms since wait started
I/WindowManager(  152): Input event dispatching timed out sending to edu.mit.haoqili.camera_cloud/edu.mit.haoqili.camera_cloud.CameraCloud
I/Process (  152): Sending signal. PID: 1008 SIG: 3
I/dalvikvm( 1008): threadid=3: reacting to signal 3
I/dalvikvm( 1008): Wrote stack traces to '/data/anr/traces.txt'
I/Process (  152): Sending signal. PID: 152 SIG: 3
I/dalvikvm(  152): threadid=3: reacting to signal 3
I/dalvikvm(  152): Wrote stack traces to '/data/anr/traces.txt'
I/Process (  152): Sending signal. PID: 315 SIG: 3
I/dalvikvm(  315): threadid=3: reacting to signal 3
I/dalvikvm(  315): Wrote stack traces to '/data/anr/traces.txt'
I/Process (  152): Sending signal. PID: 219 SIG: 3
I/dalvikvm(  219): threadid=3: reacting to signal 3
I/dalvikvm(  219): Wrote stack traces to '/data/anr/traces.txt'
I/Process (  152): Sending signal. PID: 329 SIG: 3
I/dalvikvm(  329): threadid=3: reacting to signal 3
I/dalvikvm(  329): Wrote stack traces to '/data/anr/traces.txt'
D/dalvikvm(  152): GC_CONCURRENT freed 774K, 13% free 12615K/14343K, paused 11ms+5ms
D/dalvikvm(  152): GC_EXPLICIT freed 360K, 12% free 12637K/14343K, paused 3ms+5ms
E/ActivityManager(  152): ANR in edu.mit.haoqili.camera_cloud (edu.mit.haoqili.camera_cloud/.CameraCloud)
E/ActivityManager(  152): Reason: keyDispatchingTimedOut
E/ActivityManager(  152): Load: 0.01 / 0.14 / 0.17
E/ActivityManager(  152): CPU usage from 31451ms to 0ms ago with 99% awake:
E/ActivityManager(  152):   49% 82/mediaserver: 48% user + 1% kernel
E/ActivityManager(  152):   13% 79/surfaceflinger: 4.7% user + 8.5% kernel
E/ActivityManager(  152):   3.3% 87/gpsd: 2.6% user + 0.6% kernel
E/ActivityManager(  152):   1.4% 152/system_server: 1.1% user + 0.2% kernel / faults: 20 minor
E/ActivityManager(  152):   1.1% 1128/kworker/0:0: 0% user + 1.1% kernel
E/ActivityManager(  152):   0.5% 57/kworker/u:2: 0% user + 0.5% kernel
E/ActivityManager(  152):   0.5% 5/kworker/u:0: 0% user + 0.5% kernel
E/ActivityManager(  152):   0.3% 219/com.android.systemui: 0.3% user + 0% kernel / faults: 13 minor
E/ActivityManager(  152):   0.3% 315/com.android.phone: 0.2% user + 0.1% kernel / faults: 6 minor
E/ActivityManager(  152):   0.3% 715/com.google.android.apps.maps:NetworkLocationService: 0.2% user + 0% kernel / faults: 4 minor
E/ActivityManager(  152):   0% 453/com.google.process.gapps: 0% user + 0% kernel
E/ActivityManager(  152):   0% 1008/edu.mit.haoqili.camera_cloud: 0% user + 0% kernel / faults: 3 minor
E/ActivityManager(  152):   0% 51/irq/308-mxt224_: 0% user + 0% kernel
E/ActivityManager(  152):   0% 78/rild: 0% user + 0% kernel
E/ActivityManager(  152):   0% 558/com.google.android.deskclock: 0% user + 0% kernel / faults: 7 minor
E/ActivityManager(  152): 69% TOTAL: 57% user + 11% kernel + 0% irq + 0% softirq
E/ActivityManager(  152): CPU usage from 528ms to 1044ms later:
E/ActivityManager(  152):   46% 82/mediaserver: 46% user + 0% kernel
E/ActivityManager(  152):     48% 1023/CameraPreviewTh: 46% user + 1.9% kernel
E/ActivityManager(  152):   13% 79/surfaceflinger: 3.8% user + 9.6% kernel
E/ActivityManager(  152):     9.6% 134/SurfaceFlinger: 1.9% user + 7.6% kernel
E/ActivityManager(  152):     1.9% 141/Binder Thread #: 0% user + 1.9% kernel
E/ActivityManager(  152):   5.7% 152/system_server: 1.9% user + 3.8% kernel
E/ActivityManager(  152):     1.9% 187/InputDispatcher: 0% user + 1.9% kernel
E/ActivityManager(  152):   1.1% 315/com.android.phone: 0% user + 1.1% kernel
E/ActivityManager(  152):   1.5% 1128/kworker/0:0: 0% user + 1.5% kernel
E/ActivityManager(  152): 64% TOTAL: 52% user + 11% kernel
D/AudioHardware(   82): AudioHardware pcm playback is exiting standby.
D/AudioHardware(   82): openPcmOut_l() mPcmOpenCnt: 0
V/PhoneStatusBar(  219): setLightsOn(true)
D/AudioHardware(   82): AudioHardware pcm playback is going to standby.
D/AudioHardware(   82): closePcmOut_l() mPcmOpenCnt: 1
I/CameraCloud( 1008): 1333728414102: CameraCloud Execute HTTP latency: 53354ms
I/CameraCloud( 1008): 1333728414103: finished executing HTTP POST, get data
I/CameraCloud( 1008): 1333728414103: make input stream reader for data
I/CameraCloud( 1008): 1333728414104: Cloud response length: 18
I/CameraCloud( 1008): 1333728414105: Returning cloud object
I/CameraCloud( 1008): 1333728414124: CameraCloud upload new photo latency = 53562
I/CameraCloud( 1008): 1333728414125: CameraCloud upload start 1333728360562 ~ stop 1333728414124
I/CameraCloud( 1008): 1333728414125: takeNum=5 takeCamGood=5 takeGoodSave=5 takeBad=0 getNum=6 getGood=6 getBad=0
I/CameraCloud( 1008): 1333728414126: SUCCESS! Client now knows saving photo on cloud server succeeded
I/CameraCloud( 1008): 1333728414127: RETURN STATUS: 12
I/CameraCloud( 1008): 1333728414127: Inside _enableButtons
I/CameraCloud( 1008): 1333728414128: areButtonsEnabled --> true
I/CameraCloud( 1008): 1333728414129: end of client send picture method
I/CameraCloud( 1008): 1333728414182: .......... GPS onLocationChanged ...... 
I/CameraCloud( 1008): 1333728414183: Loc = Location[mProvider=gps,mTime=1333814765000,mLatitude=42.36465827146471,mLongitude=-71.10221266874552,mHasAltitude=true,mAltitude=-18.0,mHasSpeed=true,mSpeed=0.41172194,mHasBearing=true,mBearing=305.3374,mHasAccuracy=true,mAccuracy=10.0,mExtras=Bundle[mParcelledData.dataSize=4]] Previous Region = (4,0)
I/CameraCloud( 1008): 1333728414183: GPS x/long:-71.10221266874552, GPS y/lat: 42.36465827146471. Region width in x: 51.96152422706632
I/CameraCloud( 1008): 1333728414183: location PINPOINTS to region = 4.0, previous 4
I/CameraCloud( 1008): 1333728414184: stay at region 4
I/CameraCloud( 1008): 1333728414186: .......... GPS onLocationChanged ...... 
I/CameraCloud( 1008): 1333728414187: Loc = Location[mProvider=gps,mTime=1333814767000,mLatitude=42.364660565117866,mLongitude=-71.10222560959326,mHasAltitude=true,mAltitude=-19.0,mHasSpeed=true,mSpeed=0.44212696,mHasBearing=true,mBearing=309.35593,mHasAccuracy=true,mAccuracy=10.0,mExtras=Bundle[mParcelledData.dataSize=4]] Previous Region = (4,0)
I/CameraCloud( 1008): 1333728414188: GPS x/long:-71.10222560959326, GPS y/lat: 42.364660565117866. Region width in x: 51.96152422706632
I/CameraCloud( 1008): 1333728414188: location PINPOINTS to region = 4.0, previous 4
I/CameraCloud( 1008): 1333728414188: stay at region 4
I/CameraCloud( 1008): 1333728414189: .......... GPS onLocationChanged ...... 
I/CameraCloud( 1008): 1333728414189: Loc = Location[mProvider=gps,mTime=1333814769000,mLatitude=42.36466677800985,mLongitude=-71.10224460780182,mHasAltitude=true,mAltitude=-17.0,mHasSpeed=true,mSpeed=0.5236826,mHasBearing=true,mBearing=313.5878,mHasAccuracy=true,mAccuracy=5.0,mExtras=Bundle[mParcelledData.dataSize=4]] Previous Region = (4,0)
I/CameraCloud( 1008): 1333728414190: GPS x/long:-71.10224460780182, GPS y/lat: 42.36466677800985. Region width in x: 51.96152422706632
I/CameraCloud( 1008): 1333728414190: location PINPOINTS to region = 4.0, previous 4
I/CameraCloud( 1008): 1333728414191: stay at region 4
I/CameraCloud( 1008): 1333728414191: .......... GPS onLocationChanged ...... 
I/CameraCloud( 1008): 1333728414192: Loc = Location[mProvider=gps,mTime=1333814770000,mLatitude=42.364674017558585,mLongitude=-71.10225622881916,mHasAltitude=true,mAltitude=-18.0,mHasSpeed=true,mSpeed=0.57370955,mHasBearing=true,mBearing=314.9151,mHasAccuracy=true,mAccuracy=5.0,mExtras=Bundle[mParcelledData.dataSize=4]] Previous Region = (4,0)
I/CameraCloud( 1008): 1333728414192: GPS x/long:-71.10225622881916, GPS y/lat: 42.364674017558585. Region width in x: 51.96152422706632
I/CameraCloud( 1008): 1333728414193: location PINPOINTS to region = 4.0, previous 4
I/CameraCloud( 1008): 1333728414193: stay at region 4
I/CameraCloud( 1008): 1333728414193: .......... GPS onLocationChanged ...... 
I/CameraCloud( 1008): 1333728414194: Loc = Location[mProvider=gps,mTime=1333814772000,mLatitude=42.3646894600009,mLongitude=-71.10227543607118,mHasAltitude=true,mAltitude=-18.0,mHasSpeed=true,mSpeed=0.6531316,mHasBearing=true,mBearing=329.87552,mHasAccuracy=true,mAccuracy=10.0,mExtras=Bundle[mParcelledData.dataSize=4]] Previous Region = (4,0)
I/CameraCloud( 1008): 1333728414194: GPS x/long:-71.10227543607118, GPS y/lat: 42.3646894600009. Region width in x: 51.96152422706632
I/CameraCloud( 1008): 1333728414196: location PINPOINTS to region = 4.0, previous 4
I/CameraCloud( 1008): 1333728414196: stay at region 4
I/CameraCloud( 1008): 1333728414197: .......... GPS onLocationChanged ...... 
I/CameraCloud( 1008): 1333728414197: Loc = Location[mProvider=gps,mTime=1333814773000,mLatitude=42.364699993484045,mLongitude=-71.10228726037728,mHasAltitude=true,mAltitude=-17.0,mHasSpeed=true,mSpeed=0.70528996,mHasBearing=true,mBearing=324.5134,mHasAccuracy=true,mAccuracy=10.0,mExtras=Bundle[mParcelledData.dataSize=4]] Previous Region = (4,0)
I/CameraCloud( 1008): 1333728414198: GPS x/long:-71.10228726037728, GPS y/lat: 42.364699993484045. Region width in x: 51.96152422706632
I/CameraCloud( 1008): 1333728414198: location PINPOINTS to region = 4.0, previous 4
I/CameraCloud( 1008): 1333728414198: stay at region 4
I/CameraCloud( 1008): 1333728414199: .......... GPS onLocationChanged ...... 
I/CameraCloud( 1008): 1333728414200: Loc = Location[mProvider=gps,mTime=1333814774000,mLatitude=42.36470806825499,mLongitude=-71.10230132940157,mHasAltitude=true,mAltitude=-18.0,mHasSpeed=true,mSpeed=0.7480493,mHasBearing=true,mBearing=310.72794,mHasAccuracy=true,mAccuracy=10.0,mExtras=Bundle[mParcelledData.dataSize=4]] Previous Region = (4,0)
I/CameraCloud( 1008): 1333728414200: GPS x/long:-71.10230132940157, GPS y/lat: 42.36470806825499. Region width in x: 51.96152422706632
I/CameraCloud( 1008): 1333728414200: location PINPOINTS to region = 4.0, previous 4
I/CameraCloud( 1008): 1333728414201: stay at region 4
I/CameraCloud( 1008): 1333728414201: .......... GPS onLocationChanged ...... 
I/CameraCloud( 1008): 1333728414202: Loc = Location[mProvider=gps,mTime=1333814775000,mLatitude=42.36471523448768,mLongitude=-71.10230869924074,mHasAltitude=true,mAltitude=-16.0,mHasSpeed=true,mSpeed=0.7789274,mHasBearing=true,mBearing=332.73297,mHasAccuracy=true,mAccuracy=10.0,mExtras=Bundle[mParcelledData.dataSize=4]] Previous Region = (4,0)
I/CameraCloud( 1008): 1333728414202: GPS x/long:-71.10230869924074, GPS y/lat: 42.36471523448768. Region width in x: 51.96152422706632
I/CameraCloud( 1008): 1333728414202: location PINPOINTS to region = 4.0, previous 4
I/CameraCloud( 1008): 1333728414203: stay at region 4
I/CameraCloud( 1008): 1333728414213: .......... GPS onLocationChanged ...... 
I/CameraCloud( 1008): 1333728414213: Loc = Location[mProvider=gps,mTime=1333814777000,mLatitude=42.36471869406943,mLongitude=-71.10232950038134,mHasAltitude=true,mAltitude=-13.0,mHasSpeed=true,mSpeed=0.8195941,mHasBearing=true,mBearing=316.2494,mHasAccuracy=true,mAccuracy=10.0,mExtras=Bundle[mParcelledData.dataSize=4]] Previous Region = (4,0)
I/CameraCloud( 1008): 1333728414214: GPS x/long:-71.10232950038134, GPS y/lat: 42.36471869406943. Region width in x: 51.96152422706632
I/CameraCloud( 1008): 1333728414215: location PINPOINTS to region = 4.0, previous 4
I/CameraCloud( 1008): 1333728414215: stay at region 4
I/CameraCloud( 1008): 1333728414216: .......... GPS onLocationChanged ...... 
I/CameraCloud( 1008): 1333728414217: Loc = Location[mProvider=gps,mTime=1333814779000,mLatitude=42.364728957456435,mLongitude=-71.10235499655094,mHasAltitude=true,mAltitude=-16.0,mHasSpeed=true,mSpeed=0.8876479,mHasBearing=true,mBearing=312.66605,mHasAccuracy=true,mAccuracy=5.0,mExtras=Bundle[mParcelledData.dataSize=4]] Previous Region = (4,0)
I/CameraCloud( 1008): 1333728414218: GPS x/long:-71.10235499655094, GPS y/lat: 42.364728957456435. Region width in x: 51.96152422706632
I/CameraCloud( 1008): 1333728414218: location PINPOINTS to region = 4.0, previous 4
I/CameraCloud( 1008): 1333728414218: stay at region 4
I/CameraCloud( 1008): 1333728414219: .......... GPS onLocationChanged ...... 
I/CameraCloud( 1008): 1333728414220: Loc = Location[mProvider=gps,mTime=1333814781000,mLatitude=42.36473646320275,mLongitude=-71.10237492781114,mHasAltitude=true,mAltitude=-15.0,mHasSpeed=true,mSpeed=0.89037365,mHasBearing=true,mBearing=314.63394,mHasAccuracy=true,mAccuracy=10.0,mExtras=Bundle[mParcelledData.dataSize=4]] Previous Region = (4,0)
I/CameraCloud( 1008): 1333728414220: GPS x/long:-71.10237492781114, GPS y/lat: 42.36473646320275. Region width in x: 51.96152422706632
I/CameraCloud( 1008): 1333728414220: location PINPOINTS to region = 4.0, previous 4
I/CameraCloud( 1008): 1333728414221: stay at region 4
I/CameraCloud( 1008): 1333728414221: .......... GPS onLocationChanged ...... 
I/CameraCloud( 1008): 1333728414222: Loc = Location[mProvider=gps,mTime=1333814783000,mLatitude=42.36474903503605,mLongitude=-71.10239338039885,mHasAltitude=true,mAltitude=-14.0,mHasSpeed=true,mSpeed=0.9147593,mHasBearing=true,mBearing=328.84546,mHasAccuracy=true,mAccuracy=10.0,mExtras=Bundle[mParcelledData.dataSize=4]] Previous Region = (4,0)
I/CameraCloud( 1008): 1333728414222: GPS x/long:-71.10239338039885, GPS y/lat: 42.36474903503605. Region width in x: 51.96152422706632
I/CameraCloud( 1008): 1333728414223: location PINPOINTS to region = 4.0, previous 4
I/CameraCloud( 1008): 1333728414223: stay at region 4
I/CameraCloud( 1008): 1333728414224: .......... GPS onLocationChanged ...... 
I/CameraCloud( 1008): 1333728414224: Loc = Location[mProvider=gps,mTime=1333814784000,mLatitude=42.364756285655076,mLongitude=-71.10240638123854,mHasAltitude=true,mAltitude=-12.0,mHasSpeed=true,mSpeed=0.0,mHasBearing=true,mBearing=323.3325,mHasAccuracy=true,mAccuracy=10.0,mExtras=Bundle[mParcelledData.dataSize=4]] Previous Region = (4,0)
I/CameraCloud( 1008): 1333728414224: GPS x/long:-71.10240638123854, GPS y/lat: 42.364756285655076. Region width in x: 51.96152422706632
I/CameraCloud( 1008): 1333728414225: location PINPOINTS to region = 4.0, previous 4
I/CameraCloud( 1008): 1333728414225: stay at region 4
I/CameraCloud( 1008): 1333728414226: .......... GPS onLocationChanged ...... 
I/CameraCloud( 1008): 1333728414226: Loc = Location[mProvider=gps,mTime=1333814785000,mLatitude=42.36475967412207,mLongitude=-71.10242004573131,mHasAltitude=true,mAltitude=-14.0,mHasSpeed=true,mSpeed=0.89229304,mHasBearing=true,mBearing=305.01425,mHasAccuracy=true,mAccuracy=10.0,mExtras=Bundle[mParcelledData.dataSize=4]] Previous Region = (4,0)
I/CameraCloud( 1008): 1333728414227: GPS x/long:-71.10242004573131, GPS y/lat: 42.36475967412207. Region width in x: 51.96152422706632
I/CameraCloud( 1008): 1333728414227: location PINPOINTS to region = 4.0, previous 4
I/CameraCloud( 1008): 1333728414227: stay at region 4
I/CameraCloud( 1008): 1333728414228: .......... GPS onLocationChanged ...... 
I/CameraCloud( 1008): 1333728414228: Loc = Location[mProvider=gps,mTime=1333814787000,mLatitude=42.364769430786964,mLongitude=-71.10244029106201,mHasAltitude=true,mAltitude=-17.0,mHasSpeed=true,mSpeed=0.9496521,mHasBearing=true,mBearing=322.55804,mHasAccuracy=true,mAccuracy=10.0,mExtras=Bundle[mParcelledData.dataSize=4]] Previous Region = (4,0)
I/CameraCloud( 1008): 1333728414257: GPS x/long:-71.10244029106201, GPS y/lat: 42.364769430786964. Region width in x: 51.96152422706632
I/CameraCloud( 1008): 1333728414257: location PINPOINTS to region = 4.0, previous 4
I/CameraCloud( 1008): 1333728414258: stay at region 4
I/CameraCloud( 1008): 1333728414258: .......... GPS onLocationChanged ...... 
I/CameraCloud( 1008): 1333728414259: Loc = Location[mProvider=gps,mTime=1333814789000,mLatitude=42.36477899947214,mLongitude=-71.10244599771951,mHasAltitude=true,mAltitude=-21.0,mHasSpeed=true,mSpeed=0.92883915,mHasBearing=true,mBearing=333.67642,mHasAccuracy=true,mAccuracy=10.0,mExtras=Bundle[mParcelledData.dataSize=4]] Previous Region = (4,0)
I/CameraCloud( 1008): 1333728414259: GPS x/long:-71.10244599771951, GPS y/lat: 42.36477899947214. Region width in x: 51.96152422706632
I/CameraCloud( 1008): 1333728414260: location PINPOINTS to region = 4.0, previous 4
I/CameraCloud( 1008): 1333728414260: stay at region 4
I/CameraCloud( 1008): 1333728414265: .......... GPS onLocationChanged ...... 
I/CameraCloud( 1008): 1333728414266: Loc = Location[mProvider=gps,mTime=1333814791000,mLatitude=42.36478978417253,mLongitude=-71.10246007572434,mHasAltitude=true,mAltitude=-25.0,mHasSpeed=true,mSpeed=0.0,mHasBearing=true,mBearing=328.145,mHasAccuracy=true,mAccuracy=10.0,mExtras=Bundle[mParcelledData.dataSize=4]] Previous Region = (4,0)
I/CameraCloud( 1008): 1333728414266: GPS x/long:-71.10246007572434, GPS y/lat: 42.36478978417253. Region width in x: 51.96152422706632
I/CameraCloud( 1008): 1333728414267: location PINPOINTS to region = 4.0, previous 4
I/CameraCloud( 1008): 1333728414267: stay at region 4
I/CameraCloud( 1008): 1333728414267: .......... GPS onLocationChanged ...... 
I/CameraCloud( 1008): 1333728414268: Loc = Location[mProvider=gps,mTime=1333814793000,mLatitude=42.36478993717314,mLongitude=-71.10248126934756,mHasAltitude=true,mAltitude=-25.0,mHasSpeed=true,mSpeed=0.0,mHasBearing=true,mBearing=311.3065,mHasAccuracy=true,mAccuracy=10.0,mExtras=Bundle[mParcelledData.dataSize=4]] Previous Region = (4,0)
I/CameraCloud( 1008): 1333728414278: GPS x/long:-71.10248126934756, GPS y/lat: 42.36478993717314. Region width in x: 51.96152422706632
I/CameraCloud( 1008): 1333728414281: location PINPOINTS to region = 4.0, previous 4
I/CameraCloud( 1008): 1333728414281: stay at region 4
I/CameraCloud( 1008): 1333728414282: .......... GPS onLocationChanged ...... 
I/CameraCloud( 1008): 1333728414283: Loc = Location[mProvider=gps,mTime=1333814794000,mLatitude=42.36479529116954,mLongitude=-71.10249214301999,mHasAltitude=true,mAltitude=-23.0,mHasSpeed=true,mSpeed=0.9521888,mHasBearing=true,mBearing=306.09308,mHasAccuracy=true,mAccuracy=10.0,mExtras=Bundle[mParcelledData.dataSize=4]] Previous Region = (4,0)
I/CameraCloud( 1008): 1333728414285: GPS x/long:-71.10249214301999, GPS y/lat: 42.36479529116954. Region width in x: 51.96152422706632
I/CameraCloud( 1008): 1333728414285: location PINPOINTS to region = 4.0, previous 4
I/CameraCloud( 1008): 1333728414285: stay at region 4
I/CameraCloud( 1008): 1333728414290: .......... GPS onLocationChanged ...... 
I/CameraCloud( 1008): 1333728414291: Loc = Location[mProvider=gps,mTime=1333814795000,mLatitude=42.36480262356043,mLongitude=-71.1025017224198,mHasAltitude=true,mAltitude=-22.0,mHasSpeed=true,mSpeed=0.0,mHasBearing=true,mBearing=308.31204,mHasAccuracy=true,mAccuracy=10.0,mExtras=Bundle[mParcelledData.dataSize=4]] Previous Region = (4,0)
I/CameraCloud( 1008): 1333728414291: GPS x/long:-71.1025017224198, GPS y/lat: 42.36480262356043. Region width in x: 51.96152422706632
I/CameraCloud( 1008): 1333728414292: location PINPOINTS to region = 4.0, previous 4
I/CameraCloud( 1008): 1333728414292: stay at region 4
I/CameraCloud( 1008): 1333728414293: .......... GPS onLocationChanged ...... 
D/dalvikvm( 1008): GC_CONCURRENT freed 2576K, 35% free 10642K/16199K, paused 2ms+2ms
I/CameraCloud( 1008): 1333728414294: Loc = Location[mProvider=gps,mTime=1333814797000,mLatitude=42.36481252719236,mLongitude=-71.10251802680374,mHasAltitude=true,mAltitude=-19.0,mHasSpeed=true,mSpeed=0.0,mHasBearing=true,mBearing=305.7124,mHasAccuracy=true,mAccuracy=15.0,mExtras=Bundle[mParcelledData.dataSize=4]] Previous Region = (4,0)
I/CameraCloud( 1008): 1333728414298: GPS x/long:-71.10251802680374, GPS y/lat: 42.36481252719236. Region width in x: 51.96152422706632
I/CameraCloud( 1008): 1333728414299: location PINPOINTS to region = 4.0, previous 4
I/CameraCloud( 1008): 1333728414299: stay at region 4
I/CameraCloud( 1008): 1333728414300: .......... GPS onLocationChanged ...... 
I/CameraCloud( 1008): 1333728414300: Loc = Location[mProvider=gps,mTime=1333814798000,mLatitude=42.36481831072118,mLongitude=-71.10253040769635,mHasAltitude=true,mAltitude=-20.0,mHasSpeed=true,mSpeed=0.0,mHasBearing=true,mBearing=306.77414,mHasAccuracy=true,mAccuracy=15.0,mExtras=Bundle[mParcelledData.dataSize=4]] Previous Region = (4,0)
I/CameraCloud( 1008): 1333728414301: GPS x/long:-71.10253040769635, GPS y/lat: 42.36481831072118. Region width in x: 51.96152422706632
I/CameraCloud( 1008): 1333728414301: location PINPOINTS to region = 4.0, previous 4
I/CameraCloud( 1008): 1333728414301: stay at region 4
I/CameraCloud( 1008): 1333728414302: .......... GPS onLocationChanged ...... 
I/CameraCloud( 1008): 1333728414303: Loc = Location[mProvider=gps,mTime=1333814799000,mLatitude=42.36482442823296,mLongitude=-71.10254249556472,mHasAltitude=true,mAltitude=-20.0,mHasSpeed=true,mSpeed=0.9305981,mHasBearing=true,mBearing=307.8433,mHasAccuracy=true,mAccuracy=15.0,mExtras=Bundle[mParcelledData.dataSize=4]] Previous Region = (4,0)
I/CameraCloud( 1008): 1333728414321: GPS x/long:-71.10254249556472, GPS y/lat: 42.36482442823296. Region width in x: 51.96152422706632
I/CameraCloud( 1008): 1333728414322: location PINPOINTS to region = 4.0, previous 4
I/CameraCloud( 1008): 1333728414322: location is INSIDE BOUNDARY, stay at prev region = (4,0)
I/CameraCloud( 1008): 1333728414323: .......... GPS onLocationChanged ...... 
I/CameraCloud( 1008): 1333728414323: Loc = Location[mProvider=gps,mTime=1333814801000,mLatitude=42.364836455760035,mLongitude=-71.10256476620243,mHasAltitude=true,mAltitude=-16.0,mHasSpeed=true,mSpeed=0.20087345,mHasBearing=true,mBearing=306.5792,mHasAccuracy=true,mAccuracy=15.0,mExtras=Bundle[mParcelledData.dataSize=4]] Previous Region = (4,0)
I/CameraCloud( 1008): 1333728414324: GPS x/long:-71.10256476620243, GPS y/lat: 42.364836455760035. Region width in x: 51.96152422706632
I/CameraCloud( 1008): 1333728414324: location PINPOINTS to region = 4.0, previous 4
I/CameraCloud( 1008): 1333728414325: location is INSIDE BOUNDARY, stay at prev region = (4,0)
I/CameraCloud( 1008): 1333728414325: .......... GPS onLocationChanged ...... 
I/CameraCloud( 1008): 1333728414326: Loc = Location[mProvider=gps,mTime=1333814802000,mLatitude=42.3648455249279,mLongitude=-71.10258773657716,mHasAltitude=true,mAltitude=-13.0,mHasSpeed=true,mSpeed=0.0,mHasBearing=true,mBearing=306.86215,mHasAccuracy=true,mAccuracy=15.0,mExtras=Bundle[mParcelledData.dataSize=4]] Previous Region = (4,0)
I/CameraCloud( 1008): 1333728414326: GPS x/long:-71.10258773657716, GPS y/lat: 42.3648455249279. Region width in x: 51.96152422706632
I/CameraCloud( 1008): 1333728414327: location PINPOINTS to region = 5.0, previous 4
I/CameraCloud( 1008): 1333728414327: location is INSIDE BOUNDARY, stay at prev region = (4,0)
I/CameraCloud( 1008): 1333728414329: .......... GPS onLocationChanged ...... 
I/CameraCloud( 1008): 1333728414329: Loc = Location[mProvider=gps,mTime=1333814803000,mLatitude=42.364851788568444,mLongitude=-71.10259930999311,mHasAltitude=true,mAltitude=-21.0,mHasSpeed=true,mSpeed=0.40694708,mHasBearing=true,mBearing=306.73306,mHasAccuracy=true,mAccuracy=15.0,mExtras=Bundle[mParcelledData.dataSize=4]] Previous Region = (4,0)
I/CameraCloud( 1008): 1333728414330: GPS x/long:-71.10259930999311, GPS y/lat: 42.364851788568444. Region width in x: 51.96152422706632
I/CameraCloud( 1008): 1333728414330: location PINPOINTS to region = 5.0, previous 4
I/CameraCloud( 1008): 1333728414330: location is INSIDE BOUNDARY, stay at prev region = (4,0)
I/CameraCloud( 1008): 1333728414331: .......... GPS onLocationChanged ...... 
