--------- beginning of /dev/log/system
I/Vold    (   73): Vold 2.1 (the revenge) firing up
D/Vold    (   73): Volume sdcard state changing -1 (Initializing) -> 0 (No-Media)
D/Vold    (   73): Volume sdcard state changing 0 (No-Media) -> 2 (Pending)
D/Vold    (   73): Volume sdcard state changing 2 (Pending) -> 1 (Idle-Unmounted)
W/Vold    (   73): Duplicate state (1)
W/Vold    (   73): Duplicate state (1)
W/Vold    (   73): Duplicate state (1)
W/Vold    (   73): Duplicate state (1)
I/SystemServer(  152): Entered the Android system server!
I/SystemServer(  152): Entropy Service
I/SystemServer(  152): Power Manager
I/SystemServer(  152): Activity Manager
I/ActivityManager(  152): Memory class: 48
I/SystemServer(  152): Telephony Registry
I/SystemServer(  152): Package Manager
W/PackageParser(  152): No actions in intent filter at /system/app/Bluetooth.apk Binary XML file line #125
W/PackageParser(  152): No actions in intent filter at /system/app/Contacts.apk Binary XML file line #525
W/PackageParser(  152): Unknown element under <manifest>: supports-gl-texture at /system/app/GoogleEarth.apk Binary XML file line #3
I/Installer(  152): connecting...
I/PackageParser(  152): com.googlecode.android.wifi.tether: compat added android.permission.WRITE_EXTERNAL_STORAGE android.permission.READ_PHONE_STATE
I/PackageManager(  152): Time to scan packages: 3.949 seconds
W/PackageManager(  152): Not granting permission android.permission.SEND_DOWNLOAD_COMPLETED_INTENTS to package com.google.android.browser (protectionLevel=2 flags=0x9be45)
W/PackageManager(  152): Unknown permission com.android.vending.permission.UPDATE_MARKET_FAILURE in package com.android.vending.updater
W/PackageManager(  152): Unknown permission android.permission.ADD_SYSTEM_SERVICE in package com.android.phone
W/PackageManager(  152): Unknown permission com.android.smspush.WAPPUSH_MANAGER_BIND in package com.android.phone
W/PackageManager(  152): Unknown permission com.android.vending.billing.IBillingAccountService.BIND2 in package com.google.android.gsf.login
W/PackageManager(  152): Not granting permission android.permission.DEVICE_POWER to package com.google.android.deskclock (protectionLevel=2 flags=0x8be45)
W/PackageManager(  152): Unknown permission android.permission.READ_OWNER_DATA in package com.google.android.setupwizard
W/PackageManager(  152): Unknown permission android.permission.WRITE_OWNER_DATA in package com.google.android.setupwizard
W/PackageManager(  152): Not granting permission com.google.android.gm.permission.READ_GMAIL to package com.google.android.apps.uploader (protectionLevel=2 flags=0x8be45)
W/PackageManager(  152): Unknown permission android.permission.READ_EXTERNAL_STORAGE in package com.android.vending
W/PackageManager(  152): Not granting permission android.permission.SEND_DOWNLOAD_COMPLETED_INTENTS to package com.android.vending (protectionLevel=2 flags=0xabec5)
W/PackageManager(  152): Not granting permission android.permission.ACCOUNT_MANAGER to package com.google.android.music (protectionLevel=2 flags=0x8be65)
W/PackageManager(  152): Unknown permission com.android.providers.im.permission.READ_ONLY in package com.google.android.apps.maps
W/PackageManager(  152): Unknown permission android.permission.READ_EXTERNAL_STORAGE in package com.google.android.videoeditor
W/PackageManager(  152): Unknown permission com.google.android.apps.googlevoice.REMOTE_INTENT in package com.google.android.apps.googlevoice
W/PackageManager(  152): Unknown permission com.google.android.permission.RECEIVE_DATA_MESSAGE in package com.google.android.apps.googlevoice
W/PackageManager(  152): Unknown permission com.google.android.permission.SEND_DATA_MESSAGE in package com.google.android.apps.googlevoice
I/SystemServer(  152): Account Manager
I/SystemServer(  152): Content Manager
I/SystemServer(  152): System Content Providers
I/SystemServer(  152): Lights Service
I/SystemServer(  152): Battery Service
I/SystemServer(  152): Vibrator Service
I/SystemServer(  152): Alarm Manager
I/SystemServer(  152): Init Watchdog
I/SystemServer(  152): Window Manager
I/InputManager(  152): Initializing input manager
W/StatusBarManager(  152): warning: no STATUS_BAR_SERVICE
I/InputManager(  152): Starting input manager
I/SystemServer(  152): Bluetooth Service
I/SystemServer(  152): Input Method Service
W/InputManagerService(  152): Couldn't create dir.: /data/system/inputmethod
I/SystemServer(  152): Accessibility Manager
I/ActivityManager(  152): Config changed: {1.0 0mcc0mnc en_US layoutdir=0 sw320dp w320dp h508dp nrml long port ?uimode ?night finger -keyb/v/h -nav/h s.2}
I/SystemServer(  152): Device Policy
I/SystemServer(  152): Status Bar
I/SystemServer(  152): Clipboard Service
I/SystemServer(  152): NetworkManagement Service
I/SystemServer(  152): Text Service Manager Service
I/SystemServer(  152): NetworkStats Service
I/SystemServer(  152): NetworkPolicy Service
I/SystemServer(  152): Wi-Fi P2pService
I/SystemServer(  152): Wi-Fi Service
I/SystemServer(  152): Connectivity Service
D/ConnectivityService(  152): ConnectivityService starting up
E/ConnectivityService(  152): Ignoring protectedNetwork 10
E/ConnectivityService(  152): Ignoring protectedNetwork 11
E/ConnectivityService(  152): Ignoring protectedNetwork 12
E/MobileDataStateTracker(  152): default: Ignoring feature request because could not acquire PhoneService
E/MobileDataStateTracker(  152): default: Could not enable APN type "default"
D/NetworkManagementService(  152): Registering observer
D/NetworkManagementService(  152): Registering observer
I/WifiService(  152): WifiService starting up with Wi-Fi disabled
I/SystemServer(  152): Throttle Service
I/SystemServer(  152): Mount Service
D/MountService(  152): got storage path: /mnt/sdcard description: USB storage primary: true removable: false emulated: false mtpReserve: 0 allowMassStorage: true maxFileSize: 4294967296
I/SystemServer(  152): Notification Manager
I/SystemServer(  152): Device Storage Monitor
I/SystemServer(  152): Location Manager
I/SystemServer(  152): Country Detector
I/SystemServer(  152): Search Service
I/SystemServer(  152): DropBox Service
I/SystemServer(  152): Wallpaper Service
I/SystemServer(  152): Audio Service
D/VoldCmdListener(   73): volume list
D/MountService(  152): volume state changed for /mnt/sdcard (null -> unmounted)
I/SystemServer(  152): Dock Observer
I/SystemServer(  152): Wired Accessory Observer
I/SystemServer(  152): USB Service
I/SystemServer(  152): UI Mode Manager Service
I/SystemServer(  152): Backup Service
V/BackupManagerService(  152): Initializing package tracking
V/BackupManagerService(  152): No ancestral data
V/BackupManagerService(  152): addPackageParticipantsLocked: null
I/BackupManagerService(  152): New app android never backed up; scheduling
I/BackupManagerService(  152): New app com.android.nfc never backed up; scheduling
I/BackupManagerService(  152): New app com.android.providers.settings never backed up; scheduling
I/BackupManagerService(  152): New app com.android.providers.userdictionary never backed up; scheduling
I/BackupManagerService(  152): New app com.android.sharedstoragebackup never backed up; scheduling
I/BackupManagerService(  152): New app com.android.vending never backed up; scheduling
I/BackupManagerService(  152): New app com.google.android.browser never backed up; scheduling
I/BackupManagerService(  152): New app com.google.android.calendar never backed up; scheduling
I/BackupManagerService(  152): New app com.google.android.gm never backed up; scheduling
I/BackupManagerService(  152): New app com.google.android.inputmethod.latin never backed up; scheduling
I/BackupManagerService(  152): New app org.connectbot never backed up; scheduling
V/BackupManagerService(  152): Registering transport android/com.android.internal.backup.LocalTransport = com.android.internal.backup.LocalTransport@414408f0
V/BackupManagerService(  152): Starting with transport com.google.android.backup/.BackupTransportService
V/BackupManagerService(  152): Binding to Google transport
I/BackupManagerService(  152): Found stale backup journal, scheduling
I/BackupManagerService(  152):   android
I/BackupManagerService(  152):   com.android.nfc
I/BackupManagerService(  152):   com.android.providers.settings
I/BackupManagerService(  152):   com.android.providers.userdictionary
I/BackupManagerService(  152):   com.android.sharedstoragebackup
I/BackupManagerService(  152):   com.android.vending
I/BackupManagerService(  152):   com.google.android.browser
I/BackupManagerService(  152):   com.google.android.calendar
I/BackupManagerService(  152):   com.google.android.gm
I/BackupManagerService(  152):   com.google.android.inputmethod.latin
I/BackupManagerService(  152):   org.connectbot
I/BackupManagerService(  152): Backup enabled => false
I/BackupManagerService(  152): Opting out of backup
I/SystemServer(  152): AppWidget Service
I/SystemServer(  152): Recognition Service
I/SystemServer(  152): DiskStats Service
I/SystemServer(  152): SamplingProfiler Service
I/SystemServer(  152): NetworkTimeUpdateService
D/PowerManagerService(  152): system ready!
I/ActivityManager(  152): System now ready
I/SystemServer(  152): Making services ready
D/SystemServer(  152): Starting service: Intent { cmp=com.android.systemui/.SystemUIService }
I/ActivityManager(  152): Start proc com.android.systemui for service com.android.systemui/.SystemUIService: pid=219 uid=1000 gids={1015, 3002, 3001, 3003, 3007}
D/NetworkManagementService(  152): enabling bandwidth control
D/SystemUIService(  219): loading: class com.android.systemui.statusbar.phone.PhoneStatusBar
D/SystemUIService(  219): running: com.android.systemui.statusbar.phone.PhoneStatusBar@4132e238
D/NetworkManagementService(  152): Registering observer
D/NetworkManagementService(  152): Registering observer
I/ActivityManager(  152): Config changed: {1.0 0mcc0mnc en_US layoutdir=0 sw320dp w320dp h508dp nrml long port finger -keyb/v/h -nav/h s.3}
I/ActivityManager(  152): Start proc android.process.media for broadcast com.android.providers.media/.UsbReceiver: pid=266 uid=10014 gids={1015, 1023, 1024, 2001, 3003, 3007}
I/StatusBarManagerService(  152): registerStatusBar bar=com.android.internal.statusbar.IStatusBar$Stub$Proxy@41349788
D/PhoneStatusBar(  219): disable: < expand icons alerts ticker system_info BACK* HOME* RECENT* CLOCK* >
D/StorageNotification(  219): Startup with UMS connection false (media state unmounted)
I/StorageNotification(  219): UMS connection changed to false (media state unmounted)
D/SystemUIService(  219): loading: class com.android.systemui.power.PowerUI
D/SystemUIService(  219): running: com.android.systemui.power.PowerUI@41323088
I/ActivityManager(  152): Start proc com.android.wallpaper for service com.android.wallpaper/.nexus.NexusWallpaper: pid=282 uid=10030 gids={1006}
W/InputManagerService(  152): Ignoring setImeWindowStatus of uid 1000 token: null
I/ActivityManager(  152): Start proc com.google.android.inputmethod.latin for service com.google.android.inputmethod.latin/com.android.inputmethod.latin.LatinIME: pid=294 uid=10028 gids={}
D/NetworkManagementService(  152): Registering observer
W/ThrottleService(  152): unable to find stats for iface rmnet0
I/ActivityManager(  152): Start proc com.android.phone for added application com.android.phone: pid=315 uid=1001 gids={3002, 3001, 3003, 1015}
I/ActivityManager(  152): Start proc com.android.nfc for added application com.android.nfc: pid=329 uid=1027 gids={3002, 3001}
I/ActivityManager(  152): START {act=android.intent.action.MAIN cat=[android.intent.category.HOME] flg=0x10000000 cmp=com.android.launcher/com.android.launcher2.Launcher} from pid 0
I/ActivityManager(  152): Start proc com.android.launcher for activity com.android.launcher/com.android.launcher2.Launcher: pid=342 uid=10029 gids={}
D/WifiService(  152): New client listening to asynchronous messages
W/ActivityManager(  152): Unable to start service Intent { act=com.android.internal.telephony.IWapPushManager }: not found
I/ActivityManager(  152): Start proc com.google.android.inputmethod.latin.dictionarypack for content provider com.google.android.inputmethod.latin.dictionarypack/.DictionaryProvider: pid=380 uid=10027 gids={3003, 1015}
I/ActivityManager(  152): Start proc android.process.acore for content provider com.android.providers.userdictionary/.UserDictionaryProvider: pid=398 uid=10000 gids={3003, 1015}
W/ActivityManager(  152): Unable to start service Intent { act=com.android.ussd.IExtendedNetworkService }: not found
I/ActivityManager(  152): Start proc com.google.process.gapps for service com.google.android.location/.NetworkLocationService: pid=453 uid=10011 gids={3003, 1015, 1007, 2001, 3006}
I/ActivityManager(  152): Start proc com.android.settings for broadcast com.android.settings/.widget.SettingsAppWidgetProvider: pid=468 uid=1000 gids={1015, 3002, 3001, 3003, 3007}
I/StorageNotification(  219): UMS connection changed to false (media state unmounted)
V/BackupManagerService(  152): Connected to Google transport
V/BackupManagerService(  152): Registering transport com.google.android.backup/.BackupTransportService = com.google.android.backup.BackupTransportService$1@41677220
D/PowerManagerService(  152): bootCompleted
V/DevicePolicyManagerService(  152): Sending password expiration notifications for action android.intent.action.BOOT_COMPLETED
D/VoldCmdListener(   73): volume mount /mnt/sdcard
I/Vold    (   73): /dev/block/vold/179:3 being considered for volume sdcard
D/Vold    (   73): Volume sdcard state changing 1 (Idle-Unmounted) -> 3 (Checking)
D/MountService(  152): volume state changed for /mnt/sdcard (unmounted -> checking)
I/ActivityManager(  152): Start proc com.android.contacts for broadcast com.android.contacts/.calllog.CallLogReceiver: pid=499 uid=10000 gids={3003, 1015}
I/StorageNotification(  219): Media {/mnt/sdcard} state changed from {unmounted} -> {checking}
D/MountService(  152): sendStorageIntent Intent { act=android.intent.action.MEDIA_CHECKING dat=file:///mnt/sdcard (has extras) }
V/WiredAccessoryObserver(  152): init()
W/WiredAccessoryObserver(  152): This kernel does not have wired headset support
W/WiredAccessoryObserver(  152): This kernel does not have wired headset support
I/WifiService(  152): WifiService trying to set country code to us with persist set to true
I/ActivityManager(  152): Config changed: {1.0 310mcc260mnc en_US layoutdir=0 sw320dp w320dp h508dp nrml long port finger -keyb/v/h -nav/h s.4}
I/ActivityManager(  152): Start proc com.android.providers.calendar for broadcast com.android.providers.calendar/.CalendarReceiver: pid=544 uid=10007 gids={3003, 1015}
I/ActivityManager(  152): Start proc com.google.android.deskclock for broadcast com.google.android.deskclock/com.android.deskclock.AlarmInitReceiver: pid=558 uid=10013 gids={}
I/ActivityManager(  152): Start proc com.google.android.email for broadcast com.google.android.email/com.android.email.service.EmailBroadcastReceiver: pid=573 uid=10015 gids={3003, 1015}
I/ActivityManager(  152): Start proc com.google.android.exchange for service com.google.android.exchange/com.android.exchange.ExchangeService: pid=588 uid=10016 gids={3003, 1015}
I/ActivityManager(  152): Start proc com.google.android.apps.genie.geniewidget for broadcast com.google.android.apps.genie.geniewidget/.miniwidget.MiniWidgetProvider: pid=606 uid=10018 gids={3003, 1015}
I/ActivityManager(  152): Start proc com.google.android.gm for broadcast com.google.android.gm/.MailIntentReceiver: pid=628 uid=10019 gids={3003, 1015}
I/ActivityManager(  152): Start proc com.google.android.partnersetup for broadcast com.google.android.partnersetup/.GooglePartnerSetup: pid=649 uid=10022 gids={3003}
I/ActivityManager(  152): Start proc com.google.android.gsf.login for service com.google.android.gsf.login/com.google.android.gsf.loginservice.GoogleLoginService: pid=661 uid=10011 gids={3003, 1015, 1007, 2001, 3006}
I/ActivityManager(  152): Start proc com.google.android.apps.maps:FriendService for broadcast com.google.android.apps.maps/com.google.googlenav.friend.android.ServiceReceiver: pid=699 uid=10032 gids={3003, 1015}
I/ActivityManager(  152): START {flg=0x10000000 cmp=com.google.android.gsf/.update.SystemUpdateInstallDialog} from pid 453
I/ActivityManager(  152): START {flg=0x10000000 cmp=com.google.android.gsf/.update.SystemUpdateDownloadDialog} from pid 453
I/ActivityManager(  152): Start proc com.google.android.apps.maps:NetworkLocationService for service com.google.android.apps.maps/com.google.android.location.internal.server.NetworkLocationService: pid=715 uid=10032 gids={3003, 1015}
D/CountryDetectorService(  152): The first listener is added
W/ActivityManager(  152): Permission Denial: receiving Intent { act=android.intent.action.BOOT_COMPLETED flg=0x10 } to com.android.musicfx requires android.permission.RECEIVE_BOOT_COMPLETED due to sender null (uid 1000)
I/ActivityManager(  152): Start proc com.google.android.onetimeinitializer for broadcast com.google.android.onetimeinitializer/.OneTimeInitializerReceiver: pid=753 uid=10040 gids={}
I/ActivityManager(  152): Start proc com.google.android.talk for broadcast com.google.android.talk/.videochat.BootCompleteReceiver: pid=770 uid=10050 gids={3003, 1015, 1006, 3002}
D/ConnectivityService(  152): handleInetConditionChange: no active default network - ignore
I/ActivityManager(  152): Start proc com.android.mms for broadcast com.android.mms/.transaction.MmsSystemEventReceiver: pid=728 uid=10036 gids={3003, 1015}
I/ActivityManager(  152): Start proc com.google.android.videos for broadcast com.google.android.videos/com.google.android.youtube.videos.transfer.VideoDownloadService$BootReceiver: pid=796 uid=10053 gids={3003, 1015}
I/ActivityManager(  152): Start proc com.android.voicedialer for broadcast com.android.voicedialer/.VoiceDialerReceiver: pid=824 uid=10055 gids={3002}
W/ActivityManager(  152): Permission Denial: receiving Intent { act=android.intent.action.BOOT_COMPLETED flg=0x10 } to com.google.android.youtube requires android.permission.RECEIVE_BOOT_COMPLETED due to sender null (uid 1000)
W/ActivityManager(  152): Permission Denial: receiving Intent { act=android.intent.action.BOOT_COMPLETED flg=0x10 } to com.google.android.youtube requires android.permission.RECEIVE_BOOT_COMPLETED due to sender null (uid 1000)
I/ActivityManager(  152): Start proc com.google.android.apps.googlevoice for broadcast com.google.android.apps.googlevoice/.BootUpReceiver: pid=837 uid=10058 gids={3003, 1015}
I/ActivityManager(  152): Start proc com.android.vending for broadcast com.android.vending/.MarketWidgetProvider: pid=851 uid=10043 gids={3003, 1015}
I/ActivityManager(  152): No longer want com.google.android.inputmethod.latin.dictionarypack (pid 380): hidden #16
D/PhoneStatusBar(  219): disable: < expand icons alerts ticker system_info BACK HOME recent* CLOCK >
D/PhoneStatusBar(  219): disable: < expand icons alerts ticker system_info back* home* recent clock* >
I/ActivityManager(  152): No longer want com.android.contacts (pid 499): hidden #16
I/ActivityManager(  152): Start proc com.google.android.calendar for broadcast com.google.android.calendar/com.android.calendar.widget.CalendarAppWidgetService$CalendarFactory: pid=884 uid=10006 gids={3003}
I/ActivityManager(  152): No longer want com.android.providers.calendar (pid 544): hidden #16
I/ActivityManager(  152): Start proc com.google.android.apps.maps:LocationFriendService for broadcast com.google.android.apps.maps/com.google.googlenav.friend.reporting.LocationReportingIntentReceiver: pid=899 uid=10032 gids={3003, 1015}
I/ActivityManager(  152): No longer want com.google.android.apps.genie.geniewidget (pid 606): hidden #16
I/ActivityManager(  152): Start proc com.android.providers.calendar for content provider com.android.providers.calendar/.CalendarProvider2: pid=910 uid=10007 gids={3003, 1015}
I/ActivityManager(  152): No longer want com.google.android.gsf.login (pid 661): hidden #16
I/ActivityManager(  152): Start proc com.google.android.music:main for broadcast com.google.android.music/.store.MediaStoreImportService$Receiver: pid=928 uid=10037 gids={3003, 1015}
I/ActivityManager(  152): No longer want com.google.android.partnersetup (pid 649): hidden #16
D/ConnectivityService(  152): ConnectivityChange for mobile: CONNECTED/CONNECTED
I/ActivityManager(  152): No longer want com.android.mms (pid 728): hidden #16
D/CountryDetectorService(  152): No listener is left
I/ActivityManager(  152): No longer want com.google.android.onetimeinitializer (pid 753): hidden #16
I/ActivityManager(  152): No longer want com.google.android.email (pid 573): hidden #16
I/ActivityManager(  152): No longer want com.google.android.exchange (pid 588): hidden #16
I/Vold    (   73): Filesystem check completed OK
I/Vold    (   73): Device /dev/block/vold/179:3, target /mnt/sdcard mounted @ /mnt/secure/staging
D/Vold    (   73): Volume sdcard state changing 3 (Checking) -> 4 (Mounted)
D/MountService(  152): volume state changed for /mnt/sdcard (checking -> mounted)
I/StorageNotification(  219): Media {/mnt/sdcard} state changed from {checking} -> {mounted}
D/MountService(  152): sendStorageIntent Intent { act=android.intent.action.MEDIA_MOUNTED dat=file:///mnt/sdcard (has extras) }
I/ActivityManager(  152): Start proc com.google.android.apps.uploader for broadcast com.google.android.apps.uploader/.ConnectivityBroadcastReceiver: pid=960 uid=10034 gids={3003}
D/VoldCmdListener(   73): asec list
W/PackageManager(  152): Not granting permission android.permission.SEND_DOWNLOAD_COMPLETED_INTENTS to package com.google.android.browser (protectionLevel=2 flags=0x9be45)
W/PackageManager(  152): Unknown permission com.android.vending.permission.UPDATE_MARKET_FAILURE in package com.android.vending.updater
W/PackageManager(  152): Unknown permission android.permission.ADD_SYSTEM_SERVICE in package com.android.phone
W/PackageManager(  152): Unknown permission com.android.smspush.WAPPUSH_MANAGER_BIND in package com.android.phone
W/PackageManager(  152): Unknown permission com.android.vending.billing.IBillingAccountService.BIND2 in package com.google.android.gsf.login
W/PackageManager(  152): Not granting permission android.permission.DEVICE_POWER to package com.google.android.deskclock (protectionLevel=2 flags=0x8be45)
W/PackageManager(  152): Unknown permission android.permission.READ_OWNER_DATA in package com.google.android.setupwizard
W/PackageManager(  152): Unknown permission android.permission.WRITE_OWNER_DATA in package com.google.android.setupwizard
W/PackageManager(  152): Not granting permission com.google.android.gm.permission.READ_GMAIL to package com.google.android.apps.uploader (protectionLevel=2 flags=0x8be45)
W/PackageManager(  152): Unknown permission android.permission.READ_EXTERNAL_STORAGE in package com.android.vending
W/PackageManager(  152): Not granting permission android.permission.SEND_DOWNLOAD_COMPLETED_INTENTS to package com.android.vending (protectionLevel=2 flags=0xabec5)
W/PackageManager(  152): Not granting permission android.permission.ACCOUNT_MANAGER to package com.google.android.music (protectionLevel=2 flags=0x8be65)
W/PackageManager(  152): Unknown permission com.android.providers.im.permission.READ_ONLY in package com.google.android.apps.maps
W/PackageManager(  152): Unknown permission android.permission.READ_EXTERNAL_STORAGE in package com.google.android.videoeditor
W/PackageManager(  152): Unknown permission com.google.android.apps.googlevoice.REMOTE_INTENT in package com.google.android.apps.googlevoice
W/PackageManager(  152): Unknown permission com.google.android.permission.RECEIVE_DATA_MESSAGE in package com.google.android.apps.googlevoice
W/PackageManager(  152): Unknown permission com.google.android.permission.SEND_DATA_MESSAGE in package com.google.android.apps.googlevoice
I/ActivityManager(  152): Start proc com.google.android.apps.plus for broadcast com.google.android.apps.plus/.service.PackagesMediaMonitor: pid=975 uid=10044 gids={3003, 1015, 1006}
I/ActivityManager(  152): No longer want android.process.acore (pid 398): hidden #16
I/ActivityManager(  152): No longer want com.google.android.videos (pid 796): hidden #16
D/ConnectivityService(  152): handleInetConditionHoldEnd: net=0, condition=100, published condition=0
D/ConnectivityService(  152): handleInetConditionHoldEnd: net=0, condition=0, published condition=100
I/ActivityManager(  152): START {act=android.intent.action.MAIN cat=[android.intent.category.LAUNCHER] flg=0x10200000 cmp=edu.mit.haoqili.camera_cloud/.CameraCloud} from pid 342
I/ActivityManager(  152): Start proc edu.mit.haoqili.camera_cloud for activity edu.mit.haoqili.camera_cloud/.CameraCloud: pid=1008 uid=10066 gids={1006, 1015, 3003}
W/InputManagerService(  152): Starting input on non-focused client com.android.internal.view.IInputMethodClient$Stub$Proxy@4165e1a8 (uid=10029 pid=342)
D/ConnectivityService(  152): handleInetConditionHoldEnd: net=0, condition=100, published condition=0
D/NetworkPolicy(  152): applying policy NetworkPolicy[NetworkTemplate: matchRule=MOBILE_ALL, subscriberId=valid]: cycleDay=15, warningBytes=2147483648, limitBytes=-1, lastSnooze=-1 to ifaces [rmnet0]
D/PhoneStatusBar(  219): disable: < expand icons alerts ticker system_info back home RECENT* clock >
D/PhoneStatusBar(  219): disable: < expand icons alerts ticker system_info BACK* HOME* RECENT CLOCK* >
D/ConnectivityService(  152): handleInetConditionHoldEnd: net=0, condition=0, published condition=100
D/ConnectivityService(  152): handleInetConditionHoldEnd: net=0, condition=100, published condition=0
D/ConnectivityService(  152): handleInetConditionHoldEnd: net=0, condition=0, published condition=100
D/ConnectivityService(  152): handleInetConditionHoldEnd: net=0, condition=100, published condition=0
D/ConnectivityService(  152): handleInetConditionHoldEnd: net=0, condition=0, published condition=100
D/ConnectivityService(  152): handleInetConditionHoldEnd: net=0, condition=100, published condition=0
D/ConnectivityService(  152): handleInetConditionHoldEnd: net=0, condition=0, published condition=100
I/WindowManager(  152): Lock screen displayed!
D/PhoneStatusBar(  219): disable: < expand icons alerts ticker system_info BACK HOME recent* CLOCK >
W/InputManagerService(  152): Window already focused, ignoring focus gain of: com.android.internal.view.IInputMethodClient$Stub$Proxy@41544e50
D/PhoneStatusBar(  219): disable: < expand icons alerts ticker system_info back* home* recent clock* >
D/ConnectivityService(  152): handleInetConditionHoldEnd: net=0, condition=100, published condition=0
D/ConnectivityService(  152): handleInetConditionHoldEnd: net=0, condition=0, published condition=100
D/ConnectivityService(  152): handleInetConditionHoldEnd: net=0, condition=100, published condition=0
D/ConnectivityService(  152): handleInetConditionHoldEnd: net=0, condition=0, published condition=100
D/ConnectivityService(  152): handleInetConditionHoldEnd: net=0, condition=100, published condition=0
D/ConnectivityService(  152): handleInetConditionHoldEnd: net=0, condition=0, published condition=100
D/ConnectivityService(  152): handleInetConditionHoldEnd: net=0, condition=100, published condition=0
D/ConnectivityService(  152): handleInetConditionHoldEnd: net=0, condition=0, published condition=100
D/ConnectivityService(  152): handleInetConditionHoldEnd: net=0, condition=100, published condition=0
D/ConnectivityService(  152): handleInetConditionHoldEnd: net=0, condition=0, published condition=100
D/ConnectivityService(  152): handleInetConditionHoldEnd: net=0, condition=100, published condition=0
D/ConnectivityService(  152): handleInetConditionHoldEnd: net=0, condition=0, published condition=100
D/ConnectivityService(  152): handleInetConditionHoldEnd: net=0, condition=100, published condition=0
D/ConnectivityService(  152): handleInetConditionHoldEnd: net=0, condition=0, published condition=100
D/ConnectivityService(  152): handleInetConditionHoldEnd: net=0, condition=100, published condition=0
D/ConnectivityService(  152): handleInetConditionHoldEnd: net=0, condition=0, published condition=100
D/ConnectivityService(  152): handleInetConditionHoldEnd: net=0, condition=100, published condition=0
D/ConnectivityService(  152): handleInetConditionHoldEnd: net=0, condition=0, published condition=100
D/ConnectivityService(  152): handleInetConditionHoldEnd: net=0, condition=100, published condition=0
D/ConnectivityService(  152): handleInetConditionHoldEnd: net=0, condition=0, published condition=100
I/WindowManager(  152): Input event dispatching timed out sending to edu.mit.haoqili.camera_cloud/edu.mit.haoqili.camera_cloud.CameraCloud
E/ActivityManager(  152): ANR in edu.mit.haoqili.camera_cloud (edu.mit.haoqili.camera_cloud/.CameraCloud)
E/ActivityManager(  152): Reason: keyDispatchingTimedOut
E/ActivityManager(  152): Load: 0.01 / 0.07 / 0.12
E/ActivityManager(  152): CPU usage from 8555ms to 2558ms ago with 99% awake:
E/ActivityManager(  152):   51% 82/mediaserver: 49% user + 2% kernel / faults: 2 minor
E/ActivityManager(  152):   13% 79/surfaceflinger: 4.1% user + 9% kernel
E/ActivityManager(  152):   2.3% 87/gpsd: 2% user + 0.3% kernel
E/ActivityManager(  152):   2.1% 1008/edu.mit.haoqili.camera_cloud: 2% user + 0.1% kernel / faults: 853 minor 1 major
E/ActivityManager(  152):   1.3% 152/system_server: 1.1% user + 0.1% kernel / faults: 17 minor
E/ActivityManager(  152):   1% 4/kworker/0:0: 0% user + 1% kernel
E/ActivityManager(  152):   0.5% 5/kworker/u:0: 0% user + 0.5% kernel
E/ActivityManager(  152):   0.5% 57/kworker/u:2: 0% user + 0.5% kernel
E/ActivityManager(  152):   0.5% 315/com.android.phone: 0.1% user + 0.3% kernel / faults: 4 minor
E/ActivityManager(  152):   0.5% 715/com.google.android.apps.maps:NetworkLocationService: 0.3% user + 0.1% kernel / faults: 2 minor
E/ActivityManager(  152):   0.1% 219/com.android.systemui: 0.1% user + 0% kernel / faults: 1 minor
E/ActivityManager(  152):   0% 51/irq/308-mxt224_: 0% user + 0% kernel
E/ActivityManager(  152):   0% 78/rild: 0% user + 0% kernel
E/ActivityManager(  152):   0% 851/com.android.vending: 0% user + 0% kernel / faults: 1 minor
E/ActivityManager(  152): 73% TOTAL: 60% user + 12% kernel + 0.3% softirq
E/ActivityManager(  152): CPU usage from 770ms to 1284ms later with 99% awake:
E/ActivityManager(  152):   38% 82/mediaserver: 38% user + 0% kernel
E/ActivityManager(  152):     40% 1023/CameraPreviewTh: 40% user + 0% kernel
E/ActivityManager(  152):   14% 152/system_server: 9% user + 5.4% kernel / faults: 12 minor
E/ActivityManager(  152):     7.2% 187/InputDispatcher: 1.8% user + 5.4% kernel
E/ActivityManager(  152):     1.8% 179/UEventObserver: 1.8% user + 0% kernel
E/ActivityManager(  152):     1.8% 184/WindowManagerPo: 0% user + 1.8% kernel
E/ActivityManager(  152):     1.8% 341/Binder Thread #: 1.8% user + 0% kernel
E/ActivityManager(  152):   11% 79/surfaceflinger: 3.7% user + 7.5% kernel
E/ActivityManager(  152):     11% 134/SurfaceFlinger: 3.7% user + 7.5% kernel
E/ActivityManager(  152):     1.8% 536/Binder Thread #: 1.8% user + 0% kernel
E/ActivityManager(  152):   0.8% 5/kworker/u:0: 0% user + 0.8% kernel
E/ActivityManager(  152):   0.9% 219/com.android.systemui: 0.9% user + 0% kernel / faults: 3 minor
E/ActivityManager(  152):   1% 315/com.android.phone: 0% user + 1% kernel / faults: 4 minor
E/ActivityManager(  152):     1% 315/m.android.phone: 0% user + 1% kernel
E/ActivityManager(  152):   1.6% 329/com.android.nfc: 1.6% user + 0% kernel / faults: 4 minor
E/ActivityManager(  152):     1.6% 329/com.android.nfc: 1.6% user + 0% kernel
E/ActivityManager(  152):   1.1% 715/com.google.android.apps.maps:NetworkLocationService: 1.1% user + 0% kernel / faults: 3 minor
E/ActivityManager(  152): 69% TOTAL: 57% user + 11% kernel
W/InputManagerService(  152): Window already focused, ignoring focus gain of: com.android.internal.view.IInputMethodClient$Stub$Proxy@416c96e0
W/InputManagerService(  152): Window already focused, ignoring focus gain of: com.android.internal.view.IInputMethodClient$Stub$Proxy@415b0de0
D/ConnectivityService(  152): handleInetConditionHoldEnd: net=0, condition=100, published condition=0
D/ConnectivityService(  152): handleInetConditionHoldEnd: net=0, condition=0, published condition=100
--------- beginning of /dev/log/main
I/CameraCloud( 1008): 1333727995631: GPS x/long:-71.10032361670235, GPS y/lat: 42.363630004307346. Region width in x: 51.96152422706632
I/CameraCloud( 1008): 1333727995633: location PINPOINTS to region = 0.0, previous 0
I/CameraCloud( 1008): 1333727995634: stay at region 0
I/CameraCloud( 1008): 1333727997628: .......... GPS onLocationChanged ...... 
I/CameraCloud( 1008): 1333727997630: Loc = Location[mProvider=gps,mTime=1333814398000,mLatitude=42.36362538989127,mLongitude=-71.10033705457886,mHasAltitude=true,mAltitude=-19.0,mHasSpeed=true,mSpeed=0.15037712,mHasBearing=true,mBearing=284.72592,mHasAccuracy=true,mAccuracy=5.0,mExtras=Bundle[mParcelledData.dataSize=4]] Previous Region = (0,0)
I/CameraCloud( 1008): 1333727997631: GPS x/long:-71.10033705457886, GPS y/lat: 42.36362538989127. Region width in x: 51.96152422706632
I/CameraCloud( 1008): 1333727997632: location PINPOINTS to region = 0.0, previous 0
I/CameraCloud( 1008): 1333727997633: stay at region 0
I/CameraCloud( 1008): 1333727999604: .......... GPS onLocationChanged ...... 
I/CameraCloud( 1008): 1333727999605: Loc = Location[mProvider=gps,mTime=1333814400000,mLatitude=42.36362482106262,mLongitude=-71.10035222344608,mHasAltitude=true,mAltitude=-21.0,mHasSpeed=true,mSpeed=0.25239113,mHasBearing=true,mBearing=314.09552,mHasAccuracy=true,mAccuracy=10.0,mExtras=Bundle[mParcelledData.dataSize=4]] Previous Region = (0,0)
I/CameraCloud( 1008): 1333727999606: GPS x/long:-71.10035222344608, GPS y/lat: 42.36362482106262. Region width in x: 51.96152422706632
I/CameraCloud( 1008): 1333727999606: location PINPOINTS to region = 0.0, previous 0
I/CameraCloud( 1008): 1333727999606: stay at region 0
I/CameraCloud( 1008): 1333728001604: .......... GPS onLocationChanged ...... 
I/CameraCloud( 1008): 1333728001605: Loc = Location[mProvider=gps,mTime=1333814402000,mLatitude=42.36362346480777,mLongitude=-71.10036763905413,mHasAltitude=true,mAltitude=-17.0,mHasSpeed=true,mSpeed=0.36914822,mHasBearing=true,mBearing=298.8816,mHasAccuracy=true,mAccuracy=10.0,mExtras=Bundle[mParcelledData.dataSize=4]] Previous Region = (0,0)
I/CameraCloud( 1008): 1333728001605: GPS x/long:-71.10036763905413, GPS y/lat: 42.36362346480777. Region width in x: 51.96152422706632
I/CameraCloud( 1008): 1333728001606: location PINPOINTS to region = 0.0, previous 0
I/CameraCloud( 1008): 1333728001606: stay at region 0
I/CameraCloud( 1008): 1333728002602: .......... GPS onLocationChanged ...... 
I/CameraCloud( 1008): 1333728002602: Loc = Location[mProvider=gps,mTime=1333814403000,mLatitude=42.36361959070293,mLongitude=-71.10038269435483,mHasAltitude=true,mAltitude=-16.0,mHasSpeed=true,mSpeed=0.0,mHasBearing=true,mBearing=304.13312,mHasAccuracy=true,mAccuracy=10.0,mExtras=Bundle[mParcelledData.dataSize=4]] Previous Region = (0,0)
I/CameraCloud( 1008): 1333728002603: GPS x/long:-71.10038269435483, GPS y/lat: 42.36361959070293. Region width in x: 51.96152422706632
I/CameraCloud( 1008): 1333728002603: location PINPOINTS to region = 0.0, previous 0
I/CameraCloud( 1008): 1333728002604: stay at region 0
I/CameraCloud( 1008): 1333728012598: .......... GPS onLocationChanged ...... 
I/CameraCloud( 1008): 1333728012599: Loc = Location[mProvider=gps,mTime=1333814413000,mLatitude=42.36361374291759,mLongitude=-71.10039246377926,mHasAltitude=true,mAltitude=-18.0,mHasSpeed=true,mSpeed=0.046778172,mHasBearing=true,mBearing=165.85194,mHasAccuracy=true,mAccuracy=10.0,mExtras=Bundle[mParcelledData.dataSize=4]] Previous Region = (0,0)
I/CameraCloud( 1008): 1333728012599: GPS x/long:-71.10039246377926, GPS y/lat: 42.36361374291759. Region width in x: 51.96152422706632
I/CameraCloud( 1008): 1333728012599: location PINPOINTS to region = 0.0, previous 0
I/CameraCloud( 1008): 1333728012600: stay at region 0
D/dalvikvm(  152): GC_CONCURRENT freed 785K, 13% free 12491K/14343K, paused 3ms+15ms
I/CameraCloud( 1008): 1333728018601: .......... GPS onLocationChanged ...... 
I/CameraCloud( 1008): 1333728018605: Loc = Location[mProvider=gps,mTime=1333814419000,mLatitude=42.36361261384671,mLongitude=-71.1004067396952,mHasAltitude=true,mAltitude=-16.0,mHasSpeed=true,mSpeed=0.0,mHasBearing=true,mBearing=276.32645,mHasAccuracy=true,mAccuracy=10.0,mExtras=Bundle[mParcelledData.dataSize=4]] Previous Region = (0,0)
I/CameraCloud( 1008): 1333728018606: GPS x/long:-71.1004067396952, GPS y/lat: 42.36361261384671. Region width in x: 51.96152422706632
I/CameraCloud( 1008): 1333728018606: location PINPOINTS to region = 0.0, previous 0
I/CameraCloud( 1008): 1333728018606: stay at region 0
I/CameraCloud( 1008): 1333728020600: .......... GPS onLocationChanged ...... 
I/CameraCloud( 1008): 1333728020605: Loc = Location[mProvider=gps,mTime=1333814421000,mLatitude=42.363615283451864,mLongitude=-71.10042104318077,mHasAltitude=true,mAltitude=-16.0,mHasSpeed=true,mSpeed=0.3994747,mHasBearing=true,mBearing=277.70755,mHasAccuracy=true,mAccuracy=10.0,mExtras=Bundle[mParcelledData.dataSize=4]] Previous Region = (0,0)
I/CameraCloud( 1008): 1333728020606: GPS x/long:-71.10042104318077, GPS y/lat: 42.363615283451864. Region width in x: 51.96152422706632
I/CameraCloud( 1008): 1333728020606: location PINPOINTS to region = 0.0, previous 0
I/CameraCloud( 1008): 1333728020606: stay at region 0
D/dalvikvm( 1008): GC_CONCURRENT freed 3085K, 24% free 10356K/13575K, paused 6ms+4ms
I/CameraCloud( 1008): 1333728023611: .......... GPS onLocationChanged ...... 
I/CameraCloud( 1008): 1333728023612: Loc = Location[mProvider=gps,mTime=1333814424000,mLatitude=42.36361619725166,mLongitude=-71.1004385665783,mHasAltitude=true,mAltitude=-20.0,mHasSpeed=true,mSpeed=0.34650773,mHasBearing=true,mBearing=282.68872,mHasAccuracy=true,mAccuracy=10.0,mExtras=Bundle[mParcelledData.dataSize=4]] Previous Region = (0,0)
I/CameraCloud( 1008): 1333728023612: GPS x/long:-71.1004385665783, GPS y/lat: 42.36361619725166. Region width in x: 51.96152422706632
I/CameraCloud( 1008): 1333728023613: location PINPOINTS to region = 0.0, previous 0
I/CameraCloud( 1008): 1333728023613: stay at region 0
I/CameraCloud( 1008): 1333728025612: .......... GPS onLocationChanged ...... 
I/CameraCloud( 1008): 1333728025613: Loc = Location[mProvider=gps,mTime=1333814426000,mLatitude=42.36362054576781,mLongitude=-71.10045622149376,mHasAltitude=true,mAltitude=-17.0,mHasSpeed=true,mSpeed=0.46484753,mHasBearing=true,mBearing=304.58246,mHasAccuracy=true,mAccuracy=10.0,mExtras=Bundle[mParcelledData.dataSize=4]] Previous Region = (0,0)
I/CameraCloud( 1008): 1333728025613: GPS x/long:-71.10045622149376, GPS y/lat: 42.36362054576781. Region width in x: 51.96152422706632
I/CameraCloud( 1008): 1333728025614: location PINPOINTS to region = 0.0, previous 0
I/CameraCloud( 1008): 1333728025614: stay at region 0
I/CameraCloud( 1008): 1333728027628: .......... GPS onLocationChanged ...... 
I/CameraCloud( 1008): 1333728027630: Loc = Location[mProvider=gps,mTime=1333814428000,mLatitude=42.36362885547317,mLongitude=-71.10047389654166,mHasAltitude=true,mAltitude=-18.0,mHasSpeed=true,mSpeed=0.5978929,mHasBearing=true,mBearing=306.42923,mHasAccuracy=true,mAccuracy=10.0,mExtras=Bundle[mParcelledData.dataSize=4]] Previous Region = (0,0)
I/CameraCloud( 1008): 1333728027643: GPS x/long:-71.10047389654166, GPS y/lat: 42.36362885547317. Region width in x: 51.96152422706632
I/CameraCloud( 1008): 1333728027644: location PINPOINTS to region = 0.0, previous 0
I/CameraCloud( 1008): 1333728027645: stay at region 0
I/CameraCloud( 1008): 1333728029612: .......... GPS onLocationChanged ...... 
I/CameraCloud( 1008): 1333728029613: Loc = Location[mProvider=gps,mTime=1333814430000,mLatitude=42.36363354726024,mLongitude=-71.10049638001402,mHasAltitude=true,mAltitude=-15.0,mHasSpeed=true,mSpeed=0.73437357,mHasBearing=true,mBearing=295.19098,mHasAccuracy=true,mAccuracy=10.0,mExtras=Bundle[mParcelledData.dataSize=4]] Previous Region = (0,0)
I/CameraCloud( 1008): 1333728029613: GPS x/long:-71.10049638001402, GPS y/lat: 42.36363354726024. Region width in x: 51.96152422706632
I/CameraCloud( 1008): 1333728029614: location PINPOINTS to region = 0.0, previous 0
I/CameraCloud( 1008): 1333728029614: stay at region 0
I/CameraCloud( 1008): 1333728031612: .......... GPS onLocationChanged ...... 
I/CameraCloud( 1008): 1333728031613: Loc = Location[mProvider=gps,mTime=1333814432000,mLatitude=42.363639282449476,mLongitude=-71.10051923960057,mHasAltitude=true,mAltitude=-15.0,mHasSpeed=true,mSpeed=0.78983694,mHasBearing=true,mBearing=302.71243,mHasAccuracy=true,mAccuracy=10.0,mExtras=Bundle[mParcelledData.dataSize=4]] Previous Region = (0,0)
I/CameraCloud( 1008): 1333728031613: GPS x/long:-71.10051923960057, GPS y/lat: 42.363639282449476. Region width in x: 51.96152422706632
I/CameraCloud( 1008): 1333728031614: location PINPOINTS to region = 0.0, previous 0
I/CameraCloud( 1008): 1333728031614: stay at region 0
I/CameraCloud( 1008): 1333728032613: .......... GPS onLocationChanged ...... 
I/CameraCloud( 1008): 1333728032614: Loc = Location[mProvider=gps,mTime=1333814433000,mLatitude=42.36364522432016,mLongitude=-71.10053147495474,mHasAltitude=true,mAltitude=-17.0,mHasSpeed=true,mSpeed=0.81882596,mHasBearing=true,mBearing=312.79678,mHasAccuracy=true,mAccuracy=10.0,mExtras=Bundle[mParcelledData.dataSize=4]] Previous Region = (0,0)
I/CameraCloud( 1008): 1333728032614: GPS x/long:-71.10053147495474, GPS y/lat: 42.36364522432016. Region width in x: 51.96152422706632
I/CameraCloud( 1008): 1333728032615: location PINPOINTS to region = 0.0, previous 0
I/CameraCloud( 1008): 1333728032615: stay at region 0
I/CameraCloud( 1008): 1333728033612: .......... GPS onLocationChanged ...... 
I/CameraCloud( 1008): 1333728033613: Loc = Location[mProvider=gps,mTime=1333814434000,mLatitude=42.36364986483334,mLongitude=-71.100542306539,mHasAltitude=true,mAltitude=-15.0,mHasSpeed=true,mSpeed=0.82822585,mHasBearing=true,mBearing=313.74942,mHasAccuracy=true,mAccuracy=10.0,mExtras=Bundle[mParcelledData.dataSize=4]] Previous Region = (0,0)
I/CameraCloud( 1008): 1333728033613: GPS x/long:-71.100542306539, GPS y/lat: 42.36364986483334. Region width in x: 51.96152422706632
I/CameraCloud( 1008): 1333728033614: location PINPOINTS to region = 0.0, previous 0
I/CameraCloud( 1008): 1333728033614: stay at region 0
I/CameraCloud( 1008): 1333728035612: .......... GPS onLocationChanged ...... 
I/CameraCloud( 1008): 1333728035613: Loc = Location[mProvider=gps,mTime=1333814436000,mLatitude=42.36365717925043,mLongitude=-71.10056710370174,mHasAltitude=true,mAltitude=-16.0,mHasSpeed=true,mSpeed=0.89770114,mHasBearing=true,mBearing=285.17273,mHasAccuracy=true,mAccuracy=10.0,mExtras=Bundle[mParcelledData.dataSize=4]] Previous Region = (0,0)
I/CameraCloud( 1008): 1333728035614: GPS x/long:-71.10056710370174, GPS y/lat: 42.36365717925043. Region width in x: 51.96152422706632
I/CameraCloud( 1008): 1333728035614: location PINPOINTS to region = 0.0, previous 0
I/CameraCloud( 1008): 1333728035615: location is INSIDE BOUNDARY, stay at prev region = (0,0)
I/CameraCloud( 1008): 1333728036612: .......... GPS onLocationChanged ...... 
I/CameraCloud( 1008): 1333728036613: Loc = Location[mProvider=gps,mTime=1333814437000,mLatitude=42.363663644041274,mLongitude=-71.10058549010417,mHasAltitude=true,mAltitude=-16.0,mHasSpeed=true,mSpeed=0.96103734,mHasBearing=true,mBearing=298.4751,mHasAccuracy=true,mAccuracy=10.0,mExtras=Bundle[mParcelledData.dataSize=4]] Previous Region = (0,0)
I/CameraCloud( 1008): 1333728036613: GPS x/long:-71.10058549010417, GPS y/lat: 42.363663644041274. Region width in x: 51.96152422706632
I/CameraCloud( 1008): 1333728036614: location PINPOINTS to region = 0.0, previous 0
I/CameraCloud( 1008): 1333728036614: location is INSIDE BOUNDARY, stay at prev region = (0,0)
I/CameraCloud( 1008): 1333728037612: .......... GPS onLocationChanged ...... 
I/CameraCloud( 1008): 1333728037613: Loc = Location[mProvider=gps,mTime=1333814438000,mLatitude=42.363670198567036,mLongitude=-71.10060120408103,mHasAltitude=true,mAltitude=-17.0,mHasSpeed=true,mSpeed=0.981261,mHasBearing=true,mBearing=298.84085,mHasAccuracy=true,mAccuracy=10.0,mExtras=Bundle[mParcelledData.dataSize=4]] Previous Region = (0,0)
I/CameraCloud( 1008): 1333728037613: GPS x/long:-71.10060120408103, GPS y/lat: 42.363670198567036. Region width in x: 51.96152422706632
I/CameraCloud( 1008): 1333728037614: location PINPOINTS to region = 0.0, previous 0
I/CameraCloud( 1008): 1333728037614: location is INSIDE BOUNDARY, stay at prev region = (0,0)
I/CameraCloud( 1008): 1333728038638: .......... GPS onLocationChanged ...... 
I/CameraCloud( 1008): 1333728038639: Loc = Location[mProvider=gps,mTime=1333814439000,mLatitude=42.36368133648636,mLongitude=-71.10061566784704,mHasAltitude=true,mAltitude=-21.0,mHasSpeed=true,mSpeed=1.029502,mHasBearing=true,mBearing=321.92505,mHasAccuracy=true,mAccuracy=10.0,mExtras=Bundle[mParcelledData.dataSize=4]] Previous Region = (0,0)
I/CameraCloud( 1008): 1333728038639: GPS x/long:-71.10061566784704, GPS y/lat: 42.36368133648636. Region width in x: 51.96152422706632
I/CameraCloud( 1008): 1333728038640: location PINPOINTS to region = 1.0, previous 0
I/CameraCloud( 1008): 1333728038640: location is INSIDE BOUNDARY, stay at prev region = (0,0)
I/CameraCloud( 1008): 1333728039612: .......... GPS onLocationChanged ...... 
I/CameraCloud( 1008): 1333728039613: Loc = Location[mProvider=gps,mTime=1333814440000,mLatitude=42.36369247035236,mLongitude=-71.10062906135768,mHasAltitude=true,mAltitude=-21.0,mHasSpeed=true,mSpeed=1.0435078,mHasBearing=true,mBearing=323.39526,mHasAccuracy=true,mAccuracy=10.0,mExtras=Bundle[mParcelledData.dataSize=4]] Previous Region = (0,0)
I/CameraCloud( 1008): 1333728039614: GPS x/long:-71.10062906135768, GPS y/lat: 42.36369247035236. Region width in x: 51.96152422706632
I/CameraCloud( 1008): 1333728039614: location PINPOINTS to region = 1.0, previous 0
I/CameraCloud( 1008): 1333728039615: location is INSIDE BOUNDARY, stay at prev region = (0,0)
I/CameraCloud( 1008): 1333728040612: .......... GPS onLocationChanged ...... 
I/CameraCloud( 1008): 1333728040613: Loc = Location[mProvider=gps,mTime=1333814441000,mLatitude=42.36370015110606,mLongitude=-71.10064566353974,mHasAltitude=true,mAltitude=-17.0,mHasSpeed=true,mSpeed=1.0830866,mHasBearing=true,mBearing=303.36935,mHasAccuracy=true,mAccuracy=10.0,mExtras=Bundle[mParcelledData.dataSize=4]] Previous Region = (0,0)
I/CameraCloud( 1008): 1333728040614: GPS x/long:-71.10064566353974, GPS y/lat: 42.36370015110606. Region width in x: 51.96152422706632
I/CameraCloud( 1008): 1333728040614: location PINPOINTS to region = 1.0, previous 0
I/CameraCloud( 1008): 1333728040614: location is INSIDE BOUNDARY, stay at prev region = (0,0)
I/CameraCloud( 1008): 1333728041613: .......... GPS onLocationChanged ...... 
I/CameraCloud( 1008): 1333728041614: Loc = Location[mProvider=gps,mTime=1333814442000,mLatitude=42.363706369924806,mLongitude=-71.10065949923826,mHasAltitude=true,mAltitude=-17.0,mHasSpeed=true,mSpeed=1.1051477,mHasBearing=true,mBearing=302.02304,mHasAccuracy=true,mAccuracy=10.0,mExtras=Bundle[mParcelledData.dataSize=4]] Previous Region = (0,0)
I/CameraCloud( 1008): 1333728041614: GPS x/long:-71.10065949923826, GPS y/lat: 42.363706369924806. Region width in x: 51.96152422706632
I/CameraCloud( 1008): 1333728041615: location PINPOINTS to region = 1.0, previous 0
I/CameraCloud( 1008): 1333728041615: location CHANGED TO NEW region = (1,0) from region = (0,0)
I/CameraCloud( 1008): 1333728041617: moving from region (0,0), to (1,0)
I/CameraCloud( 1008): 1333728042613: .......... GPS onLocationChanged ...... 
I/CameraCloud( 1008): 1333728042614: Loc = Location[mProvider=gps,mTime=1333814443000,mLatitude=42.36371515351761,mLongitude=-71.10066740052011,mHasAltitude=true,mAltitude=-20.0,mHasSpeed=true,mSpeed=1.0855591,mHasBearing=true,mBearing=334.3597,mHasAccuracy=true,mAccuracy=10.0,mExtras=Bundle[mParcelledData.dataSize=4]] Previous Region = (1,0)
I/CameraCloud( 1008): 1333728042614: GPS x/long:-71.10066740052011, GPS y/lat: 42.36371515351761. Region width in x: 51.96152422706632
I/CameraCloud( 1008): 1333728042615: location PINPOINTS to region = 1.0, previous 1
I/CameraCloud( 1008): 1333728042615: stay at region 1
I/CameraCloud( 1008): 1333728043097: canPressButton = TRUE
I/CameraCloud( 1008): 1333728043098: areButtonsEnabled --> false
I/CameraCloud( 1008): 1333728043098: disabling buttons ...
I/CameraCloud( 1008): 1333728043099: new pic disableButtons XXX
I/CameraCloud( 1008): 1333728043099: areButtonsEnabled --> false
D/AudioHardware(   82): AudioHardware pcm playback is exiting standby.
D/AudioHardware(   82): openPcmOut_l() mPcmOpenCnt: 0
I/CameraCloud( 1008): 1333728043150: takeNum=2 takeCamGood=1 takeGoodSave=1 takeBad=0 getNum=1 getGood=1 getBad=0
I/CameraCloud( 1008): 1333728043150: ** Clicked take picture button **
I/CameraSurfaceView( 1008): inside getCamera()
I/CameraHardwareSec(   82): int android::CameraHardwareSec::previewThreadWrapper(): calling mSecCamera->stopPreview() and waiting
I/SecCamera(   82): int android::fimc_v4l2_querybuf(int, android::fimc_buffer*, v4l2_buf_type) :
I/SecCamera(   82): int android::fimc_v4l2_querybuf(int, android::fimc_buffer*, v4l2_buf_type): buffer->start = 0x43c06000 v4l2_buf.length = 4261248
I/CameraHardwareSec(   82): == Camera Sensor Detect S5K4ECGX - Samsung LSI SOC 5M ==
D/JpegEncoder(   82): encode E
D/JpegEncoder(   82): encode X
D/SecCamera(   82): Shutter speed=1432 us, iso=50
D/SecCamera(   82): AV=3, TV=9, SV=4
D/JpegEncoder(   82): makeExif E
D/JpegEncoder(   82): makeExif X
I/SecCamera(   82): int android::SecCamera::endSnapshot() :
I/SecCamera(   82): munmap():virt. addr 0x43c06000 size = 4261248
