D/dalvikvm( 1008): GC_FOR_ALLOC freed 247K, 24% free 10361K/13575K, paused 19ms
I/dalvikvm-heap( 1008): Grow heap (frag case) to 12.425MB for 2343852-byte allocation
D/dalvikvm( 1008): GC_CONCURRENT freed 16K, 7% free 12633K/13575K, paused 2ms+2ms
I/CameraCloud( 1008): 1333728043967: inside HandlePictureStorage onPictureTaken()
I/CameraCloud( 1008): 1333728043967: takeNum=2 takeCamGood=2 takeGoodSave=1 takeBad=0 getNum=1 getGood=1 getBad=0
D/CameraHardwareSec(   82): mPreviewHeap(fd(31), size(518400), width(720), height(480))
I/CameraHardwareSec(   82): int android::CameraHardwareSec::previewThreadWrapper(): return from wait
I/CameraCloud( 1008): 1333728044340: Picture successfully taken, ORIG BYTE LENGTH = 2343836
D/dalvikvm( 1008): GC_EXPLICIT freed 2K, 7% free 12634K/13575K, paused 16ms+16ms
I/CameraCloud( 1008): 1333728044733: Our new height x width: 240 x 320
I/CameraCloud( 1008): 1333728044734: Show photo from handle my camera take
I/CameraCloud( 1008): 1333728044734: client making photo packet to send to leader
I/CameraCloud( 1008): 1333728044746: BYTE SIZE AFTER COMPRESSION: 2521
I/CameraCloud( 1008): 1333728044746: sending new pic ....
I/CameraCloud( 1008): 1333728044747: Server request to url: http://hermes5.csail.mit.edu:8213/101/1/0/
I/CameraCloud( 1008): 1333728044810: Cloud server request length: 8393
I/CameraCloud( 1008): 1333728044811: about to execute HTTP POST
I/CameraCloud( 1008): 1333728044811: in serverRequest() about to httpclient.execute()
D/AudioHardware(   82): AudioHardware pcm playback is going to standby.
D/AudioHardware(   82): closePcmOut_l() mPcmOpenCnt: 1
D/dalvikvm(  315): GC_CONCURRENT freed 422K, 6% free 9506K/10055K, paused 4ms+2ms
D/dalvikvm(  152): GC_CONCURRENT freed 744K, 13% free 12493K/14343K, paused 3ms+15ms
I/CameraCloud( 1008): 1333728058814: CameraCloud Execute HTTP latency: 14003ms
I/CameraCloud( 1008): 1333728058824: finished executing HTTP POST, get data
I/CameraCloud( 1008): 1333728058825: make input stream reader for data
I/CameraCloud( 1008): 1333728058827: Cloud response length: 18
I/CameraCloud( 1008): 1333728058859: Returning cloud object
I/CameraCloud( 1008): 1333728058867: CameraCloud upload new photo latency = 14121
I/CameraCloud( 1008): 1333728058867: CameraCloud upload start 1333728044746 ~ stop 1333728058867
I/CameraCloud( 1008): 1333728058868: takeNum=2 takeCamGood=2 takeGoodSave=2 takeBad=0 getNum=1 getGood=1 getBad=0
I/CameraCloud( 1008): 1333728058868: SUCCESS! Client now knows saving photo on cloud server succeeded
I/CameraCloud( 1008): 1333728058868: RETURN STATUS: 12
I/CameraCloud( 1008): 1333728058868: Inside _enableButtons
I/CameraCloud( 1008): 1333728058869: areButtonsEnabled --> true
I/CameraCloud( 1008): 1333728058869: end of client send picture method
I/CameraCloud( 1008): 1333728058907: .......... GPS onLocationChanged ...... 
I/CameraCloud( 1008): 1333728058908: Loc = Location[mProvider=gps,mTime=1333814450000,mLatitude=42.36371892188877,mLongitude=-71.10068582922145,mHasAltitude=true,mAltitude=-9.0,mHasSpeed=true,mSpeed=0.36929718,mHasBearing=true,mBearing=281.8764,mHasAccuracy=true,mAccuracy=10.0,mExtras=Bundle[mParcelledData.dataSize=4]] Previous Region = (1,0)
I/CameraCloud( 1008): 1333728058908: GPS x/long:-71.10068582922145, GPS y/lat: 42.36371892188877. Region width in x: 51.96152422706632
I/CameraCloud( 1008): 1333728058908: location PINPOINTS to region = 1.0, previous 1
I/CameraCloud( 1008): 1333728058909: stay at region 1
I/CameraCloud( 1008): 1333728058909: .......... GPS onLocationChanged ...... 
I/CameraCloud( 1008): 1333728058910: Loc = Location[mProvider=gps,mTime=1333814452000,mLatitude=42.363722625784085,mLongitude=-71.10070110342662,mHasAltitude=true,mAltitude=-14.0,mHasSpeed=true,mSpeed=0.38846156,mHasBearing=true,mBearing=280.71332,mHasAccuracy=true,mAccuracy=10.0,mExtras=Bundle[mParcelledData.dataSize=4]] Previous Region = (1,0)
I/CameraCloud( 1008): 1333728058910: GPS x/long:-71.10070110342662, GPS y/lat: 42.363722625784085. Region width in x: 51.96152422706632
I/CameraCloud( 1008): 1333728058911: location PINPOINTS to region = 1.0, previous 1
I/CameraCloud( 1008): 1333728058911: stay at region 1
I/CameraCloud( 1008): 1333728058911: .......... GPS onLocationChanged ...... 
I/CameraCloud( 1008): 1333728058912: Loc = Location[mProvider=gps,mTime=1333814454000,mLatitude=42.36372669046251,mLongitude=-71.1007119674738,mHasAltitude=true,mAltitude=-18.0,mHasSpeed=true,mSpeed=0.336684,mHasBearing=true,mBearing=300.0115,mHasAccuracy=true,mAccuracy=10.0,mExtras=Bundle[mParcelledData.dataSize=4]] Previous Region = (1,0)
I/CameraCloud( 1008): 1333728058912: GPS x/long:-71.1007119674738, GPS y/lat: 42.36372669046251. Region width in x: 51.96152422706632
I/CameraCloud( 1008): 1333728058913: location PINPOINTS to region = 1.0, previous 1
I/CameraCloud( 1008): 1333728058923: stay at region 1
I/CameraCloud( 1008): 1333728058923: .......... GPS onLocationChanged ...... 
I/CameraCloud( 1008): 1333728058924: Loc = Location[mProvider=gps,mTime=1333814456000,mLatitude=42.363736433089514,mLongitude=-71.10072275331756,mHasAltitude=true,mAltitude=-14.0,mHasSpeed=true,mSpeed=0.37623462,mHasBearing=true,mBearing=305.88922,mHasAccuracy=true,mAccuracy=10.0,mExtras=Bundle[mParcelledData.dataSize=4]] Previous Region = (1,0)
I/CameraCloud( 1008): 1333728058925: GPS x/long:-71.10072275331756, GPS y/lat: 42.363736433089514. Region width in x: 51.96152422706632
I/CameraCloud( 1008): 1333728058925: location PINPOINTS to region = 1.0, previous 1
I/CameraCloud( 1008): 1333728058925: stay at region 1
I/CameraCloud( 1008): 1333728058927: .......... GPS onLocationChanged ...... 
I/CameraCloud( 1008): 1333728058928: Loc = Location[mProvider=gps,mTime=1333814458000,mLatitude=42.363747385171116,mLongitude=-71.10073822314533,mHasAltitude=true,mAltitude=-12.0,mHasSpeed=true,mSpeed=0.43267128,mHasBearing=true,mBearing=297.72266,mHasAccuracy=true,mAccuracy=10.0,mExtras=Bundle[mParcelledData.dataSize=4]] Previous Region = (1,0)
I/CameraCloud( 1008): 1333728058928: GPS x/long:-71.10073822314533, GPS y/lat: 42.363747385171116. Region width in x: 51.96152422706632
I/CameraCloud( 1008): 1333728058928: location PINPOINTS to region = 1.0, previous 1
I/CameraCloud( 1008): 1333728058929: stay at region 1
I/CameraCloud( 1008): 1333728058930: .......... GPS onLocationChanged ...... 
I/CameraCloud( 1008): 1333728058930: Loc = Location[mProvider=gps,mTime=1333814459000,mLatitude=42.363754114304236,mLongitude=-71.10074636734905,mHasAltitude=true,mAltitude=-11.0,mHasSpeed=true,mSpeed=0.0,mHasBearing=true,mBearing=299.66876,mHasAccuracy=true,mAccuracy=10.0,mExtras=Bundle[mParcelledData.dataSize=4]] Previous Region = (1,0)
I/CameraCloud( 1008): 1333728058931: GPS x/long:-71.10074636734905, GPS y/lat: 42.363754114304236. Region width in x: 51.96152422706632
I/CameraCloud( 1008): 1333728058931: location PINPOINTS to region = 1.0, previous 1
I/CameraCloud( 1008): 1333728058931: stay at region 1
W/InputManagerService(  152): Window already focused, ignoring focus gain of: com.android.internal.view.IInputMethodClient$Stub$Proxy@41705088
I/CameraCloud( 1008): 1333728060587: canPressButton = TRUE
I/CameraCloud( 1008): 1333728060588: areButtonsEnabled --> false 
I/CameraCloud( 1008): 1333728060588: Inside get photo disableButtons XXX
D/AudioHardware(   82): AudioHardware pcm playback is exiting standby.
D/AudioHardware(   82): openPcmOut_l() mPcmOpenCnt: 0
I/CameraCloud( 1008): 1333728060659: takeNum=2 takeCamGood=2 takeGoodSave=2 takeBad=0 getNum=2 getGood=1 getBad=0
I/CameraCloud( 1008): 1333728060660: ** Clicked getphotos Button from region 0 **
I/CameraCloud( 1008): 1333728060660: Trying to get photo from server, about to call serverRequest()
I/CameraCloud( 1008): 1333728060660: Server request to url: http://hermes5.csail.mit.edu:8213/102/0/0/
I/CameraCloud( 1008): 1333728060668: Cloud server request length: 12
I/CameraCloud( 1008): 1333728060668: about to execute HTTP POST
I/CameraCloud( 1008): 1333728060669: in serverRequest() about to httpclient.execute()
D/AudioHardware(   82): AudioHardware pcm playback is going to standby.
D/AudioHardware(   82): closePcmOut_l() mPcmOpenCnt: 1
I/CameraCloud( 1008): 1333728064675: CameraCloud Execute HTTP latency: 4006ms
I/CameraCloud( 1008): 1333728064675: finished executing HTTP POST, get data
I/CameraCloud( 1008): 1333728064675: make input stream reader for data
I/CameraCloud( 1008): 1333728064676: Cloud response length: 24817
I/CameraCloud( 1008): 1333728064676: Returning cloud object
D/dalvikvm(  715): GC_CONCURRENT freed 381K, 6% free 10062K/10695K, paused 2ms+12ms
I/CameraCloud( 1008): 1333728068691: CameraCloud download photo latency = 8030
I/CameraCloud( 1008): 1333728068691: CameraCloud download start 1333728060660 ~ stop 1333728068690
I/CameraCloud( 1008): 1333728068692: takeNum=2 takeCamGood=2 takeGoodSave=2 takeBad=0 getNum=2 getGood=2 getBad=0
I/CameraCloud( 1008): 1333728068693: Success! Client getting photo from cloud server, showing photo...
I/CameraCloud( 1008): 1333728068694: Remote photo's length: 2648
D/dalvikvm( 1008): GC_EXPLICIT freed 3039K, 25% free 10423K/13895K, paused 3ms+3ms
I/CameraCloud( 1008): 1333728068764: Done with Get photos button for region 0
I/CameraCloud( 1008): 1333728068764: Inside _enableButtons
I/CameraCloud( 1008): 1333728068765: areButtonsEnabled --> true
I/CameraCloud( 1008): 1333728068822: .......... GPS onLocationChanged ...... 
I/CameraCloud( 1008): 1333728068823: Loc = Location[mProvider=gps,mTime=1333814468000,mLatitude=42.36376376399458,mLongitude=-71.10074495225388,mHasAltitude=true,mAltitude=-22.0,mHasSpeed=true,mSpeed=0.0,mHasBearing=true,mBearing=37.136112,mHasAccuracy=true,mAccuracy=10.0,mExtras=Bundle[mParcelledData.dataSize=4]] Previous Region = (1,0)
I/CameraCloud( 1008): 1333728068824: GPS x/long:-71.10074495225388, GPS y/lat: 42.36376376399458. Region width in x: 51.96152422706632
I/CameraCloud( 1008): 1333728068824: location PINPOINTS to region = 1.0, previous 1
I/CameraCloud( 1008): 1333728068824: stay at region 1
W/InputManagerService(  152): Window already focused, ignoring focus gain of: com.android.internal.view.IInputMethodClient$Stub$Proxy@416f6080
I/CameraCloud( 1008): 1333728069591: .......... GPS onLocationChanged ...... 
I/CameraCloud( 1008): 1333728069592: Loc = Location[mProvider=gps,mTime=1333814470000,mLatitude=42.36376915711854,mLongitude=-71.10075659344523,mHasAltitude=true,mAltitude=-20.0,mHasSpeed=true,mSpeed=0.20126045,mHasBearing=true,mBearing=300.55246,mHasAccuracy=true,mAccuracy=10.0,mExtras=Bundle[mParcelledData.dataSize=4]] Previous Region = (1,0)
I/CameraCloud( 1008): 1333728069592: GPS x/long:-71.10075659344523, GPS y/lat: 42.36376915711854. Region width in x: 51.96152422706632
I/CameraCloud( 1008): 1333728069592: location PINPOINTS to region = 1.0, previous 1
I/CameraCloud( 1008): 1333728069593: stay at region 1
I/CameraCloud( 1008): 1333728070588: .......... GPS onLocationChanged ...... 
I/CameraCloud( 1008): 1333728070589: Loc = Location[mProvider=gps,mTime=1333814471000,mLatitude=42.36376924705617,mLongitude=-71.10077091870946,mHasAltitude=true,mAltitude=-23.0,mHasSpeed=true,mSpeed=0.24966092,mHasBearing=true,mBearing=289.81308,mHasAccuracy=true,mAccuracy=10.0,mExtras=Bundle[mParcelledData.dataSize=4]] Previous Region = (1,0)
I/CameraCloud( 1008): 1333728070589: GPS x/long:-71.10077091870946, GPS y/lat: 42.36376924705617. Region width in x: 51.96152422706632
I/CameraCloud( 1008): 1333728070590: location PINPOINTS to region = 1.0, previous 1
I/CameraCloud( 1008): 1333728070590: stay at region 1
I/CameraCloud( 1008): 1333728070802: canPressButton = TRUE
I/CameraCloud( 1008): 1333728070805: areButtonsEnabled --> false 
I/CameraCloud( 1008): 1333728070806: Inside get photo disableButtons XXX
D/AudioHardware(   82): AudioHardware pcm playback is exiting standby.
D/AudioHardware(   82): openPcmOut_l() mPcmOpenCnt: 0
I/CameraCloud( 1008): 1333728070925: takeNum=2 takeCamGood=2 takeGoodSave=2 takeBad=0 getNum=3 getGood=2 getBad=0
I/CameraCloud( 1008): 1333728070926: ** Clicked getphotos Button from region 1 **
I/CameraCloud( 1008): 1333728070926: Trying to get photo from server, about to call serverRequest()
I/CameraCloud( 1008): 1333728070926: Server request to url: http://hermes5.csail.mit.edu:8213/102/1/0/
I/CameraCloud( 1008): 1333728070938: Cloud server request length: 12
I/CameraCloud( 1008): 1333728070938: about to execute HTTP POST
I/CameraCloud( 1008): 1333728070939: in serverRequest() about to httpclient.execute()
D/dalvikvm( 1008): GC_CONCURRENT freed 450K, 26% free 10386K/13895K, paused 2ms+4ms
D/AudioHardware(   82): AudioHardware pcm playback is going to standby.
D/AudioHardware(   82): closePcmOut_l() mPcmOpenCnt: 1
D/dalvikvm(  152): GC_CONCURRENT freed 742K, 13% free 12498K/14343K, paused 2ms+16ms
I/InputDispatcher(  152): Application is not responding: Window{41773d00 edu.mit.haoqili.camera_cloud/edu.mit.haoqili.camera_cloud.CameraCloud paused=false}.  5003.3ms since event, 5002.5ms since wait started
I/WindowManager(  152): Input event dispatching timed out sending to edu.mit.haoqili.camera_cloud/edu.mit.haoqili.camera_cloud.CameraCloud
I/Process (  152): Sending signal. PID: 1008 SIG: 3
I/dalvikvm( 1008): threadid=3: reacting to signal 3
I/dalvikvm( 1008): Wrote stack traces to '/data/anr/traces.txt'
I/Process (  152): Sending signal. PID: 152 SIG: 3
I/dalvikvm(  152): threadid=3: reacting to signal 3
I/dalvikvm(  152): Wrote stack traces to '/data/anr/traces.txt'
I/Process (  152): Sending signal. PID: 315 SIG: 3
I/dalvikvm(  315): threadid=3: reacting to signal 3
I/dalvikvm(  315): Wrote stack traces to '/data/anr/traces.txt'
I/Process (  152): Sending signal. PID: 219 SIG: 3
I/dalvikvm(  219): threadid=3: reacting to signal 3
I/dalvikvm(  219): Wrote stack traces to '/data/anr/traces.txt'
I/Process (  152): Sending signal. PID: 329 SIG: 3
I/dalvikvm(  329): threadid=3: reacting to signal 3
I/dalvikvm(  329): Wrote stack traces to '/data/anr/traces.txt'
D/dalvikvm(  152): GC_CONCURRENT freed 732K, 12% free 12637K/14343K, paused 2ms+5ms
D/dalvikvm(  152): GC_EXPLICIT freed 127K, 12% free 12623K/14343K, paused 2ms+5ms
E/ActivityManager(  152): ANR in edu.mit.haoqili.camera_cloud (edu.mit.haoqili.camera_cloud/.CameraCloud)
E/ActivityManager(  152): Reason: keyDispatchingTimedOut
E/ActivityManager(  152): Load: 0.33 / 0.26 / 0.19
E/ActivityManager(  152): CPU usage from 25966ms to 0ms ago:
E/ActivityManager(  152):   56% 82/mediaserver: 55% user + 1.2% kernel
E/ActivityManager(  152):   14% 79/surfaceflinger: 4.8% user + 9.8% kernel
E/ActivityManager(  152):   2.6% 87/gpsd: 2.2% user + 0.4% kernel
E/ActivityManager(  152):   1.1% 152/system_server: 0.9% user + 0.1% kernel / faults: 84 minor
E/ActivityManager(  152):   0.8% 71/kworker/0:2: 0% user + 0.8% kernel
E/ActivityManager(  152):   0.6% 42/kworker/u:1: 0% user + 0.6% kernel
E/ActivityManager(  152):   0.6% 57/kworker/u:2: 0% user + 0.6% kernel
E/ActivityManager(  152):   0.3% 315/com.android.phone: 0.1% user + 0.1% kernel / faults: 1 minor
E/ActivityManager(  152):   0.3% 715/com.google.android.apps.maps:NetworkLocationService: 0.2% user + 0% kernel
E/ActivityManager(  152):   0% 453/com.google.process.gapps: 0% user + 0% kernel / faults: 5 minor
E/ActivityManager(  152):   0% 62/yaffs-bg-1: 0% user + 0% kernel
E/ActivityManager(  152):   0% 219/com.android.systemui: 0% user + 0% kernel
E/ActivityManager(  152):   0% 899/com.google.android.apps.maps:LocationFriendService: 0% user + 0% kernel
E/ActivityManager(  152):   0% 1008/edu.mit.haoqili.camera_cloud: 0% user + 0% kernel / faults: 3 minor
E/ActivityManager(  152): 77% TOTAL: 64% user + 12% kernel + 0% softirq
E/ActivityManager(  152): CPU usage from 470ms to 1000ms later with 99% awake:
E/ActivityManager(  152):   38% 82/mediaserver: 37% user + 1.8% kernel
E/ActivityManager(  152):     37% 1023/CameraPreviewTh: 37% user + 0% kernel
E/ActivityManager(  152):   9.2% 79/surfaceflinger: 5.5% user + 3.7% kernel
E/ActivityManager(  152):     9.2% 134/SurfaceFlinger: 3.7% user + 5.5% kernel
E/ActivityManager(  152):     1.8% 79/surfaceflinger: 1.8% user + 0% kernel
E/ActivityManager(  152):     1.8% 537/Binder Thread #: 1.8% user + 0% kernel
E/ActivityManager(  152):   9% 152/system_server: 3.6% user + 5.4% kernel / faults: 1 minor
E/ActivityManager(  152):     9% 187/InputDispatcher: 3.6% user + 5.4% kernel
E/ActivityManager(  152):     1.8% 154/GC: 1.8% user + 0% kernel
E/ActivityManager(  152):     1.8% 467/gps_s5pc110: 1.8% user + 0% kernel
E/ActivityManager(  152):   3.4% 87/gpsd: 3.4% user + 0% kernel
E/ActivityManager(  152):     4.5% 87/gpsd: 4.5% user + 0% kernel
E/ActivityManager(  152):   1.1% 57/kworker/u:2: 0% user + 1.1% kernel
E/ActivityManager(  152):   1.1% 71/kworker/0:2: 0% user + 1.1% kernel
E/ActivityManager(  152): 62% TOTAL: 52% user + 9.4% kernel
V/PhoneStatusBar(  219): setLightsOn(true)
D/AudioHardware(   82): AudioHardware pcm playback is exiting standby.
D/AudioHardware(   82): openPcmOut_l() mPcmOpenCnt: 0
D/AudioHardware(   82): AudioHardware pcm playback is going to standby.
D/AudioHardware(   82): closePcmOut_l() mPcmOpenCnt: 1
D/dalvikvm(  219): GC_CONCURRENT freed 370K, 6% free 10309K/10951K, paused 2ms+11ms
I/CameraCloud( 1008): 1333728124081: CameraCloud Execute HTTP latency: 53142ms
I/CameraCloud( 1008): 1333728124083: finished executing HTTP POST, get data
I/CameraCloud( 1008): 1333728124084: make input stream reader for data
I/CameraCloud( 1008): 1333728124102: Cloud response length: 44223
I/CameraCloud( 1008): 1333728124104: Returning cloud object
I/CameraCloud( 1008): 1333728125069: CameraCloud download photo latency = 54143
I/CameraCloud( 1008): 1333728125069: CameraCloud download start 1333728070926 ~ stop 1333728125069
I/CameraCloud( 1008): 1333728125069: takeNum=2 takeCamGood=2 takeGoodSave=2 takeBad=0 getNum=3 getGood=3 getBad=0
I/CameraCloud( 1008): 1333728125070: Success! Client getting photo from cloud server, showing photo...
I/CameraCloud( 1008): 1333728125070: Remote photo's length: 4649
D/dalvikvm( 1008): GC_EXPLICIT freed 162K, 26% free 10408K/13895K, paused 1ms+3ms
I/CameraCloud( 1008): 1333728125122: Done with Get photos button for region 1
I/CameraCloud( 1008): 1333728125123: Inside _enableButtons
I/CameraCloud( 1008): 1333728125123: areButtonsEnabled --> true
I/CameraCloud( 1008): 1333728125174: .......... GPS onLocationChanged ...... 
I/CameraCloud( 1008): 1333728125175: Loc = Location[mProvider=gps,mTime=1333814473000,mLatitude=42.363768598751776,mLongitude=-71.10078773273382,mHasAltitude=true,mAltitude=-23.0,mHasSpeed=true,mSpeed=0.0,mHasBearing=true,mBearing=295.0698,mHasAccuracy=true,mAccuracy=10.0,mExtras=Bundle[mParcelledData.dataSize=4]] Previous Region = (1,0)
I/CameraCloud( 1008): 1333728125176: GPS x/long:-71.10078773273382, GPS y/lat: 42.363768598751776. Region width in x: 51.96152422706632
I/CameraCloud( 1008): 1333728125176: location PINPOINTS to region = 1.0, previous 1
I/CameraCloud( 1008): 1333728125176: stay at region 1
I/CameraCloud( 1008): 1333728125177: .......... GPS onLocationChanged ...... 
I/CameraCloud( 1008): 1333728125177: Loc = Location[mProvider=gps,mTime=1333814475000,mLatitude=42.363777161263194,mLongitude=-71.10080357340367,mHasAltitude=true,mAltitude=-23.0,mHasSpeed=true,mSpeed=0.3899218,mHasBearing=true,mBearing=315.0592,mHasAccuracy=true,mAccuracy=10.0,mExtras=Bundle[mParcelledData.dataSize=4]] Previous Region = (1,0)
I/CameraCloud( 1008): 1333728125178: GPS x/long:-71.10080357340367, GPS y/lat: 42.363777161263194. Region width in x: 51.96152422706632
I/CameraCloud( 1008): 1333728125178: location PINPOINTS to region = 1.0, previous 1
I/CameraCloud( 1008): 1333728125179: stay at region 1
I/CameraCloud( 1008): 1333728125189: .......... GPS onLocationChanged ...... 
I/CameraCloud( 1008): 1333728125189: Loc = Location[mProvider=gps,mTime=1333814476000,mLatitude=42.363777172545284,mLongitude=-71.10081803331256,mHasAltitude=true,mAltitude=-24.0,mHasSpeed=true,mSpeed=0.5042338,mHasBearing=true,mBearing=272.15555,mHasAccuracy=true,mAccuracy=10.0,mExtras=Bundle[mParcelledData.dataSize=4]] Previous Region = (1,0)
I/CameraCloud( 1008): 1333728125190: GPS x/long:-71.10081803331256, GPS y/lat: 42.363777172545284. Region width in x: 51.96152422706632
I/CameraCloud( 1008): 1333728125190: location PINPOINTS to region = 1.0, previous 1
I/CameraCloud( 1008): 1333728125191: stay at region 1
I/CameraCloud( 1008): 1333728125191: .......... GPS onLocationChanged ...... 
I/CameraCloud( 1008): 1333728125192: Loc = Location[mProvider=gps,mTime=1333814479000,mLatitude=42.363788935306104,mLongitude=-71.1008312397158,mHasAltitude=true,mAltitude=-26.0,mHasSpeed=true,mSpeed=0.60010785,mHasBearing=true,mBearing=332.45752,mHasAccuracy=true,mAccuracy=10.0,mExtras=Bundle[mParcelledData.dataSize=4]] Previous Region = (1,0)
I/CameraCloud( 1008): 1333728125192: GPS x/long:-71.1008312397158, GPS y/lat: 42.363788935306104. Region width in x: 51.96152422706632
I/CameraCloud( 1008): 1333728125193: location PINPOINTS to region = 1.0, previous 1
I/CameraCloud( 1008): 1333728125193: stay at region 1
I/CameraCloud( 1008): 1333728125194: .......... GPS onLocationChanged ...... 
I/CameraCloud( 1008): 1333728125195: Loc = Location[mProvider=gps,mTime=1333814481000,mLatitude=42.36379877235032,mLongitude=-71.10082937392501,mHasAltitude=true,mAltitude=-21.0,mHasSpeed=true,mSpeed=0.0,mHasBearing=true,mBearing=320.10855,mHasAccuracy=true,mAccuracy=10.0,mExtras=Bundle[mParcelledData.dataSize=4]] Previous Region = (1,0)
I/CameraCloud( 1008): 1333728125195: GPS x/long:-71.10082937392501, GPS y/lat: 42.36379877235032. Region width in x: 51.96152422706632
I/CameraCloud( 1008): 1333728125195: location PINPOINTS to region = 1.0, previous 1
I/CameraCloud( 1008): 1333728125196: stay at region 1
I/CameraCloud( 1008): 1333728125196: .......... GPS onLocationChanged ...... 
I/CameraCloud( 1008): 1333728125197: Loc = Location[mProvider=gps,mTime=1333814485000,mLatitude=42.363809399960374,mLongitude=-71.1008364371834,mHasAltitude=true,mAltitude=-22.0,mHasSpeed=true,mSpeed=0.42297903,mHasBearing=true,mBearing=308.1449,mHasAccuracy=true,mAccuracy=10.0,mExtras=Bundle[mParcelledData.dataSize=4]] Previous Region = (1,0)
I/CameraCloud( 1008): 1333728125197: GPS x/long:-71.1008364371834, GPS y/lat: 42.363809399960374. Region width in x: 51.96152422706632
I/CameraCloud( 1008): 1333728125198: location PINPOINTS to region = 1.0, previous 1
I/CameraCloud( 1008): 1333728125198: stay at region 1
I/CameraCloud( 1008): 1333728125199: .......... GPS onLocationChanged ...... 
I/CameraCloud( 1008): 1333728125199: Loc = Location[mProvider=gps,mTime=1333814488000,mLatitude=42.36381967384745,mLongitude=-71.10084367779737,mHasAltitude=true,mAltitude=-28.0,mHasSpeed=true,mSpeed=0.47462633,mHasBearing=true,mBearing=286.97897,mHasAccuracy=true,mAccuracy=5.0,mExtras=Bundle[mParcelledData.dataSize=4]] Previous Region = (1,0)
I/CameraCloud( 1008): 1333728125200: GPS x/long:-71.10084367779737, GPS y/lat: 42.36381967384745. Region width in x: 51.96152422706632
I/CameraCloud( 1008): 1333728125200: location PINPOINTS to region = 1.0, previous 1
I/CameraCloud( 1008): 1333728125200: stay at region 1
I/CameraCloud( 1008): 1333728125201: .......... GPS onLocationChanged ...... 
I/CameraCloud( 1008): 1333728125226: Loc = Location[mProvider=gps,mTime=1333814490000,mLatitude=42.363825638701115,mLongitude=-71.10085446546144,mHasAltitude=true,mAltitude=-29.0,mHasSpeed=true,mSpeed=0.4887583,mHasBearing=true,mBearing=280.1229,mHasAccuracy=true,mAccuracy=5.0,mExtras=Bundle[mParcelledData.dataSize=4]] Previous Region = (1,0)
I/CameraCloud( 1008): 1333728125226: GPS x/long:-71.10085446546144, GPS y/lat: 42.363825638701115. Region width in x: 51.96152422706632
I/CameraCloud( 1008): 1333728125227: location PINPOINTS to region = 1.0, previous 1
I/CameraCloud( 1008): 1333728125227: stay at region 1
I/CameraCloud( 1008): 1333728125230: .......... GPS onLocationChanged ...... 
I/CameraCloud( 1008): 1333728125231: Loc = Location[mProvider=gps,mTime=1333814492000,mLatitude=42.36383552175505,mLongitude=-71.10086445202008,mHasAltitude=true,mAltitude=-28.0,mHasSpeed=true,mSpeed=0.0,mHasBearing=true,mBearing=289.41092,mHasAccuracy=true,mAccuracy=10.0,mExtras=Bundle[mParcelledData.dataSize=4]] Previous Region = (1,0)
I/CameraCloud( 1008): 1333728125234: GPS x/long:-71.10086445202008, GPS y/lat: 42.36383552175505. Region width in x: 51.96152422706632
I/CameraCloud( 1008): 1333728125234: location PINPOINTS to region = 1.0, previous 1
I/CameraCloud( 1008): 1333728125235: stay at region 1
I/CameraCloud( 1008): 1333728125235: .......... GPS onLocationChanged ...... 
I/CameraCloud( 1008): 1333728125236: Loc = Location[mProvider=gps,mTime=1333814494000,mLatitude=42.363853025802975,mLongitude=-71.10086241096948,mHasAltitude=true,mAltitude=-27.0,mHasSpeed=true,mSpeed=0.0,mHasBearing=true,mBearing=327.39343,mHasAccuracy=true,mAccuracy=5.0,mExtras=Bundle[mParcelledData.dataSize=4]] Previous Region = (1,0)
I/CameraCloud( 1008): 1333728125236: GPS x/long:-71.10086241096948, GPS y/lat: 42.363853025802975. Region width in x: 51.96152422706632
I/CameraCloud( 1008): 1333728125237: location PINPOINTS to region = 1.0, previous 1
I/CameraCloud( 1008): 1333728125237: stay at region 1
I/CameraCloud( 1008): 1333728125242: .......... GPS onLocationChanged ...... 
I/CameraCloud( 1008): 1333728125242: Loc = Location[mProvider=gps,mTime=1333814496000,mLatitude=42.36386273613811,mLongitude=-71.1008584812702,mHasAltitude=true,mAltitude=-28.0,mHasSpeed=true,mSpeed=0.5445046,mHasBearing=true,mBearing=8.163494,mHasAccuracy=true,mAccuracy=10.0,mExtras=Bundle[mParcelledData.dataSize=4]] Previous Region = (1,0)
I/CameraCloud( 1008): 1333728125243: GPS x/long:-71.1008584812702, GPS y/lat: 42.36386273613811. Region width in x: 51.96152422706632
I/CameraCloud( 1008): 1333728125243: location PINPOINTS to region = 1.0, previous 1
I/CameraCloud( 1008): 1333728125243: stay at region 1
I/CameraCloud( 1008): 1333728125274: .......... GPS onLocationChanged ...... 
I/CameraCloud( 1008): 1333728125274: Loc = Location[mProvider=gps,mTime=1333814511000,mLatitude=42.36386717964796,mLongitude=-71.10087047442107,mHasAltitude=true,mAltitude=-21.0,mHasSpeed=true,mSpeed=0.06696066,mHasBearing=true,mBearing=292.98,mHasAccuracy=true,mAccuracy=10.0,mExtras=Bundle[mParcelledData.dataSize=4]] Previous Region = (1,0)
I/CameraCloud( 1008): 1333728125275: GPS x/long:-71.10087047442107, GPS y/lat: 42.36386717964796. Region width in x: 51.96152422706632
I/CameraCloud( 1008): 1333728125275: location PINPOINTS to region = 1.0, previous 1
I/CameraCloud( 1008): 1333728125275: stay at region 1
D/dalvikvm( 1008): GC_CONCURRENT freed 437K, 26% free 10405K/13895K, paused 7ms+2ms
I/CameraCloud( 1008): 1333728125278: .......... GPS onLocationChanged ...... 
I/CameraCloud( 1008): 1333728125296: Loc = Location[mProvider=gps,mTime=1333814514000,mLatitude=42.36387165116864,mLongitude=-71.10088348972197,mHasAltitude=true,mAltitude=-23.0,mHasSpeed=true,mSpeed=0.08276502,mHasBearing=true,mBearing=307.04663,mHasAccuracy=true,mAccuracy=5.0,mExtras=Bundle[mParcelledData.dataSize=4]] Previous Region = (1,0)
I/CameraCloud( 1008): 1333728125297: GPS x/long:-71.10088348972197, GPS y/lat: 42.36387165116864. Region width in x: 51.96152422706632
I/CameraCloud( 1008): 1333728125297: location PINPOINTS to region = 1.0, previous 1
I/CameraCloud( 1008): 1333728125297: stay at region 1
I/CameraCloud( 1008): 1333728125298: .......... GPS onLocationChanged ...... 
I/CameraCloud( 1008): 1333728125299: Loc = Location[mProvider=gps,mTime=1333814515000,mLatitude=42.36388137179281,mLongitude=-71.10089777240319,mHasAltitude=true,mAltitude=-23.0,mHasSpeed=true,mSpeed=0.0,mHasBearing=true,mBearing=301.7073,mHasAccuracy=true,mAccuracy=5.0,mExtras=Bundle[mParcelledData.dataSize=4]] Previous Region = (1,0)
I/CameraCloud( 1008): 1333728125299: GPS x/long:-71.10089777240319, GPS y/lat: 42.36388137179281. Region width in x: 51.96152422706632
I/CameraCloud( 1008): 1333728125300: location PINPOINTS to region = 1.0, previous 1
I/CameraCloud( 1008): 1333728125300: stay at region 1
I/CameraCloud( 1008): 1333728125301: .......... GPS onLocationChanged ...... 
I/CameraCloud( 1008): 1333728125301: Loc = Location[mProvider=gps,mTime=1333814517000,mLatitude=42.36389067246949,mLongitude=-71.10091614169092,mHasAltitude=true,mAltitude=-26.0,mHasSpeed=true,mSpeed=0.26704463,mHasBearing=true,mBearing=296.6385,mHasAccuracy=true,mAccuracy=5.0,mExtras=Bundle[mParcelledData.dataSize=4]] Previous Region = (1,0)
I/CameraCloud( 1008): 1333728125302: GPS x/long:-71.10091614169092, GPS y/lat: 42.36389067246949. Region width in x: 51.96152422706632
I/CameraCloud( 1008): 1333728125302: location PINPOINTS to region = 1.0, previous 1
I/CameraCloud( 1008): 1333728125302: stay at region 1
I/CameraCloud( 1008): 1333728125303: .......... GPS onLocationChanged ...... 
I/CameraCloud( 1008): 1333728125303: Loc = Location[mProvider=gps,mTime=1333814520000,mLatitude=42.36389659975502,mLongitude=-71.10093487085054,mHasAltitude=true,mAltitude=-22.0,mHasSpeed=true,mSpeed=0.4289919,mHasBearing=true,mBearing=257.49625,mHasAccuracy=true,mAccuracy=5.0,mExtras=Bundle[mParcelledData.dataSize=4]] Previous Region = (1,0)
I/CameraCloud( 1008): 1333728125304: GPS x/long:-71.10093487085054, GPS y/lat: 42.36389659975502. Region width in x: 51.96152422706632
I/CameraCloud( 1008): 1333728125304: location PINPOINTS to region = 1.0, previous 1
I/CameraCloud( 1008): 1333728125304: stay at region 1
W/InputManagerService(  152): Window already focused, ignoring focus gain of: com.android.internal.view.IInputMethodClient$Stub$Proxy@4149b598
I/dalvikvm(  152): Jit: resizing JitTable from 8192 to 16384
I/CameraCloud( 1008): 1333728130627: .......... GPS onLocationChanged ...... 
I/CameraCloud( 1008): 1333728130629: Loc = Location[mProvider=gps,mTime=1333814531000,mLatitude=42.36390902012206,mLongitude=-71.10093422481594,mHasAltitude=true,mAltitude=-19.0,mHasSpeed=true,mSpeed=0.37596652,mHasBearing=true,mBearing=347.1484,mHasAccuracy=true,mAccuracy=10.0,mExtras=Bundle[mParcelledData.dataSize=4]] Previous Region = (1,0)
I/CameraCloud( 1008): 1333728130630: GPS x/long:-71.10093422481594, GPS y/lat: 42.36390902012206. Region width in x: 51.96152422706632
I/CameraCloud( 1008): 1333728130631: location PINPOINTS to region = 1.0, previous 1
I/CameraCloud( 1008): 1333728130631: stay at region 1
I/CameraCloud( 1008): 1333728132597: .......... GPS onLocationChanged ...... 
I/CameraCloud( 1008): 1333728132598: Loc = Location[mProvider=gps,mTime=1333814533000,mLatitude=42.363924174886904,mLongitude=-71.10094603050268,mHasAltitude=true,mAltitude=-21.0,mHasSpeed=true,mSpeed=0.43348762,mHasBearing=true,mBearing=324.08282,mHasAccuracy=true,mAccuracy=10.0,mExtras=Bundle[mParcelledData.dataSize=4]] Previous Region = (1,0)
I/CameraCloud( 1008): 1333728132598: GPS x/long:-71.10094603050268, GPS y/lat: 42.363924174886904. Region width in x: 51.96152422706632
I/CameraCloud( 1008): 1333728132598: location PINPOINTS to region = 1.0, previous 1
I/CameraCloud( 1008): 1333728132599: stay at region 1
I/CameraCloud( 1008): 1333728133596: .......... GPS onLocationChanged ...... 
I/CameraCloud( 1008): 1333728133597: Loc = Location[mProvider=gps,mTime=1333814534000,mLatitude=42.36393040515498,mLongitude=-71.10095545444456,mHasAltitude=true,mAltitude=-22.0,mHasSpeed=true,mSpeed=0.45844582,mHasBearing=true,mBearing=307.56552,mHasAccuracy=true,mAccuracy=10.0,mExtras=Bundle[mParcelledData.dataSize=4]] Previous Region = (1,0)
I/CameraCloud( 1008): 1333728133597: GPS x/long:-71.10095545444456, GPS y/lat: 42.36393040515498. Region width in x: 51.96152422706632
I/CameraCloud( 1008): 1333728133598: location PINPOINTS to region = 1.0, previous 1
I/CameraCloud( 1008): 1333728133598: stay at region 1
I/CameraCloud( 1008): 1333728134350: canPressButton = TRUE
I/CameraCloud( 1008): 1333728134351: areButtonsEnabled --> false
I/CameraCloud( 1008): 1333728134351: disabling buttons ...
I/CameraCloud( 1008): 1333728134351: new pic disableButtons XXX
I/CameraCloud( 1008): 1333728134352: areButtonsEnabled --> false
D/AudioHardware(   82): AudioHardware pcm playback is exiting standby.
D/AudioHardware(   82): openPcmOut_l() mPcmOpenCnt: 0
I/CameraCloud( 1008): 1333728134389: takeNum=3 takeCamGood=2 takeGoodSave=2 takeBad=0 getNum=3 getGood=3 getBad=0
I/CameraCloud( 1008): 1333728134390: ** Clicked take picture button **
I/CameraSurfaceView( 1008): inside getCamera()
I/CameraHardwareSec(   82): int android::CameraHardwareSec::previewThreadWrapper(): calling mSecCamera->stopPreview() and waiting
I/SecCamera(   82): int android::fimc_v4l2_querybuf(int, android::fimc_buffer*, v4l2_buf_type) :
I/SecCamera(   82): int android::fimc_v4l2_querybuf(int, android::fimc_buffer*, v4l2_buf_type): buffer->start = 0x43d05000 v4l2_buf.length = 4261248
I/CameraHardwareSec(   82): == Camera Sensor Detect S5K4ECGX - Samsung LSI SOC 5M ==
D/JpegEncoder(   82): encode E
D/JpegEncoder(   82): encode X
D/SecCamera(   82): Shutter speed=932 us, iso=50
D/SecCamera(   82): AV=3, TV=10, SV=4
D/JpegEncoder(   82): makeExif E
D/JpegEncoder(   82): makeExif X
I/SecCamera(   82): int android::SecCamera::endSnapshot() :
I/SecCamera(   82): munmap():virt. addr 0x43d05000 size = 4261248
D/dalvikvm( 1008): GC_FOR_ALLOC freed 133K, 26% free 10406K/13895K, paused 18ms
I/dalvikvm-heap( 1008): Grow heap (frag case) to 12.432MB for 2304010-byte allocation
D/dalvikvm( 1008): GC_CONCURRENT freed 8K, 22% free 12648K/16199K, paused 1ms+2ms
I/CameraCloud( 1008): 1333728135216: inside HandlePictureStorage onPictureTaken()
I/CameraCloud( 1008): 1333728135216: takeNum=3 takeCamGood=3 takeGoodSave=2 takeBad=0 getNum=3 getGood=3 getBad=0
D/CameraHardwareSec(   82): mPreviewHeap(fd(31), size(518400), width(720), height(480))
I/CameraHardwareSec(   82): int android::CameraHardwareSec::previewThreadWrapper(): return from wait
I/CameraCloud( 1008): 1333728135633: Picture successfully taken, ORIG BYTE LENGTH = 2303994
D/dalvikvm( 1008): GC_EXPLICIT freed 2K, 22% free 12649K/16199K, paused 2ms+3ms
I/CameraCloud( 1008): 1333728135905: Our new height x width: 240 x 320
I/CameraCloud( 1008): 1333728135917: Show photo from handle my camera take
I/CameraCloud( 1008): 1333728135918: client making photo packet to send to leader
I/CameraCloud( 1008): 1333728135931: BYTE SIZE AFTER COMPRESSION: 4570
I/CameraCloud( 1008): 1333728135931: sending new pic ....
I/CameraCloud( 1008): 1333728135931: Server request to url: http://hermes5.csail.mit.edu:8213/101/1/0/
I/CameraCloud( 1008): 1333728136052: Cloud server request length: 16067
I/CameraCloud( 1008): 1333728136053: about to execute HTTP POST
I/CameraCloud( 1008): 1333728136053: in serverRequest() about to httpclient.execute()
D/AudioHardware(   82): AudioHardware pcm playback is going to standby.
D/AudioHardware(   82): closePcmOut_l() mPcmOpenCnt: 1
D/dalvikvm(  152): GC_CONCURRENT freed 900K, 13% free 12503K/14343K, paused 2ms+16ms
I/GTalkService/c(  453): [AndroidEndpoint@1094284200] connect: acct=1000000, state=CONNECTING
D/dalvikvm(  715): GC_CONCURRENT freed 385K, 6% free 10062K/10695K, paused 13ms+2ms
I/CameraCloud( 1008): 1333728179423: CameraCloud Execute HTTP latency: 43370ms
I/CameraCloud( 1008): 1333728179425: finished executing HTTP POST, get data
I/CameraCloud( 1008): 1333728179433: make input stream reader for data
I/CameraCloud( 1008): 1333728179434: Cloud response length: 18
I/CameraCloud( 1008): 1333728179434: Returning cloud object
I/CameraCloud( 1008): 1333728179443: CameraCloud upload new photo latency = 43512
I/CameraCloud( 1008): 1333728179443: CameraCloud upload start 1333728135931 ~ stop 1333728179443
I/CameraCloud( 1008): 1333728179444: takeNum=3 takeCamGood=3 takeGoodSave=3 takeBad=0 getNum=3 getGood=3 getBad=0
I/CameraCloud( 1008): 1333728179444: SUCCESS! Client now knows saving photo on cloud server succeeded
I/CameraCloud( 1008): 1333728179444: RETURN STATUS: 12
I/CameraCloud( 1008): 1333728179445: Inside _enableButtons
I/CameraCloud( 1008): 1333728179445: areButtonsEnabled --> true
I/CameraCloud( 1008): 1333728179445: end of client send picture method
I/CameraCloud( 1008): 1333728179499: .......... GPS onLocationChanged ...... 
I/CameraCloud( 1008): 1333728179502: Loc = Location[mProvider=gps,mTime=1333814536000,mLatitude=42.36395041617051,mLongitude=-71.10098830267482,mHasAltitude=true,mAltitude=-22.0,mHasSpeed=true,mSpeed=0.0,mHasBearing=true,mBearing=312.016,mHasAccuracy=true,mAccuracy=10.0,mExtras=Bundle[mParcelledData.dataSize=4]] Previous Region = (1,0)
I/CameraCloud( 1008): 1333728179503: GPS x/long:-71.10098830267482, GPS y/lat: 42.36395041617051. Region width in x: 51.96152422706632
I/CameraCloud( 1008): 1333728179503: location PINPOINTS to region = 1.0, previous 1
I/CameraCloud( 1008): 1333728179503: stay at region 1
I/CameraCloud( 1008): 1333728179504: .......... GPS onLocationChanged ...... 
I/CameraCloud( 1008): 1333728179505: Loc = Location[mProvider=gps,mTime=1333814537000,mLatitude=42.36395819395932,mLongitude=-71.10099972470046,mHasAltitude=true,mAltitude=-28.0,mHasSpeed=true,mSpeed=0.38768646,mHasBearing=true,mBearing=301.8533,mHasAccuracy=true,mAccuracy=10.0,mExtras=Bundle[mParcelledData.dataSize=4]] Previous Region = (1,0)
I/CameraCloud( 1008): 1333728179506: GPS x/long:-71.10099972470046, GPS y/lat: 42.36395819395932. Region width in x: 51.96152422706632
I/CameraCloud( 1008): 1333728179506: location PINPOINTS to region = 1.0, previous 1
I/CameraCloud( 1008): 1333728179507: stay at region 1
I/CameraCloud( 1008): 1333728179507: .......... GPS onLocationChanged ...... 
I/CameraCloud( 1008): 1333728179508: Loc = Location[mProvider=gps,mTime=1333814538000,mLatitude=42.36396463549682,mLongitude=-71.10101101566005,mHasAltitude=true,mAltitude=-26.0,mHasSpeed=true,mSpeed=0.4384838,mHasBearing=true,mBearing=294.6281,mHasAccuracy=true,mAccuracy=10.0,mExtras=Bundle[mParcelledData.dataSize=4]] Previous Region = (1,0)
I/CameraCloud( 1008): 1333728179508: GPS x/long:-71.10101101566005, GPS y/lat: 42.36396463549682. Region width in x: 51.96152422706632
I/CameraCloud( 1008): 1333728179509: location PINPOINTS to region = 1.0, previous 1
I/CameraCloud( 1008): 1333728179509: stay at region 1
I/CameraCloud( 1008): 1333728179511: .......... GPS onLocationChanged ...... 
I/CameraCloud( 1008): 1333728179512: Loc = Location[mProvider=gps,mTime=1333814539000,mLatitude=42.363971517798895,mLongitude=-71.10101970382746,mHasAltitude=true,mAltitude=-25.0,mHasSpeed=true,mSpeed=0.48582807,mHasBearing=true,mBearing=306.1857,mHasAccuracy=true,mAccuracy=10.0,mExtras=Bundle[mParcelledData.dataSize=4]] Previous Region = (1,0)
I/CameraCloud( 1008): 1333728179512: GPS x/long:-71.10101970382746, GPS y/lat: 42.363971517798895. Region width in x: 51.96152422706632
I/CameraCloud( 1008): 1333728179512: location PINPOINTS to region = 1.0, previous 1
I/CameraCloud( 1008): 1333728179513: location is INSIDE BOUNDARY, stay at prev region = (1,0)
I/CameraCloud( 1008): 1333728179513: .......... GPS onLocationChanged ...... 
I/CameraCloud( 1008): 1333728179514: Loc = Location[mProvider=gps,mTime=1333814540000,mLatitude=42.36397652261729,mLongitude=-71.10103146012753,mHasAltitude=true,mAltitude=-24.0,mHasSpeed=true,mSpeed=0.5244907,mHasBearing=true,mBearing=298.17398,mHasAccuracy=true,mAccuracy=10.0,mExtras=Bundle[mParcelledData.dataSize=4]] Previous Region = (1,0)
I/CameraCloud( 1008): 1333728179514: GPS x/long:-71.10103146012753, GPS y/lat: 42.36397652261729. Region width in x: 51.96152422706632
I/CameraCloud( 1008): 1333728179515: location PINPOINTS to region = 1.0, previous 1
I/CameraCloud( 1008): 1333728179516: location is INSIDE BOUNDARY, stay at prev region = (1,0)
I/CameraCloud( 1008): 1333728179516: .......... GPS onLocationChanged ...... 
I/CameraCloud( 1008): 1333728179528: Loc = Location[mProvider=gps,mTime=1333814541000,mLatitude=42.36398827774834,mLongitude=-71.10105008033055,mHasAltitude=true,mAltitude=-21.0,mHasSpeed=true,mSpeed=0.60554636,mHasBearing=true,mBearing=315.83463,mHasAccuracy=true,mAccuracy=10.0,mExtras=Bundle[mParcelledData.dataSize=4]] Previous Region = (1,0)
I/CameraCloud( 1008): 1333728179529: GPS x/long:-71.10105008033055, GPS y/lat: 42.36398827774834. Region width in x: 51.96152422706632
I/CameraCloud( 1008): 1333728179529: location PINPOINTS to region = 1.0, previous 1
I/CameraCloud( 1008): 1333728179529: location is INSIDE BOUNDARY, stay at prev region = (1,0)
I/CameraCloud( 1008): 1333728179530: .......... GPS onLocationChanged ...... 
I/CameraCloud( 1008): 1333728179531: Loc = Location[mProvider=gps,mTime=1333814542000,mLatitude=42.36400088379745,mLongitude=-71.10106923614897,mHasAltitude=true,mAltitude=-21.0,mHasSpeed=true,mSpeed=0.70817524,mHasBearing=true,mBearing=314.87933,mHasAccuracy=true,mAccuracy=10.0,mExtras=Bundle[mParcelledData.dataSize=4]] Previous Region = (1,0)
I/CameraCloud( 1008): 1333728179531: GPS x/long:-71.10106923614897, GPS y/lat: 42.36400088379745. Region width in x: 51.96152422706632
I/CameraCloud( 1008): 1333728179532: location PINPOINTS to region = 2.0, previous 1
I/CameraCloud( 1008): 1333728179533: location is INSIDE BOUNDARY, stay at prev region = (1,0)
I/CameraCloud( 1008): 1333728179533: .......... GPS onLocationChanged ...... 
I/CameraCloud( 1008): 1333728179534: Loc = Location[mProvider=gps,mTime=1333814543000,mLatitude=42.36400973004796,mLongitude=-71.10108819082998,mHasAltitude=true,mAltitude=-20.0,mHasSpeed=true,mSpeed=0.7909273,mHasBearing=true,mBearing=309.2867,mHasAccuracy=true,mAccuracy=10.0,mExtras=Bundle[mParcelledData.dataSize=4]] Previous Region = (1,0)
I/CameraCloud( 1008): 1333728179535: GPS x/long:-71.10108819082998, GPS y/lat: 42.36400973004796. Region width in x: 51.96152422706632
I/CameraCloud( 1008): 1333728179535: location PINPOINTS to region = 2.0, previous 1
I/CameraCloud( 1008): 1333728179535: location is INSIDE BOUNDARY, stay at prev region = (1,0)
I/CameraCloud( 1008): 1333728179537: .......... GPS onLocationChanged ...... 
I/CameraCloud( 1008): 1333728179537: Loc = Location[mProvider=gps,mTime=1333814544000,mLatitude=42.3640169028335,mLongitude=-71.1011067786584,mHasAltitude=true,mAltitude=-18.0,mHasSpeed=true,mSpeed=0.82985556,mHasBearing=true,mBearing=302.66174,mHasAccuracy=true,mAccuracy=5.0,mExtras=Bundle[mParcelledData.dataSize=4]] Previous Region = (1,0)
I/CameraCloud( 1008): 1333728179538: GPS x/long:-71.1011067786584, GPS y/lat: 42.3640169028335. Region width in x: 51.96152422706632
I/CameraCloud( 1008): 1333728179539: location PINPOINTS to region = 2.0, previous 1
I/CameraCloud( 1008): 1333728179539: location is INSIDE BOUNDARY, stay at prev region = (1,0)
I/CameraCloud( 1008): 1333728179540: .......... GPS onLocationChanged ...... 
I/CameraCloud( 1008): 1333728179540: Loc = Location[mProvider=gps,mTime=1333814545000,mLatitude=42.36402308480651,mLongitude=-71.10111890073773,mHasAltitude=true,mAltitude=-20.0,mHasSpeed=true,mSpeed=0.8535932,mHasBearing=true,mBearing=311.33597,mHasAccuracy=true,mAccuracy=5.0,mExtras=Bundle[mParcelledData.dataSize=4]] Previous Region = (1,0)
I/CameraCloud( 1008): 1333728179541: GPS x/long:-71.10111890073773, GPS y/lat: 42.36402308480651. Region width in x: 51.96152422706632
I/CameraCloud( 1008): 1333728179541: location PINPOINTS to region = 2.0, previous 1
I/CameraCloud( 1008): 1333728179541: location CHANGED TO NEW region = (2,0) from region = (1,0)
I/CameraCloud( 1008): 1333728179543: moving from region (1,0), to (2,0)
I/CameraCloud( 1008): 1333728179544: .......... GPS onLocationChanged ...... 
I/CameraCloud( 1008): 1333728179545: Loc = Location[mProvider=gps,mTime=1333814546000,mLatitude=42.36402550727815,mLongitude=-71.10113494094159,mHasAltitude=true,mAltitude=-20.0,mHasSpeed=true,mSpeed=0.88474715,mHasBearing=true,mBearing=280.7885,mHasAccuracy=true,mAccuracy=5.0,mExtras=Bundle[mParcelledData.dataSize=4]] Previous Region = (2,0)
I/CameraCloud( 1008): 1333728179546: GPS x/long:-71.10113494094159, GPS y/lat: 42.36402550727815. Region width in x: 51.96152422706632
I/CameraCloud( 1008): 1333728179546: location PINPOINTS to region = 2.0, previous 2
I/CameraCloud( 1008): 1333728179546: stay at region 2
I/CameraCloud( 1008): 1333728179547: .......... GPS onLocationChanged ...... 
I/CameraCloud( 1008): 1333728179547: Loc = Location[mProvider=gps,mTime=1333814547000,mLatitude=42.36402966877822,mLongitude=-71.10115032718895,mHasAltitude=true,mAltitude=-20.0,mHasSpeed=true,mSpeed=0.932465,mHasBearing=true,mBearing=287.92715,mHasAccuracy=true,mAccuracy=10.0,mExtras=Bundle[mParcelledData.dataSize=4]] Previous Region = (2,0)
I/CameraCloud( 1008): 1333728179548: GPS x/long:-71.10115032718895, GPS y/lat: 42.36402966877822. Region width in x: 51.96152422706632
I/CameraCloud( 1008): 1333728179549: location PINPOINTS to region = 2.0, previous 2
I/CameraCloud( 1008): 1333728179549: stay at region 2
I/CameraCloud( 1008): 1333728179560: .......... GPS onLocationChanged ...... 
I/CameraCloud( 1008): 1333728179561: Loc = Location[mProvider=gps,mTime=1333814549000,mLatitude=42.364035870922734,mLongitude=-71.10116173903158,mHasAltitude=true,mAltitude=-20.0,mHasSpeed=true,mSpeed=0.8925783,mHasBearing=true,mBearing=308.73352,mHasAccuracy=true,mAccuracy=5.0,mExtras=Bundle[mParcelledData.dataSize=4]] Previous Region = (2,0)
I/CameraCloud( 1008): 1333728179562: GPS x/long:-71.10116173903158, GPS y/lat: 42.364035870922734. Region width in x: 51.96152422706632
I/CameraCloud( 1008): 1333728179562: location PINPOINTS to region = 2.0, previous 2
I/CameraCloud( 1008): 1333728179563: stay at region 2
I/CameraCloud( 1008): 1333728179564: .......... GPS onLocationChanged ...... 
I/CameraCloud( 1008): 1333728179565: Loc = Location[mProvider=gps,mTime=1333814563000,mLatitude=42.3640456142552,mLongitude=-71.10116666420969,mHasAltitude=true,mAltitude=-27.0,mHasSpeed=true,mSpeed=0.0,mHasBearing=true,mBearing=108.37467,mHasAccuracy=true,mAccuracy=15.0,mExtras=Bundle[mParcelledData.dataSize=4]] Previous Region = (2,0)
I/CameraCloud( 1008): 1333728179565: GPS x/long:-71.10116666420969, GPS y/lat: 42.3640456142552. Region width in x: 51.96152422706632
I/CameraCloud( 1008): 1333728179566: location PINPOINTS to region = 2.0, previous 2
I/CameraCloud( 1008): 1333728179566: stay at region 2
I/CameraCloud( 1008): 1333728179567: .......... GPS onLocationChanged ...... 
I/CameraCloud( 1008): 1333728179567: Loc = Location[mProvider=gps,mTime=1333814572000,mLatitude=42.36405487698681,mLongitude=-71.10116837058638,mHasAltitude=true,mAltitude=-22.0,mHasSpeed=true,mSpeed=0.08407442,mHasBearing=true,mBearing=357.65228,mHasAccuracy=true,mAccuracy=15.0,mExtras=Bundle[mParcelledData.dataSize=4]] Previous Region = (2,0)
I/CameraCloud( 1008): 1333728179568: GPS x/long:-71.10116837058638, GPS y/lat: 42.36405487698681. Region width in x: 51.96152422706632
I/CameraCloud( 1008): 1333728179568: location PINPOINTS to region = 2.0, previous 2
I/CameraCloud( 1008): 1333728179568: stay at region 2
I/CameraCloud( 1008): 1333728179569: .......... GPS onLocationChanged ...... 
I/CameraCloud( 1008): 1333728179570: Loc = Location[mProvider=gps,mTime=1333814574000,mLatitude=42.364066811929895,mLongitude=-71.10117768670013,mHasAltitude=true,mAltitude=-23.0,mHasSpeed=true,mSpeed=0.21770589,mHasBearing=true,mBearing=332.17657,mHasAccuracy=true,mAccuracy=15.0,mExtras=Bundle[mParcelledData.dataSize=4]] Previous Region = (2,0)
I/CameraCloud( 1008): 1333728179570: GPS x/long:-71.10117768670013, GPS y/lat: 42.364066811929895. Region width in x: 51.96152422706632
I/CameraCloud( 1008): 1333728179570: location PINPOINTS to region = 2.0, previous 2
I/CameraCloud( 1008): 1333728179570: stay at region 2
I/CameraCloud( 1008): 1333728179571: .......... GPS onLocationChanged ...... 
I/CameraCloud( 1008): 1333728179572: Loc = Location[mProvider=gps,mTime=1333814576000,mLatitude=42.36406568091472,mLongitude=-71.10119544540798,mHasAltitude=true,mAltitude=-23.0,mHasSpeed=true,mSpeed=0.0,mHasBearing=true,mBearing=335.44028,mHasAccuracy=true,mAccuracy=10.0,mExtras=Bundle[mParcelledData.dataSize=4]] Previous Region = (2,0)
I/CameraCloud( 1008): 1333728179572: GPS x/long:-71.10119544540798, GPS y/lat: 42.36406568091472. Region width in x: 51.96152422706632
I/CameraCloud( 1008): 1333728179572: location PINPOINTS to region = 2.0, previous 2
I/CameraCloud( 1008): 1333728179573: stay at region 2
I/CameraCloud( 1008): 1333728179573: .......... GPS onLocationChanged ...... 
I/CameraCloud( 1008): 1333728179574: Loc = Location[mProvider=gps,mTime=1333814578000,mLatitude=42.36406620623351,mLongitude=-71.10121490597689,mHasAltitude=true,mAltitude=-22.0,mHasSpeed=true,mSpeed=0.0,mHasBearing=true,mBearing=341.84326,mHasAccuracy=true,mAccuracy=15.0,mExtras=Bundle[mParcelledData.dataSize=4]] Previous Region = (2,0)
I/CameraCloud( 1008): 1333728179574: GPS x/long:-71.10121490597689, GPS y/lat: 42.36406620623351. Region width in x: 51.96152422706632
I/CameraCloud( 1008): 1333728179575: location PINPOINTS to region = 2.0, previous 2
I/CameraCloud( 1008): 1333728179596: stay at region 2
W/InputManagerService(  152): Window already focused, ignoring focus gain of: com.android.internal.view.IInputMethodClient$Stub$Proxy@41472ff0
I/CameraCloud( 1008): 1333728182600: .......... GPS onLocationChanged ...... 
I/CameraCloud( 1008): 1333728182601: Loc = Location[mProvider=gps,mTime=1333814583000,mLatitude=42.364076805748525,mLongitude=-71.10122195333025,mHasAltitude=true,mAltitude=-23.0,mHasSpeed=true,mSpeed=0.32812142,mHasBearing=true,mBearing=349.0807,mHasAccuracy=true,mAccuracy=10.0,mExtras=Bundle[mParcelledData.dataSize=4]] Previous Region = (2,0)
I/CameraCloud( 1008): 1333728182601: GPS x/long:-71.10122195333025, GPS y/lat: 42.364076805748525. Region width in x: 51.96152422706632
I/CameraCloud( 1008): 1333728182602: location PINPOINTS to region = 2.0, previous 2
I/CameraCloud( 1008): 1333728182602: stay at region 2
I/CameraCloud( 1008): 1333728182998: canPressButton = TRUE
