I/CameraCloud( 1008): 1333728182999: areButtonsEnabled --> false 
I/CameraCloud( 1008): 1333728183002: Inside get photo disableButtons XXX
D/AudioHardware(   82): AudioHardware pcm playback is exiting standby.
D/AudioHardware(   82): openPcmOut_l() mPcmOpenCnt: 0
I/CameraCloud( 1008): 1333728183032: takeNum=3 takeCamGood=3 takeGoodSave=3 takeBad=0 getNum=4 getGood=3 getBad=0
I/CameraCloud( 1008): 1333728183032: ** Clicked getphotos Button from region 3 **
I/CameraCloud( 1008): 1333728183033: Trying to get photo from server, about to call serverRequest()
I/CameraCloud( 1008): 1333728183033: Server request to url: http://hermes5.csail.mit.edu:8213/102/3/0/
I/CameraCloud( 1008): 1333728183036: Cloud server request length: 12
I/CameraCloud( 1008): 1333728183037: about to execute HTTP POST
I/CameraCloud( 1008): 1333728183037: in serverRequest() about to httpclient.execute()
D/dalvikvm(  152): GC_EXPLICIT freed 679K, 13% free 12512K/14343K, paused 3ms+7ms
I/EventLogService(  453): Aggregate from 1333726732519 (log), 1333726384197 (data)
D/dalvikvm(  453): GC_CONCURRENT freed 412K, 6% free 9970K/10567K, paused 2ms+15ms
I/ServiceDumpSys(  453): dumping service [account]
D/AudioHardware(   82): AudioHardware pcm playback is going to standby.
D/AudioHardware(   82): closePcmOut_l() mPcmOpenCnt: 1
W/Smack/Packet(  453): notify conn break (IOEx), close connection
D/ConnectivityService(  152): handleInetConditionHoldEnd: net=0, condition=100, published condition=0
D/ConnectivityService(  152): handleInetConditionHoldEnd: net=0, condition=0, published condition=100
D/dalvikvm(  315): GC_CONCURRENT freed 424K, 6% free 9505K/10055K, paused 2ms+2ms
I/CameraCloud( 1008): 1333728211154: CameraCloud Execute HTTP latency: 28117ms
I/CameraCloud( 1008): 1333728211157: finished executing HTTP POST, get data
I/CameraCloud( 1008): 1333728211158: make input stream reader for data
I/CameraCloud( 1008): 1333728211194: Cloud response length: 41289
I/CameraCloud( 1008): 1333728211195: Returning cloud object
D/dalvikvm( 1008): GC_CONCURRENT freed 3236K, 36% free 10522K/16199K, paused 2ms+2ms
I/CameraCloud( 1008): 1333728214682: CameraCloud download photo latency = 31649
I/CameraCloud( 1008): 1333728214683: CameraCloud download start 1333728183033 ~ stop 1333728214682
I/CameraCloud( 1008): 1333728214683: takeNum=3 takeCamGood=3 takeGoodSave=3 takeBad=0 getNum=4 getGood=4 getBad=0
I/CameraCloud( 1008): 1333728214684: Success! Client getting photo from cloud server, showing photo...
I/CameraCloud( 1008): 1333728214684: Remote photo's length: 4344
D/dalvikvm( 1008): GC_EXPLICIT freed 178K, 36% free 10471K/16199K, paused 2ms+3ms
I/CameraCloud( 1008): 1333728214731: Done with Get photos button for region 3
I/CameraCloud( 1008): 1333728214731: Inside _enableButtons
I/CameraCloud( 1008): 1333728214732: areButtonsEnabled --> true
I/CameraCloud( 1008): 1333728214813: .......... GPS onLocationChanged ...... 
I/CameraCloud( 1008): 1333728214814: Loc = Location[mProvider=gps,mTime=1333814585000,mLatitude=42.36408478940117,mLongitude=-71.10122781877256,mHasAltitude=true,mAltitude=-22.0,mHasSpeed=true,mSpeed=0.33553493,mHasBearing=true,mBearing=15.754773,mHasAccuracy=true,mAccuracy=10.0,mExtras=Bundle[mParcelledData.dataSize=4]] Previous Region = (2,0)
I/CameraCloud( 1008): 1333728214815: GPS x/long:-71.10122781877256, GPS y/lat: 42.36408478940117. Region width in x: 51.96152422706632
I/CameraCloud( 1008): 1333728214815: location PINPOINTS to region = 2.0, previous 2
I/CameraCloud( 1008): 1333728214816: stay at region 2
I/CameraCloud( 1008): 1333728214817: .......... GPS onLocationChanged ...... 
I/CameraCloud( 1008): 1333728214817: Loc = Location[mProvider=gps,mTime=1333814586000,mLatitude=42.36409490109882,mLongitude=-71.10123642951734,mHasAltitude=true,mAltitude=-22.0,mHasSpeed=true,mSpeed=0.41163456,mHasBearing=true,mBearing=342.15445,mHasAccuracy=true,mAccuracy=10.0,mExtras=Bundle[mParcelledData.dataSize=4]] Previous Region = (2,0)
I/CameraCloud( 1008): 1333728214818: GPS x/long:-71.10123642951734, GPS y/lat: 42.36409490109882. Region width in x: 51.96152422706632
I/CameraCloud( 1008): 1333728214819: location PINPOINTS to region = 2.0, previous 2
I/CameraCloud( 1008): 1333728214819: stay at region 2
I/CameraCloud( 1008): 1333728214820: .......... GPS onLocationChanged ...... 
I/CameraCloud( 1008): 1333728214821: Loc = Location[mProvider=gps,mTime=1333814588000,mLatitude=42.364102120660355,mLongitude=-71.101253109103,mHasAltitude=true,mAltitude=-23.0,mHasSpeed=true,mSpeed=0.47176817,mHasBearing=true,mBearing=339.34033,mHasAccuracy=true,mAccuracy=10.0,mExtras=Bundle[mParcelledData.dataSize=4]] Previous Region = (2,0)
I/CameraCloud( 1008): 1333728214821: GPS x/long:-71.101253109103, GPS y/lat: 42.364102120660355. Region width in x: 51.96152422706632
I/CameraCloud( 1008): 1333728214821: location PINPOINTS to region = 2.0, previous 2
I/CameraCloud( 1008): 1333728214822: stay at region 2
I/CameraCloud( 1008): 1333728214822: .......... GPS onLocationChanged ...... 
I/CameraCloud( 1008): 1333728214824: Loc = Location[mProvider=gps,mTime=1333814589000,mLatitude=42.36410068241165,mLongitude=-71.10126738361829,mHasAltitude=true,mAltitude=-21.0,mHasSpeed=true,mSpeed=0.0,mHasBearing=true,mBearing=342.44894,mHasAccuracy=true,mAccuracy=10.0,mExtras=Bundle[mParcelledData.dataSize=4]] Previous Region = (2,0)
I/CameraCloud( 1008): 1333728214825: GPS x/long:-71.10126738361829, GPS y/lat: 42.36410068241165. Region width in x: 51.96152422706632
I/CameraCloud( 1008): 1333728214825: location PINPOINTS to region = 2.0, previous 2
I/CameraCloud( 1008): 1333728214825: stay at region 2
I/CameraCloud( 1008): 1333728214826: .......... GPS onLocationChanged ...... 
I/CameraCloud( 1008): 1333728214827: Loc = Location[mProvider=gps,mTime=1333814591000,mLatitude=42.36409773700781,mLongitude=-71.10128486073944,mHasAltitude=true,mAltitude=-21.0,mHasSpeed=true,mSpeed=0.0,mHasBearing=true,mBearing=313.75662,mHasAccuracy=true,mAccuracy=15.0,mExtras=Bundle[mParcelledData.dataSize=4]] Previous Region = (2,0)
I/CameraCloud( 1008): 1333728214827: GPS x/long:-71.10128486073944, GPS y/lat: 42.36409773700781. Region width in x: 51.96152422706632
I/CameraCloud( 1008): 1333728214828: location PINPOINTS to region = 2.0, previous 2
I/CameraCloud( 1008): 1333728214828: stay at region 2
W/InputManagerService(  152): Window already focused, ignoring focus gain of: com.android.internal.view.IInputMethodClient$Stub$Proxy@4158fb78
I/CameraCloud( 1008): 1333728215590: .......... GPS onLocationChanged ...... 
I/CameraCloud( 1008): 1333728215591: Loc = Location[mProvider=gps,mTime=1333814616000,mLatitude=42.36409285057517,mLongitude=-71.10138361524713,mHasAltitude=true,mAltitude=-23.0,mHasSpeed=true,mSpeed=0.9173081,mHasBearing=true,mBearing=176.21663,mHasAccuracy=true,mAccuracy=50.0,mExtras=Bundle[mParcelledData.dataSize=4]] Previous Region = (2,0)
I/CameraCloud( 1008): 1333728215591: GPS x/long:-71.10138361524713, GPS y/lat: 42.36409285057517. Region width in x: 51.96152422706632
I/CameraCloud( 1008): 1333728215592: location PINPOINTS to region = 2.0, previous 2
I/CameraCloud( 1008): 1333728215592: stay at region 2
I/CameraCloud( 1008): 1333728216592: .......... GPS onLocationChanged ...... 
I/CameraCloud( 1008): 1333728216593: Loc = Location[mProvider=gps,mTime=1333814617000,mLatitude=42.36405060929751,mLongitude=-71.10130913444306,mHasAltitude=true,mAltitude=-23.0,mHasSpeed=true,mSpeed=0.8997838,mHasBearing=true,mBearing=180.14085,mHasAccuracy=true,mAccuracy=35.0,mExtras=Bundle[mParcelledData.dataSize=4]] Previous Region = (2,0)
I/CameraCloud( 1008): 1333728216594: GPS x/long:-71.10130913444306, GPS y/lat: 42.36405060929751. Region width in x: 51.96152422706632
I/CameraCloud( 1008): 1333728216594: location PINPOINTS to region = 2.0, previous 2
I/CameraCloud( 1008): 1333728216609: stay at region 2
D/dalvikvm( 1008): GC_CONCURRENT freed 406K, 36% free 10451K/16199K, paused 2ms+2ms
I/CameraCloud( 1008): 1333728217590: .......... GPS onLocationChanged ...... 
I/CameraCloud( 1008): 1333728217591: Loc = Location[mProvider=gps,mTime=1333814618000,mLatitude=42.364039934060855,mLongitude=-71.10130917757974,mHasAltitude=true,mAltitude=-23.0,mHasSpeed=true,mSpeed=0.88392013,mHasBearing=true,mBearing=182.92068,mHasAccuracy=true,mAccuracy=35.0,mExtras=Bundle[mParcelledData.dataSize=4]] Previous Region = (2,0)
I/CameraCloud( 1008): 1333728217591: GPS x/long:-71.10130917757974, GPS y/lat: 42.364039934060855. Region width in x: 51.96152422706632
I/CameraCloud( 1008): 1333728217592: location PINPOINTS to region = 2.0, previous 2
I/CameraCloud( 1008): 1333728217592: stay at region 2
I/CameraCloud( 1008): 1333728218592: .......... GPS onLocationChanged ...... 
I/CameraCloud( 1008): 1333728218593: Loc = Location[mProvider=gps,mTime=1333814619000,mLatitude=42.364039863507784,mLongitude=-71.1013279387035,mHasAltitude=true,mAltitude=-22.0,mHasSpeed=true,mSpeed=0.0,mHasBearing=true,mBearing=193.21033,mHasAccuracy=true,mAccuracy=25.0,mExtras=Bundle[mParcelledData.dataSize=4]] Previous Region = (2,0)
I/CameraCloud( 1008): 1333728218594: GPS x/long:-71.1013279387035, GPS y/lat: 42.364039863507784. Region width in x: 51.96152422706632
I/CameraCloud( 1008): 1333728218594: location PINPOINTS to region = 2.0, previous 2
I/CameraCloud( 1008): 1333728218594: stay at region 2
D/dalvikvm(  152): GC_CONCURRENT freed 771K, 13% free 12500K/14343K, paused 4ms+6ms
I/CameraCloud( 1008): 1333728220615: .......... GPS onLocationChanged ...... 
I/CameraCloud( 1008): 1333728220615: Loc = Location[mProvider=gps,mTime=1333814621000,mLatitude=42.36407306208415,mLongitude=-71.1013492464471,mHasAltitude=true,mAltitude=-22.0,mHasSpeed=true,mSpeed=0.7897231,mHasBearing=true,mBearing=210.99615,mHasAccuracy=true,mAccuracy=30.0,mExtras=Bundle[mParcelledData.dataSize=4]] Previous Region = (2,0)
I/CameraCloud( 1008): 1333728220616: GPS x/long:-71.1013492464471, GPS y/lat: 42.36407306208415. Region width in x: 51.96152422706632
I/CameraCloud( 1008): 1333728220616: location PINPOINTS to region = 2.0, previous 2
I/CameraCloud( 1008): 1333728220617: stay at region 2
I/CameraCloud( 1008): 1333728221881: canPressButton = TRUE
I/CameraCloud( 1008): 1333728221881: areButtonsEnabled --> false
I/CameraCloud( 1008): 1333728221882: disabling buttons ...
I/CameraCloud( 1008): 1333728221882: new pic disableButtons XXX
I/CameraCloud( 1008): 1333728221882: areButtonsEnabled --> false
D/AudioHardware(   82): AudioHardware pcm playback is exiting standby.
D/AudioHardware(   82): openPcmOut_l() mPcmOpenCnt: 0
I/CameraCloud( 1008): 1333728221913: takeNum=4 takeCamGood=3 takeGoodSave=3 takeBad=0 getNum=4 getGood=4 getBad=0
I/CameraCloud( 1008): 1333728221914: ** Clicked take picture button **
I/CameraSurfaceView( 1008): inside getCamera()
I/CameraHardwareSec(   82): int android::CameraHardwareSec::previewThreadWrapper(): calling mSecCamera->stopPreview() and waiting
I/SecCamera(   82): int android::fimc_v4l2_querybuf(int, android::fimc_buffer*, v4l2_buf_type) :
I/SecCamera(   82): int android::fimc_v4l2_querybuf(int, android::fimc_buffer*, v4l2_buf_type): buffer->start = 0x43cc8000 v4l2_buf.length = 4261248
I/CameraHardwareSec(   82): == Camera Sensor Detect S5K4ECGX - Samsung LSI SOC 5M ==
D/JpegEncoder(   82): encode E
I/CameraCloud( 1008): 1333728222595: .......... GPS onLocationChanged ...... 
I/CameraCloud( 1008): 1333728222596: Loc = Location[mProvider=gps,mTime=1333814623000,mLatitude=42.36408921477886,mLongitude=-71.10133348063574,mHasAltitude=true,mAltitude=-23.0,mHasSpeed=true,mSpeed=0.0,mHasBearing=true,mBearing=231.40453,mHasAccuracy=true,mAccuracy=30.0,mExtras=Bundle[mParcelledData.dataSize=4]] Previous Region = (2,0)
I/CameraCloud( 1008): 1333728222596: GPS x/long:-71.10133348063574, GPS y/lat: 42.36408921477886. Region width in x: 51.96152422706632
I/CameraCloud( 1008): 1333728222596: location PINPOINTS to region = 2.0, previous 2
D/JpegEncoder(   82): encode X
I/CameraCloud( 1008): 1333728222597: stay at region 2
D/SecCamera(   82): Shutter speed=672 us, iso=50
D/SecCamera(   82): AV=3, TV=11, SV=4
D/JpegEncoder(   82): makeExif E
D/JpegEncoder(   82): makeExif X
I/SecCamera(   82): int android::SecCamera::endSnapshot() :
I/SecCamera(   82): munmap():virt. addr 0x43cc8000 size = 4261248
D/dalvikvm( 1008): GC_FOR_ALLOC freed 91K, 36% free 10463K/16199K, paused 17ms
I/dalvikvm-heap( 1008): Grow heap (frag case) to 12.016MB for 1809877-byte allocation
D/dalvikvm( 1008): GC_CONCURRENT freed 7K, 25% free 12223K/16199K, paused 2ms+2ms
I/CameraCloud( 1008): 1333728222686: inside HandlePictureStorage onPictureTaken()
I/CameraCloud( 1008): 1333728222687: takeNum=4 takeCamGood=4 takeGoodSave=3 takeBad=0 getNum=4 getGood=4 getBad=0
D/CameraHardwareSec(   82): mPreviewHeap(fd(31), size(518400), width(720), height(480))
I/CameraHardwareSec(   82): int android::CameraHardwareSec::previewThreadWrapper(): return from wait
I/CameraCloud( 1008): 1333728223113: Picture successfully taken, ORIG BYTE LENGTH = 1809861
D/dalvikvm( 1008): GC_EXPLICIT freed 2K, 25% free 12224K/16199K, paused 17ms+3ms
I/CameraCloud( 1008): 1333728223390: Our new height x width: 240 x 320
I/CameraCloud( 1008): 1333728223391: Show photo from handle my camera take
I/CameraCloud( 1008): 1333728223391: client making photo packet to send to leader
I/CameraCloud( 1008): 1333728223415: BYTE SIZE AFTER COMPRESSION: 3249
I/CameraCloud( 1008): 1333728223415: sending new pic ....
I/CameraCloud( 1008): 1333728223416: Server request to url: http://hermes5.csail.mit.edu:8213/101/2/0/
I/CameraCloud( 1008): 1333728223512: Cloud server request length: 11156
I/CameraCloud( 1008): 1333728223513: about to execute HTTP POST
I/CameraCloud( 1008): 1333728223513: in serverRequest() about to httpclient.execute()
D/AudioHardware(   82): AudioHardware pcm playback is going to standby.
D/AudioHardware(   82): closePcmOut_l() mPcmOpenCnt: 1
D/dalvikvm(  152): GC_CONCURRENT freed 752K, 13% free 12503K/14343K, paused 3ms+6ms
D/dalvikvm(  715): GC_CONCURRENT freed 388K, 6% free 10060K/10695K, paused 2ms+3ms
I/CameraCloud( 1008): 1333728261726: CameraCloud Execute HTTP latency: 38213ms
I/CameraCloud( 1008): 1333728261728: finished executing HTTP POST, get data
I/CameraCloud( 1008): 1333728261729: make input stream reader for data
I/CameraCloud( 1008): 1333728261755: Cloud response length: 18
I/CameraCloud( 1008): 1333728261757: Returning cloud object
I/CameraCloud( 1008): 1333728261799: CameraCloud upload new photo latency = 38383
I/CameraCloud( 1008): 1333728261800: CameraCloud upload start 1333728223416 ~ stop 1333728261799
I/CameraCloud( 1008): 1333728261800: takeNum=4 takeCamGood=4 takeGoodSave=4 takeBad=0 getNum=4 getGood=4 getBad=0
I/CameraCloud( 1008): 1333728261800: SUCCESS! Client now knows saving photo on cloud server succeeded
I/CameraCloud( 1008): 1333728261801: RETURN STATUS: 12
I/CameraCloud( 1008): 1333728261801: Inside _enableButtons
I/CameraCloud( 1008): 1333728261801: areButtonsEnabled --> true
I/CameraCloud( 1008): 1333728261801: end of client send picture method
I/CameraCloud( 1008): 1333728261840: .......... GPS onLocationChanged ...... 
I/CameraCloud( 1008): 1333728261852: Loc = Location[mProvider=gps,mTime=1333814626000,mLatitude=42.36410329549278,mLongitude=-71.10133479856329,mHasAltitude=true,mAltitude=-23.0,mHasSpeed=true,mSpeed=0.88356334,mHasBearing=true,mBearing=246.15997,mHasAccuracy=true,mAccuracy=20.0,mExtras=Bundle[mParcelledData.dataSize=4]] Previous Region = (2,0)
I/CameraCloud( 1008): 1333728261852: GPS x/long:-71.10133479856329, GPS y/lat: 42.36410329549278. Region width in x: 51.96152422706632
I/CameraCloud( 1008): 1333728261853: location PINPOINTS to region = 2.0, previous 2
I/CameraCloud( 1008): 1333728261853: stay at region 2
I/CameraCloud( 1008): 1333728261854: .......... GPS onLocationChanged ...... 
I/CameraCloud( 1008): 1333728261854: Loc = Location[mProvider=gps,mTime=1333814628000,mLatitude=42.364118900339136,mLongitude=-71.10134050802732,mHasAltitude=true,mAltitude=-23.0,mHasSpeed=true,mSpeed=0.8529861,mHasBearing=true,mBearing=259.00992,mHasAccuracy=true,mAccuracy=15.0,mExtras=Bundle[mParcelledData.dataSize=4]] Previous Region = (2,0)
I/CameraCloud( 1008): 1333728261855: GPS x/long:-71.10134050802732, GPS y/lat: 42.364118900339136. Region width in x: 51.96152422706632
I/CameraCloud( 1008): 1333728261855: location PINPOINTS to region = 2.0, previous 2
I/CameraCloud( 1008): 1333728261855: stay at region 2
I/CameraCloud( 1008): 1333728261856: .......... GPS onLocationChanged ...... 
I/CameraCloud( 1008): 1333728261856: Loc = Location[mProvider=gps,mTime=1333814630000,mLatitude=42.36412938138705,mLongitude=-71.10135923965633,mHasAltitude=true,mAltitude=-23.0,mHasSpeed=true,mSpeed=0.8542548,mHasBearing=true,mBearing=268.06583,mHasAccuracy=true,mAccuracy=15.0,mExtras=Bundle[mParcelledData.dataSize=4]] Previous Region = (2,0)
I/CameraCloud( 1008): 1333728261857: GPS x/long:-71.10135923965633, GPS y/lat: 42.36412938138705. Region width in x: 51.96152422706632
I/CameraCloud( 1008): 1333728261857: location PINPOINTS to region = 2.0, previous 2
I/CameraCloud( 1008): 1333728261857: stay at region 2
I/CameraCloud( 1008): 1333728261858: .......... GPS onLocationChanged ...... 
I/CameraCloud( 1008): 1333728261858: Loc = Location[mProvider=gps,mTime=1333814632000,mLatitude=42.36413757799071,mLongitude=-71.10139064374076,mHasAltitude=true,mAltitude=-22.0,mHasSpeed=true,mSpeed=0.86995584,mHasBearing=true,mBearing=290.61227,mHasAccuracy=true,mAccuracy=15.0,mExtras=Bundle[mParcelledData.dataSize=4]] Previous Region = (2,0)
I/CameraCloud( 1008): 1333728261859: GPS x/long:-71.10139064374076, GPS y/lat: 42.36413757799071. Region width in x: 51.96152422706632
I/CameraCloud( 1008): 1333728261859: location PINPOINTS to region = 2.0, previous 2
I/CameraCloud( 1008): 1333728261859: stay at region 2
I/CameraCloud( 1008): 1333728261860: .......... GPS onLocationChanged ...... 
I/CameraCloud( 1008): 1333728261861: Loc = Location[mProvider=gps,mTime=1333814633000,mLatitude=42.36414508404782,mLongitude=-71.10140582003531,mHasAltitude=true,mAltitude=-22.0,mHasSpeed=true,mSpeed=0.8945721,mHasBearing=true,mBearing=297.6468,mHasAccuracy=true,mAccuracy=15.0,mExtras=Bundle[mParcelledData.dataSize=4]] Previous Region = (2,0)
I/CameraCloud( 1008): 1333728261861: GPS x/long:-71.10140582003531, GPS y/lat: 42.36414508404782. Region width in x: 51.96152422706632
I/CameraCloud( 1008): 1333728261861: location PINPOINTS to region = 2.0, previous 2
I/CameraCloud( 1008): 1333728261862: stay at region 2
I/CameraCloud( 1008): 1333728261862: .......... GPS onLocationChanged ...... 
I/CameraCloud( 1008): 1333728261863: Loc = Location[mProvider=gps,mTime=1333814634000,mLatitude=42.364151354298656,mLongitude=-71.1014212708584,mHasAltitude=true,mAltitude=-23.0,mHasSpeed=true,mSpeed=0.9187443,mHasBearing=true,mBearing=300.00543,mHasAccuracy=true,mAccuracy=15.0,mExtras=Bundle[mParcelledData.dataSize=4]] Previous Region = (2,0)
I/CameraCloud( 1008): 1333728261863: GPS x/long:-71.1014212708584, GPS y/lat: 42.364151354298656. Region width in x: 51.96152422706632
I/CameraCloud( 1008): 1333728261864: location PINPOINTS to region = 2.0, previous 2
I/CameraCloud( 1008): 1333728261864: stay at region 2
I/CameraCloud( 1008): 1333728261864: .......... GPS onLocationChanged ...... 
I/CameraCloud( 1008): 1333728261865: Loc = Location[mProvider=gps,mTime=1333814635000,mLatitude=42.36415785091128,mLongitude=-71.10143682016617,mHasAltitude=true,mAltitude=-23.0,mHasSpeed=true,mSpeed=0.0,mHasBearing=true,mBearing=295.43094,mHasAccuracy=true,mAccuracy=15.0,mExtras=Bundle[mParcelledData.dataSize=4]] Previous Region = (2,0)
I/CameraCloud( 1008): 1333728261865: GPS x/long:-71.10143682016617, GPS y/lat: 42.36415785091128. Region width in x: 51.96152422706632
I/CameraCloud( 1008): 1333728261866: location PINPOINTS to region = 2.0, previous 2
I/CameraCloud( 1008): 1333728261866: stay at region 2
I/CameraCloud( 1008): 1333728261866: .......... GPS onLocationChanged ...... 
I/CameraCloud( 1008): 1333728261867: Loc = Location[mProvider=gps,mTime=1333814636000,mLatitude=42.364164083369374,mLongitude=-71.1014491357515,mHasAltitude=true,mAltitude=-22.0,mHasSpeed=true,mSpeed=0.9515043,mHasBearing=true,mBearing=301.75208,mHasAccuracy=true,mAccuracy=15.0,mExtras=Bundle[mParcelledData.dataSize=4]] Previous Region = (2,0)
I/CameraCloud( 1008): 1333728261867: GPS x/long:-71.1014491357515, GPS y/lat: 42.364164083369374. Region width in x: 51.96152422706632
I/CameraCloud( 1008): 1333728261868: location PINPOINTS to region = 2.0, previous 2
I/CameraCloud( 1008): 1333728261868: stay at region 2
I/CameraCloud( 1008): 1333728261868: .......... GPS onLocationChanged ...... 
I/CameraCloud( 1008): 1333728261869: Loc = Location[mProvider=gps,mTime=1333814637000,mLatitude=42.36417377272714,mLongitude=-71.1014665630725,mHasAltitude=true,mAltitude=-22.0,mHasSpeed=true,mSpeed=0.0,mHasBearing=true,mBearing=298.5501,mHasAccuracy=true,mAccuracy=25.0,mExtras=Bundle[mParcelledData.dataSize=4]] Previous Region = (2,0)
I/CameraCloud( 1008): 1333728261869: GPS x/long:-71.1014665630725, GPS y/lat: 42.36417377272714. Region width in x: 51.96152422706632
I/CameraCloud( 1008): 1333728261870: location PINPOINTS to region = 2.0, previous 2
I/CameraCloud( 1008): 1333728261870: stay at region 2
I/CameraCloud( 1008): 1333728261870: .......... GPS onLocationChanged ...... 
I/CameraCloud( 1008): 1333728261884: Loc = Location[mProvider=gps,mTime=1333814638000,mLatitude=42.36418070562551,mLongitude=-71.10147991550677,mHasAltitude=true,mAltitude=-23.0,mHasSpeed=true,mSpeed=0.9694281,mHasBearing=true,mBearing=300.13492,mHasAccuracy=true,mAccuracy=20.0,mExtras=Bundle[mParcelledData.dataSize=4]] Previous Region = (2,0)
I/CameraCloud( 1008): 1333728261885: GPS x/long:-71.10147991550677, GPS y/lat: 42.36418070562551. Region width in x: 51.96152422706632
I/CameraCloud( 1008): 1333728261885: location PINPOINTS to region = 2.0, previous 2
I/CameraCloud( 1008): 1333728261885: stay at region 2
I/CameraCloud( 1008): 1333728261886: .......... GPS onLocationChanged ...... 
I/CameraCloud( 1008): 1333728261887: Loc = Location[mProvider=gps,mTime=1333814639000,mLatitude=42.36418703297767,mLongitude=-71.10149317929367,mHasAltitude=true,mAltitude=-23.0,mHasSpeed=true,mSpeed=0.97468066,mHasBearing=true,mBearing=300.93185,mHasAccuracy=true,mAccuracy=20.0,mExtras=Bundle[mParcelledData.dataSize=4]] Previous Region = (2,0)
I/CameraCloud( 1008): 1333728261887: GPS x/long:-71.10149317929367, GPS y/lat: 42.36418703297767. Region width in x: 51.96152422706632
I/CameraCloud( 1008): 1333728261887: location PINPOINTS to region = 2.0, previous 2
I/CameraCloud( 1008): 1333728261888: stay at region 2
I/CameraCloud( 1008): 1333728261889: .......... GPS onLocationChanged ...... 
I/CameraCloud( 1008): 1333728261889: Loc = Location[mProvider=gps,mTime=1333814640000,mLatitude=42.364192733704186,mLongitude=-71.10150471388305,mHasAltitude=true,mAltitude=-22.0,mHasSpeed=true,mSpeed=0.9756311,mHasBearing=true,mBearing=301.3313,mHasAccuracy=true,mAccuracy=20.0,mExtras=Bundle[mParcelledData.dataSize=4]] Previous Region = (2,0)
I/CameraCloud( 1008): 1333728261891: GPS x/long:-71.10150471388305, GPS y/lat: 42.364192733704186. Region width in x: 51.96152422706632
I/CameraCloud( 1008): 1333728261891: location PINPOINTS to region = 2.0, previous 2
I/CameraCloud( 1008): 1333728261892: stay at region 2
I/CameraCloud( 1008): 1333728261892: .......... GPS onLocationChanged ...... 
I/CameraCloud( 1008): 1333728261893: Loc = Location[mProvider=gps,mTime=1333814641000,mLatitude=42.364199799263304,mLongitude=-71.10151736178028,mHasAltitude=true,mAltitude=-23.0,mHasSpeed=true,mSpeed=0.9781106,mHasBearing=true,mBearing=302.38223,mHasAccuracy=true,mAccuracy=30.0,mExtras=Bundle[mParcelledData.dataSize=4]] Previous Region = (2,0)
I/CameraCloud( 1008): 1333728261893: GPS x/long:-71.10151736178028, GPS y/lat: 42.364199799263304. Region width in x: 51.96152422706632
I/CameraCloud( 1008): 1333728261894: location PINPOINTS to region = 2.0, previous 2
I/CameraCloud( 1008): 1333728261894: stay at region 2
I/CameraCloud( 1008): 1333728261894: .......... GPS onLocationChanged ...... 
I/CameraCloud( 1008): 1333728261895: Loc = Location[mProvider=gps,mTime=1333814642000,mLatitude=42.36420670595552,mLongitude=-71.10152954917653,mHasAltitude=true,mAltitude=-22.0,mHasSpeed=true,mSpeed=0.98008937,mHasBearing=true,mBearing=302.911,mHasAccuracy=true,mAccuracy=20.0,mExtras=Bundle[mParcelledData.dataSize=4]] Previous Region = (2,0)
I/CameraCloud( 1008): 1333728261896: GPS x/long:-71.10152954917653, GPS y/lat: 42.36420670595552. Region width in x: 51.96152422706632
I/CameraCloud( 1008): 1333728261896: location PINPOINTS to region = 2.0, previous 2
I/CameraCloud( 1008): 1333728261896: stay at region 2
I/CameraCloud( 1008): 1333728261897: .......... GPS onLocationChanged ...... 
I/CameraCloud( 1008): 1333728261897: Loc = Location[mProvider=gps,mTime=1333814643000,mLatitude=42.364215425722094,mLongitude=-71.1015424716861,mHasAltitude=true,mAltitude=-23.0,mHasSpeed=true,mSpeed=0.98519945,mHasBearing=true,mBearing=302.62634,mHasAccuracy=true,mAccuracy=20.0,mExtras=Bundle[mParcelledData.dataSize=4]] Previous Region = (2,0)
I/CameraCloud( 1008): 1333728261898: GPS x/long:-71.1015424716861, GPS y/lat: 42.364215425722094. Region width in x: 51.96152422706632
I/CameraCloud( 1008): 1333728261898: location PINPOINTS to region = 2.0, previous 2
I/CameraCloud( 1008): 1333728261898: stay at region 2
I/CameraCloud( 1008): 1333728261899: .......... GPS onLocationChanged ...... 
I/CameraCloud( 1008): 1333728261900: Loc = Location[mProvider=gps,mTime=1333814644000,mLatitude=42.36422676237942,mLongitude=-71.101555001383,mHasAltitude=true,mAltitude=-22.0,mHasSpeed=true,mSpeed=1.0004532,mHasBearing=true,mBearing=308.3196,mHasAccuracy=true,mAccuracy=20.0,mExtras=Bundle[mParcelledData.dataSize=4]] Previous Region = (2,0)
I/CameraCloud( 1008): 1333728261900: GPS x/long:-71.101555001383, GPS y/lat: 42.36422676237942. Region width in x: 51.96152422706632
I/CameraCloud( 1008): 1333728261901: location PINPOINTS to region = 2.0, previous 2
I/CameraCloud( 1008): 1333728261901: location is INSIDE BOUNDARY, stay at prev region = (2,0)
I/CameraCloud( 1008): 1333728261902: .......... GPS onLocationChanged ...... 
I/CameraCloud( 1008): 1333728261902: Loc = Location[mProvider=gps,mTime=1333814645000,mLatitude=42.36423596971089,mLongitude=-71.10156943387273,mHasAltitude=true,mAltitude=-21.0,mHasSpeed=true,mSpeed=1.0044427,mHasBearing=true,mBearing=303.7004,mHasAccuracy=true,mAccuracy=20.0,mExtras=Bundle[mParcelledData.dataSize=4]] Previous Region = (2,0)
I/CameraCloud( 1008): 1333728261903: GPS x/long:-71.10156943387273, GPS y/lat: 42.36423596971089. Region width in x: 51.96152422706632
I/CameraCloud( 1008): 1333728261903: location PINPOINTS to region = 2.0, previous 2
I/CameraCloud( 1008): 1333728261903: location is INSIDE BOUNDARY, stay at prev region = (2,0)
I/CameraCloud( 1008): 1333728261904: .......... GPS onLocationChanged ...... 
I/CameraCloud( 1008): 1333728261905: Loc = Location[mProvider=gps,mTime=1333814646000,mLatitude=42.364247264301376,mLongitude=-71.10158449602062,mHasAltitude=true,mAltitude=-22.0,mHasSpeed=true,mSpeed=0.0,mHasBearing=true,mBearing=304.68314,mHasAccuracy=true,mAccuracy=15.0,mExtras=Bundle[mParcelledData.dataSize=4]] Previous Region = (2,0)
I/CameraCloud( 1008): 1333728261905: GPS x/long:-71.10158449602062, GPS y/lat: 42.364247264301376. Region width in x: 51.96152422706632
I/CameraCloud( 1008): 1333728261905: location PINPOINTS to region = 2.0, previous 2
I/CameraCloud( 1008): 1333728261906: location is INSIDE BOUNDARY, stay at prev region = (2,0)
I/CameraCloud( 1008): 1333728261906: .......... GPS onLocationChanged ...... 
I/CameraCloud( 1008): 1333728261916: Loc = Location[mProvider=gps,mTime=1333814647000,mLatitude=42.364254831706276,mLongitude=-71.10159655826065,mHasAltitude=true,mAltitude=-23.0,mHasSpeed=true,mSpeed=0.0,mHasBearing=true,mBearing=302.5559,mHasAccuracy=true,mAccuracy=15.0,mExtras=Bundle[mParcelledData.dataSize=4]] Previous Region = (2,0)
I/CameraCloud( 1008): 1333728261917: GPS x/long:-71.10159655826065, GPS y/lat: 42.364254831706276. Region width in x: 51.96152422706632
I/CameraCloud( 1008): 1333728261917: location PINPOINTS to region = 3.0, previous 2
I/CameraCloud( 1008): 1333728261918: location is INSIDE BOUNDARY, stay at prev region = (2,0)
I/CameraCloud( 1008): 1333728261918: .......... GPS onLocationChanged ...... 
I/CameraCloud( 1008): 1333728261919: Loc = Location[mProvider=gps,mTime=1333814648000,mLatitude=42.36425948490651,mLongitude=-71.10160967684975,mHasAltitude=true,mAltitude=-23.0,mHasSpeed=true,mSpeed=0.0,mHasBearing=true,mBearing=299.12964,mHasAccuracy=true,mAccuracy=20.0,mExtras=Bundle[mParcelledData.dataSize=4]] Previous Region = (2,0)
I/CameraCloud( 1008): 1333728261919: GPS x/long:-71.10160967684975, GPS y/lat: 42.36425948490651. Region width in x: 51.96152422706632
I/CameraCloud( 1008): 1333728261920: location PINPOINTS to region = 3.0, previous 2
I/CameraCloud( 1008): 1333728261920: location is INSIDE BOUNDARY, stay at prev region = (2,0)
I/CameraCloud( 1008): 1333728261921: .......... GPS onLocationChanged ...... 
I/CameraCloud( 1008): 1333728261922: Loc = Location[mProvider=gps,mTime=1333814649000,mLatitude=42.36426405266199,mLongitude=-71.10162702679789,mHasAltitude=true,mAltitude=-22.0,mHasSpeed=true,mSpeed=0.0,mHasBearing=true,mBearing=301.78754,mHasAccuracy=true,mAccuracy=10.0,mExtras=Bundle[mParcelledData.dataSize=4]] Previous Region = (2,0)
I/CameraCloud( 1008): 1333728261922: GPS x/long:-71.10162702679789, GPS y/lat: 42.36426405266199. Region width in x: 51.96152422706632
I/CameraCloud( 1008): 1333728261922: location PINPOINTS to region = 3.0, previous 2
I/CameraCloud( 1008): 1333728261923: location is INSIDE BOUNDARY, stay at prev region = (2,0)
I/CameraCloud( 1008): 1333728261923: .......... GPS onLocationChanged ...... 
I/CameraCloud( 1008): 1333728261924: Loc = Location[mProvider=gps,mTime=1333814650000,mLatitude=42.364270110262744,mLongitude=-71.10164146962445,mHasAltitude=true,mAltitude=-23.0,mHasSpeed=true,mSpeed=0.9435105,mHasBearing=true,mBearing=303.31357,mHasAccuracy=true,mAccuracy=10.0,mExtras=Bundle[mParcelledData.dataSize=4]] Previous Region = (2,0)
I/CameraCloud( 1008): 1333728261924: GPS x/long:-71.10164146962445, GPS y/lat: 42.364270110262744. Region width in x: 51.96152422706632
I/CameraCloud( 1008): 1333728261925: location PINPOINTS to region = 3.0, previous 2
I/CameraCloud( 1008): 1333728261925: location is INSIDE BOUNDARY, stay at prev region = (2,0)
I/CameraCloud( 1008): 1333728261926: .......... GPS onLocationChanged ...... 
I/CameraCloud( 1008): 1333728261926: Loc = Location[mProvider=gps,mTime=1333814651000,mLatitude=42.364273484930884,mLongitude=-71.10166139067101,mHasAltitude=true,mAltitude=-23.0,mHasSpeed=true,mSpeed=0.95541257,mHasBearing=true,mBearing=299.58572,mHasAccuracy=true,mAccuracy=10.0,mExtras=Bundle[mParcelledData.dataSize=4]] Previous Region = (2,0)
I/CameraCloud( 1008): 1333728261926: GPS x/long:-71.10166139067101, GPS y/lat: 42.364273484930884. Region width in x: 51.96152422706632
I/CameraCloud( 1008): 1333728261927: location PINPOINTS to region = 3.0, previous 2
I/CameraCloud( 1008): 1333728261927: location CHANGED TO NEW region = (3,0) from region = (2,0)
I/CameraCloud( 1008): 1333728261928: moving from region (2,0), to (3,0)
I/CameraCloud( 1008): 1333728261929: .......... GPS onLocationChanged ...... 
I/CameraCloud( 1008): 1333728261930: Loc = Location[mProvider=gps,mTime=1333814652000,mLatitude=42.364277589858,mLongitude=-71.10167528255091,mHasAltitude=true,mAltitude=-22.0,mHasSpeed=true,mSpeed=0.0,mHasBearing=true,mBearing=301.32773,mHasAccuracy=true,mAccuracy=10.0,mExtras=Bundle[mParcelledData.dataSize=4]] Previous Region = (3,0)
I/CameraCloud( 1008): 1333728261930: GPS x/long:-71.10167528255091, GPS y/lat: 42.364277589858. Region width in x: 51.96152422706632
I/CameraCloud( 1008): 1333728261930: location PINPOINTS to region = 3.0, previous 3
I/CameraCloud( 1008): 1333728261931: stay at region 3
I/CameraCloud( 1008): 1333728261931: .......... GPS onLocationChanged ...... 
I/CameraCloud( 1008): 1333728261932: Loc = Location[mProvider=gps,mTime=1333814656000,mLatitude=42.36428614364264,mLongitude=-71.1016920320899,mHasAltitude=true,mAltitude=-23.0,mHasSpeed=true,mSpeed=0.874494,mHasBearing=true,mBearing=301.05954,mHasAccuracy=true,mAccuracy=10.0,mExtras=Bundle[mParcelledData.dataSize=4]] Previous Region = (3,0)
I/CameraCloud( 1008): 1333728261932: GPS x/long:-71.1016920320899, GPS y/lat: 42.36428614364264. Region width in x: 51.96152422706632
I/CameraCloud( 1008): 1333728261932: location PINPOINTS to region = 3.0, previous 3
I/CameraCloud( 1008): 1333728261933: stay at region 3
I/CameraCloud( 1008): 1333728261934: .......... GPS onLocationChanged ...... 
I/CameraCloud( 1008): 1333728261934: Loc = Location[mProvider=gps,mTime=1333814658000,mLatitude=42.36429487370822,mLongitude=-71.10170931731633,mHasAltitude=true,mAltitude=-22.0,mHasSpeed=true,mSpeed=0.8620348,mHasBearing=true,mBearing=301.16016,mHasAccuracy=true,mAccuracy=20.0,mExtras=Bundle[mParcelledData.dataSize=4]] Previous Region = (3,0)
I/CameraCloud( 1008): 1333728261935: GPS x/long:-71.10170931731633, GPS y/lat: 42.36429487370822. Region width in x: 51.96152422706632
I/CameraCloud( 1008): 1333728261935: location PINPOINTS to region = 3.0, previous 3
I/CameraCloud( 1008): 1333728261935: stay at region 3
I/CameraCloud( 1008): 1333728261936: .......... GPS onLocationChanged ...... 
I/CameraCloud( 1008): 1333728261956: Loc = Location[mProvider=gps,mTime=1333814659000,mLatitude=42.36430047569947,mLongitude=-71.10172033181391,mHasAltitude=true,mAltitude=-22.0,mHasSpeed=true,mSpeed=0.8650479,mHasBearing=true,mBearing=301.1771,mHasAccuracy=true,mAccuracy=15.0,mExtras=Bundle[mParcelledData.dataSize=4]] Previous Region = (3,0)
I/CameraCloud( 1008): 1333728261957: GPS x/long:-71.10172033181391, GPS y/lat: 42.36430047569947. Region width in x: 51.96152422706632
I/CameraCloud( 1008): 1333728261957: location PINPOINTS to region = 3.0, previous 3
I/CameraCloud( 1008): 1333728261958: stay at region 3
I/CameraCloud( 1008): 1333728261959: .......... GPS onLocationChanged ...... 
I/CameraCloud( 1008): 1333728261961: Loc = Location[mProvider=gps,mTime=1333814661000,mLatitude=42.364311499122906,mLongitude=-71.10174218695461,mHasAltitude=true,mAltitude=-23.0,mHasSpeed=true,mSpeed=0.8662348,mHasBearing=true,mBearing=301.18866,mHasAccuracy=true,mAccuracy=15.0,mExtras=Bundle[mParcelledData.dataSize=4]] Previous Region = (3,0)
I/CameraCloud( 1008): 1333728261961: GPS x/long:-71.10174218695461, GPS y/lat: 42.364311499122906. Region width in x: 51.96152422706632
I/CameraCloud( 1008): 1333728261961: location PINPOINTS to region = 3.0, previous 3
I/CameraCloud( 1008): 1333728261962: stay at region 3
D/dalvikvm( 1008): GC_CONCURRENT freed 2650K, 35% free 10535K/16199K, paused 1ms+13ms
W/InputManagerService(  152): Window already focused, ignoring focus gain of: com.android.internal.view.IInputMethodClient$Stub$Proxy@4156e480
I/CameraCloud( 1008): 1333728265597: .......... GPS onLocationChanged ...... 
I/CameraCloud( 1008): 1333728265598: Loc = Location[mProvider=gps,mTime=1333814666000,mLatitude=42.36441986806863,mLongitude=-71.1017384904974,mHasAltitude=true,mAltitude=-22.0,mHasSpeed=true,mSpeed=0.0,mHasBearing=true,mBearing=274.9506,mHasAccuracy=true,mAccuracy=40.0,mExtras=Bundle[mParcelledData.dataSize=4]] Previous Region = (3,0)
I/CameraCloud( 1008): 1333728265599: GPS x/long:-71.1017384904974, GPS y/lat: 42.36441986806863. Region width in x: 51.96152422706632
I/CameraCloud( 1008): 1333728265599: location PINPOINTS to region = 3.0, previous 3
I/CameraCloud( 1008): 1333728265600: stay at region 3
I/CameraCloud( 1008): 1333728267407: canPressButton = TRUE
I/CameraCloud( 1008): 1333728267409: areButtonsEnabled --> false 
I/CameraCloud( 1008): 1333728267411: Inside get photo disableButtons XXX
D/AudioHardware(   82): AudioHardware pcm playback is exiting standby.
D/AudioHardware(   82): openPcmOut_l() mPcmOpenCnt: 0
I/CameraCloud( 1008): 1333728267453: takeNum=4 takeCamGood=4 takeGoodSave=4 takeBad=0 getNum=5 getGood=4 getBad=0
I/CameraCloud( 1008): 1333728267454: ** Clicked getphotos Button from region 5 **
I/CameraCloud( 1008): 1333728267454: Trying to get photo from server, about to call serverRequest()
I/CameraCloud( 1008): 1333728267454: Server request to url: http://hermes5.csail.mit.edu:8213/102/5/0/
I/CameraCloud( 1008): 1333728267457: Cloud server request length: 12
I/CameraCloud( 1008): 1333728267457: about to execute HTTP POST
I/CameraCloud( 1008): 1333728267457: in serverRequest() about to httpclient.execute()
D/AudioHardware(   82): AudioHardware pcm playback is going to standby.
D/AudioHardware(   82): closePcmOut_l() mPcmOpenCnt: 1
D/dalvikvm(  152): GC_CONCURRENT freed 771K, 13% free 12487K/14343K, paused 3ms+16ms
I/InputDispatcher(  152): Application is not responding: Window{41773d00 edu.mit.haoqili.camera_cloud/edu.mit.haoqili.camera_cloud.CameraCloud paused=false}.  5004.9ms since event, 5004.2ms since wait started
I/WindowManager(  152): Input event dispatching timed out sending to edu.mit.haoqili.camera_cloud/edu.mit.haoqili.camera_cloud.CameraCloud
I/Process (  152): Sending signal. PID: 1008 SIG: 3
I/dalvikvm( 1008): threadid=3: reacting to signal 3
I/dalvikvm( 1008): Wrote stack traces to '/data/anr/traces.txt'
I/Process (  152): Sending signal. PID: 152 SIG: 3
I/dalvikvm(  152): threadid=3: reacting to signal 3
I/dalvikvm(  152): Wrote stack traces to '/data/anr/traces.txt'
I/Process (  152): Sending signal. PID: 315 SIG: 3
I/dalvikvm(  315): threadid=3: reacting to signal 3
I/dalvikvm(  315): Wrote stack traces to '/data/anr/traces.txt'
I/Process (  152): Sending signal. PID: 219 SIG: 3
I/dalvikvm(  219): threadid=3: reacting to signal 3
I/dalvikvm(  219): Wrote stack traces to '/data/anr/traces.txt'
I/Process (  152): Sending signal. PID: 329 SIG: 3
I/dalvikvm(  329): threadid=3: reacting to signal 3
I/dalvikvm(  329): Wrote stack traces to '/data/anr/traces.txt'
D/dalvikvm(  152): GC_CONCURRENT freed 700K, 12% free 12656K/14343K, paused 3ms+6ms
D/dalvikvm(  152): GC_EXPLICIT freed 50K, 12% free 12630K/14343K, paused 10ms+6ms
E/ActivityManager(  152): ANR in edu.mit.haoqili.camera_cloud (edu.mit.haoqili.camera_cloud/.CameraCloud)
E/ActivityManager(  152): Reason: keyDispatchingTimedOut
E/ActivityManager(  152): Load: 0.05 / 0.2 / 0.19
E/ActivityManager(  152): CPU usage from 17336ms to 0ms ago:
E/ActivityManager(  152):   53% 82/mediaserver: 52% user + 1.3% kernel
E/ActivityManager(  152):   13% 79/surfaceflinger: 4.6% user + 9.1% kernel
E/ActivityManager(  152):   2.7% 87/gpsd: 1.9% user + 0.7% kernel
E/ActivityManager(  152):   1.2% 152/system_server: 1% user + 0.2% kernel / faults: 85 minor
E/ActivityManager(  152):   0.9% 1128/kworker/0:0: 0% user + 0.9% kernel
E/ActivityManager(  152):   0.5% 5/kworker/u:0: 0% user + 0.5% kernel
E/ActivityManager(  152):   0.5% 57/kworker/u:2: 0% user + 0.5% kernel
E/ActivityManager(  152):   0.2% 315/com.android.phone: 0.2% user + 0% kernel / faults: 2 minor
E/ActivityManager(  152):   0.2% 715/com.google.android.apps.maps:NetworkLocationService: 0.2% user + 0% kernel
E/ActivityManager(  152):   0% 51/irq/308-mxt224_: 0% user + 0% kernel
E/ActivityManager(  152):   0% 1008/edu.mit.haoqili.camera_cloud: 0% user + 0% kernel / faults: 13 minor
E/ActivityManager(  152): 73% TOTAL: 60% user + 12% kernel + 0% softirq
E/ActivityManager(  152): CPU usage from 479ms to 1009ms later:
E/ActivityManager(  152):   42% 82/mediaserver: 38% user + 3.7% kernel
E/ActivityManager(  152):     42% 1023/CameraPreviewTh: 38% user + 3.7% kernel
E/ActivityManager(  152):   6.8% 79/surfaceflinger: 3.4% user + 3.4% kernel
E/ActivityManager(  152):     5.7% 134/SurfaceFlinger: 2.2% user + 3.4% kernel
E/ActivityManager(  152):   9% 152/system_server: 3.6% user + 5.4% kernel / faults: 1 minor
E/ActivityManager(  152):     7.2% 187/InputDispatcher: 1.8% user + 5.4% kernel
E/ActivityManager(  152):     1.8% 467/gps_s5pc110: 1.8% user + 0% kernel
E/ActivityManager(  152):   2.3% 87/gpsd: 2.3% user + 0% kernel
E/ActivityManager(  152):     2.3% 87/gpsd: 2.3% user + 0% kernel
E/ActivityManager(  152):   2.9% 1128/kworker/0:0: 0% user + 2.9% kernel
E/ActivityManager(  152):   1.1% 5/kworker/u:0: 0% user + 1.1% kernel
E/ActivityManager(  152):   1.1% 57/kworker/u:2: 0% user + 1.1% kernel
E/ActivityManager(  152):   1.1% 315/com.android.phone: 1.1% user + 0% kernel
E/ActivityManager(  152): 64% TOTAL: 50% user + 13% kernel
I/CameraCloud( 1008): 1333728298227: CameraCloud Execute HTTP latency: 30770ms
I/CameraCloud( 1008): 1333728298228: finished executing HTTP POST, get data
I/CameraCloud( 1008): 1333728298228: make input stream reader for data
I/CameraCloud( 1008): 1333728298229: Cloud response length: 45852
I/CameraCloud( 1008): 1333728298242: Returning cloud object
V/PhoneStatusBar(  219): setLightsOn(true)
D/AudioHardware(   82): AudioHardware pcm playback is exiting standby.
D/AudioHardware(   82): openPcmOut_l() mPcmOpenCnt: 0
I/CameraCloud( 1008): 1333728299202: CameraCloud download photo latency = 31748
I/CameraCloud( 1008): 1333728299203: CameraCloud download start 1333728267454 ~ stop 1333728299202
I/CameraCloud( 1008): 1333728299203: takeNum=4 takeCamGood=4 takeGoodSave=4 takeBad=0 getNum=5 getGood=5 getBad=0
I/CameraCloud( 1008): 1333728299204: Success! Client getting photo from cloud server, showing photo...
I/CameraCloud( 1008): 1333728299205: Remote photo's length: 4816
D/dalvikvm( 1008): GC_EXPLICIT freed 253K, 35% free 10545K/16199K, paused 3ms+3ms
I/CameraCloud( 1008): 1333728299251: Done with Get photos button for region 5
I/CameraCloud( 1008): 1333728299251: Inside _enableButtons
I/CameraCloud( 1008): 1333728299252: areButtonsEnabled --> true
I/CameraCloud( 1008): 1333728299334: .......... GPS onLocationChanged ...... 
I/CameraCloud( 1008): 1333728299337: Loc = Location[mProvider=gps,mTime=1333814670000,mLatitude=42.36442329121976,mLongitude=-71.1017567127661,mHasAltitude=true,mAltitude=-21.0,mHasSpeed=true,mSpeed=0.0,mHasBearing=true,mBearing=305.23022,mHasAccuracy=true,mAccuracy=30.0,mExtras=Bundle[mParcelledData.dataSize=4]] Previous Region = (3,0)
I/CameraCloud( 1008): 1333728299338: GPS x/long:-71.1017567127661, GPS y/lat: 42.36442329121976. Region width in x: 51.96152422706632
I/CameraCloud( 1008): 1333728299338: location PINPOINTS to region = 3.0, previous 3
I/CameraCloud( 1008): 1333728299338: stay at region 3
I/CameraCloud( 1008): 1333728299340: .......... GPS onLocationChanged ...... 
I/CameraCloud( 1008): 1333728299340: Loc = Location[mProvider=gps,mTime=1333814675000,mLatitude=42.36443615617457,mLongitude=-71.10177281786498,mHasAltitude=true,mAltitude=-23.0,mHasSpeed=true,mSpeed=0.0,mHasBearing=true,mBearing=294.85712,mHasAccuracy=true,mAccuracy=25.0,mExtras=Bundle[mParcelledData.dataSize=4]] Previous Region = (3,0)
I/CameraCloud( 1008): 1333728299341: GPS x/long:-71.10177281786498, GPS y/lat: 42.36443615617457. Region width in x: 51.96152422706632
I/CameraCloud( 1008): 1333728299341: location PINPOINTS to region = 3.0, previous 3
I/CameraCloud( 1008): 1333728299341: stay at region 3
I/CameraCloud( 1008): 1333728299342: .......... GPS onLocationChanged ...... 
I/CameraCloud( 1008): 1333728299343: Loc = Location[mProvider=gps,mTime=1333814678000,mLatitude=42.36444608843882,mLongitude=-71.10178093183224,mHasAltitude=true,mAltitude=-23.0,mHasSpeed=true,mSpeed=0.0,mHasBearing=true,mBearing=297.16507,mHasAccuracy=true,mAccuracy=25.0,mExtras=Bundle[mParcelledData.dataSize=4]] Previous Region = (3,0)
I/CameraCloud( 1008): 1333728299343: GPS x/long:-71.10178093183224, GPS y/lat: 42.36444608843882. Region width in x: 51.96152422706632
I/CameraCloud( 1008): 1333728299344: location PINPOINTS to region = 3.0, previous 3
I/CameraCloud( 1008): 1333728299344: stay at region 3
I/CameraCloud( 1008): 1333728299345: .......... GPS onLocationChanged ...... 
I/CameraCloud( 1008): 1333728299346: Loc = Location[mProvider=gps,mTime=1333814680000,mLatitude=42.364456461222964,mLongitude=-71.1017858572865,mHasAltitude=true,mAltitude=-22.0,mHasSpeed=true,mSpeed=0.0,mHasBearing=true,mBearing=305.55682,mHasAccuracy=true,mAccuracy=25.0,mExtras=Bundle[mParcelledData.dataSize=4]] Previous Region = (3,0)
I/CameraCloud( 1008): 1333728299346: GPS x/long:-71.1017858572865, GPS y/lat: 42.364456461222964. Region width in x: 51.96152422706632
I/CameraCloud( 1008): 1333728299346: location PINPOINTS to region = 3.0, previous 3
I/CameraCloud( 1008): 1333728299347: stay at region 3
I/CameraCloud( 1008): 1333728299348: .......... GPS onLocationChanged ...... 
I/CameraCloud( 1008): 1333728299348: Loc = Location[mProvider=gps,mTime=1333814683000,mLatitude=42.36445964653457,mLongitude=-71.10181580140666,mHasAltitude=true,mAltitude=-23.0,mHasSpeed=true,mSpeed=0.0,mHasBearing=true,mBearing=282.23206,mHasAccuracy=true,mAccuracy=20.0,mExtras=Bundle[mParcelledData.dataSize=4]] Previous Region = (3,0)
I/CameraCloud( 1008): 1333728299349: GPS x/long:-71.10181580140666, GPS y/lat: 42.36445964653457. Region width in x: 51.96152422706632
I/CameraCloud( 1008): 1333728299349: location PINPOINTS to region = 3.0, previous 3
I/CameraCloud( 1008): 1333728299349: stay at region 3
I/CameraCloud( 1008): 1333728299350: .......... GPS onLocationChanged ...... 
I/CameraCloud( 1008): 1333728299351: Loc = Location[mProvider=gps,mTime=1333814685000,mLatitude=42.36446578689878,mLongitude=-71.1018315203694,mHasAltitude=true,mAltitude=-22.0,mHasSpeed=true,mSpeed=0.5272861,mHasBearing=true,mBearing=280.55234,mHasAccuracy=true,mAccuracy=20.0,mExtras=Bundle[mParcelledData.dataSize=4]] Previous Region = (3,0)
I/CameraCloud( 1008): 1333728299351: GPS x/long:-71.1018315203694, GPS y/lat: 42.36446578689878. Region width in x: 51.96152422706632
I/CameraCloud( 1008): 1333728299352: location PINPOINTS to region = 3.0, previous 3
I/CameraCloud( 1008): 1333728299352: stay at region 3
I/CameraCloud( 1008): 1333728299353: .......... GPS onLocationChanged ...... 
I/CameraCloud( 1008): 1333728299353: Loc = Location[mProvider=gps,mTime=1333814687000,mLatitude=42.364469813499426,mLongitude=-71.1018433242817,mHasAltitude=true,mAltitude=-22.0,mHasSpeed=true,mSpeed=0.52961946,mHasBearing=true,mBearing=278.20126,mHasAccuracy=true,mAccuracy=20.0,mExtras=Bundle[mParcelledData.dataSize=4]] Previous Region = (3,0)
I/CameraCloud( 1008): 1333728299354: GPS x/long:-71.1018433242817, GPS y/lat: 42.364469813499426. Region width in x: 51.96152422706632
I/CameraCloud( 1008): 1333728299364: location PINPOINTS to region = 3.0, previous 3
I/CameraCloud( 1008): 1333728299365: stay at region 3
I/CameraCloud( 1008): 1333728299370: .......... GPS onLocationChanged ...... 
I/CameraCloud( 1008): 1333728299386: Loc = Location[mProvider=gps,mTime=1333814698000,mLatitude=42.364474121318366,mLongitude=-71.10185761493501,mHasAltitude=true,mAltitude=-26.0,mHasSpeed=true,mSpeed=0.0,mHasBearing=true,mBearing=261.1299,mHasAccuracy=true,mAccuracy=20.0,mExtras=Bundle[mParcelledData.dataSize=4]] Previous Region = (3,0)
I/CameraCloud( 1008): 1333728299387: GPS x/long:-71.10185761493501, GPS y/lat: 42.364474121318366. Region width in x: 51.96152422706632
I/CameraCloud( 1008): 1333728299387: location PINPOINTS to region = 3.0, previous 3
I/CameraCloud( 1008): 1333728299402: stay at region 3
D/dalvikvm( 1008): GC_CONCURRENT freed 414K, 36% free 10524K/16199K, paused 2ms+2ms
W/InputManagerService(  152): Window already focused, ignoring focus gain of: com.android.internal.view.IInputMethodClient$Stub$Proxy@416ffd90
I/CameraCloud( 1008): 1333728301641: .......... GPS onLocationChanged ...... 
I/CameraCloud( 1008): 1333728301642: Loc = Location[mProvider=gps,mTime=1333814702000,mLatitude=42.3644856531976,mLongitude=-71.10185949941332,mHasAltitude=true,mAltitude=-23.0,mHasSpeed=true,mSpeed=0.0,mHasBearing=true,mBearing=297.221,mHasAccuracy=true,mAccuracy=10.0,mExtras=Bundle[mParcelledData.dataSize=4]] Previous Region = (3,0)
I/CameraCloud( 1008): 1333728301643: GPS x/long:-71.10185949941332, GPS y/lat: 42.3644856531976. Region width in x: 51.96152422706632
I/CameraCloud( 1008): 1333728301643: location PINPOINTS to region = 3.0, previous 3
I/CameraCloud( 1008): 1333728301643: stay at region 3
D/AudioHardware(   82): AudioHardware pcm playback is going to standby.
D/AudioHardware(   82): closePcmOut_l() mPcmOpenCnt: 1
D/dalvikvm(  315): GC_CONCURRENT freed 434K, 6% free 9509K/10055K, paused 3ms+12ms
I/CameraCloud( 1008): 1333728303610: .......... GPS onLocationChanged ...... 
I/CameraCloud( 1008): 1333728303611: Loc = Location[mProvider=gps,mTime=1333814704000,mLatitude=42.364497798447424,mLongitude=-71.10186062301888,mHasAltitude=true,mAltitude=-23.0,mHasSpeed=true,mSpeed=0.44577792,mHasBearing=true,mBearing=310.08057,mHasAccuracy=true,mAccuracy=10.0,mExtras=Bundle[mParcelledData.dataSize=4]] Previous Region = (3,0)
I/CameraCloud( 1008): 1333728303611: GPS x/long:-71.10186062301888, GPS y/lat: 42.364497798447424. Region width in x: 51.96152422706632
I/CameraCloud( 1008): 1333728303612: location PINPOINTS to region = 3.0, previous 3
I/CameraCloud( 1008): 1333728303612: stay at region 3
I/CameraCloud( 1008): 1333728306028: canPressButton = TRUE
I/CameraCloud( 1008): 1333728306029: areButtonsEnabled --> false 
I/CameraCloud( 1008): 1333728306029: Inside get photo disableButtons XXX
D/AudioHardware(   82): AudioHardware pcm playback is exiting standby.
D/AudioHardware(   82): openPcmOut_l() mPcmOpenCnt: 0
I/CameraCloud( 1008): 1333728306104: takeNum=4 takeCamGood=4 takeGoodSave=4 takeBad=0 getNum=6 getGood=5 getBad=0
I/CameraCloud( 1008): 1333728306144: ** Clicked getphotos Button from region 0 **
I/CameraCloud( 1008): 1333728306145: Trying to get photo from server, about to call serverRequest()
