I/VCoreDaemon( 1161): 1333728374559: Retrying PROC_REQUEST 11:0 (4,0)->(1,0)
I/VCoreDaemon( 1161): 1333728374562: Dispatching Atom PROC_REQUEST 11:0 (4,0)->(1,0)
I/Mux     ( 1161): 1333728374562: I got a CSM packet at a leader 
I/NetworkThread( 1161): 1333728374564: Sending UDP payload: 949
I/VCoreDaemon( 1161): 1333728374574: nonce 52 heard from src region (4,0)
I/VCoreDaemon( 1161): 1333728374663: Retrying PROC_REQUEST 11:0 (4,0)->(1,0)
I/VCoreDaemon( 1161): 1333728374663: Dispatching Atom PROC_REQUEST 11:0 (4,0)->(1,0)
I/Mux     ( 1161): 1333728374664: I got a CSM packet at a leader 
I/NetworkThread( 1161): 1333728374665: Sending UDP payload: 949
I/VCoreDaemon( 1161): 1333728374669: nonce 53 heard from src region (4,0)
I/VCoreDaemon( 1161): 1333728374765: Retrying PROC_REQUEST 11:0 (4,0)->(1,0)
I/VCoreDaemon( 1161): 1333728374766: Dispatching Atom PROC_REQUEST 11:0 (4,0)->(1,0)
I/Mux     ( 1161): 1333728374767: I got a CSM packet at a leader 
I/NetworkThread( 1161): 1333728374768: Sending UDP payload: 949
I/VCoreDaemon( 1161): 1333728374769: nonce 54 heard from src region (4,0)
I/VCoreDaemon( 1161): 1333728374867: Retrying PROC_REQUEST 11:0 (4,0)->(1,0)
I/VCoreDaemon( 1161): 1333728374868: Dispatching Atom PROC_REQUEST 11:0 (4,0)->(1,0)
I/Mux     ( 1161): 1333728374868: I got a CSM packet at a leader 
I/NetworkThread( 1161): 1333728374870: Sending UDP payload: 949
I/VCoreDaemon( 1161): 1333728374872: nonce 55 heard from src region (4,0)
I/VCoreDaemon( 1161): 1333728374969: Retrying PROC_REQUEST 11:0 (4,0)->(1,0)
I/VCoreDaemon( 1161): 1333728374971: Dispatching Atom PROC_REQUEST 11:0 (4,0)->(1,0)
I/Mux     ( 1161): 1333728374972: I got a CSM packet at a leader 
I/NetworkThread( 1161): 1333728374975: Sending UDP payload: 949
I/VCoreDaemon( 1161): 1333728374977: nonce 56 heard from src region (4,0)
I/VCoreDaemon( 1161): 1333728375072: Retrying PROC_REQUEST 11:0 (4,0)->(1,0)
I/VCoreDaemon( 1161): 1333728375072: Dispatching Atom PROC_REQUEST 11:0 (4,0)->(1,0)
I/Mux     ( 1161): 1333728375073: I got a CSM packet at a leader 
I/NetworkThread( 1161): 1333728375075: Sending UDP payload: 949
I/VCoreDaemon( 1161): 1333728375076: nonce 57 heard from src region (4,0)
I/VCoreDaemon( 1161): 1333728375174: Retrying PROC_REQUEST 11:0 (4,0)->(1,0)
I/VCoreDaemon( 1161): 1333728375174: Dispatching Atom PROC_REQUEST 11:0 (4,0)->(1,0)
I/Mux     ( 1161): 1333728375175: I got a CSM packet at a leader 
I/NetworkThread( 1161): 1333728375180: Sending UDP payload: 949
I/VCoreDaemon( 1161): 1333728375191: nonce 58 heard from src region (4,0)
I/VCoreDaemon( 1161): 1333728375275: Retrying PROC_REQUEST 11:0 (4,0)->(1,0)
I/VCoreDaemon( 1161): 1333728375276: Dispatching Atom PROC_REQUEST 11:0 (4,0)->(1,0)
I/Mux     ( 1161): 1333728375276: I got a CSM packet at a leader 
I/NetworkThread( 1161): 1333728375279: Sending UDP payload: 949
I/VCoreDaemon( 1161): 1333728375280: nonce 59 heard from src region (4,0)
I/VCoreDaemon( 1161): 1333728375376: Retrying PROC_REQUEST 11:0 (4,0)->(1,0)
I/VCoreDaemon( 1161): 1333728375377: Dispatching Atom PROC_REQUEST 11:0 (4,0)->(1,0)
I/Mux     ( 1161): 1333728375377: I got a CSM packet at a leader 
I/NetworkThread( 1161): 1333728375379: Sending UDP payload: 949
I/VCoreDaemon( 1161): 1333728375387: nonce 60 heard from src region (4,0)
I/VCoreDaemon( 1161): 1333728375478: Retrying PROC_REQUEST 11:0 (4,0)->(1,0)
I/VCoreDaemon( 1161): 1333728375478: Dispatching Atom PROC_REQUEST 11:0 (4,0)->(1,0)
I/Mux     ( 1161): 1333728375479: I got a CSM packet at a leader 
I/NetworkThread( 1161): 1333728375480: Sending UDP payload: 949
I/VCoreDaemon( 1161): 1333728375502: nonce 61 heard from src region (4,0)
D/dalvikvm( 1161): GC_CONCURRENT freed 385K, 23% free 10575K/13639K, paused 6ms+3ms
I/VCoreDaemon( 1161): 1333728375579: Retrying PROC_REQUEST 11:0 (4,0)->(1,0)
I/VCoreDaemon( 1161): 1333728375580: Dispatching Atom PROC_REQUEST 11:0 (4,0)->(1,0)
I/Mux     ( 1161): 1333728375580: I got a CSM packet at a leader 
I/NetworkThread( 1161): 1333728375587: Sending UDP payload: 949
I/VCoreDaemon( 1161): 1333728375597: nonce 62 heard from src region (4,0)
I/VCoreDaemon( 1161): 1333728375681: Request timed out, send failure PROC_REPLY 11:0 (1,0)->(4,0)
I/VCoreDaemon( 1161): 1333728375681: Dispatching Atom PROC_REPLY 11:0 (1,0)->(4,0)
I/Mux     ( 1161): 1333728375682: I got a CSM packet at a leader 
I/NetworkThread( 1161): 1333728375693: Sending UDP payload: 770
I/VCoreDaemon( 1161): 1333728375700: Received PROC_REPLY 11:0 (1,0)->(4,0), handing to UserApp
D/AudioHardware(   81): AudioHardware pcm playback is going to standby.
D/AudioHardware(   81): closePcmOut_l() mPcmOpenCnt: 1
D/ConnectivityService(  148): handleInetConditionHoldEnd: net=0, condition=100, published condition=0
I/VCoreDaemon( 1161): 1333728378329: inside sendPacket(Packet p)
I/NetworkThread( 1161): 1333728378331: Sending UDP payload: 406
I/StatusActivity( 1161): inside buttonsEnableProgressTimeoutR. Perhaps no one is in that region. Try again later!
I/StatusActivity( 1161): Inside _enableButtons
I/StatusActivity( 1161): areButtonsEnabled --> true
I/StatusActivity( 1161): takeNum=10 takeCamGood=10 takeGoodSave=10 takeBad=0 takeTimedout=0 getNum=2 getGood=1 getBad=0 getTimedout=1
W/InputManagerService(  148): Window already focused, ignoring focus gain of: com.android.internal.view.IInputMethodClient$Stub$Proxy@41662168
D/dalvikvm(  148): GC_EXPLICIT freed 671K, 14% free 12750K/14727K, paused 3ms+7ms
D/dalvikvm(  456): GC_CONCURRENT freed 351K, 6% free 9984K/10567K, paused 9ms+3ms
W/NetworkStats(  148): dropping UID delta from unknown iface: iface=wlan0 uid=10067 set=FOREGROUND tag=0x0 rxBytes=16321 rxPackets=18 txBytes=16321 txPackets=18 operations=0
I/StatusActivity( 1161): 1333728382708: .......... GPS onLocationChanged ...... 
I/VCoreDaemon( 1161): 1333728382709: Loc = Location[mProvider=gps,mTime=1333814783000,mLatitude=42.36463072564418,mLongitude=-71.1022432545734,mHasAltitude=true,mAltitude=-15.0,mHasSpeed=true,mSpeed=0.06408573,mHasBearing=true,mBearing=291.94724,mHasAccuracy=true,mAccuracy=10.0,mExtras=Bundle[mParcelledData.dataSize=4]] Previous Region = (4,0)
I/VCoreDaemon( 1161): 1333728382709: GPS x/long:-71.1022432545734, GPS y/lat: 42.36463072564418. Region width in x: 51.96152422706632
I/VCoreDaemon( 1161): 1333728382710: location PINPOINTS to region = 4.0, previous 4
I/VCoreDaemon( 1161): 1333728382723: stay at region 4
I/NetworkThread( 1161): 1333728382874: Received UDP payload: 406
I/VCoreDaemon( 1161): 1333728383333: inside sendPacket(Packet p)
I/NetworkThread( 1161): 1333728383343: Sending UDP payload: 406
I/ActivityManager(  148): Start proc com.google.android.apps.maps for service com.google.android.apps.maps/com.google.googlenav.prefetch.android.PrefetcherService: pid=1254 uid=10032 gids={3003, 1015}
I/dalvikvm( 1254): Turning on JNI app bug workarounds for target SDK version 13...
D/dalvikvm( 1254): GC_CONCURRENT freed 169K, 3% free 9364K/9607K, paused 2ms+2ms
I/ActivityThread( 1254): Pub com.google.android.maps.LayerInfoProvider: com.google.googlenav.layer.LayerInfoProvider
I/ActivityThread( 1254): Pub com.google.android.maps.TrafficAppWidgetProvider: com.google.googlenav.appwidget.traffic.TrafficAppWidgetProvider
I/ActivityThread( 1254): Pub com.google.android.maps.SuggestionProvider: com.google.googlenav.suggest.android.SuggestProvider
I/ActivityThread( 1254): Pub com.google.android.maps.LocalActivePlacesProvider: com.google.googlenav.provider.LocalActivePlacesProvider
I/ActivityThread( 1254): Pub com.google.android.maps.StarredItemProvider: com.google.googlenav.provider.StarredItemProvider
D/dalvikvm( 1254): GC_CONCURRENT freed 140K, 3% free 9753K/9991K, paused 2ms+2ms
I/ActivityThread( 1254): Pub com.google.android.maps.LocalSuggestionProvider: com.google.googlenav.provider.LocalSuggestionProvider
I/ActivityThread( 1254): Pub com.google.android.maps.SearchHistoryProvider: com.google.googlenav.provider.SearchHistoryProvider
I/ActivityThread( 1254): Pub com.google.android.maps.NavigationAvailabilityProvider: com.google.googlenav.provider.NavigationAvailabilityProvider
D/dalvikvm( 1254): GC_CONCURRENT freed 258K, 4% free 10036K/10375K, paused 2ms+3ms
W/Smack/Packet(  456): notify conn break (IOEx), close connection
I/VCoreDaemon( 1161): 1333728388334: inside sendPacket(Packet p)
I/NetworkThread( 1161): 1333728388340: Sending UDP payload: 406
I/StatusActivity( 1161): 1333728389692: .......... GPS onLocationChanged ...... 
I/VCoreDaemon( 1161): 1333728389693: Loc = Location[mProvider=gps,mTime=1333814790000,mLatitude=42.36462975204405,mLongitude=-71.10225642204003,mHasAltitude=true,mAltitude=-27.0,mHasSpeed=true,mSpeed=0.13121407,mHasBearing=true,mBearing=226.83005,mHasAccuracy=true,mAccuracy=10.0,mExtras=Bundle[mParcelledData.dataSize=4]] Previous Region = (4,0)
I/VCoreDaemon( 1161): 1333728389693: GPS x/long:-71.10225642204003, GPS y/lat: 42.36462975204405. Region width in x: 51.96152422706632
I/VCoreDaemon( 1161): 1333728389694: location PINPOINTS to region = 4.0, previous 4
I/VCoreDaemon( 1161): 1333728389694: stay at region 4
D/ConnectivityService(  148): handleInetConditionHoldEnd: net=0, condition=0, published condition=100
W/NetworkStats(  148): dropping UID delta from unknown iface: iface=wlan0 uid=10067 set=FOREGROUND tag=0x0 rxBytes=1302 rxPackets=3 txBytes=868 txPackets=2 operations=0
I/VCoreDaemon( 1161): 1333728393282: leader to cloud hearbeat...
I/VNC:Cloud( 1161): Executing makeRequest: http://hermes5.csail.mit.edu:8212/take/4/0/5116/1333728393282/
I/ActivityManager(  148): No longer want com.google.android.apps.googlevoice (pid 833): hidden #16
I/NetworkThread( 1161): 1333728395008: Received UDP payload: 406
I/VNC:Cloud( 1161): makeRequest Execute HTTP latency: 2287ms
I/VNC:Cloud( 1161): makeRequest() Cloud response length: 93
I/VNC:Cloud( 1161): Request executed: http://hermes5.csail.mit.edu:8212/take/4/0/5116/1333728393282/
I/VCoreDaemon( 1161): 1333728395596: inside sendPacket(Packet p)
I/NetworkThread( 1161): 1333728395603: Sending UDP payload: 406
I/VCoreDaemon( 1161): 1333728395621: heard LEADER_REQUEST from node 5114, responding LEADER_REPLY
D/dalvikvm( 1161): GC_CONCURRENT freed 335K, 22% free 10672K/13639K, paused 2ms+3ms
I/VCoreDaemon( 1161): 1333728395832: inside sendPacket(Packet p)
I/NetworkThread( 1161): 1333728395855: Sending UDP payload: 38104
I/StatusActivity( 1161): 1333728398690: .......... GPS onLocationChanged ...... 
I/VCoreDaemon( 1161): 1333728398691: Loc = Location[mProvider=gps,mTime=1333814799000,mLatitude=42.364647118838654,mLongitude=-71.10225961856199,mHasAltitude=true,mAltitude=-22.0,mHasSpeed=true,mSpeed=0.0,mHasBearing=true,mBearing=240.94365,mHasAccuracy=true,mAccuracy=10.0,mExtras=Bundle[mParcelledData.dataSize=4]] Previous Region = (4,0)
I/VCoreDaemon( 1161): 1333728398691: GPS x/long:-71.10225961856199, GPS y/lat: 42.364647118838654. Region width in x: 51.96152422706632
I/VCoreDaemon( 1161): 1333728398691: location PINPOINTS to region = 4.0, previous 4
I/VCoreDaemon( 1161): 1333728398692: stay at region 4
D/dalvikvm(  313): GC_CONCURRENT freed 430K, 6% free 9505K/10055K, paused 4ms+3ms
W/NetworkStats(  148): dropping UID delta from unknown iface: iface=wlan0 uid=10067 set=FOREGROUND tag=0x0 rxBytes=39000 rxPackets=3 txBytes=38566 txPackets=2 operations=0
D/dalvikvm(  148): GC_CONCURRENT freed 845K, 14% free 12739K/14727K, paused 2ms+6ms
I/VCoreDaemon( 1161): 1333728400621: inside sendPacket(Packet p)
I/NetworkThread( 1161): 1333728400626: Sending UDP payload: 406
I/GTalkService/c(  456): [AndroidEndpoint@1094583184] connect: acct=1000000, state=CONNECTING
W/Smack/Packet(  456): notify conn break (IOEx), close connection
D/ConnectivityService(  148): handleInetConditionHoldEnd: net=0, condition=100, published condition=0
I/VCoreDaemon( 1161): 1333728405621: inside sendPacket(Packet p)
I/NetworkThread( 1161): 1333728405626: Sending UDP payload: 406
D/dalvikvm(  218): GC_CONCURRENT freed 372K, 6% free 10081K/10695K, paused 25ms+3ms
I/NetworkThread( 1161): 1333728406061: Received UDP payload: 406
I/NetworkThread( 1161): 1333728406369: Received UDP payload: 406
D/ConnectivityService(  148): handleInetConditionHoldEnd: net=0, condition=0, published condition=100
W/NetworkStats(  148): dropping UID delta from unknown iface: iface=wlan0 uid=10067 set=FOREGROUND tag=0x0 rxBytes=1736 rxPackets=4 txBytes=868 txPackets=2 operations=0
I/VCoreDaemon( 1161): 1333728410622: inside sendPacket(Packet p)
I/NetworkThread( 1161): 1333728410623: Sending UDP payload: 406
I/NetworkThread( 1161): 1333728410630: Received UDP payload: 406
I/StatusActivity( 1161): 1333728414724: .......... GPS onLocationChanged ...... 
I/VCoreDaemon( 1161): 1333728414725: Loc = Location[mProvider=gps,mTime=1333814815000,mLatitude=42.364658665123045,mLongitude=-71.10226734954132,mHasAltitude=true,mAltitude=-22.0,mHasSpeed=true,mSpeed=0.09857158,mHasBearing=true,mBearing=325.72607,mHasAccuracy=true,mAccuracy=10.0,mExtras=Bundle[mParcelledData.dataSize=4]] Previous Region = (4,0)
I/VCoreDaemon( 1161): 1333728414725: GPS x/long:-71.10226734954132, GPS y/lat: 42.364658665123045. Region width in x: 51.96152422706632
I/VCoreDaemon( 1161): 1333728414726: location PINPOINTS to region = 4.0, previous 4
I/VCoreDaemon( 1161): 1333728414726: stay at region 4
I/VCoreDaemon( 1161): 1333728415623: inside sendPacket(Packet p)
I/NetworkThread( 1161): 1333728415632: Sending UDP payload: 406
I/StatusActivity( 1161): 1333728415686: .......... GPS onLocationChanged ...... 
I/VCoreDaemon( 1161): 1333728415687: Loc = Location[mProvider=gps,mTime=1333814816000,mLatitude=42.3646793826894,mLongitude=-71.10227430804851,mHasAltitude=true,mAltitude=-22.0,mHasSpeed=true,mSpeed=0.0,mHasBearing=true,mBearing=327.09686,mHasAccuracy=true,mAccuracy=10.0,mExtras=Bundle[mParcelledData.dataSize=4]] Previous Region = (4,0)
I/VCoreDaemon( 1161): 1333728415687: GPS x/long:-71.10227430804851, GPS y/lat: 42.3646793826894. Region width in x: 51.96152422706632
I/VCoreDaemon( 1161): 1333728415687: location PINPOINTS to region = 4.0, previous 4
I/VCoreDaemon( 1161): 1333728415687: stay at region 4
I/StatusActivity( 1161): 1333728417681: .......... GPS onLocationChanged ...... 
I/VCoreDaemon( 1161): 1333728417682: Loc = Location[mProvider=gps,mTime=1333814818000,mLatitude=42.364693198777225,mLongitude=-71.10227601529039,mHasAltitude=true,mAltitude=-22.0,mHasSpeed=true,mSpeed=0.22967225,mHasBearing=true,mBearing=316.11304,mHasAccuracy=true,mAccuracy=50.0,mExtras=Bundle[mParcelledData.dataSize=4]] Previous Region = (4,0)
I/VCoreDaemon( 1161): 1333728417682: GPS x/long:-71.10227601529039, GPS y/lat: 42.364693198777225. Region width in x: 51.96152422706632
I/VCoreDaemon( 1161): 1333728417683: location PINPOINTS to region = 4.0, previous 4
I/VCoreDaemon( 1161): 1333728417683: stay at region 4
I/NetworkThread( 1161): 1333728419299: Received UDP payload: 406
I/NetworkThread( 1161): 1333728419676: Received UDP payload: 406
D/dalvikvm( 1161): GC_CONCURRENT freed 521K, 23% free 10578K/13639K, paused 2ms+15ms
I/NetworkThread( 1161): 1333728419944: Received UDP payload: 406
I/ActivityManager(  148): No longer want com.google.android.apps.maps:NetworkLocationService (pid 711): hidden #16
W/ActivityManager(  148): Scheduling restart of crashed service com.google.android.apps.maps/com.google.android.location.internal.server.NetworkLocationService in 5000ms
I/VCoreDaemon( 1161): 1333728420624: inside sendPacket(Packet p)
I/NetworkThread( 1161): 1333728420625: Sending UDP payload: 406
I/StatusActivity( 1161): 1333728420674: .......... GPS onLocationChanged ...... 
I/VCoreDaemon( 1161): 1333728420675: Loc = Location[mProvider=gps,mTime=1333814821000,mLatitude=42.36470322706496,mLongitude=-71.10228608397264,mHasAltitude=true,mAltitude=-25.0,mHasSpeed=true,mSpeed=0.46952328,mHasBearing=true,mBearing=309.12036,mHasAccuracy=true,mAccuracy=15.0,mExtras=Bundle[mParcelledData.dataSize=4]] Previous Region = (4,0)
I/VCoreDaemon( 1161): 1333728420675: GPS x/long:-71.10228608397264, GPS y/lat: 42.36470322706496. Region width in x: 51.96152422706632
I/VCoreDaemon( 1161): 1333728420676: location PINPOINTS to region = 4.0, previous 4
I/VCoreDaemon( 1161): 1333728420676: stay at region 4
I/StatusActivity( 1161): 1333728424697: .......... GPS onLocationChanged ...... 
I/VCoreDaemon( 1161): 1333728424699: Loc = Location[mProvider=gps,mTime=1333814825000,mLatitude=42.36471419633058,mLongitude=-71.10228975002515,mHasAltitude=true,mAltitude=-20.0,mHasSpeed=true,mSpeed=0.40137407,mHasBearing=true,mBearing=308.99057,mHasAccuracy=true,mAccuracy=10.0,mExtras=Bundle[mParcelledData.dataSize=4]] Previous Region = (4,0)
I/VCoreDaemon( 1161): 1333728424699: GPS x/long:-71.10228975002515, GPS y/lat: 42.36471419633058. Region width in x: 51.96152422706632
I/VCoreDaemon( 1161): 1333728424700: location PINPOINTS to region = 4.0, previous 4
I/VCoreDaemon( 1161): 1333728424700: stay at region 4
I/ActivityManager(  148): Start proc com.google.android.apps.maps:NetworkLocationService for service com.google.android.apps.maps/com.google.android.location.internal.server.NetworkLocationService: pid=1285 uid=10032 gids={3003, 1015}
I/dalvikvm( 1285): Turning on JNI app bug workarounds for target SDK version 13...
D/dalvikvm( 1285): GC_CONCURRENT freed 176K, 3% free 9357K/9607K, paused 2ms+3ms
D/dalvikvm(  456): GC_EXPLICIT freed 290K, 6% free 9988K/10567K, paused 2ms+3ms
D/dalvikvm( 1285): GC_CONCURRENT freed 184K, 3% free 9732K/9991K, paused 2ms+4ms
I/VCoreDaemon( 1161): 1333728425595: leader to cloud hearbeat...
I/VNC:Cloud( 1161): Executing makeRequest: http://hermes5.csail.mit.edu:8212/take/4/0/5116/1333728425596/
I/NetworkThread( 1161): 1333728425635: Received UDP payload: 406
D/dalvikvm( 1285): GC_CONCURRENT freed 172K, 3% free 10125K/10375K, paused 2ms+12ms
D/dalvikvm( 1285): GC_CONCURRENT freed 706K, 8% free 9869K/10695K, paused 2ms+2ms
I/VNC:Cloud( 1161): makeRequest Execute HTTP latency: 3408ms
I/VNC:Cloud( 1161): makeRequest() Cloud response length: 93
I/VNC:Cloud( 1161): Request executed: http://hermes5.csail.mit.edu:8212/take/4/0/5116/1333728425596/
I/VCoreDaemon( 1161): 1333728429056: inside sendPacket(Packet p)
I/NetworkThread( 1161): 1333728429066: Sending UDP payload: 406
I/StatusActivity( 1161): 1333728429694: .......... GPS onLocationChanged ...... 
I/VCoreDaemon( 1161): 1333728429695: Loc = Location[mProvider=gps,mTime=1333814830000,mLatitude=42.364708861867435,mLongitude=-71.10230459871806,mHasAltitude=true,mAltitude=-27.0,mHasSpeed=true,mSpeed=0.3129233,mHasBearing=true,mBearing=249.05579,mHasAccuracy=true,mAccuracy=10.0,mExtras=Bundle[mParcelledData.dataSize=4]] Previous Region = (4,0)
I/VCoreDaemon( 1161): 1333728429696: GPS x/long:-71.10230459871806, GPS y/lat: 42.364708861867435. Region width in x: 51.96152422706632
I/VCoreDaemon( 1161): 1333728429696: location PINPOINTS to region = 4.0, previous 4
I/VCoreDaemon( 1161): 1333728429696: stay at region 4
I/StatusActivity( 1161): 1333728431856: .......... GPS onLocationChanged ...... 
I/VCoreDaemon( 1161): 1333728431857: Loc = Location[mProvider=gps,mTime=1333814832000,mLatitude=42.36470229316202,mLongitude=-71.1023161378741,mHasAltitude=true,mAltitude=-24.0,mHasSpeed=true,mSpeed=0.3464705,mHasBearing=true,mBearing=239.81502,mHasAccuracy=true,mAccuracy=10.0,mExtras=Bundle[mParcelledData.dataSize=4]] Previous Region = (4,0)
I/VCoreDaemon( 1161): 1333728431857: GPS x/long:-71.1023161378741, GPS y/lat: 42.36470229316202. Region width in x: 51.96152422706632
I/VCoreDaemon( 1161): 1333728431858: location PINPOINTS to region = 4.0, previous 4
I/VCoreDaemon( 1161): 1333728431858: stay at region 4
D/dalvikvm(  148): GC_CONCURRENT freed 777K, 14% free 12776K/14727K, paused 15ms+6ms
I/GTalkService/c(  456): [AndroidEndpoint@1094583184] connect: acct=1000000, state=CONNECTING
I/ActivityManager(  148): No longer want com.google.android.gm (pid 635): hidden #16
I/StatusActivity( 1161): 1333728433720: .......... GPS onLocationChanged ...... 
I/VCoreDaemon( 1161): 1333728433721: Loc = Location[mProvider=gps,mTime=1333814834000,mLatitude=42.364691612989475,mLongitude=-71.10233477001084,mHasAltitude=true,mAltitude=-22.0,mHasSpeed=true,mSpeed=0.0,mHasBearing=true,mBearing=239.50848,mHasAccuracy=true,mAccuracy=15.0,mExtras=Bundle[mParcelledData.dataSize=4]] Previous Region = (4,0)
I/VCoreDaemon( 1161): 1333728433722: GPS x/long:-71.10233477001084, GPS y/lat: 42.364691612989475. Region width in x: 51.96152422706632
I/VCoreDaemon( 1161): 1333728433722: location PINPOINTS to region = 4.0, previous 4
I/VCoreDaemon( 1161): 1333728433722: stay at region 4
I/VCoreDaemon( 1161): 1333728434067: inside sendPacket(Packet p)
I/NetworkThread( 1161): 1333728434076: Sending UDP payload: 406
I/StatusActivity( 1161): 1333728435695: .......... GPS onLocationChanged ...... 
I/VCoreDaemon( 1161): 1333728435696: Loc = Location[mProvider=gps,mTime=1333814836000,mLatitude=42.364686877507175,mLongitude=-71.10235140004602,mHasAltitude=true,mAltitude=-22.0,mHasSpeed=true,mSpeed=0.4409489,mHasBearing=true,mBearing=248.25261,mHasAccuracy=true,mAccuracy=10.0,mExtras=Bundle[mParcelledData.dataSize=4]] Previous Region = (4,0)
I/VCoreDaemon( 1161): 1333728435697: GPS x/long:-71.10235140004602, GPS y/lat: 42.364686877507175. Region width in x: 51.96152422706632
I/VCoreDaemon( 1161): 1333728435697: location PINPOINTS to region = 4.0, previous 4
I/VCoreDaemon( 1161): 1333728435697: stay at region 4
I/StatusActivity( 1161): 1333728438694: .......... GPS onLocationChanged ...... 
I/VCoreDaemon( 1161): 1333728438695: Loc = Location[mProvider=gps,mTime=1333814839000,mLatitude=42.36468407186233,mLongitude=-71.10236479809672,mHasAltitude=true,mAltitude=-22.0,mHasSpeed=true,mSpeed=0.4616471,mHasBearing=true,mBearing=251.90088,mHasAccuracy=true,mAccuracy=15.0,mExtras=Bundle[mParcelledData.dataSize=4]] Previous Region = (4,0)
I/VCoreDaemon( 1161): 1333728438695: GPS x/long:-71.10236479809672, GPS y/lat: 42.36468407186233. Region width in x: 51.96152422706632
I/VCoreDaemon( 1161): 1333728438696: location PINPOINTS to region = 4.0, previous 4
I/VCoreDaemon( 1161): 1333728438696: stay at region 4
I/VCoreDaemon( 1161): 1333728439068: inside sendPacket(Packet p)
I/NetworkThread( 1161): 1333728439069: Sending UDP payload: 406
D/ConnectivityService(  148): handleInetConditionHoldEnd: net=0, condition=100, published condition=0
I/VCoreDaemon( 1161): 1333728444069: inside sendPacket(Packet p)
I/NetworkThread( 1161): 1333728444074: Sending UDP payload: 406
W/NetworkStats(  148): dropping UID delta from unknown iface: iface=wlan0 uid=10067 set=FOREGROUND tag=0x0 rxBytes=5208 rxPackets=12 txBytes=3038 txPackets=7 operations=0
I/NetworkThread( 1161): 1333728448366: Received UDP payload: 406
I/VCoreDaemon( 1161): 1333728449070: inside sendPacket(Packet p)
I/NetworkThread( 1161): 1333728449079: Sending UDP payload: 406
D/dalvikvm( 1161): GC_CONCURRENT freed 358K, 23% free 10611K/13639K, paused 2ms+3ms
I/NetworkThread( 1161): 1333728453378: Received UDP payload: 406
I/VCoreDaemon( 1161): 1333728454071: inside sendPacket(Packet p)
I/NetworkThread( 1161): 1333728454073: Sending UDP payload: 406
W/Smack/Packet(  456): notify conn break (IOEx), close connection
I/NetworkThread( 1161): 1333728455876: Received UDP payload: 949
I/Mux     ( 1161): 1333728455919: GOT CSM_Msg
I/VCoreDaemon( 1161): 1333728455920: removed replies before id 3 from sentReplies of size 0
I/UserApp ( 1161): 1333728455920: INSIDE SERVER_GET_PHOTO!!!
I/VCoreDaemon( 1161): 1333728455932: Received PROC_REQUEST 11:3 (0,0)->(4,0), replying PROC_REPLY 11:3 (4,0)->(0,0)
I/VCoreDaemon( 1161): 1333728455932: Dispatching Atom PROC_REPLY 11:3 (4,0)->(0,0)
I/Mux     ( 1161): 1333728455932: I got a CSM packet at a leader 
I/NetworkThread( 1161): 1333728455948: Received UDP payload: 406
I/NetworkThread( 1161): 1333728455949: Sending UDP payload: 5199
I/VCoreDaemon( 1161): 1333728455957: nonce 64 heard from src region (4,0)
D/ConnectivityService(  148): handleInetConditionHoldEnd: net=0, condition=0, published condition=100
I/VCoreDaemon( 1161): 1333728459056: leader to cloud hearbeat...
I/VNC:Cloud( 1161): Executing makeRequest: http://hermes5.csail.mit.edu:8212/take/4/0/5116/1333728459056/
D/dalvikvm(  313): GC_CONCURRENT freed 422K, 6% free 9502K/10055K, paused 3ms+2ms
I/GTalkService/c(  456): [AndroidEndpoint@1094583184] connect: acct=1000000, state=CONNECTING
W/NetworkStats(  148): dropping UID delta from unknown iface: iface=wlan0 uid=10067 set=FOREGROUND tag=0x0 rxBytes=8374 rxPackets=7 txBytes=6095 txPackets=3 operations=0
D/dalvikvm(  148): GC_CONCURRENT freed 843K, 14% free 12756K/14727K, paused 4ms+6ms
I/VNC:Cloud( 1161): makeRequest Execute HTTP latency: 1961ms
I/VNC:Cloud( 1161): makeRequest() Cloud response length: 93
I/VNC:Cloud( 1161): Request executed: http://hermes5.csail.mit.edu:8212/take/4/0/5116/1333728459056/
I/VCoreDaemon( 1161): 1333728461020: inside sendPacket(Packet p)
I/NetworkThread( 1161): 1333728461038: Sending UDP payload: 406
D/dalvikvm(  456): GC_CONCURRENT freed 423K, 6% free 10018K/10567K, paused 2ms+3ms
W/Smack/Packet(  456): notify conn break (IOEx), close connection
D/ConnectivityService(  148): handleInetConditionHoldEnd: net=0, condition=0, published condition=0
I/StatusActivity( 1161): 1333728463859: canPressButton = TRUE
I/StatusActivity( 1161): 1333728463859: areButtonsEnabled --> false 
I/StatusActivity( 1161): 1333728463864: get picture disableButtonsR
I/StatusActivity( 1161): 1333728463865: areButtonsEnabled --> false
D/AudioHardware(   81): AudioHardware pcm playback is exiting standby.
D/AudioHardware(   81): openPcmOut_l() mPcmOpenCnt: 0
I/StatusActivity( 1161): 1333728463917: takeNum=10 takeCamGood=10 takeGoodSave=10 takeBad=0 takeTimedout=0 getNum=3 getGood=1 getBad=0 getTimedout=1
I/StatusActivity( 1161): 1333728463917: ** Clicked getphotos Button from region 3 **
I/StatusActivity( 1161): 1333728463917: I'm the Client, and I'm in region: 4 nodID = 5116
I/StatusActivity( 1161): 1333728463918: I'm a leader, my requesting photos packet going to mux directly
I/Mux     ( 1161): 1333728463918: Inside mux Packet.CLIENT_REQUEST
I/Mux     ( 1161): 1333728463918: I'm the leader of requesting client, about to process Packet.CLIENT_REQUEST in userApp
I/UserApp ( 1161): 1333728463919: UserApp handling MY region's client request, will send atom packet to REMOTE region's handleDSMRequest
I/UserApp ( 1161): 1333728463919: request is CLIENT_DOWNLOAD_PHOTO, figure out where (remote region) to forward packet
I/UserApp ( 1161): 1333728463919: Sending to region: 3
I/VCoreDaemon( 1161): 1333728463920: Sending PROC_REQUEST 11:0 (4,0)->(3,0)
I/VCoreDaemon( 1161): 1333728463920: Dispatching Atom PROC_REQUEST 11:0 (4,0)->(3,0)
I/Mux     ( 1161): 1333728463921: I got a CSM packet at a leader 
I/NetworkThread( 1161): 1333728463931: Sending UDP payload: 949
I/VCoreDaemon( 1161): 1333728463932: nonce 65 heard from src region (4,0)
I/StatusActivity( 1161): 1333728463933: StatusActivity sent request to get photos for region 3
I/VCoreDaemon( 1161): 1333728464659: Retrying PROC_REQUEST 11:0 (4,0)->(3,0)
I/VCoreDaemon( 1161): 1333728464660: Dispatching Atom PROC_REQUEST 11:0 (4,0)->(3,0)
I/Mux     ( 1161): 1333728464661: I got a CSM packet at a leader 
I/NetworkThread( 1161): 1333728464669: Sending UDP payload: 949
I/VCoreDaemon( 1161): 1333728464680: nonce 66 heard from src region (4,0)
I/VCoreDaemon( 1161): 1333728464766: Retrying PROC_REQUEST 11:0 (4,0)->(3,0)
I/VCoreDaemon( 1161): 1333728464766: Dispatching Atom PROC_REQUEST 11:0 (4,0)->(3,0)
I/Mux     ( 1161): 1333728464767: I got a CSM packet at a leader 
I/NetworkThread( 1161): 1333728464768: Sending UDP payload: 949
I/VCoreDaemon( 1161): 1333728464769: nonce 67 heard from src region (4,0)
I/VCoreDaemon( 1161): 1333728464868: Retrying PROC_REQUEST 11:0 (4,0)->(3,0)
I/VCoreDaemon( 1161): 1333728464868: Dispatching Atom PROC_REQUEST 11:0 (4,0)->(3,0)
I/Mux     ( 1161): 1333728464869: I got a CSM packet at a leader 
I/NetworkThread( 1161): 1333728464870: Sending UDP payload: 949
I/VCoreDaemon( 1161): 1333728464873: nonce 68 heard from src region (4,0)
I/VCoreDaemon( 1161): 1333728464972: Retrying PROC_REQUEST 11:0 (4,0)->(3,0)
I/VCoreDaemon( 1161): 1333728464974: Dispatching Atom PROC_REQUEST 11:0 (4,0)->(3,0)
I/Mux     ( 1161): 1333728464974: I got a CSM packet at a leader 
I/NetworkThread( 1161): 1333728464980: Sending UDP payload: 949
I/VCoreDaemon( 1161): 1333728464986: nonce 69 heard from src region (4,0)
I/VCoreDaemon( 1161): 1333728465079: Retrying PROC_REQUEST 11:0 (4,0)->(3,0)
I/VCoreDaemon( 1161): 1333728465079: Dispatching Atom PROC_REQUEST 11:0 (4,0)->(3,0)
I/Mux     ( 1161): 1333728465080: I got a CSM packet at a leader 
I/NetworkThread( 1161): 1333728465082: Sending UDP payload: 949
I/VCoreDaemon( 1161): 1333728465083: nonce 70 heard from src region (4,0)
I/VCoreDaemon( 1161): 1333728465181: Retrying PROC_REQUEST 11:0 (4,0)->(3,0)
I/VCoreDaemon( 1161): 1333728465181: Dispatching Atom PROC_REQUEST 11:0 (4,0)->(3,0)
I/Mux     ( 1161): 1333728465184: I got a CSM packet at a leader 
I/NetworkThread( 1161): 1333728465186: Sending UDP payload: 949
I/VCoreDaemon( 1161): 1333728465187: nonce 71 heard from src region (4,0)
D/dalvikvm( 1161): GC_CONCURRENT freed 401K, 23% free 10630K/13639K, paused 2ms+15ms
I/VCoreDaemon( 1161): 1333728465298: Retrying PROC_REQUEST 11:0 (4,0)->(3,0)
I/VCoreDaemon( 1161): 1333728465299: Dispatching Atom PROC_REQUEST 11:0 (4,0)->(3,0)
I/Mux     ( 1161): 1333728465299: I got a CSM packet at a leader 
I/NetworkThread( 1161): 1333728465301: Sending UDP payload: 949
I/VCoreDaemon( 1161): 1333728465306: nonce 72 heard from src region (4,0)
I/VCoreDaemon( 1161): 1333728465403: Retrying PROC_REQUEST 11:0 (4,0)->(3,0)
I/VCoreDaemon( 1161): 1333728465404: Dispatching Atom PROC_REQUEST 11:0 (4,0)->(3,0)
I/Mux     ( 1161): 1333728465405: I got a CSM packet at a leader 
I/NetworkThread( 1161): 1333728465406: Sending UDP payload: 949
I/VCoreDaemon( 1161): 1333728465416: nonce 73 heard from src region (4,0)
I/VCoreDaemon( 1161): 1333728465505: Retrying PROC_REQUEST 11:0 (4,0)->(3,0)
I/VCoreDaemon( 1161): 1333728465505: Dispatching Atom PROC_REQUEST 11:0 (4,0)->(3,0)
I/Mux     ( 1161): 1333728465505: I got a CSM packet at a leader 
I/NetworkThread( 1161): 1333728465507: Sending UDP payload: 949
I/VCoreDaemon( 1161): 1333728465523: nonce 74 heard from src region (4,0)
I/VCoreDaemon( 1161): 1333728465606: Retrying PROC_REQUEST 11:0 (4,0)->(3,0)
I/VCoreDaemon( 1161): 1333728465607: Dispatching Atom PROC_REQUEST 11:0 (4,0)->(3,0)
I/Mux     ( 1161): 1333728465607: I got a CSM packet at a leader 
I/NetworkThread( 1161): 1333728465609: Sending UDP payload: 949
I/VCoreDaemon( 1161): 1333728465621: nonce 75 heard from src region (4,0)
I/StatusActivity( 1161): 1333728465692: .......... GPS onLocationChanged ...... 
I/VCoreDaemon( 1161): 1333728465693: Loc = Location[mProvider=gps,mTime=1333814866000,mLatitude=42.364680354527046,mLongitude=-71.10234869904929,mHasAltitude=true,mAltitude=-23.0,mHasSpeed=true,mSpeed=0.05573763,mHasBearing=true,mBearing=69.103355,mHasAccuracy=true,mAccuracy=10.0,mExtras=Bundle[mParcelledData.dataSize=4]] Previous Region = (4,0)
I/VCoreDaemon( 1161): 1333728465694: GPS x/long:-71.10234869904929, GPS y/lat: 42.364680354527046. Region width in x: 51.96152422706632
I/VCoreDaemon( 1161): 1333728465694: location PINPOINTS to region = 4.0, previous 4
I/VCoreDaemon( 1161): 1333728465694: stay at region 4
I/VCoreDaemon( 1161): 1333728465708: Retrying PROC_REQUEST 11:0 (4,0)->(3,0)
I/VCoreDaemon( 1161): 1333728465713: Dispatching Atom PROC_REQUEST 11:0 (4,0)->(3,0)
I/Mux     ( 1161): 1333728465713: I got a CSM packet at a leader 
I/NetworkThread( 1161): 1333728465715: Sending UDP payload: 949
I/VCoreDaemon( 1161): 1333728465717: nonce 76 heard from src region (4,0)
I/VCoreDaemon( 1161): 1333728465814: Retrying PROC_REQUEST 11:0 (4,0)->(3,0)
I/VCoreDaemon( 1161): 1333728465814: Dispatching Atom PROC_REQUEST 11:0 (4,0)->(3,0)
I/Mux     ( 1161): 1333728465815: I got a CSM packet at a leader 
I/NetworkThread( 1161): 1333728465816: Sending UDP payload: 949
I/VCoreDaemon( 1161): 1333728465818: nonce 77 heard from src region (4,0)
I/VCoreDaemon( 1161): 1333728465916: Retrying PROC_REQUEST 11:0 (4,0)->(3,0)
I/VCoreDaemon( 1161): 1333728465916: Dispatching Atom PROC_REQUEST 11:0 (4,0)->(3,0)
I/Mux     ( 1161): 1333728465917: I got a CSM packet at a leader 
I/NetworkThread( 1161): 1333728465919: Sending UDP payload: 949
I/VCoreDaemon( 1161): 1333728465928: nonce 78 heard from src region (4,0)
I/VCoreDaemon( 1161): 1333728466019: Retrying PROC_REQUEST 11:0 (4,0)->(3,0)
I/VCoreDaemon( 1161): 1333728466019: Dispatching Atom PROC_REQUEST 11:0 (4,0)->(3,0)
I/Mux     ( 1161): 1333728466020: I got a CSM packet at a leader 
I/NetworkThread( 1161): 1333728466029: Sending UDP payload: 949
I/VCoreDaemon( 1161): 1333728466035: nonce 79 heard from src region (4,0)
I/VCoreDaemon( 1161): 1333728466038: inside sendPacket(Packet p)
I/NetworkThread( 1161): 1333728466040: Sending UDP payload: 406
I/VCoreDaemon( 1161): 1333728466120: Request timed out, send failure PROC_REPLY 11:0 (3,0)->(4,0)
I/VCoreDaemon( 1161): 1333728466121: Dispatching Atom PROC_REPLY 11:0 (3,0)->(4,0)
I/Mux     ( 1161): 1333728466121: I got a CSM packet at a leader 
I/NetworkThread( 1161): 1333728466126: Sending UDP payload: 770
I/VCoreDaemon( 1161): 1333728466129: Received PROC_REPLY 11:0 (3,0)->(4,0), handing to UserApp
W/NetworkStats(  148): dropping UID delta from unknown iface: iface=wlan0 uid=10067 set=FOREGROUND tag=0x0 rxBytes=16321 rxPackets=18 txBytes=16321 txPackets=18 operations=0
D/AudioHardware(   81): AudioHardware pcm playback is going to standby.
D/AudioHardware(   81): closePcmOut_l() mPcmOpenCnt: 1
I/StatusActivity( 1161): 1333728467730: .......... GPS onLocationChanged ...... 
I/VCoreDaemon( 1161): 1333728467732: Loc = Location[mProvider=gps,mTime=1333814868000,mLatitude=42.36468569602927,mLongitude=-71.1023278854947,mHasAltitude=true,mAltitude=-23.0,mHasSpeed=true,mSpeed=0.0,mHasBearing=true,mBearing=48.01158,mHasAccuracy=true,mAccuracy=10.0,mExtras=Bundle[mParcelledData.dataSize=4]] Previous Region = (4,0)
I/VCoreDaemon( 1161): 1333728467732: GPS x/long:-71.1023278854947, GPS y/lat: 42.36468569602927. Region width in x: 51.96152422706632
I/VCoreDaemon( 1161): 1333728467732: location PINPOINTS to region = 4.0, previous 4
I/VCoreDaemon( 1161): 1333728467732: stay at region 4
I/StatusActivity( 1161): 1333728468701: .......... GPS onLocationChanged ...... 
I/VCoreDaemon( 1161): 1333728468702: Loc = Location[mProvider=gps,mTime=1333814869000,mLatitude=42.36469140799632,mLongitude=-71.10229647977948,mHasAltitude=true,mAltitude=-30.0,mHasSpeed=true,mSpeed=0.15634546,mHasBearing=true,mBearing=62.016968,mHasAccuracy=true,mAccuracy=15.0,mExtras=Bundle[mParcelledData.dataSize=4]] Previous Region = (4,0)
I/VCoreDaemon( 1161): 1333728468702: GPS x/long:-71.10229647977948, GPS y/lat: 42.36469140799632. Region width in x: 51.96152422706632
I/VCoreDaemon( 1161): 1333728468702: location PINPOINTS to region = 4.0, previous 4
I/VCoreDaemon( 1161): 1333728468702: stay at region 4
I/StatusActivity( 1161): inside buttonsEnableProgressTimeoutR. Perhaps no one is in that region. Try again later!
I/StatusActivity( 1161): Inside _enableButtons
I/StatusActivity( 1161): areButtonsEnabled --> true
I/StatusActivity( 1161): takeNum=10 takeCamGood=10 takeGoodSave=10 takeBad=0 takeTimedout=0 getNum=3 getGood=1 getBad=0 getTimedout=2
W/InputManagerService(  148): Window already focused, ignoring focus gain of: com.android.internal.view.IInputMethodClient$Stub$Proxy@41710a50
I/VCoreDaemon( 1161): 1333728471038: inside sendPacket(Packet p)
I/NetworkThread( 1161): 1333728471043: Sending UDP payload: 406
I/GTalkService/c(  456): [AndroidEndpoint@1094583184] connect: acct=1000000, state=CONNECTING
D/ConnectivityService(  148): handleInetConditionHoldEnd: net=0, condition=100, published condition=0
I/VCoreDaemon( 1161): 1333728476040: inside sendPacket(Packet p)
I/NetworkThread( 1161): 1333728476041: Sending UDP payload: 406
W/Smack/Packet(  456): notify conn break (IOEx), close connection
W/NetworkStats(  148): dropping UID delta from unknown iface: iface=wlan0 uid=10067 set=FOREGROUND tag=0x0 rxBytes=868 rxPackets=2 txBytes=868 txPackets=2 operations=0
D/ConnectivityService(  148): handleInetConditionHoldEnd: net=0, condition=0, published condition=100
D/dalvikvm(  148): GC_EXPLICIT freed 743K, 14% free 12748K/14727K, paused 23ms+19ms
I/VCoreDaemon( 1161): 1333728481041: inside sendPacket(Packet p)
I/NetworkThread( 1161): 1333728481042: Sending UDP payload: 406
I/NetworkThread( 1161): 1333728481045: Received UDP payload: 406
I/StatusActivity( 1161): 1333728484695: .......... GPS onLocationChanged ...... 
I/VCoreDaemon( 1161): 1333728484697: Loc = Location[mProvider=gps,mTime=1333814885000,mLatitude=42.36470375137803,mLongitude=-71.10228989198191,mHasAltitude=true,mAltitude=-22.0,mHasSpeed=true,mSpeed=0.35129914,mHasBearing=true,mBearing=3.5865638,mHasAccuracy=true,mAccuracy=10.0,mExtras=Bundle[mParcelledData.dataSize=4]] Previous Region = (4,0)
I/VCoreDaemon( 1161): 1333728484698: GPS x/long:-71.10228989198191, GPS y/lat: 42.36470375137803. Region width in x: 51.96152422706632
I/VCoreDaemon( 1161): 1333728484699: location PINPOINTS to region = 4.0, previous 4
I/VCoreDaemon( 1161): 1333728484699: stay at region 4
I/VCoreDaemon( 1161): 1333728486041: inside sendPacket(Packet p)
I/NetworkThread( 1161): 1333728486043: Sending UDP payload: 406
I/StatusActivity( 1161): 1333728486695: .......... GPS onLocationChanged ...... 
I/VCoreDaemon( 1161): 1333728486697: Loc = Location[mProvider=gps,mTime=1333814887000,mLatitude=42.36471806732887,mLongitude=-71.10227856525661,mHasAltitude=true,mAltitude=-27.0,mHasSpeed=true,mSpeed=0.38778025,mHasBearing=true,mBearing=11.806824,mHasAccuracy=true,mAccuracy=15.0,mExtras=Bundle[mParcelledData.dataSize=4]] Previous Region = (4,0)
I/VCoreDaemon( 1161): 1333728486697: GPS x/long:-71.10227856525661, GPS y/lat: 42.36471806732887. Region width in x: 51.96152422706632
I/VCoreDaemon( 1161): 1333728486698: location PINPOINTS to region = 4.0, previous 4
I/VCoreDaemon( 1161): 1333728486698: stay at region 4
I/StatusActivity( 1161): 1333728487695: .......... GPS onLocationChanged ...... 
I/VCoreDaemon( 1161): 1333728487697: Loc = Location[mProvider=gps,mTime=1333814888000,mLatitude=42.36472975223431,mLongitude=-71.10222959356193,mHasAltitude=true,mAltitude=-28.0,mHasSpeed=true,mSpeed=0.5208227,mHasBearing=true,mBearing=71.87592,mHasAccuracy=true,mAccuracy=15.0,mExtras=Bundle[mParcelledData.dataSize=4]] Previous Region = (4,0)
I/VCoreDaemon( 1161): 1333728487704: GPS x/long:-71.10222959356193, GPS y/lat: 42.36472975223431. Region width in x: 51.96152422706632
I/VCoreDaemon( 1161): 1333728487705: location PINPOINTS to region = 4.0, previous 4
I/VCoreDaemon( 1161): 1333728487718: stay at region 4
D/dalvikvm( 1161): GC_CONCURRENT freed 426K, 23% free 10622K/13639K, paused 3ms+3ms
I/StatusActivity( 1161): 1333728488664: .......... GPS onLocationChanged ...... 
I/VCoreDaemon( 1161): 1333728488665: Loc = Location[mProvider=gps,mTime=1333814889000,mLatitude=42.36472956737973,mLongitude=-71.1022009195452,mHasAltitude=true,mAltitude=-24.0,mHasSpeed=true,mSpeed=0.6343308,mHasBearing=true,mBearing=91.25067,mHasAccuracy=true,mAccuracy=10.0,mExtras=Bundle[mParcelledData.dataSize=4]] Previous Region = (4,0)
I/VCoreDaemon( 1161): 1333728488666: GPS x/long:-71.1022009195452, GPS y/lat: 42.36472956737973. Region width in x: 51.96152422706632
I/VCoreDaemon( 1161): 1333728488666: location PINPOINTS to region = 4.0, previous 4
I/VCoreDaemon( 1161): 1333728488666: stay at region 4
I/StatusActivity( 1161): 1333728489696: .......... GPS onLocationChanged ...... 
I/VCoreDaemon( 1161): 1333728489698: Loc = Location[mProvider=gps,mTime=1333814890000,mLatitude=42.364742072498245,mLongitude=-71.10220101405677,mHasAltitude=true,mAltitude=-25.0,mHasSpeed=true,mSpeed=0.71804595,mHasBearing=true,mBearing=19.029902,mHasAccuracy=true,mAccuracy=10.0,mExtras=Bundle[mParcelledData.dataSize=4]] Previous Region = (4,0)
I/VCoreDaemon( 1161): 1333728489699: GPS x/long:-71.10220101405677, GPS y/lat: 42.364742072498245. Region width in x: 51.96152422706632
I/VCoreDaemon( 1161): 1333728489700: location PINPOINTS to region = 4.0, previous 4
I/VCoreDaemon( 1161): 1333728489700: stay at region 4
I/VCoreDaemon( 1161): 1333728491020: leader to cloud hearbeat...
I/VNC:Cloud( 1161): Executing makeRequest: http://hermes5.csail.mit.edu:8212/take/4/0/5116/1333728491021/
I/StatusActivity( 1161): 1333728492092: canPressButton = TRUE
I/StatusActivity( 1161): 1333728492093: areButtonsEnabled --> false
I/StatusActivity( 1161): 1333728492093: disabling buttons ...
I/StatusActivity( 1161): 1333728492093: took picture disableButtonsR
I/StatusActivity( 1161): 1333728492094: areButtonsEnabled --> false
D/AudioHardware(   81): AudioHardware pcm playback is exiting standby.
D/AudioHardware(   81): openPcmOut_l() mPcmOpenCnt: 0
I/StatusActivity( 1161): 1333728492159: takeNum=11 takeCamGood=10 takeGoodSave=10 takeBad=0 takeTimedout=0 getNum=3 getGood=1 getBad=0 getTimedout=2
I/StatusActivity( 1161): 1333728492159: ** Clicked take picture button **
I/CameraSurfaceView( 1161): inside getCamera()
I/CameraHardwareSec(   81): int android::CameraHardwareSec::previewThreadWrapper(): calling mSecCamera->stopPreview() and waiting
I/SecCamera(   81): int android::fimc_v4l2_querybuf(int, android::fimc_buffer*, v4l2_buf_type) :
I/SecCamera(   81): int android::fimc_v4l2_querybuf(int, android::fimc_buffer*, v4l2_buf_type): buffer->start = 0x43b98000 v4l2_buf.length = 4261248
I/CameraHardwareSec(   81): == Camera Sensor Detect S5K4ECGX - Samsung LSI SOC 5M ==
D/JpegEncoder(   81): encode E
D/JpegEncoder(   81): encode X
D/SecCamera(   81): Shutter speed=7442 us, iso=50
D/SecCamera(   81): AV=3, TV=7, SV=4
D/JpegEncoder(   81): makeExif E
D/JpegEncoder(   81): makeExif X
I/SecCamera(   81): int android::SecCamera::endSnapshot() :
I/SecCamera(   81): munmap():virt. addr 0x43b98000 size = 4261248
D/dalvikvm( 1161): GC_FOR_ALLOC freed 112K, 23% free 10622K/13639K, paused 19ms
I/dalvikvm-heap( 1161): Grow heap (frag case) to 11.679MB for 1293776-byte allocation
D/dalvikvm( 1161): GC_CONCURRENT freed 9K, 13% free 11876K/13639K, paused 2ms+2ms
I/StatusActivity( 1161): 1333728492859: inside HandlePictureStorage onPictureTaken()
I/StatusActivity( 1161): 1333728492860: takeNum=11 takeCamGood=11 takeGoodSave=10 takeBad=0 takeTimedout=0 getNum=3 getGood=1 getBad=0 getTimedout=2
D/CameraHardwareSec(   81): mPreviewHeap(fd(31), size(518400), width(720), height(480))
I/CameraHardwareSec(   81): int android::CameraHardwareSec::previewThreadWrapper(): return from wait
I/StatusActivity( 1161): 1333728493262: Picture successfully taken, ORIG BYTE LENGTH = 1293760
D/dalvikvm( 1161): GC_EXPLICIT freed 2K, 13% free 11877K/13639K, paused 17ms+2ms
I/StatusActivity( 1161): 1333728493505: Our new height x width: 240 x 320
I/StatusActivity( 1161): 1333728493506: Show photo from handle my camera take
I/StatusActivity( 1161): 1333728493506: client making photo packet to send to leader for it to save
I/StatusActivity( 1161): 1333728493530: BYTE SIZE AFTER COMPRESSION: 3709
I/StatusActivity( 1161): 1333728493531: about to send my pic
I/StatusActivity( 1161): 1333728493532: I'm a leader, upload/save new photo packet going to mux directly
I/Mux     ( 1161): 1333728493532: Inside mux Packet.CLIENT_REQUEST
I/Mux     ( 1161): 1333728493532: I'm the leader of requesting client, about to process Packet.CLIENT_REQUEST in userApp
I/UserApp ( 1161): 1333728493532: UserApp handling MY region's client request, will send atom packet to REMOTE region's handleDSMRequest
I/UserApp ( 1161): 1333728493532: request is CLIENT_NEW_PHOTO, so send atom packet to myself (remote region = me)
I/VCoreDaemon( 1161): 1333728493533: Sending PROC_REQUEST 10:14 (4,0)->(4,0)
I/VCoreDaemon( 1161): 1333728493533: Dispatching Atom PROC_REQUEST 10:14 (4,0)->(4,0)
I/Mux     ( 1161): 1333728493533: I got a CSM packet at a leader 
I/NetworkThread( 1161): 1333728493535: Sending UDP payload: 4680
I/VCoreDaemon( 1161): 1333728493537: removed replies before id 14 from sentReplies of size 0
I/UserApp ( 1161): 1333728493538: Inside UPLOAD_PHOTO!!
I/StatusActivity( 1161): 1333728493538: end of client send picture method
I/UserApp ( 1161): 1333728493541: my_gpinfo.isSuccess is now (should be true): true
I/UserApp ( 1161): 1333728493541: Region leader successfully uploaded a new photo taken by a client in region. Region leader now display the new photo on its screen (through StatusActivity)
I/VCoreDaemon( 1161): 1333728493559: Received PROC_REQUEST 10:14 (4,0)->(4,0), replying PROC_REPLY 10:14 (4,0)->(4,0)
I/VCoreDaemon( 1161): 1333728493560: Dispatching Atom PROC_REPLY 10:14 (4,0)->(4,0)
I/Mux     ( 1161): 1333728493561: I got a CSM packet at a leader 
I/NetworkThread( 1161): 1333728493564: Sending UDP payload: 949
I/VCoreDaemon( 1161): 1333728493567: Received PROC_REPLY 10:14 (4,0)->(4,0), handing to UserApp
I/UserApp ( 1161): 1333728493569: Now back in orginitator region's leader, precssing handleDSMReply
I/UserApp ( 1161): 1333728493569: Going to and from remote region took latency = 37
I/UserApp ( 1161): 1333728493569: = orig leader sent packet at 1333728493532 ~ received reply at 1333728493569
I/UserApp ( 1161): 1333728493570: Originator Region=4 Leader (for Client=5116) processes remote region's dsm atom reply and will send Packet reply to Originator Client
I/UserApp ( 1161): 1333728493570: reply packet contains the ACK for UPLOAD_PHOTO
I/UserApp ( 1161): 1333728493571: I (the leader) was also the originator client (id = 5116) so I hand the packet to my mux directly, without UDP
I/StatusActivity( 1161): 1333728493632: inside Packet.SERVER_SHOW_NEWPHOTO. I'm a leader showing my nonleader/myself client's new photo
I/StatusActivity( 1161): 1333728493634: I'm a leader and I SUCCEEDED in saving my client's new photo
I/StatusActivity( 1161): 1333728493634: now showing in UI the new photo I just saved ... 
I/StatusActivity( 1161): 1333728493634: the photo length: 3709
D/dalvikvm( 1161): GC_EXPLICIT freed 1692K, 23% free 10630K/13639K, paused 3ms+3ms
I/StatusActivity( 1161): 1333728493718: inside Packet.CLIENT_UPLOAD_PHOTO_ACK
I/StatusActivity( 1161): 1333728493718: leader upload new photo latency = 186
I/StatusActivity( 1161): 1333728493719: = leader upload start 1333728493532 ~ stop 1333728493718
I/StatusActivity( 1161): 1333728493720: takeNum=11 takeCamGood=11 takeGoodSave=11 takeBad=0 takeTimedout=0 getNum=3 getGood=1 getBad=0 getTimedout=2
I/StatusActivity( 1161): 1333728493721: SUCCESS! Client now knows saving photo on its leader succeeded
I/StatusActivity( 1161): Inside _enableButtons
I/StatusActivity( 1161): areButtonsEnabled --> true
I/StatusActivity( 1161): 1333728493767: .......... GPS onLocationChanged ...... 
I/VCoreDaemon( 1161): 1333728493768: Loc = Location[mProvider=gps,mTime=1333814894000,mLatitude=42.36474765441424,mLongitude=-71.10221214496617,mHasAltitude=true,mAltitude=-25.0,mHasSpeed=true,mSpeed=0.3273517,mHasBearing=true,mBearing=23.310623,mHasAccuracy=true,mAccuracy=15.0,mExtras=Bundle[mParcelledData.dataSize=4]] Previous Region = (4,0)
I/VCoreDaemon( 1161): 1333728493769: GPS x/long:-71.10221214496617, GPS y/lat: 42.36474765441424. Region width in x: 51.96152422706632
I/VCoreDaemon( 1161): 1333728493769: location PINPOINTS to region = 4.0, previous 4
I/VCoreDaemon( 1161): 1333728493769: stay at region 4
W/InputManagerService(  148): Window already focused, ignoring focus gain of: com.android.internal.view.IInputMethodClient$Stub$Proxy@415539d8
I/VNC:Cloud( 1161): makeRequest Execute HTTP latency: 3112ms
I/VNC:Cloud( 1161): makeRequest() Cloud response length: 93
I/VNC:Cloud( 1161): Request executed: http://hermes5.csail.mit.edu:8212/take/4/0/5116/1333728491021/
I/VCoreDaemon( 1161): 1333728494148: inside sendPacket(Packet p)
I/NetworkThread( 1161): 1333728494173: Sending UDP payload: 406
D/AudioHardware(   81): AudioHardware pcm playback is going to standby.
D/AudioHardware(   81): closePcmOut_l() mPcmOpenCnt: 1
I/GTalkService/c(  456): [AndroidEndpoint@1094583184] connect: acct=1000000, state=CONNECTING
D/dalvikvm( 1161): GC_CONCURRENT freed 394K, 22% free 10644K/13639K, paused 22ms+14ms
I/StatusActivity( 1161): 1333728498665: .......... GPS onLocationChanged ...... 
I/VCoreDaemon( 1161): 1333728498666: Loc = Location[mProvider=gps,mTime=1333814899000,mLatitude=42.36472718153031,mLongitude=-71.10221897375631,mHasAltitude=true,mAltitude=-26.0,mHasSpeed=true,mSpeed=0.0,mHasBearing=true,mBearing=24.263851,mHasAccuracy=true,mAccuracy=15.0,mExtras=Bundle[mParcelledData.dataSize=4]] Previous Region = (4,0)
I/VCoreDaemon( 1161): 1333728498667: GPS x/long:-71.10221897375631, GPS y/lat: 42.36472718153031. Region width in x: 51.96152422706632
I/VCoreDaemon( 1161): 1333728498667: location PINPOINTS to region = 4.0, previous 4
I/VCoreDaemon( 1161): 1333728498667: stay at region 4
D/dalvikvm(  456): GC_CONCURRENT freed 400K, 6% free 10033K/10567K, paused 3ms+3ms
I/VCoreDaemon( 1161): 1333728499191: inside sendPacket(Packet p)
I/NetworkThread( 1161): 1333728499200: Sending UDP payload: 406
I/StatusActivity( 1161): 1333728499663: .......... GPS onLocationChanged ...... 
I/VCoreDaemon( 1161): 1333728499664: Loc = Location[mProvider=gps,mTime=1333814900000,mLatitude=42.36471782402796,mLongitude=-71.10221231104016,mHasAltitude=true,mAltitude=-26.0,mHasSpeed=true,mSpeed=0.4413524,mHasBearing=true,mBearing=112.99971,mHasAccuracy=true,mAccuracy=15.0,mExtras=Bundle[mParcelledData.dataSize=4]] Previous Region = (4,0)
I/VCoreDaemon( 1161): 1333728499665: GPS x/long:-71.10221231104016, GPS y/lat: 42.36471782402796. Region width in x: 51.96152422706632
I/VCoreDaemon( 1161): 1333728499665: location PINPOINTS to region = 4.0, previous 4
I/VCoreDaemon( 1161): 1333728499665: stay at region 4
