I/GTalkService/c(  456): [AndroidEndpoint@1094583184] connect: acct=1000001, state=CONNECTING
D/dalvikvm(  456): GC_CONCURRENT freed 386K, 7% free 10074K/10759K, paused 2ms+3ms
D/ConnectivityService(  148): handleInetConditionHoldEnd: net=0, condition=100, published condition=0
W/Smack/Packet(  456): notify conn break (IOEx), close connection
D/ConnectivityService(  148): handleInetConditionHoldEnd: net=0, condition=0, published condition=100
D/dalvikvm(  148): GC_CONCURRENT freed 988K, 12% free 13534K/15239K, paused 16ms+6ms
I/GTalkService/c(  456): [AndroidEndpoint@1094583184] connect: acct=1000001, state=CONNECTING
D/ConnectivityService(  148): handleInetConditionHoldEnd: net=0, condition=100, published condition=0
W/Smack/Packet(  456): notify conn break (IOEx), close connection
D/ConnectivityService(  148): handleInetConditionHoldEnd: net=0, condition=0, published condition=100
I/GTalkService/c(  456): [AndroidEndpoint@1094583184] connect: acct=1000001, state=CONNECTING
D/dalvikvm(  456): GC_CONCURRENT freed 412K, 7% free 10055K/10759K, paused 14ms+3ms
D/ConnectivityService(  148): handleInetConditionHoldEnd: net=0, condition=100, published condition=0
W/Smack/Packet(  456): notify conn break (IOEx), close connection
D/ConnectivityService(  148): handleInetConditionHoldEnd: net=0, condition=0, published condition=100
I/GTalkService/c(  456): [AndroidEndpoint@1094583184] connect: acct=1000001, state=CONNECTING
D/dalvikvm(  456): GC_CONCURRENT freed 388K, 7% free 10061K/10759K, paused 2ms+2ms
D/ConnectivityService(  148): handleInetConditionHoldEnd: net=0, condition=100, published condition=0
W/Smack/Packet(  456): notify conn break (IOEx), close connection
D/ConnectivityService(  148): handleInetConditionHoldEnd: net=0, condition=0, published condition=100
I/GTalkService/c(  456): [AndroidEndpoint@1094583184] connect: acct=1000001, state=CONNECTING
D/dalvikvm(  148): GC_EXPLICIT freed 339K, 12% free 13455K/15239K, paused 5ms+5ms
D/ConnectivityService(  148): handleInetConditionHoldEnd: net=0, condition=100, published condition=0
W/Smack/Packet(  456): notify conn break (IOEx), close connection
D/ConnectivityService(  148): handleInetConditionHoldEnd: net=0, condition=0, published condition=100
I/GTalkService/c(  456): [AndroidEndpoint@1094583184] connect: acct=1000001, state=CONNECTING
D/dalvikvm(  456): GC_CONCURRENT freed 382K, 7% free 10074K/10759K, paused 2ms+2ms
D/ConnectivityService(  148): handleInetConditionHoldEnd: net=0, condition=100, published condition=0
W/Smack/Packet(  456): notify conn break (IOEx), close connection
D/ConnectivityService(  148): handleInetConditionHoldEnd: net=0, condition=0, published condition=100
I/GTalkService/c(  456): [AndroidEndpoint@1094583184] connect: acct=1000001, state=CONNECTING
D/ConnectivityService(  148): handleInetConditionHoldEnd: net=0, condition=100, published condition=0
W/Smack/Packet(  456): notify conn break (IOEx), close connection
D/ConnectivityService(  148): handleInetConditionHoldEnd: net=0, condition=0, published condition=100
I/GTalkService/c(  456): [AndroidEndpoint@1094583184] connect: acct=1000001, state=CONNECTING
D/dalvikvm(  456): GC_CONCURRENT freed 416K, 7% free 10053K/10759K, paused 14ms+2ms
W/Smack/Packet(  456): notify conn break (IOEx), close connection
D/ConnectivityService(  148): handleInetConditionHoldEnd: net=0, condition=0, published condition=0
I/GTalkService/c(  456): [AndroidEndpoint@1094583184] connect: acct=1000001, state=CONNECTING
D/dalvikvm(  456): GC_CONCURRENT freed 385K, 7% free 10052K/10759K, paused 2ms+3ms
D/ConnectivityService(  148): handleInetConditionHoldEnd: net=0, condition=100, published condition=0
W/Smack/Packet(  456): notify conn break (IOEx), close connection
D/ConnectivityService(  148): handleInetConditionHoldEnd: net=0, condition=0, published condition=100
I/GTalkService/c(  456): [AndroidEndpoint@1094583184] connect: acct=1000001, state=CONNECTING
D/ConnectivityService(  148): handleInetConditionHoldEnd: net=0, condition=100, published condition=0
W/Smack/Packet(  456): notify conn break (IOEx), close connection
D/ConnectivityService(  148): handleInetConditionHoldEnd: net=0, condition=0, published condition=100
I/GTalkService/c(  456): [AndroidEndpoint@1094583184] connect: acct=1000001, state=CONNECTING
D/dalvikvm(  456): GC_CONCURRENT freed 384K, 7% free 10076K/10759K, paused 2ms+3ms
D/ConnectivityService(  148): handleInetConditionHoldEnd: net=0, condition=100, published condition=0
W/Smack/Packet(  456): notify conn break (IOEx), close connection
D/ConnectivityService(  148): handleInetConditionHoldEnd: net=0, condition=0, published condition=100
I/GTalkService/c(  456): [AndroidEndpoint@1094583184] connect: acct=1000001, state=CONNECTING
D/ConnectivityService(  148): handleInetConditionHoldEnd: net=0, condition=100, published condition=0
W/Smack/Packet(  456): notify conn break (IOEx), close connection
D/ConnectivityService(  148): handleInetConditionHoldEnd: net=0, condition=0, published condition=100
I/GTalkService/c(  456): [AndroidEndpoint@1094583184] connect: acct=1000001, state=CONNECTING
D/dalvikvm(  456): GC_CONCURRENT freed 417K, 7% free 10054K/10759K, paused 14ms+2ms
D/dalvikvm(  148): GC_CONCURRENT freed 907K, 12% free 13531K/15239K, paused 9ms+5ms
D/ConnectivityService(  148): handleInetConditionHoldEnd: net=0, condition=100, published condition=0
W/Smack/Packet(  456): notify conn break (IOEx), close connection
D/ConnectivityService(  148): handleInetConditionHoldEnd: net=0, condition=0, published condition=100
I/GTalkService/c(  456): [AndroidEndpoint@1094583184] connect: acct=1000001, state=CONNECTING
I/EventLogService(  456): Aggregate from 1333744400978 (log), 1333744400978 (data)
I/ServiceDumpSys(  456): dumping service [account]
D/dalvikvm(  456): GC_CONCURRENT freed 394K, 7% free 10045K/10759K, paused 2ms+2ms
D/ConnectivityService(  148): handleInetConditionHoldEnd: net=0, condition=100, published condition=0
W/Smack/Packet(  456): notify conn break (IOEx), close connection
D/ConnectivityService(  148): handleInetConditionHoldEnd: net=0, condition=0, published condition=100
I/GTalkService/c(  456): [AndroidEndpoint@1094583184] connect: acct=1000001, state=CONNECTING
D/ConnectivityService(  148): handleInetConditionHoldEnd: net=0, condition=100, published condition=0
W/Smack/Packet(  456): notify conn break (IOEx), close connection
D/ConnectivityService(  148): handleInetConditionHoldEnd: net=0, condition=0, published condition=100
I/GTalkService/c(  456): [AndroidEndpoint@1094583184] connect: acct=1000001, state=CONNECTING
D/dalvikvm(  456): GC_CONCURRENT freed 384K, 7% free 10053K/10759K, paused 14ms+2ms
D/ConnectivityService(  148): handleInetConditionHoldEnd: net=0, condition=100, published condition=0
W/Smack/Packet(  456): notify conn break (IOEx), close connection
D/ConnectivityService(  148): handleInetConditionHoldEnd: net=0, condition=0, published condition=100
I/GTalkService/c(  456): [AndroidEndpoint@1094583184] connect: acct=1000001, state=CONNECTING
D/dalvikvm(  456): GC_CONCURRENT freed 387K, 7% free 10061K/10759K, paused 1ms+4ms
D/ConnectivityService(  148): handleInetConditionHoldEnd: net=0, condition=100, published condition=0
D/dalvikvm( 1254): GC_CONCURRENT freed 300K, 5% free 10132K/10567K, paused 2ms+3ms
D/dalvikvm(  456): GC_EXPLICIT freed 59K, 7% free 10028K/10759K, paused 2ms+2ms
D/dalvikvm(  148): GC_CONCURRENT freed 1012K, 12% free 13523K/15239K, paused 2ms+5ms
D/dalvikvm(  218): GC_CONCURRENT freed 386K, 8% free 9870K/10695K, paused 2ms+3ms
D/AlarmManagerService(  148): Kernel timezone updated to 240 minutes west of GMT
V/AlarmClock(  556): AlarmInitReceiver finished
D/SystemClock(  313): Setting time of day to sec=1333747825
I/EventLogService(  456): Aggregate from 1333746201105 (log), 1333746201105 (data)
I/ServiceDumpSys(  456): dumping service [account]
D/dalvikvm(  148): GC_EXPLICIT freed 942K, 12% free 13506K/15239K, paused 20ms+5ms
W/Smack/Packet(  456): notify conn break (IOEx), close connection
I/qtaguid (  456): Failed write_ctrl(u 68) res=-1 errno=22
I/qtaguid (  456): Untagging socket 68 failed errno=-22
W/NetworkManagementSocketTagger(  456): untagSocket(68) failed with errno -22
D/ConnectivityService(  148): handleInetConditionHoldEnd: net=0, condition=0, published condition=100
I/GTalkService/c(  456): [AndroidEndpoint@1094583184] connect: acct=1000001, state=CONNECTING
D/ConnectivityService(  148): handleInetConditionHoldEnd: net=0, condition=100, published condition=0
W/Smack/Packet(  456): notify conn break (IOEx), close connection
D/ConnectivityService(  148): handleInetConditionHoldEnd: net=0, condition=0, published condition=100
I/GTalkService/c(  456): [AndroidEndpoint@1094583184] connect: acct=1000001, state=CONNECTING
D/dalvikvm(  456): GC_CONCURRENT freed 354K, 7% free 10060K/10759K, paused 2ms+3ms
D/ConnectivityService(  148): handleInetConditionHoldEnd: net=0, condition=100, published condition=0
W/Smack/Packet(  456): notify conn break (IOEx), close connection
D/ConnectivityService(  148): handleInetConditionHoldEnd: net=0, condition=0, published condition=100
I/GTalkService/c(  456): [AndroidEndpoint@1094583184] connect: acct=1000001, state=CONNECTING
D/dalvikvm(  456): GC_CONCURRENT freed 392K, 7% free 10060K/10759K, paused 2ms+3ms
D/ConnectivityService(  148): handleInetConditionHoldEnd: net=0, condition=100, published condition=0
W/Smack/Packet(  456): notify conn break (IOEx), close connection
D/ConnectivityService(  148): handleInetConditionHoldEnd: net=0, condition=0, published condition=100
I/GTalkService/c(  456): [AndroidEndpoint@1094583184] connect: acct=1000001, state=CONNECTING
D/ConnectivityService(  148): handleInetConditionHoldEnd: net=0, condition=100, published condition=0
W/Smack/Packet(  456): notify conn break (IOEx), close connection
D/ConnectivityService(  148): handleInetConditionHoldEnd: net=0, condition=0, published condition=100
I/GTalkService/c(  456): [AndroidEndpoint@1094583184] connect: acct=1000001, state=CONNECTING
D/dalvikvm(  456): GC_CONCURRENT freed 385K, 7% free 10075K/10759K, paused 1ms+2ms
D/ConnectivityService(  148): handleInetConditionHoldEnd: net=0, condition=100, published condition=0
W/Smack/Packet(  456): notify conn break (IOEx), close connection
D/ConnectivityService(  148): handleInetConditionHoldEnd: net=0, condition=0, published condition=100
I/GTalkService/c(  456): [AndroidEndpoint@1094583184] connect: acct=1000001, state=CONNECTING
W/Smack/Packet(  456): notify conn break (IOEx), close connection
D/ConnectivityService(  148): handleInetConditionHoldEnd: net=0, condition=0, published condition=0
I/CheckinService(  456): Preparing to send checkin request
I/EventLogService(  456): Accumulating logs since 1333748001261
D/dalvikvm(  456): GC_CONCURRENT freed 443K, 7% free 10043K/10759K, paused 2ms+3ms
I/CheckinTask(  456): Sending checkin request (1642 bytes)
I/GTalkService/c(  456): [AndroidEndpoint@1094583184] connect: acct=1000001, state=CONNECTING
E/GTalkService(  456): connectionClosed: no XMPPConnection - That's strange!
D/dalvikvm(  456): GC_CONCURRENT freed 384K, 7% free 10065K/10759K, paused 2ms+3ms
I/CheckinTask(  456): Checkin success: https://android.clients.google.com/checkin (1 requests sent)
D/ConnectivityService(  148): handleInetConditionHoldEnd: net=0, condition=0, published condition=0
I/GTalkService/c(  456): [AndroidEndpoint@1094583184] connect: acct=1000001, state=CONNECTING
D/ConnectivityService(  148): handleInetConditionHoldEnd: net=0, condition=100, published condition=0
W/Smack/Packet(  456): notify conn break (IOEx), close connection
D/ConnectivityService(  148): handleInetConditionHoldEnd: net=0, condition=0, published condition=100
I/GTalkService/c(  456): [AndroidEndpoint@1094583184] connect: acct=1000001, state=CONNECTING
D/dalvikvm(  456): GC_CONCURRENT freed 389K, 7% free 10072K/10759K, paused 2ms+3ms
D/ConnectivityService(  148): handleInetConditionHoldEnd: net=0, condition=100, published condition=0
W/Smack/Packet(  456): notify conn break (IOEx), close connection
D/ConnectivityService(  148): handleInetConditionHoldEnd: net=0, condition=0, published condition=100
I/GTalkService/c(  456): [AndroidEndpoint@1094583184] connect: acct=1000001, state=CONNECTING
D/ConnectivityService(  148): handleInetConditionHoldEnd: net=0, condition=100, published condition=0
W/Smack/Packet(  456): notify conn break (IOEx), close connection
D/ConnectivityService(  148): handleInetConditionHoldEnd: net=0, condition=0, published condition=100
I/GTalkService/c(  456): [AndroidEndpoint@1094583184] connect: acct=1000001, state=CONNECTING
D/dalvikvm(  456): GC_CONCURRENT freed 410K, 7% free 10056K/10759K, paused 14ms+3ms
W/Smack/Packet(  456): notify conn break (IOEx), close connection
D/ConnectivityService(  148): handleInetConditionHoldEnd: net=0, condition=0, published condition=0
I/GTalkService/c(  456): [AndroidEndpoint@1094583184] connect: acct=1000001, state=CONNECTING
E/GTalkService(  456): connectionClosed: no XMPPConnection - That's strange!
D/ConnectivityService(  148): handleInetConditionHoldEnd: net=0, condition=0, published condition=0
I/GTalkService/c(  456): [AndroidEndpoint@1094583184] connect: acct=1000001, state=CONNECTING
D/dalvikvm(  148): GC_CONCURRENT freed 963K, 12% free 13540K/15239K, paused 2ms+6ms
D/dalvikvm(  456): GC_CONCURRENT freed 397K, 7% free 10047K/10759K, paused 13ms+3ms
W/Smack/Packet(  456): notify conn break (IOEx), close connection
D/ConnectivityService(  148): handleInetConditionHoldEnd: net=0, condition=0, published condition=0
I/GTalkService/c(  456): [AndroidEndpoint@1094583184] connect: acct=1000001, state=CONNECTING
D/ConnectivityService(  148): handleInetConditionHoldEnd: net=0, condition=100, published condition=0
W/Smack/Packet(  456): notify conn break (IOEx), close connection
D/ConnectivityService(  148): handleInetConditionHoldEnd: net=0, condition=0, published condition=100
D/dalvikvm(  313): GC_CONCURRENT freed 417K, 6% free 9500K/10055K, paused 2ms+2ms
I/GTalkService/c(  456): [AndroidEndpoint@1094583184] connect: acct=1000001, state=CONNECTING
D/dalvikvm(  456): GC_CONCURRENT freed 379K, 7% free 10055K/10759K, paused 14ms+3ms
D/ConnectivityService(  148): handleInetConditionHoldEnd: net=0, condition=100, published condition=0
W/Smack/Packet(  456): notify conn break (IOEx), close connection
D/ConnectivityService(  148): handleInetConditionHoldEnd: net=0, condition=0, published condition=100
D/dalvikvm(  218): GC_CONCURRENT freed 388K, 8% free 9871K/10695K, paused 2ms+2ms
I/GTalkService/c(  456): [AndroidEndpoint@1094583184] connect: acct=1000001, state=CONNECTING
D/dalvikvm(  456): GC_CONCURRENT freed 379K, 7% free 10063K/10759K, paused 2ms+3ms
D/ConnectivityService(  148): handleInetConditionHoldEnd: net=0, condition=100, published condition=0
W/Smack/Packet(  456): notify conn break (IOEx), close connection
D/ConnectivityService(  148): handleInetConditionHoldEnd: net=0, condition=0, published condition=100
D/dalvikvm(  148): GC_CONCURRENT freed 1030K, 12% free 13515K/15239K, paused 16ms+5ms
D/dalvikvm(  148): GC_EXPLICIT freed 120K, 12% free 13427K/15239K, paused 2ms+5ms
I/EventLogService(  456): Aggregate from 1333748298915 (log), 1333748001261 (data)
I/ServiceDumpSys(  456): dumping service [account]
I/GTalkService/c(  456): [AndroidEndpoint@1094583184] connect: acct=1000001, state=CONNECTING
D/ConnectivityService(  148): handleInetConditionHoldEnd: net=0, condition=100, published condition=0
W/Smack/Packet(  456): notify conn break (IOEx), close connection
D/ConnectivityService(  148): handleInetConditionHoldEnd: net=0, condition=0, published condition=100
I/GTalkService/c(  456): [AndroidEndpoint@1094583184] connect: acct=1000001, state=CONNECTING
D/dalvikvm(  456): GC_CONCURRENT freed 393K, 7% free 10061K/10759K, paused 14ms+3ms
D/ConnectivityService(  148): handleInetConditionHoldEnd: net=0, condition=100, published condition=0
W/Smack/Packet(  456): notify conn break (IOEx), close connection
D/ConnectivityService(  148): handleInetConditionHoldEnd: net=0, condition=0, published condition=100
I/GTalkService/c(  456): [AndroidEndpoint@1094583184] connect: acct=1000001, state=CONNECTING
D/dalvikvm(  456): GC_CONCURRENT freed 392K, 7% free 10064K/10759K, paused 2ms+3ms
W/Smack/Packet(  456): notify conn break (IOEx), close connection
D/ConnectivityService(  148): handleInetConditionHoldEnd: net=0, condition=100, published condition=0
D/ConnectivityService(  148): handleInetConditionHoldEnd: net=0, condition=0, published condition=100
D/dalvikvm(  148): GC_CONCURRENT freed 883K, 12% free 13526K/15239K, paused 16ms+5ms
I/GTalkService/c(  456): [AndroidEndpoint@1094583184] connect: acct=1000001, state=CONNECTING
D/ConnectivityService(  148): handleInetConditionHoldEnd: net=0, condition=100, published condition=0
W/Smack/Packet(  456): notify conn break (IOEx), close connection
D/ConnectivityService(  148): handleInetConditionHoldEnd: net=0, condition=0, published condition=100
I/GTalkService/c(  456): [AndroidEndpoint@1094583184] connect: acct=1000001, state=CONNECTING
D/dalvikvm(  456): GC_CONCURRENT freed 385K, 7% free 10077K/10759K, paused 2ms+3ms
D/ConnectivityService(  148): handleInetConditionHoldEnd: net=0, condition=100, published condition=0
W/Smack/Packet(  456): notify conn break (IOEx), close connection
D/ConnectivityService(  148): handleInetConditionHoldEnd: net=0, condition=0, published condition=100
I/GTalkService/c(  456): [AndroidEndpoint@1094583184] connect: acct=1000001, state=CONNECTING
D/ConnectivityService(  148): handleInetConditionHoldEnd: net=0, condition=100, published condition=0
D/AlarmManagerService(  148): Kernel timezone updated to 240 minutes west of GMT
D/SystemClock(  313): Setting time of day to sec=1333751428
V/AlarmClock(  556): AlarmInitReceiver finished
W/Smack/Packet(  456): notify conn break (IOEx), close connection
D/ConnectivityService(  148): handleInetConditionHoldEnd: net=0, condition=0, published condition=100
I/GTalkService/c(  456): [AndroidEndpoint@1094583184] connect: acct=1000001, state=CONNECTING
D/dalvikvm(  456): GC_CONCURRENT freed 421K, 7% free 10047K/10759K, paused 14ms+3ms
D/ConnectivityService(  148): handleInetConditionHoldEnd: net=0, condition=100, published condition=0
W/Smack/Packet(  456): notify conn break (IOEx), close connection
D/ConnectivityService(  148): handleInetConditionHoldEnd: net=0, condition=0, published condition=100
I/GTalkService/c(  456): [AndroidEndpoint@1094583184] connect: acct=1000001, state=CONNECTING
D/dalvikvm(  456): GC_CONCURRENT freed 392K, 7% free 10056K/10759K, paused 2ms+2ms
D/ConnectivityService(  148): handleInetConditionHoldEnd: net=0, condition=100, published condition=0
W/Smack/Packet(  456): notify conn break (IOEx), close connection
D/ConnectivityService(  148): handleInetConditionHoldEnd: net=0, condition=0, published condition=100
D/dalvikvm(  218): GC_CONCURRENT freed 378K, 8% free 9877K/10695K, paused 12ms+3ms
I/GTalkService/c(  456): [AndroidEndpoint@1094583184] connect: acct=1000001, state=CONNECTING
D/ConnectivityService(  148): handleInetConditionHoldEnd: net=0, condition=100, published condition=0
W/Smack/Packet(  456): notify conn break (IOEx), close connection
D/ConnectivityService(  148): handleInetConditionHoldEnd: net=0, condition=0, published condition=100
I/GTalkService/c(  456): [AndroidEndpoint@1094583184] connect: acct=1000001, state=CONNECTING
D/dalvikvm(  456): GC_CONCURRENT freed 384K, 7% free 10077K/10759K, paused 1ms+3ms
D/dalvikvm(  148): GC_CONCURRENT freed 1011K, 12% free 13531K/15239K, paused 16ms+5ms
W/Smack/Packet(  456): notify conn break (IOEx), close connection
D/ConnectivityService(  148): handleInetConditionHoldEnd: net=0, condition=0, published condition=0
I/EventLogService(  456): Aggregate from 1333749801444 (log), 1333749801444 (data)
I/ServiceDumpSys(  456): dumping service [account]
I/GTalkService/c(  456): [AndroidEndpoint@1094583184] connect: acct=1000001, state=CONNECTING
D/dalvikvm(  456): GC_CONCURRENT freed 394K, 7% free 10069K/10759K, paused 13ms+3ms
D/ConnectivityService(  148): handleInetConditionHoldEnd: net=0, condition=100, published condition=0
W/Smack/Packet(  456): notify conn break (IOEx), close connection
D/ConnectivityService(  148): handleInetConditionHoldEnd: net=0, condition=0, published condition=100
I/GTalkService/c(  456): [AndroidEndpoint@1094583184] connect: acct=1000001, state=CONNECTING
D/ConnectivityService(  148): handleInetConditionHoldEnd: net=0, condition=100, published condition=0
W/Smack/Packet(  456): notify conn break (IOEx), close connection
D/ConnectivityService(  148): handleInetConditionHoldEnd: net=0, condition=0, published condition=100
I/GTalkService/c(  456): [AndroidEndpoint@1094583184] connect: acct=1000001, state=CONNECTING
D/dalvikvm(  456): GC_CONCURRENT freed 382K, 7% free 10078K/10759K, paused 2ms+2ms
D/dalvikvm(  148): GC_EXPLICIT freed 255K, 12% free 13446K/15239K, paused 20ms+6ms
D/ConnectivityService(  148): handleInetConditionHoldEnd: net=0, condition=100, published condition=0
W/Smack/Packet(  456): notify conn break (IOEx), close connection
D/ConnectivityService(  148): handleInetConditionHoldEnd: net=0, condition=0, published condition=100
I/GTalkService/c(  456): [AndroidEndpoint@1094583184] connect: acct=1000001, state=CONNECTING
D/ConnectivityService(  148): handleInetConditionHoldEnd: net=0, condition=100, published condition=0
W/Smack/Packet(  456): notify conn break (IOEx), close connection
D/ConnectivityService(  148): handleInetConditionHoldEnd: net=0, condition=0, published condition=100
I/GTalkService/c(  456): [AndroidEndpoint@1094583184] connect: acct=1000001, state=CONNECTING
D/dalvikvm(  456): GC_CONCURRENT freed 413K, 7% free 10055K/10759K, paused 14ms+3ms
W/Smack/Packet(  456): notify conn break (IOEx), close connection
E/GTalkService(  456): connectionClosed: no XMPPConnection - That's strange!
D/ConnectivityService(  148): handleInetConditionHoldEnd: net=0, condition=0, published condition=0
I/GTalkService/c(  456): [AndroidEndpoint@1094583184] connect: acct=1000001, state=CONNECTING
D/dalvikvm(  456): GC_CONCURRENT freed 385K, 7% free 10065K/10759K, paused 2ms+4ms
D/ConnectivityService(  148): handleInetConditionHoldEnd: net=0, condition=100, published condition=0
W/Smack/Packet(  456): notify conn break (IOEx), close connection
D/ConnectivityService(  148): handleInetConditionHoldEnd: net=0, condition=0, published condition=100
I/GTalkService/c(  456): [AndroidEndpoint@1094583184] connect: acct=1000001, state=CONNECTING
D/ConnectivityService(  148): handleInetConditionHoldEnd: net=0, condition=100, published condition=0
W/Smack/Packet(  456): notify conn break (IOEx), close connection
D/ConnectivityService(  148): handleInetConditionHoldEnd: net=0, condition=0, published condition=100
I/GTalkService/c(  456): [AndroidEndpoint@1094583184] connect: acct=1000001, state=CONNECTING
D/dalvikvm(  456): GC_CONCURRENT freed 380K, 7% free 10079K/10759K, paused 2ms+3ms
D/ConnectivityService(  148): handleInetConditionHoldEnd: net=0, condition=100, published condition=0
W/Smack/Packet(  456): notify conn break (IOEx), close connection
D/ConnectivityService(  148): handleInetConditionHoldEnd: net=0, condition=0, published condition=100
I/GTalkService/c(  456): [AndroidEndpoint@1094583184] connect: acct=1000001, state=CONNECTING
D/ConnectivityService(  148): handleInetConditionHoldEnd: net=0, condition=100, published condition=0
W/Smack/Packet(  456): notify conn break (IOEx), close connection
D/ConnectivityService(  148): handleInetConditionHoldEnd: net=0, condition=0, published condition=100
I/GTalkService/c(  456): [AndroidEndpoint@1094583184] connect: acct=1000001, state=CONNECTING
D/dalvikvm(  456): GC_CONCURRENT freed 417K, 7% free 10057K/10759K, paused 14ms+3ms
D/ConnectivityService(  148): handleInetConditionHoldEnd: net=0, condition=100, published condition=0
W/Smack/Packet(  456): notify conn break (IOEx), close connection
D/ConnectivityService(  148): handleInetConditionHoldEnd: net=0, condition=0, published condition=100
I/GTalkService/c(  456): [AndroidEndpoint@1094583184] connect: acct=1000001, state=CONNECTING
D/dalvikvm(  456): GC_CONCURRENT freed 384K, 7% free 10065K/10759K, paused 2ms+3ms
D/ConnectivityService(  148): handleInetConditionHoldEnd: net=0, condition=100, published condition=0
W/Smack/Packet(  456): notify conn break (IOEx), close connection
D/ConnectivityService(  148): handleInetConditionHoldEnd: net=0, condition=0, published condition=100
I/GTalkService/c(  456): [AndroidEndpoint@1094583184] connect: acct=1000001, state=CONNECTING
D/ConnectivityService(  148): handleInetConditionHoldEnd: net=0, condition=100, published condition=0
W/Smack/Packet(  456): notify conn break (IOEx), close connection
D/ConnectivityService(  148): handleInetConditionHoldEnd: net=0, condition=0, published condition=100
I/GTalkService/c(  456): [AndroidEndpoint@1094583184] connect: acct=1000001, state=CONNECTING
D/dalvikvm(  456): GC_CONCURRENT freed 384K, 7% free 10076K/10759K, paused 2ms+3ms
D/ConnectivityService(  148): handleInetConditionHoldEnd: net=0, condition=100, published condition=0
W/Smack/Packet(  456): notify conn break (IOEx), close connection
D/ConnectivityService(  148): handleInetConditionHoldEnd: net=0, condition=0, published condition=100
I/GTalkService/c(  456): [AndroidEndpoint@1094583184] connect: acct=1000001, state=CONNECTING
D/ConnectivityService(  148): handleInetConditionHoldEnd: net=0, condition=100, published condition=0
W/Smack/Packet(  456): notify conn break (IOEx), close connection
D/ConnectivityService(  148): handleInetConditionHoldEnd: net=0, condition=0, published condition=100
I/GTalkService/c(  456): [AndroidEndpoint@1094583184] connect: acct=1000001, state=CONNECTING
D/dalvikvm(  148): GC_CONCURRENT freed 890K, 12% free 13537K/15239K, paused 2ms+5ms
I/power   (  148): *** set_screen_state 1
I/WindowManager(  148): Lock screen displayed!
D/SurfaceFlinger(   78): Screen about to return, flinger = 0x556918
D/PhoneStatusBar(  218): disable: < expand icons alerts ticker system_info BACK HOME recent* CLOCK >
D/NfcService(  327): NFC-C ON
D/PhoneStatusBar(  218): disable: < expand icons alerts ticker system_info back* home* recent clock* >
W/InputManagerService(  148): Window already focused, ignoring focus gain of: com.android.internal.view.IInputMethodClient$Stub$Proxy@41861e58
I/ActivityManager(  148): START {cmp=net.szym.barnacle/.StatusActivity bnds=[0,119][480,215]} from pid -1
W/ActivityManager(  148): startActivity called from non-Activity context; forcing Intent.FLAG_ACTIVITY_NEW_TASK for: Intent { cmp=net.szym.barnacle/.StatusActivity bnds=[0,119][480,215] }
D/AudioHardware(   81): AudioHardware pcm playback is exiting standby.
D/AudioHardware(   81): openPcmOut_l() mPcmOpenCnt: 0
W/KeyguardViewMediator(  148): verifyUnlock called when not externally disabled
D/OpenGLRenderer(  341): Flushing caches (mode 0)
V/PhoneStatusBar(  218): setLightsOn(true)
D/OpenGLRenderer(  341): Flushing caches (mode 1)
D/AudioHardware(   81): AudioHardware pcm playback is going to standby.
D/AudioHardware(   81): closePcmOut_l() mPcmOpenCnt: 1
D/AudioHardware(   81): AudioHardware pcm playback is exiting standby.
D/AudioHardware(   81): openPcmOut_l() mPcmOpenCnt: 0
W/Netd    (   75): No subsystem found in netlink event
D/NetlinkEvent(   75): Unexpected netlink message. type=0x11
I/BarnacleService( 1018): Process exited with status: 0
I/System  ( 1018): Failed to destroy process 1070
I/System  ( 1018): libcore.io.ErrnoException: kill failed: ESRCH (No such process)
I/System  ( 1018): 	at libcore.io.Posix.kill(Native Method)
I/System  ( 1018): 	at libcore.io.ForwardingOs.kill(ForwardingOs.java:77)
I/System  ( 1018): 	at java.lang.ProcessManager$ProcessImpl.destroy(ProcessManager.java:257)
I/System  ( 1018): 	at net.szym.barnacle.BarnacleService.stopProcess(BarnacleService.java:584)
I/System  ( 1018): 	at net.szym.barnacle.BarnacleService.handle(BarnacleService.java:364)
I/System  ( 1018): 	at net.szym.barnacle.BarnacleService.access$1(BarnacleService.java:211)
I/System  ( 1018): 	at net.szym.barnacle.BarnacleService$2.handleMessage(BarnacleService.java:208)
I/System  ( 1018): 	at android.os.Handler.dispatchMessage(Handler.java:99)
I/System  ( 1018): 	at android.os.Looper.loop(Looper.java:137)
I/System  ( 1018): 	at android.app.ActivityThread.main(ActivityThread.java:4424)
I/System  ( 1018): 	at java.lang.reflect.Method.invokeNative(Native Method)
I/System  ( 1018): 	at java.lang.reflect.Method.invoke(Method.java:511)
I/System  ( 1018): 	at com.android.internal.os.ZygoteInit$MethodAndArgsCaller.run(ZygoteInit.java:784)
I/System  ( 1018): 	at com.android.internal.os.ZygoteInit.main(ZygoteInit.java:551)
I/System  ( 1018): 	at dalvik.system.NativeStart.main(Native Method)
I/BarnacleService( 1018): log: Stopped
W/myBarnacleApp( 1018): processStopped
D/dalvikvm(  218): GC_CONCURRENT freed 412K, 8% free 9856K/10695K, paused 2ms+2ms
W/myBarnacleApp( 1018): processStopped
D/dalvikvm(  218): GC_FOR_ALLOC freed 486K, 10% free 9668K/10695K, paused 31ms
D/AudioHardware(   81): AudioHardware pcm playback is going to standby.
D/AudioHardware(   81): closePcmOut_l() mPcmOpenCnt: 1
D/PhoneStatusBar(  218): disable: < EXPAND* icons alerts ticker system_info back home recent clock >
D/AudioHardware(   81): AudioHardware pcm playback is exiting standby.
D/AudioHardware(   81): openPcmOut_l() mPcmOpenCnt: 0
D/BluetoothAdapterStateMachine(  148): HotOff process message: 55
D/BluetoothEventLoop(  148): Property Changed: UUIDs : 9
E/BluetoothService.cpp(  148): setBluetoothTetheringNative false
D/BluetoothEventLoop(  148): Property Changed: UUIDs : 8
D/BluetoothEventLoop(  148): Property Changed: UUIDs : 7
D/BluetoothEventLoop(  148): Property Changed: UUIDs : 6
D/BluetoothEventLoop(  148): Property Changed: UUIDs : 5
I/NfcService(  327): Disabling NFC
I/bluedroid(  148): Stopping bluetoothd deamon
W/InputManagerService(  148): Window already focused, ignoring focus gain of: com.android.internal.view.IInputMethodClient$Stub$Proxy@415c8d78
V/PhoneStatusBar(  218): setLightsOn(true)
D/PhoneStatusBar(  218): disable: < expand* icons alerts ticker system_info back home recent clock >
D/NdefPushServer(  327): stop, thread = Thread[Thread-36,5,main]
D/NdefPushServer(  327): shuting down server thread
D/NFC JNI (  327): Terminating client thread...
D/dalvikvm(  456): GC_CONCURRENT freed 414K, 7% free 10049K/10759K, paused 6ms+10ms
D/dalvikvm( 1285): GC_CONCURRENT freed 397K, 7% free 10045K/10695K, paused 4ms+4ms
D/NFC JNI (  327): phLibNfc_Mgt_UnConfigureDriver() returned 0x0000[NFCSTATUS_SUCCESS]
I/bluedroid(  148): Stopping hciattach deamon
D/BluetoothAdapterStateMachine(  148): Bluetooth state 10 -> 10
D/AudioHardware(   81): AudioHardware pcm playback is going to standby.
D/AudioHardware(   81): closePcmOut_l() mPcmOpenCnt: 1
D/ConnectivityService(  148): ConnectivityChange for mobile: DISCONNECTED/DISCONNECTED
D/ConnectivityService(  148): Attempting to switch to WIFI
D/ConnectivityService(  148): Attempting to switch to BLUETOOTH_TETHER
D/NetUtils(  148): android_net_utils_resetConnections in env=0x17c9bc8 clazz=0x6cb00001 iface=rmnet0 mask=0x3
D/ConnectivityService(  148): resetConnections(rmnet0, 3)
D/dalvikvm(  218): GC_CONCURRENT freed 416K, 10% free 9641K/10695K, paused 1ms+21ms
E/GTalkService(  456): connectionClosed: no XMPPConnection - That's strange!
D/ConnectivityService(  148): handleInetConditionChange: no active default network - ignore
D/Tethering(  148): MasterInitialState.processMessage what=3
I/MediaUploader(  946): No need to wake up
D/PicasaSyncManager(  962): active network: null
D/PicasaSyncManager(  962): background data: true
D/dalvikvm(  313): GC_CONCURRENT freed 426K, 6% free 9499K/10055K, paused 10ms+2ms
D/NetworkLocator(  456): null cell state delivered
D/NetworkLocator(  456): null cell state delivered
I/power   (  148): *** set_screen_state 0
D/SurfaceFlinger(   78): About to give-up screen, flinger = 0x556918
D/dalvikvm(  148): GC_FOR_ALLOC freed 915K, 11% free 13628K/15239K, paused 44ms
D/dalvikvm(  148): GC_CONCURRENT freed 833K, 15% free 13071K/15239K, paused 2ms+5ms
V/TransportControlView(  148): Create TCV com.android.internal.widget.TransportControlView@4173e350
D/PhoneStatusBar(  218): disable: < expand icons alerts ticker system_info back home RECENT* clock >
D/PhoneStatusBar(  218): disable: < expand icons alerts ticker system_info BACK* HOME* RECENT CLOCK* >
I/power   (  148): *** set_screen_state 1
D/PicasaSyncManager(  962): battery info: false
I/WindowManager(  148): Lock screen displayed!
D/SurfaceFlinger(   78): Screen about to return, flinger = 0x556918
I/power   (  148): *** set_screen_state 0
D/SurfaceFlinger(   78): About to give-up screen, flinger = 0x556918
V/TransportControlView(  148): Create TCV com.android.internal.widget.TransportControlView@41527aa8
D/dalvikvm(  148): GC_CONCURRENT freed 508K, 12% free 13540K/15239K, paused 3ms+6ms
I/EventLogService(  456): Aggregate from 1333751601557 (log), 1333751601557 (data)
I/ServiceDumpSys(  456): dumping service [account]
D/dalvikvm(  456): GC_EXPLICIT freed 220K, 8% free 9978K/10759K, paused 2ms+3ms
D/dalvikvm(  148): GC_EXPLICIT freed 575K, 12% free 13515K/15239K, paused 5ms+5ms
I/EventLogService(  456): Aggregate from 1333753401664 (log), 1333753401664 (data)
I/ServiceDumpSys(  456): dumping service [account]
I/SystemUpdateService(  456): download in progress: [id: 12 compl: false succ: false bytes: 0 reason: 0 fn: null]
I/SystemUpdateService(  456): download took too long; will cancel and retry
V/SystemUpdateService(  456): retry (wakeup: true) in 89859 ms
V/SystemUpdateService(  456): onPostExecute: false
I/SystemUpdateService(  456): starting download of http://android.clients.google.com/packages/ota/google_crespo/hR7QFEtn.zip
V/SystemUpdateService(  456): retry (wakeup: true) in 21599997 ms
I/SystemUpdate.Download(  456): Started a new update download: http://android.clients.google.com/packages/ota/google_crespo/hR7QFEtn.zip (id 13; allowMobile=false)
V/SystemUpdateService(  456): onPostExecute: false
I/DownloadManager(  265): Initiating request for download 13
W/DownloadManager(  265): Aborting request for download 13: no network connection available
I/EventLogService(  456): Aggregate from 1333755201846 (log), 1333755201846 (data)
I/ServiceDumpSys(  456): dumping service [account]
I/EventLogService(  456): Aggregate from 1333757001975 (log), 1333757001975 (data)
D/dalvikvm(  456): GC_FOR_ALLOC freed 343K, 8% free 9990K/10759K, paused 17ms
I/ServiceDumpSys(  456): dumping service [account]
D/dalvikvm(  148): GC_CONCURRENT freed 989K, 12% free 13548K/15239K, paused 3ms+5ms
I/EventLogService(  456): Aggregate from 1333758802098 (log), 1333758802098 (data)
I/ServiceDumpSys(  456): dumping service [account]
I/EventLogService(  456): Aggregate from 1333760602231 (log), 1333760602231 (data)
I/ServiceDumpSys(  456): dumping service [account]
I/EventLogService(  456): Aggregate from 1333762402342 (log), 1333762402342 (data)
I/ServiceDumpSys(  456): dumping service [account]
D/dalvikvm(  148): GC_CONCURRENT freed 1018K, 12% free 13548K/15239K, paused 5ms+5ms
I/EventLogService(  456): Aggregate from 1333764202446 (log), 1333764202446 (data)
I/ServiceDumpSys(  456): dumping service [account]
I/EventLogService(  456): Aggregate from 1333766002556 (log), 1333766002556 (data)
D/dalvikvm(  456): GC_FOR_ALLOC freed 353K, 8% free 9989K/10759K, paused 20ms
I/ServiceDumpSys(  456): dumping service [account]
I/EventLogService(  456): Aggregate from 1333767802657 (log), 1333767802657 (data)
I/ServiceDumpSys(  456): dumping service [account]
D/AlarmManagerService(  148): Kernel timezone updated to 240 minutes west of GMT
I/ActivityManager(  148): Start proc com.google.android.inputmethod.latin.dictionarypack for broadcast com.google.android.inputmethod.latin.dictionarypack/.UpdateHandler: pid=2250 uid=10027 gids={3003, 1015}
I/ActivityThread( 2250): Pub com.android.inputmethod.latin.dictionarypack: com.google.android.inputmethod.latin.dictionarypack.DictionaryProvider
D/dalvikvm(  148): GC_CONCURRENT freed 1099K, 12% free 13560K/15239K, paused 16ms+10ms
I/EventLogService(  456): Aggregate from 1333769602823 (log), 1333769602823 (data)
I/ServiceDumpSys(  456): dumping service [account]
D/dalvikvm(  218): GC_CONCURRENT freed 365K, 10% free 9662K/10695K, paused 2ms+3ms
I/EventLogService(  456): Aggregate from 1333771402946 (log), 1333771402946 (data)
I/ServiceDumpSys(  456): dumping service [account]
I/EventLogService(  456): Aggregate from 1333773203075 (log), 1333773203075 (data)
I/ServiceDumpSys(  456): dumping service [account]
D/dalvikvm(  148): GC_CONCURRENT freed 1086K, 12% free 13561K/15239K, paused 2ms+6ms
I/EventLogService(  456): Aggregate from 1333775003216 (log), 1333775003216 (data)
D/dalvikvm(  456): GC_FOR_ALLOC freed 355K, 8% free 9989K/10759K, paused 20ms
I/ServiceDumpSys(  456): dumping service [account]
I/SystemUpdateService(  456): download in progress: [id: 13 compl: false succ: false bytes: 0 reason: 0 fn: null]
I/SystemUpdateService(  456): download took too long; will cancel and retry
V/SystemUpdateService(  456): retry (wakeup: true) in 149899 ms
V/SystemUpdateService(  456): onPostExecute: false
I/SystemUpdateService(  456): starting download of http://android.clients.google.com/packages/ota/google_crespo/hR7QFEtn.zip
V/SystemUpdateService(  456): retry (wakeup: true) in 21599998 ms
I/SystemUpdate.Download(  456): Started a new update download: http://android.clients.google.com/packages/ota/google_crespo/hR7QFEtn.zip (id 14; allowMobile=false)
V/SystemUpdateService(  456): onPostExecute: false
I/DownloadManager(  265): Initiating request for download 14
W/DownloadManager(  265): Aborting request for download 14: no network connection available
I/EventLogService(  456): Aggregate from 1333776803341 (log), 1333776803341 (data)
I/ServiceDumpSys(  456): dumping service [account]
I/EventLogService(  456): Aggregate from 1333778603497 (log), 1333778603497 (data)
D/dalvikvm(  456): GC_FOR_ALLOC freed 350K, 8% free 9990K/10759K, paused 17ms
I/ServiceDumpSys(  456): dumping service [account]
D/dalvikvm(  148): GC_CONCURRENT freed 1117K, 11% free 13580K/15239K, paused 3ms+9ms
I/EventLogService(  456): Aggregate from 1333780403615 (log), 1333780403615 (data)
I/ServiceDumpSys(  456): dumping service [account]
I/EventLogService(  456): Aggregate from 1333782203709 (log), 1333782203709 (data)
I/ServiceDumpSys(  456): dumping service [account]
I/DownloadManager(  265): Initiating request for download 15
W/DownloadManager(  265): Aborting request for download 15: no network connection available
D/dalvikvm(  265): GC_CONCURRENT freed 348K, 5% free 9320K/9799K, paused 3ms+7ms
I/EventLogService(  456): Aggregate from 1333784003864 (log), 1333784003864 (data)
I/ServiceDumpSys(  456): dumping service [account]
D/dalvikvm(  148): GC_CONCURRENT freed 1052K, 11% free 13571K/15239K, paused 2ms+5ms
I/EventLogService(  456): Aggregate from 1333785803998 (log), 1333785803998 (data)
I/ServiceDumpSys(  456): dumping service [account]
D/dalvikvm(  148): JIT code cache reset in 4 ms (1048516 bytes 2/0)
D/dalvikvm(  148): GC_EXPLICIT freed 410K, 12% free 13541K/15239K, paused 2ms+9ms
I/EventLogService(  456): Aggregate from 1333787604104 (log), 1333787604104 (data)
D/dalvikvm(  456): GC_FOR_ALLOC freed 365K, 8% free 9990K/10759K, paused 20ms
I/ServiceDumpSys(  456): dumping service [account]
I/EventLogService(  456): Aggregate from 1333789404318 (log), 1333789404318 (data)
I/ServiceDumpSys(  456): dumping service [account]
I/EventLogService(  456): Aggregate from 1333791204480 (log), 1333791204480 (data)
I/ServiceDumpSys(  456): dumping service [account]
D/dalvikvm(  218): GC_CONCURRENT freed 383K, 10% free 9664K/10695K, paused 2ms+3ms
D/dalvikvm(  148): GC_CONCURRENT freed 986K, 11% free 13578K/15239K, paused 3ms+4ms
I/EventLogService(  456): Aggregate from 1333793004596 (log), 1333793004596 (data)
I/ServiceDumpSys(  456): dumping service [account]
I/EventLogService(  456): Aggregate from 1333794804774 (log), 1333794804774 (data)
I/ServiceDumpSys(  456): dumping service [account]
I/EventLogService(  456): Aggregate from 1333796604911 (log), 1333796604911 (data)
D/dalvikvm(  456): GC_FOR_ALLOC freed 370K, 8% free 9988K/10759K, paused 18ms
I/ServiceDumpSys(  456): dumping service [account]
I/SystemUpdateService(  456): download in progress: [id: 14 compl: false succ: false bytes: 0 reason: 0 fn: null]
I/SystemUpdateService(  456): download took too long; will cancel and retry
V/SystemUpdateService(  456): retry (wakeup: true) in 209842 ms
V/SystemUpdateService(  456): onPostExecute: false
I/SystemUpdateService(  456): starting download of http://android.clients.google.com/packages/ota/google_crespo/hR7QFEtn.zip
V/SystemUpdateService(  456): retry (wakeup: true) in 21599997 ms
I/SystemUpdate.Download(  456): Started a new update download: http://android.clients.google.com/packages/ota/google_crespo/hR7QFEtn.zip (id 16; allowMobile=false)
V/SystemUpdateService(  456): onPostExecute: false
I/DownloadManager(  265): Initiating request for download 16
W/DownloadManager(  265): Aborting request for download 16: no network connection available
D/dalvikvm(  148): GC_CONCURRENT freed 1024K, 11% free 13582K/15239K, paused 2ms+5ms
I/EventLogService(  456): Aggregate from 1333798405042 (log), 1333798405042 (data)
I/ServiceDumpSys(  456): dumping service [account]
I/EventLogService(  456): Aggregate from 1333800205200 (log), 1333800205200 (data)
D/dalvikvm(  456): GC_FOR_ALLOC freed 351K, 8% free 9989K/10759K, paused 17ms
I/ServiceDumpSys(  456): dumping service [account]
I/EventLogService(  456): Aggregate from 1333802005320 (log), 1333802005320 (data)
I/ServiceDumpSys(  456): dumping service [account]
D/dalvikvm(  148): GC_CONCURRENT freed 1094K, 11% free 13583K/15239K, paused 2ms+9ms
I/EventLogService(  456): Aggregate from 1333803805455 (log), 1333803805455 (data)
I/ServiceDumpSys(  456): dumping service [account]
I/EventLogService(  456): Aggregate from 1333805605568 (log), 1333805605568 (data)
I/ServiceDumpSys(  456): dumping service [account]
I/EventLogService(  456): Aggregate from 1333807405682 (log), 1333807405682 (data)
I/ServiceDumpSys(  456): dumping service [account]
D/dalvikvm(  148): GC_CONCURRENT freed 1029K, 11% free 13582K/15239K, paused 3ms+5ms
I/EventLogService(  456): Aggregate from 1333809205771 (log), 1333809205771 (data)
D/dalvikvm(  456): GC_FOR_ALLOC freed 376K, 8% free 9989K/10759K, paused 17ms
I/ServiceDumpSys(  456): dumping service [account]
I/EventLogService(  456): Aggregate from 1333811005924 (log), 1333811005924 (data)
I/ServiceDumpSys(  456): dumping service [account]
D/Finsky  (  848): [1] UpdateCheckReceiver.updateCheckIfNecessary: Force checking for available updates.
D/Finsky  (  848): [1] UpdatesAvailableReceiver.onReceive: Received updates available notification
E/Finsky  (  848): [1] UpdatesAvailableReceiver.onReceive: Could not set up current account / dfe api when receiving an updates available broadcast.
I/EventLogService(  456): Aggregate from 1333812806084 (log), 1333812806084 (data)
I/ServiceDumpSys(  456): dumping service [account]
D/dalvikvm(  148): GC_CONCURRENT freed 1048K, 11% free 13589K/15239K, paused 2ms+5ms
I/EventLogService(  456): Aggregate from 1333814606210 (log), 1333814606210 (data)
I/ServiceDumpSys(  456): dumping service [account]
D/dalvikvm(  218): GC_CONCURRENT freed 386K, 10% free 9664K/10695K, paused 1ms+3ms
I/EventLogService(  456): Aggregate from 1333816406330 (log), 1333816406330 (data)
I/ServiceDumpSys(  456): dumping service [account]
I/EventLogService(  456): Aggregate from 1333818206458 (log), 1333818206458 (data)
D/dalvikvm(  456): GC_FOR_ALLOC freed 381K, 8% free 9989K/10759K, paused 17ms
I/ServiceDumpSys(  456): dumping service [account]
I/SystemUpdateService(  456): download in progress: [id: 16 compl: false succ: false bytes: 0 reason: 0 fn: null]
I/SystemUpdateService(  456): download took too long; will cancel and retry
D/dalvikvm(  265): GC_EXPLICIT freed 263K, 6% free 9241K/9799K, paused 2ms+3ms
V/SystemUpdateService(  456): retry (wakeup: true) in 269893 ms
V/SystemUpdateService(  456): onPostExecute: false
I/SystemUpdateService(  456): starting download of http://android.clients.google.com/packages/ota/google_crespo/hR7QFEtn.zip
V/SystemUpdateService(  456): retry (wakeup: true) in 21599997 ms
D/dalvikvm(  456): GC_EXPLICIT freed 228K, 8% free 9988K/10759K, paused 1ms+2ms
I/SystemUpdate.Download(  456): Started a new update download: http://android.clients.google.com/packages/ota/google_crespo/hR7QFEtn.zip (id 17; allowMobile=false)
V/SystemUpdateService(  456): onPostExecute: false
I/DownloadManager(  265): Initiating request for download 17
W/DownloadManager(  265): Aborting request for download 17: no network connection available
D/dalvikvm(  148): GC_CONCURRENT freed 1065K, 11% free 13597K/15239K, paused 2ms+5ms
I/EventLogService(  456): Aggregate from 1333820006583 (log), 1333820006583 (data)
I/ServiceDumpSys(  456): dumping service [account]
I/EventLogService(  456): Aggregate from 1333821806771 (log), 1333821806771 (data)
I/ServiceDumpSys(  456): dumping service [account]
I/EventLogService(  456): Aggregate from 1333823606909 (log), 1333823606909 (data)
I/ServiceDumpSys(  456): dumping service [account]
D/dalvikvm(  148): GC_CONCURRENT freed 1112K, 11% free 13589K/15239K, paused 3ms+9ms
I/EventLogService(  456): Aggregate from 1333825407032 (log), 1333825407032 (data)
I/ServiceDumpSys(  456): dumping service [account]
D/dalvikvm(  148): GC_EXPLICIT freed 404K, 12% free 13561K/15239K, paused 10ms+5ms
I/EventLogService(  456): Aggregate from 1333827208028 (log), 1333827208028 (data)
I/ServiceDumpSys(  456): dumping service [account]
D/dalvikvm(  456): GC_CONCURRENT freed 391K, 8% free 9992K/10759K, paused 2ms+3ms
I/EventLogService(  456): Aggregate from 1333829008204 (log), 1333829008204 (data)
I/ServiceDumpSys(  456): dumping service [account]
I/EventLogService(  456): Aggregate from 1333830808341 (log), 1333830808341 (data)
I/ServiceDumpSys(  456): dumping service [account]
D/dalvikvm(  148): GC_CONCURRENT freed 1005K, 11% free 13603K/15239K, paused 2ms+5ms
I/EventLogService(  456): Aggregate from 1333832608459 (log), 1333832608459 (data)
I/ServiceDumpSys(  456): dumping service [account]
I/EventLogService(  456): Aggregate from 1333834408563 (log), 1333834408563 (data)
I/ServiceDumpSys(  456): dumping service [account]
I/EventLogService(  456): Aggregate from 1333836208659 (log), 1333836208659 (data)
D/dalvikvm(  456): GC_CONCURRENT freed 393K, 8% free 9988K/10759K, paused 2ms+6ms
I/ServiceDumpSys(  456): dumping service [account]
D/dalvikvm(  148): GC_CONCURRENT freed 1038K, 11% free 13601K/15239K, paused 2ms+5ms
I/EventLogService(  456): Aggregate from 1333838008737 (log), 1333838008737 (data)
I/ServiceDumpSys(  456): dumping service [account]
D/dalvikvm(  218): GC_CONCURRENT freed 383K, 10% free 9665K/10695K, paused 2ms+2ms
I/EventLogService(  456): Aggregate from 1333839808878 (log), 1333839808878 (data)
I/ServiceDumpSys(  456): dumping service [account]
I/SystemUpdateService(  456): download in progress: [id: 17 compl: false succ: false bytes: 0 reason: 0 fn: null]
I/SystemUpdateService(  456): download took too long; will cancel and retry
V/SystemUpdateService(  456): retry (wakeup: true) in 329908 ms
V/SystemUpdateService(  456): onPostExecute: false
I/SystemUpdateService(  456): starting download of http://android.clients.google.com/packages/ota/google_crespo/hR7QFEtn.zip
V/SystemUpdateService(  456): retry (wakeup: true) in 21599997 ms
I/SystemUpdate.Download(  456): Started a new update download: http://android.clients.google.com/packages/ota/google_crespo/hR7QFEtn.zip (id 18; allowMobile=false)
D/dalvikvm(  456): GC_FOR_ALLOC freed 361K, 8% free 9993K/10759K, paused 18ms
V/SystemUpdateService(  456): onPostExecute: false
I/DownloadManager(  265): Initiating request for download 18
W/DownloadManager(  265): Aborting request for download 18: no network connection available
I/EventLogService(  456): Aggregate from 1333841608990 (log), 1333841608990 (data)
I/ServiceDumpSys(  456): dumping service [account]
D/dalvikvm(  148): GC_CONCURRENT freed 1136K, 11% free 13612K/15239K, paused 17ms+10ms
I/EventLogService(  456): Aggregate from 1333843409111 (log), 1333843409111 (data)
I/ServiceDumpSys(  456): dumping service [account]
I/EventLogService(  456): Aggregate from 1333845209216 (log), 1333845209216 (data)
I/ServiceDumpSys(  456): dumping service [account]
I/EventLogService(  456): Aggregate from 1333847009330 (log), 1333847009330 (data)
I/ServiceDumpSys(  456): dumping service [account]
D/dalvikvm(  148): GC_CONCURRENT freed 1030K, 11% free 13615K/15239K, paused 2ms+8ms
I/EventLogService(  456): Aggregate from 1333848809439 (log), 1333848809439 (data)
I/ServiceDumpSys(  456): dumping service [account]
D/dalvikvm(  456): GC_CONCURRENT freed 400K, 8% free 9990K/10759K, paused 2ms+3ms
I/EventLogService(  456): Aggregate from 1333850609575 (log), 1333850609575 (data)
I/ServiceDumpSys(  456): dumping service [account]
I/EventLogService(  456): Aggregate from 1333852409732 (log), 1333852409732 (data)
I/ServiceDumpSys(  456): dumping service [account]
D/dalvikvm(  148): GC_CONCURRENT freed 1047K, 11% free 13612K/15239K, paused 3ms+6ms
I/EventLogService(  456): Aggregate from 1333854209864 (log), 1333854209864 (data)
I/ServiceDumpSys(  456): dumping service [account]
D/AlarmManagerService(  148): Kernel timezone updated to 240 minutes west of GMT
I/EventLogService(  456): Aggregate from 1333856009986 (log), 1333856009986 (data)
I/ServiceDumpSys(  456): dumping service [account]
I/EventLogService(  456): Aggregate from 1333857810133 (log), 1333857810133 (data)
I/ServiceDumpSys(  456): dumping service [account]
