I/StatusActivity( 1161): 1333728501691: .......... GPS onLocationChanged ...... 
I/VCoreDaemon( 1161): 1333728501692: Loc = Location[mProvider=gps,mTime=1333814902000,mLatitude=42.36470898937969,mLongitude=-71.10220787718488,mHasAltitude=true,mAltitude=-29.0,mHasSpeed=true,mSpeed=0.0,mHasBearing=true,mBearing=102.699585,mHasAccuracy=true,mAccuracy=15.0,mExtras=Bundle[mParcelledData.dataSize=4]] Previous Region = (4,0)
I/VCoreDaemon( 1161): 1333728501692: GPS x/long:-71.10220787718488, GPS y/lat: 42.36470898937969. Region width in x: 51.96152422706632
I/VCoreDaemon( 1161): 1333728501692: location PINPOINTS to region = 4.0, previous 4
I/VCoreDaemon( 1161): 1333728501693: stay at region 4
W/Smack/Packet(  456): notify conn break (IOEx), close connection
D/ConnectivityService(  148): handleInetConditionHoldEnd: net=0, condition=100, published condition=0
I/VCoreDaemon( 1161): 1333728504197: inside sendPacket(Packet p)
I/NetworkThread( 1161): 1333728504206: Sending UDP payload: 406
I/StatusActivity( 1161): 1333728505663: .......... GPS onLocationChanged ...... 
I/VCoreDaemon( 1161): 1333728505664: Loc = Location[mProvider=gps,mTime=1333814906000,mLatitude=42.36470538709071,mLongitude=-71.10219673302608,mHasAltitude=true,mAltitude=-30.0,mHasSpeed=true,mSpeed=0.0,mHasBearing=true,mBearing=73.0546,mHasAccuracy=true,mAccuracy=10.0,mExtras=Bundle[mParcelledData.dataSize=4]] Previous Region = (4,0)
I/VCoreDaemon( 1161): 1333728505664: GPS x/long:-71.10219673302608, GPS y/lat: 42.36470538709071. Region width in x: 51.96152422706632
I/VCoreDaemon( 1161): 1333728505665: location PINPOINTS to region = 4.0, previous 4
I/VCoreDaemon( 1161): 1333728505665: stay at region 4
D/ConnectivityService(  148): handleInetConditionHoldEnd: net=0, condition=0, published condition=100
W/NetworkStats(  148): dropping UID delta from unknown iface: iface=wlan0 uid=10067 set=FOREGROUND tag=0x0 rxBytes=8289 rxPackets=8 txBytes=7855 txPackets=7 operations=0
I/VCoreDaemon( 1161): 1333728509198: inside sendPacket(Packet p)
I/NetworkThread( 1161): 1333728509214: Sending UDP payload: 406
I/NetworkThread( 1161): 1333728511185: Received UDP payload: 406
I/VCoreDaemon( 1161): 1333728514199: inside sendPacket(Packet p)
I/NetworkThread( 1161): 1333728514201: Sending UDP payload: 406
D/dalvikvm( 1285): GC_CONCURRENT freed 329K, 8% free 9925K/10695K, paused 15ms+3ms
I/NetworkThread( 1161): 1333728516210: Received UDP payload: 406
D/dalvikvm(  148): GC_CONCURRENT freed 787K, 14% free 12770K/14727K, paused 17ms+6ms
I/StatusActivity( 1161): 1333728518124: canPressButton = TRUE
I/StatusActivity( 1161): 1333728518125: areButtonsEnabled --> false 
I/StatusActivity( 1161): 1333728518125: get picture disableButtonsR
I/StatusActivity( 1161): 1333728518125: areButtonsEnabled --> false
D/AudioHardware(   81): AudioHardware pcm playback is exiting standby.
D/AudioHardware(   81): openPcmOut_l() mPcmOpenCnt: 0
I/StatusActivity( 1161): 1333728518172: takeNum=11 takeCamGood=11 takeGoodSave=11 takeBad=0 takeTimedout=0 getNum=4 getGood=1 getBad=0 getTimedout=2
I/StatusActivity( 1161): 1333728518173: ** Clicked getphotos Button from region 5 **
I/StatusActivity( 1161): 1333728518173: I'm the Client, and I'm in region: 4 nodID = 5116
I/StatusActivity( 1161): 1333728518175: I'm a leader, my requesting photos packet going to mux directly
I/Mux     ( 1161): 1333728518175: Inside mux Packet.CLIENT_REQUEST
I/Mux     ( 1161): 1333728518175: I'm the leader of requesting client, about to process Packet.CLIENT_REQUEST in userApp
I/UserApp ( 1161): 1333728518175: UserApp handling MY region's client request, will send atom packet to REMOTE region's handleDSMRequest
I/UserApp ( 1161): 1333728518176: request is CLIENT_DOWNLOAD_PHOTO, figure out where (remote region) to forward packet
I/UserApp ( 1161): 1333728518177: Sending to region: 5
I/VCoreDaemon( 1161): 1333728518177: Sending PROC_REQUEST 11:0 (4,0)->(5,0)
I/VCoreDaemon( 1161): 1333728518178: Dispatching Atom PROC_REQUEST 11:0 (4,0)->(5,0)
I/Mux     ( 1161): 1333728518178: I got a CSM packet at a leader 
I/NetworkThread( 1161): 1333728518179: Sending UDP payload: 949
I/VCoreDaemon( 1161): 1333728518180: nonce 83 heard from src region (4,0)
I/StatusActivity( 1161): 1333728518181: StatusActivity sent request to get photos for region 5
I/VCoreDaemon( 1161): 1333728518944: Retrying PROC_REQUEST 11:0 (4,0)->(5,0)
I/VCoreDaemon( 1161): 1333728518947: Dispatching Atom PROC_REQUEST 11:0 (4,0)->(5,0)
I/Mux     ( 1161): 1333728518948: I got a CSM packet at a leader 
I/NetworkThread( 1161): 1333728518949: Sending UDP payload: 949
I/VCoreDaemon( 1161): 1333728518950: nonce 84 heard from src region (4,0)
I/VCoreDaemon( 1161): 1333728519051: Retrying PROC_REQUEST 11:0 (4,0)->(5,0)
I/VCoreDaemon( 1161): 1333728519052: Dispatching Atom PROC_REQUEST 11:0 (4,0)->(5,0)
I/Mux     ( 1161): 1333728519052: I got a CSM packet at a leader 
I/NetworkThread( 1161): 1333728519054: Sending UDP payload: 949
I/VCoreDaemon( 1161): 1333728519055: nonce 85 heard from src region (4,0)
I/VCoreDaemon( 1161): 1333728519153: Retrying PROC_REQUEST 11:0 (4,0)->(5,0)
I/VCoreDaemon( 1161): 1333728519154: Dispatching Atom PROC_REQUEST 11:0 (4,0)->(5,0)
I/Mux     ( 1161): 1333728519154: I got a CSM packet at a leader 
I/NetworkThread( 1161): 1333728519156: Sending UDP payload: 949
I/VCoreDaemon( 1161): 1333728519158: nonce 86 heard from src region (4,0)
I/VCoreDaemon( 1161): 1333728519200: inside sendPacket(Packet p)
I/NetworkThread( 1161): 1333728519201: Sending UDP payload: 406
I/VCoreDaemon( 1161): 1333728519255: Retrying PROC_REQUEST 11:0 (4,0)->(5,0)
I/VCoreDaemon( 1161): 1333728519255: Dispatching Atom PROC_REQUEST 11:0 (4,0)->(5,0)
I/Mux     ( 1161): 1333728519256: I got a CSM packet at a leader 
I/NetworkThread( 1161): 1333728519257: Sending UDP payload: 949
I/VCoreDaemon( 1161): 1333728519258: nonce 87 heard from src region (4,0)
I/VCoreDaemon( 1161): 1333728519357: Retrying PROC_REQUEST 11:0 (4,0)->(5,0)
I/VCoreDaemon( 1161): 1333728519358: Dispatching Atom PROC_REQUEST 11:0 (4,0)->(5,0)
I/Mux     ( 1161): 1333728519359: I got a CSM packet at a leader 
I/NetworkThread( 1161): 1333728519368: Sending UDP payload: 949
I/VCoreDaemon( 1161): 1333728519378: nonce 88 heard from src region (4,0)
I/VCoreDaemon( 1161): 1333728519459: Retrying PROC_REQUEST 11:0 (4,0)->(5,0)
I/VCoreDaemon( 1161): 1333728519460: Dispatching Atom PROC_REQUEST 11:0 (4,0)->(5,0)
I/Mux     ( 1161): 1333728519469: I got a CSM packet at a leader 
I/NetworkThread( 1161): 1333728519470: Sending UDP payload: 949
I/VCoreDaemon( 1161): 1333728519477: nonce 89 heard from src region (4,0)
D/dalvikvm( 1161): GC_CONCURRENT freed 421K, 22% free 10653K/13639K, paused 5ms+3ms
I/VCoreDaemon( 1161): 1333728519561: Retrying PROC_REQUEST 11:0 (4,0)->(5,0)
I/VCoreDaemon( 1161): 1333728519572: Dispatching Atom PROC_REQUEST 11:0 (4,0)->(5,0)
I/Mux     ( 1161): 1333728519573: I got a CSM packet at a leader 
I/NetworkThread( 1161): 1333728519574: Sending UDP payload: 949
I/VCoreDaemon( 1161): 1333728519579: nonce 90 heard from src region (4,0)
I/VCoreDaemon( 1161): 1333728519673: Retrying PROC_REQUEST 11:0 (4,0)->(5,0)
I/VCoreDaemon( 1161): 1333728519674: Dispatching Atom PROC_REQUEST 11:0 (4,0)->(5,0)
I/Mux     ( 1161): 1333728519674: I got a CSM packet at a leader 
I/NetworkThread( 1161): 1333728519675: Sending UDP payload: 949
I/VCoreDaemon( 1161): 1333728519676: nonce 91 heard from src region (4,0)
I/VCoreDaemon( 1161): 1333728519775: Retrying PROC_REQUEST 11:0 (4,0)->(5,0)
I/VCoreDaemon( 1161): 1333728519775: Dispatching Atom PROC_REQUEST 11:0 (4,0)->(5,0)
I/Mux     ( 1161): 1333728519776: I got a CSM packet at a leader 
I/NetworkThread( 1161): 1333728519778: Sending UDP payload: 949
I/VCoreDaemon( 1161): 1333728519779: nonce 92 heard from src region (4,0)
I/VCoreDaemon( 1161): 1333728519877: Retrying PROC_REQUEST 11:0 (4,0)->(5,0)
I/VCoreDaemon( 1161): 1333728519877: Dispatching Atom PROC_REQUEST 11:0 (4,0)->(5,0)
I/Mux     ( 1161): 1333728519878: I got a CSM packet at a leader 
I/NetworkThread( 1161): 1333728519879: Sending UDP payload: 949
I/VCoreDaemon( 1161): 1333728519881: nonce 93 heard from src region (4,0)
I/VCoreDaemon( 1161): 1333728519978: Retrying PROC_REQUEST 11:0 (4,0)->(5,0)
I/VCoreDaemon( 1161): 1333728519979: Dispatching Atom PROC_REQUEST 11:0 (4,0)->(5,0)
I/Mux     ( 1161): 1333728519979: I got a CSM packet at a leader 
I/NetworkThread( 1161): 1333728519980: Sending UDP payload: 949
I/VCoreDaemon( 1161): 1333728519982: nonce 94 heard from src region (4,0)
I/VCoreDaemon( 1161): 1333728520080: Retrying PROC_REQUEST 11:0 (4,0)->(5,0)
I/VCoreDaemon( 1161): 1333728520081: Dispatching Atom PROC_REQUEST 11:0 (4,0)->(5,0)
I/Mux     ( 1161): 1333728520082: I got a CSM packet at a leader 
I/NetworkThread( 1161): 1333728520085: Sending UDP payload: 949
I/VCoreDaemon( 1161): 1333728520087: nonce 95 heard from src region (4,0)
I/VCoreDaemon( 1161): 1333728520183: Retrying PROC_REQUEST 11:0 (4,0)->(5,0)
I/VCoreDaemon( 1161): 1333728520184: Dispatching Atom PROC_REQUEST 11:0 (4,0)->(5,0)
I/Mux     ( 1161): 1333728520185: I got a CSM packet at a leader 
I/NetworkThread( 1161): 1333728520189: Sending UDP payload: 949
I/VCoreDaemon( 1161): 1333728520191: nonce 96 heard from src region (4,0)
I/VCoreDaemon( 1161): 1333728520290: Request timed out, send failure PROC_REPLY 11:0 (5,0)->(4,0)
I/VCoreDaemon( 1161): 1333728520290: Dispatching Atom PROC_REPLY 11:0 (5,0)->(4,0)
I/Mux     ( 1161): 1333728520291: I got a CSM packet at a leader 
I/NetworkThread( 1161): 1333728520292: Sending UDP payload: 770
I/VCoreDaemon( 1161): 1333728520301: Received PROC_REPLY 11:0 (5,0)->(4,0), handing to UserApp
I/NetworkThread( 1161): 1333728521199: Received UDP payload: 406
D/AudioHardware(   81): AudioHardware pcm playback is going to standby.
D/AudioHardware(   81): closePcmOut_l() mPcmOpenCnt: 1
I/VCoreDaemon( 1161): 1333728524148: leader to cloud hearbeat...
I/VNC:Cloud( 1161): Executing makeRequest: http://hermes5.csail.mit.edu:8212/take/4/0/5116/1333728524148/
I/StatusActivity( 1161): inside buttonsEnableProgressTimeoutR. Perhaps no one is in that region. Try again later!
I/StatusActivity( 1161): Inside _enableButtons
I/StatusActivity( 1161): areButtonsEnabled --> true
I/StatusActivity( 1161): takeNum=11 takeCamGood=11 takeGoodSave=11 takeBad=0 takeTimedout=0 getNum=4 getGood=1 getBad=0 getTimedout=3
W/InputManagerService(  148): Window already focused, ignoring focus gain of: com.android.internal.view.IInputMethodClient$Stub$Proxy@41688c90
I/NetworkThread( 1161): 1333728526214: Received UDP payload: 406
I/VNC:Cloud( 1161): makeRequest Execute HTTP latency: 3311ms
I/VNC:Cloud( 1161): makeRequest() Cloud response length: 93
I/VNC:Cloud( 1161): Request executed: http://hermes5.csail.mit.edu:8212/take/4/0/5116/1333728524148/
I/VCoreDaemon( 1161): 1333728527477: inside sendPacket(Packet p)
I/NetworkThread( 1161): 1333728527486: Sending UDP payload: 406
I/StatusActivity( 1161): 1333728527703: .......... GPS onLocationChanged ...... 
I/VCoreDaemon( 1161): 1333728527704: Loc = Location[mProvider=gps,mTime=1333814928000,mLatitude=42.36472381316625,mLongitude=-71.10220357243207,mHasAltitude=true,mAltitude=-23.0,mHasSpeed=true,mSpeed=0.30519524,mHasBearing=true,mBearing=2.9107094,mHasAccuracy=true,mAccuracy=10.0,mExtras=Bundle[mParcelledData.dataSize=4]] Previous Region = (4,0)
I/VCoreDaemon( 1161): 1333728527704: GPS x/long:-71.10220357243207, GPS y/lat: 42.36472381316625. Region width in x: 51.96152422706632
I/VCoreDaemon( 1161): 1333728527705: location PINPOINTS to region = 4.0, previous 4
I/VCoreDaemon( 1161): 1333728527705: stay at region 4
I/StatusActivity( 1161): 1333728530678: .......... GPS onLocationChanged ...... 
I/VCoreDaemon( 1161): 1333728530679: Loc = Location[mProvider=gps,mTime=1333814931000,mLatitude=42.3647359344709,mLongitude=-71.1021867682381,mHasAltitude=true,mAltitude=-23.0,mHasSpeed=true,mSpeed=0.30078018,mHasBearing=true,mBearing=17.789312,mHasAccuracy=true,mAccuracy=10.0,mExtras=Bundle[mParcelledData.dataSize=4]] Previous Region = (4,0)
I/VCoreDaemon( 1161): 1333728530679: GPS x/long:-71.1021867682381, GPS y/lat: 42.3647359344709. Region width in x: 51.96152422706632
I/VCoreDaemon( 1161): 1333728530679: location PINPOINTS to region = 4.0, previous 4
I/VCoreDaemon( 1161): 1333728530679: stay at region 4
I/StatusActivity( 1161): 1333728531708: .......... GPS onLocationChanged ...... 
I/VCoreDaemon( 1161): 1333728531709: Loc = Location[mProvider=gps,mTime=1333814932000,mLatitude=42.36474528177113,mLongitude=-71.10216987963382,mHasAltitude=true,mAltitude=-26.0,mHasSpeed=true,mSpeed=0.39480996,mHasBearing=true,mBearing=16.615925,mHasAccuracy=true,mAccuracy=10.0,mExtras=Bundle[mParcelledData.dataSize=4]] Previous Region = (4,0)
I/VCoreDaemon( 1161): 1333728531710: GPS x/long:-71.10216987963382, GPS y/lat: 42.36474528177113. Region width in x: 51.96152422706632
I/VCoreDaemon( 1161): 1333728531711: location PINPOINTS to region = 4.0, previous 4
I/VCoreDaemon( 1161): 1333728531711: stay at region 4
I/VCoreDaemon( 1161): 1333728532488: inside sendPacket(Packet p)
I/NetworkThread( 1161): 1333728532494: Sending UDP payload: 406
I/VCoreDaemon( 1161): 1333728537490: inside sendPacket(Packet p)
I/NetworkThread( 1161): 1333728537501: Sending UDP payload: 406
I/StatusActivity( 1161): 1333728539706: .......... GPS onLocationChanged ...... 
I/VCoreDaemon( 1161): 1333728539706: Loc = Location[mProvider=gps,mTime=1333814940000,mLatitude=42.364751859667116,mLongitude=-71.10215988870996,mHasAltitude=true,mAltitude=-23.0,mHasSpeed=true,mSpeed=0.3459141,mHasBearing=true,mBearing=359.03915,mHasAccuracy=true,mAccuracy=15.0,mExtras=Bundle[mParcelledData.dataSize=4]] Previous Region = (4,0)
I/VCoreDaemon( 1161): 1333728539707: GPS x/long:-71.10215988870996, GPS y/lat: 42.364751859667116. Region width in x: 51.96152422706632
I/VCoreDaemon( 1161): 1333728539707: location PINPOINTS to region = 4.0, previous 4
I/VCoreDaemon( 1161): 1333728539707: stay at region 4
D/dalvikvm(  313): GC_CONCURRENT freed 426K, 6% free 9502K/10055K, paused 2ms+3ms
W/NetworkStats(  148): dropping UID delta from unknown iface: iface=wlan0 uid=10067 set=FOREGROUND tag=0x0 rxBytes=18816 rxPackets=25 txBytes=17080 txPackets=21 operations=0
I/VCoreDaemon( 1161): 1333728542491: inside sendPacket(Packet p)
I/NetworkThread( 1161): 1333728542498: Sending UDP payload: 406
D/dalvikvm( 1161): GC_CONCURRENT freed 384K, 22% free 10687K/13639K, paused 3ms+3ms
I/NetworkThread( 1161): 1333728543851: Received UDP payload: 406
I/GTalkService/c(  456): [AndroidEndpoint@1094583184] connect: acct=1000000, state=CONNECTING
I/StatusActivity( 1161): 1333728547403: canPressButton = TRUE
I/StatusActivity( 1161): 1333728547404: areButtonsEnabled --> false 
I/StatusActivity( 1161): 1333728547405: get picture disableButtonsR
I/StatusActivity( 1161): 1333728547405: areButtonsEnabled --> false
D/AudioHardware(   81): AudioHardware pcm playback is exiting standby.
D/AudioHardware(   81): openPcmOut_l() mPcmOpenCnt: 0
I/StatusActivity( 1161): 1333728547443: takeNum=11 takeCamGood=11 takeGoodSave=11 takeBad=0 takeTimedout=0 getNum=5 getGood=1 getBad=0 getTimedout=3
I/StatusActivity( 1161): 1333728547443: ** Clicked getphotos Button from region 2 **
I/StatusActivity( 1161): 1333728547444: I'm the Client, and I'm in region: 4 nodID = 5116
I/StatusActivity( 1161): 1333728547444: I'm a leader, my requesting photos packet going to mux directly
I/Mux     ( 1161): 1333728547445: Inside mux Packet.CLIENT_REQUEST
I/Mux     ( 1161): 1333728547445: I'm the leader of requesting client, about to process Packet.CLIENT_REQUEST in userApp
I/UserApp ( 1161): 1333728547445: UserApp handling MY region's client request, will send atom packet to REMOTE region's handleDSMRequest
I/UserApp ( 1161): 1333728547445: request is CLIENT_DOWNLOAD_PHOTO, figure out where (remote region) to forward packet
I/UserApp ( 1161): 1333728547446: Sending to region: 2
I/VCoreDaemon( 1161): 1333728547446: Sending PROC_REQUEST 11:0 (4,0)->(2,0)
I/VCoreDaemon( 1161): 1333728547456: Dispatching Atom PROC_REQUEST 11:0 (4,0)->(2,0)
I/Mux     ( 1161): 1333728547457: I got a CSM packet at a leader 
I/NetworkThread( 1161): 1333728547458: Sending UDP payload: 949
I/VCoreDaemon( 1161): 1333728547459: nonce 98 heard from src region (4,0)
I/StatusActivity( 1161): 1333728547459: StatusActivity sent request to get photos for region 2
I/VCoreDaemon( 1161): 1333728547493: inside sendPacket(Packet p)
I/NetworkThread( 1161): 1333728547494: Sending UDP payload: 406
I/NetworkThread( 1161): 1333728547508: Received UDP payload: 949
I/Mux     ( 1161): 1333728547523: GOT CSM_Msg
I/VCoreDaemon( 1161): 1333728547524: nonce 98 heard from src region (4,0)
D/ConnectivityService(  148): handleInetConditionHoldEnd: net=0, condition=100, published condition=0
I/VCoreDaemon( 1161): 1333728548207: Retrying PROC_REQUEST 11:0 (4,0)->(2,0)
I/VCoreDaemon( 1161): 1333728548207: Dispatching Atom PROC_REQUEST 11:0 (4,0)->(2,0)
I/Mux     ( 1161): 1333728548207: I got a CSM packet at a leader 
I/NetworkThread( 1161): 1333728548209: Sending UDP payload: 949
I/VCoreDaemon( 1161): 1333728548211: nonce 99 heard from src region (4,0)
I/VCoreDaemon( 1161): 1333728548308: Retrying PROC_REQUEST 11:0 (4,0)->(2,0)
I/VCoreDaemon( 1161): 1333728548308: Dispatching Atom PROC_REQUEST 11:0 (4,0)->(2,0)
I/Mux     ( 1161): 1333728548309: I got a CSM packet at a leader 
I/NetworkThread( 1161): 1333728548311: Sending UDP payload: 949
I/VCoreDaemon( 1161): 1333728548312: nonce 100 heard from src region (4,0)
I/VCoreDaemon( 1161): 1333728548412: Retrying PROC_REQUEST 11:0 (4,0)->(2,0)
I/VCoreDaemon( 1161): 1333728548412: Dispatching Atom PROC_REQUEST 11:0 (4,0)->(2,0)
I/Mux     ( 1161): 1333728548413: I got a CSM packet at a leader 
I/NetworkThread( 1161): 1333728548416: Sending UDP payload: 949
I/VCoreDaemon( 1161): 1333728548426: nonce 101 heard from src region (4,0)
I/VCoreDaemon( 1161): 1333728548514: Retrying PROC_REQUEST 11:0 (4,0)->(2,0)
I/VCoreDaemon( 1161): 1333728548514: Dispatching Atom PROC_REQUEST 11:0 (4,0)->(2,0)
I/Mux     ( 1161): 1333728548515: I got a CSM packet at a leader 
I/NetworkThread( 1161): 1333728548516: Sending UDP payload: 949
I/VCoreDaemon( 1161): 1333728548520: nonce 102 heard from src region (4,0)
I/VCoreDaemon( 1161): 1333728548618: Retrying PROC_REQUEST 11:0 (4,0)->(2,0)
I/VCoreDaemon( 1161): 1333728548619: Dispatching Atom PROC_REQUEST 11:0 (4,0)->(2,0)
I/Mux     ( 1161): 1333728548619: I got a CSM packet at a leader 
I/NetworkThread( 1161): 1333728548621: Sending UDP payload: 949
I/VCoreDaemon( 1161): 1333728548627: nonce 103 heard from src region (4,0)
I/NetworkThread( 1161): 1333728548650: Received UDP payload: 949
I/Mux     ( 1161): 1333728548669: GOT CSM_Msg
I/VCoreDaemon( 1161): 1333728548669: nonce 103 heard from src region (4,0)
I/VCoreDaemon( 1161): 1333728548720: Retrying PROC_REQUEST 11:0 (4,0)->(2,0)
I/VCoreDaemon( 1161): 1333728548720: Dispatching Atom PROC_REQUEST 11:0 (4,0)->(2,0)
I/Mux     ( 1161): 1333728548721: I got a CSM packet at a leader 
I/NetworkThread( 1161): 1333728548722: Sending UDP payload: 949
I/VCoreDaemon( 1161): 1333728548728: nonce 104 heard from src region (4,0)
I/VCoreDaemon( 1161): 1333728548821: Retrying PROC_REQUEST 11:0 (4,0)->(2,0)
I/VCoreDaemon( 1161): 1333728548822: Dispatching Atom PROC_REQUEST 11:0 (4,0)->(2,0)
I/Mux     ( 1161): 1333728548822: I got a CSM packet at a leader 
I/NetworkThread( 1161): 1333728548825: Sending UDP payload: 949
I/VCoreDaemon( 1161): 1333728548833: nonce 105 heard from src region (4,0)
I/NetworkThread( 1161): 1333728548858: Received UDP payload: 406
I/VCoreDaemon( 1161): 1333728548923: Retrying PROC_REQUEST 11:0 (4,0)->(2,0)
I/VCoreDaemon( 1161): 1333728548923: Dispatching Atom PROC_REQUEST 11:0 (4,0)->(2,0)
I/Mux     ( 1161): 1333728548924: I got a CSM packet at a leader 
I/NetworkThread( 1161): 1333728548926: Sending UDP payload: 949
I/VCoreDaemon( 1161): 1333728548927: nonce 106 heard from src region (4,0)
I/VCoreDaemon( 1161): 1333728549024: Retrying PROC_REQUEST 11:0 (4,0)->(2,0)
I/VCoreDaemon( 1161): 1333728549025: Dispatching Atom PROC_REQUEST 11:0 (4,0)->(2,0)
I/Mux     ( 1161): 1333728549025: I got a CSM packet at a leader 
I/NetworkThread( 1161): 1333728549027: Sending UDP payload: 949
I/VCoreDaemon( 1161): 1333728549028: nonce 107 heard from src region (4,0)
I/VCoreDaemon( 1161): 1333728549126: Retrying PROC_REQUEST 11:0 (4,0)->(2,0)
I/VCoreDaemon( 1161): 1333728549127: Dispatching Atom PROC_REQUEST 11:0 (4,0)->(2,0)
I/Mux     ( 1161): 1333728549128: I got a CSM packet at a leader 
I/NetworkThread( 1161): 1333728549131: Sending UDP payload: 949
I/VCoreDaemon( 1161): 1333728549133: nonce 108 heard from src region (4,0)
I/NetworkThread( 1161): 1333728549163: Received UDP payload: 949
I/Mux     ( 1161): 1333728549167: GOT CSM_Msg
I/VCoreDaemon( 1161): 1333728549168: nonce 108 heard from src region (4,0)
I/VCoreDaemon( 1161): 1333728549229: Retrying PROC_REQUEST 11:0 (4,0)->(2,0)
I/VCoreDaemon( 1161): 1333728549229: Dispatching Atom PROC_REQUEST 11:0 (4,0)->(2,0)
I/Mux     ( 1161): 1333728549229: I got a CSM packet at a leader 
I/NetworkThread( 1161): 1333728549231: Sending UDP payload: 949
I/VCoreDaemon( 1161): 1333728549232: nonce 109 heard from src region (4,0)
I/VCoreDaemon( 1161): 1333728549330: Retrying PROC_REQUEST 11:0 (4,0)->(2,0)
I/VCoreDaemon( 1161): 1333728549330: Dispatching Atom PROC_REQUEST 11:0 (4,0)->(2,0)
I/Mux     ( 1161): 1333728549331: I got a CSM packet at a leader 
I/NetworkThread( 1161): 1333728549332: Sending UDP payload: 949
I/VCoreDaemon( 1161): 1333728549335: nonce 110 heard from src region (4,0)
I/VCoreDaemon( 1161): 1333728549431: Retrying PROC_REQUEST 11:0 (4,0)->(2,0)
I/VCoreDaemon( 1161): 1333728549432: Dispatching Atom PROC_REQUEST 11:0 (4,0)->(2,0)
I/Mux     ( 1161): 1333728549432: I got a CSM packet at a leader 
I/NetworkThread( 1161): 1333728549434: Sending UDP payload: 949
I/VCoreDaemon( 1161): 1333728549435: nonce 111 heard from src region (4,0)
I/NetworkThread( 1161): 1333728549521: Received UDP payload: 949
I/VCoreDaemon( 1161): 1333728549537: Retrying PROC_REQUEST 11:0 (4,0)->(2,0)
I/VCoreDaemon( 1161): 1333728549537: Dispatching Atom PROC_REQUEST 11:0 (4,0)->(2,0)
I/Mux     ( 1161): 1333728549538: I got a CSM packet at a leader 
I/NetworkThread( 1161): 1333728549545: Sending UDP payload: 949
I/VCoreDaemon( 1161): 1333728549555: nonce 112 heard from src region (4,0)
I/Mux     ( 1161): 1333728549559: GOT CSM_Msg
I/VCoreDaemon( 1161): 1333728549559: nonce 111 heard from src region (4,0)
D/dalvikvm( 1161): GC_CONCURRENT freed 456K, 22% free 10691K/13639K, paused 2ms+15ms
I/VCoreDaemon( 1161): 1333728549639: Request timed out, send failure PROC_REPLY 11:0 (2,0)->(4,0)
I/VCoreDaemon( 1161): 1333728549640: Dispatching Atom PROC_REPLY 11:0 (2,0)->(4,0)
I/Mux     ( 1161): 1333728549640: I got a CSM packet at a leader 
I/NetworkThread( 1161): 1333728549641: Sending UDP payload: 770
I/VCoreDaemon( 1161): 1333728549642: Received PROC_REPLY 11:0 (2,0)->(4,0), handing to UserApp
D/AudioHardware(   81): AudioHardware pcm playback is going to standby.
D/AudioHardware(   81): closePcmOut_l() mPcmOpenCnt: 1
W/NetworkStats(  148): dropping UID delta from unknown iface: iface=wlan0 uid=10067 set=FOREGROUND tag=0x0 rxBytes=21097 rxPackets=24 txBytes=16321 txPackets=18 operations=0
D/dalvikvm(  148): GC_CONCURRENT freed 862K, 14% free 12789K/14727K, paused 6ms+6ms
I/VCoreDaemon( 1161): 1333728552492: inside sendPacket(Packet p)
I/NetworkThread( 1161): 1333728552496: Sending UDP payload: 406
I/System.out( 1285): [INFO:127310]: c: Running flush
I/System.out( 1285): [INFO:127321]: c: Sending payload [bytes=540]
I/StatusActivity( 1161): inside buttonsEnableProgressTimeoutR. Perhaps no one is in that region. Try again later!
I/StatusActivity( 1161): Inside _enableButtons
I/StatusActivity( 1161): areButtonsEnabled --> true
I/StatusActivity( 1161): takeNum=11 takeCamGood=11 takeGoodSave=11 takeBad=0 takeTimedout=0 getNum=5 getGood=1 getBad=0 getTimedout=4
W/InputManagerService(  148): Window already focused, ignoring focus gain of: com.android.internal.view.IInputMethodClient$Stub$Proxy@416d3e08
I/VCoreDaemon( 1161): 1333728557477: leader to cloud hearbeat...
I/VNC:Cloud( 1161): Executing makeRequest: http://hermes5.csail.mit.edu:8212/take/4/0/5116/1333728557478/
I/System.out( 1285): [INFO:132334]: c: Running delayed flush
I/System.out( 1285): [INFO:132344]: c: Running flush
D/dalvikvm( 1285): GC_CONCURRENT freed 332K, 7% free 10043K/10695K, paused 3ms+3ms
I/NetworkThread( 1161): 1333728558873: Received UDP payload: 406
W/Smack/Packet(  456): notify conn break (IOEx), close connection
I/VNC:Cloud( 1161): makeRequest Execute HTTP latency: 3103ms
I/VNC:Cloud( 1161): makeRequest() Cloud response length: 93
I/VNC:Cloud( 1161): Request executed: http://hermes5.csail.mit.edu:8212/take/4/0/5116/1333728557478/
I/VCoreDaemon( 1161): 1333728560601: inside sendPacket(Packet p)
I/NetworkThread( 1161): 1333728560617: Sending UDP payload: 406
I/StatusActivity( 1161): 1333728562462: canPressButton = TRUE
I/StatusActivity( 1161): 1333728562462: areButtonsEnabled --> false 
I/StatusActivity( 1161): 1333728562462: get picture disableButtonsR
I/StatusActivity( 1161): 1333728562463: areButtonsEnabled --> false
D/AudioHardware(   81): AudioHardware pcm playback is exiting standby.
D/AudioHardware(   81): openPcmOut_l() mPcmOpenCnt: 0
I/StatusActivity( 1161): 1333728562501: takeNum=11 takeCamGood=11 takeGoodSave=11 takeBad=0 takeTimedout=0 getNum=6 getGood=1 getBad=0 getTimedout=4
I/StatusActivity( 1161): 1333728562501: ** Clicked getphotos Button from region 5 **
I/StatusActivity( 1161): 1333728562501: I'm the Client, and I'm in region: 4 nodID = 5116
I/StatusActivity( 1161): 1333728562502: I'm a leader, my requesting photos packet going to mux directly
I/Mux     ( 1161): 1333728562503: Inside mux Packet.CLIENT_REQUEST
I/Mux     ( 1161): 1333728562503: I'm the leader of requesting client, about to process Packet.CLIENT_REQUEST in userApp
I/UserApp ( 1161): 1333728562503: UserApp handling MY region's client request, will send atom packet to REMOTE region's handleDSMRequest
I/UserApp ( 1161): 1333728562503: request is CLIENT_DOWNLOAD_PHOTO, figure out where (remote region) to forward packet
I/UserApp ( 1161): 1333728562504: Sending to region: 5
I/VCoreDaemon( 1161): 1333728562505: Sending PROC_REQUEST 11:1 (4,0)->(5,0)
I/VCoreDaemon( 1161): 1333728562505: Dispatching Atom PROC_REQUEST 11:1 (4,0)->(5,0)
I/Mux     ( 1161): 1333728562506: I got a CSM packet at a leader 
I/NetworkThread( 1161): 1333728562517: Sending UDP payload: 949
I/VCoreDaemon( 1161): 1333728562518: nonce 114 heard from src region (4,0)
I/StatusActivity( 1161): 1333728562519: StatusActivity sent request to get photos for region 5
D/ConnectivityService(  148): handleInetConditionHoldEnd: net=0, condition=0, published condition=100
I/VCoreDaemon( 1161): 1333728563245: Retrying PROC_REQUEST 11:1 (4,0)->(5,0)
I/VCoreDaemon( 1161): 1333728563245: Dispatching Atom PROC_REQUEST 11:1 (4,0)->(5,0)
I/Mux     ( 1161): 1333728563246: I got a CSM packet at a leader 
I/NetworkThread( 1161): 1333728563247: Sending UDP payload: 949
I/VCoreDaemon( 1161): 1333728563248: nonce 115 heard from src region (4,0)
I/VCoreDaemon( 1161): 1333728563346: Retrying PROC_REQUEST 11:1 (4,0)->(5,0)
I/VCoreDaemon( 1161): 1333728563347: Dispatching Atom PROC_REQUEST 11:1 (4,0)->(5,0)
I/Mux     ( 1161): 1333728563347: I got a CSM packet at a leader 
I/NetworkThread( 1161): 1333728563349: Sending UDP payload: 949
I/VCoreDaemon( 1161): 1333728563350: nonce 116 heard from src region (4,0)
I/VCoreDaemon( 1161): 1333728563448: Retrying PROC_REQUEST 11:1 (4,0)->(5,0)
I/VCoreDaemon( 1161): 1333728563449: Dispatching Atom PROC_REQUEST 11:1 (4,0)->(5,0)
I/Mux     ( 1161): 1333728563449: I got a CSM packet at a leader 
I/NetworkThread( 1161): 1333728563451: Sending UDP payload: 949
I/VCoreDaemon( 1161): 1333728563452: nonce 117 heard from src region (4,0)
I/VCoreDaemon( 1161): 1333728563551: Retrying PROC_REQUEST 11:1 (4,0)->(5,0)
I/VCoreDaemon( 1161): 1333728563552: Dispatching Atom PROC_REQUEST 11:1 (4,0)->(5,0)
I/Mux     ( 1161): 1333728563552: I got a CSM packet at a leader 
I/NetworkThread( 1161): 1333728563554: Sending UDP payload: 949
I/VCoreDaemon( 1161): 1333728563555: nonce 118 heard from src region (4,0)
I/VCoreDaemon( 1161): 1333728563653: Retrying PROC_REQUEST 11:1 (4,0)->(5,0)
I/VCoreDaemon( 1161): 1333728563654: Dispatching Atom PROC_REQUEST 11:1 (4,0)->(5,0)
I/Mux     ( 1161): 1333728563654: I got a CSM packet at a leader 
I/NetworkThread( 1161): 1333728563656: Sending UDP payload: 949
I/VCoreDaemon( 1161): 1333728563657: nonce 119 heard from src region (4,0)
I/VCoreDaemon( 1161): 1333728563755: Retrying PROC_REQUEST 11:1 (4,0)->(5,0)
I/VCoreDaemon( 1161): 1333728563756: Dispatching Atom PROC_REQUEST 11:1 (4,0)->(5,0)
I/Mux     ( 1161): 1333728563756: I got a CSM packet at a leader 
I/NetworkThread( 1161): 1333728563757: Sending UDP payload: 949
I/VCoreDaemon( 1161): 1333728563762: nonce 120 heard from src region (4,0)
I/VCoreDaemon( 1161): 1333728563857: Retrying PROC_REQUEST 11:1 (4,0)->(5,0)
I/VCoreDaemon( 1161): 1333728563857: Dispatching Atom PROC_REQUEST 11:1 (4,0)->(5,0)
I/Mux     ( 1161): 1333728563858: I got a CSM packet at a leader 
I/NetworkThread( 1161): 1333728563859: Sending UDP payload: 949
I/VCoreDaemon( 1161): 1333728563860: nonce 121 heard from src region (4,0)
I/NetworkThread( 1161): 1333728563873: Received UDP payload: 406
I/VCoreDaemon( 1161): 1333728563958: Retrying PROC_REQUEST 11:1 (4,0)->(5,0)
I/VCoreDaemon( 1161): 1333728563958: Dispatching Atom PROC_REQUEST 11:1 (4,0)->(5,0)
I/Mux     ( 1161): 1333728563959: I got a CSM packet at a leader 
I/NetworkThread( 1161): 1333728563960: Sending UDP payload: 949
I/VCoreDaemon( 1161): 1333728563961: nonce 122 heard from src region (4,0)
I/VCoreDaemon( 1161): 1333728564060: Retrying PROC_REQUEST 11:1 (4,0)->(5,0)
I/VCoreDaemon( 1161): 1333728564060: Dispatching Atom PROC_REQUEST 11:1 (4,0)->(5,0)
I/Mux     ( 1161): 1333728564061: I got a CSM packet at a leader 
I/NetworkThread( 1161): 1333728564062: Sending UDP payload: 949
I/VCoreDaemon( 1161): 1333728564063: nonce 123 heard from src region (4,0)
I/VCoreDaemon( 1161): 1333728564161: Retrying PROC_REQUEST 11:1 (4,0)->(5,0)
I/VCoreDaemon( 1161): 1333728564162: Dispatching Atom PROC_REQUEST 11:1 (4,0)->(5,0)
I/Mux     ( 1161): 1333728564163: I got a CSM packet at a leader 
I/NetworkThread( 1161): 1333728564164: Sending UDP payload: 949
I/VCoreDaemon( 1161): 1333728564166: nonce 124 heard from src region (4,0)
D/dalvikvm( 1161): GC_CONCURRENT freed 403K, 22% free 10719K/13639K, paused 2ms+4ms
I/VCoreDaemon( 1161): 1333728564263: Retrying PROC_REQUEST 11:1 (4,0)->(5,0)
I/VCoreDaemon( 1161): 1333728564263: Dispatching Atom PROC_REQUEST 11:1 (4,0)->(5,0)
I/Mux     ( 1161): 1333728564264: I got a CSM packet at a leader 
I/NetworkThread( 1161): 1333728564265: Sending UDP payload: 949
I/VCoreDaemon( 1161): 1333728564271: nonce 125 heard from src region (4,0)
I/VCoreDaemon( 1161): 1333728564364: Retrying PROC_REQUEST 11:1 (4,0)->(5,0)
I/VCoreDaemon( 1161): 1333728564365: Dispatching Atom PROC_REQUEST 11:1 (4,0)->(5,0)
I/Mux     ( 1161): 1333728564365: I got a CSM packet at a leader 
I/NetworkThread( 1161): 1333728564366: Sending UDP payload: 949
I/VCoreDaemon( 1161): 1333728564367: nonce 126 heard from src region (4,0)
I/VCoreDaemon( 1161): 1333728564466: Retrying PROC_REQUEST 11:1 (4,0)->(5,0)
I/VCoreDaemon( 1161): 1333728564466: Dispatching Atom PROC_REQUEST 11:1 (4,0)->(5,0)
I/Mux     ( 1161): 1333728564467: I got a CSM packet at a leader 
I/NetworkThread( 1161): 1333728564471: Sending UDP payload: 949
I/VCoreDaemon( 1161): 1333728564489: nonce 127 heard from src region (4,0)
I/VCoreDaemon( 1161): 1333728564567: Retrying PROC_REQUEST 11:1 (4,0)->(5,0)
I/VCoreDaemon( 1161): 1333728564568: Dispatching Atom PROC_REQUEST 11:1 (4,0)->(5,0)
I/Mux     ( 1161): 1333728564568: I got a CSM packet at a leader 
I/NetworkThread( 1161): 1333728564569: Sending UDP payload: 949
I/VCoreDaemon( 1161): 1333728564577: nonce 128 heard from src region (4,0)
I/VCoreDaemon( 1161): 1333728564669: Request timed out, send failure PROC_REPLY 11:1 (5,0)->(4,0)
I/VCoreDaemon( 1161): 1333728564669: Dispatching Atom PROC_REPLY 11:1 (5,0)->(4,0)
I/Mux     ( 1161): 1333728564670: I got a CSM packet at a leader 
I/NetworkThread( 1161): 1333728564671: Sending UDP payload: 770
I/VCoreDaemon( 1161): 1333728564673: Received PROC_REPLY 11:1 (5,0)->(4,0), handing to UserApp
I/System.out( 1285): [INFO:139594]: c: Response [http=200,length=20]
I/System.out( 1285): [INFO:139595]: c: Read id 1, status code 200
D/AudioHardware(   81): AudioHardware pcm playback is going to standby.
D/AudioHardware(   81): closePcmOut_l() mPcmOpenCnt: 1
I/VCoreDaemon( 1161): 1333728565618: inside sendPacket(Packet p)
I/NetworkThread( 1161): 1333728565621: Sending UDP payload: 406
I/GTalkService/c(  456): [AndroidEndpoint@1094583184] connect: acct=1000000, state=CONNECTING
D/dalvikvm(  456): GC_CONCURRENT freed 428K, 6% free 10003K/10567K, paused 3ms+12ms
I/StatusActivity( 1161): inside buttonsEnableProgressTimeoutR. Perhaps no one is in that region. Try again later!
I/StatusActivity( 1161): Inside _enableButtons
I/StatusActivity( 1161): areButtonsEnabled --> true
I/StatusActivity( 1161): takeNum=11 takeCamGood=11 takeGoodSave=11 takeBad=0 takeTimedout=0 getNum=6 getGood=1 getBad=0 getTimedout=5
W/InputManagerService(  148): Window already focused, ignoring focus gain of: com.android.internal.view.IInputMethodClient$Stub$Proxy@416cc088
I/StatusActivity( 1161): 1333728568688: .......... GPS onLocationChanged ...... 
I/VCoreDaemon( 1161): 1333728568689: Loc = Location[mProvider=gps,mTime=1333814969000,mLatitude=42.364757730716796,mLongitude=-71.10217012975471,mHasAltitude=true,mAltitude=-22.0,mHasSpeed=true,mSpeed=0.40091503,mHasBearing=true,mBearing=296.71072,mHasAccuracy=true,mAccuracy=15.0,mExtras=Bundle[mParcelledData.dataSize=4]] Previous Region = (4,0)
I/VCoreDaemon( 1161): 1333728568689: GPS x/long:-71.10217012975471, GPS y/lat: 42.364757730716796. Region width in x: 51.96152422706632
I/VCoreDaemon( 1161): 1333728568690: location PINPOINTS to region = 4.0, previous 4
I/VCoreDaemon( 1161): 1333728568690: stay at region 4
I/NetworkThread( 1161): 1333728568873: Received UDP payload: 406
I/VCoreDaemon( 1161): 1333728570618: inside sendPacket(Packet p)
I/NetworkThread( 1161): 1333728570619: Sending UDP payload: 406
D/ConnectivityService(  148): handleInetConditionHoldEnd: net=0, condition=100, published condition=0
I/VCoreDaemon( 1161): 1333728575619: inside sendPacket(Packet p)
I/NetworkThread( 1161): 1333728575620: Sending UDP payload: 406
W/NetworkStats(  148): dropping UID delta from unknown iface: iface=wlan0 uid=10067 set=FOREGROUND tag=0x0 rxBytes=18925 rxPackets=24 txBytes=17623 txPackets=21 operations=0
W/Smack/Packet(  456): notify conn break (IOEx), close connection
I/StatusActivity( 1161): 1333728579715: .......... GPS onLocationChanged ...... 
I/VCoreDaemon( 1161): 1333728579717: Loc = Location[mProvider=gps,mTime=1333814980000,mLatitude=42.36474571703917,mLongitude=-71.10216320775878,mHasAltitude=true,mAltitude=-23.0,mHasSpeed=true,mSpeed=0.0,mHasBearing=true,mBearing=1.4632592,mHasAccuracy=true,mAccuracy=10.0,mExtras=Bundle[mParcelledData.dataSize=4]] Previous Region = (4,0)
I/VCoreDaemon( 1161): 1333728579718: GPS x/long:-71.10216320775878, GPS y/lat: 42.36474571703917. Region width in x: 51.96152422706632
I/VCoreDaemon( 1161): 1333728579718: location PINPOINTS to region = 4.0, previous 4
I/VCoreDaemon( 1161): 1333728579719: stay at region 4
I/VCoreDaemon( 1161): 1333728580620: inside sendPacket(Packet p)
I/NetworkThread( 1161): 1333728580621: Sending UDP payload: 406
D/ConnectivityService(  148): handleInetConditionHoldEnd: net=0, condition=0, published condition=100
I/NetworkThread( 1161): 1333728584535: Received UDP payload: 406
I/NetworkThread( 1161): 1333728584757: Received UDP payload: 423
I/VCoreDaemon( 1161): 1333728585621: inside sendPacket(Packet p)
I/NetworkThread( 1161): 1333728585625: Sending UDP payload: 406
D/dalvikvm(  148): GC_CONCURRENT freed 825K, 14% free 12780K/14727K, paused 11ms+14ms
I/StatusActivity( 1161): 1333728588709: .......... GPS onLocationChanged ...... 
I/VCoreDaemon( 1161): 1333728588710: Loc = Location[mProvider=gps,mTime=1333814989000,mLatitude=42.364717440595925,mLongitude=-71.10218243743329,mHasAltitude=true,mAltitude=-23.0,mHasSpeed=true,mSpeed=0.0,mHasBearing=true,mBearing=58.923676,mHasAccuracy=true,mAccuracy=10.0,mExtras=Bundle[mParcelledData.dataSize=4]] Previous Region = (4,0)
I/VCoreDaemon( 1161): 1333728588710: GPS x/long:-71.10218243743329, GPS y/lat: 42.364717440595925. Region width in x: 51.96152422706632
I/VCoreDaemon( 1161): 1333728588711: location PINPOINTS to region = 4.0, previous 4
I/VCoreDaemon( 1161): 1333728588711: stay at region 4
I/StatusActivity( 1161): 1333728589722: .......... GPS onLocationChanged ...... 
I/VCoreDaemon( 1161): 1333728589723: Loc = Location[mProvider=gps,mTime=1333814990000,mLatitude=42.364703424026295,mLongitude=-71.10218911468242,mHasAltitude=true,mAltitude=-22.0,mHasSpeed=true,mSpeed=0.0,mHasBearing=true,mBearing=66.49094,mHasAccuracy=true,mAccuracy=15.0,mExtras=Bundle[mParcelledData.dataSize=4]] Previous Region = (4,0)
I/VCoreDaemon( 1161): 1333728589723: GPS x/long:-71.10218911468242, GPS y/lat: 42.364703424026295. Region width in x: 51.96152422706632
I/VCoreDaemon( 1161): 1333728589723: location PINPOINTS to region = 4.0, previous 4
I/VCoreDaemon( 1161): 1333728589723: stay at region 4
I/VCoreDaemon( 1161): 1333728590601: leader to cloud hearbeat...
I/VNC:Cloud( 1161): Executing makeRequest: http://hermes5.csail.mit.edu:8212/take/4/0/5116/1333728590601/
I/GTalkService/c(  456): [AndroidEndpoint@1094583184] connect: acct=1000000, state=CONNECTING
D/dalvikvm(  456): GC_CONCURRENT freed 407K, 6% free 10031K/10567K, paused 2ms+3ms
D/ConnectivityService(  148): handleInetConditionHoldEnd: net=0, condition=100, published condition=0
W/Smack/Packet(  456): notify conn break (IOEx), close connection
I/StatusActivity( 1161): 1333728597681: .......... GPS onLocationChanged ...... 
I/VCoreDaemon( 1161): 1333728597682: Loc = Location[mProvider=gps,mTime=1333814998000,mLatitude=42.36469675955462,mLongitude=-71.10220008835135,mHasAltitude=true,mAltitude=-22.0,mHasSpeed=true,mSpeed=0.0,mHasBearing=true,mBearing=338.85944,mHasAccuracy=true,mAccuracy=15.0,mExtras=Bundle[mParcelledData.dataSize=4]] Previous Region = (4,0)
I/VCoreDaemon( 1161): 1333728597683: GPS x/long:-71.10220008835135, GPS y/lat: 42.36469675955462. Region width in x: 51.96152422706632
I/VCoreDaemon( 1161): 1333728597683: location PINPOINTS to region = 4.0, previous 4
I/VCoreDaemon( 1161): 1333728597683: stay at region 4
D/ConnectivityService(  148): handleInetConditionHoldEnd: net=0, condition=0, published condition=100
W/NetworkStats(  148): dropping UID delta from unknown iface: iface=wlan0 uid=10067 set=FOREGROUND tag=0x0 rxBytes=1753 rxPackets=4 txBytes=868 txPackets=2 operations=0
I/NetworkThread( 1161): 1333728600654: Received UDP payload: 585
I/Mux     ( 1161): 1333728600656: Inside mux Packet.CLIENT_REQUEST
I/StatusActivity( 1161): 1333728602610: canPressButton = TRUE
I/StatusActivity( 1161): 1333728602611: areButtonsEnabled --> false
I/StatusActivity( 1161): 1333728602611: disabling buttons ...
I/StatusActivity( 1161): 1333728602611: took picture disableButtonsR
I/StatusActivity( 1161): 1333728602612: areButtonsEnabled --> false
D/AudioHardware(   81): AudioHardware pcm playback is exiting standby.
D/AudioHardware(   81): openPcmOut_l() mPcmOpenCnt: 0
I/StatusActivity( 1161): 1333728602769: takeNum=12 takeCamGood=11 takeGoodSave=11 takeBad=0 takeTimedout=0 getNum=6 getGood=1 getBad=0 getTimedout=5
I/StatusActivity( 1161): 1333728602769: ** Clicked take picture button **
I/CameraSurfaceView( 1161): inside getCamera()
D/dalvikvm( 1161): GC_CONCURRENT freed 427K, 22% free 10772K/13639K, paused 2ms+10ms
I/CameraHardwareSec(   81): int android::CameraHardwareSec::previewThreadWrapper(): calling mSecCamera->stopPreview() and waiting
I/SecCamera(   81): int android::fimc_v4l2_querybuf(int, android::fimc_buffer*, v4l2_buf_type) :
I/SecCamera(   81): int android::fimc_v4l2_querybuf(int, android::fimc_buffer*, v4l2_buf_type): buffer->start = 0x43bcf000 v4l2_buf.length = 4261248
I/CameraHardwareSec(   81): == Camera Sensor Detect S5K4ECGX - Samsung LSI SOC 5M ==
D/JpegEncoder(   81): encode E
D/JpegEncoder(   81): encode X
D/SecCamera(   81): Shutter speed=637 us, iso=50
D/SecCamera(   81): AV=3, TV=11, SV=4
D/JpegEncoder(   81): makeExif E
D/JpegEncoder(   81): makeExif X
I/SecCamera(   81): int android::SecCamera::endSnapshot() :
I/SecCamera(   81): munmap():virt. addr 0x43bcf000 size = 4261248
D/dalvikvm( 1161): GC_FOR_ALLOC freed 55K, 22% free 10719K/13639K, paused 19ms
I/dalvikvm-heap( 1161): Grow heap (frag case) to 12.119MB for 1655153-byte allocation
D/dalvikvm( 1161): GC_CONCURRENT freed 4K, 10% free 12331K/13639K, paused 2ms+2ms
I/StatusActivity( 1161): 1333728603464: inside HandlePictureStorage onPictureTaken()
I/StatusActivity( 1161): 1333728603464: takeNum=12 takeCamGood=12 takeGoodSave=11 takeBad=0 takeTimedout=0 getNum=6 getGood=1 getBad=0 getTimedout=5
D/CameraHardwareSec(   81): mPreviewHeap(fd(31), size(518400), width(720), height(480))
I/CameraHardwareSec(   81): int android::CameraHardwareSec::previewThreadWrapper(): return from wait
I/StatusActivity( 1161): 1333728603834: Picture successfully taken, ORIG BYTE LENGTH = 1655137
D/dalvikvm( 1161): GC_EXPLICIT freed 2K, 10% free 12332K/13639K, paused 9ms+2ms
I/StatusActivity( 1161): 1333728604099: Our new height x width: 240 x 320
I/StatusActivity( 1161): 1333728604100: Show photo from handle my camera take
I/StatusActivity( 1161): 1333728604101: client making photo packet to send to leader for it to save
I/StatusActivity( 1161): 1333728604112: BYTE SIZE AFTER COMPRESSION: 4321
I/StatusActivity( 1161): 1333728604113: about to send my pic
I/StatusActivity( 1161): 1333728604114: I'm a leader, upload/save new photo packet going to mux directly
I/Mux     ( 1161): 1333728604114: Inside mux Packet.CLIENT_REQUEST
I/Mux     ( 1161): 1333728604115: I'm the leader of requesting client, about to process Packet.CLIENT_REQUEST in userApp
I/UserApp ( 1161): 1333728604115: UserApp handling MY region's client request, will send atom packet to REMOTE region's handleDSMRequest
I/UserApp ( 1161): 1333728604115: request is CLIENT_NEW_PHOTO, so send atom packet to myself (remote region = me)
I/VCoreDaemon( 1161): 1333728604115: Sending PROC_REQUEST 10:15 (4,0)->(4,0)
I/VCoreDaemon( 1161): 1333728604116: Dispatching Atom PROC_REQUEST 10:15 (4,0)->(4,0)
I/Mux     ( 1161): 1333728604116: I got a CSM packet at a leader 
I/NetworkThread( 1161): 1333728604130: Sending UDP payload: 5292
I/VCoreDaemon( 1161): 1333728604132: removed replies before id 15 from sentReplies of size 0
I/StatusActivity( 1161): 1333728604133: end of client send picture method
I/UserApp ( 1161): 1333728604135: Inside UPLOAD_PHOTO!!
I/UserApp ( 1161): 1333728604136: my_gpinfo.isSuccess is now (should be true): true
I/UserApp ( 1161): 1333728604137: Region leader successfully uploaded a new photo taken by a client in region. Region leader now display the new photo on its screen (through StatusActivity)
I/VCoreDaemon( 1161): 1333728604144: Received PROC_REQUEST 10:15 (4,0)->(4,0), replying PROC_REPLY 10:15 (4,0)->(4,0)
I/VCoreDaemon( 1161): 1333728604144: Dispatching Atom PROC_REPLY 10:15 (4,0)->(4,0)
I/Mux     ( 1161): 1333728604145: I got a CSM packet at a leader 
I/NetworkThread( 1161): 1333728604146: Sending UDP payload: 949
I/VCoreDaemon( 1161): 1333728604149: Received PROC_REPLY 10:15 (4,0)->(4,0), handing to UserApp
I/UserApp ( 1161): 1333728604149: Now back in orginitator region's leader, precssing handleDSMReply
I/UserApp ( 1161): 1333728604150: Going to and from remote region took latency = 34
I/UserApp ( 1161): 1333728604150: = orig leader sent packet at 1333728604115 ~ received reply at 1333728604149
I/UserApp ( 1161): 1333728604163: Originator Region=4 Leader (for Client=5116) processes remote region's dsm atom reply and will send Packet reply to Originator Client
I/UserApp ( 1161): 1333728604163: reply packet contains the ACK for UPLOAD_PHOTO
I/UserApp ( 1161): 1333728604164: I (the leader) was also the originator client (id = 5116) so I hand the packet to my mux directly, without UDP
I/StatusActivity( 1161): 1333728604205: inside Packet.SERVER_SHOW_NEWPHOTO. I'm a leader showing my nonleader/myself client's new photo
I/StatusActivity( 1161): 1333728604206: I'm a leader and I SUCCEEDED in saving my client's new photo
I/StatusActivity( 1161): 1333728604207: now showing in UI the new photo I just saved ... 
I/StatusActivity( 1161): 1333728604207: the photo length: 4321
D/dalvikvm( 1161): GC_EXPLICIT freed 2052K, 22% free 10734K/13639K, paused 2ms+3ms
I/StatusActivity( 1161): 1333728604263: inside Packet.CLIENT_UPLOAD_PHOTO_ACK
I/StatusActivity( 1161): 1333728604264: leader upload new photo latency = 149
I/StatusActivity( 1161): 1333728604264: = leader upload start 1333728604114 ~ stop 1333728604263
I/StatusActivity( 1161): 1333728604265: takeNum=12 takeCamGood=12 takeGoodSave=12 takeBad=0 takeTimedout=0 getNum=6 getGood=1 getBad=0 getTimedout=5
I/StatusActivity( 1161): 1333728604266: SUCCESS! Client now knows saving photo on its leader succeeded
I/StatusActivity( 1161): Inside _enableButtons
I/StatusActivity( 1161): areButtonsEnabled --> true
W/InputManagerService(  148): Window already focused, ignoring focus gain of: com.android.internal.view.IInputMethodClient$Stub$Proxy@4164d998
D/AudioHardware(   81): AudioHardware pcm playback is going to standby.
D/AudioHardware(   81): closePcmOut_l() mPcmOpenCnt: 1
I/GTalkService/c(  456): [AndroidEndpoint@1094583184] connect: acct=1000000, state=CONNECTING
D/dalvikvm(  148): GC_CONCURRENT freed 808K, 14% free 12789K/14727K, paused 4ms+7ms
D/dalvikvm( 1285): GC_CONCURRENT freed 396K, 7% free 10032K/10695K, paused 2ms+2ms
I/NetworkThread( 1161): 1333728626220: Received UDP payload: 406
I/NetworkThread( 1161): 1333728626800: Received UDP payload: 406
D/ConnectivityService(  148): handleInetConditionHoldEnd: net=0, condition=100, published condition=0
D/dalvikvm(  313): GC_CONCURRENT freed 421K, 6% free 9504K/10055K, paused 4ms+11ms
W/NetworkStats(  148): dropping UID delta from unknown iface: iface=wlan0 uid=10067 set=FOREGROUND tag=0x0 rxBytes=7778 rxPackets=5 txBytes=6297 txPackets=2 operations=0
I/StatusActivity( 1161): 1333728632687: .......... GPS onLocationChanged ...... 
I/VCoreDaemon( 1161): 1333728632689: Loc = Location[mProvider=gps,mTime=1333815033000,mLatitude=42.36472483568783,mLongitude=-71.10230433842487,mHasAltitude=true,mAltitude=-22.0,mHasSpeed=true,mSpeed=0.13695917,mHasBearing=true,mBearing=288.38992,mHasAccuracy=true,mAccuracy=15.0,mExtras=Bundle[mParcelledData.dataSize=4]] Previous Region = (4,0)
I/VCoreDaemon( 1161): 1333728632689: GPS x/long:-71.10230433842487, GPS y/lat: 42.36472483568783. Region width in x: 51.96152422706632
I/VCoreDaemon( 1161): 1333728632689: location PINPOINTS to region = 4.0, previous 4
I/VCoreDaemon( 1161): 1333728632689: stay at region 4
I/StatusActivity( 1161): 1333728633686: .......... GPS onLocationChanged ...... 
I/VCoreDaemon( 1161): 1333728633686: Loc = Location[mProvider=gps,mTime=1333815034000,mLatitude=42.36472900751457,mLongitude=-71.10233734271553,mHasAltitude=true,mAltitude=-23.0,mHasSpeed=true,mSpeed=0.0,mHasBearing=true,mBearing=288.38998,mHasAccuracy=true,mAccuracy=20.0,mExtras=Bundle[mParcelledData.dataSize=4]] Previous Region = (4,0)
I/VCoreDaemon( 1161): 1333728633687: GPS x/long:-71.10233734271553, GPS y/lat: 42.36472900751457. Region width in x: 51.96152422706632
I/VCoreDaemon( 1161): 1333728633687: location PINPOINTS to region = 4.0, previous 4
I/VCoreDaemon( 1161): 1333728633687: stay at region 4
W/Smack/Packet(  456): notify conn break (IOEx), close connection
D/ConnectivityService(  148): handleInetConditionHoldEnd: net=0, condition=0, published condition=100
I/StatusActivity( 1161): 1333728645688: .......... GPS onLocationChanged ...... 
I/VCoreDaemon( 1161): 1333728645689: Loc = Location[mProvider=gps,mTime=1333815046000,mLatitude=42.36471278110591,mLongitude=-71.10231023797638,mHasAltitude=true,mAltitude=-23.0,mHasSpeed=true,mSpeed=0.0,mHasBearing=true,mBearing=64.177864,mHasAccuracy=true,mAccuracy=15.0,mExtras=Bundle[mParcelledData.dataSize=4]] Previous Region = (4,0)
I/VCoreDaemon( 1161): 1333728645690: GPS x/long:-71.10231023797638, GPS y/lat: 42.36471278110591. Region width in x: 51.96152422706632
I/VCoreDaemon( 1161): 1333728645690: location PINPOINTS to region = 4.0, previous 4
I/VCoreDaemon( 1161): 1333728645690: stay at region 4
I/StatusActivity( 1161): 1333728648977: canPressButton = TRUE
I/StatusActivity( 1161): 1333728648978: areButtonsEnabled --> false 
I/StatusActivity( 1161): 1333728648980: get picture disableButtonsR
D/AudioHardware(   81): AudioHardware pcm playback is exiting standby.
D/AudioHardware(   81): openPcmOut_l() mPcmOpenCnt: 0
I/StatusActivity( 1161): 1333728649000: areButtonsEnabled --> false
I/StatusActivity( 1161): 1333728649138: takeNum=12 takeCamGood=12 takeGoodSave=12 takeBad=0 takeTimedout=0 getNum=7 getGood=1 getBad=0 getTimedout=5
I/StatusActivity( 1161): 1333728649139: ** Clicked getphotos Button from region 3 **
I/StatusActivity( 1161): 1333728649139: I'm the Client, and I'm in region: 4 nodID = 5116
I/StatusActivity( 1161): 1333728649140: I'm a leader, my requesting photos packet going to mux directly
I/Mux     ( 1161): 1333728649140: Inside mux Packet.CLIENT_REQUEST
I/Mux     ( 1161): 1333728649140: I'm the leader of requesting client, about to process Packet.CLIENT_REQUEST in userApp
