D/dalvikvm(  456): GC_CONCURRENT freed 377K, 7% free 10014K/10759K, paused 2ms+3ms
D/dalvikvm(  148): GC_CONCURRENT freed 1063K, 11% free 13615K/15239K, paused 3ms+5ms
I/EventLogService(  456): Aggregate from 1333859610262 (log), 1333859610262 (data)
I/ServiceDumpSys(  456): dumping service [account]
I/DownloadManager(  265): Initiating request for download 19
W/DownloadManager(  265): Aborting request for download 19: no network connection available
I/EventLogService(  456): Aggregate from 1333861410404 (log), 1333861410404 (data)
I/ServiceDumpSys(  456): dumping service [account]
D/dalvikvm(  218): GC_CONCURRENT freed 388K, 10% free 9663K/10695K, paused 2ms+2ms
I/SystemUpdateService(  456): download in progress: [id: 18 compl: false succ: false bytes: 0 reason: 0 fn: null]
I/SystemUpdateService(  456): download took too long; will cancel and retry
V/SystemUpdateService(  456): retry (wakeup: true) in 389897 ms
V/SystemUpdateService(  456): onPostExecute: false
D/dalvikvm(  265): GC_CONCURRENT freed 347K, 5% free 9313K/9799K, paused 2ms+3ms
I/SystemUpdateService(  456): starting download of http://android.clients.google.com/packages/ota/google_crespo/hR7QFEtn.zip
D/dalvikvm(  456): GC_FOR_ALLOC freed 352K, 8% free 9989K/10759K, paused 17ms
V/SystemUpdateService(  456): retry (wakeup: true) in 21599967 ms
I/SystemUpdate.Download(  456): Started a new update download: http://android.clients.google.com/packages/ota/google_crespo/hR7QFEtn.zip (id 20; allowMobile=false)
V/SystemUpdateService(  456): onPostExecute: false
D/dalvikvm(  148): GC_EXPLICIT freed 835K, 11% free 13604K/15239K, paused 3ms+6ms
I/DownloadManager(  265): Initiating request for download 20
W/DownloadManager(  265): Aborting request for download 20: no network connection available
I/EventLogService(  456): Aggregate from 1333863210525 (log), 1333863210525 (data)
I/ServiceDumpSys(  456): dumping service [account]
I/EventLogService(  456): Aggregate from 1333865010785 (log), 1333865010785 (data)
I/ServiceDumpSys(  456): dumping service [account]
I/EventLogService(  456): Aggregate from 1333866810919 (log), 1333866810919 (data)
I/ServiceDumpSys(  456): dumping service [account]
D/dalvikvm(  148): GC_CONCURRENT freed 1032K, 11% free 13613K/15239K, paused 3ms+5ms
I/EventLogService(  456): Aggregate from 1333868611021 (log), 1333868611021 (data)
I/ServiceDumpSys(  456): dumping service [account]
D/dalvikvm(  456): GC_CONCURRENT freed 396K, 8% free 9989K/10759K, paused 3ms+3ms
I/EventLogService(  456): Aggregate from 1333870411595 (log), 1333870411595 (data)
I/ServiceDumpSys(  456): dumping service [account]
I/EventLogService(  456): Aggregate from 1333872211716 (log), 1333872211716 (data)
I/ServiceDumpSys(  456): dumping service [account]
D/dalvikvm(  148): GC_CONCURRENT freed 1032K, 11% free 13619K/15239K, paused 4ms+6ms
I/EventLogService(  456): Aggregate from 1333874011866 (log), 1333874011866 (data)
I/ServiceDumpSys(  456): dumping service [account]
D/dalvikvm(  313): GC_CONCURRENT freed 429K, 6% free 9489K/10055K, paused 6ms+3ms
I/EventLogService(  456): Aggregate from 1333875812270 (log), 1333875812270 (data)
I/ServiceDumpSys(  456): dumping service [account]
I/EventLogService(  456): Aggregate from 1333877612400 (log), 1333877612400 (data)
D/dalvikvm(  456): GC_CONCURRENT freed 386K, 8% free 9987K/10759K, paused 2ms+3ms
I/ServiceDumpSys(  456): dumping service [account]
D/dalvikvm( 1254): GC_CONCURRENT freed 433K, 6% free 10126K/10695K, paused 287ms+3ms
D/dalvikvm(  148): GC_CONCURRENT freed 1031K, 11% free 13616K/15239K, paused 2ms+5ms
I/EventLogService(  456): Aggregate from 1333879412528 (log), 1333879412528 (data)
I/ServiceDumpSys(  456): dumping service [account]
I/EventLogService(  456): Aggregate from 1333881212701 (log), 1333881212701 (data)
I/ServiceDumpSys(  456): dumping service [account]
I/EventLogService(  456): Aggregate from 1333883012821 (log), 1333883012821 (data)
I/ServiceDumpSys(  456): dumping service [account]
D/dalvikvm(  148): GC_CONCURRENT freed 1039K, 11% free 13615K/15239K, paused 17ms+5ms
I/SystemUpdateService(  456): download in progress: [id: 20 compl: false succ: false bytes: 0 reason: 0 fn: null]
I/SystemUpdateService(  456): download took too long; will cancel and retry
V/SystemUpdateService(  456): retry (wakeup: true) in 449900 ms
D/dalvikvm(  456): GC_FOR_ALLOC freed 376K, 8% free 9992K/10759K, paused 33ms
V/SystemUpdateService(  456): onPostExecute: false
I/EventLogService(  456): Aggregate from 1333884812950 (log), 1333884812950 (data)
I/ServiceDumpSys(  456): dumping service [account]
I/SystemUpdateService(  456): starting download of http://android.clients.google.com/packages/ota/google_crespo/hR7QFEtn.zip
V/SystemUpdateService(  456): retry (wakeup: true) in 21599998 ms
I/SystemUpdate.Download(  456): Started a new update download: http://android.clients.google.com/packages/ota/google_crespo/hR7QFEtn.zip (id 21; allowMobile=false)
V/SystemUpdateService(  456): onPostExecute: false
D/dalvikvm(  218): GC_CONCURRENT freed 385K, 10% free 9666K/10695K, paused 2ms+4ms
I/DownloadManager(  265): Initiating request for download 21
W/DownloadManager(  265): Aborting request for download 21: no network connection available
I/EventLogService(  456): Aggregate from 1333886613080 (log), 1333886613080 (data)
I/ServiceDumpSys(  456): dumping service [account]
I/EventLogService(  456): Aggregate from 1333888413206 (log), 1333888413206 (data)
I/ServiceDumpSys(  456): dumping service [account]
D/dalvikvm(  148): GC_CONCURRENT freed 1118K, 11% free 13639K/15239K, paused 3ms+5ms
I/EventLogService(  456): Aggregate from 1333890213325 (log), 1333890213325 (data)
D/dalvikvm(  456): GC_CONCURRENT freed 374K, 8% free 10004K/10759K, paused 2ms+2ms
I/ServiceDumpSys(  456): dumping service [account]
D/dalvikvm(  456): GC_EXPLICIT freed 94K, 8% free 9975K/10759K, paused 2ms+2ms
I/EventLogService(  456): Aggregate from 1333892013427 (log), 1333892013427 (data)
I/ServiceDumpSys(  456): dumping service [account]
I/EventLogService(  456): Aggregate from 1333893813592 (log), 1333893813592 (data)
I/ServiceDumpSys(  456): dumping service [account]
D/dalvikvm(  148): GC_CONCURRENT freed 1068K, 11% free 13631K/15239K, paused 3ms+5ms
I/EventLogService(  456): Aggregate from 1333895613715 (log), 1333895613715 (data)
I/ServiceDumpSys(  456): dumping service [account]
I/EventLogService(  456): Aggregate from 1333897413822 (log), 1333897413822 (data)
I/ServiceDumpSys(  456): dumping service [account]
I/EventLogService(  456): Aggregate from 1333899213943 (log), 1333899213943 (data)
I/ServiceDumpSys(  456): dumping service [account]
D/dalvikvm(  456): GC_CONCURRENT freed 380K, 8% free 9989K/10759K, paused 1ms+2ms
D/dalvikvm(  148): GC_CONCURRENT freed 1077K, 11% free 13630K/15239K, paused 3ms+5ms
I/EventLogService(  456): Aggregate from 1333901014067 (log), 1333901014067 (data)
I/ServiceDumpSys(  456): dumping service [account]
I/EventLogService(  456): Aggregate from 1333902814215 (log), 1333902814215 (data)
I/ServiceDumpSys(  456): dumping service [account]
I/EventLogService(  456): Aggregate from 1333904614341 (log), 1333904614341 (data)
I/ServiceDumpSys(  456): dumping service [account]
D/dalvikvm(  148): GC_CONCURRENT freed 1032K, 11% free 13625K/15239K, paused 3ms+6ms
I/EventLogService(  456): Aggregate from 1333906414467 (log), 1333906414467 (data)
I/ServiceDumpSys(  456): dumping service [account]
I/SystemUpdateService(  456): download in progress: [id: 21 compl: false succ: false bytes: 0 reason: 0 fn: null]
I/SystemUpdateService(  456): download took too long; will cancel and retry
D/dalvikvm(  456): GC_CONCURRENT freed 410K, 8% free 9992K/10759K, paused 2ms+3ms
V/SystemUpdateService(  456): retry (wakeup: true) in 509910 ms
V/SystemUpdateService(  456): onPostExecute: false
D/dalvikvm(  148): GC_EXPLICIT freed 202K, 11% free 13592K/15239K, paused 3ms+5ms
I/SystemUpdateService(  456): starting download of http://android.clients.google.com/packages/ota/google_crespo/hR7QFEtn.zip
V/SystemUpdateService(  456): retry (wakeup: true) in 21599998 ms
I/SystemUpdate.Download(  456): Started a new update download: http://android.clients.google.com/packages/ota/google_crespo/hR7QFEtn.zip (id 22; allowMobile=false)
V/SystemUpdateService(  456): onPostExecute: false
I/DownloadManager(  265): Initiating request for download 22
W/DownloadManager(  265): Aborting request for download 22: no network connection available
D/dalvikvm(  218): GC_CONCURRENT freed 389K, 10% free 9664K/10695K, paused 2ms+3ms
I/EventLogService(  456): Aggregate from 1333908214600 (log), 1333908214600 (data)
I/ServiceDumpSys(  456): dumping service [account]
I/EventLogService(  456): Aggregate from 1333910014712 (log), 1333910014712 (data)
I/ServiceDumpSys(  456): dumping service [account]
D/dalvikvm(  148): GC_CONCURRENT freed 990K, 11% free 13634K/15239K, paused 4ms+6ms
I/EventLogService(  456): Aggregate from 1333911814819 (log), 1333911814819 (data)
D/dalvikvm(  456): GC_CONCURRENT freed 369K, 7% free 10016K/10759K, paused 14ms+2ms
I/ServiceDumpSys(  456): dumping service [account]
I/EventLogService(  456): Aggregate from 1333913614938 (log), 1333913614938 (data)
I/ServiceDumpSys(  456): dumping service [account]
I/EventLogService(  456): Aggregate from 1333915415271 (log), 1333915415271 (data)
I/ServiceDumpSys(  456): dumping service [account]
I/EventLogService(  456): Aggregate from 1333917215396 (log), 1333917215396 (data)
D/dalvikvm(  148): GC_CONCURRENT freed 1035K, 11% free 13639K/15239K, paused 2ms+4ms
I/ServiceDumpSys(  456): dumping service [account]
I/EventLogService(  456): Aggregate from 1333919015541 (log), 1333919015541 (data)
I/ServiceDumpSys(  456): dumping service [account]
I/power   (  148): *** set_screen_state 1
W/PowerUI (  218): unknown intent: Intent { act=android.intent.action.ACTION_POWER_CONNECTED flg=0x10000010 }
I/WindowManager(  148): Lock screen displayed!
D/PicasaSyncManager(  962): battery info: true
D/dalvikvm( 1018): GC_CONCURRENT freed 493K, 6% free 9392K/9991K, paused 2ms+2ms
D/SurfaceFlinger(   78): Screen about to return, flinger = 0x556918
I/power   (  148): *** set_screen_state 0
D/SurfaceFlinger(   78): About to give-up screen, flinger = 0x556918
D/dalvikvm(  148): GC_CONCURRENT freed 1155K, 11% free 13641K/15239K, paused 12ms+5ms
D/dalvikvm(  148): GC_FOR_ALLOC freed 72K, 9% free 13923K/15239K, paused 45ms
I/dalvikvm-heap(  148): Grow heap (frag case) to 13.774MB for 104992-byte allocation
D/dalvikvm(  148): GC_FOR_ALLOC freed 2K, 9% free 14023K/15367K, paused 41ms
I/UsageStats(  148): Deleting usage file : usage-20120315
D/dalvikvm(  148): GC_FOR_ALLOC freed 13K, 9% free 14045K/15367K, paused 40ms
I/dalvikvm-heap(  148): Grow heap (frag case) to 13.893MB for 104992-byte allocation
D/dalvikvm(  148): GC_FOR_ALLOC freed 1K, 9% free 14147K/15495K, paused 41ms
D/dalvikvm(  148): GC_FOR_ALLOC freed 4K, 9% free 14147K/15495K, paused 39ms
I/dalvikvm-heap(  148): Grow heap (frag case) to 13.993MB for 104992-byte allocation
D/dalvikvm(  148): GC_FOR_ALLOC freed <1K, 9% free 14250K/15623K, paused 41ms
V/TransportControlView(  148): Create TCV com.android.internal.widget.TransportControlView@413375a0
D/dalvikvm(  218): GC_CONCURRENT freed 310K, 9% free 9776K/10695K, paused 1ms+2ms
I/StorageNotification(  218): UMS connection changed to true (media state mounted)
I/StorageNotification(  218): UMS connection changed to true (media state mounted)
D/dalvikvm(  218): GC_FOR_ALLOC freed 54K, 7% free 9968K/10695K, paused 14ms
I/dalvikvm-heap(  218): Grow heap (frag case) to 9.978MB for 184336-byte allocation
D/dalvikvm(  218): GC_FOR_ALLOC freed 9K, 7% free 10139K/10887K, paused 14ms
D/dalvikvm(  218): GC_FOR_ALLOC freed 182K, 9% free 9963K/10887K, paused 14ms
D/dalvikvm(  218): GC_CONCURRENT freed 480K, 10% free 9907K/10887K, paused 2ms+2ms
D/dalvikvm(  218): GC_CONCURRENT freed 260K, 7% free 10144K/10887K, paused 3ms+5ms
I/EventLogService(  456): Aggregate from 1333920815735 (log), 1333920815735 (data)
D/dalvikvm(  456): GC_CONCURRENT freed 410K, 8% free 9992K/10759K, paused 2ms+3ms
I/ServiceDumpSys(  456): dumping service [account]
