I/SystemUpdate.Download(  452): Started a new update download: http://android.clients.google.com/packages/ota/google_crespo/hR7QFEtn.zip (id 21; allowMobile=false)
V/SystemUpdateService(  452): onPostExecute: false
I/DownloadManager(  266): Initiating request for download 21
W/DownloadManager(  266): Aborting request for download 21: no network connection available
I/EventLogService(  452): Aggregate from 1333863289787 (log), 1333863289787 (data)
I/ServiceDumpSys(  452): dumping service [account]
I/DownloadManager(  266): Initiating request for download 22
W/DownloadManager(  266): Aborting request for download 22: no network connection available
I/EventLogService(  452): Aggregate from 1333865090105 (log), 1333865090105 (data)
I/ServiceDumpSys(  452): dumping service [account]
I/System.out( 1907): [INFO:129646048]: c: Running flush
I/System.out( 1907): [INFO:129646049]: c: Sending payload [bytes=320]
I/System.out( 1907): [SEVERE:129646054]: c: AsyncHttpRequestImpl.run(): exception thrown : Unable to resolve host "www.google.com": No address associated with hostname: java.net.UnknownHostException
D/dalvikvm(  154): GC_CONCURRENT freed 1077K, 13% free 13788K/15687K, paused 4ms+5ms
D/dalvikvm(  218): GC_CONCURRENT freed 329K, 10% free 9963K/11015K, paused 2ms+4ms
I/EventLogService(  452): Aggregate from 1333866890217 (log), 1333866890217 (data)
I/ServiceDumpSys(  452): dumping service [account]
I/EventLogService(  452): Aggregate from 1333868690462 (log), 1333868690462 (data)
D/dalvikvm(  452): GC_CONCURRENT freed 392K, 8% free 9996K/10823K, paused 2ms+3ms
I/ServiceDumpSys(  452): dumping service [account]
I/EventLogService(  452): Aggregate from 1333870490567 (log), 1333870490567 (data)
I/ServiceDumpSys(  452): dumping service [account]
D/dalvikvm(  154): GC_CONCURRENT freed 1184K, 13% free 13792K/15687K, paused 3ms+6ms
I/EventLogService(  452): Aggregate from 1333872290813 (log), 1333872290813 (data)
I/ServiceDumpSys(  452): dumping service [account]
E/GPS     (  154): [assist_gps_request_set_id][line = 1197] : Failed with INVALID SET-ID TYPE
I/GPS     (  154): gps_engine_status_update: called acquire_wakelock_cb
E/GpsLocationProvider(  154): Error getting cell location info.
D/dalvikvm(  218): GC_CONCURRENT freed 358K, 10% free 9996K/11015K, paused 2ms+4ms
D/dalvikvm(  218): GC_FOR_ALLOC freed 453K, 11% free 9900K/11015K, paused 15ms
D/dalvikvm(  218): GC_FOR_ALLOC freed 324K, 11% free 9900K/11015K, paused 14ms
D/dalvikvm(  218): GC_FOR_ALLOC freed 371K, 11% free 9900K/11015K, paused 16ms
D/dalvikvm(  218): GC_CONCURRENT freed 262K, 9% free 10081K/11015K, paused 6ms+2ms
E/GpsLocationProvider(  154): Error getting cell location info.
D/dalvikvm(  154): GC_CONCURRENT freed 989K, 12% free 13871K/15687K, paused 2ms+6ms
E/GpsLocationProvider(  154): Error getting cell location info.
D/dalvikvm(  309): GC_CONCURRENT freed 426K, 6% free 9491K/10055K, paused 2ms+5ms
D/dalvikvm( 1907): GC_CONCURRENT freed 383K, 8% free 10021K/10823K, paused 2ms+1ms
D/dalvikvm(  218): GC_FOR_ALLOC freed 395K, 11% free 9908K/11015K, paused 17ms
D/dalvikvm(  218): GC_FOR_ALLOC freed 321K, 11% free 9898K/11015K, paused 17ms
D/dalvikvm(  218): GC_CONCURRENT freed 320K, 10% free 10011K/11015K, paused 2ms+2ms
I/GPS     (  154): gps_engine_status_update: called release_wakelock_cb
I/EventLogService(  452): Aggregate from 1333874091109 (log), 1333874091109 (data)
I/ServiceDumpSys(  452): dumping service [account]
I/EventLogService(  452): Aggregate from 1333875891221 (log), 1333875891221 (data)
I/ServiceDumpSys(  452): dumping service [account]
D/dalvikvm(  452): GC_CONCURRENT freed 387K, 8% free 9995K/10823K, paused 2ms+5ms
D/dalvikvm(  154): GC_CONCURRENT freed 1123K, 12% free 13861K/15687K, paused 2ms+6ms
I/EventLogService(  452): Aggregate from 1333877691465 (log), 1333877691465 (data)
I/ServiceDumpSys(  452): dumping service [account]
I/EventLogService(  452): Aggregate from 1333879491783 (log), 1333879491783 (data)
I/ServiceDumpSys(  452): dumping service [account]
I/EventLogService(  452): Aggregate from 1333881291873 (log), 1333881291873 (data)
I/ServiceDumpSys(  452): dumping service [account]
D/dalvikvm(  218): GC_CONCURRENT freed 435K, 10% free 9968K/11015K, paused 1ms+7ms
D/dalvikvm(  154): GC_CONCURRENT freed 1280K, 13% free 13791K/15687K, paused 3ms+13ms
I/EventLogService(  452): Aggregate from 1333883092123 (log), 1333883092123 (data)
I/ServiceDumpSys(  452): dumping service [account]
I/SystemUpdateService(  452): download in progress: [id: 21 compl: false succ: false bytes: 0 reason: 0 fn: null]
I/SystemUpdateService(  452): download took too long; will cancel and retry
D/dalvikvm(  452): GC_CONCURRENT freed 430K, 8% free 9999K/10823K, paused 2ms+3ms
V/SystemUpdateService(  452): retry (wakeup: true) in 449891 ms
V/SystemUpdateService(  452): onPostExecute: false
I/EventLogService(  452): Aggregate from 1333884892224 (log), 1333884892224 (data)
I/ServiceDumpSys(  452): dumping service [account]
D/dalvikvm(  154): GC_EXPLICIT freed 599K, 13% free 13772K/15687K, paused 3ms+5ms
I/SystemUpdateService(  452): starting download of http://android.clients.google.com/packages/ota/google_crespo/hR7QFEtn.zip
V/SystemUpdateService(  452): retry (wakeup: true) in 21599997 ms
I/SystemUpdate.Download(  452): Started a new update download: http://android.clients.google.com/packages/ota/google_crespo/hR7QFEtn.zip (id 23; allowMobile=false)
V/SystemUpdateService(  452): onPostExecute: false
I/DownloadManager(  266): Initiating request for download 23
W/DownloadManager(  266): Aborting request for download 23: no network connection available
I/EventLogService(  452): Aggregate from 1333886692367 (log), 1333886692367 (data)
I/ServiceDumpSys(  452): dumping service [account]
I/EventLogService(  452): Aggregate from 1333888492448 (log), 1333888492448 (data)
I/ServiceDumpSys(  452): dumping service [account]
D/dalvikvm(  452): GC_CONCURRENT freed 367K, 8% free 10021K/10823K, paused 2ms+3ms
D/dalvikvm(  218): GC_CONCURRENT freed 407K, 10% free 9959K/11015K, paused 2ms+7ms
D/dalvikvm(  154): GC_CONCURRENT freed 1058K, 13% free 13794K/15687K, paused 2ms+9ms
I/EventLogService(  452): Aggregate from 1333890292568 (log), 1333890292568 (data)
I/ServiceDumpSys(  452): dumping service [account]
E/GPS     (  154): [assist_gps_request_set_id][line = 1197] : Failed with INVALID SET-ID TYPE
I/GPS     (  154): gps_engine_status_update: called acquire_wakelock_cb
E/GpsLocationProvider(  154): Error getting cell location info.
D/dalvikvm(  218): GC_CONCURRENT freed 354K, 9% free 10107K/11015K, paused 2ms+6ms
D/dalvikvm(  218): GC_FOR_ALLOC freed 351K, 11% free 9901K/11015K, paused 15ms
D/dalvikvm(  218): GC_CONCURRENT freed 351K, 10% free 9952K/11015K, paused 3ms+2ms
E/GpsLocationProvider(  154): Error getting cell location info.
D/dalvikvm(  154): GC_CONCURRENT freed 980K, 12% free 13886K/15687K, paused 34ms+7ms
E/GpsLocationProvider(  154): Error getting cell location info.
D/dalvikvm( 1907): GC_CONCURRENT freed 386K, 8% free 10021K/10823K, paused 34ms+2ms
D/dalvikvm(  218): GC_CONCURRENT freed 269K, 9% free 10086K/11015K, paused 2ms+2ms
D/dalvikvm(  218): GC_FOR_ALLOC freed 339K, 11% free 9899K/11015K, paused 15ms
D/dalvikvm(  218): GC_FOR_ALLOC freed 337K, 11% free 9899K/11015K, paused 15ms
I/GPS     (  154): gps_engine_status_update: called release_wakelock_cb
I/EventLogService(  452): Aggregate from 1333892092805 (log), 1333892092805 (data)
I/ServiceDumpSys(  452): dumping service [account]
I/EventLogService(  452): Aggregate from 1333893892884 (log), 1333893892884 (data)
I/ServiceDumpSys(  452): dumping service [account]
D/dalvikvm(  154): GC_CONCURRENT freed 1202K, 12% free 13873K/15687K, paused 2ms+10ms
D/dalvikvm(  218): GC_CONCURRENT freed 380K, 11% free 9906K/11015K, paused 2ms+2ms
I/EventLogService(  452): Aggregate from 1333895693105 (log), 1333895693105 (data)
I/ServiceDumpSys(  452): dumping service [account]
I/EventLogService(  452): Aggregate from 1333897493255 (log), 1333897493255 (data)
D/dalvikvm(  452): GC_CONCURRENT freed 396K, 8% free 10012K/10823K, paused 1ms+2ms
I/ServiceDumpSys(  452): dumping service [account]
I/EventLogService(  452): Aggregate from 1333899293360 (log), 1333899293360 (data)
I/ServiceDumpSys(  452): dumping service [account]
D/dalvikvm(  154): GC_CONCURRENT freed 1170K, 12% free 13818K/15687K, paused 2ms+5ms
I/EventLogService(  452): Aggregate from 1333901093494 (log), 1333901093494 (data)
I/ServiceDumpSys(  452): dumping service [account]
I/EventLogService(  452): Aggregate from 1333902893792 (log), 1333902893792 (data)
I/ServiceDumpSys(  452): dumping service [account]
D/dalvikvm(  218): GC_CONCURRENT freed 335K, 10% free 9962K/11015K, paused 2ms+4ms
I/EventLogService(  452): Aggregate from 1333904694129 (log), 1333904694129 (data)
I/ServiceDumpSys(  452): dumping service [account]
D/dalvikvm(  452): GC_CONCURRENT freed 421K, 8% free 9995K/10823K, paused 3ms+3ms
D/dalvikvm(  154): GC_CONCURRENT freed 1109K, 13% free 13799K/15687K, paused 4ms+5ms
I/EventLogService(  452): Aggregate from 1333906494248 (log), 1333906494248 (data)
I/ServiceDumpSys(  452): dumping service [account]
I/SystemUpdateService(  452): download in progress: [id: 23 compl: false succ: false bytes: 0 reason: 0 fn: null]
I/SystemUpdateService(  452): download took too long; will cancel and retry
V/SystemUpdateService(  452): retry (wakeup: true) in 509864 ms
V/SystemUpdateService(  452): onPostExecute: false
D/dalvikvm(  266): GC_CONCURRENT freed 420K, 6% free 9311K/9863K, paused 1ms+3ms
I/SystemUpdateService(  452): starting download of http://android.clients.google.com/packages/ota/google_crespo/hR7QFEtn.zip
V/SystemUpdateService(  452): retry (wakeup: true) in 21599997 ms
I/SystemUpdate.Download(  452): Started a new update download: http://android.clients.google.com/packages/ota/google_crespo/hR7QFEtn.zip (id 24; allowMobile=false)
V/SystemUpdateService(  452): onPostExecute: false
I/DownloadManager(  266): Initiating request for download 24
W/DownloadManager(  266): Aborting request for download 24: no network connection available
I/EventLogService(  452): Aggregate from 1333908294453 (log), 1333908294453 (data)
I/ServiceDumpSys(  452): dumping service [account]
I/System.out( 1907): [INFO:173259122]: c: Running flush
I/System.out( 1907): [INFO:173259123]: c: Sending payload [bytes=320]
I/System.out( 1907): [SEVERE:173259128]: c: AsyncHttpRequestImpl.run(): exception thrown : Unable to resolve host "www.google.com": No address associated with hostname: java.net.UnknownHostException
E/GPS     (  154): [assist_gps_request_set_id][line = 1197] : Failed with INVALID SET-ID TYPE
I/GPS     (  154): gps_engine_status_update: called acquire_wakelock_cb
E/GpsLocationProvider(  154): Error getting cell location info.
D/dalvikvm(  218): GC_FOR_ALLOC freed 329K, 10% free 9982K/11015K, paused 16ms
D/dalvikvm(  218): GC_FOR_ALLOC freed 438K, 11% free 9900K/11015K, paused 14ms
D/dalvikvm(  218): GC_FOR_ALLOC freed 317K, 11% free 9900K/11015K, paused 15ms
D/dalvikvm(  218): GC_FOR_ALLOC freed 352K, 11% free 9900K/11015K, paused 16ms
D/dalvikvm(  218): GC_CONCURRENT freed 236K, 9% free 10081K/11015K, paused 3ms+5ms
D/dalvikvm(  154): GC_CONCURRENT freed 1035K, 12% free 13837K/15687K, paused 2ms+7ms
E/GpsLocationProvider(  154): Error getting cell location info.
D/dalvikvm(  452): GC_CONCURRENT freed 382K, 8% free 9998K/10823K, paused 2ms+2ms
E/GpsLocationProvider(  154): Error getting cell location info.
D/dalvikvm( 1907): GC_CONCURRENT freed 384K, 8% free 10022K/10823K, paused 13ms+2ms
I/EventLogService(  452): Aggregate from 1333910094564 (log), 1333910094564 (data)
I/ServiceDumpSys(  452): dumping service [account]
D/dalvikvm(  154): GC_CONCURRENT freed 979K, 12% free 13938K/15687K, paused 3ms+6ms
D/dalvikvm(  154): GC_EXPLICIT freed 214K, 13% free 13761K/15687K, paused 20ms+5ms
D/dalvikvm(  218): GC_FOR_ALLOC freed 399K, 11% free 9908K/11015K, paused 17ms
D/dalvikvm(  218): GC_FOR_ALLOC freed 324K, 11% free 9898K/11015K, paused 16ms
D/dalvikvm(  218): GC_FOR_ALLOC freed 324K, 11% free 9898K/11015K, paused 18ms
I/GPS     (  154): gps_engine_status_update: called release_wakelock_cb
I/EventLogService(  452): Aggregate from 1333911894729 (log), 1333911894729 (data)
I/ServiceDumpSys(  452): dumping service [account]
I/EventLogService(  452): Aggregate from 1333913694858 (log), 1333913694858 (data)
I/ServiceDumpSys(  452): dumping service [account]
I/EventLogService(  452): Aggregate from 1333915495109 (log), 1333915495109 (data)
I/ServiceDumpSys(  452): dumping service [account]
D/dalvikvm(  218): GC_CONCURRENT freed 372K, 10% free 9924K/11015K, paused 2ms+3ms
D/dalvikvm(  154): GC_CONCURRENT freed 1035K, 12% free 13806K/15687K, paused 2ms+5ms
I/EventLogService(  452): Aggregate from 1333917295228 (log), 1333917295228 (data)
D/dalvikvm(  452): GC_CONCURRENT freed 412K, 8% free 9996K/10823K, paused 4ms+2ms
I/ServiceDumpSys(  452): dumping service [account]
I/EventLogService(  452): Aggregate from 1333919095450 (log), 1333919095450 (data)
I/ServiceDumpSys(  452): dumping service [account]
D/dalvikvm(  452): GC_EXPLICIT freed 132K, 8% free 9985K/10823K, paused 3ms+4ms
I/EventLogService(  452): Aggregate from 1333920895801 (log), 1333920895801 (data)
I/ServiceDumpSys(  452): dumping service [account]
D/dalvikvm(  154): GC_CONCURRENT freed 1086K, 12% free 13811K/15687K, paused 3ms+9ms
D/dalvikvm( 1302): GC_EXPLICIT freed 277K, 6% free 10112K/10695K, paused 27ms+6ms
I/EventLogService(  452): Aggregate from 1333922696148 (log), 1333922696148 (data)
I/ServiceDumpSys(  452): dumping service [account]
I/power   (  154): *** set_screen_state 1
W/PowerUI (  218): unknown intent: Intent { act=android.intent.action.ACTION_POWER_CONNECTED flg=0x10000010 }
I/WindowManager(  154): Lock screen displayed!
D/PicasaSyncManager(  984): battery info: true
D/SurfaceFlinger(   78): Screen about to return, flinger = 0x1c4a918
D/dalvikvm(  218): GC_CONCURRENT freed 348K, 10% free 10008K/11015K, paused 2ms+4ms
I/StorageNotification(  218): UMS connection changed to true (media state mounted)
I/StorageNotification(  218): UMS connection changed to true (media state mounted)
D/dalvikvm(  218): GC_CONCURRENT freed 296K, 8% free 10214K/11015K, paused 1ms+2ms
D/dalvikvm(  218): GC_FOR_ALLOC freed 199K, 9% free 10112K/11015K, paused 32ms
D/dalvikvm(  218): GC_FOR_ALLOC freed 238K, 9% free 10064K/11015K, paused 24ms
D/dalvikvm(  218): GC_FOR_ALLOC freed 56K, 8% free 10196K/11015K, paused 34ms
I/dalvikvm-heap(  218): Grow heap (frag case) to 10.202MB for 186256-byte allocation
D/dalvikvm(  218): GC_FOR_ALLOC freed <1K, 8% free 10377K/11207K, paused 25ms
D/PhoneStatusBar(  218): disable: < expand icons alerts ticker system_info BACK HOME recent* CLOCK >
D/PhoneStatusBar(  218): disable: < expand icons alerts ticker system_info back* home* recent clock* >
D/AudioHardware(   81): AudioHardware pcm playback is exiting standby.
D/AudioHardware(   81): openPcmOut_l() mPcmOpenCnt: 0
W/InputManagerService(  154): Window already focused, ignoring focus gain of: com.android.internal.view.IInputMethodClient$Stub$Proxy@4157a488
D/AudioHardware(   81): AudioHardware pcm playback is going to standby.
D/AudioHardware(   81): closePcmOut_l() mPcmOpenCnt: 1
I/dalvikvm(  218): Jit: resizing JitTable from 4096 to 8192
I/ActivityManager(  154): START {flg=0x10000000 cmp=com.android.systemui/.usb.UsbStorageActivity bnds=[0,119][480,215]} from pid -1
D/AudioHardware(   81): AudioHardware pcm playback is exiting standby.
D/AudioHardware(   81): openPcmOut_l() mPcmOpenCnt: 0
W/KeyguardViewMediator(  154): verifyUnlock called when not externally disabled
D/OpenGLRenderer(  341): Flushing caches (mode 1)
D/OpenGLRenderer(  341): Flushing caches (mode 0)
I/UsageStats(  154): Deleting usage file : usage-20120219
D/dalvikvm(  218): GC_FOR_ALLOC freed 183K, 8% free 10358K/11207K, paused 92ms
I/dalvikvm-heap(  218): Grow heap (frag case) to 10.460MB for 291616-byte allocation
D/dalvikvm(  218): GC_FOR_ALLOC freed 14K, 8% free 10628K/11527K, paused 26ms
D/VoldCmdListener(   72): volume shared /mnt/sdcard ums
D/libEGL  (  218): loaded /system/lib/egl/libGLES_android.so
D/libEGL  (  218): loaded /vendor/lib/egl/libEGL_POWERVR_SGX540_120.so
D/libEGL  (  218): loaded /vendor/lib/egl/libGLESv1_CM_POWERVR_SGX540_120.so
D/libEGL  (  218): loaded /vendor/lib/egl/libGLESv2_POWERVR_SGX540_120.so
D/OpenGLRenderer(  218): Enabling debug mode 0
I/ActivityManager(  154): Displayed com.android.systemui/.usb.UsbStorageActivity: +764ms
D/VoldCmdListener(   72): storage users /mnt/sdcard
I/PackageManager(  154): Updating external media status from mounted to unmounted
D/VoldCmdListener(   72): asec list
I/PackageManager(  154): No secure containers on sdcard
W/InputManagerService(  154): Window already focused, ignoring focus gain of: com.android.internal.view.IInputMethodClient$Stub$Proxy@416cd210
D/dalvikvm(  154): GC_CONCURRENT freed 1003K, 12% free 13886K/15687K, paused 5ms+8ms
D/VoldCmdListener(   72): storage users /mnt/sdcard
W/ActivityManager(  154): Killing processes unmount media at adjustment 9
W/ActivityManager(  154): Killing ProcessRecord{417a9000 1302:com.google.android.apps.maps/10032} (adj 10): unmount media
D/VoldCmdListener(   72): storage users /mnt/sdcard
D/dalvikvm(  154): GC_EXPLICIT freed 887K, 17% free 13042K/15687K, paused 3ms+5ms
I/PackageManager(  154): Updating external media status from unmounted to unmounted
D/VoldCmdListener(   72): volume unmount /mnt/sdcard force
D/Vold    (   72): Volume sdcard state changing 4 (Mounted) -> 5 (Unmounting)
D/MountService(  154): sendStorageIntent Intent { act=android.intent.action.MEDIA_EJECT dat=file:///mnt/sdcard (has extras) }
I/Vold    (   72): /mnt/secure/staging/.android_secure sucessfully unmounted
I/Vold    (   72): /mnt/secure/asec sucessfully unmounted
I/Vold    (   72): /mnt/secure/staging sucessfully unmounted
I/Vold    (   72): /mnt/sdcard unmounted sucessfully
D/Vold    (   72): Volume sdcard state changing 5 (Unmounting) -> 1 (Idle-Unmounted)
I/PackageManager(  154): Updating external media status from unmounted to unmounted
D/MountService(  154): volume state changed for /mnt/sdcard (mounted -> unmounted)
D/VoldCmdListener(   72): volume share /mnt/sdcard ums
D/Vold    (   72): Volume sdcard state changing 1 (Idle-Unmounted) -> 7 (Shared-Unmounted)
D/MountService(  154): sendStorageIntent Intent { act=android.intent.action.MEDIA_UNMOUNTED dat=file:///mnt/sdcard (has extras) }
D/MediaScannerReceiver(  266): action: android.intent.action.MEDIA_UNMOUNTED path: /mnt/sdcard
W/MountService(  154): Duplicate state transition (unmounted -> unmounted) for /mnt/sdcard
D/MountService(  154): sendStorageIntent Intent { act=android.intent.action.MEDIA_UNMOUNTED dat=file:///mnt/sdcard (has extras) }
D/MediaScannerReceiver(  266): action: android.intent.action.MEDIA_UNMOUNTED path: /mnt/sdcard
D/MountService(  154): volume state changed for /mnt/sdcard (unmounted -> shared)
I/StorageNotification(  218): Media {/mnt/sdcard} state changed from {mounted} -> {unmounted}
D/VoldCmdListener(   72): volume shared /mnt/sdcard ums
D/dalvikvm(  218): GC_FOR_ALLOC freed 26K, 8% free 10709K/11527K, paused 21ms
I/dalvikvm-heap(  218): Grow heap (frag case) to 10.804MB for 291616-byte allocation
D/dalvikvm(  218): GC_FOR_ALLOC freed 5K, 8% free 10989K/11847K, paused 16ms
D/MountService(  154): sendStorageIntent Intent { act=android.intent.action.MEDIA_SHARED dat=file:///mnt/sdcard (has extras) }
I/StorageNotification(  218): Media {/mnt/sdcard} state changed from {unmounted} -> {shared}
D/dalvikvm(  218): GC_FOR_ALLOC freed 470K, 12% free 10526K/11847K, paused 17ms
D/dalvikvm(  218): GC_CONCURRENT freed 190K, 9% free 10820K/11847K, paused 2ms+3ms
D/dalvikvm(  218): GC_FOR_ALLOC freed 10K, 9% free 10809K/11847K, paused 17ms
I/dalvikvm-heap(  218): Grow heap (frag case) to 10.799MB for 184336-byte allocation
D/dalvikvm(  218): GC_FOR_ALLOC freed 0K, 9% free 10990K/12039K, paused 17ms
D/dalvikvm(  218): GC_CONCURRENT freed 776K, 11% free 10761K/12039K, paused 2ms+3ms
D/AudioHardware(   81): AudioHardware pcm playback is going to standby.
D/AudioHardware(   81): closePcmOut_l() mPcmOpenCnt: 1
