I/VCoreDaemon( 1225): 1333728437205: Loc = Location[mProvider=gps,mTime=1333814838000,mLatitude=42.36441006767144,mLongitude=-71.10175685381903,mHasAltitude=true,mAltitude=-28.0,mHasSpeed=true,mSpeed=0.0,mHasBearing=true,mBearing=74.80643,mHasAccuracy=true,mAccuracy=10.0,mExtras=Bundle[mParcelledData.dataSize=4]] Previous Region = (3,0)
I/VCoreDaemon( 1225): 1333728437206: GPS x/long:-71.10175685381903, GPS y/lat: 42.36441006767144. Region width in x: 51.96152422706632
I/VCoreDaemon( 1225): 1333728437206: location PINPOINTS to region = 3.0, previous 3
I/VCoreDaemon( 1225): 1333728437206: stay at region 3
I/NetworkThread( 1225): 1333728438609: Received UDP payload: 406
I/NetworkThread( 1225): 1333728439540: Received UDP payload: 406
I/VCoreDaemon( 1225): 1333728440151: leader to cloud hearbeat...
I/VNC:Cloud( 1225): Executing makeRequest: http://hermes5.csail.mit.edu:8212/take/3/0/5107/1333728440151/
I/VNC:Cloud( 1225): makeRequest Execute HTTP latency: 2362ms
I/VNC:Cloud( 1225): makeRequest() Cloud response length: 13157
I/VNC:Cloud( 1225): Request executed: http://hermes5.csail.mit.edu:8212/take/3/0/5107/1333728440151/
I/VCoreDaemon( 1225): 1333728442878: inside sendPacket(Packet p)
I/NetworkThread( 1225): 1333728442886: Sending UDP payload: 406
I/NetworkThread( 1225): 1333728444533: Received UDP payload: 406
W/NetworkStats(  154): dropping UID delta from unknown iface: iface=wlan0 uid=10067 set=FOREGROUND tag=0x0 rxBytes=5317 rxPackets=11 txBytes=2170 txPackets=5 operations=0
I/VCoreDaemon( 1225): 1333728447888: inside sendPacket(Packet p)
I/NetworkThread( 1225): 1333728447889: Sending UDP payload: 406
I/NetworkThread( 1225): 1333728448625: Received UDP payload: 406
I/StatusActivity( 1225): 1333728451233: .......... GPS onLocationChanged ...... 
I/VCoreDaemon( 1225): 1333728451235: Loc = Location[mProvider=gps,mTime=1333814852000,mLatitude=42.364423961328114,mLongitude=-71.10176246605772,mHasAltitude=true,mAltitude=-19.0,mHasSpeed=true,mSpeed=0.12723505,mHasBearing=true,mBearing=7.511264,mHasAccuracy=true,mAccuracy=10.0,mExtras=Bundle[mParcelledData.dataSize=4]] Previous Region = (3,0)
I/VCoreDaemon( 1225): 1333728451250: GPS x/long:-71.10176246605772, GPS y/lat: 42.364423961328114. Region width in x: 51.96152422706632
I/VCoreDaemon( 1225): 1333728451250: location PINPOINTS to region = 3.0, previous 3
I/VCoreDaemon( 1225): 1333728451251: stay at region 3
I/VCoreDaemon( 1225): 1333728452889: inside sendPacket(Packet p)
I/NetworkThread( 1225): 1333728452898: Sending UDP payload: 406
I/StatusActivity( 1225): 1333728453213: .......... GPS onLocationChanged ...... 
I/VCoreDaemon( 1225): 1333728453214: Loc = Location[mProvider=gps,mTime=1333814854000,mLatitude=42.364435111424925,mLongitude=-71.10176462324843,mHasAltitude=true,mAltitude=-17.0,mHasSpeed=true,mSpeed=0.32435948,mHasBearing=true,mBearing=9.500107,mHasAccuracy=true,mAccuracy=10.0,mExtras=Bundle[mParcelledData.dataSize=4]] Previous Region = (3,0)
I/VCoreDaemon( 1225): 1333728453214: GPS x/long:-71.10176462324843, GPS y/lat: 42.364435111424925. Region width in x: 51.96152422706632
I/VCoreDaemon( 1225): 1333728453214: location PINPOINTS to region = 3.0, previous 3
I/VCoreDaemon( 1225): 1333728453214: stay at region 3
I/NetworkThread( 1225): 1333728453613: Received UDP payload: 406
I/StatusActivity( 1225): 1333728455247: .......... GPS onLocationChanged ...... 
I/VCoreDaemon( 1225): 1333728455250: Loc = Location[mProvider=gps,mTime=1333814856000,mLatitude=42.364447389403985,mLongitude=-71.10176666907977,mHasAltitude=true,mAltitude=-22.0,mHasSpeed=true,mSpeed=0.36463356,mHasBearing=true,mBearing=15.380579,mHasAccuracy=true,mAccuracy=15.0,mExtras=Bundle[mParcelledData.dataSize=4]] Previous Region = (3,0)
I/VCoreDaemon( 1225): 1333728455251: GPS x/long:-71.10176666907977, GPS y/lat: 42.364447389403985. Region width in x: 51.96152422706632
I/VCoreDaemon( 1225): 1333728455251: location PINPOINTS to region = 3.0, previous 3
I/VCoreDaemon( 1225): 1333728455252: stay at region 3
I/StatusActivity( 1225): 1333728457216: .......... GPS onLocationChanged ...... 
I/VCoreDaemon( 1225): 1333728457217: Loc = Location[mProvider=gps,mTime=1333814858000,mLatitude=42.36446039714613,mLongitude=-71.10176744433323,mHasAltitude=true,mAltitude=-22.0,mHasSpeed=true,mSpeed=0.41214097,mHasBearing=true,mBearing=15.746408,mHasAccuracy=true,mAccuracy=15.0,mExtras=Bundle[mParcelledData.dataSize=4]] Previous Region = (3,0)
I/VCoreDaemon( 1225): 1333728457218: GPS x/long:-71.10176744433323, GPS y/lat: 42.36446039714613. Region width in x: 51.96152422706632
I/VCoreDaemon( 1225): 1333728457218: location PINPOINTS to region = 3.0, previous 3
I/VCoreDaemon( 1225): 1333728457218: stay at region 3
I/VCoreDaemon( 1225): 1333728457892: inside sendPacket(Packet p)
I/NetworkThread( 1225): 1333728457896: Sending UDP payload: 406
I/StatusActivity( 1225): 1333728459243: .......... GPS onLocationChanged ...... 
I/VCoreDaemon( 1225): 1333728459244: Loc = Location[mProvider=gps,mTime=1333814860000,mLatitude=42.36447195225401,mLongitude=-71.10176711418872,mHasAltitude=true,mAltitude=-21.0,mHasSpeed=true,mSpeed=0.40835214,mHasBearing=true,mBearing=17.532005,mHasAccuracy=true,mAccuracy=15.0,mExtras=Bundle[mParcelledData.dataSize=4]] Previous Region = (3,0)
I/VCoreDaemon( 1225): 1333728459245: GPS x/long:-71.10176711418872, GPS y/lat: 42.36447195225401. Region width in x: 51.96152422706632
I/VCoreDaemon( 1225): 1333728459245: location PINPOINTS to region = 3.0, previous 3
I/VCoreDaemon( 1225): 1333728459245: stay at region 3
I/NetworkThread( 1225): 1333728459480: Received UDP payload: 949
I/Mux     ( 1225): 1333728459526: GOT CSM_Msg
I/VCoreDaemon( 1225): 1333728459526: nonce 168 heard from src region (2,0)
I/NetworkThread( 1225): 1333728460247: Received UDP payload: 406
I/NetworkThread( 1225): 1333728460460: Received UDP payload: 949
I/Mux     ( 1225): 1333728460548: GOT CSM_Msg
I/VCoreDaemon( 1225): 1333728460549: nonce 111 heard from src region (1,0)
I/NetworkThread( 1225): 1333728460557: Received UDP payload: 949
I/Mux     ( 1225): 1333728460581: GOT CSM_Msg
I/VCoreDaemon( 1225): 1333728460581: nonce 112 heard from src region (1,0)
D/dalvikvm( 1225): GC_CONCURRENT freed 734K, 25% free 11505K/15303K, paused 11ms+3ms
I/NetworkThread( 1225): 1333728461035: Received UDP payload: 5778
I/Mux     ( 1225): 1333728461060: GOT CSM_Msg
I/VCoreDaemon( 1225): 1333728461060: nonce 171 heard from src region (2,0)
I/VCoreDaemon( 1225): 1333728462893: inside sendPacket(Packet p)
I/NetworkThread( 1225): 1333728462899: Sending UDP payload: 406
D/dalvikvm(  154): GC_CONCURRENT freed 770K, 15% free 12658K/14791K, paused 2ms+5ms
I/VCoreDaemon( 1225): 1333728467894: inside sendPacket(Packet p)
I/NetworkThread( 1225): 1333728467897: Sending UDP payload: 406
I/StatusActivity( 1225): 1333728469243: .......... GPS onLocationChanged ...... 
I/VCoreDaemon( 1225): 1333728469244: Loc = Location[mProvider=gps,mTime=1333814870000,mLatitude=42.36445703095377,mLongitude=-71.10176443153351,mHasAltitude=true,mAltitude=-24.0,mHasSpeed=true,mSpeed=0.15817957,mHasBearing=true,mBearing=168.24312,mHasAccuracy=true,mAccuracy=15.0,mExtras=Bundle[mParcelledData.dataSize=4]] Previous Region = (3,0)
I/VCoreDaemon( 1225): 1333728469244: GPS x/long:-71.10176443153351, GPS y/lat: 42.36445703095377. Region width in x: 51.96152422706632
I/VCoreDaemon( 1225): 1333728469245: location PINPOINTS to region = 3.0, previous 3
I/VCoreDaemon( 1225): 1333728469245: stay at region 3
I/StatusActivity( 1225): 1333728470246: .......... GPS onLocationChanged ...... 
I/VCoreDaemon( 1225): 1333728470247: Loc = Location[mProvider=gps,mTime=1333814871000,mLatitude=42.36444375374745,mLongitude=-71.1017755739102,mHasAltitude=true,mAltitude=-26.0,mHasSpeed=true,mSpeed=0.0,mHasBearing=true,mBearing=164.4002,mHasAccuracy=true,mAccuracy=15.0,mExtras=Bundle[mParcelledData.dataSize=4]] Previous Region = (3,0)
I/VCoreDaemon( 1225): 1333728470247: GPS x/long:-71.1017755739102, GPS y/lat: 42.36444375374745. Region width in x: 51.96152422706632
I/VCoreDaemon( 1225): 1333728470247: location PINPOINTS to region = 3.0, previous 3
I/VCoreDaemon( 1225): 1333728470248: stay at region 3
I/NetworkThread( 1225): 1333728471695: Received UDP payload: 949
I/Mux     ( 1225): 1333728471755: GOT CSM_Msg
I/VCoreDaemon( 1225): 1333728471755: nonce 115 heard from src region (1,0)
I/StatusActivity( 1225): 1333728472214: .......... GPS onLocationChanged ...... 
I/VCoreDaemon( 1225): 1333728472215: Loc = Location[mProvider=gps,mTime=1333814873000,mLatitude=42.36443349434691,mLongitude=-71.10179083074885,mHasAltitude=true,mAltitude=-23.0,mHasSpeed=true,mSpeed=0.0,mHasBearing=true,mBearing=183.45595,mHasAccuracy=true,mAccuracy=10.0,mExtras=Bundle[mParcelledData.dataSize=4]] Previous Region = (3,0)
I/VCoreDaemon( 1225): 1333728472215: GPS x/long:-71.10179083074885, GPS y/lat: 42.36443349434691. Region width in x: 51.96152422706632
I/VCoreDaemon( 1225): 1333728472215: location PINPOINTS to region = 3.0, previous 3
I/VCoreDaemon( 1225): 1333728472216: stay at region 3
I/VCoreDaemon( 1225): 1333728472878: leader to cloud hearbeat...
I/VNC:Cloud( 1225): Executing makeRequest: http://hermes5.csail.mit.edu:8212/take/3/0/5107/1333728472879/
I/NetworkThread( 1225): 1333728473099: Received UDP payload: 949
I/Mux     ( 1225): 1333728473143: GOT CSM_Msg
I/VCoreDaemon( 1225): 1333728473144: nonce 127 heard from src region (1,0)
I/NetworkThread( 1225): 1333728473227: Received UDP payload: 949
I/Mux     ( 1225): 1333728473243: GOT CSM_Msg
I/VCoreDaemon( 1225): 1333728473243: nonce 129 heard from src region (1,0)
I/NetworkThread( 1225): 1333728473418: Received UDP payload: 949
I/Mux     ( 1225): 1333728473440: GOT CSM_Msg
I/VCoreDaemon( 1225): 1333728473440: nonce 131 heard from src region (1,0)
I/NetworkThread( 1225): 1333728473522: Received UDP payload: 949
I/Mux     ( 1225): 1333728473546: GOT CSM_Msg
I/VCoreDaemon( 1225): 1333728473547: nonce 133 heard from src region (1,0)
I/NetworkThread( 1225): 1333728473553: Received UDP payload: 949
I/Mux     ( 1225): 1333728473574: GOT CSM_Msg
I/VCoreDaemon( 1225): 1333728473574: nonce 134 heard from src region (1,0)
I/NetworkThread( 1225): 1333728473574: Received UDP payload: 949
I/Mux     ( 1225): 1333728473581: GOT CSM_Msg
I/VCoreDaemon( 1225): 1333728473582: nonce 135 heard from src region (1,0)
I/NetworkThread( 1225): 1333728473615: Received UDP payload: 949
I/Mux     ( 1225): 1333728473619: GOT CSM_Msg
I/VCoreDaemon( 1225): 1333728473619: nonce 136 heard from src region (1,0)
I/NetworkThread( 1225): 1333728473707: Received UDP payload: 949
I/Mux     ( 1225): 1333728473711: GOT CSM_Msg
I/VCoreDaemon( 1225): 1333728473712: nonce 137 heard from src region (1,0)
I/VNC:Cloud( 1225): makeRequest Execute HTTP latency: 2205ms
I/VNC:Cloud( 1225): makeRequest() Cloud response length: 13157
I/VNC:Cloud( 1225): Request executed: http://hermes5.csail.mit.edu:8212/take/3/0/5107/1333728472879/
I/NetworkThread( 1225): 1333728475225: Received UDP payload: 406
I/StatusActivity( 1225): 1333728475247: .......... GPS onLocationChanged ...... 
I/VCoreDaemon( 1225): 1333728475248: Loc = Location[mProvider=gps,mTime=1333814876000,mLatitude=42.36442424330651,mLongitude=-71.1017838965353,mHasAltitude=true,mAltitude=-20.0,mHasSpeed=true,mSpeed=0.3924022,mHasBearing=true,mBearing=167.14854,mHasAccuracy=true,mAccuracy=10.0,mExtras=Bundle[mParcelledData.dataSize=4]] Previous Region = (3,0)
I/VCoreDaemon( 1225): 1333728475248: GPS x/long:-71.1017838965353, GPS y/lat: 42.36442424330651. Region width in x: 51.96152422706632
I/VCoreDaemon( 1225): 1333728475249: location PINPOINTS to region = 3.0, previous 3
I/VCoreDaemon( 1225): 1333728475249: stay at region 3
I/VCoreDaemon( 1225): 1333728475535: inside sendPacket(Packet p)
I/NetworkThread( 1225): 1333728475556: Sending UDP payload: 406
I/StatusActivity( 1225): 1333728477212: .......... GPS onLocationChanged ...... 
I/VCoreDaemon( 1225): 1333728477213: Loc = Location[mProvider=gps,mTime=1333814878000,mLatitude=42.36441335520375,mLongitude=-71.10178444503782,mHasAltitude=true,mAltitude=-21.0,mHasSpeed=true,mSpeed=0.34402835,mHasBearing=true,mBearing=189.38821,mHasAccuracy=true,mAccuracy=10.0,mExtras=Bundle[mParcelledData.dataSize=4]] Previous Region = (3,0)
I/VCoreDaemon( 1225): 1333728477214: GPS x/long:-71.10178444503782, GPS y/lat: 42.36441335520375. Region width in x: 51.96152422706632
I/VCoreDaemon( 1225): 1333728477214: location PINPOINTS to region = 3.0, previous 3
I/VCoreDaemon( 1225): 1333728477214: stay at region 3
I/StatusActivity( 1225): 1333728478237: .......... GPS onLocationChanged ...... 
I/VCoreDaemon( 1225): 1333728478238: Loc = Location[mProvider=gps,mTime=1333814879000,mLatitude=42.36440528566429,mLongitude=-71.10180066440601,mHasAltitude=true,mAltitude=-21.0,mHasSpeed=true,mSpeed=0.4619736,mHasBearing=true,mBearing=244.04398,mHasAccuracy=true,mAccuracy=10.0,mExtras=Bundle[mParcelledData.dataSize=4]] Previous Region = (3,0)
I/VCoreDaemon( 1225): 1333728478238: GPS x/long:-71.10180066440601, GPS y/lat: 42.36440528566429. Region width in x: 51.96152422706632
I/VCoreDaemon( 1225): 1333728478238: location PINPOINTS to region = 3.0, previous 3
I/VCoreDaemon( 1225): 1333728478238: stay at region 3
I/StatusActivity( 1225): 1333728479278: .......... GPS onLocationChanged ...... 
I/VCoreDaemon( 1225): 1333728479279: Loc = Location[mProvider=gps,mTime=1333814880000,mLatitude=42.36439647299413,mLongitude=-71.10181280388785,mHasAltitude=true,mAltitude=-22.0,mHasSpeed=true,mSpeed=0.0,mHasBearing=true,mBearing=231.9663,mHasAccuracy=true,mAccuracy=10.0,mExtras=Bundle[mParcelledData.dataSize=4]] Previous Region = (3,0)
I/VCoreDaemon( 1225): 1333728479279: GPS x/long:-71.10181280388785, GPS y/lat: 42.36439647299413. Region width in x: 51.96152422706632
I/VCoreDaemon( 1225): 1333728479280: location PINPOINTS to region = 3.0, previous 3
I/VCoreDaemon( 1225): 1333728479280: stay at region 3
W/NetworkStats(  154): dropping UID delta from unknown iface: iface=wlan0 uid=10067 set=FOREGROUND tag=0x0 rxBytes=21870 rxPackets=23 txBytes=2604 txPackets=6 operations=0
I/ActivityManager(  154): No longer want com.google.android.exchange (pid 589): hidden #16
I/VCoreDaemon( 1225): 1333728480559: inside sendPacket(Packet p)
I/NetworkThread( 1225): 1333728480564: Sending UDP payload: 406
D/dalvikvm(  309): GC_CONCURRENT freed 419K, 6% free 9504K/10055K, paused 3ms+2ms
I/StatusActivity( 1225): 1333728483209: .......... GPS onLocationChanged ...... 
I/VCoreDaemon( 1225): 1333728483210: Loc = Location[mProvider=gps,mTime=1333814884000,mLatitude=42.364405101675835,mLongitude=-71.10182843037002,mHasAltitude=true,mAltitude=-18.0,mHasSpeed=true,mSpeed=0.6052063,mHasBearing=true,mBearing=264.48953,mHasAccuracy=true,mAccuracy=10.0,mExtras=Bundle[mParcelledData.dataSize=4]] Previous Region = (3,0)
I/VCoreDaemon( 1225): 1333728483211: GPS x/long:-71.10182843037002, GPS y/lat: 42.364405101675835. Region width in x: 51.96152422706632
I/VCoreDaemon( 1225): 1333728483211: location PINPOINTS to region = 3.0, previous 3
I/VCoreDaemon( 1225): 1333728483211: stay at region 3
I/VCoreDaemon( 1225): 1333728485561: inside sendPacket(Packet p)
I/NetworkThread( 1225): 1333728485562: Sending UDP payload: 406
I/StatusActivity( 1225): 1333728486208: .......... GPS onLocationChanged ...... 
I/VCoreDaemon( 1225): 1333728486209: Loc = Location[mProvider=gps,mTime=1333814887000,mLatitude=42.364412138156354,mLongitude=-71.1018372449513,mHasAltitude=true,mAltitude=-22.0,mHasSpeed=true,mSpeed=0.6144383,mHasBearing=true,mBearing=264.87576,mHasAccuracy=true,mAccuracy=15.0,mExtras=Bundle[mParcelledData.dataSize=4]] Previous Region = (3,0)
I/VCoreDaemon( 1225): 1333728486210: GPS x/long:-71.1018372449513, GPS y/lat: 42.364412138156354. Region width in x: 51.96152422706632
I/VCoreDaemon( 1225): 1333728486210: location PINPOINTS to region = 3.0, previous 3
I/VCoreDaemon( 1225): 1333728486210: stay at region 3
I/NetworkThread( 1225): 1333728486516: Received UDP payload: 949
I/Mux     ( 1225): 1333728486573: GOT CSM_Msg
I/VCoreDaemon( 1225): 1333728486574: nonce 140 heard from src region (1,0)
I/StatusActivity( 1225): 1333728488210: .......... GPS onLocationChanged ...... 
I/VCoreDaemon( 1225): 1333728488211: Loc = Location[mProvider=gps,mTime=1333814889000,mLatitude=42.36441775767225,mLongitude=-71.10184827284466,mHasAltitude=true,mAltitude=-22.0,mHasSpeed=true,mSpeed=0.3338412,mHasBearing=true,mBearing=271.6371,mHasAccuracy=true,mAccuracy=10.0,mExtras=Bundle[mParcelledData.dataSize=4]] Previous Region = (3,0)
I/VCoreDaemon( 1225): 1333728488211: GPS x/long:-71.10184827284466, GPS y/lat: 42.36441775767225. Region width in x: 51.96152422706632
I/VCoreDaemon( 1225): 1333728488212: location PINPOINTS to region = 3.0, previous 3
I/VCoreDaemon( 1225): 1333728488212: stay at region 3
D/dalvikvm( 1225): GC_CONCURRENT freed 702K, 25% free 11514K/15303K, paused 2ms+2ms
D/AudioHardware(   81): AudioHardware pcm playback is exiting standby.
D/AudioHardware(   81): openPcmOut_l() mPcmOpenCnt: 0
I/VCoreDaemon( 1225): 1333728490562: inside sendPacket(Packet p)
I/NetworkThread( 1225): 1333728490563: Sending UDP payload: 406
D/AudioHardware(   81): AudioHardware pcm playback is going to standby.
D/AudioHardware(   81): closePcmOut_l() mPcmOpenCnt: 1
I/VCoreDaemon( 1225): 1333728495563: inside sendPacket(Packet p)
I/NetworkThread( 1225): 1333728495571: Sending UDP payload: 406
I/VCoreDaemon( 1225): 1333728500564: inside sendPacket(Packet p)
I/NetworkThread( 1225): 1333728500568: Sending UDP payload: 406
I/NetworkThread( 1225): 1333728503031: Received UDP payload: 406
D/dalvikvm(  154): GC_CONCURRENT freed 787K, 15% free 12656K/14791K, paused 2ms+7ms
I/NetworkThread( 1225): 1333728505381: Received UDP payload: 406
I/VCoreDaemon( 1225): 1333728505535: leader to cloud hearbeat...
I/VNC:Cloud( 1225): Executing makeRequest: http://hermes5.csail.mit.edu:8212/take/3/0/5107/1333728505535/
D/dalvikvm( 1225): GC_CONCURRENT freed 346K, 23% free 11874K/15303K, paused 3ms+3ms
I/VNC:Cloud( 1225): makeRequest Execute HTTP latency: 3483ms
I/VNC:Cloud( 1225): makeRequest() Cloud response length: 13157
I/VNC:Cloud( 1225): Request executed: http://hermes5.csail.mit.edu:8212/take/3/0/5107/1333728505535/
I/VCoreDaemon( 1225): 1333728510701: inside sendPacket(Packet p)
I/NetworkThread( 1225): 1333728510711: Sending UDP payload: 406
I/VCoreDaemon( 1225): 1333728515713: inside sendPacket(Packet p)
I/NetworkThread( 1225): 1333728515724: Sending UDP payload: 406
D/dalvikvm( 1330): GC_CONCURRENT freed 387K, 7% free 10093K/10759K, paused 16ms+3ms
W/NetworkStats(  154): dropping UID delta from unknown iface: iface=wlan0 uid=10067 set=FOREGROUND tag=0x0 rxBytes=4883 rxPackets=10 txBytes=3038 txPackets=7 operations=0
I/NetworkThread( 1225): 1333728519020: Received UDP payload: 949
I/Mux     ( 1225): 1333728519096: GOT CSM_Msg
I/VCoreDaemon( 1225): 1333728519097: nonce 89 heard from src region (4,0)
I/VCoreDaemon( 1225): 1333728520714: inside sendPacket(Packet p)
I/NetworkThread( 1225): 1333728520723: Sending UDP payload: 406
I/VCoreDaemon( 1225): 1333728525721: inside sendPacket(Packet p)
I/NetworkThread( 1225): 1333728525734: Sending UDP payload: 406
I/VCoreDaemon( 1225): 1333728530723: inside sendPacket(Packet p)
I/NetworkThread( 1225): 1333728530725: Sending UDP payload: 406
I/VCoreDaemon( 1225): 1333728535724: inside sendPacket(Packet p)
I/NetworkThread( 1225): 1333728535734: Sending UDP payload: 406
I/NetworkThread( 1225): 1333728537044: Received UDP payload: 406
I/VCoreDaemon( 1225): 1333728540701: leader to cloud hearbeat...
I/VNC:Cloud( 1225): Executing makeRequest: http://hermes5.csail.mit.edu:8212/take/3/0/5107/1333728540702/
I/NetworkThread( 1225): 1333728542039: Received UDP payload: 406
I/VNC:Cloud( 1225): makeRequest Execute HTTP latency: 2359ms
I/VNC:Cloud( 1225): makeRequest() Cloud response length: 13157
I/VNC:Cloud( 1225): Request executed: http://hermes5.csail.mit.edu:8212/take/3/0/5107/1333728540702/
I/VCoreDaemon( 1225): 1333728543371: inside sendPacket(Packet p)
I/NetworkThread( 1225): 1333728543378: Sending UDP payload: 406
I/NetworkThread( 1225): 1333728547002: Received UDP payload: 949
I/Mux     ( 1225): 1333728547012: GOT CSM_Msg
I/VCoreDaemon( 1225): 1333728547012: nonce 98 heard from src region (4,0)
I/VCoreDaemon( 1225): 1333728547013: Forwarding Atom because it's closer.
I/Mux     ( 1225): 1333728547013: I got a CSM packet at a leader 
I/NetworkThread( 1225): 1333728547028: Sending UDP payload: 949
I/VCoreDaemon( 1225): 1333728547037: nonce 98 heard from src region (4,0)
I/VCoreDaemon( 1225): 1333728547038: Received Atom already forwarded, ignoring...
W/NetworkStats(  154): dropping UID delta from unknown iface: iface=wlan0 uid=10067 set=FOREGROUND tag=0x0 rxBytes=5969 rxPackets=10 txBytes=3147 txPackets=6 operations=0
D/dalvikvm(  154): GC_CONCURRENT freed 812K, 15% free 12663K/14791K, paused 4ms+5ms
I/NetworkThread( 1225): 1333728548164: Received UDP payload: 949
I/Mux     ( 1225): 1333728548169: GOT CSM_Msg
I/VCoreDaemon( 1225): 1333728548169: nonce 103 heard from src region (4,0)
I/VCoreDaemon( 1225): 1333728548169: Forwarding Atom because it's closer.
I/Mux     ( 1225): 1333728548169: I got a CSM packet at a leader 
I/NetworkThread( 1225): 1333728548174: Sending UDP payload: 949
I/VCoreDaemon( 1225): 1333728548175: nonce 103 heard from src region (4,0)
I/VCoreDaemon( 1225): 1333728548175: Received Atom already forwarded, ignoring...
W/NetworkStats(  154): dropping UID delta from unknown iface: iface=wlan0 uid=10067 set=FOREGROUND tag=0x0 rxBytes=1954 rxPackets=2 txBytes=977 txPackets=1 operations=0
I/VCoreDaemon( 1225): 1333728548380: inside sendPacket(Packet p)
I/NetworkThread( 1225): 1333728548386: Sending UDP payload: 406
I/NetworkThread( 1225): 1333728548676: Received UDP payload: 949
I/Mux     ( 1225): 1333728548680: GOT CSM_Msg
I/VCoreDaemon( 1225): 1333728548680: nonce 108 heard from src region (4,0)
I/VCoreDaemon( 1225): 1333728548681: Forwarding Atom because it's closer.
I/Mux     ( 1225): 1333728548681: I got a CSM packet at a leader 
I/NetworkThread( 1225): 1333728548687: Sending UDP payload: 949
I/VCoreDaemon( 1225): 1333728548688: nonce 108 heard from src region (4,0)
I/VCoreDaemon( 1225): 1333728548688: Received Atom already forwarded, ignoring...
I/NetworkThread( 1225): 1333728548979: Received UDP payload: 949
I/Mux     ( 1225): 1333728549037: GOT CSM_Msg
I/VCoreDaemon( 1225): 1333728549037: nonce 111 heard from src region (4,0)
I/VCoreDaemon( 1225): 1333728549040: Forwarding Atom because it's closer.
I/Mux     ( 1225): 1333728549041: I got a CSM packet at a leader 
I/NetworkThread( 1225): 1333728549042: Sending UDP payload: 949
I/VCoreDaemon( 1225): 1333728549043: nonce 111 heard from src region (4,0)
I/VCoreDaemon( 1225): 1333728549043: Received Atom already forwarded, ignoring...
I/VCoreDaemon( 1225): 1333728553381: inside sendPacket(Packet p)
I/NetworkThread( 1225): 1333728553397: Sending UDP payload: 406
I/VCoreDaemon( 1225): 1333728558382: inside sendPacket(Packet p)
I/NetworkThread( 1225): 1333728558392: Sending UDP payload: 406
I/VCoreDaemon( 1225): 1333728563384: inside sendPacket(Packet p)
I/NetworkThread( 1225): 1333728563392: Sending UDP payload: 406
I/NetworkThread( 1225): 1333728563403: Received UDP payload: 949
I/Mux     ( 1225): 1333728563456: GOT CSM_Msg
I/VCoreDaemon( 1225): 1333728563457: nonce 121 heard from src region (4,0)
D/dalvikvm( 1225): GC_CONCURRENT freed 773K, 22% free 11942K/15303K, paused 6ms+3ms
I/VCoreDaemon( 1225): 1333728568385: inside sendPacket(Packet p)
I/NetworkThread( 1225): 1333728568394: Sending UDP payload: 406
I/StatusActivity( 1225): 1333728572544: canPressButton = TRUE
I/StatusActivity( 1225): 1333728572544: areButtonsEnabled --> false
I/StatusActivity( 1225): 1333728572545: disabling buttons ...
I/StatusActivity( 1225): 1333728572545: took picture disableButtonsR
I/StatusActivity( 1225): 1333728572549: areButtonsEnabled --> false
D/AudioHardware(   81): AudioHardware pcm playback is exiting standby.
D/AudioHardware(   81): openPcmOut_l() mPcmOpenCnt: 0
I/StatusActivity( 1225): 1333728572587: takeNum=6 takeCamGood=5 takeGoodSave=5 takeBad=0 takeTimedout=0 getNum=0 getGood=0 getBad=0 getTimedout=0
I/StatusActivity( 1225): 1333728572588: ** Clicked take picture button **
I/CameraSurfaceView( 1225): inside getCamera()
I/CameraHardwareSec(   81): int android::CameraHardwareSec::previewThreadWrapper(): calling mSecCamera->stopPreview() and waiting
I/SecCamera(   81): int android::fimc_v4l2_querybuf(int, android::fimc_buffer*, v4l2_buf_type) :
I/SecCamera(   81): int android::fimc_v4l2_querybuf(int, android::fimc_buffer*, v4l2_buf_type): buffer->start = 0x441cf000 v4l2_buf.length = 4261248
I/CameraHardwareSec(   81): == Camera Sensor Detect S5K4ECGX - Samsung LSI SOC 5M ==
D/JpegEncoder(   81): encode E
D/JpegEncoder(   81): encode X
D/SecCamera(   81): Shutter speed=542 us, iso=50
D/SecCamera(   81): AV=3, TV=11, SV=4
D/JpegEncoder(   81): makeExif E
D/JpegEncoder(   81): makeExif X
I/SecCamera(   81): int android::SecCamera::endSnapshot() :
I/SecCamera(   81): munmap():virt. addr 0x441cf000 size = 4261248
D/dalvikvm( 1225): GC_FOR_ALLOC freed 1521K, 32% free 10528K/15303K, paused 19ms
I/dalvikvm-heap( 1225): Grow heap (frag case) to 12.150MB for 1883297-byte allocation
D/dalvikvm( 1225): GC_FOR_ALLOC freed 4K, 20% free 12362K/15303K, paused 16ms
I/StatusActivity( 1225): 1333728573393: inside HandlePictureStorage onPictureTaken()
I/StatusActivity( 1225): 1333728573394: takeNum=6 takeCamGood=6 takeGoodSave=5 takeBad=0 takeTimedout=0 getNum=0 getGood=0 getBad=0 getTimedout=0
I/VCoreDaemon( 1225): 1333728573400: leader to cloud hearbeat...
I/VNC:Cloud( 1225): Executing makeRequest: http://hermes5.csail.mit.edu:8212/take/3/0/5107/1333728573401/
D/dalvikvm( 1225): GC_CONCURRENT freed 6K, 20% free 12368K/15303K, paused 2ms+3ms
D/CameraHardwareSec(   81): mPreviewHeap(fd(35), size(518400), width(720), height(480))
I/CameraHardwareSec(   81): int android::CameraHardwareSec::previewThreadWrapper(): return from wait
I/StatusActivity( 1225): 1333728573824: Picture successfully taken, ORIG BYTE LENGTH = 1883281
D/dalvikvm( 1225): GC_EXPLICIT freed <1K, 20% free 12368K/15303K, paused 17ms+3ms
I/StatusActivity( 1225): 1333728574124: Our new height x width: 240 x 320
I/StatusActivity( 1225): 1333728574125: Show photo from handle my camera take
I/StatusActivity( 1225): 1333728574125: client making photo packet to send to leader for it to save
I/StatusActivity( 1225): 1333728574151: BYTE SIZE AFTER COMPRESSION: 3897
I/StatusActivity( 1225): 1333728574152: about to send my pic
I/StatusActivity( 1225): 1333728574152: I'm a leader, upload/save new photo packet going to mux directly
I/Mux     ( 1225): 1333728574153: Inside mux Packet.CLIENT_REQUEST
I/Mux     ( 1225): 1333728574153: I'm the leader of requesting client, about to process Packet.CLIENT_REQUEST in userApp
I/UserApp ( 1225): 1333728574153: UserApp handling MY region's client request, will send atom packet to REMOTE region's handleDSMRequest
I/UserApp ( 1225): 1333728574153: request is CLIENT_NEW_PHOTO, so send atom packet to myself (remote region = me)
I/VCoreDaemon( 1225): 1333728574154: Sending PROC_REQUEST 10:7 (3,0)->(3,0)
I/VCoreDaemon( 1225): 1333728574154: Dispatching Atom PROC_REQUEST 10:7 (3,0)->(3,0)
I/Mux     ( 1225): 1333728574154: I got a CSM packet at a leader 
I/NetworkThread( 1225): 1333728574156: Sending UDP payload: 4868
I/VCoreDaemon( 1225): 1333728574157: removed replies before id 7 from sentReplies of size 0
I/UserApp ( 1225): 1333728574158: Inside UPLOAD_PHOTO!!
I/UserApp ( 1225): 1333728574160: my_gpinfo.isSuccess is now (should be true): true
I/UserApp ( 1225): 1333728574160: Region leader successfully uploaded a new photo taken by a client in region. Region leader now display the new photo on its screen (through StatusActivity)
I/StatusActivity( 1225): 1333728574161: end of client send picture method
I/VCoreDaemon( 1225): 1333728574161: Received PROC_REQUEST 10:7 (3,0)->(3,0), replying PROC_REPLY 10:7 (3,0)->(3,0)
I/VCoreDaemon( 1225): 1333728574167: Dispatching Atom PROC_REPLY 10:7 (3,0)->(3,0)
I/Mux     ( 1225): 1333728574167: I got a CSM packet at a leader 
I/NetworkThread( 1225): 1333728574182: Sending UDP payload: 949
I/VCoreDaemon( 1225): 1333728574187: Received PROC_REPLY 10:7 (3,0)->(3,0), handing to UserApp
I/UserApp ( 1225): 1333728574187: Now back in orginitator region's leader, precssing handleDSMReply
I/UserApp ( 1225): 1333728574187: Going to and from remote region took latency = 34
I/UserApp ( 1225): 1333728574188: = orig leader sent packet at 1333728574153 ~ received reply at 1333728574187
I/UserApp ( 1225): 1333728574189: Originator Region=3 Leader (for Client=5107) processes remote region's dsm atom reply and will send Packet reply to Originator Client
I/UserApp ( 1225): 1333728574189: reply packet contains the ACK for UPLOAD_PHOTO
I/UserApp ( 1225): 1333728574189: I (the leader) was also the originator client (id = 5107) so I hand the packet to my mux directly, without UDP
I/StatusActivity( 1225): 1333728574249: inside Packet.SERVER_SHOW_NEWPHOTO. I'm a leader showing my nonleader/myself client's new photo
I/StatusActivity( 1225): 1333728574250: I'm a leader and I SUCCEEDED in saving my client's new photo
I/StatusActivity( 1225): 1333728574251: now showing in UI the new photo I just saved ... 
I/StatusActivity( 1225): 1333728574251: the photo length: 3897
D/dalvikvm( 1225): GC_EXPLICIT freed 2268K, 32% free 10548K/15303K, paused 2ms+3ms
I/StatusActivity( 1225): 1333728574299: inside Packet.CLIENT_UPLOAD_PHOTO_ACK
I/StatusActivity( 1225): 1333728574300: leader upload new photo latency = 146
I/StatusActivity( 1225): 1333728574300: = leader upload start 1333728574153 ~ stop 1333728574299
I/StatusActivity( 1225): 1333728574302: takeNum=6 takeCamGood=6 takeGoodSave=6 takeBad=0 takeTimedout=0 getNum=0 getGood=0 getBad=0 getTimedout=0
I/StatusActivity( 1225): 1333728574302: SUCCESS! Client now knows saving photo on its leader succeeded
I/StatusActivity( 1225): Inside _enableButtons
I/StatusActivity( 1225): areButtonsEnabled --> true
W/InputManagerService(  154): Window already focused, ignoring focus gain of: com.android.internal.view.IInputMethodClient$Stub$Proxy@41708ec0
D/AudioHardware(   81): AudioHardware pcm playback is going to standby.
D/AudioHardware(   81): closePcmOut_l() mPcmOpenCnt: 1
I/VNC:Cloud( 1225): makeRequest Execute HTTP latency: 3922ms
I/VNC:Cloud( 1225): makeRequest() Cloud response length: 13157
I/VNC:Cloud( 1225): Request executed: http://hermes5.csail.mit.edu:8212/take/3/0/5107/1333728573401/
D/dalvikvm( 1225): GC_CONCURRENT freed 366K, 31% free 10609K/15303K, paused 3ms+3ms
I/VCoreDaemon( 1225): 1333728579022: inside sendPacket(Packet p)
I/NetworkThread( 1225): 1333728579035: Sending UDP payload: 406
I/NetworkThread( 1225): 1333728580165: Received UDP payload: 406
I/GTalkService/c(  452): [AndroidEndpoint@1094664376] connect: acct=1000000, state=CONNECTING
W/NetworkStats(  154): dropping UID delta from unknown iface: iface=wlan0 uid=10067 set=FOREGROUND tag=0x0 rxBytes=13796 rxPackets=14 txBytes=10431 txPackets=10 operations=0
I/VCoreDaemon( 1225): 1333728584037: inside sendPacket(Packet p)
I/NetworkThread( 1225): 1333728584045: Sending UDP payload: 406
I/StatusActivity( 1225): 1333728584264: .......... GPS onLocationChanged ...... 
I/VCoreDaemon( 1225): 1333728584265: Loc = Location[mProvider=gps,mTime=1333814985000,mLatitude=42.36388944783582,mLongitude=-71.10451428175367,mHasAltitude=true,mAltitude=358.0,mHasSpeed=true,mSpeed=1.5600308,mHasBearing=true,mBearing=258.9407,mHasAccuracy=true,mAccuracy=25.0,mExtras=Bundle[mParcelledData.dataSize=4]] Previous Region = (3,0)
I/VCoreDaemon( 1225): 1333728584265: GPS x/long:-71.10451428175367, GPS y/lat: 42.36388944783582. Region width in x: 51.96152422706632
I/VCoreDaemon( 1225): 1333728584266: location PINPOINTS to region = 6.0, previous 3
I/VCoreDaemon( 1225): 1333728584266: location CHANGED TO NEW region = (6,0) from region = (3,0)
I/VCoreDaemon( 1225): 1333728584266: moving from region (3,0), to (6,0)
I/VCoreDaemon( 1225): 1333728584266: change state to HANDING_OFF with parameter my previous/old region = (3,0) before helping to elect new leader in it. (btw, newRegion (6,0))
I/VCoreDaemon.java( 1225): inside stateTransition ......................................................................................
I/..... VCoreDaemon.java( 1225): targetState = HANDING_OFF
I/VCoreDaemon( 1225): 1333728584283: HANDING OFF setting leaderRegion = (3,0)
I/VCoreDaemon( 1225): 1333728584283: Trying to hand off leadership
I/..... VCoreDaemon.java( 1225): ends xxxxxxxxxxxxxxxxxxxxxxxxxxxxxxxxxxxxxxxxxxx
I/VCoreDaemon( 1225): 1333728584284: broadcasting LEADER_ELECT to old (3,0)
I/VCoreDaemon( 1225): 1333728584284: inside sendPacket(Packet p)
I/NetworkThread( 1225): 1333728584285: Sending UDP payload: 423
I/VCoreDaemon( 1225): 1333728584687: INSIDE ELECT CANDIDATE
I/VCoreDaemon( 1225): 1333728584688: CANDIDATE SIZE is 0
I/UserApp ( 1225): 1333728584689: UserApp stopped.
I/VCoreDaemon( 1225): 1333728584689: DSMLayer stopped
I/VCoreDaemon( 1225): 1333728584698: serializing DSMLayer to JSON
W/meterizedTypeHandlerMap( 1225): Overriding the existing type handler for {0}
W/meterizedTypeHandlerMap( 1225): Overriding the existing type handler for {0}
D/dalvikvm( 1225): GC_CONCURRENT freed 451K, 31% free 10644K/15303K, paused 2ms+3ms
D/dalvikvm( 1225): GC_CONCURRENT freed 463K, 31% free 10671K/15303K, paused 2ms+4ms
I/NetworkThread( 1225): 1333728585178: Received UDP payload: 406
I/StatusActivity( 1225): 1333728585249: .......... GPS onLocationChanged ...... 
I/VCoreDaemon( 1225): 1333728585250: Loc = Location[mProvider=gps,mTime=1333814986000,mLatitude=42.363853491180734,mLongitude=-71.10444872346662,mHasAltitude=true,mAltitude=365.0,mHasSpeed=true,mSpeed=1.6979549,mHasBearing=true,mBearing=274.4729,mHasAccuracy=true,mAccuracy=40.0,mExtras=Bundle[mParcelledData.dataSize=4]] Previous Region = (6,0)
I/VCoreDaemon( 1225): 1333728585250: GPS x/long:-71.10444872346662, GPS y/lat: 42.363853491180734. Region width in x: 51.96152422706632
I/VCoreDaemon( 1225): 1333728585250: location PINPOINTS to region = 6.0, previous 6
I/VCoreDaemon( 1225): 1333728585250: stay at region 6
D/dalvikvm( 1225): GC_CONCURRENT freed 479K, 30% free 10733K/15303K, paused 2ms+3ms
D/dalvikvm( 1225): GC_CONCURRENT freed 465K, 30% free 10822K/15303K, paused 2ms+2ms
D/dalvikvm( 1225): GC_CONCURRENT freed 522K, 29% free 10877K/15303K, paused 2ms+3ms
D/dalvikvm( 1225): GC_CONCURRENT freed 450K, 29% free 10945K/15303K, paused 1ms+4ms
I/StatusActivity( 1225): 1333728586282: .......... GPS onLocationChanged ...... 
I/VCoreDaemon( 1225): 1333728586283: Loc = Location[mProvider=gps,mTime=1333814987000,mLatitude=42.364049363870784,mLongitude=-71.10397133857174,mHasAltitude=true,mAltitude=-16.0,mHasSpeed=true,mSpeed=2.0220866,mHasBearing=true,mBearing=210.75859,mHasAccuracy=true,mAccuracy=40.0,mExtras=Bundle[mParcelledData.dataSize=4]] Previous Region = (6,0)
I/VCoreDaemon( 1225): 1333728586283: GPS x/long:-71.10397133857174, GPS y/lat: 42.364049363870784. Region width in x: 51.96152422706632
I/VCoreDaemon( 1225): 1333728586283: location PINPOINTS to region = 5.0, previous 6
I/VCoreDaemon( 1225): 1333728586283: location CHANGED TO NEW region = (5,0) from region = (6,0)
I/VCoreDaemon( 1225): 1333728586284: moving from region (6,0), to (5,0)
I/VCoreDaemon.java( 1225): inside stateTransition ......................................................................................
I/..... VCoreDaemon.java( 1225): targetState = JOINING
I/..... VCoreDaemon.java( 1225): ends xxxxxxxxxxxxxxxxxxxxxxxxxxxxxxxxxxxxxxxxxxx
D/dalvikvm( 1225): GC_CONCURRENT freed 852K, 30% free 10779K/15303K, paused 2ms+4ms
D/dalvikvm( 1225): GC_CONCURRENT freed 616K, 30% free 10776K/15303K, paused 2ms+2ms
D/dalvikvm( 1225): GC_CONCURRENT freed 527K, 30% free 10841K/15303K, paused 2ms+2ms
D/dalvikvm( 1225): GC_CONCURRENT freed 352K, 29% free 10992K/15303K, paused 2ms+2ms
I/VNC:Cloud( 1225): Executing uploadState request: http://hermes5.csail.mit.edu:8212/upload/3/0/5107/1333728586270/
I/StatusActivity( 1225): 1333728587223: .......... GPS onLocationChanged ...... 
I/VCoreDaemon( 1225): 1333728587224: Loc = Location[mProvider=gps,mTime=1333814988000,mLatitude=42.36412169287958,mLongitude=-71.10359584096139,mHasAltitude=true,mAltitude=-15.0,mHasSpeed=true,mSpeed=0.40740043,mHasBearing=true,mBearing=205.65451,mHasAccuracy=true,mAccuracy=25.0,mExtras=Bundle[mParcelledData.dataSize=4]] Previous Region = (5,0)
I/VCoreDaemon( 1225): 1333728587225: GPS x/long:-71.10359584096139, GPS y/lat: 42.36412169287958. Region width in x: 51.96152422706632
I/VCoreDaemon( 1225): 1333728587225: location PINPOINTS to region = 5.0, previous 5
I/VCoreDaemon( 1225): 1333728587226: stay at region 5
I/StatusActivity( 1225): 1333728588221: .......... GPS onLocationChanged ...... 
I/VCoreDaemon( 1225): 1333728588222: Loc = Location[mProvider=gps,mTime=1333814989000,mLatitude=42.364206808514105,mLongitude=-71.10328625078971,mHasAltitude=true,mAltitude=-18.0,mHasSpeed=true,mSpeed=0.0,mHasBearing=true,mBearing=168.35902,mHasAccuracy=true,mAccuracy=25.0,mExtras=Bundle[mParcelledData.dataSize=4]] Previous Region = (5,0)
I/VCoreDaemon( 1225): 1333728588223: GPS x/long:-71.10328625078971, GPS y/lat: 42.364206808514105. Region width in x: 51.96152422706632
I/VCoreDaemon( 1225): 1333728588223: location PINPOINTS to region = 5.0, previous 5
I/VCoreDaemon( 1225): 1333728588223: stay at region 5
D/dalvikvm(  452): GC_CONCURRENT freed 363K, 6% free 10050K/10631K, paused 4ms+3ms
D/ConnectivityService(  154): handleInetConditionHoldEnd: net=0, condition=100, published condition=0
I/StatusActivity( 1225): 1333728589299: .......... GPS onLocationChanged ...... 
I/VCoreDaemon( 1225): 1333728589300: Loc = Location[mProvider=gps,mTime=1333814990000,mLatitude=42.36430602951715,mLongitude=-71.10301761823774,mHasAltitude=true,mAltitude=-19.0,mHasSpeed=true,mSpeed=0.39739764,mHasBearing=true,mBearing=140.40286,mHasAccuracy=true,mAccuracy=20.0,mExtras=Bundle[mParcelledData.dataSize=4]] Previous Region = (5,0)
I/VCoreDaemon( 1225): 1333728589300: GPS x/long:-71.10301761823774, GPS y/lat: 42.36430602951715. Region width in x: 51.96152422706632
I/VCoreDaemon( 1225): 1333728589300: location PINPOINTS to region = 4.0, previous 5
I/VCoreDaemon( 1225): 1333728589301: location is INSIDE BOUNDARY, stay at prev region = (5,0)
D/dalvikvm(  154): GC_CONCURRENT freed 798K, 15% free 12655K/14791K, paused 3ms+26ms
I/StatusActivity( 1225): 1333728590246: .......... GPS onLocationChanged ...... 
I/VCoreDaemon( 1225): 1333728590248: Loc = Location[mProvider=gps,mTime=1333814991000,mLatitude=42.36439175607738,mLongitude=-71.10280382312808,mHasAltitude=true,mAltitude=-20.0,mHasSpeed=true,mSpeed=0.43788385,mHasBearing=true,mBearing=138.46852,mHasAccuracy=true,mAccuracy=20.0,mExtras=Bundle[mParcelledData.dataSize=4]] Previous Region = (5,0)
I/VCoreDaemon( 1225): 1333728590250: GPS x/long:-71.10280382312808, GPS y/lat: 42.36439175607738. Region width in x: 51.96152422706632
I/VCoreDaemon( 1225): 1333728590250: location PINPOINTS to region = 4.0, previous 5
I/VCoreDaemon( 1225): 1333728590250: location CHANGED TO NEW region = (4,0) from region = (5,0)
I/VCoreDaemon( 1225): 1333728590251: moving from region (5,0), to (4,0)
I/VCoreDaemon.java( 1225): inside stateTransition ......................................................................................
I/..... VCoreDaemon.java( 1225): targetState = JOINING
I/..... VCoreDaemon.java( 1225): ends xxxxxxxxxxxxxxxxxxxxxxxxxxxxxxxxxxxxxxxxxxx
W/Smack/Packet(  452): notify conn break (IOEx), close connection
I/StatusActivity( 1225): 1333728591219: .......... GPS onLocationChanged ...... 
I/VCoreDaemon( 1225): 1333728591220: Loc = Location[mProvider=gps,mTime=1333814992000,mLatitude=42.364455433228066,mLongitude=-71.10263874024658,mHasAltitude=true,mAltitude=-21.0,mHasSpeed=true,mSpeed=0.46804833,mHasBearing=true,mBearing=138.3688,mHasAccuracy=true,mAccuracy=20.0,mExtras=Bundle[mParcelledData.dataSize=4]] Previous Region = (4,0)
I/VCoreDaemon( 1225): 1333728591220: GPS x/long:-71.10263874024658, GPS y/lat: 42.364455433228066. Region width in x: 51.96152422706632
I/VCoreDaemon( 1225): 1333728591220: location PINPOINTS to region = 4.0, previous 4
I/VCoreDaemon( 1225): 1333728591220: stay at region 4
I/StatusActivity( 1225): 1333728592227: .......... GPS onLocationChanged ...... 
I/VCoreDaemon( 1225): 1333728592243: Loc = Location[mProvider=gps,mTime=1333814993000,mLatitude=42.36449701232159,mLongitude=-71.10251539885009,mHasAltitude=true,mAltitude=-21.0,mHasSpeed=true,mSpeed=0.0,mHasBearing=true,mBearing=134.15324,mHasAccuracy=true,mAccuracy=15.0,mExtras=Bundle[mParcelledData.dataSize=4]] Previous Region = (4,0)
I/VCoreDaemon( 1225): 1333728592244: GPS x/long:-71.10251539885009, GPS y/lat: 42.36449701232159. Region width in x: 51.96152422706632
I/VCoreDaemon( 1225): 1333728592245: location PINPOINTS to region = 4.0, previous 4
I/VCoreDaemon( 1225): 1333728592246: stay at region 4
I/StatusActivity( 1225): 1333728593258: .......... GPS onLocationChanged ...... 
I/VCoreDaemon( 1225): 1333728593270: Loc = Location[mProvider=gps,mTime=1333814994000,mLatitude=42.36451001943375,mLongitude=-71.10242205648358,mHasAltitude=true,mAltitude=-22.0,mHasSpeed=true,mSpeed=0.48784727,mHasBearing=true,mBearing=131.70308,mHasAccuracy=true,mAccuracy=15.0,mExtras=Bundle[mParcelledData.dataSize=4]] Previous Region = (4,0)
I/VCoreDaemon( 1225): 1333728593270: GPS x/long:-71.10242205648358, GPS y/lat: 42.36451001943375. Region width in x: 51.96152422706632
I/VCoreDaemon( 1225): 1333728593270: location PINPOINTS to region = 4.0, previous 4
I/VCoreDaemon( 1225): 1333728593270: stay at region 4
D/ConnectivityService(  154): handleInetConditionHoldEnd: net=0, condition=0, published condition=100
I/StatusActivity( 1225): 1333728594243: .......... GPS onLocationChanged ...... 
I/VCoreDaemon( 1225): 1333728594246: Loc = Location[mProvider=gps,mTime=1333814995000,mLatitude=42.36451487258809,mLongitude=-71.10235344603593,mHasAltitude=true,mAltitude=-21.0,mHasSpeed=true,mSpeed=0.51606065,mHasBearing=true,mBearing=127.52237,mHasAccuracy=true,mAccuracy=15.0,mExtras=Bundle[mParcelledData.dataSize=4]] Previous Region = (4,0)
I/VCoreDaemon( 1225): 1333728594247: GPS x/long:-71.10235344603593, GPS y/lat: 42.36451487258809. Region width in x: 51.96152422706632
I/VCoreDaemon( 1225): 1333728594247: location PINPOINTS to region = 4.0, previous 4
I/VCoreDaemon( 1225): 1333728594248: stay at region 4
I/StatusActivity( 1225): 1333728595242: .......... GPS onLocationChanged ...... 
I/VCoreDaemon( 1225): 1333728595244: Loc = Location[mProvider=gps,mTime=1333814996000,mLatitude=42.36451880171417,mLongitude=-71.10229763128329,mHasAltitude=true,mAltitude=-22.0,mHasSpeed=true,mSpeed=0.5379701,mHasBearing=true,mBearing=111.36051,mHasAccuracy=true,mAccuracy=15.0,mExtras=Bundle[mParcelledData.dataSize=4]] Previous Region = (4,0)
I/VCoreDaemon( 1225): 1333728595245: GPS x/long:-71.10229763128329, GPS y/lat: 42.36451880171417. Region width in x: 51.96152422706632
I/VCoreDaemon( 1225): 1333728595246: location PINPOINTS to region = 4.0, previous 4
I/VCoreDaemon( 1225): 1333728595246: stay at region 4
I/StatusActivity( 1225): 1333728596246: .......... GPS onLocationChanged ...... 
I/VCoreDaemon( 1225): 1333728596248: Loc = Location[mProvider=gps,mTime=1333814997000,mLatitude=42.36451922357236,mLongitude=-71.10225207855531,mHasAltitude=true,mAltitude=-22.0,mHasSpeed=true,mSpeed=0.56723726,mHasBearing=true,mBearing=127.49807,mHasAccuracy=true,mAccuracy=15.0,mExtras=Bundle[mParcelledData.dataSize=4]] Previous Region = (4,0)
I/VCoreDaemon( 1225): 1333728596249: GPS x/long:-71.10225207855531, GPS y/lat: 42.36451922357236. Region width in x: 51.96152422706632
I/VCoreDaemon( 1225): 1333728596250: location PINPOINTS to region = 4.0, previous 4
I/VCoreDaemon( 1225): 1333728596250: stay at region 4
I/StatusActivity( 1225): 1333728597246: .......... GPS onLocationChanged ...... 
I/VCoreDaemon( 1225): 1333728597247: Loc = Location[mProvider=gps,mTime=1333814998000,mLatitude=42.36451812616133,mLongitude=-71.10221087104868,mHasAltitude=true,mAltitude=-21.0,mHasSpeed=true,mSpeed=0.6052376,mHasBearing=true,mBearing=136.97229,mHasAccuracy=true,mAccuracy=15.0,mExtras=Bundle[mParcelledData.dataSize=4]] Previous Region = (4,0)
I/VCoreDaemon( 1225): 1333728597248: GPS x/long:-71.10221087104868, GPS y/lat: 42.36451812616133. Region width in x: 51.96152422706632
I/VCoreDaemon( 1225): 1333728597249: location PINPOINTS to region = 4.0, previous 4
I/VCoreDaemon( 1225): 1333728597250: stay at region 4
I/StatusActivity( 1225): 1333728598246: .......... GPS onLocationChanged ...... 
I/VCoreDaemon( 1225): 1333728598248: Loc = Location[mProvider=gps,mTime=1333814999000,mLatitude=42.36451255820035,mLongitude=-71.10217401564461,mHasAltitude=true,mAltitude=-21.0,mHasSpeed=true,mSpeed=0.6997695,mHasBearing=true,mBearing=157.57547,mHasAccuracy=true,mAccuracy=15.0,mExtras=Bundle[mParcelledData.dataSize=4]] Previous Region = (4,0)
I/VCoreDaemon( 1225): 1333728598250: GPS x/long:-71.10217401564461, GPS y/lat: 42.36451255820035. Region width in x: 51.96152422706632
I/VCoreDaemon( 1225): 1333728598250: location PINPOINTS to region = 4.0, previous 4
I/VCoreDaemon( 1225): 1333728598251: location is INSIDE BOUNDARY, stay at prev region = (4,0)
I/StatusActivity( 1225): 1333728599246: .......... GPS onLocationChanged ...... 
I/VCoreDaemon( 1225): 1333728599248: Loc = Location[mProvider=gps,mTime=1333815000000,mLatitude=42.36451192104942,mLongitude=-71.1021321318065,mHasAltitude=true,mAltitude=-21.0,mHasSpeed=true,mSpeed=0.72600913,mHasBearing=true,mBearing=140.50185,mHasAccuracy=true,mAccuracy=15.0,mExtras=Bundle[mParcelledData.dataSize=4]] Previous Region = (4,0)
I/VCoreDaemon( 1225): 1333728599250: GPS x/long:-71.1021321318065, GPS y/lat: 42.36451192104942. Region width in x: 51.96152422706632
I/VCoreDaemon( 1225): 1333728599250: location PINPOINTS to region = 4.0, previous 4
I/VCoreDaemon( 1225): 1333728599250: location is INSIDE BOUNDARY, stay at prev region = (4,0)
I/StatusActivity( 1225): 1333728600244: .......... GPS onLocationChanged ...... 
I/VCoreDaemon( 1225): 1333728600246: Loc = Location[mProvider=gps,mTime=1333815001000,mLatitude=42.36451340284271,mLongitude=-71.10209208641035,mHasAltitude=true,mAltitude=-21.0,mHasSpeed=true,mSpeed=0.75085187,mHasBearing=true,mBearing=127.91297,mHasAccuracy=true,mAccuracy=20.0,mExtras=Bundle[mParcelledData.dataSize=4]] Previous Region = (4,0)
I/VCoreDaemon( 1225): 1333728600247: GPS x/long:-71.10209208641035, GPS y/lat: 42.36451340284271. Region width in x: 51.96152422706632
I/VCoreDaemon( 1225): 1333728600248: location PINPOINTS to region = 3.0, previous 4
I/VCoreDaemon( 1225): 1333728600248: location is INSIDE BOUNDARY, stay at prev region = (4,0)
I/StatusActivity( 1225): 1333728601245: .......... GPS onLocationChanged ...... 
I/VCoreDaemon( 1225): 1333728601247: Loc = Location[mProvider=gps,mTime=1333815002000,mLatitude=42.36452037198271,mLongitude=-71.10206419946546,mHasAltitude=true,mAltitude=-22.0,mHasSpeed=true,mSpeed=0.0,mHasBearing=true,mBearing=124.46822,mHasAccuracy=true,mAccuracy=35.0,mExtras=Bundle[mParcelledData.dataSize=4]] Previous Region = (4,0)
I/VCoreDaemon( 1225): 1333728601248: GPS x/long:-71.10206419946546, GPS y/lat: 42.36452037198271. Region width in x: 51.96152422706632
I/VCoreDaemon( 1225): 1333728601248: location PINPOINTS to region = 3.0, previous 4
I/VCoreDaemon( 1225): 1333728601249: location is INSIDE BOUNDARY, stay at prev region = (4,0)
I/StatusActivity( 1225): 1333728602246: .......... GPS onLocationChanged ...... 
I/VCoreDaemon( 1225): 1333728602247: Loc = Location[mProvider=gps,mTime=1333815003000,mLatitude=42.364531074668726,mLongitude=-71.1020253349821,mHasAltitude=true,mAltitude=-22.0,mHasSpeed=true,mSpeed=0.0,mHasBearing=true,mBearing=132.39746,mHasAccuracy=true,mAccuracy=35.0,mExtras=Bundle[mParcelledData.dataSize=4]] Previous Region = (4,0)
I/VCoreDaemon( 1225): 1333728602248: GPS x/long:-71.1020253349821, GPS y/lat: 42.364531074668726. Region width in x: 51.96152422706632
I/VCoreDaemon( 1225): 1333728602249: location PINPOINTS to region = 3.0, previous 4
I/VCoreDaemon( 1225): 1333728602250: location CHANGED TO NEW region = (3,0) from region = (4,0)
I/VCoreDaemon( 1225): 1333728602250: moving from region (4,0), to (3,0)
I/VCoreDaemon.java( 1225): inside stateTransition ......................................................................................
I/..... VCoreDaemon.java( 1225): targetState = JOINING
I/..... VCoreDaemon.java( 1225): ends xxxxxxxxxxxxxxxxxxxxxxxxxxxxxxxxxxxxxxxxxxx
D/dalvikvm(  309): GC_CONCURRENT freed 420K, 6% free 9502K/10055K, paused 27ms+2ms
I/StatusActivity( 1225): 1333728603246: .......... GPS onLocationChanged ...... 
I/VCoreDaemon( 1225): 1333728603248: Loc = Location[mProvider=gps,mTime=1333815004000,mLatitude=42.364538577352384,mLongitude=-71.10199598102727,mHasAltitude=true,mAltitude=-22.0,mHasSpeed=true,mSpeed=0.0,mHasBearing=true,mBearing=111.695175,mHasAccuracy=true,mAccuracy=25.0,mExtras=Bundle[mParcelledData.dataSize=4]] Previous Region = (3,0)
I/VCoreDaemon( 1225): 1333728603249: GPS x/long:-71.10199598102727, GPS y/lat: 42.364538577352384. Region width in x: 51.96152422706632
I/VCoreDaemon( 1225): 1333728603250: location PINPOINTS to region = 3.0, previous 3
I/VCoreDaemon( 1225): 1333728603250: stay at region 3
I/StatusActivity( 1225): 1333728604219: .......... GPS onLocationChanged ...... 
I/VCoreDaemon( 1225): 1333728604220: Loc = Location[mProvider=gps,mTime=1333815005000,mLatitude=42.36454899435525,mLongitude=-71.10196850762983,mHasAltitude=true,mAltitude=-22.0,mHasSpeed=true,mSpeed=0.0,mHasBearing=true,mBearing=122.80466,mHasAccuracy=true,mAccuracy=25.0,mExtras=Bundle[mParcelledData.dataSize=4]] Previous Region = (3,0)
