I/BarnacleService( 1809): log: hq. INSIDE :) wifi state disabled
I/BarnacleService( 1809): log: ( (state = 2) ?== (STATE_STARTING = 1) ) && ( (process = proc_is_not_null) ?== null ... && checkUplink:
I/BarnacleService( 1809): log: now waiting, becaus  either state != STATE_STARTING or process != null
D/dalvikvm(  154): GC_EXPLICIT freed 967K, 13% free 13552K/15431K, paused 3ms+6ms
I/MediaUploader( 1794): No need to wake up
D/PicasaSyncManager(  984): active network: NetworkInfo: type: mobile[HSDPA], state: CONNECTED/CONNECTED, reason: nwTypeChanged, extra: epc.tmobile.com, roaming: false, failover: false, isAvailable: true
D/PicasaSyncManager(  984): background data: true
D/dalvikvm(  309): GC_CONCURRENT freed 445K, 6% free 9493K/10055K, paused 13ms+2ms
I/GTalkService/c(  452): [AndroidEndpoint@1094664376] connect: acct=1000001, state=CONNECTING
D/AlarmManagerService(  154): Kernel timezone updated to 240 minutes west of GMT
D/SystemClock(  309): Setting time of day to sec=1333736121
V/AlarmClock( 1503): AlarmInitReceiver finished
D/ConnectivityService(  154): handleInetConditionHoldEnd: net=0, condition=100, published condition=0
W/Smack/Packet(  452): notify conn break (IOEx), close connection
D/ConnectivityService(  154): handleInetConditionHoldEnd: net=0, condition=0, published condition=100
I/GTalkService/c(  452): [AndroidEndpoint@1094664376] connect: acct=1000001, state=CONNECTING
D/dalvikvm(  452): GC_CONCURRENT freed 438K, 8% free 10038K/10823K, paused 13ms+3ms
D/ConnectivityService(  154): handleInetConditionHoldEnd: net=0, condition=100, published condition=0
W/Smack/Packet(  452): notify conn break (IOEx), close connection
D/ConnectivityService(  154): handleInetConditionHoldEnd: net=0, condition=0, published condition=100
I/GTalkService/c(  452): [AndroidEndpoint@1094664376] connect: acct=1000001, state=CONNECTING
D/dalvikvm(  452): GC_CONCURRENT freed 356K, 7% free 10068K/10823K, paused 14ms+3ms
D/ConnectivityService(  154): handleInetConditionHoldEnd: net=0, condition=100, published condition=0
W/Smack/Packet(  452): notify conn break (IOEx), close connection
D/ConnectivityService(  154): handleInetConditionHoldEnd: net=0, condition=0, published condition=100
I/GTalkService/c(  452): [AndroidEndpoint@1094664376] connect: acct=1000001, state=CONNECTING
D/dalvikvm(  154): GC_CONCURRENT freed 1023K, 13% free 13545K/15431K, paused 2ms+5ms
W/Smack/Packet(  452): notify conn break (IOEx), close connection
D/ConnectivityService(  154): handleInetConditionHoldEnd: net=0, condition=0, published condition=0
I/GTalkService/c(  452): [AndroidEndpoint@1094664376] connect: acct=1000001, state=CONNECTING
D/dalvikvm(  452): GC_CONCURRENT freed 378K, 7% free 10081K/10823K, paused 2ms+3ms
D/ConnectivityService(  154): handleInetConditionHoldEnd: net=0, condition=100, published condition=0
W/Smack/Packet(  452): notify conn break (IOEx), close connection
D/ConnectivityService(  154): handleInetConditionHoldEnd: net=0, condition=0, published condition=100
I/GTalkService/c(  452): [AndroidEndpoint@1094664376] connect: acct=1000001, state=CONNECTING
D/ConnectivityService(  154): handleInetConditionHoldEnd: net=0, condition=100, published condition=0
W/Smack/Packet(  452): notify conn break (IOEx), close connection
D/ConnectivityService(  154): handleInetConditionHoldEnd: net=0, condition=0, published condition=100
I/GTalkService/c(  452): [AndroidEndpoint@1094664376] connect: acct=1000001, state=CONNECTING
D/dalvikvm(  452): GC_CONCURRENT freed 420K, 8% free 10058K/10823K, paused 14ms+3ms
D/ConnectivityService(  154): handleInetConditionHoldEnd: net=0, condition=100, published condition=0
W/Smack/Packet(  452): notify conn break (IOEx), close connection
D/ConnectivityService(  154): handleInetConditionHoldEnd: net=0, condition=0, published condition=100
I/GTalkService/c(  452): [AndroidEndpoint@1094664376] connect: acct=1000001, state=CONNECTING
E/GTalkService(  452): connectionClosed: no XMPPConnection - That's strange!
D/ConnectivityService(  154): handleInetConditionHoldEnd: net=0, condition=0, published condition=0
D/dalvikvm(  154): GC_CONCURRENT freed 971K, 12% free 13602K/15431K, paused 2ms+5ms
I/EventLogService(  452): Aggregate from 1333735475557 (log), 1333735475557 (data)
I/ServiceDumpSys(  452): dumping service [account]
D/dalvikvm(  218): GC_CONCURRENT freed 376K, 7% free 10115K/10823K, paused 1ms+5ms
I/GTalkService/c(  452): [AndroidEndpoint@1094664376] connect: acct=1000001, state=CONNECTING
D/dalvikvm(  452): GC_CONCURRENT freed 407K, 8% free 10063K/10823K, paused 14ms+3ms
D/ConnectivityService(  154): handleInetConditionHoldEnd: net=0, condition=100, published condition=0
W/Smack/Packet(  452): notify conn break (IOEx), close connection
D/ConnectivityService(  154): handleInetConditionHoldEnd: net=0, condition=0, published condition=100
I/GTalkService/c(  452): [AndroidEndpoint@1094664376] connect: acct=1000001, state=CONNECTING
D/dalvikvm(  154): GC_EXPLICIT freed 624K, 13% free 13529K/15431K, paused 22ms+5ms
W/Smack/Packet(  452): notify conn break (IOEx), close connection
D/dalvikvm(  452): GC_CONCURRENT freed 397K, 8% free 10054K/10823K, paused 13ms+3ms
D/ConnectivityService(  154): handleInetConditionHoldEnd: net=0, condition=0, published condition=0
D/dalvikvm( 1705): GC_CONCURRENT freed 364K, 8% free 10044K/10823K, paused 1ms+3ms
I/ActivityManager(  154): No longer want com.google.android.apps.maps:NetworkLocationService (pid 1705): hidden #16
W/ActivityManager(  154): Scheduling restart of crashed service com.google.android.apps.maps/com.google.android.location.internal.server.NetworkLocationService in 5000ms
I/ActivityManager(  154): Start proc com.google.android.apps.maps:NetworkLocationService for service com.google.android.apps.maps/com.google.android.location.internal.server.NetworkLocationService: pid=1907 uid=10032 gids={3003, 1015}
I/dalvikvm( 1907): Turning on JNI app bug workarounds for target SDK version 13...
D/dalvikvm(   79): GC_EXPLICIT freed 37K, 4% free 9028K/9347K, paused 1ms+12ms
D/dalvikvm(   79): GC_EXPLICIT freed <1K, 4% free 9028K/9347K, paused 9ms+6ms
D/dalvikvm(   79): GC_EXPLICIT freed <1K, 4% free 9028K/9347K, paused 1ms+2ms
D/dalvikvm( 1907): GC_CONCURRENT freed 176K, 3% free 9358K/9607K, paused 2ms+2ms
D/dalvikvm( 1907): GC_CONCURRENT freed 186K, 3% free 9730K/9991K, paused 1ms+2ms
D/dalvikvm( 1907): GC_CONCURRENT freed 172K, 3% free 10124K/10375K, paused 2ms+3ms
D/SoftapController(   75): Softap fwReload - Ok
D/CommandListener(   75): Setting iface cfg
D/CommandListener(   75): Trying to bring down wlan0
D/CommandListener(   75): broadcast flag ignored
D/NetworkManagementService(  154): rsp <213 78:d6:f0:46:d1:a7 192.168.5.107 24 [up broadcast running multicast]>
D/NetworkManagementService(  154): flags <[up broadcast running multicast]>
E/WifiStateMachine(  154): Unable to change interface settings: java.lang.IllegalStateException: Unable to communicate with native daemon to interface setcfg - com.android.server.NativeDaemonConnectorException: Cmd {interface setcfg wlan0 192.168.5.107 24 [down broadcast running multicast]} failed with code 501 : {Flag unsupported}
I/BarnacleService( 1809): log: hq. MSG_NETSCHANGE. about to get getWifiState
I/BarnacleService( 1809): log: hq. BarnacleServiceNETSCHANGE: 2 2 proc
E/BarnacleService( 1809): NETSCHANGE: 2 2 proc
I/BarnacleService( 1809): log: hq. wifiState 2 =? WifiManager.WIFI_STATE_DISABLED = 1
I/BarnacleService( 1809): log: hq. Wifi state Enabled! :( the else before STATE_STARTING
I/BarnacleService( 1809): log: Wifi Manager is interfering with Barnacle!
I/BarnacleService( 1809): log: Restarting...
I/System.out( 1907): [INFO:528]: c: Running flush
D/dalvikvm( 1907): GC_CONCURRENT freed 787K, 9% free 9884K/10759K, paused 1ms+3ms
D/dalvikvm( 1907): GC_FOR_ALLOC freed 10K, 9% free 9874K/10759K, paused 15ms
I/dalvikvm-heap( 1907): Grow heap (frag case) to 9.745MB for 32784-byte allocation
D/dalvikvm( 1907): GC_FOR_ALLOC freed <1K, 9% free 9905K/10823K, paused 15ms
I/System.out( 1907): [INFO:593]: c: Sending payload [bytes=288]
E/wpa_supplicant( 1929): ioctl[SIOCSIWMODE]
I/wpa_supplicant( 1929): CTRL-EVENT-STATE-CHANGE id=-1 state=2 BSSID=00:00:00:00:00:00
E/WifiStateMachine(  154): set suspend optimizations failed!
E/WifiStateMachine(  154): set power mode auto failed!
I/System.out( 1907): [INFO:5593]: c: Running delayed flush
I/System.out( 1907): [INFO:5603]: c: Running flush
D/NetlinkEvent(   75): Unexpected netlink message. type=0x11
W/Netd    (   75): No subsystem found in netlink event
I/System.out( 1907): [INFO:6696]: c: Response [http=200,length=91]
I/System.out( 1907): [INFO:6698]: c: Read id 1, status code 200
I/BarnacleService( 1809): Process exited with status: 0
I/System  ( 1809): Failed to destroy process 1839
I/System  ( 1809): libcore.io.ErrnoException: kill failed: ESRCH (No such process)
I/System  ( 1809): 	at libcore.io.Posix.kill(Native Method)
I/System  ( 1809): 	at libcore.io.ForwardingOs.kill(ForwardingOs.java:77)
I/System  ( 1809): 	at java.lang.ProcessManager$ProcessImpl.destroy(ProcessManager.java:257)
I/System  ( 1809): 	at net.szym.barnacle.BarnacleService.stopProcess(BarnacleService.java:584)
I/System  ( 1809): 	at net.szym.barnacle.BarnacleService.handle(BarnacleService.java:347)
I/System  ( 1809): 	at net.szym.barnacle.BarnacleService.access$1(BarnacleService.java:211)
I/System  ( 1809): 	at net.szym.barnacle.BarnacleService$2.handleMessage(BarnacleService.java:208)
I/System  ( 1809): 	at android.os.Handler.dispatchMessage(Handler.java:99)
I/System  ( 1809): 	at android.os.Looper.loop(Looper.java:137)
I/System  ( 1809): 	at android.app.ActivityThread.main(ActivityThread.java:4424)
I/System  ( 1809): 	at java.lang.reflect.Method.invokeNative(Native Method)
I/System  ( 1809): 	at java.lang.reflect.Method.invoke(Method.java:511)
I/System  ( 1809): 	at com.android.internal.os.ZygoteInit$MethodAndArgsCaller.run(ZygoteInit.java:784)
I/System  ( 1809): 	at com.android.internal.os.ZygoteInit.main(ZygoteInit.java:551)
I/System  ( 1809): 	at dalvik.system.NativeStart.main(Native Method)
E/WifiStateMachine(  154): Failed to stop supplicant
D/CommandListener(   75): Clearing all IP addresses on wlan0
E/CommandListener(   75): Failed to open /proc/sys/net/ipv6/conf/wlan0/disable_ipv6: No such file or directory
E/WifiStateMachine(  154): Failed to clear addresses or disable ipv6java.lang.IllegalStateException: Unable to communicate to native daemon for disabling ipv6
D/dalvikvm( 1809): GC_CONCURRENT freed 295K, 5% free 9188K/9607K, paused 13ms+2ms
I/BarnacleService( 1809): log: hq. MSG_NETSCHANGE. about to get getWifiState
I/BarnacleService( 1809): log: hq. BarnacleServiceNETSCHANGE: 0 1 null
E/BarnacleService( 1809): NETSCHANGE: 0 1 null
I/BarnacleService( 1809): log: hq. wifiState 0 =? WifiManager.WIFI_STATE_DISABLED = 1
I/BarnacleService( 1809): log: hq. Wifi state Enabled! :( the else before STATE_STARTING
I/BarnacleService( 1809): log: hq if state == STATE_STARTING, turn off wifi
I/BarnacleService( 1809): log: hq. MSG_NETSCHANGE. about to get getWifiState
I/BarnacleService( 1809): log: hq. BarnacleServiceNETSCHANGE: 0 1 null
E/BarnacleService( 1809): NETSCHANGE: 0 1 null
I/BarnacleService( 1809): log: hq. wifiState 0 =? WifiManager.WIFI_STATE_DISABLED = 1
I/BarnacleService( 1809): log: hq. Wifi state Enabled! :( the else before STATE_STARTING
I/BarnacleService( 1809): log: hq if state == STATE_STARTING, turn off wifi
D/WifiHW  (  154): Received on exit socket, terminate
D/WifiHW  (  154): wifi_ctrl_recv failed: No such file or directory
E/WifiStateMachine(  154): Timed out on a supplicant stop, kill and proceed
D/WifiHW  (  154): Connection closed
D/WifiHW  (  154): Unable to unload driver module "bcm4329": No such file or directory
E/WifiStateMachine(  154): Failed to unload driver!
E/WifiStateMachine(  154): DriverFailedState
I/BarnacleService( 1809): log: hq. MSG_NETSCHANGE. about to get getWifiState
I/BarnacleService( 1809): log: hq. BarnacleServiceNETSCHANGE: 4 1 null
E/BarnacleService( 1809): NETSCHANGE: 4 1 null
I/BarnacleService( 1809): log: hq. wifiState 4 =? WifiManager.WIFI_STATE_DISABLED = 1
I/BarnacleService( 1809): log: hq. Wifi state Enabled! :( the else before STATE_STARTING
I/BarnacleService( 1809): log: hq if state == STATE_STARTING, turn off wifi
D/dalvikvm(  309): GC_CONCURRENT freed 423K, 6% free 9495K/10055K, paused 2ms+2ms
I/GTalkService/c(  452): [AndroidEndpoint@1094664376] connect: acct=1000001, state=CONNECTING
D/ConnectivityService(  154): handleInetConditionHoldEnd: net=0, condition=100, published condition=0
W/Smack/Packet(  452): notify conn break (IOEx), close connection
D/ConnectivityService(  154): handleInetConditionHoldEnd: net=0, condition=0, published condition=100
D/dalvikvm( 1907): GC_CONCURRENT freed 267K, 8% free 10023K/10823K, paused 2ms+2ms
W/NetworkStats(  154): dropping UID delta from unknown iface: iface=wlan0 uid=0 set=DEFAULT tag=0x0 rxBytes=0 rxPackets=0 txBytes=196 txPackets=3 operations=0
I/GTalkService/c(  452): [AndroidEndpoint@1094664376] connect: acct=1000001, state=CONNECTING
D/dalvikvm(  154): GC_CONCURRENT freed 979K, 13% free 13552K/15431K, paused 2ms+5ms
D/dalvikvm(  452): GC_CONCURRENT freed 351K, 7% free 10093K/10823K, paused 2ms+3ms
D/ConnectivityService(  154): handleInetConditionHoldEnd: net=0, condition=100, published condition=0
W/Smack/Packet(  452): notify conn break (IOEx), close connection
D/ConnectivityService(  154): handleInetConditionHoldEnd: net=0, condition=0, published condition=100
I/GTalkService/c(  452): [AndroidEndpoint@1094664376] connect: acct=1000001, state=CONNECTING
D/ConnectivityService(  154): handleInetConditionHoldEnd: net=0, condition=100, published condition=0
W/Smack/Packet(  452): notify conn break (IOEx), close connection
D/ConnectivityService(  154): handleInetConditionHoldEnd: net=0, condition=0, published condition=100
I/System.out( 1907): [INFO:909497]: c: Running flush
I/System.out( 1907): [INFO:909498]: c: Sending payload [bytes=488]
I/System.out( 1907): [INFO:914503]: c: Running delayed flush
I/System.out( 1907): [INFO:914535]: c: Running flush
I/System.out( 1907): [INFO:920464]: c: Response [http=200,length=20]
I/System.out( 1907): [INFO:920469]: c: Read id 2, status code 200
I/GTalkService/c(  452): [AndroidEndpoint@1094664376] connect: acct=1000001, state=CONNECTING
D/dalvikvm(  452): GC_CONCURRENT freed 432K, 8% free 10061K/10823K, paused 14ms+3ms
I/EventLogService(  452): Aggregate from 1333737275668 (log), 1333737275668 (data)
I/ServiceDumpSys(  452): dumping service [account]
D/ConnectivityService(  154): handleInetConditionHoldEnd: net=0, condition=100, published condition=0
W/Smack/Packet(  452): notify conn break (IOEx), close connection
D/ConnectivityService(  154): handleInetConditionHoldEnd: net=0, condition=0, published condition=100
D/dalvikvm(  154): GC_CONCURRENT freed 1001K, 13% free 13562K/15431K, paused 2ms+6ms
I/GTalkService/c(  452): [AndroidEndpoint@1094664376] connect: acct=1000001, state=CONNECTING
D/dalvikvm(  452): GC_CONCURRENT freed 398K, 8% free 10050K/10823K, paused 2ms+2ms
D/ConnectivityService(  154): handleInetConditionHoldEnd: net=0, condition=100, published condition=0
W/Smack/Packet(  452): notify conn break (IOEx), close connection
D/ConnectivityService(  154): handleInetConditionHoldEnd: net=0, condition=0, published condition=100
D/dalvikvm(  218): GC_CONCURRENT freed 400K, 7% free 10103K/10823K, paused 1ms+2ms
I/GTalkService/c(  452): [AndroidEndpoint@1094664376] connect: acct=1000001, state=CONNECTING
I/ActivityManager(  154): No longer want com.google.android.partnersetup (pid 1744): hidden #16
D/ConnectivityService(  154): handleInetConditionHoldEnd: net=0, condition=100, published condition=0
W/Smack/Packet(  452): notify conn break (IOEx), close connection
D/ConnectivityService(  154): handleInetConditionHoldEnd: net=0, condition=0, published condition=100
D/AlarmManagerService(  154): Kernel timezone updated to 240 minutes west of GMT
V/AlarmClock( 1503): AlarmInitReceiver finished
D/dalvikvm(  452): GC_EXPLICIT freed 378K, 8% free 10041K/10823K, paused 2ms+3ms
D/SystemClock(  309): Setting time of day to sec=1333739744
I/GTalkService/c(  452): [AndroidEndpoint@1094664376] connect: acct=1000001, state=CONNECTING
E/GTalkService(  452): connectionClosed: no XMPPConnection - That's strange!
D/ConnectivityService(  154): handleInetConditionHoldEnd: net=0, condition=0, published condition=0
I/GTalkService/c(  452): [AndroidEndpoint@1094664376] connect: acct=1000001, state=CONNECTING
W/Smack/Packet(  452): notify conn break (IOEx), close connection
D/ConnectivityService(  154): handleInetConditionHoldEnd: net=0, condition=0, published condition=0
I/GTalkService/c(  452): [AndroidEndpoint@1094664376] connect: acct=1000001, state=CONNECTING
D/dalvikvm(  452): GC_CONCURRENT freed 380K, 7% free 10067K/10823K, paused 2ms+2ms
D/dalvikvm(  154): GC_EXPLICIT freed 753K, 13% free 13541K/15431K, paused 12ms+5ms
W/Smack/Packet(  452): notify conn break (IOEx), close connection
D/ConnectivityService(  154): handleInetConditionHoldEnd: net=0, condition=0, published condition=0
I/GTalkService/c(  452): [AndroidEndpoint@1094664376] connect: acct=1000001, state=CONNECTING
D/ConnectivityService(  154): handleInetConditionHoldEnd: net=0, condition=100, published condition=0
W/Smack/Packet(  452): notify conn break (IOEx), close connection
D/ConnectivityService(  154): handleInetConditionHoldEnd: net=0, condition=0, published condition=100
I/GTalkService/c(  452): [AndroidEndpoint@1094664376] connect: acct=1000001, state=CONNECTING
D/dalvikvm(  452): GC_CONCURRENT freed 406K, 8% free 10061K/10823K, paused 13ms+3ms
D/ConnectivityService(  154): handleInetConditionHoldEnd: net=0, condition=100, published condition=0
W/Smack/Packet(  452): notify conn break (IOEx), close connection
D/ConnectivityService(  154): handleInetConditionHoldEnd: net=0, condition=0, published condition=100
I/GTalkService/c(  452): [AndroidEndpoint@1094664376] connect: acct=1000001, state=CONNECTING
D/dalvikvm(  452): GC_CONCURRENT freed 387K, 8% free 10059K/10823K, paused 2ms+3ms
D/ConnectivityService(  154): handleInetConditionHoldEnd: net=0, condition=100, published condition=0
D/dalvikvm(  154): GC_CONCURRENT freed 972K, 12% free 13599K/15431K, paused 2ms+5ms
I/EventLogService(  452): Aggregate from 1333739075785 (log), 1333739075785 (data)
I/ServiceDumpSys(  452): dumping service [account]
I/CheckinService(  452): Preparing to send checkin request
I/EventLogService(  452): Accumulating logs since 1333740875905
I/CheckinTask(  452): Sending checkin request (1733 bytes)
D/dalvikvm(  452): GC_CONCURRENT freed 340K, 7% free 10116K/10823K, paused 2ms+4ms
E/CheckinTask(  452): SSL error, attempting time correction: javax.net.ssl.SSLException: Connection closed by peer
I/CheckinTask(  452): Server time agrees: delta 1786 msec
E/CheckinTask(  452): Checkin failed: https://android.clients.google.com/checkin (request #0): javax.net.ssl.SSLException: Connection closed by peer
I/CheckinService(  452): Preparing to send checkin request
I/EventLogService(  452): Accumulating logs since 1333740909380
I/CheckinTask(  452): Sending checkin request (1733 bytes)
E/CheckinTask(  452): SSL error, attempting time correction: javax.net.ssl.SSLException: Connection closed by peer
D/dalvikvm(  452): GC_CONCURRENT freed 396K, 7% free 10104K/10823K, paused 14ms+2ms
I/CheckinTask(  452): Server time agrees: delta 1042 msec
E/CheckinTask(  452): Checkin failed: https://android.clients.google.com/checkin (request #0): javax.net.ssl.SSLException: Connection closed by peer
I/CheckinService(  452): Preparing to send checkin request
I/EventLogService(  452): Accumulating logs since 1333740937584
I/CheckinTask(  452): Sending checkin request (1733 bytes)
E/CheckinTask(  452): SSL error, attempting time correction: javax.net.ssl.SSLException: SSL handshake aborted: ssl=0x531cb0: I/O error during system call, Connection reset by peer
I/CheckinTask(  452): Server time agrees: delta 5 msec
E/CheckinTask(  452): Checkin failed: https://android.clients.google.com/checkin (request #0): javax.net.ssl.SSLException: SSL handshake aborted: ssl=0x531cb0: I/O error during system call, Connection reset by peer
I/CheckinService(  452): Preparing to send checkin request
I/EventLogService(  452): Accumulating logs since 1333740971353
D/dalvikvm(  452): GC_CONCURRENT freed 426K, 8% free 10063K/10823K, paused 2ms+3ms
I/CheckinTask(  452): Sending checkin request (1733 bytes)
D/dalvikvm(  452): GC_CONCURRENT freed 379K, 7% free 10103K/10823K, paused 2ms+2ms
I/CheckinTask(  452): Checkin success: https://android.clients.google.com/checkin (1 requests sent)
D/dalvikvm(  218): GC_CONCURRENT freed 383K, 7% free 10105K/10823K, paused 1ms+3ms
D/dalvikvm(  154): GC_CONCURRENT freed 1073K, 13% free 13577K/15431K, paused 2ms+5ms
D/dalvikvm(  309): GC_CONCURRENT freed 422K, 6% free 9495K/10055K, paused 2ms+2ms
W/Smack/Packet(  452): notify conn break (IOEx), close connection
I/qtaguid (  452): Failed write_ctrl(u 68) res=-1 errno=22
I/qtaguid (  452): Untagging socket 68 failed errno=-22
W/NetworkManagementSocketTagger(  452): untagSocket(68) failed with errno -22
D/ConnectivityService(  154): handleInetConditionHoldEnd: net=0, condition=0, published condition=100
I/GTalkService/c(  452): [AndroidEndpoint@1094664376] connect: acct=1000001, state=CONNECTING
W/Smack/Packet(  452): notify conn break (IOEx), close connection
D/ConnectivityService(  154): handleInetConditionHoldEnd: net=0, condition=100, published condition=0
D/ConnectivityService(  154): handleInetConditionHoldEnd: net=0, condition=0, published condition=100
I/GTalkService/c(  452): [AndroidEndpoint@1094664376] connect: acct=1000001, state=CONNECTING
D/dalvikvm(  452): GC_CONCURRENT freed 410K, 7% free 10095K/10823K, paused 14ms+3ms
W/Smack/Packet(  452): notify conn break (IOEx), close connection
D/ConnectivityService(  154): handleInetConditionHoldEnd: net=0, condition=0, published condition=0
I/GTalkService/c(  452): [AndroidEndpoint@1094664376] connect: acct=1000001, state=CONNECTING
D/dalvikvm(  452): GC_CONCURRENT freed 418K, 7% free 10069K/10823K, paused 2ms+2ms
D/ConnectivityService(  154): handleInetConditionHoldEnd: net=0, condition=100, published condition=0
W/Smack/Packet(  452): notify conn break (IOEx), close connection
D/ConnectivityService(  154): handleInetConditionHoldEnd: net=0, condition=0, published condition=100
I/GTalkService/c(  452): [AndroidEndpoint@1094664376] connect: acct=1000001, state=CONNECTING
D/ConnectivityService(  154): handleInetConditionHoldEnd: net=0, condition=100, published condition=0
W/Smack/Packet(  452): notify conn break (IOEx), close connection
D/ConnectivityService(  154): handleInetConditionHoldEnd: net=0, condition=0, published condition=100
I/GTalkService/c(  452): [AndroidEndpoint@1094664376] connect: acct=1000001, state=CONNECTING
D/dalvikvm(  452): GC_CONCURRENT freed 384K, 7% free 10083K/10823K, paused 2ms+3ms
D/ConnectivityService(  154): handleInetConditionHoldEnd: net=0, condition=100, published condition=0
W/Smack/Packet(  452): notify conn break (IOEx), close connection
D/ConnectivityService(  154): handleInetConditionHoldEnd: net=0, condition=0, published condition=100
I/GTalkService/c(  452): [AndroidEndpoint@1094664376] connect: acct=1000001, state=CONNECTING
D/dalvikvm(  154): GC_CONCURRENT freed 1013K, 13% free 13579K/15431K, paused 17ms+5ms
D/dalvikvm(  154): GC_EXPLICIT freed 104K, 13% free 13476K/15431K, paused 24ms+5ms
D/ConnectivityService(  154): handleInetConditionHoldEnd: net=0, condition=100, published condition=0
W/Smack/Packet(  452): notify conn break (IOEx), close connection
D/ConnectivityService(  154): handleInetConditionHoldEnd: net=0, condition=0, published condition=100
I/EventLogService(  452): Aggregate from 1333741027823 (log), 1333740875905 (data)
D/dalvikvm(  452): GC_CONCURRENT freed 433K, 8% free 10046K/10823K, paused 2ms+3ms
I/ServiceDumpSys(  452): dumping service [account]
D/dalvikvm( 1907): GC_CONCURRENT freed 369K, 8% free 10039K/10823K, paused 2ms+2ms
I/GTalkService/c(  452): [AndroidEndpoint@1094664376] connect: acct=1000001, state=CONNECTING
D/ConnectivityService(  154): handleInetConditionHoldEnd: net=0, condition=100, published condition=0
W/Smack/Packet(  452): notify conn break (IOEx), close connection
D/ConnectivityService(  154): handleInetConditionHoldEnd: net=0, condition=0, published condition=100
I/GTalkService/c(  452): [AndroidEndpoint@1094664376] connect: acct=1000001, state=CONNECTING
D/dalvikvm(  452): GC_CONCURRENT freed 382K, 8% free 10050K/10823K, paused 2ms+2ms
D/ConnectivityService(  154): handleInetConditionHoldEnd: net=0, condition=100, published condition=0
W/Smack/Packet(  452): notify conn break (IOEx), close connection
D/ConnectivityService(  154): handleInetConditionHoldEnd: net=0, condition=0, published condition=100
D/AlarmManagerService(  154): Kernel timezone updated to 240 minutes west of GMT
D/SystemClock(  309): Setting time of day to sec=1333743443
D/dalvikvm(  218): GC_CONCURRENT freed 392K, 7% free 10103K/10823K, paused 2ms+2ms
V/AlarmClock( 1503): AlarmInitReceiver finished
D/dalvikvm(  154): GC_CONCURRENT freed 920K, 13% free 13561K/15431K, paused 17ms+6ms
D/dalvikvm( 1517): GC_CONCURRENT freed 295K, 5% free 9192K/9607K, paused 2ms+3ms
I/GTalkService/c(  452): [AndroidEndpoint@1094664376] connect: acct=1000001, state=CONNECTING
D/dalvikvm(  309): GC_CONCURRENT freed 436K, 6% free 9491K/10055K, paused 2ms+3ms
D/dalvikvm(  154): GC_CONCURRENT freed 1048K, 13% free 13531K/15431K, paused 17ms+5ms
D/dalvikvm(  309): GC_CONCURRENT freed 429K, 6% free 9488K/10055K, paused 1ms+3ms
W/Smack/Packet(  452): notify conn break (IOEx), close connection
E/GTalkService(  452): connectionClosed: no XMPPConnection - That's strange!
D/ConnectivityService(  154): handleInetConditionHoldEnd: net=0, condition=0, published condition=0
D/dalvikvm(  154): GC_EXPLICIT freed 697K, 13% free 13503K/15431K, paused 3ms+5ms
D/dalvikvm(  452): GC_CONCURRENT freed 389K, 8% free 10046K/10823K, paused 2ms+3ms
I/GTalkService/c(  452): [AndroidEndpoint@1094664376] connect: acct=1000001, state=CONNECTING
D/dalvikvm(  309): GC_CONCURRENT freed 444K, 6% free 9490K/10055K, paused 2ms+3ms
D/dalvikvm(  154): GC_CONCURRENT freed 997K, 13% free 13517K/15431K, paused 3ms+4ms
E/GTalkService(  452): connectionClosed: no XMPPConnection - That's strange!
D/ConnectivityService(  154): handleInetConditionHoldEnd: net=0, condition=0, published condition=0
I/GTalkService/c(  452): [AndroidEndpoint@1094664376] connect: acct=1000001, state=CONNECTING
D/dalvikvm(  309): GC_CONCURRENT freed 429K, 6% free 9488K/10055K, paused 1ms+2ms
I/EventLogService(  452): Aggregate from 1333742676025 (log), 1333742676025 (data)
I/ServiceDumpSys(  452): dumping service [account]
E/GTalkService(  452): connectionClosed: no XMPPConnection - That's strange!
D/ConnectivityService(  154): handleInetConditionHoldEnd: net=0, condition=0, published condition=0
D/dalvikvm(  154): GC_CONCURRENT freed 1062K, 13% free 13527K/15431K, paused 17ms+4ms
D/dalvikvm(  309): GC_CONCURRENT freed 428K, 6% free 9491K/10055K, paused 1ms+3ms
I/GTalkService/c(  452): [AndroidEndpoint@1094664376] connect: acct=1000001, state=CONNECTING
D/dalvikvm(  452): GC_CONCURRENT freed 391K, 7% free 10072K/10823K, paused 4ms+3ms
D/dalvikvm(  154): GC_EXPLICIT freed 951K, 13% free 13515K/15431K, paused 19ms+5ms
E/GTalkService(  452): connectionClosed: no XMPPConnection - That's strange!
D/ConnectivityService(  154): handleInetConditionHoldEnd: net=0, condition=0, published condition=0
D/dalvikvm(  309): GC_CONCURRENT freed 431K, 6% free 9489K/10055K, paused 2ms+2ms
I/GTalkService/c(  452): [AndroidEndpoint@1094664376] connect: acct=1000001, state=CONNECTING
D/dalvikvm(  154): GC_CONCURRENT freed 1040K, 13% free 13528K/15431K, paused 16ms+5ms
D/dalvikvm(  309): GC_CONCURRENT freed 435K, 6% free 9489K/10055K, paused 1ms+2ms
D/ConnectivityService(  154): handleInetConditionHoldEnd: net=0, condition=100, published condition=0
W/Smack/Packet(  452): notify conn break (IOEx), close connection
D/ConnectivityService(  154): handleInetConditionHoldEnd: net=0, condition=0, published condition=100
D/dalvikvm(  218): GC_CONCURRENT freed 386K, 7% free 10103K/10823K, paused 1ms+3ms
I/GTalkService/c(  452): [AndroidEndpoint@1094664376] connect: acct=1000001, state=CONNECTING
D/dalvikvm(  154): GC_CONCURRENT freed 1015K, 13% free 13519K/15431K, paused 2ms+5ms
D/dalvikvm(  309): GC_CONCURRENT freed 439K, 6% free 9488K/10055K, paused 1ms+2ms
E/GTalkService(  452): connectionClosed: no XMPPConnection - That's strange!
D/ConnectivityService(  154): handleInetConditionHoldEnd: net=0, condition=0, published condition=0
D/dalvikvm(  154): GC_CONCURRENT freed 1004K, 13% free 13518K/15431K, paused 17ms+5ms
D/dalvikvm(  154): GC_EXPLICIT freed 75K, 13% free 13468K/15431K, paused 20ms+5ms
I/GTalkService/c(  452): [AndroidEndpoint@1094664376] connect: acct=1000001, state=CONNECTING
E/GTalkService(  452): connectionClosed: no XMPPConnection - That's strange!
D/dalvikvm(  452): GC_CONCURRENT freed 401K, 8% free 10055K/10823K, paused 13ms+3ms
D/ConnectivityService(  154): handleInetConditionHoldEnd: net=0, condition=0, published condition=0
D/dalvikvm(  309): GC_CONCURRENT freed 436K, 6% free 9488K/10055K, paused 1ms+2ms
W/BackupManagerService(  154): dataChanged but no participant pkg='com.android.providers.settings' uid=1001
I/EventLogService(  452): Aggregate from 1333744476183 (log), 1333744476183 (data)
I/ServiceDumpSys(  452): dumping service [account]
I/GTalkService/c(  452): [AndroidEndpoint@1094664376] connect: acct=1000001, state=CONNECTING
D/dalvikvm(  154): GC_CONCURRENT freed 996K, 13% free 13525K/15431K, paused 17ms+4ms
D/dalvikvm(  309): GC_CONCURRENT freed 451K, 6% free 9491K/10055K, paused 1ms+2ms
W/BackupManagerService(  154): dataChanged but no participant pkg='com.android.providers.settings' uid=1001
E/GTalkService(  452): connectionClosed: no XMPPConnection - That's strange!
D/ConnectivityService(  154): handleInetConditionHoldEnd: net=0, condition=0, published condition=0
D/dalvikvm(  154): GC_CONCURRENT freed 1018K, 13% free 13524K/15431K, paused 2ms+4ms
D/dalvikvm( 1907): GC_CONCURRENT freed 383K, 8% free 10041K/10823K, paused 2ms+2ms
I/GTalkService/c(  452): [AndroidEndpoint@1094664376] connect: acct=1000001, state=CONNECTING
D/dalvikvm(  309): GC_CONCURRENT freed 451K, 6% free 9491K/10055K, paused 13ms+2ms
D/AlarmManagerService(  154): Kernel timezone updated to 240 minutes west of GMT
D/dalvikvm(  154): GC_CONCURRENT freed 1026K, 13% free 13527K/15431K, paused 2ms+4ms
V/AlarmClock( 1503): AlarmInitReceiver finished
D/SystemClock(  309): Setting time of day to sec=1333746975
D/dalvikvm(  154): GC_EXPLICIT freed 60K, 13% free 13474K/15431K, paused 25ms+4ms
E/GTalkService(  452): connectionClosed: no XMPPConnection - That's strange!
D/ConnectivityService(  154): handleInetConditionHoldEnd: net=0, condition=0, published condition=0
I/GTalkService/c(  452): [AndroidEndpoint@1094664376] connect: acct=1000001, state=CONNECTING
D/dalvikvm(  452): GC_CONCURRENT freed 379K, 8% free 10061K/10823K, paused 2ms+3ms
D/ConnectivityService(  154): handleInetConditionHoldEnd: net=0, condition=100, published condition=0
D/dalvikvm(  218): GC_CONCURRENT freed 382K, 7% free 10107K/10823K, paused 13ms+3ms
W/Smack/Packet(  452): notify conn break (IOEx), close connection
D/ConnectivityService(  154): handleInetConditionHoldEnd: net=0, condition=0, published condition=100
I/GTalkService/c(  452): [AndroidEndpoint@1094664376] connect: acct=1000001, state=CONNECTING
D/ConnectivityService(  154): handleInetConditionHoldEnd: net=0, condition=100, published condition=0
W/Smack/Packet(  452): notify conn break (IOEx), close connection
D/ConnectivityService(  154): handleInetConditionHoldEnd: net=0, condition=0, published condition=100
I/GTalkService/c(  452): [AndroidEndpoint@1094664376] connect: acct=1000001, state=CONNECTING
D/dalvikvm(  452): GC_CONCURRENT freed 355K, 7% free 10097K/10823K, paused 2ms+3ms
D/ConnectivityService(  154): handleInetConditionHoldEnd: net=0, condition=100, published condition=0
W/Smack/Packet(  452): notify conn break (IOEx), close connection
D/ConnectivityService(  154): handleInetConditionHoldEnd: net=0, condition=0, published condition=100
I/GTalkService/c(  452): [AndroidEndpoint@1094664376] connect: acct=1000001, state=CONNECTING
D/ConnectivityService(  154): handleInetConditionHoldEnd: net=0, condition=100, published condition=0
W/Smack/Packet(  452): notify conn break (IOEx), close connection
D/ConnectivityService(  154): handleInetConditionHoldEnd: net=0, condition=0, published condition=100
I/GTalkService/c(  452): [AndroidEndpoint@1094664376] connect: acct=1000001, state=CONNECTING
D/dalvikvm(  452): GC_CONCURRENT freed 415K, 7% free 10075K/10823K, paused 8ms+2ms
D/ConnectivityService(  154): handleInetConditionHoldEnd: net=0, condition=100, published condition=0
W/Smack/Packet(  452): notify conn break (IOEx), close connection
D/ConnectivityService(  154): handleInetConditionHoldEnd: net=0, condition=0, published condition=100
I/GTalkService/c(  452): [AndroidEndpoint@1094664376] connect: acct=1000001, state=CONNECTING
D/dalvikvm(  452): GC_CONCURRENT freed 386K, 7% free 10083K/10823K, paused 2ms+2ms
D/ConnectivityService(  154): handleInetConditionHoldEnd: net=0, condition=100, published condition=0
D/dalvikvm(  154): GC_CONCURRENT freed 904K, 13% free 13565K/15431K, paused 2ms+5ms
W/Smack/Packet(  452): notify conn break (IOEx), close connection
D/ConnectivityService(  154): handleInetConditionHoldEnd: net=0, condition=0, published condition=100
I/GTalkService/c(  452): [AndroidEndpoint@1094664376] connect: acct=1000001, state=CONNECTING
D/ConnectivityService(  154): handleInetConditionHoldEnd: net=0, condition=100, published condition=0
W/Smack/Packet(  452): notify conn break (IOEx), close connection
D/ConnectivityService(  154): handleInetConditionHoldEnd: net=0, condition=0, published condition=100
I/GTalkService/c(  452): [AndroidEndpoint@1094664376] connect: acct=1000001, state=CONNECTING
D/dalvikvm(  452): GC_CONCURRENT freed 382K, 7% free 10097K/10823K, paused 2ms+2ms
D/ConnectivityService(  154): handleInetConditionHoldEnd: net=0, condition=100, published condition=0
W/Smack/Packet(  452): notify conn break (IOEx), close connection
D/ConnectivityService(  154): handleInetConditionHoldEnd: net=0, condition=0, published condition=100
I/GTalkService/c(  452): [AndroidEndpoint@1094664376] connect: acct=1000001, state=CONNECTING
D/ConnectivityService(  154): handleInetConditionHoldEnd: net=0, condition=100, published condition=0
W/Smack/Packet(  452): notify conn break (IOEx), close connection
D/ConnectivityService(  154): handleInetConditionHoldEnd: net=0, condition=0, published condition=100
I/GTalkService/c(  452): [AndroidEndpoint@1094664376] connect: acct=1000001, state=CONNECTING
D/dalvikvm(  452): GC_CONCURRENT freed 414K, 7% free 10075K/10823K, paused 14ms+3ms
D/ConnectivityService(  154): handleInetConditionHoldEnd: net=0, condition=100, published condition=0
W/Smack/Packet(  452): notify conn break (IOEx), close connection
D/ConnectivityService(  154): handleInetConditionHoldEnd: net=0, condition=0, published condition=100
I/GTalkService/c(  452): [AndroidEndpoint@1094664376] connect: acct=1000001, state=CONNECTING
D/dalvikvm(  452): GC_CONCURRENT freed 385K, 7% free 10082K/10823K, paused 2ms+4ms
D/ConnectivityService(  154): handleInetConditionHoldEnd: net=0, condition=100, published condition=0
W/Smack/Packet(  452): notify conn break (IOEx), close connection
D/ConnectivityService(  154): handleInetConditionHoldEnd: net=0, condition=0, published condition=100
I/GTalkService/c(  452): [AndroidEndpoint@1094664376] connect: acct=1000001, state=CONNECTING
D/ConnectivityService(  154): handleInetConditionHoldEnd: net=0, condition=100, published condition=0
W/Smack/Packet(  452): notify conn break (IOEx), close connection
D/dalvikvm(  452): GC_EXPLICIT freed 306K, 8% free 10054K/10823K, paused 2ms+4ms
D/dalvikvm( 1302): GC_CONCURRENT freed 306K, 5% free 10132K/10567K, paused 2ms+4ms
D/ConnectivityService(  154): handleInetConditionHoldEnd: net=0, condition=0, published condition=100
I/GTalkService/c(  452): [AndroidEndpoint@1094664376] connect: acct=1000001, state=CONNECTING
D/ConnectivityService(  154): handleInetConditionHoldEnd: net=0, condition=100, published condition=0
W/Smack/Packet(  452): notify conn break (IOEx), close connection
I/EventLogService(  452): Aggregate from 1333746276326 (log), 1333746276326 (data)
I/ServiceDumpSys(  452): dumping service [account]
D/ConnectivityService(  154): handleInetConditionHoldEnd: net=0, condition=0, published condition=100
I/GTalkService/c(  452): [AndroidEndpoint@1094664376] connect: acct=1000001, state=CONNECTING
D/dalvikvm(  452): GC_CONCURRENT freed 394K, 7% free 10066K/10823K, paused 14ms+3ms
W/Smack/Packet(  452): notify conn break (IOEx), close connection
D/ConnectivityService(  154): handleInetConditionHoldEnd: net=0, condition=0, published condition=0
I/GTalkService/c(  452): [AndroidEndpoint@1094664376] connect: acct=1000001, state=CONNECTING
D/dalvikvm(  154): GC_EXPLICIT freed 600K, 13% free 13528K/15431K, paused 2ms+5ms
D/ConnectivityService(  154): handleInetConditionHoldEnd: net=0, condition=100, published condition=0
W/Smack/Packet(  452): notify conn break (IOEx), close connection
D/ConnectivityService(  154): handleInetConditionHoldEnd: net=0, condition=0, published condition=100
I/GTalkService/c(  452): [AndroidEndpoint@1094664376] connect: acct=1000001, state=CONNECTING
D/dalvikvm(  452): GC_CONCURRENT freed 394K, 8% free 10056K/10823K, paused 2ms+3ms
D/ConnectivityService(  154): handleInetConditionHoldEnd: net=0, condition=100, published condition=0
W/Smack/Packet(  452): notify conn break (IOEx), close connection
D/ConnectivityService(  154): handleInetConditionHoldEnd: net=0, condition=0, published condition=100
I/GTalkService/c(  452): [AndroidEndpoint@1094664376] connect: acct=1000001, state=CONNECTING
D/dalvikvm(  452): GC_CONCURRENT freed 394K, 7% free 10072K/10823K, paused 2ms+3ms
D/ConnectivityService(  154): handleInetConditionHoldEnd: net=0, condition=100, published condition=0
W/Smack/Packet(  452): notify conn break (IOEx), close connection
D/ConnectivityService(  154): handleInetConditionHoldEnd: net=0, condition=0, published condition=100
I/GTalkService/c(  452): [AndroidEndpoint@1094664376] connect: acct=1000001, state=CONNECTING
D/ConnectivityService(  154): handleInetConditionHoldEnd: net=0, condition=100, published condition=0
W/Smack/Packet(  452): notify conn break (IOEx), close connection
D/ConnectivityService(  154): handleInetConditionHoldEnd: net=0, condition=0, published condition=100
I/GTalkService/c(  452): [AndroidEndpoint@1094664376] connect: acct=1000001, state=CONNECTING
D/dalvikvm(  452): GC_CONCURRENT freed 384K, 7% free 10093K/10823K, paused 2ms+3ms
D/ConnectivityService(  154): handleInetConditionHoldEnd: net=0, condition=100, published condition=0
W/Smack/Packet(  452): notify conn break (IOEx), close connection
D/ConnectivityService(  154): handleInetConditionHoldEnd: net=0, condition=0, published condition=100
I/GTalkService/c(  452): [AndroidEndpoint@1094664376] connect: acct=1000001, state=CONNECTING
W/Smack/Packet(  452): notify conn break (IOEx), close connection
D/ConnectivityService(  154): handleInetConditionHoldEnd: net=0, condition=0, published condition=0
I/CheckinService(  452): Preparing to send checkin request
I/EventLogService(  452): Accumulating logs since 1333748076442
D/dalvikvm(  452): GC_CONCURRENT freed 434K, 8% free 10056K/10823K, paused 2ms+3ms
I/CheckinTask(  452): Sending checkin request (1646 bytes)
I/CheckinTask(  452): Checkin success: https://android.clients.google.com/checkin (1 requests sent)
D/dalvikvm(  452): GC_CONCURRENT freed 411K, 8% free 10052K/10823K, paused 2ms+3ms
I/GTalkService/c(  452): [AndroidEndpoint@1094664376] connect: acct=1000001, state=CONNECTING
W/Smack/Packet(  452): notify conn break (IOEx), close connection
D/ConnectivityService(  154): handleInetConditionHoldEnd: net=0, condition=0, published condition=0
I/GTalkService/c(  452): [AndroidEndpoint@1094664376] connect: acct=1000001, state=CONNECTING
D/dalvikvm(  452): GC_CONCURRENT freed 385K, 8% free 10061K/10823K, paused 14ms+3ms
D/ConnectivityService(  154): handleInetConditionHoldEnd: net=0, condition=100, published condition=0
W/Smack/Packet(  452): notify conn break (IOEx), close connection
D/ConnectivityService(  154): handleInetConditionHoldEnd: net=0, condition=0, published condition=100
I/GTalkService/c(  452): [AndroidEndpoint@1094664376] connect: acct=1000001, state=CONNECTING
D/ConnectivityService(  154): handleInetConditionHoldEnd: net=0, condition=100, published condition=0
W/Smack/Packet(  452): notify conn break (IOEx), close connection
D/ConnectivityService(  154): handleInetConditionHoldEnd: net=0, condition=0, published condition=100
I/GPS     (  154): gps_engine_status_update: called acquire_wakelock_cb
D/dalvikvm(  218): GC_CONCURRENT freed 367K, 7% free 10146K/10823K, paused 1ms+3ms
D/dalvikvm(  218): GC_FOR_ALLOC freed 22K, 7% free 10124K/10823K, paused 15ms
I/dalvikvm-heap(  218): Grow heap (frag case) to 10.132MB for 186256-byte allocation
D/dalvikvm(  218): GC_FOR_ALLOC freed 1K, 7% free 10304K/11015K, paused 14ms
D/dalvikvm(  218): GC_FOR_ALLOC freed 181K, 9% free 10123K/11015K, paused 14ms
D/dalvikvm(  218): GC_FOR_ALLOC freed 165K, 9% free 10123K/11015K, paused 14ms
D/dalvikvm(  218): GC_FOR_ALLOC freed 148K, 9% free 10123K/11015K, paused 14ms
D/dalvikvm(  218): GC_FOR_ALLOC freed 227K, 9% free 10123K/11015K, paused 14ms
D/dalvikvm(  218): GC_FOR_ALLOC freed 274K, 9% free 10121K/11015K, paused 30ms
D/dalvikvm(  154): GC_CONCURRENT freed 945K, 12% free 13588K/15431K, paused 2ms+6ms
D/dalvikvm( 1907): GC_CONCURRENT freed 377K, 8% free 10048K/10823K, paused 2ms+2ms
D/dalvikvm(  154): GC_CONCURRENT freed 971K, 12% free 13638K/15431K, paused 2ms+7ms
D/dalvikvm(  218): GC_FOR_ALLOC freed 205K, 9% free 10123K/11015K, paused 18ms
D/dalvikvm(  218): GC_FOR_ALLOC freed 180K, 9% free 10121K/11015K, paused 17ms
D/dalvikvm(  218): GC_FOR_ALLOC freed 155K, 9% free 10121K/11015K, paused 14ms
D/dalvikvm(  218): GC_FOR_ALLOC freed 240K, 9% free 10121K/11015K, paused 14ms
I/GPS     (  154): gps_engine_status_update: called release_wakelock_cb
I/GTalkService/c(  452): [AndroidEndpoint@1094664376] connect: acct=1000001, state=CONNECTING
D/dalvikvm(  452): GC_CONCURRENT freed 367K, 7% free 10105K/10823K, paused 14ms+2ms
D/ConnectivityService(  154): handleInetConditionHoldEnd: net=0, condition=100, published condition=0
W/Smack/Packet(  452): notify conn break (IOEx), close connection
D/ConnectivityService(  154): handleInetConditionHoldEnd: net=0, condition=0, published condition=100
I/GTalkService/c(  452): [AndroidEndpoint@1094664376] connect: acct=1000001, state=CONNECTING
D/ConnectivityService(  154): handleInetConditionHoldEnd: net=0, condition=100, published condition=0
W/Smack/Packet(  452): notify conn break (IOEx), close connection
D/dalvikvm(  452): GC_CONCURRENT freed 426K, 8% free 10065K/10823K, paused 14ms+3ms
D/ConnectivityService(  154): handleInetConditionHoldEnd: net=0, condition=0, published condition=100
I/GTalkService/c(  452): [AndroidEndpoint@1094664376] connect: acct=1000001, state=CONNECTING
D/ConnectivityService(  154): handleInetConditionHoldEnd: net=0, condition=100, published condition=0
W/Smack/Packet(  452): notify conn break (IOEx), close connection
D/ConnectivityService(  154): handleInetConditionHoldEnd: net=0, condition=0, published condition=100
I/GTalkService/c(  452): [AndroidEndpoint@1094664376] connect: acct=1000001, state=CONNECTING
D/dalvikvm(  452): GC_CONCURRENT freed 370K, 7% free 10088K/10823K, paused 14ms+2ms
D/dalvikvm(  154): GC_EXPLICIT freed 484K, 13% free 13505K/15431K, paused 2ms+5ms
D/ConnectivityService(  154): handleInetConditionHoldEnd: net=0, condition=100, published condition=0
W/Smack/Packet(  452): notify conn break (IOEx), close connection
D/ConnectivityService(  154): handleInetConditionHoldEnd: net=0, condition=0, published condition=100
I/GTalkService/c(  452): [AndroidEndpoint@1094664376] connect: acct=1000001, state=CONNECTING
D/ConnectivityService(  154): handleInetConditionHoldEnd: net=0, condition=100, published condition=0
W/Smack/Packet(  452): notify conn break (IOEx), close connection
D/ConnectivityService(  154): handleInetConditionHoldEnd: net=0, condition=0, published condition=100
D/dalvikvm(  218): GC_CONCURRENT freed 418K, 9% free 10087K/11015K, paused 16ms+3ms
I/GTalkService/c(  452): [AndroidEndpoint@1094664376] connect: acct=1000001, state=CONNECTING
D/dalvikvm(  452): GC_CONCURRENT freed 408K, 7% free 10089K/10823K, paused 2ms+3ms
D/ConnectivityService(  154): handleInetConditionHoldEnd: net=0, condition=100, published condition=0
W/Smack/Packet(  452): notify conn break (IOEx), close connection
D/ConnectivityService(  154): handleInetConditionHoldEnd: net=0, condition=0, published condition=100
I/GTalkService/c(  452): [AndroidEndpoint@1094664376] connect: acct=1000001, state=CONNECTING
D/ConnectivityService(  154): handleInetConditionHoldEnd: net=0, condition=100, published condition=0
W/Smack/Packet(  452): notify conn break (IOEx), close connection
D/ConnectivityService(  154): handleInetConditionHoldEnd: net=0, condition=0, published condition=100
I/GTalkService/c(  452): [AndroidEndpoint@1094664376] connect: acct=1000001, state=CONNECTING
D/dalvikvm(  452): GC_CONCURRENT freed 431K, 8% free 10047K/10823K, paused 2ms+3ms
D/ConnectivityService(  154): handleInetConditionHoldEnd: net=0, condition=100, published condition=0
W/Smack/Packet(  452): notify conn break (IOEx), close connection
D/ConnectivityService(  154): handleInetConditionHoldEnd: net=0, condition=0, published condition=100
I/GTalkService/c(  452): [AndroidEndpoint@1094664376] connect: acct=1000001, state=CONNECTING
D/dalvikvm(  452): GC_CONCURRENT freed 392K, 8% free 10065K/10823K, paused 2ms+3ms
D/ConnectivityService(  154): handleInetConditionHoldEnd: net=0, condition=100, published condition=0
W/Smack/Packet(  452): notify conn break (IOEx), close connection
D/ConnectivityService(  154): handleInetConditionHoldEnd: net=0, condition=0, published condition=100
I/GTalkService/c(  452): [AndroidEndpoint@1094664376] connect: acct=1000001, state=CONNECTING
D/ConnectivityService(  154): handleInetConditionHoldEnd: net=0, condition=100, published condition=0
W/Smack/Packet(  452): notify conn break (IOEx), close connection
D/ConnectivityService(  154): handleInetConditionHoldEnd: net=0, condition=0, published condition=100
I/GTalkService/c(  452): [AndroidEndpoint@1094664376] connect: acct=1000001, state=CONNECTING
D/dalvikvm(  452): GC_CONCURRENT freed 385K, 7% free 10086K/10823K, paused 2ms+3ms
D/ConnectivityService(  154): handleInetConditionHoldEnd: net=0, condition=100, published condition=0
W/Smack/Packet(  452): notify conn break (IOEx), close connection
D/ConnectivityService(  154): handleInetConditionHoldEnd: net=0, condition=0, published condition=100
I/GTalkService/c(  452): [AndroidEndpoint@1094664376] connect: acct=1000001, state=CONNECTING
D/ConnectivityService(  154): handleInetConditionHoldEnd: net=0, condition=100, published condition=0
W/Smack/Packet(  452): notify conn break (IOEx), close connection
D/ConnectivityService(  154): handleInetConditionHoldEnd: net=0, condition=0, published condition=100
I/GTalkService/c(  452): [AndroidEndpoint@1094664376] connect: acct=1000001, state=CONNECTING
D/dalvikvm(  309): GC_CONCURRENT freed 422K, 6% free 9495K/10055K, paused 2ms+2ms
D/dalvikvm(  452): GC_CONCURRENT freed 413K, 7% free 10066K/10823K, paused 14ms+3ms
D/ConnectivityService(  154): handleInetConditionHoldEnd: net=0, condition=100, published condition=0
W/Smack/Packet(  452): notify conn break (IOEx), close connection
D/ConnectivityService(  154): handleInetConditionHoldEnd: net=0, condition=0, published condition=100
I/GTalkService/c(  452): [AndroidEndpoint@1094664376] connect: acct=1000001, state=CONNECTING
D/dalvikvm(  452): GC_CONCURRENT freed 385K, 7% free 10074K/10823K, paused 1ms+3ms
D/ConnectivityService(  154): handleInetConditionHoldEnd: net=0, condition=100, published condition=0
W/Smack/Packet(  452): notify conn break (IOEx), close connection
D/ConnectivityService(  154): handleInetConditionHoldEnd: net=0, condition=0, published condition=100
I/GTalkService/c(  452): [AndroidEndpoint@1094664376] connect: acct=1000001, state=CONNECTING
D/ConnectivityService(  154): handleInetConditionHoldEnd: net=0, condition=100, published condition=0
W/Smack/Packet(  452): notify conn break (IOEx), close connection
D/ConnectivityService(  154): handleInetConditionHoldEnd: net=0, condition=0, published condition=100
I/GTalkService/c(  452): [AndroidEndpoint@1094664376] connect: acct=1000001, state=CONNECTING
D/dalvikvm(  452): GC_CONCURRENT freed 381K, 7% free 10088K/10823K, paused 2ms+3ms
D/ConnectivityService(  154): handleInetConditionHoldEnd: net=0, condition=100, published condition=0
W/Smack/Packet(  452): notify conn break (IOEx), close connection
D/ConnectivityService(  154): handleInetConditionHoldEnd: net=0, condition=0, published condition=100
I/GTalkService/c(  452): [AndroidEndpoint@1094664376] connect: acct=1000001, state=CONNECTING
D/ConnectivityService(  154): handleInetConditionHoldEnd: net=0, condition=100, published condition=0
W/Smack/Packet(  452): notify conn break (IOEx), close connection
D/ConnectivityService(  154): handleInetConditionHoldEnd: net=0, condition=0, published condition=100
I/GTalkService/c(  452): [AndroidEndpoint@1094664376] connect: acct=1000001, state=CONNECTING
D/dalvikvm(  452): GC_CONCURRENT freed 414K, 7% free 10067K/10823K, paused 14ms+3ms
