D/dalvikvm(  154): GC_EXPLICIT freed 971K, 10% free 13618K/15047K, paused 13ms+6ms
D/ConnectivityService(  154): handleInetConditionHoldEnd: net=0, condition=100, published condition=0
W/Smack/Packet(  452): notify conn break (IOEx), close connection
D/ConnectivityService(  154): handleInetConditionHoldEnd: net=0, condition=0, published condition=100
I/GTalkService/c(  452): [AndroidEndpoint@1094664376] connect: acct=1000000, state=CONNECTING
D/dalvikvm(  452): GC_CONCURRENT freed 439K, 6% free 10070K/10631K, paused 13ms+3ms
D/ConnectivityService(  154): handleInetConditionHoldEnd: net=0, condition=100, published condition=0
W/Smack/Packet(  452): notify conn break (IOEx), close connection
D/dalvikvm(  309): GC_CONCURRENT freed 424K, 6% free 9502K/10055K, paused 2ms+2ms
D/ConnectivityService(  154): handleInetConditionHoldEnd: net=0, condition=0, published condition=100
I/GTalkService/c(  452): [AndroidEndpoint@1094664376] connect: acct=1000000, state=CONNECTING
D/ConnectivityService(  154): handleInetConditionHoldEnd: net=0, condition=100, published condition=0
W/Smack/Packet(  452): notify conn break (IOEx), close connection
D/ConnectivityService(  154): handleInetConditionHoldEnd: net=0, condition=0, published condition=100
I/GTalkService/c(  452): [AndroidEndpoint@1094664376] connect: acct=1000000, state=CONNECTING
D/dalvikvm(  452): GC_CONCURRENT freed 457K, 6% free 10042K/10631K, paused 14ms+2ms
D/ConnectivityService(  154): handleInetConditionHoldEnd: net=0, condition=100, published condition=0
D/dalvikvm(  154): GC_CONCURRENT freed 1035K, 10% free 13635K/15047K, paused 2ms+5ms
W/Smack/Packet(  452): notify conn break (IOEx), close connection
D/ConnectivityService(  154): handleInetConditionHoldEnd: net=0, condition=0, published condition=100
I/GTalkService/c(  452): [AndroidEndpoint@1094664376] connect: acct=1000000, state=CONNECTING
D/ConnectivityService(  154): handleInetConditionHoldEnd: net=0, condition=100, published condition=0
D/dalvikvm(  309): GC_CONCURRENT freed 434K, 6% free 9504K/10055K, paused 2ms+2ms
W/Smack/Packet(  452): notify conn break (IOEx), close connection
D/ConnectivityService(  154): handleInetConditionHoldEnd: net=0, condition=0, published condition=100
I/GTalkService/c(  452): [AndroidEndpoint@1094664376] connect: acct=1000000, state=CONNECTING
D/dalvikvm(  452): GC_CONCURRENT freed 395K, 6% free 10037K/10631K, paused 14ms+3ms
D/ConnectivityService(  154): handleInetConditionHoldEnd: net=0, condition=100, published condition=0
W/Smack/Packet(  452): notify conn break (IOEx), close connection
D/ConnectivityService(  154): handleInetConditionHoldEnd: net=0, condition=0, published condition=100
I/GTalkService/c(  452): [AndroidEndpoint@1094664376] connect: acct=1000000, state=CONNECTING
D/dalvikvm(  452): GC_CONCURRENT freed 389K, 6% free 10045K/10631K, paused 7ms+3ms
D/ConnectivityService(  154): handleInetConditionHoldEnd: net=0, condition=100, published condition=0
D/dalvikvm(  154): GC_EXPLICIT freed 986K, 10% free 13624K/15047K, paused 20ms+5ms
W/Smack/Packet(  452): notify conn break (IOEx), close connection
D/ConnectivityService(  154): handleInetConditionHoldEnd: net=0, condition=0, published condition=100
I/System.out( 1330): [INFO:1186519]: c: Running flush
I/System.out( 1330): [INFO:1186520]: c: Sending payload [bytes=431]
D/dalvikvm(  309): GC_CONCURRENT freed 421K, 6% free 9502K/10055K, paused 2ms+2ms
I/GTalkService/c(  452): [AndroidEndpoint@1094664376] connect: acct=1000000, state=CONNECTING
I/System.out( 1330): [INFO:1189845]: c: Response [http=200,length=20]
I/System.out( 1330): [INFO:1189847]: c: Read id 4, status code 200
D/ConnectivityService(  154): handleInetConditionHoldEnd: net=0, condition=100, published condition=0
W/Smack/Packet(  452): notify conn break (IOEx), close connection
D/ConnectivityService(  154): handleInetConditionHoldEnd: net=0, condition=0, published condition=100
I/GTalkService/c(  452): [AndroidEndpoint@1094664376] connect: acct=1000000, state=CONNECTING
D/dalvikvm(  452): GC_CONCURRENT freed 448K, 6% free 10070K/10631K, paused 2ms+3ms
D/ConnectivityService(  154): handleInetConditionHoldEnd: net=0, condition=100, published condition=0
W/Smack/Packet(  452): notify conn break (IOEx), close connection
D/dalvikvm(  154): GC_CONCURRENT freed 1027K, 10% free 13623K/15047K, paused 2ms+6ms
D/ConnectivityService(  154): handleInetConditionHoldEnd: net=0, condition=0, published condition=100
I/GTalkService/c(  452): [AndroidEndpoint@1094664376] connect: acct=1000000, state=CONNECTING
D/ConnectivityService(  154): handleInetConditionHoldEnd: net=0, condition=100, published condition=0
W/Smack/Packet(  452): notify conn break (IOEx), close connection
D/ConnectivityService(  154): handleInetConditionHoldEnd: net=0, condition=0, published condition=100
D/dalvikvm(  309): GC_CONCURRENT freed 420K, 6% free 9503K/10055K, paused 1ms+2ms
I/GTalkService/c(  452): [AndroidEndpoint@1094664376] connect: acct=1000000, state=CONNECTING
D/dalvikvm(  452): GC_CONCURRENT freed 472K, 6% free 10052K/10631K, paused 14ms+3ms
D/ConnectivityService(  154): handleInetConditionHoldEnd: net=0, condition=100, published condition=0
D/dalvikvm( 1330): GC_CONCURRENT freed 377K, 7% free 10100K/10759K, paused 2ms+1ms
W/Smack/Packet(  452): notify conn break (IOEx), close connection
D/ConnectivityService(  154): handleInetConditionHoldEnd: net=0, condition=0, published condition=100
I/ActivityManager(  154): Start proc com.google.android.deskclock for broadcast com.google.android.deskclock/com.android.deskclock.AlarmInitReceiver: pid=1503 uid=10013 gids={}
I/ActivityManager(  154): No longer want com.android.providers.calendar (pid 941): hidden #16
D/AlarmManagerService(  154): Kernel timezone updated to 240 minutes west of GMT
I/ActivityThread( 1503): Pub com.android.deskclock: com.android.deskclock.AlarmProvider
D/dalvikvm(  452): GC_EXPLICIT freed 169K, 7% free 9984K/10631K, paused 2ms+3ms
V/AlarmClock( 1503): AlarmInitReceiver finished
D/SystemClock(  309): Setting time of day to sec=1333729672
D/dalvikvm(  154): GC_FOR_ALLOC freed 888K, 10% free 13641K/15047K, paused 45ms
I/dalvikvm-heap(  154): Grow heap (frag case) to 13.521MB for 129616-byte allocation
D/dalvikvm(  154): GC_FOR_ALLOC freed 87K, 10% free 13680K/15175K, paused 39ms
D/dalvikvm(  154): GC_EXPLICIT freed 277K, 12% free 13430K/15175K, paused 20ms+5ms
I/ActivityManager(  154): Start proc com.android.providers.calendar for broadcast com.android.providers.calendar/.CalendarProviderBroadcastReceiver: pid=1517 uid=10007 gids={3003, 1015}
I/ActivityThread( 1517): Pub com.android.calendar: com.android.providers.calendar.CalendarProvider2
I/ActivityManager(  154): No longer want com.google.android.music:main (pid 919): hidden #16
I/CalendarProvider2( 1517): Sending notification intent: Intent { act=android.intent.action.PROVIDER_CHANGED dat=content://com.android.calendar }
W/ContentResolver( 1517): Failed to get type for: content://com.android.calendar (Unknown URL content://com.android.calendar)
I/GTalkService/c(  452): [AndroidEndpoint@1094664376] connect: acct=1000000, state=CONNECTING
D/ConnectivityService(  154): ConnectivityChange for mobile: DISCONNECTED/DISCONNECTED
D/ConnectivityService(  154): Attempting to switch to WIFI
D/ConnectivityService(  154): Attempting to switch to BLUETOOTH_TETHER
D/NetUtils(  154): android_net_utils_resetConnections in env=0x57fae0 clazz=0xaa200001 iface=rmnet0 mask=0x3
D/ConnectivityService(  154): resetConnections(rmnet0, 3)
E/GTalkService(  452): connectionClosed: no XMPPConnection - That's strange!
D/ConnectivityService(  154): handleInetConditionChange: no active default network - ignore
D/Tethering(  154): MasterInitialState.processMessage what=3
I/BarnacleService( 1060): log: hq. MSG_NETSCHANGE. about to get getWifiState
I/BarnacleService( 1060): log: hq. BarnacleServiceNETSCHANGE: 1 2 proc
E/BarnacleService( 1060): NETSCHANGE: 1 2 proc
I/BarnacleService( 1060): log: hq. wifiState 1 =? WifiManager.WIFI_STATE_DISABLED = 1
I/BarnacleService( 1060): log: hq. INSIDE :) wifi state disabled
I/BarnacleService( 1060): log: ( (state = 2) ?== (STATE_STARTING = 1) ) && ( (process = proc_is_not_null) ?== null ... && checkUplink:
I/BarnacleService( 1060): log: now waiting, becaus  either state != STATE_STARTING or process != null
I/MediaUploader(  957): No need to wake up
D/PicasaSyncManager(  984): active network: null
D/PicasaSyncManager(  984): background data: true
D/dalvikvm(  309): GC_CONCURRENT freed 415K, 6% free 9506K/10055K, paused 1ms+2ms
D/AlarmManagerService(  154): Kernel timezone updated to 240 minutes west of GMT
D/SystemClock(  309): Setting time of day to sec=1333729799
V/AlarmClock( 1503): AlarmInitReceiver finished
I/power   (  154): *** set_screen_state 1
W/PowerUI (  218): unknown intent: Intent { act=android.intent.action.ACTION_POWER_CONNECTED flg=0x10000010 }
D/PicasaSyncManager(  984): battery info: true
I/WindowManager(  154): Lock screen displayed!
D/SurfaceFlinger(   78): Screen about to return, flinger = 0x1c4a918
D/ConnectivityService(  154): ConnectivityChange for mobile: CONNECTED/CONNECTED
D/dalvikvm(  154): GC_CONCURRENT freed 1020K, 11% free 13514K/15175K, paused 4ms+5ms
D/NetworkPolicy(  154): applying policy NetworkPolicy[NetworkTemplate: matchRule=MOBILE_ALL, subscriberId=valid]: cycleDay=15, warningBytes=2147483648, limitBytes=-1, lastSnooze=-1 to ifaces [rmnet0]
D/Tethering(  154): MasterInitialState.processMessage what=3
I/MediaUploader(  957): No need to wake up
I/BarnacleService( 1060): log: hq. MSG_NETSCHANGE. about to get getWifiState
I/BarnacleService( 1060): log: hq. BarnacleServiceNETSCHANGE: 1 2 proc
E/BarnacleService( 1060): NETSCHANGE: 1 2 proc
I/BarnacleService( 1060): log: hq. wifiState 1 =? WifiManager.WIFI_STATE_DISABLED = 1
I/BarnacleService( 1060): log: hq. INSIDE :) wifi state disabled
I/BarnacleService( 1060): log: ( (state = 2) ?== (STATE_STARTING = 1) ) && ( (process = proc_is_not_null) ?== null ... && checkUplink:
I/BarnacleService( 1060): log: now waiting, becaus  either state != STATE_STARTING or process != null
D/PicasaSyncManager(  984): active network: NetworkInfo: type: mobile[EDGE], state: CONNECTED/CONNECTED, reason: nwTypeChanged, extra: epc.tmobile.com, roaming: false, failover: false, isAvailable: true
D/PicasaSyncManager(  984): background data: true
I/power   (  154): *** set_screen_state 0
D/SurfaceFlinger(   78): About to give-up screen, flinger = 0x1c4a918
D/dalvikvm(  154): GC_FOR_ALLOC freed 263K, 10% free 13690K/15175K, paused 46ms
I/dalvikvm-heap(  154): Grow heap (frag case) to 13.545MB for 104992-byte allocation
D/dalvikvm(  154): GC_FOR_ALLOC freed 11K, 10% free 13781K/15303K, paused 39ms
D/dalvikvm(  154): GC_FOR_ALLOC freed 4K, 10% free 13886K/15303K, paused 38ms
I/dalvikvm-heap(  154): Grow heap (frag case) to 13.738MB for 104992-byte allocation
D/dalvikvm(  154): GC_FOR_ALLOC freed 2K, 10% free 13986K/15431K, paused 38ms
V/TransportControlView(  154): Create TCV com.android.internal.widget.TransportControlView@417bfcc8
D/dalvikvm(  218): GC_CONCURRENT freed 371K, 7% free 10097K/10823K, paused 28ms+2ms
I/GTalkService/c(  452): [AndroidEndpoint@1094664376] connect: acct=1000000, state=CONNECTING
D/ConnectivityService(  154): handleInetConditionHoldEnd: net=0, condition=100, published condition=0
W/Smack/Packet(  452): notify conn break (IOEx), close connection
D/dalvikvm(  452): GC_CONCURRENT freed 363K, 6% free 10009K/10631K, paused 14ms+2ms
D/ConnectivityService(  154): handleInetConditionHoldEnd: net=0, condition=0, published condition=100
I/GTalkService/c(  452): [AndroidEndpoint@1094664376] connect: acct=1000000, state=CONNECTING
W/Smack/Packet(  452): notify conn break (IOEx), close connection
D/ConnectivityService(  154): handleInetConditionHoldEnd: net=0, condition=0, published condition=0
I/GTalkService/c(  452): [AndroidEndpoint@1094664376] connect: acct=1000000, state=CONNECTING
D/dalvikvm(  452): GC_CONCURRENT freed 347K, 6% free 10056K/10631K, paused 14ms+3ms
D/ConnectivityService(  154): handleInetConditionHoldEnd: net=0, condition=100, published condition=0
W/Smack/Packet(  452): notify conn break (IOEx), close connection
D/ConnectivityService(  154): handleInetConditionHoldEnd: net=0, condition=0, published condition=100
I/GTalkService/c(  452): [AndroidEndpoint@1094664376] connect: acct=1000000, state=CONNECTING
D/ConnectivityService(  154): handleInetConditionHoldEnd: net=0, condition=100, published condition=0
I/EventLogService(  452): Aggregate from 1333728274446 (log), 1333728274446 (data)
I/ServiceDumpSys(  452): dumping service [account]
W/Smack/Packet(  452): notify conn break (IOEx), close connection
D/ConnectivityService(  154): handleInetConditionHoldEnd: net=0, condition=0, published condition=100
I/GTalkService/c(  452): [AndroidEndpoint@1094664376] connect: acct=1000000, state=CONNECTING
D/dalvikvm(  452): GC_CONCURRENT freed 449K, 6% free 10050K/10631K, paused 14ms+2ms
W/Smack/Packet(  452): notify conn break (IOEx), close connection
D/ConnectivityService(  154): handleInetConditionHoldEnd: net=0, condition=0, published condition=0
I/GTalkService/c(  452): [AndroidEndpoint@1094664376] connect: acct=1000000, state=CONNECTING
D/dalvikvm(  154): JIT code cache reset in 4 ms (1048504 bytes 1/0)
D/dalvikvm(  154): GC_EXPLICIT freed 1067K, 12% free 13635K/15431K, paused 2ms+11ms
D/ConnectivityService(  154): handleInetConditionHoldEnd: net=0, condition=100, published condition=0
W/Smack/Packet(  452): notify conn break (IOEx), close connection
D/ConnectivityService(  154): handleInetConditionHoldEnd: net=0, condition=0, published condition=100
I/GTalkService/c(  452): [AndroidEndpoint@1094664376] connect: acct=1000000, state=CONNECTING
D/dalvikvm(  452): GC_CONCURRENT freed 465K, 6% free 10040K/10631K, paused 15ms+3ms
D/ConnectivityService(  154): handleInetConditionHoldEnd: net=0, condition=100, published condition=0
W/Smack/Packet(  452): notify conn break (IOEx), close connection
D/ConnectivityService(  154): handleInetConditionHoldEnd: net=0, condition=0, published condition=100
I/GTalkService/c(  452): [AndroidEndpoint@1094664376] connect: acct=1000000, state=CONNECTING
D/dalvikvm(  452): GC_CONCURRENT freed 386K, 6% free 10046K/10631K, paused 1ms+3ms
D/ConnectivityService(  154): handleInetConditionHoldEnd: net=0, condition=100, published condition=0
W/Smack/Packet(  452): notify conn break (IOEx), close connection
D/ConnectivityService(  154): handleInetConditionHoldEnd: net=0, condition=0, published condition=100
I/GTalkService/c(  452): [AndroidEndpoint@1094664376] connect: acct=1000000, state=CONNECTING
D/ConnectivityService(  154): handleInetConditionHoldEnd: net=0, condition=100, published condition=0
W/Smack/Packet(  452): notify conn break (IOEx), close connection
D/ConnectivityService(  154): handleInetConditionHoldEnd: net=0, condition=0, published condition=100
I/GTalkService/c(  452): [AndroidEndpoint@1094664376] connect: acct=1000000, state=CONNECTING
D/dalvikvm(  452): GC_CONCURRENT freed 435K, 6% free 10071K/10631K, paused 2ms+2ms
W/Smack/Packet(  452): notify conn break (IOEx), close connection
D/ConnectivityService(  154): handleInetConditionHoldEnd: net=0, condition=0, published condition=0
I/GTalkService/c(  452): [AndroidEndpoint@1094664376] connect: acct=1000000, state=CONNECTING
D/ConnectivityService(  154): handleInetConditionHoldEnd: net=0, condition=100, published condition=0
W/Smack/Packet(  452): notify conn break (IOEx), close connection
D/ConnectivityService(  154): handleInetConditionHoldEnd: net=0, condition=0, published condition=100
I/GTalkService/c(  452): [AndroidEndpoint@1094664376] connect: acct=1000000, state=CONNECTING
D/dalvikvm(  452): GC_CONCURRENT freed 448K, 6% free 10048K/10631K, paused 14ms+2ms
D/ConnectivityService(  154): handleInetConditionHoldEnd: net=0, condition=100, published condition=0
W/Smack/Packet(  452): notify conn break (IOEx), close connection
D/ConnectivityService(  154): handleInetConditionHoldEnd: net=0, condition=0, published condition=100
I/GTalkService/c(  452): [AndroidEndpoint@1094664376] connect: acct=1000000, state=CONNECTING
D/ConnectivityService(  154): handleInetConditionHoldEnd: net=0, condition=100, published condition=0
W/Smack/Packet(  452): notify conn break (IOEx), close connection
D/ConnectivityService(  154): handleInetConditionHoldEnd: net=0, condition=0, published condition=100
I/GTalkService/c(  452): [AndroidEndpoint@1094664376] connect: acct=1000000, state=CONNECTING
D/dalvikvm(  452): GC_CONCURRENT freed 435K, 6% free 10065K/10631K, paused 2ms+3ms
D/ConnectivityService(  154): handleInetConditionHoldEnd: net=0, condition=100, published condition=0
W/Smack/Packet(  452): notify conn break (IOEx), close connection
D/ConnectivityService(  154): handleInetConditionHoldEnd: net=0, condition=0, published condition=100
I/GTalkService/c(  452): [AndroidEndpoint@1094664376] connect: acct=1000000, state=CONNECTING
D/ConnectivityService(  154): handleInetConditionHoldEnd: net=0, condition=100, published condition=0
W/Smack/Packet(  452): notify conn break (IOEx), close connection
D/ConnectivityService(  154): handleInetConditionHoldEnd: net=0, condition=0, published condition=100
I/GTalkService/c(  452): [AndroidEndpoint@1094664376] connect: acct=1000000, state=CONNECTING
D/dalvikvm(  452): GC_CONCURRENT freed 451K, 6% free 10060K/10631K, paused 2ms+3ms
D/ConnectivityService(  154): handleInetConditionHoldEnd: net=0, condition=100, published condition=0
W/Smack/Packet(  452): notify conn break (IOEx), close connection
D/ConnectivityService(  154): handleInetConditionHoldEnd: net=0, condition=0, published condition=100
I/GTalkService/c(  452): [AndroidEndpoint@1094664376] connect: acct=1000000, state=CONNECTING
D/ConnectivityService(  154): handleInetConditionHoldEnd: net=0, condition=100, published condition=0
W/Smack/Packet(  452): notify conn break (IOEx), close connection
D/ConnectivityService(  154): handleInetConditionHoldEnd: net=0, condition=0, published condition=100
I/GTalkService/c(  452): [AndroidEndpoint@1094664376] connect: acct=1000000, state=CONNECTING
D/dalvikvm(  452): GC_CONCURRENT freed 450K, 6% free 10046K/10631K, paused 13ms+2ms
D/ConnectivityService(  154): handleInetConditionHoldEnd: net=0, condition=100, published condition=0
W/Smack/Packet(  452): notify conn break (IOEx), close connection
D/ConnectivityService(  154): handleInetConditionHoldEnd: net=0, condition=0, published condition=100
I/GTalkService/c(  452): [AndroidEndpoint@1094664376] connect: acct=1000000, state=CONNECTING
D/ConnectivityService(  154): handleInetConditionHoldEnd: net=0, condition=100, published condition=0
W/Smack/Packet(  452): notify conn break (IOEx), close connection
D/ConnectivityService(  154): handleInetConditionHoldEnd: net=0, condition=0, published condition=100
I/GTalkService/c(  452): [AndroidEndpoint@1094664376] connect: acct=1000000, state=CONNECTING
D/dalvikvm(  452): GC_CONCURRENT freed 462K, 6% free 10040K/10631K, paused 14ms+2ms
D/ConnectivityService(  154): handleInetConditionHoldEnd: net=0, condition=100, published condition=0
W/Smack/Packet(  452): notify conn break (IOEx), close connection
D/ConnectivityService(  154): handleInetConditionHoldEnd: net=0, condition=0, published condition=100
I/GTalkService/c(  452): [AndroidEndpoint@1094664376] connect: acct=1000000, state=CONNECTING
D/dalvikvm(  452): GC_CONCURRENT freed 386K, 6% free 10047K/10631K, paused 2ms+4ms
D/ConnectivityService(  154): handleInetConditionHoldEnd: net=0, condition=100, published condition=0
W/Smack/Packet(  452): notify conn break (IOEx), close connection
D/ConnectivityService(  154): handleInetConditionHoldEnd: net=0, condition=0, published condition=100
I/GTalkService/c(  452): [AndroidEndpoint@1094664376] connect: acct=1000000, state=CONNECTING
D/ConnectivityService(  154): handleInetConditionHoldEnd: net=0, condition=100, published condition=0
W/Smack/Packet(  452): notify conn break (IOEx), close connection
D/dalvikvm(  154): GC_EXPLICIT freed 886K, 12% free 13663K/15431K, paused 23ms+7ms
D/ConnectivityService(  154): handleInetConditionHoldEnd: net=0, condition=0, published condition=100
I/GTalkService/c(  452): [AndroidEndpoint@1094664376] connect: acct=1000000, state=CONNECTING
D/dalvikvm(  452): GC_CONCURRENT freed 436K, 6% free 10072K/10631K, paused 1ms+3ms
D/ConnectivityService(  154): handleInetConditionHoldEnd: net=0, condition=100, published condition=0
W/Smack/Packet(  452): notify conn break (IOEx), close connection
D/ConnectivityService(  154): handleInetConditionHoldEnd: net=0, condition=0, published condition=100
I/GTalkService/c(  452): [AndroidEndpoint@1094664376] connect: acct=1000000, state=CONNECTING
D/ConnectivityService(  154): handleInetConditionHoldEnd: net=0, condition=100, published condition=0
D/dalvikvm(  309): GC_CONCURRENT freed 415K, 6% free 9507K/10055K, paused 2ms+2ms
D/dalvikvm(  218): GC_CONCURRENT freed 388K, 7% free 10094K/10823K, paused 13ms+2ms
I/ActivityManager(  154): No longer want net.szym.barnacle (pid 1060): hidden #16
W/ActivityManager(  154): Scheduling restart of crashed service net.szym.barnacle/.BarnacleService in 5000ms
W/Netd    (   75): No subsystem found in netlink event
D/NetlinkEvent(   75): Unexpected netlink message. type=0x11
D/dalvikvm(  154): GC_CONCURRENT freed 1201K, 13% free 13500K/15431K, paused 22ms+5ms
D/dalvikvm( 1646): Late-enabling CheckJNI
I/ActivityManager(  154): Start proc net.szym.barnacle for service net.szym.barnacle/.BarnacleService: pid=1646 uid=10065 gids={3003}
I/dalvikvm( 1646): Turning on JNI app bug workarounds for target SDK version 6...
D/myBarnacleApp( 1646): onCreate
W/myBarnacleApp( 1646): serviceStarted
I/BarnacleService( 1646): log: Starting...
I/BarnacleService( 1646): log: hq. MSG_NETSCHANGE. about to get getWifiState
I/BarnacleService( 1646): log: hq. BarnacleServiceNETSCHANGE: 2 1 null
E/BarnacleService( 1646): NETSCHANGE: 2 1 null
I/BarnacleService( 1646): log: hq. wifiState 2 =? WifiManager.WIFI_STATE_DISABLED = 1
I/BarnacleService( 1646): log: hq. Wifi state Enabled! :( the else before STATE_STARTING
I/BarnacleService( 1646): log: hq if state == STATE_STARTING, turn off wifi
I/BarnacleService( 1646): log: Waiting until Wifi is disabled
I/BarnacleService( 1646): log: hq. MSG_NETSCHANGE. about to get getWifiState
I/BarnacleService( 1646): log: hq. BarnacleServiceNETSCHANGE: 2 1 null
E/BarnacleService( 1646): NETSCHANGE: 2 1 null
I/BarnacleService( 1646): log: hq. wifiState 2 =? WifiManager.WIFI_STATE_DISABLED = 1
I/BarnacleService( 1646): log: hq. Wifi state Enabled! :( the else before STATE_STARTING
I/BarnacleService( 1646): log: hq if state == STATE_STARTING, turn off wifi
I/BarnacleService( 1646): log: Waiting until Wifi is disabled
I/BarnacleService( 1646): log: hq. MSG_NETSCHANGE. about to get getWifiState
I/BarnacleService( 1646): log: hq. BarnacleServiceNETSCHANGE: 2 1 null
E/BarnacleService( 1646): NETSCHANGE: 2 1 null
I/BarnacleService( 1646): log: hq. wifiState 2 =? WifiManager.WIFI_STATE_DISABLED = 1
I/BarnacleService( 1646): log: hq. Wifi state Enabled! :( the else before STATE_STARTING
I/BarnacleService( 1646): log: hq if state == STATE_STARTING, turn off wifi
I/BarnacleService( 1646): log: Waiting until Wifi is disabled
D/SoftapController(   75): Softap fwReload - Ok
D/CommandListener(   75): Setting iface cfg
D/CommandListener(   75): Trying to bring down wlan0
D/CommandListener(   75): broadcast flag ignored
D/CommandListener(   75): multicast flag ignored
D/NetworkManagementService(  154): rsp <213 00:90:4c:11:22:33 0.0.0.0 0 [down broadcast multicast]>
D/NetworkManagementService(  154): flags <[down broadcast multicast]>
I/wpa_supplicant( 1670): CTRL-EVENT-TERMINATING - signal 0 received
I/wpa_supplicant( 1670): CTRL-EVENT-STATE-CHANGE id=-1 state=0 BSSID=00:00:00:00:00:00
D/CommandListener(   75): Clearing all IP addresses on wlan0
I/BarnacleService( 1646): log: hq. MSG_NETSCHANGE. about to get getWifiState
I/BarnacleService( 1646): log: hq. BarnacleServiceNETSCHANGE: 0 1 null
E/BarnacleService( 1646): NETSCHANGE: 0 1 null
I/BarnacleService( 1646): log: hq. wifiState 0 =? WifiManager.WIFI_STATE_DISABLED = 1
I/BarnacleService( 1646): log: hq. Wifi state Enabled! :( the else before STATE_STARTING
I/BarnacleService( 1646): log: hq if state == STATE_STARTING, turn off wifi
I/BarnacleService( 1646): log: hq. MSG_NETSCHANGE. about to get getWifiState
I/BarnacleService( 1646): log: hq. BarnacleServiceNETSCHANGE: 0 1 null
E/BarnacleService( 1646): NETSCHANGE: 0 1 null
I/BarnacleService( 1646): log: hq. wifiState 0 =? WifiManager.WIFI_STATE_DISABLED = 1
I/BarnacleService( 1646): log: hq. Wifi state Enabled! :( the else before STATE_STARTING
I/BarnacleService( 1646): log: hq if state == STATE_STARTING, turn off wifi
W/Netd    (   75): No subsystem found in netlink event
D/NetlinkEvent(   75): Unexpected netlink message. type=0x11
I/BarnacleService( 1646): log: hq. MSG_NETSCHANGE. about to get getWifiState
I/BarnacleService( 1646): log: hq. BarnacleServiceNETSCHANGE: 1 1 null
E/BarnacleService( 1646): NETSCHANGE: 1 1 null
I/BarnacleService( 1646): log: hq. wifiState 1 =? WifiManager.WIFI_STATE_DISABLED = 1
I/BarnacleService( 1646): log: hq. INSIDE :) wifi state disabled
I/BarnacleService( 1646): log: ( (state = 1) ?== (STATE_STARTING = 1) ) && ( (process = proc_is_null) ?== null ... && checkUplink:
I/BarnacleService( 1646): log: hq. :D:D:D:D in state == STATE STARTING and no proccess and checkuplink :D:D:D
I/BarnacleService( 1646): log: Data network is ready
I/BarnacleService( 1646): log: .ini file prepared
I/BarnacleService( 1646): log: hq. :):):):):) :D:D:D:D:D:D about to startProcess()
I/BarnacleService( 1646): log: hq==============
I/BarnacleService( 1646): BarnacleService: startProcess()
I/BarnacleService( 1646): log: hq     pb = new ProcessBuilder
I/BarnacleService( 1646): log: hq     ./File_SCRIPT
I/BarnacleService( 1646): log: hq     pb.start()
I/BarnacleService( 1646): log: hq     new Thread 0 OUTPUT
I/BarnacleService( 1646): log: hq     new Thread 1 ERROR
I/BarnacleService( 1646): log: hq     threads 0 start
I/BarnacleService( 1646): log: hq     threads 1 start
D/su      ( 1675): 10065 net.szym.barnacle executing 0 /data/data/net.szym.barnacle/files/run using shell /system/bin/sh : sh
E/ActivityManager(  154): Activity Manager Crash
E/ActivityManager(  154): java.lang.IllegalArgumentException: Unknown URI type: 7
E/ActivityManager(  154): 	at android.net.Uri$1.createFromParcel(Uri.java:1734)
E/ActivityManager(  154): 	at android.net.Uri$1.createFromParcel(Uri.java:1723)
E/ActivityManager(  154): 	at android.content.Intent.readFromParcel(Intent.java:6131)
E/ActivityManager(  154): 	at android.content.Intent.<init>(Intent.java:6126)
E/ActivityManager(  154): 	at android.content.Intent.readFromParcel(Intent.java:6153)
E/ActivityManager(  154): 	at android.content.Intent.<init>(Intent.java:6126)
E/ActivityManager(  154): 	at android.content.Intent$1.createFromParcel(Intent.java:6117)
E/ActivityManager(  154): 	at android.content.Intent$1.createFromParcel(Intent.java:6115)
E/ActivityManager(  154): 	at android.app.ActivityManagerNative.onTransact(ActivityManagerNative.java:298)
E/ActivityManager(  154): 	at com.android.server.am.ActivityManagerService.onTransact(ActivityManagerService.java:1545)
E/ActivityManager(  154): 	at android.os.Binder.execTransact(Binder.java:338)
E/ActivityManager(  154): 	at com.android.server.SystemServer.init1(Native Method)
E/ActivityManager(  154): 	at com.android.server.SystemServer.main(SystemServer.java:808)
E/ActivityManager(  154): 	at java.lang.reflect.Method.invokeNative(Native Method)
E/ActivityManager(  154): 	at java.lang.reflect.Method.invoke(Method.java:511)
E/ActivityManager(  154): 	at com.android.internal.os.ZygoteInit$MethodAndArgsCaller.run(ZygoteInit.java:784)
E/ActivityManager(  154): 	at com.android.internal.os.ZygoteInit.main(ZygoteInit.java:551)
E/ActivityManager(  154): 	at dalvik.system.NativeStart.main(Native Method)
I/BarnacleService( 1646): log: WIFI: driver loaded
D/barnacle( 1692): WIFI: Could not set freq: Invalid argument
D/barnacle( 1692): WIFI: Could not set freq: Invalid argument
I/BarnacleService( 1646): log: Running...
W/myBarnacleApp( 1646): processStarted
D/barnacle( 1692): WIFI: WLEXT assoc
I/EventLogService(  452): Aggregate from 1333730075121 (log), 1333730075121 (data)
I/ServiceDumpSys(  452): dumping service [account]
D/dalvikvm(  154): GC_CONCURRENT freed 989K, 13% free 13521K/15431K, paused 17ms+6ms
W/NetworkStats(  154): dropping UID delta from unknown iface: iface=wlan0 uid=0 set=DEFAULT tag=0x0 rxBytes=0 rxPackets=0 txBytes=524 txPackets=8 operations=0
D/dalvikvm(  309): GC_EXPLICIT freed 184K, 6% free 9491K/10055K, paused 16ms+2ms
D/AlarmManagerService(  154): Kernel timezone updated to 240 minutes west of GMT
V/AlarmClock( 1503): AlarmInitReceiver finished
D/dalvikvm(  218): GC_CONCURRENT freed 381K, 7% free 10111K/10823K, paused 2ms+3ms
D/SystemClock(  309): Setting time of day to sec=1333733401
D/dalvikvm(  154): GC_CONCURRENT freed 1006K, 13% free 13530K/15431K, paused 17ms+5ms
I/ActivityManager(  154): No longer want com.google.android.apps.maps:NetworkLocationService (pid 1330): hidden #16
W/ActivityManager(  154): Scheduling restart of crashed service com.google.android.apps.maps/com.google.android.location.internal.server.NetworkLocationService in 5000ms
I/ActivityManager(  154): Start proc com.google.android.apps.maps:NetworkLocationService for service com.google.android.apps.maps/com.google.android.location.internal.server.NetworkLocationService: pid=1705 uid=10032 gids={3003, 1015}
I/dalvikvm( 1705): Turning on JNI app bug workarounds for target SDK version 13...
D/dalvikvm( 1705): GC_CONCURRENT freed 165K, 3% free 9368K/9607K, paused 2ms+2ms
D/dalvikvm( 1705): GC_CONCURRENT freed 179K, 3% free 9737K/9991K, paused 2ms+2ms
D/dalvikvm( 1705): GC_CONCURRENT freed 171K, 3% free 10125K/10375K, paused 2ms+2ms
D/SoftapController(   75): Softap fwReload - Ok
D/CommandListener(   75): Setting iface cfg
D/CommandListener(   75): Trying to bring down wlan0
D/CommandListener(   75): broadcast flag ignored
E/WifiStateMachine(  154): Unable to change interface settings: java.lang.IllegalStateException: Unable to communicate with native daemon to interface setcfg - com.android.server.NativeDaemonConnectorException: Cmd {interface setcfg wlan0 192.168.5.107 24 [down broadcast running multicast]} failed with code 501 : {Flag unsupported}
D/NetworkManagementService(  154): rsp <213 78:d6:f0:46:d1:a7 192.168.5.107 24 [up broadcast running multicast]>
D/NetworkManagementService(  154): flags <[up broadcast running multicast]>
I/BarnacleService( 1646): log: hq. MSG_NETSCHANGE. about to get getWifiState
I/BarnacleService( 1646): log: hq. BarnacleServiceNETSCHANGE: 2 2 proc
E/BarnacleService( 1646): NETSCHANGE: 2 2 proc
I/BarnacleService( 1646): log: hq. wifiState 2 =? WifiManager.WIFI_STATE_DISABLED = 1
I/BarnacleService( 1646): log: hq. Wifi state Enabled! :( the else before STATE_STARTING
I/BarnacleService( 1646): log: Wifi Manager is interfering with Barnacle!
I/BarnacleService( 1646): log: Restarting...
I/System.out( 1705): [INFO:558]: c: Running flush
D/dalvikvm( 1705): GC_CONCURRENT freed 794K, 9% free 9886K/10759K, paused 2ms+2ms
D/dalvikvm( 1705): GC_FOR_ALLOC freed 12K, 9% free 9874K/10759K, paused 18ms
I/dalvikvm-heap( 1705): Grow heap (frag case) to 9.745MB for 32784-byte allocation
D/dalvikvm( 1705): GC_FOR_ALLOC freed <1K, 9% free 9906K/10823K, paused 15ms
I/System.out( 1705): [INFO:635]: c: Sending payload [bytes=288]
E/wpa_supplicant( 1727): ioctl[SIOCSIWMODE]
I/wpa_supplicant( 1727): CTRL-EVENT-STATE-CHANGE id=-1 state=2 BSSID=00:00:00:00:00:00
E/WifiStateMachine(  154): set suspend optimizations failed!
E/WifiStateMachine(  154): set power mode auto failed!
I/System.out( 1705): [INFO:5634]: c: Running delayed flush
I/System.out( 1705): [INFO:5644]: c: Running flush
W/Netd    (   75): No subsystem found in netlink event
D/NetlinkEvent(   75): Unexpected netlink message. type=0x11
I/BarnacleService( 1646): Process exited with status: 0
I/System  ( 1646): Failed to destroy process 1675
I/System  ( 1646): libcore.io.ErrnoException: kill failed: ESRCH (No such process)
I/System  ( 1646): 	at libcore.io.Posix.kill(Native Method)
I/System  ( 1646): 	at libcore.io.ForwardingOs.kill(ForwardingOs.java:77)
I/System  ( 1646): 	at java.lang.ProcessManager$ProcessImpl.destroy(ProcessManager.java:257)
I/System  ( 1646): 	at net.szym.barnacle.BarnacleService.stopProcess(BarnacleService.java:584)
I/System  ( 1646): 	at net.szym.barnacle.BarnacleService.handle(BarnacleService.java:347)
I/System  ( 1646): 	at net.szym.barnacle.BarnacleService.access$1(BarnacleService.java:211)
I/System  ( 1646): 	at net.szym.barnacle.BarnacleService$2.handleMessage(BarnacleService.java:208)
I/System  ( 1646): 	at android.os.Handler.dispatchMessage(Handler.java:99)
I/System  ( 1646): 	at android.os.Looper.loop(Looper.java:137)
I/System  ( 1646): 	at android.app.ActivityThread.main(ActivityThread.java:4424)
I/System  ( 1646): 	at java.lang.reflect.Method.invokeNative(Native Method)
I/System  ( 1646): 	at java.lang.reflect.Method.invoke(Method.java:511)
I/System  ( 1646): 	at com.android.internal.os.ZygoteInit$MethodAndArgsCaller.run(ZygoteInit.java:784)
I/System  ( 1646): 	at com.android.internal.os.ZygoteInit.main(ZygoteInit.java:551)
I/System  ( 1646): 	at dalvik.system.NativeStart.main(Native Method)
E/WifiStateMachine(  154): Failed to stop supplicant
D/CommandListener(   75): Clearing all IP addresses on wlan0
E/CommandListener(   75): Failed to open /proc/sys/net/ipv6/conf/wlan0/disable_ipv6: No such file or directory
E/WifiStateMachine(  154): Failed to clear addresses or disable ipv6java.lang.IllegalStateException: Unable to communicate to native daemon for disabling ipv6
I/BarnacleService( 1646): log: hq. MSG_NETSCHANGE. about to get getWifiState
I/BarnacleService( 1646): log: hq. BarnacleServiceNETSCHANGE: 0 1 null
E/BarnacleService( 1646): NETSCHANGE: 0 1 null
I/BarnacleService( 1646): log: hq. wifiState 0 =? WifiManager.WIFI_STATE_DISABLED = 1
I/BarnacleService( 1646): log: hq. Wifi state Enabled! :( the else before STATE_STARTING
I/BarnacleService( 1646): log: hq if state == STATE_STARTING, turn off wifi
I/BarnacleService( 1646): log: hq. MSG_NETSCHANGE. about to get getWifiState
I/BarnacleService( 1646): log: hq. BarnacleServiceNETSCHANGE: 0 1 null
E/BarnacleService( 1646): NETSCHANGE: 0 1 null
I/BarnacleService( 1646): log: hq. wifiState 0 =? WifiManager.WIFI_STATE_DISABLED = 1
I/BarnacleService( 1646): log: hq. Wifi state Enabled! :( the else before STATE_STARTING
I/BarnacleService( 1646): log: hq if state == STATE_STARTING, turn off wifi
D/dalvikvm( 1646): GC_CONCURRENT freed 296K, 5% free 9179K/9607K, paused 2ms+3ms
I/System.out( 1705): [INFO:7170]: c: Response [http=200,length=91]
I/System.out( 1705): [INFO:7175]: c: Read id 1, status code 200
E/WifiStateMachine(  154): Timed out on a supplicant stop, kill and proceed
D/WifiHW  (  154): Received on exit socket, terminate
D/WifiHW  (  154): wifi_ctrl_recv failed: No such file or directory
D/WifiHW  (  154): Connection closed
D/WifiHW  (  154): Unable to unload driver module "bcm4329": No such file or directory
E/WifiStateMachine(  154): DriverFailedState
E/WifiStateMachine(  154): Failed to unload driver!
I/BarnacleService( 1646): log: hq. MSG_NETSCHANGE. about to get getWifiState
I/BarnacleService( 1646): log: hq. BarnacleServiceNETSCHANGE: 4 1 null
E/BarnacleService( 1646): NETSCHANGE: 4 1 null
I/BarnacleService( 1646): log: hq. wifiState 4 =? WifiManager.WIFI_STATE_DISABLED = 1
I/BarnacleService( 1646): log: hq. Wifi state Enabled! :( the else before STATE_STARTING
I/BarnacleService( 1646): log: hq if state == STATE_STARTING, turn off wifi
I/EventLogService(  452): Aggregate from 1333731875258 (log), 1333731875258 (data)
D/dalvikvm(  452): GC_CONCURRENT freed 425K, 6% free 10072K/10695K, paused 15ms+2ms
I/ServiceDumpSys(  452): dumping service [account]
I/CheckinService(  452): Preparing to send checkin request
I/EventLogService(  452): Accumulating logs since 1333733675419
I/CheckinTask(  452): Sending checkin request (1694 bytes)
D/dalvikvm(  452): GC_CONCURRENT freed 378K, 6% free 10111K/10695K, paused 2ms+3ms
I/CheckinTask(  452): From server: 199 gservices
I/GservicesProvider(  452): main update completed
I/ActivityManager(  154): Start proc com.google.android.partnersetup for broadcast com.google.android.partnersetup/.GservicesChangedReceiver: pid=1744 uid=10022 gids={3003}
I/ActivityThread( 1744): Pub com.google.android.partnersetup.rlzprovider: com.google.android.partnersetup.RlzProvider
I/ActivityThread( 1744): Pub com.google.android.partnersetup.rlzappprovider: com.google.android.partnersetup.RlzAppProvider
I/SystemUpdateService(  452): cancelUpdate (update URL has changed)
I/ActivityManager(  154): Start proc com.google.android.voicesearch for broadcast com.google.android.voicesearch/.GservicesBroadcastReceiver: pid=1762 uid=10056 gids={3002, 3003, 1015}
I/ActivityManager(  154): START {flg=0x10000000 cmp=com.google.android.gsf/.update.SystemUpdateInstallDialog} from pid 452
I/ActivityManager(  154): START {flg=0x10000000 cmp=com.google.android.gsf/.update.SystemUpdateDownloadDialog} from pid 452
I/ActivityThread( 1762): Pub com.google.android.voicesearch: com.google.android.voicesearch.AudioProvider
D/dalvikvm(  452): GC_CONCURRENT freed 310K, 4% free 10270K/10695K, paused 2ms+3ms
I/PersonalizationPrefManagerImpl( 1762): No google account found
I/VoiceImeLanguageUpdater( 1762): #internalUpdateLanguages #56
D/dalvikvm(  154): GC_CONCURRENT freed 1013K, 13% free 13555K/15431K, paused 2ms+6ms
D/dalvikvm(  452): GC_EXPLICIT freed 138K, 5% free 10252K/10759K, paused 3ms+41ms
I/CheckinTask(  452): Checkin success: https://android.clients.google.com/checkin (1 requests sent)
I/SystemUpdateService(  452): starting download of http://android.clients.google.com/packages/ota/google_crespo/hR7QFEtn.zip
V/SystemUpdateService(  452): retry (wakeup: true) in 21599967 ms
D/dalvikvm( 1705): GC_CONCURRENT freed 266K, 8% free 10024K/10823K, paused 2ms+2ms
D/dalvikvm(  154): GC_EXPLICIT freed 108K, 13% free 13474K/15431K, paused 3ms+5ms
I/SystemUpdate.Download(  452): Started a new update download: http://android.clients.google.com/packages/ota/google_crespo/hR7QFEtn.zip (id 14; allowMobile=false)
V/SystemUpdateService(  452): onPostExecute: false
I/DownloadManager(  266): Initiating request for download 14
W/DownloadManager(  266): Aborting request for download 14: download was requested to not use the current network type
W/ActivityManager(  154): Activity idle timeout for ActivityRecord{41836540 com.google.android.gsf/.update.SystemUpdateInstallDialog}
I/ActivityManager(  154): No longer want com.google.android.gsf.login (pid 1395): hidden #16
D/dalvikvm(  154): GC_CONCURRENT freed 920K, 13% free 13547K/15431K, paused 17ms+5ms
I/System.out( 1705): [INFO:906005]: c: Running flush
I/System.out( 1705): [INFO:906006]: c: Sending payload [bytes=469]
I/System.out( 1705): [INFO:911008]: c: Running delayed flush
I/System.out( 1705): [INFO:911047]: c: Running flush
I/System.out( 1705): [INFO:927100]: c: Response [http=200,length=20]
W/NetworkStats(  154): dropping UID delta from unknown iface: iface=wlan0 uid=0 set=DEFAULT tag=0x0 rxBytes=0 rxPackets=0 txBytes=196 txPackets=3 operations=0
I/ActivityManager(  154): No longer want com.android.vending (pid 1171): hidden #16
D/dalvikvm(  154): GC_CONCURRENT freed 1002K, 13% free 13552K/15431K, paused 3ms+5ms
I/EventLogService(  452): Aggregate from 1333733676617 (log), 1333733675419 (data)
I/ServiceDumpSys(  452): dumping service [account]
I/ActivityManager(  154): No longer want com.google.android.apps.uploader (pid 957): hidden #16
D/dalvikvm(  218): GC_CONCURRENT freed 393K, 7% free 10103K/10823K, paused 1ms+3ms
D/dalvikvm(  309): GC_CONCURRENT freed 427K, 6% free 9494K/10055K, paused 2ms+2ms
W/ActivityManager(  154): finishReceiver called but no pending broadcasts
W/Smack/Packet(  452): notify conn break (IOEx), close connection
D/dalvikvm(  154): GC_CONCURRENT freed 1042K, 13% free 13520K/15431K, paused 3ms+4ms
D/ConnectivityService(  154): handleInetConditionHoldEnd: net=0, condition=0, published condition=100
I/GTalkService/c(  452): [AndroidEndpoint@1094664376] connect: acct=1000001, state=CONNECTING
D/ConnectivityService(  154): ConnectivityChange for mobile: DISCONNECTED/DISCONNECTED
D/ConnectivityService(  154): Attempting to switch to WIFI
D/ConnectivityService(  154): Attempting to switch to BLUETOOTH_TETHER
D/NetUtils(  154): android_net_utils_resetConnections in env=0x57fae0 clazz=0x1600001 iface=rmnet0 mask=0x3
D/ConnectivityService(  154): resetConnections(rmnet0, 3)
E/GTalkService(  452): connectionClosed: no XMPPConnection - That's strange!
D/ConnectivityService(  154): handleInetConditionChange: no active default network - ignore
D/Tethering(  154): MasterInitialState.processMessage what=3
I/BarnacleService( 1646): log: hq. MSG_NETSCHANGE. about to get getWifiState
I/BarnacleService( 1646): log: hq. BarnacleServiceNETSCHANGE: 4 1 null
I/ActivityManager(  154): Start proc com.google.android.apps.uploader for broadcast com.google.android.apps.uploader/.ConnectivityBroadcastReceiver: pid=1794 uid=10034 gids={3003}
I/dalvikvm( 1794): Turning on JNI app bug workarounds for target SDK version 11...
E/BarnacleService( 1646): NETSCHANGE: 4 1 null
I/BarnacleService( 1646): log: hq. wifiState 4 =? WifiManager.WIFI_STATE_DISABLED = 1
I/BarnacleService( 1646): log: hq. Wifi state Enabled! :( the else before STATE_STARTING
I/BarnacleService( 1646): log: hq if state == STATE_STARTING, turn off wifi
I/ActivityThread( 1794): Pub com.google.android.apps.uploader: com.google.android.apps.uploader.UploadsContentProvider
I/ActivityThread( 1794): Pub com.google.photos.provider.Album: com.google.android.apps.uploader.clients.picasa.AlbumProvider
D/MediaUploader( 1794): UploaderApplication.onCreate
D/MediaUploader( 1794): nonWifiLimit=20971520, default=20971520
I/MediaUploader( 1794): No need to wake up
I/ActivityManager(  154): No longer want net.szym.barnacle (pid 1646): hidden #16
D/PicasaSyncManager(  984): active network: null
D/PicasaSyncManager(  984): background data: true
W/ActivityManager(  154): Scheduling restart of crashed service net.szym.barnacle/.BarnacleService in 5000ms
D/dalvikvm(  452): GC_CONCURRENT freed 623K, 7% free 10086K/10823K, paused 2ms+3ms
D/dalvikvm( 1809): Late-enabling CheckJNI
I/ActivityManager(  154): Start proc net.szym.barnacle for service net.szym.barnacle/.BarnacleService: pid=1809 uid=10065 gids={3003}
I/dalvikvm( 1809): Turning on JNI app bug workarounds for target SDK version 6...
D/myBarnacleApp( 1809): onCreate
W/myBarnacleApp( 1809): serviceStarted
I/BarnacleService( 1809): log: Starting...
I/BarnacleService( 1809): log: hq. MSG_NETSCHANGE. about to get getWifiState
I/BarnacleService( 1809): log: hq. BarnacleServiceNETSCHANGE: 2 1 null
E/BarnacleService( 1809): NETSCHANGE: 2 1 null
I/BarnacleService( 1809): log: hq. wifiState 2 =? WifiManager.WIFI_STATE_DISABLED = 1
I/BarnacleService( 1809): log: hq. Wifi state Enabled! :( the else before STATE_STARTING
I/BarnacleService( 1809): log: hq if state == STATE_STARTING, turn off wifi
I/BarnacleService( 1809): log: Waiting until Wifi is disabled
I/BarnacleService( 1809): log: hq. MSG_NETSCHANGE. about to get getWifiState
I/BarnacleService( 1809): log: hq. BarnacleServiceNETSCHANGE: 2 1 null
E/BarnacleService( 1809): NETSCHANGE: 2 1 null
I/BarnacleService( 1809): log: hq. wifiState 2 =? WifiManager.WIFI_STATE_DISABLED = 1
I/BarnacleService( 1809): log: hq. Wifi state Enabled! :( the else before STATE_STARTING
I/BarnacleService( 1809): log: hq if state == STATE_STARTING, turn off wifi
I/BarnacleService( 1809): log: Waiting until Wifi is disabled
I/BarnacleService( 1809): log: hq. MSG_NETSCHANGE. about to get getWifiState
I/BarnacleService( 1809): log: hq. BarnacleServiceNETSCHANGE: 2 1 null
E/BarnacleService( 1809): NETSCHANGE: 2 1 null
I/BarnacleService( 1809): log: hq. wifiState 2 =? WifiManager.WIFI_STATE_DISABLED = 1
I/BarnacleService( 1809): log: hq. Wifi state Enabled! :( the else before STATE_STARTING
I/BarnacleService( 1809): log: hq if state == STATE_STARTING, turn off wifi
I/BarnacleService( 1809): log: Waiting until Wifi is disabled
D/SoftapController(   75): Softap fwReload - Ok
D/NetworkManagementService(  154): rsp <213 00:90:4c:11:22:33 0.0.0.0 0 [down broadcast multicast]>
D/CommandListener(   75): Setting iface cfg
D/CommandListener(   75): Trying to bring down wlan0
D/CommandListener(   75): broadcast flag ignored
D/CommandListener(   75): multicast flag ignored
D/NetworkManagementService(  154): flags <[down broadcast multicast]>
I/BarnacleService( 1809): log: hq. MSG_NETSCHANGE. about to get getWifiState
I/wpa_supplicant( 1833): CTRL-EVENT-TERMINATING - signal 0 received
I/wpa_supplicant( 1833): CTRL-EVENT-STATE-CHANGE id=-1 state=0 BSSID=00:00:00:00:00:00
D/CommandListener(   75): Clearing all IP addresses on wlan0
I/BarnacleService( 1809): log: hq. BarnacleServiceNETSCHANGE: 0 1 null
E/BarnacleService( 1809): NETSCHANGE: 0 1 null
I/BarnacleService( 1809): log: hq. wifiState 0 =? WifiManager.WIFI_STATE_DISABLED = 1
I/BarnacleService( 1809): log: hq. Wifi state Enabled! :( the else before STATE_STARTING
I/BarnacleService( 1809): log: hq if state == STATE_STARTING, turn off wifi
I/BarnacleService( 1809): log: hq. MSG_NETSCHANGE. about to get getWifiState
I/BarnacleService( 1809): log: hq. BarnacleServiceNETSCHANGE: 0 1 null
E/BarnacleService( 1809): NETSCHANGE: 0 1 null
I/BarnacleService( 1809): log: hq. wifiState 0 =? WifiManager.WIFI_STATE_DISABLED = 1
I/BarnacleService( 1809): log: hq. Wifi state Enabled! :( the else before STATE_STARTING
I/BarnacleService( 1809): log: hq if state == STATE_STARTING, turn off wifi
W/Netd    (   75): No subsystem found in netlink event
D/NetlinkEvent(   75): Unexpected netlink message. type=0x11
I/BarnacleService( 1809): log: hq. MSG_NETSCHANGE. about to get getWifiState
I/BarnacleService( 1809): log: hq. BarnacleServiceNETSCHANGE: 1 1 null
E/BarnacleService( 1809): NETSCHANGE: 1 1 null
I/BarnacleService( 1809): log: hq. wifiState 1 =? WifiManager.WIFI_STATE_DISABLED = 1
I/BarnacleService( 1809): log: hq. INSIDE :) wifi state disabled
I/BarnacleService( 1809): log: ( (state = 1) ?== (STATE_STARTING = 1) ) && ( (process = proc_is_null) ?== null ... && checkUplink:
I/BarnacleService( 1809): log: hq. :D:D:D:D in state == STATE STARTING and no proccess and checkuplink :D:D:D
I/BarnacleService( 1809): log: Data network is ready
I/BarnacleService( 1809): log: .ini file prepared
I/BarnacleService( 1809): log: hq. :):):):):) :D:D:D:D:D:D about to startProcess()
I/BarnacleService( 1809): log: hq==============
I/BarnacleService( 1809): BarnacleService: startProcess()
I/BarnacleService( 1809): log: hq     pb = new ProcessBuilder
I/BarnacleService( 1809): log: hq     ./File_SCRIPT
I/BarnacleService( 1809): log: hq     pb.start()
I/BarnacleService( 1809): log: hq     new Thread 0 OUTPUT
I/BarnacleService( 1809): log: hq     new Thread 1 ERROR
I/BarnacleService( 1809): log: hq     threads 0 start
I/BarnacleService( 1809): log: hq     threads 1 start
E/ActivityManager(  154): Activity Manager Crash
E/ActivityManager(  154): java.lang.IllegalArgumentException: Unknown URI type: 7
E/ActivityManager(  154): 	at android.net.Uri$1.createFromParcel(Uri.java:1734)
E/ActivityManager(  154): 	at android.net.Uri$1.createFromParcel(Uri.java:1723)
E/ActivityManager(  154): 	at android.content.Intent.readFromParcel(Intent.java:6131)
E/ActivityManager(  154): 	at android.content.Intent.<init>(Intent.java:6126)
E/ActivityManager(  154): 	at android.content.Intent.readFromParcel(Intent.java:6153)
E/ActivityManager(  154): 	at android.content.Intent.<init>(Intent.java:6126)
E/ActivityManager(  154): 	at android.content.Intent$1.createFromParcel(Intent.java:6117)
E/ActivityManager(  154): 	at android.content.Intent$1.createFromParcel(Intent.java:6115)
E/ActivityManager(  154): 	at android.app.ActivityManagerNative.onTransact(ActivityManagerNative.java:298)
E/ActivityManager(  154): 	at com.android.server.am.ActivityManagerService.onTransact(ActivityManagerService.java:1545)
E/ActivityManager(  154): 	at android.os.Binder.execTransact(Binder.java:338)
E/ActivityManager(  154): 	at dalvik.system.NativeStart.run(Native Method)
D/su      ( 1839): 10065 net.szym.barnacle executing 0 /data/data/net.szym.barnacle/files/run using shell /system/bin/sh : sh
I/BarnacleService( 1809): log: WIFI: driver loaded
D/barnacle( 1856): WIFI: Could not set freq: Invalid argument
D/barnacle( 1856): WIFI: Could not set freq: Invalid argument
I/BarnacleService( 1809): log: Running...
W/myBarnacleApp( 1809): processStarted
D/barnacle( 1856): WIFI: WLEXT assoc
D/ConnectivityService(  154): ConnectivityChange for mobile: CONNECTED/CONNECTED
W/NetworkStats(  154): dropping UID delta from unknown iface: iface=wlan0 uid=0 set=DEFAULT tag=0x0 rxBytes=0 rxPackets=0 txBytes=580 txPackets=9 operations=0
D/NetworkPolicy(  154): applying policy NetworkPolicy[NetworkTemplate: matchRule=MOBILE_ALL, subscriberId=valid]: cycleDay=15, warningBytes=2147483648, limitBytes=-1, lastSnooze=-1 to ifaces [rmnet0]
D/AlarmManagerService(  154): Kernel timezone updated to 240 minutes west of GMT
D/SystemClock(  309): Setting time of day to sec=1333736077
I/dalvikvm(  452): Jit: resizing JitTable from 4096 to 8192
V/AlarmClock( 1503): AlarmInitReceiver finished
D/Tethering(  154): MasterInitialState.processMessage what=3
I/BarnacleService( 1809): log: hq. MSG_NETSCHANGE. about to get getWifiState
I/BarnacleService( 1809): log: hq. BarnacleServiceNETSCHANGE: 1 2 proc
E/BarnacleService( 1809): NETSCHANGE: 1 2 proc
I/BarnacleService( 1809): log: hq. wifiState 1 =? WifiManager.WIFI_STATE_DISABLED = 1
