I/DATA    (  592): [DCT(0) ]    mCm.getRadioState() = RADIO_ON
I/DATA    (  592): [DCT(0) ]    [DataRadioTech = RADIO_TECH_UNKNOWN, data network state = 1, mMasterDataEnabled = true, is Roaming = false, dataOnRoamingEnable = false, isPsRestricted = false, desiredPowerState  = true, mSIMRecords = false/null, cdmaSubSource = 1/, mRuimRecords = , checks = true/true]
D/DATA    (  592): [DSST(0)] pollstate() : reason = sim ready
I/Launcher(  637): --> title=Market
I/Launcher(  637): added a item in workspace. com.sec.android.app.twlauncher.ApplicationInfo Camera -1 -1 -1 12|-100|3|3|4|0 com.sec.android.app.twlauncher.ApplicationInfo@405dacf8
V/MmsSmsProvider(  592): deleteConversation threadId: 9223372036854775807
D/MmsSmsProvider(  592): delete URI_CONVERSATIONS_MESSAGES affectedRows=0
I/GsmServiceStateTracker(  592): [ACTION_SIM_STATE_CHANGED] -READY
E/AlarmManagerService(  451): android_server_AlarmManagerService_set to type=2, 86423.999000000
V/AlarmManager(  451): Adding alarm Alarm{40a58dc0 type 2 com.google.android.location} at 0
I/Launcher(  637): --> title=Camera
I/GsmServiceStateTracker(  592): [ACTION_SIM_STATE_CHANGED] -IMSI
I/Launcher(  637): added a item in workspace. com.sec.android.app.twlauncher.ApplicationInfo S Memo -1 -1 -1 13|-100|3|4|4|0 com.sec.android.app.twlauncher.ApplicationInfo@405dcca0
V/AudioPolicyManager(  325): getNewDevice() selected device 0
D/AudioPolicyManager(  325): Now, There is no sound! so we check mAvailableOutputDevices variable
V/AudioPolicyManager(  325): getNewDevice() selected device 0
D/AudioPolicyManager(  325): Now, There is no sound! so we check mAvailableOutputDevices variable
I/TvOut-Observer(  451): ACTION android.intent.action.HDMI_PLUG
D/MyTag1  (  451): HDMI : ACTION_HDMI_PLUG
E/TvOut-Observer(  451): TvoutHDMIUpdateCableStatus : 0
I/TvOut-Observer(  451): TvoutHDMIUpdateCableStatus   off  mHdmiCableConnected :  false
I/TvOut-Observer(  451): TvoutHDMISetStatus
I/TvOut-Observer(  451): TvoutHDMISetStatus temp4 
E/TvOut-Observer(  451): TvoutHDMISetCableStatus
D/MyTag1  (  451):  hdmiCableConnected : 0
E/TvOut-Observer(  451): TvoutHDMISetCableStatus
D/MyTag1  (  451):  hdmiCableConnected : 0
D/MyTag1  (  451): HDMI cable disconnected   : ACTION_HDMI_PLUG
I/FMRadioService(  451): *** mReceiver: VOLUME_CHANGED_ACTION
I/FMRadioService(  451):    stream: 3
I/FMRadioService(  451):    volume: 7
I/FMRadioService(  451): *** mReceiver: VOLUME_CHANGED_ACTION
I/FMRadioService(  451):    stream: 9
I/FMRadioService(  451):    volume: 7
W/EDM     (  451):  >>> CallingPolicyService.mPhoneListener.new PhoneStateListener() {...}.onServiceStateChanged()
I/Launcher(  637): --> title=S Memo
I/Launcher(  637): added a item in workspace. com.sec.android.app.twlauncher.ApplicationInfo Media Hub -1 -1 -1 15|-100|4|0|4|0 com.sec.android.app.twlauncher.ApplicationInfo@405df488
D/MmsSmsProvider(  592): need read changed broadcast:false
D/Mms/Conversation(  741): updateDeletable(),threadId=-1
W/EDM     (  451):  >>> CallingPolicyService.mPhoneListener.new PhoneStateListener() {...}.onServiceStateChanged()
I/FMRadioService(  451): *** mReceiver: VOLUME_CHANGED_ACTION
I/FMRadioService(  451):    stream: 3
I/FMRadioService(  451):    volume: 7
I/FMRadioService(  451): *** mReceiver: VOLUME_CHANGED_ACTION
I/FMRadioService(  451):    stream: 9
I/FMRadioService(  451):    volume: 7
I/FMRadioService(  451): *** mReceiver: VOLUME_CHANGED_ACTION
I/FMRadioService(  451):    stream: 3
I/FMRadioService(  451):    volume: 7
I/FMRadioService(  451): *** mReceiver: VOLUME_CHANGED_ACTION
I/FMRadioService(  451):    stream: 9
I/FMRadioService(  451):    volume: 7
D/DATA    (  592): [DSST(0)] Poll ServiceState done: oldSS=[1 home null null null  Error in radioTechnology CSS not supported -1 -1RoamInd: -1DefRoamInd: -1EmergOnly: false] newSS=[1 home null null null  Error in radioTechnology CSS not supported -1 -1RoamInd: -1DefRoamInd: -1EmergOnly: false]
V/SmsProvider(  592): Update uri=content://sms, match=0
D/MmsSmsProvider(  592): need read changed broadcast:false
V/Mms/Conversation(  741): done query updateDeletable(SMS),updated rows:0
I/Launcher(  637): --> title=Media Hub
I/Launcher(  637): added a item in workspace. com.sec.android.app.twlauncher.ApplicationInfo Music Player -1 -1 -1 16|-100|4|1|4|0 com.sec.android.app.twlauncher.ApplicationInfo@405e1420
V/MmsProvider(  592): Update uri=content://mms, match=0
D/MmsSmsProvider(  592): need read changed broadcast:false
V/Mms/Conversation(  741): done query updateDeletable(MMS),updated rows:0
I/Launcher(  637): --> title=Music Player
I/Launcher(  637): added a item in workspace. com.sec.android.app.twlauncher.ApplicationInfo Movies -1 -1 -1 17|-100|4|2|4|0 com.sec.android.app.twlauncher.ApplicationInfo@405e3540
I/Launcher(  637): --> title=Movies
D/Launcher(  637): ------> continue binding items at offset: 12
V/MmsSmsProvider(  592): update uri: content://mms-sms/wap-push-messages
V/Mms/Conversation(  741): done query updateDeletable(WPM),updated rows:0
D/dalvikvm(  637): GC_EXTERNAL_ALLOC freed 449K, 41% free 3693K/6215K, external 12085K/12117K, paused 75ms
D/dalvikvm(  592): GC_CONCURRENT freed 360K, 38% free 4029K/6471K, external 0K/0K, paused 1ms+2ms
V/Mms/ConversationList(  741): init()
V/Mms/DownloadManager(  741): DownloadManager.init()
V/Mms/DownloadManager(  741): roaming ------> false
V/Mms/DownloadManager(  741): auto download without roaming -> true
V/Mms/DownloadManager(  741): auto download during roaming -> true
V/Mms/DownloadManager(  741): mAutoDownload ------> true
V/Mms/RateController(  741): init()
V/Mms/DrmUtils(  741): cleanupStorage()
V/MmsProvider(  592): Delete uri=content://mms/drm, match=17
D/MmsProvider(  592): delete table=drm, deletedRows=0
V/Mms/LayoutManager(  741): init()
V/Mms/HVGALayoutParameters(  741): HVGALayoutParameters.<init>(11).
V/Mms/LayoutManager(  741): LayoutParameters: HVGA-P: 320x480
V/Mms/SmileyParser(  741): init()
V/Mms/MessagingNotification(  741): init()
D/dalvikvm(  741): GC_CONCURRENT freed 85K, 38% free 3506K/5639K, external 1808K/2656K, paused 1ms+1ms
D/Mms/MmsApp(  741): [end]    onCreate()
D/Mms/Synchronizer(  741): [start]    dbSync()
V/MmsSmsProvider(  592): update uri: content://mms-sms/db_synchronization
D/Mms/Synchronizer(  741): [end]    dbSync()
I/Launcher(  637): added a item in workspace. com.sec.android.app.twlauncher.ApplicationInfo YouTube -1 -1 -1 18|-100|4|3|4|0 com.sec.android.app.twlauncher.ApplicationInfo@405e5ab0
I/Launcher(  637): --> title=YouTube
I/Launcher(  637): added a item in workspace. com.sec.android.app.twlauncher.ApplicationInfo Crayon physics -1 -1 -1 19|-100|4|4|4|0 com.sec.android.app.twlauncher.ApplicationInfo@405e7f38
I/ActivityManager(  451): Start proc com.sec.android.app.factorytest for broadcast com.sec.android.app.factorytest/com.sec.android.app.rilsupport.SetupWizardSkipReceiver: pid=913 uid=1000 gids={3003, 1015, 2001, 3002, 3001, 1001, 1006}
V/Mms/DownloadManager(  741): Service state changed: Bundle[mParcelledData.dataSize=616]
V/Mms/DownloadManager(  741): roaming ------> false
V/Mms/DownloadManager(  741): auto download without roaming -> true
V/Mms/DownloadManager(  741): auto download during roaming -> true
V/Mms/DownloadManager(  741): mAutoDownload ------> true
I/Launcher(  637): --> title=Crayon physics
I/Launcher(  637): added a item in workspace. com.sec.android.app.twlauncher.ApplicationInfo AT&T Navigator -1 -1 -1 21|-100|6|0|4|0 com.sec.android.app.twlauncher.ApplicationInfo@405ea300
I/Launcher(  637): --> title=AT&T Navigator
I/Launcher(  637): added a item in workspace. com.sec.android.app.twlauncher.ApplicationInfo Maps -1 -1 -1 22|-100|6|1|4|0 com.sec.android.app.twlauncher.ApplicationInfo@405ec3f8
I/Launcher(  637): --> title=Maps
I/Launcher(  637): added a item in workspace. com.sec.android.app.twlauncher.ApplicationInfo Navigation -1 -1 -1 23|-100|6|2|4|0 com.sec.android.app.twlauncher.ApplicationInfo@405eeda0
I/Launcher(  637): --> title=Navigation
I/Launcher(  637): added a item in workspace. com.sec.android.app.twlauncher.ApplicationInfo Latitude -1 -1 -1 24|-100|6|3|4|0 com.sec.android.app.twlauncher.ApplicationInfo@405f1350
I/Launcher(  637): --> title=Latitude
D/Launcher(  637): ------> continue binding items at offset: 18
I/Zygote  (  913): Zygote: pid 913 has CALL PRIVILEGED permission, then set capability for CAP_SYS_ADMIN (21)
I/logwrapper(  317): /system/bin/fsck_msdos : Boot sector contents:
I/logwrapper(  317): /system/bin/fsck_msdos : 	bytes per sector:.............512
I/logwrapper(  317): /system/bin/fsck_msdos : 	sectors per cluster:..........64
I/logwrapper(  317): /system/bin/fsck_msdos : 	number of reserved sectors:...80
I/logwrapper(  317): /system/bin/fsck_msdos : 	number of FATs:...............2
I/logwrapper(  317): /system/bin/fsck_msdos : 	number of sectors are in FAT:.2776 (1388 KB)
I/logwrapper(  317): /system/bin/fsck_msdos : 	cluster mask (bit):...........32
I/logwrapper(  317): /system/bin/fsck_msdos : 	FAT entries:..................355328
I/logwrapper(  317): /system/bin/fsck_msdos : 	first cluster offset..........5504
I/logwrapper(  317): /system/bin/fsck_msdos : 	cluster size(bytes):..........32768
I/logwrapper(  317): /system/bin/fsck_msdos : 	number of sectors:............22738944
I/logwrapper(  317): /system/bin/fsck_msdos : 	hidden sectors:...............0
I/logwrapper(  317): /system/bin/fsck_msdos : 	number of clusters:...........355210
I/logwrapper(  317): /system/bin/fsck_msdos : 	oem name:.....................android { 0x61 0x6e 0x64 0x72 0x6f 0x69 0x64 0x20}
I/logwrapper(  317): /system/bin/fsck_msdos : 	volume serial number:.........3ed7-16ef
I/logwrapper(  317): /system/bin/fsck_msdos : 	volume label:.................NO NAME    { 0x4f 0x20 0x4e 0x41 0x4d 0x45 0x20 0x20 0x20 0x20 0x46}
I/logwrapper(  317): /system/bin/fsck_msdos : 	file system string id:........FAT32   { 0x41 0x54 0x33 0x32 0x20 0x20 0x20 0xfa}
I/logwrapper(  317): /system/bin/fsck_msdos : ** Phase 1 - Read and Compare FATs
I/logwrapper(  317): /system/bin/fsck_msdos : Attempting to allocate 1388 KB for FAT
I/rmt_storage(  355): rmt_storage open event: handle=4
I/rmt_storage(  355): Opened /q6_fs1_parti_id_0x59
I/rmt_storage(  355): rmt_storage events processing done
E/SetupWizardSkipReceiver(  913): onReceive android.intent.action.SIM_STATE_CHANGED
D/SetupWizardSkipReceiver(  913): isFactoryMode :: Serving Network =1 device=359100041005450 imsi=310410469489282
D/SetupWizardSkipReceiver(  913): imeiBlocked contains 'ON'
D/SetupWizardSkipReceiver(  913): isFactoryMode() No factory mode
D/PowerManagerService(  451): lightSensorChangedLocked 70
D/PowerManagerService(  451): lcdValue 92
D/PowerManagerService(  451): buttonValue 0
D/PowerManagerService(  451): keyboardValue 0
D/PowerManagerService(  451): lightSensorChangedLocked : mKeyboardLight : 0
I/SetupWizardSkipReceiver(  913): isForcedSkipped() before : false
D/CscParser(  592): customer_path =/system/csc/customer.xml
D/CscParser(  592): customer_path =/system/csc/customer.xml
E/CscParser(  592): fileName + /system/csc/customer.xml
I/rmt_storage(  355): rmt_storage send user data event
I/rmt_storage(  355): rmt_storage events processing done
I/rmt_storage(  355): rmt_storage open event: handle=5
I/rmt_storage(  355): Opened /q6_fs2_parti_id_0x5A
I/rmt_storage(  355): rmt_storage events processing done
I/rmt_storage(  355): rmt_storage send user data event
I/rmt_storage(  355): rmt_storage events processing done
I/rmt_storage(  355): rmt_storage open event: handle=6
I/rmt_storage(  355): Opened /q6_fsg_parti_id_0x5B
I/rmt_storage(  355): rmt_storage events processing done
I/rmt_storage(  355): rmt_storage send user data event
I/rmt_storage(  355): rmt_storage events processing done
I/rmt_storage(  355): rmt_storage client thread started 
I/rmt_storage(  355): rmt_storage client thread started 
I/rmt_storage(  355): rmt_storage client thread started 
D/dalvikvm(  686): GC_CONCURRENT freed 194K, 40% free 3425K/5639K, external 0K/0K, paused 31ms+2ms
D/CscParser(  592): others_path =/system/csc/others.xml
D/CscParser(  592): customer_path =/system/csc/customer.xml
D/CscParser(  592): others_path =/system/csc/others.xml
E/CscParser(  592): fileName + /system/csc/others.xml
I/rmt_storage(  355): rmt_storage write event
I/rmt_storage(  355): rmt_storage events processing done
I/rmt_storage(  355): unblock rmt_storage client thread
I/SML     (  731): V1.1112.5.1 [smlPhoneStatus.java Line:71] [onServiceStateChanged] onServiceStateChanged bRoming =false
D/CscParser(  592): ID_path =/system/SW_Configuration.xml
D/CscParser(  592): customer_path =/system/csc/customer.xml
I/SML     (  731): V1.1112.5.1 [smlPhoneStatus.java Line:70] [onServiceStateChanged] onServiceStateChanged nNetwork =0
I/SML     (  731): V1.1112.5.1 [smlPhoneStatus.java Line:71] [onServiceStateChanged] onServiceStateChanged bRoming =false
D/Mms/SmsReceiverService(  741): [SMS]Receiver handleMessage : Action =android.intent.action.SIM_STATE_CHANGED
D/Mms/SmsReceiverService(  741): handleSIMStatus()
D/dalvikvm(  592): GC_CONCURRENT freed 343K, 37% free 4194K/6599K, external 0K/0K, paused 2ms+2ms
D/CscParser(  592): others_path =/system/csc/others.xml
E/CscReceiver(  592): onReceive android.intent.action.SIM_STATE_CHANGED
E/CscReceiver(  592): android.intent.action.SIM_STATE_CHANGED handler does not exist
I/rmt_storage(  355): rmt_storage fop(1): bytes transferred = 785920
I/Launcher(  637): added a item in workspace. com.sec.android.app.twlauncher.ApplicationInfo AT&T FamilyMap -1 -1 -1 25|-100|6|4|4|0 com.sec.android.app.twlauncher.ApplicationInfo@405f3850
I/Launcher(  637): --> title=AT&T FamilyMap
I/Launcher(  637): added a item in workspace. com.sec.android.app.twlauncher.ApplicationInfo aaHaoQi Barnacle Wifi Tether -1 -1 -1 26|-100|3|1|3|0 com.sec.android.app.twlauncher.ApplicationInfo@405f6498
I/Launcher(  637): --> title=aaHaoQi Barnacle Wifi Tether
I/Launcher(  637): added a item in workspace. com.sec.android.app.twlauncher.ApplicationInfo aaDIPLOMAMatrix -1 -1 -1 27|-100|3|3|3|0 com.sec.android.app.twlauncher.ApplicationInfo@405f8ef8
I/Launcher(  637): --> title=aaDIPLOMAMatrix
I/Launcher(  637): added a item in workspace. com.sec.android.app.twlauncher.ApplicationInfo aaaCameraCloud -1 -1 -1 28|-100|3|0|3|0 com.sec.android.app.twlauncher.ApplicationInfo@405fbaa8
I/rmt_storage(  355): rmt_storage fop(1): bytes transferred = 512
I/Launcher(  637): --> title=aaaCameraCloud
D/dalvikvm(  451): GC_CONCURRENT freed 326K, 20% free 9677K/12039K, external 26240K/34240K, paused 2ms+6ms
D/MccTable(  592): updateMccMncConfiguration: mcc=310, mnc=410
D/MccTable(  592): locale set to en_us
D/MccTable(  592): WIFI_NUM_ALLOWED_CHANNELS set to 11
V/WifiProgressStore(  592): WifiProgressStore Created
I/WifiService(  451): WifiService trying to setNumAllowed to 11 with persist set to true
I/ActivityManager(  451): Config changed: { scale=1.0 imsi=310/410 loc=en_US touch=3 keys=1/1/2 nav=1/1 orien=1 layout=268435475 uiMode=17 seq=4 FlipFont=0}
V/AlarmManager(  451): Adding alarm Alarm{40d389d0 type 1 android} at 0
V/SipBroadcastReceiver(  592): start auto registration
I/ActivityManager(  451): Start proc com.sec.android.widgetapp.weatherclock for broadcast com.sec.android.widgetapp.weatherclock/.WeatherWidgetProvider: pid=931 uid=10038 gids={3003}
I/TelephonyRegistry(  451): notifyCallForwardingChanged: false
D/dalvikvm(  637): GC_EXTERNAL_ALLOC freed 118K, 39% free 3814K/6215K, external 13544K/13566K, paused 95ms
I/GsmServiceStateTracker(  592): [ACTION_SIM_STATE_CHANGED] -IMSI
D/dalvikvm(  323): GC_EXPLICIT freed 12K, 43% free 3113K/5379K, external 0K/0K, paused 93ms
V/AlarmManager(  451): Adding alarm Alarm{40bfa760 type 2 android} at 2
D/dalvikvm(  323): GC_EXPLICIT freed <1K, 43% free 3113K/5379K, external 0K/0K, paused 69ms
V/AlarmManager(  451): Adding alarm Alarm{40c155f8 type 2 android} at 1
I/logwrapper(  317): /system/bin/fsck_msdos : Attempting to allocate 1388 KB for FAT
D/CircleMissedEventWidget(  451): received MISSED_EVENT intent !! 
D/dalvikvm(  323): GC_EXPLICIT freed <1K, 43% free 3113K/5379K, external 0K/0K, paused 88ms
I/ActivityThread(  931): Pub com.sec.android.widgetapp.weatherclock: com.sec.android.widgetapp.weatherclock.provider.accuweather.AccuContentProvider
D/Launcher(  637): startLoaders. Launcher: 40623698
D/Launcher.LauncherModel(  637): dropTopApplicationCache
E/com.samsung.app(  931): [MSC_Accu]>>> AccuContentProvider.java:63 [0:0] Prvdr Created
E/com.samsung.app(  931): [MSC_Accu]>>> WidgetIdManager.java:53 [0:0] AccuWeatherClockWidgetID_Length
E/com.samsung.app(  931): [MSC_Accu]>>> WidgetIdManager.java:54 [0:0] getPrefIDs@lngth:1
E/com.samsung.app(  931): [MSC_Accu]>>> WidgetIdManager.java:60 [0:0] getPrefIDs@Ids1:4
E/com.samsung.app(  931): [MSC_Accu]>>> WeatherWidgetProvider.java:354 [0:0] onReceive@ sec.android.intent.action.HOME_RESUME
E/com.samsung.app(  931): [MSC_Accu]>>> WidgetIdManager.java:53 [0:0] AccuWeatherClockWidgetID_Length
E/com.samsung.app(  931): [MSC_Accu]>>> WidgetIdManager.java:54 [0:0] getPrefIDs@lngth:1
E/com.samsung.app(  931): [MSC_Accu]>>> WidgetIdManager.java:60 [0:0] getPrefIDs@Ids1:4
E/com.samsung.app(  931): [MSC_Accu]>>> WeatherWidgetProvider.java:394 [0:0] dbhelper is null!!
D/Mms/MmsApp(  741): [start]    onConfigurationChanged(),newConfig={ scale=1.0 imsi=310/410 loc=en_US touch=3 keys=1/1/2 nav=1/1 orien=1 layout=268435475 uiMode=17 seq=4 FlipFont=0}
V/Mms/LayoutManager(  741): -> LayoutManager.onConfigurationChanged().
V/Mms/HVGALayoutParameters(  741): HVGALayoutParameters.<init>(11).
V/Mms/LayoutManager(  741): LayoutParameters: HVGA-P: 320x480
D/Mms/MmsApp(  741): [end]    onConfigurationChanged(),newConfig={ scale=1.0 imsi=310/410 loc=en_US touch=3 keys=1/1/2 nav=1/1 orien=1 layout=268435475 uiMode=17 seq=4 FlipFont=0}
I/ActivityManager(  451): Start proc com.sec.android.widgetapp.stockclock for broadcast com.sec.android.widgetapp.stockclock/.StockClock_Integration: pid=940 uid=10039 gids={3003, 1015}
D/Launcher.LauncherModel(  637): loadApplications
D/Launcher.LauncherModel(  637): stopAndWaitForApplicationsLoader
D/Launcher.LauncherModel(  637): dropApplicationCache
D/Launcher.LauncherModel(  637): loadUserItems
D/Launcher.LauncherModel(  637): stopAndWaitForApplicationsLoader
D/Launcher.LauncherModel(  637): DesktopItemsLoader: 1080102672, Launcher: 1080178328
D/Launcher.LauncherModel(  637): DesktopItemsLoader.run: 1080102672
I/Launcher(  637): onResume. Launcher: 40623698, mIsNewIntent: false
E/WallpaperService(  451): setDimensionHints ! w=800
I/WindowManager(  451):   CREATE SURFACE Surface(name=com.sec.android.app.twlauncher/com.sec.android.app.twlauncher.Launcher, identity=9, mNativeSurface=0) IN SESSION android.view.SurfaceSession@4060d0c8: pid=637 format=-2 flags=0x400 / Window{40d48e98 com.sec.android.app.twlauncher/com.sec.android.app.twlauncher.Launcher paused=false}
D/DATA    (  592): [DSST(0)] pollstate() : reason = data network state changed
D/DATA    (  592): [DSST(0)] pollstate() : reason = data network state changed
D/GlassLockScreenMusicWidget(  451): setMinLayout()
D/GlassLockScreenMusicWidget(  451): startTranslateAnimation()
I/logwrapper(  317): /system/bin/fsck_msdos : ** Phase 2 - Check Cluster Chains
I/WindowManager(  451):   CREATE SURFACE Surface(name=SurfaceView, identity=10, mNativeSurface=0) IN SESSION android.view.SurfaceSession@4060d0c8: pid=637 format=1 flags=0x0 / Window{40d4caf8 SurfaceView paused=false}
I/logwrapper(  317): /system/bin/fsck_msdos : ** Phase 3 - Checking Directories
D/MccTable(  592): updateMccMncConfiguration: mcc=310, mnc=410
D/MccTable(  592): locale set to en_us
D/MccTable(  592): WIFI_NUM_ALLOWED_CHANNELS set to 11
D/Launcher(  637): about to setAppWidget for id=4, info=AppWidgetProviderInfo(provider=ComponentInfo{com.sec.android.widgetapp.weatherclock/com.sec.android.widgetapp.weatherclock.WeatherWidgetProvider})
I/WifiService(  451): WifiService trying to setNumAllowed to 11 with persist set to true
I/ActivityThread(  940): Pub com.sec.android.widgetapp.stockclock: com.sec.android.widgetapp.stockclock.db.PublicContentProvider
D/MccTable(  592): [NAM] Find mnc : 310, zoneId : 
W/EDM     (  451):  >>> CallingPolicyService.mPhoneListener.new PhoneStateListener() {...}.onServiceStateChanged()
W/EDM     (  451): >>> CallingPolicyService.loadSettings()
W/EDM     (  451): >>> CallingPolicyService.getAdminIdByLastChange()
W/EDM     (  451): >>> CallingPolicyService.getLastChangeId()
I/TelephonyRegistry(  451): notifyServiceState: 0 home AT&T AT&T 310410  UMTS CSS not supported -1 -1RoamInd: -1DefRoamInd: -1EmergOnly: false
W/EDM     (  451): CallingPolicyService.getAdminIdByLastChange() adminId : -1
D/FlightSettingButton(  561): EVENT_SERVICE_STATE_CHANGED received
D/DATA    (  592): [DSST(0)] Poll ServiceState done: oldSS=[1 home null null null  Error in radioTechnology CSS not supported -1 -1RoamInd: -1DefRoamInd: -1EmergOnly: false] newSS=[1 home null null null  Error in radioTechnology CSS not supported -1 -1RoamInd: -1DefRoamInd: -1EmergOnly: false]
E/FlightSettingButton(  561): updateStatus : 0
V/Mms/DownloadManager(  741): Service state changed: Bundle[mParcelledData.dataSize=644]
E/com.samsung.app(  940): [MSC]>>> StockClock_Integration.java:235 [0:0] onReceive sec.android.intent.action.HOME_RESUME
I/TelephonyRegistry(  451): notifyMessageWaitingChanged: false
E/com.samsung.app(  940): [MSC]>>> StockClock_Integration.java:241 [0:0] onReceive : no stock widget!!!
D/WifiLocator(  661): Too many no-location APs. Will not compute a location nor go to the server. hasLocation=0 noLocation=0 cacheMiss=0
D/CellLocator(  661): Primary cell miss in cache. Need server request.
V/Mms/DownloadManager(  741): roaming ------> false
V/Mms/DownloadManager(  741): auto download without roaming -> true
V/Mms/DownloadManager(  741): auto download during roaming -> true
V/Mms/DownloadManager(  741): mAutoDownload ------> true
I/ActivityManager(  451): Start proc com.sec.android.widgetapp.apnews for broadcast com.sec.android.widgetapp.apnews/.widget.APNewsWidgetNews: pid=955 uid=10040 gids={3003}
E/AlarmManagerService(  451): android_server_AlarmManagerService_set to type=2, 86423.999000000
I/SML     (  731): V1.1112.5.1 [smlPhoneStatus.java Line:70] [onServiceStateChanged] onServiceStateChanged nNetwork =3
I/SML     (  731): V1.1112.5.1 [smlPhoneStatus.java Line:71] [onServiceStateChanged] onServiceStateChanged bRoming =false
I/System.out(  661): [INFO:4902]: LogSource: Running flush
V/AlarmManager(  451): Adding alarm Alarm{40ca7410 type 2 com.google.android.location} at 0
D/dalvikvm(  661): GC_FOR_MALLOC freed 34K, 43% free 3544K/6215K, external 0K/0K, paused 24ms
I/dalvikvm-heap(  661): Grow heap (frag case) to 5.474MB for 32784-byte allocation
D/dalvikvm(  637): GC_EXTERNAL_ALLOC freed 81K, 38% free 3897K/6215K, external 13396K/14014K, paused 78ms
I/ActivityThread(  955): Pub ApNews: com.sec.android.widgetapp.apnews.engine.APNewsProvider
I/BluetoothService(  451): Received BT_BOOTUP message
I/ActivityManager(  451): Start proc com.cooliris.media for broadcast com.cooliris.media/.PhotoAppWidgetProvider: pid=962 uid=10086 gids={1015, 3003, 1001}
D/dalvikvm(  661): GC_FOR_MALLOC freed <1K, 44% free 3576K/6279K, external 0K/0K, paused 30ms
I/ActivityManager(  451): Start proc com.vlingo.client.samsung.engine for service com.vlingo.client.samsung/com.vlingo.client.lmtt.LMTTService: pid=1074 uid=10014 gids={3003, 1015, 3002, 3001}
I/ActivityManager(  451): Start proc com.swype.android.inputmethod for broadcast com.swype.android.inputmethod/.SwypeDataInitializer: pid=1077 uid=10026 gids={1015}
I/System.out(  661): [INFO:4984]: LogSource: Sending payload [bytes=281]
I/System.out(  661): [SEVERE:5000]: LogSource: AsyncHttpRequestImpl.run(): exception thrown : www.google.com: java.net.UnknownHostException
D/WifiLocator(  661): Too many no-location APs. Will not compute a location nor go to the server. hasLocation=0 noLocation=0 cacheMiss=0
D/CellLocator(  661): Primary cell miss in cache. Need server request.
E/GlsClient-query(  661): requestFailed
E/GlsClient-query(  661): java.net.UnknownHostException: www.google.com
E/GlsClient-query(  661): 	at java.net.InetAddress.lookupHostByName(InetAddress.java:506)
E/GlsClient-query(  661): 	at java.net.InetAddress.getAllByNameImpl(InetAddress.java:294)
E/GlsClient-query(  661): 	at java.net.InetAddress.getAllByName(InetAddress.java:256)
E/GlsClient-query(  661): 	at org.apache.http.impl.conn.DefaultClientConnectionOperator.openConnection(DefaultClientConnectionOperator.java:136)
E/GlsClient-query(  661): 	at org.apache.http.impl.conn.AbstractPoolEntry.open(AbstractPoolEntry.java:164)
E/GlsClient-query(  661): 	at org.apache.http.impl.conn.AbstractPooledConnAdapter.open(AbstractPooledConnAdapter.java:119)
E/GlsClient-query(  661): 	at org.apache.http.impl.client.DefaultRequestDirector.execute(DefaultRequestDirector.java:428)
E/GlsClient-query(  661): 	at org.apache.http.impl.client.AbstractHttpClient.execute(AbstractHttpClient.java:555)
E/GlsClient-query(  661): 	at org.apache.http.impl.client.AbstractHttpClient.execute(AbstractHttpClient.java:487)
E/GlsClient-query(  661): 	at com.google.common.io.android.AndroidHttpClient.execute(Unknown Source)
E/GlsClient-query(  661): 	at com.google.common.io.android.GoogleHttpClient.executeWithoutRewriting(Unknown Source)
E/GlsClient-query(  661): 	at com.google.common.io.android.GoogleHttpClient.execute(Unknown Source)
E/GlsClient-query(  661): 	at com.google.common.io.android.GoogleHttpClient.execute(Unknown Source)
E/GlsClient-query(  661): 	at com.google.common.io.android.AndroidHttpConnectionFactory$AndroidGoogleHttpConnection.getResponse(Unknown Source)
E/GlsClient-query(  661): 	at com.google.common.io.android.AndroidHttpConnectionFactory$AndroidGoogleHttpConnection.getResponseCode(Unknown Source)
E/GlsClient-query(  661): 	at com.google.common.async.AsyncHttpRequestFactory$AsyncHttpRequestImpl.run(Unknown Source)
E/GlsClient-query(  661): 	at com.google.common.async.AsyncHttpRequestFactory.executeNextRequest(Unknown Source)
E/GlsClient-query(  661): 	at com.google.common.async.AsyncHttpRequestFactory.run(Unknown Source)
E/GlsClient-query(  661): 	at com.google.common.lang.BaseThreadFactory$ThreadImpl.run(Unknown Source)
I/logwrapper(  317): /system/bin/fsck_msdos : ** Phase 4 - Checking for Lost Files
E/AlarmManagerService(  451): android_server_AlarmManagerService_set to type=2, 86423.999000000
I/logwrapper(  317): /system/bin/fsck_msdos : FSNext block (493) is correct, NumClusters (355210)
I/logwrapper(  317): /system/bin/fsck_msdos : 125 files, 2966848 free (354858 clusters)
I/Vold    (  317): Filesystem check completed OK
V/AlarmManager(  451): Adding alarm Alarm{40cae1a8 type 2 com.google.android.location} at 0
V/LauncherAppWidgetHostView(  637): dispatchSaveInstanceState: widgetid=4 vid=-1
I/Launcher(  637): onPause. Launcher: 40537a90
D/Vold    (  317): Fat::doMount mount(/dev/block/vold/179:28, /mnt/secure/staging,vfat,0x00000c8e,utf8,uid=1000,gid=1015,fmask=2,dmask=2,shortname=mixed,discard)
I/Vold    (  317): Device /dev/block/vold/179:28, target /mnt/sdcard mounted @ /mnt/secure/staging
I/Vold    (  317): Volume::setState -> Volume sdcard /mnt/sdcard state changed from 3 (Checking) to 4 (Mounted)
I/GLThread(  637): onPause tid=10
I/Main thread(  637): onPause waiting for mPaused.
I/GLThread(  637): mPaused is now true tid=10
I/GLThread(  637): releasing EGL surface because paused tid=10
W/EglHelper(  637): destroySurface()  tid=10
W/EglHelper(  637): finish() tid=10
I/MountService(  451): onEvent:: raw= 605 Volume sdcard /mnt/sdcard state changed from 3 (Checking) to 4 (Mounted) cooked =  605 Volume sdcard /mnt/sdcard state changed from 3 (Checking) to 4 (Mounted)
I/MountService(  451): updating volume state mounted
D/MountService(  451): updatePublicVolumeState :: path = /mnt/sdcard, state = mounted
D/MountService(  451): wake lock release
I/MountService(  451): doMountVolume :: make directory the '/mnt/sdcard/external_sd'
E/StorageNotification(  561): onStorageStateChangedAsync :: Media {/mnt/sdcard} state changed from {checking} -> {mounted}
D/StorageNotification(  561): hideNotification
D/StorageNotification(  561): updateUsbModeNotification :: connected is false, usbSettingMode is 0, and adbCheck is true
D/StorageNotification(  561): updateUsbMassStorageNotification :: available = false
D/StorageNotification(  561): setUsbStorageNotification :: titleId = 0, messageId = 0, icon = 0, sound = false, visible = false
D/MountService(  451): Sending intent :: ACTION_MEDIA_MOUNTED
D/MountService(  451): Sending intent :: Intent { act=android.intent.action.MEDIA_MOUNTED dat=file:///mnt/sdcard (has extras) }
I/Launcher(  637): onStop. Launcher: 40537a90
D/MountService(  451): notifyVolumeStateChange :: First SD :: mounted, Second SD ::removed
I/MountService(  451): doMountVolume :: make directory the '/mnt/sdcard/usbStorage'
I/GLThread(  637): releasing EGL context because paused tid=10
I/ActivityThread(  962): Pub com.cooliris.picasa.contentprovider: com.cooliris.picasa.PicasaContentProvider
I/Launcher(  637): onDestroy. Launcher: 40537a90
D/DATA    (  592): [DSST(0)] pollstate() : reason = data network state changed
D/Launcher.LauncherModel(  637): unbindLocked. Launcher: 1079212688
D/Launcher.LauncherModel(  637): abortLoaders
D/Launcher.LauncherModel(  637): ApplicationsLoader.stop: 1080027720
D/Launcher.LauncherModel(  637): stopAndWaitForApplicationsLoader
D/Launcher.LauncherModel(  637): stopAndWaitForApplicationsLoader
D/Launcher.LauncherModel(  637): ApplicationsLoader.stop: 1080027720
D/DATA    (  592): [DSST(0)] Poll ServiceState done: oldSS=[1 home null null null  Error in radioTechnology CSS not supported -1 -1RoamInd: -1DefRoamInd: -1EmergOnly: false] newSS=[1 home null null null  Error in radioTechnology CSS not supported -1 -1RoamInd: -1DefRoamInd: -1EmergOnly: false]
I/Database(  962): sqlite returned: error code = 0, msg = Recovered 8 frames from WAL file /data/data/com.cooliris.media/databases/picasa.db-wal
I/PhotoAppWidgetProvider(  962): onReceive
I/PhotoAppWidgetProvider(  962): RestartSlideShow
I/TelephonyRegistry(  451): notifyServiceState: 0 home AT&T AT&T 310410  UMTS CSS not supported -1 -1RoamInd: -1DefRoamInd: -1EmergOnly: false
D/PhotoDatabaseHelper(  962): getWidgetIdList query count : 0
D/PhotoAppWidgetProvider(  962): onReceive End
D/dalvikvm(  962): GC_CONCURRENT freed 334K, 43% free 3232K/5639K, external 0K/0K, paused 1ms+1ms
I/ActivityManager(  451): Start proc com.sec.android.widgetapp.digitalclock for broadcast com.sec.android.widgetapp.digitalclock/.DigitalClockWidgetProvider: pid=975 uid=10095 gids={}
I/TelephonyRegistry(  451): notifyServiceState: 0 home AT&T AT&T 310410  UMTS CSS not supported -1 -1RoamInd: -1DefRoamInd: -1EmergOnly: false
I/TelephonyRegistry(  451): notifyDataConnection: anyState=0,default/INET,apnTypeState=0,iface=null,ip=null,gw=null,isDataConnectivityPossible=true,networkType=3,reason=dataNetworkAttached
D/EnterpriseVpnPolicy(  451): Service connected: android.app.enterprise.IEnterpriseVpnInterface$Stub$Proxy@405fea50
I/TelephonyRegistry(  451): notifyDataConnection: anyState=0,mms/INET,apnTypeState=0,iface=null,ip=null,gw=null,isDataConnectivityPossible=true,networkType=3,reason=dataNetworkAttached
I/TelephonyRegistry(  451): notifyDataConnection: anyState=0,supl/INET,apnTypeState=0,iface=null,ip=null,gw=null,isDataConnectivityPossible=true,networkType=3,reason=dataNetworkAttached
D/DigitalClock(  975): DigitalClockAppWidget.onReceive : ACTION_HOME_RESUME is called!!
I/TelephonyRegistry(  451): notifyDataConnection: anyState=0,dun/INET,apnTypeState=0,iface=null,ip=null,gw=null,isDataConnectivityPossible=true,networkType=3,reason=dataNetworkAttached
I/TelephonyRegistry(  451): notifyDataConnection: anyState=0,hipri/INET,apnTypeState=0,iface=null,ip=null,gw=null,isDataConnectivityPossible=true,networkType=3,reason=dataNetworkAttached
I/TelephonyRegistry(  451): notifyDataConnection: anyState=0,default/INET,apnTypeState=0,iface=null,ip=null,gw=null,isDataConnectivityPossible=true,networkType=3,reason=radioTechnologyChanged
I/TelephonyRegistry(  451): notifyDataConnection: anyState=0,mms/INET,apnTypeState=0,iface=null,ip=null,gw=null,isDataConnectivityPossible=true,networkType=3,reason=radioTechnologyChanged
I/ActivityManager(  451): Start proc com.sec.android.widgetapp.buddiesnow for broadcast com.sec.android.widgetapp.buddiesnow/.BuddiesWidget: pid=982 uid=10003 gids={3003, 1015, 3002}
I/TelephonyRegistry(  451): notifyDataConnection: anyState=0,supl/INET,apnTypeState=0,iface=null,ip=null,gw=null,isDataConnectivityPossible=true,networkType=3,reason=radioTechnologyChanged
I/TelephonyRegistry(  451): notifyDataConnection: anyState=0,dun/INET,apnTypeState=0,iface=null,ip=null,gw=null,isDataConnectivityPossible=true,networkType=3,reason=radioTechnologyChanged
D/DigitalClock(  975): DigitalClockAppWidgetService.onCreate
I/Zygote  (  982): Zygote: pid 982 has CALL PRIVILEGED permission, then set capability for CAP_SYS_ADMIN (21)
I/TelephonyRegistry(  451): notifyDataConnection: anyState=0,hipri/INET,apnTypeState=0,iface=null,ip=null,gw=null,isDataConnectivityPossible=true,networkType=3,reason=radioTechnologyChanged
I/ActivityManager(  451): Start proc com.sec.android.socialhub for broadcast com.sec.android.socialhub/.unifiedinbox.UinboxBroadCastReceiver: pid=1102 uid=10028 gids={3003, 1015}
I/ActivityManager(  451): Start proc com.sec.phone for broadcast com.sec.phone/.BootCompleteReceiver: pid=990 uid=10035 gids={3003}
D/Buddies--------------------------->(  982): Service:OnReceive ACTION_HOME_RESUME called
I/TelephonyRegistry(  451): notifyDataConnection: anyState=1,default/INET,apnTypeState=1,iface=null,ip=null,gw=null,isDataConnectivityPossible=true,networkType=3,reason=radioTechnologyChanged
D/SecPhoneBootCompleteReceiver(  990): onReceive(): android.intent.action.BOOT_COMPLETED
D/SecPhoneBootCompleteReceiver(  990): Starting SecPhone service
V/AlarmManager(  451): Adding alarm Alarm{40d81380 type 2 com.google.android.location} at 0
D/UsbStorageService(  451): mBroadcastReceiver :: '/mnt/sdcard/usbStorage' find 
D/DiskVolume(  317): volume list disk
I/ActivityManager(  451): Start proc com.dashwire.config for broadcast com.dashwire.config/.BootCompletedReceiver: pid=997 uid=1000 gids={3003, 1015, 2001, 3002, 3001, 1001, 1006}
I/Zygote  (  997): Zygote: pid 997 has CALL PRIVILEGED permission, then set capability for CAP_SYS_ADMIN (21)
I/DRMEventReceiver(  451): DRMEventReceiver : onReceive
I/DRMEventReceiver(  451): DRMEventReceiver : onReceiveWithPrivilege intent.getTypenull
I/DRMEventReceiver(  451): DRMEventReceiver : beginStartingService
I/System.out(  451): start Service
I/DrmEventService(  451): DrmEventService : onCreate
I/ActivityManager(  451): Start proc com.wssyncmldm for broadcast com.wssyncmldm/.wssAppBroadcastReceiver: pid=1010 uid=10001 gids={3003, 2001, 1015}
I/RecoverySystem(  451): No recovery log file
I/DrmEventService(  451): DrmEventService : onCreate before thread.start
I/DrmEventService(  451): onStart intent.getAction() :android.intent.action.BOOT_COMPLETED isRegisteredBootTime:false
I/DrmEventService(  451): DrmEventService : onStart
I/DrmEventService(  451): DrmEventService : Service is started.Check if registration is required
I/DrmEventService(  451): DrmEventService : handleMessage msg received
I/DrmEventService(  451): action event :android.intent.action.BOOT_COMPLETED
I/DrmEventService(  451): calling handleDbOperation : HANDLE_DRM_INIT 
I/DrmEventService(  451): handleDbOperation case 7
I/DrmEventService(  451): length is NOT ZERO 245760
I/DrmEventService(  451): temp Value:3
I/DrmEventService(  451): DrmEventService : This is not BootTime.So register now.
I/DrmEventService(  451): length is NOT ZERO 245760
I/DrmEventService(  451): temp Value:3
I/DrmEventService(  451): Verify all tables are created properly or not ?
I/Database(  594): sqlite returned: error code = 0, msg = Recovered 6 frames from WAL file /data/data/com.android.providers.downloads/databases/downloads.db-wal
I/System.out(  451): Count : 27
I/DrmEventService(  451): handleDbOperation : HANDLE_DRM_INIT ret  0
I/DrmEventService(  451): Registering broadcast receivers from handlemessage
I/DrmEventService(  451): Registering for both NITZ and Timeset
I/DrmEventService(  451): Time Format is: :12
I/DrmEventService(  451): registerReceiever, All registration over, isRegisteredBootTime: true
I/DrmEventService(  451): Registering for both NITZ and Timeset
I/DrmEventService(  451): Time Format is: :12
I/DrmEventService(  451): registerReceiever, All registration over, isRegisteredBootTime: true
I/DrmEventService(  451): ######SISODAction :android.intent.action.HDMI_PLUG
I/DrmEventService(  451): ######SISODAction :android.intent.action.HDMI_PLUG
I/System.out(  592): Broadcasting: Intent { act=com.samsung.intent.action.PB_SYNC }
I/DBG_WSS_DM( 1010): [V2.1112.5.2][DMApplication.java Line:17][onCreate] =============>>>>>>>>>>>> DMApplication startService !!!
I/DBG_WSS_DM( 1010): [V2.1112.5.2][wssAppBroadcastReceiver.java Line:136][onReceive] Need to receive Intent count for Application:1
I/ActivityManager(  451): Start proc com.sec.android.app.servicemodeapp for broadcast com.sec.android.app.servicemodeapp/.FTMDialogBroadcastReceiver: pid=1020 uid=1000 gids={3003, 1015, 2001, 3002, 3001, 1001, 1006}
I/Zygote  ( 1020): Zygote: pid 1020 has CALL PRIVILEGED permission, then set capability for CAP_SYS_ADMIN (21)
V/AlarmManager(  451): Adding alarm Alarm{40d3bb48 type 2 com.google.android.location} at 0
I/DBG_WSS_DM( 1010): [V2.1112.5.2][wssdmTask.java Line:158][smlTaskHandler] SMLMSG_OS_INITIALIZED
I/DBG_WSS_DM( 1010): [V2.1112.5.2][wssdmTask.java Line:170][smlTaskHandler] SMLMSG_PHONEBOOK_INITIALIZED
I/FTMDialogReceiver( 1020): start FTM DialogReceiver : android.intent.action.BOOT_COMPLETED event received
I/SecHardwareInterface( 1020): setAmoledACL (true)
D/SecHardwareInterface( 1020): ACL is enabled.
I/FTMDialogReceiver( 1020): com.sec.android.app.SecFeature.POWER_SAVING_MODE : true, SecHardwareInterface.setAmoledACL(1)
I/ActivityManager(  451): Start proc com.matchboxmobile.wisp for broadcast com.matchboxmobile.wisp/.WispBootReceiver: pid=1031 uid=10013 gids={3003}
I/DBG_WSS_DM( 1010): [V2.1112.5.2][DMService.java Line:283][resumeDMOperation] 
I/DBG_WSS_DM( 1010): [V2.1112.5.2][wssHttpAdapter.java Line:2267][getIsConnected] connect status is false
I/DBG_WSS_DM( 1010): [V2.1112.5.2][DMService.java Line:292][resumeDMOperation] nCallDMStatus : 0
I/DBG_WSS_DM( 1010): [V2.1112.5.2][DMService.java Line:295][resumeDMOperation] nFumoStatus : 0
I/DBG_WSS_DM( 1010): [V2.1112.5.2][DMService.java Line:440][onCallStateChanged] >>>>>>>>>>> CALL_STATE_IDLE
V/WispBootReceiver( 1031): Starting Wisp Service
D/WispService( 1031): Creating service
V/WifiProgressStore( 1031): WifiProgressStore Created
I/ActivityManager(  451): Start proc com.vlingo.client.samsung for broadcast com.vlingo.client.samsung/com.vlingo.client.BootStartLMTTReceiver: pid=1038 uid=10014 gids={3003, 1015, 3002, 3001}
D/dalvikvm(  323): GC_EXPLICIT freed 12K, 43% free 3113K/5379K, external 0K/0K, paused 23ms
V/WispWorker( 1031): Starting worker thread
D/Launcher.LauncherModel(  637): ApplicationsLoader stopped before loading complete: 1080027720
I/GLThread(  637): noticed surfaceView surface lost tid=10
I/SurfaceFlinger(  451): id=8 Removed SurfaceView idx=2 Map Size=6
V/WispWorker( 1031): Started worker thread and waiting
V/WorkerThread( 1031): Worker thread about to notify worker
V/WispWorker( 1031): Woken up
V/WispWorker( 1031): Started with handler: Handler{4052f1f8}
W/WindowManager(  451): Window Window{40977838 SurfaceView paused=false} destroyed surface Surface(name=SurfaceView, identity=-1, mNativeSurface=0), session Session{409a7ef0 uid 10003}
I/ActivityManager(  451): Start proc com.sec.android.socialhub:service for service com.sec.android.socialhub/.service.SocialHubService: pid=1125 uid=10028 gids={3003, 1015}
V/WorkerThread( 1031): Worker thread about to loop
I/GLThread(  637): exiting tid=10
I/ActivityManager(  451): Start proc com.sec.android.app.sns for broadcast com.sec.android.app.sns/.SnsBroadcastReceiver: pid=1127 uid=10029 gids={3003}
I/SurfaceFlinger(  451): id=7 Removed com.sec.android.app.twlauncher/com.sec.android.app.twlauncher.Launcher idx=1 Map Size=5
D/InputTransport(  451): Input channel destroyed: name='408f07d8 com.sec.android.app.twlauncher/com.sec.android.app.twlauncher.Launcher (server)', ashmemFd=258, receivePipeFd=262, sendPipeFd=261
D/InputTransport(  637): Input channel destroyed: name='408f07d8 com.sec.android.app.twlauncher/com.sec.android.app.twlauncher.Launcher (client)', ashmemFd=60, receivePipeFd=61, sendPipeFd=62
D/SurfaceFlinger(  451): remove count:1 destroying SurfaceView
D/Launcher(  637): It's image wallpaper. suggestDesiredDimensions(800 , 1280 )
W/WindowManager(  451): Window Window{408f07d8 com.sec.android.app.twlauncher/com.sec.android.app.twlauncher.Launcher paused=false} destroyed surface Surface(name=com.sec.android.app.twlauncher/com.sec.android.app.twlauncher.Launcher, identity=-1, mNativeSurface=0), session Session{409a7ef0 uid 10003}
I/Launcher(  637): Launcher created: 40623698
I/Launcher(  637): onCreate. Launcher: 40623698, mDestroyed: false
I/Launcher(  637): onCreate():  product model family:Q1 product model : xx-xxxx
E/WallpaperService(  451): setDimensionHints ! w=800
D/dalvikvm(  323): GC_EXPLICIT freed <1K, 43% free 3113K/5379K, external 0K/0K, paused 55ms
D/Launcher.LauncherModel(  637): DesktopItemsLoader: 1080102672, items: 22, widgets: 6, Samsung widgets: 0
D/Launcher.LauncherModel(  637): launcher.onDesktopItemsLoaded; items: 22, widgets: 6, Samsung widgets: 0
D/Launcher(  637): ------> binding 22 items 6 widgets 0 samsung app widgets
D/Launcher(  637): ------> start binding items
I/Launcher(  637): added a item in workspace. com.sec.android.app.twlauncher.ApplicationInfo myAT&T -1 -1 -1 2|-100|1|0|4|0 com.sec.android.app.twlauncher.ApplicationInfo@405b22d0
I/Launcher(  637): --> title=myAT&T
I/Launcher(  637): added a item in workspace. com.sec.android.app.twlauncher.ApplicationInfo Messages -1 -1 -1 3|-100|1|1|4|0 com.sec.android.app.twlauncher.ApplicationInfo@405e5690
I/Launcher(  637): --> title=Messages
I/Launcher(  637): added a item in workspace. com.sec.android.app.twlauncher.ApplicationInfo AT&T Code Scanner -1 -1 -1 4|-100|1|2|4|0 com.sec.android.app.twlauncher.ApplicationInfo@40639b60
D/SurfaceFlinger(  451): remove count:1 destroying com.sec.android.app.twlauncher/com.sec.android.app.twlauncher.Launcher
I/Launcher(  637): --> title=AT&T Code Scanner
D/Launcher.LauncherModel(  637): DesktopItemsLoader. Start applications loader
D/Launcher.LauncherModel(  637): startApplicationsLoader
D/Launcher.LauncherModel(  637): startApplicationsLoaderLocked
D/Launcher.LauncherModel(  637): stopAndWaitForApplicationsLoader
D/Launcher.LauncherModel(  637): created new mApplicationsAdapter: 1080492664 and new mApplications: 1080492376
D/Launcher.LauncherModel(  637): ApplicationsLoader: 1080493296, Launcher: 1080178328
I/Launcher(  637): added a item in workspace. com.sec.android.app.twlauncher.ApplicationInfo Live TV -1 -1 -1 5|-100|1|3|4|0 com.sec.android.app.twlauncher.ApplicationInfo@40632be0
I/Launcher(  637): --> title=Live TV
I/Launcher(  637): added a item in workspace. com.sec.android.app.twlauncher.ApplicationInfo Contacts -1 -1 -1 9|-100|3|0|4|0 com.sec.android.app.twlauncher.ApplicationInfo@405c1c38
I/Launcher(  637): --> title=Contacts
I/Launcher(  637): added a item in workspace. com.sec.android.app.twlauncher.ApplicationInfo Messaging -1 -1 -1 10|-100|3|1|4|0 com.sec.android.app.twlauncher.ApplicationInfo@405f8d50
I/Launcher(  637): --> title=Messaging
D/Launcher(  637): ------> continue binding items at offset: 6
D/Launcher.LauncherModel(  637): ApplicationsLoader.run: 1080493296
I/Launcher(  637): added a item in workspace. com.sec.android.app.twlauncher.ApplicationInfo Market -1 -1 -1 11|-100|3|2|4|0 com.sec.android.app.twlauncher.ApplicationInfo@405caec0
I/Launcher(  637): --> title=Market
I/Launcher(  637): added a item in workspace. com.sec.android.app.twlauncher.ApplicationInfo Camera -1 -1 -1 12|-100|3|3|4|0 com.sec.android.app.twlauncher.ApplicationInfo@4064a810
I/Launcher(  637): --> title=Camera
I/Launcher(  637): added a item in workspace. com.sec.android.app.twlauncher.ApplicationInfo S Memo -1 -1 -1 13|-100|3|4|4|0 com.sec.android.app.twlauncher.ApplicationInfo@405a3a88
I/Launcher(  637): --> title=S Memo
I/Launcher(  637): added a item in workspace. com.sec.android.app.twlauncher.ApplicationInfo Media Hub -1 -1 -1 15|-100|4|0|4|0 com.sec.android.app.twlauncher.ApplicationInfo@4061ae28
I/Launcher(  637): --> title=Media Hub
I/Launcher(  637): added a item in workspace. com.sec.android.app.twlauncher.ApplicationInfo Music Player -1 -1 -1 16|-100|4|1|4|0 com.sec.android.app.twlauncher.ApplicationInfo@406280b0
D/dalvikvm(  323): GC_EXPLICIT freed <1K, 43% free 3113K/5379K, external 0K/0K, paused 61ms
I/Launcher(  637): --> title=Music Player
I/Launcher(  637): added a item in workspace. com.sec.android.app.twlauncher.ApplicationInfo Movies -1 -1 -1 17|-100|4|2|4|0 com.sec.android.app.twlauncher.ApplicationInfo@4062aa50
I/Launcher(  637): --> title=Movies
D/Launcher(  637): ------> continue binding items at offset: 12
I/Launcher(  637): added a item in workspace. com.sec.android.app.twlauncher.ApplicationInfo YouTube -1 -1 -1 18|-100|4|3|4|0 com.sec.android.app.twlauncher.ApplicationInfo@40650248
I/Launcher(  637): --> title=YouTube
I/Launcher(  637): added a item in workspace. com.sec.android.app.twlauncher.ApplicationInfo Crayon physics -1 -1 -1 19|-100|4|4|4|0 com.sec.android.app.twlauncher.ApplicationInfo@40652e88
I/Launcher(  637): --> title=Crayon physics
I/Launcher(  637): added a item in workspace. com.sec.android.app.twlauncher.ApplicationInfo AT&T Navigator -1 -1 -1 21|-100|6|0|4|0 com.sec.android.app.twlauncher.ApplicationInfo@40655a60
I/Launcher(  637): --> title=AT&T Navigator
I/Launcher(  637): added a item in workspace. com.sec.android.app.twlauncher.ApplicationInfo Maps -1 -1 -1 22|-100|6|1|4|0 com.sec.android.app.twlauncher.ApplicationInfo@40658368
D/DATA    (  592): [DSST(0)] pollstate() : reason = data network state changed
I/Launcher(  637): --> title=Maps
I/Launcher(  637): added a item in workspace. com.sec.android.app.twlauncher.ApplicationInfo Navigation -1 -1 -1 23|-100|6|2|4|0 com.sec.android.app.twlauncher.ApplicationInfo@4065ace8
I/Launcher(  637): --> title=Navigation
I/Launcher(  637): added a item in workspace. com.sec.android.app.twlauncher.ApplicationInfo Latitude -1 -1 -1 24|-100|6|3|4|0 com.sec.android.app.twlauncher.ApplicationInfo@4065d3b0
I/Launcher(  637): --> title=Latitude
D/Launcher(  637): ------> continue binding items at offset: 18
D/dalvikvm( 1038): GC_CONCURRENT freed 139K, 39% free 3478K/5639K, external 0K/0K, paused 2ms+3ms
D/DATA    (  592): [DSST(0)] Poll ServiceState done: oldSS=[1 home null null null  Error in radioTechnology CSS not supported -1 -1RoamInd: -1DefRoamInd: -1EmergOnly: false] newSS=[1 home null null null  Error in radioTechnology CSS not supported -1 -1RoamInd: -1DefRoamInd: -1EmergOnly: false]
D/dalvikvm(  637): GC_EXTERNAL_ALLOC freed 458K, 40% free 3901K/6407K, external 16052K/16194K, paused 58ms
I/GsmServiceStateTracker(  592): [ACTION_SIM_STATE_CHANGED] -IMSI
I/ActivityThread( 1038): Pub com.vlingo.client.util.ServerLogProvider: com.vlingo.client.util.ServerLogProvider
I/TelephonyRegistry(  451): notifyServiceState: 0 home AT&T AT&T 310410  HSPA CSS not supported -1 -1RoamInd: -1DefRoamInd: -1EmergOnly: false
D/AlarmManagerService(  451): Kernel timezone updated to 240 minutes west of GMT
D/SystemClock(  592): Setting time of day to sec=1333926144
D/SystemClock(  592): Trying to open a file
E/AlarmManagerService(  451): android_server_AlarmManagerService_set to type=1, 1333926180.000000000
I/DrmEventService(  451): nitZReceiver intent is recievedandroid.intent.action.NETWORK_SET_TIME
I/DrmEventService(  451): handleNitztimeUpdation
I/DrmEventService(  451): date is :: year2012month4day8hour23minute2second24
I/DrmEventService(  451): calling handleDbOperation : TIME_CLOCK_UPDATE 
I/DrmEventService(  451): handleDbOperation case 6
I/DrmEventService(  451): handleDbOperation processDrmRequest 
I/DrmManagerClientImpl(Native)(  451): DrmManagerClientImpl::processDrmRequest::calling managerservice
I/DrmManager(Native)(  324): DrmManager::processDrmRequest  eneterd
I/DrmManager(Native)(  324): DrmManager::processDrmRequest calling IDrmEngine
D/VlingoApplication:main( 1038): VLG_onCreate
D/dalvikvm(  592): GC_CONCURRENT freed 436K, 37% free 4309K/6791K, external 0K/0K, paused 2ms+7ms
D/VlingoApplication:main( 1038): VLG_Current process name: com.vlingo.client.samsung
D/VlingoApplication:main( 1038): VLG_  Current process id: 1038
D/VlingoApplication:main( 1038): VLG_in MAIN process
D/dalvikvm(  637): GC_EXTERNAL_ALLOC freed 45K, 39% free 3929K/6407K, external 16622K/16649K, paused 50ms
I/DrmEventService(  451): processDrmRequest status issuccess
I/DrmEventService(  451): handleDbOperation : TIME_CLOCK_UPDATE  secure clock  ret is  0
I/DrmEventService(  451): calling handleDbOperation : TIME_CLOCK_UPDATE 
I/DrmEventService(  451): handleDbOperation case 6
I/DrmEventService(  451): handleDbOperation processDrmRequest 
I/DrmManagerClientImpl(Native)(  451): DrmManagerClientImpl::processDrmRequest::calling managerservice
I/DrmManager(Native)(  324): DrmManager::processDrmRequest  eneterd
I/DrmManager(Native)(  324): DrmManager::processDrmRequest calling IDrmEngine
I/DrmEventService(  451): processDrmRequest status issuccess
I/DrmEventService(  451): handleDbOperation : TIME_CLOCK_UPDATE  secure clock for PR  ret is 0
