V/MediaScanner(  594): rajesh scanFile: /system/media/audio/notifications/S_Charming_bell.ogg
V/MediaScanner(  594): rajesh scanFile: /system
V/MediaScanner(  594): rajesh scanFile: /system/media/audio/notifications/S_Chopsticks.ogg
V/MediaScanner(  594): rajesh scanFile: /system
I/RilDFTACtion Service( 1287): SET LOCK DISABLE : 0
I/RilDFTACtion Service( 1287): SET LOCK DISABLE FLAG: 0
I/RilDFTACtion Service( 1287): SET LOCK DISABLE : 0
I/RilDFTACtion Service( 1287): SET LOCK DISABLE FLAG: 0
I/UinboxProvider( 1102): [UinboxProvider] delete() >> Data delete. type - 1
E/DftBootBroadcastReceiver( 1287): SHOULD_SHUT_DOWN_F set complete
E/DftBootBroadcastReceiver( 1287): wrong Action : android.intent.action.BOOT_COMPLETED
V/MediaScanner(  594): rajesh scanFile: /system/media/audio/notifications/S_Cloud.ogg
V/MediaScanner(  594): rajesh scanFile: /system
V/MediaScanner(  594): rajesh scanFile: /system/media/audio/notifications/S_Flowers.ogg
V/MediaScanner(  594): rajesh scanFile: /system
V/MediaScanner(  594): rajesh scanFile: /system/media/audio/notifications/S_Glittering_Light.ogg
V/MediaScanner(  594): rajesh scanFile: /system
E/SocialHubService( 1125): [RequestDBSyncCommand] doSyncSNS() >> cursor is null or count is 0.
I/CameraFirmware_broadcast( 1287): Intent received : BOOT_COMPLETED
E/CameraFirmware_broadcast( 1287): Auto Update Camera firmware is not supported
I/Zygote  ( 1294): Zygote: pid 1294 has CALL PRIVILEGED permission, then set capability for CAP_SYS_ADMIN (21)
I/ActivityManager(  451): Start proc com.sec.android.app.encrypt for broadcast com.sec.android.app.encrypt/.EncryptionReceiver: pid=1294 uid=1000 gids={3003, 1015, 2001, 3002, 3001, 1001, 1006}
D/DATA    (  592): [DSST(0)] pollstate() : reason = data network state changed
D/SocialHubService( 1125): [RequestDBSyncCommand] excute() >> ALL Type!!!
D/SocialHubService( 1125): [SocialHubService] onCommandCallback() >> reqID = 0, reqType = 23, bSuccess = true, errorCode = 0, reason = null
D/SocialHubService( 1125): [SocialHubService] invokeBroadCast() >> N = 0
D/DEVENC  ( 1294): essiv=0
I/EncryptionActivity( 1294): checkAndResetAlert mDelayedCnt : -1
D/DATA    (  592): [DSST(0)] Poll ServiceState done: oldSS=[0 home null null null  UMTS CSS not supported -1 -1RoamInd: -1DefRoamInd: -1EmergOnly: false] newSS=[0 home null null null  HSPA CSS not supported -1 -1RoamInd: -1DefRoamInd: -1EmergOnly: false]
I/Database( 1274): sqlite returned: error code = 0, msg = Recovered 5 frames from WAL file /data/data/com.google.android.gm/databases/downloads.db-wal
I/EncryptionActivity( 1294): requireDeviceEncryption=false requireStorageCardEncryption=false
W/EDM     (  451):  >>> CallingPolicyService.mPhoneListener.new PhoneStateListener() {...}.onServiceStateChanged()
W/EDM     (  451): >>> CallingPolicyService.loadSettings()
W/EDM     (  451): >>> CallingPolicyService.getAdminIdByLastChange()
W/EDM     (  451): >>> CallingPolicyService.getLastChangeId()
W/EDM     (  451): CallingPolicyService.getAdminIdByLastChange() adminId : -1
D/DATA    (  592): mMasterDataEnabled=true,isUsePacketData=true
I/TelephonyRegistry(  451): notifyServiceState: 0 home AT&T AT&T 310410  HSPA CSS not supported -1 -1RoamInd: -1DefRoamInd: -1EmergOnly: false
D/FlightSettingButton(  561): EVENT_SERVICE_STATE_CHANGED received
E/FlightSettingButton(  561): updateStatus : 0
D/Exchange( 1154): BootReceiver onReceive
D/DATA    (  592): mMasterDataEnabled=true,isUsePacketData=true
D/DATA    (  592):  notifyDataConnection Pass INET6 >>> Fix me later please!!
I/TelephonyRegistry(  451): notifyDataConnection: anyState=2,default/INET,apnTypeState=2,iface=rmnet_sdio0,ip=10.41.23.4,gw=10.41.23.5,isDataConnectivityPossible=true,networkType=10,reason=radioTechnologyChanged
D/EAS SyncManager( 1154): !!! EAS SyncManager, onCreate
D/EAS SyncManager( 1154): !!! EAS SyncManager onCreated, but INSTANCE not null??
D/AccountBackupRestore( 1154): FileName[0]=AndroidMail.Main.xml
D/AccountBackupRestore( 1154): Preference File List End
D/DATA    (  592): mMasterDataEnabled=true,isUsePacketData=true
D/DATA    (  592):  notifyDataConnection Pass INET6 >>> Fix me later please!!
E/Email   ( 1154): >>> Preference	new Account[] {}
D/EAS SyncManager( 1154): !!! EAS SyncManager, onStartCommand
D/AccountBackupRestore( 1154): FileName[0]=AndroidMail.Main.xml
D/AccountBackupRestore( 1154): Preference File List End
D/DATA    (  592): mMasterDataEnabled=true,isUsePacketData=true
I/TelephonyRegistry(  451): notifyDataConnection: anyState=2,mms/INET,apnTypeState=2,iface=rmnet_sdio0,ip=10.41.23.4,gw=10.41.23.5,isDataConnectivityPossible=true,networkType=10,reason=radioTechnologyChanged
E/Email   ( 1154): >>> Preference	new Account[] {}
I/TelephonyRegistry(  451): notifyDataConnection: anyState=2,supl/INET,apnTypeState=2,iface=rmnet_sdio0,ip=10.41.23.4,gw=10.41.23.5,isDataConnectivityPossible=true,networkType=10,reason=radioTechnologyChanged
I/ActivityManager(  451): Start proc com.sec.dsm.system for broadcast com.sec.dsm.system/.DSMReceiver: pid=1307 uid=1000 gids={3003, 1015, 2001, 3002, 3001, 1001, 1006}
D/DATA    (  592):  notifyDataConnection Pass INET6 >>> Fix me later please!!
D/DATA    (  592): mMasterDataEnabled=true,isUsePacketData=true
V/Mms/DownloadManager(  741): Service state changed: Bundle[mParcelledData.dataSize=644]
D/DATA    (  592):  notifyDataConnection Pass INET6 >>> Fix me later please!!
D/DATA    (  592): mMasterDataEnabled=true,isUsePacketData=true
D/DATA    (  592):  notifyDataConnection Pass INET6 >>> Fix me later please!!
D/EAS SyncManager( 1154): !!! EAS SyncManager, stopping self
V/DATA    (  592): [DCT(0) ] onUpdateDataConnections: reason=radioTechnologyChanged
V/DATA    (  592): [DCT(0) ] ---dc list---
I/TelephonyRegistry(  451): notifyDataConnection: anyState=2,dun/INET,apnTypeState=0,iface=null,ip=null,gw=null,isDataConnectivityPossible=true,networkType=10,reason=radioTechnologyChanged
I/TelephonyRegistry(  451): notifyDataConnection: anyState=2,hipri/INET,apnTypeState=2,iface=rmnet_sdio0,ip=10.41.23.4,gw=10.41.23.5,isDataConnectivityPossible=true,networkType=10,reason=radioTechnologyChanged
V/Mms/DownloadManager(  741): roaming ------> false
V/Mms/DownloadManager(  741): auto download without roaming -> true
V/Mms/DownloadManager(  741): auto download during roaming -> true
V/Mms/DownloadManager(  741): mAutoDownload ------> true
D/dalvikvm(  637): GC_EXTERNAL_ALLOC freed 19K, 39% free 4122K/6727K, external 21325K/21353K, paused 84ms
D/EAS SyncManager( 1154): !!! EAS SyncManager, onDestroy
D/DEVENC  ( 1154): essiv=0
V/DATA    (  592): [DCT(0) ] cid = 0, state = DcActiveState, bearerType = IP, ipaddress = 10.41.23.4, gw=10.41.23.5, dns=[172.26.38.1, 172.26.38.2]
V/DATA    (  592): [DCT(0) ] ---ds list---
V/DATA    (  592): [DCT(0) ] ds= SERVICE_TYPE_DEFAULT, enabled = true, active = v4:CONNECTED(0) v6:IDLE
V/DATA    (  592): [DCT(0) ] ds= SERVICE_TYPE_MMS, enabled = false, active = v4:CONNECTED(0) v6:IDLE
V/DATA    (  592): [DCT(0) ] ds= SERVICE_TYPE_SUPL, enabled = false, active = v4:CONNECTED(0) v6:IDLE
V/DATA    (  592): [DCT(0) ] ds= SERVICE_TYPE_DUN, enabled = false, active = v4:IDLE v6:IDLE
V/DATA    (  592): [DCT(0) ] ds= SERVICE_TYPE_HIPRI, enabled = false, active = v4:CONNECTED(0) v6:IDLE
D/DATA    (  592): mMasterDataEnabled=true,isUsePacketData=true
I/DATA    (  592): [DCT(0) ] Ready for data : 
I/DATA    (  592): [DCT(0) ]    getDesiredPowerState() = true
I/DATA    (  592): [DCT(0) ]    mCm.getRadioState() = RADIO_ON
I/DATA    (  592): [DCT(0) ]    [DataRadioTech = RADIO_TECH_HSPA, data network state = 0, mMasterDataEnabled = true, is Roaming = false, dataOnRoamingEnable = false, isPsRestricted = false, desiredPowerState  = true, mSIMRecords = true/310410, cdmaSubSource = 1/, mRuimRecords = , checks = true/true]
V/DATA    (  592): [DCT(0) ] trySetupDataCall : ds=SERVICE_TYPE_DEFAULT, ipv=INET6, reason=radioTechnologyChanged
W/DATA    (  592): [DCT(0) ] no working data profile available to establish service type SERVICE_TYPE_DEFAULTon INET6
D/DATA    (  592):  notifyDataConnection Pass INET6 >>> Fix me later please!!
V/MediaScanner(  594): rajesh scanFile: /system/media/audio/notifications/S_Good_News.ogg
V/MediaScanner(  594): rajesh scanFile: /system
V/MediaScanner(  594): rajesh scanFile: /system/media/audio/notifications/S_Harmonics.ogg
V/MediaScanner(  594): rajesh scanFile: /system
V/MediaScanner(  594): rajesh scanFile: /system/media/audio/notifications/S_Haze.ogg
V/MediaScanner(  594): rajesh scanFile: /system
V/MediaScanner(  594): rajesh scanFile: /system/media/audio/notifications/S_Knock.ogg
V/MediaScanner(  594): rajesh scanFile: /system
V/MediaScanner(  594): rajesh scanFile: /system/media/audio/notifications/S_On_time.ogg
V/MediaScanner(  594): rajesh scanFile: /system
V/MediaScanner(  594): rajesh scanFile: /system/media/audio/notifications/S_Opener.ogg
V/MediaScanner(  594): rajesh scanFile: /system
V/MediaScanner(  594): rajesh scanFile: /system/media/audio/notifications/S_Postman.ogg
V/MediaScanner(  594): rajesh scanFile: /system
V/MediaScanner(  594): rajesh scanFile: /system/media/audio/notifications/S_Pure_Bell.ogg
V/MediaScanner(  594): rajesh scanFile: /system
V/MediaScanner(  594): rajesh scanFile: /system/media/audio/notifications/S_Starry_night.ogg
V/MediaScanner(  594): rajesh scanFile: /system
V/MediaScanner(  594): rajesh scanFile: /system/media/audio/notifications/TaDa.ogg
V/MediaScanner(  594): rajesh scanFile: /system
V/MediaScanner(  594): rajesh scanFile: /system/media/audio/notifications/Whistle.ogg
V/MediaScanner(  594): rajesh scanFile: /system
V/MediaScanner(  594): rajesh scanFile: /system/media/audio/ringtones/ANDROMEDA.ogg
V/MediaScanner(  594): rajesh scanFile: /system
V/MediaScanner(  594): rajesh scanFile: /system/media/audio/ringtones/ATT_tone.ogg
V/MediaScanner(  594): rajesh scanFile: /system
V/MediaScanner(  594): rajesh scanFile: /system/media/audio/ringtones/Basic_Tone.ogg
V/MediaScanner(  594): rajesh scanFile: /system
V/MediaScanner(  594): rajesh scanFile: /system/media/audio/ringtones/CASSIOPEIA.ogg
V/MediaScanner(  594): rajesh scanFile: /system
V/MediaScanner(  594): rajesh scanFile: /system/media/audio/ringtones/Chime.ogg
V/MediaScanner(  594): rajesh scanFile: /system
V/MediaScanner(  594): rajesh scanFile: /system/media/audio/ringtones/Lyra.ogg
V/MediaScanner(  594): rajesh scanFile: /system
V/MediaScanner(  594): rajesh scanFile: /system/media/audio/ringtones/S_Over_the_horizon.ogg
V/MediaScanner(  594): rajesh scanFile: /system
V/MediaScanner(  594): rajesh scanFile: /system/media/audio/ringtones/The_Trap_Of_City.ogg
V/MediaScanner(  594): rajesh scanFile: /system
V/MediaScanner(  594): rajesh scanFile: /system/media/audio/ringtones/Weird_Love.ogg
V/MediaScanner(  594): rajesh scanFile: /system
V/MediaScanner(  594): rajesh scanFile: /system/media/audio/ui/Breeze.ogg
V/MediaScanner(  594): rajesh scanFile: /system
V/MediaScanner(  594): rajesh scanFile: /system/media/audio/ui/Cam_Start.ogg
V/MediaScanner(  594): rajesh scanFile: /system
V/MediaScanner(  594): rajesh scanFile: /system/media/audio/ui/Cam_Stop.ogg
V/MediaScanner(  594): rajesh scanFile: /system
V/MediaScanner(  594): rajesh scanFile: /system/media/audio/ui/Charger_Connection.ogg
V/MediaScanner(  594): rajesh scanFile: /system
V/MediaScanner(  594): rajesh scanFile: /system/media/audio/ui/Effect_Tick.ogg
V/MediaScanner(  594): rajesh scanFile: /system
V/MediaScanner(  594): rajesh scanFile: /system/media/audio/ui/Forest.ogg
V/MediaScanner(  594): rajesh scanFile: /system
V/MediaScanner(  594): rajesh scanFile: /system/media/audio/ui/Insert.ogg
V/MediaScanner(  594): rajesh scanFile: /system
V/MediaScanner(  594): rajesh scanFile: /system/media/audio/ui/KeypressDelete.ogg
V/MediaScanner(  594): rajesh scanFile: /system
V/MediaScanner(  594): rajesh scanFile: /system/media/audio/ui/KeypressReturn.ogg
V/MediaScanner(  594): rajesh scanFile: /system
V/MediaScanner(  594): rajesh scanFile: /system/media/audio/ui/KeypressSpacebar.ogg
V/MediaScanner(  594): rajesh scanFile: /system
V/DATA    (  592): [DCT(0) ] onDataCallListChanged:
V/DATA    (  592): [DCT(0) ] ---dc state list---
V/DATA    (  592): [DCT(0) ] DataCallState: { cid: 0, active: 2, type: , apn: pta, address: 10.41.23.4 }
V/DATA    (  592): [DCT(0) ] ---dc list---
V/DATA    (  592): [DCT(0) ] cid = 0, state = DcActiveState, bearerType = IP, ipaddress = 10.41.23.4, gw=10.41.23.5, dns=[172.26.38.1, 172.26.38.2]
D/dalvikvm(  592): GC_CONCURRENT freed 383K, 36% free 4491K/6919K, external 0K/0K, paused 2ms+3ms
V/AlarmManager(  451): Adding alarm Alarm{40d35b18 type 2 com.google.android.location} at 1
I/SML     (  731): V1.1112.5.1 [smlPhoneStatus.java Line:70] [onServiceStateChanged] onServiceStateChanged nNetwork =10
I/SML     (  731): V1.1112.5.1 [smlPhoneStatus.java Line:71] [onServiceStateChanged] onServiceStateChanged bRoming =false
I/Zygote  ( 1307): Zygote: pid 1307 has CALL PRIVILEGED permission, then set capability for CAP_SYS_ADMIN (21)
D/dalvikvm(  594): GC_CONCURRENT freed 228K, 41% free 3262K/5511K, external 0K/0K, paused 21ms+1ms
V/MediaScanner(  594): rajesh scanFile: /system/media/audio/ui/KeypressStandard.ogg
V/MediaScanner(  594): rajesh scanFile: /system
V/MediaScanner(  594): rajesh scanFile: /system/media/audio/ui/Light.ogg
V/MediaScanner(  594): rajesh scanFile: /system
V/MediaScanner(  594): rajesh scanFile: /system/media/audio/ui/Lock.ogg
V/MediaScanner(  594): rajesh scanFile: /system
V/MediaScanner(  594): rajesh scanFile: /system/media/audio/ui/Mist.ogg
V/MediaScanner(  594): rajesh scanFile: /system
I/ActivityThread( 1307): Pub com.sec.dsm.system.dsmcontentprovider: com.sec.dsm.system.DSMContentProvider
V/MediaScanner(  594): rajesh scanFile: /system/media/audio/ui/Morning.ogg
V/MediaScanner(  594): rajesh scanFile: /system
V/MediaScanner(  594): rajesh scanFile: /system/media/audio/ui/Rain.ogg
V/MediaScanner(  594): rajesh scanFile: /system
D/LocationManagerService(  451): passive location requested by UID(10072) com.google.android.apps.maps, 
D/FMM     ( 1307): [Lines:99] Normal booted
D/FMM     ( 1307): [Lines:106] Boot completed
I/ActivityManager(  451): Start proc com.sec.android.app.clockpackage for broadcast com.sec.android.app.clockpackage/.alarm.AlarmReceiver: pid=1317 uid=10098 gids={3003, 1015}
V/MediaScanner(  594): rajesh scanFile: /system/media/audio/ui/S_HW_Touch.ogg
V/MediaScanner(  594): rajesh scanFile: /system
V/MediaScanner(  594): rajesh scanFile: /system/media/audio/ui/Shutter_01.ogg
V/MediaScanner(  594): rajesh scanFile: /system
V/MediaScanner(  594): rajesh scanFile: /system/media/audio/ui/TW_Alert_on_call.ogg
V/MediaScanner(  594): rajesh scanFile: /system
I/dalvikvm( 1235): Total arena pages for JIT: 11
V/MediaScanner(  594): rajesh scanFile: /system/media/audio/ui/TW_Battery_caution.ogg
V/MediaScanner(  594): rajesh scanFile: /system
V/MediaScanner(  594): rajesh scanFile: /system/media/audio/ui/TW_Call_Connect.ogg
V/MediaScanner(  594): rajesh scanFile: /system
V/MediaScanner(  594): rajesh scanFile: /system/media/audio/ui/TW_Call_Disconnect.ogg
V/MediaScanner(  594): rajesh scanFile: /system
V/MediaScanner(  594): rajesh scanFile: /system/media/audio/ui/TW_Error.ogg
V/MediaScanner(  594): rajesh scanFile: /system
V/MediaScanner(  594): rajesh scanFile: /system/media/audio/ui/TW_Low_Battery.ogg
V/MediaScanner(  594): rajesh scanFile: /system
V/MediaScanner(  594): rajesh scanFile: /system/media/audio/ui/TW_New_chat.ogg
V/MediaScanner(  594): rajesh scanFile: /system
E/AlarmManagerService(  451): android_server_AlarmManagerService_set to type=2, 0.000000000
E/AlarmManagerService(  451): android_server_AlarmManagerService_set to type=2, 1824.793000000
V/MediaScanner(  594): rajesh scanFile: /system/media/audio/ui/TW_SIP.ogg
V/MediaScanner(  594): rajesh scanFile: /system
V/AlarmManager(  451): Adding alarm Alarm{40950a48 type 2 com.google.android.apps.maps} at 0
V/AlarmManager(  451): sending alarm Alarm{40950a48 type 2 com.google.android.apps.maps}
V/AlarmManager(  451): pending wakeup alarm com.google.android.apps.maps
V/MediaScanner(  594): rajesh scanFile: /system/media/audio/ui/TW_SIP_Backspace.ogg
V/MediaScanner(  594): rajesh scanFile: /system
V/MediaScanner(  594): rajesh scanFile: /system/media/audio/ui/TW_Sent_chat.ogg
V/MediaScanner(  594): rajesh scanFile: /system
V/MediaScanner(  594): rajesh scanFile: /system/media/audio/ui/TW_Silent_mode_off.ogg
V/MediaScanner(  594): rajesh scanFile: /system
V/MediaScanner(  594): rajesh scanFile: /system/media/audio/ui/TW_Touch.ogg
V/MediaScanner(  594): rajesh scanFile: /system
V/MediaScanner(  594): rajesh scanFile: /system/media/audio/ui/TW_Unlock.ogg
V/MediaScanner(  594): rajesh scanFile: /system
V/MediaScanner(  594): rajesh scanFile: /system/media/audio/ui/TW_Unlock_Puzzle.ogg
V/MediaScanner(  594): rajesh scanFile: /system
V/MediaScanner(  594): rajesh scanFile: /system/media/audio/ui/TW_Volume_control.ogg
V/MediaScanner(  594): rajesh scanFile: /system
V/MediaScanner(  594): rajesh scanFile: /system/media/audio/ui/TW_Waterdrop.ogg
V/MediaScanner(  594): rajesh scanFile: /system
V/MediaScanner(  594): rajesh scanFile: /system/media/audio/ui/Unlock.ogg
V/MediaScanner(  594): rajesh scanFile: /system
V/MediaScanner(  594): rajesh scanFile: /system/media/audio/ui/VideoRecord.ogg
V/MediaScanner(  594): rajesh scanFile: /system
V/MediaScanner(  594): rajesh scanFile: /system/media/audio/ui/camera_click.ogg
V/MediaScanner(  594): rajesh scanFile: /system
V/MediaScanner(  594): rajesh scanFile: /system/media/audio/ui/camera_click_short.ogg
V/MediaScanner(  594): rajesh scanFile: /system
D/dalvikvm(  637): GC_EXTERNAL_ALLOC freed 24K, 39% free 4128K/6727K, external 21341K/21389K, paused 29ms
D/MediaProvider(  594): mMediaScannerReceiver - intent.getAction : android.intent.action.ACTION_MEDIA_SCANNER_PROGRESS
D/CircleMissedEventWidget(  451): received MISSED_EVENT intent !! 
I/ViewRoot(  561): !@FINISH DRAWING : StatusBarExpanded
I/ViewRoot(  561): !@finishDrawing is completed : StatusBarExpanded
I/ActivityThread( 1317): Pub com.sec.android.provider.stri_s1_worldclock: com.sec.android.app.clockpackage.worldclock.common.DataContentProvider
D/MediaScanner(  594): Normal   81 done (807msec)
D/MediaScanner(  594): postscan enter: directories - /system/media
D/MediaScanner(  594): start checking FileCacheEntry
D/MediaScanner(  594): end checking FileCacheEntry
D/MediaScanner(  594): postscan return
D/MediaScanner(  594):  prescan time: 1470ms
D/MediaScanner(  594):     scan time: 1340ms
D/MediaScanner(  594): postscan time: 2ms
D/MediaScanner(  594):    total time: 2812ms
D/MediaProvider(  594): mMediaScannerReceiver - intent.getAction : android.intent.action.MEDIA_SCANNER_FINISHED
D/CircleMissedEventWidget(  451): received MISSED_EVENT intent !! 
V/MediaProvider(  594): Resuming ThumbWorker
I/MediaProvider(  594): MediaScanner stopped!!!
I/ActivityThread( 1317): Pub com.samsung.sec.android.clockpackage: com.sec.android.app.clockpackage.alarm.AlarmProvider
D/AlarmReceiver( 1317): onReceive() : Intent { act=android.intent.action.BOOT_COMPLETED cmp=com.sec.android.app.clockpackage/.alarm.AlarmReceiver }
D/AlarmReceiver( 1317): updateSnoozeAfterBoot called.
I/ActivityManager(  451): No longer want com.sec.android.widgetapp.buddiesnow (pid 982): hidden #21
I/ActivityManager(  451): No longer want com.dashwire.config (pid 997): hidden #21
I/ViewRoot(  561): !@FINISH DRAWING : StatusBarExpanded
I/ViewRoot(  561): !@finishDrawing is completed : StatusBarExpanded
D/AlarmReceiver( 1317): updateSnoozeAfterBoot item count ->0, just return.
D/AlarmProvider( 1317): enableNextAlert next alarm : null
D/TAG     ( 1317): mPendingIntent == null am.cancel
D/AlarmReceiver( 1317): onReceive: ACTION_BOOT_COMPLETED, autotime = true
D/MediaScannerService(  594): done scanning volume internal
I/MediaScannerService(  594): !@endofMediascannerservice
E/AlarmManagerService(  451): android_server_AlarmManagerService_set to type=2, 41.733000000
V/AlarmManager(  451): Adding alarm Alarm{40a3ffc8 type 2 com.google.android.apps.maps} at 0
I/ActivityManager(  451): Start proc com.sec.android.app.camera for broadcast com.sec.android.app.camera/.BootCamera: pid=1325 uid=10102 gids={1006, 1015, 1001, 3003}
I/ActivityManager(  451): No longer want com.sec.android.app.servicemodeapp (pid 1020): hidden #21
D/dalvikvm(  323): GC_EXPLICIT freed 12K, 43% free 3113K/5379K, external 0K/0K, paused 25ms
D/dalvikvm(  323): GC_EXPLICIT freed <1K, 43% free 3113K/5379K, external 0K/0K, paused 30ms
D/dalvikvm(  323): GC_EXPLICIT freed <1K, 43% free 3113K/5379K, external 0K/0K, paused 34ms
D/dalvikvm( 1317): GC_CONCURRENT freed 148K, 39% free 3405K/5575K, external 0K/0K, paused 2ms+2ms
E/AlarmManagerService(  451): android_server_AlarmManagerService_set to type=2, 41.898000000
V/AlarmManager(  451): Adding alarm Alarm{40cedc28 type 2 com.google.android.apps.maps} at 0
E/AlarmManagerService(  451): android_server_AlarmManagerService_set to type=2, 41.924000000
V/AlarmManager(  451): Adding alarm Alarm{40cee510 type 2 com.google.android.apps.maps} at 0
I/CameraBoot( 1325): Start Camera application
I/ActivityManager(  451): Start proc com.sec.android.app.callsetting for broadcast com.sec.android.app.callsetting/.allcalls.AutoRejectBootReceiver: pid=1333 uid=1001 gids={3002, 3001, 3003, 1006, 1007, 1015}
I/Zygote  ( 1333): Zygote: pid 1333 has CALL PRIVILEGED permission, then set capability for CAP_SYS_ADMIN (21)
I/ActivityManager(  451): No longer want com.vlingo.client.samsung (pid 1038): hidden #21
D/dalvikvm(  637): GC_EXTERNAL_ALLOC freed 27K, 39% free 4126K/6727K, external 21341K/21389K, paused 64ms
I/ActivityThread( 1333): Pub com.sec.android.app.callsetting.allcalls: com.sec.android.app.callsetting.allcalls.AllCallsProvider
V/AutoRejectBootReceiver( 1333): AutoRejectBootReceiverandroid.intent.action.BOOT_COMPLETED
V/AutoRejectBootReceiver( 1333): pkg name :com.sec.android.app.callsetting  Cls name : com.sec.android.app.callsetting.allcalls.AutoReject
D/CscParser(  592): customer_path =/system/csc/customer.xml
D/CscParser(  592): others_path =/system/csc/others.xml
E/CscReceiver(  592): onReceive android.intent.action.BOOT_COMPLETED
I/CscReceiver(  592): handleBootCompleted
E/AlarmManagerService(  451): android_server_AlarmManagerService_set to type=2, 41.924000000
D/CscParser(  592): ID_path =/system/SW_Configuration.xml
I/ActivityManager(  451): No longer want com.swype.android.inputmethod (pid 1077): hidden #21
V/AlarmManager(  451): Adding alarm Alarm{40d715f8 type 2 com.google.android.apps.maps} at 0
E/CscParser(  592): fileName + /system/SW_Configuration.xml
I/System.out( 1235): [INFO:2250]: c: Running flush
D/CscParser(  592): getInstance fileName =/system/SW_Configuration.xml
D/CscParser(  592): customer_path =/system/csc/customer.xml
D/CscParser(  592): others_path =/system/csc/others.xml
I/System.out(  592): HandDataNode = null
E/CscReceiver(  592): PATH_CSCNAME =CustomerDataSet.CSCName
I/System.out( 1235): [INFO:2272]: c: Sending payload [bytes=291]
D/CscParser(  592): ID_path =/system/SW_Configuration.xml
I/ActivityManager(  451): Start proc com.android.browser for broadcast com.android.browser/.BrowserMediaChangingReceiver: pid=1342 uid=10103 gids={3003, 1015, 1001}
D/dalvikvm(  592): GC_FOR_MALLOC freed 324K, 38% free 4411K/7047K, external 0K/0K, paused 57ms
D/CscParser(  592): customer_path =/system/csc/customer.xml
E/CscUpdateService(  592): onStart
E/CscUpdateService(  592): /system/csc/customer.xml is exists : it has been preconfiged.
E/CscUpdateService(  592): CSC is already Updated. Do nothing.
E/AlarmManagerService(  451): android_server_AlarmManagerService_set to type=2, 41.924000000
V/AlarmManager(  451): Adding alarm Alarm{40983758 type 2 com.google.android.apps.maps} at 0
E/AlarmManagerService(  451): android_server_AlarmManagerService_set to type=2, 41.924000000
V/AlarmManager(  451): Adding alarm Alarm{409850b8 type 2 com.google.android.apps.maps} at 0
I/ActivityThread( 1342): Pub browser: com.android.browser.BrowserProvider
E/AlarmManagerService(  451): android_server_AlarmManagerService_set to type=2, 41.924000000
V/AlarmManager(  451): Adding alarm Alarm{40a20c90 type 2 com.google.android.apps.maps} at 0
I/System.out( 1235): [SEVERE:2489]: c: AsyncHttpRequestImpl.run(): exception thrown : www.google.com: java.net.UnknownHostException
E/tosskh  ( 1342): tosskh pluginStateON
D/dalvikvm(  637): GC_EXTERNAL_ALLOC freed 30K, 39% free 4128K/6727K, external 21377K/21389K, paused 33ms
V/AlarmManager(  451): Adding alarm Alarm{40a4a7f8 type 2 com.google.android.apps.maps} at 4
I/Database( 1342): sqlite returned: error code = 0, msg = Recovered 12 frames from WAL file /data/data/com.android.browser/databases/webview.db-wal
D/dalvikvm( 1235): GC_CONCURRENT freed 756K, 40% free 4344K/7175K, external 0K/0K, paused 30ms+2ms
I/Database( 1342): sqlite returned: error code = 0, msg = Recovered 6 frames from WAL file /data/data/com.android.browser/databases/webviewCache.db-wal
I/BrowserSettings( 1342): Selected search engine: ActivitySearchEngine{android.app.SearchableInfo@40561000}
V/BrowserMediaChangingReceiver( 1342): BrowserMediaChangingReceiver : onReceive
V/BrowserMediaChangingReceiver( 1342): onReceive : External memory doesn't exist
I/ActivityManager(  451): No longer want com.vlingo.client.samsung.engine (pid 1074): hidden #21
D/dalvikvm(  637): GC_EXTERNAL_ALLOC freed 38K, 39% free 4131K/6727K, external 20485K/21425K, paused 33ms
I/ActivityManager(  451): Start proc com.sec.android.daemonapp.accuweather for broadcast com.sec.android.daemonapp.accuweather/.AccuWeatherDaemonService: pid=1355 uid=10112 gids={3003}
E/com.samsung.app( 1355): [MSC_Accu]>>> AccuWeatherDaemonService.java:51 [0:0] Act
E/com.samsung.app( 1355): [MSC_Accu]>>> AccuWeatherDaemonService.java:56 [0:0] Act : android.intent.action.BOOT_COMPLETED
E/com.samsung.app( 1355): [MSC_Accu]>>> AccuWeatherDaemonService.java:60 [0:0] Pakenull
E/com.samsung.app( 1355): [MSC_Accu]>>> AccuWeatherDaemonService.java:70 [0:0] SerStus:1,ASerStus:0,Tmp:0,AtRfr:0
E/com.samsung.app( 1355): [MSC_Accu]>>> AccuWeatherDaemonService.java:414 [0:0] CnclAtRftAl
I/ActivityManager(  451): Start proc com.tecace.tetheringmanager for broadcast com.tecace.tetheringmanager/.TetheringManagerReceiver: pid=1362 uid=10021 gids={}
I/ActivityManager(  451): No longer want com.android.settings (pid 673): hidden #21
I/TetheringManagerService( 1362): Starting Tethering Manager version 2.12.21
I/ActivityManager(  451): Start proc com.att.featuredapps.handset for broadcast com.att.featuredapps.handset/com.att.featuredapps.widget.PromoWidgetHandset: pid=1369 uid=10008 gids={3003, 1015}
V/WifiProgressStore( 1362): WifiProgressStore Created
D/dalvikvm(  637): GC_EXTERNAL_ALLOC freed 21K, 39% free 4131K/6727K, external 21505K/21533K, paused 56ms
I/ActivityThread( 1369): Pub com.att.featuredapps.promowidget2: com.att.featuredapps.providers.ApplicationProvider
I/ActivityThread( 1369): Pub com.att.featuredapps.promowidget: com.att.featuredapps.providers.PromotionProvider
D/com.att.featuredapps.PromoApplication( 1369): Download Path: /mnt/sdcard/promo/
I/com.att.featuredapps.PromoApplication( 1369): Locale detected: en-US
I/com.att.featuredapps.PromoApplication( 1369): Found download directory for promotions: /mnt/sdcard/promo, Result =false
I/System.out( 1369): PACKAGE NAME: com.att.featuredapps
D/com.att.featuredapps.widget.BaseWidget( 1369): onEnabled
D/onReceive( 1369): Updating provider: android.appwidget.action.APPWIDGET_ENABLED
D/com.att.featuredapps.widget.BaseWidget( 1369): force layout of welcome image
D/onUpdate( 1369): Updating provider: 1
D/com.att.featuredapps.widget.BaseWidget( 1369): force layout of welcome image
D/onReceive( 1369): Updating provider: android.appwidget.action.APPWIDGET_UPDATE
D/com.att.featuredapps.widget.BaseWidget( 1369): force layout of welcome image
I/ActivityManager(  451): Start proc com.yellowpages.android.ypmobile for broadcast com.yellowpages.android.ypmobile/.YPWidgetSmallProvider: pid=1376 uid=10011 gids={3003, 1015}
D/dalvikvm(  451): GC_EXPLICIT freed 959K, 42% free 8109K/13767K, external 26240K/34240K, paused 64ms
I/ActivityThread( 1376): Pub com.yellowpages.android.ypmobile.instant_rating.InstantRatingProvider: com.yellowpages.android.ypmobile.instant_rating.InstantRatingProvider
I/ActivityThread( 1376): Pub com.yellowpages.android.ypmobile.autocomplete.HistoryProvider: com.yellowpages.android.ypmobile.autocomplete.HistoryProvider
I/ActivityThread( 1376): Pub com.yellowpages.android.ypmobile.autocomplete.AutocompleteProvider: com.yellowpages.android.ypmobile.autocomplete.AutocompleteProvider
D/dalvikvm(  637): GC_EXTERNAL_ALLOC freed 133K, 37% free 4245K/6727K, external 20521K/20569K, paused 37ms
D/dalvikvm( 1376): GC_CONCURRENT freed 212K, 40% free 3406K/5639K, external 0K/0K, paused 2ms+2ms
D/dalvikvm(  749): GC_EXPLICIT freed 158K, 41% free 3225K/5447K, external 0K/0K, paused 24ms
I/data migration( 1376): favorites file not found
I/data migration( 1376): history file not found
D/com.yellowpages.android.ypmobile.gas.HttpRequest( 1376): Requesting: https://services.opisnet.com/RealtimePriceService/RealtimePriceService.asmx/Authenticate?CustomerToken=NlTUwVyTjXkFUIgEdrgbYQ%3D%3D
W/System.err( 1376): java.net.UnknownHostException: services.opisnet.com
W/System.err( 1376): 	at java.net.InetAddress.lookupHostByName(InetAddress.java:506)
W/System.err( 1376): 	at java.net.InetAddress.getAllByNameImpl(InetAddress.java:294)
W/System.err( 1376): 	at java.net.InetAddress.getAllByName(InetAddress.java:256)
W/System.err( 1376): 	at org.apache.http.impl.conn.DefaultClientConnectionOperator.openConnection(DefaultClientConnectionOperator.java:136)
W/System.err( 1376): 	at org.apache.http.impl.conn.AbstractPoolEntry.open(AbstractPoolEntry.java:164)
W/System.err( 1376): 	at org.apache.http.impl.conn.AbstractPooledConnAdapter.open(AbstractPooledConnAdapter.java:119)
W/System.err( 1376): 	at org.apache.http.impl.client.DefaultRequestDirector.execute(DefaultRequestDirector.java:428)
W/System.err( 1376): 	at org.apache.http.impl.client.AbstractHttpClient.execute(AbstractHttpClient.java:555)
W/System.err( 1376): 	at org.apache.http.impl.client.AbstractHttpClient.execute(AbstractHttpClient.java:487)
W/System.err( 1376): 	at org.apache.http.impl.client.AbstractHttpClient.execute(AbstractHttpClient.java:465)
W/System.err( 1376): 	at com.yellowpages.android.ypmobile.util.HttpRequest.execHttpRequest(HttpRequest.java:54)
W/System.err( 1376): 	at com.yellowpages.android.ypmobile.gas.GasStationRequestManager$AuthTokenRequest.run(GasStationRequestManager.java:104)
W/System.err( 1376): 	at java.util.concurrent.ThreadPoolExecutor.runWorker(ThreadPoolExecutor.java:1088)
W/System.err( 1376): 	at java.util.concurrent.ThreadPoolExecutor$Worker.run(ThreadPoolExecutor.java:581)
W/System.err( 1376): 	at java.lang.Thread.run(Thread.java:1019)
W/System.err( 1376): java.net.UnknownHostException: syndication.yellowpages.com
W/System.err( 1376): java.net.UnknownHostException: syndication.yellowpages.com
W/System.err( 1376): 	at java.net.InetAddress.lookupHostByName(InetAddress.java:506)
W/System.err( 1376): 	at java.net.InetAddress.getAllByNameImpl(InetAddress.java:294)
W/System.err( 1376): 	at java.net.InetAddress.getAllByName(InetAddress.java:256)
W/System.err( 1376): 	at org.apache.http.impl.conn.DefaultClientConnectionOperator.openConnection(DefaultClientConnectionOperator.java:136)
W/System.err( 1376): 	at org.apache.http.impl.conn.AbstractPoolEntry.open(AbstractPoolEntry.java:164)
W/System.err( 1376): 	at org.apache.http.impl.conn.AbstractPooledConnAdapter.open(AbstractPooledConnAdapter.java:119)
W/System.err( 1376): 	at org.apache.http.impl.client.DefaultRequestDirector.execute(DefaultRequestDirector.java:428)
W/System.err( 1376): 	at org.apache.http.impl.client.AbstractHttpClient.execute(AbstractHttpClient.java:555)
W/System.err( 1376): 	at org.apache.http.impl.client.AbstractHttpClient.execute(AbstractHttpClient.java:487)
W/System.err( 1376): 	at org.apache.http.impl.client.AbstractHttpClient.execute(AbstractHttpClient.java:465)
W/System.err( 1376): 	at com.yellowpages.android.ypmobile.syndication.Syndication.executeHttpPost(Syndication.java:387)
W/System.err( 1376): 	at com.yellowpages.android.ypmobile.syndication.Syndication.requestLogger(Syndication.java:1640)
W/System.err( 1376): 	at com.yellowpages.android.ypmobile.syndication.SyndicationRequest.doInBackground(SyndicationRequest.java:1075)
W/System.err( 1376): 	at com.yellowpages.android.ypmobile.syndication.SyndicationRequest.doInBackground(SyndicationRequest.java:16)
W/System.err( 1376): 	at android.os.AsyncTask$2.call(AsyncTask.java:185)
W/System.err( 1376): 	at java.util.concurrent.FutureTask$Sync.innerRun(FutureTask.java:306)
W/System.err( 1376): 	at java.util.concurrent.FutureTask.run(FutureTask.java:138)
W/System.err( 1376): 	at java.util.concurrent.ThreadPoolExecutor.runWorker(ThreadPoolExecutor.java:1088)
W/System.err( 1376): 	at java.util.concurrent.ThreadPoolExecutor$Worker.run(ThreadPoolExecutor.java:581)
W/System.err( 1376): 	at java.lang.Thread.run(Thread.java:1019)
W/System.err( 1376): 	at java.net.InetAddress.lookupHostByName(InetAddress.java:506)
W/System.err( 1376): 	at java.net.InetAddress.getAllByNameImpl(InetAddress.java:294)
W/System.err( 1376): 	at java.net.InetAddress.getAllByName(InetAddress.java:256)
W/System.err( 1376): 	at org.apache.http.impl.conn.DefaultClientConnectionOperator.openConnection(DefaultClientConnectionOperator.java:136)
W/System.err( 1376): 	at org.apache.http.impl.conn.AbstractPoolEntry.open(AbstractPoolEntry.java:164)
W/System.err( 1376): 	at org.apache.http.impl.conn.AbstractPooledConnAdapter.open(AbstractPooledConnAdapter.java:119)
W/System.err( 1376): 	at org.apache.http.impl.client.DefaultRequestDirector.execute(DefaultRequestDirector.java:428)
W/System.err( 1376): 	at org.apache.http.impl.client.AbstractHttpClient.execute(AbstractHttpClient.java:555)
W/System.err( 1376): 	at org.apache.http.impl.client.AbstractHttpClient.execute(AbstractHttpClient.java:487)
W/System.err( 1376): 	at org.apache.http.impl.client.AbstractHttpClient.execute(AbstractHttpClient.java:465)
W/System.err( 1376): 	at com.yellowpages.android.ypmobile.syndication.Syndication.executeHttpPost(Syndication.java:387)
W/System.err( 1376): 	at com.yellowpages.android.ypmobile.syndication.Syndication.clickLogger(Syndication.java:1605)
W/System.err( 1376): 	at com.yellowpages.android.ypmobile.syndication.SyndicationRequest.doInBackground(SyndicationRequest.java:1073)
W/System.err( 1376): 	at com.yellowpages.android.ypmobile.syndication.SyndicationRequest.doInBackground(SyndicationRequest.java:16)
W/System.err( 1376): 	at android.os.AsyncTask$2.call(AsyncTask.java:185)
W/System.err( 1376): 	at java.util.concurrent.FutureTask$Sync.innerRun(FutureTask.java:306)
W/System.err( 1376): 	at java.util.concurrent.FutureTask.run(FutureTask.java:138)
W/System.err( 1376): 	at java.util.concurrent.ThreadPoolExecutor.runWorker(ThreadPoolExecutor.java:1088)
W/System.err( 1376): 	at java.util.concurrent.ThreadPoolExecutor$Worker.run(ThreadPoolExecutor.java:581)
W/System.err( 1376): 	at java.lang.Thread.run(Thread.java:1019)
E/com.samsung.app(  931): [MSC_Accu]>>> WeatherWidgetProvider.java:270 [0:0] onEnabled()
E/com.samsung.app(  931): [MSC_Accu]>>> WeatherWidgetProvider.java:354 [0:0] onReceive@ android.appwidget.action.APPWIDGET_ENABLED
E/com.samsung.app(  931): [MSC_Accu]>>> WidgetIdManager.java:53 [0:0] AccuWeatherClockWidgetID_Length
E/com.samsung.app(  931): [MSC_Accu]>>> WidgetIdManager.java:54 [0:0] getPrefIDs@lngth:1
E/com.samsung.app(  931): [MSC_Accu]>>> WidgetIdManager.java:60 [0:0] getPrefIDs@Ids1:4
E/com.samsung.app(  931): [MSC_Accu]>>> WeatherService.java:133 [0:0] SvcStrt
E/com.samsung.app(  931): [MSC_Accu]>>> WeatherWidgetProvider.java:151 [0:0] onUpdate()
E/com.samsung.app(  931): [MSC_Accu]>>> WidgetIdManager.java:67 [0:0] adWdgIds@Id:4
E/com.samsung.app(  931): [MSC_Accu]>>> WidgetIdManager.java:75 [0:0] AccuWeatherClockWidgetIDs1
E/com.samsung.app(  931): [MSC_Accu]>>> WeatherWidgetProvider.java:1853 [0:0] cityId:348735 GMT-4
E/com.samsung.app(  931): [MSC_Accu]>>> WeatherWidgetProvider.java:1418 [0:0] WthrDt:4 2130903110 true
D/dalvikvm(  931): GC_CONCURRENT freed 297K, 42% free 3322K/5639K, external 0K/0K, paused 1ms+2ms
E/com.samsung.app(  931): [MSC_Accu]>>> WeatherWidgetProvider.java:1430 [0:0] mWthrCnt:1
E/com.samsung.app(  931): [MSC_Accu]>>> WeatherWidgetProvider.java:2100 [0:0] mainLayoutId:6
E/com.samsung.app(  931): [MSC_Accu]>>> WeatherWidgetProvider.java:1536 [0:0] WthrTdyIcnImg:2
E/com.samsung.app(  931): [MSC_Accu]>>> WeatherWidgetProvider.java:1657 [0:0] ApWdgId:4
E/com.samsung.app(  931): [MSC_Accu]>>> WeatherWidgetProvider.java:354 [0:0] onReceive@ android.appwidget.action.APPWIDGET_UPDATE
E/com.samsung.app(  931): [MSC_Accu]>>> WidgetIdManager.java:53 [0:0] AccuWeatherClockWidgetID_Length
E/com.samsung.app(  931): [MSC_Accu]>>> WidgetIdManager.java:54 [0:0] getPrefIDs@lngth:1
E/com.samsung.app(  931): [MSC_Accu]>>> WidgetIdManager.java:60 [0:0] getPrefIDs@Ids1:4
E/com.samsung.app(  931): [MSC_Accu]>>> WeatherService.java:133 [0:0] SvcStrt
I/ActivityManager(  451): Start proc com.google.android.googlequicksearchbox for broadcast com.google.android.googlequicksearchbox/.SearchWidgetProvider: pid=1389 uid=10081 gids={3003}
I/ActivityThread( 1389): Pub com.google.android.googlequicksearchbox.google: com.google.android.googlequicksearchbox.google.GoogleSuggestionProvider
I/ActivityThread( 1389): Pub com.google.android.googlequicksearchbox.shortcuts: com.google.android.googlequicksearchbox.ShortcutsProvider
D/DigitalClock(  975): DigitalClockAppWidget.onEnabled
I/ActivityManager(  451): No longer want com.sec.android.providers.downloads (pid 1148): hidden #21
D/DigitalClock(  975): DigitalClockAppWidget.onUpdate
D/dalvikvm(  637): GC_EXTERNAL_ALLOC freed 193K, 35% free 4419K/6727K, external 20410K/21439K, paused 65ms
I/ActivityManager(  451): Start proc com.facebook.katana for broadcast com.facebook.katana/.FacebookWidgetProvider: pid=1399 uid=10119 gids={3003, 1015}
V/AlarmManager(  451): Adding alarm Alarm{409b0280 type 0 com.android.providers.calendar} at 1
I/ActivityManager(  451): No longer want com.sec.android.widgetapp.apnews (pid 955): hidden #21
I/ActivityThread( 1399): Pub com.facebook.katana.provider.LoggingProvider: com.facebook.katana.provider.LoggingProvider
I/ActivityThread( 1399): Pub com.facebook.katana.provider.KeyValueProvider: com.facebook.katana.provider.KeyValueProvider
I/ActivityThread( 1399): Pub com.facebook.katana.provider.ChatHistoryProvider: com.facebook.katana.provider.ChatHistoryProvider
I/ActivityThread( 1399): Pub com.facebook.katana.provider.CacheProvider: com.facebook.katana.provider.CacheProvider
I/ActivityThread( 1399): Pub com.facebook.katana.provider.MailboxProvider: com.facebook.katana.provider.MailboxProvider
I/ActivityThread( 1399): Pub com.facebook.katana.provider.UserStatusesProvider: com.facebook.katana.provider.UserStatusesProvider
I/ActivityThread( 1399): Pub com.facebook.katana.provider.EventsProvider: com.facebook.katana.provider.EventsProvider
I/ActivityThread( 1399): Pub com.facebook.katana.provider.NotificationsProvider: com.facebook.katana.provider.NotificationsProvider
I/ActivityThread( 1399): Pub com.facebook.katana.provider.UserValuesProvider: com.facebook.katana.provider.UserValuesProvider
I/ActivityThread( 1399): Pub com.facebook.katana.provider.PagesProvider: com.facebook.katana.provider.PagesProvider
I/ActivityThread( 1399): Pub com.facebook.katana.provider.PhotosProvider: com.facebook.katana.provider.PhotosProvider
I/ActivityThread( 1399): Pub com.facebook.katana.provider.ConnectionsProvider: com.facebook.katana.provider.ConnectionsProvider
D/ACRA    ( 1399): Retrieve application default SharedPreferences.
D/ACRA    ( 1399): Set OnSharedPreferenceChangeListener.
D/ACRA    ( 1399): ACRA is enabled for com.facebook.katana, intializing...
D/dalvikvm( 1399): GC_CONCURRENT freed 171K, 39% free 3448K/5639K, external 0K/0K, paused 1ms+3ms
D/ACRA    ( 1399): Looking for error files in /data/data/com.facebook.katana/files
D/dalvikvm(  637): GC_EXTERNAL_ALLOC freed 263K, 35% free 4481K/6791K, external 21361K/21797K, paused 32ms
D/CAT     (  592): StkAppService: 10called on slot:0
D/CAT     (  592): StkAppService$ServiceHandler: Icc Status change received
D/CAT     (  592): StkAppService$ServiceHandler: Icc Refresh Result: SIM_FILE_UPDATE
D/MobileDataStateTracker(  451): default Received state= DISCONNECTED, old= DISCONNECTED, reason= radioTechnologyChanged, apnTypeList= default
V/DATA    (  592): [DCT(0) ] intent received :android.intent.action.ANY_DATA_STATE
D/DATA    (  592): NETWORK_STATE_CHANGED_ACTION : data_call = 49
V/DATA    (  592): [DCT(0) ] intent received :android.intent.action.ANY_DATA_STATE
D/DATA    (  592): NETWORK_STATE_CHANGED_ACTION : data_call = 49
V/DATA    (  592): [DCT(0) ] intent received :android.intent.action.ANY_DATA_STATE
D/DATA    (  592): NETWORK_STATE_CHANGED_ACTION : data_call = 49
V/DATA    (  592): [DCT(0) ] intent received :android.intent.action.ANY_DATA_STATE
D/DATA    (  592): NETWORK_STATE_CHANGED_ACTION : data_call = 49
V/DATA    (  592): [DCT(0) ] intent received :android.intent.action.ANY_DATA_STATE
D/DATA    (  592): NETWORK_STATE_CHANGED_ACTION : data_call = 49
D/Mms/SmsReceiverService(  741): [SMS]Receiver handleMessage : Action =android.provider.Telephony.GET_SMSC
D/Mms/SmsReceiverService(  741): [SMS]handleSmsServiceCenter+13123149810
I/SML     (  731): V1.1112.5.1 [smlBroadcastReceiver.java Line:74] [onReceive] SML_BROADCAST_SIM_STATE_CHANGE
I/SML     (  731): V1.1112.5.1 [smlBroadcastReceiver.java Line:79] [onReceive] szSIMState [LOADED]
I/SML     (  731): V1.1112.5.1 [AABSyncService.java Line:352] [smlCheckSIMInfo] nSIMState [5]
I/SML     (  731): V1.1112.5.1 [smlDevInfoAdapter.java Line:190] [smldevAdpInitialize] 
I/SML     (  731): V1.1112.5.1 [smlDevInfoAdapter.java Line:53][smldevAdpSetDeviceID] iojVIbutC8Z5TNOsmOarI9CpYa4BXKUqgr1OUzRrYgegSPcwR9T5+P6rzzRYx84M
I/SML     (  731): V1.1112.5.1 [smlDevInfoAdapter.java Line:87][smldevAdpSetModelName] zSBTB83q9WJlVpDxP/0qQ33SK5HCkRkUzMP+fyhgrdu7z0RDzbWakhvIJ06nVY3J
I/SML     (  731): V1.1112.5.1 [smlDevInfoAdapter.java Line:97][smldevAdpSetModelName] 71DKvdePwbo/Mdtz/Sl0vlVtx7YcRqycZBu+o7mxUnAUmEyds8P76r6oKl80sMeF
I/SML     (  731): V1.1112.5.1 [smlDevInfoAdapter.java Line:155][smldevAdpGetIMSIFromSIM] ux9w7T89JN5GvSfG2jE4jaPiDcpicvzcS7p8qI0ID7E=
I/SML     (  731): V1.1112.5.1 [smlDb.java Line:679][smlGetPhoneIMSI] RDqb05AdV23QtX8bZumfsMIfz88s495Zudal+mL+FrE=
I/SML     (  731): V1.1112.5.1 [smlDb.java Line:679][smlGetPhoneIMSI] RDqb05AdV23QtX8bZumfsMIfz88s495Zudal+mL+FrE=
I/SML     (  731): V1.1112.5.1 [AABSyncService.java Line:375] [smlCheckSIMInfo] SIM equals!!
D/Mms/SmsReceiverService(  741): [SMS]Receiver handleMessage : Action =android.intent.action.SIM_STATE_CHANGED
D/Mms/SmsReceiverService(  741): handleSIMStatus()
E/SetupWizardSkipReceiver( 1287): onReceive android.intent.action.SIM_STATE_CHANGED
D/SetupWizardSkipReceiver( 1287): isFactoryMode :: Serving Network =1 device=359100041005450 imsi=310410469489282
D/SetupWizardSkipReceiver( 1287): imeiBlocked contains 'ON'
D/SetupWizardSkipReceiver( 1287): isFactoryMode() No factory mode
I/SetupWizardSkipReceiver( 1287): isForcedSkipped() before : false
D/CscParser(  592): customer_path =/system/csc/customer.xml
D/CscParser(  592): others_path =/system/csc/others.xml
E/CscReceiver(  592): onReceive android.intent.action.SIM_STATE_CHANGED
E/CscReceiver(  592): android.intent.action.SIM_STATE_CHANGED handler does not exist
D/Launcher.LauncherModel(  637): ApplicationInfo title=Phone page=-1 cell=0
D/Launcher.LauncherModel(  637): ApplicationInfo title=Calendar page=-1 cell=1
D/Launcher.LauncherModel(  637): ApplicationInfo title=Email page=-1 cell=2
D/Launcher.LauncherModel(  637): ApplicationInfo title=Web page=-1 cell=3
D/Launcher.LauncherModel(  637): ApplicationInfo title=Clock page=0 cell=0
D/Launcher.LauncherModel(  637): ApplicationInfo title=Music Player page=0 cell=1
D/Launcher.LauncherModel(  637): ApplicationInfo title=Camera page=0 cell=2
D/Launcher.LauncherModel(  637): ApplicationInfo title=Maps page=0 cell=3
D/Launcher.LauncherModel(  637): ApplicationInfo title=Gmail page=0 cell=4
D/Launcher.LauncherModel(  637): ApplicationInfo title=Gallery page=0 cell=5
D/Launcher.LauncherModel(  637): ApplicationInfo title=Google Search page=0 cell=6
D/Launcher.LauncherModel(  637): ApplicationInfo title=Market page=0 cell=7
D/Launcher.LauncherModel(  637): ApplicationInfo title=Social Hub page=0 cell=8
D/Launcher.LauncherModel(  637): ApplicationInfo title=Settings page=0 cell=9
D/Launcher.LauncherModel(  637): ApplicationInfo title=My Files page=0 cell=10
D/Launcher.LauncherModel(  637): ApplicationInfo title=Videos page=0 cell=11
D/Launcher.LauncherModel(  637): ApplicationInfo title=AllShare page=0 cell=12
D/Launcher.LauncherModel(  637): ApplicationInfo title=Kies air page=0 cell=13
D/Launcher.LauncherModel(  637): ApplicationInfo title=Talk page=0 cell=14
D/Launcher.LauncherModel(  637): ApplicationInfo title=Latitude page=0 cell=15
D/Launcher.LauncherModel(  637): ApplicationInfo title=Places page=0 cell=16
D/Launcher.LauncherModel(  637): ApplicationInfo title=Navigation page=0 cell=17
D/Launcher.LauncherModel(  637): ApplicationInfo title=Messaging page=0 cell=19
D/Launcher.LauncherModel(  637): ApplicationInfo title=S Memo page=0 cell=20
D/Launcher.LauncherModel(  637): ApplicationInfo title=Mini Diary page=0 cell=21
D/Launcher.LauncherModel(  637): ApplicationInfo title=Voice Recorder page=0 cell=22
D/Launcher.LauncherModel(  637): ApplicationInfo title=Voice talk page=0 cell=23
D/Launcher.LauncherModel(  637): ApplicationInfo title=Voice Search page=0 cell=24
D/Launcher.LauncherModel(  637): ApplicationInfo title=Downloads page=1 cell=0
D/Launcher.LauncherModel(  637): ApplicationInfo title=Calculator page=1 cell=1
D/Launcher.LauncherModel(  637): ApplicationInfo title=News & Weather page=1 cell=2
D/Launcher.LauncherModel(  637): ApplicationInfo title=Task Manager page=1 cell=3
D/Launcher.LauncherModel(  637): ApplicationInfo title=Polaris Office page=1 cell=4
D/Launcher.LauncherModel(  637): ApplicationInfo title=Crayon physics page=1 cell=5
D/Launcher.LauncherModel(  637): ApplicationInfo title=YouTube page=1 cell=6
V/ManualSelectionReceiver(  592): Niranjana -- onReceive
V/PLMNACTION(  592): mode_before_power_on=  null, csp_before_power_on= false
D/Launcher.LauncherModel(  637): ApplicationInfo title=YPmobile page=1 cell=7
D/DigitalClock(  975): DigitalClockAppWidget.onUpdate
D/Launcher.LauncherModel(  637): ApplicationInfo title=Music page=1 cell=7
D/Launcher.LauncherModel(  637): ApplicationInfo title=Contacts page=1 cell=7
D/Launcher.LauncherModel(  637): ApplicationInfo title=Superuser page=1 cell=7
D/Launcher.LauncherModel(  637): ApplicationInfo title=AT&T Ready2Go page=1 cell=7
D/Launcher.LauncherModel(  637): ApplicationInfo title=Featured Apps page=1 cell=7
D/Launcher.LauncherModel(  637): ApplicationInfo title=AT&T Navigator page=1 cell=7
D/Launcher.LauncherModel(  637): ApplicationInfo title=Samsung Apps page=1 cell=7
D/Launcher.LauncherModel(  637): ApplicationInfo title=Media Hub page=1 cell=7
E/com.samsung.app(  931): [MSC_Accu]>>> WeatherWidgetProvider.java:151 [0:0] onUpdate()
D/Mms/SmsReceiverService(  741): [SMS]Receiver handleMessage : Action =android.provider.Telephony.CB_SETTINGS_AVAILABLE
D/SmsManager(  741): [CB] In getCbConfig of SmsManager.java  
E/com.samsung.app(  931): [MSC_Accu]>>> WidgetIdManager.java:67 [0:0] adWdgIds@Id:4
E/com.samsung.app(  931): [MSC_Accu]>>> WidgetIdManager.java:75 [0:0] AccuWeatherClockWidgetIDs1
D/SmsManager(  741): [SmsManger- CB] bCBEnabled = false selectedId = 1 msgIdMaxCount = 10 msgIdCount = 0
D/Mms/ChannelUtils(  741): setCbSettings : cbStatus :false, chSelection = All channels, chCount = 0
I/System.out(  741): [CB] c.size = 8
D/SmsManager(  741): [SMSManager] In setCbConfig of SmsManager.java  
D/SmsManager(  741): [SMSManager] cbEnable = false selectId = 1 idCount = 0
D/SmsManager(  741): [SMSManager] langInt0Language = 0
D/SmsManager(  741): [SMSManager] langInt1Language = 1
D/SmsManager(  741): [SMSManager] langInt2Language = 2
D/SmsManager(  741): [SMSManager] langInt3Language = 3
D/SmsManager(  741): [SMSManager] langInt4Language = 4
D/SmsManager(  741): [SMSManager] langInt6Language = 6
D/SmsManager(  741): [SMSManager] langInt7Language = 7
D/SmsManager(  741): [SMSManager] langInt8Language = 8
E/com.samsung.app(  931): [MSC_Accu]>>> WeatherWidgetProvider.java:1853 [0:0] cityId:348735 GMT-4
E/com.samsung.app(  931): [MSC_Accu]>>> WeatherWidgetProvider.java:1418 [0:0] WthrDt:4 2130903110 true
E/com.samsung.app(  931): [MSC_Accu]>>> WeatherWidgetProvider.java:1430 [0:0] mWthrCnt:1
D/dalvikvm(  637): GC_EXTERNAL_ALLOC freed 265K, 35% free 4477K/6791K, external 22227K/22775K, paused 61ms
D/Launcher.LauncherModel(  637): ApplicationInfo title=Books page=1 cell=7
D/Launcher.LauncherModel(  637): ApplicationInfo title=Qik Lite page=1 cell=7
D/Launcher.LauncherModel(  637): ApplicationInfo title=myAT&T page=1 cell=7
D/Launcher.LauncherModel(  637): ApplicationInfo title=Live TV page=1 cell=7
D/Launcher.LauncherModel(  637): ApplicationInfo title=AT&T FamilyMap page=1 cell=7
D/Launcher.LauncherModel(  637): ApplicationInfo title=Messages page=1 cell=7
D/Launcher.LauncherModel(  637): ApplicationInfo title=Amazon Kindle page=1 cell=7
D/Launcher.LauncherModel(  637): ApplicationInfo title=Facebook page=1 cell=7
D/Launcher.LauncherModel(  637): ApplicationInfo title=Movies page=1 cell=7
D/Launcher.LauncherModel(  637): ApplicationInfo title=AT&T Code Scanner page=1 cell=7
D/Launcher.LauncherModel(  637): ApplicationInfo title=aaaCameraCloud page=1 cell=8
