D/MediaScanner(  594): end checking FileCacheEntry
I/TetheringManagerService( 1362): Provider is ATT
E/com.samsung.app(  931): [MSC_Accu]>>> WeatherWidgetProvider.java:1657 [0:0] ApWdgId:4
D/onReceive( 1369): Updating provider: com.sec.android.widgetapp.APPWIDGET_RESIZE
D/com.att.featuredapps.widget.BaseWidget( 1369): force layout of welcome image
E/AlarmManagerService(  451): android_server_AlarmManagerService_set to type=2, 1824.793000000
D/MobileDataStateTracker(  451): replacing old mInterfaceName (null) with rmnet_sdio0 for hipri
D/MobileDataStateTracker(  451): default Received state= CONNECTED, old= CONNECTING, reason= radioTechnologyChanged, apnTypeList= default
D/MobileDataStateTracker(  451): CONNECTED interface name rmnet_sdio0
D/MobileDataStateTracker(  451):   -> net.rmnet_sdio0.gw: 10.41.23.5
D/MobileDataStateTracker(  451):   -> mDefaultGatewayAddr: 85403914
D/MobileDataStateTracker(  451): -------------------------
D/MobileDataStateTracker(  451): @net.pdp0.gw: 
D/MobileDataStateTracker(  451): @net.pdp1.gw: 
D/MobileDataStateTracker(  451): @net.pdp2.gw: 
D/MobileDataStateTracker(  451): -------------------------
D/NetworkStateTracker(  451): setDetailed state, old =CONNECTING and new state=CONNECTED
V/NetworkStateTracker(  451): Setting TCP values: [4092,87380,704512,4096,16384,110208] which comes from [net.tcp.buffersize.hspa]
D/NetworkStateTracker(  451): addDefaultRoute for mobile(rmnet_sdio0), GatewayAddr=85403914 mDefaultRouteSet=false
D/NetworkStateTracker(  451): addDefaultRoute for mobile (rmnet_sdio0), GatewayAddr=85403914
D/ConnectivityService(  451): ConnectivityChange for mobile: CONNECTED/CONNECTED
D/ConnectivityService(  451): adding dns 172.26.38.1 for mobile
D/ConnectivityService(  451): adding dns 172.26.38.2 for mobile
I/ApplicationPolicy(  451): onReceive:Intent { act=android.net.conn.CONNECTIVITY_CHANGE flg=0x10000000 (has extras) }
D/FirewallPolicy(  451): Entering handleConnectivityAction...
D/FirewallPolicy(  451): checkOnline()...
D/FirewallPolicy(  451): execute pending commands
V/DATA    (  592): [DCT(0) ] intent received :android.intent.action.ANY_DATA_STATE
D/DATA    (  592): NETWORK_STATE_CHANGED_ACTION : data_call = 49
D/Tethering(  451): MasterInitialState.processMessage what=3
D/PhoneApp(  592): CONNECTED - hideDataDisconnectedRoaming()
I/DBG_WSS_DM( 1010): [V2.1112.5.2][DMService.java Line:1951][ProtoIsWIFIConnected] WiFi Network status is disabled
I/TetheringManagerService( 1362): MCCMNC is 310410
D/GpsLocationProvider(  451): updateNetworkState available info: NetworkInfo: type: mobile[HSPA], state: CONNECTED/CONNECTED, reason: radioTechnologyChanged, extra: pta, roaming: false, failover: false, isAvailable: true
D/CircleMissedEventWidget(  451): received MISSED_EVENT intent !! 
D/MobileDataStateTracker(  451): replacing old mInterfaceName (null) with rmnet_sdio0 for mms
V/DATA    (  592): [DCT(0) ] intent received :android.intent.action.ANY_DATA_STATE
D/DATA    (  592): NETWORK_STATE_CHANGED_ACTION : data_call = 49
D/PhoneApp(  592): CONNECTED - hideDataDisconnectedRoaming()
D/CircleMissedEventWidget(  451): received MISSED_EVENT intent !! 
I/TetheringManagerService( 1362): Tethering is not running
I/TetheringManagerService( 1362): No saved default APN was found
I/TetheringManagerService( 1362): Supporting device(s) = wl0.1, usb0
E/AlarmManagerService(  451): android_server_AlarmManagerService_set to type=1, 1333926158.209000000
E/AlarmManagerService(  451): android_server_AlarmManagerService_set to type=1, 1333926178.209000000
V/AlarmManager(  451): Adding alarm Alarm{40d4f2c0 type 1 com.tecace.tetheringmanager} at 0
V/AlarmManager(  451): Adding alarm Alarm{40d4f2c0 type 1 com.tecace.tetheringmanager} at 0
V/AlarmManager(  451): sending alarm Alarm{40d4f2c0 type 1 com.tecace.tetheringmanager}
D/MobileDataStateTracker(  451): replacing old mInterfaceName (null) with rmnet_sdio0 for supl
V/DATA    (  592): [DCT(0) ] intent received :android.intent.action.ANY_DATA_STATE
D/DATA    (  592): NETWORK_STATE_CHANGED_ACTION : data_call = 49
D/PhoneApp(  592): CONNECTED - hideDataDisconnectedRoaming()
D/CircleMissedEventWidget(  451): received MISSED_EVENT intent !! 
I/TetheringManagerService( 1362): Available : usb0
I/TetheringManagerService( 1362): Network is HSPA
I/TetheringManagerService( 1362): Mobile data is connected
D/TelephonyProvider(  592): start query selection apn = 'broadband'
V/DATA    (  592): [DCT(0) ] intent received :android.intent.action.ANY_DATA_STATE
D/DATA    (  592): NETWORK_STATE_CHANGED_ACTION : data_call = 49
I/TetheringManagerService( 1362): Stored entitled ID is 1344
I/TetheringManagerService( 1362): Stored entitled APN is broadband
I/TetheringManagerService( 1362): Stored entitled MCC/MNC is 310150
I/TetheringManagerService( 1362): Stored entitled APN type is dun
I/TetheringManagerService( 1362): Stored entitled ID is 1346
I/TetheringManagerService( 1362): Stored entitled APN is broadband
I/TetheringManagerService( 1362): Stored entitled MCC/MNC is 310170
I/TetheringManagerService( 1362): Stored entitled APN type is dun
I/TetheringManagerService( 1362): Stored entitled ID is 1348
I/TetheringManagerService( 1362): Stored entitled APN is broadband
I/TetheringManagerService( 1362): Stored entitled MCC/MNC is 310410
I/TetheringManagerService( 1362): Stored entitled APN type is dun
D/PhoneApp(  592): CONNECTED - hideDataDisconnectedRoaming()
D/GpsLocationProvider(  451): Sim state = 5
I/TetheringManagerService( 1362): Stored entitled APN ID(1348) is verified
I/ActivityManager(  451): Start proc com.google.android.music:main for broadcast com.google.android.music/.store.MediaStoreImportService$Receiver: pid=1525 uid=10063 gids={3003, 1015}
D/CircleMissedEventWidget(  451): received MISSED_EVENT intent !! 
I/TetheringManagerService( 1362): Current APN id = 1347
D/TetheringManagerService( 1362): Current APN name is pta
D/TetheringManagerService( 1362): HSPA
D/GpsLocationProvider(  451): MCC  : 310MNC  : 410
D/GpsLocationProvider(  451): SUPL_URL  : h-slp.mnc410.mcc310.pub.3gppnetwork.orgSUPL_PORT  : 7275
E/power   (  451): acquire_wake_lock g_error=2 
E/power   (  451): release_wake_lock g_error=2 
D/RPC     (  451): 3000008c:00050000 sending call (XID 15).
D/RPC     (  451): 3000008c:00050000 received REPLY (XID 15), grabbing mutex to wake up client.
D/RPC     (  451): 3000008c:00050000 call success.
D/MediaScanner(  594): call pruneDeadThumbnailFils()
V/MediaScanner(  594): pruneDeadThumbnailFiles... android.database.sqlite.SQLiteCursor@405172e8
V/MediaScanner(  594): files to delete count : 0
V/MediaScanner(  594): /pruneDeadThumbnailFiles... android.database.sqlite.SQLiteCursor@405172e8
E/power   (  451): acquire_wake_lock g_error=2 
W/libloc  (  451): loc_read_sec_gps_conf: no /data/data/com.android.angryGps/secgps.conf file, using defaults
E/libloc  (  451): loc_eng_sec_set_param(): Fail to read sec GPS config!. default config will be set
D/MediaScanner(  594): postscan return
D/MediaScanner(  594):  prescan time: 134ms
D/MediaScanner(  594):     scan time: 269ms
D/MediaScanner(  594): postscan time: 308ms
D/MediaScanner(  594):    total time: 711ms
E/power   (  451): release_wake_lock g_error=2 
E/power   (  451): acquire_wake_lock g_error=2 
E/power   (  451): release_wake_lock g_error=2 
D/MediaProvider(  594): mMediaScannerReceiver - intent.getAction : android.intent.action.MEDIA_SCANNER_FINISHED
D/MediaScannerService(  594): done scanning volume external
I/MediaScannerService(  594): !@endofMediascannerservice
D/CircleMissedEventWidget(  451): received MISSED_EVENT intent !! 
D/RPC     (  451): 3000008c:00050000 received CALL.
D/RPC     (  451): 3000008c:00050000 dispatching RPC call (XID 1108, xdr 0x45b250) for callback client 3100008c:00050001.
D/RPC     (  451): 3100008c:327681 sending RPC reply (XID 1108)
D/RPC     (  451): 3000008c:00050000 sending call (XID 16).
D/RPC     (  451): 3000008c:00050000 received REPLY (XID 16), grabbing mutex to wake up client.
D/RPC     (  451): 3000008c:00050000 call success.
V/MediaProvider(  594): Resuming ThumbWorker
I/MediaProvider(  594): MediaScanner stopped!!!
E/power   (  451): acquire_wake_lock g_error=2 
D/RPC     (  451): 3000008c:00050000 received CALL.
D/RPC     (  451): 3000008c:00050000 dispatching RPC call (XID 1109, xdr 0x45b250) for callback client 3100008c:00050001.
D/RPC     (  451): 3100008c:327681 sending RPC reply (XID 1109)
E/power   (  451): release_wake_lock g_error=2 
I/ViewRoot(  561): !@FINISH DRAWING : StatusBarExpanded
I/ViewRoot(  561): !@finishDrawing is completed : StatusBarExpanded
E/power   (  451): acquire_wake_lock g_error=2 
E/power   (  451): release_wake_lock g_error=2 
D/RPC     (  451): 3000008c:00050000 sending call (XID 17).
D/RPC     (  451): 3000008c:00050000 received REPLY (XID 17), grabbing mutex to wake up client.
D/RPC     (  451): 3000008c:00050000 call success.
E/power   (  451): acquire_wake_lock g_error=2 
E/power   (  451): release_wake_lock g_error=2 
E/power   (  451): acquire_wake_lock g_error=2 
E/power   (  451): release_wake_lock g_error=2 
E/power   (  451): acquire_wake_lock g_error=2 
E/power   (  451): release_wake_lock g_error=2 
D/RPC     (  451): 3000008c:00050000 received CALL.
D/RPC     (  451): 3000008c:00050000 dispatching RPC call (XID 1110, xdr 0x45b250) for callback client 3100008c:00050001.
D/RPC     (  451): 3100008c:327681 sending RPC reply (XID 1110)
D/RPC     (  451): 3000008c:00050000 sending call (XID 18).
D/RPC     (  451): 3000008c:00050000 received REPLY (XID 18), grabbing mutex to wake up client.
D/RPC     (  451): 3000008c:00050000 call success.
D/RPC     (  451): 3000008c:00050000 received CALL.
D/RPC     (  451): 3000008c:00050000 dispatching RPC call (XID 1111, xdr 0x45b250) for callback client 3100008c:00050001.
D/RPC     (  451): 3100008c:327681 sending RPC reply (XID 1111)
D/RPC     (  451): 3000008c:00050000 sending call (XID 19).
E/power   (  451): acquire_wake_lock g_error=2 
E/power   (  451): release_wake_lock g_error=2 
D/RPC     (  451): 3000008c:00050000 received REPLY (XID 19), grabbing mutex to wake up client.
D/RPC     (  451): 3000008c:00050000 call success.
E/power   (  451): acquire_wake_lock g_error=2 
E/power   (  451): release_wake_lock g_error=2 
D/RPC     (  451): 3000008c:00050000 received CALL.
D/RPC     (  451): 3000008c:00050000 dispatching RPC call (XID 1112, xdr 0x45b250) for callback client 3100008c:00050001.
D/RPC     (  451): 3100008c:327681 sending RPC reply (XID 1112)
D/RPC     (  451): 3000008c:00050000 sending call (XID 20).
E/power   (  451): acquire_wake_lock g_error=2 
E/power   (  451): release_wake_lock g_error=2 
D/dalvikvm( 1525): GC_CONCURRENT freed 145K, 39% free 3473K/5639K, external 0K/0K, paused 1ms+2ms
E/power   (  451): acquire_wake_lock g_error=2 
E/power   (  451): release_wake_lock g_error=2 
D/RPC     (  451): 3000008c:00050000 received REPLY (XID 20), grabbing mutex to wake up client.
D/RPC     (  451): 3000008c:00050000 call success.
D/RPC     (  451): 3000008c:00050000 received CALL.
D/RPC     (  451): 3000008c:00050000 dispatching RPC call (XID 1113, xdr 0x45b250) for callback client 3100008c:00050001.
D/RPC     (  451): 3100008c:327681 sending RPC reply (XID 1113)
D/RPC     (  451): 3000008c:00050000 sending call (XID 21).
E/power   (  451): acquire_wake_lock g_error=2 
E/power   (  451): release_wake_lock g_error=2 
D/RPC     (  451): 3000008c:00050000 received REPLY (XID 21), grabbing mutex to wake up client.
D/RPC     (  451): 3000008c:00050000 call success.
E/power   (  451): acquire_wake_lock g_error=2 
D/GpsLocationProvider(  451): AutoSuplServerAddrSet complete!!!
E/power   (  451): release_wake_lock g_error=2 
E/power   (  451): acquire_wake_lock g_error=2 
E/power   (  451): release_wake_lock g_error=2 
E/power   (  451): acquire_wake_lock g_error=2 
E/power   (  451): release_wake_lock g_error=2 
D/RPC     (  451): 3000008c:00050000 received CALL.
D/RPC     (  451): 3000008c:00050000 dispatching RPC call (XID 1114, xdr 0x45b250) for callback client 3100008c:00050001.
D/RPC     (  451): 3100008c:327681 sending RPC reply (XID 1114)
D/RPC     (  451): 3000008c:00050000 sending call (XID 22).
D/RPC     (  451): 3000008c:00050000 received REPLY (XID 22), grabbing mutex to wake up client.
D/RPC     (  451): 3000008c:00050000 call success.
D/RPC     (  451): 3000008c:00050000 received CALL.
D/RPC     (  451): 3000008c:00050000 dispatching RPC call (XID 1115, xdr 0x45b250) for callback client 3100008c:00050001.
D/RPC     (  451): 3100008c:327681 sending RPC reply (XID 1115)
D/RPC     (  451): 3000008c:00050000 sending call (XID 23).
E/power   (  451): acquire_wake_lock g_error=2 
E/power   (  451): release_wake_lock g_error=2 
D/RPC     (  451): 3000008c:00050000 received REPLY (XID 23), grabbing mutex to wake up client.
D/RPC     (  451): 3000008c:00050000 call success.
E/power   (  451): acquire_wake_lock g_error=2 
E/power   (  451): release_wake_lock g_error=2 
D/GpsLocationProvider(  451): getAGpsConnectionInfo connType - 3
D/RPC     (  451): 3000008c:00050000 received CALL.
D/RPC     (  451): 3000008c:00050000 dispatching RPC call (XID 1116, xdr 0x45b250) for callback client 3100008c:00050001.
D/RPC     (  451): 3100008c:327681 sending RPC reply (XID 1116)
I/ActivityThread( 1525): Pub com.google.android.music.MusicContent: com.google.android.music.store.MusicContentProvider
I/MusicStore( 1525): Database version: 37
I/AsyncCursor1:1( 1525): Initialized for content://com.google.android.music.MusicContent/playlists, proj:_id#name, sel: 'null', args: null, order: null
E/MTPRx   ( 1448): In MtpReceiverandroid.intent.action.MEDIA_SCANNER_STARTED
W/MTPRx   ( 1448): Media scanning is started, setting media scanner status
E/MTPRx   ( 1448): file kieswifi.dat is not found
E/MTPRx   ( 1448): Battery charging. plugType = 2
E/MTPRx   ( 1448): USB charging
E/MTPRx   ( 1448): usb mode = 0
W/MTPRx   ( 1448): Phone is lockedtrue
D/dalvikvm( 1525): GC_CONCURRENT freed 250K, 38% free 3742K/6023K, external 0K/0K, paused 1ms+2ms
D/PowerManagerService(  451): setScreenOffTimeouts mKeylightDelay=6000 mDimDelay=587000 mScreenOffDelay=7000 mDimScreen=true
E/MtpService( 1448): onCreate.
D/PowerManagerService(  451): setScreenOffTimeouts mKeylightDelay=6000 mDimDelay=587000 mScreenOffDelay=7000 mDimScreen=true
I/ActivityManager(  451): Start proc com.google.android.apps.maps:LocationFriendService for broadcast com.google.android.apps.maps/com.google.googlenav.friend.reporting.LocationReportingIntentReceiver: pid=1539 uid=10072 gids={3003, 1015}
E/MtpService( 1448): onStartCommand.
W/MTPRx   ( 1448): calling native method
E/MtpService( 1448): handleMessage. msg= { what=0 when=-2ms arg1=1 obj=Intent { cmp=com.android.MtpApplication/.MtpService } }
E/MTPJNIInterface( 1448): < MTP > Registering BroadCast receiver :::::
I/System.out( 1448): noti = 2
D/        ( 1448): event handler thread is created, so set the flag
E/MTPRx   ( 1448): called native method
I/System.out( 1448): setting Media scanner status0
I/System.out( 1448): After setting Media scanner status0
E/MTPJNIInterface( 1448): In MTPJNIINterface onReceive:android.net.conn.TETHER_STATE_CHANGED
E/MTPJNIInterface( 1448): tethering status = false
W/MTPRx   ( 1448): notification from stack 1
I/System.out( 1448): Getting media scanner status0
D/CircleMissedEventWidget(  451): received MISSED_EVENT intent !! 
I/ViewRoot(  561): !@FINISH DRAWING : StatusBarExpanded
I/ViewRoot(  561): !@finishDrawing is completed : StatusBarExpanded
D/dalvikvm( 1539): GC_CONCURRENT freed 143K, 39% free 3476K/5639K, external 0K/0K, paused 1ms+1ms
D/GpsLocationProvider(  451): NTP server returned: 1333926159830 (Sun Apr 08 19:02:39 EDT 2012) reference: 42810 certainty: 159 system time offset: 883
D/RPC     (  451): 3000008c:00050000 sending call (XID 24).
E/power   (  451): acquire_wake_lock g_error=2 
E/power   (  451): release_wake_lock g_error=2 
E/power   (  451): acquire_wake_lock g_error=2 
E/power   (  451): release_wake_lock g_error=2 
D/RPC     (  451): 3000008c:00050000 received REPLY (XID 24), grabbing mutex to wake up client.
D/RPC     (  451): 3000008c:00050000 call success.
D/RPC     (  451): 3000008c:00050000 received CALL.
D/RPC     (  451): 3000008c:00050000 dispatching RPC call (XID 1117, xdr 0x45b250) for callback client 3100008c:00050001.
D/RPC     (  451): 3100008c:327681 sending RPC reply (XID 1117)
E/power   (  451): acquire_wake_lock g_error=2 
D/GpsLocationProvider(  451): xtraDownloadRequest
E/power   (  451): release_wake_lock g_error=2 
D/RPC     (  451): 3000008c:00050000 received CALL.
D/RPC     (  451): 3000008c:00050000 dispatching RPC call (XID 1118, xdr 0x45b250) for callback client 3100008c:00050001.
D/RPC     (  451): 3100008c:327681 sending RPC reply (XID 1118)
D/dalvikvm( 1539): GC_CONCURRENT freed 111K, 36% free 3874K/6023K, external 0K/0K, paused 1ms+2ms
I/ActivityManager(  451): Start proc com.google.android.apps.maps:FriendService for broadcast com.google.android.apps.maps/com.google.googlenav.friend.android.ServiceReceiver: pid=1549 uid=10072 gids={3003, 1015}
I/ActivityManager(  451): No longer want com.sec.android.app.camera (pid 1325): hidden #21
D/dalvikvm(  323): GC_EXPLICIT freed 12K, 43% free 3113K/5379K, external 0K/0K, paused 26ms
D/dalvikvm(  323): GC_EXPLICIT freed <1K, 43% free 3113K/5379K, external 0K/0K, paused 22ms
D/dalvikvm(  323): GC_EXPLICIT freed <1K, 43% free 3113K/5379K, external 0K/0K, paused 34ms
D/dalvikvm( 1549): GC_CONCURRENT freed 144K, 39% free 3475K/5639K, external 0K/0K, paused 2ms+2ms
D/dalvikvm( 1549): GC_CONCURRENT freed 111K, 36% free 3874K/6023K, external 0K/0K, paused 1ms+3ms
E/AlarmManagerService(  451): android_server_AlarmManagerService_set to type=2, 1824.793000000
V/AlarmManager(  451): Adding alarm Alarm{40b62430 type 2 com.google.android.apps.maps} at 0
I/ActivityManager(  451): No longer want com.sec.android.app.callsetting (pid 1333): hidden #21
E/com.samsung.app(  931): [MSC_Accu]>>> WeatherWidgetProvider.java:354 [0:0] onReceive@ sec.android.intent.action.HOME_PAUSE
E/com.samsung.app(  931): [MSC_Accu]>>> WidgetIdManager.java:53 [0:0] AccuWeatherClockWidgetID_Length
E/com.samsung.app(  931): [MSC_Accu]>>> WidgetIdManager.java:54 [0:0] getPrefIDs@lngth:1
E/com.samsung.app(  931): [MSC_Accu]>>> WidgetIdManager.java:60 [0:0] getPrefIDs@Ids1:4
E/com.samsung.app(  931): [MSC_Accu]>>> WeatherWidgetProvider.java:347 [0:0] refreshhandler is null!!
E/com.samsung.app( 1418): [MSC]>>> StockClock_Integration.java:235 [0:0] onReceive sec.android.intent.action.HOME_PAUSE
E/com.samsung.app( 1418): [MSC]>>> StockClock_Integration.java:241 [0:0] onReceive : no stock widget!!!
I/PhotoAppWidgetProvider( 1432): onReceive
I/PhotoAppWidgetProvider( 1432): PauseSlideShow
D/PhotoAppWidgetProvider( 1432): onReceive End
E/com.samsung.app(  931): [MSC_Accu]>>> WeatherWidgetProvider.java:354 [0:0] onReceive@ sec.android.intent.action.HOME_RESUME
E/com.samsung.app(  931): [MSC_Accu]>>> WidgetIdManager.java:53 [0:0] AccuWeatherClockWidgetID_Length
E/com.samsung.app(  931): [MSC_Accu]>>> WidgetIdManager.java:54 [0:0] getPrefIDs@lngth:1
E/com.samsung.app(  931): [MSC_Accu]>>> WidgetIdManager.java:60 [0:0] getPrefIDs@Ids1:4
E/com.samsung.app( 1418): [MSC]>>> StockClock_Integration.java:235 [0:0] onReceive sec.android.intent.action.HOME_RESUME
E/com.samsung.app( 1418): [MSC]>>> StockClock_Integration.java:241 [0:0] onReceive : no stock widget!!!
I/PhotoAppWidgetProvider( 1432): onReceive
I/PhotoAppWidgetProvider( 1432): RestartSlideShow
D/PhotoDatabaseHelper( 1432): getWidgetIdList query count : 0
D/PhotoAppWidgetProvider( 1432): onReceive End
D/DigitalClock(  975): DigitalClockAppWidget.onReceive : ACTION_HOME_RESUME is called!!
D/MobileDataStateTracker(  451): replacing old mInterfaceName (rmnet_sdio0) with rmnet_sdio0 for hipri
D/MobileDataStateTracker(  451): default Received state= CONNECTED, old= CONNECTED, reason= radioTechnologyChanged, apnTypeList= default
V/DATA    (  592): [DCT(0) ] intent received :android.intent.action.ANY_DATA_STATE
D/DATA    (  592): NETWORK_STATE_CHANGED_ACTION : data_call = 49
D/PhoneApp(  592): CONNECTED - hideDataDisconnectedRoaming()
D/Buddies--------------------------->( 1493): Service:OnReceive ACTION_HOME_RESUME called
D/CircleMissedEventWidget(  451): received MISSED_EVENT intent !! 
D/MobileDataStateTracker(  451): replacing old mInterfaceName (rmnet_sdio0) with rmnet_sdio0 for mms
V/DATA    (  592): [DCT(0) ] intent received :android.intent.action.ANY_DATA_STATE
D/DATA    (  592): NETWORK_STATE_CHANGED_ACTION : data_call = 49
D/PhoneApp(  592): CONNECTED - hideDataDisconnectedRoaming()
D/CircleMissedEventWidget(  451): received MISSED_EVENT intent !! 
D/MobileDataStateTracker(  451): replacing old mInterfaceName (rmnet_sdio0) with rmnet_sdio0 for supl
V/DATA    (  592): [DCT(0) ] intent received :android.intent.action.ANY_DATA_STATE
D/DATA    (  592): NETWORK_STATE_CHANGED_ACTION : data_call = 49
D/PhoneApp(  592): CONNECTED - hideDataDisconnectedRoaming()
D/CircleMissedEventWidget(  451): received MISSED_EVENT intent !! 
V/DATA    (  592): [DCT(0) ] intent received :android.intent.action.ANY_DATA_STATE
D/DATA    (  592): NETWORK_STATE_CHANGED_ACTION : data_call = 49
V/DATA    (  592): [DCT(0) ] intent received :android.intent.action.ANY_DATA_STATE
D/DATA    (  592): NETWORK_STATE_CHANGED_ACTION : data_call = 49
D/PhoneApp(  592): CONNECTED - hideDataDisconnectedRoaming()
D/CircleMissedEventWidget(  451): received MISSED_EVENT intent !! 
V/AlarmManager(  451): Adding alarm Alarm{40a24bd0 type 2 com.google.android.apps.maps} at 1
I/ActivityManager(  451): Start proc com.android.settings for broadcast com.android.settings/.TestingSettingsBroadcastReceiver: pid=1558 uid=1000 gids={3003, 1015, 2001, 3002, 3001, 1001, 1006}
I/Zygote  ( 1558): Zygote: pid 1558 has CALL PRIVILEGED permission, then set capability for CAP_SYS_ADMIN (21)
I/SurfaceFlinger(  451): id=11 Removed Toast idx=5 Map Size=7
D/InputTransport(  451): Input channel destroyed: name='409316a0 Toast (server)', ashmemFd=213, receivePipeFd=270, sendPipeFd=269
D/InputTransport(  592): Input channel destroyed: name='409316a0 Toast (client)', ashmemFd=98, receivePipeFd=99, sendPipeFd=100
W/WindowManager(  451): Window Window{409316a0 Toast paused=false} destroyed surface Surface(name=Toast, identity=-1, mNativeSurface=0), session Session{40d30240 uid 1001}
D/PowerManagerService(  451): releaseWakeLockLocked flags=0x0 tag=KEEP_SCREEN_ON_FLAG myUID=1000 myPID=451 myTID=579
D/SurfaceFlinger(  451): remove count:1 destroying Toast
E/DEVICE_PROVISIONED : ( 1558): DEVICE_PROVISIONED : 1
E/MTPRx   ( 1448): In MtpReceiverandroid.intent.action.MEDIA_SCANNER_FINISHED
I/ActivityManager(  451): No longer want com.sec.android.provider.badge (pid 749): hidden #21
D/BootReceiver( 1432): ACTION_MEDIA_SCANNER_FINISHED: path = /system/media
D/BootReceiver( 1432): ImageManager.hasStorage()truetrue
E/BootReceiver( 1432): Ignore first ACTION_MEDIA_SCANNER_FINISHED
I/RilSupportOnReceiveKOR(  592): Intent:android.intent.action.MEDIA_SCANNER_FINISHED
I/RilSupportBroadCastReceiverKOR(  592): ACTION_MEDIA_SCANNER_FINISHED
I/RilSupportServiceOnReceiveKOR( 1287): Intent:null
I/RilSupportServiceOnReceiveKOR( 1287): COMMAND:android.intent.action.MEDIA_SCANNER_FINISHED
I/RilSupportServiceKOR( 1287): MODEL : SAMSUNG-SGH-I717
I/RilSupportServiceKOR( 1287): Skip MEDIA_SCANNER_FINISHED_ACTION...
D/CscParser(  592): customer_path =/system/csc/customer.xml
D/CscParser(  592): others_path =/system/csc/others.xml
E/CscReceiver(  592): onReceive android.intent.action.MEDIA_SCANNER_FINISHED
I/CscReceiver(  592): handleMediaScannerFinished
D/CscReceiver(  592): Media DB Scanner finished.
E/com.samsung.app( 1418): [MSC]>>> StockClock_Integration.java:235 [0:0] onReceive com.sec.android.widgetapp.stockclock.UPDATE
E/com.samsung.app( 1418): [MSC]>>> StockClock_Integration.java:241 [0:0] onReceive : no stock widget!!!
E/MTPRx   ( 1448): In MtpReceiverandroid.intent.action.MEDIA_SCANNER_STARTED
W/MTPRx   ( 1448): Media scanning is started, setting media scanner status
E/MTPRx   ( 1448): file kieswifi.dat is not found
E/MTPRx   ( 1448): Battery charging. plugType = 2
E/MTPRx   ( 1448): USB charging
E/MTPRx   ( 1448): usb mode = 0
W/MTPRx   ( 1448): Phone is lockedtrue
E/MTPRx   ( 1448): mtp already running
I/ActivityManager(  451): Start proc com.sec.android.providers.downloads for broadcast com.sec.android.providers.downloads/.CDDownloadReceiver: pid=1568 uid=10036 gids={2001, 3003, 1015, 1001}
I/ActivityThread( 1568): Pub sisodownloads: com.sec.android.providers.downloads.CDDownloadProvider
E/com.samsung.app(  931): [MSC_Accu]>>> WeatherWidgetProvider.java:354 [0:0] onReceive@ android.net.conn.CONNECTIVITY_CHANGE
E/com.samsung.app(  931): [MSC_Accu]>>> WidgetIdManager.java:53 [0:0] AccuWeatherClockWidgetID_Length
E/com.samsung.app(  931): [MSC_Accu]>>> WidgetIdManager.java:54 [0:0] getPrefIDs@lngth:1
E/com.samsung.app(  931): [MSC_Accu]>>> WidgetIdManager.java:60 [0:0] getPrefIDs@Ids1:4
E/com.samsung.app(  931): [MSC_Accu]>>> WeatherWidgetProvider.java:688 [0:0] CnnctChng::true   ChkAftCnnct : false
E/com.samsung.app( 1418): [MSC]>>> StockClock_Integration.java:235 [0:0] onReceive android.net.conn.CONNECTIVITY_CHANGE
E/com.samsung.app( 1418): [MSC]>>> StockClock_Integration.java:241 [0:0] onReceive : no stock widget!!!
I/MediaUploader( 1455): No need to wake up
V/WifiProgressStore( 1466): WifiProgressStore Created
V/SecDownloader( 1568): CDHelpers : isNetworkRoaming: network is not roaming
V/AlarmManager(  451): Adding alarm Alarm{40c2ac58 type 0 com.google.android.gsf} at 2
I/ActivityManager(  451): Start proc com.google.android.gm for broadcast com.google.android.gm/.downloadprovider.DownloadReceiver: pid=1577 uid=10084 gids={3003, 1015}
D/ConnectivityService(  451): reportNetworkCondition(0, 0)
D/ConnectivityService(  451): Inet connectivity change, net=0, condition=0,mActiveDefaultNetwork=0
D/ConnectivityService(  451): starting a change hold
D/GTalkService(  661): [RawStanzaProvidersMgr] ##### searchProvidersFromIntent
D/GTalkService(  661): [RawStanzaProvidersMgr] no intent receivers found
I/ActivityThread( 1577): Pub gmail-ls: com.google.android.gm.provider.MailProvider
I/ActivityThread( 1577): Pub gmail-downloads: com.google.android.gm.downloadprovider.DownloadProvider
I/ActivityThread( 1577): Pub com.google.android.gm.attachmentspreviews: com.google.android.gm.AttachmentPreviewProvider
I/ActivityThread( 1577): Pub com.google.android.gmail.SuggestionProvider: com.google.android.gm.SuggestionsProvider
E/[FT]-Server( 1473): NetworkStateReceiver :intent: android.net.conn.CONNECTIVITY_CHANGE
I/Database( 1577): sqlite returned: error code = 0, msg = Recovered 5 frames from WAL file /data/data/com.google.android.gm/databases/downloads.db-wal
I/ActivityManager(  451): Start proc com.cequint.ecid for broadcast com.cequint.ecid/com.cequint.cityid.CityIdBroadcastReceiver: pid=1589 uid=10099 gids={3003, 1015}
I/ActivityManager(  451): No longer want com.android.browser (pid 1342): hidden #21
I/ActivityThread( 1589): Pub com.cequint.ecid: com.cequint.cityid.CallerIdContentProvider
I/ActivityThread( 1589): Pub com.cequint.cityid: com.cequint.cityid.CityIdContentProvider
D/        ( 1448): written string MTP into file /sys/devices/platform/android_usb
D/CityIdBroadcastReceiver( 1589): Received connectivity change event
D/LicenseRequestService( 1589): Received retry_all event
E/DEVICE_PROVISIONED : ( 1558): DEVICE_PROVISIONED : 1
D/DATA    (  592): [DSST(0)] pollstate() : reason = data network state changed
D/DATA    (  592): [DSST(0)] pollstate() : reason = data network state changed
V/DATA    (  592): [DCT(0) ] onDataCallListChanged:
V/DATA    (  592): [DCT(0) ] ---dc state list---
V/DATA    (  592): [DCT(0) ] DataCallState: { cid: 0, active: 2, type: , apn: pta, address: 10.41.23.4 }
V/DATA    (  592): [DCT(0) ] ---dc list---
V/DATA    (  592): [DCT(0) ] cid = 0, state = DcActiveState, bearerType = IP, ipaddress = 10.41.23.4, gw=10.41.23.5, dns=[172.26.38.1, 172.26.38.2]
D/DATA    (  592): [DSST(0)] Poll ServiceState done: oldSS=[0 home null null null  HSPA CSS not supported -1 -1RoamInd: -1DefRoamInd: -1EmergOnly: false] newSS=[0 home null null null  UMTS CSS not supported -1 -1RoamInd: -1DefRoamInd: -1EmergOnly: false]
W/EDM     (  451):  >>> CallingPolicyService.mPhoneListener.new PhoneStateListener() {...}.onServiceStateChanged()
W/EDM     (  451): >>> CallingPolicyService.loadSettings()
W/EDM     (  451): >>> CallingPolicyService.getAdminIdByLastChange()
W/EDM     (  451): >>> CallingPolicyService.getLastChangeId()
W/EDM     (  451): CallingPolicyService.getAdminIdByLastChange() adminId : -1
D/DATA    (  592): mMasterDataEnabled=true,isUsePacketData=true
I/TelephonyRegistry(  451): notifyServiceState: 0 home AT&T AT&T 310410  UMTS CSS not supported -1 -1RoamInd: -1DefRoamInd: -1EmergOnly: false
D/FlightSettingButton(  561): EVENT_SERVICE_STATE_CHANGED received
E/FlightSettingButton(  561): updateStatus : 0
D/DATA    (  592): mMasterDataEnabled=true,isUsePacketData=true
I/TetheringManagerService( 1362): Network is 3G
I/SML     (  731): V1.1112.5.1 [smlPhoneStatus.java Line:70] [onServiceStateChanged] onServiceStateChanged nNetwork =3
D/DATA    (  592):  notifyDataConnection Pass INET6 >>> Fix me later please!!
I/SML     (  731): V1.1112.5.1 [smlPhoneStatus.java Line:71] [onServiceStateChanged] onServiceStateChanged bRoming =false
D/DATA    (  592): mMasterDataEnabled=true,isUsePacketData=true
I/TelephonyRegistry(  451): notifyDataConnection: anyState=2,default/INET,apnTypeState=2,iface=rmnet_sdio0,ip=10.41.23.4,gw=10.41.23.5,isDataConnectivityPossible=true,networkType=3,reason=radioTechnologyChanged
I/TelephonyRegistry(  451): notifyDataConnection: anyState=2,mms/INET,apnTypeState=2,iface=rmnet_sdio0,ip=10.41.23.4,gw=10.41.23.5,isDataConnectivityPossible=true,networkType=3,reason=radioTechnologyChanged
D/DATA    (  592):  notifyDataConnection Pass INET6 >>> Fix me later please!!
D/DATA    (  592): mMasterDataEnabled=true,isUsePacketData=true
D/DATA    (  592):  notifyDataConnection Pass INET6 >>> Fix me later please!!
D/DATA    (  592): mMasterDataEnabled=true,isUsePacketData=true
D/DATA    (  592):  notifyDataConnection Pass INET6 >>> Fix me later please!!
D/DATA    (  592): mMasterDataEnabled=true,isUsePacketData=true
I/TelephonyRegistry(  451): notifyDataConnection: anyState=2,supl/INET,apnTypeState=2,iface=rmnet_sdio0,ip=10.41.23.4,gw=10.41.23.5,isDataConnectivityPossible=true,networkType=3,reason=radioTechnologyChanged
I/TelephonyRegistry(  451): notifyDataConnection: anyState=2,dun/INET,apnTypeState=0,iface=null,ip=null,gw=null,isDataConnectivityPossible=true,networkType=3,reason=radioTechnologyChanged
I/TelephonyRegistry(  451): notifyDataConnection: anyState=2,hipri/INET,apnTypeState=2,iface=rmnet_sdio0,ip=10.41.23.4,gw=10.41.23.5,isDataConnectivityPossible=true,networkType=3,reason=radioTechnologyChanged
D/DATA    (  592):  notifyDataConnection Pass INET6 >>> Fix me later please!!
V/DATA    (  592): [DCT(0) ] onUpdateDataConnections: reason=radioTechnologyChanged
V/DATA    (  592): [DCT(0) ] ---dc list---
V/DATA    (  592): [DCT(0) ] cid = 0, state = DcActiveState, bearerType = IP, ipaddress = 10.41.23.4, gw=10.41.23.5, dns=[172.26.38.1, 172.26.38.2]
V/DATA    (  592): [DCT(0) ] ---ds list---
V/DATA    (  592): [DCT(0) ] ds= SERVICE_TYPE_DEFAULT, enabled = true, active = v4:CONNECTED(0) v6:IDLE
V/DATA    (  592): [DCT(0) ] ds= SERVICE_TYPE_MMS, enabled = false, active = v4:CONNECTED(0) v6:IDLE
V/DATA    (  592): [DCT(0) ] ds= SERVICE_TYPE_SUPL, enabled = false, active = v4:CONNECTED(0) v6:IDLE
V/DATA    (  592): [DCT(0) ] ds= SERVICE_TYPE_DUN, enabled = false, active = v4:IDLE v6:IDLE
V/DATA    (  592): [DCT(0) ] ds= SERVICE_TYPE_HIPRI, enabled = false, active = v4:CONNECTED(0) v6:IDLE
D/DATA    (  592): mMasterDataEnabled=true,isUsePacketData=true
I/DATA    (  592): [DCT(0) ] Ready for data : 
I/DATA    (  592): [DCT(0) ]    getDesiredPowerState() = true
I/DATA    (  592): [DCT(0) ]    mCm.getRadioState() = RADIO_ON
I/DATA    (  592): [DCT(0) ]    [DataRadioTech = RADIO_TECH_UMTS, data network state = 0, mMasterDataEnabled = true, is Roaming = false, dataOnRoamingEnable = false, isPsRestricted = false, desiredPowerState  = true, mSIMRecords = true/310410, cdmaSubSource = 1/, mRuimRecords = , checks = true/true]
V/DATA    (  592): [DCT(0) ] trySetupDataCall : ds=SERVICE_TYPE_DEFAULT, ipv=INET6, reason=radioTechnologyChanged
W/DATA    (  592): [DCT(0) ] no working data profile available to establish service type SERVICE_TYPE_DEFAULTon INET6
D/DATA    (  592):  notifyDataConnection Pass INET6 >>> Fix me later please!!
E/MTPJNIInterface( 1448): Status for mount/Unmount :removed
E/MTPJNIInterface( 1448): SDcard is not available
D/        (  321): multiclient_server_accept() START
D/        (  321): multiclient_server_accept() START fd=37
D/        (  321): new multi client connection=37
D/        (  321): add_multiclient_fd:
D/        (  321): add_multiclient_fd: i=0 info->client_info[i].fd=29
D/        (  321): add_multiclient_fd: i=1 info->client_info[i].fd=0
D/        (  321): info->client_info[i].fd=0
D/        (  321): handle_multiclient:
D/        (  321): set_multiclient_max_fd:
D/        (  321): set_multiclient_max_fd: maxfd=37
D/        (  321): set_multiclient_fd_set:
D/        (  321): set_multiclient_fd_set: fd=29
D/        (  321): set_multiclient_fd_set: fd=37
D/        (  321): handle_multiclient:
D/        (  321): handle_multiclient: fd[1]=37
D/        (  321): process_multiclient:
D/        (  321): set_multiclient_max_fd:
D/        (  321): set_multiclient_max_fd: maxfd=37
D/        (  321): set_multiclient_fd_set:
D/        (  321): set_multiclient_fd_set: fd=29
D/        (  321): set_multiclient_fd_set: fd=37
D/        (  321): handle_multiclient:
D/        (  321): handle_multiclient: fd[1]=37
D/        (  321): process_multiclient:
D/        (  321): processBuffer:
D/        (  321): processBuffer: request[59], token[0x20ac0], datalen[4]
V/AlarmManager(  451): Adding alarm Alarm{40c03b80 type 2 com.google.android.location} at 2
D/        (  321): set_multiclient_max_fd:
D/        (  321): set_multiclient_max_fd: maxfd=37
D/        (  321): set_multiclient_fd_set:
D/        (  321): set_multiclient_fd_set: fd=29
D/        (  321): set_multiclient_fd_set: fd=37
V/Mms/DownloadManager(  741): Service state changed: Bundle[mParcelledData.dataSize=644]
V/Mms/DownloadManager(  741): roaming ------> false
V/Mms/DownloadManager(  741): auto download without roaming -> true
V/Mms/DownloadManager(  741): auto download during roaming -> true
V/Mms/DownloadManager(  741): mAutoDownload ------> true
E/MTPRx   ( 1448): In MtpReceiverandroid.intent.action.MEDIA_SCANNER_FINISHED
D/MediaScannerReceiver(  594): onReceive : EXTERNAL scan FINISHED.
D/BootReceiver( 1432): ACTION_MEDIA_SCANNER_FINISHED: path = /mnt/sdcard
D/BootReceiver( 1432): ImageManager.hasStorage()truetrue
V/AlarmManager(  451): Adding alarm Alarm{40c08e08 type 2 com.google.android.apps.maps} at 5
D/        (  321): RIL_onMultiClientRequestComplete +++
D/        (  321): RIL_onMultiClientRequestComplete ---
D/        (  321): handle_multiclient:
D/        (  321): handle_multiclient: fd[1]=37
D/        (  321): process_multiclient:
W/        (  321): process_multiclient(): EOS. multi client socket(37), errno:11
D/        (  321): remove_multiclient_fd:
D/        (  321): set_multiclient_max_fd:
D/        (  321): set_multiclient_max_fd: maxfd=29
D/        (  321): set_multiclient_fd_set:
D/        (  321): set_multiclient_fd_set: fd=29
E/MTPJNIInterface( 1448): Status for mount/Unmount :removed
E/MTPJNIInterface( 1448): SDcard is not available
W/MTPRx   ( 1448): notification from stack 2
D/        ( 1448): [mtp_init_device] Going to open(): /dev/usb_mtp_gadget
E/        ( 1448): [mtp_init_device]  After open the MTP fd = 42 and line = 626...
D/        ( 1448): [mtp_init_device] IOCTL SET_MTP_USER_PID Sucesss 
D/        ( 1448): [mtp_init_device] b4 calling MTP_ONLY_ENABLE  ioctl coneect to host
D/dalvikvm(  451): GC_CONCURRENT freed 1902K, 41% free 8251K/13767K, external 26240K/34240K, paused 3ms+6ms
D/GTalkService(  661): ##### Network broadcast (connected=true) type=mobile, state=CONNECTED
E/DataRouter(  332): After the usb select 
E/DataRouter(  332): Before checking the modem suspend state 
E/DataRouter(  332): PDP is resumed now
E/DataRouter(  332): After checking the modem suspend state 
E/DataRouter(  332): read length is zero
E/DataRouter(  332): +
E/DataRouter(  332): -
E/DataRouter(  332): +
E/DataRouter(  332): USB Interface is open with 0x0
E/DataRouter(  332): USB interface is now configured for usb_fd = 0x0
E/DataRouter(  332): -
E/DataRouter(  332): pcsyncpathreset is called 
E/DataRouter(  332): Before the usb select 
I/Vold    (  317): NetlinkHandler::onEvent ->[switch] from uevent
D/Vold    (  317): VolumeManager::handleSwitchEvent -> Changed USB status SWITCH_NAME(MSM72K_UDC),SWITCH_STATE(offline) 
W/Vold    (  317): Ignoring unknown switch 'MSM72K_UDC'
I/RilSupportOnReceiveKOR(  592): Intent:android.intent.action.MEDIA_SCANNER_FINISHED
I/RilSupportBroadCastReceiverKOR(  592): ACTION_MEDIA_SCANNER_FINISHED
I/RilSupportServiceOnReceiveKOR( 1287): Intent:null
I/RilSupportServiceOnReceiveKOR( 1287): COMMAND:android.intent.action.MEDIA_SCANNER_FINISHED
I/RilSupportServiceKOR( 1287): MODEL : SAMSUNG-SGH-I717
I/RilSupportServiceKOR( 1287): Skip MEDIA_SCANNER_FINISHED_ACTION...
D/CscParser(  592): customer_path =/system/csc/customer.xml
I/CacheService( 1432): Starting CacheService
D/CacheService( 1432): Locale [en_US]
D/CscParser(  592): others_path =/system/csc/others.xml
E/CscReceiver(  592): onReceive android.intent.action.MEDIA_SCANNER_FINISHED
I/CscReceiver(  592): handleMediaScannerFinished
D/CscReceiver(  592): Media DB Scanner finished.
I/TIMECHECK( 1432): START thumbnails.
I/CacheService( 1432): Refreshing cache.
D/dalvikvm(  592): GC_CONCURRENT freed 355K, 37% free 4465K/7047K, external 32K/1312K, paused 2ms+3ms
I/Database(  594): sqlite returned: error code = 1, msg = no such column: album_artist
E/DatabaseUtils(  594): Writing exception to parcel
E/DatabaseUtils(  594): android.database.sqlite.SQLiteException: no such column: album_artist: , while compiling: SELECT _id, album, artist, composer, date_added, duration, mime_type, _size, title, track, year, album_id, album_artist FROM audio WHERE ((is_music=1 OR is_podcast=1)  AND (date_added >=?  OR date_modified >=?  )) ORDER BY date_added
E/DatabaseUtils(  594): 	at android.database.sqlite.SQLiteCompiledSql.native_compile(Native Method)
E/DatabaseUtils(  594): 	at android.database.sqlite.SQLiteCompiledSql.compile(SQLiteCompiledSql.java:92)
E/DatabaseUtils(  594): 	at android.database.sqlite.SQLiteCompiledSql.<init>(SQLiteCompiledSql.java:65)
E/DatabaseUtils(  594): 	at android.database.sqlite.SQLiteProgram.<init>(SQLiteProgram.java:83)
E/DatabaseUtils(  594): 	at android.database.sqlite.SQLiteQuery.<init>(SQLiteQuery.java:49)
E/DatabaseUtils(  594): 	at android.database.sqlite.SQLiteDirectCursorDriver.query(SQLiteDirectCursorDriver.java:42)
E/DatabaseUtils(  594): 	at android.database.sqlite.SQLiteDatabase.rawQueryWithFactory(SQLiteDatabase.java:1497)
E/DatabaseUtils(  594): 	at android.database.sqlite.SQLiteQueryBuilder.query(SQLiteQueryBuilder.java:330)
E/DatabaseUtils(  594): 	at com.android.providers.media.MediaProvider.query(MediaProvider.java:3140)
E/DatabaseUtils(  594): 	at android.content.ContentProvider$Transport.bulkQuery(ContentProvider.java:174)
E/DatabaseUtils(  594): 	at android.content.ContentProviderNative.onTransact(ContentProviderNative.java:111)
E/DatabaseUtils(  594): 	at android.os.Binder.execTransact(Binder.java:320)
E/DatabaseUtils(  594): 	at dalvik.system.NativeStart.run(Native Method)
W/MediaStoreImporter( 1525): Current system does not support album artist tag
V/WifiProgressStore( 1525): WifiProgressStore Created
W/DiskCache( 1432): rename to = /mnt/sdcard/Android/data/com.cooliris.media/cache/local-album-cache/index
I/CacheService( 1432): Building albums.
D/MobileDataStateTracker(  451): replacing old mInterfaceName (rmnet_sdio0) with rmnet_sdio0 for hipri
E/dalvikvm( 1525): Could not find class 'android.app.Notification$Builder', referenced from method com.google.android.music.MusicPlaybackService.alertFailureIfNecessary
W/dalvikvm( 1525): VFY: unable to resolve new-instance 20 (Landroid/app/Notification$Builder;) in Lcom/google/android/music/MusicPlaybackService;
D/dalvikvm( 1525): VFY: replacing opcode 0x22 at 0x003b
D/dalvikvm( 1525): VFY: dead code 0x003d-0073 in Lcom/google/android/music/MusicPlaybackService;.alertFailureIfNecessary (I)V
D/MobileDataStateTracker(  451): default Received state= CONNECTED, old= CONNECTED, reason= radioTechnologyChanged, apnTypeList= default
V/DATA    (  592): [DCT(0) ] intent received :android.intent.action.ANY_DATA_STATE
D/DATA    (  592): NETWORK_STATE_CHANGED_ACTION : data_call = 49
D/PhoneApp(  592): CONNECTED - hideDataDisconnectedRoaming()
D/CircleMissedEventWidget(  451): received MISSED_EVENT intent !! 
D/MobileDataStateTracker(  451): replacing old mInterfaceName (rmnet_sdio0) with rmnet_sdio0 for mms
V/DATA    (  592): [DCT(0) ] intent received :android.intent.action.ANY_DATA_STATE
D/DATA    (  592): NETWORK_STATE_CHANGED_ACTION : data_call = 49
D/PhoneApp(  592): CONNECTED - hideDataDisconnectedRoaming()
D/CircleMissedEventWidget(  451): received MISSED_EVENT intent !! 
D/MobileDataStateTracker(  451): replacing old mInterfaceName (rmnet_sdio0) with rmnet_sdio0 for supl
I/Vold    (  317): NetlinkHandler::onEvent ->[switch] from uevent
D/Vold    (  317): VolumeManager::handleSwitchEvent -> Changed USB status SWITCH_NAME(MSM72K_UDC),SWITCH_STATE(online) 
W/Vold    (  317): Ignoring unknown switch 'MSM72K_UDC'
V/DATA    (  592): [DCT(0) ] intent received :android.intent.action.ANY_DATA_STATE
D/DATA    (  592): NETWORK_STATE_CHANGED_ACTION : data_call = 49
D/CacheService( 1432): Album Cache delete all
D/PhoneApp(  592): CONNECTED - hideDataDisconnectedRoaming()
D/dalvikvm( 1525): GC_CONCURRENT freed 242K, 37% free 3988K/6279K, external 0K/0K, paused 1ms+4ms
D/AlarmReceiver( 1317): mHandler.postDelayed(new Runnable() {
D/CircleMissedEventWidget(  451): received MISSED_EVENT intent !! 
V/DATA    (  592): [DCT(0) ] intent received :android.intent.action.ANY_DATA_STATE
D/DATA    (  592): NETWORK_STATE_CHANGED_ACTION : data_call = 49
V/DATA    (  592): [DCT(0) ] intent received :android.intent.action.ANY_DATA_STATE
D/DATA    (  592): NETWORK_STATE_CHANGED_ACTION : data_call = 49
D/PhoneApp(  592): CONNECTED - hideDataDisconnectedRoaming()
D/CircleMissedEventWidget(  451): received MISSED_EVENT intent !! 
D/dalvikvm( 1525): GC_EXTERNAL_ALLOC freed 33K, 37% free 3973K/6279K, external 0K/0K, paused 34ms
W/DiskCache( 1432): rename to = /mnt/sdcard/Android/data/com.cooliris.media/cache/local-album-cache/index
I/CacheService( 1432): Done building albums.
I/CacheService( 1432): Preparing DiskCache for all thumbnails.
D/DiskCacheSEC( 1432): [SE Lab.] index file will be loaded..
W/DiskCacheSEC( 1432): loadIndex /mnt/sdcard/Android/data/com.cooliris.media/cache/local-image-thumbs/index
V/DiskCacheSEC( 1432): [SE Lab.] disk infomation read done ...
V/DiskCacheSEC( 1432): Found 0 chunk files for /mnt/sdcard/Android/data/com.cooliris.media/cache/local-image-thumbs/
W/DiskCacheSEC( 1432): enter writeIndex 0
W/DiskCacheSEC( 1432): Create TempFile = /sdcard/DiskCacheIndex1887749236.tmp
V/DiskCacheSEC( 1432): [SE Lab.] writeindex(): id= 1054283503 / mntTime= 1333926160560
D/DiskCacheSEC( 1432): Wrote index with 0 records.
I/MediaStoreImporter( 1525): Update: incremental Added music: 0 Updated music: 0 Deleted music: 0 Created playlists: 0 Updated playlists: 0 Deleted playlists: 0 Inserted playlist items: 0 Deleted playlist items: 0 Removed orphaned playlist items: 0
W/DiskCacheSEC( 1432): rename to = /mnt/sdcard/Android/data/com.cooliris.media/cache/local-image-thumbs/index
I/TIMECHECK( 1432): END thumbnails.
I/AudioService(  451):  AudioFocus  abandonAudioFocus() from android.media.AudioManager@4062d778com.google.android.music.MusicPlaybackService$8@4062d578
I/ActivityManager(  451): No longer want com.sec.android.app.popupuireceiver (pid 1411): hidden #21
D/GpsLocationProvider(  451): calling native_inject_xtra_data
E/power   (  451): acquire_wake_lock g_error=2 
E/power   (  451): release_wake_lock g_error=