D/DATA    (  592): [DSST(0)] Poll ServiceState done: oldSS=[0 home null null null  HSPA CSS not supported -1 -1RoamInd: -1DefRoamInd: -1EmergOnly: false] newSS=[0 home null null null  UMTS CSS not supported -1 -1RoamInd: -1DefRoamInd: -1EmergOnly: false]
W/EDM     (  451):  >>> CallingPolicyService.mPhoneListener.new PhoneStateListener() {...}.onServiceStateChanged()
W/EDM     (  451): >>> CallingPolicyService.loadSettings()
W/EDM     (  451): >>> CallingPolicyService.getAdminIdByLastChange()
W/EDM     (  451): >>> CallingPolicyService.getLastChangeId()
W/EDM     (  451): CallingPolicyService.getAdminIdByLastChange() adminId : -1
D/DATA    (  592): mMasterDataEnabled=true,isUsePacketData=true
D/DATA    (  592): [DSST(0)] checkRadioTechChangeInUmts() : oldTech=RADIO_TECH_UNKNOWN, newTech=RADIO_TECH_UNKNOWN
V/DATA    (  592): [DCT(0) ] Under 3G, RAT change between HSxPA and UMTS is useless if no data connection.
V/Mms/DownloadManager(  741): Service state changed: Bundle[mParcelledData.dataSize=644]
D/FlightSettingButton(  561): EVENT_SERVICE_STATE_CHANGED received
E/FlightSettingButton(  561): updateStatus : 0
I/TelephonyRegistry(  451): notifyServiceState: 0 home AT&T AT&T 310410  UMTS CSS not supported -1 -1RoamInd: -1DefRoamInd: -1EmergOnly: false
V/Mms/DownloadManager(  741): roaming ------> false
V/Mms/DownloadManager(  741): auto download without roaming -> true
V/Mms/DownloadManager(  741): auto download during roaming -> true
V/Mms/DownloadManager(  741): mAutoDownload ------> true
I/SML     (  731): V1.1112.5.1 [smlPhoneStatus.java Line:70] [onServiceStateChanged] onServiceStateChanged nNetwork =3
I/SML     (  731): V1.1112.5.1 [smlPhoneStatus.java Line:71] [onServiceStateChanged] onServiceStateChanged bRoming =false
D/PowerNotiReceiver(  673): enableMode=false
D/SocialHub( 1125): [BadgeManager] updateBadgeValue() >> Badge Count = 0
D/SocialHubService( 1125): [SocialHubService] onCreate() >> Service is created
E/SocialHubService( 1125): [SocialHubService] onStartCommand() >> com.sec.android.socialhub.SERVICE_START
D/PowerNotiReceiver(  673): maximumpowersavingmode=false
I/SecHardwareInterface(  673): setPowerSaveCPUFreq (false)
I/SecHardwareInterface(  673): setPowerSaveFPS (false)
D/PowerManagerService(  451): setSystemPowerSaveMode is called: false
D/SocialHubService( 1125): [SocialHubSnsHandler] checkServiceConnection() >> bIsReqConnected - false, bIsSvcConnected - true
I/SocialHubService( 1125): [SocialHubSnsHandler] onServiceConnected() >> mService connected.
I/PowerManagerService(  451): Ulight 3->3|3
I/ActivityManager(  451): Start proc com.sec.android.providers.downloads for broadcast com.sec.android.providers.downloads/.CDDownloadReceiver: pid=1148 uid=10036 gids={2001, 3003, 1015, 1001}
D/SocialHubService( 1125): [SocialHubSnsHandler] checkServiceConnection() >> bIsReqConnected - true, bIsSvcConnected - true
I/SocialHubService( 1125): [SocialHubSnsHandler] onServiceConnected() >> mRequester connected. connection - 1
D/SocialHubService( 1125): [RequestDBSyncCommand] doInBackground() >> executed
D/SocialHubService( 1125): [RequestDBSyncCommand] doSyncEmail() >> START
I/ActivityManager(  451): Start proc com.android.email for content provider com.android.email/.provider.EmailProvider: pid=1154 uid=10091 gids={3003, 3002, 1015, 1001}
D/Launcher(  637): about to setAppWidget for id=4, info=AppWidgetProviderInfo(provider=ComponentInfo{com.sec.android.widgetapp.weatherclock/com.sec.android.widgetapp.weatherclock.WeatherWidgetProvider})
I/ActivityThread( 1148): Pub sisodownloads: com.sec.android.providers.downloads.CDDownloadProvider
E/com.samsung.app(  931): [MSC_Accu]>>> WeatherWidgetProvider.java:354 [0:0] onReceive@ android.intent.action.BOOT_COMPLETED
E/com.samsung.app(  931): [MSC_Accu]>>> WidgetIdManager.java:53 [0:0] AccuWeatherClockWidgetID_Length
E/com.samsung.app(  931): [MSC_Accu]>>> WidgetIdManager.java:54 [0:0] getPrefIDs@lngth:1
E/com.samsung.app(  931): [MSC_Accu]>>> WidgetIdManager.java:60 [0:0] getPrefIDs@Ids1:4
E/com.samsung.app(  955): [MSC]>>> BootCompleteReceiver.java:17 [0:0] ACTION_BOOT_COMPLETE:android.intent.action.BOOT_COMPLETED
I/ActivityManager(  451): Start proc com.sec.android.app.samsungapps.una2 for broadcast com.sec.android.app.samsungapps.una2/.BootCompleteReceiver: pid=1163 uid=10041 gids={3003, 1006}
W/PowerManagerService(  451): Timer 0x3->0x3|0x0
D/dalvikvm(  637): GC_EXTERNAL_ALLOC freed 76K, 42% free 3938K/6727K, external 14947K/14977K, paused 84ms
I/ActivityThread( 1163): Pub com.sec.astore.unaservice2: com.sec.android.app.samsungapps.una2.db.DBProvider
I/UNA     ( 1163): [UNA VersionName : 2.0.21]
V/UNA     ( 1163): [Now] :19:2:26
D/UNA     ( 1163): [RegisterRepeatingAlarmTime] Input interval Time (MIN)= 1440
D/dalvikvm( 1154): GC_CONCURRENT freed 145K, 39% free 3473K/5639K, external 0K/0K, paused 1ms+3ms
D/UNA     ( 1163): [RegisterRepeatingAlarmTime] interval Time: 86400000
W/UNA     ( 1163): starttime : 30021
W/UNA     ( 1163): [Boot up,starttime] starttime : 210021
E/AlarmManagerService(  451): android_server_AlarmManagerService_set to type=3, 210.021000000
V/AlarmManager(  451): Adding alarm Alarm{40954a90 type 3 com.sec.android.app.samsungapps.una2} at 0
I/ActivityManager(  451): Start proc com.sec.android.widgetapp.diotek.smemo for broadcast com.sec.android.widgetapp.diotek.smemo/com.sec.android.widgetapp.q1_penmemo.SDCardDetectedReceiver: pid=1171 uid=10044 gids={1015, 3003}
I/ActivityThread( 1154): Pub com.android.exchange.provider: com.android.exchange.provider.ExchangeProvider
I/ActivityThread( 1154): Pub com.android.email.provider: com.android.email.provider.EmailProvider
I/ActivityThread( 1154): Pub com.android.email.attachmentprovider: com.android.email.provider.AttachmentProvider
D/AccountSetupCustomer( 1154): filePath: /system/csc/customer.xml
I/ActivityThread( 1171): Pub com.sec.android.widgetapp.q1_penmemo: com.sec.android.widgetapp.q1_penmemo.PenMemoProvider
I/[DIOTEK]( 1171): open
D/AccountSetupCustomer( 1154): filePath: /system/csc/customer.xml
D/Launcher(  637): about to setAppWidget for id=3, info=AppWidgetProviderInfo(provider=ComponentInfo{com.sec.android.widgetapp.digitalclock/com.sec.android.widgetapp.digitalclock.DigitalClockWidgetProvider})
E/DIOTEK/DRAW( 1171): StrokeSpriteCacheBuilder : cacheDirectory is null
D/DATA    (  592): [DSST(0)] pollstate() : reason = data network state changed
D/EAS SyncManager( 1154): !!! EAS SyncManager, onCreate
D/dalvikvm( 1171): GC_EXTERNAL_ALLOC freed 145K, 40% free 3377K/5575K, external 0K/0K, paused 41ms
D/dalvikvm(  637): GC_EXTERNAL_ALLOC freed 140K, 39% free 4104K/6727K, external 14910K/15033K, paused 57ms
D/dalvikvm( 1154): GC_CONCURRENT freed 267K, 40% free 3622K/5959K, external 0K/0K, paused 2ms+2ms
D/dalvikvm( 1171): GC_EXTERNAL_ALLOC freed 3K, 40% free 3374K/5575K, external 1K/1280K, paused 46ms
D/DATA    (  592): [DSST(0)] Poll ServiceState done: oldSS=[0 home null null null  UMTS CSS not supported -1 -1RoamInd: -1DefRoamInd: -1EmergOnly: false] newSS=[0 home null null null  UMTS CSS not supported -1 -1RoamInd: -1DefRoamInd: -1EmergOnly: false]
I/Database( 1154): sqlite returned: error code = 0, msg = Recovered 45 frames from WAL file /data/data/com.android.email/databases/EmailProvider.db-wal
D/dalvikvm( 1171): GC_EXTERNAL_ALLOC freed <1K, 40% free 3374K/5575K, external 3455K/4315K, paused 48ms
I/Database( 1154): sqlite returned: error code = 0, msg = Recovered 6 frames from WAL file /data/data/com.android.email/databases/EmailProviderBody.db-wal
D/dalvikvm( 1171): GC_EXTERNAL_ALLOC freed <1K, 40% free 3374K/5575K, external 6910K/8629K, paused 50ms
D/dalvikvm(  451): GC_EXPLICIT freed 403K, 42% free 7992K/13767K, external 26240K/34240K, paused 72ms
D/dalvikvm(  637): GC_EXTERNAL_ALLOC freed 77K, 40% free 4079K/6727K, external 16136K/16362K, paused 64ms
D/dalvikvm( 1171): GC_EXTERNAL_ALLOC freed <1K, 40% free 3374K/5575K, external 10364K/12412K, paused 33ms
E/DIOTEK/DRAW( 1171): setCacheDirectory : (/mnt/sdcard/android/data/com.sec.android.widgetapp.diotek.smemo/cache)
E/DIOTEK/DRAW( 1171): setSerializationDirectory : (/mnt/sdcard/android/data/com.sec.android.widgetapp.diotek.smemo/serial)
E/DIOTEK/DRAW( 1171): StrokeSpriteCacheBuilder : cacheDirectory is null
D/Launcher(  637): about to setAppWidget for id=1, info=AppWidgetProviderInfo(provider=ComponentInfo{com.att.featuredapps.handset/com.att.featuredapps.widget.PromoWidgetHandset})
I/[DIOTEK]( 1171): ACTION_BOOT_COMPLETED
E/ActivityThread( 1154): Failed to find provider info for com.seven.provider.email
D/SevenSyncProvider( 1154): SEVEN ACCOUNT select start
D/SevenSyncProvider( 1154): SEVEN ACCOUNT select end
D/EmailProvider( 1154): savenCount = 0
I/EmailProvider( 1154): saven Account Delete Start
E/Database(  749): Error inserting package=com.android.email class=com.android.email.activity.Welcome badgecount=0
E/Database(  749): android.database.sqlite.SQLiteConstraintException: error code 19: constraint failed
E/Database(  749): 	at android.database.sqlite.SQLiteStatement.native_execute(Native Method)
E/Database(  749): 	at android.database.sqlite.SQLiteStatement.execute(SQLiteStatement.java:61)
E/Database(  749): 	at android.database.sqlite.SQLiteDatabase.insertWithOnConflict(SQLiteDatabase.java:1723)
E/Database(  749): 	at android.database.sqlite.SQLiteDatabase.insert(SQLiteDatabase.java:1567)
E/Database(  749): 	at com.sec.android.provider.badge.BadgeProvider.insert(BadgeProvider.java:73)
E/Database(  749): 	at android.content.ContentProvider$Transport.insert(ContentProvider.java:198)
E/Database(  749): 	at android.content.ContentProviderNative.onTransact(ContentProviderNative.java:146)
E/Database(  749): 	at android.os.Binder.execTransact(Binder.java:320)
E/Database(  749): 	at dalvik.system.NativeStart.run(Native Method)
D/Email   ( 1154): BadgeManager	[insertBadgeProvider]
D/Email   ( 1154): BadgeManager	getCountofAccounts, total email count: 0
D/Launcher(  637): about to setAppWidget for id=2, info=AppWidgetProviderInfo(provider=ComponentInfo{com.facebook.katana/com.facebook.katana.FacebookWidgetProvider})
I/dalvikvm( 1171): Could not find method android.os.PowerManager.setTspConfigforMemo, referenced from method com.diotek.q1_penmemo.utils.Utils.setTspSetting
W/dalvikvm( 1171): VFY: unable to resolve virtual method 535: Landroid/os/PowerManager;.setTspConfigforMemo (I)V
D/dalvikvm( 1171): VFY: replacing opcode 0x6e at 0x000c
D/SocialHubService( 1125): [SocialHubService] onChange() >> Badge Provider is changed!!
D/Launcher(  637): about to setAppWidget for id=5, info=AppWidgetProviderInfo(provider=ComponentInfo{com.google.android.googlequicksearchbox/com.google.android.googlequicksearchbox.SearchWidgetProvider})
D/Email   ( 1154): BadgeManager	[updateBadgeProvider] - cnt : 0
D/dalvikvm(  637): GC_EXTERNAL_ALLOC freed 162K, 40% free 4074K/6727K, external 16732K/17726K, paused 34ms
D/dalvikvm(  637): GC_EXTERNAL_ALLOC freed 18K, 40% free 4062K/6727K, external 19773K/19780K, paused 28ms
E/Email   ( 1154): setActivePoliciesAtSystemProperties()
D/PoliciesMultiplexer( 1154): update
D/PoliciesMultiplexer( 1154): getAllPolicies
D/PoliciesMultiplexer( 1154): grouping policies by name
D/PoliciesMultiplexer( 1154): grouped policies by name
D/PoliciesMultiplexer( 1154): finding the strongest policies
D/PoliciesMultiplexer( 1154): found the strongest policies
D/PoliciesMultiplexer( 1154): applying policies to the device
E/Email   ( 1154): setActivePoliciesAtSystemProperties() : no policy exists case : dpm.setAllowCamera : true
D/AccountBackupRestore( 1154): FileName[0]=AndroidMail.Main.xml
D/AccountBackupRestore( 1154): Preference File List End
E/DevicePolicyManagerService(  451): setAllowCamera() : admin is null. set systemproperties.dpm.allowcamera : true
I/SocialHubService( 1125): [RequestDBSyncCommand] doSyncEmail() >> END (no email messages)
E/Email   ( 1154): >>> Preference	new Account[] {}
W/UinboxProvider( 1102): [UinboxProvider] getDatabase() >> start get DB
D/Eas Debug( 1154): Logging: 
D/EAS SyncManager( 1154): !!! EAS SyncManager, onDestroy
D/SocialHub( 1125): [BadgeManager] updateBadgeValue() >> Badge Count = 0
E/SocialHubMsgService( 1102): [SocialHubMsgService] onStartCommand() >> com.sec.android.socialhub.REMOVE_START
I/UinboxProvider( 1102): [UinboxProvider] query() >> query Called
D/dalvikvm( 1171): GC_FOR_MALLOC freed 104K, 40% free 3403K/5639K, external 13818K/15866K, paused 25ms
D/Launcher(  637): about to setAppWidget for id=6, info=AppWidgetProviderInfo(provider=ComponentInfo{com.yellowpages.android.ypmobile/com.yellowpages.android.ypmobile.YPWidgetSmallProvider})
D/UinboxProvider( 1102): [UinboxProvider] getDatabase() >> provider is created
D/DATA    (  592): [DSST(0)] pollstate() : reason = data network state changed
D/dalvikvm(  637): GC_EXTERNAL_ALLOC freed 64K, 39% free 4109K/6727K, external 18840K/19129K, paused 32ms
I/SocialHub( 1102): [UinboxShardPref] getVersionInformation() >> version is 6
D/SocialHub( 1102): [SocialHubUtil] getVerisonCode() >> code = 6
I/UinboxProvider( 1102): [UinboxDbHelper] checkChangeDB() >> Version code is same
W/UinboxProvider( 1102): [UinboxProvider] getDatabase() >> end get DB
I/UinboxProvider( 1102): [UinboxProvider] delete() >> Data delete. type - 1
D/DATA    (  592): [DSST(0)] Poll ServiceState done: oldSS=[0 home null null null  UMTS CSS not supported -1 -1RoamInd: -1DefRoamInd: -1EmergOnly: false] newSS=[0 home null null null  UMTS CSS not supported -1 -1RoamInd: -1DefRoamInd: -1EmergOnly: false]
D/SocialHubMsgService( 1102): [SocialHubMsgService] doHandleRemoving() >> removing count - 0
I/UinboxProvider( 1102): [UinboxProvider] query() >> query Called
D/SocialHubMsgService( 1102): [SocialHubMsgService] doHandleRemoved() >> removed count - 0
I/UinboxProvider( 1102): [UinboxProvider] delete() >> Data delete. type - 1
I/UinboxProvider( 1102): [UinboxProvider] query() >> query Called
D/SocialHubMsgService( 1102): [SocialHubMsgService] doHandleRemoveFail() >> remove_fail count - 0
I/UinboxProvider( 1102): [UinboxProvider] query() >> query Called
D/SocialHubMsgService( 1102): [SocialHubMsgService] doHandleRemoveReady() >> remove_ready count - 0
D/SocialHubMsgService( 1102): [SocialHubMsgService] doRequestRemoveEmail() >> no messages!
D/SocialHubMsgService( 1102): [SocialHubMsgService] doRequestRemoveIM() >> no messages!
D/SocialHubMsgService( 1102): [SocialHubMsgService] doRequestRemoveMsg() >> no messages!
D/SocialHubMsgService( 1102): [SocialHubMsgService] doRequestRemoveSNS() >> no messages!
I/UinboxProvider( 1102): [UinboxProvider] query() >> query Called
D/SocialHubMsgService( 1102): [SocialHubMsgService] doHandleRetry() >> not handled count - 0, fromCallback - false
D/SocialHubMsgService( 1102): [SocialHubMsgService] doHandleRetry() >> all messages are handled except status REMOVING. task count - 0
D/SocialHubService( 1125): [RequestDBSyncCommand] doSyncEmail() >> END. total sync time = 4
D/SocialHubService( 1125): [RequestDBSyncCommand] doSyncIM() >> START.
E/SocialHubService( 1125): [RequestDBSyncCommand] doSyncIM() >> cursor is null!! maybe seven is not installed
D/SocialHubService( 1125): [RequestDBSyncCommand] doSyncMSG() >> START
E/ActivityThread( 1125): Failed to find provider info for com.seven.provider.email
V/MmsSmsProvider(  592): getSimpleConversations entered.
I/UinboxProvider( 1102): [UinboxProvider] delete() >> Data delete. type - 3
D/dalvikvm(  637): GC_EXTERNAL_ALLOC freed 64K, 39% free 4108K/6727K, external 19412K/20388K, paused 29ms
D/dalvikvm(  749): GC_EXPLICIT freed 141K, 41% free 3222K/5447K, external 0K/0K, paused 34ms
D/dalvikvm( 1171): GC_FOR_MALLOC freed 1738K, 54% free 3397K/7303K, external 13818K/15866K, paused 20ms
I/ActivityManager(  451): Start proc com.android.providers.calendar for broadcast com.android.providers.calendar/.CalendarReceiver: pid=1196 uid=10046 gids={3003, 1015}
D/dalvikvm(  637): GC_EXTERNAL_ALLOC freed 50K, 39% free 4114K/6727K, external 19556K/20460K, paused 31ms
I/ActivityThread( 1196): Pub com.android.calendar: com.android.providers.calendar.CalendarProvider2
D/DHCP    (  354): ===== DHCP message:
D/DHCP    (  354): op = BOOTREQUEST (1), htype = 1, hlen = 6, hops = 0
D/DHCP    (  354): xid = 0x8a7c0000 secs = 0, flags = 0x8000 optlen = 14
D/DHCP    (  354): ciaddr = 0.0.0.0
D/DHCP    (  354): yiaddr = 0.0.0.0
D/DHCP    (  354): siaddr = 0.0.0.0
D/DHCP    (  354): giaddr = 0.0.0.0
D/DHCP    (  354): chaddr = { 00  00  00  00  00  00 }
D/DHCP    (  354): sname = ''
D/DHCP    (  354): file = ''
D/DHCP    (  354): op 53 len 1 { 01 } discover
D/DHCP    (  354): op 55 len 4 { 01  03  06  1c } 
D/DHCP    (  354): ===== DHCP message:
D/DHCP    (  354): op = BOOTREPLY (2), htype = 1, hlen = 6, hops = 0
D/DHCP    (  354): xid = 0x8a7c0000 secs = 0, flags = 0x8000 optlen = 42
D/DHCP    (  354): ciaddr = 0.0.0.0
D/DHCP    (  354): yiaddr = 10.41.23.4
D/DHCP    (  354): siaddr = 10.41.23.5
D/DHCP    (  354): giaddr = 0.0.0.0
D/DHCP    (  354): chaddr = { 00  00  00  00  00  00 }
D/DHCP    (  354): sname = ''
D/DHCP    (  354): file = ''
D/DHCP    (  354): op 53 len 1 { 02 } offer
D/DHCP    (  354): op 1 len 4 { ff  ff  ff  fc } 
D/DHCP    (  354): op 3 len 4 { 0a  29  17  05 } 
D/DHCP    (  354): op 6 len 8 { ac  1a  26  01  ac  1a  26  02 } 
D/DHCP    (  354): op 51 len 4 { 00  00  1c  20 } 
D/DHCP    (  354): op 54 len 4 { 0a  29  17  05 } 
D/DHCP    (  354): --- dhcp offer (2) ---
D/DHCP    (  354): ip 10.41.23.4 gw 10.41.23.5 mask 255.255.255.252
D/DHCP    (  354): dns1: 172.26.38.1
D/DHCP    (  354): dns2: 172.26.38.2
D/DHCP    (  354): server 10.41.23.5, lease 7200 seconds
D/DHCP    (  354): ===== DHCP message:
D/DHCP    (  354): op = BOOTREQUEST (1), htype = 1, hlen = 6, hops = 0
D/DHCP    (  354): xid = 0x8b7c0000 secs = 0, flags = 0x8000 optlen = 26
D/DHCP    (  354): ciaddr = 0.0.0.0
D/DHCP    (  354): yiaddr = 0.0.0.0
D/DHCP    (  354): siaddr = 0.0.0.0
D/DHCP    (  354): giaddr = 0.0.0.0
D/DHCP    (  354): chaddr = { 00  00  00  00  00  00 }
D/DHCP    (  354): sname = ''
D/DHCP    (  354): file = ''
D/DHCP    (  354): op 53 len 1 { 03 } request
D/DHCP    (  354): op 55 len 4 { 01  03  06  1c } 
D/DHCP    (  354): op 50 len 4 { 0a  29  17  04 } 
D/DHCP    (  354): op 54 len 4 { 0a  29  17  05 } 
D/DHCP    (  354): ===== DHCP message:
D/DHCP    (  354): op = BOOTREPLY (2), htype = 1, hlen = 6, hops = 0
D/DHCP    (  354): xid = 0x8b7c0000 secs = 0, flags = 0x8000 optlen = 42
D/DHCP    (  354): ciaddr = 0.0.0.0
D/DHCP    (  354): yiaddr = 10.41.23.4
D/DHCP    (  354): siaddr = 10.41.23.5
D/DHCP    (  354): giaddr = 0.0.0.0
D/DHCP    (  354): chaddr = { 00  00  00  00  00  00 }
D/DHCP    (  354): sname = ''
D/DHCP    (  354): file = ''
D/DHCP    (  354): op 53 len 1 { 05 } ack
D/DHCP    (  354): op 1 len 4 { ff  ff  ff  fc } 
D/DHCP    (  354): op 3 len 4 { 0a  29  17  05 } 
D/DHCP    (  354): op 6 len 8 { ac  1a  26  01  ac  1a  26  02 } 
D/DHCP    (  354): op 54 len 4 { 0a  29  17  05 } 
D/DHCP    (  354): op 51 len 4 { 00  00  1c  20 } 
D/DHCP    (  354): --- dhcp ack (5) ---
D/DHCP    (  354): ip 10.41.23.4 gw 10.41.23.5 mask 255.255.255.252
D/DHCP    (  354): dns1: 172.26.38.1
D/DHCP    (  354): dns2: 172.26.38.2
D/DHCP    (  354): server 10.41.23.5, lease 7200 seconds
D/DHCP    (  354): configuring rmnet_sdio0
D/dalvikvm(  637): GC_EXTERNAL_ALLOC freed 34K, 39% free 4108K/6727K, external 20592K/20604K, paused 34ms
D/DATA    (  592): [DC cid = -1]DcActivatingState msg.what=EVENT_SETUP_DATA_CONNECTION_DONE
D/DATA    (  592): [DC cid = 0]interface=rmnet_sdio0 ipAddress=10.41.23.4 gateway=10.41.23.5 DNS1=172.26.38.1 DNS2=172.26.38.2
D/DATA    (  592): [DC cid = 0]DataConnection setup result='SUCCESS' on cid=0
D/DATA    (  592): [DC cid = 0]DcInactiveState: setEnterNoticationParams cp,cause
D/DATA    (  592): [DC cid = 0]DcActiveState: enter notifyConnectCompleted
D/DATA    (  592): [DC cid = 0]notifyConnection at 1333926148106 cause=NONE
I/DATA    (  592): [DCT(0) ] --------------------------
I/DATA    (  592): [DCT(0) ] Data call setup : SUCCESS
I/DATA    (  592): [DCT(0) ]   data profile  : [dpt=PROFILE_TYPE_3GPP_APN, active=false, 310410, pta]
I/DATA    (  592): [DCT(0) ]   service type  : SERVICE_TYPE_DEFAULT
I/DATA    (  592): [DCT(0) ]   data call id  : 0
I/DATA    (  592): [DCT(0) ]   ip version    : INET
I/DATA    (  592): [DCT(0) ]   ip address/gw : 10.41.23.4/10.41.23.5
I/DATA    (  592): [DCT(0) ]   dns           : [172.26.38.1, 172.26.38.2]
I/DATA    (  592): [DCT(0) ] --------------------------
V/DATA    (  592): [DCT(0) ] handleConnectedDc() : Cid=0, State=DcActiveState, bearerType=IP, create=1333926148106, lastFail=-1, lastFailCause=NONE, dp=[dpt=PROFILE_TYPE_3GPP_APN, active=false, AT&T PTA, 1347, 310410, pta, , http://mmsc.mobile.att.net, proxy.mobile.att.net, 80, , 0, IP, [, default, supl, mms]]
D/FastDormancy(  592): startFastDorm - handleConnectedDc
D/FastDormancy(  592): setDormancyTime() mOperatorNumeric = 310410
D/NwkInfoProvider(  592): query
D/NwkInfoProvider(  592): Setting DB table to DORM_POLICY_TABLE
E/FastDormancy(  592): [FD] (cursor != null) 
E/FastDormancy(  592): [FD] (cursor.moveToFirst()) 
E/FastDormancy(  592): [FD] mScreenOnDormTime: 0 dormLCDOnPolicy: false 	  mScreenOffDormTime: 5000 dormLCDOffPolicy: true in DB
W/FastDormancy(  592): Kernel Wakelock Time was changed to 6000
I/DATA    (  592): [SERVICE_TYPE_DEFAULT] Service is active on INET through cid=0
D/DATA    (  592): mMasterDataEnabled=true,isUsePacketData=true
I/TelephonyRegistry(  451): notifyDataConnection: anyState=2,default/INET,apnTypeState=2,iface=rmnet_sdio0,ip=10.41.23.4,gw=10.41.23.5,isDataConnectivityPossible=true,networkType=3,reason=radioTechnologyChanged
I/DATA    (  592): [SERVICE_TYPE_MMS] Service is active on INET through cid=0
D/DATA    (  592): mMasterDataEnabled=true,isUsePacketData=true
I/DATA    (  592): [SERVICE_TYPE_SUPL] Service is active on INET through cid=0
D/DATA    (  592): mMasterDataEnabled=true,isUsePacketData=true
I/DATA    (  592): [SERVICE_TYPE_HIPRI] Service is active on INET through cid=0
D/DATA    (  592): mMasterDataEnabled=true,isUsePacketData=true
I/TelephonyRegistry(  451): notifyDataConnection: anyState=2,mms/INET,apnTypeState=2,iface=rmnet_sdio0,ip=10.41.23.4,gw=10.41.23.5,isDataConnectivityPossible=true,networkType=3,reason=radioTechnologyChanged
I/TelephonyRegistry(  451): notifyDataConnection: anyState=2,supl/INET,apnTypeState=2,iface=rmnet_sdio0,ip=10.41.23.4,gw=10.41.23.5,isDataConnectivityPossible=true,networkType=3,reason=radioTechnologyChanged
I/DBG_WSS_DM( 1010): [V2.1112.5.2][DMService.java Line:520][notifyListeners] ----------- SMLMSG_DM_SYNCML_INIT Telephony ok
V/DATA    (  592): [DCT(0) ] onDataCallListChanged:
V/DATA    (  592): [DCT(0) ] ---dc state list---
V/DATA    (  592): [DCT(0) ] DataCallState: { cid: 0, active: 2, type: , apn: pta, address: 10.41.23.4 }
V/DATA    (  592): [DCT(0) ] ---dc list---
V/DATA    (  592): [DCT(0) ] cid = 0, state = DcActiveState, bearerType = IP, ipaddress = 10.41.23.4, gw=10.41.23.5, dns=[172.26.38.1, 172.26.38.2]
I/DBG_WSS_DM( 1010): [V2.1112.5.2][wssdmTask.java Line:184][smlTaskHandler] SMLMSG_DM_SYNCML_INIT
V/DATA    (  592): [DCT(0) ] onUpdateDataConnections: reason=radioTechnologyChanged
V/DATA    (  592): [DCT(0) ] ---dc list---
I/TelephonyRegistry(  451): notifyDataConnection: anyState=2,hipri/INET,apnTypeState=2,iface=rmnet_sdio0,ip=10.41.23.4,gw=10.41.23.5,isDataConnectivityPossible=true,networkType=3,reason=radioTechnologyChanged
V/DATA    (  592): [DCT(0) ] cid = 0, state = DcActiveState, bearerType = IP, ipaddress = 10.41.23.4, gw=10.41.23.5, dns=[172.26.38.1, 172.26.38.2]
V/DATA    (  592): [DCT(0) ] ---ds list---
V/DATA    (  592): [DCT(0) ] ds= SERVICE_TYPE_DEFAULT, enabled = true, active = v4:CONNECTED(0) v6:IDLE
V/DATA    (  592): [DCT(0) ] ds= SERVICE_TYPE_MMS, enabled = false, active = v4:CONNECTED(0) v6:IDLE
V/DATA    (  592): [DCT(0) ] ds= SERVICE_TYPE_SUPL, enabled = false, active = v4:CONNECTED(0) v6:IDLE
V/DATA    (  592): [DCT(0) ] ds= SERVICE_TYPE_DUN, enabled = false, active = v4:IDLE v6:IDLE
V/DATA    (  592): [DCT(0) ] ds= SERVICE_TYPE_HIPRI, enabled = false, active = v4:CONNECTED(0) v6:IDLE
D/DATA    (  592): mMasterDataEnabled=true,isUsePacketData=true
I/DATA    (  592): [DCT(0) ] Ready for data : 
I/DATA    (  592): [DCT(0) ]    getDesiredPowerState() = true
I/DATA    (  592): [DCT(0) ]    mCm.getRadioState() = RADIO_ON
I/DATA    (  592): [DCT(0) ]    [DataRadioTech = RADIO_TECH_UMTS, data network state = 0, mMasterDataEnabled = true, is Roaming = false, dataOnRoamingEnable = false, isPsRestricted = false, desiredPowerState  = true, mSIMRecords = true/310410, cdmaSubSource = 1/, mRuimRecords = , checks = true/true]
V/DATA    (  592): [DCT(0) ] trySetupDataCall : ds=SERVICE_TYPE_DEFAULT, ipv=INET6, reason=radioTechnologyChanged
I/DBG_WSS_DM( 1010): [V2.1112.5.2][DMService.java Line:1951][ProtoIsWIFIConnected] WiFi Network status is disabled
W/DATA    (  592): [DCT(0) ] no working data profile available to establish service type SERVICE_TYPE_DEFAULTon INET6
D/DATA    (  592):  notifyDataConnection Pass INET6 >>> Fix me later please!!
I/DBG_WSS_DM( 1010): [V2.1112.5.2][wssdminitadapter.java Line:51][smlNetAdpGetNetStatus] Data Service State [2]
E/AlarmManagerService(  451): android_server_AlarmManagerService_set to type=2, 86423.999000000
V/AlarmManager(  451): Adding alarm Alarm{40d48c08 type 2 com.google.android.location} at 0
I/DBG_WSS_DM( 1010): [V2.1112.5.2][wssdmdevinfadapter.java Line:249][smldmutilVerifyIMEI] X4MN8/E/9oJOHcpG+3+x6H67Fs/MF4waIsPgp0QLpmU=
I/DBG_WSS_DM( 1010): [V2.1112.5.2][wsspushdminitadapter.java Line:653][GetCurrentTime] 3:8:2012:19:2:28:America/New_York
I/DBG_WSS_DM( 1010): [V2.1112.5.2][wssdmdb.java Line:2047][smldbDMffs_Init] smldbDMffs_Init
D/dalvikvm(  637): GC_EXTERNAL_ALLOC freed 35K, 39% free 4112K/6727K, external 19664K/19676K, paused 31ms
I/Database( 1196): sqlite returned: error code = 0, msg = Recovered 43 frames from WAL file /data/data/com.android.providers.calendar/databases/calendar.db-wal
D/dalvikvm(  637): GC_EXTERNAL_ALLOC freed 36K, 39% free 4114K/6727K, external 19781K/19829K, paused 29ms
D/dalvikvm(  637): GC_EXTERNAL_ALLOC freed 23K, 39% free 4114K/6727K, external 20700K/20748K, paused 41ms
I/DBG_WSS_DM( 1010): [V2.1112.5.2][wsspushdminitadapter.java Line:653][GetCurrentTime] 3:8:2012:19:2:29:America/New_York
D/dalvikvm(  637): GC_EXTERNAL_ALLOC freed 22K, 39% free 4114K/6727K, external 20700K/20748K, paused 28ms
I/DBG_WSS_DM( 1010): [V2.1112.5.2][wsspushdminitadapter.java Line:481][_smldmInitAdpEXTInit] nStatus [0]
I/DBG_WSS_DM( 1010): [V2.1112.5.2][wssdmUITask.java Line:335][smldmUIEvent] SML_DM_EVENT_UI_IDLE_STATE :true
I/DBG_WSS_DM( 1010): [V2.1112.5.2][wssdb.java Line:321][smldbGetNotiEvent] nEvent :0
I/DBG_WSS_DM( 1010): [V2.1112.5.2][wsspushdminitadapter.java Line:609][_smldmInitAdpEXTInit] Check device initiated
I/DBG_WSS_DM( 1010): [V2.1112.5.2][wssdmdb.java Line:5097][_smldbdbGetDeviceInitStatus] DeviceInit Status: true
I/DBG_WSS_DM( 1010): [V2.1112.5.2][wssdmdb.java Line:5119][_smldmdbGetCurrentFwV] XbO3JRY57DFCH7BbafqzBzI8ydjFpkwesnbGJCVvD5I=
I/DBG_WSS_DM( 1010): [V2.1112.5.2][wssdmTask.java Line:229][smlTaskHandler] SMLMSG_DM_SYNCML_INIT : Initialized
D/CalendarProvider2( 1196): Querying for the tasks accounts
V/ManualSelectionReceiver(  592): Niranjana -- onReceive
I/PCWCLIENTTRACE_LOG(  595): DEFAULT_LOGON : true
I/PCWCLIENTTRACE_LOG(  595): DEFAULT_LOGLEVEL : 3
D/PCWCLIENTTRACE_PCWReceiver(  595): ACTION_BOOTUP - Version: 4.4
D/dalvikvm(  637): GC_EXTERNAL_ALLOC freed 26K, 39% free 4116K/6727K, external 19772K/20748K, paused 40ms
D/PCWCLIENTTRACE_PCWReceiver(  595): ACTION_BOOTUP - account length: 0
D/PCWCLIENTTRACE_PCWReceiver(  595): ACTION_BOOTUP - No Google Account
I/ActivityManager(  451): Start proc com.android.MtpApplication for broadcast com.android.MtpApplication/.MtpReceiver: pid=1210 uid=1000 gids={3003, 1015, 2001, 3002, 3001, 1001, 1006}
D/dalvikvm(  323): GC_EXPLICIT freed 12K, 43% free 3113K/5379K, external 0K/0K, paused 62ms
I/Zygote  ( 1210): Zygote: pid 1210 has CALL PRIVILEGED permission, then set capability for CAP_SYS_ADMIN (21)
D/dalvikvm(  323): GC_EXPLICIT freed <1K, 43% free 3113K/5379K, external 0K/0K, paused 41ms
D/dalvikvm(  323): GC_EXPLICIT freed <1K, 43% free 3113K/5379K, external 0K/0K, paused 43ms
E/MTPRx   ( 1210): In MtpReceiverandroid.intent.action.BOOT_COMPLETED
W/MTPRx   ( 1210): BOOT COMPLETED
V/Mms/MmsSystemEventReceiver(  741): Intent received: Intent { act=android.intent.action.BOOT_COMPLETED cmp=com.android.mms/.transaction.MmsSystemEventReceiver }
V/MmsProvider(  592): Update uri=content://mms, match=0
D/MmsSmsProvider(  592): need read changed broadcast:false
I/Mms/MmsSystemEventReceiver(  741): restorePduNotificationStatus count=0
D/Mms/MessagingNotification(  741): [start]    NB-Update NewIndc.
D/Mms/MessagingNotification(  741): 1) B-Update NewIndc. ,isNew=false,isStatusMessage=false
D/MediaScannerReceiver(  594): scan - volume : internal
I/ActivityManager(  451): Start proc com.sec.android.provider.logsprovider for content provider com.sec.android.provider.logsprovider/.LogsProvider: pid=1218 uid=10003 gids={3003, 1015, 3002}
I/Zygote  ( 1218): Zygote: pid 1218 has CALL PRIVILEGED permission, then set capability for CAP_SYS_ADMIN (21)
I/ActivityManager(  451): Start proc com.google.android.apps.maps:FriendService for broadcast com.google.android.apps.maps/com.google.googlenav.friend.android.ServiceReceiver: pid=1226 uid=10072 gids={3003, 1015}
I/ActivityThread( 1218): Pub logs: com.sec.android.provider.logsprovider.LogsProvider
D/Mms/SmsReceiverService(  741): [SMS]Receiver handleMessage : Action =android.intent.action.BOOT_COMPLETED
D/Mms/SmsReceiverService(  741): [start]    handleBootCompleted()
D/Calendar( 1196): missed alarms found: 0
I/LogsProvider( 1218): onCreate()
D/MediaScannerService(  594): onStartCommand : intent - Intent { cmp=com.android.providers.media/.MediaScannerService (has extras) }
D/MediaScannerService(  594): onStartCommand : flags [2], startId [1]
D/MediaScannerService(  594): onStartCommand : intent.getExtra's volume : internal
D/MediaScannerService(  594): ServiceHandler:handleMessage volume[internal]
I/MediaScannerService(  594): !@beginofMediascannerservice
D/MediaScannerService(  594): start scanning volume internal
V/MmsSmsProvider(  592): deleteConversation threadId: 9223372036854775806
D/MmsSmsProvider(  592): delete URI_CONVERSATIONS_MESSAGES affectedRows=0
D/dalvikvm(  637): GC_EXTERNAL_ALLOC freed 37K, 39% free 4122K/6727K, external 20808K/20820K, paused 35ms
D/MediaProvider(  594): mMediaScannerReceiver - intent.getAction : android.intent.action.MEDIA_SCANNER_STARTED
D/CircleMissedEventWidget(  451): received MISSED_EVENT intent !! 
V/MediaProvider(  594): Suspending ThumbWorker
I/MediaProvider(  594): MediaScanner started!!!
D/dalvikvm( 1226): GC_CONCURRENT freed 136K, 39% free 3483K/5639K, external 0K/0K, paused 2ms+2ms
D/MediaScannerService(  594): scan : call scanner.scanDirectories - directories : /system/media
D/MediaScanner(  594): NexPlayerSDKMediaScanner is configured but using StagefrightMediaScanner
D/dalvikvm(  561): GC_EXTERNAL_ALLOC freed 150K, 39% free 3481K/5703K, external 4582K/4596K, paused 56ms
D/dalvikvm(  561): GC_EXTERNAL_ALLOC freed 26K, 40% free 3467K/5703K, external 4944K/5176K, paused 26ms
I/ViewRoot(  561): !@FINISH DRAWING : StatusBarExpanded
I/ViewRoot(  561): !@finishDrawing is completed : StatusBarExpanded
D/dalvikvm( 1226): GC_CONCURRENT freed 116K, 36% free 3933K/6087K, external 0K/0K, paused 2ms+3ms
I/LogsProvider( 1218): onAccountsUpdated: Delete SNS log : spType = 0
V/MediaPlayerService(  325): Create new media retriever from pid 594
I/LogsProvider( 1218): onAccountsUpdated: Delete SNS log : spType = 1
I/LogsProvider( 1218): onAccountsUpdated: Delete SNS log : spType = 2
I/LogsProvider( 1218): onAccountsUpdated: Delete SNS log : spType = 3
I/LogsProvider( 1218): onAccountsUpdated: Delete SNS log : spType = 4
I/LogsProvider( 1218): onAccountsUpdated: Delete SNS log : spType = 5
D/MediaScanner(  594): prescan enter 
D/MmsSmsProvider(  592): need read changed broadcast:false
D/Mms/Conversation(  741): deleteTempConversation(),deleted=0
V/SmsProvider(  592): Update uri=content://sms/outbox, match=8
D/MmsSmsProvider(  592): need read changed broadcast:false
D/Mms/SmsReceiverService(  741): sendFirstQueuedMessage()
V/Mms/SmsReceiverService(  741): unRegisterForServiceStateChanges
D/AudioPlayer:main( 1074): VLG_resume |= -32769 (old=0)
E/AlarmManagerService(  451): android_server_AlarmManagerService_set to type=2, 1824.793000000
D/AudioPlayer:AudioServer( 1074): VLG_server done waiting
D/AudioPlayer:AudioServer( 1074): VLG_server waiting on queue event
V/AlarmManager(  451): Adding alarm Alarm{40cefb60 type 2 com.google.android.apps.maps} at 0
I/ActivityManager(  451): Start proc com.google.android.apps.maps:NetworkLocationService for service com.google.android.apps.maps/com.google.android.location.internal.server.NetworkLocationService: pid=1235 uid=10072 gids={3003, 1015}
I/ActivityManager(  451): Start proc com.samsung.scrc.idi.server for broadcast com.samsung.scrc.idi.server/.INDIServiceAutoStarter: pid=1236 uid=10078 gids={3003, 1015}
D/dalvikvm(  637): GC_EXTERNAL_ALLOC freed 32K, 39% free 4122K/6727K, external 20844K/20856K, paused 58ms
D/dalvikvm( 1235): GC_CONCURRENT freed 137K, 39% free 3482K/5639K, external 0K/0K, paused 2ms+2ms
D/Mms/MessagingNotification(  741): updateAllHistoryAsRead()
I/ActivityManager(  451): No longer want com.svox.pico (pid 576): hidden #21
V/MmsProvider(  592): Query uri=content://mms, match=0
D/dalvikvm( 1235): GC_CONCURRENT freed 110K, 36% free 3875K/6023K, external 0K/0K, paused 1ms+5ms
D/SocialHubService( 1125): [SocialHubService] onChange() >> Badge Provider is changed!!
I/UinboxProvider( 1102): [UinboxProvider] bulkInsert() >> type - 3, [1] is inserted
D/SocialHubService( 1125): [DataBaseUtil] bulkInsert() >> 1 data is inserted.
D/Mms/MessagingNotification(  741): setBadgeCount(),count=0
D/Mms/MessagingNotification(  741): 1) B-Update NewIndc. ,isNew=true,isStatusMessage=false
V/update.Download(  661): deleting all update downloads
D/dalvikvm(  637): GC_EXTERNAL_ALLOC freed 24K, 39% free 4121K/6727K, external 20844K/20892K, paused 33ms
W/ActivityManager(  451): Permission Denial: getTasks() from pid=661, uid=10060 requires android.permission.GET_TASKS
V/ActivityManagerNative(  661): Is Restriction never enabled?
I/ActivityManager(  451): Starting: Intent { flg=0x10000000 cmp=com.google.android.gsf/.update.SystemUpdateInstallDialog } from pid 661
I/Database(  594): sqlite returned: error code = 0, msg = Recovered 45 frames from WAL file /data/data/com.android.providers.media/databases/internal.db-wal
V/LauncherAppWidgetHostView(  637): dispatchSaveInstanceState: widgetid=1 vid=-1
V/LauncherAppWidgetHostView(  637): dispatchSaveInstanceState: widgetid=2 vid=-1
V/LauncherAppWidgetHostView(  637): dispatchSaveInstanceState: widgetid=4 vid=-1
V/LauncherAppWidgetHostView(  637): dispatchSaveInstanceState: widgetid=3 vid=-1
V/LauncherAppWidgetHostView(  637): dispatchSaveInstanceState: widgetid=5 vid=-1
V/LauncherAppWidgetHostView(  637): dispatchSaveInstanceState: widgetid=6 vid=-1
I/Launcher(  637): onPause. Launcher: 40623698
I/EventLogService(  661): Aggregate from 1333735372576 (log), 1333735372576 (data)
W/ActivityManager(  451): Trying to launch com.google.android.gsf/.update.SystemUpdateInstallDialog
I/ActivityManager(  451): Start proc com.google.android.partnersetup for broadcast com.google.android.partnersetup/.GooglePartnerSetup: pid=1255 uid=10082 gids={3003}
V/Mms/MessagingNotification(  741): accumulateNotificationInfo()
V/Mms/MessagingNotification(  741): accumulateNotificationInfo()
V/Mms/MessagingNotification(  741): accumulateNotificationInfo()
V/Mms/MessagingNotification(  741): 2) B-Update NewIndc. ,count=0, isNew=false
D/Mms/MessagingNotification(  741): mms noti-cancel:new message
I/ActivityThread( 1255): Pub com.google.android.partnersetup.rlzprovider: com.google.android.partnersetup.RlzProvider
D/CircleMissedEventWidget(  451): received MISSED_EVENT intent !! 
D/GLSurfaceViewGroup(  637): Skipped drawing due to suspendDrawingUntilResume()
I/ActivityThread( 1255): Pub com.google.android.partnersetup.rlzappprovider: com.google.android.partnersetup.RlzAppProvider
D/dalvikvm(  661): GC_EXTERNAL_ALLOC freed 191K, 41% free 3717K/6279K, external 0K/0K, paused 32ms
D/Launcher(  637): It's image wallpaper. suggestDesiredDimensions(800 , 1280 )
I/Launcher(  637): onResume. Launcher: 40623698, mIsNewIntent: false
E/WallpaperService(  451): setDimensionHints ! w=800
D/SocialHub( 1125): [BadgeManager] updateBadgeValue() >> Badge Count = 0
I/UinboxProvider( 1102): [UinboxProvider] update() >> Data updated. type - 3 and  arg = _id in (select _id_origin from messages where app_type in (200, 300, 310))
I/ViewRoot(  637): !@FINISH DRAWING : com.sec.android.app.twlauncher/com.sec.android.app.twlauncher.Launcher
I/ViewRoot(  637): !@finishDrawing is completed : com.sec.android.app.twlauncher/com.sec.android.app.twlauncher.Launcher
D/androidNlpServiceThread(  661): updateState: shouldBeEnabled true shouldBeRunning true
I/UinboxProvider( 1102): [UinboxProvider] update() >> Data updated. type - 3 and  arg = flag_op=1 and _id not in (select messages._id_origin from messages join temp_messaging_sync on (temp_messaging_sync.flag_op=1 and messages._id_origin=temp_messaging_sync._id and messages.date=temp_messaging_sync.date and messages.new=temp_messaging_sync.unread_count and messages.count =temp_messaging_sync.message_count and messages.error = temp_messaging_sync.error and messages.app_type in (200, 300, 310)))
D/Mms/MessagingNotification(  741): updateAllHistoryAsRead()
I/UinboxProvider( 1102): [UinboxProvider] delete() >> Data delete. type - 1
I/SocialHubService( 1125): [RequestDBSyncCommand] doSyncMSG() >> temporary working DB created!!
V/MmsProvider(  592): Query uri=content://mms, match=0
I/UinboxProvider( 1102): [UinboxProvider] query() >> query Called
V/MmsSmsProvider(  592): getSimpleConversations entered.
V/Mms/MessagingNotification(  741): accumulateNotificationInfo()
V/Mms/MessagingNotification(  741): accumulateNotificationInfo()
D/SocialHubService( 1125): [SocialHubService] onChange() >> Badge Provider is changed!!
D/dalvikvm(  637): GC_EXTERNAL_ALLOC freed 161K, 38% free 4191K/6727K, external 19894K/20892K, paused 33ms
D/Mms/MessagingNotification(  741): setBadgeCount(),count=0
D/dalvikvm(  451): GC_EXPLICIT freed 512K, 42% free 8041K/13767K, external 26240K/34240K, paused 69ms
I/UinboxProvider( 1102): [UinboxProvider] bulkInsert() >> type - 1, [0] is inserted
D/SocialHubService( 1125): [DataBaseUtil] bulkInsert() >> 0 data is inserted.
D/Mms/MessagingNotification(  741): [end]    NB-Update NewIndc.
I/UinboxProvider( 1102): [UinboxProvider] query() >> query Called
D/SocialHub( 1125): [BadgeManager] updateBadgeValue() >> Badge Count = 0
I/ActivityManager(  451): No longer want com.sec.android.app.factorytest (pid 913): hidden #21
I/SocialHubService( 1125): [RequestDBSyncCommand] doSyncMSG() >> MessagingDBSync DB sync(update) complete-count:0
V/WifiProgressStore( 1235): WifiProgressStore Created
I/UinboxProvider( 1102): [UinboxProvider] query() >> query Called
V/Mms/MessagingNotification(  741): accumulateNotificationInfo()
V/Mms/MessagingNotification(  741): 2) B-Update NewIndc. ,count=0, isNew=true
D/Mms/MessagingNotification(  741): mms noti-cancel:new message
D/CircleMissedEventWidget(  451): received MISSED_EVENT intent !! 
D/androidNlpServiceThread(  661): updateState: shouldBeEnabled true shouldBeRunning true
E/AlarmManagerService(  451): android_server_AlarmManagerService_set to type=0, 1333927951.282000000
V/AlarmManager(  451): Adding alarm Alarm{405ddab8 type 0 com.google.android.gsf} at 0
I/SocialHubService( 1125): [RequestDBSyncCommand] doSyncMSG() >> MessagingDBSync DB sync(insert) complete-count:0
D/szipinf ( 1235): Initializing inflate state
D/szipinf ( 1235): Initializing zlib to inflate
D/androidNlpServiceThread(  661): updateState: shouldBeEnabled true shouldBeRunning true
D/androidNlpServiceThread(  661): updateState: shouldBeEnabled true shouldBeRunning true
D/dalvikvm(  661): GC_CONCURRENT freed 125K, 39% free 3850K/6279K, external 96K/1289K, paused 2ms+2ms
D/SocialHubService( 1125): [RequestDBSyncCommand] doSyncMSG() >> END. total sync time = 14
D/SocialHubService( 1125): [RequestDBSyncCommand] doSyncMSG() >> END. 
D/SocialHubService( 1125): [RequestDBSyncCommand] doSyncSNS() >> START
D/MediaScanner(  594): prescan return
D/MediaScanner(  594): scanDirectories : directories.length=1, directories.length : /system/media
D/dalvikvm(  637): GC_EXTERNAL_ALLOC freed 32K, 38% free 4192K/6727K, external 21305K/21317K, paused 30ms
D/SocialHubService( 1125): [SocialHubService] onChange() >> Badge Provider is changed!!
D/Mms/MessagingNotification(  741): setBadgeCount(),count=0
D/SocialHub( 1125): [BadgeManager] updateBadgeValue() >> Badge Count = 0
D/dalvikvm( 1235): GC_CONCURRENT freed 183K, 35% free 4253K/6471K, external 0K/0K, paused 8ms+2ms
D/androidNlpServiceThread(  661): updateState: shouldBeEnabled true shouldBeRunning true
D/androidNlpServiceThread(  661): updateState: shouldBeEnabled true shouldBeRunning true
D/MediaScanner(  594): Start Original /system/media/
D/Mms/SmsReceiverService(  741): [end]    handleBootCompleted()
I/RlzPingService( 1255): Setting next ping for 1333745887639
E/AlarmManagerService(  451): android_server_AlarmManagerService_set to type=0, 1333745887.639000000
E/AlarmManagerService(  451): android_server_AlarmManagerService_set to type=0, 1333927951.282000000
V/AlarmManager(  451): Adding alarm Alarm{40cb7e10 type 0 com.google.android.partnersetup} at 0
V/AlarmManager(  451): sending alarm Alarm{40cb7e10 type 0 com.google.android.partnersetup}
I/ActivityManager(  451): Start proc com.google.android.gm for broadcast com.google.android.gm/.MailIntentReceiver: pid=1274 uid=10084 gids={3003, 1015}
V/AlarmManager(  451): pending wakeup alarm com.google.android.partnersetup
I/RlzPingService( 1255): Setting next ping for 1334530951735
V/AlarmManager(  451): Adding alarm Alarm{4099a6e0 type 0 com.google.android.partnersetup} at 1
D/dalvikvm(  637): GC_EXTERNAL_ALLOC freed 47K, 38% free 4174K/6727K, external 21305K/21353K, paused 35ms
D/MediaScanner(  594): Scan 11(4msec) /system/media/audio/alarms/
D/MediaScanner(  594): Scan 23(7msec) /system/media/audio/notifications/
D/MediaScanner(  594): Scan 9(8msec) /system/media/audio/ringtones/
D/MediaScanner(  594): Scan 38(1msec) /system/media/audio/ui/
D/MediaScanner(  594): Scan 0(20msec) /system/media/audio/
D/MediaScanner(  594): Scan 0(102msec) /system/media/
D/dalvikvm( 1235): GC_CONCURRENT freed 170K, 33% free 4644K/6855K, external 0K/0K, paused 7ms+2ms
D/MediaProvider(  594): mMediaScannerReceiver - intent.getAction : android.intent.action.ACTION_MEDIA_SCANNER_PROGRESS
D/DATA    (  592): [DSST(0)] pollstate() : reason = data network state changed
D/CircleMissedEventWidget(  451): received MISSED_EVENT intent !! 
D/DATA    (  592): [DSST(0)] Poll ServiceState done: oldSS=[0 home null null null  UMTS CSS not supported -1 -1RoamInd: -1DefRoamInd: -1EmergOnly: false] newSS=[0 home null null null  UMTS CSS not supported -1 -1RoamInd: -1DefRoamInd: -1EmergOnly: false]
I/ActivityThread( 1274): Pub gmail-ls: com.google.android.gm.provider.MailProvider
I/ViewRoot(  561): !@FINISH DRAWING : StatusBarExpanded
I/ViewRoot(  561): !@finishDrawing is completed : StatusBarExpanded
D/MediaScanner(  594): Normal Meta & DB Insert/Update Start
V/MediaScanner(  594): rajesh scanFile: /system/media/audio/alarms/A_toy_watch.ogg
V/MediaScanner(  594): rajesh scanFile: /system
I/ActivityThread( 1274): Pub gmail-downloads: com.google.android.gm.downloadprovider.DownloadProvider
I/ActivityManager(  451): No longer want com.sec.android.widgetapp.stockclock (pid 940): hidden #21
I/ActivityThread( 1274): Pub com.google.android.gm.attachmentspreviews: com.google.android.gm.AttachmentPreviewProvider
I/ActivityThread( 1274): Pub com.google.android.gmail.SuggestionProvider: com.google.android.gm.SuggestionsProvider
V/MediaScanner(  594): rajesh scanFile: /system/media/audio/alarms/Beep_Beep_Beep.ogg
V/MediaScanner(  594): rajesh scanFile: /system
V/MediaScanner(  594): rajesh scanFile: /system/media/audio/alarms/Buzzer.ogg
V/MediaScanner(  594): rajesh scanFile: /system
V/MediaScanner(  594): rajesh scanFile: /system/media/audio/alarms/Chirp_Chrip.ogg.ogg
V/MediaScanner(  594): rajesh scanFile: /system
V/MediaScanner(  594): rajesh scanFile: /system/media/audio/alarms/Good_Morning.ogg
V/MediaScanner(  594): rajesh scanFile: /system
V/MediaScanner(  594): rajesh scanFile: /system/media/audio/alarms/In_a_Stream.ogg
V/MediaScanner(  594): rajesh scanFile: /system
V/MediaScanner(  594): rajesh scanFile: /system/media/audio/alarms/Piezo.ogg
V/MediaScanner(  594): rajesh scanFile: /system
V/MediaScanner(  594): rajesh scanFile: /system/media/audio/alarms/Ringing.ogg
V/MediaScanner(  594): rajesh scanFile: /system
V/MediaScanner(  594): rajesh scanFile: /system/media/audio/alarms/Rooster.ogg
V/MediaScanner(  594): rajesh scanFile: /system
V/MediaScanner(  594): rajesh scanFile: /system/media/audio/alarms/Sunshine.ogg
V/MediaScanner(  594): rajesh scanFile: /system
V/MediaScanner(  594): rajesh scanFile: /system/media/audio/alarms/Ticktac.ogg
V/MediaScanner(  594): rajesh scanFile: /system
V/MediaScanner(  594): rajesh scanFile: /system/media/audio/notifications/01_Sherbet.ogg
V/MediaScanner(  594): rajesh scanFile: /system
V/MediaScanner(  594): rajesh scanFile: /system/media/audio/notifications/Cheeper.ogg
V/MediaScanner(  594): rajesh scanFile: /system
V/MediaScanner(  594): rajesh scanFile: /system/media/audio/notifications/Merope.ogg
V/MediaScanner(  594): rajesh scanFile: /system
V/MediaScanner(  594): rajesh scanFile: /system/media/audio/notifications/Moonbeam.ogg
V/MediaScanner(  594): rajesh scanFile: /system
V/MediaScanner(  594): rajesh scanFile: /system/media/audio/notifications/Pixiedust.ogg
V/MediaScanner(  594): rajesh scanFile: /system
V/MediaScanner(  594): rajesh scanFile: /system/media/audio/notifications/Pizzicato.ogg
V/MediaScanner(  594): rajesh scanFile: /system
I/FactoryModeInitialSetting(  592): Intent:android.intent.action.BOOT_COMPLETED
I/FactoryModeInitialSetting(  592): MODEL : SAMSUNG-SGH-I717
I/FactoryModeInitialSetting(  592): isKeyStringBlocked() true
I/FactoryModeInitialSetting(  592): imsi : 310410469489282
I/FactoryModeInitialSetting(  592): Boot in Normal IMSI
I/RilSupportOnReceiveKOR(  592): Intent:android.intent.action.BOOT_COMPLETED
I/RilSupportBroadCastReceiverKOR(  592): BOOT_COMPLETE_ACTION!
D/dalvikvm(  637): GC_EXTERNAL_ALLOC freed 75K, 39% free 4124K/6727K, external 21305K/21353K, paused 56ms
I/ActivityManager(  451): Start proc com.sec.android.app.factorytest for service com.sec.android.app.factorytest/com.sec.android.app.rilsupport.RilSupportService: pid=1287 uid=1000 gids={3003, 1015, 2001, 3002, 3001, 1001, 1006}
D/isVlingoAvailable(  741): isInstalled = true, isAccepted = false
E/New Message TTS(  741): ########## Destroy called !!!!! ##########
I/ActivityManager(  451): No longer want com.cooliris.media (pid 962): hidden #21
I/Zygote  ( 1287): Zygote: pid 1287 has CALL PRIVILEGED permission, then set capability for CAP_SYS_ADMIN (21)
W/MessageQueue( 1274): Handler{40559a30} sending message to a Handler on a dead thread
W/MessageQueue( 1274): java.lang.RuntimeException: Handler{40559a30} sending message to a Handler on a dead thread
W/MessageQueue( 1274): 	at android.os.MessageQueue.enqueueMessage(MessageQueue.java:196)
W/MessageQueue( 1274): 	at android.os.Handler.sendMessageAtTime(Handler.java:457)
W/MessageQueue( 1274): 	at android.os.Handler.sendMessageDelayed(Handler.java:430)
W/MessageQueue( 1274): 	at android.os.Handler.post(Handler.java:248)
W/MessageQueue( 1274): 	at android.accounts.AccountManager$BaseFutureTask.postRunnableToHandler(AccountManager.java:1327)
W/MessageQueue( 1274): 	at android.accounts.AccountManager$Future2Task.done(AccountManager.java:1375)
W/MessageQueue( 1274): 	at java.util.concurrent.FutureTask$Sync.innerSet(FutureTask.java:253)
W/MessageQueue( 1274): 	at java.util.concurrent.FutureTask.set(FutureTask.java:113)
W/MessageQueue( 1274): 	at android.accounts.AccountManager$BaseFutureTask.access$700(AccountManager.java:1307)
W/MessageQueue( 1274): 	at android.accounts.AccountManager$BaseFutureTask$Response.onResult(AccountManager.java:1345)
W/MessageQueue( 1274): 	at android.accounts.IAccountManagerResponse$Stub.onTransact(IAccountManagerResponse.java:59)
W/MessageQueue( 1274): 	at android.os.Binder.execTransact(Binder.java:320)
W/MessageQueue( 1274): 	at dalvik.system.NativeStart.run(Native Method)
I/RilSupportServiceKOR( 1287): onCreate
I/RilSupportServiceOnReceiveKOR( 1287): Intent:null
I/RilSupportServiceOnReceiveKOR( 1287): COMMAND:android.intent.action.BOOT_COMPLETED
I/RilSupportServiceKOR( 1287): BOOT_COMPLETE_ACTION!
I/RilSupportServiceKOR( 1287): MODEL : SAMSUNG-SGH-I717
I/RilSupportServiceKOR( 1287): Skip Boot complete action...
E/SetupWizardSkipReceiver( 1287): onReceive android.intent.action.BOOT_COMPLETED
D/SetupWizardSkipReceiver( 1287): isFactoryMode :: Serving Network =1 device=359100041005450 imsi=310410469489282
D/SetupWizardSkipReceiver( 1287): imeiBlocked contains 'ON'
D/SetupWizardSkipReceiver( 1287): isFactoryMode() No factory mode
I/SetupWizardSkipReceiver( 1287): isForcedSkipped() before : false
I/FactoryTestPhone( 1287): onServiceConnected()
V/MediaScanner(  594): rajesh scanFile: /system/media/audio/notifications/S_Bubbles.ogg
V/MediaScanner(  594): rajesh scanFile: /system
I/DftBootBroadcastReceiver( 1287): onReceive android.intent.action.BOOT_COMPLETED
I/DftBootBroadcastReceiver( 1287): start DFTBOOTReceiver
