I/GTalkService/c(  455): [AndroidEndpoint@1094660720] connect: acct=1000000, state=CONNECTING
D/dalvikvm(  455): GC_CONCURRENT freed 353K, 6% free 10039K/10631K, paused 14ms+3ms
D/dalvikvm(  148): GC_CONCURRENT freed 877K, 11% free 13223K/14855K, paused 3ms+5ms
D/ConnectivityService(  148): handleInetConditionHoldEnd: net=0, condition=100, published condition=0
W/Smack/Packet(  455): notify conn break (IOEx), close connection
D/ConnectivityService(  148): handleInetConditionHoldEnd: net=0, condition=0, published condition=100
D/dalvikvm(  218): GC_CONCURRENT freed 380K, 8% free 10079K/10887K, paused 2ms+3ms
I/GTalkService/c(  455): [AndroidEndpoint@1094660720] connect: acct=1000000, state=CONNECTING
D/dalvikvm(  455): GC_CONCURRENT freed 385K, 6% free 10048K/10631K, paused 2ms+2ms
D/ConnectivityService(  148): handleInetConditionHoldEnd: net=0, condition=100, published condition=0
W/Smack/Packet(  455): notify conn break (IOEx), close connection
D/ConnectivityService(  148): handleInetConditionHoldEnd: net=0, condition=0, published condition=100
I/GTalkService/c(  455): [AndroidEndpoint@1094660720] connect: acct=1000000, state=CONNECTING
D/ConnectivityService(  148): handleInetConditionHoldEnd: net=0, condition=100, published condition=0
W/Smack/Packet(  455): notify conn break (IOEx), close connection
D/ConnectivityService(  148): handleInetConditionHoldEnd: net=0, condition=0, published condition=100
D/AlarmManagerService(  148): Kernel timezone updated to 240 minutes west of GMT
D/SystemClock(  314): Setting time of day to sec=1333733402
V/AlarmClock(  557): AlarmInitReceiver finished
D/dalvikvm(  148): GC_CONCURRENT freed 928K, 11% free 13225K/14855K, paused 2ms+4ms
I/EventLogService(  455): Aggregate from 1333731818063 (log), 1333731818063 (data)
I/ServiceDumpSys(  455): dumping service [account]
I/GTalkService/c(  455): [AndroidEndpoint@1094660720] connect: acct=1000000, state=CONNECTING
D/dalvikvm(  455): GC_CONCURRENT freed 449K, 6% free 10066K/10631K, paused 1ms+4ms
D/ConnectivityService(  148): handleInetConditionHoldEnd: net=0, condition=100, published condition=0
W/Smack/Packet(  455): notify conn break (IOEx), close connection
D/ConnectivityService(  148): handleInetConditionHoldEnd: net=0, condition=0, published condition=100
I/GTalkService/c(  455): [AndroidEndpoint@1094660720] connect: acct=1000000, state=CONNECTING
W/Smack/Packet(  455): notify conn break (IOEx), close connection
W/GTalkService(  455): connectionEstablished for 1000000 - caught java.lang.IllegalStateException: Not connected to server.
W/GTalkService(  455): [AndroidEndpoint@1094660720] doConnect: reset connection state to PENDING
D/ConnectivityService(  148): handleInetConditionHoldEnd: net=0, condition=0, published condition=0
I/CheckinService(  455): Preparing to send checkin request
I/EventLogService(  455): Accumulating logs since 1333733618154
D/dalvikvm(  455): GC_CONCURRENT freed 460K, 6% free 10041K/10631K, paused 2ms+4ms
I/CheckinTask(  455): Sending checkin request (1737 bytes)
D/dalvikvm(  455): GC_CONCURRENT freed 340K, 5% free 10113K/10631K, paused 14ms+2ms
I/CheckinTask(  455): From server: 199 gservices
I/GservicesProvider(  455): main update completed
I/ActivityManager(  148): Start proc com.google.android.partnersetup for broadcast com.google.android.partnersetup/.GservicesChangedReceiver: pid=1358 uid=10022 gids={3003}
I/ActivityThread( 1358): Pub com.google.android.partnersetup.rlzprovider: com.google.android.partnersetup.RlzProvider
I/ActivityThread( 1358): Pub com.google.android.partnersetup.rlzappprovider: com.google.android.partnersetup.RlzAppProvider
I/SystemUpdateService(  455): cancelUpdate (update URL has changed)
I/ActivityManager(  148): Start proc com.google.android.voicesearch for broadcast com.google.android.voicesearch/.GservicesBroadcastReceiver: pid=1376 uid=10056 gids={3002, 3003, 1015}
I/ActivityManager(  148): START {flg=0x10000000 cmp=com.google.android.gsf/.update.SystemUpdateInstallDialog} from pid 455
I/ActivityManager(  148): START {flg=0x10000000 cmp=com.google.android.gsf/.update.SystemUpdateDownloadDialog} from pid 455
I/ActivityThread( 1376): Pub com.google.android.voicesearch: com.google.android.voicesearch.AudioProvider
I/SystemUpdateService(  455): starting download of http://android.clients.google.com/packages/ota/google_crespo/hR7QFEtn.zip
V/SystemUpdateService(  455): retry (wakeup: true) in 21599999 ms
I/PersonalizationPrefManagerImpl( 1376): No google account found
D/dalvikvm(  455): GC_CONCURRENT freed 356K, 5% free 10247K/10695K, paused 3ms+6ms
I/VoiceImeLanguageUpdater( 1376): #internalUpdateLanguages #56
I/CheckinTask(  455): Checkin success: https://android.clients.google.com/checkin (1 requests sent)
D/dalvikvm(  148): JIT code cache reset in 4 ms (1048404 bytes 1/0)
D/dalvikvm(  148): GC_EXPLICIT freed 763K, 11% free 13238K/14855K, paused 2ms+10ms
I/SystemUpdate.Download(  455): Started a new update download: http://android.clients.google.com/packages/ota/google_crespo/hR7QFEtn.zip (id 25; allowMobile=false)
V/SystemUpdateService(  455): onPostExecute: false
I/DownloadManager(  267): Initiating request for download 25
W/DownloadManager(  267): Aborting request for download 25: download was requested to not use the current network type
I/DownloadManager(  267): Initiating request for download 25
W/DownloadManager(  267): Aborting request for download 25: download was requested to not use the current network type
W/ActivityManager(  148): Activity idle timeout for ActivityRecord{4176a170 com.google.android.gsf/.update.SystemUpdateInstallDialog}
I/ActivityManager(  148): No longer want com.google.android.talk (pid 767): hidden #16
D/dalvikvm(  314): GC_CONCURRENT freed 408K, 6% free 9514K/10055K, paused 2ms+2ms
I/GTalkService/c(  455): [AndroidEndpoint@1094660720] connect: acct=1000001, state=CONNECTING
W/Smack/Packet(  455): notify conn break (IOEx), close connection
D/dalvikvm(  455): GC_CONCURRENT freed 598K, 7% free 10087K/10823K, paused 4ms+7ms
D/dalvikvm(  455): GC_EXPLICIT freed 52K, 8% free 10037K/10823K, paused 4ms+3ms
D/ConnectivityService(  148): handleInetConditionHoldEnd: net=0, condition=0, published condition=0
D/dalvikvm(  148): GC_CONCURRENT freed 1058K, 12% free 13114K/14855K, paused 3ms+4ms
I/GTalkService/c(  455): [AndroidEndpoint@1094660720] connect: acct=1000001, state=CONNECTING
D/ConnectivityService(  148): handleInetConditionHoldEnd: net=0, condition=100, published condition=0
W/Smack/Packet(  455): notify conn break (IOEx), close connection
D/ConnectivityService(  148): handleInetConditionHoldEnd: net=0, condition=0, published condition=100
D/dalvikvm( 1186): GC_CONCURRENT freed 420K, 7% free 10014K/10695K, paused 1ms+2ms
D/dalvikvm(  218): GC_CONCURRENT freed 381K, 8% free 10087K/10887K, paused 2ms+2ms
I/GTalkService/c(  455): [AndroidEndpoint@1094660720] connect: acct=1000001, state=CONNECTING
D/dalvikvm(  455): GC_CONCURRENT freed 362K, 8% free 10062K/10823K, paused 14ms+2ms
D/ConnectivityService(  148): handleInetConditionHoldEnd: net=0, condition=100, published condition=0
W/Smack/Packet(  455): notify conn break (IOEx), close connection
D/ConnectivityService(  148): handleInetConditionHoldEnd: net=0, condition=0, published condition=100
I/GTalkService/c(  455): [AndroidEndpoint@1094660720] connect: acct=1000001, state=CONNECTING
D/ConnectivityService(  148): handleInetConditionHoldEnd: net=0, condition=100, published condition=0
W/Smack/Packet(  455): notify conn break (IOEx), close connection
D/ConnectivityService(  148): handleInetConditionHoldEnd: net=0, condition=0, published condition=100
I/GTalkService/c(  455): [AndroidEndpoint@1094660720] connect: acct=1000001, state=CONNECTING
D/dalvikvm(  455): GC_CONCURRENT freed 393K, 8% free 10059K/10823K, paused 14ms+3ms
D/ConnectivityService(  148): handleInetConditionHoldEnd: net=0, condition=100, published condition=0
W/Smack/Packet(  455): notify conn break (IOEx), close connection
D/ConnectivityService(  148): handleInetConditionHoldEnd: net=0, condition=0, published condition=100
I/GTalkService/c(  455): [AndroidEndpoint@1094660720] connect: acct=1000001, state=CONNECTING
D/dalvikvm(  455): GC_CONCURRENT freed 390K, 8% free 10063K/10823K, paused 13ms+3ms
D/ConnectivityService(  148): handleInetConditionHoldEnd: net=0, condition=100, published condition=0
W/Smack/Packet(  455): notify conn break (IOEx), close connection
D/ConnectivityService(  148): handleInetConditionHoldEnd: net=0, condition=0, published condition=100
I/GTalkService/c(  455): [AndroidEndpoint@1094660720] connect: acct=1000001, state=CONNECTING
D/ConnectivityService(  148): handleInetConditionHoldEnd: net=0, condition=100, published condition=0
W/Smack/Packet(  455): notify conn break (IOEx), close connection
D/ConnectivityService(  148): handleInetConditionHoldEnd: net=0, condition=0, published condition=100
I/GTalkService/c(  455): [AndroidEndpoint@1094660720] connect: acct=1000001, state=CONNECTING
D/dalvikvm(  455): GC_CONCURRENT freed 396K, 8% free 10054K/10823K, paused 14ms+3ms
D/ConnectivityService(  148): handleInetConditionHoldEnd: net=0, condition=100, published condition=0
W/Smack/Packet(  455): notify conn break (IOEx), close connection
D/ConnectivityService(  148): handleInetConditionHoldEnd: net=0, condition=0, published condition=100
I/GTalkService/c(  455): [AndroidEndpoint@1094660720] connect: acct=1000001, state=CONNECTING
D/ConnectivityService(  148): handleInetConditionHoldEnd: net=0, condition=100, published condition=0
W/Smack/Packet(  455): notify conn break (IOEx), close connection
D/ConnectivityService(  148): handleInetConditionHoldEnd: net=0, condition=0, published condition=100
I/GTalkService/c(  455): [AndroidEndpoint@1094660720] connect: acct=1000001, state=CONNECTING
D/dalvikvm(  455): GC_CONCURRENT freed 386K, 8% free 10053K/10823K, paused 14ms+3ms
D/ConnectivityService(  148): handleInetConditionHoldEnd: net=0, condition=100, published condition=0
W/Smack/Packet(  455): notify conn break (IOEx), close connection
D/ConnectivityService(  148): handleInetConditionHoldEnd: net=0, condition=0, published condition=100
I/GTalkService/c(  455): [AndroidEndpoint@1094660720] connect: acct=1000001, state=CONNECTING
D/dalvikvm(  455): GC_CONCURRENT freed 384K, 8% free 10061K/10823K, paused 1ms+2ms
D/dalvikvm(  148): GC_CONCURRENT freed 884K, 12% free 13128K/14855K, paused 9ms+5ms
D/ConnectivityService(  148): handleInetConditionHoldEnd: net=0, condition=100, published condition=0
W/Smack/Packet(  455): notify conn break (IOEx), close connection
D/ConnectivityService(  148): handleInetConditionHoldEnd: net=0, condition=0, published condition=100
I/GTalkService/c(  455): [AndroidEndpoint@1094660720] connect: acct=1000001, state=CONNECTING
D/ConnectivityService(  148): handleInetConditionHoldEnd: net=0, condition=100, published condition=0
W/Smack/Packet(  455): notify conn break (IOEx), close connection
D/ConnectivityService(  148): handleInetConditionHoldEnd: net=0, condition=0, published condition=100
I/GTalkService/c(  455): [AndroidEndpoint@1094660720] connect: acct=1000001, state=CONNECTING
D/dalvikvm(  455): GC_CONCURRENT freed 380K, 7% free 10076K/10823K, paused 2ms+4ms
D/ConnectivityService(  148): handleInetConditionHoldEnd: net=0, condition=100, published condition=0
W/Smack/Packet(  455): notify conn break (IOEx), close connection
D/dalvikvm(  148): GC_EXPLICIT freed 192K, 13% free 13056K/14855K, paused 21ms+5ms
D/ConnectivityService(  148): handleInetConditionHoldEnd: net=0, condition=0, published condition=100
I/GTalkService/c(  455): [AndroidEndpoint@1094660720] connect: acct=1000001, state=CONNECTING
D/ConnectivityService(  148): handleInetConditionHoldEnd: net=0, condition=100, published condition=0
W/Smack/Packet(  455): notify conn break (IOEx), close connection
D/ConnectivityService(  148): handleInetConditionHoldEnd: net=0, condition=0, published condition=100
I/GTalkService/c(  455): [AndroidEndpoint@1094660720] connect: acct=1000001, state=CONNECTING
D/dalvikvm(  455): GC_CONCURRENT freed 417K, 8% free 10053K/10823K, paused 14ms+3ms
D/ConnectivityService(  148): handleInetConditionHoldEnd: net=0, condition=100, published condition=0
W/Smack/Packet(  455): notify conn break (IOEx), close connection
D/ConnectivityService(  148): handleInetConditionHoldEnd: net=0, condition=0, published condition=100
I/GTalkService/c(  455): [AndroidEndpoint@1094660720] connect: acct=1000001, state=CONNECTING
D/dalvikvm(  455): GC_CONCURRENT freed 385K, 8% free 10061K/10823K, paused 2ms+3ms
D/ConnectivityService(  148): handleInetConditionHoldEnd: net=0, condition=100, published condition=0
W/Smack/Packet(  455): notify conn break (IOEx), close connection
D/ConnectivityService(  148): handleInetConditionHoldEnd: net=0, condition=0, published condition=100
I/GTalkService/c(  455): [AndroidEndpoint@1094660720] connect: acct=1000001, state=CONNECTING
D/ConnectivityService(  148): handleInetConditionHoldEnd: net=0, condition=100, published condition=0
W/Smack/Packet(  455): notify conn break (IOEx), close connection
I/EventLogService(  455): Aggregate from 1333734022449 (log), 1333733618154 (data)
I/ServiceDumpSys(  455): dumping service [account]
D/ConnectivityService(  148): handleInetConditionHoldEnd: net=0, condition=0, published condition=100
I/GTalkService/c(  455): [AndroidEndpoint@1094660720] connect: acct=1000001, state=CONNECTING
D/dalvikvm(  455): GC_CONCURRENT freed 396K, 8% free 10060K/10823K, paused 14ms+3ms
D/ConnectivityService(  148): handleInetConditionHoldEnd: net=0, condition=100, published condition=0
W/Smack/Packet(  455): notify conn break (IOEx), close connection
D/ConnectivityService(  148): handleInetConditionHoldEnd: net=0, condition=0, published condition=100
I/GTalkService/c(  455): [AndroidEndpoint@1094660720] connect: acct=1000001, state=CONNECTING
D/dalvikvm(  455): GC_CONCURRENT freed 393K, 8% free 10060K/10823K, paused 2ms+2ms
D/ConnectivityService(  148): handleInetConditionHoldEnd: net=0, condition=100, published condition=0
W/Smack/Packet(  455): notify conn break (IOEx), close connection
D/ConnectivityService(  148): handleInetConditionHoldEnd: net=0, condition=0, published condition=100
I/GTalkService/c(  455): [AndroidEndpoint@1094660720] connect: acct=1000001, state=CONNECTING
D/ConnectivityService(  148): handleInetConditionHoldEnd: net=0, condition=100, published condition=0
W/Smack/Packet(  455): notify conn break (IOEx), close connection
D/ConnectivityService(  148): handleInetConditionHoldEnd: net=0, condition=0, published condition=100
I/GTalkService/c(  455): [AndroidEndpoint@1094660720] connect: acct=1000001, state=CONNECTING
D/dalvikvm(  455): GC_CONCURRENT freed 381K, 7% free 10074K/10823K, paused 2ms+2ms
D/ConnectivityService(  148): handleInetConditionHoldEnd: net=0, condition=100, published condition=0
W/Smack/Packet(  455): notify conn break (IOEx), close connection
D/ConnectivityService(  148): handleInetConditionHoldEnd: net=0, condition=0, published condition=100
I/GTalkService/c(  455): [AndroidEndpoint@1094660720] connect: acct=1000001, state=CONNECTING
D/ConnectivityService(  148): handleInetConditionHoldEnd: net=0, condition=100, published condition=0
W/Smack/Packet(  455): notify conn break (IOEx), close connection
D/ConnectivityService(  148): handleInetConditionHoldEnd: net=0, condition=0, published condition=100
I/GTalkService/c(  455): [AndroidEndpoint@1094660720] connect: acct=1000001, state=CONNECTING
D/dalvikvm(  455): GC_CONCURRENT freed 416K, 8% free 10053K/10823K, paused 14ms+3ms
D/ConnectivityService(  148): handleInetConditionHoldEnd: net=0, condition=100, published condition=0
W/Smack/Packet(  455): notify conn break (IOEx), close connection
D/ConnectivityService(  148): handleInetConditionHoldEnd: net=0, condition=0, published condition=100
I/GTalkService/c(  455): [AndroidEndpoint@1094660720] connect: acct=1000001, state=CONNECTING
D/dalvikvm(  455): GC_CONCURRENT freed 385K, 8% free 10061K/10823K, paused 2ms+2ms
D/ConnectivityService(  148): handleInetConditionHoldEnd: net=0, condition=100, published condition=0
W/Smack/Packet(  455): notify conn break (IOEx), close connection
D/ConnectivityService(  148): handleInetConditionHoldEnd: net=0, condition=0, published condition=100
I/GTalkService/c(  455): [AndroidEndpoint@1094660720] connect: acct=1000001, state=CONNECTING
D/ConnectivityService(  148): handleInetConditionHoldEnd: net=0, condition=100, published condition=0
W/Smack/Packet(  455): notify conn break (IOEx), close connection
D/ConnectivityService(  148): handleInetConditionHoldEnd: net=0, condition=0, published condition=100
I/GTalkService/c(  455): [AndroidEndpoint@1094660720] connect: acct=1000001, state=CONNECTING
D/dalvikvm(  148): GC_CONCURRENT freed 814K, 12% free 13136K/14855K, paused 16ms+6ms
D/dalvikvm(  455): GC_CONCURRENT freed 384K, 7% free 10076K/10823K, paused 2ms+3ms
D/ConnectivityService(  148): handleInetConditionHoldEnd: net=0, condition=100, published condition=0
I/ActivityManager(  148): No longer want com.android.settings (pid 483): hidden #16
W/Smack/Packet(  455): notify conn break (IOEx), close connection
D/ConnectivityService(  148): handleInetConditionHoldEnd: net=0, condition=0, published condition=100
I/GTalkService/c(  455): [AndroidEndpoint@1094660720] connect: acct=1000001, state=CONNECTING
D/ConnectivityService(  148): handleInetConditionHoldEnd: net=0, condition=100, published condition=0
W/Smack/Packet(  455): notify conn break (IOEx), close connection
D/ConnectivityService(  148): handleInetConditionHoldEnd: net=0, condition=0, published condition=100
I/GTalkService/c(  455): [AndroidEndpoint@1094660720] connect: acct=1000001, state=CONNECTING
D/dalvikvm(  455): GC_CONCURRENT freed 417K, 8% free 10052K/10823K, paused 14ms+2ms
D/ConnectivityService(  148): handleInetConditionHoldEnd: net=0, condition=100, published condition=0
W/Smack/Packet(  455): notify conn break (IOEx), close connection
D/ConnectivityService(  148): handleInetConditionHoldEnd: net=0, condition=0, published condition=100
I/GTalkService/c(  455): [AndroidEndpoint@1094660720] connect: acct=1000001, state=CONNECTING
D/dalvikvm(  455): GC_CONCURRENT freed 387K, 8% free 10060K/10823K, paused 2ms+2ms
D/dalvikvm(  148): GC_EXPLICIT freed 398K, 13% free 13059K/14855K, paused 2ms+4ms
D/ConnectivityService(  148): handleInetConditionHoldEnd: net=0, condition=100, published condition=0
W/Smack/Packet(  455): notify conn break (IOEx), close connection
D/ConnectivityService(  148): handleInetConditionHoldEnd: net=0, condition=0, published condition=100
I/GTalkService/c(  455): [AndroidEndpoint@1094660720] connect: acct=1000001, state=CONNECTING
D/ConnectivityService(  148): handleInetConditionHoldEnd: net=0, condition=100, published condition=0
W/Smack/Packet(  455): notify conn break (IOEx), close connection
D/ConnectivityService(  148): handleInetConditionHoldEnd: net=0, condition=0, published condition=100
I/GTalkService/c(  455): [AndroidEndpoint@1094660720] connect: acct=1000001, state=CONNECTING
D/dalvikvm(  455): GC_CONCURRENT freed 383K, 7% free 10073K/10823K, paused 2ms+3ms
D/ConnectivityService(  148): handleInetConditionHoldEnd: net=0, condition=100, published condition=0
W/Smack/Packet(  455): notify conn break (IOEx), close connection
D/ConnectivityService(  148): handleInetConditionHoldEnd: net=0, condition=0, published condition=100
I/GTalkService/c(  455): [AndroidEndpoint@1094660720] connect: acct=1000001, state=CONNECTING
D/ConnectivityService(  148): handleInetConditionHoldEnd: net=0, condition=100, published condition=0
W/Smack/Packet(  455): notify conn break (IOEx), close connection
D/ConnectivityService(  148): handleInetConditionHoldEnd: net=0, condition=0, published condition=100
I/GTalkService/c(  455): [AndroidEndpoint@1094660720] connect: acct=1000001, state=CONNECTING
D/dalvikvm(  455): GC_CONCURRENT freed 416K, 8% free 10051K/10823K, paused 14ms+2ms
D/ConnectivityService(  148): handleInetConditionHoldEnd: net=0, condition=100, published condition=0
D/dalvikvm(  218): GC_CONCURRENT freed 400K, 8% free 10072K/10887K, paused 14ms+2ms
W/Smack/Packet(  455): notify conn break (IOEx), close connection
D/ConnectivityService(  148): handleInetConditionHoldEnd: net=0, condition=0, published condition=100
I/GTalkService/c(  455): [AndroidEndpoint@1094660720] connect: acct=1000001, state=CONNECTING
D/dalvikvm(  455): GC_CONCURRENT freed 385K, 8% free 10061K/10823K, paused 2ms+3ms
D/ConnectivityService(  148): handleInetConditionHoldEnd: net=0, condition=100, published condition=0
W/Smack/Packet(  455): notify conn break (IOEx), close connection
D/ConnectivityService(  148): handleInetConditionHoldEnd: net=0, condition=0, published condition=100
I/GTalkService/c(  455): [AndroidEndpoint@1094660720] connect: acct=1000001, state=CONNECTING
D/ConnectivityService(  148): handleInetConditionHoldEnd: net=0, condition=100, published condition=0
W/Smack/Packet(  455): notify conn break (IOEx), close connection
D/ConnectivityService(  148): handleInetConditionHoldEnd: net=0, condition=0, published condition=100
I/GTalkService/c(  455): [AndroidEndpoint@1094660720] connect: acct=1000001, state=CONNECTING
D/dalvikvm(  455): GC_CONCURRENT freed 377K, 7% free 10074K/10823K, paused 2ms+3ms
D/ConnectivityService(  148): handleInetConditionHoldEnd: net=0, condition=100, published condition=0
W/Smack/Packet(  455): notify conn break (IOEx), close connection
D/ConnectivityService(  148): handleInetConditionHoldEnd: net=0, condition=0, published condition=100
I/GTalkService/c(  455): [AndroidEndpoint@1094660720] connect: acct=1000001, state=CONNECTING
W/Smack/Packet(  455): notify conn break (IOEx), close connection
D/ConnectivityService(  148): handleInetConditionHoldEnd: net=0, condition=100, published condition=0
D/ConnectivityService(  148): handleInetConditionHoldEnd: net=0, condition=0, published condition=100
I/GTalkService/c(  455): [AndroidEndpoint@1094660720] connect: acct=1000001, state=CONNECTING
D/dalvikvm(  455): GC_CONCURRENT freed 420K, 8% free 10053K/10823K, paused 14ms+3ms
D/ConnectivityService(  148): handleInetConditionHoldEnd: net=0, condition=100, published condition=0
W/Smack/Packet(  455): notify conn break (IOEx), close connection
D/ConnectivityService(  148): handleInetConditionHoldEnd: net=0, condition=0, published condition=100
I/GTalkService/c(  455): [AndroidEndpoint@1094660720] connect: acct=1000001, state=CONNECTING
D/dalvikvm(  455): GC_CONCURRENT freed 385K, 8% free 10060K/10823K, paused 2ms+2ms
D/ConnectivityService(  148): handleInetConditionHoldEnd: net=0, condition=100, published condition=0
W/Smack/Packet(  455): notify conn break (IOEx), close connection
D/ConnectivityService(  148): handleInetConditionHoldEnd: net=0, condition=0, published condition=100
I/GTalkService/c(  455): [AndroidEndpoint@1094660720] connect: acct=1000001, state=CONNECTING
D/ConnectivityService(  148): handleInetConditionHoldEnd: net=0, condition=100, published condition=0
W/Smack/Packet(  455): notify conn break (IOEx), close connection
D/ConnectivityService(  148): handleInetConditionHoldEnd: net=0, condition=0, published condition=100
I/GTalkService/c(  455): [AndroidEndpoint@1094660720] connect: acct=1000001, state=CONNECTING
D/dalvikvm(  455): GC_CONCURRENT freed 383K, 7% free 10073K/10823K, paused 1ms+3ms
D/ConnectivityService(  148): handleInetConditionHoldEnd: net=0, condition=100, published condition=0
W/Smack/Packet(  455): notify conn break (IOEx), close connection
D/ConnectivityService(  148): handleInetConditionHoldEnd: net=0, condition=0, published condition=100
I/GTalkService/c(  455): [AndroidEndpoint@1094660720] connect: acct=1000001, state=CONNECTING
D/ConnectivityService(  148): handleInetConditionHoldEnd: net=0, condition=100, published condition=0
W/Smack/Packet(  455): notify conn break (IOEx), close connection
D/ConnectivityService(  148): handleInetConditionHoldEnd: net=0, condition=0, published condition=100
I/GTalkService/c(  455): [AndroidEndpoint@1094660720] connect: acct=1000001, state=CONNECTING
D/dalvikvm(  455): GC_CONCURRENT freed 414K, 8% free 10053K/10823K, paused 14ms+3ms
D/dalvikvm(  148): GC_CONCURRENT freed 800K, 12% free 13143K/14855K, paused 16ms+6ms
D/ConnectivityService(  148): handleInetConditionHoldEnd: net=0, condition=100, published condition=0
W/Smack/Packet(  455): notify conn break (IOEx), close connection
D/ConnectivityService(  148): handleInetConditionHoldEnd: net=0, condition=0, published condition=100
I/GTalkService/c(  455): [AndroidEndpoint@1094660720] connect: acct=1000001, state=CONNECTING
D/dalvikvm(  455): GC_CONCURRENT freed 386K, 8% free 10061K/10823K, paused 2ms+3ms
D/ConnectivityService(  148): handleInetConditionHoldEnd: net=0, condition=100, published condition=0
W/Smack/Packet(  455): notify conn break (IOEx), close connection
D/ConnectivityService(  148): handleInetConditionHoldEnd: net=0, condition=0, published condition=100
I/GTalkService/c(  455): [AndroidEndpoint@1094660720] connect: acct=1000001, state=CONNECTING
D/ConnectivityService(  148): handleInetConditionHoldEnd: net=0, condition=100, published condition=0
W/Smack/Packet(  455): notify conn break (IOEx), close connection
D/ConnectivityService(  148): handleInetConditionHoldEnd: net=0, condition=0, published condition=100
I/GTalkService/c(  455): [AndroidEndpoint@1094660720] connect: acct=1000001, state=CONNECTING
D/dalvikvm(  455): GC_CONCURRENT freed 385K, 7% free 10072K/10823K, paused 2ms+3ms
D/dalvikvm(  148): GC_EXPLICIT freed 312K, 13% free 13059K/14855K, paused 20ms+4ms
W/Smack/Packet(  455): notify conn break (IOEx), close connection
D/ConnectivityService(  148): handleInetConditionHoldEnd: net=0, condition=0, published condition=0
I/GTalkService/c(  455): [AndroidEndpoint@1094660720] connect: acct=1000001, state=CONNECTING
D/ConnectivityService(  148): handleInetConditionHoldEnd: net=0, condition=100, published condition=0
W/Smack/Packet(  455): notify conn break (IOEx), close connection
D/ConnectivityService(  148): handleInetConditionHoldEnd: net=0, condition=0, published condition=100
I/GTalkService/c(  455): [AndroidEndpoint@1094660720] connect: acct=1000001, state=CONNECTING
D/dalvikvm(  455): GC_CONCURRENT freed 426K, 8% free 10035K/10823K, paused 2ms+2ms
D/ConnectivityService(  148): handleInetConditionHoldEnd: net=0, condition=100, published condition=0
W/Smack/Packet(  455): notify conn break (IOEx), close connection
D/ConnectivityService(  148): handleInetConditionHoldEnd: net=0, condition=0, published condition=100
D/AlarmManagerService(  148): Kernel timezone updated to 240 minutes west of GMT
D/SystemClock(  314): Setting time of day to sec=1333737004
V/AlarmClock(  557): AlarmInitReceiver finished
I/GTalkService/c(  455): [AndroidEndpoint@1094660720] connect: acct=1000001, state=CONNECTING
D/dalvikvm(  455): GC_CONCURRENT freed 392K, 8% free 10031K/10823K, paused 14ms+2ms
D/ConnectivityService(  148): handleInetConditionHoldEnd: net=0, condition=100, published condition=0
W/Smack/Packet(  455): notify conn break (IOEx), close connection
D/ConnectivityService(  148): handleInetConditionHoldEnd: net=0, condition=0, published condition=100
I/GTalkService/c(  455): [AndroidEndpoint@1094660720] connect: acct=1000001, state=CONNECTING
D/ConnectivityService(  148): handleInetConditionHoldEnd: net=0, condition=100, published condition=0
W/Smack/Packet(  455): notify conn break (IOEx), close connection
D/ConnectivityService(  148): handleInetConditionHoldEnd: net=0, condition=0, published condition=100
I/GTalkService/c(  455): [AndroidEndpoint@1094660720] connect: acct=1000001, state=CONNECTING
D/dalvikvm(  455): GC_CONCURRENT freed 362K, 8% free 10059K/10823K, paused 14ms+2ms
D/ConnectivityService(  148): handleInetConditionHoldEnd: net=0, condition=100, published condition=0
D/dalvikvm(  148): GC_CONCURRENT freed 821K, 12% free 13122K/14855K, paused 2ms+5ms
W/Smack/Packet(  455): notify conn break (IOEx), close connection
D/ConnectivityService(  148): handleInetConditionHoldEnd: net=0, condition=0, published condition=100
I/GTalkService/c(  455): [AndroidEndpoint@1094660720] connect: acct=1000001, state=CONNECTING
D/dalvikvm(  455): GC_CONCURRENT freed 380K, 8% free 10064K/10823K, paused 14ms+2ms
D/ConnectivityService(  148): handleInetConditionHoldEnd: net=0, condition=100, published condition=0
W/Smack/Packet(  455): notify conn break (IOEx), close connection
D/ConnectivityService(  148): handleInetConditionHoldEnd: net=0, condition=0, published condition=100
I/EventLogService(  455): Aggregate from 1333735418250 (log), 1333735418250 (data)
I/ServiceDumpSys(  455): dumping service [account]
I/GTalkService/c(  455): [AndroidEndpoint@1094660720] connect: acct=1000001, state=CONNECTING
D/ConnectivityService(  148): handleInetConditionHoldEnd: net=0, condition=100, published condition=0
W/Smack/Packet(  455): notify conn break (IOEx), close connection
D/ConnectivityService(  148): handleInetConditionHoldEnd: net=0, condition=0, published condition=100
I/GTalkService/c(  455): [AndroidEndpoint@1094660720] connect: acct=1000001, state=CONNECTING
D/dalvikvm(  455): GC_CONCURRENT freed 394K, 8% free 10059K/10823K, paused 14ms+2ms
D/dalvikvm(  455): GC_EXPLICIT freed 181K, 8% free 10027K/10823K, paused 17ms+3ms
D/ConnectivityService(  148): handleInetConditionHoldEnd: net=0, condition=100, published condition=0
W/Smack/Packet(  455): notify conn break (IOEx), close connection
D/ConnectivityService(  148): handleInetConditionHoldEnd: net=0, condition=0, published condition=100
I/GTalkService/c(  455): [AndroidEndpoint@1094660720] connect: acct=1000001, state=CONNECTING
D/ConnectivityService(  148): handleInetConditionHoldEnd: net=0, condition=100, published condition=0
W/Smack/Packet(  455): notify conn break (IOEx), close connection
D/ConnectivityService(  148): handleInetConditionHoldEnd: net=0, condition=0, published condition=100
I/GTalkService/c(  455): [AndroidEndpoint@1094660720] connect: acct=1000001, state=CONNECTING
D/dalvikvm(  455): GC_CONCURRENT freed 342K, 7% free 10075K/10823K, paused 1ms+3ms
D/ConnectivityService(  148): handleInetConditionHoldEnd: net=0, condition=100, published condition=0
W/Smack/Packet(  455): notify conn break (IOEx), close connection
D/ConnectivityService(  148): handleInetConditionHoldEnd: net=0, condition=0, published condition=100
I/GTalkService/c(  455): [AndroidEndpoint@1094660720] connect: acct=1000001, state=CONNECTING
D/ConnectivityService(  148): handleInetConditionHoldEnd: net=0, condition=100, published condition=0
W/Smack/Packet(  455): notify conn break (IOEx), close connection
D/ConnectivityService(  148): handleInetConditionHoldEnd: net=0, condition=0, published condition=100
D/dalvikvm(  218): GC_CONCURRENT freed 376K, 8% free 10082K/10887K, paused 2ms+3ms
I/GTalkService/c(  455): [AndroidEndpoint@1094660720] connect: acct=1000001, state=CONNECTING
D/dalvikvm(  455): GC_CONCURRENT freed 414K, 8% free 10053K/10823K, paused 15ms+3ms
D/dalvikvm(  148): GC_EXPLICIT freed 480K, 12% free 13091K/14855K, paused 24ms+5ms
W/Smack/Packet(  455): notify conn break (IOEx), close connection
D/ConnectivityService(  148): handleInetConditionHoldEnd: net=0, condition=0, published condition=0
I/GTalkService/c(  455): [AndroidEndpoint@1094660720] connect: acct=1000001, state=CONNECTING
D/dalvikvm(  455): GC_CONCURRENT freed 385K, 8% free 10061K/10823K, paused 2ms+3ms
D/ConnectivityService(  148): handleInetConditionHoldEnd: net=0, condition=100, published condition=0
W/Smack/Packet(  455): notify conn break (IOEx), close connection
D/ConnectivityService(  148): handleInetConditionHoldEnd: net=0, condition=0, published condition=100
I/GTalkService/c(  455): [AndroidEndpoint@1094660720] connect: acct=1000001, state=CONNECTING
W/Smack/Packet(  455): notify conn break (IOEx), close connection
D/ConnectivityService(  148): handleInetConditionHoldEnd: net=0, condition=0, published condition=0
D/dalvikvm(  314): GC_CONCURRENT freed 408K, 6% free 9513K/10055K, paused 16ms+2ms
I/GTalkService/c(  455): [AndroidEndpoint@1094660720] connect: acct=1000001, state=CONNECTING
D/dalvikvm(  455): GC_CONCURRENT freed 379K, 7% free 10076K/10823K, paused 2ms+3ms
D/ConnectivityService(  148): handleInetConditionHoldEnd: net=0, condition=100, published condition=0
W/Smack/Packet(  455): notify conn break (IOEx), close connection
D/ConnectivityService(  148): handleInetConditionHoldEnd: net=0, condition=0, published condition=100
I/GTalkService/c(  455): [AndroidEndpoint@1094660720] connect: acct=1000001, state=CONNECTING
D/ConnectivityService(  148): handleInetConditionHoldEnd: net=0, condition=100, published condition=0
W/Smack/Packet(  455): notify conn break (IOEx), close connection
D/ConnectivityService(  148): handleInetConditionHoldEnd: net=0, condition=0, published condition=100
I/ActivityManager(  148): Start proc com.android.mms for broadcast com.android.mms/.transaction.PrivilegedSmsReceiver: pid=1667 uid=10036 gids={3003, 1015}
D/dalvikvm(   79): GC_EXPLICIT freed 38K, 4% free 9028K/9347K, paused 2ms+14ms
I/ActivityThread( 1667): Pub mms_temp_file: com.android.mms.TempFileProvider
I/ActivityThread( 1667): Pub com.android.mms.SuggestionsProvider: com.android.mms.SuggestionsProvider
D/dalvikvm(   79): GC_EXPLICIT freed <1K, 4% free 9028K/9347K, paused 3ms+2ms
V/MmsConfig( 1667): mnc/mcc: 310260
V/MmsConfig( 1667): tag: int value: maxMessageSize - 1048576
V/MmsConfig( 1667): tag: int value: maxImageHeight - 1944
V/MmsConfig( 1667): tag: int value: maxImageWidth - 2592
V/MmsConfig( 1667): tag: string value: userAgent - Nexuss
V/MmsConfig( 1667): tag: string value: uaProfUrl - http://wap.samsungmobile.com/uaprof/GT-I9020T.xml
D/CountryDetectorService(  148): The first listener is added
D/dalvikvm(   79): GC_EXPLICIT freed <1K, 4% free 9028K/9347K, paused 2ms+13ms
I/ActivityManager(  148): Start proc com.google.android.apps.googlevoice for broadcast com.google.android.apps.googlevoice/.UpdateReceiver: pid=1686 uid=10058 gids={3003, 1015}
I/dalvikvm( 1686): Turning on JNI app bug workarounds for target SDK version 13...
V/SmsReceiverService( 1667): onStart: #1 mResultCode: -1 = Activity.RESULT_OK
I/ActivityManager(  148): No longer want com.google.android.music:main (pid 930): hidden #16
D/dalvikvm( 1667): GC_CONCURRENT freed 256K, 4% free 9273K/9607K, paused 2ms+2ms
D/dalvikvm( 1667): GC_CONCURRENT freed 229K, 4% free 9516K/9863K, paused 1ms+3ms
I/ActivityManager(  148): Start proc android.process.acore for content provider com.android.providers.contacts/.ContactsProvider2: pid=1703 uid=10000 gids={3003, 1015}
I/ActivityThread( 1703): Pub com.android.voicemail: com.android.providers.contacts.VoicemailContentProvider
I/ActivityThread( 1703): Pub user_dictionary: com.android.providers.userdictionary.UserDictionaryProvider
I/ActivityThread( 1703): Pub com.android.social: com.android.providers.contacts.SocialProvider
I/ActivityThread( 1703): Pub applications: com.android.providers.applications.ApplicationsProvider
I/ActivityThread( 1703): Pub contacts;com.android.contacts: com.android.providers.contacts.ContactsProvider2
I/ActivityThread( 1703): Pub call_log: com.android.providers.contacts.CallLogProvider
D/dalvikvm( 1703): GC_CONCURRENT freed 188K, 4% free 9302K/9607K, paused 2ms+1ms
I/ActivityManager(  148): No longer want com.android.vending (pid 852): hidden #16
D/dalvikvm(  148): GC_CONCURRENT freed 948K, 12% free 13119K/14855K, paused 3ms+5ms
D/dalvikvm(  314): GC_EXPLICIT freed 57K, 6% free 9512K/10055K, paused 3ms+3ms
I/AudioService(  148):  AudioFocus  requestAudioFocus() from android.media.AudioManager@4147f038
D/AudioHardware(   81): AudioHardware pcm playback is exiting standby.
D/AudioHardware(   81): openPcmOut_l() mPcmOpenCnt: 0
D/dalvikvm(  218): GC_CONCURRENT freed 178K, 5% free 10372K/10887K, paused 1ms+3ms
D/dalvikvm(  218): GC_FOR_ALLOC freed 198K, 7% free 10173K/10887K, paused 16ms
D/dalvikvm( 1703): GC_CONCURRENT freed 256K, 4% free 9474K/9863K, paused 80ms+35ms
I/ActivityManager(  148): No longer want com.google.android.apps.maps:NetworkLocationService (pid 1186): hidden #16
W/ActivityManager(  148): Scheduling restart of crashed service com.google.android.apps.maps/com.google.android.location.internal.server.NetworkLocationService in 5000ms
D/dalvikvm(  218): GC_FOR_ALLOC freed 268K, 7% free 10174K/10887K, paused 33ms
I/AudioService(  148):  AudioFocus  abandonAudioFocus() from android.media.AudioManager@4147f038
D/AudioHardware(   81): AudioHardware pcm playback is going to standby.
D/AudioHardware(   81): closePcmOut_l() mPcmOpenCnt: 1
I/ActivityManager(  148): Start proc com.google.android.apps.maps:NetworkLocationService for service com.google.android.apps.maps/com.google.android.location.internal.server.NetworkLocationService: pid=1725 uid=10032 gids={3003, 1015}
I/dalvikvm( 1725): Turning on JNI app bug workarounds for target SDK version 13...
D/dalvikvm( 1725): GC_CONCURRENT freed 158K, 3% free 9375K/9607K, paused 2ms+2ms
D/dalvikvm( 1725): GC_CONCURRENT freed 177K, 3% free 9738K/9991K, paused 2ms+3ms
D/dalvikvm( 1725): GC_CONCURRENT freed 171K, 3% free 10125K/10375K, paused 2ms+3ms
I/System.out( 1725): [INFO:474]: c: Running flush
D/dalvikvm( 1725): GC_CONCURRENT freed 788K, 9% free 9880K/10759K, paused 2ms+3ms
D/dalvikvm( 1725): GC_FOR_ALLOC freed 7K, 9% free 9873K/10759K, paused 21ms
I/dalvikvm-heap( 1725): Grow heap (frag case) to 9.744MB for 32784-byte allocation
D/dalvikvm( 1725): GC_FOR_ALLOC freed <1K, 9% free 9905K/10823K, paused 17ms
I/System.out( 1725): [INFO:544]: c: Sending payload [bytes=288]
I/System.out( 1725): [INFO:5544]: c: Running delayed flush
I/System.out( 1725): [INFO:5555]: c: Running flush
D/dalvikvm(  218): GC_FOR_ALLOC freed 113K, 6% free 10290K/10887K, paused 39ms
I/System.out( 1725): [INFO:7396]: c: Response [http=200,length=91]
I/System.out( 1725): [INFO:7406]: c: Read id 1, status code 200
I/GTalkService/c(  455): [AndroidEndpoint@1094660720] connect: acct=1000001, state=CONNECTING
D/dalvikvm(  455): GC_CONCURRENT freed 422K, 8% free 10041K/10823K, paused 2ms+3ms
D/ConnectivityService(  148): handleInetConditionHoldEnd: net=0, condition=100, published condition=0
W/Smack/Packet(  455): notify conn break (IOEx), close connection
D/ConnectivityService(  148): handleInetConditionHoldEnd: net=0, condition=0, published condition=100
I/GTalkService/c(  455): [AndroidEndpoint@1094660720] connect: acct=1000001, state=CONNECTING
D/dalvikvm(  455): GC_CONCURRENT freed 401K, 8% free 10051K/10823K, paused 2ms+2ms
I/System.out(  455): [INFO:11532617]: LogSource: Running flush
I/System.out(  455): [INFO:11532629]: LogSource: Sending payload [bytes=231]
W/LocationBasedCountryDetector(  148): Exception occurs when getting country from location
I/System.out(  455): [INFO:11537629]: LogSource: Running delayed flush
I/System.out(  455): [INFO:11537640]: LogSource: Running flush
I/System.out(  455): [INFO:11537650]: LogSource: Sending payload [bytes=231]
I/System.out(  455): [INFO:11542651]: LogSource: Running delayed flush
I/System.out(  455): [INFO:11542662]: LogSource: Running flush
I/System.out(  455): [INFO:11542674]: LogSource: Sending payload [bytes=231]
I/System.out(  455): [INFO:11543157]: LogSource: Response [http=200,length=213]
I/System.out(  455): [INFO:11543159]: LogSource: Read id 2, status code 200
D/ConnectivityService(  148): handleInetConditionHoldEnd: net=0, condition=100, published condition=0
D/dalvikvm(  455): GC_CONCURRENT freed 318K, 7% free 10136K/10823K, paused 2ms+3ms
I/System.out(  455): [INFO:11546560]: LogSource: Response [http=200,length=213]
I/System.out(  455): [INFO:11546561]: LogSource: Read id 2, status code 200
I/System.out(  455): [INFO:11548990]: LogSource: Response [http=200,length=213]
I/System.out(  455): [INFO:11548995]: LogSource: Read id 2, status code 200
W/Smack/Packet(  455): notify conn break (IOEx), close connection
D/ConnectivityService(  148): handleInetConditionHoldEnd: net=0, condition=0, published condition=100
I/GTalkService/c(  455): [AndroidEndpoint@1094660720] connect: acct=1000001, state=CONNECTING
I/dalvikvm(  455): Jit: resizing JitTable from 4096 to 8192
D/ConnectivityService(  148): handleInetConditionHoldEnd: net=0, condition=100, published condition=0
W/Smack/Packet(  455): notify conn break (IOEx), close connection
D/ConnectivityService(  148): handleInetConditionHoldEnd: net=0, condition=0, published condition=100
I/GTalkService/c(  455): [AndroidEndpoint@1094660720] connect: acct=1000001, state=CONNECTING
D/dalvikvm(  455): GC_CONCURRENT freed 359K, 7% free 10168K/10823K, paused 14ms+3ms
D/dalvikvm(  148): GC_EXPLICIT freed 700K, 12% free 13115K/14855K, paused 19ms+5ms
D/ConnectivityService(  148): handleInetConditionHoldEnd: net=0, condition=100, published condition=0
W/Smack/Packet(  455): notify conn break (IOEx), close connection
D/ConnectivityService(  148): handleInetConditionHoldEnd: net=0, condition=0, published condition=100
I/GTalkService/c(  455): [AndroidEndpoint@1094660720] connect: acct=1000001, state=CONNECTING
D/dalvikvm(  455): GC_CONCURRENT freed 381K, 7% free 10173K/10823K, paused 14ms+3ms
D/ConnectivityService(  148): handleInetConditionHoldEnd: net=0, condition=100, published condition=0
W/Smack/Packet(  455): notify conn break (IOEx), close connection
D/ConnectivityService(  148): handleInetConditionHoldEnd: net=0, condition=0, published condition=100
I/GTalkService/c(  455): [AndroidEndpoint@1094660720] connect: acct=1000001, state=CONNECTING
D/ConnectivityService(  148): handleInetConditionHoldEnd: net=0, condition=100, published condition=0
W/Smack/Packet(  455): notify conn break (IOEx), close connection
D/ConnectivityService(  148): handleInetConditionHoldEnd: net=0, condition=0, published condition=100
I/GTalkService/c(  455): [AndroidEndpoint@1094660720] connect: acct=1000001, state=CONNECTING
D/dalvikvm(  455): GC_CONCURRENT freed 378K, 6% free 10185K/10823K, paused 2ms+3ms
D/ConnectivityService(  148): handleInetConditionHoldEnd: net=0, condition=100, published condition=0
W/Smack/Packet(  455): notify conn break (IOEx), close connection
D/ConnectivityService(  148): handleInetConditionHoldEnd: net=0, condition=0, published condition=100
I/GTalkService/c(  455): [AndroidEndpoint@1094660720] connect: acct=1000001, state=CONNECTING
D/ConnectivityService(  148): handleInetConditionHoldEnd: net=0, condition=100, published condition=0
W/Smack/Packet(  455): notify conn break (IOEx), close connection
D/ConnectivityService(  148): handleInetConditionHoldEnd: net=0, condition=0, published condition=100
I/GTalkService/c(  455): [AndroidEndpoint@1094660720] connect: acct=1000001, state=CONNECTING
D/dalvikvm(  455): GC_CONCURRENT freed 414K, 7% free 10163K/10823K, paused 14ms+3ms
D/ConnectivityService(  148): handleInetConditionHoldEnd: net=0, condition=100, published condition=0
W/Smack/Packet(  455): notify conn break (IOEx), close connection
D/ConnectivityService(  148): handleInetConditionHoldEnd: net=0, condition=0, published condition=100
I/GTalkService/c(  455): [AndroidEndpoint@1094660720] connect: acct=1000001, state=CONNECTING
D/dalvikvm(  455): GC_CONCURRENT freed 387K, 7% free 10171K/10823K, paused 2ms+2ms
D/ConnectivityService(  148): handleInetConditionHoldEnd: net=0, condition=100, published condition=0
W/Smack/Packet(  455): notify conn break (IOEx), close connection
D/ConnectivityService(  148): handleInetConditionHoldEnd: net=0, condition=0, published condition=100
I/GTalkService/c(  455): [AndroidEndpoint@1094660720] connect: acct=1000001, state=CONNECTING
D/ConnectivityService(  148): handleInetConditionHoldEnd: net=0, condition=100, published condition=0
W/Smack/Packet(  455): notify conn break (IOEx), close connection
D/ConnectivityService(  148): handleInetConditionHoldEnd: net=0, condition=0, published condition=100
I/GTalkService/c(  455): [AndroidEndpoint@1094660720] connect: acct=1000001, state=CONNECTING
D/dalvikvm(  455): GC_CONCURRENT freed 382K, 6% free 10183K/10823K, paused 2ms+3ms
D/ConnectivityService(  148): handleInetConditionHoldEnd: net=0, condition=100, published condition=0
W/Smack/Packet(  455): notify conn break (IOEx), close connection
D/ConnectivityService(  148): handleInetConditionHoldEnd: net=0, condition=0, published condition=100
I/GTalkService/c(  455): [AndroidEndpoint@1094660720] connect: acct=1000001, state=CONNECTING
D/ConnectivityService(  148): handleInetConditionHoldEnd: net=0, condition=100, published condition=0
W/Smack/Packet(  455): notify conn break (IOEx), close connection
D/ConnectivityService(  148): handleInetConditionHoldEnd: net=0, condition=0, published condition=100
I/GTalkService/c(  455): [AndroidEndpoint@1094660720] connect: acct=1000001, state=CONNECTING
D/dalvikvm(  455): GC_CONCURRENT freed 412K, 7% free 10160K/10823K, paused 14ms+2ms
D/ConnectivityService(  148): handleInetConditionHoldEnd: net=0, condition=100, published condition=0
W/Smack/Packet(  455): notify conn break (IOEx), close connection
D/ConnectivityService(  148): handleInetConditionHoldEnd: net=0, condition=0, published condition=100
D/dalvikvm(  148): GC_CONCURRENT freed 866K, 12% free 13150K/14855K, paused 3ms+5ms
D/dalvikvm( 1725): GC_CONCURRENT freed 282K, 8% free 10006K/10823K, paused 18ms+2ms
I/EventLogService(  455): Aggregate from 1333737218364 (log), 1333737218364 (data)
I/ServiceDumpSys(  455): dumping service [account]
I/GTalkService/c(  455): [AndroidEndpoint@1094660720] connect: acct=1000001, state=CONNECTING
D/dalvikvm(  455): GC_CONCURRENT freed 395K, 7% free 10157K/10823K, paused 2ms+2ms
D/ConnectivityService(  148): handleInetConditionHoldEnd: net=0, condition=100, published condition=0
W/Smack/Packet(  455): notify conn break (IOEx), close connection
D/ConnectivityService(  148): handleInetConditionHoldEnd: net=0, condition=0, published condition=100
D/dalvikvm(  218): GC_CONCURRENT freed 372K, 6% free 10302K/10887K, paused 1ms+2ms
I/GTalkService/c(  455): [AndroidEndpoint@1094660720] connect: acct=1000001, state=CONNECTING
D/ConnectivityService(  148): handleInetConditionHoldEnd: net=0, condition=100, published condition=0
W/Smack/Packet(  455): notify conn break (IOEx), close connection
D/ConnectivityService(  148): handleInetConditionHoldEnd: net=0, condition=0, published condition=100
I/GTalkService/c(  455): [AndroidEndpoint@1094660720] connect: acct=1000001, state=CONNECTING
D/dalvikvm(  455): GC_CONCURRENT freed 389K, 7% free 10165K/10823K, paused 14ms+2ms
D/ConnectivityService(  148): handleInetConditionHoldEnd: net=0, condition=100, published condition=0
W/Smack/Packet(  455): notify conn break (IOEx), close connection
D/ConnectivityService(  148): handleInetConditionHoldEnd: net=0, condition=0, published condition=100
I/GTalkService/c(  455): [AndroidEndpoint@1094660720] connect: acct=1000001, state=CONNECTING
D/dalvikvm(  455): GC_CONCURRENT freed 386K, 7% free 10171K/10823K, paused 2ms+3ms
D/ConnectivityService(  148): handleInetConditionHoldEnd: net=0, condition=100, published condition=0
W/Smack/Packet(  455): notify conn break (IOEx), close connection
D/ConnectivityService(  148): handleInetConditionHoldEnd: net=0, condition=0, published condition=100
I/GTalkService/c(  455): [AndroidEndpoint@1094660720] connect: acct=1000001, state=CONNECTING
D/dalvikvm(  148): GC_EXPLICIT freed 920K, 12% free 13135K/14855K, paused 13ms+5ms
D/ConnectivityService(  148): handleInetConditionHoldEnd: net=0, condition=100, published condition=0
W/Smack/Packet(  455): notify conn break (IOEx), close connection
D/ConnectivityService(  148): handleInetConditionHoldEnd: net=0, condition=0, published condition=100
I/GTalkService/c(  455): [AndroidEndpoint@1094660720] connect: acct=1000001, state=CONNECTING
D/dalvikvm(  455): GC_CONCURRENT freed 383K, 6% free 10183K/10823K, paused 2ms+3ms
W/Smack/Packet(  455): notify conn break (IOEx), close connection
D/ConnectivityService(  148): handleInetConditionHoldEnd: net=0, condition=0, published condition=0
I/GTalkService/c(  455): [AndroidEndpoint@1094660720] connect: acct=1000001, state=CONNECTING
I/ActivityManager(  148): No longer want com.google.android.apps.uploader (pid 962): hidden #16
D/ConnectivityService(  148): handleInetConditionHoldEnd: net=0, condition=100, published condition=0
W/Smack/Packet(  455): notify conn break (IOEx), close connection
D/ConnectivityService(  148): handleInetConditionHoldEnd: net=0, condition=0, published condition=100
I/GTalkService/c(  455): [AndroidEndpoint@1094660720] connect: acct=1000001, state=CONNECTING
D/dalvikvm(  455): GC_CONCURRENT freed 413K, 7% free 10163K/10823K, paused 14ms+3ms
D/ConnectivityService(  148): handleInetConditionHoldEnd: net=0, condition=100, published condition=0
W/Smack/Packet(  455): notify conn break (IOEx), close connection
D/ConnectivityService(  148): handleInetConditionHoldEnd: net=0, condition=0, published condition=100
I/GTalkService/c(  455): [AndroidEndpoint@1094660720] connect: acct=1000001, state=CONNECTING
D/dalvikvm(  455): GC_CONCURRENT freed 386K, 7% free 10171K/10823K, paused 2ms+2ms
D/ConnectivityService(  148): handleInetConditionHoldEnd: net=0, condition=100, published condition=0
W/Smack/Packet(  455): notify conn break (IOEx), close connection
D/ConnectivityService(  148): handleInetConditionHoldEnd: net=0, condition=0, published condition=100
I/GTalkService/c(  455): [AndroidEndpoint@1094660720] connect: acct=1000001, state=CONNECTING
D/ConnectivityService(  148): handleInetConditionHoldEnd: net=0, condition=100, published condition=0
W/Smack/Packet(  455): notify conn break (IOEx), close connection
D/ConnectivityService(  148): handleInetConditionHoldEnd: net=0, condition=0, published condition=100
I/GTalkService/c(  455): [AndroidEndpoint@1094660720] connect: acct=1000001, state=CONNECTING
D/dalvikvm(  455): GC_CONCURRENT freed 381K, 6% free 10185K/10823K, paused 2ms+3ms
