W/System.err( 1058): 	at com.android.internal.os.ZygoteInit.main(ZygoteInit.java:551)
W/System.err( 1058): 	at dalvik.system.NativeStart.main(Native Method)
W/System.err( 1058): Caused by: java.net.ConnectException: failed to connect to /128.30.66.123 (port 8213): connect failed: ECONNREFUSED (Connection refused)
W/System.err( 1058): 	at libcore.io.IoBridge.connect(IoBridge.java:114)
W/System.err( 1058): 	at java.net.PlainSocketImpl.connect(PlainSocketImpl.java:192)
W/System.err( 1058): 	at java.net.PlainSocketImpl.connect(PlainSocketImpl.java:459)
W/System.err( 1058): 	at java.net.Socket.connect(Socket.java:842)
W/System.err( 1058): 	at org.apache.http.conn.scheme.PlainSocketFactory.connectSocket(PlainSocketFactory.java:119)
W/System.err( 1058): 	at org.apache.http.impl.conn.DefaultClientConnectionOperator.openConnection(DefaultClientConnectionOperator.java:144)
W/System.err( 1058): 	... 18 more
W/System.err( 1058): Caused by: libcore.io.ErrnoException: connect failed: ECONNREFUSED (Connection refused)
W/System.err( 1058): 	at libcore.io.Posix.connect(Native Method)
W/System.err( 1058): 	at libcore.io.BlockGuardOs.connect(BlockGuardOs.java:85)
W/System.err( 1058): 	at libcore.io.IoBridge.connectErrno(IoBridge.java:127)
W/System.err( 1058): 	at libcore.io.IoBridge.connect(IoBridge.java:112)
W/System.err( 1058): 	... 23 more
I/CameraCloud( 1058): 1333727612334: Failed to complete the server request
I/CameraCloud( 1058): 1333727612337: Inside _enableButtons
I/CameraCloud( 1058): 1333727612338: areButtonsEnabled --> true
I/CameraCloud( 1058): 1333727612338: takeNum=4 takeCamGood=4 takeGoodSave=0 takeBad=4 getNum=5 getGood=0 getBad=5
I/CameraCloud( 1058): 1333727612338: takeBad++
I/CameraCloud( 1058): 1333727612338: end of client send picture method
D/dalvikvm( 1058): GC_CONCURRENT freed 668K, 19% free 11664K/14343K, paused 2ms+3ms
I/CameraCloud( 1058): 1333727612427: .......... GPS onLocationChanged ...... 
I/CameraCloud( 1058): 1333727612428: Loc = Location[mProvider=gps,mTime=1333814012000,mLatitude=42.36497327525821,mLongitude=-71.1028400857391,mHasAltitude=true,mAltitude=-5.0,mHasSpeed=true,mSpeed=0.28517053,mHasBearing=true,mBearing=20.046791,mHasAccuracy=true,mAccuracy=10.0,mExtras=Bundle[mParcelledData.dataSize=4]] Previous Region = (5,0)
I/CameraCloud( 1058): 1333727612428: GPS x/long:-71.1028400857391, GPS y/lat: 42.36497327525821. Region width in x: 51.96152422706632
I/CameraCloud( 1058): 1333727612429: location PINPOINTS to region = 5.0, previous 5
I/CameraCloud( 1058): 1333727612429: stay at region 5
W/InputManagerService(  148): Window already focused, ignoring focus gain of: com.android.internal.view.IInputMethodClient$Stub$Proxy@415b9548
D/dalvikvm(  314): GC_CONCURRENT freed 434K, 6% free 9508K/10055K, paused 4ms+2ms
I/CameraCloud( 1058): 1333727619654: .......... GPS onLocationChanged ...... 
I/CameraCloud( 1058): 1333727619655: Loc = Location[mProvider=gps,mTime=1333814021000,mLatitude=42.36497571981788,mLongitude=-71.10278946146627,mHasAltitude=true,mAltitude=-19.0,mHasSpeed=true,mSpeed=0.0,mHasBearing=true,mBearing=26.808397,mHasAccuracy=true,mAccuracy=10.0,mExtras=Bundle[mParcelledData.dataSize=4]] Previous Region = (5,0)
I/CameraCloud( 1058): 1333727619656: GPS x/long:-71.10278946146627, GPS y/lat: 42.36497571981788. Region width in x: 51.96152422706632
I/CameraCloud( 1058): 1333727619656: location PINPOINTS to region = 5.0, previous 5
I/CameraCloud( 1058): 1333727619656: stay at region 5
I/CameraCloud( 1058): 1333727620656: .......... GPS onLocationChanged ...... 
I/CameraCloud( 1058): 1333727620657: Loc = Location[mProvider=gps,mTime=1333814022000,mLatitude=42.364976372958125,mLongitude=-71.10276876990181,mHasAltitude=true,mAltitude=-21.0,mHasSpeed=true,mSpeed=0.3994846,mHasBearing=true,mBearing=30.851341,mHasAccuracy=true,mAccuracy=10.0,mExtras=Bundle[mParcelledData.dataSize=4]] Previous Region = (5,0)
I/CameraCloud( 1058): 1333727620659: GPS x/long:-71.10276876990181, GPS y/lat: 42.364976372958125. Region width in x: 51.96152422706632
I/CameraCloud( 1058): 1333727620659: location PINPOINTS to region = 5.0, previous 5
I/CameraCloud( 1058): 1333727620660: stay at region 5
I/CameraCloud( 1058): 1333727621626: .......... GPS onLocationChanged ...... 
I/CameraCloud( 1058): 1333727621627: Loc = Location[mProvider=gps,mTime=1333814023000,mLatitude=42.364977921961106,mLongitude=-71.10275026704987,mHasAltitude=true,mAltitude=-23.0,mHasSpeed=true,mSpeed=0.0,mHasBearing=true,mBearing=42.125042,mHasAccuracy=true,mAccuracy=15.0,mExtras=Bundle[mParcelledData.dataSize=4]] Previous Region = (5,0)
I/CameraCloud( 1058): 1333727621628: GPS x/long:-71.10275026704987, GPS y/lat: 42.364977921961106. Region width in x: 51.96152422706632
I/CameraCloud( 1058): 1333727621628: location PINPOINTS to region = 5.0, previous 5
I/CameraCloud( 1058): 1333727621628: stay at region 5
I/CameraCloud( 1058): 1333727622194: canPressButton = TRUE
I/CameraCloud( 1058): 1333727622196: areButtonsEnabled --> false 
I/CameraCloud( 1058): 1333727622204: Inside get photo disableButtons XXX
D/AudioHardware(   81): AudioHardware pcm playback is exiting standby.
D/AudioHardware(   81): openPcmOut_l() mPcmOpenCnt: 0
I/CameraCloud( 1058): 1333727622254: takeNum=4 takeCamGood=4 takeGoodSave=0 takeBad=4 getNum=6 getGood=0 getBad=5
I/CameraCloud( 1058): 1333727622254: ** Clicked getphotos Button from region 4 **
I/CameraCloud( 1058): 1333727622254: Trying to get photo from server, about to call serverRequest()
I/CameraCloud( 1058): 1333727622255: Server request to url: http://hermes5.csail.mit.edu:8213/102/4/0/
I/CameraCloud( 1058): 1333727622257: Cloud server request length: 12
I/CameraCloud( 1058): 1333727622257: about to execute HTTP POST
I/CameraCloud( 1058): 1333727622257: in serverRequest() about to httpclient.execute()
D/AudioHardware(   81): AudioHardware pcm playback is going to standby.
D/AudioHardware(   81): closePcmOut_l() mPcmOpenCnt: 1
I/CameraCloud( 1058): 1333727626106: CameraCloud Execute HTTP latency: 3849ms
I/CameraCloud( 1058): 1333727626123: finished executing HTTP POST, get data
I/CameraCloud( 1058): 1333727626125: make input stream reader for data
I/CameraCloud( 1058): 1333727626157: Cloud response length: 18
I/CameraCloud( 1058): 1333727626158: Returning cloud object
I/CameraCloud( 1058): 1333727626160: CameraCloud download photo latency = 3905
I/CameraCloud( 1058): 1333727626161: CameraCloud download start 1333727622255 ~ stop 1333727626160
I/CameraCloud( 1058): 1333727626161: PHOTO DATA is NULL, perhaps region doesn't have a photo yet
I/CameraCloud( 1058): 1333727626164: Done with Get photos button for region 4
I/CameraCloud( 1058): 1333727626165: Inside _enableButtons
I/CameraCloud( 1058): 1333727626165: areButtonsEnabled --> true
I/CameraCloud( 1058): 1333727626165: takeNum=4 takeCamGood=4 takeGoodSave=0 takeBad=4 getNum=6 getGood=0 getBad=6
I/CameraCloud( 1058): 1333727626166: getBad++
I/CameraCloud( 1058): 1333727626219: .......... GPS onLocationChanged ...... 
I/CameraCloud( 1058): 1333727626219: Loc = Location[mProvider=gps,mTime=1333814024000,mLatitude=42.36498022229606,mLongitude=-71.10272736504456,mHasAltitude=true,mAltitude=-24.0,mHasSpeed=true,mSpeed=0.0,mHasBearing=true,mBearing=34.67907,mHasAccuracy=true,mAccuracy=10.0,mExtras=Bundle[mParcelledData.dataSize=4]] Previous Region = (5,0)
I/CameraCloud( 1058): 1333727626220: GPS x/long:-71.10272736504456, GPS y/lat: 42.36498022229606. Region width in x: 51.96152422706632
I/CameraCloud( 1058): 1333727626220: location PINPOINTS to region = 5.0, previous 5
I/CameraCloud( 1058): 1333727626220: stay at region 5
I/CameraCloud( 1058): 1333727626221: .......... GPS onLocationChanged ...... 
I/CameraCloud( 1058): 1333727626222: Loc = Location[mProvider=gps,mTime=1333814026000,mLatitude=42.36498755474426,mLongitude=-71.10271136625151,mHasAltitude=true,mAltitude=-26.0,mHasSpeed=true,mSpeed=0.33736736,mHasBearing=true,mBearing=5.5749736,mHasAccuracy=true,mAccuracy=10.0,mExtras=Bundle[mParcelledData.dataSize=4]] Previous Region = (5,0)
I/CameraCloud( 1058): 1333727626223: GPS x/long:-71.10271136625151, GPS y/lat: 42.36498755474426. Region width in x: 51.96152422706632
I/CameraCloud( 1058): 1333727626223: location PINPOINTS to region = 5.0, previous 5
I/CameraCloud( 1058): 1333727626223: stay at region 5
W/InputManagerService(  148): Window already focused, ignoring focus gain of: com.android.internal.view.IInputMethodClient$Stub$Proxy@41750aa8
D/dalvikvm(  709): GC_CONCURRENT freed 382K, 7% free 10045K/10759K, paused 2ms+3ms
D/dalvikvm(  148): GC_CONCURRENT freed 720K, 14% free 12347K/14215K, paused 30ms+5ms
I/CameraCloud( 1058): 1333727631673: canPressButton = TRUE
I/CameraCloud( 1058): 1333727631673: areButtonsEnabled --> false 
I/CameraCloud( 1058): 1333727631680: Inside get photo disableButtons XXX
D/AudioHardware(   81): AudioHardware pcm playback is exiting standby.
D/AudioHardware(   81): openPcmOut_l() mPcmOpenCnt: 0
I/CameraCloud( 1058): 1333727631713: takeNum=4 takeCamGood=4 takeGoodSave=0 takeBad=4 getNum=7 getGood=0 getBad=6
I/CameraCloud( 1058): 1333727631714: ** Clicked getphotos Button from region 3 **
I/CameraCloud( 1058): 1333727631714: Trying to get photo from server, about to call serverRequest()
I/CameraCloud( 1058): 1333727631714: Server request to url: http://hermes5.csail.mit.edu:8213/102/3/0/
I/CameraCloud( 1058): 1333727631717: Cloud server request length: 12
I/CameraCloud( 1058): 1333727631717: about to execute HTTP POST
I/CameraCloud( 1058): 1333727631717: in serverRequest() about to httpclient.execute()
I/CameraCloud( 1058): 1333727632891: CameraCloud Execute HTTP latency: 1174ms
I/CameraCloud( 1058): 1333727632895: finished executing HTTP POST, get data
I/CameraCloud( 1058): 1333727632901: make input stream reader for data
I/CameraCloud( 1058): 1333727632903: Cloud response length: 18
I/CameraCloud( 1058): 1333727632938: Returning cloud object
I/CameraCloud( 1058): 1333727632951: CameraCloud download photo latency = 1237
I/CameraCloud( 1058): 1333727632952: CameraCloud download start 1333727631714 ~ stop 1333727632951
I/CameraCloud( 1058): 1333727632952: PHOTO DATA is NULL, perhaps region doesn't have a photo yet
I/CameraCloud( 1058): 1333727632956: Done with Get photos button for region 3
I/CameraCloud( 1058): 1333727632957: Inside _enableButtons
I/CameraCloud( 1058): 1333727632957: areButtonsEnabled --> true
I/CameraCloud( 1058): 1333727632957: takeNum=4 takeCamGood=4 takeGoodSave=0 takeBad=4 getNum=7 getGood=0 getBad=7
I/CameraCloud( 1058): 1333727632957: getBad++
I/CameraCloud( 1058): 1333727633030: .......... GPS onLocationChanged ...... 
I/CameraCloud( 1058): 1333727633031: Loc = Location[mProvider=gps,mTime=1333814034000,mLatitude=42.364997181647574,mLongitude=-71.10272112785215,mHasAltitude=true,mAltitude=-25.0,mHasSpeed=true,mSpeed=0.0,mHasBearing=true,mBearing=322.05115,mHasAccuracy=true,mAccuracy=20.0,mExtras=Bundle[mParcelledData.dataSize=4]] Previous Region = (5,0)
I/CameraCloud( 1058): 1333727633031: GPS x/long:-71.10272112785215, GPS y/lat: 42.364997181647574. Region width in x: 51.96152422706632
I/CameraCloud( 1058): 1333727633032: location PINPOINTS to region = 5.0, previous 5
I/CameraCloud( 1058): 1333727633032: stay at region 5
W/InputManagerService(  148): Window already focused, ignoring focus gain of: com.android.internal.view.IInputMethodClient$Stub$Proxy@416f8618
D/AudioHardware(   81): AudioHardware pcm playback is going to standby.
D/AudioHardware(   81): closePcmOut_l() mPcmOpenCnt: 1
I/CameraCloud( 1058): 1333727635682: .......... GPS onLocationChanged ...... 
I/CameraCloud( 1058): 1333727635683: Loc = Location[mProvider=gps,mTime=1333814037000,mLatitude=42.36500667461829,mLongitude=-71.10272362727653,mHasAltitude=true,mAltitude=-25.0,mHasSpeed=true,mSpeed=0.3355931,mHasBearing=true,mBearing=288.82022,mHasAccuracy=true,mAccuracy=15.0,mExtras=Bundle[mParcelledData.dataSize=4]] Previous Region = (5,0)
I/CameraCloud( 1058): 1333727635683: GPS x/long:-71.10272362727653, GPS y/lat: 42.36500667461829. Region width in x: 51.96152422706632
I/CameraCloud( 1058): 1333727635684: location PINPOINTS to region = 5.0, previous 5
I/CameraCloud( 1058): 1333727635684: stay at region 5
I/CameraCloud( 1058): 1333727639042: canPressButton = TRUE
I/CameraCloud( 1058): 1333727639042: areButtonsEnabled --> false 
I/CameraCloud( 1058): 1333727639042: Inside get photo disableButtons XXX
D/AudioHardware(   81): AudioHardware pcm playback is exiting standby.
D/AudioHardware(   81): openPcmOut_l() mPcmOpenCnt: 0
I/CameraCloud( 1058): 1333727639083: takeNum=4 takeCamGood=4 takeGoodSave=0 takeBad=4 getNum=8 getGood=0 getBad=7
I/CameraCloud( 1058): 1333727639083: ** Clicked getphotos Button from region 2 **
I/CameraCloud( 1058): 1333727639084: Trying to get photo from server, about to call serverRequest()
I/CameraCloud( 1058): 1333727639084: Server request to url: http://hermes5.csail.mit.edu:8213/102/2/0/
I/CameraCloud( 1058): 1333727639086: Cloud server request length: 12
I/CameraCloud( 1058): 1333727639086: about to execute HTTP POST
I/CameraCloud( 1058): 1333727639086: in serverRequest() about to httpclient.execute()
I/CameraCloud( 1058): 1333727640410: CameraCloud Execute HTTP latency: 1324ms
I/CameraCloud( 1058): 1333727640411: finished executing HTTP POST, get data
I/CameraCloud( 1058): 1333727640413: make input stream reader for data
I/CameraCloud( 1058): 1333727640421: Cloud response length: 18
I/CameraCloud( 1058): 1333727640423: Returning cloud object
I/CameraCloud( 1058): 1333727640458: CameraCloud download photo latency = 1373
I/CameraCloud( 1058): 1333727640458: CameraCloud download start 1333727639084 ~ stop 1333727640457
I/CameraCloud( 1058): 1333727640458: PHOTO DATA is NULL, perhaps region doesn't have a photo yet
I/CameraCloud( 1058): 1333727640462: Done with Get photos button for region 2
I/CameraCloud( 1058): 1333727640462: Inside _enableButtons
I/CameraCloud( 1058): 1333727640472: areButtonsEnabled --> true
I/CameraCloud( 1058): 1333727640473: takeNum=4 takeCamGood=4 takeGoodSave=0 takeBad=4 getNum=8 getGood=0 getBad=8
I/CameraCloud( 1058): 1333727640473: getBad++
I/CameraCloud( 1058): 1333727640541: .......... GPS onLocationChanged ...... 
I/CameraCloud( 1058): 1333727640542: Loc = Location[mProvider=gps,mTime=1333814041000,mLatitude=42.36501478397798,mLongitude=-71.10273049723212,mHasAltitude=true,mAltitude=-18.0,mHasSpeed=true,mSpeed=0.07749941,mHasBearing=true,mBearing=336.94812,mHasAccuracy=true,mAccuracy=15.0,mExtras=Bundle[mParcelledData.dataSize=4]] Previous Region = (5,0)
I/CameraCloud( 1058): 1333727640543: GPS x/long:-71.10273049723212, GPS y/lat: 42.36501478397798. Region width in x: 51.96152422706632
I/CameraCloud( 1058): 1333727640543: location PINPOINTS to region = 5.0, previous 5
I/CameraCloud( 1058): 1333727640544: stay at region 5
W/InputManagerService(  148): Window already focused, ignoring focus gain of: com.android.internal.view.IInputMethodClient$Stub$Proxy@415b9a80
D/AudioHardware(   81): AudioHardware pcm playback is going to standby.
D/AudioHardware(   81): closePcmOut_l() mPcmOpenCnt: 1
I/CameraCloud( 1058): 1333727648250: canPressButton = TRUE
I/CameraCloud( 1058): 1333727648261: areButtonsEnabled --> false 
I/CameraCloud( 1058): 1333727648262: Inside get photo disableButtons XXX
D/AudioHardware(   81): AudioHardware pcm playback is exiting standby.
D/AudioHardware(   81): openPcmOut_l() mPcmOpenCnt: 0
I/CameraCloud( 1058): 1333727648324: takeNum=4 takeCamGood=4 takeGoodSave=0 takeBad=4 getNum=9 getGood=0 getBad=8
I/CameraCloud( 1058): 1333727648324: ** Clicked getphotos Button from region 1 **
I/CameraCloud( 1058): 1333727648325: Trying to get photo from server, about to call serverRequest()
I/CameraCloud( 1058): 1333727648325: Server request to url: http://hermes5.csail.mit.edu:8213/102/1/0/
I/CameraCloud( 1058): 1333727648337: Cloud server request length: 12
I/CameraCloud( 1058): 1333727648337: about to execute HTTP POST
I/CameraCloud( 1058): 1333727648337: in serverRequest() about to httpclient.execute()
I/CameraCloud( 1058): 1333727650760: CameraCloud Execute HTTP latency: 2422ms
I/CameraCloud( 1058): 1333727650761: finished executing HTTP POST, get data
I/CameraCloud( 1058): 1333727650771: make input stream reader for data
I/CameraCloud( 1058): 1333727650773: Cloud response length: 18
I/CameraCloud( 1058): 1333727650775: Returning cloud object
I/CameraCloud( 1058): 1333727650843: CameraCloud download photo latency = 2518
I/CameraCloud( 1058): 1333727650843: CameraCloud download start 1333727648325 ~ stop 1333727650843
I/CameraCloud( 1058): 1333727650844: PHOTO DATA is NULL, perhaps region doesn't have a photo yet
I/CameraCloud( 1058): 1333727650846: Done with Get photos button for region 1
I/CameraCloud( 1058): 1333727650847: Inside _enableButtons
I/CameraCloud( 1058): 1333727650847: areButtonsEnabled --> true
I/CameraCloud( 1058): 1333727650848: takeNum=4 takeCamGood=4 takeGoodSave=0 takeBad=4 getNum=9 getGood=0 getBad=9
I/CameraCloud( 1058): 1333727650848: getBad++
W/InputManagerService(  148): Window already focused, ignoring focus gain of: com.android.internal.view.IInputMethodClient$Stub$Proxy@414c9d98
D/AudioHardware(   81): AudioHardware pcm playback is going to standby.
D/AudioHardware(   81): closePcmOut_l() mPcmOpenCnt: 1
D/dalvikvm(  148): GC_CONCURRENT freed 717K, 14% free 12359K/14215K, paused 3ms+6ms
I/CameraCloud( 1058): 1333727657513: canPressButton = TRUE
I/CameraCloud( 1058): 1333727657516: areButtonsEnabled --> false 
I/CameraCloud( 1058): 1333727657522: Inside get photo disableButtons XXX
D/AudioHardware(   81): AudioHardware pcm playback is exiting standby.
D/AudioHardware(   81): openPcmOut_l() mPcmOpenCnt: 0
I/CameraCloud( 1058): 1333727657678: takeNum=4 takeCamGood=4 takeGoodSave=0 takeBad=4 getNum=10 getGood=0 getBad=9
I/CameraCloud( 1058): 1333727657678: ** Clicked getphotos Button from region 0 **
I/CameraCloud( 1058): 1333727657679: Trying to get photo from server, about to call serverRequest()
I/CameraCloud( 1058): 1333727657679: Server request to url: http://hermes5.csail.mit.edu:8213/102/0/0/
I/CameraCloud( 1058): 1333727657694: Cloud server request length: 12
I/CameraCloud( 1058): 1333727657694: about to execute HTTP POST
I/CameraCloud( 1058): 1333727657695: in serverRequest() about to httpclient.execute()
D/dalvikvm( 1058): GC_CONCURRENT freed 2126K, 29% free 10305K/14343K, paused 1ms+12ms
D/dalvikvm(  148): GC_EXPLICIT freed 157K, 14% free 12260K/14215K, paused 2ms+5ms
D/AudioHardware(   81): AudioHardware pcm playback is going to standby.
D/AudioHardware(   81): closePcmOut_l() mPcmOpenCnt: 1
I/CameraCloud( 1058): 1333727689371: CameraCloud Execute HTTP latency: 31676ms
I/CameraCloud( 1058): 1333727689372: finished executing HTTP POST, get data
I/CameraCloud( 1058): 1333727689372: make input stream reader for data
I/CameraCloud( 1058): 1333727689375: Cloud response length: 18
I/CameraCloud( 1058): 1333727689388: Returning cloud object
I/CameraCloud( 1058): 1333727689425: CameraCloud download photo latency = 31746
I/CameraCloud( 1058): 1333727689426: CameraCloud download start 1333727657679 ~ stop 1333727689425
I/CameraCloud( 1058): 1333727689426: PHOTO DATA is NULL, perhaps region doesn't have a photo yet
I/CameraCloud( 1058): 1333727689429: Done with Get photos button for region 0
I/CameraCloud( 1058): 1333727689430: Inside _enableButtons
I/CameraCloud( 1058): 1333727689430: areButtonsEnabled --> true
I/CameraCloud( 1058): 1333727689430: takeNum=4 takeCamGood=4 takeGoodSave=0 takeBad=4 getNum=10 getGood=0 getBad=10
I/CameraCloud( 1058): 1333727689430: getBad++
W/InputManagerService(  148): Window already focused, ignoring focus gain of: com.android.internal.view.IInputMethodClient$Stub$Proxy@4133e6d8
D/dalvikvm(  148): GC_CONCURRENT freed 672K, 14% free 12335K/14215K, paused 5ms+7ms
I/CameraCloud( 1058): 1333727693970: canPressButton = TRUE
I/CameraCloud( 1058): 1333727693970: areButtonsEnabled --> false
I/CameraCloud( 1058): 1333727693976: disabling buttons ...
I/CameraCloud( 1058): 1333727693976: new pic disableButtons XXX
I/CameraCloud( 1058): 1333727693977: areButtonsEnabled --> false
D/AudioHardware(   81): AudioHardware pcm playback is exiting standby.
D/AudioHardware(   81): openPcmOut_l() mPcmOpenCnt: 0
I/CameraCloud( 1058): 1333727694027: takeNum=5 takeCamGood=4 takeGoodSave=0 takeBad=4 getNum=10 getGood=0 getBad=10
I/CameraCloud( 1058): 1333727694028: ** Clicked take picture button **
I/CameraSurfaceView( 1058): inside getCamera()
I/CameraHardwareSec(   81): int android::CameraHardwareSec::previewThreadWrapper(): calling mSecCamera->stopPreview() and waiting
I/SecCamera(   81): int android::fimc_v4l2_querybuf(int, android::fimc_buffer*, v4l2_buf_type) :
I/SecCamera(   81): int android::fimc_v4l2_querybuf(int, android::fimc_buffer*, v4l2_buf_type): buffer->start = 0x44378000 v4l2_buf.length = 4261248
I/CameraHardwareSec(   81): == Camera Sensor Detect S5K4ECGX - Samsung LSI SOC 5M ==
I/CameraCloud( 1058): 1333727694646: .......... GPS onLocationChanged ...... 
I/CameraCloud( 1058): 1333727694647: Loc = Location[mProvider=gps,mTime=1333814096000,mLatitude=42.365001573906284,mLongitude=-71.10274279423588,mHasAltitude=true,mAltitude=-13.0,mHasSpeed=true,mSpeed=1.0717393,mHasBearing=true,mBearing=1.4149469,mHasAccuracy=true,mAccuracy=10.0,mExtras=Bundle[mParcelledData.dataSize=4]] Previous Region = (5,0)
I/CameraCloud( 1058): 1333727694647: GPS x/long:-71.10274279423588, GPS y/lat: 42.365001573906284. Region width in x: 51.96152422706632
I/CameraCloud( 1058): 1333727694648: location PINPOINTS to region = 5.0, previous 5
I/CameraCloud( 1058): 1333727694648: stay at region 5
D/JpegEncoder(   81): encode E
D/JpegEncoder(   81): encode X
D/SecCamera(   81): Shutter speed=1837 us, iso=50
D/SecCamera(   81): AV=3, TV=9, SV=4
D/JpegEncoder(   81): makeExif E
D/JpegEncoder(   81): makeExif X
I/SecCamera(   81): int android::SecCamera::endSnapshot() :
I/SecCamera(   81): munmap():virt. addr 0x44378000 size = 4261248
D/dalvikvm( 1058): GC_FOR_ALLOC freed 261K, 30% free 10183K/14343K, paused 18ms
I/dalvikvm-heap( 1058): Grow heap (frag case) to 11.565MB for 1622477-byte allocation
D/dalvikvm( 1058): GC_CONCURRENT freed 36K, 19% free 11732K/14343K, paused 2ms+3ms
I/CameraCloud( 1058): 1333727694770: inside HandlePictureStorage onPictureTaken()
I/CameraCloud( 1058): 1333727694770: takeNum=5 takeCamGood=5 takeGoodSave=0 takeBad=4 getNum=10 getGood=0 getBad=10
D/CameraHardwareSec(   81): mPreviewHeap(fd(35), size(518400), width(720), height(480))
I/CameraHardwareSec(   81): int android::CameraHardwareSec::previewThreadWrapper(): return from wait
I/CameraCloud( 1058): 1333727695221: Picture successfully taken, ORIG BYTE LENGTH = 1622461
D/dalvikvm( 1058): GC_EXPLICIT freed 2K, 19% free 11732K/14343K, paused 16ms+2ms
I/CameraCloud( 1058): 1333727695497: Our new height x width: 240 x 320
I/CameraCloud( 1058): 1333727695498: Show photo from handle my camera take
I/CameraCloud( 1058): 1333727695498: client making photo packet to send to leader
I/CameraCloud( 1058): 1333727695527: BYTE SIZE AFTER COMPRESSION: 4153
I/CameraCloud( 1058): 1333727695528: sending new pic ....
I/CameraCloud( 1058): 1333727695528: Server request to url: http://hermes5.csail.mit.edu:8213/101/5/0/
I/CameraCloud( 1058): 1333727695655: Cloud server request length: 14564
I/CameraCloud( 1058): 1333727695656: about to execute HTTP POST
I/CameraCloud( 1058): 1333727695656: in serverRequest() about to httpclient.execute()
D/dalvikvm(  314): GC_CONCURRENT freed 415K, 6% free 9508K/10055K, paused 3ms+3ms
D/AudioHardware(   81): AudioHardware pcm playback is going to standby.
D/AudioHardware(   81): closePcmOut_l() mPcmOpenCnt: 1
I/CameraCloud( 1058): 1333727698891: CameraCloud Execute HTTP latency: 3234ms
I/CameraCloud( 1058): 1333727698893: finished executing HTTP POST, get data
I/CameraCloud( 1058): 1333727698894: make input stream reader for data
I/CameraCloud( 1058): 1333727698895: Cloud response length: 18
I/CameraCloud( 1058): 1333727698929: Returning cloud object
I/CameraCloud( 1058): 1333727698954: CameraCloud upload new photo latency = 3426
I/CameraCloud( 1058): 1333727698954: CameraCloud upload start 1333727695528 ~ stop 1333727698954
I/CameraCloud( 1058): 1333727698954: takeNum=5 takeCamGood=5 takeGoodSave=1 takeBad=4 getNum=10 getGood=0 getBad=10
I/CameraCloud( 1058): 1333727698955: SUCCESS! Client now knows saving photo on cloud server succeeded
I/CameraCloud( 1058): 1333727698955: RETURN STATUS: 12
I/CameraCloud( 1058): 1333727698955: Inside _enableButtons
I/CameraCloud( 1058): 1333727698955: areButtonsEnabled --> true
I/CameraCloud( 1058): 1333727698956: end of client send picture method
W/InputManagerService(  148): Window already focused, ignoring focus gain of: com.android.internal.view.IInputMethodClient$Stub$Proxy@415ceca8
I/CameraCloud( 1058): 1333727705626: .......... GPS onLocationChanged ...... 
I/CameraCloud( 1058): 1333727705627: Loc = Location[mProvider=gps,mTime=1333814107000,mLatitude=42.36500543052834,mLongitude=-71.10275496701841,mHasAltitude=true,mAltitude=-20.0,mHasSpeed=true,mSpeed=0.083843805,mHasBearing=true,mBearing=303.74045,mHasAccuracy=true,mAccuracy=5.0,mExtras=Bundle[mParcelledData.dataSize=4]] Previous Region = (5,0)
I/CameraCloud( 1058): 1333727705638: GPS x/long:-71.10275496701841, GPS y/lat: 42.36500543052834. Region width in x: 51.96152422706632
I/CameraCloud( 1058): 1333727705639: location PINPOINTS to region = 5.0, previous 5
I/CameraCloud( 1058): 1333727705639: stay at region 5
I/CameraCloud( 1058): 1333727707469: canPressButton = TRUE
I/CameraCloud( 1058): 1333727707475: areButtonsEnabled --> false 
I/CameraCloud( 1058): 1333727707476: Inside get photo disableButtons XXX
D/AudioHardware(   81): AudioHardware pcm playback is exiting standby.
D/AudioHardware(   81): openPcmOut_l() mPcmOpenCnt: 0
I/CameraCloud( 1058): 1333727707666: takeNum=5 takeCamGood=5 takeGoodSave=1 takeBad=4 getNum=11 getGood=0 getBad=10
I/CameraCloud( 1058): 1333727707667: ** Clicked getphotos Button from region 3 **
I/CameraCloud( 1058): 1333727707667: Trying to get photo from server, about to call serverRequest()
I/CameraCloud( 1058): 1333727707667: Server request to url: http://hermes5.csail.mit.edu:8213/102/3/0/
I/CameraCloud( 1058): 1333727707676: Cloud server request length: 12
I/CameraCloud( 1058): 1333727707677: about to execute HTTP POST
I/CameraCloud( 1058): 1333727707677: in serverRequest() about to httpclient.execute()
D/dalvikvm( 1058): GC_CONCURRENT freed 2324K, 29% free 10225K/14343K, paused 2ms+3ms
D/AudioHardware(   81): AudioHardware pcm playback is going to standby.
D/AudioHardware(   81): closePcmOut_l() mPcmOpenCnt: 1
D/dalvikvm(  148): GC_CONCURRENT freed 719K, 14% free 12331K/14215K, paused 2ms+16ms
D/dalvikvm(  709): GC_CONCURRENT freed 384K, 7% free 10047K/10759K, paused 14ms+11ms
D/dalvikvm(  148): GC_CONCURRENT freed 685K, 14% free 12352K/14215K, paused 8ms+6ms
I/CameraCloud( 1058): 1333727768753: CameraCloud Execute HTTP latency: 61076ms
I/CameraCloud( 1058): 1333727768754: finished executing HTTP POST, get data
I/CameraCloud( 1058): 1333727768768: make input stream reader for data
I/CameraCloud( 1058): 1333727768784: Cloud response length: 37439
I/CameraCloud( 1058): 1333727768785: Returning cloud object
I/CameraCloud( 1058): 1333727769311: CameraCloud download photo latency = 61644
I/CameraCloud( 1058): 1333727769312: CameraCloud download start 1333727707667 ~ stop 1333727769311
I/CameraCloud( 1058): 1333727769312: takeNum=5 takeCamGood=5 takeGoodSave=1 takeBad=4 getNum=11 getGood=1 getBad=10
I/CameraCloud( 1058): 1333727769312: Success! Client getting photo from cloud server, showing photo...
I/CameraCloud( 1058): 1333727769313: Remote photo's length: 3943
D/dalvikvm( 1058): GC_EXPLICIT freed 206K, 29% free 10191K/14343K, paused 2ms+3ms
I/CameraCloud( 1058): 1333727769355: Done with Get photos button for region 3
I/CameraCloud( 1058): 1333727769356: Inside _enableButtons
I/CameraCloud( 1058): 1333727769356: areButtonsEnabled --> true
I/CameraCloud( 1058): 1333727769421: .......... GPS onLocationChanged ...... 
I/CameraCloud( 1058): 1333727769422: Loc = Location[mProvider=gps,mTime=1333814115000,mLatitude=42.36499625689762,mLongitude=-71.10275700344302,mHasAltitude=true,mAltitude=-21.0,mHasSpeed=true,mSpeed=0.36270383,mHasBearing=true,mBearing=319.58295,mHasAccuracy=true,mAccuracy=10.0,mExtras=Bundle[mParcelledData.dataSize=4]] Previous Region = (5,0)
I/CameraCloud( 1058): 1333727769423: GPS x/long:-71.10275700344302, GPS y/lat: 42.36499625689762. Region width in x: 51.96152422706632
I/CameraCloud( 1058): 1333727769423: location PINPOINTS to region = 5.0, previous 5
I/CameraCloud( 1058): 1333727769423: stay at region 5
I/CameraCloud( 1058): 1333727769424: .......... GPS onLocationChanged ...... 
I/CameraCloud( 1058): 1333727769425: Loc = Location[mProvider=gps,mTime=1333814127000,mLatitude=42.3649880545619,mLongitude=-71.1027512633334,mHasAltitude=true,mAltitude=-21.0,mHasSpeed=true,mSpeed=0.3684437,mHasBearing=true,mBearing=199.57059,mHasAccuracy=true,mAccuracy=10.0,mExtras=Bundle[mParcelledData.dataSize=4]] Previous Region = (5,0)
I/CameraCloud( 1058): 1333727769425: GPS x/long:-71.1027512633334, GPS y/lat: 42.3649880545619. Region width in x: 51.96152422706632
I/CameraCloud( 1058): 1333727769426: location PINPOINTS to region = 5.0, previous 5
I/CameraCloud( 1058): 1333727769426: stay at region 5
W/InputManagerService(  148): Window already focused, ignoring focus gain of: com.android.internal.view.IInputMethodClient$Stub$Proxy@4170c040
I/CameraCloud( 1058): 1333727772656: .......... GPS onLocationChanged ...... 
I/CameraCloud( 1058): 1333727772658: Loc = Location[mProvider=gps,mTime=1333814174000,mLatitude=42.36498849831475,mLongitude=-71.10276382056819,mHasAltitude=true,mAltitude=-21.0,mHasSpeed=true,mSpeed=0.15453838,mHasBearing=true,mBearing=247.87335,mHasAccuracy=true,mAccuracy=5.0,mExtras=Bundle[mParcelledData.dataSize=4]] Previous Region = (5,0)
I/CameraCloud( 1058): 1333727772659: GPS x/long:-71.10276382056819, GPS y/lat: 42.36498849831475. Region width in x: 51.96152422706632
I/CameraCloud( 1058): 1333727772660: location PINPOINTS to region = 5.0, previous 5
I/CameraCloud( 1058): 1333727772670: stay at region 5
I/CameraCloud( 1058): 1333727781362: canPressButton = TRUE
I/CameraCloud( 1058): 1333727781364: areButtonsEnabled --> false
I/CameraCloud( 1058): 1333727781370: disabling buttons ...
I/CameraCloud( 1058): 1333727781370: new pic disableButtons XXX
I/CameraCloud( 1058): 1333727781371: areButtonsEnabled --> false
D/AudioHardware(   81): AudioHardware pcm playback is exiting standby.
D/AudioHardware(   81): openPcmOut_l() mPcmOpenCnt: 0
I/CameraCloud( 1058): 1333727781434: takeNum=6 takeCamGood=5 takeGoodSave=1 takeBad=4 getNum=11 getGood=1 getBad=10
I/CameraCloud( 1058): 1333727781434: ** Clicked take picture button **
I/CameraSurfaceView( 1058): inside getCamera()
I/CameraHardwareSec(   81): int android::CameraHardwareSec::previewThreadWrapper(): calling mSecCamera->stopPreview() and waiting
D/dalvikvm( 1058): GC_CONCURRENT freed 411K, 30% free 10171K/14343K, paused 2ms+3ms
I/SecCamera(   81): int android::fimc_v4l2_querybuf(int, android::fimc_buffer*, v4l2_buf_type) :
I/SecCamera(   81): int android::fimc_v4l2_querybuf(int, android::fimc_buffer*, v4l2_buf_type): buffer->start = 0x442ee000 v4l2_buf.length = 4261248
I/CameraHardwareSec(   81): == Camera Sensor Detect S5K4ECGX - Samsung LSI SOC 5M ==
D/JpegEncoder(   81): encode E
D/JpegEncoder(   81): encode X
D/SecCamera(   81): Shutter speed=1467 us, iso=50
D/SecCamera(   81): AV=3, TV=9, SV=4
D/JpegEncoder(   81): makeExif E
D/JpegEncoder(   81): makeExif X
I/SecCamera(   81): int android::SecCamera::endSnapshot() :
I/SecCamera(   81): munmap():virt. addr 0x442ee000 size = 4261248
D/dalvikvm( 1058): GC_FOR_ALLOC freed 12K, 30% free 10162K/14343K, paused 17ms
I/dalvikvm-heap( 1058): Grow heap (frag case) to 11.752MB for 1841460-byte allocation
D/dalvikvm( 1058): GC_CONCURRENT freed 1K, 17% free 11959K/14343K, paused 2ms+2ms
I/CameraCloud( 1058): 1333727782165: inside HandlePictureStorage onPictureTaken()
I/CameraCloud( 1058): 1333727782165: takeNum=6 takeCamGood=6 takeGoodSave=1 takeBad=4 getNum=11 getGood=1 getBad=10
D/CameraHardwareSec(   81): mPreviewHeap(fd(35), size(518400), width(720), height(480))
I/CameraHardwareSec(   81): int android::CameraHardwareSec::previewThreadWrapper(): return from wait
I/CameraCloud( 1058): 1333727782509: Picture successfully taken, ORIG BYTE LENGTH = 1841444
D/dalvikvm( 1058): GC_EXPLICIT freed 2K, 17% free 11960K/14343K, paused 40ms+22ms
I/CameraCloud( 1058): 1333727782874: Our new height x width: 240 x 320
I/CameraCloud( 1058): 1333727782874: Show photo from handle my camera take
I/CameraCloud( 1058): 1333727782874: client making photo packet to send to leader
I/CameraCloud( 1058): 1333727782897: BYTE SIZE AFTER COMPRESSION: 4981
I/CameraCloud( 1058): 1333727782897: sending new pic ....
I/CameraCloud( 1058): 1333727782897: Server request to url: http://hermes5.csail.mit.edu:8213/101/5/0/
I/CameraCloud( 1058): 1333727783002: Cloud server request length: 17605
I/CameraCloud( 1058): 1333727783003: about to execute HTTP POST
I/CameraCloud( 1058): 1333727783003: in serverRequest() about to httpclient.execute()
D/AudioHardware(   81): AudioHardware pcm playback is going to standby.
D/AudioHardware(   81): closePcmOut_l() mPcmOpenCnt: 1
D/dalvikvm(  148): GC_CONCURRENT freed 732K, 14% free 12339K/14215K, paused 3ms+6ms
D/dalvikvm(  709): GC_CONCURRENT freed 384K, 7% free 10046K/10759K, paused 14ms+2ms
D/dalvikvm(  148): GC_CONCURRENT freed 681K, 14% free 12363K/14215K, paused 2ms+15ms
I/CameraCloud( 1058): 1333727840259: CameraCloud Execute HTTP latency: 57255ms
I/CameraCloud( 1058): 1333727840268: finished executing HTTP POST, get data
I/CameraCloud( 1058): 1333727840269: make input stream reader for data
I/CameraCloud( 1058): 1333727840285: Cloud response length: 18
I/CameraCloud( 1058): 1333727840314: Returning cloud object
I/CameraCloud( 1058): 1333727840317: CameraCloud upload new photo latency = 57420
I/CameraCloud( 1058): 1333727840317: CameraCloud upload start 1333727782897 ~ stop 1333727840317
I/CameraCloud( 1058): 1333727840317: takeNum=6 takeCamGood=6 takeGoodSave=2 takeBad=4 getNum=11 getGood=1 getBad=10
I/CameraCloud( 1058): 1333727840318: SUCCESS! Client now knows saving photo on cloud server succeeded
I/CameraCloud( 1058): 1333727840318: RETURN STATUS: 12
I/CameraCloud( 1058): 1333727840318: Inside _enableButtons
I/CameraCloud( 1058): 1333727840319: areButtonsEnabled --> true
I/CameraCloud( 1058): 1333727840319: end of client send picture method
W/InputManagerService(  148): Window already focused, ignoring focus gain of: com.android.internal.view.IInputMethodClient$Stub$Proxy@415e1218
I/CameraCloud( 1058): 1333727843559: canPressButton = TRUE
I/CameraCloud( 1058): 1333727843559: areButtonsEnabled --> false 
I/CameraCloud( 1058): 1333727843559: Inside get photo disableButtons XXX
D/AudioHardware(   81): AudioHardware pcm playback is exiting standby.
D/AudioHardware(   81): openPcmOut_l() mPcmOpenCnt: 0
I/CameraCloud( 1058): 1333727843603: takeNum=6 takeCamGood=6 takeGoodSave=2 takeBad=4 getNum=12 getGood=1 getBad=10
I/CameraCloud( 1058): 1333727843604: ** Clicked getphotos Button from region 2 **
I/CameraCloud( 1058): 1333727843604: Trying to get photo from server, about to call serverRequest()
I/CameraCloud( 1058): 1333727843604: Server request to url: http://hermes5.csail.mit.edu:8213/102/2/0/
I/CameraCloud( 1058): 1333727843614: Cloud server request length: 12
I/CameraCloud( 1058): 1333727843614: about to execute HTTP POST
I/CameraCloud( 1058): 1333727843615: in serverRequest() about to httpclient.execute()
D/dalvikvm( 1058): GC_CONCURRENT freed 2607K, 29% free 10205K/14343K, paused 2ms+2ms
D/AudioHardware(   81): AudioHardware pcm playback is going to standby.
D/AudioHardware(   81): closePcmOut_l() mPcmOpenCnt: 1
I/CameraCloud( 1058): 1333727858353: CameraCloud Execute HTTP latency: 14737ms
I/CameraCloud( 1058): 1333727858354: finished executing HTTP POST, get data
I/CameraCloud( 1058): 1333727858355: make input stream reader for data
I/CameraCloud( 1058): 1333727858376: Cloud response length: 43228
I/CameraCloud( 1058): 1333727858394: Returning cloud object
D/dalvikvm(  314): GC_CONCURRENT freed 412K, 6% free 9509K/10055K, paused 6ms+2ms
I/CameraCloud( 1058): 1333727860123: CameraCloud download photo latency = 16519
I/CameraCloud( 1058): 1333727860124: CameraCloud download start 1333727843604 ~ stop 1333727860123
I/CameraCloud( 1058): 1333727860124: takeNum=6 takeCamGood=6 takeGoodSave=2 takeBad=4 getNum=12 getGood=2 getBad=10
I/CameraCloud( 1058): 1333727860125: Success! Client getting photo from cloud server, showing photo...
I/CameraCloud( 1058): 1333727860126: Remote photo's length: 4544
D/dalvikvm( 1058): GC_EXPLICIT freed 183K, 29% free 10200K/14343K, paused 4ms+2ms
I/CameraCloud( 1058): 1333727860189: Done with Get photos button for region 2
I/CameraCloud( 1058): 1333727860189: Inside _enableButtons
I/CameraCloud( 1058): 1333727860190: areButtonsEnabled --> true
I/CameraCloud( 1058): 1333727860257: .......... GPS onLocationChanged ...... 
I/CameraCloud( 1058): 1333727860258: Loc = Location[mProvider=gps,mTime=1333814247000,mLatitude=42.36499809024959,mLongitude=-71.10279092341487,mHasAltitude=true,mAltitude=-25.0,mHasSpeed=true,mSpeed=0.2936455,mHasBearing=true,mBearing=358.02814,mHasAccuracy=true,mAccuracy=20.0,mExtras=Bundle[mParcelledData.dataSize=4]] Previous Region = (5,0)
I/CameraCloud( 1058): 1333727860258: GPS x/long:-71.10279092341487, GPS y/lat: 42.36499809024959. Region width in x: 51.96152422706632
I/CameraCloud( 1058): 1333727860258: location PINPOINTS to region = 5.0, previous 5
I/CameraCloud( 1058): 1333727860259: stay at region 5
I/CameraCloud( 1058): 1333727860260: .......... GPS onLocationChanged ...... 
I/CameraCloud( 1058): 1333727860261: Loc = Location[mProvider=gps,mTime=1333814248000,mLatitude=42.365005394783644,mLongitude=-71.10280607298537,mHasAltitude=true,mAltitude=-27.0,mHasSpeed=true,mSpeed=0.0,mHasBearing=true,mBearing=6.1912575,mHasAccuracy=true,mAccuracy=15.0,mExtras=Bundle[mParcelledData.dataSize=4]] Previous Region = (5,0)
I/CameraCloud( 1058): 1333727860262: GPS x/long:-71.10280607298537, GPS y/lat: 42.365005394783644. Region width in x: 51.96152422706632
I/CameraCloud( 1058): 1333727860262: location PINPOINTS to region = 5.0, previous 5
I/CameraCloud( 1058): 1333727860263: stay at region 5
I/CameraCloud( 1058): 1333727860263: .......... GPS onLocationChanged ...... 
I/CameraCloud( 1058): 1333727860264: Loc = Location[mProvider=gps,mTime=1333814253000,mLatitude=42.36501649548595,mLongitude=-71.10281496870992,mHasAltitude=true,mAltitude=-23.0,mHasSpeed=true,mSpeed=0.56993765,mHasBearing=true,mBearing=347.9145,mHasAccuracy=true,mAccuracy=10.0,mExtras=Bundle[mParcelledData.dataSize=4]] Previous Region = (5,0)
I/CameraCloud( 1058): 1333727860264: GPS x/long:-71.10281496870992, GPS y/lat: 42.36501649548595. Region width in x: 51.96152422706632
I/CameraCloud( 1058): 1333727860265: location PINPOINTS to region = 5.0, previous 5
I/CameraCloud( 1058): 1333727860265: stay at region 5
W/InputManagerService(  148): Window already focused, ignoring focus gain of: com.android.internal.view.IInputMethodClient$Stub$Proxy@41527b00
D/dalvikvm(  148): GC_CONCURRENT freed 771K, 13% free 12369K/14215K, paused 3ms+20ms
I/CameraCloud( 1058): 1333727867604: canPressButton = TRUE
I/CameraCloud( 1058): 1333727867605: areButtonsEnabled --> false 
I/CameraCloud( 1058): 1333727867605: Inside get photo disableButtons XXX
D/AudioHardware(   81): AudioHardware pcm playback is exiting standby.
D/AudioHardware(   81): openPcmOut_l() mPcmOpenCnt: 0
I/CameraCloud( 1058): 1333727867739: takeNum=6 takeCamGood=6 takeGoodSave=2 takeBad=4 getNum=13 getGood=2 getBad=10
I/CameraCloud( 1058): 1333727867739: ** Clicked getphotos Button from region 0 **
I/CameraCloud( 1058): 1333727867743: Trying to get photo from server, about to call serverRequest()
I/CameraCloud( 1058): 1333727867743: Server request to url: http://hermes5.csail.mit.edu:8213/102/0/0/
I/CameraCloud( 1058): 1333727867754: Cloud server request length: 12
I/CameraCloud( 1058): 1333727867756: about to execute HTTP POST
I/CameraCloud( 1058): 1333727867756: in serverRequest() about to httpclient.execute()
D/dalvikvm( 1058): GC_CONCURRENT freed 419K, 29% free 10190K/14343K, paused 37ms+2ms
D/AudioHardware(   81): AudioHardware pcm playback is going to standby.
D/AudioHardware(   81): closePcmOut_l() mPcmOpenCnt: 1
D/dalvikvm(  218): GC_CONCURRENT freed 377K, 6% free 10285K/10887K, paused 2ms+4ms
D/dalvikvm(  148): GC_CONCURRENT freed 745K, 14% free 12343K/14215K, paused 3ms+15ms
D/dalvikvm(  709): GC_CONCURRENT freed 374K, 7% free 10056K/10759K, paused 2ms+3ms
I/CameraCloud( 1058): 1333727918513: CameraCloud Execute HTTP latency: 50756ms
I/CameraCloud( 1058): 1333727918514: finished executing HTTP POST, get data
I/CameraCloud( 1058): 1333727918518: make input stream reader for data
I/CameraCloud( 1058): 1333727918549: Cloud response length: 38148
I/CameraCloud( 1058): 1333727918550: Returning cloud object
I/CameraCloud( 1058): 1333727923063: CameraCloud download photo latency = 55320
I/CameraCloud( 1058): 1333727923064: CameraCloud download start 1333727867743 ~ stop 1333727923063
I/CameraCloud( 1058): 1333727923064: takeNum=6 takeCamGood=6 takeGoodSave=2 takeBad=4 getNum=13 getGood=3 getBad=10
I/CameraCloud( 1058): 1333727923064: Success! Client getting photo from cloud server, showing photo...
I/CameraCloud( 1058): 1333727923065: Remote photo's length: 4015
D/dalvikvm( 1058): GC_EXPLICIT freed 150K, 29% free 10209K/14343K, paused 2ms+3ms
I/CameraCloud( 1058): 1333727923122: Done with Get photos button for region 0
I/CameraCloud( 1058): 1333727923123: Inside _enableButtons
I/CameraCloud( 1058): 1333727923123: areButtonsEnabled --> true
I/CameraCloud( 1058): 1333727923189: .......... GPS onLocationChanged ...... 
I/CameraCloud( 1058): 1333727923190: Loc = Location[mProvider=gps,mTime=1333814309000,mLatitude=42.36500485579896,mLongitude=-71.10281405822553,mHasAltitude=true,mAltitude=-28.0,mHasSpeed=true,mSpeed=0.3591956,mHasBearing=true,mBearing=177.64932,mHasAccuracy=true,mAccuracy=10.0,mExtras=Bundle[mParcelledData.dataSize=4]] Previous Region = (5,0)
I/CameraCloud( 1058): 1333727923190: GPS x/long:-71.10281405822553, GPS y/lat: 42.36500485579896. Region width in x: 51.96152422706632
I/CameraCloud( 1058): 1333727923191: location PINPOINTS to region = 5.0, previous 5
I/CameraCloud( 1058): 1333727923191: stay at region 5
W/InputManagerService(  148): Window already focused, ignoring focus gain of: com.android.internal.view.IInputMethodClient$Stub$Proxy@415a1a58
I/CameraCloud( 1058): 1333727934628: .......... GPS onLocationChanged ...... 
I/CameraCloud( 1058): 1333727934629: Loc = Location[mProvider=gps,mTime=1333814336000,mLatitude=42.364992594284615,mLongitude=-71.10277454705451,mHasAltitude=true,mAltitude=-22.0,mHasSpeed=true,mSpeed=0.0,mHasBearing=true,mBearing=340.7816,mHasAccuracy=true,mAccuracy=10.0,mExtras=Bundle[mParcelledData.dataSize=4]] Previous Region = (5,0)
I/CameraCloud( 1058): 1333727934630: GPS x/long:-71.10277454705451, GPS y/lat: 42.364992594284615. Region width in x: 51.96152422706632
I/CameraCloud( 1058): 1333727934630: location PINPOINTS to region = 5.0, previous 5
I/CameraCloud( 1058): 1333727934631: stay at region 5
D/dalvikvm(  148): GC_CONCURRENT freed 707K, 14% free 12346K/14215K, paused 2ms+5ms
I/CameraCloud( 1058): 1333727940535: canPressButton = TRUE
I/CameraCloud( 1058): 1333727940536: areButtonsEnabled --> false 
I/CameraCloud( 1058): 1333727940555: Inside get photo disableButtons XXX
D/AudioHardware(   81): AudioHardware pcm playback is exiting standby.
D/AudioHardware(   81): openPcmOut_l() mPcmOpenCnt: 0
I/CameraCloud( 1058): 1333727940669: takeNum=6 takeCamGood=6 takeGoodSave=2 takeBad=4 getNum=14 getGood=3 getBad=10
I/CameraCloud( 1058): 1333727940673: ** Clicked getphotos Button from region 1 **
I/CameraCloud( 1058): 1333727940674: Trying to get photo from server, about to call serverRequest()
I/CameraCloud( 1058): 1333727940674: Server request to url: http://hermes5.csail.mit.edu:8213/102/1/0/
I/CameraCloud( 1058): 1333727940694: Cloud server request length: 12
I/CameraCloud( 1058): 1333727940695: about to execute HTTP POST
I/CameraCloud( 1058): 1333727940695: in serverRequest() about to httpclient.execute()
D/dalvikvm( 1058): GC_CONCURRENT freed 411K, 29% free 10198K/14343K, paused 1ms+2ms
D/AudioHardware(   81): AudioHardware pcm playback is going to standby.
D/AudioHardware(   81): closePcmOut_l() mPcmOpenCnt: 1
D/dalvikvm(  455): GC_CONCURRENT freed 396K, 6% free 9969K/10503K, paused 2ms+14ms
I/InputDispatcher(  148): Application is not responding: Window{416ec5d0 edu.mit.haoqili.camera_cloud/edu.mit.haoqili.camera_cloud.CameraCloud paused=false}.  5004.9ms since event, 5004.2ms since wait started
I/WindowManager(  148): Input event dispatching timed out sending to edu.mit.haoqili.camera_cloud/edu.mit.haoqili.camera_cloud.CameraCloud
I/Process (  148): Sending signal. PID: 1058 SIG: 3
I/dalvikvm( 1058): threadid=3: reacting to signal 3
I/dalvikvm( 1058): Wrote stack traces to '/data/anr/traces.txt'
I/Process (  148): Sending signal. PID: 148 SIG: 3
I/dalvikvm(  148): threadid=3: reacting to signal 3
I/dalvikvm(  148): Wrote stack traces to '/data/anr/traces.txt'
I/Process (  148): Sending signal. PID: 314 SIG: 3
I/dalvikvm(  314): threadid=3: reacting to signal 3
I/dalvikvm(  314): Wrote stack traces to '/data/anr/traces.txt'
I/Process (  148): Sending signal. PID: 218 SIG: 3
I/dalvikvm(  218): threadid=3: reacting to signal 3
I/dalvikvm(  218): Wrote stack traces to '/data/anr/traces.txt'
I/Process (  148): Sending signal. PID: 327 SIG: 3
I/dalvikvm(  327): threadid=3: reacting to signal 3
I/dalvikvm(  327): Wrote stack traces to '/data/anr/traces.txt'
D/dalvikvm(  148): GC_CONCURRENT freed 757K, 13% free 12422K/14215K, paused 2ms+5ms
D/dalvikvm(  148): GC_EXPLICIT freed 391K, 13% free 12485K/14215K, paused 3ms+14ms
E/ActivityManager(  148): ANR in edu.mit.haoqili.camera_cloud (edu.mit.haoqili.camera_cloud/.CameraCloud)
E/ActivityManager(  148): Reason: keyDispatchingTimedOut
E/ActivityManager(  148): Load: 0.25 / 0.26 / 0.27
E/ActivityManager(  148): CPU usage from 7185ms to 1216ms ago:
E/ActivityManager(  148):   51% 81/mediaserver: 50% user + 1.1% kernel
E/ActivityManager(  148):   13% 78/surfaceflinger: 4.5% user + 8.5% kernel
E/ActivityManager(  148):   3.3% 86/gpsd: 2.1% user + 1.1% kernel
E/ActivityManager(  148):   1.3% 148/system_server: 1.1% user + 0.1% kernel / faults: 8 minor
E/ActivityManager(  148):   1.3% 1138/kworker/0:1: 0% user + 1.3% kernel
E/ActivityManager(  148):   0.6% 1126/kworker/u:1: 0% user + 0.6% kernel
E/ActivityManager(  148):   0.5% 57/kworker/u:2: 0% user + 0.5% kernel
E/ActivityManager(  148):   0.3% 314/com.android.phone: 0.3% user + 0% kernel / faults: 4 minor
E/ActivityManager(  148):   0.3% 709/com.google.android.apps.maps:NetworkLocationService: 0.1% user + 0.1% kernel
E/ActivityManager(  148): 72% TOTAL: 59% user + 12% kernel
E/ActivityManager(  148): CPU usage from 535ms to 1048ms later with 99% awake:
E/ActivityManager(  148):   29% 81/mediaserver: 29% user + 0% kernel
E/ActivityManager(  148):     31% 1073/CameraPreviewTh: 31% user + 0% kernel
E/ActivityManager(  148):   9.8% 78/surfaceflinger: 3.9% user + 5.8% kernel
E/ActivityManager(  148):     5.8% 131/SurfaceFlinger: 0% user + 5.8% kernel
E/ActivityManager(  148):     1.9% 136/Binder Thread #: 1.9% user + 0% kernel
E/ActivityManager(  148):     1.9% 143/Binder Thread #: 1.9% user + 0% kernel
E/ActivityManager(  148):   3.5% 86/gpsd: 2.3% user + 1.1% kernel
E/ActivityManager(  148):     4.7% 86/gpsd: 3.5% user + 1.1% kernel
E/ActivityManager(  148):   5.8% 148/system_server: 3.9% user + 1.9% kernel / faults: 6 minor
E/ActivityManager(  148):     3.9% 186/InputDispatcher: 1.9% user + 1.9% kernel
E/ActivityManager(  148):     1.9% 148/system_server: 1.9% user + 0% kernel
E/ActivityManager(  148):     1.9% 154/Compiler: 1.9% user + 0% kernel
E/ActivityManager(  148):     1.9% 159/Binder Thread #: 1.9% user + 0% kernel
E/ActivityManager(  148):     1.9% 301/LocationManager: 0% user + 1.9% kernel
E/ActivityManager(  148):     1.9% 472/gps_s5pc110: 1.9% user + 0% kernel
E/ActivityManager(  148):   1.5% 1126/kworker/u:1: 0% user + 1.5% kernel
E/ActivityManager(  148): 54% TOTAL: 45% user + 9.8% kernel
D/AudioHardware(   81): AudioHardware pcm playback is exiting standby.
D/AudioHardware(   81): openPcmOut_l() mPcmOpenCnt: 0
V/PhoneStatusBar(  218): setLightsOn(true)
D/AudioHardware(   81): AudioHardware pcm playback is going to standby.
D/AudioHardware(   81): closePcmOut_l() mPcmOpenCnt: 1
D/dalvikvm(  314): GC_CONCURRENT freed 414K, 6% free 9510K/10055K, paused 9ms+2ms
I/CameraCloud( 1058): 1333727967527: CameraCloud Execute HTTP latency: 26832ms
I/CameraCloud( 1058): 1333727967527: finished executing HTTP POST, get data
I/CameraCloud( 1058): 1333727967528: make input stream reader for data
I/CameraCloud( 1058): 1333727967528: Cloud response length: 24331
I/CameraCloud( 1058): 1333727967528: Returning cloud object
I/CameraCloud( 1058): 1333727971069: CameraCloud download photo latency = 30395
I/CameraCloud( 1058): 1333727971070: CameraCloud download start 1333727940674 ~ stop 1333727971069
I/CameraCloud( 1058): 1333727971070: takeNum=6 takeCamGood=6 takeGoodSave=2 takeBad=4 getNum=14 getGood=4 getBad=10
I/CameraCloud( 1058): 1333727971071: Success! Client getting photo from cloud server, showing photo...
I/CameraCloud( 1058): 1333727971071: Remote photo's length: 2595
D/dalvikvm( 1058): GC_EXPLICIT freed 120K, 29% free 10218K/14343K, paused 2ms+3ms
I/CameraCloud( 1058): 1333727971118: Done with Get photos button for region 1
