--------- beginning of /dev/log/system
I/Vold    (   72): Vold 2.1 (the revenge) firing up
D/Vold    (   72): Volume sdcard state changing -1 (Initializing) -> 0 (No-Media)
D/Vold    (   72): Volume sdcard state changing 0 (No-Media) -> 2 (Pending)
E/DirectVolume(   72): Dv:partAdd: ignoring part_num = 4 (max: 3)
D/Vold    (   72): Volume sdcard state changing 2 (Pending) -> 1 (Idle-Unmounted)
W/Vold    (   72): Duplicate state (1)
W/Vold    (   72): Duplicate state (1)
W/Vold    (   72): Duplicate state (1)
W/Vold    (   72): Duplicate state (1)
I/SystemServer(  148): Entered the Android system server!
I/SystemServer(  148): Entropy Service
I/SystemServer(  148): Power Manager
I/SystemServer(  148): Activity Manager
I/ActivityManager(  148): Memory class: 48
I/SystemServer(  148): Telephony Registry
I/SystemServer(  148): Package Manager
W/PackageParser(  148): No actions in intent filter at /system/app/Bluetooth.apk Binary XML file line #125
W/PackageParser(  148): No actions in intent filter at /system/app/Contacts.apk Binary XML file line #525
W/PackageParser(  148): Unknown element under <manifest>: supports-gl-texture at /system/app/GoogleEarth.apk Binary XML file line #3
I/Installer(  148): connecting...
I/PackageParser(  148): com.googlecode.android.wifi.tether: compat added android.permission.WRITE_EXTERNAL_STORAGE android.permission.READ_PHONE_STATE
I/PackageManager(  148): Time to scan packages: 3.516 seconds
W/PackageManager(  148): Not granting permission android.permission.SEND_DOWNLOAD_COMPLETED_INTENTS to package com.google.android.browser (protectionLevel=2 flags=0x9be45)
W/PackageManager(  148): Unknown permission com.android.vending.permission.UPDATE_MARKET_FAILURE in package com.android.vending.updater
W/PackageManager(  148): Unknown permission android.permission.ADD_SYSTEM_SERVICE in package com.android.phone
W/PackageManager(  148): Unknown permission com.android.smspush.WAPPUSH_MANAGER_BIND in package com.android.phone
W/PackageManager(  148): Unknown permission com.android.vending.billing.IBillingAccountService.BIND2 in package com.google.android.gsf.login
W/PackageManager(  148): Not granting permission android.permission.DEVICE_POWER to package com.google.android.deskclock (protectionLevel=2 flags=0x8be45)
W/PackageManager(  148): Unknown permission android.permission.READ_OWNER_DATA in package com.google.android.setupwizard
W/PackageManager(  148): Unknown permission android.permission.WRITE_OWNER_DATA in package com.google.android.setupwizard
W/PackageManager(  148): Not granting permission com.google.android.gm.permission.READ_GMAIL to package com.google.android.apps.uploader (protectionLevel=2 flags=0x8be45)
W/PackageManager(  148): Unknown permission android.permission.READ_EXTERNAL_STORAGE in package com.android.vending
W/PackageManager(  148): Not granting permission android.permission.SEND_DOWNLOAD_COMPLETED_INTENTS to package com.android.vending (protectionLevel=2 flags=0xabec5)
W/PackageManager(  148): Not granting permission android.permission.ACCOUNT_MANAGER to package com.google.android.music (protectionLevel=2 flags=0x8be65)
W/PackageManager(  148): Unknown permission com.android.providers.im.permission.READ_ONLY in package com.google.android.apps.maps
W/PackageManager(  148): Unknown permission android.permission.READ_EXTERNAL_STORAGE in package com.google.android.videoeditor
W/PackageManager(  148): Unknown permission com.google.android.apps.googlevoice.REMOTE_INTENT in package com.google.android.apps.googlevoice
W/PackageManager(  148): Unknown permission com.google.android.permission.RECEIVE_DATA_MESSAGE in package com.google.android.apps.googlevoice
W/PackageManager(  148): Unknown permission com.google.android.permission.SEND_DATA_MESSAGE in package com.google.android.apps.googlevoice
I/SystemServer(  148): Account Manager
I/SystemServer(  148): Content Manager
I/SystemServer(  148): System Content Providers
I/SystemServer(  148): Lights Service
I/SystemServer(  148): Battery Service
I/SystemServer(  148): Vibrator Service
I/SystemServer(  148): Alarm Manager
I/SystemServer(  148): Init Watchdog
I/SystemServer(  148): Window Manager
I/InputManager(  148): Initializing input manager
W/StatusBarManager(  148): warning: no STATUS_BAR_SERVICE
I/InputManager(  148): Starting input manager
I/SystemServer(  148): Bluetooth Service
I/SystemServer(  148): Input Method Service
W/InputManagerService(  148): Couldn't create dir.: /data/system/inputmethod
I/SystemServer(  148): Accessibility Manager
I/ActivityManager(  148): Config changed: {1.0 0mcc0mnc en_US layoutdir=0 sw320dp w320dp h508dp nrml long port ?uimode ?night finger -keyb/v/h -nav/h s.2}
I/SystemServer(  148): Device Policy
I/SystemServer(  148): Status Bar
I/SystemServer(  148): Clipboard Service
I/SystemServer(  148): NetworkManagement Service
I/SystemServer(  148): Text Service Manager Service
I/SystemServer(  148): NetworkStats Service
I/SystemServer(  148): NetworkPolicy Service
I/SystemServer(  148): Wi-Fi P2pService
I/SystemServer(  148): Wi-Fi Service
I/SystemServer(  148): Connectivity Service
D/ConnectivityService(  148): ConnectivityService starting up
E/ConnectivityService(  148): Ignoring protectedNetwork 10
E/ConnectivityService(  148): Ignoring protectedNetwork 11
E/ConnectivityService(  148): Ignoring protectedNetwork 12
E/MobileDataStateTracker(  148): default: Ignoring feature request because could not acquire PhoneService
E/MobileDataStateTracker(  148): default: Could not enable APN type "default"
D/NetworkManagementService(  148): Registering observer
D/NetworkManagementService(  148): Registering observer
I/WifiService(  148): WifiService starting up with Wi-Fi disabled
I/SystemServer(  148): Throttle Service
I/SystemServer(  148): Mount Service
D/MountService(  148): got storage path: /mnt/sdcard description: USB storage primary: true removable: false emulated: false mtpReserve: 0 allowMassStorage: true maxFileSize: 4294967296
I/SystemServer(  148): Notification Manager
I/SystemServer(  148): Device Storage Monitor
I/SystemServer(  148): Location Manager
I/SystemServer(  148): Country Detector
I/SystemServer(  148): Search Service
I/SystemServer(  148): DropBox Service
I/SystemServer(  148): Wallpaper Service
I/SystemServer(  148): Audio Service
D/VoldCmdListener(   72): volume list
D/MountService(  148): volume state changed for /mnt/sdcard (null -> unmounted)
I/SystemServer(  148): Dock Observer
I/SystemServer(  148): Wired Accessory Observer
I/SystemServer(  148): USB Service
I/SystemServer(  148): UI Mode Manager Service
I/SystemServer(  148): Backup Service
V/BackupManagerService(  148): Initializing package tracking
V/BackupManagerService(  148): No ancestral data
V/BackupManagerService(  148): addPackageParticipantsLocked: null
I/BackupManagerService(  148): New app android never backed up; scheduling
I/BackupManagerService(  148): New app com.android.nfc never backed up; scheduling
I/BackupManagerService(  148): New app com.android.providers.settings never backed up; scheduling
I/BackupManagerService(  148): New app com.android.providers.userdictionary never backed up; scheduling
I/BackupManagerService(  148): New app com.android.sharedstoragebackup never backed up; scheduling
I/BackupManagerService(  148): New app com.android.vending never backed up; scheduling
I/BackupManagerService(  148): New app com.google.android.browser never backed up; scheduling
I/BackupManagerService(  148): New app com.google.android.calendar never backed up; scheduling
I/BackupManagerService(  148): New app com.google.android.gm never backed up; scheduling
I/BackupManagerService(  148): New app com.google.android.inputmethod.latin never backed up; scheduling
I/BackupManagerService(  148): New app org.connectbot never backed up; scheduling
V/BackupManagerService(  148): Registering transport android/com.android.internal.backup.LocalTransport = com.android.internal.backup.LocalTransport@415dec90
V/BackupManagerService(  148): Starting with transport com.google.android.backup/.BackupTransportService
V/BackupManagerService(  148): Binding to Google transport
I/BackupManagerService(  148): Found stale backup journal, scheduling
I/BackupManagerService(  148):   android
I/BackupManagerService(  148):   com.android.nfc
I/BackupManagerService(  148):   com.android.providers.settings
I/BackupManagerService(  148):   com.android.providers.userdictionary
I/BackupManagerService(  148):   com.android.sharedstoragebackup
I/BackupManagerService(  148):   com.android.vending
I/BackupManagerService(  148):   com.google.android.browser
I/BackupManagerService(  148):   com.google.android.calendar
I/BackupManagerService(  148):   com.google.android.gm
I/BackupManagerService(  148):   com.google.android.inputmethod.latin
I/BackupManagerService(  148):   org.connectbot
I/BackupManagerService(  148): Backup enabled => false
I/BackupManagerService(  148): Opting out of backup
I/SystemServer(  148): AppWidget Service
I/SystemServer(  148): Recognition Service
I/SystemServer(  148): DiskStats Service
I/SystemServer(  148): SamplingProfiler Service
I/SystemServer(  148): NetworkTimeUpdateService
D/PowerManagerService(  148): system ready!
I/ActivityManager(  148): System now ready
I/SystemServer(  148): Making services ready
D/SystemServer(  148): Starting service: Intent { cmp=com.android.systemui/.SystemUIService }
I/ActivityManager(  148): Start proc com.android.systemui for service com.android.systemui/.SystemUIService: pid=218 uid=1000 gids={1015, 3002, 3001, 3003, 3007}
D/NetworkManagementService(  148): enabling bandwidth control
D/SystemUIService(  218): loading: class com.android.systemui.statusbar.phone.PhoneStatusBar
D/SystemUIService(  218): running: com.android.systemui.statusbar.phone.PhoneStatusBar@413551f8
D/NetworkManagementService(  148): Registering observer
I/StatusBarManagerService(  148): registerStatusBar bar=com.android.internal.statusbar.IStatusBar$Stub$Proxy@415c0578
D/PhoneStatusBar(  218): disable: < expand icons alerts ticker system_info BACK* HOME* RECENT* CLOCK* >
D/StorageNotification(  218): Startup with UMS connection false (media state unmounted)
D/NetworkManagementService(  148): Registering observer
I/ActivityManager(  148): Config changed: {1.0 0mcc0mnc en_US layoutdir=0 sw320dp w320dp h508dp nrml long port finger -keyb/v/h -nav/h s.3}
D/SystemUIService(  218): loading: class com.android.systemui.power.PowerUI
D/SystemUIService(  218): running: com.android.systemui.power.PowerUI@4133da20
I/StorageNotification(  218): UMS connection changed to false (media state unmounted)
I/ActivityManager(  148): Start proc android.process.media for broadcast com.android.providers.media/.UsbReceiver: pid=267 uid=10014 gids={1015, 1023, 1024, 2001, 3003, 3007}
I/ActivityManager(  148): Start proc com.android.wallpaper for service com.android.wallpaper/.nexus.NexusWallpaper: pid=280 uid=10030 gids={1006}
W/InputManagerService(  148): Ignoring setImeWindowStatus of uid 1000 token: null
I/ActivityManager(  148): Start proc com.google.android.inputmethod.latin for service com.google.android.inputmethod.latin/com.android.inputmethod.latin.LatinIME: pid=292 uid=10028 gids={}
D/NetworkManagementService(  148): Registering observer
W/ThrottleService(  148): unable to find stats for iface rmnet0
I/ActivityManager(  148): Start proc com.android.phone for added application com.android.phone: pid=314 uid=1001 gids={3002, 3001, 3003, 1015}
I/ActivityManager(  148): Start proc com.android.nfc for added application com.android.nfc: pid=327 uid=1027 gids={3002, 3001}
I/ActivityManager(  148): START {act=android.intent.action.MAIN cat=[android.intent.category.HOME] flg=0x10000000 cmp=com.android.launcher/com.android.launcher2.Launcher} from pid 0
D/WifiService(  148): New client listening to asynchronous messages
I/ActivityManager(  148): Start proc com.android.launcher for activity com.android.launcher/com.android.launcher2.Launcher: pid=340 uid=10029 gids={}
I/ActivityManager(  148): Start proc com.google.android.inputmethod.latin.dictionarypack for content provider com.google.android.inputmethod.latin.dictionarypack/.DictionaryProvider: pid=366 uid=10027 gids={3003, 1015}
I/ActivityManager(  148): Start proc android.process.acore for content provider com.android.providers.userdictionary/.UserDictionaryProvider: pid=387 uid=10000 gids={3003, 1015}
W/ActivityManager(  148): Unable to start service Intent { act=com.android.internal.telephony.IWapPushManager }: not found
W/ActivityManager(  148): Unable to start service Intent { act=com.android.ussd.IExtendedNetworkService }: not found
I/ActivityManager(  148): Start proc com.google.process.gapps for service com.google.android.location/.NetworkLocationService: pid=455 uid=10011 gids={3003, 1015, 1007, 2001, 3006}
I/StorageNotification(  218): UMS connection changed to false (media state unmounted)
V/BackupManagerService(  148): Connected to Google transport
V/BackupManagerService(  148): Registering transport com.google.android.backup/.BackupTransportService = com.google.android.backup.BackupTransportService$1@415a0950
I/ActivityManager(  148): Start proc com.android.settings for broadcast com.android.settings/.widget.SettingsAppWidgetProvider: pid=483 uid=1000 gids={1015, 3002, 3001, 3003, 3007}
D/PowerManagerService(  148): bootCompleted
V/DevicePolicyManagerService(  148): Sending password expiration notifications for action android.intent.action.BOOT_COMPLETED
D/VoldCmdListener(   72): volume mount /mnt/sdcard
I/Vold    (   72): /dev/block/vold/179:3 being considered for volume sdcard
D/Vold    (   72): Volume sdcard state changing 1 (Idle-Unmounted) -> 3 (Checking)
D/MountService(  148): volume state changed for /mnt/sdcard (unmounted -> checking)
I/ActivityManager(  148): Start proc com.android.contacts for broadcast com.android.contacts/.calllog.CallLogReceiver: pid=505 uid=10000 gids={3003, 1015}
V/WiredAccessoryObserver(  148): init()
W/WiredAccessoryObserver(  148): This kernel does not have wired headset support
W/WiredAccessoryObserver(  148): This kernel does not have wired headset support
I/StorageNotification(  218): Media {/mnt/sdcard} state changed from {unmounted} -> {checking}
D/MountService(  148): sendStorageIntent Intent { act=android.intent.action.MEDIA_CHECKING dat=file:///mnt/sdcard (has extras) }
I/ActivityManager(  148): Start proc com.android.providers.calendar for broadcast com.android.providers.calendar/.CalendarReceiver: pid=538 uid=10007 gids={3003, 1015}
I/ActivityManager(  148): Start proc com.google.android.deskclock for broadcast com.google.android.deskclock/com.android.deskclock.AlarmInitReceiver: pid=557 uid=10013 gids={}
I/ActivityManager(  148): Start proc com.google.android.email for broadcast com.google.android.email/com.android.email.service.EmailBroadcastReceiver: pid=574 uid=10015 gids={3003, 1015}
I/ActivityManager(  148): Start proc com.google.android.exchange for service com.google.android.exchange/com.android.exchange.ExchangeService: pid=589 uid=10016 gids={3003, 1015}
I/ActivityManager(  148): Start proc com.google.android.apps.genie.geniewidget for broadcast com.google.android.apps.genie.geniewidget/.miniwidget.MiniWidgetProvider: pid=607 uid=10018 gids={3003, 1015}
I/ActivityManager(  148): Start proc com.google.android.gm for broadcast com.google.android.gm/.MailIntentReceiver: pid=626 uid=10019 gids={3003, 1015}
I/ActivityManager(  148): Start proc com.google.android.partnersetup for broadcast com.google.android.partnersetup/.GooglePartnerSetup: pid=653 uid=10022 gids={3003}
I/ActivityManager(  148): Start proc com.google.android.gsf.login for service com.google.android.gsf.login/com.google.android.gsf.loginservice.GoogleLoginService: pid=665 uid=10011 gids={3003, 1015, 1007, 2001, 3006}
I/ActivityManager(  148): Start proc com.google.android.apps.maps:FriendService for broadcast com.google.android.apps.maps/com.google.googlenav.friend.android.ServiceReceiver: pid=696 uid=10032 gids={3003, 1015}
D/CountryDetectorService(  148): The first listener is added
I/ActivityManager(  148): Start proc com.google.android.apps.maps:NetworkLocationService for service com.google.android.apps.maps/com.google.android.location.internal.server.NetworkLocationService: pid=709 uid=10032 gids={3003, 1015}
I/ActivityManager(  148): START {flg=0x10000000 cmp=com.google.android.gsf/.update.SystemUpdateInstallDialog} from pid 455
I/ActivityManager(  148): START {flg=0x10000000 cmp=com.google.android.gsf/.update.SystemUpdateDownloadDialog} from pid 455
I/ActivityManager(  148): Start proc com.android.mms for broadcast com.android.mms/.transaction.MmsSystemEventReceiver: pid=729 uid=10036 gids={3003, 1015}
D/PhoneStatusBar(  218): disable: < expand icons alerts ticker system_info BACK HOME recent* CLOCK >
D/PhoneStatusBar(  218): disable: < expand icons alerts ticker system_info back* home* recent clock* >
W/ActivityManager(  148): Permission Denial: receiving Intent { act=android.intent.action.BOOT_COMPLETED flg=0x10 } to com.android.musicfx requires android.permission.RECEIVE_BOOT_COMPLETED due to sender null (uid 1000)
I/ActivityManager(  148): Start proc com.google.android.onetimeinitializer for broadcast com.google.android.onetimeinitializer/.OneTimeInitializerReceiver: pid=753 uid=10040 gids={}
I/ActivityManager(  148): Start proc com.google.android.talk for broadcast com.google.android.talk/.videochat.BootCompleteReceiver: pid=767 uid=10050 gids={3003, 1015, 1006, 3002}
D/ConnectivityService(  148): handleInetConditionChange: no active default network - ignore
I/ActivityManager(  148): Start proc com.google.android.videos for broadcast com.google.android.videos/com.google.android.youtube.videos.transfer.VideoDownloadService$BootReceiver: pid=793 uid=10053 gids={3003, 1015}
I/ActivityManager(  148): Start proc com.android.voicedialer for broadcast com.android.voicedialer/.VoiceDialerReceiver: pid=823 uid=10055 gids={3002}
W/ActivityManager(  148): Permission Denial: receiving Intent { act=android.intent.action.BOOT_COMPLETED flg=0x10 } to com.google.android.youtube requires android.permission.RECEIVE_BOOT_COMPLETED due to sender null (uid 1000)
I/ActivityManager(  148): No longer want com.google.android.inputmethod.latin.dictionarypack (pid 366): hidden #16
W/ActivityManager(  148): Permission Denial: receiving Intent { act=android.intent.action.BOOT_COMPLETED flg=0x10 } to com.google.android.youtube requires android.permission.RECEIVE_BOOT_COMPLETED due to sender null (uid 1000)
I/ActivityManager(  148): Start proc com.google.android.apps.googlevoice for broadcast com.google.android.apps.googlevoice/.BootUpReceiver: pid=837 uid=10058 gids={3003, 1015}
I/ActivityManager(  148): No longer want com.android.contacts (pid 505): hidden #16
I/ActivityManager(  148): Start proc com.android.vending for broadcast com.android.vending/.MarketWidgetProvider: pid=852 uid=10043 gids={3003, 1015}
I/ActivityManager(  148): No longer want com.android.providers.calendar (pid 538): hidden #16
I/WifiService(  148): WifiService trying to set country code to us with persist set to true
I/ActivityManager(  148): Config changed: {1.0 310mcc260mnc en_US layoutdir=0 sw320dp w320dp h508dp nrml long port finger -keyb/v/h -nav/h s.4}
I/ActivityManager(  148): No longer want com.google.android.exchange (pid 589): hidden #16
I/ActivityManager(  148): Start proc com.google.android.calendar for broadcast com.google.android.calendar/com.android.calendar.widget.CalendarAppWidgetService$CalendarFactory: pid=885 uid=10006 gids={3003}
I/ActivityManager(  148): No longer want com.google.android.apps.genie.geniewidget (pid 607): hidden #16
I/ActivityManager(  148): Start proc com.google.android.apps.maps:LocationFriendService for broadcast com.google.android.apps.maps/com.google.googlenav.friend.reporting.LocationReportingIntentReceiver: pid=901 uid=10032 gids={3003, 1015}
I/ActivityManager(  148): No longer want com.google.android.email (pid 574): hidden #16
I/ActivityManager(  148): Start proc com.android.providers.calendar for content provider com.android.providers.calendar/.CalendarProvider2: pid=911 uid=10007 gids={3003, 1015}
I/ActivityManager(  148): No longer want com.google.android.gsf.login (pid 665): hidden #16
I/ActivityManager(  148): Start proc com.google.android.music:main for broadcast com.google.android.music/.store.MediaStoreImportService$Receiver: pid=930 uid=10037 gids={3003, 1015}
I/ActivityManager(  148): No longer want com.google.android.partnersetup (pid 653): hidden #16
I/ActivityManager(  148): No longer want android.process.acore (pid 387): hidden #16
I/ActivityManager(  148): No longer want com.android.mms (pid 729): hidden #16
I/Vold    (   72): Filesystem check completed OK
I/Vold    (   72): Device /dev/block/vold/179:3, target /mnt/sdcard mounted @ /mnt/secure/staging
D/Vold    (   72): Volume sdcard state changing 3 (Checking) -> 4 (Mounted)
D/MountService(  148): volume state changed for /mnt/sdcard (checking -> mounted)
I/StorageNotification(  218): Media {/mnt/sdcard} state changed from {checking} -> {mounted}
D/MountService(  148): sendStorageIntent Intent { act=android.intent.action.MEDIA_MOUNTED dat=file:///mnt/sdcard (has extras) }
D/VoldCmdListener(   72): asec list
I/ActivityManager(  148): Start proc com.google.android.apps.uploader for broadcast com.google.android.apps.uploader/.ConnectivityBroadcastReceiver: pid=962 uid=10034 gids={3003}
I/ActivityManager(  148): Start proc com.google.android.apps.plus for broadcast com.google.android.apps.plus/.service.PackagesMediaMonitor: pid=977 uid=10044 gids={3003, 1015, 1006}
I/ActivityManager(  148): No longer want com.google.android.onetimeinitializer (pid 753): hidden #16
W/PackageManager(  148): Not granting permission android.permission.SEND_DOWNLOAD_COMPLETED_INTENTS to package com.google.android.browser (protectionLevel=2 flags=0x9be45)
W/PackageManager(  148): Unknown permission com.android.vending.permission.UPDATE_MARKET_FAILURE in package com.android.vending.updater
W/PackageManager(  148): Unknown permission android.permission.ADD_SYSTEM_SERVICE in package com.android.phone
W/PackageManager(  148): Unknown permission com.android.smspush.WAPPUSH_MANAGER_BIND in package com.android.phone
W/PackageManager(  148): Unknown permission com.android.vending.billing.IBillingAccountService.BIND2 in package com.google.android.gsf.login
W/PackageManager(  148): Not granting permission android.permission.DEVICE_POWER to package com.google.android.deskclock (protectionLevel=2 flags=0x8be45)
W/PackageManager(  148): Unknown permission android.permission.READ_OWNER_DATA in package com.google.android.setupwizard
W/PackageManager(  148): Unknown permission android.permission.WRITE_OWNER_DATA in package com.google.android.setupwizard
W/PackageManager(  148): Not granting permission com.google.android.gm.permission.READ_GMAIL to package com.google.android.apps.uploader (protectionLevel=2 flags=0x8be45)
W/PackageManager(  148): Unknown permission android.permission.READ_EXTERNAL_STORAGE in package com.android.vending
W/PackageManager(  148): Not granting permission android.permission.SEND_DOWNLOAD_COMPLETED_INTENTS to package com.android.vending (protectionLevel=2 flags=0xabec5)
W/PackageManager(  148): Not granting permission android.permission.ACCOUNT_MANAGER to package com.google.android.music (protectionLevel=2 flags=0x8be65)
W/PackageManager(  148): Unknown permission com.android.providers.im.permission.READ_ONLY in package com.google.android.apps.maps
W/PackageManager(  148): Unknown permission android.permission.READ_EXTERNAL_STORAGE in package com.google.android.videoeditor
W/PackageManager(  148): Unknown permission com.google.android.apps.googlevoice.REMOTE_INTENT in package com.google.android.apps.googlevoice
W/PackageManager(  148): Unknown permission com.google.android.permission.RECEIVE_DATA_MESSAGE in package com.google.android.apps.googlevoice
W/PackageManager(  148): Unknown permission com.google.android.permission.SEND_DATA_MESSAGE in package com.google.android.apps.googlevoice
D/CountryDetectorService(  148): No listener is left
I/ActivityManager(  148): No longer want com.google.android.videos (pid 793): hidden #16
D/ConnectivityService(  148): ConnectivityChange for mobile: CONNECTED/CONNECTED
D/ConnectivityService(  148): handleInetConditionHoldEnd: net=0, condition=100, published condition=0
D/ConnectivityService(  148): handleInetConditionHoldEnd: net=0, condition=0, published condition=100
D/ConnectivityService(  148): handleInetConditionHoldEnd: net=0, condition=100, published condition=0
D/ConnectivityService(  148): handleInetConditionHoldEnd: net=0, condition=0, published condition=100
I/ActivityManager(  148): START {act=android.intent.action.MAIN cat=[android.intent.category.LAUNCHER] flg=0x10200000 cmp=edu.mit.haoqili.camera_cloud/.CameraCloud} from pid 340
I/ActivityManager(  148): Start proc edu.mit.haoqili.camera_cloud for activity edu.mit.haoqili.camera_cloud/.CameraCloud: pid=1022 uid=10067 gids={1006, 1015, 3003}
W/InputManagerService(  148): Starting input on non-focused client com.android.internal.view.IInputMethodClient$Stub$Proxy@41732ac8 (uid=10029 pid=340)
D/NetworkPolicy(  148): applying policy NetworkPolicy[NetworkTemplate: matchRule=MOBILE_ALL, subscriberId=valid]: cycleDay=15, warningBytes=2147483648, limitBytes=-1, lastSnooze=-1 to ifaces [rmnet0]
W/InputManagerService(  148): Starting input on non-focused client com.android.internal.view.IInputMethodClient$Stub$Proxy@415716b0 (uid=10067 pid=1022)
I/ActivityManager(  148): No longer want com.android.voicedialer (pid 823): hidden #16
I/WindowManager(  148): WIN DEATH: Window{416b6a00 SurfaceView paused=false}
I/ActivityManager(  148): Process edu.mit.haoqili.camera_cloud (pid 1022) has died.
I/WindowManager(  148): WIN DEATH: Window{415e9bc0 edu.mit.haoqili.camera_cloud/edu.mit.haoqili.camera_cloud.CameraCloud paused=false}
I/ActivityManager(  148): START {act=android.intent.action.MAIN cat=[android.intent.category.LAUNCHER] flg=0x10200000 cmp=edu.mit.haoqili.camera_cloud/.CameraCloud} from pid 340
I/ActivityManager(  148): Start proc edu.mit.haoqili.camera_cloud for activity edu.mit.haoqili.camera_cloud/.CameraCloud: pid=1058 uid=10067 gids={1006, 1015, 3003}
W/InputManagerService(  148): Starting input on non-focused client com.android.internal.view.IInputMethodClient$Stub$Proxy@41732ac8 (uid=10029 pid=340)
D/ConnectivityService(  148): handleInetConditionHoldEnd: net=0, condition=100, published condition=0
D/ConnectivityService(  148): handleInetConditionHoldEnd: net=0, condition=0, published condition=100
D/PhoneStatusBar(  218): disable: < expand icons alerts ticker system_info back home RECENT* clock >
D/PhoneStatusBar(  218): disable: < expand icons alerts ticker system_info BACK* HOME* RECENT CLOCK* >
W/ActivityManager(  148): Activity destroy timeout for ActivityRecord{417612a0 edu.mit.haoqili.camera_cloud/.CameraCloud}
D/ConnectivityService(  148): handleInetConditionHoldEnd: net=0, condition=100, published condition=0
I/WindowManager(  148): Lock screen displayed!
D/PhoneStatusBar(  218): disable: < expand icons alerts ticker system_info BACK HOME recent* CLOCK >
W/InputManagerService(  148): Window already focused, ignoring focus gain of: com.android.internal.view.IInputMethodClient$Stub$Proxy@41725d88
D/PhoneStatusBar(  218): disable: < expand icons alerts ticker system_info back* home* recent clock* >
D/ConnectivityService(  148): handleInetConditionHoldEnd: net=0, condition=0, published condition=100
D/ConnectivityService(  148): handleInetConditionHoldEnd: net=0, condition=100, published condition=0
D/ConnectivityService(  148): handleInetConditionHoldEnd: net=0, condition=0, published condition=100
D/ConnectivityService(  148): handleInetConditionHoldEnd: net=0, condition=100, published condition=0
D/ConnectivityService(  148): handleInetConditionHoldEnd: net=0, condition=0, published condition=100
D/ConnectivityService(  148): handleInetConditionHoldEnd: net=0, condition=100, published condition=0
W/InputManagerService(  148): Window already focused, ignoring focus gain of: com.android.internal.view.IInputMethodClient$Stub$Proxy@416d3558
W/InputManagerService(  148): Window already focused, ignoring focus gain of: com.android.internal.view.IInputMethodClient$Stub$Proxy@41551c90
W/InputManagerService(  148): Window already focused, ignoring focus gain of: com.android.internal.view.IInputMethodClient$Stub$Proxy@4151e250
W/InputManagerService(  148): Window already focused, ignoring focus gain of: com.android.internal.view.IInputMethodClient$Stub$Proxy@41597f18
W/InputManagerService(  148): Window already focused, ignoring focus gain of: com.android.internal.view.IInputMethodClient$Stub$Proxy@417fc860
W/InputManagerService(  148): Window already focused, ignoring focus gain of: com.android.internal.view.IInputMethodClient$Stub$Proxy@416a3908
--------- beginning of /dev/log/main
I/CameraCloud( 1058): 1333727525650: GPS x/long:-71.10277163723589, GPS y/lat: 42.365005466510105. Region width in x: 51.96152422706632
I/CameraCloud( 1058): 1333727525651: location PINPOINTS to region = 5.0, previous 5
I/CameraCloud( 1058): 1333727525651: stay at region 5
D/dalvikvm(  709): GC_CONCURRENT freed 385K, 7% free 10044K/10759K, paused 2ms+2ms
I/CameraCloud( 1058): 1333727535616: .......... GPS onLocationChanged ...... 
I/CameraCloud( 1058): 1333727535617: Loc = Location[mProvider=gps,mTime=1333813937000,mLatitude=42.365004590500654,mLongitude=-71.10274865547883,mHasAltitude=true,mAltitude=-27.0,mHasSpeed=true,mSpeed=0.061262723,mHasBearing=true,mBearing=104.24837,mHasAccuracy=true,mAccuracy=10.0,mExtras=Bundle[mParcelledData.dataSize=4]] Previous Region = (5,0)
I/CameraCloud( 1058): 1333727535617: GPS x/long:-71.10274865547883, GPS y/lat: 42.365004590500654. Region width in x: 51.96152422706632
I/CameraCloud( 1058): 1333727535618: location PINPOINTS to region = 5.0, previous 5
I/CameraCloud( 1058): 1333727535618: stay at region 5
I/CameraCloud( 1058): 1333727536899: canPressButton = TRUE
I/CameraCloud( 1058): 1333727536910: areButtonsEnabled --> false
I/CameraCloud( 1058): 1333727536916: disabling buttons ...
I/CameraCloud( 1058): 1333727536917: new pic disableButtons XXX
I/CameraCloud( 1058): 1333727536918: areButtonsEnabled --> false
D/AudioHardware(   81): AudioHardware pcm playback is exiting standby.
D/AudioHardware(   81): openPcmOut_l() mPcmOpenCnt: 0
I/CameraCloud( 1058): 1333727537048: takeNum=3 takeCamGood=2 takeGoodSave=0 takeBad=2 getNum=4 getGood=0 getBad=4
I/CameraCloud( 1058): 1333727537049: ** Clicked take picture button **
I/CameraSurfaceView( 1058): inside getCamera()
I/CameraHardwareSec(   81): int android::CameraHardwareSec::previewThreadWrapper(): calling mSecCamera->stopPreview() and waiting
I/SecCamera(   81): int android::fimc_v4l2_querybuf(int, android::fimc_buffer*, v4l2_buf_type) :
I/SecCamera(   81): int android::fimc_v4l2_querybuf(int, android::fimc_buffer*, v4l2_buf_type): buffer->start = 0x442ee000 v4l2_buf.length = 4261248
I/CameraHardwareSec(   81): == Camera Sensor Detect S5K4ECGX - Samsung LSI SOC 5M ==
D/JpegEncoder(   81): encode E
D/JpegEncoder(   81): encode X
D/SecCamera(   81): Shutter speed=4745 us, iso=50
D/SecCamera(   81): AV=3, TV=8, SV=4
D/JpegEncoder(   81): makeExif E
D/JpegEncoder(   81): makeExif X
I/SecCamera(   81): int android::SecCamera::endSnapshot() :
I/SecCamera(   81): munmap():virt. addr 0x442ee000 size = 4261248
D/dalvikvm( 1058): GC_FOR_ALLOC freed 2327K, 22% free 10109K/12807K, paused 20ms
I/dalvikvm-heap( 1058): Grow heap (frag case) to 11.242MB for 1360314-byte allocation
D/dalvikvm( 1058): GC_CONCURRENT freed 24K, 11% free 11412K/12807K, paused 2ms+3ms
I/CameraCloud( 1058): 1333727537726: inside HandlePictureStorage onPictureTaken()
I/CameraCloud( 1058): 1333727537726: takeNum=3 takeCamGood=3 takeGoodSave=0 takeBad=2 getNum=4 getGood=0 getBad=4
D/CameraHardwareSec(   81): mPreviewHeap(fd(35), size(518400), width(720), height(480))
I/CameraHardwareSec(   81): int android::CameraHardwareSec::previewThreadWrapper(): return from wait
I/CameraCloud( 1058): 1333727538111: Picture successfully taken, ORIG BYTE LENGTH = 1360298
D/dalvikvm( 1058): GC_EXPLICIT freed 2K, 11% free 11413K/12807K, paused 19ms+2ms
I/CameraCloud( 1058): 1333727538391: Our new height x width: 240 x 320
I/CameraCloud( 1058): 1333727538403: Show photo from handle my camera take
I/CameraCloud( 1058): 1333727538403: client making photo packet to send to leader
I/CameraCloud( 1058): 1333727538415: BYTE SIZE AFTER COMPRESSION: 4110
I/CameraCloud( 1058): 1333727538416: sending new pic ....
I/CameraCloud( 1058): 1333727538416: Server request to url: http://hermes5.csail.mit.edu:8213/101/5/0/
I/CameraCloud( 1058): 1333727538520: Cloud server request length: 14467
I/CameraCloud( 1058): 1333727538521: about to execute HTTP POST
I/CameraCloud( 1058): 1333727538521: in serverRequest() about to httpclient.execute()
D/dalvikvm( 1058): GC_CONCURRENT freed 620K, 11% free 11468K/12807K, paused 1ms+13ms
D/AudioHardware(   81): AudioHardware pcm playback is going to standby.
D/AudioHardware(   81): closePcmOut_l() mPcmOpenCnt: 1
I/CameraCloud( 1058): 1333727541989: error excuting HTTP POST, IOException
W/System.err( 1058): org.apache.http.conn.HttpHostConnectException: Connection to http://hermes5.csail.mit.edu:8213 refused
W/System.err( 1058): 	at org.apache.http.impl.conn.DefaultClientConnectionOperator.openConnection(DefaultClientConnectionOperator.java:183)
W/System.err( 1058): 	at org.apache.http.impl.conn.AbstractPoolEntry.open(AbstractPoolEntry.java:164)
W/System.err( 1058): 	at org.apache.http.impl.conn.AbstractPooledConnAdapter.open(AbstractPooledConnAdapter.java:119)
W/System.err( 1058): 	at org.apache.http.impl.client.DefaultRequestDirector.execute(DefaultRequestDirector.java:360)
W/System.err( 1058): 	at org.apache.http.impl.client.AbstractHttpClient.execute(AbstractHttpClient.java:555)
W/System.err( 1058): 	at org.apache.http.impl.client.AbstractHttpClient.execute(AbstractHttpClient.java:487)
W/System.err( 1058): 	at org.apache.http.impl.client.AbstractHttpClient.execute(AbstractHttpClient.java:465)
W/System.err( 1058): 	at edu.mit.haoqili.camera_cloud.CameraCloud.serverRequest(CameraCloud.java:975)
W/System.err( 1058): 	at edu.mit.haoqili.camera_cloud.CameraCloud.sendClientNewpic(CameraCloud.java:547)
W/System.err( 1058): 	at edu.mit.haoqili.camera_cloud.CameraCloud$HandlePictureStorage.onPictureTaken(CameraCloud.java:527)
W/System.err( 1058): 	at android.hardware.Camera$EventHandler.handleMessage(Camera.java:687)
W/System.err( 1058): 	at android.os.Handler.dispatchMessage(Handler.java:99)
W/System.err( 1058): 	at android.os.Looper.loop(Looper.java:137)
W/System.err( 1058): 	at android.app.ActivityThread.main(ActivityThread.java:4424)
W/System.err( 1058): 	at java.lang.reflect.Method.invokeNative(Native Method)
W/System.err( 1058): 	at java.lang.reflect.Method.invoke(Method.java:511)
W/System.err( 1058): 	at com.android.internal.os.ZygoteInit$MethodAndArgsCaller.run(ZygoteInit.java:784)
W/System.err( 1058): 	at com.android.internal.os.ZygoteInit.main(ZygoteInit.java:551)
W/System.err( 1058): 	at dalvik.system.NativeStart.main(Native Method)
W/System.err( 1058): Caused by: java.net.ConnectException: failed to connect to /128.30.66.123 (port 8213): connect failed: ECONNREFUSED (Connection refused)
W/System.err( 1058): 	at libcore.io.IoBridge.connect(IoBridge.java:114)
W/System.err( 1058): 	at java.net.PlainSocketImpl.connect(PlainSocketImpl.java:192)
W/System.err( 1058): 	at java.net.PlainSocketImpl.connect(PlainSocketImpl.java:459)
W/System.err( 1058): 	at java.net.Socket.connect(Socket.java:842)
W/System.err( 1058): 	at org.apache.http.conn.scheme.PlainSocketFactory.connectSocket(PlainSocketFactory.java:119)
W/System.err( 1058): 	at org.apache.http.impl.conn.DefaultClientConnectionOperator.openConnection(DefaultClientConnectionOperator.java:144)
W/System.err( 1058): 	... 18 more
W/System.err( 1058): Caused by: libcore.io.ErrnoException: connect failed: ECONNREFUSED (Connection refused)
W/System.err( 1058): 	at libcore.io.Posix.connect(Native Method)
W/System.err( 1058): 	at libcore.io.BlockGuardOs.connect(BlockGuardOs.java:85)
W/System.err( 1058): 	at libcore.io.IoBridge.connectErrno(IoBridge.java:127)
W/System.err( 1058): 	at libcore.io.IoBridge.connect(IoBridge.java:112)
W/System.err( 1058): 	... 23 more
I/CameraCloud( 1058): 1333727542007: Failed to complete the server request
I/CameraCloud( 1058): 1333727542011: Inside _enableButtons
I/CameraCloud( 1058): 1333727542012: areButtonsEnabled --> true
I/CameraCloud( 1058): 1333727542012: takeNum=3 takeCamGood=3 takeGoodSave=0 takeBad=3 getNum=4 getGood=0 getBad=4
I/CameraCloud( 1058): 1333727542012: takeBad++
I/CameraCloud( 1058): 1333727542013: end of client send picture method
W/InputManagerService(  148): Window already focused, ignoring focus gain of: com.android.internal.view.IInputMethodClient$Stub$Proxy@416f3af0
I/CameraCloud( 1058): 1333727543970: canPressButton = TRUE
I/CameraCloud( 1058): 1333727543971: areButtonsEnabled --> false 
I/CameraCloud( 1058): 1333727543972: Inside get photo disableButtons XXX
D/AudioHardware(   81): AudioHardware pcm playback is exiting standby.
D/AudioHardware(   81): openPcmOut_l() mPcmOpenCnt: 0
I/CameraCloud( 1058): 1333727544038: takeNum=3 takeCamGood=3 takeGoodSave=0 takeBad=3 getNum=5 getGood=0 getBad=4
I/CameraCloud( 1058): 1333727544038: ** Clicked getphotos Button from region 0 **
I/CameraCloud( 1058): 1333727544039: Trying to get photo from server, about to call serverRequest()
I/CameraCloud( 1058): 1333727544039: Server request to url: http://hermes5.csail.mit.edu:8213/102/0/0/
I/CameraCloud( 1058): 1333727544041: Cloud server request length: 12
I/CameraCloud( 1058): 1333727544041: about to execute HTTP POST
I/CameraCloud( 1058): 1333727544042: in serverRequest() about to httpclient.execute()
I/CameraCloud( 1058): 1333727545617: error excuting HTTP POST, IOException
W/System.err( 1058): org.apache.http.conn.HttpHostConnectException: Connection to http://hermes5.csail.mit.edu:8213 refused
W/System.err( 1058): 	at org.apache.http.impl.conn.DefaultClientConnectionOperator.openConnection(DefaultClientConnectionOperator.java:183)
W/System.err( 1058): 	at org.apache.http.impl.conn.AbstractPoolEntry.open(AbstractPoolEntry.java:164)
W/System.err( 1058): 	at org.apache.http.impl.conn.AbstractPooledConnAdapter.open(AbstractPooledConnAdapter.java:119)
W/System.err( 1058): 	at org.apache.http.impl.client.DefaultRequestDirector.execute(DefaultRequestDirector.java:360)
W/System.err( 1058): 	at org.apache.http.impl.client.AbstractHttpClient.execute(AbstractHttpClient.java:555)
W/System.err( 1058): 	at org.apache.http.impl.client.AbstractHttpClient.execute(AbstractHttpClient.java:487)
W/System.err( 1058): 	at org.apache.http.impl.client.AbstractHttpClient.execute(AbstractHttpClient.java:465)
W/System.err( 1058): 	at edu.mit.haoqili.camera_cloud.CameraCloud.serverRequest(CameraCloud.java:975)
W/System.err( 1058): 	at edu.mit.haoqili.camera_cloud.CameraCloud.access$6(CameraCloud.java:940)
W/System.err( 1058): 	at edu.mit.haoqili.camera_cloud.CameraCloud$4.onClick(CameraCloud.java:695)
W/System.err( 1058): 	at android.view.View.performClick(View.java:3511)
W/System.err( 1058): 	at android.view.View$PerformClick.run(View.java:14105)
W/System.err( 1058): 	at android.os.Handler.handleCallback(Handler.java:605)
W/System.err( 1058): 	at android.os.Handler.dispatchMessage(Handler.java:92)
W/System.err( 1058): 	at android.os.Looper.loop(Looper.java:137)
W/System.err( 1058): 	at android.app.ActivityThread.main(ActivityThread.java:4424)
W/System.err( 1058): 	at java.lang.reflect.Method.invokeNative(Native Method)
W/System.err( 1058): 	at java.lang.reflect.Method.invoke(Method.java:511)
W/System.err( 1058): 	at com.android.internal.os.ZygoteInit$MethodAndArgsCaller.run(ZygoteInit.java:784)
W/System.err( 1058): 	at com.android.internal.os.ZygoteInit.main(ZygoteInit.java:551)
W/System.err( 1058): 	at dalvik.system.NativeStart.main(Native Method)
W/System.err( 1058): Caused by: java.net.ConnectException: failed to connect to /128.30.66.123 (port 8213): connect failed: ECONNREFUSED (Connection refused)
W/System.err( 1058): 	at libcore.io.IoBridge.connect(IoBridge.java:114)
W/System.err( 1058): 	at java.net.PlainSocketImpl.connect(PlainSocketImpl.java:192)
W/System.err( 1058): 	at java.net.PlainSocketImpl.connect(PlainSocketImpl.java:459)
W/System.err( 1058): 	at java.net.Socket.connect(Socket.java:842)
W/System.err( 1058): 	at org.apache.http.conn.scheme.PlainSocketFactory.connectSocket(PlainSocketFactory.java:119)
W/System.err( 1058): 	at org.apache.http.impl.conn.DefaultClientConnectionOperator.openConnection(DefaultClientConnectionOperator.java:144)
W/System.err( 1058): 	... 20 more
W/System.err( 1058): Caused by: libcore.io.ErrnoException: connect failed: ECONNREFUSED (Connection refused)
W/System.err( 1058): 	at libcore.io.Posix.connect(Native Method)
W/System.err( 1058): 	at libcore.io.BlockGuardOs.connect(BlockGuardOs.java:85)
W/System.err( 1058): 	at libcore.io.IoBridge.connectErrno(IoBridge.java:127)
W/System.err( 1058): 	at libcore.io.IoBridge.connect(IoBridge.java:112)
W/System.err( 1058): 	... 25 more
I/CameraCloud( 1058): 1333727545653: Failed to complete the server request (to get photo)
I/CameraCloud( 1058): 1333727545667: Inside _enableButtons
I/CameraCloud( 1058): 1333727545667: areButtonsEnabled --> true
I/CameraCloud( 1058): 1333727545668: takeNum=3 takeCamGood=3 takeGoodSave=0 takeBad=3 getNum=5 getGood=0 getBad=5
I/CameraCloud( 1058): 1333727545668: getBad++
W/InputManagerService(  148): Window already focused, ignoring focus gain of: com.android.internal.view.IInputMethodClient$Stub$Proxy@416f5608
D/AudioHardware(   81): AudioHardware pcm playback is going to standby.
D/AudioHardware(   81): closePcmOut_l() mPcmOpenCnt: 1
D/dalvikvm(  148): GC_CONCURRENT freed 706K, 14% free 12352K/14215K, paused 3ms+15ms
I/WindowManager(  148): Ignoring HOME; event canceled.
I/CameraCloud( 1058): 1333727566658: .......... GPS onLocationChanged ...... 
I/CameraCloud( 1058): 1333727566659: Loc = Location[mProvider=gps,mTime=1333813968000,mLatitude=42.36499603620511,mLongitude=-71.10275838602135,mHasAltitude=true,mAltitude=-9.0,mHasSpeed=true,mSpeed=0.07222961,mHasBearing=true,mBearing=193.87068,mHasAccuracy=true,mAccuracy=10.0,mExtras=Bundle[mParcelledData.dataSize=4]] Previous Region = (5,0)
I/CameraCloud( 1058): 1333727566659: GPS x/long:-71.10275838602135, GPS y/lat: 42.36499603620511. Region width in x: 51.96152422706632
I/CameraCloud( 1058): 1333727566659: location PINPOINTS to region = 5.0, previous 5
I/CameraCloud( 1058): 1333727566660: stay at region 5
I/CameraCloud( 1058): 1333727593644: .......... GPS onLocationChanged ...... 
I/CameraCloud( 1058): 1333727593645: Loc = Location[mProvider=gps,mTime=1333813995000,mLatitude=42.364981851307135,mLongitude=-71.10278333753689,mHasAltitude=true,mAltitude=-20.0,mHasSpeed=true,mSpeed=0.34069282,mHasBearing=true,mBearing=17.749245,mHasAccuracy=true,mAccuracy=15.0,mExtras=Bundle[mParcelledData.dataSize=4]] Previous Region = (5,0)
I/CameraCloud( 1058): 1333727593646: GPS x/long:-71.10278333753689, GPS y/lat: 42.364981851307135. Region width in x: 51.96152422706632
I/CameraCloud( 1058): 1333727593646: location PINPOINTS to region = 5.0, previous 5
I/CameraCloud( 1058): 1333727593647: stay at region 5
I/CameraCloud( 1058): 1333727594671: .......... GPS onLocationChanged ...... 
I/CameraCloud( 1058): 1333727594672: Loc = Location[mProvider=gps,mTime=1333813996000,mLatitude=42.36496585344805,mLongitude=-71.1028186817011,mHasAltitude=true,mAltitude=-20.0,mHasSpeed=true,mSpeed=0.0,mHasBearing=true,mBearing=23.364197,mHasAccuracy=true,mAccuracy=15.0,mExtras=Bundle[mParcelledData.dataSize=4]] Previous Region = (5,0)
I/CameraCloud( 1058): 1333727594672: GPS x/long:-71.1028186817011, GPS y/lat: 42.36496585344805. Region width in x: 51.96152422706632
I/CameraCloud( 1058): 1333727594673: location PINPOINTS to region = 5.0, previous 5
I/CameraCloud( 1058): 1333727594673: stay at region 5
I/CameraCloud( 1058): 1333727595654: .......... GPS onLocationChanged ...... 
I/CameraCloud( 1058): 1333727595655: Loc = Location[mProvider=gps,mTime=1333813997000,mLatitude=42.3649632778536,mLongitude=-71.10283857115424,mHasAltitude=true,mAltitude=-22.0,mHasSpeed=true,mSpeed=0.29282266,mHasBearing=true,mBearing=338.17365,mHasAccuracy=true,mAccuracy=15.0,mExtras=Bundle[mParcelledData.dataSize=4]] Previous Region = (5,0)
I/CameraCloud( 1058): 1333727595655: GPS x/long:-71.10283857115424, GPS y/lat: 42.3649632778536. Region width in x: 51.96152422706632
I/CameraCloud( 1058): 1333727595655: location PINPOINTS to region = 5.0, previous 5
I/CameraCloud( 1058): 1333727595656: stay at region 5
D/dalvikvm(  148): GC_CONCURRENT freed 712K, 14% free 12358K/14215K, paused 3ms+6ms
I/CameraCloud( 1058): 1333727608644: canPressButton = TRUE
I/CameraCloud( 1058): 1333727608644: areButtonsEnabled --> false
I/CameraCloud( 1058): 1333727608644: disabling buttons ...
I/CameraCloud( 1058): 1333727608645: new pic disableButtons XXX
I/CameraCloud( 1058): 1333727608645: areButtonsEnabled --> false
D/AudioHardware(   81): AudioHardware pcm playback is exiting standby.
D/AudioHardware(   81): openPcmOut_l() mPcmOpenCnt: 0
I/CameraCloud( 1058): 1333727608692: takeNum=4 takeCamGood=3 takeGoodSave=0 takeBad=3 getNum=5 getGood=0 getBad=5
I/CameraCloud( 1058): 1333727608692: ** Clicked take picture button **
I/CameraSurfaceView( 1058): inside getCamera()
I/CameraHardwareSec(   81): int android::CameraHardwareSec::previewThreadWrapper(): calling mSecCamera->stopPreview() and waiting
I/SecCamera(   81): int android::fimc_v4l2_querybuf(int, android::fimc_buffer*, v4l2_buf_type) :
I/SecCamera(   81): int android::fimc_v4l2_querybuf(int, android::fimc_buffer*, v4l2_buf_type): buffer->start = 0x443a1000 v4l2_buf.length = 4261248
I/CameraHardwareSec(   81): == Camera Sensor Detect S5K4ECGX - Samsung LSI SOC 5M ==
D/JpegEncoder(   81): encode E
D/JpegEncoder(   81): encode X
D/SecCamera(   81): Shutter speed=3107 us, iso=50
D/SecCamera(   81): AV=3, TV=8, SV=4
D/JpegEncoder(   81): makeExif E
D/JpegEncoder(   81): makeExif X
I/SecCamera(   81): int android::SecCamera::endSnapshot() :
I/SecCamera(   81): munmap():virt. addr 0x443a1000 size = 4261248
D/dalvikvm( 1058): GC_FOR_ALLOC freed 1646K, 21% free 10120K/12807K, paused 18ms
I/dalvikvm-heap( 1058): Grow heap (frag case) to 11.400MB for 1514561-byte allocation
D/dalvikvm( 1058): GC_CONCURRENT freed 23K, 20% free 11576K/14343K, paused 2ms+2ms
I/CameraCloud( 1058): 1333727609403: inside HandlePictureStorage onPictureTaken()
I/CameraCloud( 1058): 1333727609403: takeNum=4 takeCamGood=4 takeGoodSave=0 takeBad=3 getNum=5 getGood=0 getBad=5
D/CameraHardwareSec(   81): mPreviewHeap(fd(35), size(518400), width(720), height(480))
I/CameraHardwareSec(   81): int android::CameraHardwareSec::previewThreadWrapper(): return from wait
I/CameraCloud( 1058): 1333727609799: Picture successfully taken, ORIG BYTE LENGTH = 1514545
D/dalvikvm( 1058): GC_EXPLICIT freed 2K, 20% free 11577K/14343K, paused 22ms+3ms
I/CameraCloud( 1058): 1333727610076: Our new height x width: 240 x 320
I/CameraCloud( 1058): 1333727610077: Show photo from handle my camera take
I/CameraCloud( 1058): 1333727610077: client making photo packet to send to leader
I/CameraCloud( 1058): 1333727610102: BYTE SIZE AFTER COMPRESSION: 4589
I/CameraCloud( 1058): 1333727610102: sending new pic ....
I/CameraCloud( 1058): 1333727610103: Server request to url: http://hermes5.csail.mit.edu:8213/101/5/0/
I/CameraCloud( 1058): 1333727610207: Cloud server request length: 16191
I/CameraCloud( 1058): 1333727610208: about to execute HTTP POST
I/CameraCloud( 1058): 1333727610208: in serverRequest() about to httpclient.execute()
D/AudioHardware(   81): AudioHardware pcm playback is going to standby.
D/AudioHardware(   81): closePcmOut_l() mPcmOpenCnt: 1
I/CameraCloud( 1058): 1333727612262: error excuting HTTP POST, IOException
W/System.err( 1058): org.apache.http.conn.HttpHostConnectException: Connection to http://hermes5.csail.mit.edu:8213 refused
W/System.err( 1058): 	at org.apache.http.impl.conn.DefaultClientConnectionOperator.openConnection(DefaultClientConnectionOperator.java:183)
W/System.err( 1058): 	at org.apache.http.impl.conn.AbstractPoolEntry.open(AbstractPoolEntry.java:164)
W/System.err( 1058): 	at org.apache.http.impl.conn.AbstractPooledConnAdapter.open(AbstractPooledConnAdapter.java:119)
W/System.err( 1058): 	at org.apache.http.impl.client.DefaultRequestDirector.execute(DefaultRequestDirector.java:360)
W/System.err( 1058): 	at org.apache.http.impl.client.AbstractHttpClient.execute(AbstractHttpClient.java:555)
W/System.err( 1058): 	at org.apache.http.impl.client.AbstractHttpClient.execute(AbstractHttpClient.java:487)
W/System.err( 1058): 	at org.apache.http.impl.client.AbstractHttpClient.execute(AbstractHttpClient.java:465)
W/System.err( 1058): 	at edu.mit.haoqili.camera_cloud.CameraCloud.serverRequest(CameraCloud.java:975)
W/System.err( 1058): 	at edu.mit.haoqili.camera_cloud.CameraCloud.sendClientNewpic(CameraCloud.java:547)
W/System.err( 1058): 	at edu.mit.haoqili.camera_cloud.CameraCloud$HandlePictureStorage.onPictureTaken(CameraCloud.java:527)
W/System.err( 1058): 	at android.hardware.Camera$EventHandler.handleMessage(Camera.java:687)
W/System.err( 1058): 	at android.os.Handler.dispatchMessage(Handler.java:99)
W/System.err( 1058): 	at android.os.Looper.loop(Looper.java:137)
W/System.err( 1058): 	at android.app.ActivityThread.main(ActivityThread.java:4424)
W/System.err( 1058): 	at java.lang.reflect.Method.invokeNative(Native Method)
W/System.err( 1058): 	at java.lang.reflect.Method.invoke(Method.java:511)
W/System.err( 1058): 	at com.android.internal.os.ZygoteInit$MethodAndArgsCaller.run(ZygoteInit.java:784)
