D/ConnectivityService(  148): handleInetConditionHoldEnd: net=0, condition=100, published condition=0
W/Smack/Packet(  455): notify conn break (IOEx), close connection
D/ConnectivityService(  148): handleInetConditionHoldEnd: net=0, condition=0, published condition=100
I/GTalkService/c(  455): [AndroidEndpoint@1094660720] connect: acct=1000001, state=CONNECTING
D/ConnectivityService(  148): handleInetConditionHoldEnd: net=0, condition=100, published condition=0
W/Smack/Packet(  455): notify conn break (IOEx), close connection
D/ConnectivityService(  148): handleInetConditionHoldEnd: net=0, condition=0, published condition=100
I/GTalkService/c(  455): [AndroidEndpoint@1094660720] connect: acct=1000001, state=CONNECTING
D/dalvikvm(  455): GC_CONCURRENT freed 416K, 7% free 10164K/10823K, paused 14ms+3ms
D/ConnectivityService(  148): handleInetConditionHoldEnd: net=0, condition=100, published condition=0
W/Smack/Packet(  455): notify conn break (IOEx), close connection
D/ConnectivityService(  148): handleInetConditionHoldEnd: net=0, condition=0, published condition=100
I/GTalkService/c(  455): [AndroidEndpoint@1094660720] connect: acct=1000001, state=CONNECTING
D/dalvikvm(  455): GC_CONCURRENT freed 385K, 7% free 10172K/10823K, paused 2ms+3ms
D/ConnectivityService(  148): handleInetConditionHoldEnd: net=0, condition=100, published condition=0
W/Smack/Packet(  455): notify conn break (IOEx), close connection
D/ConnectivityService(  148): handleInetConditionHoldEnd: net=0, condition=0, published condition=100
I/GTalkService/c(  455): [AndroidEndpoint@1094660720] connect: acct=1000001, state=CONNECTING
D/ConnectivityService(  148): handleInetConditionHoldEnd: net=0, condition=100, published condition=0
W/Smack/Packet(  455): notify conn break (IOEx), close connection
D/ConnectivityService(  148): handleInetConditionHoldEnd: net=0, condition=0, published condition=100
I/GTalkService/c(  455): [AndroidEndpoint@1094660720] connect: acct=1000001, state=CONNECTING
D/dalvikvm(  455): GC_CONCURRENT freed 382K, 6% free 10185K/10823K, paused 2ms+3ms
D/ConnectivityService(  148): handleInetConditionHoldEnd: net=0, condition=100, published condition=0
W/Smack/Packet(  455): notify conn break (IOEx), close connection
D/ConnectivityService(  148): handleInetConditionHoldEnd: net=0, condition=0, published condition=100
I/GTalkService/c(  455): [AndroidEndpoint@1094660720] connect: acct=1000001, state=CONNECTING
D/ConnectivityService(  148): handleInetConditionHoldEnd: net=0, condition=100, published condition=0
W/Smack/Packet(  455): notify conn break (IOEx), close connection
D/ConnectivityService(  148): handleInetConditionHoldEnd: net=0, condition=0, published condition=100
I/GTalkService/c(  455): [AndroidEndpoint@1094660720] connect: acct=1000001, state=CONNECTING
D/dalvikvm(  148): GC_CONCURRENT freed 884K, 12% free 13154K/14855K, paused 2ms+5ms
D/dalvikvm(  455): GC_CONCURRENT freed 415K, 7% free 10165K/10823K, paused 14ms+3ms
D/ConnectivityService(  148): handleInetConditionHoldEnd: net=0, condition=100, published condition=0
W/Smack/Packet(  455): notify conn break (IOEx), close connection
D/ConnectivityService(  148): handleInetConditionHoldEnd: net=0, condition=0, published condition=100
I/GTalkService/c(  455): [AndroidEndpoint@1094660720] connect: acct=1000001, state=CONNECTING
D/dalvikvm(  455): GC_CONCURRENT freed 387K, 7% free 10171K/10823K, paused 2ms+3ms
D/ConnectivityService(  148): handleInetConditionHoldEnd: net=0, condition=100, published condition=0
W/Smack/Packet(  455): notify conn break (IOEx), close connection
D/ConnectivityService(  148): handleInetConditionHoldEnd: net=0, condition=0, published condition=100
I/GTalkService/c(  455): [AndroidEndpoint@1094660720] connect: acct=1000001, state=CONNECTING
D/ConnectivityService(  148): handleInetConditionHoldEnd: net=0, condition=100, published condition=0
W/Smack/Packet(  455): notify conn break (IOEx), close connection
D/ConnectivityService(  148): handleInetConditionHoldEnd: net=0, condition=0, published condition=100
I/GTalkService/c(  455): [AndroidEndpoint@1094660720] connect: acct=1000001, state=CONNECTING
D/dalvikvm(  455): GC_CONCURRENT freed 385K, 6% free 10184K/10823K, paused 2ms+3ms
D/ConnectivityService(  148): handleInetConditionHoldEnd: net=0, condition=100, published condition=0
W/Smack/Packet(  455): notify conn break (IOEx), close connection
D/ConnectivityService(  148): handleInetConditionHoldEnd: net=0, condition=0, published condition=100
D/dalvikvm(  148): GC_EXPLICIT freed 787K, 12% free 13120K/14855K, paused 17ms+5ms
I/EventLogService(  455): Aggregate from 1333739018477 (log), 1333739018477 (data)
I/ServiceDumpSys(  455): dumping service [account]
D/dalvikvm(  218): GC_CONCURRENT freed 382K, 6% free 10305K/10887K, paused 2ms+2ms
I/GTalkService/c(  455): [AndroidEndpoint@1094660720] connect: acct=1000001, state=CONNECTING
D/dalvikvm(  455): GC_CONCURRENT freed 393K, 6% free 10175K/10823K, paused 2ms+2ms
D/ConnectivityService(  148): handleInetConditionHoldEnd: net=0, condition=100, published condition=0
W/Smack/Packet(  455): notify conn break (IOEx), close connection
D/ConnectivityService(  148): handleInetConditionHoldEnd: net=0, condition=0, published condition=100
I/GTalkService/c(  455): [AndroidEndpoint@1094660720] connect: acct=1000001, state=CONNECTING
D/ConnectivityService(  148): handleInetConditionHoldEnd: net=0, condition=100, published condition=0
W/Smack/Packet(  455): notify conn break (IOEx), close connection
D/ConnectivityService(  148): handleInetConditionHoldEnd: net=0, condition=0, published condition=100
I/GTalkService/c(  455): [AndroidEndpoint@1094660720] connect: acct=1000001, state=CONNECTING
D/dalvikvm(  455): GC_CONCURRENT freed 383K, 6% free 10186K/10823K, paused 1ms+3ms
D/ConnectivityService(  148): handleInetConditionHoldEnd: net=0, condition=100, published condition=0
W/Smack/Packet(  455): notify conn break (IOEx), close connection
D/ConnectivityService(  148): handleInetConditionHoldEnd: net=0, condition=0, published condition=100
I/GTalkService/c(  455): [AndroidEndpoint@1094660720] connect: acct=1000001, state=CONNECTING
D/ConnectivityService(  148): handleInetConditionHoldEnd: net=0, condition=100, published condition=0
W/Smack/Packet(  455): notify conn break (IOEx), close connection
D/ConnectivityService(  148): handleInetConditionHoldEnd: net=0, condition=0, published condition=100
I/GTalkService/c(  455): [AndroidEndpoint@1094660720] connect: acct=1000001, state=CONNECTING
D/dalvikvm(  455): GC_CONCURRENT freed 417K, 7% free 10164K/10823K, paused 14ms+3ms
D/dalvikvm(  455): GC_EXPLICIT freed 204K, 7% free 10140K/10823K, paused 35ms+3ms
D/ConnectivityService(  148): handleInetConditionHoldEnd: net=0, condition=100, published condition=0
W/Smack/Packet(  455): notify conn break (IOEx), close connection
D/ConnectivityService(  148): handleInetConditionHoldEnd: net=0, condition=0, published condition=100
I/GTalkService/c(  455): [AndroidEndpoint@1094660720] connect: acct=1000001, state=CONNECTING
D/ConnectivityService(  148): handleInetConditionHoldEnd: net=0, condition=100, published condition=0
W/Smack/Packet(  455): notify conn break (IOEx), close connection
D/ConnectivityService(  148): handleInetConditionHoldEnd: net=0, condition=0, published condition=100
I/GTalkService/c(  455): [AndroidEndpoint@1094660720] connect: acct=1000001, state=CONNECTING
D/dalvikvm(  455): GC_CONCURRENT freed 357K, 7% free 10171K/10823K, paused 14ms+3ms
D/ConnectivityService(  148): handleInetConditionHoldEnd: net=0, condition=100, published condition=0
W/Smack/Packet(  455): notify conn break (IOEx), close connection
D/ConnectivityService(  148): handleInetConditionHoldEnd: net=0, condition=0, published condition=100
D/dalvikvm( 1158): GC_CONCURRENT freed 275K, 4% free 10155K/10567K, paused 14ms+3ms
I/GTalkService/c(  455): [AndroidEndpoint@1094660720] connect: acct=1000001, state=CONNECTING
D/ConnectivityService(  148): handleInetConditionHoldEnd: net=0, condition=100, published condition=0
W/Smack/Packet(  455): notify conn break (IOEx), close connection
D/ConnectivityService(  148): handleInetConditionHoldEnd: net=0, condition=0, published condition=100
I/CheckinService(  455): Preparing to send checkin request
I/EventLogService(  455): Accumulating logs since 1333740818656
D/dalvikvm(  455): GC_CONCURRENT freed 406K, 7% free 10156K/10823K, paused 3ms+3ms
I/CheckinTask(  455): Sending checkin request (1719 bytes)
D/dalvikvm(  455): GC_CONCURRENT freed 369K, 6% free 10184K/10823K, paused 14ms+2ms
I/CheckinTask(  455): Checkin success: https://android.clients.google.com/checkin (1 requests sent)
I/GTalkService/c(  455): [AndroidEndpoint@1094660720] connect: acct=1000001, state=CONNECTING
D/ConnectivityService(  148): handleInetConditionHoldEnd: net=0, condition=100, published condition=0
W/Smack/Packet(  455): notify conn break (IOEx), close connection
D/ConnectivityService(  148): handleInetConditionHoldEnd: net=0, condition=0, published condition=100
I/GTalkService/c(  455): [AndroidEndpoint@1094660720] connect: acct=1000001, state=CONNECTING
D/dalvikvm(  148): GC_CONCURRENT freed 872K, 12% free 13157K/14855K, paused 17ms+5ms
D/dalvikvm(  455): GC_CONCURRENT freed 411K, 6% free 10185K/10823K, paused 13ms+3ms
D/ConnectivityService(  148): handleInetConditionHoldEnd: net=0, condition=100, published condition=0
W/Smack/Packet(  455): notify conn break (IOEx), close connection
D/ConnectivityService(  148): handleInetConditionHoldEnd: net=0, condition=0, published condition=100
D/AlarmManagerService(  148): Kernel timezone updated to 240 minutes west of GMT
V/AlarmClock(  557): AlarmInitReceiver finished
D/dalvikvm(  911): GC_CONCURRENT freed 276K, 5% free 9195K/9607K, paused 2ms+2ms
D/SystemClock(  314): Setting time of day to sec=1333741636
I/GTalkService/c(  455): [AndroidEndpoint@1094660720] connect: acct=1000001, state=CONNECTING
D/dalvikvm(  455): GC_CONCURRENT freed 395K, 6% free 10175K/10823K, paused 14ms+2ms
D/ConnectivityService(  148): handleInetConditionHoldEnd: net=0, condition=100, published condition=0
W/Smack/Packet(  455): notify conn break (IOEx), close connection
D/ConnectivityService(  148): handleInetConditionHoldEnd: net=0, condition=0, published condition=100
D/dalvikvm(  314): GC_CONCURRENT freed 395K, 6% free 9523K/10055K, paused 2ms+2ms
D/dalvikvm(  148): GC_EXPLICIT freed 572K, 12% free 13105K/14855K, paused 16ms+5ms
I/GTalkService/c(  455): [AndroidEndpoint@1094660720] connect: acct=1000001, state=CONNECTING
D/ConnectivityService(  148): handleInetConditionHoldEnd: net=0, condition=100, published condition=0
W/Smack/Packet(  455): notify conn break (IOEx), close connection
D/ConnectivityService(  148): handleInetConditionHoldEnd: net=0, condition=0, published condition=100
I/GTalkService/c(  455): [AndroidEndpoint@1094660720] connect: acct=1000001, state=CONNECTING
D/dalvikvm(  455): GC_CONCURRENT freed 394K, 7% free 10170K/10823K, paused 14ms+3ms
D/ConnectivityService(  148): handleInetConditionHoldEnd: net=0, condition=100, published condition=0
W/Smack/Packet(  455): notify conn break (IOEx), close connection
D/ConnectivityService(  148): handleInetConditionHoldEnd: net=0, condition=0, published condition=100
I/GTalkService/c(  455): [AndroidEndpoint@1094660720] connect: acct=1000001, state=CONNECTING
D/ConnectivityService(  148): handleInetConditionHoldEnd: net=0, condition=100, published condition=0
W/Smack/Packet(  455): notify conn break (IOEx), close connection
D/ConnectivityService(  148): handleInetConditionHoldEnd: net=0, condition=0, published condition=100
I/GTalkService/c(  455): [AndroidEndpoint@1094660720] connect: acct=1000001, state=CONNECTING
D/dalvikvm(  455): GC_CONCURRENT freed 392K, 7% free 10168K/10823K, paused 14ms+3ms
D/ConnectivityService(  148): handleInetConditionHoldEnd: net=0, condition=100, published condition=0
W/Smack/Packet(  455): notify conn break (IOEx), close connection
D/ConnectivityService(  148): handleInetConditionHoldEnd: net=0, condition=0, published condition=100
I/GTalkService/c(  455): [AndroidEndpoint@1094660720] connect: acct=1000001, state=CONNECTING
D/dalvikvm(  455): GC_CONCURRENT freed 381K, 7% free 10174K/10823K, paused 15ms+2ms
D/ConnectivityService(  148): handleInetConditionHoldEnd: net=0, condition=100, published condition=0
W/Smack/Packet(  455): notify conn break (IOEx), close connection
D/ConnectivityService(  148): handleInetConditionHoldEnd: net=0, condition=0, published condition=100
I/GTalkService/c(  455): [AndroidEndpoint@1094660720] connect: acct=1000001, state=CONNECTING
D/ConnectivityService(  148): handleInetConditionHoldEnd: net=0, condition=100, published condition=0
W/Smack/Packet(  455): notify conn break (IOEx), close connection
D/ConnectivityService(  148): handleInetConditionHoldEnd: net=0, condition=0, published condition=100
I/GTalkService/c(  455): [AndroidEndpoint@1094660720] connect: acct=1000001, state=CONNECTING
D/dalvikvm(  455): GC_CONCURRENT freed 378K, 6% free 10184K/10823K, paused 2ms+3ms
D/ConnectivityService(  148): handleInetConditionHoldEnd: net=0, condition=100, published condition=0
W/Smack/Packet(  455): notify conn break (IOEx), close connection
D/ConnectivityService(  148): handleInetConditionHoldEnd: net=0, condition=0, published condition=100
I/GTalkService/c(  455): [AndroidEndpoint@1094660720] connect: acct=1000001, state=CONNECTING
D/ConnectivityService(  148): handleInetConditionHoldEnd: net=0, condition=100, published condition=0
D/dalvikvm(  218): GC_CONCURRENT freed 375K, 6% free 10315K/10887K, paused 13ms+3ms
D/dalvikvm(  148): GC_CONCURRENT freed 897K, 12% free 13119K/14855K, paused 3ms+5ms
I/EventLogService(  455): Aggregate from 1333741257303 (log), 1333740818656 (data)
I/ServiceDumpSys(  455): dumping service [account]
D/dalvikvm(  455): GC_CONCURRENT freed 416K, 6% free 10178K/10823K, paused 2ms+2ms
D/dalvikvm(  148): GC_CONCURRENT freed 915K, 12% free 13120K/14855K, paused 19ms+5ms
I/EventLogService(  455): Aggregate from 1333742618772 (log), 1333742618772 (data)
D/dalvikvm(  148): GC_CONCURRENT freed 896K, 12% free 13125K/14855K, paused 3ms+5ms
I/ServiceDumpSys(  455): dumping service [account]
D/dalvikvm(  218): GC_CONCURRENT freed 439K, 6% free 10315K/10887K, paused 1ms+3ms
D/AlarmManagerService(  148): Kernel timezone updated to 240 minutes west of GMT
D/SystemClock(  314): Setting time of day to sec=1333745238
V/AlarmClock(  557): AlarmInitReceiver finished
D/dalvikvm(  148): GC_CONCURRENT freed 906K, 12% free 13124K/14855K, paused 3ms+4ms
I/EventLogService(  455): Aggregate from 1333744418873 (log), 1333744418873 (data)
I/ServiceDumpSys(  455): dumping service [account]
D/dalvikvm(  148): GC_CONCURRENT freed 912K, 12% free 13115K/14855K, paused 25ms+5ms
D/dalvikvm(  218): GC_CONCURRENT freed 429K, 6% free 10326K/10887K, paused 2ms+3ms
D/dalvikvm(  148): GC_CONCURRENT freed 888K, 12% free 13129K/14855K, paused 17ms+5ms
I/EventLogService(  455): Aggregate from 1333746219031 (log), 1333746219031 (data)
I/ServiceDumpSys(  455): dumping service [account]
D/dalvikvm(  148): GC_CONCURRENT freed 919K, 12% free 13131K/14855K, paused 16ms+5ms
D/dalvikvm(  314): GC_CONCURRENT freed 401K, 6% free 9516K/10055K, paused 1ms+2ms
I/CheckinService(  455): Preparing to send checkin request
I/EventLogService(  455): Accumulating logs since 1333748019176
D/dalvikvm(  455): GC_FOR_ALLOC freed 355K, 6% free 10192K/10823K, paused 19ms
I/CheckinTask(  455): Sending checkin request (1633 bytes)
D/dalvikvm( 1725): GC_CONCURRENT freed 378K, 8% free 10013K/10823K, paused 2ms+2ms
I/CheckinTask(  455): Checkin success: https://android.clients.google.com/checkin (1 requests sent)
D/dalvikvm(  148): GC_EXPLICIT freed 670K, 12% free 13120K/14855K, paused 24ms+5ms
D/AlarmManagerService(  148): Kernel timezone updated to 240 minutes west of GMT
V/AlarmClock(  557): AlarmInitReceiver finished
D/SystemClock(  314): Setting time of day to sec=1333748839
D/dalvikvm(  218): GC_CONCURRENT freed 431K, 6% free 10324K/10887K, paused 1ms+3ms
D/dalvikvm(  148): GC_CONCURRENT freed 905K, 12% free 13117K/14855K, paused 2ms+5ms
I/EventLogService(  455): Aggregate from 1333748471693 (log), 1333748019176 (data)
D/dalvikvm(  455): GC_CONCURRENT freed 399K, 6% free 10181K/10823K, paused 16ms+3ms
I/ServiceDumpSys(  455): dumping service [account]
D/dalvikvm(  148): GC_CONCURRENT freed 897K, 12% free 13120K/14855K, paused 2ms+4ms
I/EventLogService(  455): Aggregate from 1333749819342 (log), 1333749819342 (data)
I/ServiceDumpSys(  455): dumping service [account]
D/dalvikvm(  148): GC_CONCURRENT freed 933K, 12% free 13108K/14855K, paused 17ms+5ms
D/dalvikvm(  218): GC_CONCURRENT freed 436K, 6% free 10319K/10887K, paused 2ms+3ms
I/power   (  148): *** set_screen_state 1
D/PicasaSyncManager(  977): battery info: false
I/WindowManager(  148): Lock screen displayed!
D/SurfaceFlinger(   78): Screen about to return, flinger = 0xc05918
D/PhoneStatusBar(  218): disable: < expand icons alerts ticker system_info BACK HOME recent* CLOCK >
D/NfcService(  327): NFC-C ON
D/AudioHardware(   81): AudioHardware pcm playback is exiting standby.
D/AudioHardware(   81): openPcmOut_l() mPcmOpenCnt: 0
W/InputManagerService(  148): Window already focused, ignoring focus gain of: com.android.internal.view.IInputMethodClient$Stub$Proxy@4155b7f0
D/PhoneStatusBar(  218): disable: < expand icons alerts ticker system_info back* home* recent clock* >
D/AudioHardware(   81): AudioHardware pcm playback is going to standby.
D/AudioHardware(   81): closePcmOut_l() mPcmOpenCnt: 1
D/PhoneStatusBar(  218): disable: < EXPAND* icons alerts ticker system_info back home recent clock >
D/dalvikvm(  148): GC_CONCURRENT freed 842K, 12% free 13179K/14855K, paused 3ms+6ms
D/AudioHardware(   81): AudioHardware pcm playback is exiting standby.
D/AudioHardware(   81): openPcmOut_l() mPcmOpenCnt: 0
D/BluetoothAdapterStateMachine(  148): HotOff process message: 55
I/NfcService(  327): Disabling NFC
D/BluetoothEventLoop(  148): Property Changed: UUIDs : 9
E/BluetoothService.cpp(  148): setBluetoothTetheringNative false
D/BluetoothEventLoop(  148): Property Changed: UUIDs : 8
D/BluetoothEventLoop(  148): Property Changed: UUIDs : 7
D/BluetoothEventLoop(  148): Property Changed: UUIDs : 6
D/BluetoothEventLoop(  148): Property Changed: UUIDs : 5
W/InputManagerService(  148): Window already focused, ignoring focus gain of: com.android.internal.view.IInputMethodClient$Stub$Proxy@41363ef0
D/PhoneStatusBar(  218): disable: < expand* icons alerts ticker system_info back home recent clock >
D/NdefPushServer(  327): stop, thread = Thread[Thread-36,5,main]
D/NdefPushServer(  327): shuting down server thread
I/bluedroid(  148): Stopping bluetoothd deamon
D/NFC JNI (  327): Terminating client thread...
D/NFC JNI (  327): phLibNfc_Mgt_UnConfigureDriver() returned 0x0000[NFCSTATUS_SUCCESS]
I/bluedroid(  148): Stopping hciattach deamon
D/BluetoothAdapterStateMachine(  148): Bluetooth state 10 -> 10
D/AudioHardware(   81): AudioHardware pcm playback is going to standby.
D/AudioHardware(   81): closePcmOut_l() mPcmOpenCnt: 1
D/ConnectivityService(  148): ConnectivityChange for mobile: DISCONNECTED/DISCONNECTED
D/ConnectivityService(  148): Attempting to switch to wifi
D/ConnectivityService(  148): Attempting to switch to BLUETOOTH_TETHER
D/NetUtils(  148): android_net_utils_resetConnections in env=0x1f0d620 clazz=0x6eb00001 iface=rmnet0 mask=0x3
D/ConnectivityService(  148): resetConnections(rmnet0, 3)
W/Smack/Packet(  455): notify conn break (IOEx), close connection
I/qtaguid (  455): Failed write_ctrl(u 68) res=-1 errno=22
I/qtaguid (  455): Untagging socket 68 failed errno=-22
W/NetworkManagementSocketTagger(  455): untagSocket(68) failed with errno -22
D/ConnectivityService(  148): handleInetConditionChange: no active default network - ignore
D/Tethering(  148): MasterInitialState.processMessage what=3
I/ActivityManager(  148): Start proc com.google.android.apps.uploader for broadcast com.google.android.apps.uploader/.ConnectivityBroadcastReceiver: pid=2038 uid=10034 gids={3003}
I/dalvikvm( 2038): Turning on JNI app bug workarounds for target SDK version 11...
I/ActivityThread( 2038): Pub com.google.android.apps.uploader: com.google.android.apps.uploader.UploadsContentProvider
I/ActivityThread( 2038): Pub com.google.photos.provider.Album: com.google.android.apps.uploader.clients.picasa.AlbumProvider
D/MediaUploader( 2038): UploaderApplication.onCreate
D/MediaUploader( 2038): nonWifiLimit=20971520, default=20971520
I/MediaUploader( 2038): No need to wake up
I/ActivityManager(  148): No longer want com.google.android.partnersetup (pid 1358): hidden #16
D/PicasaSyncManager(  977): active network: null
D/PicasaSyncManager(  977): background data: true
D/NetworkLocator(  455): null cell state delivered
D/NetworkLocator(  455): null cell state delivered
I/power   (  148): *** set_screen_state 0
D/SurfaceFlinger(   78): About to give-up screen, flinger = 0xc05918
D/dalvikvm(  148): GC_CONCURRENT freed 1220K, 13% free 13001K/14855K, paused 3ms+5ms
V/TransportControlView(  148): Create TCV com.android.internal.widget.TransportControlView@4134b470
D/PhoneStatusBar(  218): disable: < expand icons alerts ticker system_info back home RECENT* clock >
D/AudioHardware(   81): AudioHardware pcm playback is exiting standby.
D/AudioHardware(   81): openPcmOut_l() mPcmOpenCnt: 0
D/PhoneStatusBar(  218): disable: < expand icons alerts ticker system_info BACK* HOME* RECENT CLOCK* >
D/AudioHardware(   81): AudioHardware pcm playback is going to standby.
D/AudioHardware(   81): closePcmOut_l() mPcmOpenCnt: 1
I/EventLogService(  455): Aggregate from 1333751619479 (log), 1333751619479 (data)
I/ServiceDumpSys(  455): dumping service [account]
D/dalvikvm(  148): GC_CONCURRENT freed 601K, 11% free 13272K/14855K, paused 3ms+5ms
I/EventLogService(  455): Aggregate from 1333753419587 (log), 1333753419587 (data)
D/dalvikvm(  455): GC_FOR_ALLOC freed 387K, 7% free 10128K/10823K, paused 21ms
I/ServiceDumpSys(  455): dumping service [account]
I/SystemUpdateService(  455): download in progress: [id: 25 compl: false succ: false bytes: 0 reason: 0 fn: null]
I/SystemUpdateService(  455): download took too long; will cancel and retry
V/SystemUpdateService(  455): retry (wakeup: true) in 89866 ms
V/SystemUpdateService(  455): onPostExecute: false
D/dalvikvm(  267): GC_CONCURRENT freed 400K, 6% free 9266K/9799K, paused 3ms+6ms
I/SystemUpdateService(  455): starting download of http://android.clients.google.com/packages/ota/google_crespo/hR7QFEtn.zip
V/SystemUpdateService(  455): retry (wakeup: true) in 21599995 ms
I/SystemUpdate.Download(  455): Started a new update download: http://android.clients.google.com/packages/ota/google_crespo/hR7QFEtn.zip (id 26; allowMobile=false)
V/SystemUpdateService(  455): onPostExecute: false
I/DownloadManager(  267): Initiating request for download 26
W/DownloadManager(  267): Aborting request for download 26: no network connection available
D/dalvikvm(  314): GC_CONCURRENT freed 408K, 6% free 9512K/10055K, paused 2ms+6ms
I/EventLogService(  455): Aggregate from 1333755219704 (log), 1333755219704 (data)
D/dalvikvm(  455): GC_FOR_ALLOC freed 309K, 7% free 10093K/10823K, paused 18ms
I/ServiceDumpSys(  455): dumping service [account]
D/dalvikvm(  455): GC_EXPLICIT freed 69K, 7% free 10081K/10823K, paused 3ms+3ms
I/EventLogService(  455): Aggregate from 1333757019876 (log), 1333757019876 (data)
I/ServiceDumpSys(  455): dumping service [account]
D/dalvikvm(  148): GC_CONCURRENT freed 913K, 11% free 13297K/14855K, paused 2ms+4ms
I/EventLogService(  455): Aggregate from 1333758820071 (log), 1333758820071 (data)
I/ServiceDumpSys(  455): dumping service [account]
I/EventLogService(  455): Aggregate from 1333760620144 (log), 1333760620144 (data)
I/ServiceDumpSys(  455): dumping service [account]
D/dalvikvm(  148): GC_CONCURRENT freed 949K, 11% free 13300K/14855K, paused 3ms+5ms
I/EventLogService(  455): Aggregate from 1333762420283 (log), 1333762420283 (data)
I/ServiceDumpSys(  455): dumping service [account]
I/EventLogService(  455): Aggregate from 1333764220393 (log), 1333764220393 (data)
D/dalvikvm(  455): GC_FOR_ALLOC freed 283K, 7% free 10093K/10823K, paused 21ms
I/ServiceDumpSys(  455): dumping service [account]
D/dalvikvm(  148): GC_EXPLICIT freed 686K, 11% free 13284K/14855K, paused 2ms+7ms
I/EventLogService(  455): Aggregate from 1333766020517 (log), 1333766020517 (data)
I/ServiceDumpSys(  455): dumping service [account]
I/EventLogService(  455): Aggregate from 1333767820874 (log), 1333767820874 (data)
I/ServiceDumpSys(  455): dumping service [account]
D/dalvikvm(  218): GC_CONCURRENT freed 438K, 6% free 10318K/10887K, paused 2ms+3ms
I/ActivityManager(  148): Start proc com.android.vending for broadcast com.android.vending/.MarketWidgetProvider: pid=2070 uid=10043 gids={3003, 1015}
I/ActivityThread( 2070): Pub com.google.android.finsky.RecentSuggestionsProvider: com.google.android.finsky.providers.RecentSuggestionsProvider
D/dalvikvm( 2070): GC_CONCURRENT freed 241K, 4% free 9292K/9607K, paused 2ms+2ms
D/Finsky  ( 2070): [1] SanityChecker.run: # LocalAssets corrected : 0
D/Finsky  ( 2070): Sanity check took : 20 ms
D/AlarmManagerService(  148): Kernel timezone updated to 240 minutes west of GMT
I/ActivityManager(  148): Start proc com.google.android.inputmethod.latin.dictionarypack for broadcast com.google.android.inputmethod.latin.dictionarypack/.UpdateHandler: pid=2098 uid=10027 gids={3003, 1015}
I/ActivityThread( 2098): Pub com.android.inputmethod.latin.dictionarypack: com.google.android.inputmethod.latin.dictionarypack.DictionaryProvider
D/Finsky  ( 2070): [169] DownloadRecords.initializeAndPrune: Pruned 0 old downloads from the cursor.
I/EventLogService(  455): Aggregate from 1333769621071 (log), 1333769621071 (data)
I/ServiceDumpSys(  455): dumping service [account]
D/Finsky  ( 2070): [1] UpdateCheckReceiver.updateCheckIfNecessary: Force checking for available updates.
D/Finsky  ( 2070): [1] UpdatesAvailableReceiver.onReceive: Received updates available notification
E/Finsky  ( 2070): [1] UpdatesAvailableReceiver.onReceive: Could not set up current account / dfe api when receiving an updates available broadcast.
D/dalvikvm(  148): GC_CONCURRENT freed 934K, 11% free 13309K/14855K, paused 5ms+13ms
I/EventLogService(  455): Aggregate from 1333771421188 (log), 1333771421188 (data)
D/dalvikvm(  455): GC_FOR_ALLOC freed 294K, 7% free 10109K/10823K, paused 21ms
I/ServiceDumpSys(  455): dumping service [account]
I/EventLogService(  455): Aggregate from 1333773221371 (log), 1333773221371 (data)
I/ServiceDumpSys(  455): dumping service [account]
I/EventLogService(  455): Aggregate from 1333775021520 (log), 1333775021520 (data)
I/ServiceDumpSys(  455): dumping service [account]
D/dalvikvm(  218): GC_CONCURRENT freed 326K, 5% free 10440K/10887K, paused 2ms+4ms
D/dalvikvm(  148): GC_CONCURRENT freed 962K, 11% free 13316K/14855K, paused 2ms+8ms
I/SystemUpdateService(  455): download in progress: [id: 26 compl: false succ: false bytes: 0 reason: 0 fn: null]
I/SystemUpdateService(  455): download took too long; will cancel and retry
D/dalvikvm(  455): GC_FOR_ALLOC freed 287K, 7% free 10095K/10823K, paused 18ms
V/SystemUpdateService(  455): retry (wakeup: true) in 149885 ms
V/SystemUpdateService(  455): onPostExecute: false
I/SystemUpdateService(  455): starting download of http://android.clients.google.com/packages/ota/google_crespo/hR7QFEtn.zip
V/SystemUpdateService(  455): retry (wakeup: true) in 21599997 ms
I/SystemUpdate.Download(  455): Started a new update download: http://android.clients.google.com/packages/ota/google_crespo/hR7QFEtn.zip (id 27; allowMobile=false)
V/SystemUpdateService(  455): onPostExecute: false
I/DownloadManager(  267): Initiating request for download 27
W/DownloadManager(  267): Aborting request for download 27: no network connection available
I/EventLogService(  455): Aggregate from 1333776821794 (log), 1333776821794 (data)
I/ServiceDumpSys(  455): dumping service [account]
I/EventLogService(  455): Aggregate from 1333778622059 (log), 1333778622059 (data)
I/ServiceDumpSys(  455): dumping service [account]
D/dalvikvm(  148): GC_CONCURRENT freed 950K, 11% free 13315K/14855K, paused 3ms+4ms
I/EventLogService(  455): Aggregate from 1333780422131 (log), 1333780422131 (data)
D/dalvikvm(  455): GC_FOR_ALLOC freed 296K, 7% free 10094K/10823K, paused 18ms
I/ServiceDumpSys(  455): dumping service [account]
D/dalvikvm(  218): GC_CONCURRENT freed 443K, 6% free 10452K/11015K, paused 2ms+7ms
I/EventLogService(  455): Aggregate from 1333782222203 (log), 1333782222203 (data)
I/ServiceDumpSys(  455): dumping service [account]
I/EventLogService(  455): Aggregate from 1333784022337 (log), 1333784022337 (data)
I/ServiceDumpSys(  455): dumping service [account]
D/dalvikvm(  148): GC_CONCURRENT freed 1017K, 11% free 13323K/14855K, paused 2ms+12ms
I/EventLogService(  455): Aggregate from 1333785822435 (log), 1333785822435 (data)
I/ServiceDumpSys(  455): dumping service [account]
D/dalvikvm(  218): GC_CONCURRENT freed 448K, 6% free 10443K/11015K, paused 1ms+5ms
I/EventLogService(  455): Aggregate from 1333787622543 (log), 1333787622543 (data)
D/dalvikvm(  455): GC_FOR_ALLOC freed 294K, 7% free 10093K/10823K, paused 23ms
I/ServiceDumpSys(  455): dumping service [account]
I/DownloadManager(  267): Initiating request for download 28
W/DownloadManager(  267): Aborting request for download 28: no network connection available
D/dalvikvm(  267): GC_CONCURRENT freed 363K, 6% free 9303K/9799K, paused 2ms+4ms
I/EventLogService(  455): Aggregate from 1333789422778 (log), 1333789422778 (data)
I/ServiceDumpSys(  455): dumping service [account]
D/dalvikvm(  148): GC_CONCURRENT freed 1017K, 11% free 13336K/14855K, paused 2ms+11ms
I/EventLogService(  455): Aggregate from 1333791222931 (log), 1333791222931 (data)
I/ServiceDumpSys(  455): dumping service [account]
I/EventLogService(  455): Aggregate from 1333793023173 (log), 1333793023173 (data)
I/ServiceDumpSys(  455): dumping service [account]
D/dalvikvm(  218): GC_CONCURRENT freed 448K, 6% free 10447K/11015K, paused 1ms+4ms
I/EventLogService(  455): Aggregate from 1333794823746 (log), 1333794823746 (data)
D/dalvikvm(  455): GC_FOR_ALLOC freed 295K, 7% free 10093K/10823K, paused 20ms
I/ServiceDumpSys(  455): dumping service [account]
D/dalvikvm(  148): GC_CONCURRENT freed 1033K, 11% free 13327K/14855K, paused 2ms+13ms
I/EventLogService(  455): Aggregate from 1333796623856 (log), 1333796623856 (data)
I/ServiceDumpSys(  455): dumping service [account]
I/SystemUpdateService(  455): download in progress: [id: 27 compl: false succ: false bytes: 0 reason: 0 fn: null]
I/SystemUpdateService(  455): download took too long; will cancel and retry
V/SystemUpdateService(  455): retry (wakeup: true) in 209931 ms
V/SystemUpdateService(  455): onPostExecute: false
I/SystemUpdateService(  455): starting download of http://android.clients.google.com/packages/ota/google_crespo/hR7QFEtn.zip
D/dalvikvm(  455): GC_FOR_ALLOC freed 267K, 7% free 10093K/10823K, paused 17ms
V/SystemUpdateService(  455): retry (wakeup: true) in 21599969 ms
I/SystemUpdate.Download(  455): Started a new update download: http://android.clients.google.com/packages/ota/google_crespo/hR7QFEtn.zip (id 29; allowMobile=false)
V/SystemUpdateService(  455): onPostExecute: false
D/dalvikvm(  148): GC_EXPLICIT freed 368K, 11% free 13299K/14855K, paused 2ms+5ms
I/DownloadManager(  267): Initiating request for download 29
W/DownloadManager(  267): Aborting request for download 29: no network connection available
D/dalvikvm(  267): GC_EXPLICIT freed 240K, 6% free 9235K/9799K, paused 2ms+2ms
I/EventLogService(  455): Aggregate from 1333798424186 (log), 1333798424186 (data)
I/ServiceDumpSys(  455): dumping service [account]
D/dalvikvm(  218): GC_CONCURRENT freed 446K, 6% free 10447K/11015K, paused 2ms+9ms
I/EventLogService(  455): Aggregate from 1333800224286 (log), 1333800224286 (data)
I/ServiceDumpSys(  455): dumping service [account]
I/EventLogService(  455): Aggregate from 1333802024399 (log), 1333802024399 (data)
I/ServiceDumpSys(  455): dumping service [account]
D/dalvikvm(  148): GC_CONCURRENT freed 964K, 11% free 13323K/14855K, paused 2ms+4ms
I/EventLogService(  455): Aggregate from 1333803824502 (log), 1333803824502 (data)
D/dalvikvm(  455): GC_FOR_ALLOC freed 310K, 7% free 10094K/10823K, paused 24ms
I/ServiceDumpSys(  455): dumping service [account]
D/dalvikvm(  218): GC_CONCURRENT freed 441K, 6% free 10442K/11015K, paused 4ms+4ms
I/EventLogService(  455): Aggregate from 1333805624782 (log), 1333805624782 (data)
I/ServiceDumpSys(  455): dumping service [account]
I/EventLogService(  455): Aggregate from 1333807424950 (log), 1333807424950 (data)
I/ServiceDumpSys(  455): dumping service [account]
D/dalvikvm(  148): GC_CONCURRENT freed 942K, 11% free 13335K/14855K, paused 4ms+5ms
I/EventLogService(  455): Aggregate from 1333809225107 (log), 1333809225107 (data)
I/ServiceDumpSys(  455): dumping service [account]
D/dalvikvm(  218): GC_CONCURRENT freed 448K, 6% free 10444K/11015K, paused 2ms+7ms
I/EventLogService(  455): Aggregate from 1333811025280 (log), 1333811025280 (data)
D/dalvikvm(  455): GC_FOR_ALLOC freed 306K, 7% free 10092K/10823K, paused 20ms
I/ServiceDumpSys(  455): dumping service [account]
D/dalvikvm(  148): GC_CONCURRENT freed 992K, 11% free 13332K/14855K, paused 3ms+5ms
I/EventLogService(  455): Aggregate from 1333812825405 (log), 1333812825405 (data)
I/ServiceDumpSys(  455): dumping service [account]
I/EventLogService(  455): Aggregate from 1333814625564 (log), 1333814625564 (data)
I/ServiceDumpSys(  455): dumping service [account]
I/EventLogService(  455): Aggregate from 1333816425789 (log), 1333816425789 (data)
I/ServiceDumpSys(  455): dumping service [account]
D/dalvikvm(  218): GC_CONCURRENT freed 453K, 6% free 10444K/11015K, paused 2ms+5ms
I/EventLogService(  455): Aggregate from 1333818225946 (log), 1333818225946 (data)
D/dalvikvm(  148): GC_CONCURRENT freed 1035K, 11% free 13339K/14855K, paused 5ms+11ms
D/dalvikvm(  455): GC_FOR_ALLOC freed 306K, 7% free 10092K/10823K, paused 17ms
I/ServiceDumpSys(  455): dumping service [account]
I/SystemUpdateService(  455): download in progress: [id: 29 compl: false succ: false bytes: 0 reason: 0 fn: null]
I/SystemUpdateService(  455): download took too long; will cancel and retry
V/SystemUpdateService(  455): retry (wakeup: true) in 269881 ms
V/SystemUpdateService(  455): onPostExecute: false
I/SystemUpdateService(  455): starting download of http://android.clients.google.com/packages/ota/google_crespo/hR7QFEtn.zip
V/SystemUpdateService(  455): retry (wakeup: true) in 21599998 ms
I/SystemUpdate.Download(  455): Started a new update download: http://android.clients.google.com/packages/ota/google_crespo/hR7QFEtn.zip (id 30; allowMobile=false)
V/SystemUpdateService(  455): onPostExecute: false
I/DownloadManager(  267): Initiating request for download 30
W/DownloadManager(  267): Aborting request for download 30: no network connection available
I/EventLogService(  455): Aggregate from 1333820026100 (log), 1333820026100 (data)
D/dalvikvm(  455): GC_FOR_ALLOC freed 283K, 7% free 10093K/10823K, paused 18ms
I/ServiceDumpSys(  455): dumping service [account]
I/EventLogService(  455): Aggregate from 1333821826365 (log), 1333821826365 (data)
I/ServiceDumpSys(  455): dumping service [account]
D/dalvikvm(  218): GC_CONCURRENT freed 442K, 6% free 10450K/11015K, paused 2ms+5ms
D/dalvikvm(  148): GC_CONCURRENT freed 965K, 11% free 13348K/14855K, paused 6ms+10ms
D/dalvikvm(  455): GC_EXPLICIT freed 143K, 7% free 10087K/10823K, paused 2ms+4ms
I/EventLogService(  455): Aggregate from 1333823626514 (log), 1333823626514 (data)
I/ServiceDumpSys(  455): dumping service [account]
I/EventLogService(  455): Aggregate from 1333825426821 (log), 1333825426821 (data)
I/ServiceDumpSys(  455): dumping service [account]
I/EventLogService(  455): Aggregate from 1333827227111 (log), 1333827227111 (data)
I/ServiceDumpSys(  455): dumping service [account]
D/dalvikvm(  148): GC_CONCURRENT freed 1019K, 11% free 13346K/14855K, paused 5ms+11ms
D/dalvikvm(  218): GC_CONCURRENT freed 439K, 6% free 10444K/11015K, paused 2ms+4ms
I/EventLogService(  455): Aggregate from 1333829027246 (log), 1333829027246 (data)
I/ServiceDumpSys(  455): dumping service [account]
I/EventLogService(  455): Aggregate from 1333830827378 (log), 1333830827378 (data)
D/dalvikvm(  455): GC_FOR_ALLOC freed 326K, 7% free 10093K/10823K, paused 21ms
I/ServiceDumpSys(  455): dumping service [account]
I/EventLogService(  455): Aggregate from 1333832627499 (log), 1333832627499 (data)
I/ServiceDumpSys(  455): dumping service [account]
D/dalvikvm(  148): GC_CONCURRENT freed 1016K, 11% free 13353K/14855K, paused 2ms+15ms
I/EventLogService(  455): Aggregate from 1333834427798 (log), 1333834427798 (data)
I/ServiceDumpSys(  455): dumping service [account]
D/dalvikvm(  218): GC_CONCURRENT freed 446K, 6% free 10449K/11015K, paused 1ms+4ms
I/EventLogService(  455): Aggregate from 1333836227940 (log), 1333836227940 (data)
I/ServiceDumpSys(  455): dumping service [account]
I/EventLogService(  455): Aggregate from 1333838028114 (log), 1333838028114 (data)
D/dalvikvm(  455): GC_FOR_ALLOC freed 315K, 7% free 10093K/10823K, paused 24ms
I/ServiceDumpSys(  455): dumping service [account]
D/dalvikvm(  148): GC_CONCURRENT freed 1023K, 11% free 13353K/14855K, paused 4ms+13ms
I/EventLogService(  455): Aggregate from 1333839828790 (log), 1333839828790 (data)
I/ServiceDumpSys(  455): dumping service [account]
I/SystemUpdateService(  455): download in progress: [id: 30 compl: false succ: false bytes: 0 reason: 0 fn: null]
I/SystemUpdateService(  455): download took too long; will cancel and retry
D/dalvikvm(  148): GC_EXPLICIT freed 420K, 11% free 13325K/14855K, paused 2ms+6ms
V/SystemUpdateService(  455): retry (wakeup: true) in 329866 ms
V/SystemUpdateService(  455): onPostExecute: false
D/dalvikvm(  218): GC_CONCURRENT freed 449K, 6% free 10445K/11015K, paused 2ms+10ms
D/dalvikvm( 1158): GC_CONCURRENT freed 394K, 5% free 10164K/10695K, paused 2ms+3ms
I/SystemUpdateService(  455): starting download of http://android.clients.google.com/packages/ota/google_crespo/hR7QFEtn.zip
D/dalvikvm(  455): GC_FOR_ALLOC freed 271K, 7% free 10094K/10823K, paused 18ms
V/SystemUpdateService(  455): retry (wakeup: true) in 21599968 ms
I/SystemUpdate.Download(  455): Started a new update download: http://android.clients.google.com/packages/ota/google_crespo/hR7QFEtn.zip (id 31; allowMobile=false)
V/SystemUpdateService(  455): onPostExecute: false
I/DownloadManager(  267): Initiating request for download 31
W/DownloadManager(  267): Aborting request for download 31: no network connection available
I/EventLogService(  455): Aggregate from 1333841629110 (log), 1333841629110 (data)
I/ServiceDumpSys(  455): dumping service [account]
I/EventLogService(  455): Aggregate from 1333843429204 (log), 1333843429204 (data)
I/ServiceDumpSys(  455): dumping service [account]
D/dalvikvm(  148): GC_CONCURRENT freed 939K, 11% free 13364K/14855K, paused 2ms+4ms
I/EventLogService(  455): Aggregate from 1333845229344 (log), 1333845229344 (data)
I/ServiceDumpSys(  455): dumping service [account]
D/dalvikvm(  218): GC_CONCURRENT freed 447K, 6% free 10450K/11015K, paused 2ms+5ms
I/EventLogService(  455): Aggregate from 1333847029445 (log), 1333847029445 (data)
D/dalvikvm(  455): GC_FOR_ALLOC freed 334K, 7% free 10094K/10823K, paused 20ms
I/ServiceDumpSys(  455): dumping service [account]
I/EventLogService(  455): Aggregate from 1333848829542 (log), 1333848829542 (data)
I/ServiceDumpSys(  455): dumping service [account]
D/dalvikvm(  148): GC_CONCURRENT freed 1036K, 11% free 13352K/14855K, paused 2ms+10ms
I/EventLogService(  455): Aggregate from 1333850629788 (log), 1333850629788 (data)
I/ServiceDumpSys(  455): dumping service [account]
I/EventLogService(  455): Aggregate from 1333852429936 (log), 1333852429936 (data)
I/ServiceDumpSys(  455): dumping service [account]
D/dalvikvm(  218): GC_CONCURRENT freed 442K, 6% free 10443K/11015K, paused 4ms+4ms
I/EventLogService(  455): Aggregate from 1333854230123 (log), 1333854230123 (data)
D/dalvikvm(  455): GC_FOR_ALLOC freed 325K, 7% free 10093K/10823K, paused 21ms
I/ServiceDumpSys(  455): dumping service [account]
D/AlarmManagerService(  148): Kernel timezone updated to 240 minutes west of GMT
D/dalvikvm(  148): GC_CONCURRENT freed 1000K, 11% free 13360K/14855K, paused 6ms+4ms
I/EventLogService(  455): Aggregate from 1333856030253 (log), 1333856030253 (data)
I/ServiceDumpSys(  455): dumping service [account]
I/EventLogService(  455): Aggregate from 1333857830411 (log), 1333857830411 (data)
I/ServiceDumpSys(  455): dumping service [account]
D/dalvikvm(  218): GC_CONCURRENT freed 450K, 6% free 10444K/11015K, paused 2ms+5ms
D/dalvikvm(  267): GC_CONCURRENT freed 365K, 6% free 9303K/9799K, paused 3ms+7ms
I/DownloadManager(  267): Initiating request for download 32
W/DownloadManager(  267): Aborting request for download 32: no network connection available
I/EventLogService(  455): Aggregate from 1333859630532 (log), 1333859630532 (data)
I/ServiceDumpSys(  455): dumping service [account]
D/dalvikvm(  148): GC_CONCURRENT freed 966K, 11% free 13358K/14855K, paused 6ms+5ms
I/EventLogService(  455): Aggregate from 1333861430793 (log), 1333861430793 (data)
D/dalvikvm(  455): GC_FOR_ALLOC freed 327K, 7% free 10093K/10823K, paused 21ms
I/ServiceDumpSys(  455): dumping service [account]
I/SystemUpdateService(  455): download in progress: [id: 31 compl: false succ: false bytes: 0 reason: 0 fn: null]
I/SystemUpdateService(  455): download took too long; will cancel and retry
V/SystemUpdateService(  455): retry (wakeup: true) in 389952 ms
V/SystemUpdateService(  455): onPostExecute: false
I/EventLogService(  455): Aggregate from 1333863230928 (log), 1333863230928 (data)
I/ServiceDumpSys(  455): dumping service [account]
I/SystemUpdateService(  455): starting download of http://android.clients.google.com/packages/ota/google_crespo/hR7QFEtn.zip
D/dalvikvm(  455): GC_FOR_ALLOC freed 278K, 7% free 10092K/10823K, paused 18ms
V/SystemUpdateService(  455): retry (wakeup: true) in 21599969 ms
I/SystemUpdate.Download(  455): Started a new update download: http://android.clients.google.com/packages/ota/google_crespo/hR7QFEtn.zip (id 33; allowMobile=false)
V/SystemUpdateService(  455): onPostExecute: false
I/DownloadManager(  267): Initiating request for download 33
W/DownloadManager(  267): Aborting request for download 33: no network connection available
D/dalvikvm(  218): GC_CONCURRENT freed 443K, 6% free 10450K/11015K, paused 2ms+6ms
I/EventLogService(  455): Aggregate from 1333865031071 (log), 1333865031071 (data)
D/dalvikvm(  148): GC_CONCURRENT freed 1010K, 11% free 13362K/14855K, paused 2ms+6ms
I/ServiceDumpSys(  455): dumping service [account]
I/EventLogService(  455): Aggregate from 1333866831177 (log), 1333866831177 (data)
I/ServiceDumpSys(  455): dumping service [account]
I/EventLogService(  455): Aggregate from 1333868631313 (log), 1333868631313 (data)
I/ServiceDumpSys(  455): dumping service [account]
D/dalvikvm(  148): GC_CONCURRENT freed 1021K, 11% free 13359K/14855K, paused 2ms+5ms
D/dalvikvm(  218): GC_CONCURRENT freed 444K, 6% free 10443K/11015K, paused 2ms+8ms
I/EventLogService(  455): Aggregate from 1333870431439 (log), 1333870431439 (data)
D/dalvikvm(  455): GC_FOR_ALLOC freed 341K, 7% free 10093K/10823K, paused 23ms
I/ServiceDumpSys(  455): dumping service [account]
I/EventLogService(  455): Aggregate from 1333872231562 (log), 1333872231562 (data)
I/ServiceDumpSys(  455): dumping service [account]
I/EventLogService(  455): Aggregate from 1333874031791 (log), 1333874031791 (data)
I/ServiceDumpSys(  455): dumping service [account]
D/dalvikvm(  148): GC_CONCURRENT freed 1030K, 10% free 13372K/14855K, paused 2ms+13ms
I/EventLogService(  455): Aggregate from 1333875831929 (log), 1333875831929 (data)
I/ServiceDumpSys(  455): dumping service [account]
D/dalvikvm(  218): GC_CONCURRENT freed 447K, 6% free 10444K/11015K, paused 2ms+7ms
D/dalvikvm(  148): GC_EXPLICIT freed 378K, 11% free 13337K/14855K, paused 2ms+5ms
I/EventLogService(  455): Aggregate from 1333877632175 (log), 1333877632175 (data)
D/dalvikvm(  455): GC_FOR_ALLOC freed 336K, 7% free 10092K/10823K, paused 32ms
I/ServiceDumpSys(  455): dumping service [account]
I/EventLogService(  455): Aggregate from 1333879432373 (log), 1333879432373 (data)
I/ServiceDumpSys(  455): dumping service [account]
I/EventLogService(  455): Aggregate from 1333881232552 (log), 1333881232552 (data)
I/ServiceDumpSys(  455): dumping service [account]
D/dalvikvm(  218): GC_CONCURRENT freed 444K, 6% free 10449K/11015K, paused 2ms+5ms
D/dalvikvm(  148): GC_CONCURRENT freed 968K, 11% free 13368K/14855K, paused 2ms+14ms
I/EventLogService(  455): Aggregate from 1333883032804 (log), 1333883032804 (data)
I/ServiceDumpSys(  455): dumping service [account]
I/EventLogService(  455): Aggregate from 1333884832941 (log), 1333884832941 (data)
D/dalvikvm(  455): GC_FOR_ALLOC freed 339K, 7% free 10092K/10823K, paused 23ms
I/ServiceDumpSys(  455): dumping service [account]
I/SystemUpdateService(  455): download in progress: [id: 33 compl: false succ: false bytes: 0 reason: 0 fn: null]
I/SystemUpdateService(  455): download took too long; will cancel and retry
V/SystemUpdateService(  455): retry (wakeup: true) in 449899 ms
V/SystemUpdateService(  455): onPostExecute: false
I/SystemUpdateService(  455): starting download of http://android.clients.google.com/packages/ota/google_crespo/hR7QFEtn.zip
V/SystemUpdateService(  455): retry (wakeup: true) in 21599997 ms
I/SystemUpdate.Download(  455): Started a new update download: http://android.clients.google.com/packages/ota/google_crespo/hR7QFEtn.zip (id 34; allowMobile=false)
V/SystemUpdateService(  455): onPostExecute: false
I/DownloadManager(  267): Initiating request for download 34
W/DownloadManager(  267): Aborting request for download 34: no network connection available
D/dalvikvm(  267): GC_CONCURRENT freed 430K, 6% free 9295K/9863K, paused 2ms+3ms
I/EventLogService(  455): Aggregate from 1333886633122 (log), 1333886633122 (data)
D/dalvikvm(  455): GC_FOR_ALLOC freed 292K, 7% free 10093K/10823K, paused 19ms
I/ServiceDumpSys(  455): dumping service [account]
D/dalvikvm(  148): JIT code cache reset in 6 ms (1048516 bytes 2/0)
D/dalvikvm(  148): GC_CONCURRENT freed 973K, 10% free 13375K/14855K, paused 2ms+14ms
D/dalvikvm(  218): GC_CONCURRENT freed 446K, 6% free 10448K/11015K, paused 2ms+7ms
I/EventLogService(  455): Aggregate from 1333888433294 (log), 1333888433294 (data)
I/ServiceDumpSys(  455): dumping service [account]
I/EventLogService(  455): Aggregate from 1333890233448 (log), 1333890233448 (data)
I/ServiceDumpSys(  455): dumping service [account]
D/dalvikvm(  148): GC_CONCURRENT freed 985K, 11% free 13366K/14855K, paused 2ms+5ms
I/EventLogService(  455): Aggregate from 1333892033554 (log), 1333892033554 (data)
I/ServiceDumpSys(  455): dumping service [account]
D/dalvikvm(  218): GC_CONCURRENT freed 443K, 6% free 10443K/11015K, paused 2ms+6ms
I/EventLogService(  455): Aggregate from 1333893833791 (log), 1333893833791 (data)
D/dalvikvm(  455): GC_FOR_ALLOC freed 344K, 7% free 10092K/10823K, paused 21ms
I/ServiceDumpSys(  455): dumping service [account]
I/EventLogService(  455): Aggregate from 1333895633925 (log), 1333895633925 (data)
I/ServiceDumpSys(  455): dumping service [account]
D/dalvikvm(  148): GC_CONCURRENT freed 1015K, 10% free 13373K/14855K, paused 3ms+10ms
D/dalvikvm(  455): GC_EXPLICIT freed 156K, 7% free 10084K/10823K, paused 3ms+3ms
I/EventLogService(  455): Aggregate from 1333897434124 (log), 1333897434124 (data)
I/ServiceDumpSys(  455): dumping service [account]
I/EventLogService(  455): Aggregate from 1333899234233 (log), 1333899234233 (data)
I/ServiceDumpSys(  455): dumping service [account]
D/dalvikvm(  218): GC_CONCURRENT freed 445K, 6% free 10452K/11015K, paused 2ms+5ms
I/EventLogService(  455): Aggregate from 1333901034338 (log), 1333901034338 (data)
I/ServiceDumpSys(  455): dumping service [account]
D/dalvikvm( 1725): GC_CONCURRENT freed 384K, 8% free 10013K/10823K, paused 3ms+3ms
D/dalvikvm(  148): GC_CONCURRENT freed 997K, 10% free 13380K/14855K, paused 2ms+10ms
I/EventLogService(  455): Aggregate from 1333902834446 (log), 1333902834446 (data)
I/ServiceDumpSys(  455): dumping service [account]
I/EventLogService(  455): Aggregate from 1333904634562 (log), 1333904634562 (data)
D/dalvikvm(  455): GC_FOR_ALLOC freed 363K, 7% free 10092K/10823K, paused 24ms
I/ServiceDumpSys(  455): dumping service [account]
D/dalvikvm(  218): GC_CONCURRENT freed 445K, 6% free 10447K/11015K, paused 2ms+5ms
I/EventLogService(  455): Aggregate from 1333906434787 (log), 1333906434787 (data)
I/ServiceDumpSys(  455): dumping service [account]
I/SystemUpdateService(  455): download in progress: [id: 34 compl: false succ: false bytes: 0 reason: 0 fn: null]
I/SystemUpdateService(  455): download took too long; will cancel and retry
V/SystemUpdateService(  455): retry (wakeup: true) in 509872 ms
V/SystemUpdateService(  455): onPostExecute: false
D/dalvikvm(  148): GC_CONCURRENT freed 969K, 10% free 13392K/14855K, paused 2ms+5ms
I/SystemUpdateService(  455): starting download of http://android.clients.google.com/packages/ota/google_crespo/hR7QFEtn.zip
D/dalvikvm(  455): GC_FOR_ALLOC freed 280K, 7% free 10092K/10823K, paused 18ms
V/SystemUpdateService(  455): retry (wakeup: true) in 21599969 ms
I/SystemUpdate.Download(  455): Started a new update download: http://android.clients.google.com/packages/ota/google_crespo/hR7QFEtn.zip (id 35; allowMobile=false)
V/SystemUpdateService(  455): onPostExecute: false
I/DownloadManager(  267): Initiating request for download 35
W/DownloadManager(  267): Aborting request for download 35: no network connection available
