V/TtsService(  569): TtsService.onCreate()
D/LightsService(  455): BKL : 235
E/TtsService(  569): Got com.svox.pico but it is not in the TTS_ENABLED_PLUGINS list
I/ActivityManager(  455): Start proc com.svox.pico for content provider com.svox.pico/.providers.SettingsProvider: pid=579 uid=10052 gids={}
D/LightsService(  455): BKL : 233
D/dalvikvm(  563): GC_EXTERNAL_ALLOC freed 68K, 41% free 3185K/5379K, external 0K/0K, paused 50ms
D/LightsService(  455): BKL : 231
W/AppWidgetService(  455): AppwidgetNewLogic
I/SystemServer(  455): appWidgetF systemReady
I/SystemServer(  455): wallpaperF systemReady
I/ActivityManager(  455): Start proc com.samsung.sec.android.inputmethod.axt9 for service com.samsung.sec.android.inputmethod.axt9/.AxT9IME: pid=584 uid=10109 gids={3002}
I/SystemServer(  455): immF systemReady
I/SystemServer(  455): locationF systemReady
D/NetworkManagmentService(  455): Registering observer
D/LightsService(  455): BKL : 229
D/LightsService(  455): BKL : 227
D/LightsService(  455): BKL : 226
I/SystemServer(  455): throttleF systemReady
I/SystemServer(  455): !@endofActivityManagersystemReady()
D/LightsService(  455): BKL : 224
I/ActivityManager(  455): Start proc com.android.phone for added application com.android.phone: pid=591 uid=1001 gids={3002, 3001, 3003, 1006, 1007, 1015}
D/LightsService(  455): BKL : 222
I/ActivityThread(  579): Pub com.svox.pico.providers.SettingsProvider: com.svox.pico.providers.SettingsProvider
I/ActivityManager(  455): Start proc android.process.media for added application android.process.media: pid=592 uid=10069 gids={1015, 1001, 2001, 3003}
I/ActivityManager(  455): Start proc com.sec.pcw.device for added application com.sec.pcw.device: pid=596 uid=10058 gids={3003}
D/LightsService(  455): BKL : 220
D/LightsService(  455): BKL : 219
I/PowerManagerService(  455): Light Animator Finished curIntValue=219
I/ActivityManager(  455): Start proc com.android.nfc3 for added application com.android.nfc3: pid=600 uid=1025 gids={}
I/ActivityManager(  455): Start proc com.samsung.bt.avrcp for added application com.samsung.bt.avrcp: pid=607 uid=1000 gids={3003, 1015, 2001, 3002, 3001, 1001, 1006}
I/Zygote  (  591): Zygote: pid 591 has CALL PRIVILEGED permission, then set capability for CAP_SYS_ADMIN (21)
D/dalvikvm(  323): GC_EXPLICIT freed 12K, 43% free 3113K/5379K, external 0K/0K, paused 100ms
D/dalvikvm(  563): GC_EXTERNAL_ALLOC freed 33K, 40% free 3250K/5379K, external 1198K/1360K, paused 35ms
D/dalvikvm(  323): GC_EXPLICIT freed <1K, 43% free 3113K/5379K, external 0K/0K, paused 74ms
D/dalvikvm(  323): GC_EXPLICIT freed <1K, 43% free 3113K/5379K, external 0K/0K, paused 21ms
D/dalvikvm(  455): GC_EXTERNAL_ALLOC freed 93K, 29% free 7220K/10119K, external 4128K/5155K, paused 124ms
I/ActivityManager(  455): Start proc com.broadcom.bt.app.system for added application com.broadcom.bt.app.system: pid=632 uid=1002 gids={3001, 3002, 3003}
I/Zygote  (  607): Zygote: pid 607 has CALL PRIVILEGED permission, then set capability for CAP_SYS_ADMIN (21)
I/ActivityManager(  455): Starting: Intent { act=android.intent.action.MAIN cat=[android.intent.category.HOME] flg=0x10000000 cmp=com.sec.android.app.twlauncher/.Launcher } from pid 0
I/ActivityManager(  455): Start proc com.sec.android.app.twlauncher for activity com.sec.android.app.twlauncher/.Launcher: pid=643 uid=10003 gids={3003, 1015, 3002}
D/VolumePanel(  455): onLoadComplete(sampleId: 1, status: 0)
D/AudioService(  455): onLoadComplete(sampleId: 1, status: 0)
D/AudioService(  455): onLoadComplete(sampleId: 2, status: 0)
D/AudioService(  455): onLoadComplete(sampleId: 3, status: 0)
D/AudioService(  455): onLoadComplete(sampleId: 4, status: 0)
D/AudioService(  455): onLoadComplete(sampleId: 5, status: 0)
D/AudioService(  455): onLoadComplete(sampleId: 6, status: 0)
D/AudioService(  455): onLoadComplete(sampleId: 7, status: 0)
D/AudioService(  455): onLoadComplete(sampleId: 8, status: 0)
D/AudioService(  455): onLoadComplete(sampleId: 9, status: 0)
D/AudioService(  455): onLoadComplete(sampleId: 10, status: 0)
D/AudioService(  455): onLoadComplete(sampleId: 11, status: 0)
D/AudioService(  455): onLoadComplete(sampleId: 12, status: 0)
V/TtsService(  569): About to load /system/lib/libttspico.so, applyFilter=true
D/BluetoothMediaPlayer(  607): ****Constructor called*************
D/BluetoothMediaPlayer(  607): Loading BluetoothMediaPlayer
V/AudioPolicyService(  325): getOutput() tid 325
V/AudioPolicyManager(  325): getDeviceForStrategy() from cache strategy 0, device 2
V/AudioPolicyManager(  325): getOutput() stream 3, samplingRate 0, format 0, channels c, flags 0
D/PowerManagerService(  455): setPowerState : mBootCompleted : false, newState |= ALL_BRIGHT
D/UiModeManager(  455): updateConfigurationLocked: mDockState=0; mCarMode=false; mNightMode=0; uiMode=17
I/ActivityThread(  592): Pub downloads: com.android.providers.downloads.DownloadProvider
D/BtFramework(  632): ****Constructor called*************
D/BtFramework(  632): Loading BrcmBluetoothServices package....
D/BtFramework(  632): IsStandaloneProcess = true....
D/BtFramework(  632): Soft On/Off enabled...Starting FM services...
D/FmServiceManager(  632): init() called 
D/FmServiceManager(  632): Fm Service(Broadcom) is not supported...
D/NFC JNI (  600): NFC Service : loading JNI
I/NfcService(  600): Starting NFC service
D/NFC JNI (  600): ******  Init Native Structure ******
D/NFC JNI (  600): ****** Init Native Structure OK ******
D/dalvikvm(  455): GC_EXTERNAL_ALLOC freed 87K, 29% free 7226K/10119K, external 5698K/7116K, paused 132ms
I/StatusBarManagerService(  455): registerStatusBar bar=com.android.internal.statusbar.IStatusBar$Stub$Proxy@40877040
D/OppEventLoop(  632): USE_STANDALONE_EVENT_LOOP=true
D/BluetoothServiceManager(  632): ****Registering Bluetooth Service bluetooth_opp_service: com.broadcom.bt.service.opp.OppEventLoop****
D/BluetoothServiceManager(  632): ****Bluetooth Service not supported bluetooth_ftp: com.broadcom.bt.service.ftp.BluetoothFTPService...Skipping. ****
D/BluetoothServiceManager(  632): ****Registering Bluetooth Service bluetooth_ftp: com.broadcom.bt.service.ftp.BluetoothFTPService****
D/BluetoothServiceManager(  632): ****Registering Bluetooth Service bluetooth_pbap: com.broadcom.bt.service.pbap.BluetoothPBAPService****
I/service_dun_BluetoothDUNService.cpp(  632): classInitNative
D/BluetoothServiceManager(  632): ****Bluetooth Service not supported bluetooth_dun: com.broadcom.bt.service.dun.BluetoothDUNService...Skipping. ****
D/BluetoothServiceManager(  632): ****Registering Bluetooth Service bluetooth_dun: com.broadcom.bt.service.dun.BluetoothDUNService****
I/service_sap_SAPService.cpp(  632): classEventLoopInitNative
D/BluetoothServiceManager(  632): ****Registering Bluetooth Service bluetooth_sap: com.broadcom.bt.service.sap.BluetoothSAPService****
D/BluetoothServiceManager(  632): ****Registering Bluetooth Service bluetooth_test: com.broadcom.bt.service.test.BluetoothTestModeService****
V/TtsService(  569): TtsService.setLanguage(eng, USA, )
D/SmsDeletedFolder(  632): SmsDeletedFolder
D/BluetoothServiceManager(  632): ****Registering Bluetooth Service bluetooth_map: com.broadcom.bt.service.map.MapEventLoop****
D/BluetoothServiceManager(  632): ****Bluetooth Service not supported bluetooth_bpp_service: null...Skipping. ****
D/BluetoothServiceManager(  632): ****Registering Bluetooth Service bluetooth_bpp_service: null****
I/service_avrcp_AVRCPService.cpp(  632): classInitNativeAVRCP
D/BluetoothServiceManager(  632): ****Registering Bluetooth Service bluetooth_avrcp: com.broadcom.bt.service.avrcp.BluetoothAVRCPService****
D/BluetoothServiceManager(  632): ****Bluetooth Service not supported bluetooth_flick: null...Skipping. ****
D/BluetoothServiceManager(  632): ****Registering Bluetooth Service bluetooth_flick: null****
I/Zygote  (  643): Zygote: pid 643 has CALL PRIVILEGED permission, then set capability for CAP_SYS_ADMIN (21)
I/ActivityThread(  592): Pub drm: com.android.providers.drm.DrmProvider
I/OrientationDebug(  455): [pwm] in updateOrientationListenerLp()
V/OrientationDebug(  455): in updateOrientationListenerLp(), Screen status=false, current orientation=1, SensorEnabled=false
E/WindowManager(  455): rotation is : 0
I/ActivityThread(  592): Pub media: com.android.providers.media.MediaProvider
D/dalvikvm(  591): GC_CONCURRENT freed 141K, 39% free 3480K/5639K, external 0K/0K, paused 1ms+2ms
I/SVOX Pico Engine(  569): loaded en-US successfully
D/MediaProvider(  592): MediaProvider onCreate called
V/MediaProvider(  592): Attached volume: internal
D/dalvikvm(  455): GC_EXTERNAL_ALLOC freed 28K, 28% free 7295K/10119K, external 9060K/9077K, paused 67ms
D/SntpClient(  455): request time failed: java.net.UnknownHostException: north-america.pool.ntp.org
D/SntpClient(  455): request time failed: java.net.UnknownHostException: north-america.pool.ntp.org
D/InputTransport(  455): Input channel constructed: name='40918728 StatusBar (server)', ashmemFd=212, receivePipeFd=216, sendPipeFd=215
D/InputTransport(  455): Input channel constructed: name='40918728 StatusBar (client)', ashmemFd=213, receivePipeFd=214, sendPipeFd=217
D/InputTransport(  455): Input channel destroyed: name='40918728 StatusBar (client)', ashmemFd=213, receivePipeFd=214, sendPipeFd=217
I/SynthProxy(  569): setting speech rate to 100
D/InputTransport(  563): Input channel constructed: name='40918728 StatusBar (client)', ashmemFd=40, receivePipeFd=41, sendPipeFd=42
D/UsbService(  455): handleMessage :: usbConnected = true
D/UsbService(  455): SendBroadcast!!!
D/StorageNotification(  563): StorageNotification :: 
D/MountService(  455): isUsbMassStorageConnected :: 
D/VoldCmdListener(  317): share status ums
D/MountService(  455): doGetShareMethodAvailable :: method = ums, result = false
D/StorageNotification(  563): Startup with UMS connection false (media state unmounted)
D/StorageNotification(  563): onUsbMassStorageConnectionChangedAsync :: connected = false
I/ActivityThread(  643): Pub com.sec.android.app.twlauncher.settings: com.sec.android.app.twlauncher.LauncherProvider
I/StorageNotification(  563): UMS connection changed to false (media state internal = unmounted, external = removed )
D/StorageNotification(  563): updateUsbModeNotification :: connected is false, usbSettingMode is 0, and adbCheck is true
D/StorageNotification(  563): updateUsbMassStorageNotification :: available = false
D/StorageNotification(  563): setUsbStorageNotification :: titleId = 0, messageId = 0, icon = 0, sound = false, visible = false
I/ActivityThread(  591): Pub telephony: com.android.providers.telephony.TelephonyProvider
I//system/bin/tc(  319): RTNETLINK answers: No such file or directory
I/logwrapper(  319): /system/bin/tc terminated by exit(2)
I//system/bin/tc(  319): RTNETLINK answers: Invalid argument
I/logwrapper(  319): /system/bin/tc terminated by exit(2)
I/lcdtest (  643): MODEL : SAMSUNG-SGH-I717
I/lcdtest (  643): Default setting
I/lcdtest (  643): Unknown MODEL : SAMSUNG-SGH-I717
I/lcdtest (  643): This is SGH-I727 or SGH-T989, SGH-I717.
D/InputTransport(  455): Input channel constructed: name='40941e40 TrackingView (server)', ashmemFd=217, receivePipeFd=227, sendPipeFd=221
D/InputTransport(  455): Input channel constructed: name='40941e40 TrackingView (client)', ashmemFd=218, receivePipeFd=219, sendPipeFd=228
D/InputTransport(  455): Input channel destroyed: name='40941e40 TrackingView (client)', ashmemFd=218, receivePipeFd=219, sendPipeFd=228
D/InputTransport(  563): Input channel constructed: name='40941e40 TrackingView (client)', ashmemFd=46, receivePipeFd=47, sendPipeFd=48
I/ActivityThread(  591): Pub sms: com.android.providers.telephony.SmsProvider
I/ActivityThread(  591): Pub mms-sms: com.android.providers.telephony.MmsSmsProvider
I/Launcher(  643): Launcher created: 40537a90
I/Launcher(  643): onCreate. Launcher: 40537a90, mDestroyed: false
I/ActivityThread(  591): Pub nwkinfo: com.android.providers.telephony.NwkInfoProvider
D/NwkInfoProvider(  591): onCreate_NwkInfo
E/NwkInfoProvider(  591): [DB Version] getVersion: 2031622 - DatabaseHelper
D/dalvikvm(  584): GC_CONCURRENT freed 263K, 41% free 3358K/5639K, external 0K/0K, paused 1ms+2ms
I//system/bin/tc(  319): Cannot find device "ifb0"
I/logwrapper(  319): /system/bin/tc terminated by exit(1)
I/ActivityManager(  455): Start proc com.google.process.gapps for service com.google.android.location/.NetworkLocationService: pid=659 uid=10060 gids={3003, 1015, 2001, 1007}
D/GlassLockScreenMusicWidget(  455): Controller Initiation Running!!
D/GlassLockScreenMusicWidget(  455): at init() send broadcast
E/GlassLockScreenMusicWidget(  455): Phone is not boot completed. so can't broadcast
D/GlassLockScreenMusicWidget(  455): resetMinTimer()
D/GlassLockScreenMusicWidget(  455): removeMinTimer()
D/SntpClient(  455): request time failed: java.net.UnknownHostException: north-america.pool.ntp.org
D/GlassLockScreenMusicWidget(  455): addMinTimer()
D/SntpClient(  455): request time failed: java.net.UnknownHostException: north-america.pool.ntp.org
E/AlarmManagerService(  455): android_server_AlarmManagerService_set to type=3, 621.513000000
I/ActivityThread(  591): Pub icc: com.android.phone.IccProvider
V/AlarmManager(  455): Adding alarm Alarm{409ca6b0 type 3 android} at 0
I/Launcher(  643): onCreate():  product model family:Q1 product model : xx-xxxx
D/IccProvider(  591): [IccProvider] onCreate()
I/ActivityThread(  591): Pub channels: com.android.providers.telephony.ChannelsProvider
I/ActivityThread(  591): Pub mms: com.android.providers.telephony.MmsProvider
D/Launcher(  643): It's image wallpaper. suggestDesiredDimensions(800 , 1280 )
D/InputTransport(  455): Input channel constructed: name='40931750 StatusBarExpanded (server)', ashmemFd=219, receivePipeFd=231, sendPipeFd=230
D/InputTransport(  455): Input channel constructed: name='40931750 StatusBarExpanded (client)', ashmemFd=228, receivePipeFd=229, sendPipeFd=232
D/InputTransport(  455): Input channel destroyed: name='40931750 StatusBarExpanded (client)', ashmemFd=228, receivePipeFd=229, sendPipeFd=232
D/InputTransport(  563): Input channel constructed: name='40931750 StatusBarExpanded (client)', ashmemFd=52, receivePipeFd=53, sendPipeFd=54
E/WallpaperService(  455): setDimensionHints ! w=800
I/WindowManager(  455): mAppToken is null , so we can't use SF_BYPASS
I/SurfaceFlinger(  455): id=3(1) createSurface 0x251dc4 for pid 563 (800x50),2 flag=0, StatusBar
I/FMPlayer(  455): Player created :com.android.server.FMRadioService@409c5518
I/WindowManager(  455):   CREATE SURFACE Surface(name=StatusBar, identity=3, mNativeSurface=0) IN SESSION android.view.SurfaceSession@40926230: pid=563 format=2 flags=0x0 / Window{40918728 StatusBar paused=false}
D/dalvikvm(  643): GC_EXTERNAL_ALLOC freed 93K, 41% free 3216K/5379K, external 0K/0K, paused 53ms
D/dalvikvm(  455): GC_EXTERNAL_ALLOC freed 151K, 27% free 7410K/10119K, external 10578K/11131K, paused 66ms
D/dalvikvm(  584): GC_CONCURRENT freed 520K, 43% free 3410K/5959K, external 0K/0K, paused 1ms+4ms
I/ActivityThread(  659): Pub com.google.settings: com.google.android.gsf.settings.GoogleSettingsProvider
E/QuickSettingButton(  563): onAttachedToWindow()
E/WifiSettingButton(  563): onAttachedToWindow()
V/WifiProgressStore(  563): WifiProgressStore Created
E/QuickSettingButton(  563): onAttachedToWindow()
E/BluetoothSettingButton(  563): onAttachedToWindow()
E/QuickSettingButton(  563): onAttachedToWindow()
E/GpsSettingButton(  563): onAttachedToWindow()
D/CircleLockScreen(  455): Clock position from setting = 0
D/CAT     (  591): CatService: CatService on slot 0 is running
E/DST     (  591): Error parsing service priority string, ignoring 
E/DST     (  591): Error parsing service priority string, ignoring 
E/DST     (  591): Error parsing service priority string, ignoring 
E/DST     (  591): Error parsing service priority string, ignoring 
E/DST     (  591): Error parsing service priority string, ignoring 
D/dalvikvm(  584): GC_FOR_MALLOC freed 112K, 43% free 3420K/5959K, external 0K/0K, paused 37ms
I/ActivityThread(  659): Pub subscribedfeeds: com.google.android.gsf.subscribedfeeds.SubscribedFeedsProvider
I/DATA    (  591): [SERVICE_TYPE_DEFAULT] Service enabled = true
D/ConnectivityService(  455): getMobileDataEnabled returning true
I/ActivityThread(  659): Pub com.google.android.gsf.gservices: com.google.android.gsf.gservices.GservicesProvider
V/DATA    (  591): [DCT ] SUPPORT_IPV4 = true
V/DATA    (  591): [DCT ] SUPPORT_IPV6 = true
V/DATA    (  591): [DCT ] SUPPORT_MPDN = true
V/DATA    (  591): [DCT ] SUPPORT_MPDN_SERVICE_ARBITRATION = false
V/DATA    (  591): [DCT ] SUPPORT_OMH = false
V/DATA    (  591): [DCT ] PROPERTY_SUPPORT_EHRPD = false
V/DATA    (  591): [DCT ] PROPERTY_SUPPORT_SVLTE1X = false
D/szipinf (  584): Initializing inflate state
E/QuickSettingButton(  563): onAttachedToWindow()
E/FlightSettingButton(  563): onAttachedToWindow()
E/FlightSettingButton(  563): updateStatus : 0
E/QuickSettingButton(  563): onAttachedToWindow()
D/szipinf (  584): Initializing inflate state
D/dalvikvm(  591): GC_CONCURRENT freed 141K, 37% free 3757K/5959K, external 0K/0K, paused 1ms+2ms
D/dalvikvm(  563): GC_CONCURRENT freed 82K, 40% free 3401K/5575K, external 3027K/3588K, paused 2ms+2ms
D/dalvikvm(  643): GC_EXTERNAL_ALLOC freed 158K, 41% free 3341K/5575K, external 2633K/3280K, paused 29ms
D/dalvikvm(  455): GC_EXTERNAL_ALLOC freed 52K, 27% free 7469K/10119K, external 15634K/16469K, paused 170ms
D/DATA    (  591): initFastDormPollNetStat
I/GservicesProvider(  659): Gservices pushing to system: true; secure: true
I/ActivityThread(  659): Pub com.google.android.providers.talk: com.google.android.gsf.talk.TalkProvider
E/AutoRotationSettingButton(  563): onAttachedToWindow()
E/FastDormancy(  591): [FD] FastDormancy Constructor No plmn
I/WindowManager(  455): mAppToken is null , so we can't use SF_BYPASS
I/SurfaceFlinger(  455): id=4(2) createSurface 0x3d8204 for pid 563 (800x1),1 flag=0, StatusBarExpanded
I/WindowManager(  455):   CREATE SURFACE Surface(name=StatusBarExpanded, identity=4, mNativeSurface=0) IN SESSION android.view.SurfaceSession@40926230: pid=563 format=-3 flags=0x0 / Window{40931750 StatusBarExpanded paused=false}
D/msm8660.gralloc(  455): !@/dev/pmem: allocating pmem size=204800, offset=6148096(0x5dd000)
D/NetworkLocationService(  659): onCreate com.google.android.location.NetworkLocationService@40549d70
D/GpsLocationProvider(  455): handleEnable
D/loc_api_rpc_glue(  455): Loc API RPC client initialized.
D/GpsLocationProvider(  455): set_capabilities_callback: 7
D/dalvikvm(  584): GC_FOR_MALLOC freed 11K, 42% free 3552K/6023K, external 0K/0K, paused 68ms
D/RPC     (  455): 3000008c:00050000 sending call (XID 1).
I/dalvikvm-heap(  584): Grow heap (frag case) to 5.939MB for 512016-byte allocation
I/ViewRoot(  563): !@FINISH DRAWING : StatusBar
I/ViewRoot(  563): !@finishDrawing is completed : StatusBar
D/msm8660.gralloc(  455): !@/dev/pmem: allocating pmem size=3788800, offset=6352896(0x60f000)
D/PROXY   (  591): In ProxyManager getInstance
D/PROXY   (  591): Creating ProxyManager
D/NetworkLocationClient(  659): ANDROID minProtocolVersion 1 maxProtocolVersion 1 releaseVersion -1
D/NetworkLocationClient(  659): binding to Intent { act=com.google.android.location.internal.ANDROID_NLP }
I/ViewRoot(  563): !@FINISH DRAWING : StatusBarExpanded
I/ViewRoot(  563): !@finishDrawing is completed : StatusBarExpanded
D/CallManager(  591): registerPhone(GSM Handler{405d5c98})
D/dalvikvm(  584): GC_FOR_MALLOC freed 0K, 38% free 4052K/6535K, external 0K/0K, paused 79ms
I/dalvikvm-heap(  584): Grow heap (frag case) to 6.427MB for 512016-byte allocation
E/power   (  455): *** open_file_descriptors : error , g_error : 2    /sys/power/dvfslock_ctrl 
E/power   (  455): *** open_file_descriptors : error , g_error : 2    /sys/android_power/acquire_partial_wake_lock 
E/power   (  455): acquire_wake_lock g_error=2 
D/RPC     (  455): 3000008c:00050000 received REPLY (XID 1), grabbing mutex to wake up client.
D/msm8660.gralloc(  455): !@/dev/pmem: allocating pmem size=204800, offset=10141696(0x9ac000)
I/ActivityManager(  455): Start proc com.android.settings for broadcast com.android.settings/.powersavingmode.PowerSavingModeWidgetProvider: pid=683 uid=1000 gids={3003, 1015, 2001, 3002, 3001, 1001, 1006}
I/ActivityManager(  455): Start proc android.process.acore for content provider com.android.providers.contacts/.CallLogProvider: pid=684 uid=10003 gids={3003, 1015, 3002}
D/BT HS/HF(  591): updatePhoneState() mPhone=IDLE, mFCall=IDLE, mBCall=IDLE, mRCall=IDLE, mCallsetup=0, mCall=0, mCallheld=0
E/power   (  455): release_wake_lock g_error=2 
D/libloc  (  455): [ATT] loc_secgps_default_parameters - supl url = h-slp.mnc410.mcc310.pub.3gppnetwork.org
W/libloc  (  455): loc_read_sec_gps_conf: no /data/data/com.android.angryGps/secgps.conf file, using defaults
E/libloc  (  455): loc_eng_sec_set_param(): Fail to read sec GPS config!. default config will be set
D/RPC     (  455): 3000008c:00050000 call success.
D/RPC     (  455): 3000008c:00050000 sending call (XID 2).
D/dalvikvm(  643): GC_EXTERNAL_ALLOC freed 25K, 40% free 3373K/5575K, external 4195K/4419K, paused 57ms
E/power   (  455): acquire_wake_lock g_error=2 
D/RPC     (  455): 3000008c:00050000 received REPLY (XID 2), grabbing mutex to wake up client.
D/BT HS/HF(  591): cdmaSetSecondCallState: Setting mCdmaIsSecondCallActive to false
D/SensorManager(  591): ====>>>>> Num Sensor: 1
D/SensorManager(  591): ====>>>>> Num Sensor: 2
D/SensorManager(  591): ====>>>>> Num Sensor: 3
D/SensorManager(  591): ====>>>>> Num Sensor: 4
D/SensorManager(  591): ====>>>>> Num Sensor: 5
D/SensorManager(  591): ====>>>>> Num Sensor: 6
D/SensorManager(  591): ====>>>>> Num Sensor: 7
D/SensorManager(  591): ====>>>>> Num Sensor: 8
D/SensorManager(  591): ====>>>>> Num Sensor: 9
D/SensorManager(  591): ====>>>>> Num Sensor: 0
D/LocationManagerService(  455): network location requested by UID(1000) com.samsung.app.playreadyui, com.android.settings, android, com.android.server.vpn, com.sec.android.app.popupuireceiver, com.sec.android.app.selftestmode, com.sec.android.app.kieswifi, com.android.systemui, com.sec.android.app.wlantest, com.android.server.vpn.enterprise, com.sec.android.app.factorytest, com.sec.android.app.controlpanel, com.wssnps, com.sec.android.Kies, com.android.bluetoothtest, com.dashwire.config, com.sec.android.app.phoneutil, com.samsung.bt.avrcp, com.sec.app.RilErrorNotifier, com.samsung.InputEventApp, com.sec.android.app.encrypt, com.google.android.backup, com.sec.dsm.system, com.sec.android.app.servicemodeapp, com.android.providers.subscribedfeeds, com.sec.android.app.lcdtest, com.android.MtpApplication, com.android.providers.security, com.samsung.android.app.divx, com.android.providers.settings, com.android.Preconfig, com.sec.android.app.personalization, 
D/WallpaperService(  455): onCreate Service
D/LocationManagerService(  455): passive location requested by UID(1000) com.samsung.app.playreadyui, com.android.settings, android, com.android.server.vpn, com.sec.android.app.popupuireceiver, com.sec.android.app.selftestmode, com.sec.android.app.kieswifi, com.android.systemui, com.sec.android.app.wlantest, com.android.server.vpn.enterprise, com.sec.android.app.factorytest, com.sec.android.app.controlpanel, com.wssnps, com.sec.android.Kies, com.android.bluetoothtest, com.dashwire.config, com.sec.android.app.phoneutil, com.samsung.bt.avrcp, com.sec.app.RilErrorNotifier, com.samsung.InputEventApp, com.sec.android.app.encrypt, com.google.android.backup, com.sec.dsm.system, com.sec.android.app.servicemodeapp, com.android.providers.subscribedfeeds, com.sec.android.app.lcdtest, com.android.MtpApplication, com.android.providers.security, com.samsung.android.app.divx, com.android.providers.settings, com.android.Preconfig, com.sec.android.app.personalization, 
E/power   (  455): release_wake_lock g_error=2 
I/Zygote  (  683): Zygote: pid 683 has CALL PRIVILEGED permission, then set capability for CAP_SYS_ADMIN (21)
D/RPC     (  455): 3000008c:00050000 waiting for XDR input buffer to be consumed.
E/power   (  455): acquire_wake_lock g_error=2 
V/AudioPolicyService(  325): getOutput() tid 325
V/AudioPolicyManager(  325): getDeviceForStrategy() from cache strategy 1, device 1
V/AudioPolicyManager(  325): getOutput() stream 0, samplingRate 0, format 0, channels c, flags 0
D/NetworkLocationService(  659): onBind com.google.android.location.NetworkLocationProvidercom.google.android.location.NetworkLocationService@40549d70
D/RPC     (  455): 3000008c:00050000 call success.
D/RPC     (  455): 3000008c:00050000 received CALL.
D/NetworkLocationService(  659): onBind com.google.android.location.GeocodeProvidercom.google.android.location.NetworkLocationService@40549d70
I/Zygote  (  684): Zygote: pid 684 has CALL PRIVILEGED permission, then set capability for CAP_SYS_ADMIN (21)
E/TtsService(  569): Got com.svox.pico but it is not in the TTS_ENABLED_PLUGINS list
E/TtsService(  569): Got com.svox.pico but it is not in the TTS_ENABLED_PLUGINS list
E/TtsService(  569): Got com.svox.pico but it is not in the TTS_ENABLED_PLUGINS list
D/CircleLockScreenTTS(  455): TTS locale:eng_USA
D/CircleMissedEventWidget(  455): received MISSED_EVENT intent !! 
D/RPC     (  455): 3000008c:00050000 dispatching RPC call (XID 460, xdr 0x470c18) for callback client 3100008c:00050001.
D/RPC     (  455): 3100008c:327681 sending RPC reply (XID 460)
D/dalvikvm(  584): GC_CONCURRENT freed 0K, 36% free 4552K/7047K, external 0K/0K, paused 1ms+131ms
I/DIOTEK  (  584): Load Library path = /system/lib/libdhwr.so
E/power   (  455): acquire_wake_lock g_error=2 
D/RPC     (  455): 3000008c:00050000 sending call (XID 3).
D/RPC     (  455): 3000008c:00050000 received REPLY (XID 3), grabbing mutex to wake up client.
W/ActivityManager(  455): Unable to start service Intent { act=com.android.ussd.IExtendedNetworkService }: not found
E/power   (  455): release_wake_lock g_error=2 
I/AudioFlinger(  325): setParameters(): io 0, keyvalue realcall=off, tid 530, calling tid 591
V/AudioHardwareMSM8660(  325): setParameters() realcall=off
E/AudioHardwareMSM8660(  325):  >>>> realcall end!!!!!
D/RPC     (  455): 3000008c:00050000 waiting for XDR input buffer to be consumed.
D/RPC     (  455): 3000008c:00050000 call success.
D/CAT     (  591): CatService: 8 arrived on slotid: 0
D/CAT     (  591): CatService: MSG_ID_RADIOSTATE_CHANGED = false
D/CAT     (  591): CatService: Radio state is on? false
D/CAT     (  591): CatService: SIM ready. Reporting STK service running now...
V/DATA    (  591): [DPT(0)] Reloading profile db for operator = [null]. reason=apnChanged
V/DATA    (  591): [DPT(0)] new dp found : [dpt=PROFILE_TYPE_3GPP2_NAI, active=false, 
E/power   (  455): acquire_wake_lock g_error=2 
D/UnlockScreen(  455): getCurrentLockScreenString() = null
I/ActivityThread(  684): Pub call_log: com.android.providers.contacts.CallLogProvider
D/LocationProviderProxy(  455): LocationProviderProxy.onServiceConnected ComponentInfo{com.google.android.location/com.google.android.location.NetworkLocationService}
D/GeocoderProxy(  455): onServiceConnected ComponentInfo{com.google.android.location/com.google.android.location.NetworkLocationService}
E/power   (  455): release_wake_lock g_error=2 
E/power   (  455): release_wake_lock g_error=2 
D/RPC     (  455): 3000008c:00050000 received CALL.
D/RPC     (  455): 3000008c:00050000 dispatching RPC call (XID 471, xdr 0x470c18) for callback client 3100008c:00050001.
D/RPC     (  455): 3100008c:327681 sending RPC reply (XID 471)
D/androidInternalNlpService(  659): onCreate com.google.android.location.internal.server.NetworkLocationService@4056b4d8
I/ActivityThread(  684): Pub user_dictionary: com.android.providers.userdictionary.UserDictionaryProvider
D/androidNlpServiceThread(  659): start monitoring enabled
D/RPC     (  455): 3000008c:00050000 sending call (XID 4).
I/Database(  591): sqlite returned: error code = 0, msg = Recovered 37 frames from WAL file /data/data/com.android.providers.telephony/databases/telephony.db-wal
D/dalvikvm(  643): GC_EXTERNAL_ALLOC freed 2K, 40% free 3373K/5575K, external 5215K/5425K, paused 73ms
E/power   (  455): acquire_wake_lock g_error=2 
E/power   (  455): release_wake_lock g_error=2 
E/power   (  455): acquire_wake_lock g_error=2 
E/power   (  455): release_wake_lock g_error=2 
D/RPC     (  455): 3000008c:00050000 received REPLY (XID 4), grabbing mutex to wake up client.
D/RPC     (  455): 3000008c:00050000 waiting for XDR input buffer to be consumed.
D/RPC     (  455): 3000008c:00050000 call success.
D/RPC     (  455): 3000008c:00050000 received CALL.
D/RPC     (  455): 3000008c:00050000 dispatching RPC call (XID 478, xdr 0x470c18) for callback client 3100008c:00050001.
D/RPC     (  455): 3100008c:327681 sending RPC reply (XID 478)
D/RPC     (  455): 3000008c:00050000 sending call (XID 5).
E/power   (  455): acquire_wake_lock g_error=2 
E/power   (  455): release_wake_lock g_error=2 
D/RPC     (  455): 3000008c:00050000 received REPLY (XID 5), grabbing mutex to wake up client.
D/RPC     (  455): 3000008c:00050000 call success.
E/power   (  455): acquire_wake_lock g_error=2 
E/power   (  455): release_wake_lock g_error=2 
E/power   (  455): acquire_wake_lock g_error=2 
E/power   (  455): release_wake_lock g_error=2 
D/dalvikvm(  455): GC_EXTERNAL_ALLOC freed 202K, 26% free 7537K/10119K, external 20679K/21157K, paused 112ms
D/RPC     (  455): 3000008c:00050000 received CALL.
D/RPC     (  455): 3000008c:00050000 dispatching RPC call (XID 487, xdr 0x470c18) for callback client 3100008c:00050001.
D/RPC     (  455): 3100008c:327681 sending RPC reply (XID 487)
D/RPC     (  455): 3000008c:00050000 sending call (XID 6).
D/RPC     (  455): 3000008c:00050000 received REPLY (XID 6), grabbing mutex to wake up client.
D/RPC     (  455): 3000008c:00050000 call success.
D/NetworkLocationRealOs(  659): NLPv2 file already exists; ignoring any NLPv1 files
V/DATA    (  591): [DPT(0)] hasProfileDbChanged = true
D/DATA    (  591): [DSST] pollstate() : reason = radio state changed
D/DATA    (  591): [DSST] Poll ServiceState done: oldSS=[1 home null null null  Unknown CSS not supported 0 0RoamInd: 0DefRoamInd: 0EmergOnly: false] newSS=[1 home null null null  Unknown CSS not supported -1 -1RoamInd: -1DefRoamInd: -1EmergOnly: false]
D/DATA    (  591): [DSST] pollstate() : reason = icc status changed
D/DATA    (  591): [DSST] Poll ServiceState done: oldSS=[1 home null null null  Unknown CSS not supported -1 -1RoamInd: -1DefRoamInd: -1EmergOnly: false] newSS=[1 home null null null  Unknown CSS not supported -1 -1RoamInd: -1DefRoamInd: -1EmergOnly: false]
D/mmDST   (  591): onDataConnectionDetached
D/mmDST   (  591): Disconnect All Connections by radioOff
D/androidNlpServiceThread(  659): ANDROID minProtocolVersion 1 maxProtocolVersion 1 releaseVersion -1
D/androidNlpServiceThread(  659): This NLP should run continuously.
D/DATA    (  591): mMasterDataEnabled=true,isUsePacketData=true
E/power   (  455): acquire_wake_lock g_error=2 
I/ActivityThread(  684): Pub com.android.social: com.android.providers.contacts.SocialProvider
I/ActivityThread(  684): Pub applications: com.android.providers.applications.ApplicationsProvider
D/RPC     (  455): 3000008c:00050000 received CALL.
D/RPC     (  455): 3000008c:00050000 dispatching RPC call (XID 491, xdr 0x470c18) for callback client 3100008c:00050001.
D/RPC     (  455): 3100008c:327681 sending RPC reply (XID 491)
D/RPC     (  455): 3000008c:00050000 sending call (XID 7).
D/NetworkLocationClient(  659): onServiceConnected to ComponentInfo{com.google.android.location/com.google.android.location.internal.server.NetworkLocationService}
D/androidNlpServiceThread(  659): adding listener com.google.android.location.internal.client.NetworkLocationClient$1@4054f5d0 with period 2147483647
D/androidNetworkLocationListeners(  659): Still have listener com.google.android.location.internal.client.NetworkLocationClient$1@4054f5d0
I/TelephonyRegistry(  455): notifyDataConnection: anyState=0,default/INET,apnTypeState=0,iface=null,ip=null,gw=null,isDataConnectivityPossible=false,networkType=0,reason=dataNetworkDetached
E/power   (  455): acquire_wake_lock g_error=2 
D/RPC     (  455): 3000008c:00050000 received REPLY (XID 7), grabbing mutex to wake up client.
D/DATA    (  591):  notifyDataConnection Pass INET6 >>> Fix me later please!!
D/DATA    (  591): mMasterDataEnabled=true,isUsePacketData=true
D/LockPatternKeyguardView(  455): max failed attempt for device disable :0
D/DATA    (  591):  notifyDataConnection Pass INET6 >>> Fix me later please!!
D/DATA    (  591): mMasterDataEnabled=true,isUsePacketData=true
D/DATA    (  591):  notifyDataConnection Pass INET6 >>> Fix me later please!!
D/DATA    (  591): mMasterDataEnabled=true,isUsePacketData=true
I/TelephonyRegistry(  455): notifyDataConnection: anyState=0,mms/INET,apnTypeState=0,iface=null,ip=null,gw=null,isDataConnectivityPossible=false,networkType=0,reason=dataNetworkDetached
I/TelephonyRegistry(  455): notifyDataConnection: anyState=0,supl/INET,apnTypeState=0,iface=null,ip=null,gw=null,isDataConnectivityPossible=false,networkType=0,reason=dataNetworkDetached
I/TelephonyRegistry(  455): notifyDataConnection: anyState=0,dun/INET,apnTypeState=0,iface=null,ip=null,gw=null,isDataConnectivityPossible=false,networkType=0,reason=dataNetworkDetached
D/DATA    (  591):  notifyDataConnection Pass INET6 >>> Fix me later please!!
D/DATA    (  591): mMasterDataEnabled=true,isUsePacketData=true
D/LockPatternKeyguardView(  455): DIALOG GET wipeData = false
D/LockPatternKeyguardView(  455): ATT_USING_UNSECURE_LOCK_BEFORE_TIMER_EXPIRES - LockPatternKeyguardView()
D/DATA    (  591):  notifyDataConnection Pass INET6 >>> Fix me later please!!
I/TelephonyRegistry(  455): notifyDataConnection: anyState=0,hipri/INET,apnTypeState=0,iface=null,ip=null,gw=null,isDataConnectivityPossible=false,networkType=0,reason=dataNetworkDetached
D/KeyguardViewMediator(  455): adjustUserActivityLocked mShowing: true mHidden: false
D/KeyguardViewMediator(  455): onScreenTurnedOn, seq = 1
D/KeyguardViewMediator(  455): notifyScreenOnLocked
I/OrientationDebug(  455): [WindowOrientationListener] in enable(), now call SensorManager.registerListener()
D/SensorManager(  455): registerListener :: handle = 0  name= K3DH Acceleration Sensor delay= 200000 Listener= android.view.WindowOrientationListener$SensorEventListenerImpl@4084ec08
I/OrientationDebug(  455): [pwm] in updateOrientationListenerLp()
V/OrientationDebug(  455): in updateOrientationListenerLp(), Screen status=true, current orientation=1, SensorEnabled=false
I/OrientationDebug(  455): [pwm] needSensorRunningLp(), return false #3
I/OrientationDebug(  455): [pwm] in updateSettings(), mAccelerometerDefault=0  accelerometerDefault=0
D/PowerManagerService(  455): enableUserActivity false
D/StatusBarService(  563): animateCollapse() - updateViewLayout
D/PowerManagerService(  455): onSensorChanged: light value: 150
D/PowerManagerService(  455): lightSensorChangedLocked 150
D/PowerManagerService(  455): lcdValue 129
D/PowerManagerService(  455): buttonValue 0
D/PowerManagerService(  455): keyboardValue 0
D/PowerManagerService(  455): lightSensorChangedLocked : mKeyboardLight : 0
D/PowerManagerService(  455): onSensorChanged: light value: 1000
D/StatusBarService(  563): animateCollapse() - updateViewLayout
D/WindowManager(  455): Disable PenGesture : false
D/InputTransport(  455): Input channel constructed: name='PenGestureView (server)', ashmemFd=244, receivePipeFd=248, sendPipeFd=247
D/InputTransport(  455): Input channel constructed: name='PenGestureView (client)', ashmemFd=245, receivePipeFd=246, sendPipeFd=249
W/EDM     (  455):  >>> CallingPolicyService.mPhoneListener.new PhoneStateListener() {...}.onServiceStateChanged()
I/TelephonyRegistry(  455): notifyServiceState: 1 home null null null  Unknown CSS not supported -1 -1RoamInd: -1DefRoamInd: -1EmergOnly: false
E/power   (  455): release_wake_lock g_error=2 
E/power   (  455): release_wake_lock g_error=2 
E/power   (  455): acquire_wake_lock g_error=2 
D/RPC     (  455): 3000008c:00050000 waiting for XDR input buffer to be consumed.
D/RPC     (  455): 3000008c:00050000 call success.
D/StatusBarPolicy(  563): updateSignalStrength: No SVC
D/RPC     (  455): 3000008c:00050000 received CALL.
D/androidNlpServiceThread(  659): adding listener com.google.android.location.internal.client.NetworkLocationClient$1@4054f5d0 with period 2147483647
D/androidNetworkLocationListeners(  659): Still have listener com.google.android.location.internal.client.NetworkLocationClient$1@4054f5d0
D/RPC     (  455): 3000008c:00050000 dispatching RPC call (XID 495, xdr 0x470c18) for callback client 3100008c:00050001.
D/dalvikvm(  584): No JNI_OnLoad found in /system/lib/libdhwr.so 0x4051c8e0, skipping init
D/DIOTEK  (  584): ./../engine/rel/source/libhwr/api_impl.cc(292) DHWRCreateSettingObject: in
D/DIOTEK  (  584): ./../engine/rel/source/libhwr/api_impl.cc(30) DHWRCreateInkObject: Ink: 0x001691f8
D/DIOTEK  (  584): ./../engine/rel/source/libhwr/api_impl.cc(30) DHWRCreateInkObject: Ink: 0x00169260
D/DIOTEK  (  584): ./../engine/rel/source/libhwr/api_impl.cc(292) DHWRCreateSettingObject: in
I/DIOTEK  (  584): ./../engine/rel/source/wrapper/dhwr_main.cc(275) DHWRModelCheck: model = SAMSUNG-SGH-I717
D/DIOTEK  (  584): ./../engine/rel/source/wrapper/dhwr_main.cc(276) DHWRModelCheck: key = 77454049047475013532755602848285560284829456028482743718563273776739828099608292930070829201763082921035308292557184803221118480329002848032964844803286484480322438448032343844803255164480328411548032983544803258003225568792845128252684512678277980363067001416628700141012186214111632456414057559833776836983365092129339953048723289304872324432708243796864861730474976143047497611604749761077456976180541708249938369761583836976119383697615898343670270377693359734367687928451209503786639025477323851547732376154773234833779803
I/DIOTEK  (  584): ./../engine/rel/source/jni/com_diotek_dhwr_DHWR.cc(123) Java_com_diotek_dhwr_DHWR_Create: Support Model
I/DIOTEK  (  584): ./../engine/rel/source/wrapper/dhwr_main.cc(306) DHWRCreate: Create, Version:DHWR.4.00.2298
D/DIOTEK  (  584): ../../supremo/build/../src/hwr/supremo/dhwrengine.cpp(18) DHWR_CreateSession: DHWR_CreateSession
I/DIOTEK  (  584): ../../supremo/build/../src/hwr/supremo/enginehandler.cpp(36) EngineHandler: Create EngineHandler: 0x0016BC30
I/DIOTEK  (  584): ../../supremo/build/../src/hwr/supremo/context.cpp(56) Context: Create: 0x0016BCF8
I/DIOTEK  (  584): ../../supremo/build/../src/hwr/supremo/context.cpp(100) GetPreprocessorContext: m_pPreprocessor: 0x00166A30
I/DIOTEK  (  584): ./../engine/rel/source/wrapper/dhwr_main.cc(629) DHWRSetExternalLibraryPath: Library Path: /system/lib/
D/DIOTEK  (  584): ./../engine/rel/source/libhwr/api_impl.cc(97) DHWRInkClear: obj: 0x00169260
D/DIOTEK  (  584): ./../engine/rel/source/libhwr/api_impl.cc(109) DHWRInkClear: out
I/DIOTEK  (  584): ./../engine/rel/source/wrapper/dhwr_main.cc(645) DHWRSetParam: type:8, pParam:0x0016c100
I/DIOTEK  (  584): ./../engine/rel/source/wrapper/dhwr_main.cc(681) DHWRSetParam: log:1
D/androidNlpServiceThread(  659): updateState: shouldBeEnabled true shouldBeRunning true
D/PROXY   (  591): ProxyManager EVENT_ICC_CHANGED for non DSDS m3gppIndex::99999 m3gpp2Index::99999
D/ClockWidget(  455): isServiceEnable = false cityId = cityId:348735
D/ClockWidget(  455): Weather Demon is not running, Set visibility to GONE
D/androidNlpServiceThread(  659): Creating RealOs
D/FlightSettingButton(  563): EVENT_SERVICE_STATE_CHANGED received
E/FlightSettingButton(  563): updateStatus : 0
V/WifiProgressStore(  683): WifiProgressStore Created
V/WifiProgressStore(  659): WifiProgressStore Created
D/szipinf (  659): Initializing inflate state
D/szipinf (  659): Initializing zlib to inflate
E/powersaving modewidget provider(  683): getBrightness brightness= 219
I/ActivityThread(  684): Pub contacts;com.android.contacts: com.android.providers.contacts.ContactsProvider2
E/power   (  455): release_wake_lock g_error=2 
I/WindowManager(  455): mAppToken is null , so we can't use SF_BYPASS
I/SurfaceFlinger(  455): id=5(1) createSurface 0x25137c for pid 455 (800x1280),1 flag=0, Keyguard
I/OrientationDebug(  455): [pwm] in updateOrientationListenerLp()
V/OrientationDebug(  455): in updateOrientationListenerLp(), Screen status=true, current orientation=5, SensorEnabled=false
I/OrientationDebug(  455): [pwm] needSensorRunningLp(), return false #3
E/WindowManager(  455): rotation is : 0
D/RPC     (  455): 3100008c:327681 sending RPC reply (XID 495)
I/WindowManager(  455):   CREATE SURFACE Surface(name=Keyguard, identity=5, mNativeSurface=0) IN SESSION android.view.SurfaceSession@408289a0: pid=455 format=-3 flags=0x0 / Window{409d7c48 Keyguard paused=false}
D/AttSimMessageWidget(  455): onResume()
D/BT HSHFP(  591): Starting BluetoothHeadsetService
D/CircleMissedEventWidget(  455): received MISSED_EVENT intent !! 
D/CircleMissedEventWidget(  455): received MISSED_EVENT intent !! 
D/RPC     (  455): 3000008c:00050000 sending call (XID 8).
V/DATA    (  591): [DCT(0) ] onUpdateDataConnections [ignored] : reason=radioOff
V/MediaPlayerService(  325): decode(42, 1743120, 5101)
D/MediaPlayerService(  325): getPlayerType. Ln=984
V/MediaPlayerService(  325): player type = 4
V/DATA    (  591): [DCT(0) ] onUpdateDataConnections [ignored] : reason=roamingOff
D/MediaPlayerService(  325): createPlayer. type=4
D/MediaPlayerService(  325):  create StagefrightPlayer
I/MediaExtractor(  325): ***************************MediaExtractor::Create() In
I/MediaExtractor(  325): *************************Autodetected media content as 'application/ogg' with confidence 0.60
V/AwesomePlayer(  325): mBitrate = -1 bits/sec
V/MediaPlayerService(  325): prepare
V/AwesomePlayer(  325): prepareAsync_l
V/MediaPlayerService(  325): wait for prepare
D/dalvikvm(  659): GC_CONCURRENT freed 258K, 41% free 3360K/5639K, external 0K/0K, paused 1ms+2ms
E/power   (  455): acquire_wake_lock g_error=2 
E/power   (  455): release_wake_lock g_error=2 
D/RPC     (  455): 3000008c:00050000 received REPLY (XID 8), grabbing mutex to wake up client.
D/RPC     (  455): 3000008c:00050000 waiting for XDR input buffer to be consumed.
D/RPC     (  455): 3000008c:00050000 call success.
E/power   (  455): acquire_wake_lock g_error=2 
V/AwesomePlayer(  325): mime = audio/vorbis
I/OMXCodec(  325): Successfully allocated software codec 'VorbisDecoder'
V/AudioCache(  325): notify(0x37de8, 5, 0, 0)
V/AudioCache(  325): ignored
V/AudioCache(  325): notify(0x37de8, 1, 0, 0)
V/AudioCache(  325): prepared
V/AudioCache(  325): wait - success
V/MediaPlayerService(  325): start
V/AwesomePlayer(  325): play
V/AwesomePlayer(  325): LPAPlayer::getObjectsAlive() 0
V/AwesomePlayer(  325): Setting Audio source
I/Database(  684): sqlite returned: error code = 0, msg = Recovered 76 frames from WAL file /data/data/com.android.providers.contacts/databases/contacts2.db-wal
V/AudioCache(  325): open(44100, 1, 1, 4)
V/MediaPlayerService(  325): wait for playback complete
D/RPC     (  455): 3000008c:00050000 received CALL.
D/dalvikvm(  643): GC_EXTERNAL_ALLOC freed 26K, 39% free 3417K/5575K, external 5754K/6699K, paused 171ms
D/RPC     (  455): 3000008c:00050000 dispatching RPC call (XID 518, xdr 0x470c18) for callback client 3100008c:00050001.
W/OggExtractor(  325): readNextPacket err -1004
V/AwesomePlayer(  325): MEDIA_PLAYBACK_COMPLETE
V/AudioCache(  325): notify(0x37de8, 2, 0, 0)
V/AudioCache(  325): playback complete - thread will wake up later
V/AwesomePlayer(  325): AwesomePlayer::pause_l::out
V/AudioCache(  325): wait - success
V/MediaPlayerService(  325): return memory @ 0x41642000, sampleRate=44100, channelCount = 1, format = 1
D/StagefrightPlayer(  325): reset
I/AudioPlayer(  325): AudioPlayer::reset() start
W/libloc  (  455): loc_read_sec_gps_conf: no /data/data/com.android.angryGps/secgps.conf file, using defaults
E/libloc  (  455): loc_eng_sec_set_param(): Fail to read sec GPS config!. default config will be set
E/power   (  455): acquire_wake_lock g_error=2 
D/RPC     (  455): 3000008c:00050000 sending call (XID 9).
D/RPC     (  455): 3000008c:00050000 received REPLY (XID 9), grabbing mutex to wake up client.
I/GsmServiceStateTracker(  591): [ACTION_SIM_STATE_CHANGED] -NOT_READY
I/GsmServiceStateTracker(  591): [ACTION_SIM_STATE_CHANGED] -NOT_READY
V/DATA    (  591): [DCT(0) ] onUpdateDataConnections: reason=apnChanged
V/DATA    (  591): [DCT(0) ] ---dc list---
V/DATA    (  591): [DCT(0) ] ---ds list---
V/DATA    (  591): [DCT(0) ] ds= SERVICE_TYPE_DEFAULT, enabled = true, active = v4:IDLE v6:IDLE
V/DATA    (  591): [DCT(0) ] ds= SERVICE_TYPE_MMS, enabled = false, active = v4:IDLE v6:IDLE
V/DATA    (  591): [DCT(0) ] ds= SERVICE_TYPE_SUPL, enabled = false, active = v4:IDLE v6:IDLE
V/DATA    (  591): [DCT(0) ] ds= SERVICE_TYPE_DUN, enabled = false, active = v4:IDLE v6:IDLE
V/DATA    (  591): [DCT(0) ] ds= SERVICE_TYPE_HIPRI, enabled = false, active = v4:IDLE v6:IDLE
D/DATA    (  591): mMasterDataEnabled=true,isUsePacketData=true
I/DATA    (  591): [DCT(0) ] ***** NOT Ready for data :
I/DATA    (  591): [DCT(0) ] 	 getDesiredPowerState() = true
I/DATA    (  591): [DCT(0) ]    mCm.getRadioState() = RADIO_UNAVAILABLE
D/dalvikvm(  584): GC_EXTERNAL_ALLOC freed 39K, 35% free 4597K/7047K, external 0K/0K, paused 141ms
E/power   (  455): release_wake_lock g_error=2 
E/power   (  455): release_wake_lock g_error=2 
D/RPC     (  455): 3100008c:327681 sending RPC reply (XID 518)
I/AudioPlayer(  325): AudioPlayer::reset() complete
D/StagefrightPlayer(  325): reset over
D/StagefrightPlayer(  325): reset
D/StagefrightPlayer(  325): reset over
I/DATA    (  591): [DCT(0) ]    [DataRadioTech = RADIO_TECH_UNKNOWN, data network state = 1, mMasterDataEnabled = true, is Roaming = false, dataOnRoamingEnable = false, isPsRestricted = false, desiredPowerState  = true, mSIMRecords = , cdmaSubSource = 1/, mRuimRecords = , checks = true/true]
V/MediaPlayerService(  325): decode(42, 1737960, 5101)
D/MediaPlayerService(  325): getPlayerType. Ln=984
V/MediaPlayerService(  325): player type = 4
D/MediaPlayerService(  325): createPlayer. type=4
D/MediaPlayerService(  325):  create StagefrightPlayer
D/UnlockScreen(  455): max failed attempt for device disable :0
D/UnlockScreen(  455): isDeviceDisabledForMaxFailedAttempt return :false
I/MediaExtractor(  325): ***************************MediaExtractor::Create() In
I/MediaExtractor(  325): *************************Autodetected media content as 'application/ogg' with confidence 0.60
V/AwesomePlayer(  325): mBitrate = -1 bits/sec
V/MediaPlayerService(  325): prepare
V/AwesomePlayer(  325): prepareAsync_l
V/MediaPlayerService(  325): wait for prepare
D/RPC     (  455): 3000008c:00050000 call success.
V/WallpaperService(  455): attach: com.android.internal.service.wallpaper.ImageWallpaper$DrawableEngine@40944408 wrapper=android.service.wallpaper.WallpaperService$IWallpaperEngineWrapper@40952370
D/WallpaperService(  455): onCreate Engine
E/power   (  455): acquire_wake_lock g_error=2 
V/AwesomePlayer(  325): mime = audio/vorbis
I/OMXCodec(  325): Successfully allocated software codec 'VorbisDecoder'
D/RPC     (  455): 3000008c:00050000 received CALL.
V/AudioCache(  325): notify(0x40ba0, 5, 0, 0)
V/AudioCache(  325): ignored
V/AudioCache(  325): notify(0x40ba0, 1, 0, 0)
V/AudioCache(  325): prepared
V/AudioCache(  325): wait - success
V/MediaPlayerService(  325): start
V/AwesomePlayer(  325): play
V/AwesomePlayer(  325): LPAPlayer::getObjectsAlive() 0
V/AwesomePlayer(  325): Setting Audio source
V/AudioCache(  325): open(44100, 1, 1, 4)
V/MediaPlayerService(  325): wait for playback complete
W/OggExtractor(  325): readNextPacket err -1004
V/AwesomePlayer(  325): MEDIA_PLAYBACK_COMPLETE
V/AudioCache(  325): notify(0x40ba0, 2, 0, 0)
V/AudioCache(  325): playback complete - thread will wake up later
V/AudioCache(  325): wait - success
V/MediaPlayerService(  325): return memory @ 0x41742000, sampleRate=44100, channelCount = 1, format = 1
D/StagefrightPlayer(  325): reset
V/AwesomePlayer(  325): AwesomePlayer::pause_l::out
I/AudioPlayer(  325): AudioPlayer::reset() start
I/AudioPlayer(  325): AudioPlayer::reset() complete
D/StagefrightPlayer(  325): reset over
D/StagefrightPlayer(  325): reset
D/StagefrightPlayer(  325): reset over
V/MediaPlayerService(  325): decode(42, 1727284, 5457)
D/MediaPlayerService(  325): getPlayerType. Ln=984
V/MediaPlayerService(  325): player type = 4
D/MediaPlayerService(  325): createPlayer. type=4
D/MediaPlayerService(  325):  create StagefrightPlayer
I/MediaExtractor(  325): ***************************MediaExtractor::Create() In
I/MediaExtractor(  325): *************************Autodetected media content as 'application/ogg' with confidence 0.60
V/AwesomePlayer(  325): mBitrate = -1 bits/sec
V/MediaPlayerService(  325): prepare
V/AwesomePlayer(  325): prepareAsync_l
V/MediaPlayerService(  325): wait for prepare
D/RPC     (  455): 3000008c:00050000 dispatching RPC call (XID 537, xdr 0x470c18) for callback client 3100008c:00050001.
D/RPC     (  455): 3100008c:327681 sending RPC reply (XID 537)
V/AwesomePlayer(  325): mime = audio/vorbis
I/OMXCodec(  325): Successfully allocated software codec 'VorbisDecoder'
V/AudioCache(  325): notify(0x40ba0, 5, 0, 0)
V/AudioCache(  325): ignored
V/AudioCache(  325): notify(0x40ba0, 1, 0, 0)
V/AudioCache(  325): prepared
V/AudioCache(  325): wait - success
V/MediaPlayerService(  325): start
V/AwesomePlayer(  325): play
V/AwesomePlayer(  325): LPAPlayer::getObjectsAlive() 0
V/AwesomePlayer(  325): Setting Audio source
V/AudioCache(  325): open(44100, 1, 1, 4)
V/MediaPlayerService(  325): wait for playback complete
D/dalvikvm(  643): GC_EXTERNAL_ALLOC freed 8K, 39% free 3423K/5575K, external 7931K/9855K, paused 87ms
D/RPC     (  455): 3000008c:00050000 sending call (XID 10).
