I/ActivityManager(  455): Start proc com.sec.android.app.clockpackage for broadcast com.sec.android.app.clockpackage/.alarm.AlarmReceiver: pid=1297 uid=10098 gids={3003, 1015}
D/DATA    (  591): [DSST(0)] Poll ServiceState done: oldSS=[0 home null null null  UMTS CSS not supported -1 -1RoamInd: -1DefRoamInd: -1EmergOnly: false] newSS=[0 home null null null  UMTS CSS not supported -1 -1RoamInd: -1DefRoamInd: -1EmergOnly: false]
D/dalvikvm(  643): GC_EXTERNAL_ALLOC freed 44K, 36% free 4075K/6343K, external 20966K/20978K, paused 50ms
I/ActivityManager(  455): No longer want com.cooliris.media (pid 951): hidden #21
D/dalvikvm( 1211): GC_CONCURRENT freed 162K, 35% free 4176K/6407K, external 0K/0K, paused 2ms+17ms
I/ActivityThread( 1297): Pub com.sec.android.provider.stri_s1_worldclock: com.sec.android.app.clockpackage.worldclock.common.DataContentProvider
D/SocialHubService( 1120): [SocialHubService] onChange() >> Badge Provider is changed!!
D/Mms/MessagingNotification(  794): setBadgeCount(),count=1
I/ActivityThread( 1297): Pub com.samsung.sec.android.clockpackage: com.sec.android.app.clockpackage.alarm.AlarmProvider
D/AlarmReceiver( 1297): onReceive() : Intent { act=android.intent.action.BOOT_COMPLETED cmp=com.sec.android.app.clockpackage/.alarm.AlarmReceiver }
D/AlarmReceiver( 1297): updateSnoozeAfterBoot called.
D/AlarmReceiver( 1297): updateSnoozeAfterBoot item count ->0, just return.
D/AlarmProvider( 1297): enableNextAlert next alarm : null
D/TAG     ( 1297): mPendingIntent == null am.cancel
D/AlarmReceiver( 1297): onReceive: ACTION_BOOT_COMPLETED, autotime = false
D/AlarmManagerService(  455): Kernel timezone updated to 240 minutes west of GMT
D/AlarmReceiver( 1297): onReceive: ACTION_BOOT_COMPLETED, current = America/New_York
I/ActivityManager(  455): Start proc com.sec.android.app.camera for broadcast com.sec.android.app.camera/.BootCamera: pid=1305 uid=10102 gids={1006, 1015, 1001, 3003}
I/ActivityManager(  455): No longer want com.sec.android.widgetapp.buddiesnow (pid 985): hidden #21
D/dalvikvm(  323): GC_EXPLICIT freed 12K, 43% free 3113K/5379K, external 0K/0K, paused 37ms
D/dalvikvm(  323): GC_EXPLICIT freed <1K, 43% free 3113K/5379K, external 0K/0K, paused 29ms
D/dalvikvm(  323): GC_EXPLICIT freed <1K, 43% free 3113K/5379K, external 0K/0K, paused 21ms
D/dalvikvm(  643): GC_EXTERNAL_ALLOC freed 26K, 36% free 4077K/6343K, external 20966K/21014K, paused 31ms
D/dalvikvm( 1297): GC_CONCURRENT freed 148K, 40% free 3407K/5639K, external 0K/0K, paused 1ms+2ms
D/DATA    (  591): [DSST(0)] pollstate() : reason = data network state changed
I/CameraBoot( 1305): Start Camera application
I/ActivityManager(  455): Start proc com.sec.android.app.callsetting for broadcast com.sec.android.app.callsetting/.allcalls.AutoRejectBootReceiver: pid=1314 uid=1001 gids={3002, 3001, 3003, 1006, 1007, 1015}
I/ActivityManager(  455): No longer want com.dashwire.config (pid 1002): hidden #21
I/Zygote  ( 1314): Zygote: pid 1314 has CALL PRIVILEGED permission, then set capability for CAP_SYS_ADMIN (21)
D/DATA    (  591): [DSST(0)] Poll ServiceState done: oldSS=[0 home null null null  UMTS CSS not supported -1 -1RoamInd: -1DefRoamInd: -1EmergOnly: false] newSS=[0 home null null null  HSPA CSS not supported -1 -1RoamInd: -1DefRoamInd: -1EmergOnly: false]
W/EDM     (  455):  >>> CallingPolicyService.mPhoneListener.new PhoneStateListener() {...}.onServiceStateChanged()
W/EDM     (  455): >>> CallingPolicyService.loadSettings()
W/EDM     (  455): >>> CallingPolicyService.getAdminIdByLastChange()
W/EDM     (  455): >>> CallingPolicyService.getLastChangeId()
W/EDM     (  455): CallingPolicyService.getAdminIdByLastChange() adminId : -1
I/TelephonyRegistry(  455): notifyServiceState: 0 home AT&T AT&T 310410  HSPA CSS not supported -1 -1RoamInd: -1DefRoamInd: -1EmergOnly: false
D/DATA    (  591): mMasterDataEnabled=true,isUsePacketData=true
V/Mms/DownloadManager(  794): Service state changed: Bundle[mParcelledData.dataSize=644]
V/Mms/DownloadManager(  794): roaming ------> false
V/Mms/DownloadManager(  794): auto download without roaming -> true
V/Mms/DownloadManager(  794): auto download during roaming -> true
D/SocialHub( 1120): [BadgeManager] updateBadgeValue() >> Badge Count = 1
V/Mms/DownloadManager(  794): mAutoDownload ------> true
D/FlightSettingButton(  563): EVENT_SERVICE_STATE_CHANGED received
E/FlightSettingButton(  563): updateStatus : 0
I/SML     (  768): V1.1112.5.1 [smlPhoneStatus.java Line:70] [onServiceStateChanged] onServiceStateChanged nNetwork =10
I/SML     (  768): V1.1112.5.1 [smlPhoneStatus.java Line:71] [onServiceStateChanged] onServiceStateChanged bRoming =false
I/ActivityManager(  455): No longer want com.sec.android.app.servicemodeapp (pid 1036): hidden #21
I/ActivityThread( 1314): Pub com.sec.android.app.callsetting.allcalls: com.sec.android.app.callsetting.allcalls.AllCallsProvider
D/DATA    (  591): mMasterDataEnabled=true,isUsePacketData=true
V/AutoRejectBootReceiver( 1314): AutoRejectBootReceiverandroid.intent.action.BOOT_COMPLETED
I/TelephonyRegistry(  455): notifyDataConnection: anyState=2,default/INET,apnTypeState=2,iface=rmnet_sdio0,ip=10.167.86.141,gw=10.167.86.142,isDataConnectivityPossible=true,networkType=10,reason=radioTechnologyChanged
D/DATA    (  591):  notifyDataConnection Pass INET6 >>> Fix me later please!!
D/DATA    (  591): mMasterDataEnabled=true,isUsePacketData=true
I/TelephonyRegistry(  455): notifyDataConnection: anyState=2,mms/INET,apnTypeState=2,iface=rmnet_sdio0,ip=10.167.86.141,gw=10.167.86.142,isDataConnectivityPossible=true,networkType=10,reason=radioTechnologyChanged
D/dalvikvm( 1211): GC_CONCURRENT freed 140K, 33% free 4548K/6727K, external 0K/0K, paused 2ms+4ms
D/DATA    (  591):  notifyDataConnection Pass INET6 >>> Fix me later please!!
D/DATA    (  591): mMasterDataEnabled=true,isUsePacketData=true
V/AutoRejectBootReceiver( 1314): pkg name :com.sec.android.app.callsetting  Cls name : com.sec.android.app.callsetting.allcalls.AutoReject
D/Mms/SmsReceiverService(  794): [end]    handleBootCompleted()
I/TelephonyRegistry(  455): notifyDataConnection: anyState=2,supl/INET,apnTypeState=2,iface=rmnet_sdio0,ip=10.167.86.141,gw=10.167.86.142,isDataConnectivityPossible=true,networkType=10,reason=radioTechnologyChanged
D/DATA    (  591):  notifyDataConnection Pass INET6 >>> Fix me later please!!
D/DATA    (  591): mMasterDataEnabled=true,isUsePacketData=true
I/ActivityManager(  455): No longer want com.vlingo.client.samsung (pid 1055): hidden #21
I/TelephonyRegistry(  455): notifyDataConnection: anyState=2,dun/INET,apnTypeState=0,iface=null,ip=null,gw=null,isDataConnectivityPossible=true,networkType=10,reason=radioTechnologyChanged
D/AudioPlayer:main( 1085): VLG_resume |= -32769 (old=0)
D/AudioPlayer:AudioServer( 1085): VLG_server done waiting
D/AudioPlayer:AudioServer( 1085): VLG_server waiting on queue event
D/DATA    (  591):  notifyDataConnection Pass INET6 >>> Fix me later please!!
D/DATA    (  591): mMasterDataEnabled=true,isUsePacketData=true
D/DATA    (  591):  notifyDataConnection Pass INET6 >>> Fix me later please!!
V/DATA    (  591): [DCT(0) ] onDataCallListChanged:
V/DATA    (  591): [DCT(0) ] ---dc state list---
V/DATA    (  591): [DCT(0) ] DataCallState: { cid: 0, active: 2, type: , apn: pta, address: 10.167.86.141 }
V/DATA    (  591): [DCT(0) ] ---dc list---
V/DATA    (  591): [DCT(0) ] cid = 0, state = DcActiveState, bearerType = IP, ipaddress = 10.167.86.141, gw=10.167.86.142, dns=[172.26.38.1, 172.26.38.2]
D/CscParser(  591): customer_path =/system/csc/customer.xml
D/CscParser(  591): others_path =/system/csc/others.xml
E/CscReceiver(  591): onReceive android.intent.action.BOOT_COMPLETED
I/CscReceiver(  591): handleBootCompleted
D/CscParser(  591): ID_path =/system/SW_Configuration.xml
E/CscParser(  591): fileName + /system/SW_Configuration.xml
I/TelephonyRegistry(  455): notifyDataConnection: anyState=2,hipri/INET,apnTypeState=2,iface=rmnet_sdio0,ip=10.167.86.141,gw=10.167.86.142,isDataConnectivityPossible=true,networkType=10,reason=radioTechnologyChanged
D/CscParser(  591): getInstance fileName =/system/SW_Configuration.xml
D/CscParser(  591): customer_path =/system/csc/customer.xml
D/dalvikvm(  768): GC_CONCURRENT freed 276K, 42% free 3279K/5639K, external 0K/0K, paused 2ms+3ms
D/CscParser(  591): others_path =/system/csc/others.xml
I/System.out(  591): HandDataNode = null
E/CscReceiver(  591): PATH_CSCNAME =CustomerDataSet.CSCName
V/DATA    (  591): [DCT(0) ] onUpdateDataConnections: reason=radioTechnologyChanged
V/DATA    (  591): [DCT(0) ] ---dc list---
I/ActivityManager(  455): Start proc com.android.browser for broadcast com.android.browser/.BrowserMediaChangingReceiver: pid=1323 uid=10103 gids={3003, 1015, 1001}
V/DATA    (  591): [DCT(0) ] cid = 0, state = DcActiveState, bearerType = IP, ipaddress = 10.167.86.141, gw=10.167.86.142, dns=[172.26.38.1, 172.26.38.2]
V/DATA    (  591): [DCT(0) ] ---ds list---
V/DATA    (  591): [DCT(0) ] ds= SERVICE_TYPE_DEFAULT, enabled = true, active = v4:CONNECTED(0) v6:IDLE
V/DATA    (  591): [DCT(0) ] ds= SERVICE_TYPE_MMS, enabled = false, active = v4:CONNECTED(0) v6:IDLE
V/DATA    (  591): [DCT(0) ] ds= SERVICE_TYPE_SUPL, enabled = false, active = v4:CONNECTED(0) v6:IDLE
V/DATA    (  591): [DCT(0) ] ds= SERVICE_TYPE_DUN, enabled = false, active = v4:IDLE v6:IDLE
V/DATA    (  591): [DCT(0) ] ds= SERVICE_TYPE_HIPRI, enabled = false, active = v4:CONNECTED(0) v6:IDLE
D/DATA    (  591): mMasterDataEnabled=true,isUsePacketData=true
I/DATA    (  591): [DCT(0) ] Ready for data : 
I/DATA    (  591): [DCT(0) ]    getDesiredPowerState() = true
I/DATA    (  591): [DCT(0) ]    mCm.getRadioState() = RADIO_ON
I/DATA    (  591): [DCT(0) ]    [DataRadioTech = RADIO_TECH_HSPA, data network state = 0, mMasterDataEnabled = true, is Roaming = false, dataOnRoamingEnable = false, isPsRestricted = false, desiredPowerState  = true, mSIMRecords = true/310410, cdmaSubSource = 1/, mRuimRecords = , checks = true/true]
V/DATA    (  591): [DCT(0) ] trySetupDataCall : ds=SERVICE_TYPE_DEFAULT, ipv=INET6, reason=radioTechnologyChanged
W/DATA    (  591): [DCT(0) ] no working data profile available to establish service type SERVICE_TYPE_DEFAULTon INET6
D/DATA    (  591):  notifyDataConnection Pass INET6 >>> Fix me later please!!
V/AlarmManager(  455): Adding alarm Alarm{40cbc500 type 2 com.google.android.location} at 1
D/CscParser(  591): ID_path =/system/SW_Configuration.xml
D/CscParser(  591): customer_path =/system/csc/customer.xml
E/CscUpdateService(  591): onStart
W/OggExtractor(  325): readNextPacket err -1004
V/AwesomePlayer(  325): MEDIA_PLAYBACK_COMPLETE
V/MediaPlayerService(  325): Client::notify In
V/MediaPlayerService(  325): [2] notify (0x3d020, 2, 0, 0)
V/AudioSink(  325): stop
E/AudioTrack(  325): stop 0x53a18
V/AudioPolicyService(  325): stopOutput() tid 1264
V/AudioPolicyManager(  325): stopOutput() output 1, stream 5, session 5
V/AudioPolicyManager(  325): getNewDevice() selected device 0
V/AudioPolicyManager(  325): setOutputDevice() output 1 device 0 delayMs 0
V/AudioPolicyManager(  325): setOutputDevice() setting same device 0 or null device for output 1
E/AudioTrack(  325): Stop complete
V/AwesomePlayer(  325): AwesomePlayer::pause_l::out
I/AudioService(  455):  AudioFocus  abandonAudioFocus() from android.media.AudioManager@408bdc68
E/CscUpdateService(  591): /system/csc/customer.xml is exists : it has been preconfiged.
D/MotionRecognitionService(  455):   .unregisterCallback : 0, client=com.android.server.NotificationPlayer$1@408490c8
E/CscUpdateService(  591): CSC is already Updated. Do nothing.
D/dalvikvm(  643): GC_EXTERNAL_ALLOC freed 27K, 36% free 4079K/6343K, external 21002K/21014K, paused 80ms
D/dalvikvm(  591): GC_CONCURRENT freed 496K, 37% free 4439K/6983K, external 0K/0K, paused 1ms+22ms
D/dalvikvm(  455): GC_EXPLICIT freed 747K, 41% free 8038K/13575K, external 26240K/34240K, paused 83ms
I/ActivityThread( 1323): Pub browser: com.android.browser.BrowserProvider
E/tosskh  ( 1323): tosskh pluginStateON
I/Database( 1323): sqlite returned: error code = 0, msg = Recovered 12 frames from WAL file /data/data/com.android.browser/databases/webview.db-wal
D/LocationManagerService(  455): passive location requested by UID(10072) com.google.android.apps.maps, 
I/Database( 1323): sqlite returned: error code = 0, msg = Recovered 6 frames from WAL file /data/data/com.android.browser/databases/webviewCache.db-wal
I/BrowserSettings( 1323): Selected search engine: ActivitySearchEngine{android.app.SearchableInfo@40560fc8}
V/BrowserMediaChangingReceiver( 1323): BrowserMediaChangingReceiver : onReceive
V/BrowserMediaChangingReceiver( 1323): onReceive : External memory doesn't exist
I/dalvikvm( 1211): Total arena pages for JIT: 11
E/AlarmManagerService(  455): android_server_AlarmManagerService_set to type=2, 0.000000000
E/AlarmManagerService(  455): android_server_AlarmManagerService_set to type=2, 1824.996000000
V/AlarmManager(  455): Adding alarm Alarm{40953a98 type 2 com.google.android.apps.maps} at 0
V/AlarmManager(  455): sending alarm Alarm{40953a98 type 2 com.google.android.apps.maps}
V/AlarmManager(  455): pending wakeup alarm com.google.android.apps.maps
D/isVlingoAvailable(  794): isInstalled = true, isAccepted = false
E/New Message TTS(  794): ########## Destroy called !!!!! ##########
I/ActivityManager(  455): No longer want com.swype.android.inputmethod (pid 1087): hidden #21
D/dalvikvm(  643): GC_EXTERNAL_ALLOC freed 34K, 36% free 4081K/6343K, external 21002K/21050K, paused 83ms
I/ActivityManager(  455): Start proc com.sec.android.daemonapp.accuweather for broadcast com.sec.android.daemonapp.accuweather/.AccuWeatherDaemonService: pid=1333 uid=10112 gids={3003}
E/AlarmManagerService(  455): android_server_AlarmManagerService_set to type=2, 41.479000000
V/AlarmManager(  455): Adding alarm Alarm{40bd2f88 type 2 com.google.android.apps.maps} at 0
E/AlarmManagerService(  455): android_server_AlarmManagerService_set to type=2, 41.489000000
E/AlarmManagerService(  455): android_server_AlarmManagerService_set to type=2, 41.493000000
V/AlarmManager(  455): Adding alarm Alarm{40a03d38 type 2 com.google.android.apps.maps} at 0
V/AlarmManager(  455): Adding alarm Alarm{409e3068 type 2 com.google.android.apps.maps} at 0
I/ActivityManager(  455): No longer want com.vlingo.client.samsung.engine (pid 1085): hidden #21
E/com.samsung.app( 1333): [MSC_Accu]>>> AccuWeatherDaemonService.java:51 [0:0] Act
E/com.samsung.app( 1333): [MSC_Accu]>>> AccuWeatherDaemonService.java:56 [0:0] Act : android.intent.action.BOOT_COMPLETED
E/com.samsung.app( 1333): [MSC_Accu]>>> AccuWeatherDaemonService.java:60 [0:0] Pakenull
E/com.samsung.app( 1333): [MSC_Accu]>>> AccuWeatherDaemonService.java:70 [0:0] SerStus:1,ASerStus:0,Tmp:0,AtRfr:0
E/com.samsung.app( 1333): [MSC_Accu]>>> AccuWeatherDaemonService.java:414 [0:0] CnclAtRftAl
I/ActivityManager(  455): Start proc com.tecace.tetheringmanager for broadcast com.tecace.tetheringmanager/.TetheringManagerReceiver: pid=1340 uid=10021 gids={}
I/ActivityManager(  455): No longer want com.android.settings (pid 683): hidden #21
I/TetheringManagerService( 1340): Starting Tethering Manager version 2.12.21
V/WifiProgressStore( 1340): WifiProgressStore Created
D/MobileDataStateTracker(  455): default Received state= DISCONNECTED, old= DISCONNECTED, reason= radioTechnologyChanged, apnTypeList= default
V/DATA    (  591): [DCT(0) ] intent received :android.intent.action.ANY_DATA_STATE
D/DATA    (  591): NETWORK_STATE_CHANGED_ACTION : data_call = 49
D/dalvikvm( 1211): GC_CONCURRENT freed 711K, 40% free 4290K/7047K, external 0K/0K, paused 1ms+2ms
E/AlarmManagerService(  455): android_server_AlarmManagerService_set to type=2, 41.493000000
V/AlarmManager(  455): Adding alarm Alarm{4098b868 type 2 com.google.android.apps.maps} at 0
V/DATA    (  591): [DCT(0) ] intent received :android.intent.action.ANY_DATA_STATE
D/DATA    (  591): NETWORK_STATE_CHANGED_ACTION : data_call = 49
I/System.out( 1211): [INFO:2694]: c: Running flush
V/DATA    (  591): [DCT(0) ] intent received :android.intent.action.ANY_DATA_STATE
D/DATA    (  591): NETWORK_STATE_CHANGED_ACTION : data_call = 49
I/ActivityManager(  455): Start proc com.att.featuredapps.handset for broadcast com.att.featuredapps.handset/com.att.featuredapps.widget.PromoWidgetHandset: pid=1349 uid=10008 gids={3003, 1015}
E/AlarmManagerService(  455): android_server_AlarmManagerService_set to type=2, 41.493000000
I/System.out( 1211): [INFO:2746]: c: Sending payload [bytes=291]
V/AlarmManager(  455): Adding alarm Alarm{40cb2480 type 2 com.google.android.apps.maps} at 0
D/dalvikvm(  643): GC_EXTERNAL_ALLOC freed 33K, 36% free 4081K/6343K, external 21038K/21050K, paused 43ms
I/ActivityThread( 1349): Pub com.att.featuredapps.promowidget2: com.att.featuredapps.providers.ApplicationProvider
I/ActivityThread( 1349): Pub com.att.featuredapps.promowidget: com.att.featuredapps.providers.PromotionProvider
D/com.att.featuredapps.PromoApplication( 1349): Download Path: /mnt/sdcard/promo/
I/com.att.featuredapps.PromoApplication( 1349): Locale detected: en-US
I/com.att.featuredapps.PromoApplication( 1349): Found download directory for promotions: /mnt/sdcard/promo, Result =false
I/System.out( 1349): PACKAGE NAME: com.att.featuredapps
D/com.att.featuredapps.widget.BaseWidget( 1349): onEnabled
D/onReceive( 1349): Updating provider: android.appwidget.action.APPWIDGET_ENABLED
D/com.att.featuredapps.widget.BaseWidget( 1349): force layout of welcome image
E/AlarmManagerService(  455): android_server_AlarmManagerService_set to type=2, 41.493000000
V/AlarmManager(  455): Adding alarm Alarm{40968eb0 type 2 com.google.android.apps.maps} at 0
D/onUpdate( 1349): Updating provider: 1
I/System.out( 1211): [SEVERE:2852]: c: AsyncHttpRequestImpl.run(): exception thrown : www.google.com: java.net.UnknownHostException
D/com.att.featuredapps.widget.BaseWidget( 1349): force layout of welcome image
D/onReceive( 1349): Updating provider: android.appwidget.action.APPWIDGET_UPDATE
D/com.att.featuredapps.widget.BaseWidget( 1349): force layout of welcome image
E/AlarmManagerService(  455): android_server_AlarmManagerService_set to type=2, 41.493000000
V/AlarmManager(  455): Adding alarm Alarm{4067d858 type 2 com.google.android.apps.maps} at 0
I/ActivityManager(  455): Start proc com.yellowpages.android.ypmobile for broadcast com.yellowpages.android.ypmobile/.YPWidgetSmallProvider: pid=1359 uid=10011 gids={3003, 1015}
V/AlarmManager(  455): Adding alarm Alarm{40c81958 type 2 com.google.android.apps.maps} at 4
I/ActivityThread( 1359): Pub com.yellowpages.android.ypmobile.instant_rating.InstantRatingProvider: com.yellowpages.android.ypmobile.instant_rating.InstantRatingProvider
I/ActivityThread( 1359): Pub com.yellowpages.android.ypmobile.autocomplete.HistoryProvider: com.yellowpages.android.ypmobile.autocomplete.HistoryProvider
I/ActivityThread( 1359): Pub com.yellowpages.android.ypmobile.autocomplete.AutocompleteProvider: com.yellowpages.android.ypmobile.autocomplete.AutocompleteProvider
D/dalvikvm( 1359): GC_CONCURRENT freed 212K, 40% free 3406K/5639K, external 0K/0K, paused 1ms+1ms
D/com.yellowpages.android.ypmobile.gas.HttpRequest( 1359): Requesting: https://services.opisnet.com/RealtimePriceService/RealtimePriceService.asmx/Authenticate?CustomerToken=NlTUwVyTjXkFUIgEdrgbYQ%3D%3D
I/data migration( 1359): favorites file not found
I/data migration( 1359): history file not found
W/System.err( 1359): java.net.UnknownHostException: services.opisnet.com
W/System.err( 1359): 	at java.net.InetAddress.lookupHostByName(InetAddress.java:506)
W/System.err( 1359): 	at java.net.InetAddress.getAllByNameImpl(InetAddress.java:294)
W/System.err( 1359): 	at java.net.InetAddress.getAllByName(InetAddress.java:256)
W/System.err( 1359): 	at org.apache.http.impl.conn.DefaultClientConnectionOperator.openConnection(DefaultClientConnectionOperator.java:136)
W/System.err( 1359): 	at org.apache.http.impl.conn.AbstractPoolEntry.open(AbstractPoolEntry.java:164)
W/System.err( 1359): 	at org.apache.http.impl.conn.AbstractPooledConnAdapter.open(AbstractPooledConnAdapter.java:119)
W/System.err( 1359): 	at org.apache.http.impl.client.DefaultRequestDirector.execute(DefaultRequestDirector.java:428)
W/System.err( 1359): 	at org.apache.http.impl.client.AbstractHttpClient.execute(AbstractHttpClient.java:555)
W/System.err( 1359): 	at org.apache.http.impl.client.AbstractHttpClient.execute(AbstractHttpClient.java:487)
W/System.err( 1359): 	at org.apache.http.impl.client.AbstractHttpClient.execute(AbstractHttpClient.java:465)
W/System.err( 1359): 	at com.yellowpages.android.ypmobile.util.HttpRequest.execHttpRequest(HttpRequest.java:54)
W/System.err( 1359): 	at com.yellowpages.android.ypmobile.gas.GasStationRequestManager$AuthTokenRequest.run(GasStationRequestManager.java:104)
W/System.err( 1359): 	at java.util.concurrent.ThreadPoolExecutor.runWorker(ThreadPoolExecutor.java:1088)
W/System.err( 1359): 	at java.util.concurrent.ThreadPoolExecutor$Worker.run(ThreadPoolExecutor.java:581)
W/System.err( 1359): 	at java.lang.Thread.run(Thread.java:1019)
W/System.err( 1359): java.net.UnknownHostException: syndication.yellowpages.com
W/System.err( 1359): 	at java.net.InetAddress.lookupHostByName(InetAddress.java:506)
W/System.err( 1359): 	at java.net.InetAddress.getAllByNameImpl(InetAddress.java:294)
W/System.err( 1359): 	at java.net.InetAddress.getAllByName(InetAddress.java:256)
W/System.err( 1359): 	at org.apache.http.impl.conn.DefaultClientConnectionOperator.openConnection(DefaultClientConnectionOperator.java:136)
W/System.err( 1359): 	at org.apache.http.impl.conn.AbstractPoolEntry.open(AbstractPoolEntry.java:164)
W/System.err( 1359): 	at org.apache.http.impl.conn.AbstractPooledConnAdapter.open(AbstractPooledConnAdapter.java:119)
W/System.err( 1359): 	at org.apache.http.impl.client.DefaultRequestDirector.execute(DefaultRequestDirector.java:428)
W/System.err( 1359): 	at org.apache.http.impl.client.AbstractHttpClient.execute(AbstractHttpClient.java:555)
W/System.err( 1359): 	at org.apache.http.impl.client.AbstractHttpClient.execute(AbstractHttpClient.java:487)
W/System.err( 1359): 	at org.apache.http.impl.client.AbstractHttpClient.execute(AbstractHttpClient.java:465)
W/System.err( 1359): 	at com.yellowpages.android.ypmobile.syndication.Syndication.executeHttpPost(Syndication.java:387)
W/System.err( 1359): 	at com.yellowpages.android.ypmobile.syndication.Syndication.requestLogger(Syndication.java:1640)
W/System.err( 1359): 	at com.yellowpages.android.ypmobile.syndication.SyndicationRequest.doInBackground(SyndicationRequest.java:1075)
W/System.err( 1359): 	at com.yellowpages.android.ypmobile.syndication.SyndicationRequest.doInBackground(SyndicationRequest.java:16)
W/System.err( 1359): 	at android.os.AsyncTask$2.call(AsyncTask.java:185)
W/System.err( 1359): 	at java.util.concurrent.FutureTask$Sync.innerRun(FutureTask.java:306)
W/System.err( 1359): 	at java.util.concurrent.FutureTask.run(FutureTask.java:138)
W/System.err( 1359): 	at java.util.concurrent.ThreadPoolExecutor.runWorker(ThreadPoolExecutor.java:1088)
W/System.err( 1359): 	at java.util.concurrent.ThreadPoolExecutor$Worker.run(ThreadPoolExecutor.java:581)
W/System.err( 1359): 	at java.lang.Thread.run(Thread.java:1019)
W/System.err( 1359): java.net.UnknownHostException: syndication.yellowpages.com
W/System.err( 1359): 	at java.net.InetAddress.lookupHostByName(InetAddress.java:506)
W/System.err( 1359): 	at java.net.InetAddress.getAllByNameImpl(InetAddress.java:294)
W/System.err( 1359): 	at java.net.InetAddress.getAllByName(InetAddress.java:256)
W/System.err( 1359): 	at org.apache.http.impl.conn.DefaultClientConnectionOperator.openConnection(DefaultClientConnectionOperator.java:136)
W/System.err( 1359): 	at org.apache.http.impl.conn.AbstractPoolEntry.open(AbstractPoolEntry.java:164)
W/System.err( 1359): 	at org.apache.http.impl.conn.AbstractPooledConnAdapter.open(AbstractPooledConnAdapter.java:119)
W/System.err( 1359): 	at org.apache.http.impl.client.DefaultRequestDirector.execute(DefaultRequestDirector.java:428)
W/System.err( 1359): 	at org.apache.http.impl.client.AbstractHttpClient.execute(AbstractHttpClient.java:555)
W/System.err( 1359): 	at org.apache.http.impl.client.AbstractHttpClient.execute(AbstractHttpClient.java:487)
W/System.err( 1359): 	at org.apache.http.impl.client.AbstractHttpClient.execute(AbstractHttpClient.java:465)
W/System.err( 1359): 	at com.yellowpages.android.ypmobile.syndication.Syndication.executeHttpPost(Syndication.java:387)
W/System.err( 1359): 	at com.yellowpages.android.ypmobile.syndication.Syndication.clickLogger(Syndication.java:1605)
W/System.err( 1359): 	at com.yellowpages.android.ypmobile.syndication.SyndicationRequest.doInBackground(SyndicationRequest.java:1073)
W/System.err( 1359): 	at com.yellowpages.android.ypmobile.syndication.SyndicationRequest.doInBackground(SyndicationRequest.java:16)
W/System.err( 1359): 	at android.os.AsyncTask$2.call(AsyncTask.java:185)
W/System.err( 1359): 	at java.util.concurrent.FutureTask$Sync.innerRun(FutureTask.java:306)
W/System.err( 1359): 	at java.util.concurrent.FutureTask.run(FutureTask.java:138)
W/System.err( 1359): 	at java.util.concurrent.ThreadPoolExecutor.runWorker(ThreadPoolExecutor.java:1088)
W/System.err( 1359): 	at java.util.concurrent.ThreadPoolExecutor$Worker.run(ThreadPoolExecutor.java:581)
W/System.err( 1359): 	at java.lang.Thread.run(Thread.java:1019)
E/com.samsung.app(  927): [MSC_Accu]>>> WeatherWidgetProvider.java:270 [0:0] onEnabled()
E/com.samsung.app(  927): [MSC_Accu]>>> WeatherWidgetProvider.java:354 [0:0] onReceive@ android.appwidget.action.APPWIDGET_ENABLED
E/com.samsung.app(  927): [MSC_Accu]>>> WidgetIdManager.java:53 [0:0] AccuWeatherClockWidgetID_Length
E/com.samsung.app(  927): [MSC_Accu]>>> WidgetIdManager.java:54 [0:0] getPrefIDs@lngth:1
E/com.samsung.app(  927): [MSC_Accu]>>> WidgetIdManager.java:60 [0:0] getPrefIDs@Ids1:4
E/com.samsung.app(  927): [MSC_Accu]>>> WeatherService.java:133 [0:0] SvcStrt
E/com.samsung.app(  927): [MSC_Accu]>>> WeatherWidgetProvider.java:151 [0:0] onUpdate()
E/com.samsung.app(  927): [MSC_Accu]>>> WidgetIdManager.java:67 [0:0] adWdgIds@Id:4
E/com.samsung.app(  927): [MSC_Accu]>>> WidgetIdManager.java:75 [0:0] AccuWeatherClockWidgetIDs1
E/com.samsung.app(  927): [MSC_Accu]>>> WeatherWidgetProvider.java:1853 [0:0] cityId:348735 GMT-4
E/com.samsung.app(  927): [MSC_Accu]>>> WeatherWidgetProvider.java:1418 [0:0] WthrDt:4 2130903110 true
D/dalvikvm(  927): GC_CONCURRENT freed 298K, 42% free 3321K/5639K, external 0K/0K, paused 1ms+11ms
E/com.samsung.app(  927): [MSC_Accu]>>> WeatherWidgetProvider.java:1430 [0:0] mWthrCnt:1
D/dalvikvm(  643): GC_EXTERNAL_ALLOC freed 251K, 36% free 4226K/6535K, external 20616K/21086K, paused 40ms
E/com.samsung.app(  927): [MSC_Accu]>>> WeatherWidgetProvider.java:2075 [0:0] mainLayoutId:6
E/com.samsung.app(  927): [MSC_Accu]>>> WeatherWidgetProvider.java:1536 [0:0] WthrTdyIcnImg:0
E/com.samsung.app(  927): [MSC_Accu]>>> WeatherWidgetProvider.java:1657 [0:0] ApWdgId:4
E/com.samsung.app(  927): [MSC_Accu]>>> WeatherWidgetProvider.java:354 [0:0] onReceive@ android.appwidget.action.APPWIDGET_UPDATE
E/com.samsung.app(  927): [MSC_Accu]>>> WidgetIdManager.java:53 [0:0] AccuWeatherClockWidgetID_Length
E/com.samsung.app(  927): [MSC_Accu]>>> WidgetIdManager.java:54 [0:0] getPrefIDs@lngth:1
E/com.samsung.app(  927): [MSC_Accu]>>> WidgetIdManager.java:60 [0:0] getPrefIDs@Ids1:4
E/com.samsung.app(  927): [MSC_Accu]>>> WeatherService.java:133 [0:0] SvcStrt
I/ActivityManager(  455): Start proc com.google.android.googlequicksearchbox for broadcast com.google.android.googlequicksearchbox/.SearchWidgetProvider: pid=1371 uid=10081 gids={3003}
I/ActivityThread( 1371): Pub com.google.android.googlequicksearchbox.google: com.google.android.googlequicksearchbox.google.GoogleSuggestionProvider
I/ActivityThread( 1371): Pub com.google.android.googlequicksearchbox.shortcuts: com.google.android.googlequicksearchbox.ShortcutsProvider
D/DigitalClock(  972): DigitalClockAppWidget.onEnabled
D/DigitalClock(  972): DigitalClockAppWidget.onUpdate
I/ActivityManager(  455): Start proc com.facebook.katana for broadcast com.facebook.katana/.FacebookWidgetProvider: pid=1380 uid=10119 gids={3003, 1015}
D/dalvikvm(  643): GC_EXTERNAL_ALLOC freed 208K, 35% free 4289K/6535K, external 20424K/20672K, paused 48ms
V/AlarmManager(  455): Adding alarm Alarm{40a58aa0 type 0 com.android.providers.calendar} at 1
I/ActivityManager(  455): No longer want com.sec.android.providers.downloads (pid 1139): hidden #21
I/ActivityThread( 1380): Pub com.facebook.katana.provider.LoggingProvider: com.facebook.katana.provider.LoggingProvider
I/ActivityManager(  455): No longer want com.sec.android.widgetapp.apnews (pid 942): hidden #21
I/ActivityThread( 1380): Pub com.facebook.katana.provider.KeyValueProvider: com.facebook.katana.provider.KeyValueProvider
I/ActivityThread( 1380): Pub com.facebook.katana.provider.ChatHistoryProvider: com.facebook.katana.provider.ChatHistoryProvider
I/ActivityThread( 1380): Pub com.facebook.katana.provider.CacheProvider: com.facebook.katana.provider.CacheProvider
I/ActivityThread( 1380): Pub com.facebook.katana.provider.MailboxProvider: com.facebook.katana.provider.MailboxProvider
I/ActivityThread( 1380): Pub com.facebook.katana.provider.UserStatusesProvider: com.facebook.katana.provider.UserStatusesProvider
I/ActivityThread( 1380): Pub com.facebook.katana.provider.EventsProvider: com.facebook.katana.provider.EventsProvider
I/ActivityThread( 1380): Pub com.facebook.katana.provider.NotificationsProvider: com.facebook.katana.provider.NotificationsProvider
I/ActivityThread( 1380): Pub com.facebook.katana.provider.UserValuesProvider: com.facebook.katana.provider.UserValuesProvider
I/ActivityThread( 1380): Pub com.facebook.katana.provider.PagesProvider: com.facebook.katana.provider.PagesProvider
I/ActivityThread( 1380): Pub com.facebook.katana.provider.PhotosProvider: com.facebook.katana.provider.PhotosProvider
I/ActivityThread( 1380): Pub com.facebook.katana.provider.ConnectionsProvider: com.facebook.katana.provider.ConnectionsProvider
D/ACRA    ( 1380): Retrieve application default SharedPreferences.
D/ACRA    ( 1380): Set OnSharedPreferenceChangeListener.
D/ACRA    ( 1380): ACRA is enabled for com.facebook.katana, intializing...
D/dalvikvm( 1380): GC_CONCURRENT freed 171K, 39% free 3448K/5639K, external 0K/0K, paused 2ms+4ms
D/ACRA    ( 1380): Looking for error files in /data/data/com.facebook.katana/files
D/dalvikvm(  744): GC_EXPLICIT freed 159K, 41% free 3228K/5447K, external 0K/0K, paused 28ms
V/DATA    (  591): [DCT(0) ] intent received :android.intent.action.ANY_DATA_STATE
D/DATA    (  591): NETWORK_STATE_CHANGED_ACTION : data_call = 49
V/DATA    (  591): [DCT(0) ] intent received :android.intent.action.ANY_DATA_STATE
D/DATA    (  591): NETWORK_STATE_CHANGED_ACTION : data_call = 49
I/SML     (  768): V1.1112.5.1 [smlBroadcastReceiver.java Line:74] [onReceive] SML_BROADCAST_SIM_STATE_CHANGE
D/CAT     (  591): StkAppService: 10called on slot:0
D/CAT     (  591): StkAppService$ServiceHandler: Icc Status change received
I/SML     (  768): V1.1112.5.1 [smlBroadcastReceiver.java Line:79] [onReceive] szSIMState [LOADED]
I/SML     (  768): V1.1112.5.1 [AABSyncService.java Line:352] [smlCheckSIMInfo] nSIMState [5]
D/CAT     (  591): StkAppService$ServiceHandler: Icc Refresh Result: SIM_FILE_UPDATE
I/SML     (  768): V1.1112.5.1 [smlDevInfoAdapter.java Line:190] [smldevAdpInitialize] 
D/AudioHardwareMSM8660(  325): AudioStreamOutMSM72xx::standby()
D/AudioHardwareMSM8660(  325): Deroute pcm stream
D/AudioHardwareMSM8660(  325): value of device and enable is 2 0 ALSA dev id:2
I/SML     (  768): V1.1112.5.1 [smlDevInfoAdapter.java Line:53][smldevAdpSetDeviceID] iojVIbutC8Z5TNOsmOarI1lpPzYfYrN78MtNq6Pux5TXLGVVPFa5HZGuBwZRjaQE
I/SML     (  768): V1.1112.5.1 [smlDevInfoAdapter.java Line:87][smldevAdpSetModelName] zSBTB83q9WJlVpDxP/0qQ33SK5HCkRkUzMP+fyhgrdu7z0RDzbWakhvIJ06nVY3J
I/SML     (  768): V1.1112.5.1 [smlDevInfoAdapter.java Line:97][smldevAdpSetModelName] 71DKvdePwbo/Mdtz/Sl0vlVtx7YcRqycZBu+o7mxUnAUmEyds8P76r6oKl80sMeF
I/SML     (  768): V1.1112.5.1 [smlDevInfoAdapter.java Line:155][smldevAdpGetIMSIFromSIM] ux9w7T89JN5GvSfG2jE4jaTeuNXa71BLe1hN7yOE1Bc=
I/SML     (  768): V1.1112.5.1 [smlDb.java Line:679][smlGetPhoneIMSI] RDqb05AdV23QtX8bZumfsBJZk2vKR5wF3jPhZMA5cZg=
I/SML     (  768): V1.1112.5.1 [smlDb.java Line:679][smlGetPhoneIMSI] RDqb05AdV23QtX8bZumfsBJZk2vKR5wF3jPhZMA5cZg=
D/dalvikvm(  643): GC_EXTERNAL_ALLOC freed 236K, 35% free 4347K/6663K, external 22281K/22295K, paused 46ms
I/SML     (  768): V1.1112.5.1 [AABSyncService.java Line:375] [smlCheckSIMInfo] SIM equals!!
E/SetupWizardSkipReceiver( 1269): onReceive android.intent.action.SIM_STATE_CHANGED
D/SetupWizardSkipReceiver( 1269): isFactoryMode :: Serving Network =1 device=359100040877966 imsi=310410477066684
D/SetupWizardSkipReceiver( 1269): imeiBlocked contains 'ON'
D/SetupWizardSkipReceiver( 1269): isFactoryMode() No factory mode
I/SetupWizardSkipReceiver( 1269): isForcedSkipped() before : false
D/Mms/SmsReceiverService(  794): [SMS]Receiver handleMessage : Action =android.intent.action.SIM_STATE_CHANGED
D/Mms/SmsReceiverService(  794): handleSIMStatus()
D/CscParser(  591): customer_path =/system/csc/customer.xml
D/CscParser(  591): others_path =/system/csc/others.xml
E/CscReceiver(  591): onReceive android.intent.action.SIM_STATE_CHANGED
E/CscReceiver(  591): android.intent.action.SIM_STATE_CHANGED handler does not exist
D/DigitalClock(  972): DigitalClockAppWidget.onUpdate
E/com.samsung.app(  927): [MSC_Accu]>>> WeatherWidgetProvider.java:151 [0:0] onUpdate()
E/com.samsung.app(  927): [MSC_Accu]>>> WidgetIdManager.java:67 [0:0] adWdgIds@Id:4
E/com.samsung.app(  927): [MSC_Accu]>>> WidgetIdManager.java:75 [0:0] AccuWeatherClockWidgetIDs1
E/com.samsung.app(  927): [MSC_Accu]>>> WeatherWidgetProvider.java:1853 [0:0] cityId:348735 GMT-4
E/com.samsung.app(  927): [MSC_Accu]>>> WeatherWidgetProvider.java:1418 [0:0] WthrDt:4 2130903110 true
E/com.samsung.app(  927): [MSC_Accu]>>> WeatherWidgetProvider.java:1430 [0:0] mWthrCnt:1
E/com.samsung.app(  927): [MSC_Accu]>>> WeatherWidgetProvider.java:2075 [0:0] mainLayoutId:6
E/com.samsung.app(  927): [MSC_Accu]>>> WeatherWidgetProvider.java:1536 [0:0] WthrTdyIcnImg:0
D/Mms/SmsReceiverService(  794): [SMS]Receiver handleMessage : Action =android.provider.Telephony.GET_SMSC
D/Mms/SmsReceiverService(  794): [SMS]handleSmsServiceCenter+13123149810
E/com.samsung.app(  927): [MSC_Accu]>>> WeatherWidgetProvider.java:1657 [0:0] ApWdgId:4
D/dalvikvm(  643): GC_EXTERNAL_ALLOC freed 206K, 36% free 4319K/6663K, external 22557K/23465K, paused 40ms
E/com.samsung.app(  927): [MSC_Accu]>>> WeatherWidgetProvider.java:354 [0:0] onReceive@ android.appwidget.action.APPWIDGET_UPDATE
E/com.samsung.app(  927): [MSC_Accu]>>> WidgetIdManager.java:53 [0:0] AccuWeatherClockWidgetID_Length
E/com.samsung.app(  927): [MSC_Accu]>>> WidgetIdManager.java:54 [0:0] getPrefIDs@lngth:1
E/com.samsung.app(  927): [MSC_Accu]>>> WidgetIdManager.java:60 [0:0] getPrefIDs@Ids1:4
E/com.samsung.app(  927): [MSC_Accu]>>> WeatherService.java:133 [0:0] SvcStrt
D/dalvikvm(  927): GC_CONCURRENT freed 357K, 42% free 3415K/5831K, external 0K/0K, paused 1ms+2ms
D/AlarmReceiver( 1297): mHandler.postDelayed(new Runnable() {
D/dalvikvm(  455): GC_EXPLICIT freed 1012K, 41% free 8080K/13575K, external 26240K/34240K, paused 107ms
D/onUpdate( 1349): Updating provider: 1
D/com.att.featuredapps.widget.BaseWidget( 1349): force layout of welcome image
D/onReceive( 1349): Updating provider: android.appwidget.action.APPWIDGET_UPDATE
D/com.att.featuredapps.widget.BaseWidget( 1349): force layout of welcome image
V/ManualSelectionReceiver(  591): Niranjana -- onReceive
V/PLMNACTION(  591): mode_before_power_on=  null, csp_before_power_on= false
D/dalvikvm( 1359): GC_CONCURRENT freed 395K, 43% free 3413K/5895K, external 0K/0K, paused 1ms+1ms
E/com.samsung.app(  927): [MSC_Accu]>>> WeatherWidgetProvider.java:354 [0:0] onReceive@ sec.android.intent.action.HOME_PAUSE
E/com.samsung.app(  927): [MSC_Accu]>>> WidgetIdManager.java:53 [0:0] AccuWeatherClockWidgetID_Length
E/com.samsung.app(  927): [MSC_Accu]>>> WidgetIdManager.java:54 [0:0] getPrefIDs@lngth:1
E/com.samsung.app(  927): [MSC_Accu]>>> WidgetIdManager.java:60 [0:0] getPrefIDs@Ids1:4
E/com.samsung.app(  927): [MSC_Accu]>>> WeatherWidgetProvider.java:347 [0:0] refreshhandler is null!!
I/ActivityManager(  455): Start proc com.sec.android.widgetapp.stockclock for broadcast com.sec.android.widgetapp.stockclock/.StockClock_Integration: pid=1390 uid=10039 gids={3003, 1015}
D/dalvikvm(  643): GC_EXTERNAL_ALLOC freed 231K, 36% free 4278K/6663K, external 23182K/23480K, paused 33ms
I/ActivityThread( 1390): Pub com.sec.android.widgetapp.stockclock: com.sec.android.widgetapp.stockclock.db.PublicContentProvider
E/com.samsung.app( 1390): [MSC]>>> StockClock_Integration.java:235 [0:0] onReceive sec.android.intent.action.HOME_PAUSE
E/com.samsung.app( 1390): [MSC]>>> StockClock_Integration.java:241 [0:0] onReceive : no stock widget!!!
I/ActivityManager(  455): Start proc com.sec.android.widgetapp.apnews for broadcast com.sec.android.widgetapp.apnews/.widget.APNewsWidgetNews: pid=1397 uid=10040 gids={3003}
I/ActivityManager(  455): No longer want com.sec.android.app.samsungapps.una2 (pid 1147): hidden #21
I/ActivityThread( 1397): Pub ApNews: com.sec.android.widgetapp.apnews.engine.APNewsProvider
I/ActivityManager(  455): Start proc com.cooliris.media for broadcast com.cooliris.media/.PhotoAppWidgetProvider: pid=1404 uid=10086 gids={1015, 3003, 1001}
I/ActivityManager(  455): No longer want com.sec.android.widgetapp.diotek.smemo (pid 1162): hidden #21
D/dalvikvm(  323): GC_EXPLICIT freed 11K, 43% free 3113K/5379K, external 0K/0K, paused 34ms
D/dalvikvm(  323): GC_EXPLICIT freed <1K, 43% free 3113K/5379K, external 0K/0K, paused 21ms
I/ActivityThread( 1404): Pub com.cooliris.picasa.contentprovider: com.cooliris.picasa.PicasaContentProvider
D/dalvikvm(  323): GC_EXPLICIT freed <1K, 43% free 3113K/5379K, external 0K/0K, paused 22ms
I/Database( 1404): sqlite returned: error code = 0, msg = Recovered 8 frames from WAL file /data/data/com.cooliris.media/databases/picasa.db-wal
I/PhotoAppWidgetProvider( 1404): onReceive
I/PhotoAppWidgetProvider( 1404): PauseSlideShow
D/PhotoAppWidgetProvider( 1404): onReceive End
D/dalvikvm( 1404): GC_CONCURRENT freed 339K, 43% free 3227K/5639K, external 0K/0K, paused 1ms+2ms
I/ActivityManager(  455): No longer want com.android.MtpApplication (pid 1187): hidden #21
D/ContactBroadCastReceiver(  684): onReceive : Broadcast received, Action = [com.samsung.intent.action.PB_SYNC]
D/MakeSimDBService(  684): @@ onCreate!!!
I/System.out(  591): Broadcast completed: result=0
D/Mms/SmsReceiverService(  794): [SMS]Receiver handleMessage : Action =android.provider.Telephony.CB_SETTINGS_AVAILABLE
D/SmsManager(  794): [CB] In getCbConfig of SmsManager.java  
D/SmsManager(  794): [SmsManger- CB] bCBEnabled = false selectedId = 1 msgIdMaxCount = 10 msgIdCount = 0
E/com.samsung.app(  927): [MSC_Accu]>>> WeatherWidgetProvider.java:354 [0:0] onReceive@ com.sec.android.widgetapp.weatherclock.action.APPWIDGET_UPDATE
E/com.samsung.app(  927): [MSC_Accu]>>> WidgetIdManager.java:53 [0:0] AccuWeatherClockWidgetID_Length
E/com.samsung.app(  927): [MSC_Accu]>>> WidgetIdManager.java:54 [0:0] getPrefIDs@lngth:1
E/com.samsung.app(  927): [MSC_Accu]>>> WidgetIdManager.java:60 [0:0] getPrefIDs@Ids1:4
E/com.samsung.app(  927): [MSC_Accu]>>> WeatherWidgetProvider.java:1943 [0:0] mHandler is null!!
E/com.samsung.app(  927): [MSC_Accu]>>> WeatherWidgetProvider.java:347 [0:0] refreshhandler is null!!
E/com.samsung.app(  927): [MSC_Accu]>>> WeatherWidgetProvider.java:469 [0:0] onReceive : com.sec.android.widgetapp.weatherclock.action.APPWIDGET_UPDATE :: 4
D/Mms/ChannelUtils(  794): setCbSettings : cbStatus :false, chSelection = All channels, chCount = 0
E/com.samsung.app(  927): [MSC_Accu]>>> WeatherWidgetProvider.java:1853 [0:0] cityId:348735 GMT-4
E/com.samsung.app(  927): [MSC_Accu]>>> WeatherWidgetProvider.java:1418 [0:0] WthrDt:4 2130903110 false
I/System.out(  794): [CB] c.size = 8
D/SmsManager(  794): [SMSManager] In setCbConfig of SmsManager.java  
D/SmsManager(  794): [SMSManager] cbEnable = false selectId = 1 idCount = 0
D/SmsManager(  794): [SMSManager] langInt0Language = 0
D/SmsManager(  794): [SMSManager] langInt1Language = 1
D/SmsManager(  794): [SMSManager] langInt2Language = 2
D/SmsManager(  794): [SMSManager] langInt3Language = 3
D/SmsManager(  794): [SMSManager] langInt4Language = 4
D/SmsManager(  794): [SMSManager] langInt6Language = 6
D/SmsManager(  794): [SMSManager] langInt7Language = 7
D/SmsManager(  794): [SMSManager] langInt8Language = 8
E/com.samsung.app(  927): [MSC_Accu]>>> WeatherWidgetProvider.java:1430 [0:0] mWthrCnt:1
E/com.samsung.app(  927): [MSC_Accu]>>> WeatherWidgetProvider.java:2075 [0:0] mainLayoutId:6
E/com.samsung.app(  927): [MSC_Accu]>>> WeatherWidgetProvider.java:1536 [0:0] WthrTdyIcnImg:0
D/MakeSimDBService(  684): @@ onStartCommand!!! opCode = 7777
D/MakeSimDBService(  684): @@ onStartCommand!!! flags = 2
D/MakeSimDBService(  684): @@ updateSimDBReady value(after) = 0
D/MakeSimDBService(  684): @@ doCheckSimState simState = 5
D/MakeSimDBService(  684):  @@ doCheckSimState isAirPalneMode = false
D/MakeSimDBService(  684): @@ doCheckSimState: SIM READY opCode = 7777
D/IccProvider(  591): [IccProvider] query
D/IccProvider(  591): [IccProvider] ADN
D/IccProvider(  591): [IccProvider] loadFromEf: efType=28474
E/com.samsung.app(  927): [MSC_Accu]>>> WeatherWidgetProvider.java:1657 [0:0] ApWdgId:4
D/IccProvider(  591): [IccProvider] adnRecords.size=0
D/IccProvider(  591): [IccProvider] loadFromEf: return results
D/MakeSimDBService(  684): @@ doLastAction : settingValue= 0
D/MakeSimDBService(  684): @@ doLastAction : simState = 5 opCode =7777
D/MakeSimDBService(  684): @@ updateSimDBReady value(after) = 1
E/com.samsung.app( 1390): [MSC]>>> StockClock_Integration.java:235 [0:0] onReceive com.sec.android.widgetapp.stockclock.UPDATE
E/com.samsung.app( 1390): [MSC]>>> StockClock_Integration.java:241 [0:0] onReceive : no stock widget!!!
E/com.samsung.app(  927): [MSC_Accu]>>> WeatherWidgetProvider.java:354 [0:0] onReceive@ sec.android.intent.action.HOME_RESUME
E/com.samsung.app(  927): [MSC_Accu]>>> WidgetIdManager.java:53 [0:0] AccuWeatherClockWidgetID_Length
E/com.samsung.app(  927): [MSC_Accu]>>> WidgetIdManager.java:54 [0:0] getPrefIDs@lngth:1
E/com.samsung.app(  927): [MSC_Accu]>>> WidgetIdManager.java:60 [0:0] getPrefIDs@Ids1:4
E/com.samsung.app( 1390): [MSC]>>> StockClock_Integration.java:235 [0:0] onReceive sec.android.intent.action.HOME_RESUME
E/com.samsung.app( 1390): [MSC]>>> StockClock_Integration.java:241 [0:0] onReceive : no stock widget!!!
I/PhotoAppWidgetProvider( 1404): onReceive
I/PhotoAppWidgetProvider( 1404): RestartSlideShow
D/PhotoDatabaseHelper( 1404): getWidgetIdList query count : 0
D/PhotoAppWidgetProvider( 1404): onReceive End
D/DigitalClock(  972): DigitalClockAppWidget.onReceive : ACTION_HOME_RESUME is called!!
D/MakeSimDBService(  684): @@ AdnEditalbe simStatus = 5
D/MakeSimDBService(  684): @@  NOTIFY !!
I/SML     (  768): V1.1112.5.1 [AABSyncService.java Line:74] [onChange] AutosyncSetting false. return
D/Mms/Contact(  794): sContactsObserver.onChange(),selfUpdate=false
I/ActivityManager(  455): Start proc com.sec.android.widgetapp.buddiesnow for broadcast com.sec.android.widgetapp.buddiesnow/.BuddiesWidget: pid=1417 uid=10003 gids={3003, 1015, 3002}
D/MakeSimDBService(  684): @@ onDestory
I/Zygote  ( 1417): Zygote: pid 1417 has CALL PRIVILEGED permission, then set capability for CAP_SYS_ADMIN (21)
D/Launcher.LauncherModel(  643): ApplicationInfo title=Phone page=-1 cell=0
D/Launcher.LauncherModel(  643): ApplicationInfo title=Calendar page=-1 cell=1
I/ActivityManager(  455): Start proc com.sec.android.app.popupuireceiver for broadcast com.sec.android.app.popupuireceiver/.PopupuiReceiver: pid=1425 uid=1000 gids={3003, 1015, 2001, 3002, 3001, 1001, 1006}
D/Buddies--------------------------->( 1417): Service:OnReceive ACTION_HOME_RESUME called
D/Launcher.LauncherModel(  643): ApplicationInfo title=Email page=-1 cell=2
D/Launcher.LauncherModel(  643): ApplicationInfo title=Web page=-1 cell=3
D/Launcher.LauncherModel(  643): ApplicationInfo title=Clock page=0 cell=0
D/Launcher.LauncherModel(  643): ApplicationInfo title=Music Player page=0 cell=1
D/Launcher.LauncherModel(  643): ApplicationInfo title=Camera page=0 cell=2
D/Launcher.LauncherModel(  643): ApplicationInfo title=Maps page=0 cell=3
D/Launcher.LauncherModel(  643): ApplicationInfo title=Gmail page=0 cell=4
D/Launcher.LauncherModel(  643): ApplicationInfo title=Gallery page=0 cell=5
D/Launcher.LauncherModel(  643): ApplicationInfo title=Google Search page=0 cell=6
D/Launcher.LauncherModel(  643): ApplicationInfo title=Market page=0 cell=7
D/Launcher.LauncherModel(  643): ApplicationInfo title=Social Hub page=0 cell=8
D/Launcher.LauncherModel(  643): ApplicationInfo title=Settings page=0 cell=9
D/Launcher.LauncherModel(  643): ApplicationInfo title=My Files page=0 cell=10
D/Launcher.LauncherModel(  643): ApplicationInfo title=Videos page=0 cell=11
D/Launcher.LauncherModel(  643): ApplicationInfo title=AllShare page=0 cell=12
D/Launcher.LauncherModel(  643): ApplicationInfo title=Kies air page=0 cell=13
D/Launcher.LauncherModel(  643): ApplicationInfo title=Talk page=0 cell=14
D/Launcher.LauncherModel(  643): ApplicationInfo title=Latitude page=0 cell=15
D/Launcher.LauncherModel(  643): ApplicationInfo title=Places page=0 cell=16
I/ActivityManager(  455): No longer want com.android.providers.calendar (pid 1175): hidden #21
D/Launcher.LauncherModel(  643): ApplicationInfo title=Navigation page=0 cell=17
D/Launcher.LauncherModel(  643): ApplicationInfo title=Messaging page=0 cell=19
D/Launcher.LauncherModel(  643): ApplicationInfo title=S Memo page=0 cell=20
D/Launcher.LauncherModel(  643): ApplicationInfo title=Mini Diary page=0 cell=21
D/Launcher.LauncherModel(  643): ApplicationInfo title=Voice Recorder page=0 cell=22
D/Launcher.LauncherModel(  643): ApplicationInfo title=Voice talk page=0 cell=23
D/Launcher.LauncherModel(  643): ApplicationInfo title=Voice Search page=0 cell=24
D/Launcher.LauncherModel(  643): ApplicationInfo title=Downloads page=1 cell=0
D/Launcher.LauncherModel(  643): ApplicationInfo title=Calculator page=1 cell=1
D/Launcher.LauncherModel(  643): ApplicationInfo title=News & Weather page=1 cell=2
D/Launcher.LauncherModel(  643): ApplicationInfo title=Task Manager page=1 cell=3
D/Launcher.LauncherModel(  643): ApplicationInfo title=Polaris Office page=1 cell=4
I/Zygote  ( 1425): Zygote: pid 1425 has CALL PRIVILEGED permission, then set capability for CAP_SYS_ADMIN (21)
D/Launcher.LauncherModel(  643): ApplicationInfo title=Crayon physics page=1 cell=5
D/Launcher.LauncherModel(  643): ApplicationInfo title=YouTube page=1 cell=6
D/Launcher.LauncherModel(  643): ApplicationInfo title=YPmobile page=1 cell=7
D/Launcher.LauncherModel(  643): ApplicationInfo title=Music page=1 cell=7
D/Launcher.LauncherModel(  643): ApplicationInfo title=Contacts page=1 cell=7
D/Launcher.LauncherModel(  643): ApplicationInfo title=Superuser page=1 cell=7
D/Launcher.LauncherModel(  643): ApplicationInfo title=AT&T Ready2Go page=1 cell=7
D/Launcher.LauncherModel(  643): ApplicationInfo title=Featured Apps page=1 cell=7
D/Launcher.LauncherModel(  643): ApplicationInfo title=AT&T Navigator page=1 cell=7
D/PopupuiReceiver( 1425): Intent popup :android.intent.action.NITZ_SET_TIME
D/zeroshuttle( 1425): PopupuiReceiver.java: ACTION_NITZ_SET_TIME+ 
D/zeroshuttle( 1425): PopupuiReceiver.java: QUIT_NITZ_ACTION- 
D/Launcher.LauncherModel(  643): ApplicationInfo title=Samsung Apps page=1 cell=7
D/Mms/SmsReceiverService(  794): [SMS]Receiver handleMessage : Action =android.provider.Telephony.CB_SETTINGS_AVAILABLE
D/Launcher.LauncherModel(  643): ApplicationInfo title=Media Hub page=1 cell=7
D/Launcher.LauncherModel(  643): ApplicationInfo title=Books page=1 cell=7
D/Launcher.LauncherModel(  643): ApplicationInfo title=Qik Lite page=1 cell=7
D/Launcher.LauncherModel(  643): ApplicationInfo title=myAT&T page=1 cell=7
D/Launcher.LauncherModel(  643): ApplicationInfo title=Live TV page=1 cell=7
D/Launcher.LauncherModel(  643): ApplicationInfo title=AT&T FamilyMap page=1 cell=7
D/Launcher.LauncherModel(  643): ApplicationInfo title=Messages page=1 cell=7
D/Launcher.LauncherModel(  643): ApplicationInfo title=Amazon Kindle page=1 cell=7
D/Launcher.LauncherModel(  643): ApplicationInfo title=Facebook page=1 cell=7
D/Launcher.LauncherModel(  643): ApplicationInfo title=Movies page=1 cell=7
D/Launcher.LauncherModel(  643): ApplicationInfo title=AT&T Code Scanner page=1 cell=7
D/Launcher.LauncherModel(  643): ApplicationInfo title=aaHaoQi Barnacle Wifi Tether page=1 cell=8
D/Launcher.LauncherModel(  643): ApplicationInfo title=aaDIPLOMAMatrix page=1 cell=9
D/Launcher.LauncherModel(  643): ApplicationInfo title=aaaCameraCloud page=1 cell=10
D/Launcher.LauncherModel(  643): ApplicationsLoader: 1079792688, mApplicationsAdapter: 1080079816, items loaded: 57
D/SmsManager(  794): [CB] In getCbConfig of SmsManager.java  
I/DebugDb (  643): Adater pointer com.sec.android.app.twlauncher.ApplicationsAdapter@4060b5c8 57
I/DebugDb (  643): Dump Adapter 56 com.sec.android.app.twlauncher.ApplicationInfo AT&T Code Scanner -1 1 7 56|-1|-1|-1|-1|0 com.sec.android.app.twlauncher.ApplicationInfo@4057d128
I/DebugDb (  643): Dump Adapter 55 com.sec.android.app.twlauncher.ApplicationInfo Movies -1 1 7 55|-1|-1|-1|-1|0 com.sec.android.app.twlauncher.ApplicationInfo@40687440
I/DebugDb (  643): Dump Adapter 54 com.sec.android.app.twlauncher.ApplicationInfo Facebook -1 1 7 54|-1|-1|-1|-1|0 com.sec.android.app.twlauncher.ApplicationInfo@406872d8
