I/kickstart(  447): INFO: function: tx_data:355 Transmitting 8 bytes
I/kickstart(  447): INFO: function: tx_data:376 Total bytes sent so far: 27692344
I/kickstart(  447): INFO: function: rx_data:395 Entered rx_data. Buffer size (i.e. expected length): 12
I/kickstart(  447): INFO: function: start_sahara_based_transfer:553 SAHARA_WAIT_DONE_RESP recieved with SAHARA_MODE_IMAGE_TX_PENDING=0x00000000
I/kickstart(  447): EVENT: STATE <-- SAHARA_WAIT_DONE_RESP
I/kickstart(  447): INFO: function: start_sahara_based_transfer:556 Still More images to be uploaded, entering Hello wait state
I/kickstart(  447): EVENT: STATE <-- SAHARA_WAIT_HELLO
I/kickstart(  447): INFO: function: rx_data:395 Entered rx_data. Buffer size (i.e. expected length): 48
I/kickstart(  447): EVENT: RECEIVED <-- SAHARA_HELLO
I/kickstart(  447): EVENT: SENDING --> SAHARA_HELLO_RESPONSE
I/kickstart(  447): INFO: function: start_sahara_based_transfer:209 
I/kickstart(  447): 
I/kickstart(  447): sahara_mode                         = 4
I/kickstart(  447): INFO: function: start_sahara_based_transfer:210 
I/kickstart(  447): m_comm->sahara_hello_packet_rx.mode = 0
I/kickstart(  447): INFO: function: start_sahara_based_transfer:211 
I/kickstart(  447): helloRx.mode                        = 0
I/kickstart(  447): INFO: function: tx_data:355 Transmitting 48 bytes
I/kickstart(  447): INFO: function: tx_data:376 Total bytes sent so far: 27692392
I/kickstart(  447): INFO: function: rx_data:395 Entered rx_data. Buffer size (i.e. expected length): 20
I/kickstart(  447): INFO: function: rx_data:470 Expected length changed to 20
I/kickstart(  447): INFO: function: start_sahara_based_transfer:227 STATE <-- SAHARA_WAIT_COMMAND
I/kickstart(  447): EVENT: RECEIVED <-- SAHARA_READ_DATA
I/kickstart(  447): INFO: function: start_sahara_based_transfer:255 
I/kickstart(  447): Requested "/data/qcks/efs2.bin"
I/kickstart(  447): INFO: function: start_sahara_based_transfer:264 Uploading file: /data/qcks/efs2.bin
I/kickstart(  447): INFO: function: start_image_transfer:887 start_image_transfer: 
I/kickstart(  447): INFO: function: tx_data:355 Transmitting 40 bytes
I/kickstart(  447): INFO: function: tx_data:376 Total bytes sent so far: 27692432
I/kickstart(  447): INFO: function: start_image_transfer:927 Calculating throughput for chunk..
I/kickstart(  447): INFO: function: time_throughput_calculate:1207 Throughput = Inf
I/kickstart(  447): INFO: function: rx_data:395 Entered rx_data. Buffer size (i.e. expected length): 20
I/kickstart(  447): INFO: function: rx_data:470 Expected length changed to 20
I/kickstart(  447): INFO: function: start_sahara_based_transfer:227 STATE <-- SAHARA_WAIT_COMMAND
I/kickstart(  447): EVENT: RECEIVED <-- SAHARA_READ_DATA
I/kickstart(  447): INFO: function: start_image_transfer:887 start_image_transfer: 
I/kickstart(  447): INFO: function: tx_data:355 Transmitting 786432 bytes
I/sysproc (  455): System server: entering thread pool.
I/SystemServer(  455): Entropy Service
I/kickstart(  447): INFO: function: tx_data:376 Total bytes sent so far: 28478864
I/kickstart(  447): INFO: function: start_image_transfer:927 Calculating throughput for chunk..
I/kickstart(  447): INFO: function: time_throughput_calculate:1207 Throughput = 170039351.351351
I/kickstart(  447): INFO: function: rx_data:395 Entered rx_data. Buffer size (i.e. expected length): 20
I/kickstart(  447): INFO: function: rx_data:470 Expected length changed to 16
I/kickstart(  447): INFO: function: start_sahara_based_transfer:227 STATE <-- SAHARA_WAIT_COMMAND
I/kickstart(  447): EVENT: RECEIVED <-- SAHARA_END_IMAGE_TX
I/kickstart(  447): INFO: function: is_ack_successful:681 SAHARA_STATUS_SUCCESS
I/kickstart(  447): EVENT: SENDING --> SAHARA_DONE
I/kickstart(  447): INFO: function: tx_data:355 Transmitting 8 bytes
I/kickstart(  447): INFO: function: tx_data:376 Total bytes sent so far: 28478872
I/kickstart(  447): INFO: function: rx_data:395 Entered rx_data. Buffer size (i.e. expected length): 12
I/kickstart(  447): INFO: function: start_sahara_based_transfer:553 SAHARA_WAIT_DONE_RESP recieved with SAHARA_MODE_IMAGE_TX_PENDING=0x00000000
I/kickstart(  447): EVENT: STATE <-- SAHARA_WAIT_DONE_RESP
I/kickstart(  447): INFO: function: start_sahara_based_transfer:556 Still More images to be uploaded, entering Hello wait state
I/kickstart(  447): EVENT: STATE <-- SAHARA_WAIT_HELLO
I/kickstart(  447): INFO: function: rx_data:395 Entered rx_data. Buffer size (i.e. expected length): 48
I/kickstart(  447): EVENT: RECEIVED <-- SAHARA_HELLO
I/kickstart(  447): EVENT: SENDING --> SAHARA_HELLO_RESPONSE
I/kickstart(  447): INFO: function: start_sahara_based_transfer:209 
I/kickstart(  447): 
I/kickstart(  447): sahara_mode                         = 4
I/kickstart(  447): INFO: function: start_sahara_based_transfer:210 
I/kickstart(  447): m_comm->sahara_hello_packet_rx.mode = 1
I/kickstart(  447): INFO: function: start_sahara_based_transfer:211 
I/kickstart(  447): helloRx.mode                        = 1
I/kickstart(  447): INFO: function: tx_data:355 Transmitting 48 bytes
I/kickstart(  447): INFO: function: tx_data:376 Total bytes sent so far: 28478920
I/kickstart(  447): INFO: function: rx_data:395 Entered rx_data. Buffer size (i.e. expected length): 20
I/kickstart(  447): INFO: function: rx_data:470 Expected length changed to 20
I/kickstart(  447): INFO: function: start_sahara_based_transfer:227 STATE <-- SAHARA_WAIT_COMMAND
I/kickstart(  447): EVENT: RECEIVED <-- SAHARA_READ_DATA
I/kickstart(  447): INFO: function: start_sahara_based_transfer:255 
I/kickstart(  447): Requested "/data/qcks/efs3.bin"
I/kickstart(  447): INFO: function: start_sahara_based_transfer:264 Uploading file: /data/qcks/efs3.bin
I/kickstart(  447): INFO: function: start_image_transfer:887 start_image_transfer: 
I/kickstart(  447): INFO: function: tx_data:355 Transmitting 40 bytes
I/kickstart(  447): INFO: function: tx_data:376 Total bytes sent so far: 28478960
I/kickstart(  447): INFO: function: start_image_transfer:927 Calculating throughput for chunk..
I/kickstart(  447): INFO: function: time_throughput_calculate:1207 Throughput = Inf
I/kickstart(  447): INFO: function: rx_data:395 Entered rx_data. Buffer size (i.e. expected length): 20
I/kickstart(  447): INFO: function: rx_data:470 Expected length changed to 20
I/kickstart(  447): INFO: function: start_sahara_based_transfer:227 STATE <-- SAHARA_WAIT_COMMAND
I/kickstart(  447): EVENT: RECEIVED <-- SAHARA_READ_DATA
I/kickstart(  447): INFO: function: start_image_transfer:887 start_image_transfer: 
I/kickstart(  447): INFO: function: tx_data:355 Transmitting 786432 bytes
I/SystemServer(  455): Power Manager
I/SystemServer(  455): Activity Manager
I/kickstart(  447): INFO: function: tx_data:376 Total bytes sent so far: 29265392
I/kickstart(  447): INFO: function: start_image_transfer:927 Calculating throughput for chunk..
I/kickstart(  447): INFO: function: time_throughput_calculate:1207 Throughput = 139810133.333333
I/kickstart(  447): INFO: function: rx_data:395 Entered rx_data. Buffer size (i.e. expected length): 20
I/ActivityManager(  455): Memory class: 128
I/kickstart(  447): INFO: function: rx_data:470 Expected length changed to 16
I/kickstart(  447): INFO: function: start_sahara_based_transfer:227 STATE <-- SAHARA_WAIT_COMMAND
I/kickstart(  447): EVENT: RECEIVED <-- SAHARA_END_IMAGE_TX
I/kickstart(  447): INFO: function: is_ack_successful:681 SAHARA_STATUS_SUCCESS
I/kickstart(  447): EVENT: SENDING --> SAHARA_DONE
I/kickstart(  447): INFO: function: tx_data:355 Transmitting 8 bytes
I/kickstart(  447): INFO: function: tx_data:376 Total bytes sent so far: 29265400
I/kickstart(  447): INFO: function: rx_data:395 Entered rx_data. Buffer size (i.e. expected length): 12
I/kickstart(  447): INFO: function: start_sahara_based_transfer:553 SAHARA_WAIT_DONE_RESP recieved with SAHARA_MODE_IMAGE_TX_PENDING=0x00000000
I/kickstart(  447): EVENT: STATE <-- SAHARA_WAIT_DONE_RESP
I/kickstart(  447): EVENT: 
I/kickstart(  447): 
I/kickstart(  447): Successfully uploaded all images
I/kickstart(  447): INFO: function: start_sahara_based_transfer:564 Calculating overall throughput..
I/kickstart(  447): INFO: function: time_throughput_calculate:1207 Throughput = 81603357.267341
I/kickstart(  337): RetCode = 0
E/kickstart(  337): Sahara transfer completed successfully
D/dalvikvm(  455): GC_CONCURRENT freed 83K, 38% free 3538K/5639K, external 0K/0K, paused 1ms+3ms
I/SystemServer(  455): Telephony Registry
I/SystemServer(  455): Package Manager
I/SystemServer(  455): !@beginofPackageManager
I/installd(  329): new connection
I/Installer(  455): connecting...
D/dalvikvm(  455): GC_CONCURRENT freed 260K, 38% free 3796K/6087K, external 0K/0K, paused 1ms+2ms
D/dalvikvm(  455): GC_CONCURRENT freed 151K, 36% free 4065K/6343K, external 0K/0K, paused 1ms+2ms
D/dalvikvm(  455): GC_CONCURRENT freed 519K, 40% free 4025K/6599K, external 0K/0K, paused 1ms+2ms
D/dalvikvm(  455): GC_CONCURRENT freed 514K, 40% free 4022K/6599K, external 0K/0K, paused 2ms+3ms
W/PackageManager(  455): Library not found: /system/framework/libimmersionjar.jar
D/PackageManager(  455): !@Scanning app dir /system/framework
D/PackageManager(  455): This is not system dir
D/PackageManager(  455): scanPackage : /system/framework/twframework-res.apk
W/PackageParser(  455): /system/framework/twframework-res.apk (at Binary XML file line #2): <manifest> specifies bad package name "touchwiz": must have at least one '.' separator
D/PackageManager(  455): scanPackage : /system/framework/framework-res.apk
E/PackageManager(  455): setPackageList() configFilename:/system/etc/enforcecopyinglibpackages.txt, packageList:[]
D/PackageManager(  455): !@Scanning app dir /system/app
D/PackageManager(  455): This is system dir
D/PackageManager(  455): scanPackage : /system/app/Superuser.apk
D/dalvikvm(  455): GC_CONCURRENT freed 252K, 37% free 4219K/6599K, external 0K/0K, paused 1ms+3ms
D/PackageManager(  455): scanPackage : /system/app/wssyncmlnps.apk
D/PackageManager(  455): scanPackage : /system/app/wssyncmlds.apk
D/PackageManager(  455): scanPackage : /system/app/wssyncmldm.apk
D/PackageManager(  455): scanPackage : /system/app/wssomacp.apk
D/PackageManager(  455): scanPackage : /system/app/widget_service_shared.apk
I/PackageParser(  455): com.dashwire.config.widget: compat added android.permission.WRITE_EXTERNAL_STORAGE android.permission.READ_PHONE_STATE
D/PackageManager(  455): scanPackage : /system/app/talkback.apk
D/PackageManager(  455): scanPackage : /system/app/shutdown.apk
D/PackageManager(  455): scanPackage : /system/app/serviceModeApp.apk
D/PackageManager(  455): scanPackage : /system/app/oem_install_flash_player.apk
D/PackageManager(  455): scanPackage : /system/app/lcdtest.apk
D/PackageManager(  455): scanPackage : /system/app/kieswifi.apk
D/PackageManager(  455): scanPackage : /system/app/dashconfig_v0.6.0_platform.apk
W/PackageParser(  455): Unknown element under <service>: permission at /system/app/dashconfig_v0.6.0_platform.apk Binary XML file line #66
D/PackageManager(  455): scanPackage : /system/app/crayonphysics.apk
D/PackageManager(  455): scanPackage : /system/app/att_featuredapp.apk
D/PackageManager(  455): scanPackage : /system/app/Zinio.apk
D/PackageManager(  455): scanPackage : /system/app/YouTube.apk
D/PackageManager(  455): scanPackage : /system/app/YPMAndroid.apk
D/PackageManager(  455): scanPackage : /system/app/WlanTest.apk
D/PackageManager(  455): scanPackage : /system/app/WindyWeatherWXGA.apk
D/PackageManager(  455): scanPackage : /system/app/WISPr_55_Android22.apk
D/PackageManager(  455): scanPackage : /system/app/VpnServices.apk
D/PackageManager(  455): scanPackage : /system/app/VoiceToGo.apk
D/dalvikvm(  455): GC_CONCURRENT freed 196K, 34% free 4488K/6727K, external 0K/0K, paused 2ms+3ms
W/PackageParser(  455): Unknown element under <manifest>: activity at /system/app/VoiceToGo.apk Binary XML file line #663
D/PackageManager(  455): scanPackage : /system/app/VoiceSearch.apk
D/PackageManager(  455): scanPackage : /system/app/VoiceRecorder.apk
D/PackageManager(  455): scanPackage : /system/app/VideoPlayer.apk
D/PackageManager(  455): scanPackage : /system/app/UserDictionaryProvider.apk
D/PackageManager(  455): scanPackage : /system/app/TwWallpaperChooser.apk
D/PackageManager(  455): scanPackage : /system/app/TtsService.apk
D/PackageManager(  455): scanPackage : /system/app/TouchWizCalculator.apk
W/ResourceType(  455): Failure getting entry for 0x7f0200bd (t=1 e=189) in package 0 (error -75)
D/PackageManager(  455): scanPackage : /system/app/TouchWiz30Launcher.apk
D/PackageManager(  455): scanPackage : /system/app/TetheringManager2.apk
D/PackageManager(  455): scanPackage : /system/app/TelephonyProvider.apk
D/PackageManager(  455): scanPackage : /system/app/Telenav.apk
E/PackageManager(  455): Matched enforcecopyinglibpackages.txt : com.telenav.app.android.cingular
I/PackageManager(  455): Unpacking native libraries for /system/app/Telenav.apk
D/dalvikvm(  455): GC_CONCURRENT freed 253K, 33% free 4760K/7047K, external 0K/0K, paused 2ms+3ms
D/AudioHardwareMSM8660(  325): AudioStreamOutMSM72xx::standby()
D/AudioHardwareMSM8660(  325): Deroute pcm stream
D/AudioHardwareMSM8660(  325): value of device and enable is 2 0 ALSA dev id:2
D/PackageManager(  455): scanPackage : /system/app/TasksProvider.apk
D/PackageManager(  455): scanPackage : /system/app/Talk2.apk
D/PackageManager(  455): scanPackage : /system/app/SystemUI.apk
D/PackageManager(  455): scanPackage : /system/app/SystemInfo.apk
W/PackageParser(  455): Unknown element under <manifest>: permissions at /system/app/SystemInfo.apk Binary XML file line #17
D/PackageManager(  455): scanPackage : /system/app/Swype.apk
D/szipinf (  455): Initializing inflate state
D/PackageManager(  455): scanPackage : /system/app/Street.apk
D/PackageManager(  455): scanPackage : /system/app/Stk.apk
D/PackageManager(  455): scanPackage : /system/app/SocialHubWidget.apk
D/PackageManager(  455): scanPackage : /system/app/SocialHub.apk
D/PackageManager(  455): scanPackage : /system/app/SnsProvider.apk
D/PackageManager(  455): scanPackage : /system/app/SnsImageCache.apk
D/PackageManager(  455): scanPackage : /system/app/SnsDisclaimer.apk
D/PackageManager(  455): scanPackage : /system/app/SnsAccountTw.apk
D/dalvikvm(  455): GC_CONCURRENT freed 203K, 31% free 5060K/7303K, external 0K/0K, paused 2ms+4ms
D/PackageManager(  455): scanPackage : /system/app/SnsAccountLi.apk
D/PackageManager(  455): scanPackage : /system/app/SnsAccountFb.apk
D/PackageManager(  455): scanPackage : /system/app/SmartcardService.apk
D/PackageManager(  455): scanPackage : /system/app/ShareShotService.apk
D/PackageManager(  455): scanPackage : /system/app/ShareApp.apk
D/PackageManager(  455): scanPackage : /system/app/SettingsProvider.apk
D/PackageManager(  455): scanPackage : /system/app/Settings.apk
D/szipinf (  455): Initializing inflate state
D/PackageManager(  455): scanPackage : /system/app/SerialNumberLabelIndicator.apk
D/PackageManager(  455): scanPackage : /system/app/SelfTestMode.apk
D/PackageManager(  455): scanPackage : /system/app/SecurityProvider.apk
D/PackageManager(  455): scanPackage : /system/app/SecPhone.apk
D/PackageManager(  455): scanPackage : /system/app/SecDownloadProvider.apk
D/PackageManager(  455): scanPackage : /system/app/ScreenCaptureService.apk
D/PackageManager(  455): scanPackage : /system/app/ScreenCapture.apk
D/PackageManager(  455): scanPackage : /system/app/SamsungWidget_WeatherClock.apk
W/ResourceType(  455): Failure getting entry for 0x7f020002 (t=1 e=2) in package 0 (error -75)
W/ResourceType(  455): Failure getting entry for 0x7f020097 (t=1 e=151) in package 0 (error -75)
D/PackageManager(  455): scanPackage : /system/app/SamsungWidget_StockClock.apk
W/ResourceType(  455): Failure getting entry for 0x7f0200f7 (t=1 e=247) in package 0 (error -75)
W/ResourceType(  455): Failure getting entry for 0x7f0200be (t=1 e=190) in package 0 (error -75)
D/PackageManager(  455): scanPackage : /system/app/SamsungWidget_ProgramMonitor.apk
D/PackageManager(  455): scanPackage : /system/app/SamsungWidget_News.apk
W/ResourceType(  455): Failure getting entry for 0x7f020002 (t=1 e=2) in package 0 (error -75)
W/ResourceType(  455): Failure getting entry for 0x7f020046 (t=1 e=70) in package 0 (error -75)
D/PackageManager(  455): scanPackage : /system/app/SamsungAppsUNA3.apk
D/dalvikvm(  455): GC_CONCURRENT freed 542K, 35% free 4967K/7559K, external 0K/0K, paused 1ms+3ms
D/PackageManager(  455): scanPackage : /system/app/SamsungApps-signed_1.0.005.apk
D/PackageManager(  455): scanPackage : /system/app/SPlannerAppWidget.apk
W/ResourceType(  455): Failure getting entry for 0x7f020032 (t=1 e=50) in package 0 (error -75)
D/PackageManager(  455): scanPackage : /system/app/SMemoLite.apk
W/PackageParser(  455): No actions in intent filter at /system/app/SMemoLite.apk Binary XML file line #116
D/PackageManager(  455): scanPackage : /system/app/SMemo.apk
W/PackageParser(  455): No actions in intent filter at /system/app/SMemo.apk Binary XML file line #98
W/PackageParser(  455): No actions in intent filter at /system/app/SMemo.apk Binary XML file line #148
W/PackageParser(  455): No actions in intent filter at /system/app/SMemo.apk Binary XML file line #160
W/PackageParser(  455): No actions in intent filter at /system/app/SMemo.apk Binary XML file line #167
D/PackageManager(  455): scanPackage : /system/app/SMTEngine.apk
D/PackageManager(  455): scanPackage : /system/app/SIMPlannerProvider.apk
D/PackageManager(  455): scanPackage : /system/app/SIMPlanner.apk
W/PackageParser(  455): No actions in intent filter at /system/app/SIMPlanner.apk Binary XML file line #215
W/ResourceType(  455): Failure getting entry for 0x7f0a021d (t=9 e=541) in package 0 (error -75)
D/PackageManager(  455): scanPackage : /system/app/QuickView.apk
D/PackageManager(  455): scanPackage : /system/app/Provision.apk
D/PackageManager(  455): scanPackage : /system/app/Protips.apk
D/PackageManager(  455): scanPackage : /system/app/PressReader.apk
D/PackageManager(  455): scanPackage : /system/app/Preconfig.apk
D/PackageManager(  455): scanPackage : /system/app/PopupuiReceiver.apk
D/PackageManager(  455): scanPackage : /system/app/PolarisOfficeXHDPI.apk
D/PackageManager(  455): scanPackage : /system/app/PicoTts.apk
D/PackageManager(  455): scanPackage : /system/app/PhotoWall.apk
D/PackageManager(  455): scanPackage : /system/app/PhotoRetouching.apk
D/PackageManager(  455): scanPackage : /system/app/Phonesky.apk
D/PackageManager(  455): scanPackage : /system/app/Phone_Util.apk
D/PackageManager(  455): scanPackage : /system/app/PhoneErrService.apk
D/PackageManager(  455): scanPackage : /system/app/PhoneCrashNotifier.apk
D/PackageManager(  455): scanPackage : /system/app/Phone.apk
D/dalvikvm(  455): GC_CONCURRENT freed 226K, 32% free 5206K/7559K, external 0K/0K, paused 1ms+4ms
W/PackageParser(  455): Unknown element under <manifest>: uses-library at /system/app/Phone.apk Binary XML file line #23
D/PackageManager(  455): scanPackage : /system/app/Personalization.apk
D/PackageManager(  455): scanPackage : /system/app/PanningTryActually.apk
D/PackageManager(  455): scanPackage : /system/app/PackageInstaller.apk
D/PackageManager(  455): scanPackage : /system/app/PRUI.apk
D/PackageManager(  455): scanPackage : /system/app/PCWClientS.apk
D/PackageManager(  455): scanPackage : /system/app/OceanWeatherWXGA.apk
D/PackageManager(  455): scanPackage : /system/app/Nfc.apk
D/PackageManager(  455): scanPackage : /system/app/NetworkLocation.apk
D/PackageManager(  455): scanPackage : /system/app/MyFiles.apk
W/PackageParser(  455): Unknown element under <manifest>: uses-library at /system/app/MyFiles.apk Binary XML file line #8
D/PackageManager(  455): scanPackage : /system/app/MusicPlayer.apk
W/PackageManager(  455): Skipping provider name com.sec.android.app.myfiles.provider (in package com.sec.android.app.myfiles): name already used by com.sec.android.app.myfiles
D/PackageManager(  455): scanPackage : /system/app/Music2.apk
W/PackageManager(  455): Unable to update from com.android.music to com.google.android.music: old package still exists
D/PackageManager(  455): scanPackage : /system/app/MtpApplication.apk
D/PackageManager(  455): scanPackage : /system/app/MotionsSettings.apk
D/PackageManager(  455): scanPackage : /system/app/MobilePrint.apk
D/PackageManager(  455): scanPackage : /system/app/Mms.apk
W/PackageParser(  455): No actions in intent filter at /system/app/Mms.apk Binary XML file line #559
D/PackageManager(  455): scanPackage : /system/app/MiniDiary.apk
W/PackageParser(  455): Unknown element under <application>: permission at /system/app/MiniDiary.apk Binary XML file line #158
W/PackageParser(  455): Unknown element under <application>: uses-permission at /system/app/MiniDiary.apk Binary XML file line #159
D/PackageManager(  455): scanPackage : /system/app/MediaUploader.apk
D/PackageManager(  455): scanPackage : /system/app/MediaProvider.apk
D/PackageManager(  455): scanPackage : /system/app/MediaHub.apk
D/dalvikvm(  455): GC_CONCURRENT freed 238K, 30% free 5479K/7815K, external 0K/0K, paused 1ms+5ms
D/PackageManager(  455): scanPackage : /system/app/MarketUpdater.apk
D/PackageManager(  455): scanPackage : /system/app/Maps.apk
D/szipinf (  455): Initializing inflate state
D/PackageManager(  455): scanPackage : /system/app/LogsProvider.apk
D/PackageManager(  455): scanPackage : /system/app/LiveWallpapersPicker.apk
D/PackageManager(  455): scanPackage : /system/app/LiveWallpapers.apk
D/PackageManager(  455): scanPackage : /system/app/LatinIME.apk
D/PackageManager(  455): scanPackage : /system/app/Kobo.apk
D/PackageManager(  455): scanPackage : /system/app/KiesAir.apk
D/PackageManager(  455): scanPackage : /system/app/Kies.apk
D/PackageManager(  455): scanPackage : /system/app/JobManager.apk
W/PackageParser(  455): Unknown element under <application>: uses-sdk at /system/app/JobManager.apk Binary XML file line #119
D/PackageManager(  455): scanPackage : /system/app/InputEventApp.apk
D/PackageManager(  455): scanPackage : /system/app/INDI_Server.apk
D/PackageManager(  455): scanPackage : /system/app/HelvNeueLT.apk
I/PackageParser(  455): com.monotype.android.font.helvneuelt: compat added android.permission.WRITE_EXTERNAL_STORAGE android.permission.READ_PHONE_STATE
D/PackageManager(  455): scanPackage : /system/app/HTMLViewer.apk
D/PackageManager(  455): scanPackage : /system/app/GoogleServicesFramework.apk
D/dalvikvm(  455): GC_CONCURRENT freed 234K, 29% free 5809K/8135K, external 0K/0K, paused 1ms+3ms
D/PackageManager(  455): scanPackage : /system/app/GoogleQuickSearchBox.apk
D/PackageManager(  455): scanPackage : /system/app/GooglePartnerSetup.apk
D/PackageManager(  455): scanPackage : /system/app/GoogleFeedback.apk
D/PackageManager(  455): scanPackage : /system/app/GoogleContactsSyncAdapter.apk
D/PackageManager(  455): scanPackage : /system/app/GoogleCalendarSyncAdapter.apk
D/PackageManager(  455): scanPackage : /system/app/GoogleBackupTransport.apk
D/PackageManager(  455): scanPackage : /system/app/Gmail.apk
D/PackageManager(  455): scanPackage : /system/app/GenieWidget.apk
D/PackageManager(  455): scanPackage : /system/app/Gallery3D.apk
W/PackageParser(  455): No actions in intent filter at /system/app/Gallery3D.apk Binary XML file line #200
W/PackageParser(  455): Unknown element under <manifest>: uses-library at /system/app/Gallery3D.apk Binary XML file line #284
D/PackageManager(  455): scanPackage : /system/app/FactoryTest.apk
D/PackageManager(  455): scanPackage : /system/app/FTS.apk
D/PackageManager(  455): scanPackage : /system/app/FTM.apk
D/PackageManager(  455): scanPackage : /system/app/FTC.apk
D/PackageManager(  455): scanPackage : /system/app/Encrypt.apk
D/PackageManager(  455): scanPackage : /system/app/EmailWidget.apk
D/PackageManager(  455): scanPackage : /system/app/Email.apk
W/PackageParser(  455): Unknown element under <application>: permission at /system/app/Email.apk Binary XML file line #991
W/PackageParser(  455): Unknown element under <application>: uses-permission at /system/app/Email.apk Binary XML file line #992
D/PackageManager(  455): scanPackage : /system/app/EdmVpnServices.apk
D/PackageManager(  455): scanPackage : /system/app/DualClockProvider.apk
D/PackageManager(  455): scanPackage : /system/app/DualClock.apk
W/ResourceType(  455): Failure getting entry for 0x7f020027 (t=1 e=39) in package 0 (error -75)
D/PackageManager(  455): scanPackage : /system/app/DrmUA.apk
D/PackageManager(  455): scanPackage : /system/app/DrmProvider.apk
D/PackageManager(  455): scanPackage : /system/app/DownloadProviderUi.apk
D/PackageManager(  455): scanPackage : /system/app/DownloadProvider.apk
D/PackageManager(  455): scanPackage : /system/app/Dlna.apk
D/PackageManager(  455): scanPackage : /system/app/Divx.apk
D/PackageManager(  455): scanPackage : /system/app/DigitalClock.apk
D/dalvikvm(  455): GC_CONCURRENT freed 250K, 28% free 6194K/8519K, external 0K/0K, paused 1ms+8ms
D/PackageManager(  455): scanPackage : /system/app/DefaultContainerService.apk
D/PackageManager(  455): scanPackage : /system/app/Days.apk
D/PackageManager(  455): scanPackage : /system/app/DataCreate.apk
D/PackageManager(  455): scanPackage : /system/app/DSMLawmo.apk
D/PackageManager(  455): scanPackage : /system/app/DSMForwarding.apk
D/PackageManager(  455): scanPackage : /system/app/CoolEUKor.apk
I/PackageParser(  455): com.monotype.android.font.cooljazz: compat added android.permission.WRITE_EXTERNAL_STORAGE android.permission.READ_PHONE_STATE
D/PackageManager(  455): scanPackage : /system/app/ContactsProvider.apk
D/PackageManager(  455): scanPackage : /system/app/Contacts.apk
W/PackageParser(  455): Problem in package /system/app/Contacts.apk:
W/PackageParser(  455): Unknown element under <activity>: action at /system/app/Contacts.apk Binary XML file line #810
D/PackageManager(  455): scanPackage : /system/app/ClockPackage.apk
W/ResourceType(  455): Failure getting entry for 0x7f020166 (t=1 e=358) in package 0 (error -75)
D/PackageManager(  455): scanPackage : /system/app/CityID-release.apk
D/PackageManager(  455): scanPackage : /system/app/ChocoEUKor.apk
I/PackageParser(  455): com.monotype.android.font.chococooky: compat added android.permission.WRITE_EXTERNAL_STORAGE android.permission.READ_PHONE_STATE
D/PackageManager(  455): scanPackage : /system/app/CertInstaller.apk
D/PackageManager(  455): scanPackage : /system/app/Camera.apk
W/PackageParser(  455): No actions in intent filter at /system/app/Camera.apk Binary XML file line #96
D/PackageManager(  455): scanPackage : /system/app/CallSetting.apk
D/PackageManager(  455): scanPackage : /system/app/CSC.apk
D/PackageManager(  455): scanPackage : /system/app/BuddiesNow.apk
D/PackageManager(  455): scanPackage : /system/app/Browser.apk
W/PackageParser(  455): No actions in intent filter at /system/app/Browser.apk Binary XML file line #207
D/PackageManager(  455): scanPackage : /system/app/BrcmBluetoothServices.apk
D/PackageManager(  455): scanPackage : /system/app/BooksPhone.apk
D/PackageManager(  455): scanPackage : /system/app/BluetoothTestMode.apk
D/PackageManager(  455): scanPackage : /system/app/BluetoothPbap.apk
W/PackageParser(  455): No actions in intent filter at /system/app/BluetoothPbap.apk Binary XML file line #34
D/PackageManager(  455): scanPackage : /system/app/BluetoothOpp.apk
D/PackageManager(  455): scanPackage : /system/app/BluetoothAvrcp.apk
D/PackageManager(  455): scanPackage : /system/app/Bluesea.apk
D/PackageManager(  455): scanPackage : /system/app/BadgeProvider.apk
D/PackageManager(  455): scanPackage : /system/app/AxT9IME.apk
D/PackageManager(  455): scanPackage : /system/app/Aurora.apk
D/PackageManager(  455): scanPackage : /system/app/ApplicationsProvider.apk
D/PackageManager(  455): scanPackage : /system/app/AnalogClockProvider.apk
W/ResourceType(  455): Failure getting entry for 0x7f020000 (t=1 e=0) in package 0 (error -75)
D/PackageManager(  455): scanPackage : /system/app/AnalogClock.apk
W/ResourceType(  455): Failure getting entry for 0x7f020006 (t=1 e=6) in package 0 (error -75)
D/PackageManager(  455): scanPackage : /system/app/AccuWeatherDaemonService.apk
D/PackageManager(  455): scanPackage : /system/app/AccountAndSyncSettings.apk
D/PackageManager(  455): scanDir : phoneSetupWizard=null
D/PackageManager(  455): scanDir : googleSetupWizard=null
D/PackageManager(  455): !@Scanning app dir /vendor/app
D/PackageManager(  455): This is not system dir
D/PackageManager(  455): No files in app dir /vendor/app
D/PackageManager(  455): !@Scanning app dir /data/app
D/PackageManager(  455): This is not system dir
D/PackageManager(  455): scanPackage : /data/app/edu.mit.csail.diplomamatrix-2.apk
D/PackageManager(  455): scanPackage : /data/app/edu.mit.haoqili.camera_cloud-1.apk
D/PackageManager(  455): scanPackage : /data/app/net.szym.barnacle-1.apk
D/PackageManager(  455): scanPackage : /data/app/qik-preload-1.30-release-lite.apk
D/PackageManager(  455): scanPackage : /data/app/myATTVPL_SA_v4_aligned.apk
I/PackageParser(  455): com.att.myWireless: compat added android.permission.WRITE_EXTERNAL_STORAGE android.permission.READ_PHONE_STATE
D/PackageManager(  455): scanPackage : /data/app/com.mobitv.client.tv.apk
D/PackageManager(  455): scanPackage : /data/app/androidlauncher_Generic_android2.1-72x72_build_1_2D2011_06_15t17_52.apk
D/PackageManager(  455): scanPackage : /data/app/Messages_VPL_1.0.0.1.apk
D/PackageManager(  455): scanPackage : /data/app/Kindle-OEM-0.9.6-STUB.apk
D/PackageManager(  455): scanPackage : /data/app/FBAndroid.apk
D/dalvikvm(  455): GC_CONCURRENT freed 410K, 28% free 6588K/9031K, external 0K/0K, paused 1ms+4ms
D/PackageManager(  455): scanPackage : /data/app/AndroidMoviesClub_att_vpl_1.0.0.0004.apk
D/PackageManager(  455): scanPackage : /data/app/ATT_code_scanner_vpl_1.2_aligned.apk
I/PackageParser(  455): com.mtag.att.codescanner: compat added android.permission.WRITE_EXTERNAL_STORAGE android.permission.READ_PHONE_STATE
D/PackageManager(  455): !@Scanning app dir /data/app-private
D/PackageManager(  455): This is not system dir
I/PackageManager(  455): Time to scan packages: 5.993 seconds
W/PackageManager(  455): Removing dangling permission: android.permission.KT_CONTENTS from package null
W/PackageManager(  455): Removing dangling permission: android.permission.KT_DBS from package null
W/PackageManager(  455): Unknown permission android.permission.ACCESS_ASSISTED_GPS in package com.yellowpages.android.ypmobile
W/PackageManager(  455): Unknown permission com.sec.android.app.snsaccount.permission.READ_SNSACCOUNTDB in package com.android.contacts
W/PackageManager(  455): Unknown permission android.permission.ADD_SYSTEM_SERVICE in package com.android.phone
W/PackageManager(  455): Not granting permission android.permission.DEVICE_POWER to package com.android.calendar (protectionLevel=2 flags=0x8be45)
W/PackageManager(  455): Unknown permission com.seven.Z7.permission.ACCESS_PROVIDER in package com.sec.android.socialhub
W/PackageManager(  455): Unknown permission com.seven.Z7.permission.ACCESS_EVENTS in package com.sec.android.socialhub
W/PackageManager(  455): Unknown permission android.permission.READ_EXTERNAL_STORAGE in package com.sec.android.socialhub
W/PackageManager(  455): Unknown permission android.permission.READ_OWNER_DATA in package com.sec.android.app.FileTransferClient
W/PackageManager(  455): Unknown permission android.permission.ACCESS_WIMAX_STATE in package com.android.settings
W/PackageManager(  455): Unknown permission android.permission.CHANGE_WIMAX_STATE in package com.android.settings
W/PackageManager(  455): Unknown permission com.sec.android.app.twlauncher.WRITE_SETTINGS in package com.dashwire.config
W/PackageManager(  455): Unknown permission android.permission.ACCESS_GPS in package com.telenav.app.android.cingular
W/PackageManager(  455): Unknown permission android.permission.ACCESS_LOCATION in package com.telenav.app.android.cingular
W/PackageManager(  455): Not granting permission android.permission.ACCOUNT_MANAGER to package com.google.android.music (protectionLevel=2 flags=0x8be65)
W/PackageManager(  455): Unknown permission android.webkit.permission.PLUGIN in package com.adobe.flashplayer
W/PackageManager(  455): Not granting permission android.permission.ACCESS_SURFACE_FLINGER to package com.arcsoft.quickview (protectionLevel=2 flags=0x8be45)
W/PackageManager(  455): Unknown permission android.permission.READ_OWNER_DATA in package com.android.email
W/PackageManager(  455): Not granting permission android.permission.BIND_DEVICE_ADMIN to package com.android.email (protectionLevel=2 flags=0x8be45)
W/PackageManager(  455): Unknown permission com.seven.Z7.permission.ACCESS_PROVIDER in package com.android.email
W/PackageManager(  455): Unknown permission com.seven.Z7.permission.ACCESS_EVENTS in package com.android.email
W/PackageManager(  455): Not granting permission android.permission.ACCOUNT_MANAGER to package com.android.email (protectionLevel=2 flags=0x8be45)
W/PackageManager(  455): Not granting permission android.permission.CLEAR_APP_USER_DATA to package com.android.email (protectionLevel=2 flags=0x8be45)
W/PackageManager(  455): Unknown permission com.android.providers.im.permission.READ_ONLY in package com.google.android.apps.maps
W/PackageManager(  455): Unknown permission android.permission.ACCESS_WIMAX_STATE in package com.sdgtl.mediahub.dla.att
W/PackageManager(  455): Unknown permission android.permission.RAISED_THREAD_PRIORITY in package com.kobobooks.samsung.android
W/PackageManager(  455): Unknown permission com.samsung.android.permission.READ_MEMO in package com.wssnps
W/PackageManager(  455): Unknown permission com.samsung.android.permission.WRITE_MEMO in package com.wssnps
W/PackageManager(  455): Unknown permission android.permission.READ_MMS in package com.wssnps
W/PackageManager(  455): Unknown permission android.permission.WRITE_MMS in package com.wssnps
W/PackageManager(  455): Unknown permission com.android.email.service.BROADCAST_DETECT in package com.wssnps
W/PackageManager(  455): Unknown permission com.sec.android.app.fm.BROADCAST_DETECT in package com.wssnps
W/PackageManager(  455): Unknown permission com.sec.mms.action.MMS_BNR in package com.wssnps
W/PackageManager(  455): Unknown permission com.sec.android.app.minidiary.service.BROADCAST_DETECT in package com.wssnps
W/PackageManager(  455): Unknown permission android.permission.READ_EXTERNAL_STORAGE in package com.sec.android.app.calculator
W/PackageManager(  455): Unknown permission android.permission.CALL in package com.sec.android.app.factorytest
W/PackageManager(  455): Unknown permission com.android.vending.permission.UPDATE_MARKET_FAILURE in package com.android.vending.updater
W/PackageManager(  455): Unknown permission android.permission.READ_EXTERNAL_STORAGE in package com.sec.android.app.popupuireceiver
W/PackageManager(  455): Unknown permission android.permission.RECEIVE_SHUTDOWN in package com.sec.android.app.popupuireceiver
W/PackageManager(  455): Unknown permission android.permission.SCREEN in package com.sec.android.app.popupuireceiver
W/PackageManager(  455): Unknown permission com.google.android.apps.googlevoice.permission.AUTO_SEND in package com.google.android.voicesearch
W/PackageManager(  455): Unknown permission android.permission.READ_EXTERNAL_STORAGE in package com.sec.android.app.callsetting
W/PackageManager(  455): Unknown permission android.permission.READ_EXTERNAL_STORAGE in package com.sec.android.app.camera
W/PackageManager(  455): Unknown permission android.permission.WRITE_OWNER_DATA in package com.infraware.polarisoffice
W/PackageManager(  455): Unknown permission android.permission.READ_OWNER_DATA in package com.infraware.polarisoffice
W/PackageManager(  455): Unknown permission com.google.android.providers.gmail.permission.READ_GMAIL in package com.infraware.polarisoffice
W/PackageManager(  455): Not granting permission com.google.android.gm.permission.READ_GMAIL to package com.infraware.polarisoffice (protectionLevel=2 flags=0xbe45)
W/PackageManager(  455): Unknown permission com.google.android.gm.permission.READ_ATTACHMENT_PREVIEW in package com.infraware.polarisoffice
W/PackageManager(  455): Unknown permission android.permission.APPWIDGET_LIST in package com.sec.android.app.twlauncher
W/PackageManager(  455): Unknown permission android.permission.BOOT_COMPLETED in package com.sec.dsm.phone
W/PackageManager(  455): Unknown permission android.permission.READ_GMAIL in package com.cooliris.media
W/PackageManager(  455): Not granting permission com.google.android.gm.permission.READ_GMAIL to package com.cooliris.media (protectionLevel=2 flags=0x8b845)
W/PackageManager(  455): Unknown permission com.samsung.android.twlauncher.permission.WRITE_SETTINGS in package com.sec.android.app.myfiles
W/PackageManager(  455): Unknown permission com.samsung.android.twlauncher.permission.READ_SETTINGS in package com.sec.android.app.myfiles
W/PackageManager(  455): Not granting permission android.permission.ACCESS_DRM to package com.sec.android.app.myfiles (protectionLevel=2 flags=0x8be45)
W/PackageManager(  455): Unknown permission com.samsung.sec.android.email.permission.READ_ATTACHMENT in package com.sec.android.app.myfiles
W/PackageManager(  455): Unknown permission android.permission.READ_OWNER_DATA in package com.sec.android.app.FileTransferManager
W/PackageManager(  455): Unknown permission android.permission.READ_OWNER_DATA in package com.sec.android.app.FileTransferServer
W/PackageManager(  455): Not granting permission com.google.android.gm.permission.READ_GMAIL to package com.google.android.apps.uploader (protectionLevel=2 flags=0xbe45)
W/PackageManager(  455): Not granting permission android.permission.DELETE_PACKAGES to package com.att.myWireless (protectionLevel=3 flags=0x8444)
W/PackageManager(  455): Unknown permission android.permission.READ_EXTERNAL_STORAGE in package com.android.vending
W/PackageManager(  455): Not granting permission android.permission.SEND_DOWNLOAD_COMPLETED_INTENTS to package com.android.vending (protectionLevel=2 flags=0xabe45)
W/PackageManager(  455): Not granting permission android.permission.INSTALL_PACKAGES to package com.mspot.android.moviesClub.att (protectionLevel=3 flags=0x8444)
W/PackageManager(  455): Not granting permission android.permission.DELETE_PACKAGES to package com.mspot.android.moviesClub.att (protectionLevel=3 flags=0x8444)
W/PackageManager(  455): Unknown permission android.permission.READ_EXTERNAL_STORAGE in package com.sec.android.app.clockpackage
W/PackageManager(  455): Unknown permission android.permission.RECEIVE_SHUTDOWN in package com.sec.android.app.clockpackage
W/PackageManager(  455): Unknown permission android.permission.SCREEN in package com.sec.android.app.clockpackage
W/PackageManager(  455): Unknown permission android.permission.RECEIVE_BOOT_COMPLETE in package com.samsung.sec.android.application.csc
W/PackageManager(  455): Unknown permission android.permission.READ_DIARY in package com.sec.android.widgetapp.days
W/PackageManager(  455): Unknown permission com.sec.android.permission.READ_TASK in package com.sec.android.widgetapp.days
W/PackageManager(  455): Unknown permission com.samsung.android.permission.READ_MEMO in package com.sec.android.widgetapp.days
W/PackageManager(  455): Unknown permission com.google.android.providers.gmail.permission.READ_GMAIL in package com.sec.android.app.videoplayer
W/PackageManager(  455): Unknown permission android.permission.WRTIE_INTERNAL_STORAGE in package com.sec.android.app.videoplayer
W/PackageManager(  455): Unknown permission android.permission.ACCESS_GPS in package com.sec.android.widgetapp.diotek.smemo
W/PackageManager(  455): Unknown permission android.permission.DELETE_SMS in package com.wsomacp
W/PackageManager(  455): Unknown permission android.permission.SECRET_CODE in package com.wsomacp
W/PackageManager(  455): Unknown permission android.permission.BOOT_COMPLETED in package com.sec.dsm.system
W/PackageManager(  455): Unknown permission android.permission.SCREEN in package com.sec.dsm.system
W/PackageManager(  455): Unknown permission android.permission.READ_EXTERNAL_STORAGE in package com.sec.android.app.voicerecorder
W/PackageManager(  455): Unknown permission com.samsung.android.permission.READ_MEMO in package com.android.samsungtest.DataCreate
W/PackageManager(  455): Unknown permission com.samsung.android.permission.WRITE_MEMO in package com.android.samsungtest.DataCreate
W/PackageManager(  455): Unknown permission android.permission.WRITE_OWNER_DATA in package android.samsung.SystemInfo
W/PackageManager(  455): Unknown permission android.permission.READ_OWNER_DATA in package android.samsung.SystemInfo
D/dalvikvm(  455): GC_EXPLICIT freed 796K, 31% free 6515K/9351K, external 0K/0K, paused 75ms
I/SystemServer(  455): !@endofPackageManager
I/SystemServer(  455): Account Manager
I/SystemServer(  455): Content Manager
I/ActivityThread(  455): Pub settings: com.android.providers.settings.SettingsProvider
I/SystemServer(  455): System Content Providers
I/ActivityThread(  455): Pub com.android.security: com.android.providers.security.SecurityPoliciesProvider
D/SecurityPoliciesProvider(  455): Static initialization
D/SettingsProvider(  455): cache for settings table 'secure' rows=43; fullycached=true
I/SystemServer(  455): Battery Service
D/SettingsProvider(  455): cache for settings table 'system' rows=161; fullycached=true
D/BatteryService(  455): update start
D/BatteryService(  455): updateBattery level:66 scale:100 status:2 health:2 present:true voltage: 3873 temperature: 232 technology: Li-ion AC powered:false USB powered:true icon:17302237
I/SystemServer(  455): Lights Service
I/SystemServer(  455): Vibrator Service
V/VibratorService(  455): openDevice will be called. retry:0
D/dalvikvm(  455): No JNI_OnLoad found in /system/lib/libImmVibeJ.so 0x0, skipping init
I/ImmVibe (  455): JOEM_IMMVIBE: Version 3.4.55.5.
I/ImmVibe (  455): 
V/VibratorService(  455): openDevice mDevHandle : 805306369
E/AlarmManagerService(  455): android_server_AlarmManagerService_set to type=1, 1333926180.000000000
D/PowerManagerService(  455): setScreenOffTimeouts mKeylightDelay=6000 mDimDelay=587000 mScreenOffDelay=7000 mDimScreen=true
D/PowerManagerService(  455): setScreenOffTimeouts mKeylightDelay=6000 mDimDelay=587000 mScreenOffDelay=7000 mDimScreen=true
I/SystemServer(  455): Alarm Manager
V/AlarmManager(  455): Adding alarm Alarm{4081d698 type 1 android} at 0
D/InputDispatcher(  455): to control touch backlight at bottom
D/InputDispatcher(  455): setTouchKeyDeviceId : 0xffffffff
D/InputDispatcher(  455): setPenDeviceId : 0xffffffff
D/InputDispatcher(  455): setTouchDeviceId : 0xffffffff
V/AlarmManager(  455): Adding alarm Alarm{407cdf38 type 1 android} at 1
I/SystemServer(  455): Init Watchdog
I/SystemServer(  455): Window Manager
I/InputManager(  455): Initializing input manager
D/SensorManager(  455): ====>>>>> Num Sensor: 1
D/SensorManager(  455): ====>>>>> Num Sensor: 2
D/SensorManager(  455): ====>>>>> Num Sensor: 3
D/SensorManager(  455): ====>>>>> Num Sensor: 4
D/SensorManager(  455): ====>>>>> Num Sensor: 5
D/SensorManager(  455): ====>>>>> Num Sensor: 6
D/SensorManager(  455): ====>>>>> Num Sensor: 7
D/SensorManager(  455): ====>>>>> Num Sensor: 8
D/SensorManager(  455): ====>>>>> Num Sensor: 9
D/SensorManager(  455): ====>>>>> Num Sensor: 0
I/OrientationDebug(  455): [pwm] in SettingsObserver.observe()
I/OrientationDebug(  455): [pwm] in updateSettings(), mAccelerometerDefault=0  accelerometerDefault=0
I/OrientationDebug(  455): [wms] in setRotation() rotation=0 alwaysSendConfiguration=true animFlags=0
I/OrientationDebug(  455): [wms] in setRotation() now call setRotationUnchecked()
E/WindowManager(  455): rotation is : 0
D/BrcmBtServiceLoader(  455): Initializing....
D/BrcmBtServiceLoader(  455): ********BT/Fm services configured to run as standalone process...
I/BluetoothProfileState(  455): Message:Entering Stable State
I/BluetoothProfileState(  455): Message:Entering Stable State
I/InputManager(  455): Starting input manager
I/SystemServer(  455): Bluetooth Service
I/SystemServer(  455): Device Policy
I/SystemServer(  455): Enterprise Policy
I/EnterpriseDeviceManagerService(  455): handleDowngrade: Checking Downgrade...
I/ApplicationPolicy(  455): registerPackageChangeReceiver() : Done
I/ApplicationIconDb(  455): getApplicationIconChangedList  : 
I/ApplicationPolicy(  455): registerNetworkChangeReceiver
I/ApplicationPolicy(  455): registerNetworkChangeReceiver() : Done
W/EDM     (  455):  >>> CallingPolicyService.CallingPolicyService()
W/EDM     (  455): >>> CallingPolicyService.setTelephonyManager()
I/EDM :   (  455): isRoamingSyncEnabled : true
I/EventHub(  455): New keyboard: device->id=0x10000 devname='sec_power_key' propName='hw.keyboards.65536.devname' keylayout='/system/usr/keylayout/sec_power_key.kl'
I/EventHub(  455): New device: path=/dev/input/event3 name=sec_power_key id=0x10000 (of 0x1) index=1 fd=118 classes=0x1
W/VpnPolicy(  455): Vpn policy Construct -android.net.vpn.VpnManager@4075e6f8
D/EnterpriseVpnPolicy(  455): bindVpnInterfaces()
W/PhoneRestrictionPolicy(  455):  >>> PhoneRestrictionPolicy.PhoneRestrictionPolicy()
I/SystemServer(  455): Enterprise Policymanager service created...
I/SystemServer(  455): Status Bar
I/SystemServer(  455): Clipboard Service
I/SystemServer(  455): ClipboardEx Service
I/SystemServer(  455): Input Method Service
D/dalvikvm(  455): GC_EXTERNAL_ALLOC freed 296K, 27% free 6899K/9351K, external 0K/0K, paused 59ms
I/EventHub(  455): New keyboard: device->id=0x10001 devname='sec_key' propName='hw.keyboards.65537.devname' keylayout='/system/usr/keylayout/sec_key.kl'
I/EventHub(  455): New device: path=/dev/input/event1 name=sec_key id=0x10001 (of 0x2) index=2 fd=132 classes=0x1
D/szipinf (  455): Initializing inflate state
I/InputManagerService(  455): Enabled input methods: com.swype.android.inputmethod/.SwypeInputMethod:com.android.inputmethod.latin/.LatinIME:com.samsung.sec.android.inputmethod.axt9/.AxT9IME
I/SystemServer(  455): NetStat Service
I/SystemServer(  455): NetworkManagement Service
I/SystemServer(  455): Connectivity Service
V/ConnectivityService(  455): ConnectivityService starting up
D/ConnectivityService(  455): getMobileDataEnabled returning true
D/ConnectivityService(  455): Create NetworkStateTracker : mobile_hipri
D/ConnectivityService(  455): Create NetworkStateTracker : mobile_bip
D/ConnectivityService(  455): Create NetworkStateTracker : mobile_dun
D/ConnectivityService(  455): Create NetworkStateTracker : mobile_supl
D/ConnectivityService(  455): Create NetworkStateTracker : mobile_mms
V/ConnectivityService(  455): Starting Wifi Service.
V/WifiProgressStore(  455): WifiProgressStore Created
D/Tethering(  455): Tethering starting
I/WifiService(  455): WifiService starting up with Wi-Fi disabled
I/WifiService(  455): File is not exist or I/O is error 
D/ConnectivityService(  455): Create NetworkStateTracker : mobile
D/NetworkManagmentService(  455): Registering observer
I/SystemServer(  455): Throttle Service
I/SystemServer(  455): Accessibility Manager
I/SystemServer(  455): Mount Service
D/MountService(  455): first sdcard path :: /mnt/sdcard
D/MountService(  455): second sdcard path :: /mnt/sdcard/external_sd
D/MountService(  455): MountService :: 
I/SystemServer(  455): UsbStorage Service
D/UsbStorageService(  455): UsbStorageService :: 
D/VoldCmdListener(  317): volume list
I/MountService(  455): Updating valid state unmounted
D/MountService(  455): updatePublicVolumeState :: path = /mnt/sdcard, state = unmounted
I/MountService(  455): Updating valid state removed
D/MountService(  455): updatePublicVolumeState :: path = /mnt/sdcard/external_sd, state = removed
W/MountService(  455): Duplicate state transition (removed -> removed) and path is /mnt/sdcard/external_sd
D/VoldCmdListener(  317): share status ums
D/MountService(  455): doGetShareMethodAvailable :: method = ums, result = false
D/MountService(  455): notifyShareAvailabilityChange :: method = ums, avail = false
D/DEVENC  (  455): essiv=0
D/MountService(  455): Disabling UMS after cable disconnect : enabling (false)
D/VoldCmdListener(  317): volume shared /mnt/sdcard ums
D/MountService(  455): doGetVolumeShared :: path = /mnt/sdcard, method = ums, result = false
D/VoldCmdListener(  317): volume shared /mnt/sdcard/external_sd ums
I/SystemServer(  455): Encrypt Service
D/MountService(  455): doGetVolumeShared :: path = /mnt/sdcard/external_sd, method = ums, result = false
I/SystemServer(  455): Notification Manager
I/SystemServer(  455): DataRouter Service
I/SystemServer(  455): HDMI Service
I/SystemServer(  455): Device Storage Monitor
I/SystemServer(  455): Location Manager
I/SystemServer(  455): Search Service
I/SystemServer(  455): DropBox Service
I/SystemServer(  455): Wallpaper Service
I/SystemServer(  455): Audio Service
V/MediaPlayerService(  325): decode(27, 0, 5515)
D/MediaPlayerService(  325): getPlayerType. Ln=984
V/MediaPlayerService(  325): player type = 4
D/MediaPlayerService(  325): createPlayer. type=4
D/MediaPlayerService(  325):  create StagefrightPlayer
I/MediaExtractor(  325): ***************************MediaExtractor::Create() In
I/MediaExtractor(  325): *************************Autodetected media content as 'application/ogg' with confidence 0.60
V/AudioPolicyManager(  325): initStreamVolume() stream 0, min 0, max 5
V/AudioPolicyManager(  325): setStreamVolumeIndex() stream 0, index 4
V/AudioPolicyManager(  325): setStreamVolume() for output 1 stream 0, volume 0.707946, delay 0
V/AudioPolicyService(  325): inserting command: 2 at index 0, num commands 0
V/AudioPolicyService(  325): AudioCommandThread() adding set volume stream 0, volume 0.710866, output 1
V/AudioPolicyService(  325): AudioCommandThread() waking up
