E/power   (  455): release_wake_lock g_error=2 
E/power   (  455): acquire_wake_lock g_error=2 
E/power   (  455): release_wake_lock g_error=2 
D/RPC     (  455): 3000008c:00050000 received REPLY (XID 10), grabbing mutex to wake up client.
D/RPC     (  455): 3000008c:00050000 call success.
E/power   (  455): acquire_wake_lock g_error=2 
E/power   (  455): release_wake_lock g_error=2 
E/power   (  455): acquire_wake_lock g_error=2 
E/power   (  455): release_wake_lock g_error=2 
E/power   (  455): acquire_wake_lock g_error=2 
E/power   (  455): release_wake_lock g_error=2 
E/power   (  455): acquire_wake_lock g_error=2 
E/power   (  455): release_wake_lock g_error=2 
D/RPC     (  455): 3000008c:00050000 received CALL.
D/RPC     (  455): 3000008c:00050000 dispatching RPC call (XID 562, xdr 0x470c18) for callback client 3100008c:00050001.
D/RPC     (  455): 3100008c:327681 sending RPC reply (XID 562)
D/RPC     (  455): 3000008c:00050000 sending call (XID 11).
D/RPC     (  455): 3000008c:00050000 received REPLY (XID 11), grabbing mutex to wake up client.
D/RPC     (  455): 3000008c:00050000 call success.
D/RPC     (  455): 3000008c:00050000 received CALL.
D/RPC     (  455): 3000008c:00050000 dispatching RPC call (XID 563, xdr 0x470c18) for callback client 3100008c:00050001.
D/RPC     (  455): 3100008c:327681 sending RPC reply (XID 563)
D/RPC     (  455): 3000008c:00050000 sending call (XID 12).
D/RPC     (  455): 3000008c:00050000 received REPLY (XID 12), grabbing mutex to wake up client.
D/RPC     (  455): 3000008c:00050000 call success.
D/GLSurfaceViewGroup(  643): setting 8888 buffer for live wallpaper
E/power   (  455): acquire_wake_lock g_error=2 
E/power   (  455): release_wake_lock g_error=2 
E/power   (  455): acquire_wake_lock g_error=2 
E/power   (  455): release_wake_lock g_error=2 
E/        (  643): About to try to load SceneGraph
E/        (  643): SceneGraph_nativeClassInit
D/RPC     (  455): 3000008c:00050000 received CALL.
D/RPC     (  455): 3000008c:00050000 dispatching RPC call (XID 566, xdr 0x470c18) for callback client 3100008c:00050001.
D/RPC     (  455): 3100008c:327681 sending RPC reply (XID 566)
D/RPC     (  455): 3000008c:00050000 sending call (XID 13).
D/RPC     (  455): 3000008c:00050000 received REPLY (XID 13), grabbing mutex to wake up client.
D/RPC     (  455): 3000008c:00050000 call success.
W/OggExtractor(  325): readNextPacket err -1004
V/AwesomePlayer(  325): MEDIA_PLAYBACK_COMPLETE
V/AudioCache(  325): notify(0x40ba0, 2, 0, 0)
V/AudioCache(  325): playback complete - thread will wake up later
V/AwesomePlayer(  325): AwesomePlayer::pause_l::out
V/AudioCache(  325): wait - success
V/MediaPlayerService(  325): return memory @ 0x41842000, sampleRate=44100, channelCount = 1, format = 1
D/StagefrightPlayer(  325): reset
I/AudioPlayer(  325): AudioPlayer::reset() start
I/AudioPlayer(  325): AudioPlayer::reset() complete
D/StagefrightPlayer(  325): reset over
D/StagefrightPlayer(  325): reset
D/StagefrightPlayer(  325): reset over
V/MediaPlayerService(  325): decode(42, 1732800, 5101)
D/MediaPlayerService(  325): getPlayerType. Ln=984
V/MediaPlayerService(  325): player type = 4
D/MediaPlayerService(  325): createPlayer. type=4
D/MediaPlayerService(  325):  create StagefrightPlayer
I/MediaExtractor(  325): ***************************MediaExtractor::Create() In
I/MediaExtractor(  325): *************************Autodetected media content as 'application/ogg' with confidence 0.60
V/AwesomePlayer(  325): mBitrate = -1 bits/sec
V/MediaPlayerService(  325): prepare
V/AwesomePlayer(  325): prepareAsync_l
V/MediaPlayerService(  325): wait for prepare
D/dalvikvm(  659): GC_CONCURRENT freed 155K, 37% free 3771K/5959K, external 0K/0K, paused 2ms+7ms
E/power   (  455): acquire_wake_lock g_error=2 
D/RPC     (  455): 3000008c:00050000 received CALL.
D/dalvikvm(  455): GC_EXTERNAL_ALLOC freed 113K, 25% free 7615K/10119K, external 24240K/24297K, paused 140ms
D/RPC     (  455): 3000008c:00050000 dispatching RPC call (XID 569, xdr 0x470c18) for callback client 3100008c:00050001.
D/RPC     (  455): 3100008c:327681 sending RPC reply (XID 569)
I/GLThread(  643): starting tid=10
I/GLThread(  643): noticed surfaceView surface lost tid=10
V/AwesomePlayer(  325): mime = audio/vorbis
I/OMXCodec(  325): Successfully allocated software codec 'VorbisDecoder'
V/AudioCache(  325): notify(0x4e278, 5, 0, 0)
V/AudioCache(  325): ignored
V/AudioCache(  325): notify(0x4e278, 1, 0, 0)
V/AudioCache(  325): prepared
V/AudioCache(  325): wait - success
V/MediaPlayerService(  325): start
V/AwesomePlayer(  325): play
V/AwesomePlayer(  325): LPAPlayer::getObjectsAlive() 0
V/AwesomePlayer(  325): Setting Audio source
V/AudioCache(  325): open(44100, 1, 1, 4)
V/MediaPlayerService(  325): wait for playback complete
D/RPC     (  455): 3000008c:00050000 sending call (XID 14).
I/DebugFolder(  643): Setting folder model to com.sec.android.app.twlauncher.UserFolderModel@4053e170 in mode 0
I/DebugFolder(  643): Set Folder Model Dumping Added
I/DebugFolder(  643): Set Folder Model Dumping Deleted
I/DebugFolder(  643): Set Folder Model Dumping Current
I/DebugFolder(  643): Set Folder Model Dumping Special
I/DebugFolder(  643): syncGridView Dumping Added
I/DebugFolder(  643): syncGridView Dumping Deleted
I/DebugFolder(  643): syncGridView Dumping Current
I/DebugFolder(  643): syncGridView Dumping Special
I/Launcher(  643): saveMenuMode mode=3
W/OggExtractor(  325): readNextPacket err -1004
V/AwesomePlayer(  325): MEDIA_PLAYBACK_COMPLETE
V/AudioCache(  325): notify(0x4e278, 2, 0, 0)
V/AudioCache(  325): playback complete - thread will wake up later
V/AwesomePlayer(  325): AwesomePlayer::pause_l::out
V/AudioCache(  325): wait - success
V/MediaPlayerService(  325): return memory @ 0x41942000, sampleRate=44100, channelCount = 1, format = 1
D/StagefrightPlayer(  325): reset
I/AudioPlayer(  325): AudioPlayer::reset() start
E/power   (  455): acquire_wake_lock g_error=2 
D/MobileDataStateTracker(  455): default Received state= DISCONNECTED, old= DISCONNECTED, reason= dataNetworkDetached, apnTypeList= default
D/RPC     (  455): 3000008c:00050000 received REPLY (XID 14), grabbing mutex to wake up client.
V/DATA    (  591): [DCT(0) ] intent received :android.intent.action.ANY_DATA_STATE
D/DATA    (  591): NETWORK_STATE_CHANGED_ACTION : data_call = 48
E/power   (  455): release_wake_lock g_error=2 
E/power   (  455): release_wake_lock g_error=2 
D/RPC     (  455): 3000008c:00050000 waiting for XDR input buffer to be consumed.
I/AudioPlayer(  325): AudioPlayer::reset() complete
D/StagefrightPlayer(  325): reset over
D/StagefrightPlayer(  325): reset
D/StagefrightPlayer(  325): reset over
D/RPC     (  455): 3000008c:00050000 call success.
V/DATA    (  591): [DCT(0) ] intent received :android.intent.action.ANY_DATA_STATE
D/DATA    (  591): NETWORK_STATE_CHANGED_ACTION : data_call = 48
D/Launcher(  643): startLoaders. Launcher: 40537a90
D/ContactsProvider(  684): @@ doSetSimDBReady : settingValue1 =0
I/Database(  643): sqlite returned: error code = 0, msg = Recovered 10 frames from WAL file /data/data/com.sec.android.app.twlauncher/databases/launcher.db-wal
E/power   (  455): acquire_wake_lock g_error=2 
D/RPC     (  455): 3000008c:00050000 received CALL.
D/dalvikvm(  584): GC_EXTERNAL_ALLOC freed 19K, 35% free 4613K/7047K, external 1383K/1458K, paused 138ms
D/Launcher.LauncherModel(  643): dropTopApplicationCache
D/RPC     (  455): 3000008c:00050000 dispatching RPC call (XID 577, xdr 0x470c18) for callback client 3100008c:00050001.
D/RPC     (  455): 3100008c:327681 sending RPC reply (XID 577)
I/ActivityManager(  455): Start proc com.sec.android.provider.badge for content provider com.sec.android.provider.badge/.BadgeProvider: pid=744 uid=10108 gids={}
D/MakeSimDBService(  684): @@ onCreate!!!
E/GpsLocationProvider(  455): GetMiscInterface
E/GpsLocationProvider(  455): android_location_GpsLocationProvider_init
D/dalvikvm(  643): GC_CONCURRENT freed 50K, 38% free 3504K/5639K, external 10362K/12117K, paused 2ms+25ms
E/power   (  455): release_wake_lock g_error=2 
E/AlarmManagerService(  455): android_server_AlarmManagerService_set to type=2, 28.698000000
V/AlarmManager(  455): Adding alarm Alarm{40992110 type 2 com.google.android.location} at 0
E/AlarmManagerService(  455): android_server_AlarmManagerService_set to type=2, 28.706000000
E/AlarmManagerService(  455): android_server_AlarmManagerService_set to type=2, 28.707000000
V/AlarmManager(  455): Adding alarm Alarm{409928a0 type 2 com.google.android.location} at 0
V/AlarmManager(  455): Adding alarm Alarm{40992a18 type 2 com.google.android.location} at 0
D/NetworkLocator(  659): null cell state delivered
E/AlarmManagerService(  455): android_server_AlarmManagerService_set to type=2, 2147483670.707000000
V/AlarmManager(  455): Adding alarm Alarm{40992cc8 type 2 com.google.android.location} at 0
I/JNI     (  584): Trying to load libXt9core.so
D/NetworkLocator(  659): null cell state delivered
D/dalvikvm(  584): No JNI_OnLoad found in /system/lib/libXt9core.so 0x4051c8e0, skipping init
E/AlarmManagerService(  455): android_server_AlarmManagerService_set to type=2, 2147483670.707000000
D/NetworkLocator(  659): null cell state delivered
E/AlarmManagerService(  455): android_server_AlarmManagerService_set to type=2, 2147483670.707000000
I/ActivityThread(  744): Pub com.sec.badge: com.sec.android.provider.badge.BadgeProvider
V/AlarmManager(  455): Adding alarm Alarm{40994178 type 2 com.google.android.location} at 0
V/AlarmManager(  455): Adding alarm Alarm{40994cf0 type 2 com.google.android.location} at 0
D/NetworkLocator(  659): null cell state delivered
E/AlarmManagerService(  455): android_server_AlarmManagerService_set to type=2, 2147483670.707000000
V/AlarmManager(  455): Adding alarm Alarm{409955e0 type 2 com.google.android.location} at 0
D/dalvikvm(  591): GC_CONCURRENT freed 251K, 38% free 3940K/6279K, external 0K/0K, paused 1ms+3ms
D/MakeSimDBService(  684): @@ onStartCommand!!! opCode = 9999
D/MakeSimDBService(  684): @@ onStartCommand!!! flags = 2
V/DATA    (  591): [DCT(0) ] intent received :android.intent.action.ANY_DATA_STATE
D/DATA    (  591): NETWORK_STATE_CHANGED_ACTION : data_call = 48
D/MakeSimDBService(  684): @@ doCheckSimState simState = 1
V/DATA    (  591): [DCT(0) ] intent received :android.intent.action.ANY_DATA_STATE
D/DATA    (  591): NETWORK_STATE_CHANGED_ACTION : data_call = 48
D/ClientReporter(  659): provider enabled
D/MakeSimDBService(  684):  @@ doCheckSimState isAirPalneMode = false
D/androidNlpServiceThread(  659): adding listener com.google.android.location.internal.client.NetworkLocationClient$1@4054f5d0 with period 86400
D/androidNetworkLocationListeners(  659): Still have listener com.google.android.location.internal.client.NetworkLocationClient$1@4054f5d0
E/AlarmManagerService(  455): android_server_AlarmManagerService_set to type=2, 28.894000000
V/AlarmManager(  455): Adding alarm Alarm{4099cfd8 type 2 com.google.android.location} at 0
D/NetworkLocator(  659): null cell state delivered
E/AlarmManagerService(  455): android_server_AlarmManagerService_set to type=2, 86423.894000000
D/Launcher.LauncherModel(  643): loadApplications
D/Launcher.LauncherModel(  643): stopAndWaitForApplicationsLoader
D/Launcher.LauncherModel(  643): dropApplicationCache
D/Launcher.LauncherModel(  643): loadUserItems
D/Launcher.LauncherModel(  643): DesktopItemsLoader: 1079491952, Launcher: 1079212688
V/AlarmManager(  455): Adding alarm Alarm{4099db08 type 2 com.google.android.location} at 0
D/Launcher(  643): It's image wallpaper. suggestDesiredDimensions(800 , 1280 )
D/Launcher.LauncherModel(  643): DesktopItemsLoader.run: 1079491952
I/Launcher(  643): onResume. Launcher: 40537a90, mIsNewIntent: false
E/WallpaperService(  455): setDimensionHints ! w=800
V/DATA    (  591): [DCT(0) ] intent received :android.intent.action.ANY_DATA_STATE
D/DATA    (  591): NETWORK_STATE_CHANGED_ACTION : data_call = 48
D/InputTransport(  455): Input channel constructed: name='409675e0 com.sec.android.app.twlauncher/com.sec.android.app.twlauncher.Launcher (server)', ashmemFd=243, receivePipeFd=253, sendPipeFd=252
D/InputTransport(  455): Input channel constructed: name='409675e0 com.sec.android.app.twlauncher/com.sec.android.app.twlauncher.Launcher (client)', ashmemFd=250, receivePipeFd=251, sendPipeFd=254
D/InputTransport(  455): Input channel destroyed: name='409675e0 com.sec.android.app.twlauncher/com.sec.android.app.twlauncher.Launcher (client)', ashmemFd=250, receivePipeFd=251, sendPipeFd=254
D/InputTransport(  643): Input channel constructed: name='409675e0 com.sec.android.app.twlauncher/com.sec.android.app.twlauncher.Launcher (client)', ashmemFd=57, receivePipeFd=58, sendPipeFd=59
E/GlassLockScreenFMRadioWidget(  455): onReceive() : intent action=android.intent.action.SCREEN_ON
I/SurfaceFlinger(  455): id=6(1) createSurface 0xa8d74 for pid 643 (1x1),1 flag=400, com.sec.android.app.twlauncher/com.sec.android.app.twlauncher.Launcher
E/AxT9IME (  584): Invalid Language = Korean
I/WindowManager(  455):   CREATE SURFACE Surface(name=com.sec.android.app.twlauncher/com.sec.android.app.twlauncher.Launcher, identity=6, mNativeSurface=0) IN SESSION android.view.SurfaceSession@4066ed18: pid=643 format=-2 flags=0x400 / Window{409675e0 com.sec.android.app.twlauncher/com.sec.android.app.twlauncher.Launcher paused=false}
D/Surface (  643): Surface is full screen
V/DATA    (  591): [DCT(0) ] intent received :android.intent.action.SCREEN_ON
V/Launcher.Workspace(  643): onSizeChanged( 800,1062,0,0)getWidth() = 800getHeight() = 1062
D/msm8660.gralloc(  455): !@/dev/pmem: allocating pmem size=4096000, offset=10346496(0x9de000)
D/FastDormancy(  591): [FD] INTENT ACTION android.intent.action.SCREEN_ON
D/FastDormancy(  591): [FD] mIsScreenOn: true
I/SurfaceFlinger(  455): id=7(2) createSurface 0x2fc5fc for pid 643 (800x1230),1 flag=0, SurfaceView
I/GLThread(  643): noticed surfaceView surface acquired tid=10
W/EglHelper(  643): start() tid=10
D/libEGL  (  643): loaded /system/lib/egl/libGLES_android.so
I/WindowManager(  455):   CREATE SURFACE Surface(name=SurfaceView, identity=7, mNativeSurface=0) IN SESSION android.view.SurfaceSession@4066ed18: pid=643 format=1 flags=0x0 / Window{40967f70 SurfaceView paused=false}
I/ActivityManager(  455): Start proc com.smlds for broadcast com.smlds/.smlBroadcastReceiver: pid=768 uid=10000 gids={3003}
D/libEGL  (  643): loaded /system/lib/egl/libEGL_adreno200.so
D/libEGL  (  643): loaded /system/lib/egl/libGLESv1_CM_adreno200.so
D/libEGL  (  643): loaded /system/lib/egl/libGLESv2_adreno200.so
I/ViewRoot(  643): !@FINISH DRAWING : com.sec.android.app.twlauncher/com.sec.android.app.twlauncher.Launcher
I/ViewRoot(  643): !@finishDrawing is completed : com.sec.android.app.twlauncher/com.sec.android.app.twlauncher.Launcher
D/GLSurfaceViewGroup(  643): Skipped drawing because egl surface is not ready yet
W/WindowManager(  455): Layout repeat skipped after too many iterations
W/WindowManager(  455): Layout repeat skipped after too many iterations
W/WindowManager(  455): Layout repeat skipped after too many iterations
W/WindowManager(  455): Animation repeat aborted after too many iterations
W/EglHelper(  643): createContext com.google.android.gles_jni.EGLContextImpl@40598018 tid=10
I/GLThread(  643): noticing that we want render notification tid=10
W/GLThread(  643): egl createSurface
W/EglHelper(  643): createSurface()  tid=10
W/WindowManager(  455): Layout repeat skipped after too many iterations
W/WindowManager(  455): Layout repeat skipped after too many iterations
W/WindowManager(  455): Layout repeat skipped after too many iterations
W/WindowManager(  455): Animation repeat aborted after too many iterations
I/ActivityManager(  455): Displayed com.sec.android.app.twlauncher/.Launcher: +2s951ms
D/msm8660.gralloc(  455): !@/dev/pmem: allocating pmem size=3993600, offset=14442496(0xdc6000)
W/GLThreadManager(  643): checkGLESVersion mGLESVersion = 131072 mMultipleGLESContextsAllowed = true
W/GLThread(  643): onSurfaceCreated
W/GLThread(  643): onSurfaceChanged(800, 1230)
W/WindowManager(  455): Layout repeat skipped after too many iterations
W/WindowManager(  455): Layout repeat skipped after too many iterations
W/WindowManager(  455): Layout repeat skipped after too many iterations
W/WindowManager(  455): Animation repeat aborted after too many iterations
D/msm8660.gralloc(  455): !@/dev/pmem: allocating pmem size=4096000, offset=18436096(0x1195000)
I/GLThread(  643): sending render notification tid=10
I/ViewRoot(  643): !@FINISH DRAWING : com.sec.android.app.twlauncher/com.sec.android.app.twlauncher.Launcher
W/WindowManager(  455): Layout repeat skipped after too many iterations
W/WindowManager(  455): Layout repeat skipped after too many iterations
W/WindowManager(  455): Layout repeat skipped after too many iterations
W/WindowManager(  455): Animation repeat aborted after too many iterations
I/ViewRoot(  643): !@finishDrawing is completed : com.sec.android.app.twlauncher/com.sec.android.app.twlauncher.Launcher
D/msm8660.gralloc(  455): !@/dev/pmem: allocating pmem size=4096000, offset=26525696(0x194c000)
W/WindowManager(  455): Layout repeat skipped after too many iterations
W/WindowManager(  455): Layout repeat skipped after too many iterations
W/WindowManager(  455): Layout repeat skipped after too many iterations
W/WindowManager(  455): Animation repeat aborted after too many iterations
D/msm8660.gralloc(  455): !@/dev/pmem: allocating pmem size=3993600, offset=22532096(0x157d000)
W/ActivityManager(  455): finishBooting 1
I/ActivityManager(  455): !@bootcomplete
I/ActivityManager(  455): Start proc com.android.server.vpn.enterprise:remote for on-hold: pid=782 uid=1000 gids={3003, 1015, 2001, 3002, 3001, 1001, 1006}
W/ActivityManager(  455): finishBooting 2
I/Zygote  (  782): Zygote: pid 782 has CALL PRIVILEGED permission, then set capability for CAP_SYS_ADMIN (21)
D/BatteryService(  455): bootCompleted
D/PowerManagerService(  455): bootCompleted
I/BluetoothService(  455):  Received BOOT_COMPLETED message
I/PowerManagerService(  455): Ulight 15->3|0
D/PowerManagerService(  455): setLightBrightness : mButtonLight : 0
D/CAT     (  591): CatService: 8 arrived on slotid: 0
D/CAT     (  591): CatService: MSG_ID_RADIOSTATE_CHANGED = true
D/CAT     (  591): CatService: Radio state is on? false
D/DATA    (  591): [DSST(0)] pollstate() : reason = radio state changed
D/DATA    (  591): [DSST(0)] Poll ServiceState done: oldSS=[1 home null null null  Unknown CSS not supported -1 -1RoamInd: -1DefRoamInd: -1EmergOnly: false] newSS=[3 home null null null  Unknown CSS not supported -1 -1RoamInd: -1DefRoamInd: -1EmergOnly: false]
I/TelephonyRegistry(  455): notifyServiceState: 1 home null null null  Unknown CSS not supported -1 -1RoamInd: -1DefRoamInd: -1EmergOnly: false
D/StatusBarPolicy(  563): updateSignalStrength: No SVC
I/TelephonyRegistry(  455): notifyServiceState: 3 home null null null  Unknown CSS not supported -1 -1RoamInd: -1DefRoamInd: -1EmergOnly: false
D/StatusBarPolicy(  563): updateSignalStrength: No SVC
D/EDM     (  455): >>>> getValuesList
D/FlightSettingButton(  563): EVENT_SERVICE_STATE_CHANGED received
E/FlightSettingButton(  563): updateStatus : 0
D/FlightSettingButton(  563): EVENT_SERVICE_STATE_CHANGED received
E/FlightSettingButton(  563): updateStatus : 0
D/EDM     (  455): Cursor is not null: 0
I/SML     (  768): V1.1112.5.1 [AABApplication.java Line:20] [onCreate] Start AABApplication. Service will start!!!
D/EDM     (  455): getValuesList >>>>
D/InputTransport(  455): Input channel constructed: name='40935530 com.android.internal.service.wallpaper.ImageWallpaper (server)', ashmemFd=258, receivePipeFd=262, sendPipeFd=261
D/InputTransport(  455): Input channel constructed: name='40935530 com.android.internal.service.wallpaper.ImageWallpaper (client)', ashmemFd=259, receivePipeFd=260, sendPipeFd=263
D/WallpaperService(  455): Input Channel is initialized(register)
I/WindowManager(  455): mAppToken is null , so we can't use SF_BYPASS
I/SurfaceFlinger(  455): id=8(2) createSurface 0x45615c for pid 455 (1x1),4 flag=0, com.android.internal.service.wallpaper.ImageWallpaper
I/SML     (  768): V1.1112.5.1 [smlBroadcastReceiver.java Line:74] [onReceive] SML_BROADCAST_SIM_STATE_CHANGE
I/SML     (  768): V1.1112.5.1 [smlBroadcastReceiver.java Line:79] [onReceive] szSIMState [NOT_READY]
I/SML     (  768): V1.1112.5.1 [AABSyncService.java Line:103] [onCreate] >>>>>>>> SyncML DS Service started
I/ActivityManager(  455): Start proc com.android.mms for broadcast com.android.mms/.transaction.SmsReceiver: pid=794 uid=10066 gids={3003, 1001, 1015}
D/MountService(  455):  :::: mountVolume :: path = /mnt/sdcard/external_sd
W/MountService(  455): mountVolume -> first SD card is not ready. 
I/WindowManager(  455):   CREATE SURFACE Surface(name=com.android.internal.service.wallpaper.ImageWallpaper, identity=8, mNativeSurface=0) IN SESSION android.view.SurfaceSession@408289a0: pid=455 format=4 flags=0x0 / Window{40935530 com.android.internal.service.wallpaper.ImageWallpaper paused=false}
D/WallpaperService(  455): onSurfaceCreated
D/WallpaperService(  455): onSurfaceChanged[width]800[height]1280
E/vpnandroid(  782): VpnServiceConnection: bindService failed
E/EnterpriseVpnAnyconnect(  782): ServiceConnMgr.Activate failed. Please make sure that the main AnyConnect APK has been installed.
W/WindowManager(  455): Layout repeat skipped after too many iterations
W/WindowManager(  455): Layout repeat skipped after too many iterations
W/WindowManager(  455): Layout repeat skipped after too many iterations
W/WindowManager(  455): Animation repeat aborted after too many iterations
W/ActivityManager(  455): Unable to start service Intent { act=com.cisco.anyconnect.vpn.android.service.IVpnService }: not found
W/WifiPolicyService(  455): intent received Intent { act=android.intent.action.BOOT_COMPLETED }
D/FirewallPolicy(  455): getLastUidForRules
D/EDM     (  455): select firewall
D/FirewallPolicy(  455): getLastUidForProxy
D/EDM     (  455): select firewall
I/WifiStateTracker(  455): ACTION_BOOT_COMPLETED
D/msm8660.gralloc(  455): !@/dev/pmem: allocating pmem size=2048000, offset=30621696(0x1d34000)
I/Zygote  (  794): Zygote: pid 794 has CALL PRIVILEGED permission, then set capability for CAP_SYS_ADMIN (21)
D/KeyguardViewMediator(  455): handleNotifyScreenOn
D/LockPatternKeyguardView(  455): onScreenTurnedOn()
D/CircleLockScreen(  455): onResume()
W/WindowManager(  455): Layout repeat skipped after too many iterations
W/WindowManager(  455): Layout repeat skipped after too many iterations
W/WindowManager(  455): Layout repeat skipped after too many iterations
W/WindowManager(  455): Animation repeat aborted after too many iterations
E/KeyguardUpdateMonitor(  455): Object tried to add another INFO callback
E/KeyguardUpdateMonitor(  455): java.lang.Exception: Whoops
E/KeyguardUpdateMonitor(  455): 	at com.android.internal.policy.impl.KeyguardUpdateMonitor.registerInfoCallback(KeyguardUpdateMonitor.java:609)
E/KeyguardUpdateMonitor(  455): 	at com.android.internal.policy.impl.CircleLockScreen.onResume(CircleLockScreen.java:454)
E/KeyguardUpdateMonitor(  455): 	at com.android.internal.policy.impl.LockPatternKeyguardView.onScreenTurnedOn(LockPatternKeyguardView.java:795)
E/KeyguardUpdateMonitor(  455): 	at com.android.internal.policy.impl.KeyguardViewManager.onScreenTurnedOn(KeyguardViewManager.java:197)
E/KeyguardUpdateMonitor(  455): 	at com.android.internal.policy.impl.KeyguardViewMediator.handleNotifyScreenOn(KeyguardViewMediator.java:1385)
E/KeyguardUpdateMonitor(  455): 	at com.android.internal.policy.impl.KeyguardViewMediator.access$1500(KeyguardViewMediator.java:105)
E/KeyguardUpdateMonitor(  455): 	at com.android.internal.policy.impl.KeyguardViewMediator$2.handleMessage(KeyguardViewMediator.java:1096)
E/KeyguardUpdateMonitor(  455): 	at android.os.Handler.dispatchMessage(Handler.java:99)
E/KeyguardUpdateMonitor(  455): 	at android.os.Looper.loop(Looper.java:130)
E/KeyguardUpdateMonitor(  455): 	at com.android.server.WindowManagerService$PolicyThread.run(WindowManagerService.java:682)
D/GlassLockScreenMusicWidget(  455): onResume() isTopLayout=false, isMaxLayout=true
D/GlassLockScreenMusicWidget(  455): mHeightDifference = 0
E/GlassLockScreenMusicWidget(  455): Phone is not boot completed. so can't broadcast
D/GlassLockScreenMusicWidget(  455): setMaxLayout()
D/GlassLockScreenMusicWidget(  455): startTranslateAnimation()
D/GlassLockScreenMusicWidget(  455): resetMinTimer()
D/GlassLockScreenMusicWidget(  455): removeMinTimer()
D/GlassLockScreenMusicWidget(  455): addMinTimer()
D/ClockWidget(  455): isServiceEnable = false cityId = cityId:348735
D/ClockWidget(  455): Weather Demon is not running, Set visibility to GONE
D/CircleMissedEventWidget(  455): onResume()
D/AttSimMessageWidget(  455): onResume()
D/Tethering(  455): sendTetherStateChangedBroadcast 1, 0, 0
D/Tethering(  455): interfaceAdded :usb0
D/msm8660.gralloc(  455): !@/dev/pmem: allocating pmem size=3993600, offset=32669696(0x1f28000)
D/DATA    (  591): [DSST(0)] pollstate() : reason = data network state changed
D/DATA    (  591): [DSST(0)] Poll ServiceState done: oldSS=[3 home null null null  Unknown CSS not supported -1 -1RoamInd: -1DefRoamInd: -1EmergOnly: false] newSS=[3 home null null null  Unknown CSS not supported -1 -1RoamInd: -1DefRoamInd: -1EmergOnly: false]
D/MountService(  455): doMountVolume :: Mouting path = /mnt/sdcard
E/EncryptService(  455):  onStorageAskPermission Begin! path=/mnt/sdcard, state=booting, m_State=none, LatestError=0
D/EncryptService(  455):  cryptoMain : Begin! Path=/mnt/sdcard, sStorageAction=booting, bPopupBox=true, bAppReq=false
D/EncryptService(  455):  cryptoMain : getActionType = 3
D/EncryptService(  455):  cryptoMain : mState = none
D/EncryptService(  455):  cryptoMain : WorkingPath = /mnt/sdcard
D/EncryptService(  455):  getStorageCryptoState : StorageCryptoState=NULL
D/EncryptService(  455):  cryptoMain : command = 0, CryptoPolicy=0
E/EncryptService(  455):  onStorageAskPermission End! m_State=none, nRet = -100, LatestError=0, Policy=0, Path=/mnt/sdcard
D/MountService(  455): wake lock acquire
D/VoldCmdListener(  317): volume mount /mnt/sdcard
I/Vold    (  317): /dev/block/vold/179:28 being considered for volume sdcard
I/Vold    (  317): Volume::setState -> Volume sdcard /mnt/sdcard state changed from 1 (Idle-Unmounted) to 3 (Checking)
W/Vold    (  317): Skipping discard_util
I/Vold    (  317): check ->  /system/bin/fsck_msdos -p -f /dev/block/vold/179:28 
E/logwrapper(  317): logwrap call fork()
E/logwrapper(  317): logwrap end fork()
I/MountService(  455): onEvent:: raw= 605 Volume sdcard /mnt/sdcard state changed from 1 (Idle-Unmounted) to 3 (Checking) cooked =  605 Volume sdcard /mnt/sdcard state changed from 1 (Idle-Unmounted) to 3 (Checking)
I/MountService(  455): updating volume state checking
D/MountService(  455): updatePublicVolumeState :: path = /mnt/sdcard, state = checking
E/StorageNotification(  563): onStorageStateChangedAsync :: Media {/mnt/sdcard} state changed from {unmounted} -> {checking}
D/StorageNotification(  563): setMediaStorageNotification :: titleId = 17040428, messageId = 17040430, icon = 17301675, visible = true, dismissable = false, sound = false
D/MountService(  455): Sending intent :: ACTION_MEDIA_CHECKING
D/MountService(  455): Sending intent :: Intent { act=android.intent.action.MEDIA_CHECKING dat=file:///mnt/sdcard }
D/MountService(  455): notifyVolumeStateChange :: First SD :: checking, Second SD ::removed
D/StorageNotification(  563): isActivityPlayStorageSounds :: bRet = false
E/logwrapper(  810): logwrap end fork()
D/logwrapper(  810): open '/dev/pts/0'(28)
D/logwrapper(  810): redirect stdout and stderr
D/logwrapper(  810): open /dev/cpuctl/bg_non_interactive/tasks = 27 
D/logwrapper(  810): pid = '810' 
D/logwrapper(  810): run execv ('/system/bin/fsck_msdos')
D/HDMIDaemon(  357): threadLoop: HDCP keys are present, delay Broadcast.
D/HDMIDaemon(  357): sendCommandToFramework: 'hdmi_no_broadcast_online' successful
E/HDMIListener(  455): writeCommand: 'hdmi_listner_started'
E/HDMIDaemon(  357): threadLoop: driver not online; use state-file
D/HDMIDaemon(  357): sendCommandToFramework: 'hdmi_disconnected' successful
D/HDMIDaemon(  357): threadLoop: Accepted connection from framework
E/action=%s(  455): android.intent.action.BOOT_COMPLETED
I/AudioPolicyManager(  325): no parameter input
D/AudioSystem(  455): getParameters() ERROR : can't get parameters
W/WindowManager(  455): Layout repeat skipped after too many iterations
W/WindowManager(  455): Layout repeat skipped after too many iterations
W/WindowManager(  455): Layout repeat skipped after too many iterations
W/WindowManager(  455): Animation repeat aborted after too many iterations
W/AudioService(  455): bIsEURModel = 
W/AudioService(  455): android.intent.action.BOOT_COMPLETED: BOOT_COMPLETED
E/HDMIListener(  455): handleEvent 'hdmi_no_broadcast_online'
E/HDMIListener(  455): handleEvent 'hdmi_disconnected'
E/HDMIService(  455):  broadcastEvent++
E/HDMIService(  455):  intent.putExtra 0
E/HDMIService(  455): Broadcasting ... HDMI_CABLE_DISCONNECTED
E/HDMIService(  455):  broadcastEvent++
E/HDMIService(  455): Broadcasting ... HDMI_DISCONNECTED
D/HDMIListener(  455): enableHDMIOutput ignored, unchanged!
E/HDMIListener(  455): writeCommand: 'hdmi_hpd: 1'
D/HDMIDaemon(  357): hdmi_hpd: : 1
E/HDMIDaemon(  357): writeHPDOption: state file '/sys/class/graphics/fb1/hpd' not found
D/DATA    (  591): [DSST(0)] pollstate() : reason = data network state changed
D/DATA    (  591): [DSST(0)] Poll ServiceState done: oldSS=[3 home null null null  Unknown CSS not supported -1 -1RoamInd: -1DefRoamInd: -1EmergOnly: false] newSS=[3 home null null null  Unknown CSS not supported -1 -1RoamInd: -1DefRoamInd: -1EmergOnly: false]
I/SearchManagerService(  455): Building list of searchable activities
I/logwrapper(  317): /system/bin/fsck_msdos : patched by d.moskvitin@samsung.com 2011/01/21
I/logwrapper(  317): /system/bin/fsck_msdos : ** /dev/block/vold/179:28
I/logwrapper(  317): /system/bin/fsck_msdos : Boot sector contents:
I/logwrapper(  317): /system/bin/fsck_msdos : 	bytes per sector:.............512
I/logwrapper(  317): /system/bin/fsck_msdos : 	sectors per cluster:..........64
I/logwrapper(  317): /system/bin/fsck_msdos : 	number of reserved sectors:...80
I/logwrapper(  317): /system/bin/fsck_msdos : 	number of FATs:...............2
I/logwrapper(  317): /system/bin/fsck_msdos : 	number of sectors are in FAT:.2776 (1388 KB)
I/logwrapper(  317): /system/bin/fsck_msdos : 	cluster mask (bit):...........32
I/logwrapper(  317): /system/bin/fsck_msdos : 	FAT entries:..................355328
I/logwrapper(  317): /system/bin/fsck_msdos : 	first cluster offset..........5504
I/logwrapper(  317): /system/bin/fsck_msdos : 	cluster size(bytes):..........32768
I/logwrapper(  317): /system/bin/fsck_msdos : 	number of sectors:............22738944
I/logwrapper(  317): /system/bin/fsck_msdos : 	hidden sectors:...............0
I/logwrapper(  317): /system/bin/fsck_msdos : 	number of clusters:...........355210
I/logwrapper(  317): /system/bin/fsck_msdos : 	oem name:.....................android { 0x61 0x6e 0x64 0x72 0x6f 0x69 0x64 0x20}
I/logwrapper(  317): /system/bin/fsck_msdos : 	volume serial number:.........3031-07b4
I/logwrapper(  317): /system/bin/fsck_msdos : 	volume label:.................NO NAME    { 0x4f 0x20 0x4e 0x41 0x4d 0x45 0x20 0x20 0x20 0x20 0x46}
I/logwrapper(  317): /system/bin/fsck_msdos : 	file system string id:........FAT32   { 0x41 0x54 0x33 0x32 0x20 0x20 0x20 0xfa}
I/logwrapper(  317): /system/bin/fsck_msdos : ** Phase 1 - Read and Compare FATs
I/logwrapper(  317): /system/bin/fsck_msdos : Attempting to allocate 1388 KB for FAT
D/dalvikvm(  563): GC_EXTERNAL_ALLOC freed 29K, 39% free 3404K/5575K, external 3353K/3588K, paused 133ms
V/AudioPolicyManager(  325): getNewDevice() selected device 0
D/AudioPolicyManager(  325): Now, There is no sound! so we check mAvailableOutputDevices variable
V/AudioPolicyManager(  325): getNewDevice() selected device 0
D/AudioPolicyManager(  325): Now, There is no sound! so we check mAvailableOutputDevices variable
I/ViewRoot(  455): !@FINISH DRAWING : Keyguard
I/SurfaceFlinger(  455): Boot is finished (15248 ms)
I/SurfaceFlinger(  455): set saturation to 0.17
E/SurfaceFlinger(  455): !@ SurfaceFlinger::bootFinished
I/OrientationDebug(  455): [wms] in setRotation() rotation=0 alwaysSendConfiguration=true animFlags=1
I/OrientationDebug(  455): [wms] in setRotation() now call setRotationUnchecked()
E/WindowManager(  455): rotation is : 0
I/ViewRoot(  455): !@finishDrawing is completed : Keyguard
D/StorageNotification(  563): hideNotification
D/MotionRecognitionService(  455):   mReceiver.onReceive : ACTION_BOOT_COMPLETED
E/WindowManager(  455): rotation is : 0
D/msm8660.gralloc(  455): !@/dev/pmem: allocating pmem size=2048000, offset=36663296(0x22f7000)
I/SML     (  768): V1.1112.5.1 [AABSyncService.java Line:352] [smlCheckSIMInfo] nSIMState [1]
I/SML     (  768): V1.1112.5.1 [AABSyncService.java Line:355] [smlCheckSIMInfo] SIM State not READY!!
I/SML     (  768): V1.1112.5.1 [AABSyncService.java Line:278] [smlAutoSyncManager] ContactContentObserver service regist
E/BootAnimation(  470): [JJ]bootcomplete bootani jump exit
D/CAT     (  591): CatService: 8 arrived on slotid: 0
D/CAT     (  591): CatService: MSG_ID_RADIOSTATE_CHANGED = true
D/CAT     (  591): CatService: Radio state is on? true
D/DATA    (  591): [DSST(0)] pollstate() : reason = radio state changed
E/libEGL  (  470): call to OpenGL ES API with no current context (logged once per thread)
I/SurfaceFlinger(  455): id=1 Removed <pid_470> idx=7 Map Size=7
V/DATA    (  591): [DCT(0) ] onUpdateDataConnections: reason=radioOn
V/DATA    (  591): [DCT(0) ] ---dc list---
V/DATA    (  591): [DCT(0) ] ---ds list---
V/DATA    (  591): [DCT(0) ] ds= SERVICE_TYPE_DEFAULT, enabled = true, active = v4:IDLE v6:IDLE
V/DATA    (  591): [DCT(0) ] ds= SERVICE_TYPE_MMS, enabled = false, active = v4:IDLE v6:IDLE
V/DATA    (  591): [DCT(0) ] ds= SERVICE_TYPE_SUPL, enabled = false, active = v4:IDLE v6:IDLE
V/DATA    (  591): [DCT(0) ] ds= SERVICE_TYPE_DUN, enabled = false, active = v4:IDLE v6:IDLE
V/DATA    (  591): [DCT(0) ] ds= SERVICE_TYPE_HIPRI, enabled = false, active = v4:IDLE v6:IDLE
D/DATA    (  591): mMasterDataEnabled=true,isUsePacketData=true
I/DATA    (  591): [DCT(0) ] ***** NOT Ready for data :
I/DATA    (  591): [DCT(0) ] 	 getDesiredPowerState() = true
I/DATA    (  591): [DCT(0) ]    mCm.getRadioState() = RADIO_ON
I/DATA    (  591): [DCT(0) ]    [DataRadioTech = RADIO_TECH_UNKNOWN, data network state = 3, mMasterDataEnabled = true, is Roaming = false, dataOnRoamingEnable = false, isPsRestricted = false, desiredPowerState  = true, mSIMRecords = , cdmaSubSource = 1/, mRuimRecords = , checks = true/true]
I/SML     (  768): V1.1112.5.1 [AABSyncService.java Line:134] [onCreate] SyncML DS Service complete <<<<<<<<
D/SurfaceFlinger(  455): remove count:1 destroying <pid_470>
I/ActivityThread(  794): Pub com.android.mms.SuggestionsProvider: com.android.mms.SuggestionsProvider
D/Mms/MmsApp(  794): [start]    onCreate()
D/StatusBarPolicy(  563): updateSignalStrength: No SVC
D/StatusBarPolicy(  563): updateSignalStrength: No SVC
I/ViewRoot(  563): !@FINISH DRAWING : StatusBarExpanded
I/ViewRoot(  563): !@finishDrawing is completed : StatusBarExpanded
D/PowerManagerService(  455): lightSensorChangedLocked 1000
D/PowerManagerService(  455): lcdValue 129
D/PowerManagerService(  455): buttonValue 0
D/PowerManagerService(  455): keyboardValue 0
D/PowerManagerService(  455): lightSensorChangedLocked : mKeyboardLight : 0
D/dalvikvm(  684): GC_CONCURRENT freed 192K, 41% free 3366K/5639K, external 0K/0K, paused 6ms+10ms
I/AudioFlinger(  325): setParameters(): io 0, keyvalue tty_mode=tty_off, tid 530, calling tid 591
V/AudioHardwareMSM8660(  325): setParameters() tty_mode=tty_off
D/DATA    (  591): [DSST(0)] Poll ServiceState done: oldSS=[3 home null null null  Unknown CSS not supported -1 -1RoamInd: -1DefRoamInd: -1EmergOnly: false] newSS=[1 home null null null  Error in radioTechnology CSS not supported -1 -1RoamInd: -1DefRoamInd: -1EmergOnly: false]
I/TelephonyRegistry(  455): notifyServiceState: 3 home null null null  Unknown CSS not supported -1 -1RoamInd: -1DefRoamInd: -1EmergOnly: false
E/DATA    (  591): Wrong network type: -1
D/DATA    (  591): mMasterDataEnabled=true,isUsePacketData=true
D/DATA    (  591): mMasterDataEnabled=true,isUsePacketData=true
I/TelephonyRegistry(  455): notifyDataConnection: anyState=0,default/INET,apnTypeState=0,iface=null,ip=null,gw=null,isDataConnectivityPossible=false,networkType=0,reason=radioTechnologyChanged
D/DATA    (  591):  notifyDataConnection Pass INET6 >>> Fix me later please!!
D/DATA    (  591): mMasterDataEnabled=true,isUsePacketData=true
D/StatusBarPolicy(  563): updateSignalStrength: No SVC
D/DATA    (  591):  notifyDataConnection Pass INET6 >>> Fix me later please!!
D/DATA    (  591): mMasterDataEnabled=true,isUsePacketData=true
I/TelephonyRegistry(  455): notifyDataConnection: anyState=0,mms/INET,apnTypeState=0,iface=null,ip=null,gw=null,isDataConnectivityPossible=false,networkType=0,reason=radioTechnologyChanged
D/PowerManagerService(  455): setScreenOffTimeouts mKeylightDelay=6000 mDimDelay=587000 mScreenOffDelay=7000 mDimScreen=true
D/FlightSettingButton(  563): EVENT_SERVICE_STATE_CHANGED received
E/FlightSettingButton(  563): updateStatus : 0
D/DATA    (  591):  notifyDataConnection Pass INET6 >>> Fix me later please!!
I/TelephonyRegistry(  455): notifyDataConnection: anyState=0,supl/INET,apnTypeState=0,iface=null,ip=null,gw=null,isDataConnectivityPossible=false,networkType=0,reason=radioTechnologyChanged
D/DATA    (  591): mMasterDataEnabled=true,isUsePacketData=true
I/SML     (  768): V1.1112.5.1 [smlPhoneStatus.java Line:70] [onServiceStateChanged] onServiceStateChanged nNetwork =0
I/SML     (  768): V1.1112.5.1 [smlPhoneStatus.java Line:71] [onServiceStateChanged] onServiceStateChanged bRoming =false
I/SML     (  768): V1.1112.5.1 [smlPhoneStatus.java Line:70] [onServiceStateChanged] onServiceStateChanged nNetwork =0
I/SML     (  768): V1.1112.5.1 [smlPhoneStatus.java Line:71] [onServiceStateChanged] onServiceStateChanged bRoming =false
W/EDM     (  455):  >>> CallingPolicyService.mPhoneListener.new PhoneStateListener() {...}.onServiceStateChanged()
D/DATA    (  591):  notifyDataConnection Pass INET6 >>> Fix me later please!!
D/DATA    (  591): mMasterDataEnabled=true,isUsePacketData=true
V/AlarmManager(  455): Adding alarm Alarm{40a04e28 type 2 android} at 1
V/AlarmManager(  455): Adding alarm Alarm{40a061a0 type 2 android} at 2
I/TelephonyRegistry(  455): notifyDataConnection: anyState=0,dun/INET,apnTypeState=0,iface=null,ip=null,gw=null,isDataConnectivityPossible=false,networkType=0,reason=radioTechnologyChanged
W/EDM     (  455):  >>> CallingPolicyService.mPhoneListener.new PhoneStateListener() {...}.onServiceStateChanged()
I/TelephonyRegistry(  455): notifyDataConnection: anyState=0,hipri/INET,apnTypeState=0,iface=null,ip=null,gw=null,isDataConnectivityPossible=false,networkType=0,reason=radioTechnologyChanged
E/action=%s(  455): android.intent.action.HDMI_PLUG
E/AudioService(  455): ACTION_HDMI_PLUG receive !!!  : 
D/dalvikvm(  794): GC_EXTERNAL_ALLOC freed 121K, 40% free 3278K/5447K, external 0K/0K, paused 95ms
D/DATA    (  591):  notifyDataConnection Pass INET6 >>> Fix me later please!!
V/AudioPolicyManager(  325): getNewDevice() selected device 0
D/AudioPolicyManager(  325): Now, There is no sound! so we check mAvailableOutputDevices variable
V/AudioPolicyManager(  325): getNewDevice() selected device 0
D/AudioPolicyManager(  325): Now, There is no sound! so we check mAvailableOutputDevices variable
I/TvOut-Observer(  455): ACTION android.intent.action.HDMI_PLUG
D/MyTag1  (  455): HDMI : ACTION_HDMI_PLUG
E/TvOut-Observer(  455): TvoutHDMIUpdateCableStatus : 0
I/TvOut-Observer(  455): TvoutHDMIUpdateCableStatus   off  mHdmiCableConnected :  false
I/TvOut-Observer(  455): TvoutHDMISetStatus
I/TvOut-Observer(  455): TvoutHDMISetStatus temp4 
I/TelephonyRegistry(  455): notifyServiceState: 1 home     Unknown CSS not supported -1 -1RoamInd: -1DefRoamInd: -1EmergOnly: false
E/TvOut-Observer(  455): TvoutHDMISetCableStatus
D/MyTag1  (  455):  hdmiCableConnected : 0
E/TvOut-Observer(  455): TvoutHDMISetCableStatus
D/MyTag1  (  455):  hdmiCableConnected : 0
D/MyTag1  (  455): HDMI cable disconnected   : ACTION_HDMI_PLUG
E/action=%s(  455): HDMI_DISCONNECTED
D/StatusBarPolicy(  563): updateSignalStrength: No SVC
I/logwrapper(  317): /system/bin/fsck_msdos : Attempting to allocate 1388 KB for FAT
I/SML     (  768): V1.1112.5.1 [smlPhoneStatus.java Line:70] [onServiceStateChanged] onServiceStateChanged nNetwork =0
I/SML     (  768): V1.1112.5.1 [smlPhoneStatus.java Line:71] [onServiceStateChanged] onServiceStateChanged bRoming =false
D/dalvikvm(  455): GC_CONCURRENT freed 446K, 25% free 7834K/10311K, external 26240K/34240K, paused 3ms+6ms
E/MP-Decision(  861): Core1 status: offline
E/MP-Decision(  861): OPTION ENABLED: Control sleep modes
E/MP-Decision(  861): OPTION ENABLED: Adjusting average
E/MP-Decision(  861): Decision parameters Nw=2.500000, Tw=200, Ns=2.100000, Ts=300
V/AudioPolicyManager(  325): getNewDevice() selected device 0
D/AudioPolicyManager(  325): Now, There is no sound! so we check mAvailableOutputDevices variable
V/AudioPolicyManager(  325): getNewDevice() selected device 0
D/AudioPolicyManager(  325): Now, There is no sound! so we check mAvailableOutputDevices variable
D/CAT     (  591): CatService: Reinitialize the Service with IccRecords
D/CAT     (  591): CatService: Records changed reinitialize
D/CAT     (  591): CatService: Reinitialize the Service with new IccFilehandler
E/action=%s(  455): android.intent.action.HDMI_PLUG
E/AudioService(  455): ACTION_HDMI_PLUG receive !!!  : 
D/FlightSettingButton(  563): EVENT_SERVICE_STATE_CHANGED received
E/FlightSettingButton(  563): updateStatus : 0
D/CAT     (  591): CatService: Sending Radio Status: RADIO_ON
V/DATA    (  591): [DCT(0) ] onUpdateDataConnections: reason=radioTechnologyChanged
V/DATA    (  591): [DCT(0) ] ---dc list---
V/DATA    (  591): [DCT(0) ] ---ds list---
V/DATA    (  591): [DCT(0) ] ds= SERVICE_TYPE_DEFAULT, enabled = true, active = v4:IDLE v6:IDLE
V/DATA    (  591): [DCT(0) ] ds= SERVICE_TYPE_MMS, enabled = false, active = v4:IDLE v6:IDLE
V/DATA    (  591): [DCT(0) ] ds= SERVICE_TYPE_SUPL, enabled = false, active = v4:IDLE v6:IDLE
V/DATA    (  591): [DCT(0) ] ds= SERVICE_TYPE_DUN, enabled = false, active = v4:IDLE v6:IDLE
V/DATA    (  591): [DCT(0) ] ds= SERVICE_TYPE_HIPRI, enabled = false, active = v4:IDLE v6:IDLE
D/DATA    (  591): mMasterDataEnabled=true,isUsePacketData=true
I/DATA    (  591): [DCT(0) ] ***** NOT Ready for data :
I/DATA    (  591): [DCT(0) ] 	 getDesiredPowerState() = true
I/DATA    (  591): [DCT(0) ]    mCm.getRadioState() = RADIO_ON
I/DATA    (  591): [DCT(0) ]    [DataRadioTech = RADIO_TECH_UNKNOWN, data network state = 1, mMasterDataEnabled = true, is Roaming = false, dataOnRoamingEnable = false, isPsRestricted = false, desiredPowerState  = true, mSIMRecords = , cdmaSubSource = 1/, mRuimRecords = , checks = true/true]
V/AudioPolicyManager(  325): getNewDevice() selected device 0
D/AudioPolicyManager(  325): Now, There is no sound! so we check mAvailableOutputDevices variable
V/AudioPolicyManager(  325): getNewDevice() selected device 0
D/AudioPolicyManager(  325): Now, There is no sound! so we check mAvailableOutputDevices variable
I/TvOut-Observer(  455): ACTION android.intent.action.HDMI_PLUG
D/MyTag1  (  455): HDMI : ACTION_HDMI_PLUG
E/TvOut-Observer(  455): TvoutHDMIUpdateCableStatus : 0
I/TvOut-Observer(  455): TvoutHDMIUpdateCableStatus   off  mHdmiCableConnected :  false
I/TvOut-Observer(  455): TvoutHDMISetStatus
I/TvOut-Observer(  455): TvoutHDMISetStatus temp4 
E/TvOut-Observer(  455): TvoutHDMISetCableStatus
D/MyTag1  (  455):  hdmiCableConnected : 0
E/TvOut-Observer(  455): TvoutHDMISetCableStatus
D/MyTag1  (  455):  hdmiCableConnected : 0
D/MyTag1  (  455): HDMI cable disconnected   : ACTION_HDMI_PLUG
D/CircleMissedEventWidget(  455): received MISSED_EVENT intent !! 
I/FMRadioService(  455): *** mReceiver: VOLUME_CHANGED_ACTION
I/FMRadioService(  455):    stream: 3
I/FMRadioService(  455):    volume: 7
I/FMRadioService(  455): *** mReceiver: VOLUME_CHANGED_ACTION
I/FMRadioService(  455):    stream: 9
I/FMRadioService(  455):    volume: 7
W/EDM     (  455):  >>> CallingPolicyService.mPhoneListener.new PhoneStateListener() {...}.onServiceStateChanged()
W/EDM     (  455):  >>> CallingPolicyService.mPhoneListener.new PhoneStateListener() {...}.onServiceStateChanged()
I/FMRadioService(  455): *** mReceiver: VOLUME_CHANGED_ACTION
I/FMRadioService(  455):    stream: 3
I/FMRadioService(  455):    volume: 7
I/FMRadioService(  455): *** mReceiver: VOLUME_CHANGED_ACTION
I/FMRadioService(  455):    stream: 9
I/FMRadioService(  455):    volume: 7
I/FMRadioService(  455): *** mReceiver: VOLUME_CHANGED_ACTION
I/FMRadioService(  455):    stream: 3
I/FMRadioService(  455):    volume: 7
I/FMRadioService(  455): *** mReceiver: VOLUME_CHANGED_ACTION
I/FMRadioService(  455):    stream: 9
I/FMRadioService(  455):    volume: 7
I/FMRadioService(  455): *** mReceiver: VOLUME_CHANGED_ACTION
I/FMRadioService(  455):    stream: 3
I/FMRadioService(  455):    volume: 7
I/FMRadioService(  455): *** mReceiver: VOLUME_CHANGED_ACTION
I/FMRadioService(  455):    stream: 9
I/FMRadioService(  455):    volume: 7
D/DATA    (  591): [DSST(0)] pollstate() : reason = icc status changed
D/PROXY   (  591): ProxyManager EVENT_ICC_CHANGED for non DSDS m3gppIndex::0 m3gpp2Index::-1
D/DATA    (  591): [DSST(0)] New 3gpp application found
D/DATA    (  591): [DSST(0)] pollstate() : reason = sim ready
E/AlarmManagerService(  455): android_server_AlarmManagerService_set to type=2, 86423.894000000
I/GsmServiceStateTracker(  591): [ACTION_SIM_STATE_CHANGED] -READY
I/GsmServiceStateTracker(  591): [ACTION_SIM_STATE_CHANGED] -IMSI
V/AlarmManager(  455): Adding alarm Alarm{409ffe68 type 2 com.google.android.location} at 0
D/DATA    (  591): [DSST(0)] Poll ServiceState done: oldSS=[1 home null null null  Error in radioTechnology CSS not supported -1 -1RoamInd: -1DefRoamInd: -1EmergOnly: false] newSS=[1 home null null null  Error in radioTechnology CSS not supported -1 -1RoamInd: -1DefRoamInd: -1EmergOnly: false]
I/rmt_storage(  355): rmt_storage open event: handle=4
I/rmt_storage(  355): Opened /q6_fs1_parti_id_0x59
I/rmt_storage(  355): rmt_storage events processing done
I/rmt_storage(  355): rmt_storage client thread started 
I/rmt_storage(  355): rmt_storage send user data event
I/rmt_storage(  355): rmt_storage events processing done
I/rmt_storage(  355): rmt_storage open event: handle=5
I/rmt_storage(  355): Opened /q6_fs2_parti_id_0x5A
I/rmt_storage(  355): rmt_storage events processing done
I/rmt_storage(  355): rmt_storage send user data event
I/rmt_storage(  355): rmt_storage events processing done
I/rmt_storage(  355): rmt_storage open event: handle=6
I/rmt_storage(  355): Opened /q6_fsg_parti_id_0x5B
I/rmt_storage(  355): rmt_storage events processing done
I/rmt_storage(  355): rmt_storage send user data event
I/rmt_storage(  355): rmt_storage events processing done
D/MccTable(  591): updateMccMncConfiguration: mcc=310, mnc=410
D/MccTable(  591): locale set to en_us
D/MccTable(  591): WIFI_NUM_ALLOWED_CHANNELS set to 11
V/WifiProgressStore(  591): WifiProgressStore Created
I/rmt_storage(  355): rmt_storage client thread started 
I/rmt_storage(  355): rmt_storage client thread started 
I/WifiService(  455): WifiService trying to setNumAllowed to 11 with persist set to true
I/ActivityManager(  455): Config changed: { scale=1.0 imsi=310/410 loc=en_US touch=3 keys=1/1/2 nav=1/1 orien=1 layout=268435475 uiMode=17 seq=3 FlipFont=0}
I/Launcher(  643): onPause. Launcher: 40537a90
D/msm8660.gralloc(  455): !@/dev/pmem: allocating pmem size=3993600, offset=2048000(0x1f4000)
I/rmt_storage(  355): rmt_storage write event
I/rmt_storage(  355): rmt_storage events processing done
I/rmt_storage(  355): unblock rmt_storage client thread
D/dalvikvm(  591): GC_CONCURRENT freed 374K, 37% free 4124K/6535K, external 0K/0K, paused 2ms+102ms
I/rmt_storage(  355): rmt_storage fop(1): bytes transferred = 785920
I/rmt_storage(  355): rmt_storage fop(1): bytes transferred = 512
V/AlarmManager(  455): Adding alarm Alarm{40a5cbc0 type 2 android} at 2
V/AlarmManager(  455): Adding alarm Alarm{40a67da8 type 2 android} at 1
D/Launcher.LauncherModel(  643): DesktopItemsLoader: 1079491952, items: 22, widgets: 6, Samsung widgets: 0
D/Launcher.LauncherModel(  643): DesktopItemsLoader. Start applications loader
D/Launcher.LauncherModel(  643): startApplicationsLoader
D/Launcher.LauncherModel(  643): startApplicationsLoaderLocked
D/Launcher.LauncherModel(  643): stopAndWaitForApplicationsLoader
D/Launcher.LauncherModel(  643): created new mApplicationsAdapter: 1080066616 and new mApplications: 1080066328
D/Launcher.LauncherModel(  643): ApplicationsLoader: 1080068144, Launcher: 1079212688
D/DATA    (  591): [DSST(0)] pollstate() : reason = data network state changed
D/Launcher.LauncherModel(  643): ApplicationsLoader.run: 1080068144
D/dalvikvm(  794): GC_EXTERNAL_ALLOC freed 138K, 40% free 3359K/5575K, external 501K/1297K, paused 73ms
I/TelephonyRegistry(  455): notifyCallForwardingChanged: false
D/DATA    (  591): [DSST(0)] Poll ServiceState done: oldSS=[1 home null null null  Error in radioTechnology CSS not supported -1 -1RoamInd: -1DefRoamInd: -1EmergOnly: false] newSS=[1 home null null null  Error in radioTechnology CSS not supported -1 -1RoamInd: -1DefRoamInd: -1EmergOnly: false]
