I/StatusActivity(  511): #################
I/StatusActivity(  511): clicked Camera button
I/ActivityManager(  112): Starting: Intent { act=android.media.action.IMAGE_CAPTURE cmp=com.google.android.camera/com.android.camera.Camera } from pid 511
I/ActivityManager(  112): Start proc com.google.android.camera for activity com.google.android.camera/com.android.camera.Camera: pid=523 uid=10047 gids={1006, 1015}
I/WindowManager(  112): Setting rotation to 1, animFlags=1
I/ActivityManager(  112): Config changed: { scale=1.0 imsi=0/0 loc=en_GB touch=3 keys=1/1/2 nav=1/1 orien=2 layout=34 uiMode=17 seq=3}
I/ActivityManager(  112): No longer want com.android.mms (pid 309): hidden #16
V/CameraHolder(  523): open camera 0
E/SecCamera(   75): initCamera: m_cam_fd(15), m_jpeg_fd(0)
I/SecCamera(   75): Name of input channel[0] is S5K4ECGX
E/SecCamera(   75): initCamera: m_cam_fd2(21)
I/SecCamera(   75): Name of input channel[0] is S5K4ECGX
I/SecCamera(   75): Name of input channel[0] is S5K4ECGX
I/StagefrightPlayer(   75): setDataSource('/system/media/audio/ui/camera_click.ogg')
I/CameraHardwareSec(   75): int android::CameraHardwareSec::previewThreadWrapper(): starting
I/CameraHardwareSec(   75): int android::CameraHardwareSec::previewThreadWrapper(): calling mSecCamera->stopPreview() and waiting
W/SecCamera(   75): int android::SecCamera::stopPreview(): doing nothing because m_flag_camera_start is zero
I/StagefrightPlayer(   75): setDataSource('/system/media/audio/ui/VideoRecord.ogg')
D/Camera  (  523): app passed NULL surface
V/camera  (  523): startPreview
D/dalvikvm(  182): GC_EXTERNAL_ALLOC freed 46K, 56% free 2793K/6215K, external 5834K/5840K, paused 25ms
D/dalvikvm(  182): GC_EXTERNAL_ALLOC freed 86K, 56% free 2773K/6215K, external 5365K/5790K, paused 26ms
D/CameraHardwareSec(   75): MemoryHeapBase(fd(15), size(5068976), width(640), height(480))
I/CameraHardwareSec(   75): int android::CameraHardwareSec::previewThreadWrapper(): return from wait
I/ActivityManager(  112): Displayed com.google.android.camera/com.android.camera.Camera: +1s61ms
D/SEC_Overlay(  112): overlay_createOverlay:IN w=640 h=480 format=99
D/SEC_Overlay(  112): src width, height are changed [w= 640, h= 480]->[w=640, h= 480]
I/SEC_Overlay(  112): Opened video1/fd=238/obj=0039c3e0/shm=237/size=4096
I/SEC_Overlay(   75): Postponing Stream Enable/0/1
D/SEC_Overlay(  112): dst width, height have changed [w= 470, h= 627] -> [w=464, h= 627]
D/dalvikvm(  112): GC_EXPLICIT freed 1036K, 42% free 5106K/8775K, external 3125K/3903K, paused 50ms
D/SEC_Overlay(  112): dst width, height have changed [w= 470, h= 627] -> [w=464, h= 627]
I/SEC_Overlay(  112): Nothing to do!
D/SEC_Overlay(  112): dst width, height have changed [w= 470, h= 627] -> [w=464, h= 627]
I/SEC_Overlay(  112): Nothing to do!
D/SEC_Overlay(  112): dst width, height have changed [w= 470, h= 627] -> [w=464, h= 627]
I/SEC_Overlay(  112): Nothing to do!
W/IInputConnectionWrapper(  511): showStatusIcon on inactive InputConnection
D/SEC_Overlay(  112): dst width, height have changed [w= 470, h= 627] -> [w=464, h= 627]
I/SEC_Overlay(  112): Nothing to do!
D/SEC_Overlay(  112): dst width, height have changed [w= 470, h= 627] -> [w=464, h= 627]
I/SEC_Overlay(  112): Nothing to do!
D/SEC_Overlay(  112): dst width, height have changed [w= 470, h= 627] -> [w=464, h= 627]
I/SEC_Overlay(  112): Nothing to do!
D/SEC_Overlay(  112): dst width, height have changed [w= 470, h= 627] -> [w=464, h= 627]
I/SEC_Overlay(  112): Nothing to do!
D/SEC_Overlay(  112): dst width, height have changed [w= 470, h= 627] -> [w=464, h= 627]
I/SEC_Overlay(  112): Nothing to do!
D/SEC_Overlay(  112): dst width, height have changed [w= 470, h= 627] -> [w=464, h= 627]
I/SEC_Overlay(  112): Nothing to do!
D/SEC_Overlay(  112): dst width, height have changed [w= 470, h= 627] -> [w=464, h= 627]
I/SEC_Overlay(  112): Nothing to do!
D/SEC_Overlay(  112): dst width, height have changed [w= 470, h= 627] -> [w=464, h= 627]
I/SEC_Overlay(  112): Nothing to do!
D/SEC_Overlay(  112): dst width, height have changed [w= 470, h= 627] -> [w=464, h= 627]
I/SEC_Overlay(  112): Nothing to do!
D/SEC_Overlay(  112): dst width, height have changed [w= 470, h= 627] -> [w=464, h= 627]
I/SEC_Overlay(  112): Nothing to do!
D/SEC_Overlay(  112): dst width, height have changed [w= 470, h= 627] -> [w=464, h= 627]
I/SEC_Overlay(  112): Nothing to do!
D/libEGL  (  523): loaded /system/lib/egl/libGLES_android.so
D/libEGL  (  523): loaded /vendor/lib/egl/libEGL_POWERVR_SGX540_120.so
D/libEGL  (  523): loaded /vendor/lib/egl/libGLESv1_CM_POWERVR_SGX540_120.so
D/SEC_Overlay(  112): dst width, height have changed [w= 470, h= 627] -> [w=464, h= 627]
I/SEC_Overlay(  112): Nothing to do!
D/libEGL  (  523): loaded /vendor/lib/egl/libGLESv2_POWERVR_SGX540_120.so
V/GLRootView(  523): onSurfaceChanged: 627x470, gl10: com.google.android.gles_jni.GLImpl@40562838
V/GLRootView(  523): layout content pane 627x470
D/dalvikvm(  112): GC_EXPLICIT freed 103K, 43% free 5014K/8775K, external 3125K/3903K, paused 97ms
I/TelephonyRegistry(  112): notifyServiceState: 1 home null null null  GPRS CSS not supported -1 -1RoamInd: -1DefRoamInd: -1EmergOnly: true
I/TelephonyRegistry(  112): notifyDataConnection: state=0 isDataConnectivityPossible=false reason=null interfaceName=null networkType=1
V/camera  (  523): Start autofocus.
D/dalvikvm(  523): GC_EXTERNAL_ALLOC freed 185K, 51% free 2722K/5511K, external 2053K/2137K, paused 47ms
V/camera  (  523): doSnap: mFocusState=1
V/camera  (  523): mAutoFocusTime = 1340ms
I/CameraHardwareSec(   75): int android::CameraHardwareSec::previewThreadWrapper(): calling mSecCamera->stopPreview() and waiting
I/SecCamera(   75): int android::fimc_v4l2_querybuf(int, android::fimc_buffer*, v4l2_buf_type) :
I/SecCamera(   75): int android::fimc_v4l2_querybuf(int, android::fimc_buffer*, v4l2_buf_type): buffer->start = 0x41cc1000 v4l2_buf.length = 4261248
V/camera  (  523): mShutterLag = 367ms
I/CameraHardwareSec(   75): == Camera Sensor Detect S5K4ECGX - Samsung LSI SOC 5M ==
V/camera  (  523): mShutterToRawCallbackTime = 462ms
D/JpegEncoder(   75): encode E
D/JpegEncoder(   75): encode X
D/SecCamera(   75): Shutter speed=66635 us, iso=100
D/SecCamera(   75): AV=3, TV=4, SV=5
D/JpegEncoder(   75): makeExif E
D/JpegEncoder(   75): makeExif X
I/SecCamera(   75): int android::SecCamera::endSnapshot() :
I/SecCamera(   75): munmap():virt. addr 0x41cc1000 size = 4261248
D/dalvikvm(  523): GC_FOR_MALLOC freed 28K, 51% free 2704K/5511K, external 2243K/2682K, paused 15ms
I/dalvikvm-heap(  523): Grow heap (frag case) to 9.183MB for 1896656-byte allocation
D/dalvikvm(  523): GC_FOR_MALLOC freed <1K, 39% free 4556K/7367K, external 2053K/2565K, paused 13ms
V/camera  (  523): mPictureDisplayedToJpegCallbackTime = 69ms
V/camera  (  523): mJpegCallbackFinishTime = 16ms
D/dalvikvm(  523): GC_CONCURRENT freed 2K, 39% free 4556K/7367K, external 2053K/2565K, paused 2ms+2ms









I/CameraHardwareSec(   75): virtual void android::CameraHardwareSec::stopPreview() : preview not running, doing nothing
I/CameraHardwareSec(   75): virtual void android::CameraHardwareSec::stopPreview() : preview not running, doing nothing
I/CameraHardwareSec(   75): int android::CameraHardwareSec::previewThreadWrapper(): return from wait
I/CameraHardwareSec(   75): int android::CameraHardwareSec::previewThreadWrapper(): exiting
W/SecCamera(   75): int android::SecCamera::stopPreview(): doing nothing because m_flag_camera_start is zero
I/CameraHardwareSec(   75): virtual void android::CameraHardwareSec::release(): calling mPreviewHeap.dispose()
W/SecCamera(   75): int android::SecCamera::stopRecord(): doing nothing because m_flag_record_start is zero
I/SecCamera(   75): DeinitCamera: m_cam_fd(15)
D/SEC_Overlay(  112): overlay_destroyOverlay:IN dev (0x28f0a0) and overlay (0x39c3e0)
I/SEC_Overlay(  112): Destroying overlay/fd=238/obj=0039c3e0
D/SEC_Overlay(  112): overlay_destroyOverlay:OUT
I/SecCamera(   75): DeinitCamera: m_cam_fd2(21)
I/WindowManager(  112): Setting rotation to 0, animFlags=1
I/ActivityManager(  112): Config changed: { scale=1.0 imsi=0/0 loc=en_GB touch=3 keys=1/1/2 nav=1/1 orien=1 layout=34 uiMode=17 seq=4}
D/dalvikvm(  287): GC_EXPLICIT freed 123K, 51% free 2637K/5379K, external 1625K/2137K, paused 311ms
I/StatusActivity(  511): Camera Handling results!
I/StatusActivity(  511): orig total bytes: 38400
I/StatusActivity(  511): orig width: 120
I/StatusActivity(  511): orig height: 160
I/StatusActivity(  511): new width: 156
I/StatusActivity(  511): new height: 208
I/StatusActivity(  511): new total bytes: 64896
I/StatusActivity(  511): 111111111
I/StatusActivity(  511): 222222222
I/StatusActivity(  511): 3333333333
I/StatusActivity(  511): I'm a leader, photo packet going to mux directly
I/Mux     (  511): 1331147907533: Inside CLIENT_REQUEST
I/Mux     (  511): I'm a leader, about to process Packet.CLIENT_REQUEST in userApp
I/UserApp (  511): 1331147907534: Inside CLIENT_NEW_PHOTO!!
I/VCoreDaemon(  511): 1331147907534: Sending PROC_REQUEST 1:1 (1,0)->(1,0)
I/VCoreDaemon(  511): 1331147907535: Dispatching Atom PROC_REQUEST 1:1 (1,0)->(1,0)
I/NetworkThread(  511): 1331147907538: Sending UDP payload: 43430
I/StatusActivity(  511): 44444444444
I/VCoreDaemon(  511): 1331147907545: removed replies before id 1 from sentReplies of size 0
I/UserApp (  511): 1331147907546: Inside UPLOAD_PHOTO!!
I/UserApp (  511): 1331147907547: Upload Photo succeeded
I/StatusActivity(  511): 1331147907548: SAMPLING_DISTANCE : 1, SAMPLING_DURATION : 1000
I/VCoreDaemon(  511): 1331147907552: Received PROC_REQUEST 1:1 (1,0)->(1,0), replying PROC_REPLY 1:1 (1,0)->(1,0)
I/VCoreDaemon(  511): 1331147907561: Dispatching Atom PROC_REPLY 1:1 (1,0)->(1,0)
I/NetworkThread(  511): 1331147907567: Sending UDP payload: 763
I/VCoreDaemon(  511): 1331147907570: Received PROC_REPLY 1:1 (1,0)->(1,0), handing to UserApp
I/UserApp (  511): 1331147907573: Procedure 1:1 on (1,0) successful
I/UserApp (  511): 1331147907574: Exception deserializing completed SparseRunner!
W/System.err(  511): java.lang.NullPointerException
W/System.err(  511):    at java.io.ByteArrayInputStream.<init>(ByteArrayInputStream.java:58)
W/System.err(  511):    at edu.mit.csail.diplomamatrix.UserApp.srFromBytes(UserApp.java:163)
W/System.err(  511):    at edu.mit.csail.diplomamatrix.UserApp.handleDSMReply(UserApp.java:81)
W/System.err(  511):    at edu.mit.csail.diplomamatrix.DSMLayer.handleCSMOp(DSMLayer.java:197)
W/System.err(  511):    at edu.mit.csail.diplomamatrix.Mux.processMessage(Mux.java:100)
W/IInputConnectionWrapper(  523): showStatusIcon on inactive InputConnection
W/System.err(  511):    at edu.mit.csail.diplomamatrix.Mux.access$1(Mux.java:50)
W/System.err(  511):    at edu.mit.csail.diplomamatrix.Mux$2.handleMessage(Mux.java:207)
W/System.err(  511):    at android.os.Handler.dispatchMessage(Handler.java:99)
W/System.err(  511):    at android.os.Looper.loop(Looper.java:123)
W/System.err(  511):    at edu.mit.csail.diplomamatrix.Mux.run(Mux.java:211)
D/dalvikvm(  112): GC_EXPLICIT freed 89K, 43% free 5009K/8775K, external 3125K/3903K, paused 76ms
I/VCoreDaemon(  511): inside sendPacket(Packet p)
I/NetworkThread(  511): 1331147913889: Sending UDP payload: 399
D/dalvikvm(  324): GC_EXPLICIT freed 192K, 52% free 2662K/5511K, external 1625K/2137K, paused 60ms
I/VCoreDaemon(  511): inside sendPacket(Packet p)
I/NetworkThread(  511): 1331147943905: Sending UDP payload: 399
I/VCoreDaemon(  511): inside sendPacket(Packet p)
I/NetworkThread(  511): 1331147973914: Sending UDP payload: 399
D/dalvikvm(  423): GC_EXPLICIT freed 30K, 53% free 2580K/5379K, external 1625K/2137K, paused 60ms
I/VCoreDaemon(  511): inside sendPacket(Packet p)
I/NetworkThread(  511): 1331148003929: Sending UDP payload: 399
I/VCoreDaemon(  511): inside sendPacket(Packet p)
I/NetworkThread(  511): 1331148033925: Sending UDP payload: 399
I/VCoreDaemon(  511): inside sendPacket(Packet p)
I/NetworkThread(  511): 1331148063944: Sending UDP payload: 399

