I/GTalkService/c(  452): [AndroidEndpoint@1094767688] connect: acct=1000001, state=CONNECTING
D/dalvikvm(  218): GC_CONCURRENT freed 398K, 6% free 10160K/10759K, paused 2ms+3ms
D/ConnectivityService(  148): handleInetConditionHoldEnd: net=0, condition=100, published condition=0
W/Smack/Packet(  452): notify conn break (IOEx), close connection
D/ConnectivityService(  148): handleInetConditionHoldEnd: net=0, condition=0, published condition=100
I/GTalkService/c(  452): [AndroidEndpoint@1094767688] connect: acct=1000001, state=CONNECTING
D/dalvikvm(  452): GC_CONCURRENT freed 422K, 8% free 10049K/10823K, paused 14ms+3ms
D/ConnectivityService(  148): handleInetConditionHoldEnd: net=0, condition=100, published condition=0
W/Smack/Packet(  452): notify conn break (IOEx), close connection
D/ConnectivityService(  148): handleInetConditionHoldEnd: net=0, condition=0, published condition=100
I/GTalkService/c(  452): [AndroidEndpoint@1094767688] connect: acct=1000001, state=CONNECTING
D/dalvikvm(  452): GC_CONCURRENT freed 386K, 8% free 10049K/10823K, paused 14ms+3ms
D/ConnectivityService(  148): handleInetConditionHoldEnd: net=0, condition=100, published condition=0
W/Smack/Packet(  452): notify conn break (IOEx), close connection
D/ConnectivityService(  148): handleInetConditionHoldEnd: net=0, condition=0, published condition=100
I/GTalkService/c(  452): [AndroidEndpoint@1094767688] connect: acct=1000001, state=CONNECTING
D/ConnectivityService(  148): handleInetConditionHoldEnd: net=0, condition=100, published condition=0
W/Smack/Packet(  452): notify conn break (IOEx), close connection
D/ConnectivityService(  148): handleInetConditionHoldEnd: net=0, condition=0, published condition=100
I/GTalkService/c(  452): [AndroidEndpoint@1094767688] connect: acct=1000001, state=CONNECTING
D/dalvikvm(  452): GC_CONCURRENT freed 385K, 7% free 10069K/10823K, paused 2ms+3ms
D/ConnectivityService(  148): handleInetConditionHoldEnd: net=0, condition=100, published condition=0
W/Smack/Packet(  452): notify conn break (IOEx), close connection
D/ConnectivityService(  148): handleInetConditionHoldEnd: net=0, condition=0, published condition=100
D/AlarmManagerService(  148): Kernel timezone updated to 240 minutes west of GMT
D/SystemClock(  314): Setting time of day to sec=1333737040
V/AlarmClock(  554): AlarmInitReceiver finished
D/dalvikvm(  148): GC_CONCURRENT freed 912K, 13% free 13282K/15175K, paused 2ms+5ms
D/dalvikvm(  452): GC_EXPLICIT freed 205K, 8% free 9996K/10823K, paused 3ms+3ms
D/dalvikvm(  314): GC_CONCURRENT freed 420K, 6% free 9510K/10055K, paused 13ms+3ms
D/dalvikvm(  148): GC_EXPLICIT freed 133K, 14% free 13174K/15175K, paused 2ms+5ms
I/GTalkService/c(  452): [AndroidEndpoint@1094767688] connect: acct=1000001, state=CONNECTING
W/Smack/Packet(  452): notify conn break (IOEx), close connection
D/ConnectivityService(  148): handleInetConditionHoldEnd: net=0, condition=0, published condition=0
I/GTalkService/c(  452): [AndroidEndpoint@1094767688] connect: acct=1000001, state=CONNECTING
D/dalvikvm(  452): GC_CONCURRENT freed 355K, 8% free 10035K/10823K, paused 14ms+2ms
D/ConnectivityService(  148): handleInetConditionHoldEnd: net=0, condition=100, published condition=0
W/Smack/Packet(  452): notify conn break (IOEx), close connection
D/ConnectivityService(  148): handleInetConditionHoldEnd: net=0, condition=0, published condition=100
I/GTalkService/c(  452): [AndroidEndpoint@1094767688] connect: acct=1000001, state=CONNECTING
D/ConnectivityService(  148): handleInetConditionHoldEnd: net=0, condition=100, published condition=0
W/Smack/Packet(  452): notify conn break (IOEx), close connection
D/ConnectivityService(  148): handleInetConditionHoldEnd: net=0, condition=0, published condition=100
I/GTalkService/c(  452): [AndroidEndpoint@1094767688] connect: acct=1000001, state=CONNECTING
D/dalvikvm(  452): GC_CONCURRENT freed 374K, 8% free 10063K/10823K, paused 14ms+2ms
D/ConnectivityService(  148): handleInetConditionHoldEnd: net=0, condition=100, published condition=0
W/Smack/Packet(  452): notify conn break (IOEx), close connection
D/ConnectivityService(  148): handleInetConditionHoldEnd: net=0, condition=0, published condition=100
I/GTalkService/c(  452): [AndroidEndpoint@1094767688] connect: acct=1000001, state=CONNECTING
D/ConnectivityService(  148): handleInetConditionHoldEnd: net=0, condition=100, published condition=0
W/Smack/Packet(  452): notify conn break (IOEx), close connection
D/dalvikvm(  452): GC_CONCURRENT freed 407K, 8% free 10041K/10823K, paused 14ms+3ms
D/ConnectivityService(  148): handleInetConditionHoldEnd: net=0, condition=0, published condition=100
I/GTalkService/c(  452): [AndroidEndpoint@1094767688] connect: acct=1000001, state=CONNECTING
D/ConnectivityService(  148): handleInetConditionHoldEnd: net=0, condition=100, published condition=0
W/Smack/Packet(  452): notify conn break (IOEx), close connection
D/ConnectivityService(  148): handleInetConditionHoldEnd: net=0, condition=0, published condition=100
I/GTalkService/c(  452): [AndroidEndpoint@1094767688] connect: acct=1000001, state=CONNECTING
D/dalvikvm(  452): GC_CONCURRENT freed 377K, 8% free 10061K/10823K, paused 14ms+3ms
D/ConnectivityService(  148): handleInetConditionHoldEnd: net=0, condition=100, published condition=0
W/Smack/Packet(  452): notify conn break (IOEx), close connection
I/EventLogService(  452): Aggregate from 1333735561783 (log), 1333735561783 (data)
I/ServiceDumpSys(  452): dumping service [account]
D/ConnectivityService(  148): handleInetConditionHoldEnd: net=0, condition=0, published condition=100
I/GTalkService/c(  452): [AndroidEndpoint@1094767688] connect: acct=1000001, state=CONNECTING
D/ConnectivityService(  148): handleInetConditionHoldEnd: net=0, condition=100, published condition=0
W/Smack/Packet(  452): notify conn break (IOEx), close connection
D/dalvikvm(  452): GC_CONCURRENT freed 401K, 8% free 10044K/10823K, paused 1ms+2ms
D/ConnectivityService(  148): handleInetConditionHoldEnd: net=0, condition=0, published condition=100
I/GTalkService/c(  452): [AndroidEndpoint@1094767688] connect: acct=1000001, state=CONNECTING
D/ConnectivityService(  148): handleInetConditionHoldEnd: net=0, condition=100, published condition=0
W/Smack/Packet(  452): notify conn break (IOEx), close connection
D/ConnectivityService(  148): handleInetConditionHoldEnd: net=0, condition=0, published condition=100
I/GTalkService/c(  452): [AndroidEndpoint@1094767688] connect: acct=1000001, state=CONNECTING
D/dalvikvm(  452): GC_CONCURRENT freed 370K, 7% free 10068K/10823K, paused 14ms+3ms
D/ConnectivityService(  148): handleInetConditionHoldEnd: net=0, condition=100, published condition=0
W/Smack/Packet(  452): notify conn break (IOEx), close connection
D/ConnectivityService(  148): handleInetConditionHoldEnd: net=0, condition=0, published condition=100
I/GTalkService/c(  452): [AndroidEndpoint@1094767688] connect: acct=1000001, state=CONNECTING
D/ConnectivityService(  148): handleInetConditionHoldEnd: net=0, condition=100, published condition=0
W/Smack/Packet(  452): notify conn break (IOEx), close connection
D/ConnectivityService(  148): handleInetConditionHoldEnd: net=0, condition=0, published condition=100
I/GTalkService/c(  452): [AndroidEndpoint@1094767688] connect: acct=1000001, state=CONNECTING
D/dalvikvm(  452): GC_CONCURRENT freed 408K, 7% free 10069K/10823K, paused 2ms+3ms
D/ConnectivityService(  148): handleInetConditionHoldEnd: net=0, condition=100, published condition=0
W/Smack/Packet(  452): notify conn break (IOEx), close connection
D/ConnectivityService(  148): handleInetConditionHoldEnd: net=0, condition=0, published condition=100
I/GTalkService/c(  452): [AndroidEndpoint@1094767688] connect: acct=1000001, state=CONNECTING
D/ConnectivityService(  148): handleInetConditionHoldEnd: net=0, condition=100, published condition=0
W/Smack/Packet(  452): notify conn break (IOEx), close connection
D/dalvikvm(  148): GC_CONCURRENT freed 809K, 13% free 13278K/15175K, paused 17ms+5ms
D/ConnectivityService(  148): handleInetConditionHoldEnd: net=0, condition=0, published condition=100
I/GTalkService/c(  452): [AndroidEndpoint@1094767688] connect: acct=1000001, state=CONNECTING
D/dalvikvm(  452): GC_CONCURRENT freed 425K, 8% free 10030K/10823K, paused 14ms+3ms
D/ConnectivityService(  148): handleInetConditionHoldEnd: net=0, condition=100, published condition=0
D/dalvikvm(  218): GC_CONCURRENT freed 388K, 6% free 10155K/10759K, paused 12ms+3ms
W/Smack/Packet(  452): notify conn break (IOEx), close connection
D/ConnectivityService(  148): handleInetConditionHoldEnd: net=0, condition=0, published condition=100
I/GTalkService/c(  452): [AndroidEndpoint@1094767688] connect: acct=1000001, state=CONNECTING
D/dalvikvm(  452): GC_CONCURRENT freed 390K, 8% free 10056K/10823K, paused 14ms+3ms
D/ConnectivityService(  148): handleInetConditionHoldEnd: net=0, condition=100, published condition=0
W/Smack/Packet(  452): notify conn break (IOEx), close connection
D/ConnectivityService(  148): handleInetConditionHoldEnd: net=0, condition=0, published condition=100
I/GTalkService/c(  452): [AndroidEndpoint@1094767688] connect: acct=1000001, state=CONNECTING
D/dalvikvm(  148): GC_EXPLICIT freed 253K, 14% free 13195K/15175K, paused 20ms+5ms
D/ConnectivityService(  148): handleInetConditionHoldEnd: net=0, condition=100, published condition=0
W/Smack/Packet(  452): notify conn break (IOEx), close connection
D/ConnectivityService(  148): handleInetConditionHoldEnd: net=0, condition=0, published condition=100
I/GTalkService/c(  452): [AndroidEndpoint@1094767688] connect: acct=1000001, state=CONNECTING
D/dalvikvm(  452): GC_CONCURRENT freed 393K, 7% free 10069K/10823K, paused 2ms+2ms
D/ConnectivityService(  148): handleInetConditionHoldEnd: net=0, condition=100, published condition=0
W/Smack/Packet(  452): notify conn break (IOEx), close connection
D/ConnectivityService(  148): handleInetConditionHoldEnd: net=0, condition=0, published condition=100
I/GTalkService/c(  452): [AndroidEndpoint@1094767688] connect: acct=1000001, state=CONNECTING
D/ConnectivityService(  148): handleInetConditionHoldEnd: net=0, condition=100, published condition=0
W/Smack/Packet(  452): notify conn break (IOEx), close connection
D/ConnectivityService(  148): handleInetConditionHoldEnd: net=0, condition=0, published condition=100
I/GTalkService/c(  452): [AndroidEndpoint@1094767688] connect: acct=1000001, state=CONNECTING
D/dalvikvm(  452): GC_CONCURRENT freed 415K, 8% free 10047K/10823K, paused 14ms+3ms
D/ConnectivityService(  148): handleInetConditionHoldEnd: net=0, condition=100, published condition=0
W/Smack/Packet(  452): notify conn break (IOEx), close connection
D/ConnectivityService(  148): handleInetConditionHoldEnd: net=0, condition=0, published condition=100
I/GTalkService/c(  452): [AndroidEndpoint@1094767688] connect: acct=1000001, state=CONNECTING
D/dalvikvm(  452): GC_CONCURRENT freed 386K, 8% free 10055K/10823K, paused 1ms+3ms
W/Smack/Packet(  452): notify conn break (IOEx), close connection
D/ConnectivityService(  148): handleInetConditionHoldEnd: net=0, condition=0, published condition=0
I/GTalkService/c(  452): [AndroidEndpoint@1094767688] connect: acct=1000001, state=CONNECTING
D/ConnectivityService(  148): handleInetConditionHoldEnd: net=0, condition=100, published condition=0
W/Smack/Packet(  452): notify conn break (IOEx), close connection
D/ConnectivityService(  148): handleInetConditionHoldEnd: net=0, condition=0, published condition=100
I/GTalkService/c(  452): [AndroidEndpoint@1094767688] connect: acct=1000001, state=CONNECTING
D/dalvikvm(  452): GC_CONCURRENT freed 380K, 7% free 10069K/10823K, paused 2ms+3ms
D/ConnectivityService(  148): handleInetConditionHoldEnd: net=0, condition=100, published condition=0
W/Smack/Packet(  452): notify conn break (IOEx), close connection
D/ConnectivityService(  148): handleInetConditionHoldEnd: net=0, condition=0, published condition=100
I/GTalkService/c(  452): [AndroidEndpoint@1094767688] connect: acct=1000001, state=CONNECTING
D/ConnectivityService(  148): handleInetConditionHoldEnd: net=0, condition=100, published condition=0
W/Smack/Packet(  452): notify conn break (IOEx), close connection
D/ConnectivityService(  148): handleInetConditionHoldEnd: net=0, condition=0, published condition=100
I/GTalkService/c(  452): [AndroidEndpoint@1094767688] connect: acct=1000001, state=CONNECTING
D/dalvikvm(  452): GC_CONCURRENT freed 417K, 8% free 10048K/10823K, paused 14ms+3ms
D/ConnectivityService(  148): handleInetConditionHoldEnd: net=0, condition=100, published condition=0
W/Smack/Packet(  452): notify conn break (IOEx), close connection
D/ConnectivityService(  148): handleInetConditionHoldEnd: net=0, condition=0, published condition=100
D/dalvikvm(  148): GC_CONCURRENT freed 840K, 13% free 13279K/15175K, paused 17ms+5ms
I/GTalkService/c(  452): [AndroidEndpoint@1094767688] connect: acct=1000001, state=CONNECTING
D/dalvikvm(  452): GC_CONCURRENT freed 385K, 8% free 10057K/10823K, paused 14ms+3ms
D/ConnectivityService(  148): handleInetConditionHoldEnd: net=0, condition=100, published condition=0
W/Smack/Packet(  452): notify conn break (IOEx), close connection
D/ConnectivityService(  148): handleInetConditionHoldEnd: net=0, condition=0, published condition=100
D/dalvikvm(  218): GC_CONCURRENT freed 374K, 6% free 10165K/10759K, paused 1ms+3ms
I/GTalkService/c(  452): [AndroidEndpoint@1094767688] connect: acct=1000001, state=CONNECTING
D/ConnectivityService(  148): handleInetConditionHoldEnd: net=0, condition=100, published condition=0
W/Smack/Packet(  452): notify conn break (IOEx), close connection
D/ConnectivityService(  148): handleInetConditionHoldEnd: net=0, condition=0, published condition=100
I/GTalkService/c(  452): [AndroidEndpoint@1094767688] connect: acct=1000001, state=CONNECTING
D/dalvikvm(  452): GC_CONCURRENT freed 389K, 7% free 10068K/10823K, paused 1ms+2ms
D/ConnectivityService(  148): handleInetConditionHoldEnd: net=0, condition=100, published condition=0
W/Smack/Packet(  452): notify conn break (IOEx), close connection
D/ConnectivityService(  148): handleInetConditionHoldEnd: net=0, condition=0, published condition=100
D/dalvikvm(  148): GC_CONCURRENT freed 987K, 13% free 13260K/15175K, paused 16ms+6ms
I/EventLogService(  452): Aggregate from 1333737361900 (log), 1333737361900 (data)
I/ServiceDumpSys(  452): dumping service [account]
I/GTalkService/c(  452): [AndroidEndpoint@1094767688] connect: acct=1000001, state=CONNECTING
D/dalvikvm(  452): GC_CONCURRENT freed 393K, 8% free 10060K/10823K, paused 2ms+3ms
D/ConnectivityService(  148): handleInetConditionHoldEnd: net=0, condition=100, published condition=0
W/Smack/Packet(  452): notify conn break (IOEx), close connection
D/ConnectivityService(  148): handleInetConditionHoldEnd: net=0, condition=0, published condition=100
I/GTalkService/c(  452): [AndroidEndpoint@1094767688] connect: acct=1000001, state=CONNECTING
D/ConnectivityService(  148): handleInetConditionHoldEnd: net=0, condition=100, published condition=0
W/Smack/Packet(  452): notify conn break (IOEx), close connection
D/ConnectivityService(  148): handleInetConditionHoldEnd: net=0, condition=0, published condition=100
I/GTalkService/c(  452): [AndroidEndpoint@1094767688] connect: acct=1000001, state=CONNECTING
D/dalvikvm(  452): GC_CONCURRENT freed 387K, 7% free 10069K/10823K, paused 2ms+3ms
D/ConnectivityService(  148): handleInetConditionHoldEnd: net=0, condition=100, published condition=0
D/dalvikvm(  218): GC_CONCURRENT freed 373K, 6% free 10180K/10759K, paused 1ms+3ms
W/Smack/Packet(  452): notify conn break (IOEx), close connection
D/ConnectivityService(  148): handleInetConditionHoldEnd: net=0, condition=0, published condition=100
I/GTalkService/c(  452): [AndroidEndpoint@1094767688] connect: acct=1000001, state=CONNECTING
D/dalvikvm(  148): GC_EXPLICIT freed 484K, 13% free 13225K/15175K, paused 24ms+5ms
D/ConnectivityService(  148): handleInetConditionHoldEnd: net=0, condition=100, published condition=0
W/Smack/Packet(  452): notify conn break (IOEx), close connection
D/ConnectivityService(  148): handleInetConditionHoldEnd: net=0, condition=0, published condition=100
I/GTalkService/c(  452): [AndroidEndpoint@1094767688] connect: acct=1000001, state=CONNECTING
D/dalvikvm(  452): GC_CONCURRENT freed 414K, 8% free 10048K/10823K, paused 14ms+2ms
D/ConnectivityService(  148): handleInetConditionHoldEnd: net=0, condition=100, published condition=0
W/Smack/Packet(  452): notify conn break (IOEx), close connection
D/ConnectivityService(  148): handleInetConditionHoldEnd: net=0, condition=0, published condition=100
I/GTalkService/c(  452): [AndroidEndpoint@1094767688] connect: acct=1000001, state=CONNECTING
D/dalvikvm(  452): GC_CONCURRENT freed 387K, 8% free 10056K/10823K, paused 13ms+3ms
D/ConnectivityService(  148): handleInetConditionHoldEnd: net=0, condition=100, published condition=0
D/dalvikvm(  148): GC_CONCURRENT freed 900K, 13% free 13251K/15175K, paused 3ms+5ms
D/AlarmManagerService(  148): Kernel timezone updated to 240 minutes west of GMT
D/SystemClock(  314): Setting time of day to sec=1333740642
V/AlarmClock(  554): AlarmInitReceiver finished
D/dalvikvm(  927): GC_CONCURRENT freed 277K, 5% free 9193K/9607K, paused 2ms+3ms
D/dalvikvm(  218): GC_CONCURRENT freed 435K, 6% free 10203K/10759K, paused 2ms+7ms
I/EventLogService(  452): Aggregate from 1333739162005 (log), 1333739162005 (data)
I/ServiceDumpSys(  452): dumping service [account]
I/CheckinService(  452): Preparing to send checkin request
I/EventLogService(  452): Accumulating logs since 1333740962122
I/CheckinTask(  452): Sending checkin request (1718 bytes)
D/dalvikvm(  452): GC_CONCURRENT freed 353K, 7% free 10106K/10823K, paused 1ms+4ms
I/CheckinTask(  452): Checkin success: https://android.clients.google.com/checkin (1 requests sent)
D/dalvikvm(  148): GC_CONCURRENT freed 928K, 13% free 13256K/15175K, paused 2ms+5ms
D/dalvikvm(  218): GC_CONCURRENT freed 431K, 6% free 10208K/10759K, paused 2ms+4ms
D/dalvikvm(  148): GC_CONCURRENT freed 959K, 13% free 13276K/15175K, paused 3ms+6ms
D/dalvikvm( 1210): GC_CONCURRENT freed 304K, 5% free 10128K/10567K, paused 2ms+3ms
I/EventLogService(  452): Aggregate from 1333741000948 (log), 1333740962122 (data)
I/ServiceDumpSys(  452): dumping service [account]
D/dalvikvm(  314): GC_CONCURRENT freed 409K, 6% free 9513K/10055K, paused 1ms+2ms
D/dalvikvm(  148): GC_CONCURRENT freed 977K, 13% free 13245K/15175K, paused 3ms+5ms
D/dalvikvm(  218): GC_CONCURRENT freed 436K, 6% free 10190K/10759K, paused 2ms+4ms
D/AlarmManagerService(  148): Kernel timezone updated to 240 minutes west of GMT
D/SystemClock(  314): Setting time of day to sec=1333744244
V/AlarmClock(  554): AlarmInitReceiver finished
D/dalvikvm(  148): GC_CONCURRENT freed 951K, 13% free 13228K/15175K, paused 2ms+5ms
D/dalvikvm(  218): GC_CONCURRENT freed 421K, 6% free 10207K/10759K, paused 1ms+3ms
I/EventLogService(  452): Aggregate from 1333742762244 (log), 1333742762244 (data)
D/dalvikvm(  452): GC_CONCURRENT freed 441K, 7% free 10070K/10823K, paused 2ms+3ms
I/ServiceDumpSys(  452): dumping service [account]
D/dalvikvm( 1325): GC_CONCURRENT freed 425K, 7% free 10013K/10759K, paused 1ms+2ms
D/dalvikvm(  148): GC_CONCURRENT freed 914K, 13% free 13250K/15175K, paused 2ms+5ms
D/dalvikvm(  218): GC_CONCURRENT freed 439K, 6% free 10193K/10759K, paused 2ms+4ms
D/dalvikvm(  148): GC_CONCURRENT freed 939K, 13% free 13246K/15175K, paused 2ms+4ms
I/EventLogService(  452): Aggregate from 1333744562358 (log), 1333744562358 (data)
I/ServiceDumpSys(  452): dumping service [account]
D/dalvikvm(  218): GC_CONCURRENT freed 438K, 6% free 10200K/10759K, paused 1ms+4ms
D/dalvikvm(  148): GC_CONCURRENT freed 930K, 13% free 13250K/15175K, paused 2ms+5ms
D/dalvikvm(  314): GC_CONCURRENT freed 414K, 6% free 9508K/10055K, paused 2ms+2ms
D/AlarmManagerService(  148): Kernel timezone updated to 240 minutes west of GMT
D/SystemClock(  314): Setting time of day to sec=1333747846
D/dalvikvm(  148): GC_EXPLICIT freed 883K, 13% free 13249K/15175K, paused 3ms+5ms
V/AlarmClock(  554): AlarmInitReceiver finished
D/dalvikvm(  218): GC_CONCURRENT freed 433K, 6% free 10196K/10759K, paused 2ms+4ms
D/dalvikvm(  452): GC_EXPLICIT freed 211K, 8% free 10034K/10823K, paused 2ms+2ms
I/EventLogService(  452): Aggregate from 1333746362553 (log), 1333746362553 (data)
I/ServiceDumpSys(  452): dumping service [account]
I/CheckinService(  452): Preparing to send checkin request
I/EventLogService(  452): Accumulating logs since 1333748162675
I/CheckinTask(  452): Sending checkin request (1634 bytes)
D/dalvikvm(  452): GC_CONCURRENT freed 331K, 7% free 10113K/10823K, paused 2ms+3ms
I/CheckinTask(  452): Checkin success: https://android.clients.google.com/checkin (1 requests sent)
D/dalvikvm(  148): GC_CONCURRENT freed 933K, 13% free 13259K/15175K, paused 16ms+5ms
D/dalvikvm(  218): GC_CONCURRENT freed 438K, 6% free 10192K/10759K, paused 2ms+4ms
D/dalvikvm(  148): GC_CONCURRENT freed 942K, 13% free 13251K/15175K, paused 7ms+5ms
I/EventLogService(  452): Aggregate from 1333748210148 (log), 1333748162675 (data)
I/ServiceDumpSys(  452): dumping service [account]
D/dalvikvm(  314): GC_CONCURRENT freed 429K, 6% free 9508K/10055K, paused 2ms+2ms
D/dalvikvm(  148): GC_CONCURRENT freed 930K, 13% free 13256K/15175K, paused 24ms+5ms
D/dalvikvm(  218): GC_CONCURRENT freed 441K, 6% free 10193K/10759K, paused 2ms+3ms
D/AlarmManagerService(  148): Kernel timezone updated to 240 minutes west of GMT
V/AlarmClock(  554): AlarmInitReceiver finished
D/SystemClock(  314): Setting time of day to sec=1333751447
D/dalvikvm(  148): GC_CONCURRENT freed 943K, 13% free 13251K/15175K, paused 9ms+5ms
I/EventLogService(  452): Aggregate from 1333749962773 (log), 1333749962773 (data)
I/ServiceDumpSys(  452): dumping service [account]
D/dalvikvm(  218): GC_CONCURRENT freed 440K, 6% free 10193K/10759K, paused 2ms+4ms
I/power   (  148): *** set_screen_state 1
D/PicasaSyncManager( 1000): battery info: false
I/WindowManager(  148): Lock screen displayed!
D/dalvikvm(  148): GC_CONCURRENT freed 1084K, 14% free 13150K/15175K, paused 2ms+5ms
D/SurfaceFlinger(   78): Screen about to return, flinger = 0x1bcf918
D/PhoneStatusBar(  218): disable: < expand icons alerts ticker* system_info BACK HOME recent CLOCK >
D/NfcService(  327): NFC-C ON
D/PhoneStatusBar(  218): disable: < expand icons alerts ticker system_info back* home* recent clock* >
W/InputManagerService(  148): Window already focused, ignoring focus gain of: com.android.internal.view.IInputMethodClient$Stub$Proxy@416a6108
D/PhoneStatusBar(  218): disable: < EXPAND* icons alerts ticker system_info back home recent clock >
D/AudioHardware(   81): AudioHardware pcm playback is exiting standby.
D/AudioHardware(   81): openPcmOut_l() mPcmOpenCnt: 0
D/BluetoothAdapterStateMachine(  148): HotOff process message: 55
D/BluetoothEventLoop(  148): Property Changed: UUIDs : 9
E/BluetoothService.cpp(  148): setBluetoothTetheringNative false
D/BluetoothEventLoop(  148): Property Changed: UUIDs : 8
D/BluetoothEventLoop(  148): Property Changed: UUIDs : 7
D/BluetoothEventLoop(  148): Property Changed: UUIDs : 6
D/BluetoothEventLoop(  148): Property Changed: UUIDs : 5
D/dalvikvm(  314): GC_CONCURRENT freed 422K, 6% free 9504K/10055K, paused 3ms+2ms
I/bluedroid(  148): Stopping bluetoothd deamon
D/PhoneStatusBar(  218): disable: < expand* icons alerts ticker system_info back home recent clock >
W/InputManagerService(  148): Window already focused, ignoring focus gain of: com.android.internal.view.IInputMethodClient$Stub$Proxy@4172c978
I/NfcService(  327): Disabling NFC
D/NdefPushServer(  327): stop, thread = Thread[Thread-36,5,main]
D/NdefPushServer(  327): shuting down server thread
D/NFC JNI (  327): Terminating client thread...
D/NFC JNI (  327): phLibNfc_Mgt_UnConfigureDriver() returned 0x0000[NFCSTATUS_SUCCESS]
I/bluedroid(  148): Stopping hciattach deamon
D/BluetoothAdapterStateMachine(  148): Bluetooth state 10 -> 10
D/AudioHardware(   81): AudioHardware pcm playback is going to standby.
D/AudioHardware(   81): closePcmOut_l() mPcmOpenCnt: 1
D/AlarmManagerService(  148): Kernel timezone updated to 240 minutes west of GMT
V/AlarmClock(  554): AlarmInitReceiver finished
D/SystemClock(  314): Setting time of day to sec=1333752432
D/ConnectivityService(  148): ConnectivityChange for mobile: DISCONNECTED/DISCONNECTED
D/ConnectivityService(  148): Attempting to switch to wifi
D/ConnectivityService(  148): Attempting to switch to BLUETOOTH_TETHER
D/NetUtils(  148): android_net_utils_resetConnections in env=0x9500e0 clazz=0x9b500001 iface=rmnet0 mask=0x3
D/ConnectivityService(  148): resetConnections(rmnet0, 3)
W/Smack/Packet(  452): notify conn break (IOEx), close connection
I/qtaguid (  452): Failed write_ctrl(u 68) res=-1 errno=22
I/qtaguid (  452): Untagging socket 68 failed errno=-22
W/NetworkManagementSocketTagger(  452): untagSocket(68) failed with errno -22
D/ConnectivityService(  148): handleInetConditionChange: no active default network - ignore
D/NetworkLocator(  452): null cell state delivered
D/NetworkLocator(  452): null cell state delivered
D/Tethering(  148): MasterInitialState.processMessage what=3
D/dalvikvm(  148): GC_EXPLICIT freed 765K, 13% free 13277K/15175K, paused 2ms+6ms
I/MediaUploader(  982): No need to wake up
D/PicasaSyncManager( 1000): active network: null
D/PicasaSyncManager( 1000): background data: true
D/dalvikvm(  452): GC_CONCURRENT freed 504K, 7% free 10074K/10823K, paused 1ms+4ms
D/dalvikvm(  314): GC_EXPLICIT freed 305K, 6% free 9492K/10055K, paused 2ms+3ms
D/PhoneStatusBar(  218): disable: < expand icons alerts TICKER* system_info back home recent clock >
I/power   (  148): *** set_screen_state 0
D/SurfaceFlinger(   78): About to give-up screen, flinger = 0x1bcf918
D/dalvikvm(  148): GC_FOR_ALLOC freed 900K, 14% free 13186K/15175K, paused 41ms
V/TransportControlView(  148): Create TCV com.android.internal.widget.TransportControlView@41343380
D/PhoneStatusBar(  218): disable: < expand icons alerts ticker* system_info back home RECENT* clock >
D/PhoneStatusBar(  218): disable: < expand icons alerts ticker system_info BACK* HOME* RECENT CLOCK* >
D/PhoneStatusBar(  218): disable: < expand icons alerts TICKER* system_info BACK HOME recent* CLOCK >
D/dalvikvm( 1325): GC_CONCURRENT freed 385K, 7% free 10012K/10759K, paused 5ms+2ms
I/EventLogService(  452): Aggregate from 1333751762874 (log), 1333751762874 (data)
I/ServiceDumpSys(  452): dumping service [account]
I/EventLogService(  452): Aggregate from 1333753563164 (log), 1333753563164 (data)
I/ServiceDumpSys(  452): dumping service [account]
I/SystemUpdateService(  452): download in progress: [id: 24 compl: false succ: false bytes: 0 reason: 0 fn: null]
I/SystemUpdateService(  452): download took too long; will cancel and retry
V/SystemUpdateService(  452): retry (wakeup: true) in 89856 ms
V/SystemUpdateService(  452): onPostExecute: false
D/dalvikvm(  148): GC_CONCURRENT freed 699K, 12% free 13405K/15175K, paused 4ms+6ms
I/SystemUpdateService(  452): starting download of http://android.clients.google.com/packages/ota/google_crespo/hR7QFEtn.zip
V/SystemUpdateService(  452): retry (wakeup: true) in 21599993 ms
I/SystemUpdate.Download(  452): Started a new update download: http://android.clients.google.com/packages/ota/google_crespo/hR7QFEtn.zip (id 25; allowMobile=false)
V/SystemUpdateService(  452): onPostExecute: false
I/DownloadManager(  265): Initiating request for download 25
W/DownloadManager(  265): Aborting request for download 25: no network connection available
I/ActivityManager(  148): Config changed: {1.0 310mcc260mnc en_US layoutdir=0 sw320dp w320dp h508dp nrml long port car night finger -keyb/v/h -nav/h s.6}
D/OpenGLRenderer(  339): Flushing caches (mode 0)
V/TransportControlView(  148): Create TCV com.android.internal.widget.TransportControlView@41343120
D/dalvikvm(  218): GC_CONCURRENT freed 443K, 6% free 10193K/10759K, paused 1ms+3ms
D/PhoneStatusBar(  218): disable: < expand icons alerts ticker* system_info BACK HOME RECENT* CLOCK >
I/Launcher(  339): setLoadOnResume
I/Launcher(  339): setLoadOnResume
I/Launcher(  339): setLoadOnResume
I/Launcher(  339): setLoadOnResume
I/Launcher(  339): setLoadOnResume
D/dalvikvm(  339): GC_CONCURRENT freed 4037K, 35% free 11662K/17927K, paused 1ms+8ms
I/Launcher(  339): setLoadOnResume
D/dalvikvm(  339): GC_FOR_ALLOC freed 201K, 33% free 12162K/17927K, paused 25ms
I/Launcher(  339): setLoadOnResume
I/EventLogService(  452): Aggregate from 1333755363294 (log), 1333755363294 (data)
W/WindowManager(  148): App freeze timeout expired.
I/ServiceDumpSys(  452): dumping service [account]
D/dalvikvm(  452): GC_CONCURRENT freed 488K, 8% free 9988K/10823K, paused 2ms+4ms
D/dalvikvm(  148): GC_CONCURRENT freed 977K, 12% free 13404K/15175K, paused 2ms+7ms
D/PhoneStatusBar(  218): disable: < expand icons alerts TICKER* system_info BACK HOME recent* CLOCK >
I/EventLogService(  452): Aggregate from 1333757163385 (log), 1333757163385 (data)
I/ServiceDumpSys(  452): dumping service [account]
I/EventLogService(  452): Aggregate from 1333758963798 (log), 1333758963798 (data)
I/ServiceDumpSys(  452): dumping service [account]
D/dalvikvm(  148): GC_CONCURRENT freed 989K, 12% free 13397K/15175K, paused 3ms+5ms
I/EventLogService(  452): Aggregate from 1333760763917 (log), 1333760763917 (data)
I/ServiceDumpSys(  452): dumping service [account]
I/EventLogService(  452): Aggregate from 1333762564142 (log), 1333762564142 (data)
I/ServiceDumpSys(  452): dumping service [account]
I/EventLogService(  452): Aggregate from 1333764364473 (log), 1333764364473 (data)
I/ServiceDumpSys(  452): dumping service [account]
D/dalvikvm(  148): GC_CONCURRENT freed 1045K, 12% free 13405K/15175K, paused 2ms+6ms
I/EventLogService(  452): Aggregate from 1333766164809 (log), 1333766164809 (data)
D/dalvikvm(  452): GC_CONCURRENT freed 392K, 8% free 9984K/10823K, paused 2ms+2ms
I/ServiceDumpSys(  452): dumping service [account]
I/EventLogService(  452): Aggregate from 1333767965149 (log), 1333767965149 (data)
I/ServiceDumpSys(  452): dumping service [account]
D/AlarmManagerService(  148): Kernel timezone updated to 240 minutes west of GMT
I/ActivityManager(  148): Start proc com.google.android.inputmethod.latin.dictionarypack for broadcast com.google.android.inputmethod.latin.dictionarypack/.UpdateHandler: pid=2029 uid=10027 gids={3003, 1015}
I/ActivityThread( 2029): Pub com.android.inputmethod.latin.dictionarypack: com.google.android.inputmethod.latin.dictionarypack.DictionaryProvider
D/dalvikvm(  218): GC_CONCURRENT freed 462K, 6% free 10165K/10759K, paused 2ms+4ms
I/EventLogService(  452): Aggregate from 1333769765462 (log), 1333769765462 (data)
I/ServiceDumpSys(  452): dumping service [account]
D/dalvikvm(  148): GC_CONCURRENT freed 965K, 12% free 13415K/15175K, paused 2ms+14ms
I/EventLogService(  452): Aggregate from 1333771565604 (log), 1333771565604 (data)
I/ServiceDumpSys(  452): dumping service [account]
I/EventLogService(  452): Aggregate from 1333773365801 (log), 1333773365801 (data)
I/ServiceDumpSys(  452): dumping service [account]
I/DownloadManager(  265): Initiating request for download 26
W/DownloadManager(  265): Aborting request for download 26: no network connection available
I/EventLogService(  452): Aggregate from 1333775165908 (log), 1333775165908 (data)
D/dalvikvm(  452): GC_CONCURRENT freed 393K, 8% free 9983K/10823K, paused 2ms+6ms
I/ServiceDumpSys(  452): dumping service [account]
D/dalvikvm(  148): GC_CONCURRENT freed 969K, 12% free 13422K/15175K, paused 2ms+5ms
I/SystemUpdateService(  452): download in progress: [id: 25 compl: false succ: false bytes: 0 reason: 0 fn: null]
I/SystemUpdateService(  452): download took too long; will cancel and retry
V/SystemUpdateService(  452): retry (wakeup: true) in 149896 ms
V/SystemUpdateService(  452): onPostExecute: false
I/SystemUpdateService(  452): starting download of http://android.clients.google.com/packages/ota/google_crespo/hR7QFEtn.zip
V/SystemUpdateService(  452): retry (wakeup: true) in 21599997 ms
I/SystemUpdate.Download(  452): Started a new update download: http://android.clients.google.com/packages/ota/google_crespo/hR7QFEtn.zip (id 27; allowMobile=false)
V/SystemUpdateService(  452): onPostExecute: false
D/dalvikvm(  148): GC_EXPLICIT freed 262K, 12% free 13378K/15175K, paused 3ms+5ms
D/dalvikvm(  265): GC_CONCURRENT freed 354K, 5% free 9316K/9799K, paused 2ms+45ms
I/DownloadManager(  265): Initiating request for download 27
W/DownloadManager(  265): Aborting request for download 27: no network connection available
D/dalvikvm(  218): GC_CONCURRENT freed 374K, 6% free 10181K/10759K, paused 2ms+4ms
I/EventLogService(  452): Aggregate from 1333776966172 (log), 1333776966172 (data)
I/ServiceDumpSys(  452): dumping service [account]
I/EventLogService(  452): Aggregate from 1333778766390 (log), 1333778766390 (data)
I/ServiceDumpSys(  452): dumping service [account]
I/EventLogService(  452): Aggregate from 1333780566547 (log), 1333780566547 (data)
D/dalvikvm(  452): GC_CONCURRENT freed 385K, 8% free 9985K/10823K, paused 2ms+3ms
D/dalvikvm(  148): GC_CONCURRENT freed 931K, 12% free 13421K/15175K, paused 3ms+9ms
I/ServiceDumpSys(  452): dumping service [account]
I/EventLogService(  452): Aggregate from 1333782366811 (log), 1333782366811 (data)
I/ServiceDumpSys(  452): dumping service [account]
I/EventLogService(  452): Aggregate from 1333784167144 (log), 1333784167144 (data)
I/ServiceDumpSys(  452): dumping service [account]
D/dalvikvm(  218): GC_CONCURRENT freed 432K, 6% free 10204K/10759K, paused 2ms+6ms
D/dalvikvm(  148): GC_CONCURRENT freed 997K, 12% free 13418K/15175K, paused 3ms+5ms
I/EventLogService(  452): Aggregate from 1333785967481 (log), 1333785967481 (data)
I/ServiceDumpSys(  452): dumping service [account]
I/EventLogService(  452): Aggregate from 1333787767579 (log), 1333787767579 (data)
I/ServiceDumpSys(  452): dumping service [account]
I/EventLogService(  452): Aggregate from 1333789568581 (log), 1333789568581 (data)
D/dalvikvm(  452): GC_CONCURRENT freed 406K, 8% free 9982K/10823K, paused 3ms+3ms
I/ServiceDumpSys(  452): dumping service [account]
I/ActivityManager(  148): Config changed: {1.0 310mcc260mnc en_US layoutdir=0 sw320dp w320dp h508dp nrml long port car finger -keyb/v/h -nav/h s.7}
D/OpenGLRenderer(  339): Flushing caches (mode 0)
D/dalvikvm(  148): GC_CONCURRENT freed 951K, 11% free 13545K/15175K, paused 4ms+9ms
V/TransportControlView(  148): Create TCV com.android.internal.widget.TransportControlView@41341a70
D/PhoneStatusBar(  218): disable: < expand icons alerts ticker* system_info BACK HOME RECENT* CLOCK >
I/Launcher(  339): setLoadOnResume
I/Launcher(  339): setLoadOnResume
I/Launcher(  339): setLoadOnResume
I/Launcher(  339): setLoadOnResume
I/Launcher(  339): setLoadOnResume
I/Launcher(  339): setLoadOnResume
I/Launcher(  339): setLoadOnResume
D/dalvikvm(  339): GC_CONCURRENT freed 387K, 30% free 12701K/17927K, paused 3ms+7ms
D/dalvikvm(  218): GC_CONCURRENT freed 437K, 6% free 10194K/10759K, paused 2ms+4ms
W/WindowManager(  148): App freeze timeout expired.
I/EventLogService(  452): Aggregate from 1333791368818 (log), 1333791368818 (data)
I/ServiceDumpSys(  452): dumping service [account]
D/PhoneStatusBar(  218): disable: < expand icons alerts TICKER* system_info BACK HOME recent* CLOCK >
D/dalvikvm(  148): GC_CONCURRENT freed 1181K, 12% free 13416K/15175K, paused 2ms+13ms
I/EventLogService(  452): Aggregate from 1333793169123 (log), 1333793169123 (data)
I/ServiceDumpSys(  452): dumping service [account]
I/EventLogService(  452): Aggregate from 1333794969246 (log), 1333794969246 (data)
I/ServiceDumpSys(  452): dumping service [account]
I/EventLogService(  452): Aggregate from 1333796769485 (log), 1333796769485 (data)
I/ServiceDumpSys(  452): dumping service [account]
I/SystemUpdateService(  452): download in progress: [id: 27 compl: false succ: false bytes: 0 reason: 0 fn: null]
I/SystemUpdateService(  452): download took too long; will cancel and retry
D/dalvikvm(  148): GC_CONCURRENT freed 964K, 12% free 13427K/15175K, paused 3ms+6ms
D/dalvikvm(  452): GC_CONCURRENT freed 420K, 8% free 9984K/10823K, paused 2ms+2ms
V/SystemUpdateService(  452): retry (wakeup: true) in 209843 ms
V/SystemUpdateService(  452): onPostExecute: false
I/SystemUpdateService(  452): starting download of http://android.clients.google.com/packages/ota/google_crespo/hR7QFEtn.zip
V/SystemUpdateService(  452): retry (wakeup: true) in 21599997 ms
I/SystemUpdate.Download(  452): Started a new update download: http://android.clients.google.com/packages/ota/google_crespo/hR7QFEtn.zip (id 28; allowMobile=false)
D/dalvikvm(  452): GC_EXPLICIT freed 92K, 8% free 9972K/10823K, paused 25ms+3ms
V/SystemUpdateService(  452): onPostExecute: false
I/DownloadManager(  265): Initiating request for download 28
W/DownloadManager(  265): Aborting request for download 28: no network connection available
I/EventLogService(  452): Aggregate from 1333798569801 (log), 1333798569801 (data)
I/ServiceDumpSys(  452): dumping service [account]
D/dalvikvm(  218): GC_CONCURRENT freed 436K, 6% free 10195K/10759K, paused 2ms+8ms
I/EventLogService(  452): Aggregate from 1333800370133 (log), 1333800370133 (data)
I/ServiceDumpSys(  452): dumping service [account]
D/dalvikvm(  148): JIT code cache reset in 4 ms (1048456 bytes 2/0)
D/dalvikvm(  148): GC_CONCURRENT freed 998K, 12% free 13432K/15175K, paused 2ms+10ms
I/EventLogService(  452): Aggregate from 1333802170275 (log), 1333802170275 (data)
I/ServiceDumpSys(  452): dumping service [account]
I/EventLogService(  452): Aggregate from 1333803970501 (log), 1333803970501 (data)
I/ServiceDumpSys(  452): dumping service [account]
I/EventLogService(  452): Aggregate from 1333805770815 (log), 1333805770815 (data)
I/ServiceDumpSys(  452): dumping service [account]
D/dalvikvm(  452): GC_CONCURRENT freed 396K, 8% free 9983K/10823K, paused 4ms+3ms
D/dalvikvm(  218): GC_CONCURRENT freed 435K, 6% free 10200K/10759K, paused 2ms+5ms
D/dalvikvm(  148): GC_CONCURRENT freed 1072K, 12% free 13448K/15175K, paused 2ms+6ms
I/EventLogService(  452): Aggregate from 1333807571179 (log), 1333807571179 (data)
I/ServiceDumpSys(  452): dumping service [account]
I/EventLogService(  452): Aggregate from 1333809371515 (log), 1333809371515 (data)
I/ServiceDumpSys(  452): dumping service [account]
I/EventLogService(  452): Aggregate from 1333811171870 (log), 1333811171870 (data)
I/ServiceDumpSys(  452): dumping service [account]
D/Finsky  (  845): [1] UpdateCheckReceiver.updateCheckIfNecessary: Force checking for available updates.
D/Finsky  (  845): [1] UpdatesAvailableReceiver.onReceive: Received updates available notification
E/Finsky  (  845): [1] UpdatesAvailableReceiver.onReceive: Could not set up current account / dfe api when receiving an updates available broadcast.
D/dalvikvm(  148): GC_CONCURRENT freed 995K, 12% free 13451K/15175K, paused 3ms+5ms
D/dalvikvm(  218): GC_CONCURRENT freed 425K, 6% free 10201K/10759K, paused 2ms+5ms
I/EventLogService(  452): Aggregate from 1333812972175 (log), 1333812972175 (data)
I/ServiceDumpSys(  452): dumping service [account]
I/EventLogService(  452): Aggregate from 1333814772338 (log), 1333814772338 (data)
I/ServiceDumpSys(  452): dumping service [account]
D/dalvikvm(  148): GC_CONCURRENT freed 994K, 12% free 13441K/15175K, paused 2ms+5ms
I/EventLogService(  452): Aggregate from 1333816572455 (log), 1333816572455 (data)
D/dalvikvm(  452): GC_CONCURRENT freed 389K, 8% free 9982K/10823K, paused 3ms+3ms
I/ServiceDumpSys(  452): dumping service [account]
D/dalvikvm(  218): GC_CONCURRENT freed 431K, 6% free 10204K/10759K, paused 2ms+4ms
I/EventLogService(  452): Aggregate from 1333818372848 (log), 1333818372848 (data)
I/ServiceDumpSys(  452): dumping service [account]
D/dalvikvm(  148): GC_EXPLICIT freed 613K, 12% free 13431K/15175K, paused 3ms+4ms
D/dalvikvm(  265): GC_EXPLICIT freed 301K, 6% free 9252K/9799K, paused 2ms+2ms
I/SystemUpdateService(  452): download in progress: [id: 28 compl: false succ: false bytes: 0 reason: 0 fn: null]
I/SystemUpdateService(  452): download took too long; will cancel and retry
V/SystemUpdateService(  452): retry (wakeup: true) in 269950 ms
V/SystemUpdateService(  452): onPostExecute: false
I/SystemUpdateService(  452): starting download of http://android.clients.google.com/packages/ota/google_crespo/hR7QFEtn.zip
V/SystemUpdateService(  452): retry (wakeup: true) in 21599997 ms
I/SystemUpdate.Download(  452): Started a new update download: http://android.clients.google.com/packages/ota/google_crespo/hR7QFEtn.zip (id 29; allowMobile=false)
V/SystemUpdateService(  452): onPostExecute: false
I/DownloadManager(  265): Initiating request for download 29
W/DownloadManager(  265): Aborting request for download 29: no network connection available
I/EventLogService(  452): Aggregate from 1333820173201 (log), 1333820173201 (data)
D/dalvikvm(  452): GC_CONCURRENT freed 377K, 8% free 10008K/10823K, paused 2ms+3ms
I/ServiceDumpSys(  452): dumping service [account]
I/EventLogService(  452): Aggregate from 1333821973532 (log), 1333821973532 (data)
I/ServiceDumpSys(  452): dumping service [account]
D/dalvikvm(  148): GC_CONCURRENT freed 1028K, 12% free 13450K/15175K, paused 3ms+8ms
D/dalvikvm(  218): GC_CONCURRENT freed 429K, 6% free 10208K/10759K, paused 1ms+4ms
I/EventLogService(  452): Aggregate from 1333823773863 (log), 1333823773863 (data)
I/ServiceDumpSys(  452): dumping service [account]
I/EventLogService(  452): Aggregate from 1333825574135 (log), 1333825574135 (data)
I/ServiceDumpSys(  452): dumping service [account]
I/EventLogService(  452): Aggregate from 1333827374228 (log), 1333827374228 (data)
I/ServiceDumpSys(  452): dumping service [account]
D/dalvikvm(  148): GC_CONCURRENT freed 1098K, 12% free 13457K/15175K, paused 2ms+8ms
I/EventLogService(  452): Aggregate from 1333829174455 (log), 1333829174455 (data)
D/dalvikvm(  452): GC_CONCURRENT freed 415K, 8% free 9982K/10823K, paused 2ms+6ms
I/ServiceDumpSys(  452): dumping service [account]
I/EventLogService(  452): Aggregate from 1333830974567 (log), 1333830974567 (data)
I/ServiceDumpSys(  452): dumping service [account]
D/dalvikvm(  218): GC_CONCURRENT freed 444K, 6% free 10192K/10759K, paused 2ms+5ms
I/EventLogService(  452): Aggregate from 1333832774787 (log), 1333832774787 (data)
I/ServiceDumpSys(  452): dumping service [account]
D/dalvikvm(  148): GC_CONCURRENT freed 1011K, 12% free 13455K/15175K, paused 3ms+5ms
I/EventLogService(  452): Aggregate from 1333834575120 (log), 1333834575120 (data)
I/ServiceDumpSys(  452): dumping service [account]
I/EventLogService(  452): Aggregate from 1333836375448 (log), 1333836375448 (data)
I/ServiceDumpSys(  452): dumping service [account]
I/EventLogService(  452): Aggregate from 1333838175599 (log), 1333838175599 (data)
D/dalvikvm(  148): GC_CONCURRENT freed 989K, 12% free 13454K/15175K, paused 2ms+4ms
D/dalvikvm(  452): GC_CONCURRENT freed 393K, 8% free 9980K/10823K, paused 9ms+4ms
I/ServiceDumpSys(  452): dumping service [account]
D/dalvikvm(  218): GC_CONCURRENT freed 433K, 6% free 10201K/10759K, paused 2ms+4ms
I/EventLogService(  452): Aggregate from 1333839975786 (log), 1333839975786 (data)
I/ServiceDumpSys(  452): dumping service [account]
I/ActivityManager(  148): Config changed: {1.0 310mcc260mnc en_US layoutdir=0 sw320dp w320dp h508dp nrml long port car night finger -keyb/v/h -nav/h s.8}
D/OpenGLRenderer(  339): Flushing caches (mode 0)
V/TransportControlView(  148): Create TCV com.android.internal.widget.TransportControlView@41343380
D/dalvikvm(  148): GC_CONCURRENT freed 1005K, 12% free 13445K/15175K, paused 2ms+5ms
D/PhoneStatusBar(  218): disable: < expand icons alerts ticker* system_info BACK HOME RECENT* CLOCK >
I/Launcher(  339): setLoadOnResume
I/Launcher(  339): setLoadOnResume
I/Launcher(  339): setLoadOnResume
I/Launcher(  339): setLoadOnResume
I/Launcher(  339): setLoadOnResume
I/Launcher(  339): setLoadOnResume
I/Launcher(  339): setLoadOnResume
I/SystemUpdateService(  452): download in progress: [id: 29 compl: false succ: false bytes: 0 reason: 0 fn: null]
I/SystemUpdateService(  452): download took too long; will cancel and retry
V/SystemUpdateService(  452): retry (wakeup: true) in 329883 ms
V/SystemUpdateService(  452): onPostExecute: false
D/PhoneStatusBar(  218): disable: < expand icons alerts TICKER* system_info BACK HOME recent* CLOCK >
W/WindowManager(  148): App freeze timeout expired.
I/SystemUpdateService(  452): starting download of http://android.clients.google.com/packages/ota/google_crespo/hR7QFEtn.zip
V/SystemUpdateService(  452): retry (wakeup: true) in 21599993 ms
I/SystemUpdate.Download(  452): Started a new update download: http://android.clients.google.com/packages/ota/google_crespo/hR7QFEtn.zip (id 30; allowMobile=false)
V/SystemUpdateService(  452): onPostExecute: false
I/DownloadManager(  265): Initiating request for download 30
W/DownloadManager(  265): Aborting request for download 30: no network connection available
I/EventLogService(  452): Aggregate from 1333841776102 (log), 1333841776102 (data)
I/ServiceDumpSys(  452): dumping service [account]
D/dalvikvm(  452): GC_CONCURRENT freed 391K, 8% free 9985K/10823K, paused 3ms+2ms
I/EventLogService(  452): Aggregate from 1333843576241 (log), 1333843576241 (data)
I/ServiceDumpSys(  452): dumping service [account]
D/dalvikvm(  218): GC_CONCURRENT freed 436K, 6% free 10203K/10759K, paused 2ms+5ms
D/dalvikvm(  148): GC_CONCURRENT freed 964K, 12% free 13464K/15175K, paused 3ms+8ms
I/EventLogService(  452): Aggregate from 1333845376457 (log), 1333845376457 (data)
I/ServiceDumpSys(  452): dumping service [account]
I/EventLogService(  452): Aggregate from 1333847176557 (log), 1333847176557 (data)
I/ServiceDumpSys(  452): dumping service [account]
I/EventLogService(  452): Aggregate from 1333848976787 (log), 1333848976787 (data)
D/dalvikvm(  148): GC_CONCURRENT freed 1004K, 12% free 13458K/15175K, paused 3ms+10ms
I/ServiceDumpSys(  452): dumping service [account]
D/dalvikvm(  218): GC_CONCURRENT freed 424K, 6% free 10203K/10759K, paused 2ms+4ms
I/EventLogService(  452): Aggregate from 1333850776942 (log), 1333850776942 (data)
I/ServiceDumpSys(  452): dumping service [account]
D/dalvikvm(  452): GC_CONCURRENT freed 402K, 8% free 9981K/10823K, paused 3ms+3ms
I/EventLogService(  452): Aggregate from 1333852577056 (log), 1333852577056 (data)
I/ServiceDumpSys(  452): dumping service [account]
D/dalvikvm(  148): GC_EXPLICIT freed 788K, 12% free 13449K/15175K, paused 2ms+5ms
I/EventLogService(  452): Aggregate from 1333854377199 (log), 1333854377199 (data)
I/ServiceDumpSys(  452): dumping service [account]
D/AlarmManagerService(  148): Kernel timezone updated to 240 minutes west of GMT
D/dalvikvm(  885): GC_CONCURRENT freed 307K, 5% free 9162K/9543K, paused 2ms+1ms
I/EventLogService(  452): Aggregate from 1333856177443 (log), 1333856177443 (data)
I/ServiceDumpSys(  452): dumping service [account]
D/dalvikvm(  218): GC_CONCURRENT freed 435K, 6% free 10200K/10759K, paused 1ms+4ms
D/dalvikvm(  148): GC_CONCURRENT freed 1039K, 12% free 13463K/15175K, paused 4ms+5ms
I/EventLogService(  452): Aggregate from 1333857977580 (log), 1333857977580 (data)
I/ServiceDumpSys(  452): dumping service [account]
I/EventLogService(  452): Aggregate from 1333859777780 (log), 1333859777780 (data)
I/ServiceDumpSys(  452): dumping service [account]
D/dalvikvm(  452): GC_CONCURRENT freed 405K, 8% free 9981K/10823K, paused 3ms+5ms
I/EventLogService(  452): Aggregate from 1333861577888 (log), 1333861577888 (data)
I/ServiceDumpSys(  452): dumping service [account]
D/dalvikvm(  148): GC_CONCURRENT freed 991K, 12% free 13466K/15175K, paused 3ms+6ms
I/SystemUpdateService(  452): download in progress: [id: 30 compl: false succ: false bytes: 0 reason: 0 fn: null]
I/SystemUpdateService(  452): download took too long; will cancel and retry
V/SystemUpdateService(  452): retry (wakeup: true) in 389873 ms
V/SystemUpdateService(  452): onPostExecute: false
D/dalvikvm(  265): GC_CONCURRENT freed 363K, 6% free 9298K/9799K, paused 2ms+6ms
I/SystemUpdateService(  452): starting download of http://android.clients.google.com/packages/ota/google_crespo/hR7QFEtn.zip
V/SystemUpdateService(  452): retry (wakeup: true) in 21599997 ms
I/SystemUpdate.Download(  452): Started a new update download: http://android.clients.google.com/packages/ota/google_crespo/hR7QFEtn.zip (id 31; allowMobile=false)
V/SystemUpdateService(  452): onPostExecute: false
I/DownloadManager(  265): Initiating request for download 31
W/DownloadManager(  265): Aborting request for download 31: no network connection available
D/dalvikvm(  218): GC_CONCURRENT freed 430K, 6% free 10199K/10759K, paused 2ms+5ms
I/EventLogService(  452): Aggregate from 1333863378107 (log), 1333863378107 (data)
I/ServiceDumpSys(  452): dumping service [account]
D/dalvikvm( 1210): GC_CONCURRENT freed 429K, 6% free 10129K/10695K, paused 12ms+5ms
I/EventLogService(  452): Aggregate from 1333865178226 (log), 1333865178226 (data)
D/dalvikvm(  452): GC_CONCURRENT freed 377K, 8% free 9995K/10823K, paused 5ms+3ms
I/ServiceDumpSys(  452): dumping service [account]
D/dalvikvm(  148): GC_CONCURRENT freed 999K, 12% free 13464K/15175K, paused 3ms+6ms
I/EventLogService(  452): Aggregate from 1333866978443 (log), 1333866978443 (data)
I/ServiceDumpSys(  452): dumping service [account]
I/EventLogService(  452): Aggregate from 1333868778786 (log), 1333868778786 (data)
I/ServiceDumpSys(  452): dumping service [account]
I/EventLogService(  452): Aggregate from 1333870578889 (log), 1333870578889 (data)
I/ServiceDumpSys(  452): dumping service [account]
D/dalvikvm(  218): GC_CONCURRENT freed 439K, 6% free 10199K/10759K, paused 2ms+4ms
D/dalvikvm(  148): GC_CONCURRENT freed 1073K, 12% free 13477K/15175K, paused 2ms+5ms
I/DownloadManager(  265): Initiating request for download 32
