I/CameraCloud( 1100): 1333727694857: Loc = Location[mProvider=gps,mTime=1333814095000,mLatitude=42.36371573538201,mLongitude=-71.10064863402017,mHasAltitude=true,mAltitude=-23.0,mHasSpeed=true,mSpeed=1.7667129,mHasBearing=true,mBearing=129.57228,mHasAccuracy=true,mAccuracy=15.0,mExtras=Bundle[mParcelledData.dataSize=4]] Previous Region = (1,0)
I/CameraCloud( 1100): 1333727694857: GPS x/long:-71.10064863402017, GPS y/lat: 42.36371573538201. Region width in x: 51.96152422706632
I/CameraCloud( 1100): 1333727694858: location PINPOINTS to region = 1.0, previous 1
I/CameraCloud( 1100): 1333727694858: stay at region 1
I/CameraCloud( 1100): 1333727695840: .......... GPS onLocationChanged ...... 
I/CameraCloud( 1100): 1333727695841: Loc = Location[mProvider=gps,mTime=1333814096000,mLatitude=42.36369939668698,mLongitude=-71.1006104749739,mHasAltitude=true,mAltitude=-20.0,mHasSpeed=true,mSpeed=1.9041308,mHasBearing=true,mBearing=127.457504,mHasAccuracy=true,mAccuracy=10.0,mExtras=Bundle[mParcelledData.dataSize=4]] Previous Region = (1,0)
I/CameraCloud( 1100): 1333727695841: GPS x/long:-71.1006104749739, GPS y/lat: 42.36369939668698. Region width in x: 51.96152422706632
I/CameraCloud( 1100): 1333727695842: location PINPOINTS to region = 1.0, previous 1
I/CameraCloud( 1100): 1333727695842: location is INSIDE BOUNDARY, stay at prev region = (1,0)
I/CameraCloud( 1100): 1333727696840: .......... GPS onLocationChanged ...... 
I/CameraCloud( 1100): 1333727696841: Loc = Location[mProvider=gps,mTime=1333814097000,mLatitude=42.36368914730756,mLongitude=-71.10057747464462,mHasAltitude=true,mAltitude=-19.0,mHasSpeed=true,mSpeed=1.9314593,mHasBearing=true,mBearing=116.24674,mHasAccuracy=true,mAccuracy=10.0,mExtras=Bundle[mParcelledData.dataSize=4]] Previous Region = (1,0)
I/CameraCloud( 1100): 1333727696842: GPS x/long:-71.10057747464462, GPS y/lat: 42.36368914730756. Region width in x: 51.96152422706632
I/CameraCloud( 1100): 1333727696842: location PINPOINTS to region = 0.0, previous 1
I/CameraCloud( 1100): 1333727696842: location is INSIDE BOUNDARY, stay at prev region = (1,0)
I/CameraCloud( 1100): 1333727697840: .......... GPS onLocationChanged ...... 
I/CameraCloud( 1100): 1333727697841: Loc = Location[mProvider=gps,mTime=1333814098000,mLatitude=42.36367734598134,mLongitude=-71.10053994352816,mHasAltitude=true,mAltitude=-20.0,mHasSpeed=true,mSpeed=1.956055,mHasBearing=true,mBearing=122.87075,mHasAccuracy=true,mAccuracy=10.0,mExtras=Bundle[mParcelledData.dataSize=4]] Previous Region = (1,0)
I/CameraCloud( 1100): 1333727697842: GPS x/long:-71.10053994352816, GPS y/lat: 42.36367734598134. Region width in x: 51.96152422706632
I/CameraCloud( 1100): 1333727697842: location PINPOINTS to region = 0.0, previous 1
I/CameraCloud( 1100): 1333727697852: location is INSIDE BOUNDARY, stay at prev region = (1,0)
I/CameraCloud( 1100): 1333727698837: .......... GPS onLocationChanged ...... 
I/CameraCloud( 1100): 1333727698838: Loc = Location[mProvider=gps,mTime=1333814099000,mLatitude=42.36366950990046,mLongitude=-71.10051663260583,mHasAltitude=true,mAltitude=-19.0,mHasSpeed=true,mSpeed=1.9071312,mHasBearing=true,mBearing=120.239075,mHasAccuracy=true,mAccuracy=10.0,mExtras=Bundle[mParcelledData.dataSize=4]] Previous Region = (1,0)
I/CameraCloud( 1100): 1333727698838: GPS x/long:-71.10051663260583, GPS y/lat: 42.36366950990046. Region width in x: 51.96152422706632
I/CameraCloud( 1100): 1333727698839: location PINPOINTS to region = 0.0, previous 1
I/CameraCloud( 1100): 1333727698839: location CHANGED TO NEW region = (0,0) from region = (1,0)
I/CameraCloud( 1100): 1333727698841: moving from region (1,0), to (0,0)
I/CameraCloud( 1100): 1333727699840: .......... GPS onLocationChanged ...... 
I/CameraCloud( 1100): 1333727699848: Loc = Location[mProvider=gps,mTime=1333814100000,mLatitude=42.36365983736005,mLongitude=-71.10049552165312,mHasAltitude=true,mAltitude=-21.0,mHasSpeed=true,mSpeed=1.853296,mHasBearing=true,mBearing=127.00155,mHasAccuracy=true,mAccuracy=10.0,mExtras=Bundle[mParcelledData.dataSize=4]] Previous Region = (0,0)
I/CameraCloud( 1100): 1333727699848: GPS x/long:-71.10049552165312, GPS y/lat: 42.36365983736005. Region width in x: 51.96152422706632
I/CameraCloud( 1100): 1333727699849: location PINPOINTS to region = 0.0, previous 0
I/CameraCloud( 1100): 1333727699849: stay at region 0
D/dalvikvm(  218): GC_CONCURRENT freed 193K, 5% free 10068K/10503K, paused 8ms+2ms
I/CameraCloud( 1100): 1333727700896: .......... GPS onLocationChanged ...... 
I/CameraCloud( 1100): 1333727700896: Loc = Location[mProvider=gps,mTime=1333814101000,mLatitude=42.36365127282725,mLongitude=-71.10047342638495,mHasAltitude=true,mAltitude=-23.0,mHasSpeed=true,mSpeed=1.8105701,mHasBearing=true,mBearing=119.81897,mHasAccuracy=true,mAccuracy=10.0,mExtras=Bundle[mParcelledData.dataSize=4]] Previous Region = (0,0)
I/CameraCloud( 1100): 1333727700897: GPS x/long:-71.10047342638495, GPS y/lat: 42.36365127282725. Region width in x: 51.96152422706632
I/CameraCloud( 1100): 1333727700897: location PINPOINTS to region = 0.0, previous 0
I/CameraCloud( 1100): 1333727700897: stay at region 0
I/CameraCloud( 1100): 1333727701868: .......... GPS onLocationChanged ...... 
I/CameraCloud( 1100): 1333727701869: Loc = Location[mProvider=gps,mTime=1333814102000,mLatitude=42.36364050042847,mLongitude=-71.1004574106548,mHasAltitude=true,mAltitude=-24.0,mHasSpeed=true,mSpeed=1.7467325,mHasBearing=true,mBearing=143.2625,mHasAccuracy=true,mAccuracy=10.0,mExtras=Bundle[mParcelledData.dataSize=4]] Previous Region = (0,0)
I/CameraCloud( 1100): 1333727701870: GPS x/long:-71.1004574106548, GPS y/lat: 42.36364050042847. Region width in x: 51.96152422706632
I/CameraCloud( 1100): 1333727701870: location PINPOINTS to region = 0.0, previous 0
I/CameraCloud( 1100): 1333727701870: stay at region 0
I/CameraCloud( 1100): 1333727702867: .......... GPS onLocationChanged ...... 
I/CameraCloud( 1100): 1333727702869: Loc = Location[mProvider=gps,mTime=1333814103000,mLatitude=42.36362774678588,mLongitude=-71.10044409309288,mHasAltitude=true,mAltitude=-23.0,mHasSpeed=true,mSpeed=1.6747203,mHasBearing=true,mBearing=156.1025,mHasAccuracy=true,mAccuracy=10.0,mExtras=Bundle[mParcelledData.dataSize=4]] Previous Region = (0,0)
I/CameraCloud( 1100): 1333727702870: GPS x/long:-71.10044409309288, GPS y/lat: 42.36362774678588. Region width in x: 51.96152422706632
I/CameraCloud( 1100): 1333727702870: location PINPOINTS to region = 0.0, previous 0
I/CameraCloud( 1100): 1333727702871: stay at region 0
I/CameraCloud( 1100): 1333727703926: .......... GPS onLocationChanged ...... 
I/CameraCloud( 1100): 1333727703926: Loc = Location[mProvider=gps,mTime=1333814104000,mLatitude=42.36361617193115,mLongitude=-71.10043107148078,mHasAltitude=true,mAltitude=-22.0,mHasSpeed=true,mSpeed=1.6064276,mHasBearing=true,mBearing=154.12718,mHasAccuracy=true,mAccuracy=10.0,mExtras=Bundle[mParcelledData.dataSize=4]] Previous Region = (0,0)
I/CameraCloud( 1100): 1333727703927: GPS x/long:-71.10043107148078, GPS y/lat: 42.36361617193115. Region width in x: 51.96152422706632
I/CameraCloud( 1100): 1333727703927: location PINPOINTS to region = 0.0, previous 0
I/CameraCloud( 1100): 1333727703927: stay at region 0
I/CameraCloud( 1100): 1333727704926: .......... GPS onLocationChanged ...... 
I/CameraCloud( 1100): 1333727704927: Loc = Location[mProvider=gps,mTime=1333814105000,mLatitude=42.363606711538765,mLongitude=-71.10041008715119,mHasAltitude=true,mAltitude=-22.0,mHasSpeed=true,mSpeed=1.5570914,mHasBearing=true,mBearing=121.59101,mHasAccuracy=true,mAccuracy=10.0,mExtras=Bundle[mParcelledData.dataSize=4]] Previous Region = (0,0)
I/CameraCloud( 1100): 1333727704927: GPS x/long:-71.10041008715119, GPS y/lat: 42.363606711538765. Region width in x: 51.96152422706632
I/CameraCloud( 1100): 1333727704927: location PINPOINTS to region = 0.0, previous 0
I/CameraCloud( 1100): 1333727704928: stay at region 0
D/dalvikvm(  148): GC_CONCURRENT freed 988K, 9% free 13149K/14407K, paused 5ms+10ms
I/CameraCloud( 1100): 1333727706855: .......... GPS onLocationChanged ...... 
I/CameraCloud( 1100): 1333727706856: Loc = Location[mProvider=gps,mTime=1333814107000,mLatitude=42.36360207519625,mLongitude=-71.10038459988522,mHasAltitude=true,mAltitude=-21.0,mHasSpeed=true,mSpeed=0.42811814,mHasBearing=true,mBearing=91.29249,mHasAccuracy=true,mAccuracy=10.0,mExtras=Bundle[mParcelledData.dataSize=4]] Previous Region = (0,0)
I/CameraCloud( 1100): 1333727706856: GPS x/long:-71.10038459988522, GPS y/lat: 42.36360207519625. Region width in x: 51.96152422706632
I/CameraCloud( 1100): 1333727706857: location PINPOINTS to region = 0.0, previous 0
I/CameraCloud( 1100): 1333727706857: stay at region 0
I/CameraCloud( 1100): 1333727707865: .......... GPS onLocationChanged ...... 
I/CameraCloud( 1100): 1333727707867: Loc = Location[mProvider=gps,mTime=1333814108000,mLatitude=42.363599828240794,mLongitude=-71.1003727261771,mHasAltitude=true,mAltitude=-20.0,mHasSpeed=true,mSpeed=0.48205665,mHasBearing=true,mBearing=108.4127,mHasAccuracy=true,mAccuracy=10.0,mExtras=Bundle[mParcelledData.dataSize=4]] Previous Region = (0,0)
I/CameraCloud( 1100): 1333727707868: GPS x/long:-71.1003727261771, GPS y/lat: 42.363599828240794. Region width in x: 51.96152422706632
I/CameraCloud( 1100): 1333727707868: location PINPOINTS to region = 0.0, previous 0
I/CameraCloud( 1100): 1333727707869: stay at region 0
I/CameraCloud( 1100): 1333727709852: .......... GPS onLocationChanged ...... 
I/CameraCloud( 1100): 1333727709853: Loc = Location[mProvider=gps,mTime=1333814110000,mLatitude=42.36359030280667,mLongitude=-71.10035716801393,mHasAltitude=true,mAltitude=-23.0,mHasSpeed=true,mSpeed=0.5933735,mHasBearing=true,mBearing=138.80266,mHasAccuracy=true,mAccuracy=10.0,mExtras=Bundle[mParcelledData.dataSize=4]] Previous Region = (0,0)
I/CameraCloud( 1100): 1333727709853: GPS x/long:-71.10035716801393, GPS y/lat: 42.36359030280667. Region width in x: 51.96152422706632
I/CameraCloud( 1100): 1333727709853: location PINPOINTS to region = 0.0, previous 0
I/CameraCloud( 1100): 1333727709854: stay at region 0
I/CameraCloud( 1100): 1333727710852: .......... GPS onLocationChanged ...... 
I/CameraCloud( 1100): 1333727710853: Loc = Location[mProvider=gps,mTime=1333814111000,mLatitude=42.36358131662952,mLongitude=-71.10034729252158,mHasAltitude=true,mAltitude=-22.0,mHasSpeed=true,mSpeed=0.6761557,mHasBearing=true,mBearing=140.96309,mHasAccuracy=true,mAccuracy=10.0,mExtras=Bundle[mParcelledData.dataSize=4]] Previous Region = (0,0)
I/CameraCloud( 1100): 1333727710853: GPS x/long:-71.10034729252158, GPS y/lat: 42.36358131662952. Region width in x: 51.96152422706632
I/CameraCloud( 1100): 1333727710854: location PINPOINTS to region = 0.0, previous 0
I/CameraCloud( 1100): 1333727710854: stay at region 0
I/CameraCloud( 1100): 1333727711853: .......... GPS onLocationChanged ...... 
I/CameraCloud( 1100): 1333727711853: Loc = Location[mProvider=gps,mTime=1333814112000,mLatitude=42.363575036506944,mLongitude=-71.100337947979,mHasAltitude=true,mAltitude=-21.0,mHasSpeed=true,mSpeed=0.756347,mHasBearing=true,mBearing=119.70937,mHasAccuracy=true,mAccuracy=10.0,mExtras=Bundle[mParcelledData.dataSize=4]] Previous Region = (0,0)
I/CameraCloud( 1100): 1333727711854: GPS x/long:-71.100337947979, GPS y/lat: 42.363575036506944. Region width in x: 51.96152422706632
I/CameraCloud( 1100): 1333727711854: location PINPOINTS to region = 0.0, previous 0
I/CameraCloud( 1100): 1333727711855: stay at region 0
I/CameraCloud( 1100): 1333727713865: .......... GPS onLocationChanged ...... 
I/CameraCloud( 1100): 1333727713866: Loc = Location[mProvider=gps,mTime=1333814114000,mLatitude=42.36356331078347,mLongitude=-71.1003316571049,mHasAltitude=true,mAltitude=-20.0,mHasSpeed=true,mSpeed=0.7964201,mHasBearing=true,mBearing=116.53292,mHasAccuracy=true,mAccuracy=10.0,mExtras=Bundle[mParcelledData.dataSize=4]] Previous Region = (0,0)
I/CameraCloud( 1100): 1333727713879: GPS x/long:-71.1003316571049, GPS y/lat: 42.36356331078347. Region width in x: 51.96152422706632
I/CameraCloud( 1100): 1333727713880: location PINPOINTS to region = 0.0, previous 0
I/CameraCloud( 1100): 1333727713880: stay at region 0
I/CameraCloud( 1100): 1333727714853: .......... GPS onLocationChanged ...... 
I/CameraCloud( 1100): 1333727714854: Loc = Location[mProvider=gps,mTime=1333814115000,mLatitude=42.363555031791535,mLongitude=-71.10032436665193,mHasAltitude=true,mAltitude=-20.0,mHasSpeed=true,mSpeed=0.8071143,mHasBearing=true,mBearing=123.52535,mHasAccuracy=true,mAccuracy=5.0,mExtras=Bundle[mParcelledData.dataSize=4]] Previous Region = (0,0)
I/CameraCloud( 1100): 1333727714854: GPS x/long:-71.10032436665193, GPS y/lat: 42.363555031791535. Region width in x: 51.96152422706632
I/CameraCloud( 1100): 1333727714854: location PINPOINTS to region = 0.0, previous 0
I/CameraCloud( 1100): 1333727714855: stay at region 0
I/power   (  148): *** set_screen_state 0
D/SurfaceFlinger(   78): About to give-up screen, flinger = 0x1bcf918
I/CameraCloud( 1100): 1333727722743: HI I'm in ONPAUSE()
D/NfcService(  327): NFC-C OFF, disconnect
D/dalvikvm(  148): GC_FOR_ALLOC freed 1195K, 14% free 12485K/14407K, paused 97ms
V/TransportControlView(  148): Create TCV com.android.internal.widget.TransportControlView@4156ba30
D/PhoneStatusBar(  218): disable: < expand icons alerts ticker system_info back home RECENT* clock >
D/PhoneStatusBar(  218): disable: < expand icons alerts ticker system_info BACK* HOME* RECENT CLOCK* >
D/dalvikvm(  148): GC_CONCURRENT freed 81K, 9% free 13146K/14407K, paused 10ms+3ms
I/power   (  148): *** set_screen_state 1
I/CameraCloud( 1100): 1333727733420: HI I'm in ONRESUME()
I/CameraCloud( 1100): 1333727733426: SAMPLING_DISTANCE : 1, SAMPLING_DURATION : 1000
I/WindowManager(  148): Lock screen displayed!
D/SurfaceFlinger(   78): Screen about to return, flinger = 0x1bcf918
I/CameraCloud( 1100): 1333727733870: .......... GPS onLocationChanged ...... 
I/CameraCloud( 1100): 1333727733871: Loc = Location[mProvider=gps,mTime=1333814134000,mLatitude=42.36354798898906,mLongitude=-71.10033001656456,mHasAltitude=true,mAltitude=-24.0,mHasSpeed=true,mSpeed=0.0,mHasBearing=true,mBearing=173.98509,mHasAccuracy=true,mAccuracy=5.0,mExtras=Bundle[mParcelledData.dataSize=4]] Previous Region = (0,0)
I/CameraCloud( 1100): 1333727733871: GPS x/long:-71.10033001656456, GPS y/lat: 42.36354798898906. Region width in x: 51.96152422706632
I/CameraCloud( 1100): 1333727733872: location PINPOINTS to region = 0.0, previous 0
I/CameraCloud( 1100): 1333727733872: stay at region 0
D/PhoneStatusBar(  218): disable: < expand icons alerts ticker system_info BACK HOME recent* CLOCK >
D/NfcService(  327): NFC-C ON
W/InputManagerService(  148): Window already focused, ignoring focus gain of: com.android.internal.view.IInputMethodClient$Stub$Proxy@41570048
D/PhoneStatusBar(  218): disable: < expand icons alerts ticker system_info back* home* recent clock* >
V/PhoneStatusBar(  218): setLightsOn(true)
I/CameraCloud( 1100): 1333727749065: canPressButton = TRUE
I/CameraCloud( 1100): 1333727749065: areButtonsEnabled --> false
I/CameraCloud( 1100): 1333727749065: disabling buttons ...
I/CameraCloud( 1100): 1333727749065: new pic disableButtons XXX
I/CameraCloud( 1100): 1333727749066: areButtonsEnabled --> false
D/AudioHardware(   81): AudioHardware pcm playback is exiting standby.
D/AudioHardware(   81): openPcmOut_l() mPcmOpenCnt: 0
D/dalvikvm( 1100): GC_FOR_ALLOC freed 321K, 5% free 9488K/9927K, paused 65ms
I/CameraCloud( 1100): 1333727749197: takeNum=1 takeCamGood=0 takeGoodSave=0 takeBad=0 getNum=0 getGood=0 getBad=0
I/CameraCloud( 1100): 1333727749198: ** Clicked take picture button **
I/CameraSurfaceView( 1100): inside getCamera()
I/CameraHardwareSec(   81): int android::CameraHardwareSec::previewThreadWrapper(): calling mSecCamera->stopPreview() and waiting
I/SecCamera(   81): int android::fimc_v4l2_querybuf(int, android::fimc_buffer*, v4l2_buf_type) :
I/SecCamera(   81): int android::fimc_v4l2_querybuf(int, android::fimc_buffer*, v4l2_buf_type): buffer->start = 0x43c45000 v4l2_buf.length = 4261248
I/CameraHardwareSec(   81): == Camera Sensor Detect S5K4ECGX - Samsung LSI SOC 5M ==
D/JpegEncoder(   81): encode E
D/JpegEncoder(   81): encode X
D/SecCamera(   81): Shutter speed=1057 us, iso=50
D/SecCamera(   81): AV=3, TV=10, SV=4
D/JpegEncoder(   81): makeExif E
D/JpegEncoder(   81): makeExif X
I/SecCamera(   81): int android::SecCamera::endSnapshot() :
I/SecCamera(   81): munmap():virt. addr 0x43c45000 size = 4261248
D/dalvikvm( 1100): GC_FOR_ALLOC freed 26K, 5% free 9641K/10119K, paused 16ms
I/dalvikvm-heap( 1100): Grow heap (frag case) to 11.063MB for 1653926-byte allocation
D/dalvikvm( 1100): GC_CONCURRENT freed 1K, 5% free 11255K/11783K, paused 1ms+1ms
I/CameraCloud( 1100): 1333727749925: inside HandlePictureStorage onPictureTaken()
I/CameraCloud( 1100): 1333727749925: takeNum=1 takeCamGood=1 takeGoodSave=0 takeBad=0 getNum=0 getGood=0 getBad=0
D/CameraHardwareSec(   81): mPreviewHeap(fd(31), size(518400), width(720), height(480))
I/CameraHardwareSec(   81): int android::CameraHardwareSec::previewThreadWrapper(): return from wait
I/CameraCloud( 1100): 1333727750262: Picture successfully taken, ORIG BYTE LENGTH = 1653910
D/dalvikvm( 1100): GC_EXPLICIT freed 11K, 5% free 11246K/11783K, paused 15ms+2ms
I/CameraCloud( 1100): 1333727750534: Our new height x width: 240 x 320
I/CameraCloud( 1100): 1333727750535: Show photo from handle my camera take
I/CameraCloud( 1100): 1333727750535: client making photo packet to send to leader
I/CameraCloud( 1100): 1333727750560: BYTE SIZE AFTER COMPRESSION: 2453
I/CameraCloud( 1100): 1333727750561: sending new pic ....
I/CameraCloud( 1100): 1333727750561: Server request to url: http://hermes5.csail.mit.edu:8213/101/0/0/
I/CameraCloud( 1100): 1333727750704: Cloud server request length: 8325
I/CameraCloud( 1100): 1333727750716: about to execute HTTP POST
I/CameraCloud( 1100): 1333727750716: in serverRequest() about to httpclient.execute()
D/AudioHardware(   81): AudioHardware pcm playback is going to standby.
D/AudioHardware(   81): closePcmOut_l() mPcmOpenCnt: 1
D/dalvikvm( 1100): GC_CONCURRENT freed 270K, 4% free 11662K/12103K, paused 4ms+2ms
D/dalvikvm(  314): GC_CONCURRENT freed 432K, 6% free 9506K/10055K, paused 3ms+2ms
D/dalvikvm(  707): GC_CONCURRENT freed 387K, 7% free 10041K/10759K, paused 3ms+2ms
D/dalvikvm(  148): GC_CONCURRENT freed 947K, 9% free 13115K/14407K, paused 2ms+15ms
I/CameraCloud( 1100): 1333727792956: CameraCloud Execute HTTP latency: 42240ms
I/CameraCloud( 1100): 1333727792962: finished executing HTTP POST, get data
I/CameraCloud( 1100): 1333727792963: make input stream reader for data
I/CameraCloud( 1100): 1333727792969: Cloud response length: 18
I/CameraCloud( 1100): 1333727792972: Returning cloud object
I/CameraCloud( 1100): 1333727793018: CameraCloud upload new photo latency = 42457
I/CameraCloud( 1100): 1333727793020: CameraCloud upload start 1333727750561 ~ stop 1333727793018
I/CameraCloud( 1100): 1333727793021: takeNum=1 takeCamGood=1 takeGoodSave=1 takeBad=0 getNum=0 getGood=0 getBad=0
I/CameraCloud( 1100): 1333727793023: SUCCESS! Client now knows saving photo on cloud server succeeded
I/CameraCloud( 1100): 1333727793025: RETURN STATUS: 12
I/CameraCloud( 1100): 1333727793025: Inside _enableButtons
I/CameraCloud( 1100): 1333727793026: areButtonsEnabled --> true
I/CameraCloud( 1100): 1333727793026: end of client send picture method
I/CameraCloud( 1100): 1333727793064: .......... GPS onLocationChanged ...... 
I/CameraCloud( 1100): 1333727793065: Loc = Location[mProvider=gps,mTime=1333814164000,mLatitude=42.363537689753606,mLongitude=-71.10033038436802,mHasAltitude=true,mAltitude=-29.0,mHasSpeed=true,mSpeed=0.0,mHasBearing=true,mBearing=145.87784,mHasAccuracy=true,mAccuracy=10.0,mExtras=Bundle[mParcelledData.dataSize=4]] Previous Region = (0,0)
I/CameraCloud( 1100): 1333727793066: GPS x/long:-71.10033038436802, GPS y/lat: 42.363537689753606. Region width in x: 51.96152422706632
I/CameraCloud( 1100): 1333727793066: location PINPOINTS to region = 0.0, previous 0
I/CameraCloud( 1100): 1333727793066: stay at region 0
I/CameraCloud( 1100): 1333727793067: .......... GPS onLocationChanged ...... 
I/CameraCloud( 1100): 1333727793068: Loc = Location[mProvider=gps,mTime=1333814188000,mLatitude=42.363549682476076,mLongitude=-71.10031946769351,mHasAltitude=true,mAltitude=-32.0,mHasSpeed=true,mSpeed=0.0,mHasBearing=true,mBearing=175.13684,mHasAccuracy=true,mAccuracy=10.0,mExtras=Bundle[mParcelledData.dataSize=4]] Previous Region = (0,0)
I/CameraCloud( 1100): 1333727793068: GPS x/long:-71.10031946769351, GPS y/lat: 42.363549682476076. Region width in x: 51.96152422706632
I/CameraCloud( 1100): 1333727793069: location PINPOINTS to region = 0.0, previous 0
I/CameraCloud( 1100): 1333727793069: stay at region 0
W/InputManagerService(  148): Window already focused, ignoring focus gain of: com.android.internal.view.IInputMethodClient$Stub$Proxy@417a8318
I/CameraCloud( 1100): 1333727794859: .......... GPS onLocationChanged ...... 
I/CameraCloud( 1100): 1333727794860: Loc = Location[mProvider=gps,mTime=1333814195000,mLatitude=42.36354182455186,mLongitude=-71.10031031266506,mHasAltitude=true,mAltitude=-31.0,mHasSpeed=true,mSpeed=0.0,mHasBearing=true,mBearing=204.28757,mHasAccuracy=true,mAccuracy=25.0,mExtras=Bundle[mParcelledData.dataSize=4]] Previous Region = (0,0)
I/CameraCloud( 1100): 1333727794861: GPS x/long:-71.10031031266506, GPS y/lat: 42.36354182455186. Region width in x: 51.96152422706632
I/CameraCloud( 1100): 1333727794861: location PINPOINTS to region = 0.0, previous 0
I/CameraCloud( 1100): 1333727794861: stay at region 0
I/CameraCloud( 1100): 1333727800839: canPressButton = TRUE
I/CameraCloud( 1100): 1333727800840: areButtonsEnabled --> false
I/CameraCloud( 1100): 1333727800843: disabling buttons ...
I/CameraCloud( 1100): 1333727800844: new pic disableButtons XXX
I/CameraCloud( 1100): 1333727800844: areButtonsEnabled --> false
D/AudioHardware(   81): AudioHardware pcm playback is exiting standby.
D/AudioHardware(   81): openPcmOut_l() mPcmOpenCnt: 0
I/CameraCloud( 1100): 1333727800892: takeNum=2 takeCamGood=1 takeGoodSave=1 takeBad=0 getNum=0 getGood=0 getBad=0
I/CameraCloud( 1100): 1333727800892: ** Clicked take picture button **
I/CameraSurfaceView( 1100): inside getCamera()
I/CameraHardwareSec(   81): int android::CameraHardwareSec::previewThreadWrapper(): calling mSecCamera->stopPreview() and waiting
I/SecCamera(   81): int android::fimc_v4l2_querybuf(int, android::fimc_buffer*, v4l2_buf_type) :
I/SecCamera(   81): int android::fimc_v4l2_querybuf(int, android::fimc_buffer*, v4l2_buf_type): buffer->start = 0x43c56000 v4l2_buf.length = 4261248
I/CameraHardwareSec(   81): == Camera Sensor Detect S5K4ECGX - Samsung LSI SOC 5M ==
D/JpegEncoder(   81): encode E
D/JpegEncoder(   81): encode X
D/SecCamera(   81): Shutter speed=124942 us, iso=400
D/SecCamera(   81): AV=3, TV=3, SV=7
D/JpegEncoder(   81): makeExif E
D/JpegEncoder(   81): makeExif X
I/SecCamera(   81): int android::SecCamera::endSnapshot() :
I/SecCamera(   81): munmap():virt. addr 0x43c56000 size = 4261248
D/dalvikvm( 1100): GC_FOR_ALLOC freed 1762K, 18% free 10035K/12103K, paused 17ms
I/dalvikvm-heap( 1100): Grow heap (frag case) to 10.663MB for 829379-byte allocation
D/dalvikvm( 1100): GC_CONCURRENT freed 34K, 11% free 10810K/12103K, paused 1ms+2ms
I/CameraCloud( 1100): 1333727801692: inside HandlePictureStorage onPictureTaken()
I/CameraCloud( 1100): 1333727801693: takeNum=2 takeCamGood=2 takeGoodSave=1 takeBad=0 getNum=0 getGood=0 getBad=0
D/CameraHardwareSec(   81): mPreviewHeap(fd(31), size(518400), width(720), height(480))
I/CameraHardwareSec(   81): int android::CameraHardwareSec::previewThreadWrapper(): return from wait
I/CameraCloud( 1100): 1333727802114: Picture successfully taken, ORIG BYTE LENGTH = 829363
D/dalvikvm( 1100): GC_EXPLICIT freed 2K, 11% free 10811K/12103K, paused 16ms+2ms
I/CameraCloud( 1100): 1333727802263: Our new height x width: 240 x 320
I/CameraCloud( 1100): 1333727802263: Show photo from handle my camera take
I/CameraCloud( 1100): 1333727802264: client making photo packet to send to leader
I/CameraCloud( 1100): 1333727802275: BYTE SIZE AFTER COMPRESSION: 1844
I/CameraCloud( 1100): 1333727802275: sending new pic ....
I/CameraCloud( 1100): 1333727802276: Server request to url: http://hermes5.csail.mit.edu:8213/101/0/0/
I/CameraCloud( 1100): 1333727802319: Cloud server request length: 5431
I/CameraCloud( 1100): 1333727802320: about to execute HTTP POST
I/CameraCloud( 1100): 1333727802320: in serverRequest() about to httpclient.execute()
D/AudioHardware(   81): AudioHardware pcm playback is going to standby.
D/AudioHardware(   81): closePcmOut_l() mPcmOpenCnt: 1
D/dalvikvm(  148): GC_CONCURRENT freed 1621K, 14% free 12393K/14407K, paused 2ms+5ms
D/dalvikvm(  148): GC_CONCURRENT freed 748K, 15% free 12367K/14407K, paused 2ms+5ms
D/dalvikvm(  707): GC_CONCURRENT freed 385K, 7% free 10042K/10759K, paused 1ms+2ms
I/GTalkService/c(  452): [AndroidEndpoint@1094767688] connect: acct=1000000, state=CONNECTING
I/CameraCloud( 1100): 1333727859122: CameraCloud Execute HTTP latency: 56802ms
I/CameraCloud( 1100): 1333727859122: finished executing HTTP POST, get data
I/CameraCloud( 1100): 1333727859123: make input stream reader for data
I/CameraCloud( 1100): 1333727859123: Cloud response length: 18
I/CameraCloud( 1100): 1333727859123: Returning cloud object
I/CameraCloud( 1100): 1333727859129: CameraCloud upload new photo latency = 56853
I/CameraCloud( 1100): 1333727859130: CameraCloud upload start 1333727802276 ~ stop 1333727859129
I/CameraCloud( 1100): 1333727859130: takeNum=2 takeCamGood=2 takeGoodSave=2 takeBad=0 getNum=0 getGood=0 getBad=0
I/CameraCloud( 1100): 1333727859131: SUCCESS! Client now knows saving photo on cloud server succeeded
I/CameraCloud( 1100): 1333727859131: RETURN STATUS: 12
I/CameraCloud( 1100): 1333727859131: Inside _enableButtons
I/CameraCloud( 1100): 1333727859132: areButtonsEnabled --> true
I/CameraCloud( 1100): 1333727859132: end of client send picture method
D/dalvikvm( 1100): GC_CONCURRENT freed 443K, 11% free 10869K/12103K, paused 19ms+3ms
I/CameraCloud( 1100): 1333727859191: .......... GPS onLocationChanged ...... 
I/CameraCloud( 1100): 1333727859192: Loc = Location[mProvider=gps,mTime=1333814203000,mLatitude=42.36353308306815,mLongitude=-71.10031984304781,mHasAltitude=true,mAltitude=-35.0,mHasSpeed=true,mSpeed=0.062900014,mHasBearing=true,mBearing=261.31314,mHasAccuracy=true,mAccuracy=10.0,mExtras=Bundle[mParcelledData.dataSize=4]] Previous Region = (0,0)
I/CameraCloud( 1100): 1333727859192: GPS x/long:-71.10031984304781, GPS y/lat: 42.36353308306815. Region width in x: 51.96152422706632
I/CameraCloud( 1100): 1333727859193: location PINPOINTS to region = 0.0, previous 0
I/CameraCloud( 1100): 1333727859193: stay at region 0
I/CameraCloud( 1100): 1333727859194: .......... GPS onLocationChanged ...... 
I/CameraCloud( 1100): 1333727859194: Loc = Location[mProvider=gps,mTime=1333814209000,mLatitude=42.36353849217017,mLongitude=-71.10030520435095,mHasAltitude=true,mAltitude=-28.0,mHasSpeed=true,mSpeed=0.0,mHasBearing=true,mBearing=139.88852,mHasAccuracy=true,mAccuracy=10.0,mExtras=Bundle[mParcelledData.dataSize=4]] Previous Region = (0,0)
I/CameraCloud( 1100): 1333727859195: GPS x/long:-71.10030520435095, GPS y/lat: 42.36353849217017. Region width in x: 51.96152422706632
I/CameraCloud( 1100): 1333727859195: location PINPOINTS to region = 0.0, previous 0
I/CameraCloud( 1100): 1333727859195: stay at region 0
I/CameraCloud( 1100): 1333727859196: .......... GPS onLocationChanged ...... 
I/CameraCloud( 1100): 1333727859196: Loc = Location[mProvider=gps,mTime=1333814250000,mLatitude=42.36355315346826,mLongitude=-71.10029880047071,mHasAltitude=true,mAltitude=-25.0,mHasSpeed=true,mSpeed=0.107112765,mHasBearing=true,mBearing=192.60297,mHasAccuracy=true,mAccuracy=10.0,mExtras=Bundle[mParcelledData.dataSize=4]] Previous Region = (0,0)
I/CameraCloud( 1100): 1333727859197: GPS x/long:-71.10029880047071, GPS y/lat: 42.36355315346826. Region width in x: 51.96152422706632
I/CameraCloud( 1100): 1333727859198: location PINPOINTS to region = 0.0, previous 0
I/CameraCloud( 1100): 1333727859198: stay at region 0
W/InputManagerService(  148): Window already focused, ignoring focus gain of: com.android.internal.view.IInputMethodClient$Stub$Proxy@416028c0
D/ConnectivityService(  148): handleInetConditionHoldEnd: net=0, condition=100, published condition=0
W/Smack/Packet(  452): notify conn break (IOEx), close connection
D/ConnectivityService(  148): handleInetConditionHoldEnd: net=0, condition=0, published condition=100
I/CameraCloud( 1100): 1333727875320: canPressButton = TRUE
I/CameraCloud( 1100): 1333727875321: areButtonsEnabled --> false 
I/CameraCloud( 1100): 1333727875321: Inside get photo disableButtons XXX
D/AudioHardware(   81): AudioHardware pcm playback is exiting standby.
D/AudioHardware(   81): openPcmOut_l() mPcmOpenCnt: 0
I/CameraCloud( 1100): 1333727875355: takeNum=2 takeCamGood=2 takeGoodSave=2 takeBad=0 getNum=1 getGood=0 getBad=0
I/CameraCloud( 1100): 1333727875356: ** Clicked getphotos Button from region 2 **
I/CameraCloud( 1100): 1333727875356: Trying to get photo from server, about to call serverRequest()
I/CameraCloud( 1100): 1333727875357: Server request to url: http://hermes5.csail.mit.edu:8213/102/2/0/
I/CameraCloud( 1100): 1333727875360: Cloud server request length: 12
I/CameraCloud( 1100): 1333727875360: about to execute HTTP POST
I/CameraCloud( 1100): 1333727875360: in serverRequest() about to httpclient.execute()
D/dalvikvm(  314): GC_CONCURRENT freed 422K, 6% free 9504K/10055K, paused 6ms+3ms
D/AudioHardware(   81): AudioHardware pcm playback is going to standby.
D/AudioHardware(   81): closePcmOut_l() mPcmOpenCnt: 1
D/dalvikvm(  148): GC_CONCURRENT freed 752K, 15% free 12375K/14407K, paused 38ms+5ms
I/InputDispatcher(  148): Application is not responding: Window{415e60f0 edu.mit.haoqili.camera_cloud/edu.mit.haoqili.camera_cloud.CameraCloud paused=false}.  5001.2ms since event, 5000.9ms since wait started
I/WindowManager(  148): Input event dispatching timed out sending to edu.mit.haoqili.camera_cloud/edu.mit.haoqili.camera_cloud.CameraCloud
I/Process (  148): Sending signal. PID: 1100 SIG: 3
I/dalvikvm( 1100): threadid=3: reacting to signal 3
I/dalvikvm( 1100): Wrote stack traces to '/data/anr/traces.txt'
I/Process (  148): Sending signal. PID: 148 SIG: 3
I/dalvikvm(  148): threadid=3: reacting to signal 3
I/dalvikvm(  148): Wrote stack traces to '/data/anr/traces.txt'
I/Process (  148): Sending signal. PID: 314 SIG: 3
I/dalvikvm(  314): threadid=3: reacting to signal 3
I/dalvikvm(  314): Wrote stack traces to '/data/anr/traces.txt'
I/Process (  148): Sending signal. PID: 218 SIG: 3
I/dalvikvm(  218): threadid=3: reacting to signal 3
I/dalvikvm(  218): Wrote stack traces to '/data/anr/traces.txt'
I/Process (  148): Sending signal. PID: 327 SIG: 3
I/dalvikvm(  327): threadid=3: reacting to signal 3
I/dalvikvm(  327): Wrote stack traces to '/data/anr/traces.txt'
D/dalvikvm(  148): GC_CONCURRENT freed 732K, 14% free 12484K/14407K, paused 2ms+5ms
D/dalvikvm(  148): GC_EXPLICIT freed 238K, 14% free 12508K/14407K, paused 2ms+4ms
I/Process (  148): Sending signal. PID: 707 SIG: 3
I/dalvikvm(  707): threadid=3: reacting to signal 3
I/dalvikvm(  707): Wrote stack traces to '/data/anr/traces.txt'
E/ActivityManager(  148): ANR in edu.mit.haoqili.camera_cloud (edu.mit.haoqili.camera_cloud/.CameraCloud)
E/ActivityManager(  148): Reason: keyDispatchingTimedOut
E/ActivityManager(  148): Load: 0.81 / 0.59 / 0.41
E/ActivityManager(  148): CPU usage from 15061ms to 0ms ago:
E/ActivityManager(  148):   30% 81/mediaserver: 29% user + 0.5% kernel
E/ActivityManager(  148):   8.9% 78/surfaceflinger: 2.9% user + 6% kernel
E/ActivityManager(  148):   5.9% 86/gpsd: 4.7% user + 1.1% kernel
E/ActivityManager(  148):   1.1% 148/system_server: 0.7% user + 0.3% kernel / faults: 13 minor
E/ActivityManager(  148):   0.8% 1167/kworker/0:2: 0% user + 0.8% kernel
E/ActivityManager(  148):   0.4% 57/kworker/u:2: 0% user + 0.4% kernel
E/ActivityManager(  148):   0.3% 1158/kworker/u:3: 0% user + 0.3% kernel
E/ActivityManager(  148):   0.3% 314/com.android.phone: 0.3% user + 0% kernel / faults: 3 minor
E/ActivityManager(  148):   0.3% 707/com.google.android.apps.maps:NetworkLocationService: 0.3% user + 0% kernel
E/ActivityManager(  148):   0% 51/irq/308-mxt224_: 0% user + 0% kernel
E/ActivityManager(  148):   0% 452/com.google.process.gapps: 0% user + 0% kernel / faults: 6 minor
E/ActivityManager(  148):   0% 693/com.google.android.apps.maps:FriendService: 0% user + 0% kernel / faults: 9 minor
E/ActivityManager(  148):   0% 845/com.android.vending: 0% user + 0% kernel
E/ActivityManager(  148): 48% TOTAL: 39% user + 8.9% kernel + 0% softirq
E/ActivityManager(  148): CPU usage from 444ms to 959ms later:
E/ActivityManager(  148):   26% 81/mediaserver: 26% user + 0% kernel
E/ActivityManager(  148):     28% 1115/CameraPreviewTh: 26% user + 1.8% kernel
E/ActivityManager(  148):   9.4% 86/gpsd: 7.5% user + 1.8% kernel
E/ActivityManager(  148):     11% 86/gpsd: 9.4% user + 1.8% kernel
E/ActivityManager(  148):   7.5% 78/surfaceflinger: 1.8% user + 5.6% kernel
E/ActivityManager(  148):     3.7% 131/SurfaceFlinger: 0% user + 3.7% kernel
E/ActivityManager(  148):   3.7% 148/system_server: 3.7% user + 0% kernel / faults: 1 minor
E/ActivityManager(  148):     1.8% 186/InputDispatcher: 1.8% user + 0% kernel
E/ActivityManager(  148):     1.8% 465/gps_s5pc110: 1.8% user + 0% kernel
E/ActivityManager(  148):   1.4% 707/com.google.android.apps.maps:NetworkLocationService: 0% user + 1.4% kernel
E/ActivityManager(  148):   1.6% 1167/kworker/0:2: 0% user + 1.6% kernel
E/ActivityManager(  148): 53% TOTAL: 40% user + 13% kernel
I/dalvikvm(  148): Jit: resizing JitTable from 8192 to 16384
D/AudioHardware(   81): AudioHardware pcm playback is exiting standby.
D/AudioHardware(   81): openPcmOut_l() mPcmOpenCnt: 0
V/PhoneStatusBar(  218): setLightsOn(true)
D/AudioHardware(   81): AudioHardware pcm playback is going to standby.
D/AudioHardware(   81): closePcmOut_l() mPcmOpenCnt: 1
I/CameraCloud( 1100): 1333727927573: CameraCloud Execute HTTP latency: 52213ms
I/CameraCloud( 1100): 1333727927575: finished executing HTTP POST, get data
I/CameraCloud( 1100): 1333727927576: make input stream reader for data
I/CameraCloud( 1100): 1333727927578: Cloud response length: 36303
I/CameraCloud( 1100): 1333727927580: Returning cloud object
I/CameraCloud( 1100): 1333727928305: CameraCloud download photo latency = 52949
I/CameraCloud( 1100): 1333727928306: CameraCloud download start 1333727875356 ~ stop 1333727928305
I/CameraCloud( 1100): 1333727928307: takeNum=2 takeCamGood=2 takeGoodSave=2 takeBad=0 getNum=1 getGood=1 getBad=0
I/CameraCloud( 1100): 1333727928307: Success! Client getting photo from cloud server, showing photo...
I/CameraCloud( 1100): 1333727928308: Remote photo's length: 3832
D/dalvikvm( 1100): GC_EXPLICIT freed 1064K, 17% free 10080K/12103K, paused 4ms+2ms
I/CameraCloud( 1100): 1333727928359: Done with Get photos button for region 2
I/CameraCloud( 1100): 1333727928359: Inside _enableButtons
I/CameraCloud( 1100): 1333727928359: areButtonsEnabled --> true
I/CameraCloud( 1100): 1333727928408: .......... GPS onLocationChanged ...... 
I/CameraCloud( 1100): 1333727928409: Loc = Location[mProvider=gps,mTime=1333814283000,mLatitude=42.3635646766257,mLongitude=-71.10030201301359,mHasAltitude=true,mAltitude=-29.0,mHasSpeed=true,mSpeed=0.0,mHasBearing=true,mBearing=287.1067,mHasAccuracy=true,mAccuracy=10.0,mExtras=Bundle[mParcelledData.dataSize=4]] Previous Region = (0,0)
I/CameraCloud( 1100): 1333727928409: GPS x/long:-71.10030201301359, GPS y/lat: 42.3635646766257. Region width in x: 51.96152422706632
I/CameraCloud( 1100): 1333727928409: location PINPOINTS to region = 0.0, previous 0
I/CameraCloud( 1100): 1333727928410: stay at region 0
I/CameraCloud( 1100): 1333727928411: .......... GPS onLocationChanged ...... 
I/CameraCloud( 1100): 1333727928411: Loc = Location[mProvider=gps,mTime=1333814286000,mLatitude=42.36360473262068,mLongitude=-71.10030500265148,mHasAltitude=true,mAltitude=-25.0,mHasSpeed=true,mSpeed=0.12187664,mHasBearing=true,mBearing=357.01306,mHasAccuracy=true,mAccuracy=25.0,mExtras=Bundle[mParcelledData.dataSize=4]] Previous Region = (0,0)
I/CameraCloud( 1100): 1333727928412: GPS x/long:-71.10030500265148, GPS y/lat: 42.36360473262068. Region width in x: 51.96152422706632
I/CameraCloud( 1100): 1333727928412: location PINPOINTS to region = 0.0, previous 0
I/CameraCloud( 1100): 1333727928420: stay at region 0
I/CameraCloud( 1100): 1333727928420: .......... GPS onLocationChanged ...... 
I/CameraCloud( 1100): 1333727928421: Loc = Location[mProvider=gps,mTime=1333814287000,mLatitude=42.36362808779777,mLongitude=-71.1003090123558,mHasAltitude=true,mAltitude=-25.0,mHasSpeed=true,mSpeed=0.0,mHasBearing=true,mBearing=357.596,mHasAccuracy=true,mAccuracy=25.0,mExtras=Bundle[mParcelledData.dataSize=4]] Previous Region = (0,0)
I/CameraCloud( 1100): 1333727928422: GPS x/long:-71.1003090123558, GPS y/lat: 42.36362808779777. Region width in x: 51.96152422706632
I/CameraCloud( 1100): 1333727928422: location PINPOINTS to region = 0.0, previous 0
I/CameraCloud( 1100): 1333727928422: stay at region 0
I/CameraCloud( 1100): 1333727928423: .......... GPS onLocationChanged ...... 
I/CameraCloud( 1100): 1333727928424: Loc = Location[mProvider=gps,mTime=1333814289000,mLatitude=42.363640511684864,mLongitude=-71.10031167576484,mHasAltitude=true,mAltitude=-25.0,mHasSpeed=true,mSpeed=0.26660988,mHasBearing=true,mBearing=359.43896,mHasAccuracy=true,mAccuracy=25.0,mExtras=Bundle[mParcelledData.dataSize=4]] Previous Region = (0,0)
I/CameraCloud( 1100): 1333727928424: GPS x/long:-71.10031167576484, GPS y/lat: 42.363640511684864. Region width in x: 51.96152422706632
I/CameraCloud( 1100): 1333727928424: location PINPOINTS to region = 0.0, previous 0
I/CameraCloud( 1100): 1333727928425: stay at region 0
I/CameraCloud( 1100): 1333727928425: .......... GPS onLocationChanged ...... 
I/CameraCloud( 1100): 1333727928426: Loc = Location[mProvider=gps,mTime=1333814292000,mLatitude=42.36364367361435,mLongitude=-71.10032420998736,mHasAltitude=true,mAltitude=-22.0,mHasSpeed=true,mSpeed=0.0,mHasBearing=true,mBearing=29.055132,mHasAccuracy=true,mAccuracy=10.0,mExtras=Bundle[mParcelledData.dataSize=4]] Previous Region = (0,0)
I/CameraCloud( 1100): 1333727928426: GPS x/long:-71.10032420998736, GPS y/lat: 42.36364367361435. Region width in x: 51.96152422706632
I/CameraCloud( 1100): 1333727928427: location PINPOINTS to region = 0.0, previous 0
I/CameraCloud( 1100): 1333727928427: stay at region 0
I/CameraCloud( 1100): 1333727928431: .......... GPS onLocationChanged ...... 
I/CameraCloud( 1100): 1333727928431: Loc = Location[mProvider=gps,mTime=1333814304000,mLatitude=42.363633577854614,mLongitude=-71.10031749085182,mHasAltitude=true,mAltitude=-24.0,mHasSpeed=true,mSpeed=0.095804475,mHasBearing=true,mBearing=102.57834,mHasAccuracy=true,mAccuracy=10.0,mExtras=Bundle[mParcelledData.dataSize=4]] Previous Region = (0,0)
I/CameraCloud( 1100): 1333727928432: GPS x/long:-71.10031749085182, GPS y/lat: 42.363633577854614. Region width in x: 51.96152422706632
I/CameraCloud( 1100): 1333727928432: location PINPOINTS to region = 0.0, previous 0
I/CameraCloud( 1100): 1333727928432: stay at region 0
I/CameraCloud( 1100): 1333727928434: .......... GPS onLocationChanged ...... 
I/CameraCloud( 1100): 1333727928434: Loc = Location[mProvider=gps,mTime=1333814324000,mLatitude=42.36361129341298,mLongitude=-71.10032341851809,mHasAltitude=true,mAltitude=-22.0,mHasSpeed=true,mSpeed=0.0,mHasBearing=true,mBearing=113.18737,mHasAccuracy=true,mAccuracy=10.0,mExtras=Bundle[mParcelledData.dataSize=4]] Previous Region = (0,0)
I/CameraCloud( 1100): 1333727928444: GPS x/long:-71.10032341851809, GPS y/lat: 42.36361129341298. Region width in x: 51.96152422706632
I/CameraCloud( 1100): 1333727928444: location PINPOINTS to region = 0.0, previous 0
I/CameraCloud( 1100): 1333727928444: stay at region 0
I/CameraCloud( 1100): 1333727928445: .......... GPS onLocationChanged ...... 
I/CameraCloud( 1100): 1333727928461: Loc = Location[mProvider=gps,mTime=1333814325000,mLatitude=42.36358340820139,mLongitude=-71.10031991781347,mHasAltitude=true,mAltitude=-21.0,mHasSpeed=true,mSpeed=0.0,mHasBearing=true,mBearing=113.17093,mHasAccuracy=true,mAccuracy=10.0,mExtras=Bundle[mParcelledData.dataSize=4]] Previous Region = (0,0)
I/CameraCloud( 1100): 1333727928462: GPS x/long:-71.10031991781347, GPS y/lat: 42.36358340820139. Region width in x: 51.96152422706632
I/CameraCloud( 1100): 1333727928462: location PINPOINTS to region = 0.0, previous 0
I/CameraCloud( 1100): 1333727928465: stay at region 0
I/CameraCloud( 1100): 1333727928466: .......... GPS onLocationChanged ...... 
I/CameraCloud( 1100): 1333727928467: Loc = Location[mProvider=gps,mTime=1333814326000,mLatitude=42.36357174509483,mLongitude=-71.10031034786917,mHasAltitude=true,mAltitude=-19.0,mHasSpeed=true,mSpeed=0.0,mHasBearing=true,mBearing=81.44015,mHasAccuracy=true,mAccuracy=10.0,mExtras=Bundle[mParcelledData.dataSize=4]] Previous Region = (0,0)
I/CameraCloud( 1100): 1333727928467: GPS x/long:-71.10031034786917, GPS y/lat: 42.36357174509483. Region width in x: 51.96152422706632
I/CameraCloud( 1100): 1333727928467: location PINPOINTS to region = 0.0, previous 0
I/CameraCloud( 1100): 1333727928468: stay at region 0
I/CameraCloud( 1100): 1333727928471: .......... GPS onLocationChanged ...... 
I/CameraCloud( 1100): 1333727928471: Loc = Location[mProvider=gps,mTime=1333814328000,mLatitude=42.36355633179117,mLongitude=-71.100311859648,mHasAltitude=true,mAltitude=-21.0,mHasSpeed=true,mSpeed=0.0,mHasBearing=true,mBearing=335.72144,mHasAccuracy=true,mAccuracy=10.0,mExtras=Bundle[mParcelledData.dataSize=4]] Previous Region = (0,0)
I/CameraCloud( 1100): 1333727928472: GPS x/long:-71.100311859648, GPS y/lat: 42.36355633179117. Region width in x: 51.96152422706632
I/CameraCloud( 1100): 1333727928472: location PINPOINTS to region = 0.0, previous 0
I/CameraCloud( 1100): 1333727928472: stay at region 0
D/dalvikvm( 1100): GC_CONCURRENT freed 458K, 18% free 10035K/12103K, paused 2ms+18ms
W/InputManagerService(  148): Window already focused, ignoring focus gain of: com.android.internal.view.IInputMethodClient$Stub$Proxy@416d0448
I/CameraCloud( 1100): 1333727928851: .......... GPS onLocationChanged ...... 
I/CameraCloud( 1100): 1333727928851: Loc = Location[mProvider=gps,mTime=1333814329000,mLatitude=42.363545803835464,mLongitude=-71.10031310201185,mHasAltitude=true,mAltitude=-19.0,mHasSpeed=true,mSpeed=0.0,mHasBearing=true,mBearing=5.2331033,mHasAccuracy=true,mAccuracy=20.0,mExtras=Bundle[mParcelledData.dataSize=4]] Previous Region = (0,0)
I/CameraCloud( 1100): 1333727928852: GPS x/long:-71.10031310201185, GPS y/lat: 42.363545803835464. Region width in x: 51.96152422706632
I/CameraCloud( 1100): 1333727928852: location PINPOINTS to region = 0.0, previous 0
I/CameraCloud( 1100): 1333727928852: stay at region 0
D/dalvikvm(  148): GC_EXPLICIT freed 717K, 15% free 12385K/14407K, paused 2ms+5ms
D/dalvikvm(  452): GC_CONCURRENT freed 447K, 6% free 9982K/10567K, paused 2ms+3ms
I/CameraCloud( 1100): 1333727937887: .......... GPS onLocationChanged ...... 
I/CameraCloud( 1100): 1333727937887: Loc = Location[mProvider=gps,mTime=1333814338000,mLatitude=42.36354676730163,mLongitude=-71.10028893907507,mHasAltitude=true,mAltitude=-27.0,mHasSpeed=true,mSpeed=0.2584496,mHasBearing=true,mBearing=85.0309,mHasAccuracy=true,mAccuracy=10.0,mExtras=Bundle[mParcelledData.dataSize=4]] Previous Region = (0,0)
I/CameraCloud( 1100): 1333727937888: GPS x/long:-71.10028893907507, GPS y/lat: 42.36354676730163. Region width in x: 51.96152422706632
I/CameraCloud( 1100): 1333727937888: location PINPOINTS to region = 0.0, previous 0
I/CameraCloud( 1100): 1333727937888: stay at region 0
I/CameraCloud( 1100): 1333727938881: .......... GPS onLocationChanged ...... 
I/CameraCloud( 1100): 1333727938882: Loc = Location[mProvider=gps,mTime=1333814339000,mLatitude=42.36354269735385,mLongitude=-71.1002775617333,mHasAltitude=true,mAltitude=-26.0,mHasSpeed=true,mSpeed=0.0,mHasBearing=true,mBearing=82.27358,mHasAccuracy=true,mAccuracy=10.0,mExtras=Bundle[mParcelledData.dataSize=4]] Previous Region = (0,0)
I/CameraCloud( 1100): 1333727938883: GPS x/long:-71.1002775617333, GPS y/lat: 42.36354269735385. Region width in x: 51.96152422706632
I/CameraCloud( 1100): 1333727938883: location PINPOINTS to region = 0.0, previous 0
I/CameraCloud( 1100): 1333727938883: stay at region 0
I/CameraCloud( 1100): 1333727939865: .......... GPS onLocationChanged ...... 
I/CameraCloud( 1100): 1333727939866: Loc = Location[mProvider=gps,mTime=1333814340000,mLatitude=42.36353235639958,mLongitude=-71.10025922006206,mHasAltitude=true,mAltitude=-27.0,mHasSpeed=true,mSpeed=0.571919,mHasBearing=true,mBearing=116.8088,mHasAccuracy=true,mAccuracy=20.0,mExtras=Bundle[mParcelledData.dataSize=4]] Previous Region = (0,0)
I/CameraCloud( 1100): 1333727939867: GPS x/long:-71.10025922006206, GPS y/lat: 42.36353235639958. Region width in x: 51.96152422706632
I/CameraCloud( 1100): 1333727939868: location PINPOINTS to region = 0.0, previous 0
I/CameraCloud( 1100): 1333727939869: stay at region 0
D/dalvikvm(  707): GC_CONCURRENT freed 385K, 7% free 10044K/10759K, paused 6ms+2ms
I/CameraCloud( 1100): 1333727952877: .......... GPS onLocationChanged ...... 
I/CameraCloud( 1100): 1333727952878: Loc = Location[mProvider=gps,mTime=1333814353000,mLatitude=42.36355117147061,mLongitude=-71.1002715418428,mHasAltitude=true,mAltitude=-31.0,mHasSpeed=true,mSpeed=0.0,mHasBearing=true,mBearing=354.04517,mHasAccuracy=true,mAccuracy=20.0,mExtras=Bundle[mParcelledData.dataSize=4]] Previous Region = (0,0)
I/CameraCloud( 1100): 1333727952878: GPS x/long:-71.1002715418428, GPS y/lat: 42.36355117147061. Region width in x: 51.96152422706632
I/CameraCloud( 1100): 1333727952878: location PINPOINTS to region = 0.0, previous 0
I/CameraCloud( 1100): 1333727952879: stay at region 0
I/CameraCloud( 1100): 1333727954854: .......... GPS onLocationChanged ...... 
I/CameraCloud( 1100): 1333727954856: Loc = Location[mProvider=gps,mTime=1333814355000,mLatitude=42.36355857113295,mLongitude=-71.10029585164385,mHasAltitude=true,mAltitude=-36.0,mHasSpeed=true,mSpeed=0.4074445,mHasBearing=true,mBearing=273.83377,mHasAccuracy=true,mAccuracy=15.0,mExtras=Bundle[mParcelledData.dataSize=4]] Previous Region = (0,0)
I/CameraCloud( 1100): 1333727954857: GPS x/long:-71.10029585164385, GPS y/lat: 42.36355857113295. Region width in x: 51.96152422706632
I/CameraCloud( 1100): 1333727954857: location PINPOINTS to region = 0.0, previous 0
I/CameraCloud( 1100): 1333727954858: stay at region 0
I/CameraCloud( 1100): 1333727957858: .......... GPS onLocationChanged ...... 
I/CameraCloud( 1100): 1333727957860: Loc = Location[mProvider=gps,mTime=1333814358000,mLatitude=42.3635580925765,mLongitude=-71.10030855047567,mHasAltitude=true,mAltitude=-36.0,mHasSpeed=true,mSpeed=0.401453,mHasBearing=true,mBearing=271.71643,mHasAccuracy=true,mAccuracy=10.0,mExtras=Bundle[mParcelledData.dataSize=4]] Previous Region = (0,0)
I/CameraCloud( 1100): 1333727957861: GPS x/long:-71.10030855047567, GPS y/lat: 42.3635580925765. Region width in x: 51.96152422706632
I/CameraCloud( 1100): 1333727957862: location PINPOINTS to region = 0.0, previous 0
I/CameraCloud( 1100): 1333727957863: stay at region 0
I/CameraCloud( 1100): 1333727959857: .......... GPS onLocationChanged ...... 
I/CameraCloud( 1100): 1333727959858: Loc = Location[mProvider=gps,mTime=1333814360000,mLatitude=42.36355527822196,mLongitude=-71.1003226539921,mHasAltitude=true,mAltitude=-36.0,mHasSpeed=true,mSpeed=0.0,mHasBearing=true,mBearing=256.191,mHasAccuracy=true,mAccuracy=10.0,mExtras=Bundle[mParcelledData.dataSize=4]] Previous Region = (0,0)
I/CameraCloud( 1100): 1333727959858: GPS x/long:-71.1003226539921, GPS y/lat: 42.36355527822196. Region width in x: 51.96152422706632
I/CameraCloud( 1100): 1333727959858: location PINPOINTS to region = 0.0, previous 0
I/CameraCloud( 1100): 1333727959859: stay at region 0
I/CameraCloud( 1100): 1333727961906: .......... GPS onLocationChanged ...... 
I/CameraCloud( 1100): 1333727961907: Loc = Location[mProvider=gps,mTime=1333814362000,mLatitude=42.36355864920144,mLongitude=-71.10033532985311,mHasAltitude=true,mAltitude=-24.0,mHasSpeed=true,mSpeed=0.0,mHasBearing=true,mBearing=256.7969,mHasAccuracy=true,mAccuracy=20.0,mExtras=Bundle[mParcelledData.dataSize=4]] Previous Region = (0,0)
I/CameraCloud( 1100): 1333727961907: GPS x/long:-71.10033532985311, GPS y/lat: 42.36355864920144. Region width in x: 51.96152422706632
I/CameraCloud( 1100): 1333727961908: location PINPOINTS to region = 0.0, previous 0
I/CameraCloud( 1100): 1333727961908: stay at region 0
I/CameraCloud( 1100): 1333727963893: .......... GPS onLocationChanged ...... 
I/CameraCloud( 1100): 1333727963894: Loc = Location[mProvider=gps,mTime=1333814364000,mLatitude=42.36356650803465,mLongitude=-71.10034977734828,mHasAltitude=true,mAltitude=-25.0,mHasSpeed=true,mSpeed=0.42420554,mHasBearing=true,mBearing=270.14642,mHasAccuracy=true,mAccuracy=20.0,mExtras=Bundle[mParcelledData.dataSize=4]] Previous Region = (0,0)
I/CameraCloud( 1100): 1333727963894: GPS x/long:-71.10034977734828, GPS y/lat: 42.36356650803465. Region width in x: 51.96152422706632
I/CameraCloud( 1100): 1333727963894: location PINPOINTS to region = 0.0, previous 0
I/CameraCloud( 1100): 1333727963895: stay at region 0
I/CameraCloud( 1100): 1333727966856: .......... GPS onLocationChanged ...... 
