W/DownloadManager(  265): Aborting request for download 32: no network connection available
I/EventLogService(  452): Aggregate from 1333872379122 (log), 1333872379122 (data)
I/ServiceDumpSys(  452): dumping service [account]
D/dalvikvm(  452): GC_CONCURRENT freed 388K, 8% free 10004K/10823K, paused 3ms+4ms
D/dalvikvm(  452): GC_EXPLICIT freed 41K, 8% free 9964K/10823K, paused 2ms+3ms
I/EventLogService(  452): Aggregate from 1333874179467 (log), 1333874179467 (data)
I/ServiceDumpSys(  452): dumping service [account]
I/EventLogService(  452): Aggregate from 1333875979614 (log), 1333875979614 (data)
I/ServiceDumpSys(  452): dumping service [account]
D/dalvikvm(  148): GC_CONCURRENT freed 1012K, 12% free 13463K/15175K, paused 3ms+4ms
I/ActivityManager(  148): Config changed: {1.0 310mcc260mnc en_US layoutdir=0 sw320dp w320dp h508dp nrml long port car finger -keyb/v/h -nav/h s.9}
D/OpenGLRenderer(  339): Flushing caches (mode 0)
V/TransportControlView(  148): Create TCV com.android.internal.widget.TransportControlView@41341f58
D/PhoneStatusBar(  218): disable: < expand icons alerts ticker* system_info BACK HOME RECENT* CLOCK >
I/Launcher(  339): setLoadOnResume
I/Launcher(  339): setLoadOnResume
D/dalvikvm(  339): GC_CONCURRENT freed 1064K, 29% free 12798K/17927K, paused 1ms+7ms
I/Launcher(  339): setLoadOnResume
I/Launcher(  339): setLoadOnResume
I/Launcher(  339): setLoadOnResume
I/Launcher(  339): setLoadOnResume
I/Launcher(  339): setLoadOnResume
I/EventLogService(  452): Aggregate from 1333877779698 (log), 1333877779698 (data)
D/dalvikvm(  148): GC_CONCURRENT freed 1000K, 12% free 13451K/15175K, paused 2ms+5ms
I/ServiceDumpSys(  452): dumping service [account]
D/PhoneStatusBar(  218): disable: < expand icons alerts TICKER* system_info BACK HOME recent* CLOCK >
W/WindowManager(  148): App freeze timeout expired.
D/dalvikvm(  218): GC_CONCURRENT freed 447K, 6% free 10201K/10759K, paused 3ms+6ms
I/EventLogService(  452): Aggregate from 1333879579863 (log), 1333879579863 (data)
I/ServiceDumpSys(  452): dumping service [account]
I/EventLogService(  452): Aggregate from 1333881380123 (log), 1333881380123 (data)
I/ServiceDumpSys(  452): dumping service [account]
D/dalvikvm(  452): GC_CONCURRENT freed 373K, 8% free 9980K/10823K, paused 2ms+3ms
D/dalvikvm(  148): GC_CONCURRENT freed 993K, 12% free 13465K/15175K, paused 2ms+6ms
I/EventLogService(  452): Aggregate from 1333883180232 (log), 1333883180232 (data)
I/ServiceDumpSys(  452): dumping service [account]
I/SystemUpdateService(  452): download in progress: [id: 31 compl: false succ: false bytes: 0 reason: 0 fn: null]
I/SystemUpdateService(  452): download took too long; will cancel and retry
V/SystemUpdateService(  452): retry (wakeup: true) in 449871 ms
V/SystemUpdateService(  452): onPostExecute: false
I/EventLogService(  452): Aggregate from 1333884980367 (log), 1333884980367 (data)
I/ServiceDumpSys(  452): dumping service [account]
I/SystemUpdateService(  452): starting download of http://android.clients.google.com/packages/ota/google_crespo/hR7QFEtn.zip
V/SystemUpdateService(  452): retry (wakeup: true) in 21599997 ms
I/SystemUpdate.Download(  452): Started a new update download: http://android.clients.google.com/packages/ota/google_crespo/hR7QFEtn.zip (id 33; allowMobile=false)
V/SystemUpdateService(  452): onPostExecute: false
D/dalvikvm(  452): GC_CONCURRENT freed 397K, 8% free 9982K/10823K, paused 3ms+3ms
D/dalvikvm(  218): GC_CONCURRENT freed 434K, 6% free 10206K/10759K, paused 8ms+4ms
D/dalvikvm(  148): GC_EXPLICIT freed 738K, 12% free 13453K/15175K, paused 2ms+5ms
I/DownloadManager(  265): Initiating request for download 33
W/DownloadManager(  265): Aborting request for download 33: no network connection available
D/dalvikvm(  314): GC_CONCURRENT freed 430K, 6% free 9490K/10055K, paused 2ms+10ms
I/EventLogService(  452): Aggregate from 1333886780501 (log), 1333886780501 (data)
I/ServiceDumpSys(  452): dumping service [account]
I/EventLogService(  452): Aggregate from 1333888580788 (log), 1333888580788 (data)
I/ServiceDumpSys(  452): dumping service [account]
D/dalvikvm(  148): GC_CONCURRENT freed 991K, 12% free 13467K/15175K, paused 3ms+5ms
I/EventLogService(  452): Aggregate from 1333890380888 (log), 1333890380888 (data)
I/ServiceDumpSys(  452): dumping service [account]
I/EventLogService(  452): Aggregate from 1333892181109 (log), 1333892181109 (data)
I/ServiceDumpSys(  452): dumping service [account]
D/dalvikvm(  218): GC_CONCURRENT freed 434K, 6% free 10197K/10759K, paused 1ms+3ms
I/EventLogService(  452): Aggregate from 1333893981216 (log), 1333893981216 (data)
I/ServiceDumpSys(  452): dumping service [account]
D/dalvikvm(  452): GC_CONCURRENT freed 400K, 8% free 9981K/10823K, paused 2ms+3ms
D/dalvikvm(  148): GC_CONCURRENT freed 1039K, 12% free 13471K/15175K, paused 2ms+5ms
I/EventLogService(  452): Aggregate from 1333895781443 (log), 1333895781443 (data)
I/ServiceDumpSys(  452): dumping service [account]
I/EventLogService(  452): Aggregate from 1333897581576 (log), 1333897581576 (data)
I/ServiceDumpSys(  452): dumping service [account]
D/Finsky  (  845): [1] UpdateCheckReceiver.updateCheckIfNecessary: Force checking for available updates.
D/Finsky  (  845): [1] UpdatesAvailableReceiver.onReceive: Received updates available notification
E/Finsky  (  845): [1] UpdatesAvailableReceiver.onReceive: Could not set up current account / dfe api when receiving an updates available broadcast.
D/dalvikvm(  845): GC_CONCURRENT freed 389K, 5% free 9380K/9863K, paused 2ms+5ms
I/EventLogService(  452): Aggregate from 1333899381804 (log), 1333899381804 (data)
I/ServiceDumpSys(  452): dumping service [account]
D/dalvikvm(  148): GC_CONCURRENT freed 992K, 12% free 13477K/15175K, paused 4ms+8ms
D/dalvikvm(  218): GC_CONCURRENT freed 438K, 6% free 10202K/10759K, paused 1ms+8ms
I/EventLogService(  452): Aggregate from 1333901182102 (log), 1333901182102 (data)
I/ServiceDumpSys(  452): dumping service [account]
I/EventLogService(  452): Aggregate from 1333902982236 (log), 1333902982236 (data)
D/dalvikvm(  452): GC_CONCURRENT freed 381K, 8% free 9993K/10823K, paused 3ms+2ms
I/ServiceDumpSys(  452): dumping service [account]
D/dalvikvm(  148): GC_CONCURRENT freed 1010K, 12% free 13472K/15175K, paused 2ms+5ms
I/EventLogService(  452): Aggregate from 1333904782471 (log), 1333904782471 (data)
I/ServiceDumpSys(  452): dumping service [account]
I/EventLogService(  452): Aggregate from 1333906582786 (log), 1333906582786 (data)
I/ServiceDumpSys(  452): dumping service [account]
I/SystemUpdateService(  452): download in progress: [id: 33 compl: false succ: false bytes: 0 reason: 0 fn: null]
I/SystemUpdateService(  452): download took too long; will cancel and retry
D/dalvikvm(  265): GC_CONCURRENT freed 424K, 6% free 9303K/9863K, paused 2ms+2ms
V/SystemUpdateService(  452): retry (wakeup: true) in 509918 ms
V/SystemUpdateService(  452): onPostExecute: false
I/SystemUpdateService(  452): starting download of http://android.clients.google.com/packages/ota/google_crespo/hR7QFEtn.zip
V/SystemUpdateService(  452): retry (wakeup: true) in 21599977 ms
D/dalvikvm(  452): GC_CONCURRENT freed 413K, 8% free 9983K/10823K, paused 2ms+4ms
I/SystemUpdate.Download(  452): Started a new update download: http://android.clients.google.com/packages/ota/google_crespo/hR7QFEtn.zip (id 34; allowMobile=false)
V/SystemUpdateService(  452): onPostExecute: false
I/DownloadManager(  265): Initiating request for download 34
W/DownloadManager(  265): Aborting request for download 34: no network connection available
D/dalvikvm(  218): GC_CONCURRENT freed 447K, 6% free 10200K/10759K, paused 5ms+7ms
I/EventLogService(  452): Aggregate from 1333908382888 (log), 1333908382888 (data)
I/ServiceDumpSys(  452): dumping service [account]
D/dalvikvm(  148): GC_CONCURRENT freed 978K, 12% free 13486K/15175K, paused 2ms+5ms
I/EventLogService(  452): Aggregate from 1333910183110 (log), 1333910183110 (data)
I/ServiceDumpSys(  452): dumping service [account]
I/dalvikvm(  218): Jit: resizing JitTable from 4096 to 8192
I/EventLogService(  452): Aggregate from 1333911983444 (log), 1333911983444 (data)
I/ServiceDumpSys(  452): dumping service [account]
D/dalvikvm(  148): GC_CONCURRENT freed 1018K, 12% free 13488K/15175K, paused 4ms+12ms
I/EventLogService(  452): Aggregate from 1333913783580 (log), 1333913783580 (data)
I/ServiceDumpSys(  452): dumping service [account]
D/dalvikvm(  452): GC_CONCURRENT freed 393K, 8% free 9980K/10823K, paused 3ms+3ms
D/dalvikvm(  218): GC_CONCURRENT freed 432K, 6% free 10202K/10759K, paused 1ms+3ms
I/EventLogService(  452): Aggregate from 1333915583803 (log), 1333915583803 (data)
I/ServiceDumpSys(  452): dumping service [account]
I/EventLogService(  452): Aggregate from 1333917383893 (log), 1333917383893 (data)
I/ServiceDumpSys(  452): dumping service [account]
D/dalvikvm(  148): GC_CONCURRENT freed 1054K, 12% free 13486K/15175K, paused 3ms+5ms
I/EventLogService(  452): Aggregate from 1333919184130 (log), 1333919184130 (data)
I/ServiceDumpSys(  452): dumping service [account]
I/EventLogService(  452): Aggregate from 1333920984232 (log), 1333920984232 (data)
I/ServiceDumpSys(  452): dumping service [account]
I/power   (  148): *** set_screen_state 1
I/WindowManager(  148): Lock screen displayed!
W/PowerUI (  218): unknown intent: Intent { act=android.intent.action.ACTION_POWER_CONNECTED flg=0x10000010 }
D/PicasaSyncManager( 1000): battery info: true
D/SurfaceFlinger(   78): Screen about to return, flinger = 0x1bcf918
I/StorageNotification(  218): UMS connection changed to true (media state mounted)
I/StorageNotification(  218): UMS connection changed to true (media state mounted)
D/dalvikvm(  218): GC_CONCURRENT freed 440K, 5% free 10236K/10759K, paused 1ms+8ms
I/power   (  148): *** set_screen_state 0
D/SurfaceFlinger(   78): About to give-up screen, flinger = 0x1bcf918
I/UsageStats(  148): Deleting usage file : usage-20120313
D/dalvikvm(  148): GC_CONCURRENT freed 1082K, 11% free 13523K/15175K, paused 3ms+6ms
V/TransportControlView(  148): Create TCV com.android.internal.widget.TransportControlView@41343120
I/power   (  148): *** set_screen_state 1
I/WindowManager(  148): Lock screen displayed!
D/dalvikvm(  218): GC_FOR_ALLOC freed 147K, 6% free 10164K/10759K, paused 16ms
I/dalvikvm-heap(  218): Grow heap (frag case) to 10.079MB for 90256-byte allocation
D/dalvikvm(  218): GC_FOR_ALLOC freed 19K, 7% free 10233K/10887K, paused 16ms
D/dalvikvm(  218): GC_FOR_ALLOC freed 0K, 7% free 10233K/10887K, paused 15ms
I/dalvikvm-heap(  218): Grow heap (frag case) to 10.238MB for 186256-byte allocation
D/dalvikvm(  218): GC_FOR_ALLOC freed 0K, 6% free 10415K/11079K, paused 14ms
D/PhoneStatusBar(  218): disable: < expand icons alerts ticker* system_info BACK HOME RECENT* CLOCK >
D/dalvikvm(  218): GC_FOR_ALLOC freed 93K, 7% free 10326K/11079K, paused 16ms
I/dalvikvm-heap(  218): Grow heap (frag case) to 10.329MB for 186256-byte allocation
D/dalvikvm(  218): GC_FOR_ALLOC freed <1K, 7% free 10508K/11271K, paused 23ms
D/SurfaceFlinger(   78): Screen about to return, flinger = 0x1bcf918
D/PhoneStatusBar(  218): disable: < expand icons alerts ticker system_info BACK HOME recent* CLOCK >
D/PhoneStatusBar(  218): disable: < expand icons alerts ticker system_info back* home* recent clock* >
I/ActivityManager(  148): START {flg=0x10000000 cmp=com.android.systemui/.usb.UsbStorageActivity bnds=[0,119][480,215]} from pid -1
D/AudioHardware(   81): AudioHardware pcm playback is exiting standby.
D/AudioHardware(   81): openPcmOut_l() mPcmOpenCnt: 0
D/dalvikvm(  148): GC_FOR_ALLOC freed 853K, 12% free 13407K/15175K, paused 51ms
W/KeyguardViewMediator(  148): verifyUnlock called when not externally disabled
D/OpenGLRenderer(  339): Flushing caches (mode 1)
D/dalvikvm(  218): GC_FOR_ALLOC freed 16K, 7% free 10569K/11271K, paused 25ms
I/dalvikvm-heap(  218): Grow heap (frag case) to 10.666MB for 291616-byte allocation
D/dalvikvm(  218): GC_FOR_ALLOC freed 2K, 7% free 10851K/11591K, paused 18ms
D/dalvikvm(  148): GC_EXPLICIT freed 784K, 16% free 12777K/15175K, paused 3ms+4ms
D/VoldCmdListener(   72): volume shared /mnt/sdcard ums
D/OpenGLRenderer(  339): Flushing caches (mode 0)
D/libEGL  (  218): loaded /system/lib/egl/libGLES_android.so
D/libEGL  (  218): loaded /vendor/lib/egl/libEGL_POWERVR_SGX540_120.so
D/libEGL  (  218): loaded /vendor/lib/egl/libGLESv1_CM_POWERVR_SGX540_120.so
D/libEGL  (  218): loaded /vendor/lib/egl/libGLESv2_POWERVR_SGX540_120.so
D/OpenGLRenderer(  218): Enabling debug mode 0
I/ActivityManager(  148): Displayed com.android.systemui/.usb.UsbStorageActivity: +626ms (total +5h23m6s178ms)
D/VoldCmdListener(   72): storage users /mnt/sdcard
I/PackageManager(  148): Updating external media status from mounted to unmounted
D/VoldCmdListener(   72): asec list
I/PackageManager(  148): No secure containers on sdcard
W/InputManagerService(  148): Window already focused, ignoring focus gain of: com.android.internal.view.IInputMethodClient$Stub$Proxy@414cec58
D/VoldCmdListener(   72): storage users /mnt/sdcard
W/ActivityManager(  148): Killing processes unmount media at adjustment 9
W/ActivityManager(  148): Killing ProcessRecord{41730758 1210:com.google.android.apps.maps/10032} (adj 10): unmount media
D/VoldCmdListener(   72): storage users /mnt/sdcard
D/dalvikvm(  148): GC_EXPLICIT freed 281K, 16% free 12766K/15175K, paused 2ms+12ms
I/PackageManager(  148): Updating external media status from unmounted to unmounted
D/VoldCmdListener(   72): volume unmount /mnt/sdcard force
D/Vold    (   72): Volume sdcard state changing 4 (Mounted) -> 5 (Unmounting)
D/MountService(  148): sendStorageIntent Intent { act=android.intent.action.MEDIA_EJECT dat=file:///mnt/sdcard (has extras) }
I/Vold    (   72): /mnt/secure/staging/.android_secure sucessfully unmounted
I/Vold    (   72): /mnt/secure/asec sucessfully unmounted
I/Vold    (   72): /mnt/secure/staging sucessfully unmounted
I/Vold    (   72): /mnt/sdcard unmounted sucessfully
D/Vold    (   72): Volume sdcard state changing 5 (Unmounting) -> 1 (Idle-Unmounted)
I/PackageManager(  148): Updating external media status from unmounted to unmounted
D/MountService(  148): volume state changed for /mnt/sdcard (mounted -> unmounted)
D/MountService(  148): sendStorageIntent Intent { act=android.intent.action.MEDIA_UNMOUNTED dat=file:///mnt/sdcard (has extras) }
I/StorageNotification(  218): Media {/mnt/sdcard} state changed from {mounted} -> {unmounted}
D/MediaScannerReceiver(  265): action: android.intent.action.MEDIA_UNMOUNTED path: /mnt/sdcard
D/VoldCmdListener(   72): volume share /mnt/sdcard ums
D/Vold    (   72): Volume sdcard state changing 1 (Idle-Unmounted) -> 7 (Shared-Unmounted)
W/MountService(  148): Duplicate state transition (unmounted -> unmounted) for /mnt/sdcard
D/MountService(  148): sendStorageIntent Intent { act=android.intent.action.MEDIA_UNMOUNTED dat=file:///mnt/sdcard (has extras) }
D/MountService(  148): volume state changed for /mnt/sdcard (unmounted -> shared)
D/MediaScannerReceiver(  265): action: android.intent.action.MEDIA_UNMOUNTED path: /mnt/sdcard
D/dalvikvm(  218): GC_FOR_ALLOC freed 23K, 6% free 10934K/11591K, paused 27ms
I/dalvikvm-heap(  218): Grow heap (frag case) to 11.023MB for 291616-byte allocation
D/VoldCmdListener(   72): volume shared /mnt/sdcard ums
D/dalvikvm(  218): GC_FOR_ALLOC freed 4K, 6% free 11214K/11911K, paused 17ms
D/MountService(  148): sendStorageIntent Intent { act=android.intent.action.MEDIA_SHARED dat=file:///mnt/sdcard (has extras) }
I/StorageNotification(  218): Media {/mnt/sdcard} state changed from {unmounted} -> {shared}
D/dalvikvm(  218): GC_FOR_ALLOC freed 312K, 8% free 11040K/11911K, paused 17ms
D/dalvikvm(  218): GC_FOR_ALLOC freed 193K, 8% free 11023K/11911K, paused 17ms
D/dalvikvm(  218): GC_FOR_ALLOC freed 352K, 8% free 10980K/11911K, paused 19ms
D/dalvikvm(  218): GC_FOR_ALLOC freed 505K, 9% free 10909K/11911K, paused 20ms
D/AudioHardware(   81): AudioHardware pcm playback is going to standby.
D/AudioHardware(   81): closePcmOut_l() mPcmOpenCnt: 1
D/PhoneStatusBar(  218): disable: < expand icons alerts TICKER* system_info back home recent clock >
