--------- beginning of /dev/log/system
I/Vold    (   72): Vold 2.1 (the revenge) firing up
D/Vold    (   72): Volume sdcard state changing -1 (Initializing) -> 0 (No-Media)
D/Vold    (   72): Volume sdcard state changing 0 (No-Media) -> 2 (Pending)
D/Vold    (   72): Volume sdcard state changing 2 (Pending) -> 1 (Idle-Unmounted)
W/Vold    (   72): Duplicate state (1)
W/Vold    (   72): Duplicate state (1)
W/Vold    (   72): Duplicate state (1)
W/Vold    (   72): Duplicate state (1)
I/SystemServer(  148): Entered the Android system server!
I/SystemServer(  148): Entropy Service
I/SystemServer(  148): Power Manager
I/SystemServer(  148): Activity Manager
I/ActivityManager(  148): Memory class: 48
I/SystemServer(  148): Telephony Registry
I/SystemServer(  148): Package Manager
W/PackageParser(  148): No actions in intent filter at /system/app/Bluetooth.apk Binary XML file line #125
W/PackageParser(  148): No actions in intent filter at /system/app/Contacts.apk Binary XML file line #525
W/PackageParser(  148): Unknown element under <manifest>: supports-gl-texture at /system/app/GoogleEarth.apk Binary XML file line #3
I/Installer(  148): connecting...
I/PackageParser(  148): com.googlecode.android.wifi.tether: compat added android.permission.WRITE_EXTERNAL_STORAGE android.permission.READ_PHONE_STATE
I/PackageManager(  148): Time to scan packages: 3.681 seconds
W/PackageManager(  148): Not granting permission android.permission.SEND_DOWNLOAD_COMPLETED_INTENTS to package com.google.android.browser (protectionLevel=2 flags=0x9be45)
W/PackageManager(  148): Unknown permission com.android.vending.permission.UPDATE_MARKET_FAILURE in package com.android.vending.updater
W/PackageManager(  148): Unknown permission android.permission.ADD_SYSTEM_SERVICE in package com.android.phone
W/PackageManager(  148): Unknown permission com.android.smspush.WAPPUSH_MANAGER_BIND in package com.android.phone
W/PackageManager(  148): Unknown permission com.android.vending.billing.IBillingAccountService.BIND2 in package com.google.android.gsf.login
W/PackageManager(  148): Not granting permission android.permission.DEVICE_POWER to package com.google.android.deskclock (protectionLevel=2 flags=0x8be45)
W/PackageManager(  148): Unknown permission android.permission.READ_OWNER_DATA in package com.google.android.setupwizard
W/PackageManager(  148): Unknown permission android.permission.WRITE_OWNER_DATA in package com.google.android.setupwizard
W/PackageManager(  148): Not granting permission com.google.android.gm.permission.READ_GMAIL to package com.google.android.apps.uploader (protectionLevel=2 flags=0x8be45)
W/PackageManager(  148): Unknown permission android.permission.READ_EXTERNAL_STORAGE in package com.android.vending
W/PackageManager(  148): Not granting permission android.permission.SEND_DOWNLOAD_COMPLETED_INTENTS to package com.android.vending (protectionLevel=2 flags=0xabec5)
W/PackageManager(  148): Not granting permission android.permission.ACCOUNT_MANAGER to package com.google.android.music (protectionLevel=2 flags=0x8be65)
W/PackageManager(  148): Unknown permission com.android.providers.im.permission.READ_ONLY in package com.google.android.apps.maps
W/PackageManager(  148): Unknown permission android.permission.READ_EXTERNAL_STORAGE in package com.google.android.videoeditor
W/PackageManager(  148): Unknown permission com.google.android.apps.googlevoice.REMOTE_INTENT in package com.google.android.apps.googlevoice
W/PackageManager(  148): Unknown permission com.google.android.permission.RECEIVE_DATA_MESSAGE in package com.google.android.apps.googlevoice
W/PackageManager(  148): Unknown permission com.google.android.permission.SEND_DATA_MESSAGE in package com.google.android.apps.googlevoice
I/SystemServer(  148): Account Manager
I/SystemServer(  148): Content Manager
I/SystemServer(  148): System Content Providers
I/SystemServer(  148): Lights Service
I/SystemServer(  148): Battery Service
I/SystemServer(  148): Vibrator Service
I/SystemServer(  148): Alarm Manager
I/SystemServer(  148): Init Watchdog
I/SystemServer(  148): Window Manager
I/InputManager(  148): Initializing input manager
W/StatusBarManager(  148): warning: no STATUS_BAR_SERVICE
I/InputManager(  148): Starting input manager
I/SystemServer(  148): Bluetooth Service
I/SystemServer(  148): Input Method Service
W/InputManagerService(  148): Couldn't create dir.: /data/system/inputmethod
I/SystemServer(  148): Accessibility Manager
I/ActivityManager(  148): Config changed: {1.0 0mcc0mnc en_US layoutdir=0 sw320dp w320dp h508dp nrml long port ?uimode ?night finger -keyb/v/h -nav/h s.2}
I/SystemServer(  148): Device Policy
I/SystemServer(  148): Status Bar
I/SystemServer(  148): Clipboard Service
I/SystemServer(  148): NetworkManagement Service
I/SystemServer(  148): Text Service Manager Service
I/SystemServer(  148): NetworkStats Service
I/SystemServer(  148): NetworkPolicy Service
I/SystemServer(  148): Wi-Fi P2pService
I/SystemServer(  148): Wi-Fi Service
I/SystemServer(  148): Connectivity Service
D/ConnectivityService(  148): ConnectivityService starting up
E/ConnectivityService(  148): Ignoring protectedNetwork 10
E/ConnectivityService(  148): Ignoring protectedNetwork 11
E/ConnectivityService(  148): Ignoring protectedNetwork 12
E/MobileDataStateTracker(  148): default: Ignoring feature request because could not acquire PhoneService
E/MobileDataStateTracker(  148): default: Could not enable APN type "default"
D/NetworkManagementService(  148): Registering observer
D/NetworkManagementService(  148): Registering observer
I/WifiService(  148): WifiService starting up with Wi-Fi disabled
I/SystemServer(  148): Throttle Service
I/SystemServer(  148): Mount Service
D/MountService(  148): got storage path: /mnt/sdcard description: USB storage primary: true removable: false emulated: false mtpReserve: 0 allowMassStorage: true maxFileSize: 4294967296
I/SystemServer(  148): Notification Manager
I/SystemServer(  148): Device Storage Monitor
I/SystemServer(  148): Location Manager
I/SystemServer(  148): Country Detector
I/SystemServer(  148): Search Service
I/SystemServer(  148): DropBox Service
I/SystemServer(  148): Wallpaper Service
I/SystemServer(  148): Audio Service
D/VoldCmdListener(   72): volume list
D/MountService(  148): volume state changed for /mnt/sdcard (null -> unmounted)
I/SystemServer(  148): Dock Observer
I/SystemServer(  148): Wired Accessory Observer
I/SystemServer(  148): USB Service
I/SystemServer(  148): UI Mode Manager Service
I/SystemServer(  148): Backup Service
V/BackupManagerService(  148): Initializing package tracking
V/BackupManagerService(  148): No ancestral data
V/BackupManagerService(  148): addPackageParticipantsLocked: null
I/BackupManagerService(  148): New app android never backed up; scheduling
I/BackupManagerService(  148): New app com.android.nfc never backed up; scheduling
I/BackupManagerService(  148): New app com.android.providers.settings never backed up; scheduling
I/BackupManagerService(  148): New app com.android.providers.userdictionary never backed up; scheduling
I/BackupManagerService(  148): New app com.android.sharedstoragebackup never backed up; scheduling
I/BackupManagerService(  148): New app com.android.vending never backed up; scheduling
I/BackupManagerService(  148): New app com.google.android.browser never backed up; scheduling
I/BackupManagerService(  148): New app com.google.android.calendar never backed up; scheduling
I/BackupManagerService(  148): New app com.google.android.gm never backed up; scheduling
I/BackupManagerService(  148): New app com.google.android.inputmethod.latin never backed up; scheduling
I/BackupManagerService(  148): New app org.connectbot never backed up; scheduling
V/BackupManagerService(  148): Registering transport android/com.android.internal.backup.LocalTransport = com.android.internal.backup.LocalTransport@415f3638
V/BackupManagerService(  148): Starting with transport com.google.android.backup/.BackupTransportService
V/BackupManagerService(  148): Binding to Google transport
I/BackupManagerService(  148): Found stale backup journal, scheduling
I/BackupManagerService(  148):   android
I/BackupManagerService(  148):   com.android.nfc
I/BackupManagerService(  148):   com.android.providers.settings
I/BackupManagerService(  148):   com.android.providers.userdictionary
I/BackupManagerService(  148):   com.android.sharedstoragebackup
I/BackupManagerService(  148):   com.android.vending
I/BackupManagerService(  148):   com.google.android.browser
I/BackupManagerService(  148):   com.google.android.calendar
I/BackupManagerService(  148):   com.google.android.gm
I/BackupManagerService(  148):   com.google.android.inputmethod.latin
I/BackupManagerService(  148):   org.connectbot
I/BackupManagerService(  148): Backup enabled => false
I/BackupManagerService(  148): Opting out of backup
I/SystemServer(  148): AppWidget Service
I/SystemServer(  148): Recognition Service
I/SystemServer(  148): DiskStats Service
I/SystemServer(  148): SamplingProfiler Service
I/SystemServer(  148): NetworkTimeUpdateService
D/PowerManagerService(  148): system ready!
I/ActivityManager(  148): System now ready
I/SystemServer(  148): Making services ready
D/SystemServer(  148): Starting service: Intent { cmp=com.android.systemui/.SystemUIService }
I/ActivityManager(  148): Start proc com.android.systemui for service com.android.systemui/.SystemUIService: pid=218 uid=1000 gids={1015, 3002, 3001, 3003, 3007}
D/NetworkManagementService(  148): enabling bandwidth control
D/SystemUIService(  218): loading: class com.android.systemui.statusbar.phone.PhoneStatusBar
D/SystemUIService(  218): running: com.android.systemui.statusbar.phone.PhoneStatusBar@41348238
D/NetworkManagementService(  148): Registering observer
D/NetworkManagementService(  148): Registering observer
I/ActivityManager(  148): Config changed: {1.0 0mcc0mnc en_US layoutdir=0 sw320dp w320dp h508dp nrml long port finger -keyb/v/h -nav/h s.3}
I/ActivityManager(  148): Start proc android.process.media for broadcast com.android.providers.media/.UsbReceiver: pid=265 uid=10014 gids={1015, 1023, 1024, 2001, 3003, 3007}
I/ActivityManager(  148): Start proc com.android.wallpaper for service com.android.wallpaper/.nexus.NexusWallpaper: pid=277 uid=10030 gids={1006}
W/InputManagerService(  148): Ignoring setImeWindowStatus of uid 1000 token: null
I/StatusBarManagerService(  148): registerStatusBar bar=com.android.internal.statusbar.IStatusBar$Stub$Proxy@4147e0f0
D/PhoneStatusBar(  218): disable: < expand icons alerts ticker system_info BACK* HOME* RECENT* CLOCK* >
I/ActivityManager(  148): Start proc com.google.android.inputmethod.latin for service com.google.android.inputmethod.latin/com.android.inputmethod.latin.LatinIME: pid=293 uid=10028 gids={}
D/StorageNotification(  218): Startup with UMS connection false (media state unmounted)
D/SystemUIService(  218): loading: class com.android.systemui.power.PowerUI
D/SystemUIService(  218): running: com.android.systemui.power.PowerUI@4137d248
I/StorageNotification(  218): UMS connection changed to false (media state unmounted)
D/NetworkManagementService(  148): Registering observer
W/ThrottleService(  148): unable to find stats for iface rmnet0
I/ActivityManager(  148): Start proc com.android.phone for added application com.android.phone: pid=314 uid=1001 gids={3002, 3001, 3003, 1015}
I/ActivityManager(  148): Start proc com.android.nfc for added application com.android.nfc: pid=327 uid=1027 gids={3002, 3001}
I/ActivityManager(  148): START {act=android.intent.action.MAIN cat=[android.intent.category.HOME] flg=0x10000000 cmp=com.android.launcher/com.android.launcher2.Launcher} from pid 0
I/ActivityManager(  148): Start proc com.android.launcher for activity com.android.launcher/com.android.launcher2.Launcher: pid=339 uid=10029 gids={}
D/WifiService(  148): New client listening to asynchronous messages
W/ActivityManager(  148): Unable to start service Intent { act=com.android.internal.telephony.IWapPushManager }: not found
I/ActivityManager(  148): Start proc com.google.android.inputmethod.latin.dictionarypack for content provider com.google.android.inputmethod.latin.dictionarypack/.DictionaryProvider: pid=386 uid=10027 gids={3003, 1015}
I/ActivityManager(  148): Start proc android.process.acore for content provider com.android.providers.contacts/.CallLogProvider: pid=403 uid=10000 gids={3003, 1015}
W/ActivityManager(  148): Unable to start service Intent { act=com.android.ussd.IExtendedNetworkService }: not found
I/ActivityManager(  148): Start proc com.google.process.gapps for service com.google.android.location/.NetworkLocationService: pid=452 uid=10011 gids={3003, 1015, 1007, 2001, 3006}
I/ActivityManager(  148): Start proc com.android.settings for broadcast com.android.settings/.widget.SettingsAppWidgetProvider: pid=467 uid=1000 gids={1015, 3002, 3001, 3003, 3007}
I/StorageNotification(  218): UMS connection changed to false (media state unmounted)
V/BackupManagerService(  148): Connected to Google transport
V/BackupManagerService(  148): Registering transport com.google.android.backup/.BackupTransportService = com.google.android.backup.BackupTransportService$1@416c82c8
D/PowerManagerService(  148): bootCompleted
V/DevicePolicyManagerService(  148): Sending password expiration notifications for action android.intent.action.BOOT_COMPLETED
D/VoldCmdListener(   72): volume mount /mnt/sdcard
I/Vold    (   72): /dev/block/vold/179:3 being considered for volume sdcard
D/Vold    (   72): Volume sdcard state changing 1 (Idle-Unmounted) -> 3 (Checking)
D/MountService(  148): volume state changed for /mnt/sdcard (unmounted -> checking)
I/StorageNotification(  218): Media {/mnt/sdcard} state changed from {unmounted} -> {checking}
I/ActivityManager(  148): Start proc com.android.contacts for broadcast com.android.contacts/.calllog.CallLogReceiver: pid=501 uid=10000 gids={3003, 1015}
V/WiredAccessoryObserver(  148): init()
W/WiredAccessoryObserver(  148): This kernel does not have wired headset support
W/WiredAccessoryObserver(  148): This kernel does not have wired headset support
D/MountService(  148): sendStorageIntent Intent { act=android.intent.action.MEDIA_CHECKING dat=file:///mnt/sdcard (has extras) }
I/ActivityManager(  148): Start proc com.android.providers.calendar for broadcast com.android.providers.calendar/.CalendarReceiver: pid=535 uid=10007 gids={3003, 1015}
I/WifiService(  148): WifiService trying to set country code to us with persist set to true
I/ActivityManager(  148): Config changed: {1.0 310mcc260mnc en_US layoutdir=0 sw320dp w320dp h508dp nrml long port finger -keyb/v/h -nav/h s.4}
I/ActivityManager(  148): Start proc com.google.android.deskclock for broadcast com.google.android.deskclock/com.android.deskclock.AlarmInitReceiver: pid=554 uid=10013 gids={}
I/ActivityManager(  148): Start proc com.google.android.email for broadcast com.google.android.email/com.android.email.service.EmailBroadcastReceiver: pid=570 uid=10015 gids={3003, 1015}
I/ActivityManager(  148): Start proc com.google.android.exchange for service com.google.android.exchange/com.android.exchange.ExchangeService: pid=585 uid=10016 gids={3003, 1015}
I/ActivityManager(  148): Start proc com.google.android.apps.genie.geniewidget for broadcast com.google.android.apps.genie.geniewidget/.miniwidget.MiniWidgetProvider: pid=603 uid=10018 gids={3003, 1015}
I/ActivityManager(  148): Start proc com.google.android.gm for broadcast com.google.android.gm/.MailIntentReceiver: pid=622 uid=10019 gids={3003, 1015}
I/ActivityManager(  148): Start proc com.google.android.partnersetup for broadcast com.google.android.partnersetup/.GooglePartnerSetup: pid=649 uid=10022 gids={3003}
I/ActivityManager(  148): Start proc com.google.android.gsf.login for service com.google.android.gsf.login/com.google.android.gsf.loginservice.GoogleLoginService: pid=661 uid=10011 gids={3003, 1015, 1007, 2001, 3006}
I/ActivityManager(  148): Start proc com.google.android.apps.maps:FriendService for broadcast com.google.android.apps.maps/com.google.googlenav.friend.android.ServiceReceiver: pid=693 uid=10032 gids={3003, 1015}
I/ActivityManager(  148): Start proc com.google.android.apps.maps:NetworkLocationService for service com.google.android.apps.maps/com.google.android.location.internal.server.NetworkLocationService: pid=707 uid=10032 gids={3003, 1015}
I/ActivityManager(  148): Start proc com.android.mms for broadcast com.android.mms/.transaction.MmsSystemEventReceiver: pid=720 uid=10036 gids={3003, 1015}
D/CountryDetectorService(  148): The first listener is added
W/ActivityManager(  148): Permission Denial: receiving Intent { act=android.intent.action.BOOT_COMPLETED flg=0x10 } to com.android.musicfx requires android.permission.RECEIVE_BOOT_COMPLETED due to sender null (uid 1000)
I/ActivityManager(  148): Start proc com.google.android.onetimeinitializer for broadcast com.google.android.onetimeinitializer/.OneTimeInitializerReceiver: pid=747 uid=10040 gids={}
I/ActivityManager(  148): Start proc com.google.android.talk for broadcast com.google.android.talk/.videochat.BootCompleteReceiver: pid=761 uid=10050 gids={3003, 1015, 1006, 3002}
D/ConnectivityService(  148): handleInetConditionChange: no active default network - ignore
I/ActivityManager(  148): START {flg=0x10000000 cmp=com.google.android.gsf/.update.SystemUpdateInstallDialog} from pid 452
I/ActivityManager(  148): START {flg=0x10000000 cmp=com.google.android.gsf/.update.SystemUpdateDownloadDialog} from pid 452
I/ActivityManager(  148): Start proc com.google.android.videos for broadcast com.google.android.videos/com.google.android.youtube.videos.transfer.VideoDownloadService$BootReceiver: pid=787 uid=10053 gids={3003, 1015}
I/ActivityManager(  148): Start proc com.android.voicedialer for broadcast com.android.voicedialer/.VoiceDialerReceiver: pid=818 uid=10055 gids={3002}
W/ActivityManager(  148): Permission Denial: receiving Intent { act=android.intent.action.BOOT_COMPLETED flg=0x10 } to com.google.android.youtube requires android.permission.RECEIVE_BOOT_COMPLETED due to sender null (uid 1000)
W/ActivityManager(  148): Permission Denial: receiving Intent { act=android.intent.action.BOOT_COMPLETED flg=0x10 } to com.google.android.youtube requires android.permission.RECEIVE_BOOT_COMPLETED due to sender null (uid 1000)
I/ActivityManager(  148): Start proc com.google.android.apps.googlevoice for broadcast com.google.android.apps.googlevoice/.BootUpReceiver: pid=831 uid=10058 gids={3003, 1015}
I/ActivityManager(  148): Start proc com.android.vending for broadcast com.android.vending/.MarketWidgetProvider: pid=845 uid=10043 gids={3003, 1015}
I/ActivityManager(  148): No longer want com.google.android.inputmethod.latin.dictionarypack (pid 386): hidden #16
D/PhoneStatusBar(  218): disable: < expand icons alerts ticker system_info back* home* recent* clock* >
I/ActivityManager(  148): No longer want com.android.contacts (pid 501): hidden #16
I/ActivityManager(  148): Start proc com.google.android.calendar for broadcast com.google.android.calendar/com.android.calendar.widget.CalendarAppWidgetService$CalendarFactory: pid=885 uid=10006 gids={3003}
I/ActivityManager(  148): No longer want com.google.android.apps.genie.geniewidget (pid 603): hidden #16
I/ActivityManager(  148): No longer want com.android.providers.calendar (pid 535): hidden #16
I/ActivityManager(  148): Start proc com.google.android.apps.maps:LocationFriendService for broadcast com.google.android.apps.maps/com.google.googlenav.friend.reporting.LocationReportingIntentReceiver: pid=901 uid=10032 gids={3003, 1015}
I/ActivityManager(  148): No longer want com.google.android.gsf.login (pid 661): hidden #16
I/ActivityManager(  148): Start proc com.google.android.music:main for broadcast com.google.android.music/.store.MediaStoreImportService$Receiver: pid=915 uid=10037 gids={3003, 1015}
I/ActivityManager(  148): No longer want com.google.android.partnersetup (pid 649): hidden #16
I/ActivityManager(  148): Start proc com.android.providers.calendar for content provider com.android.providers.calendar/.CalendarProvider2: pid=927 uid=10007 gids={3003, 1015}
I/ActivityManager(  148): No longer want com.android.mms (pid 720): hidden #16
D/CountryDetectorService(  148): No listener is left
I/ActivityManager(  148): No longer want com.google.android.email (pid 570): hidden #16
I/ActivityManager(  148): Start proc com.google.android.email for content provider com.google.android.email/com.android.email.provider.EmailProvider: pid=958 uid=10015 gids={3003, 1015}
I/ActivityManager(  148): No longer want com.google.android.onetimeinitializer (pid 747): hidden #16
I/Vold    (   72): Filesystem check completed OK
I/Vold    (   72): Device /dev/block/vold/179:3, target /mnt/sdcard mounted @ /mnt/secure/staging
D/Vold    (   72): Volume sdcard state changing 3 (Checking) -> 4 (Mounted)
D/MountService(  148): volume state changed for /mnt/sdcard (checking -> mounted)
I/StorageNotification(  218): Media {/mnt/sdcard} state changed from {checking} -> {mounted}
D/MountService(  148): sendStorageIntent Intent { act=android.intent.action.MEDIA_MOUNTED dat=file:///mnt/sdcard (has extras) }
I/ActivityManager(  148): Start proc com.google.android.apps.uploader for broadcast com.google.android.apps.uploader/.ConnectivityBroadcastReceiver: pid=982 uid=10034 gids={3003}
D/VoldCmdListener(   72): asec list
W/PackageManager(  148): Not granting permission android.permission.SEND_DOWNLOAD_COMPLETED_INTENTS to package com.google.android.browser (protectionLevel=2 flags=0x9be45)
W/PackageManager(  148): Unknown permission com.android.vending.permission.UPDATE_MARKET_FAILURE in package com.android.vending.updater
W/PackageManager(  148): Unknown permission android.permission.ADD_SYSTEM_SERVICE in package com.android.phone
W/PackageManager(  148): Unknown permission com.android.smspush.WAPPUSH_MANAGER_BIND in package com.android.phone
W/PackageManager(  148): Unknown permission com.android.vending.billing.IBillingAccountService.BIND2 in package com.google.android.gsf.login
W/PackageManager(  148): Not granting permission android.permission.DEVICE_POWER to package com.google.android.deskclock (protectionLevel=2 flags=0x8be45)
W/PackageManager(  148): Unknown permission android.permission.READ_OWNER_DATA in package com.google.android.setupwizard
W/PackageManager(  148): Unknown permission android.permission.WRITE_OWNER_DATA in package com.google.android.setupwizard
W/PackageManager(  148): Not granting permission com.google.android.gm.permission.READ_GMAIL to package com.google.android.apps.uploader (protectionLevel=2 flags=0x8be45)
W/PackageManager(  148): Unknown permission android.permission.READ_EXTERNAL_STORAGE in package com.android.vending
W/PackageManager(  148): Not granting permission android.permission.SEND_DOWNLOAD_COMPLETED_INTENTS to package com.android.vending (protectionLevel=2 flags=0xabec5)
W/PackageManager(  148): Not granting permission android.permission.ACCOUNT_MANAGER to package com.google.android.music (protectionLevel=2 flags=0x8be65)
W/PackageManager(  148): Unknown permission com.android.providers.im.permission.READ_ONLY in package com.google.android.apps.maps
W/PackageManager(  148): Unknown permission android.permission.READ_EXTERNAL_STORAGE in package com.google.android.videoeditor
W/PackageManager(  148): Unknown permission com.google.android.apps.googlevoice.REMOTE_INTENT in package com.google.android.apps.googlevoice
W/PackageManager(  148): Unknown permission com.google.android.permission.RECEIVE_DATA_MESSAGE in package com.google.android.apps.googlevoice
W/PackageManager(  148): Unknown permission com.google.android.permission.SEND_DATA_MESSAGE in package com.google.android.apps.googlevoice
I/ActivityManager(  148): No longer want android.process.acore (pid 403): hidden #16
I/ActivityManager(  148): No longer want com.google.android.exchange (pid 585): hidden #16
I/ActivityManager(  148): Start proc com.google.android.apps.plus for broadcast com.google.android.apps.plus/.service.PackagesMediaMonitor: pid=1000 uid=10044 gids={3003, 1015, 1006}
I/ActivityManager(  148): No longer want com.google.android.videos (pid 787): hidden #16
I/ActivityManager(  148): No longer want com.android.voicedialer (pid 818): hidden #16
D/ConnectivityService(  148): ConnectivityChange for mobile: CONNECTED/CONNECTED
W/InputManagerService(  148): Window already focused, ignoring focus gain of: com.android.internal.view.IInputMethodClient$Stub$Proxy@416bb8b8
D/ConnectivityService(  148): handleInetConditionHoldEnd: net=0, condition=100, published condition=0
I/ActivityManager(  148): START {act=android.intent.action.MAIN cat=[android.intent.category.HOME] flg=0x10200000 cmp=com.android.launcher/com.android.launcher2.Launcher} from pid 148
D/ConnectivityService(  148): handleInetConditionHoldEnd: net=0, condition=0, published condition=100
I/ActivityManager(  148): START {act=android.intent.action.MAIN cat=[android.intent.category.LAUNCHER] flg=0x10200000 cmp=edu.mit.haoqili.camera_cloud/.CameraCloud} from pid 339
I/ActivityManager(  148): Start proc edu.mit.haoqili.camera_cloud for activity edu.mit.haoqili.camera_cloud/.CameraCloud: pid=1037 uid=10068 gids={1006, 1015, 3003}
W/InputManagerService(  148): Starting input on non-focused client com.android.internal.view.IInputMethodClient$Stub$Proxy@41710800 (uid=10029 pid=339)
D/NetworkPolicy(  148): applying policy NetworkPolicy[NetworkTemplate: matchRule=MOBILE_ALL, subscriberId=valid]: cycleDay=15, warningBytes=2147483648, limitBytes=-1, lastSnooze=-1 to ifaces [rmnet0]
D/ConnectivityService(  148): handleInetConditionHoldEnd: net=0, condition=0, published condition=0
W/InputManagerService(  148): Starting input on non-focused client com.android.internal.view.IInputMethodClient$Stub$Proxy@415112b8 (uid=10068 pid=1037)
I/ActivityManager(  148): No longer want com.google.android.apps.googlevoice (pid 831): hidden #16
I/ActivityManager(  148): Process edu.mit.haoqili.camera_cloud (pid 1037) has died.
I/WindowManager(  148): WIN DEATH: Window{415e6520 SurfaceView paused=false}
I/WindowManager(  148): WIN DEATH: Window{415e6308 edu.mit.haoqili.camera_cloud/edu.mit.haoqili.camera_cloud.CameraCloud paused=false}
W/ActivityManager(  148): Activity destroy timeout for ActivityRecord{41578468 edu.mit.haoqili.camera_cloud/.CameraCloud}
D/PhoneStatusBar(  218): disable: < expand icons alerts ticker system_info back home RECENT* clock >
D/PhoneStatusBar(  218): disable: < expand icons alerts ticker system_info BACK* HOME* RECENT CLOCK* >
D/ConnectivityService(  148): handleInetConditionHoldEnd: net=0, condition=100, published condition=0
D/ConnectivityService(  148): handleInetConditionHoldEnd: net=0, condition=0, published condition=100
D/ConnectivityService(  148): handleInetConditionHoldEnd: net=0, condition=100, published condition=0
D/ConnectivityService(  148): handleInetConditionHoldEnd: net=0, condition=0, published condition=100
D/ConnectivityService(  148): handleInetConditionHoldEnd: net=0, condition=100, published condition=0
D/ConnectivityService(  148): handleInetConditionHoldEnd: net=0, condition=0, published condition=100
D/ConnectivityService(  148): handleInetConditionHoldEnd: net=0, condition=100, published condition=0
D/ConnectivityService(  148): handleInetConditionHoldEnd: net=0, condition=0, published condition=100
I/WindowManager(  148): Lock screen displayed!
D/PhoneStatusBar(  218): disable: < expand icons alerts ticker system_info BACK HOME recent* CLOCK >
W/InputManagerService(  148): Window already focused, ignoring focus gain of: com.android.internal.view.IInputMethodClient$Stub$Proxy@41580328
D/PhoneStatusBar(  218): disable: < expand icons alerts ticker system_info back* home* recent clock* >
I/ActivityManager(  148): START {act=android.intent.action.MAIN cat=[android.intent.category.LAUNCHER] flg=0x10200000 cmp=edu.mit.haoqili.camera_cloud/.CameraCloud} from pid 339
I/ActivityManager(  148): Start proc edu.mit.haoqili.camera_cloud for activity edu.mit.haoqili.camera_cloud/.CameraCloud: pid=1100 uid=10068 gids={1006, 1015, 3003}
W/InputManagerService(  148): Starting input on non-focused client com.android.internal.view.IInputMethodClient$Stub$Proxy@41710800 (uid=10029 pid=339)
D/PhoneStatusBar(  218): disable: < expand icons alerts ticker system_info back home RECENT* clock >
D/PhoneStatusBar(  218): disable: < expand icons alerts ticker system_info BACK* HOME* RECENT CLOCK* >
D/ConnectivityService(  148): handleInetConditionHoldEnd: net=0, condition=100, published condition=0
D/ConnectivityService(  148): handleInetConditionHoldEnd: net=0, condition=0, published condition=100
--------- beginning of /dev/log/main
I/CameraCloud( 1100): 1333727214834: GPS x/long:-71.1008727715428, GPS y/lat: 42.363923134056975. Region width in x: 51.96152422706632
I/CameraCloud( 1100): 1333727214834: location PINPOINTS to region = 1.0, previous 1
I/CameraCloud( 1100): 1333727214834: stay at region 1
I/System.out(  707): [INFO:660630]: c: Running flush
I/System.out(  707): [INFO:660632]: c: Sending payload [bytes=517]
D/ConnectivityService(  148): handleInetConditionHoldEnd: net=0, condition=100, published condition=0
D/dalvikvm(  707): GC_CONCURRENT freed 369K, 7% free 10050K/10759K, paused 2ms+11ms
I/CameraCloud( 1100): 1333727215828: .......... GPS onLocationChanged ...... 
I/CameraCloud( 1100): 1333727215829: Loc = Location[mProvider=gps,mTime=1333813616000,mLatitude=42.36392232048106,mLongitude=-71.10084824590642,mHasAltitude=true,mAltitude=-27.0,mHasSpeed=true,mSpeed=0.0,mHasBearing=true,mBearing=60.3211,mHasAccuracy=true,mAccuracy=10.0,mExtras=Bundle[mParcelledData.dataSize=4]] Previous Region = (1,0)
I/CameraCloud( 1100): 1333727215829: GPS x/long:-71.10084824590642, GPS y/lat: 42.36392232048106. Region width in x: 51.96152422706632
I/CameraCloud( 1100): 1333727215830: location PINPOINTS to region = 1.0, previous 1
I/CameraCloud( 1100): 1333727215830: stay at region 1
I/System.out(  707): [INFO:661847]: c: Response [http=200,length=20]
I/System.out(  707): [INFO:661849]: c: Read id 2, status code 200
D/dalvikvm(  148): GC_CONCURRENT freed 898K, 8% free 13243K/14279K, paused 2ms+6ms
I/CameraCloud( 1100): 1333727221848: .......... GPS onLocationChanged ...... 
I/CameraCloud( 1100): 1333727221850: Loc = Location[mProvider=gps,mTime=1333813622000,mLatitude=42.363933013132275,mLongitude=-71.10083879629686,mHasAltitude=true,mAltitude=-15.0,mHasSpeed=true,mSpeed=0.12973103,mHasBearing=true,mBearing=30.256893,mHasAccuracy=true,mAccuracy=10.0,mExtras=Bundle[mParcelledData.dataSize=4]] Previous Region = (1,0)
I/CameraCloud( 1100): 1333727221850: GPS x/long:-71.10083879629686, GPS y/lat: 42.363933013132275. Region width in x: 51.96152422706632
I/CameraCloud( 1100): 1333727221851: location PINPOINTS to region = 1.0, previous 1
I/CameraCloud( 1100): 1333727221853: stay at region 1
I/CameraCloud( 1100): 1333727223821: .......... GPS onLocationChanged ...... 
I/CameraCloud( 1100): 1333727223822: Loc = Location[mProvider=gps,mTime=1333813624000,mLatitude=42.36393290448815,mLongitude=-71.10082421254083,mHasAltitude=true,mAltitude=-16.0,mHasSpeed=true,mSpeed=0.0,mHasBearing=true,mBearing=37.30961,mHasAccuracy=true,mAccuracy=15.0,mExtras=Bundle[mParcelledData.dataSize=4]] Previous Region = (1,0)
I/CameraCloud( 1100): 1333727223822: GPS x/long:-71.10082421254083, GPS y/lat: 42.36393290448815. Region width in x: 51.96152422706632
I/CameraCloud( 1100): 1333727223823: location PINPOINTS to region = 1.0, previous 1
I/CameraCloud( 1100): 1333727223823: stay at region 1
I/CameraCloud( 1100): 1333727227843: .......... GPS onLocationChanged ...... 
I/CameraCloud( 1100): 1333727227845: Loc = Location[mProvider=gps,mTime=1333813628000,mLatitude=42.36393230203429,mLongitude=-71.10080934324968,mHasAltitude=true,mAltitude=-16.0,mHasSpeed=true,mSpeed=0.32813117,mHasBearing=true,mBearing=73.89837,mHasAccuracy=true,mAccuracy=15.0,mExtras=Bundle[mParcelledData.dataSize=4]] Previous Region = (1,0)
I/CameraCloud( 1100): 1333727227846: GPS x/long:-71.10080934324968, GPS y/lat: 42.36393230203429. Region width in x: 51.96152422706632
I/CameraCloud( 1100): 1333727227847: location PINPOINTS to region = 1.0, previous 1
I/CameraCloud( 1100): 1333727227847: stay at region 1
I/CameraCloud( 1100): 1333727228821: .......... GPS onLocationChanged ...... 
I/CameraCloud( 1100): 1333727228822: Loc = Location[mProvider=gps,mTime=1333813629000,mLatitude=42.36393647656558,mLongitude=-71.10078877864919,mHasAltitude=true,mAltitude=-16.0,mHasSpeed=true,mSpeed=0.0,mHasBearing=true,mBearing=73.89837,mHasAccuracy=true,mAccuracy=10.0,mExtras=Bundle[mParcelledData.dataSize=4]] Previous Region = (1,0)
I/CameraCloud( 1100): 1333727228823: GPS x/long:-71.10078877864919, GPS y/lat: 42.36393647656558. Region width in x: 51.96152422706632
I/CameraCloud( 1100): 1333727228823: location PINPOINTS to region = 1.0, previous 1
I/CameraCloud( 1100): 1333727228824: stay at region 1
W/Smack/Packet(  452): notify conn break (IOEx), close connection
I/CameraCloud( 1100): 1333727230822: .......... GPS onLocationChanged ...... 
I/CameraCloud( 1100): 1333727230823: Loc = Location[mProvider=gps,mTime=1333813631000,mLatitude=42.36394179388314,mLongitude=-71.10077463505168,mHasAltitude=true,mAltitude=-18.0,mHasSpeed=true,mSpeed=0.33846614,mHasBearing=true,mBearing=45.48428,mHasAccuracy=true,mAccuracy=10.0,mExtras=Bundle[mParcelledData.dataSize=4]] Previous Region = (1,0)
I/CameraCloud( 1100): 1333727230823: GPS x/long:-71.10077463505168, GPS y/lat: 42.36394179388314. Region width in x: 51.96152422706632
I/CameraCloud( 1100): 1333727230823: location PINPOINTS to region = 1.0, previous 1
I/CameraCloud( 1100): 1333727230824: stay at region 1
D/ConnectivityService(  148): handleInetConditionHoldEnd: net=0, condition=0, published condition=100
I/CameraCloud( 1100): 1333727237844: .......... GPS onLocationChanged ...... 
I/CameraCloud( 1100): 1333727237846: Loc = Location[mProvider=gps,mTime=1333813638000,mLatitude=42.36395236529748,mLongitude=-71.10077195108123,mHasAltitude=true,mAltitude=-27.0,mHasSpeed=true,mSpeed=0.12525053,mHasBearing=true,mBearing=4.6296425,mHasAccuracy=true,mAccuracy=10.0,mExtras=Bundle[mParcelledData.dataSize=4]] Previous Region = (1,0)
I/CameraCloud( 1100): 1333727237846: GPS x/long:-71.10077195108123, GPS y/lat: 42.36395236529748. Region width in x: 51.96152422706632
I/CameraCloud( 1100): 1333727237847: location PINPOINTS to region = 1.0, previous 1
I/CameraCloud( 1100): 1333727237848: stay at region 1
I/CameraCloud( 1100): 1333727239849: .......... GPS onLocationChanged ...... 
I/CameraCloud( 1100): 1333727239850: Loc = Location[mProvider=gps,mTime=1333813640000,mLatitude=42.36394637542702,mLongitude=-71.10078417400116,mHasAltitude=true,mAltitude=-34.0,mHasSpeed=true,mSpeed=0.41021383,mHasBearing=true,mBearing=5.840614,mHasAccuracy=true,mAccuracy=10.0,mExtras=Bundle[mParcelledData.dataSize=4]] Previous Region = (1,0)
I/CameraCloud( 1100): 1333727239851: GPS x/long:-71.10078417400116, GPS y/lat: 42.36394637542702. Region width in x: 51.96152422706632
I/CameraCloud( 1100): 1333727239852: location PINPOINTS to region = 1.0, previous 1
I/CameraCloud( 1100): 1333727239853: stay at region 1
I/CameraCloud( 1100): 1333727240834: .......... GPS onLocationChanged ...... 
I/CameraCloud( 1100): 1333727240835: Loc = Location[mProvider=gps,mTime=1333813641000,mLatitude=42.36395338824395,mLongitude=-71.10079259640041,mHasAltitude=true,mAltitude=-38.0,mHasSpeed=true,mSpeed=0.51457417,mHasBearing=true,mBearing=337.68338,mHasAccuracy=true,mAccuracy=15.0,mExtras=Bundle[mParcelledData.dataSize=4]] Previous Region = (1,0)
I/CameraCloud( 1100): 1333727240836: GPS x/long:-71.10079259640041, GPS y/lat: 42.36395338824395. Region width in x: 51.96152422706632
I/CameraCloud( 1100): 1333727240837: location PINPOINTS to region = 1.0, previous 1
I/CameraCloud( 1100): 1333727240838: stay at region 1
I/CameraCloud( 1100): 1333727242820: .......... GPS onLocationChanged ...... 
I/CameraCloud( 1100): 1333727242821: Loc = Location[mProvider=gps,mTime=1333813643000,mLatitude=42.36395193062392,mLongitude=-71.10080600518138,mHasAltitude=true,mAltitude=-42.0,mHasSpeed=true,mSpeed=0.33104157,mHasBearing=true,mBearing=341.36288,mHasAccuracy=true,mAccuracy=10.0,mExtras=Bundle[mParcelledData.dataSize=4]] Previous Region = (1,0)
I/CameraCloud( 1100): 1333727242821: GPS x/long:-71.10080600518138, GPS y/lat: 42.36395193062392. Region width in x: 51.96152422706632
I/CameraCloud( 1100): 1333727242821: location PINPOINTS to region = 1.0, previous 1
I/CameraCloud( 1100): 1333727242822: stay at region 1
I/GTalkService/c(  452): [AndroidEndpoint@1094767688] connect: acct=1000000, state=CONNECTING
I/CameraCloud( 1100): 1333727245839: .......... GPS onLocationChanged ...... 
I/CameraCloud( 1100): 1333727245840: Loc = Location[mProvider=gps,mTime=1333813646000,mLatitude=42.3639611986137,mLongitude=-71.10081479639662,mHasAltitude=true,mAltitude=-45.0,mHasSpeed=true,mSpeed=0.33720425,mHasBearing=true,mBearing=333.82233,mHasAccuracy=true,mAccuracy=15.0,mExtras=Bundle[mParcelledData.dataSize=4]] Previous Region = (1,0)
I/CameraCloud( 1100): 1333727245842: GPS x/long:-71.10081479639662, GPS y/lat: 42.3639611986137. Region width in x: 51.96152422706632
I/CameraCloud( 1100): 1333727245842: location PINPOINTS to region = 1.0, previous 1
I/CameraCloud( 1100): 1333727245843: stay at region 1
I/CameraCloud( 1100): 1333727248843: .......... GPS onLocationChanged ...... 
I/CameraCloud( 1100): 1333727248845: Loc = Location[mProvider=gps,mTime=1333813649000,mLatitude=42.3639672741524,mLongitude=-71.1008243719505,mHasAltitude=true,mAltitude=-49.0,mHasSpeed=true,mSpeed=0.34407663,mHasBearing=true,mBearing=345.15143,mHasAccuracy=true,mAccuracy=15.0,mExtras=Bundle[mParcelledData.dataSize=4]] Previous Region = (1,0)
I/CameraCloud( 1100): 1333727248846: GPS x/long:-71.1008243719505, GPS y/lat: 42.3639672741524. Region width in x: 51.96152422706632
I/CameraCloud( 1100): 1333727248847: location PINPOINTS to region = 1.0, previous 1
I/CameraCloud( 1100): 1333727248849: stay at region 1
D/ConnectivityService(  148): handleInetConditionHoldEnd: net=0, condition=100, published condition=0
D/dalvikvm(  148): GC_CONCURRENT freed 1029K, 9% free 13237K/14407K, paused 46ms+5ms
W/Smack/Packet(  452): notify conn break (IOEx), close connection
I/CameraCloud( 1100): 1333727265843: .......... GPS onLocationChanged ...... 
I/CameraCloud( 1100): 1333727265844: Loc = Location[mProvider=gps,mTime=1333813666000,mLatitude=42.363958717995544,mLongitude=-71.10082917532553,mHasAltitude=true,mAltitude=-56.0,mHasSpeed=true,mSpeed=0.39162603,mHasBearing=true,mBearing=207.41978,mHasAccuracy=true,mAccuracy=15.0,mExtras=Bundle[mParcelledData.dataSize=4]] Previous Region = (1,0)
I/CameraCloud( 1100): 1333727265845: GPS x/long:-71.10082917532553, GPS y/lat: 42.363958717995544. Region width in x: 51.96152422706632
I/CameraCloud( 1100): 1333727265845: location PINPOINTS to region = 1.0, previous 1
I/CameraCloud( 1100): 1333727265845: stay at region 1
D/ConnectivityService(  148): handleInetConditionHoldEnd: net=0, condition=0, published condition=100
I/CameraCloud( 1100): 1333727269825: .......... GPS onLocationChanged ...... 
I/CameraCloud( 1100): 1333727269826: Loc = Location[mProvider=gps,mTime=1333813670000,mLatitude=42.363950791740145,mLongitude=-71.10085057062628,mHasAltitude=true,mAltitude=-55.0,mHasSpeed=true,mSpeed=0.3149381,mHasBearing=true,mBearing=269.29987,mHasAccuracy=true,mAccuracy=15.0,mExtras=Bundle[mParcelledData.dataSize=4]] Previous Region = (1,0)
I/CameraCloud( 1100): 1333727269827: GPS x/long:-71.10085057062628, GPS y/lat: 42.363950791740145. Region width in x: 51.96152422706632
I/CameraCloud( 1100): 1333727269827: location PINPOINTS to region = 1.0, previous 1
I/CameraCloud( 1100): 1333727269827: stay at region 1
I/CameraCloud( 1100): 1333727270837: .......... GPS onLocationChanged ...... 
I/CameraCloud( 1100): 1333727270838: Loc = Location[mProvider=gps,mTime=1333813671000,mLatitude=42.363943451611895,mLongitude=-71.10088266690543,mHasAltitude=true,mAltitude=-57.0,mHasSpeed=true,mSpeed=0.0,mHasBearing=true,mBearing=260.51782,mHasAccuracy=true,mAccuracy=15.0,mExtras=Bundle[mParcelledData.dataSize=4]] Previous Region = (1,0)
I/CameraCloud( 1100): 1333727270839: GPS x/long:-71.10088266690543, GPS y/lat: 42.363943451611895. Region width in x: 51.96152422706632
I/CameraCloud( 1100): 1333727270839: location PINPOINTS to region = 1.0, previous 1
I/CameraCloud( 1100): 1333727270839: stay at region 1
D/dalvikvm(  314): GC_CONCURRENT freed 438K, 6% free 9501K/10055K, paused 44ms+2ms
I/GTalkService/c(  452): [AndroidEndpoint@1094767688] connect: acct=1000000, state=CONNECTING
I/CameraCloud( 1100): 1333727275826: .......... GPS onLocationChanged ...... 
I/CameraCloud( 1100): 1333727275827: Loc = Location[mProvider=gps,mTime=1333813676000,mLatitude=42.363944107527956,mLongitude=-71.10089528557653,mHasAltitude=true,mAltitude=-59.0,mHasSpeed=true,mSpeed=0.085785076,mHasBearing=true,mBearing=266.7631,mHasAccuracy=true,mAccuracy=10.0,mExtras=Bundle[mParcelledData.dataSize=4]] Previous Region = (1,0)
I/CameraCloud( 1100): 1333727275827: GPS x/long:-71.10089528557653, GPS y/lat: 42.363944107527956. Region width in x: 51.96152422706632
I/CameraCloud( 1100): 1333727275827: location PINPOINTS to region = 1.0, previous 1
I/CameraCloud( 1100): 1333727275828: stay at region 1
D/dalvikvm(  452): GC_CONCURRENT freed 407K, 6% free 9958K/10503K, paused 2ms+3ms
D/dalvikvm(  707): GC_CONCURRENT freed 394K, 7% free 10040K/10759K, paused 2ms+2ms
I/CameraCloud( 1100): 1333727281843: .......... GPS onLocationChanged ...... 
I/CameraCloud( 1100): 1333727281845: Loc = Location[mProvider=gps,mTime=1333813682000,mLatitude=42.36395279843244,mLongitude=-71.10090341992895,mHasAltitude=true,mAltitude=-54.0,mHasSpeed=true,mSpeed=0.34674466,mHasBearing=true,mBearing=302.49506,mHasAccuracy=true,mAccuracy=10.0,mExtras=Bundle[mParcelledData.dataSize=4]] Previous Region = (1,0)
I/CameraCloud( 1100): 1333727281846: GPS x/long:-71.10090341992895, GPS y/lat: 42.36395279843244. Region width in x: 51.96152422706632
I/CameraCloud( 1100): 1333727281847: location PINPOINTS to region = 1.0, previous 1
I/CameraCloud( 1100): 1333727281847: stay at region 1
D/ConnectivityService(  148): handleInetConditionHoldEnd: net=0, condition=100, published condition=0
I/CameraCloud( 1100): 1333727283844: .......... GPS onLocationChanged ...... 
I/CameraCloud( 1100): 1333727283846: Loc = Location[mProvider=gps,mTime=1333813684000,mLatitude=42.363957701939874,mLongitude=-71.10092253797148,mHasAltitude=true,mAltitude=-53.0,mHasSpeed=true,mSpeed=0.43410045,mHasBearing=true,mBearing=285.3858,mHasAccuracy=true,mAccuracy=15.0,mExtras=Bundle[mParcelledData.dataSize=4]] Previous Region = (1,0)
I/CameraCloud( 1100): 1333727283846: GPS x/long:-71.10092253797148, GPS y/lat: 42.363957701939874. Region width in x: 51.96152422706632
I/CameraCloud( 1100): 1333727283847: location PINPOINTS to region = 1.0, previous 1
I/CameraCloud( 1100): 1333727283848: stay at region 1
I/CameraCloud( 1100): 1333727285841: .......... GPS onLocationChanged ...... 
I/CameraCloud( 1100): 1333727285842: Loc = Location[mProvider=gps,mTime=1333813686000,mLatitude=42.36396087386239,mLongitude=-71.10093775255761,mHasAltitude=true,mAltitude=-58.0,mHasSpeed=true,mSpeed=0.5115944,mHasBearing=true,mBearing=276.0639,mHasAccuracy=true,mAccuracy=15.0,mExtras=Bundle[mParcelledData.dataSize=4]] Previous Region = (1,0)
I/CameraCloud( 1100): 1333727285843: GPS x/long:-71.10093775255761, GPS y/lat: 42.36396087386239. Region width in x: 51.96152422706632
I/CameraCloud( 1100): 1333727285857: location PINPOINTS to region = 1.0, previous 1
I/CameraCloud( 1100): 1333727285857: stay at region 1
D/dalvikvm( 1100): GC_CONCURRENT freed 357K, 6% free 9309K/9799K, paused 3ms+2ms
W/Smack/Packet(  452): notify conn break (IOEx), close connection
I/CameraCloud( 1100): 1333727287830: .......... GPS onLocationChanged ...... 
I/CameraCloud( 1100): 1333727287832: Loc = Location[mProvider=gps,mTime=1333813688000,mLatitude=42.36396271650745,mLongitude=-71.1009504425282,mHasAltitude=true,mAltitude=-56.0,mHasSpeed=true,mSpeed=0.6539801,mHasBearing=true,mBearing=266.3465,mHasAccuracy=true,mAccuracy=15.0,mExtras=Bundle[mParcelledData.dataSize=4]] Previous Region = (1,0)
I/CameraCloud( 1100): 1333727287833: GPS x/long:-71.1009504425282, GPS y/lat: 42.36396271650745. Region width in x: 51.96152422706632
I/CameraCloud( 1100): 1333727287834: location PINPOINTS to region = 1.0, previous 1
I/CameraCloud( 1100): 1333727287834: stay at region 1
I/CameraCloud( 1100): 1333727289850: .......... GPS onLocationChanged ...... 
I/CameraCloud( 1100): 1333727289851: Loc = Location[mProvider=gps,mTime=1333813690000,mLatitude=42.363974822548315,mLongitude=-71.10097082444472,mHasAltitude=true,mAltitude=-57.0,mHasSpeed=true,mSpeed=0.0,mHasBearing=true,mBearing=276.89346,mHasAccuracy=true,mAccuracy=10.0,mExtras=Bundle[mParcelledData.dataSize=4]] Previous Region = (1,0)
I/CameraCloud( 1100): 1333727289852: GPS x/long:-71.10097082444472, GPS y/lat: 42.363974822548315. Region width in x: 51.96152422706632
I/CameraCloud( 1100): 1333727289853: location PINPOINTS to region = 1.0, previous 1
I/CameraCloud( 1100): 1333727289854: stay at region 1
I/CameraCloud( 1100): 1333727290843: .......... GPS onLocationChanged ...... 
I/CameraCloud( 1100): 1333727290845: Loc = Location[mProvider=gps,mTime=1333813691000,mLatitude=42.36397915713007,mLongitude=-71.10098459371795,mHasAltitude=true,mAltitude=-56.0,mHasSpeed=true,mSpeed=0.9432313,mHasBearing=true,mBearing=278.5979,mHasAccuracy=true,mAccuracy=20.0,mExtras=Bundle[mParcelledData.dataSize=4]] Previous Region = (1,0)
I/CameraCloud( 1100): 1333727290846: GPS x/long:-71.10098459371795, GPS y/lat: 42.36397915713007. Region width in x: 51.96152422706632
I/CameraCloud( 1100): 1333727290847: location PINPOINTS to region = 1.0, previous 1
I/CameraCloud( 1100): 1333727290847: stay at region 1
D/ConnectivityService(  148): handleInetConditionHoldEnd: net=0, condition=0, published condition=100
I/CameraCloud( 1100): 1333727292876: .......... GPS onLocationChanged ...... 
I/CameraCloud( 1100): 1333727292877: Loc = Location[mProvider=gps,mTime=1333813693000,mLatitude=42.36396741093779,mLongitude=-71.10098515032901,mHasAltitude=true,mAltitude=-45.0,mHasSpeed=true,mSpeed=0.9366267,mHasBearing=true,mBearing=245.72621,mHasAccuracy=true,mAccuracy=10.0,mExtras=Bundle[mParcelledData.dataSize=4]] Previous Region = (1,0)
I/CameraCloud( 1100): 1333727292877: GPS x/long:-71.10098515032901, GPS y/lat: 42.36396741093779. Region width in x: 51.96152422706632
I/CameraCloud( 1100): 1333727292877: location PINPOINTS to region = 1.0, previous 1
I/CameraCloud( 1100): 1333727292878: stay at region 1
D/dalvikvm(  148): GC_CONCURRENT freed 935K, 9% free 13239K/14407K, paused 2ms+9ms
I/CameraCloud( 1100): 1333727295843: .......... GPS onLocationChanged ...... 
I/CameraCloud( 1100): 1333727295845: Loc = Location[mProvider=gps,mTime=1333813696000,mLatitude=42.36394320672317,mLongitude=-71.10097673302337,mHasAltitude=true,mAltitude=-45.0,mHasSpeed=true,mSpeed=0.0,mHasBearing=true,mBearing=254.45204,mHasAccuracy=true,mAccuracy=15.0,mExtras=Bundle[mParcelledData.dataSize=4]] Previous Region = (1,0)
I/CameraCloud( 1100): 1333727295846: GPS x/long:-71.10097673302337, GPS y/lat: 42.36394320672317. Region width in x: 51.96152422706632
I/CameraCloud( 1100): 1333727295846: location PINPOINTS to region = 1.0, previous 1
I/CameraCloud( 1100): 1333727295847: stay at region 1
I/CameraCloud( 1100): 1333727296851: .......... GPS onLocationChanged ...... 
I/CameraCloud( 1100): 1333727296853: Loc = Location[mProvider=gps,mTime=1333813697000,mLatitude=42.36393248638734,mLongitude=-71.1009710760297,mHasAltitude=true,mAltitude=-42.0,mHasSpeed=true,mSpeed=0.3804815,mHasBearing=true,mBearing=241.34042,mHasAccuracy=true,mAccuracy=10.0,mExtras=Bundle[mParcelledData.dataSize=4]] Previous Region = (1,0)
I/CameraCloud( 1100): 1333727296854: GPS x/long:-71.1009710760297, GPS y/lat: 42.36393248638734. Region width in x: 51.96152422706632
I/CameraCloud( 1100): 1333727296855: location PINPOINTS to region = 1.0, previous 1
I/CameraCloud( 1100): 1333727296855: stay at region 1
I/GTalkService/c(  452): [AndroidEndpoint@1094767688] connect: acct=1000000, state=CONNECTING
I/CameraCloud( 1100): 1333727307842: .......... GPS onLocationChanged ...... 
I/CameraCloud( 1100): 1333727307844: Loc = Location[mProvider=gps,mTime=1333813708000,mLatitude=42.363929231162274,mLongitude=-71.10099022966116,mHasAltitude=true,mAltitude=-38.0,mHasSpeed=true,mSpeed=0.15833911,mHasBearing=true,mBearing=268.01013,mHasAccuracy=true,mAccuracy=15.0,mExtras=Bundle[mParcelledData.dataSize=4]] Previous Region = (1,0)
I/CameraCloud( 1100): 1333727307845: GPS x/long:-71.10099022966116, GPS y/lat: 42.363929231162274. Region width in x: 51.96152422706632
I/CameraCloud( 1100): 1333727307846: location PINPOINTS to region = 1.0, previous 1
I/CameraCloud( 1100): 1333727307846: stay at region 1
D/dalvikvm(  452): GC_CONCURRENT freed 396K, 6% free 9974K/10503K, paused 1ms+3ms
I/CameraCloud( 1100): 1333727312864: .......... GPS onLocationChanged ...... 
I/CameraCloud( 1100): 1333727312865: Loc = Location[mProvider=gps,mTime=1333813713000,mLatitude=42.363928710492736,mLongitude=-71.10097571022455,mHasAltitude=true,mAltitude=-35.0,mHasSpeed=true,mSpeed=0.0,mHasBearing=true,mBearing=267.5507,mHasAccuracy=true,mAccuracy=10.0,mExtras=Bundle[mParcelledData.dataSize=4]] Previous Region = (1,0)
I/CameraCloud( 1100): 1333727312865: GPS x/long:-71.10097571022455, GPS y/lat: 42.363928710492736. Region width in x: 51.96152422706632
I/CameraCloud( 1100): 1333727312865: location PINPOINTS to region = 1.0, previous 1
I/CameraCloud( 1100): 1333727312866: stay at region 1
W/Smack/Packet(  452): notify conn break (IOEx), close connection
