I/VCoreDaemon( 1174): 1333728435476: heard LEADER_REQUEST from node 5114, responding LEADER_REPLY
I/VCoreDaemon( 1174): 1333728435644: inside sendPacket(Packet p)
I/NetworkThread( 1174): 1333728435661: Sending UDP payload: 30105
I/NetworkThread( 1174): 1333728435769: Received UDP payload: 406
I/VCoreDaemon( 1174): 1333728435772: heard LEADER_REQUEST from node 5114, responding LEADER_REPLY
D/dalvikvm( 1174): GC_CONCURRENT freed 528K, 22% free 10563K/13511K, paused 2ms+2ms
I/VCoreDaemon( 1174): 1333728435999: inside sendPacket(Packet p)
I/NetworkThread( 1174): 1333728436008: Sending UDP payload: 30105
I/NetworkThread( 1174): 1333728437410: Received UDP payload: 585
I/Mux     ( 1174): 1333728437435: Inside mux Packet.CLIENT_REQUEST
I/Mux     ( 1174): 1333728437435: I'm the leader of requesting client, about to process Packet.CLIENT_REQUEST in userApp
I/UserApp ( 1174): 1333728437436: UserApp handling MY region's client request, will send atom packet to REMOTE region's handleDSMRequest
I/UserApp ( 1174): 1333728437436: request is CLIENT_DOWNLOAD_PHOTO, figure out where (remote region) to forward packet
I/UserApp ( 1174): 1333728437442: Sending to region: 5
I/VCoreDaemon( 1174): 1333728437443: Sending PROC_REQUEST 11:10 (5,0)->(5,0)
I/VCoreDaemon( 1174): 1333728437444: Dispatching Atom PROC_REQUEST 11:10 (5,0)->(5,0)
I/Mux     ( 1174): 1333728437445: I got a CSM packet at a leader 
I/NetworkThread( 1174): 1333728437464: Sending UDP payload: 949
I/VCoreDaemon( 1174): 1333728437472: removed replies before id 10 from sentReplies of size 0
I/UserApp ( 1174): 1333728437474: INSIDE SERVER_GET_PHOTO!!!
I/UserApp ( 1174): 1333728437495: dst_region == src_region = 5
I/UserApp ( 1174): 1333728437495:  1 self to self atomRequest
I/VCoreDaemon( 1174): 1333728437496: Received PROC_REQUEST 11:10 (5,0)->(5,0), replying PROC_REPLY 11:10 (5,0)->(5,0)
I/VCoreDaemon( 1174): 1333728437497: Dispatching Atom PROC_REPLY 11:10 (5,0)->(5,0)
I/Mux     ( 1174): 1333728437497: I got a CSM packet at a leader 
I/NetworkThread( 1174): 1333728437498: Sending UDP payload: 4863
I/VCoreDaemon( 1174): 1333728437505: Received PROC_REPLY 11:10 (5,0)->(5,0), handing to UserApp
I/UserApp ( 1174): 1333728437506: Now back in orginitator region's leader, precssing handleDSMReply
I/UserApp ( 1174): 1333728437506: Going to and from remote region took latency = 64
I/UserApp ( 1174): 1333728437506: = orig leader sent packet at 1333728437442 ~ received reply at 1333728437506
I/UserApp ( 1174): 1333728437508: Originator Region=5 Leader (for Client=5114) processes remote region's dsm atom reply and will send Packet reply to Originator Client
I/UserApp ( 1174): 1333728437508: reply packet contains the newest photo from the remote region
I/UserApp ( 1174): 1333728437508: I (the leader) was not the originator client (which id = 5114) so I use UDP to send packet back to my nonleader
I/VCoreDaemon( 1174): 1333728437508: inside sendPacket(Packet p)
I/NetworkThread( 1174): 1333728437509: Sending UDP payload: 4516
I/VCoreDaemon( 1174): 1333728437625: inside sendPacket(Packet p)
I/NetworkThread( 1174): 1333728437627: Sending UDP payload: 406
D/dalvikvm(  706): GC_CONCURRENT freed 370K, 7% free 10059K/10759K, paused 4ms+3ms
I/VCoreDaemon( 1174): 1333728442626: inside sendPacket(Packet p)
I/NetworkThread( 1174): 1333728442635: Sending UDP payload: 406
I/StatusActivity( 1174): 1333728443331: .......... GPS onLocationChanged ...... 
I/VCoreDaemon( 1174): 1333728443332: Loc = Location[mProvider=gps,mTime=1333814844000,mLatitude=42.364986652325506,mLongitude=-71.10272931655565,mHasAltitude=true,mAltitude=-22.0,mHasSpeed=true,mSpeed=0.0,mHasBearing=true,mBearing=196.59795,mHasAccuracy=true,mAccuracy=10.0,mExtras=Bundle[mParcelledData.dataSize=4]] Previous Region = (5,0)
I/VCoreDaemon( 1174): 1333728443332: GPS x/long:-71.10272931655565, GPS y/lat: 42.364986652325506. Region width in x: 51.96152422706632
I/VCoreDaemon( 1174): 1333728443332: location PINPOINTS to region = 5.0, previous 5
I/VCoreDaemon( 1174): 1333728443333: stay at region 5
D/dalvikvm( 1174): GC_CONCURRENT freed 412K, 23% free 10537K/13511K, paused 6ms+3ms
I/StatusActivity( 1174): 1333728444331: .......... GPS onLocationChanged ...... 
I/VCoreDaemon( 1174): 1333728444332: Loc = Location[mProvider=gps,mTime=1333814845000,mLatitude=42.36496984067524,mLongitude=-71.10272718580576,mHasAltitude=true,mAltitude=-24.0,mHasSpeed=true,mSpeed=0.0,mHasBearing=true,mBearing=197.56879,mHasAccuracy=true,mAccuracy=15.0,mExtras=Bundle[mParcelledData.dataSize=4]] Previous Region = (5,0)
I/VCoreDaemon( 1174): 1333728444332: GPS x/long:-71.10272718580576, GPS y/lat: 42.36496984067524. Region width in x: 51.96152422706632
I/VCoreDaemon( 1174): 1333728444332: location PINPOINTS to region = 5.0, previous 5
I/VCoreDaemon( 1174): 1333728444333: stay at region 5
I/StatusActivity( 1174): 1333728446835: canPressButton = TRUE
I/StatusActivity( 1174): 1333728446846: areButtonsEnabled --> false 
I/StatusActivity( 1174): 1333728446860: get picture disableButtonsR
I/StatusActivity( 1174): 1333728446861: areButtonsEnabled --> false
D/AudioHardware(   81): AudioHardware pcm playback is exiting standby.
D/AudioHardware(   81): openPcmOut_l() mPcmOpenCnt: 0
I/StatusActivity( 1174): 1333728446900: takeNum=7 takeCamGood=7 takeGoodSave=7 takeBad=0 takeTimedout=0 getNum=19 getGood=3 getBad=0 getTimedout=15
I/StatusActivity( 1174): 1333728446900: ** Clicked getphotos Button from region 2 **
I/StatusActivity( 1174): 1333728446901: I'm the Client, and I'm in region: 5 nodID = 5108
I/StatusActivity( 1174): 1333728446901: I'm a leader, my requesting photos packet going to mux directly
I/Mux     ( 1174): 1333728446902: Inside mux Packet.CLIENT_REQUEST
I/Mux     ( 1174): 1333728446902: I'm the leader of requesting client, about to process Packet.CLIENT_REQUEST in userApp
I/UserApp ( 1174): 1333728446902: UserApp handling MY region's client request, will send atom packet to REMOTE region's handleDSMRequest
I/UserApp ( 1174): 1333728446902: request is CLIENT_DOWNLOAD_PHOTO, figure out where (remote region) to forward packet
I/UserApp ( 1174): 1333728446903: Sending to region: 2
I/VCoreDaemon( 1174): 1333728446903: Sending PROC_REQUEST 11:4 (5,0)->(2,0)
I/VCoreDaemon( 1174): 1333728446904: Dispatching Atom PROC_REQUEST 11:4 (5,0)->(2,0)
I/Mux     ( 1174): 1333728446904: I got a CSM packet at a leader 
I/NetworkThread( 1174): 1333728446905: Sending UDP payload: 949
I/VCoreDaemon( 1174): 1333728446907: nonce 231 heard from src region (5,0)
I/StatusActivity( 1174): 1333728446907: StatusActivity sent request to get photos for region 2
I/NetworkThread( 1174): 1333728447057: Received UDP payload: 585
I/Mux     ( 1174): 1333728447060: Inside mux Packet.CLIENT_REQUEST
I/Mux     ( 1174): 1333728447060: I'm the leader of requesting client, about to process Packet.CLIENT_REQUEST in userApp
I/UserApp ( 1174): 1333728447060: UserApp handling MY region's client request, will send atom packet to REMOTE region's handleDSMRequest
I/UserApp ( 1174): 1333728447061: request is CLIENT_DOWNLOAD_PHOTO, figure out where (remote region) to forward packet
I/UserApp ( 1174): 1333728447061: Sending to region: 0
I/VCoreDaemon( 1174): 1333728447062: Sending PROC_REQUEST 11:3 (5,0)->(0,0)
I/VCoreDaemon( 1174): 1333728447066: Dispatching Atom PROC_REQUEST 11:3 (5,0)->(0,0)
I/Mux     ( 1174): 1333728447067: I got a CSM packet at a leader 
I/NetworkThread( 1174): 1333728447068: Sending UDP payload: 949
I/VCoreDaemon( 1174): 1333728447069: nonce 232 heard from src region (5,0)
I/VCoreDaemon( 1174): 1333728447606: leader to cloud hearbeat...
I/VNC:Cloud( 1174): Executing makeRequest: http://hermes5.csail.mit.edu:8212/take/5/0/5108/1333728447607/
I/VNC:Cloud( 1174): makeRequest Execute HTTP latency: 2303ms
I/VNC:Cloud( 1174): makeRequest() Cloud response length: 93
I/VNC:Cloud( 1174): Request executed: http://hermes5.csail.mit.edu:8212/take/5/0/5108/1333728447607/
I/VCoreDaemon( 1174): 1333728449913: inside sendPacket(Packet p)
I/NetworkThread( 1174): 1333728449922: Sending UDP payload: 406
I/VCoreDaemon( 1174): 1333728449924: Request timed out, send failure PROC_REPLY 11:4 (2,0)->(5,0)
I/VCoreDaemon( 1174): 1333728449930: Dispatching Atom PROC_REPLY 11:4 (2,0)->(5,0)
I/Mux     ( 1174): 1333728449934: I got a CSM packet at a leader 
I/NetworkThread( 1174): 1333728449935: Sending UDP payload: 770
I/VCoreDaemon( 1174): 1333728449936: Received PROC_REPLY 11:4 (2,0)->(5,0), handing to UserApp
I/VCoreDaemon( 1174): 1333728449938: Request timed out, send failure PROC_REPLY 11:3 (0,0)->(5,0)
I/VCoreDaemon( 1174): 1333728449939: Dispatching Atom PROC_REPLY 11:3 (0,0)->(5,0)
I/Mux     ( 1174): 1333728449947: I got a CSM packet at a leader 
I/NetworkThread( 1174): 1333728449949: Sending UDP payload: 770
I/VCoreDaemon( 1174): 1333728449951: Received PROC_REPLY 11:3 (0,0)->(5,0), handing to UserApp
D/AudioHardware(   81): AudioHardware pcm playback is going to standby.
D/AudioHardware(   81): closePcmOut_l() mPcmOpenCnt: 1
I/StatusActivity( 1174): inside buttonsEnableProgressTimeoutR. Perhaps no one is in that region. Try again later!
I/StatusActivity( 1174): Inside _enableButtons
I/StatusActivity( 1174): areButtonsEnabled --> true
I/StatusActivity( 1174): takeNum=7 takeCamGood=7 takeGoodSave=7 takeBad=0 takeTimedout=0 getNum=19 getGood=3 getBad=0 getTimedout=16
W/InputManagerService(  150): Window already focused, ignoring focus gain of: com.android.internal.view.IInputMethodClient$Stub$Proxy@416685f8
W/NetworkStats(  150): dropping UID delta from unknown iface: iface=wlan0 uid=10067 set=FOREGROUND tag=0x0 rxBytes=78492 rxPackets=18 txBytes=76398 txPackets=14 operations=0
I/VCoreDaemon( 1174): 1333728454923: inside sendPacket(Packet p)
I/NetworkThread( 1174): 1333728454928: Sending UDP payload: 406
W/NetworkStats(  150): dropping UID delta from unknown iface: iface=wlan0 uid=10067 set=FOREGROUND tag=0x0 rxBytes=434 rxPackets=1 txBytes=434 txPackets=1 operations=0
I/VCoreDaemon( 1174): 1333728459925: inside sendPacket(Packet p)
I/NetworkThread( 1174): 1333728459933: Sending UDP payload: 406
I/NetworkThread( 1174): 1333728459989: Received UDP payload: 585
I/Mux     ( 1174): 1333728459993: Inside mux Packet.CLIENT_REQUEST
I/Mux     ( 1174): 1333728459994: I'm the leader of requesting client, about to process Packet.CLIENT_REQUEST in userApp
I/UserApp ( 1174): 1333728459994: UserApp handling MY region's client request, will send atom packet to REMOTE region's handleDSMRequest
I/UserApp ( 1174): 1333728459994: request is CLIENT_DOWNLOAD_PHOTO, figure out where (remote region) to forward packet
I/UserApp ( 1174): 1333728459995: Sending to region: 0
I/VCoreDaemon( 1174): 1333728459995: Sending PROC_REQUEST 11:4 (5,0)->(0,0)
I/VCoreDaemon( 1174): 1333728459996: Dispatching Atom PROC_REQUEST 11:4 (5,0)->(0,0)
I/Mux     ( 1174): 1333728459996: I got a CSM packet at a leader 
I/NetworkThread( 1174): 1333728459997: Sending UDP payload: 949
I/VCoreDaemon( 1174): 1333728459998: nonce 235 heard from src region (5,0)
D/dalvikvm( 1174): GC_CONCURRENT freed 332K, 22% free 10589K/13511K, paused 3ms+18ms
I/VCoreDaemon( 1174): 1333728460756: Retrying PROC_REQUEST 11:4 (5,0)->(0,0)
I/VCoreDaemon( 1174): 1333728460763: Dispatching Atom PROC_REQUEST 11:4 (5,0)->(0,0)
I/Mux     ( 1174): 1333728460765: I got a CSM packet at a leader 
I/NetworkThread( 1174): 1333728460771: Sending UDP payload: 949
I/VCoreDaemon( 1174): 1333728460801: nonce 236 heard from src region (5,0)
I/VCoreDaemon( 1174): 1333728460879: Retrying PROC_REQUEST 11:4 (5,0)->(0,0)
I/VCoreDaemon( 1174): 1333728460880: Dispatching Atom PROC_REQUEST 11:4 (5,0)->(0,0)
I/Mux     ( 1174): 1333728460880: I got a CSM packet at a leader 
I/NetworkThread( 1174): 1333728460881: Sending UDP payload: 949
I/VCoreDaemon( 1174): 1333728460884: nonce 237 heard from src region (5,0)
I/VCoreDaemon( 1174): 1333728460981: Retrying PROC_REQUEST 11:4 (5,0)->(0,0)
I/VCoreDaemon( 1174): 1333728460981: Dispatching Atom PROC_REQUEST 11:4 (5,0)->(0,0)
I/Mux     ( 1174): 1333728460982: I got a CSM packet at a leader 
I/NetworkThread( 1174): 1333728460984: Sending UDP payload: 949
I/VCoreDaemon( 1174): 1333728460985: nonce 238 heard from src region (5,0)
I/VCoreDaemon( 1174): 1333728461083: Retrying PROC_REQUEST 11:4 (5,0)->(0,0)
I/VCoreDaemon( 1174): 1333728461083: Dispatching Atom PROC_REQUEST 11:4 (5,0)->(0,0)
I/Mux     ( 1174): 1333728461084: I got a CSM packet at a leader 
I/NetworkThread( 1174): 1333728461085: Sending UDP payload: 949
I/VCoreDaemon( 1174): 1333728461088: nonce 239 heard from src region (5,0)
I/VCoreDaemon( 1174): 1333728461184: Retrying PROC_REQUEST 11:4 (5,0)->(0,0)
I/VCoreDaemon( 1174): 1333728461185: Dispatching Atom PROC_REQUEST 11:4 (5,0)->(0,0)
I/Mux     ( 1174): 1333728461185: I got a CSM packet at a leader 
I/NetworkThread( 1174): 1333728461187: Sending UDP payload: 949
I/VCoreDaemon( 1174): 1333728461188: nonce 240 heard from src region (5,0)
I/VCoreDaemon( 1174): 1333728461287: Retrying PROC_REQUEST 11:4 (5,0)->(0,0)
I/VCoreDaemon( 1174): 1333728461292: Dispatching Atom PROC_REQUEST 11:4 (5,0)->(0,0)
I/Mux     ( 1174): 1333728461293: I got a CSM packet at a leader 
I/NetworkThread( 1174): 1333728461296: Sending UDP payload: 949
I/VCoreDaemon( 1174): 1333728461298: nonce 241 heard from src region (5,0)
I/StatusActivity( 1174): 1333728461364: .......... GPS onLocationChanged ...... 
I/VCoreDaemon( 1174): 1333728461365: Loc = Location[mProvider=gps,mTime=1333814862000,mLatitude=42.364952377732486,mLongitude=-71.10271143184993,mHasAltitude=true,mAltitude=-24.0,mHasSpeed=true,mSpeed=0.0,mHasBearing=true,mBearing=76.15247,mHasAccuracy=true,mAccuracy=15.0,mExtras=Bundle[mParcelledData.dataSize=4]] Previous Region = (5,0)
I/VCoreDaemon( 1174): 1333728461366: GPS x/long:-71.10271143184993, GPS y/lat: 42.364952377732486. Region width in x: 51.96152422706632
I/VCoreDaemon( 1174): 1333728461366: location PINPOINTS to region = 5.0, previous 5
I/VCoreDaemon( 1174): 1333728461366: stay at region 5
I/VCoreDaemon( 1174): 1333728461397: Retrying PROC_REQUEST 11:4 (5,0)->(0,0)
I/VCoreDaemon( 1174): 1333728461398: Dispatching Atom PROC_REQUEST 11:4 (5,0)->(0,0)
I/Mux     ( 1174): 1333728461398: I got a CSM packet at a leader 
I/NetworkThread( 1174): 1333728461400: Sending UDP payload: 949
I/VCoreDaemon( 1174): 1333728461401: nonce 242 heard from src region (5,0)
I/VCoreDaemon( 1174): 1333728461499: Retrying PROC_REQUEST 11:4 (5,0)->(0,0)
I/VCoreDaemon( 1174): 1333728461500: Dispatching Atom PROC_REQUEST 11:4 (5,0)->(0,0)
I/Mux     ( 1174): 1333728461501: I got a CSM packet at a leader 
I/NetworkThread( 1174): 1333728461512: Sending UDP payload: 949
I/VCoreDaemon( 1174): 1333728461518: nonce 243 heard from src region (5,0)
I/VCoreDaemon( 1174): 1333728461602: Retrying PROC_REQUEST 11:4 (5,0)->(0,0)
I/VCoreDaemon( 1174): 1333728461603: Dispatching Atom PROC_REQUEST 11:4 (5,0)->(0,0)
I/Mux     ( 1174): 1333728461603: I got a CSM packet at a leader 
I/NetworkThread( 1174): 1333728461604: Sending UDP payload: 949
I/VCoreDaemon( 1174): 1333728461609: nonce 244 heard from src region (5,0)
I/VCoreDaemon( 1174): 1333728461704: Retrying PROC_REQUEST 11:4 (5,0)->(0,0)
I/VCoreDaemon( 1174): 1333728461705: Dispatching Atom PROC_REQUEST 11:4 (5,0)->(0,0)
I/Mux     ( 1174): 1333728461706: I got a CSM packet at a leader 
I/NetworkThread( 1174): 1333728461708: Sending UDP payload: 949
I/VCoreDaemon( 1174): 1333728461715: nonce 245 heard from src region (5,0)
I/VCoreDaemon( 1174): 1333728461807: Retrying PROC_REQUEST 11:4 (5,0)->(0,0)
I/VCoreDaemon( 1174): 1333728461808: Dispatching Atom PROC_REQUEST 11:4 (5,0)->(0,0)
I/Mux     ( 1174): 1333728461808: I got a CSM packet at a leader 
I/NetworkThread( 1174): 1333728461811: Sending UDP payload: 949
I/VCoreDaemon( 1174): 1333728461822: nonce 246 heard from src region (5,0)
I/VCoreDaemon( 1174): 1333728461915: Retrying PROC_REQUEST 11:4 (5,0)->(0,0)
I/VCoreDaemon( 1174): 1333728461916: Dispatching Atom PROC_REQUEST 11:4 (5,0)->(0,0)
I/Mux     ( 1174): 1333728461916: I got a CSM packet at a leader 
I/NetworkThread( 1174): 1333728461920: Sending UDP payload: 949
I/VCoreDaemon( 1174): 1333728461921: nonce 247 heard from src region (5,0)
I/VCoreDaemon( 1174): 1333728462017: Retrying PROC_REQUEST 11:4 (5,0)->(0,0)
I/VCoreDaemon( 1174): 1333728462018: Dispatching Atom PROC_REQUEST 11:4 (5,0)->(0,0)
I/Mux     ( 1174): 1333728462018: I got a CSM packet at a leader 
I/NetworkThread( 1174): 1333728462019: Sending UDP payload: 949
I/VCoreDaemon( 1174): 1333728462021: nonce 248 heard from src region (5,0)
I/VCoreDaemon( 1174): 1333728462119: Request timed out, send failure PROC_REPLY 11:4 (0,0)->(5,0)
I/VCoreDaemon( 1174): 1333728462120: Dispatching Atom PROC_REPLY 11:4 (0,0)->(5,0)
I/Mux     ( 1174): 1333728462121: I got a CSM packet at a leader 
I/NetworkThread( 1174): 1333728462123: Sending UDP payload: 770
I/VCoreDaemon( 1174): 1333728462126: Received PROC_REPLY 11:4 (0,0)->(5,0), handing to UserApp
I/StatusActivity( 1174): 1333728463327: .......... GPS onLocationChanged ...... 
I/VCoreDaemon( 1174): 1333728463328: Loc = Location[mProvider=gps,mTime=1333814864000,mLatitude=42.364942648111025,mLongitude=-71.10270962928047,mHasAltitude=true,mAltitude=-24.0,mHasSpeed=true,mSpeed=0.0,mHasBearing=true,mBearing=31.520123,mHasAccuracy=true,mAccuracy=10.0,mExtras=Bundle[mParcelledData.dataSize=4]] Previous Region = (5,0)
I/VCoreDaemon( 1174): 1333728463328: GPS x/long:-71.10270962928047, GPS y/lat: 42.364942648111025. Region width in x: 51.96152422706632
I/VCoreDaemon( 1174): 1333728463328: location PINPOINTS to region = 5.0, previous 5
I/VCoreDaemon( 1174): 1333728463328: stay at region 5
I/VCoreDaemon( 1174): 1333728464929: inside sendPacket(Packet p)
I/NetworkThread( 1174): 1333728464939: Sending UDP payload: 406
D/dalvikvm(  150): GC_CONCURRENT freed 782K, 14% free 12657K/14663K, paused 2ms+16ms
I/VCoreDaemon( 1174): 1333728469931: inside sendPacket(Packet p)
I/NetworkThread( 1174): 1333728469940: Sending UDP payload: 406
I/NetworkThread( 1174): 1333728472416: Received UDP payload: 585
I/Mux     ( 1174): 1333728472426: Inside mux Packet.CLIENT_REQUEST
I/Mux     ( 1174): 1333728472426: I'm the leader of requesting client, about to process Packet.CLIENT_REQUEST in userApp
I/UserApp ( 1174): 1333728472426: UserApp handling MY region's client request, will send atom packet to REMOTE region's handleDSMRequest
I/UserApp ( 1174): 1333728472426: request is CLIENT_DOWNLOAD_PHOTO, figure out where (remote region) to forward packet
I/UserApp ( 1174): 1333728472429: Sending to region: 3
I/VCoreDaemon( 1174): 1333728472449: Sending PROC_REQUEST 11:2 (5,0)->(3,0)
I/VCoreDaemon( 1174): 1333728472453: Dispatching Atom PROC_REQUEST 11:2 (5,0)->(3,0)
I/Mux     ( 1174): 1333728472454: I got a CSM packet at a leader 
I/NetworkThread( 1174): 1333728472456: Sending UDP payload: 949
I/VCoreDaemon( 1174): 1333728472462: nonce 250 heard from src region (5,0)
I/VCoreDaemon( 1174): 1333728473244: Retrying PROC_REQUEST 11:2 (5,0)->(3,0)
I/VCoreDaemon( 1174): 1333728473251: Dispatching Atom PROC_REQUEST 11:2 (5,0)->(3,0)
I/Mux     ( 1174): 1333728473254: I got a CSM packet at a leader 
I/NetworkThread( 1174): 1333728473275: Sending UDP payload: 949
I/VCoreDaemon( 1174): 1333728473297: nonce 251 heard from src region (5,0)
I/VCoreDaemon( 1174): 1333728473359: Retrying PROC_REQUEST 11:2 (5,0)->(3,0)
I/VCoreDaemon( 1174): 1333728473359: Dispatching Atom PROC_REQUEST 11:2 (5,0)->(3,0)
I/Mux     ( 1174): 1333728473360: I got a CSM packet at a leader 
I/NetworkThread( 1174): 1333728473361: Sending UDP payload: 949
I/VCoreDaemon( 1174): 1333728473362: nonce 252 heard from src region (5,0)
D/dalvikvm( 1174): GC_CONCURRENT freed 405K, 22% free 10596K/13511K, paused 2ms+3ms
I/VCoreDaemon( 1174): 1333728473460: Retrying PROC_REQUEST 11:2 (5,0)->(3,0)
I/VCoreDaemon( 1174): 1333728473461: Dispatching Atom PROC_REQUEST 11:2 (5,0)->(3,0)
I/Mux     ( 1174): 1333728473462: I got a CSM packet at a leader 
I/NetworkThread( 1174): 1333728473463: Sending UDP payload: 949
I/VCoreDaemon( 1174): 1333728473472: nonce 253 heard from src region (5,0)
I/VCoreDaemon( 1174): 1333728473562: Retrying PROC_REQUEST 11:2 (5,0)->(3,0)
I/VCoreDaemon( 1174): 1333728473563: Dispatching Atom PROC_REQUEST 11:2 (5,0)->(3,0)
I/Mux     ( 1174): 1333728473563: I got a CSM packet at a leader 
I/NetworkThread( 1174): 1333728473565: Sending UDP payload: 949
I/VCoreDaemon( 1174): 1333728473574: nonce 254 heard from src region (5,0)
I/VCoreDaemon( 1174): 1333728473664: Retrying PROC_REQUEST 11:2 (5,0)->(3,0)
I/VCoreDaemon( 1174): 1333728473665: Dispatching Atom PROC_REQUEST 11:2 (5,0)->(3,0)
I/Mux     ( 1174): 1333728473666: I got a CSM packet at a leader 
I/NetworkThread( 1174): 1333728473669: Sending UDP payload: 949
I/VCoreDaemon( 1174): 1333728473679: nonce 255 heard from src region (5,0)
I/VCoreDaemon( 1174): 1333728473765: Retrying PROC_REQUEST 11:2 (5,0)->(3,0)
I/VCoreDaemon( 1174): 1333728473766: Dispatching Atom PROC_REQUEST 11:2 (5,0)->(3,0)
I/Mux     ( 1174): 1333728473766: I got a CSM packet at a leader 
I/NetworkThread( 1174): 1333728473767: Sending UDP payload: 949
I/VCoreDaemon( 1174): 1333728473779: nonce 256 heard from src region (5,0)
I/VCoreDaemon( 1174): 1333728473867: Retrying PROC_REQUEST 11:2 (5,0)->(3,0)
I/VCoreDaemon( 1174): 1333728473868: Dispatching Atom PROC_REQUEST 11:2 (5,0)->(3,0)
I/Mux     ( 1174): 1333728473868: I got a CSM packet at a leader 
I/NetworkThread( 1174): 1333728473869: Sending UDP payload: 949
I/VCoreDaemon( 1174): 1333728473872: nonce 257 heard from src region (5,0)
I/VCoreDaemon( 1174): 1333728473968: Retrying PROC_REQUEST 11:2 (5,0)->(3,0)
I/VCoreDaemon( 1174): 1333728473969: Dispatching Atom PROC_REQUEST 11:2 (5,0)->(3,0)
I/Mux     ( 1174): 1333728473970: I got a CSM packet at a leader 
I/NetworkThread( 1174): 1333728473976: Sending UDP payload: 949
I/VCoreDaemon( 1174): 1333728473982: nonce 258 heard from src region (5,0)
I/VCoreDaemon( 1174): 1333728474070: Retrying PROC_REQUEST 11:2 (5,0)->(3,0)
I/VCoreDaemon( 1174): 1333728474071: Dispatching Atom PROC_REQUEST 11:2 (5,0)->(3,0)
I/Mux     ( 1174): 1333728474071: I got a CSM packet at a leader 
I/NetworkThread( 1174): 1333728474073: Sending UDP payload: 949
I/VCoreDaemon( 1174): 1333728474074: nonce 259 heard from src region (5,0)
I/VCoreDaemon( 1174): 1333728474173: Retrying PROC_REQUEST 11:2 (5,0)->(3,0)
I/VCoreDaemon( 1174): 1333728474176: Dispatching Atom PROC_REQUEST 11:2 (5,0)->(3,0)
I/Mux     ( 1174): 1333728474183: I got a CSM packet at a leader 
I/NetworkThread( 1174): 1333728474189: Sending UDP payload: 949
I/VCoreDaemon( 1174): 1333728474219: nonce 260 heard from src region (5,0)
I/VCoreDaemon( 1174): 1333728474301: Retrying PROC_REQUEST 11:2 (5,0)->(3,0)
I/VCoreDaemon( 1174): 1333728474301: Dispatching Atom PROC_REQUEST 11:2 (5,0)->(3,0)
I/Mux     ( 1174): 1333728474302: I got a CSM packet at a leader 
I/NetworkThread( 1174): 1333728474303: Sending UDP payload: 949
I/VCoreDaemon( 1174): 1333728474312: nonce 261 heard from src region (5,0)
I/VCoreDaemon( 1174): 1333728474402: Retrying PROC_REQUEST 11:2 (5,0)->(3,0)
I/VCoreDaemon( 1174): 1333728474403: Dispatching Atom PROC_REQUEST 11:2 (5,0)->(3,0)
I/Mux     ( 1174): 1333728474403: I got a CSM packet at a leader 
I/NetworkThread( 1174): 1333728474405: Sending UDP payload: 949
I/VCoreDaemon( 1174): 1333728474410: nonce 262 heard from src region (5,0)
I/VCoreDaemon( 1174): 1333728474504: Retrying PROC_REQUEST 11:2 (5,0)->(3,0)
I/VCoreDaemon( 1174): 1333728474504: Dispatching Atom PROC_REQUEST 11:2 (5,0)->(3,0)
I/Mux     ( 1174): 1333728474505: I got a CSM packet at a leader 
I/NetworkThread( 1174): 1333728474506: Sending UDP payload: 949
I/VCoreDaemon( 1174): 1333728474507: nonce 263 heard from src region (5,0)
I/VCoreDaemon( 1174): 1333728474606: Request timed out, send failure PROC_REPLY 11:2 (3,0)->(5,0)
I/VCoreDaemon( 1174): 1333728474606: Dispatching Atom PROC_REPLY 11:2 (3,0)->(5,0)
I/Mux     ( 1174): 1333728474607: I got a CSM packet at a leader 
I/NetworkThread( 1174): 1333728474610: Sending UDP payload: 770
I/VCoreDaemon( 1174): 1333728474612: Received PROC_REPLY 11:2 (3,0)->(5,0), handing to UserApp
I/VCoreDaemon( 1174): 1333728474931: inside sendPacket(Packet p)
I/NetworkThread( 1174): 1333728474941: Sending UDP payload: 406
I/VCoreDaemon( 1174): 1333728479913: leader to cloud hearbeat...
I/VNC:Cloud( 1174): Executing makeRequest: http://hermes5.csail.mit.edu:8212/take/5/0/5108/1333728479914/
I/NetworkThread( 1174): 1333728481782: Received UDP payload: 585
I/Mux     ( 1174): 1333728481791: Inside mux Packet.CLIENT_REQUEST
I/Mux     ( 1174): 1333728481791: I'm the leader of requesting client, about to process Packet.CLIENT_REQUEST in userApp
I/UserApp ( 1174): 1333728481791: UserApp handling MY region's client request, will send atom packet to REMOTE region's handleDSMRequest
I/UserApp ( 1174): 1333728481791: request is CLIENT_DOWNLOAD_PHOTO, figure out where (remote region) to forward packet
I/UserApp ( 1174): 1333728481797: Sending to region: 4
I/VCoreDaemon( 1174): 1333728481798: Sending PROC_REQUEST 11:4 (5,0)->(4,0)
I/VCoreDaemon( 1174): 1333728481799: Dispatching Atom PROC_REQUEST 11:4 (5,0)->(4,0)
I/Mux     ( 1174): 1333728481800: I got a CSM packet at a leader 
I/NetworkThread( 1174): 1333728481818: Sending UDP payload: 949
I/VCoreDaemon( 1174): 1333728481825: nonce 265 heard from src region (5,0)
I/VNC:Cloud( 1174): makeRequest Execute HTTP latency: 3178ms
I/VNC:Cloud( 1174): makeRequest() Cloud response length: 93
I/VNC:Cloud( 1174): Request executed: http://hermes5.csail.mit.edu:8212/take/5/0/5108/1333728479914/
I/VCoreDaemon( 1174): 1333728483097: inside sendPacket(Packet p)
I/NetworkThread( 1174): 1333728483102: Sending UDP payload: 406
I/VCoreDaemon( 1174): 1333728483103: Retrying PROC_REQUEST 11:4 (5,0)->(4,0)
I/VCoreDaemon( 1174): 1333728483104: Dispatching Atom PROC_REQUEST 11:4 (5,0)->(4,0)
I/Mux     ( 1174): 1333728483107: I got a CSM packet at a leader 
I/NetworkThread( 1174): 1333728483109: Sending UDP payload: 949
I/VCoreDaemon( 1174): 1333728483109: nonce 266 heard from src region (5,0)
I/VCoreDaemon( 1174): 1333728483211: Retrying PROC_REQUEST 11:4 (5,0)->(4,0)
I/VCoreDaemon( 1174): 1333728483212: Dispatching Atom PROC_REQUEST 11:4 (5,0)->(4,0)
I/Mux     ( 1174): 1333728483213: I got a CSM packet at a leader 
I/NetworkThread( 1174): 1333728483214: Sending UDP payload: 949
I/VCoreDaemon( 1174): 1333728483216: nonce 267 heard from src region (5,0)
I/VCoreDaemon( 1174): 1333728483313: Retrying PROC_REQUEST 11:4 (5,0)->(4,0)
I/VCoreDaemon( 1174): 1333728483314: Dispatching Atom PROC_REQUEST 11:4 (5,0)->(4,0)
I/Mux     ( 1174): 1333728483315: I got a CSM packet at a leader 
I/NetworkThread( 1174): 1333728483344: Sending UDP payload: 949
I/VCoreDaemon( 1174): 1333728483346: nonce 268 heard from src region (5,0)
D/dalvikvm( 1174): GC_CONCURRENT freed 379K, 22% free 10620K/13511K, paused 3ms+3ms
I/VCoreDaemon( 1174): 1333728483418: Retrying PROC_REQUEST 11:4 (5,0)->(4,0)
I/VCoreDaemon( 1174): 1333728483418: Dispatching Atom PROC_REQUEST 11:4 (5,0)->(4,0)
I/Mux     ( 1174): 1333728483419: I got a CSM packet at a leader 
I/NetworkThread( 1174): 1333728483420: Sending UDP payload: 949
I/VCoreDaemon( 1174): 1333728483439: nonce 269 heard from src region (5,0)
I/VCoreDaemon( 1174): 1333728483519: Retrying PROC_REQUEST 11:4 (5,0)->(4,0)
I/VCoreDaemon( 1174): 1333728483519: Dispatching Atom PROC_REQUEST 11:4 (5,0)->(4,0)
I/Mux     ( 1174): 1333728483520: I got a CSM packet at a leader 
I/NetworkThread( 1174): 1333728483521: Sending UDP payload: 949
I/VCoreDaemon( 1174): 1333728483528: nonce 270 heard from src region (5,0)
I/VCoreDaemon( 1174): 1333728483620: Retrying PROC_REQUEST 11:4 (5,0)->(4,0)
I/VCoreDaemon( 1174): 1333728483622: Dispatching Atom PROC_REQUEST 11:4 (5,0)->(4,0)
I/Mux     ( 1174): 1333728483622: I got a CSM packet at a leader 
I/NetworkThread( 1174): 1333728483624: Sending UDP payload: 949
I/VCoreDaemon( 1174): 1333728483639: nonce 271 heard from src region (5,0)
I/VCoreDaemon( 1174): 1333728483722: Retrying PROC_REQUEST 11:4 (5,0)->(4,0)
I/VCoreDaemon( 1174): 1333728483723: Dispatching Atom PROC_REQUEST 11:4 (5,0)->(4,0)
I/Mux     ( 1174): 1333728483723: I got a CSM packet at a leader 
I/NetworkThread( 1174): 1333728483724: Sending UDP payload: 949
I/VCoreDaemon( 1174): 1333728483725: nonce 272 heard from src region (5,0)
I/VCoreDaemon( 1174): 1333728483826: Retrying PROC_REQUEST 11:4 (5,0)->(4,0)
I/VCoreDaemon( 1174): 1333728483827: Dispatching Atom PROC_REQUEST 11:4 (5,0)->(4,0)
I/Mux     ( 1174): 1333728483834: I got a CSM packet at a leader 
I/NetworkThread( 1174): 1333728483860: Sending UDP payload: 949
I/VCoreDaemon( 1174): 1333728483881: nonce 273 heard from src region (5,0)
I/VCoreDaemon( 1174): 1333728483945: Request timed out, send failure PROC_REPLY 11:4 (4,0)->(5,0)
I/VCoreDaemon( 1174): 1333728483945: Dispatching Atom PROC_REPLY 11:4 (4,0)->(5,0)
I/Mux     ( 1174): 1333728483946: I got a CSM packet at a leader 
I/NetworkThread( 1174): 1333728483947: Sending UDP payload: 770
I/VCoreDaemon( 1174): 1333728483949: Received PROC_REPLY 11:4 (4,0)->(5,0), handing to UserApp
W/NetworkStats(  150): dropping UID delta from unknown iface: iface=wlan0 uid=10067 set=FOREGROUND tag=0x0 rxBytes=42552 rxPackets=48 txBytes=40713 txPackets=45 operations=0
I/VCoreDaemon( 1174): 1333728488102: inside sendPacket(Packet p)
I/NetworkThread( 1174): 1333728488104: Sending UDP payload: 406
I/StatusActivity( 1174): 1333728488351: .......... GPS onLocationChanged ...... 
I/VCoreDaemon( 1174): 1333728488353: Loc = Location[mProvider=gps,mTime=1333814889000,mLatitude=42.36495350535093,mLongitude=-71.10273203961945,mHasAltitude=true,mAltitude=-20.0,mHasSpeed=true,mSpeed=0.0,mHasBearing=true,mBearing=300.68997,mHasAccuracy=true,mAccuracy=10.0,mExtras=Bundle[mParcelledData.dataSize=4]] Previous Region = (5,0)
I/VCoreDaemon( 1174): 1333728488368: GPS x/long:-71.10273203961945, GPS y/lat: 42.36495350535093. Region width in x: 51.96152422706632
I/VCoreDaemon( 1174): 1333728488368: location PINPOINTS to region = 5.0, previous 5
I/VCoreDaemon( 1174): 1333728488369: stay at region 5
I/VCoreDaemon( 1174): 1333728493103: inside sendPacket(Packet p)
I/NetworkThread( 1174): 1333728493110: Sending UDP payload: 406
I/NetworkThread( 1174): 1333728493883: Received UDP payload: 585
I/Mux     ( 1174): 1333728493890: Inside mux Packet.CLIENT_REQUEST
I/Mux     ( 1174): 1333728493890: I'm the leader of requesting client, about to process Packet.CLIENT_REQUEST in userApp
I/UserApp ( 1174): 1333728493894: UserApp handling MY region's client request, will send atom packet to REMOTE region's handleDSMRequest
I/UserApp ( 1174): 1333728493894: request is CLIENT_DOWNLOAD_PHOTO, figure out where (remote region) to forward packet
I/UserApp ( 1174): 1333728493896: Sending to region: 4
I/VCoreDaemon( 1174): 1333728493897: Sending PROC_REQUEST 11:5 (5,0)->(4,0)
I/VCoreDaemon( 1174): 1333728493902: Dispatching Atom PROC_REQUEST 11:5 (5,0)->(4,0)
I/Mux     ( 1174): 1333728493903: I got a CSM packet at a leader 
I/NetworkThread( 1174): 1333728493906: Sending UDP payload: 949
I/VCoreDaemon( 1174): 1333728493934: nonce 275 heard from src region (5,0)
I/System.out(  706): [INFO:1702245]: c: Running flush
I/System.out(  706): [INFO:1702246]: c: Sending payload [bytes=491]
I/VCoreDaemon( 1174): 1333728494659: Retrying PROC_REQUEST 11:5 (5,0)->(4,0)
I/VCoreDaemon( 1174): 1333728494666: Dispatching Atom PROC_REQUEST 11:5 (5,0)->(4,0)
I/Mux     ( 1174): 1333728494672: I got a CSM packet at a leader 
I/NetworkThread( 1174): 1333728494677: Sending UDP payload: 949
I/VCoreDaemon( 1174): 1333728494700: nonce 276 heard from src region (5,0)
I/VCoreDaemon( 1174): 1333728494782: Retrying PROC_REQUEST 11:5 (5,0)->(4,0)
I/VCoreDaemon( 1174): 1333728494783: Dispatching Atom PROC_REQUEST 11:5 (5,0)->(4,0)
I/Mux     ( 1174): 1333728494783: I got a CSM packet at a leader 
I/NetworkThread( 1174): 1333728494784: Sending UDP payload: 949
I/VCoreDaemon( 1174): 1333728494797: nonce 277 heard from src region (5,0)
I/VCoreDaemon( 1174): 1333728494884: Retrying PROC_REQUEST 11:5 (5,0)->(4,0)
I/VCoreDaemon( 1174): 1333728494884: Dispatching Atom PROC_REQUEST 11:5 (5,0)->(4,0)
I/Mux     ( 1174): 1333728494885: I got a CSM packet at a leader 
I/NetworkThread( 1174): 1333728494886: Sending UDP payload: 949
I/VCoreDaemon( 1174): 1333728494887: nonce 278 heard from src region (5,0)
I/VCoreDaemon( 1174): 1333728494985: Retrying PROC_REQUEST 11:5 (5,0)->(4,0)
I/VCoreDaemon( 1174): 1333728494985: Dispatching Atom PROC_REQUEST 11:5 (5,0)->(4,0)
I/Mux     ( 1174): 1333728494986: I got a CSM packet at a leader 
I/NetworkThread( 1174): 1333728494987: Sending UDP payload: 949
I/VCoreDaemon( 1174): 1333728494989: nonce 279 heard from src region (5,0)
I/VCoreDaemon( 1174): 1333728495087: Retrying PROC_REQUEST 11:5 (5,0)->(4,0)
I/VCoreDaemon( 1174): 1333728495088: Dispatching Atom PROC_REQUEST 11:5 (5,0)->(4,0)
I/Mux     ( 1174): 1333728495089: I got a CSM packet at a leader 
I/NetworkThread( 1174): 1333728495095: Sending UDP payload: 949
I/VCoreDaemon( 1174): 1333728495112: nonce 280 heard from src region (5,0)
I/VCoreDaemon( 1174): 1333728495191: Retrying PROC_REQUEST 11:5 (5,0)->(4,0)
I/VCoreDaemon( 1174): 1333728495192: Dispatching Atom PROC_REQUEST 11:5 (5,0)->(4,0)
I/Mux     ( 1174): 1333728495192: I got a CSM packet at a leader 
I/NetworkThread( 1174): 1333728495194: Sending UDP payload: 949
I/VCoreDaemon( 1174): 1333728495195: nonce 281 heard from src region (5,0)
I/VCoreDaemon( 1174): 1333728495293: Retrying PROC_REQUEST 11:5 (5,0)->(4,0)
I/VCoreDaemon( 1174): 1333728495293: Dispatching Atom PROC_REQUEST 11:5 (5,0)->(4,0)
I/Mux     ( 1174): 1333728495294: I got a CSM packet at a leader 
I/NetworkThread( 1174): 1333728495295: Sending UDP payload: 949
I/VCoreDaemon( 1174): 1333728495297: nonce 282 heard from src region (5,0)
I/VCoreDaemon( 1174): 1333728495394: Retrying PROC_REQUEST 11:5 (5,0)->(4,0)
I/VCoreDaemon( 1174): 1333728495395: Dispatching Atom PROC_REQUEST 11:5 (5,0)->(4,0)
I/Mux     ( 1174): 1333728495395: I got a CSM packet at a leader 
I/NetworkThread( 1174): 1333728495397: Sending UDP payload: 949
I/VCoreDaemon( 1174): 1333728495402: nonce 283 heard from src region (5,0)
I/VCoreDaemon( 1174): 1333728495496: Retrying PROC_REQUEST 11:5 (5,0)->(4,0)
I/VCoreDaemon( 1174): 1333728495497: Dispatching Atom PROC_REQUEST 11:5 (5,0)->(4,0)
I/Mux     ( 1174): 1333728495497: I got a CSM packet at a leader 
I/NetworkThread( 1174): 1333728495499: Sending UDP payload: 949
I/VCoreDaemon( 1174): 1333728495500: nonce 284 heard from src region (5,0)
I/VCoreDaemon( 1174): 1333728495598: Retrying PROC_REQUEST 11:5 (5,0)->(4,0)
I/VCoreDaemon( 1174): 1333728495599: Dispatching Atom PROC_REQUEST 11:5 (5,0)->(4,0)
I/Mux     ( 1174): 1333728495600: I got a CSM packet at a leader 
I/NetworkThread( 1174): 1333728495603: Sending UDP payload: 949
I/VCoreDaemon( 1174): 1333728495605: nonce 285 heard from src region (5,0)
I/VCoreDaemon( 1174): 1333728495700: Retrying PROC_REQUEST 11:5 (5,0)->(4,0)
I/VCoreDaemon( 1174): 1333728495701: Dispatching Atom PROC_REQUEST 11:5 (5,0)->(4,0)
I/Mux     ( 1174): 1333728495701: I got a CSM packet at a leader 
I/NetworkThread( 1174): 1333728495702: Sending UDP payload: 949
I/VCoreDaemon( 1174): 1333728495705: nonce 286 heard from src region (5,0)
D/dalvikvm( 1174): GC_CONCURRENT freed 433K, 22% free 10608K/13511K, paused 5ms+13ms
I/VCoreDaemon( 1174): 1333728495802: Retrying PROC_REQUEST 11:5 (5,0)->(4,0)
I/VCoreDaemon( 1174): 1333728495802: Dispatching Atom PROC_REQUEST 11:5 (5,0)->(4,0)
I/Mux     ( 1174): 1333728495803: I got a CSM packet at a leader 
I/NetworkThread( 1174): 1333728495807: Sending UDP payload: 949
I/VCoreDaemon( 1174): 1333728495808: nonce 287 heard from src region (5,0)
I/VCoreDaemon( 1174): 1333728495903: Retrying PROC_REQUEST 11:5 (5,0)->(4,0)
I/VCoreDaemon( 1174): 1333728495904: Dispatching Atom PROC_REQUEST 11:5 (5,0)->(4,0)
I/Mux     ( 1174): 1333728495904: I got a CSM packet at a leader 
I/NetworkThread( 1174): 1333728495906: Sending UDP payload: 949
I/VCoreDaemon( 1174): 1333728495907: nonce 288 heard from src region (5,0)
I/VCoreDaemon( 1174): 1333728496005: Request timed out, send failure PROC_REPLY 11:5 (4,0)->(5,0)
I/VCoreDaemon( 1174): 1333728496006: Dispatching Atom PROC_REPLY 11:5 (4,0)->(5,0)
I/Mux     ( 1174): 1333728496007: I got a CSM packet at a leader 
I/NetworkThread( 1174): 1333728496010: Sending UDP payload: 770
I/VCoreDaemon( 1174): 1333728496012: Received PROC_REPLY 11:5 (4,0)->(5,0), handing to UserApp
I/StatusActivity( 1174): 1333728497576: canPressButton = TRUE
I/StatusActivity( 1174): 1333728497579: areButtonsEnabled --> false 
I/StatusActivity( 1174): 1333728497580: get picture disableButtonsR
D/AudioHardware(   81): AudioHardware pcm playback is exiting standby.
D/AudioHardware(   81): openPcmOut_l() mPcmOpenCnt: 0
I/StatusActivity( 1174): 1333728497606: areButtonsEnabled --> false
I/StatusActivity( 1174): 1333728497648: takeNum=7 takeCamGood=7 takeGoodSave=7 takeBad=0 takeTimedout=0 getNum=20 getGood=3 getBad=0 getTimedout=16
I/StatusActivity( 1174): 1333728497649: ** Clicked getphotos Button from region 4 **
I/StatusActivity( 1174): 1333728497649: I'm the Client, and I'm in region: 5 nodID = 5108
I/StatusActivity( 1174): 1333728497650: I'm a leader, my requesting photos packet going to mux directly
I/Mux     ( 1174): 1333728497701: Inside mux Packet.CLIENT_REQUEST
I/Mux     ( 1174): 1333728497701: I'm the leader of requesting client, about to process Packet.CLIENT_REQUEST in userApp
I/UserApp ( 1174): 1333728497701: UserApp handling MY region's client request, will send atom packet to REMOTE region's handleDSMRequest
I/UserApp ( 1174): 1333728497701: request is CLIENT_DOWNLOAD_PHOTO, figure out where (remote region) to forward packet
I/UserApp ( 1174): 1333728497702: Sending to region: 4
I/VCoreDaemon( 1174): 1333728497703: Sending PROC_REQUEST 11:6 (5,0)->(4,0)
I/VCoreDaemon( 1174): 1333728497703: Dispatching Atom PROC_REQUEST 11:6 (5,0)->(4,0)
I/Mux     ( 1174): 1333728497704: I got a CSM packet at a leader 
I/NetworkThread( 1174): 1333728497705: Sending UDP payload: 949
I/VCoreDaemon( 1174): 1333728497728: nonce 290 heard from src region (5,0)
I/StatusActivity( 1174): 1333728497730: StatusActivity sent request to get photos for region 4
D/dalvikvm(  314): GC_CONCURRENT freed 423K, 6% free 9504K/10055K, paused 3ms+5ms
I/VCoreDaemon( 1174): 1333728498104: inside sendPacket(Packet p)
I/NetworkThread( 1174): 1333728498105: Sending UDP payload: 406
I/VCoreDaemon( 1174): 1333728498428: Retrying PROC_REQUEST 11:6 (5,0)->(4,0)
I/VCoreDaemon( 1174): 1333728498429: Dispatching Atom PROC_REQUEST 11:6 (5,0)->(4,0)
I/Mux     ( 1174): 1333728498433: I got a CSM packet at a leader 
I/NetworkThread( 1174): 1333728498435: Sending UDP payload: 949
I/VCoreDaemon( 1174): 1333728498436: nonce 291 heard from src region (5,0)
I/VCoreDaemon( 1174): 1333728498534: Retrying PROC_REQUEST 11:6 (5,0)->(4,0)
I/VCoreDaemon( 1174): 1333728498535: Dispatching Atom PROC_REQUEST 11:6 (5,0)->(4,0)
I/Mux     ( 1174): 1333728498535: I got a CSM packet at a leader 
I/NetworkThread( 1174): 1333728498537: Sending UDP payload: 949
I/VCoreDaemon( 1174): 1333728498538: nonce 292 heard from src region (5,0)
I/VCoreDaemon( 1174): 1333728498637: Retrying PROC_REQUEST 11:6 (5,0)->(4,0)
I/VCoreDaemon( 1174): 1333728498638: Dispatching Atom PROC_REQUEST 11:6 (5,0)->(4,0)
I/Mux     ( 1174): 1333728498639: I got a CSM packet at a leader 
I/NetworkThread( 1174): 1333728498642: Sending UDP payload: 949
I/VCoreDaemon( 1174): 1333728498644: nonce 293 heard from src region (5,0)
I/VCoreDaemon( 1174): 1333728498739: Retrying PROC_REQUEST 11:6 (5,0)->(4,0)
I/VCoreDaemon( 1174): 1333728498739: Dispatching Atom PROC_REQUEST 11:6 (5,0)->(4,0)
I/Mux     ( 1174): 1333728498740: I got a CSM packet at a leader 
I/NetworkThread( 1174): 1333728498741: Sending UDP payload: 949
I/VCoreDaemon( 1174): 1333728498743: nonce 294 heard from src region (5,0)
I/VCoreDaemon( 1174): 1333728498840: Retrying PROC_REQUEST 11:6 (5,0)->(4,0)
I/VCoreDaemon( 1174): 1333728498841: Dispatching Atom PROC_REQUEST 11:6 (5,0)->(4,0)
I/Mux     ( 1174): 1333728498841: I got a CSM packet at a leader 
I/NetworkThread( 1174): 1333728498843: Sending UDP payload: 949
I/VCoreDaemon( 1174): 1333728498844: nonce 295 heard from src region (5,0)
I/VCoreDaemon( 1174): 1333728498942: Retrying PROC_REQUEST 11:6 (5,0)->(4,0)
I/VCoreDaemon( 1174): 1333728498942: Dispatching Atom PROC_REQUEST 11:6 (5,0)->(4,0)
I/Mux     ( 1174): 1333728498943: I got a CSM packet at a leader 
I/NetworkThread( 1174): 1333728498944: Sending UDP payload: 949
I/VCoreDaemon( 1174): 1333728498946: nonce 296 heard from src region (5,0)
I/VCoreDaemon( 1174): 1333728499043: Retrying PROC_REQUEST 11:6 (5,0)->(4,0)
I/VCoreDaemon( 1174): 1333728499043: Dispatching Atom PROC_REQUEST 11:6 (5,0)->(4,0)
I/Mux     ( 1174): 1333728499044: I got a CSM packet at a leader 
I/NetworkThread( 1174): 1333728499045: Sending UDP payload: 949
I/VCoreDaemon( 1174): 1333728499059: nonce 297 heard from src region (5,0)
I/VCoreDaemon( 1174): 1333728499144: Retrying PROC_REQUEST 11:6 (5,0)->(4,0)
I/VCoreDaemon( 1174): 1333728499145: Dispatching Atom PROC_REQUEST 11:6 (5,0)->(4,0)
I/Mux     ( 1174): 1333728499145: I got a CSM packet at a leader 
I/NetworkThread( 1174): 1333728499146: Sending UDP payload: 949
I/VCoreDaemon( 1174): 1333728499153: nonce 298 heard from src region (5,0)
I/VCoreDaemon( 1174): 1333728499246: Retrying PROC_REQUEST 11:6 (5,0)->(4,0)
I/VCoreDaemon( 1174): 1333728499247: Dispatching Atom PROC_REQUEST 11:6 (5,0)->(4,0)
I/Mux     ( 1174): 1333728499248: I got a CSM packet at a leader 
I/NetworkThread( 1174): 1333728499249: Sending UDP payload: 949
I/VCoreDaemon( 1174): 1333728499257: nonce 299 heard from src region (5,0)
I/VCoreDaemon( 1174): 1333728499348: Retrying PROC_REQUEST 11:6 (5,0)->(4,0)
I/VCoreDaemon( 1174): 1333728499348: Dispatching Atom PROC_REQUEST 11:6 (5,0)->(4,0)
I/Mux     ( 1174): 1333728499349: I got a CSM packet at a leader 
I/NetworkThread( 1174): 1333728499350: Sending UDP payload: 949
I/VCoreDaemon( 1174): 1333728499356: nonce 300 heard from src region (5,0)
I/System.out(  706): [INFO:1707248]: c: Running delayed flush
I/System.out(  706): [INFO:1707269]: c: Running flush
D/dalvikvm(  706): GC_CONCURRENT freed 387K, 7% free 10083K/10759K, paused 25ms+5ms
I/VCoreDaemon( 1174): 1333728499449: Retrying PROC_REQUEST 11:6 (5,0)->(4,0)
I/VCoreDaemon( 1174): 1333728499450: Dispatching Atom PROC_REQUEST 11:6 (5,0)->(4,0)
I/Mux     ( 1174): 1333728499450: I got a CSM packet at a leader 
I/NetworkThread( 1174): 1333728499451: Sending UDP payload: 949
I/VCoreDaemon( 1174): 1333728499465: nonce 301 heard from src region (5,0)
I/VCoreDaemon( 1174): 1333728499551: Retrying PROC_REQUEST 11:6 (5,0)->(4,0)
I/VCoreDaemon( 1174): 1333728499551: Dispatching Atom PROC_REQUEST 11:6 (5,0)->(4,0)
I/Mux     ( 1174): 1333728499552: I got a CSM packet at a leader 
I/NetworkThread( 1174): 1333728499559: Sending UDP payload: 949
I/VCoreDaemon( 1174): 1333728499568: nonce 302 heard from src region (5,0)
I/VCoreDaemon( 1174): 1333728499653: Retrying PROC_REQUEST 11:6 (5,0)->(4,0)
I/VCoreDaemon( 1174): 1333728499653: Dispatching Atom PROC_REQUEST 11:6 (5,0)->(4,0)
I/Mux     ( 1174): 1333728499654: I got a CSM packet at a leader 
I/NetworkThread( 1174): 1333728499656: Sending UDP payload: 949
I/VCoreDaemon( 1174): 1333728499663: nonce 303 heard from src region (5,0)
I/VCoreDaemon( 1174): 1333728499755: Retrying PROC_REQUEST 11:6 (5,0)->(4,0)
I/VCoreDaemon( 1174): 1333728499756: Dispatching Atom PROC_REQUEST 11:6 (5,0)->(4,0)
I/Mux     ( 1174): 1333728499756: I got a CSM packet at a leader 
I/NetworkThread( 1174): 1333728499759: Sending UDP payload: 949
I/VCoreDaemon( 1174): 1333728499769: nonce 304 heard from src region (5,0)
I/VCoreDaemon( 1174): 1333728499859: Request timed out, send failure PROC_REPLY 11:6 (4,0)->(5,0)
I/VCoreDaemon( 1174): 1333728499860: Dispatching Atom PROC_REPLY 11:6 (4,0)->(5,0)
I/Mux     ( 1174): 1333728499863: I got a CSM packet at a leader 
I/NetworkThread( 1174): 1333728499864: Sending UDP payload: 770
I/VCoreDaemon( 1174): 1333728499867: Received PROC_REPLY 11:6 (4,0)->(5,0), handing to UserApp
D/dalvikvm( 1174): GC_CONCURRENT freed 393K, 22% free 10632K/13511K, paused 1ms+13ms
I/System.out(  706): [INFO:1708101]: c: Response [http=200,length=20]
I/System.out(  706): [INFO:1708102]: c: Read id 3, status code 200
D/AudioHardware(   81): AudioHardware pcm playback is going to standby.
D/AudioHardware(   81): closePcmOut_l() mPcmOpenCnt: 1
I/VCoreDaemon( 1174): 1333728503104: inside sendPacket(Packet p)
I/NetworkThread( 1174): 1333728503105: Sending UDP payload: 406
I/StatusActivity( 1174): inside buttonsEnableProgressTimeoutR. Perhaps no one is in that region. Try again later!
I/StatusActivity( 1174): Inside _enableButtons
I/StatusActivity( 1174): areButtonsEnabled --> true
I/StatusActivity( 1174): takeNum=7 takeCamGood=7 takeGoodSave=7 takeBad=0 takeTimedout=0 getNum=20 getGood=3 getBad=0 getTimedout=17
W/InputManagerService(  150): Window already focused, ignoring focus gain of: com.android.internal.view.IInputMethodClient$Stub$Proxy@4182eb60
D/dalvikvm(  150): GC_CONCURRENT freed 785K, 14% free 12660K/14663K, paused 3ms+6ms
W/NetworkStats(  150): dropping UID delta from unknown iface: iface=wlan0 uid=10067 set=FOREGROUND tag=0x0 rxBytes=32278 rxPackets=36 txBytes=31665 txPackets=35 operations=0
I/NetworkThread( 1174): 1333728507036: Received UDP payload: 585
I/Mux     ( 1174): 1333728507096: Inside mux Packet.CLIENT_REQUEST
I/Mux     ( 1174): 1333728507096: I'm the leader of requesting client, about to process Packet.CLIENT_REQUEST in userApp
I/UserApp ( 1174): 1333728507096: UserApp handling MY region's client request, will send atom packet to REMOTE region's handleDSMRequest
I/UserApp ( 1174): 1333728507096: request is CLIENT_DOWNLOAD_PHOTO, figure out where (remote region) to forward packet
I/UserApp ( 1174): 1333728507097: Sending to region: 4
I/VCoreDaemon( 1174): 1333728507098: Sending PROC_REQUEST 11:7 (5,0)->(4,0)
I/VCoreDaemon( 1174): 1333728507098: Dispatching Atom PROC_REQUEST 11:7 (5,0)->(4,0)
I/Mux     ( 1174): 1333728507098: I got a CSM packet at a leader 
I/NetworkThread( 1174): 1333728507099: Sending UDP payload: 949
I/VCoreDaemon( 1174): 1333728507105: nonce 306 heard from src region (5,0)
I/StatusActivity( 1174): 1333728507368: .......... GPS onLocationChanged ...... 
I/VCoreDaemon( 1174): 1333728507369: Loc = Location[mProvider=gps,mTime=1333814908000,mLatitude=42.36496629786268,mLongitude=-71.10273051067253,mHasAltitude=true,mAltitude=-21.0,mHasSpeed=true,mSpeed=0.06506731,mHasBearing=true,mBearing=49.05652,mHasAccuracy=true,mAccuracy=15.0,mExtras=Bundle[mParcelledData.dataSize=4]] Previous Region = (5,0)
I/VCoreDaemon( 1174): 1333728507369: GPS x/long:-71.10273051067253, GPS y/lat: 42.36496629786268. Region width in x: 51.96152422706632
I/VCoreDaemon( 1174): 1333728507369: location PINPOINTS to region = 5.0, previous 5
I/VCoreDaemon( 1174): 1333728507370: stay at region 5
I/VCoreDaemon( 1174): 1333728507836: Retrying PROC_REQUEST 11:7 (5,0)->(4,0)
I/VCoreDaemon( 1174): 1333728507837: Dispatching Atom PROC_REQUEST 11:7 (5,0)->(4,0)
I/Mux     ( 1174): 1333728507837: I got a CSM packet at a leader 
I/NetworkThread( 1174): 1333728507839: Sending UDP payload: 949
I/VCoreDaemon( 1174): 1333728507843: nonce 307 heard from src region (5,0)
I/VCoreDaemon( 1174): 1333728507938: Retrying PROC_REQUEST 11:7 (5,0)->(4,0)
I/VCoreDaemon( 1174): 1333728507938: Dispatching Atom PROC_REQUEST 11:7 (5,0)->(4,0)
I/Mux     ( 1174): 1333728507939: I got a CSM packet at a leader 
I/NetworkThread( 1174): 1333728507940: Sending UDP payload: 949
I/VCoreDaemon( 1174): 1333728507942: nonce 308 heard from src region (5,0)
I/VCoreDaemon( 1174): 1333728508040: Retrying PROC_REQUEST 11:7 (5,0)->(4,0)
I/VCoreDaemon( 1174): 1333728508041: Dispatching Atom PROC_REQUEST 11:7 (5,0)->(4,0)
I/Mux     ( 1174): 1333728508042: I got a CSM packet at a leader 
I/NetworkThread( 1174): 1333728508044: Sending UDP payload: 949
I/VCoreDaemon( 1174): 1333728508054: nonce 309 heard from src region (5,0)
I/VCoreDaemon( 1174): 1333728508104: inside sendPacket(Packet p)
I/NetworkThread( 1174): 1333728508106: Sending UDP payload: 406
I/VCoreDaemon( 1174): 1333728508141: Retrying PROC_REQUEST 11:7 (5,0)->(4,0)
I/VCoreDaemon( 1174): 1333728508142: Dispatching Atom PROC_REQUEST 11:7 (5,0)->(4,0)
I/Mux     ( 1174): 1333728508142: I got a CSM packet at a leader 
I/NetworkThread( 1174): 1333728508143: Sending UDP payload: 949
I/VCoreDaemon( 1174): 1333728508157: nonce 310 heard from src region (5,0)
I/VCoreDaemon( 1174): 1333728508243: Retrying PROC_REQUEST 11:7 (5,0)->(4,0)
I/VCoreDaemon( 1174): 1333728508244: Dispatching Atom PROC_REQUEST 11:7 (5,0)->(4,0)
I/Mux     ( 1174): 1333728508245: I got a CSM packet at a leader 
I/NetworkThread( 1174): 1333728508248: Sending UDP payload: 949
I/VCoreDaemon( 1174): 1333728508265: nonce 311 heard from src region (5,0)
I/VCoreDaemon( 1174): 1333728508348: Retrying PROC_REQUEST 11:7 (5,0)->(4,0)
I/VCoreDaemon( 1174): 1333728508348: Dispatching Atom PROC_REQUEST 11:7 (5,0)->(4,0)
I/Mux     ( 1174): 1333728508348: I got a CSM packet at a leader 
I/NetworkThread( 1174): 1333728508350: Sending UDP payload: 949
I/VCoreDaemon( 1174): 1333728508363: nonce 312 heard from src region (5,0)
I/VCoreDaemon( 1174): 1333728508449: Retrying PROC_REQUEST 11:7 (5,0)->(4,0)
I/VCoreDaemon( 1174): 1333728508449: Dispatching Atom PROC_REQUEST 11:7 (5,0)->(4,0)
I/Mux     ( 1174): 1333728508450: I got a CSM packet at a leader 
I/NetworkThread( 1174): 1333728508451: Sending UDP payload: 949
I/VCoreDaemon( 1174): 1333728508452: nonce 313 heard from src region (5,0)
