I/BarnacleService( 1411): log: hq. MSG_NETSCHANGE. about to get getWifiState
I/BarnacleService( 1411): log: hq. BarnacleServiceNETSCHANGE: 2 1 null
E/BarnacleService( 1411): NETSCHANGE: 2 1 null
I/BarnacleService( 1411): log: hq. wifiState 2 =? WifiManager.WIFI_STATE_DISABLED = 1
I/BarnacleService( 1411): log: hq. Wifi state Enabled! :( the else before STATE_STARTING
I/BarnacleService( 1411): log: hq if state == STATE_STARTING, turn off wifi
I/BarnacleService( 1411): log: Waiting until Wifi is disabled
I/BarnacleService( 1411): log: hq. MSG_NETSCHANGE. about to get getWifiState
I/BarnacleService( 1411): log: hq. BarnacleServiceNETSCHANGE: 2 1 null
E/BarnacleService( 1411): NETSCHANGE: 2 1 null
I/BarnacleService( 1411): log: hq. wifiState 2 =? WifiManager.WIFI_STATE_DISABLED = 1
I/BarnacleService( 1411): log: hq. Wifi state Enabled! :( the else before STATE_STARTING
I/BarnacleService( 1411): log: hq if state == STATE_STARTING, turn off wifi
I/BarnacleService( 1411): log: Waiting until Wifi is disabled
I/GTalkService/c(  452): [AndroidEndpoint@1094333328] connect: acct=1000000, state=CONNECTING
D/SoftapController(   75): Softap fwReload - Ok
D/NetworkManagementService(  150): rsp <213 00:90:4c:11:22:33 0.0.0.0 0 [down broadcast multicast]>
D/CommandListener(   75): Setting iface cfg
D/CommandListener(   75): Trying to bring down wlan0
D/CommandListener(   75): broadcast flag ignored
D/CommandListener(   75): multicast flag ignored
D/NetworkManagementService(  150): flags <[down broadcast multicast]>
I/wpa_supplicant( 1435): CTRL-EVENT-TERMINATING - signal 0 received
I/wpa_supplicant( 1435): CTRL-EVENT-STATE-CHANGE id=-1 state=0 BSSID=00:00:00:00:00:00
D/CommandListener(   75): Clearing all IP addresses on wlan0
I/BarnacleService( 1411): log: hq. MSG_NETSCHANGE. about to get getWifiState
I/BarnacleService( 1411): log: hq. BarnacleServiceNETSCHANGE: 0 1 null
E/BarnacleService( 1411): NETSCHANGE: 0 1 null
I/BarnacleService( 1411): log: hq. wifiState 0 =? WifiManager.WIFI_STATE_DISABLED = 1
I/BarnacleService( 1411): log: hq. Wifi state Enabled! :( the else before STATE_STARTING
I/BarnacleService( 1411): log: hq if state == STATE_STARTING, turn off wifi
I/BarnacleService( 1411): log: hq. MSG_NETSCHANGE. about to get getWifiState
I/BarnacleService( 1411): log: hq. BarnacleServiceNETSCHANGE: 0 1 null
E/BarnacleService( 1411): NETSCHANGE: 0 1 null
I/BarnacleService( 1411): log: hq. wifiState 0 =? WifiManager.WIFI_STATE_DISABLED = 1
I/BarnacleService( 1411): log: hq. Wifi state Enabled! :( the else before STATE_STARTING
I/BarnacleService( 1411): log: hq if state == STATE_STARTING, turn off wifi
D/NetlinkEvent(   75): Unexpected netlink message. type=0x11
W/Netd    (   75): No subsystem found in netlink event
I/BarnacleService( 1411): log: hq. MSG_NETSCHANGE. about to get getWifiState
I/BarnacleService( 1411): log: hq. BarnacleServiceNETSCHANGE: 1 1 null
E/BarnacleService( 1411): NETSCHANGE: 1 1 null
I/BarnacleService( 1411): log: hq. wifiState 1 =? WifiManager.WIFI_STATE_DISABLED = 1
I/BarnacleService( 1411): log: hq. INSIDE :) wifi state disabled
I/BarnacleService( 1411): log: ( (state = 1) ?== (STATE_STARTING = 1) ) && ( (process = proc_is_null) ?== null ... && checkUplink:
I/BarnacleService( 1411): log: hq. :D:D:D:D in state == STATE STARTING and no proccess and checkuplink :D:D:D
I/BarnacleService( 1411): log: Data network is ready
I/BarnacleService( 1411): log: .ini file prepared
I/BarnacleService( 1411): log: hq. :):):):):) :D:D:D:D:D:D about to startProcess()
I/BarnacleService( 1411): log: hq==============
I/BarnacleService( 1411): BarnacleService: startProcess()
I/BarnacleService( 1411): log: hq     pb = new ProcessBuilder
I/BarnacleService( 1411): log: hq     ./File_SCRIPT
I/BarnacleService( 1411): log: hq     pb.start()
I/BarnacleService( 1411): log: hq     new Thread 0 OUTPUT
I/BarnacleService( 1411): log: hq     new Thread 1 ERROR
I/BarnacleService( 1411): log: hq     threads 0 start
I/BarnacleService( 1411): log: hq     threads 1 start
E/ActivityManager(  150): Activity Manager Crash
E/ActivityManager(  150): java.lang.IllegalArgumentException: Unknown URI type: 7
E/ActivityManager(  150): 	at android.net.Uri$1.createFromParcel(Uri.java:1734)
E/ActivityManager(  150): 	at android.net.Uri$1.createFromParcel(Uri.java:1723)
E/ActivityManager(  150): 	at android.content.Intent.readFromParcel(Intent.java:6131)
E/ActivityManager(  150): 	at android.content.Intent.<init>(Intent.java:6126)
E/ActivityManager(  150): 	at android.content.Intent.readFromParcel(Intent.java:6153)
E/ActivityManager(  150): 	at android.content.Intent.<init>(Intent.java:6126)
E/ActivityManager(  150): 	at android.content.Intent$1.createFromParcel(Intent.java:6117)
E/ActivityManager(  150): 	at android.content.Intent$1.createFromParcel(Intent.java:6115)
E/ActivityManager(  150): 	at android.app.ActivityManagerNative.onTransact(ActivityManagerNative.java:298)
E/ActivityManager(  150): 	at com.android.server.am.ActivityManagerService.onTransact(ActivityManagerService.java:1545)
E/ActivityManager(  150): 	at android.os.Binder.execTransact(Binder.java:338)
E/ActivityManager(  150): 	at dalvik.system.NativeStart.run(Native Method)
D/su      ( 1440): 10065 net.szym.barnacle executing 0 /data/data/net.szym.barnacle/files/run using shell /system/bin/sh : sh
D/dalvikvm(  452): GC_CONCURRENT freed 431K, 6% free 10020K/10567K, paused 2ms+2ms
I/BarnacleService( 1411): log: WIFI: driver loaded
D/barnacle( 1461): WIFI: Could not set freq: Invalid argument
D/barnacle( 1461): WIFI: Could not set freq: Invalid argument
I/BarnacleService( 1411): log: Running...
W/myBarnacleApp( 1411): processStarted
D/barnacle( 1461): WIFI: WLEXT assoc
D/ConnectivityService(  150): handleInetConditionHoldEnd: net=0, condition=100, published condition=0
W/Smack/Packet(  452): notify conn break (IOEx), close connection
D/ConnectivityService(  150): handleInetConditionHoldEnd: net=0, condition=0, published condition=100
D/dalvikvm(  217): GC_CONCURRENT freed 385K, 7% free 10102K/10759K, paused 10ms+2ms
I/EventLogService(  452): Aggregate from 1333730018869 (log), 1333730018869 (data)
I/ServiceDumpSys(  452): dumping service [account]
D/dalvikvm(  150): JIT code cache reset in 4 ms (1048548 bytes 1/0)
D/dalvikvm(  150): GC_CONCURRENT freed 1151K, 14% free 13377K/15431K, paused 2ms+12ms
I/GTalkService/c(  452): [AndroidEndpoint@1094333328] connect: acct=1000000, state=CONNECTING
D/ConnectivityService(  150): handleInetConditionHoldEnd: net=0, condition=100, published condition=0
W/Smack/Packet(  452): notify conn break (IOEx), close connection
D/ConnectivityService(  150): handleInetConditionHoldEnd: net=0, condition=0, published condition=100
I/GTalkService/c(  452): [AndroidEndpoint@1094333328] connect: acct=1000000, state=CONNECTING
D/dalvikvm(  452): GC_CONCURRENT freed 443K, 6% free 10016K/10567K, paused 14ms+3ms
W/Smack/Packet(  452): notify conn break (IOEx), close connection
D/ConnectivityService(  150): handleInetConditionHoldEnd: net=0, condition=0, published condition=0
I/GTalkService/c(  452): [AndroidEndpoint@1094333328] connect: acct=1000000, state=CONNECTING
D/ConnectivityService(  150): handleInetConditionHoldEnd: net=0, condition=100, published condition=0
W/Smack/Packet(  452): notify conn break (IOEx), close connection
D/ConnectivityService(  150): handleInetConditionHoldEnd: net=0, condition=0, published condition=100
I/GTalkService/c(  452): [AndroidEndpoint@1094333328] connect: acct=1000000, state=CONNECTING
D/dalvikvm(  452): GC_CONCURRENT freed 438K, 6% free 10003K/10567K, paused 14ms+2ms
D/ConnectivityService(  150): handleInetConditionHoldEnd: net=0, condition=100, published condition=0
W/Smack/Packet(  452): notify conn break (IOEx), close connection
D/ConnectivityService(  150): handleInetConditionHoldEnd: net=0, condition=0, published condition=100
I/GTalkService/c(  452): [AndroidEndpoint@1094333328] connect: acct=1000000, state=CONNECTING
D/ConnectivityService(  150): handleInetConditionHoldEnd: net=0, condition=100, published condition=0
D/dalvikvm(  150): GC_EXPLICIT freed 481K, 14% free 13371K/15431K, paused 2ms+5ms
D/dalvikvm( 1274): GC_CONCURRENT freed 437K, 7% free 10007K/10759K, paused 2ms+3ms
W/NetworkStats(  150): dropping UID delta from unknown iface: iface=wlan0 uid=0 set=DEFAULT tag=0x0 rxBytes=0 rxPackets=0 txBytes=524 txPackets=8 operations=0
D/dalvikvm(  150): GC_CONCURRENT freed 969K, 14% free 13368K/15431K, paused 17ms+5ms
I/ActivityManager(  150): No longer want com.google.android.music:main (pid 920): hidden #16
D/AlarmManagerService(  150): Kernel timezone updated to 240 minutes west of GMT
D/dalvikvm(  452): GC_CONCURRENT freed 409K, 6% free 10024K/10567K, paused 2ms+3ms
V/AlarmClock( 1324): AlarmInitReceiver finished
D/SystemClock(  314): Setting time of day to sec=1333733433
I/EventLogService(  452): Aggregate from 1333731818999 (log), 1333731818999 (data)
I/ServiceDumpSys(  452): dumping service [account]
D/dalvikvm(  217): GC_CONCURRENT freed 389K, 7% free 10101K/10759K, paused 1ms+2ms
D/dalvikvm( 1247): GC_CONCURRENT freed 294K, 5% free 10202K/10631K, paused 2ms+3ms
I/CheckinService(  452): Preparing to send checkin request
I/EventLogService(  452): Accumulating logs since 1333733619098
I/CheckinTask(  452): Sending checkin request (1688 bytes)
E/CheckinTask(  452): SSL error, attempting time correction: javax.net.ssl.SSLException: Connection closed by peer
I/CheckinTask(  452): Server time agrees: delta 1513 msec
E/CheckinTask(  452): Checkin failed: https://android.clients.google.com/checkin (request #0): javax.net.ssl.SSLException: Connection closed by peer
D/dalvikvm(  452): GC_FOR_ALLOC freed 382K, 6% free 10033K/10631K, paused 63ms
I/CheckinService(  452): Preparing to send checkin request
I/EventLogService(  452): Accumulating logs since 1333734009208
I/CheckinTask(  452): Sending checkin request (1688 bytes)
D/dalvikvm(  452): GC_CONCURRENT freed 349K, 6% free 10070K/10631K, paused 2ms+3ms
I/CheckinTask(  452): From server: 199 gservices
I/GservicesProvider(  452): main update completed
I/ActivityManager(  150): Start proc com.google.android.partnersetup for broadcast com.google.android.partnersetup/.GservicesChangedReceiver: pid=1501 uid=10022 gids={3003}
I/ActivityThread( 1501): Pub com.google.android.partnersetup.rlzprovider: com.google.android.partnersetup.RlzProvider
I/ActivityThread( 1501): Pub com.google.android.partnersetup.rlzappprovider: com.google.android.partnersetup.RlzAppProvider
I/ActivityManager(  150): Start proc com.google.android.voicesearch for broadcast com.google.android.voicesearch/.GservicesBroadcastReceiver: pid=1519 uid=10056 gids={3002, 3003, 1015}
D/dalvikvm(  150): GC_CONCURRENT freed 999K, 14% free 13378K/15431K, paused 3ms+8ms
I/SystemUpdateService(  452): cancelUpdate (update URL has changed)
I/ActivityThread( 1519): Pub com.google.android.voicesearch: com.google.android.voicesearch.AudioProvider
I/ActivityManager(  150): START {flg=0x10000000 cmp=com.google.android.gsf/.update.SystemUpdateInstallDialog} from pid 452
D/dalvikvm(  452): GC_CONCURRENT freed 284K, 4% free 10216K/10631K, paused 2ms+3ms
I/PersonalizationPrefManagerImpl( 1519): No google account found
I/ActivityManager(  150): START {flg=0x10000000 cmp=com.google.android.gsf/.update.SystemUpdateDownloadDialog} from pid 452
I/VoiceImeLanguageUpdater( 1519): #internalUpdateLanguages #56
I/SystemUpdateService(  452): starting download of http://android.clients.google.com/packages/ota/google_crespo/hR7QFEtn.zip
V/SystemUpdateService(  452): retry (wakeup: true) in 21599998 ms
I/CheckinTask(  452): Checkin success: https://android.clients.google.com/checkin (1 requests sent)
I/SystemUpdate.Download(  452): Started a new update download: http://android.clients.google.com/packages/ota/google_crespo/hR7QFEtn.zip (id 15; allowMobile=false)
V/SystemUpdateService(  452): onPostExecute: false
I/DownloadManager(  266): Initiating request for download 15
W/DownloadManager(  266): Aborting request for download 15: download was requested to not use the current network type
W/ActivityManager(  150): Activity idle timeout for ActivityRecord{4148cab8 com.google.android.gsf/.update.SystemUpdateInstallDialog}
I/ActivityManager(  150): No longer want com.android.vending (pid 1129): hidden #16
D/dalvikvm(  150): GC_CONCURRENT freed 968K, 14% free 13374K/15431K, paused 2ms+5ms
D/dalvikvm(  452): GC_CONCURRENT freed 534K, 7% free 10087K/10759K, paused 15ms+3ms
D/dalvikvm(  314): GC_CONCURRENT freed 416K, 6% free 9506K/10055K, paused 1ms+3ms
I/EventLogService(  452): Aggregate from 1333734032632 (log), 1333733619098 (data)
I/ServiceDumpSys(  452): dumping service [account]
D/dalvikvm(  150): GC_CONCURRENT freed 937K, 14% free 13401K/15431K, paused 3ms+5ms
D/dalvikvm(  452): GC_EXPLICIT freed 173K, 8% free 10006K/10759K, paused 2ms+4ms
I/ActivityManager(  150): No longer want com.google.android.apps.maps:NetworkLocationService (pid 1274): hidden #16
W/ActivityManager(  150): Scheduling restart of crashed service com.google.android.apps.maps/com.google.android.location.internal.server.NetworkLocationService in 5000ms
I/ActivityManager(  150): Start proc com.google.android.apps.maps:NetworkLocationService for service com.google.android.apps.maps/com.google.android.location.internal.server.NetworkLocationService: pid=1546 uid=10032 gids={3003, 1015}
I/dalvikvm( 1546): Turning on JNI app bug workarounds for target SDK version 13...
D/dalvikvm( 1546): GC_CONCURRENT freed 163K, 3% free 9371K/9607K, paused 2ms+2ms
D/dalvikvm( 1546): GC_CONCURRENT freed 180K, 3% free 9735K/9991K, paused 2ms+2ms
D/dalvikvm( 1546): GC_CONCURRENT freed 166K, 3% free 10131K/10375K, paused 2ms+3ms
D/SoftapController(   75): Softap fwReload - Ok
D/CommandListener(   75): Setting iface cfg
D/CommandListener(   75): Trying to bring down wlan0
D/NetworkManagementService(  150): rsp <213 78:d6:f0:41:0b:49 192.168.5.108 24 [up broadcast running multicast]>
D/NetworkManagementService(  150): flags <[up broadcast running multicast]>
D/CommandListener(   75): broadcast flag ignored
I/BarnacleService( 1411): log: hq. MSG_NETSCHANGE. about to get getWifiState
I/BarnacleService( 1411): log: hq. BarnacleServiceNETSCHANGE: 2 2 proc
E/BarnacleService( 1411): NETSCHANGE: 2 2 proc
I/BarnacleService( 1411): log: hq. wifiState 2 =? WifiManager.WIFI_STATE_DISABLED = 1
I/BarnacleService( 1411): log: hq. Wifi state Enabled! :( the else before STATE_STARTING
E/WifiStateMachine(  150): Unable to change interface settings: java.lang.IllegalStateException: Unable to communicate with native daemon to interface setcfg - com.android.server.NativeDaemonConnectorException: Cmd {interface setcfg wlan0 192.168.5.108 24 [down broadcast running multicast]} failed with code 501 : {Flag unsupported}
I/BarnacleService( 1411): log: Wifi Manager is interfering with Barnacle!
I/BarnacleService( 1411): log: Restarting...
I/System.out( 1546): [INFO:524]: c: Running flush
D/dalvikvm( 1546): GC_CONCURRENT freed 800K, 9% free 9880K/10759K, paused 1ms+3ms
D/dalvikvm( 1546): GC_FOR_ALLOC freed 3K, 9% free 9877K/10759K, paused 15ms
I/dalvikvm-heap( 1546): Grow heap (frag case) to 9.748MB for 32784-byte allocation
D/dalvikvm( 1546): GC_FOR_ALLOC freed <1K, 9% free 9909K/10823K, paused 15ms
I/System.out( 1546): [INFO:586]: c: Sending payload [bytes=288]
E/wpa_supplicant( 1568): ioctl[SIOCSIWMODE]
I/wpa_supplicant( 1568): CTRL-EVENT-STATE-CHANGE id=-1 state=2 BSSID=00:00:00:00:00:00
D/dalvikvm(  150): GC_EXPLICIT freed 703K, 14% free 13377K/15431K, paused 4ms+6ms
E/WifiStateMachine(  150): set suspend optimizations failed!
E/WifiStateMachine(  150): set power mode auto failed!
I/System.out( 1546): [INFO:5586]: c: Running delayed flush
I/System.out( 1546): [INFO:5596]: c: Running flush
W/Netd    (   75): No subsystem found in netlink event
D/NetlinkEvent(   75): Unexpected netlink message. type=0x11
I/BarnacleService( 1411): Process exited with status: 0
I/System  ( 1411): Failed to destroy process 1440
I/System  ( 1411): libcore.io.ErrnoException: kill failed: ESRCH (No such process)
I/System  ( 1411): 	at libcore.io.Posix.kill(Native Method)
I/System  ( 1411): 	at libcore.io.ForwardingOs.kill(ForwardingOs.java:77)
I/System  ( 1411): 	at java.lang.ProcessManager$ProcessImpl.destroy(ProcessManager.java:257)
I/System  ( 1411): 	at net.szym.barnacle.BarnacleService.stopProcess(BarnacleService.java:584)
I/System  ( 1411): 	at net.szym.barnacle.BarnacleService.handle(BarnacleService.java:347)
I/System  ( 1411): 	at net.szym.barnacle.BarnacleService.access$1(BarnacleService.java:211)
I/System  ( 1411): 	at net.szym.barnacle.BarnacleService$2.handleMessage(BarnacleService.java:208)
I/System  ( 1411): 	at android.os.Handler.dispatchMessage(Handler.java:99)
I/System  ( 1411): 	at android.os.Looper.loop(Looper.java:137)
I/System  ( 1411): 	at android.app.ActivityThread.main(ActivityThread.java:4424)
I/System  ( 1411): 	at java.lang.reflect.Method.invokeNative(Native Method)
I/System  ( 1411): 	at java.lang.reflect.Method.invoke(Method.java:511)
I/System  ( 1411): 	at com.android.internal.os.ZygoteInit$MethodAndArgsCaller.run(ZygoteInit.java:784)
I/System  ( 1411): 	at com.android.internal.os.ZygoteInit.main(ZygoteInit.java:551)
I/System  ( 1411): 	at dalvik.system.NativeStart.main(Native Method)
E/WifiStateMachine(  150): Failed to stop supplicant
D/CommandListener(   75): Clearing all IP addresses on wlan0
E/CommandListener(   75): Failed to open /proc/sys/net/ipv6/conf/wlan0/disable_ipv6: No such file or directory
E/WifiStateMachine(  150): Failed to clear addresses or disable ipv6java.lang.IllegalStateException: Unable to communicate to native daemon for disabling ipv6
I/BarnacleService( 1411): log: hq. MSG_NETSCHANGE. about to get getWifiState
I/BarnacleService( 1411): log: hq. BarnacleServiceNETSCHANGE: 0 1 null
E/BarnacleService( 1411): NETSCHANGE: 0 1 null
I/BarnacleService( 1411): log: hq. wifiState 0 =? WifiManager.WIFI_STATE_DISABLED = 1
I/BarnacleService( 1411): log: hq. Wifi state Enabled! :( the else before STATE_STARTING
I/BarnacleService( 1411): log: hq if state == STATE_STARTING, turn off wifi
I/BarnacleService( 1411): log: hq. MSG_NETSCHANGE. about to get getWifiState
I/BarnacleService( 1411): log: hq. BarnacleServiceNETSCHANGE: 0 1 null
E/BarnacleService( 1411): NETSCHANGE: 0 1 null
I/BarnacleService( 1411): log: hq. wifiState 0 =? WifiManager.WIFI_STATE_DISABLED = 1
I/BarnacleService( 1411): log: hq. Wifi state Enabled! :( the else before STATE_STARTING
I/BarnacleService( 1411): log: hq if state == STATE_STARTING, turn off wifi
I/System.out( 1546): [INFO:8204]: c: Response [http=200,length=91]
I/System.out( 1546): [INFO:8218]: c: Read id 1, status code 200
E/WifiStateMachine(  150): Timed out on a supplicant stop, kill and proceed
D/WifiHW  (  150): Received on exit socket, terminate
D/WifiHW  (  150): wifi_ctrl_recv failed: No such file or directory
D/WifiHW  (  150): Connection closed
D/WifiHW  (  150): Unable to unload driver module "bcm4329": No such file or directory
E/WifiStateMachine(  150): Failed to unload driver!
E/WifiStateMachine(  150): DriverFailedState
I/BarnacleService( 1411): log: hq. MSG_NETSCHANGE. about to get getWifiState
I/BarnacleService( 1411): log: hq. BarnacleServiceNETSCHANGE: 4 1 null
E/BarnacleService( 1411): NETSCHANGE: 4 1 null
I/BarnacleService( 1411): log: hq. wifiState 4 =? WifiManager.WIFI_STATE_DISABLED = 1
I/BarnacleService( 1411): log: hq. Wifi state Enabled! :( the else before STATE_STARTING
I/BarnacleService( 1411): log: hq if state == STATE_STARTING, turn off wifi
D/dalvikvm( 1411): GC_CONCURRENT freed 290K, 5% free 9180K/9607K, paused 1ms+2ms
D/dalvikvm(  217): GC_CONCURRENT freed 389K, 7% free 10101K/10759K, paused 2ms+2ms
D/dalvikvm( 1546): GC_CONCURRENT freed 267K, 8% free 10027K/10823K, paused 1ms+2ms
W/NetworkStats(  150): dropping UID delta from unknown iface: iface=wlan0 uid=0 set=DEFAULT tag=0x0 rxBytes=0 rxPackets=0 txBytes=328 txPackets=5 operations=0
I/System.out( 1546): [INFO:912341]: c: Running flush
I/System.out( 1546): [INFO:912342]: c: Sending payload [bytes=470]
I/System.out( 1546): [INFO:917344]: c: Running delayed flush
I/System.out( 1546): [INFO:917402]: c: Running flush
I/System.out( 1546): [INFO:918165]: c: Response [http=200,length=20]
I/System.out( 1546): [INFO:918170]: c: Read id 2, status code 200
D/dalvikvm(  150): GC_CONCURRENT freed 938K, 14% free 13404K/15431K, paused 2ms+5ms
D/AlarmManagerService(  150): Kernel timezone updated to 240 minutes west of GMT
D/dalvikvm(  314): GC_EXPLICIT freed 157K, 6% free 9493K/10055K, paused 2ms+2ms
D/SystemClock(  314): Setting time of day to sec=1333737035
V/AlarmClock( 1324): AlarmInitReceiver finished
I/EventLogService(  452): Aggregate from 1333735419214 (log), 1333735419214 (data)
I/ServiceDumpSys(  452): dumping service [account]
I/ActivityManager(  150): No longer want com.google.android.apps.uploader (pid 955): hidden #16
D/dalvikvm(  150): GC_CONCURRENT freed 1054K, 14% free 13402K/15431K, paused 3ms+5ms
D/dalvikvm(  217): GC_CONCURRENT freed 379K, 7% free 10109K/10759K, paused 2ms+2ms
D/dalvikvm(  150): GC_CONCURRENT freed 977K, 14% free 13404K/15431K, paused 16ms+5ms
I/EventLogService(  452): Aggregate from 1333737219338 (log), 1333737219338 (data)
I/ServiceDumpSys(  452): dumping service [account]
D/dalvikvm(  150): GC_CONCURRENT freed 964K, 14% free 13413K/15431K, paused 2ms+5ms
D/dalvikvm(  217): GC_CONCURRENT freed 393K, 7% free 10101K/10759K, paused 1ms+2ms
D/AlarmManagerService(  150): Kernel timezone updated to 240 minutes west of GMT
D/SystemClock(  314): Setting time of day to sec=1333740637
V/AlarmClock( 1324): AlarmInitReceiver finished
D/dalvikvm(  538): GC_CONCURRENT freed 289K, 5% free 9195K/9607K, paused 1ms+2ms
I/EventLogService(  452): Aggregate from 1333739019483 (log), 1333739019483 (data)
I/ServiceDumpSys(  452): dumping service [account]
D/dalvikvm(  150): GC_CONCURRENT freed 977K, 14% free 13415K/15431K, paused 2ms+6ms
I/CheckinService(  452): Preparing to send checkin request
I/EventLogService(  452): Accumulating logs since 1333740819591
D/dalvikvm(  452): GC_CONCURRENT freed 352K, 7% free 10045K/10759K, paused 2ms+4ms
I/CheckinTask(  452): Sending checkin request (1732 bytes)
D/dalvikvm(  452): GC_CONCURRENT freed 358K, 7% free 10078K/10759K, paused 2ms+3ms
I/CheckinTask(  452): Checkin success: https://android.clients.google.com/checkin (1 requests sent)
D/dalvikvm(  150): GC_CONCURRENT freed 997K, 14% free 13402K/15431K, paused 2ms+5ms
D/dalvikvm( 1546): GC_CONCURRENT freed 368K, 8% free 10043K/10823K, paused 13ms+2ms
I/EventLogService(  452): Aggregate from 1333741250250 (log), 1333740819591 (data)
I/ServiceDumpSys(  452): dumping service [account]
D/dalvikvm( 1247): GC_CONCURRENT freed 429K, 6% free 10209K/10759K, paused 2ms+2ms
D/dalvikvm(  217): GC_CONCURRENT freed 380K, 7% free 10108K/10759K, paused 13ms+2ms
D/dalvikvm(  150): GC_CONCURRENT freed 1000K, 14% free 13394K/15431K, paused 17ms+5ms
D/AlarmManagerService(  150): Kernel timezone updated to 240 minutes west of GMT
D/dalvikvm(  314): GC_CONCURRENT freed 421K, 6% free 9500K/10055K, paused 1ms+6ms
D/dalvikvm(  150): GC_CONCURRENT freed 993K, 14% free 13406K/15431K, paused 6ms+6ms
V/AlarmClock( 1324): AlarmInitReceiver finished
D/SystemClock(  314): Setting time of day to sec=1333744238
I/EventLogService(  452): Aggregate from 1333742619701 (log), 1333742619701 (data)
I/ServiceDumpSys(  452): dumping service [account]
D/dalvikvm(  150): GC_CONCURRENT freed 981K, 14% free 13396K/15431K, paused 16ms+4ms
D/dalvikvm(  217): GC_CONCURRENT freed 384K, 7% free 10110K/10759K, paused 1ms+2ms
D/dalvikvm(  150): GC_EXPLICIT freed 260K, 14% free 13336K/15431K, paused 19ms+4ms
I/EventLogService(  452): Aggregate from 1333744419797 (log), 1333744419797 (data)
I/ServiceDumpSys(  452): dumping service [account]
D/dalvikvm(  150): GC_CONCURRENT freed 916K, 14% free 13393K/15431K, paused 17ms+5ms
I/GPS     (  150): gps_engine_status_update: called acquire_wakelock_cb
D/dalvikvm(  217): GC_FOR_ALLOC freed 215K, 6% free 10140K/10759K, paused 15ms
I/dalvikvm-heap(  217): Grow heap (frag case) to 10.147MB for 186256-byte allocation
D/dalvikvm(  217): GC_FOR_ALLOC freed 19K, 6% free 10302K/10951K, paused 15ms
D/dalvikvm(  217): GC_FOR_ALLOC freed 181K, 8% free 10120K/10951K, paused 14ms
D/dalvikvm(  217): GC_FOR_ALLOC freed 167K, 8% free 10120K/10951K, paused 14ms
D/dalvikvm(  217): GC_FOR_ALLOC freed 152K, 8% free 10120K/10951K, paused 14ms
D/dalvikvm(  217): GC_FOR_ALLOC freed 234K, 8% free 10120K/10951K, paused 15ms
D/dalvikvm(  217): GC_FOR_ALLOC freed 210K, 8% free 10120K/10951K, paused 16ms
D/dalvikvm( 1546): GC_CONCURRENT freed 376K, 8% free 10053K/10823K, paused 24ms+2ms
D/dalvikvm(  150): GC_CONCURRENT freed 881K, 13% free 13486K/15431K, paused 26ms+6ms
D/dalvikvm(  217): GC_FOR_ALLOC freed 278K, 8% free 10120K/10951K, paused 14ms
D/dalvikvm(  217): GC_FOR_ALLOC freed 178K, 8% free 10118K/10951K, paused 14ms
D/dalvikvm(  217): GC_FOR_ALLOC freed 159K, 8% free 10118K/10951K, paused 14ms
D/dalvikvm(  217): GC_FOR_ALLOC freed 138K, 8% free 10118K/10951K, paused 14ms
D/dalvikvm(  217): GC_FOR_ALLOC freed 201K, 8% free 10118K/10951K, paused 14ms
I/GPS     (  150): gps_engine_status_update: called release_wakelock_cb
D/dalvikvm(  150): GC_CONCURRENT freed 1041K, 13% free 13437K/15431K, paused 2ms+6ms
D/AlarmManagerService(  150): Kernel timezone updated to 240 minutes west of GMT
D/SystemClock(  314): Setting time of day to sec=1333747840
D/dalvikvm(  217): GC_CONCURRENT freed 411K, 8% free 10098K/10951K, paused 1ms+7ms
D/dalvikvm(  452): GC_CONCURRENT freed 409K, 7% free 10056K/10759K, paused 2ms+4ms
V/AlarmClock( 1324): AlarmInitReceiver finished
I/EventLogService(  452): Aggregate from 1333746219894 (log), 1333746219894 (data)
I/ServiceDumpSys(  452): dumping service [account]
I/CheckinService(  452): Preparing to send checkin request
I/EventLogService(  452): Accumulating logs since 1333748019988
I/CheckinTask(  452): Sending checkin request (1647 bytes)
D/dalvikvm(  452): GC_CONCURRENT freed 374K, 7% free 10069K/10759K, paused 14ms+3ms
D/dalvikvm(  150): GC_CONCURRENT freed 1008K, 14% free 13416K/15431K, paused 2ms+5ms
I/CheckinTask(  452): Checkin success: https://android.clients.google.com/checkin (1 requests sent)
D/dalvikvm(  314): GC_CONCURRENT freed 425K, 6% free 9494K/10055K, paused 2ms+2ms
D/dalvikvm(  150): GC_CONCURRENT freed 987K, 14% free 13406K/15431K, paused 3ms+5ms
I/EventLogService(  452): Aggregate from 1333748455388 (log), 1333748019988 (data)
I/ServiceDumpSys(  452): dumping service [account]
D/dalvikvm(  217): GC_CONCURRENT freed 381K, 8% free 10102K/10951K, paused 2ms+2ms
D/dalvikvm(  150): GC_CONCURRENT freed 982K, 14% free 13406K/15431K, paused 16ms+5ms
D/AlarmManagerService(  150): Kernel timezone updated to 240 minutes west of GMT
D/SystemClock(  314): Setting time of day to sec=1333751442
V/AlarmClock( 1324): AlarmInitReceiver finished
I/EventLogService(  452): Aggregate from 1333749820085 (log), 1333749820085 (data)
I/ServiceDumpSys(  452): dumping service [account]
D/dalvikvm(  150): GC_CONCURRENT freed 970K, 14% free 13407K/15431K, paused 2ms+4ms
D/dalvikvm( 1546): GC_CONCURRENT freed 406K, 8% free 10055K/10823K, paused 1ms+2ms
D/dalvikvm( 1247): GC_CONCURRENT freed 435K, 6% free 10209K/10759K, paused 2ms+2ms
I/power   (  150): *** set_screen_state 1
D/PicasaSyncManager(  975): battery info: false
D/dalvikvm(  217): GC_CONCURRENT freed 397K, 8% free 10111K/10951K, paused 4ms+3ms
I/WindowManager(  150): Lock screen displayed!
D/SurfaceFlinger(   78): Screen about to return, flinger = 0x15e5918
I/power   (  150): *** set_screen_state 0
D/SurfaceFlinger(   78): About to give-up screen, flinger = 0x15e5918
D/dalvikvm(  150): GC_CONCURRENT freed 936K, 13% free 13556K/15431K, paused 3ms+5ms
V/TransportControlView(  150): Create TCV com.android.internal.widget.TransportControlView@4131da08
I/power   (  150): *** set_screen_state 1
I/WindowManager(  150): Lock screen displayed!
D/dalvikvm(  150): GC_EXPLICIT freed 699K, 15% free 13268K/15431K, paused 3ms+4ms
D/SurfaceFlinger(   78): Screen about to return, flinger = 0x15e5918
I/ActivityManager(  150): START {act=android.media.action.STILL_IMAGE_CAMERA flg=0x10000000 cmp=com.google.android.camera/com.android.camera.Camera} from pid 150
D/PhoneStatusBar(  217): disable: < expand icons alerts ticker system_info BACK HOME recent* CLOCK >
I/ActivityManager(  150): Start proc com.google.android.camera for activity com.google.android.camera/com.android.camera.Camera: pid=1660 uid=10008 gids={1006, 1015}
D/AudioHardware(   81): AudioHardware pcm playback is exiting standby.
D/AudioHardware(   81): openPcmOut_l() mPcmOpenCnt: 0
W/InputManagerService(  150): Window already focused, ignoring focus gain of: com.android.internal.view.IInputMethodClient$Stub$Proxy@416678e0
D/PhoneStatusBar(  217): disable: < expand icons alerts ticker system_info back* home* recent clock* >
D/NfcService(  327): NFC-C ON
D/OpenGLRenderer(  341): Flushing caches (mode 1)
V/CameraHolder( 1660): open camera 0
I/CameraService(   81): Opening camera 0
I/CameraHardwareSec(   81): int android::HAL_camera_device_open(const hw_module_t*, const char*, hw_device_t**): open camera 0
E/SecCamera(   81): initCamera: m_cam_fd(35), m_jpeg_fd(0)
I/SecCamera(   81): Name of input channel[0] is S5K4ECGX
E/SecCamera(   81): initCamera: m_cam_fd2(36)
I/SecCamera(   81): Name of input channel[0] is S5K4ECGX
I/SecCamera(   81): initCamera : initialized
I/SecCamera(   81): Name of input channel[0] is S5K4ECGX
I/CameraHardwareSec(   81): int android::HAL_camera_device_open(const hw_module_t*, const char*, hw_device_t**): opened camera 0 (0x16d2b98)
I/CameraHardwareSec(   81): int android::CameraHardwareSec::previewThreadWrapper(): starting
I/CameraHardwareSec(   81): int android::CameraHardwareSec::previewThreadWrapper(): calling mSecCamera->stopPreview() and waiting
W/SecCamera(   81): int android::SecCamera::stopPreview(): doing nothing because m_flag_camera_start is zero
I/AwesomePlayer(   81): setDataSource_l('/system/media/audio/ui/camera_click.ogg')
I/AwesomePlayer(   81): setDataSource_l('/system/media/audio/ui/VideoRecord.ogg')
D/dalvikvm( 1660): GC_FOR_ALLOC freed 173K, 3% free 9292K/9543K, paused 45ms
D/dalvikvm( 1660): GC_FOR_ALLOC freed 20K, 3% free 9679K/9927K, paused 22ms
D/OpenGLRenderer(  341): Flushing caches (mode 0)
D/Camera  ( 1660): app passed NULL surface
V/camera  ( 1660): Preview size is 640x480
D/dalvikvm( 1660): GC_CONCURRENT freed 48K, 2% free 10148K/10311K, paused 2ms+3ms
V/camera  ( 1660): startPreview
E/CameraHardwareSec(   81): preview window is NULL!
I/CameraHardwareSec(   81): virtual android::status_t android::CameraHardwareSec::startPreview() : deferring
D/libEGL  ( 1660): loaded /system/lib/egl/libGLES_android.so
D/libEGL  ( 1660): loaded /vendor/lib/egl/libEGL_POWERVR_SGX540_120.so
D/libEGL  ( 1660): loaded /vendor/lib/egl/libGLESv1_CM_POWERVR_SGX540_120.so
D/libEGL  ( 1660): loaded /vendor/lib/egl/libGLESv2_POWERVR_SGX540_120.so
D/OpenGLRenderer( 1660): Enabling debug mode 0
V/camera  ( 1660): surfaceChanged. w=480. h=640
D/CameraHardwareSec(   81): mPreviewHeap(fd(35), size(460800), width(640), height(480))
I/CameraHardwareSec(   81): int android::CameraHardwareSec::previewThreadWrapper(): return from wait
I/ActivityManager(  150): Displayed com.google.android.camera/com.android.camera.Camera: +1s759ms (total +5h5m14s960ms)
D/CameraStorage( 1660): External storage state=mounted
I/ActivityManager(  150): START {act=android.intent.action.MAIN cat=[android.intent.category.HOME] flg=0x10200000 cmp=com.android.launcher/com.android.launcher2.Launcher} from pid 150
I/Thumbnail( 1660): Fail to load bitmap. java.io.FileNotFoundException: /data/data/com.google.android.camera/files/last_thumb: open failed: ENOENT (No such file or directory)
W/ActivityManager(  150): Activity pause timeout for ActivityRecord{4131ef70 com.google.android.camera/com.android.camera.Camera}
V/camera  ( 1660): stopPreview
D/AudioHardware(   81): AudioHardware pcm playback is going to standby.
D/AudioHardware(   81): closePcmOut_l() mPcmOpenCnt: 1
I/CameraHardwareSec(   81): int android::CameraHardwareSec::previewThreadWrapper(): calling mSecCamera->stopPreview() and waiting
I/CameraHardwareSec(   81): void android::CameraHardwareSec::stopPreviewInternal() : preview not running, doing nothing
I/CameraHardwareSec(   81): void android::CameraHardwareSec::stopPreviewInternal() : preview not running, doing nothing
I/CameraHardwareSec(   81): int android::CameraHardwareSec::previewThreadWrapper(): return from wait
I/CameraHardwareSec(   81): int android::CameraHardwareSec::previewThreadWrapper(): exiting
W/SecCamera(   81): int android::SecCamera::stopPreview(): doing nothing because m_flag_camera_start is zero
W/SecCamera(   81): int android::SecCamera::stopRecord(): doing nothing because m_flag_record_start is zero
I/SecCamera(   81): DeinitCamera: m_cam_fd(35)
I/SecCamera(   81): DeinitCamera: m_cam_fd2(36)
E/CameraHardwareSec(   81): preview window is NULL!
I/CameraService(   81): Destroying camera 0
I/CameraHardwareSec(   81): int android::HAL_camera_device_close(hw_device_t*)
I/SecCamera(   81): DeinitCamera : already deinitialized
W/AudioFlinger(   81): session id 54 not found for pid 81
W/AudioFlinger(   81): session id 55 not found for pid 81
D/OpenGLRenderer( 1660): Flushing caches (mode 1)
I/AudioService(  150):  AudioFocus  abandonAudioFocus() from android.media.AudioManager@415494d8
D/dalvikvm(  314): GC_CONCURRENT freed 473K, 6% free 9494K/10055K, paused 2ms+3ms
I/ActivityManager(  150): START {cmp=net.szym.barnacle/.StatusActivity bnds=[0,119][480,215]} from pid -1
W/ActivityManager(  150): startActivity called from non-Activity context; forcing Intent.FLAG_ACTIVITY_NEW_TASK for: Intent { cmp=net.szym.barnacle/.StatusActivity bnds=[0,119][480,215] }
D/AudioHardware(   81): AudioHardware pcm playback is exiting standby.
D/AudioHardware(   81): openPcmOut_l() mPcmOpenCnt: 0
W/KeyguardViewMediator(  150): verifyUnlock called when not externally disabled
D/OpenGLRenderer(  341): Flushing caches (mode 1)
D/OpenGLRenderer(  341): Flushing caches (mode 0)
V/PhoneStatusBar(  217): setLightsOn(true)
I/ActivityManager(  150): Displayed net.szym.barnacle/.StatusActivity: +520ms
I/BarnacleService( 1411): log: Stopped
W/myBarnacleApp( 1411): processStopped
D/dalvikvm(  217): GC_FOR_ALLOC freed 435K, 10% free 9898K/10951K, paused 36ms
W/myBarnacleApp( 1411): processStopped
D/dalvikvm(  217): GC_CONCURRENT freed 297K, 9% free 10002K/10951K, paused 2ms+5ms
I/ActivityManager(  150): START {act=android.intent.action.MAIN cat=[android.intent.category.HOME] flg=0x10200000 cmp=com.android.launcher/com.android.launcher2.Launcher} from pid 150
D/AudioHardware(   81): AudioHardware pcm playback is going to standby.
D/AudioHardware(   81): closePcmOut_l() mPcmOpenCnt: 1
D/dalvikvm(  150): GC_CONCURRENT freed 844K, 13% free 13487K/15431K, paused 12ms+10ms
W/InputManagerService(  150): Starting input on non-focused client com.android.internal.view.IInputMethodClient$Stub$Proxy@4174dd10 (uid=10065 pid=1411)
D/PhoneStatusBar(  217): disable: < EXPAND* icons alerts ticker system_info back home recent clock >
D/AudioHardware(   81): AudioHardware pcm playback is exiting standby.
D/AudioHardware(   81): openPcmOut_l() mPcmOpenCnt: 0
D/BluetoothAdapterStateMachine(  150): HotOff process message: 55
I/NfcService(  327): Disabling NFC
D/NdefPushServer(  327): stop, thread = Thread[Thread-36,5,main]
D/NdefPushServer(  327): shuting down server thread
W/InputManagerService(  150): Window already focused, ignoring focus gain of: com.android.internal.view.IInputMethodClient$Stub$Proxy@413221a8
D/PhoneStatusBar(  217): disable: < expand* icons alerts ticker system_info back home recent clock >
E/BluetoothService.cpp(  150): setBluetoothTetheringNative false
D/BluetoothEventLoop(  150): Property Changed: UUIDs : 9
D/BluetoothEventLoop(  150): Property Changed: UUIDs : 8
D/BluetoothEventLoop(  150): Property Changed: UUIDs : 7
D/BluetoothEventLoop(  150): Property Changed: UUIDs : 6
D/BluetoothEventLoop(  150): Property Changed: UUIDs : 5
I/bluedroid(  150): Stopping bluetoothd deamon
D/NFC JNI (  327): Terminating client thread...
D/NFC JNI (  327): phLibNfc_Mgt_UnConfigureDriver() returned 0x0000[NFCSTATUS_SUCCESS]
I/bluedroid(  150): Stopping hciattach deamon
D/BluetoothAdapterStateMachine(  150): Bluetooth state 10 -> 10
D/AudioHardware(   81): AudioHardware pcm playback is going to standby.
D/AudioHardware(   81): closePcmOut_l() mPcmOpenCnt: 1
D/ConnectivityService(  150): ConnectivityChange for mobile: DISCONNECTED/DISCONNECTED
D/ConnectivityService(  150): Attempting to switch to WIFI
D/ConnectivityService(  150): Attempting to switch to BLUETOOTH_TETHER
D/NetUtils(  150): android_net_utils_resetConnections in env=0x16668c0 clazz=0x31800001 iface=rmnet0 mask=0x3
D/ConnectivityService(  150): resetConnections(rmnet0, 3)
W/Smack/Packet(  452): notify conn break (IOEx), close connection
I/qtaguid (  452): Failed write_ctrl(u 67) res=-1 errno=22
I/qtaguid (  452): Untagging socket 67 failed errno=-22
W/NetworkManagementSocketTagger(  452): untagSocket(67) failed with errno -22
D/ConnectivityService(  150): handleInetConditionChange: no active default network - ignore
D/Tethering(  150): MasterInitialState.processMessage what=3
I/ActivityManager(  150): Start proc com.google.android.apps.uploader for broadcast com.google.android.apps.uploader/.ConnectivityBroadcastReceiver: pid=1704 uid=10034 gids={3003}
I/dalvikvm( 1704): Turning on JNI app bug workarounds for target SDK version 11...
I/ActivityThread( 1704): Pub com.google.android.apps.uploader: com.google.android.apps.uploader.UploadsContentProvider
I/ActivityThread( 1704): Pub com.google.photos.provider.Album: com.google.android.apps.uploader.clients.picasa.AlbumProvider
D/MediaUploader( 1704): UploaderApplication.onCreate
D/MediaUploader( 1704): nonWifiLimit=20971520, default=20971520
I/MediaUploader( 1704): No need to wake up
I/ActivityManager(  150): No longer want com.google.android.partnersetup (pid 1501): hidden #16
D/PicasaSyncManager(  975): active network: null
D/PicasaSyncManager(  975): background data: true
D/dalvikvm(  452): GC_CONCURRENT freed 470K, 7% free 10025K/10759K, paused 2ms+7ms
D/NetworkLocator(  452): null cell state delivered
D/NetworkLocator(  452): null cell state delivered
I/power   (  150): *** set_screen_state 0
D/SurfaceFlinger(   78): About to give-up screen, flinger = 0x15e5918
D/dalvikvm(  150): GC_CONCURRENT freed 1301K, 15% free 13236K/15431K, paused 2ms+5ms
V/TransportControlView(  150): Create TCV com.android.internal.widget.TransportControlView@4131da08
D/PhoneStatusBar(  217): disable: < expand icons alerts ticker system_info back home RECENT* clock >
D/AudioHardware(   81): AudioHardware pcm playback is exiting standby.
D/AudioHardware(   81): openPcmOut_l() mPcmOpenCnt: 0
D/PhoneStatusBar(  217): disable: < expand icons alerts ticker system_info BACK* HOME* RECENT CLOCK* >
D/AudioHardware(   81): AudioHardware pcm playback is going to standby.
D/AudioHardware(   81): closePcmOut_l() mPcmOpenCnt: 1
I/power   (  150): *** set_screen_state 1
I/WindowManager(  150): Lock screen displayed!
D/SurfaceFlinger(   78): Screen about to return, flinger = 0x15e5918
I/power   (  150): *** set_screen_state 0
D/SurfaceFlinger(   78): About to give-up screen, flinger = 0x15e5918
V/TransportControlView(  150): Create TCV com.android.internal.widget.TransportControlView@4131f510
D/dalvikvm(  150): GC_CONCURRENT freed 559K, 12% free 13688K/15431K, paused 3ms+7ms
I/EventLogService(  452): Aggregate from 1333751620199 (log), 1333751620199 (data)
I/ServiceDumpSys(  452): dumping service [account]
I/EventLogService(  452): Aggregate from 1333753420317 (log), 1333753420317 (data)
I/ServiceDumpSys(  452): dumping service [account]
I/SystemUpdateService(  452): download in progress: [id: 15 compl: false succ: false bytes: 0 reason: 0 fn: null]
I/SystemUpdateService(  452): download took too long; will cancel and retry
V/SystemUpdateService(  452): retry (wakeup: true) in 89913 ms
V/SystemUpdateService(  452): onPostExecute: false
I/SystemUpdateService(  452): starting download of http://android.clients.google.com/packages/ota/google_crespo/hR7QFEtn.zip
V/SystemUpdateService(  452): retry (wakeup: true) in 21599997 ms
I/SystemUpdate.Download(  452): Started a new update download: http://android.clients.google.com/packages/ota/google_crespo/hR7QFEtn.zip (id 16; allowMobile=false)
V/SystemUpdateService(  452): onPostExecute: false
I/DownloadManager(  266): Initiating request for download 16
W/DownloadManager(  266): Aborting request for download 16: no network connection available
I/EventLogService(  452): Aggregate from 1333755220470 (log), 1333755220470 (data)
I/ServiceDumpSys(  452): dumping service [account]
D/dalvikvm(  452): GC_CONCURRENT freed 458K, 8% free 9970K/10759K, paused 3ms+3ms
D/dalvikvm(  452): GC_EXPLICIT freed 50K, 8% free 9949K/10759K, paused 3ms+3ms
D/dalvikvm(  150): GC_CONCURRENT freed 1018K, 12% free 13713K/15431K, paused 2ms+5ms
I/EventLogService(  452): Aggregate from 1333757020592 (log), 1333757020592 (data)
I/ServiceDumpSys(  452): dumping service [account]
I/EventLogService(  452): Aggregate from 1333758820735 (log), 1333758820735 (data)
I/ServiceDumpSys(  452): dumping service [account]
D/dalvikvm(  217): GC_CONCURRENT freed 502K, 10% free 9885K/10951K, paused 2ms+4ms
I/EventLogService(  452): Aggregate from 1333760620839 (log), 1333760620839 (data)
I/ServiceDumpSys(  452): dumping service [account]
D/dalvikvm(  150): GC_CONCURRENT freed 1069K, 12% free 13720K/15431K, paused 2ms+8ms
I/EventLogService(  452): Aggregate from 1333762420938 (log), 1333762420938 (data)
I/ServiceDumpSys(  452): dumping service [account]
E/GPS     (  150): [assist_gps_request_set_id][line = 1197] : Failed with INVALID SET-ID TYPE
I/GPS     (  150): gps_engine_status_update: called acquire_wakelock_cb
E/GpsLocationProvider(  150): Error getting cell location info.
D/dalvikvm(  217): GC_CONCURRENT freed 257K, 8% free 10087K/10951K, paused 3ms+4ms
D/dalvikvm(  217): GC_FOR_ALLOC freed 332K, 10% free 9899K/10951K, paused 15ms
D/dalvikvm(  217): GC_CONCURRENT freed 366K, 10% free 9952K/10951K, paused 3ms+2ms
E/GpsLocationProvider(  150): Error getting cell location info.
E/GpsLocationProvider(  150): Error getting cell location info.
D/dalvikvm(  150): GC_CONCURRENT freed 936K, 11% free 13836K/15431K, paused 19ms+6ms
D/dalvikvm(  217): GC_FOR_ALLOC freed 259K, 10% free 9899K/10951K, paused 17ms
D/dalvikvm(  217): GC_FOR_ALLOC freed 337K, 10% free 9897K/10951K, paused 17ms
D/dalvikvm(  217): GC_FOR_ALLOC freed 373K, 10% free 9897K/10951K, paused 17ms
I/GPS     (  150): gps_engine_status_update: called release_wakelock_cb
I/EventLogService(  452): Aggregate from 1333764221048 (log), 1333764221048 (data)
I/ServiceDumpSys(  452): dumping service [account]
D/dalvikvm(  150): GC_EXPLICIT freed 962K, 11% free 13759K/15431K, paused 2ms+6ms
I/EventLogService(  452): Aggregate from 1333766021162 (log), 1333766021162 (data)
D/dalvikvm(  452): GC_CONCURRENT freed 375K, 8% free 9969K/10759K, paused 3ms+5ms
I/ServiceDumpSys(  452): dumping service [account]
I/EventLogService(  452): Aggregate from 1333767821361 (log), 1333767821361 (data)
I/ServiceDumpSys(  452): dumping service [account]
I/ActivityManager(  150): Start proc com.android.vending for broadcast com.android.vending/.MarketWidgetProvider: pid=1745 uid=10043 gids={3003, 1015}
I/ActivityThread( 1745): Pub com.google.android.finsky.RecentSuggestionsProvider: com.google.android.finsky.providers.RecentSuggestionsProvider
D/dalvikvm( 1745): GC_CONCURRENT freed 245K, 4% free 9288K/9607K, paused 2ms+2ms
D/Finsky  ( 1745): [1] SanityChecker.run: # LocalAssets corrected : 0
D/Finsky  ( 1745): Sanity check took : 21 ms
D/AlarmManagerService(  150): Kernel timezone updated to 240 minutes west of GMT
I/ActivityManager(  150): Start proc com.google.android.inputmethod.latin.dictionarypack for broadcast com.google.android.inputmethod.latin.dictionarypack/.UpdateHandler: pid=1773 uid=10027 gids={3003, 1015}
I/ActivityThread( 1773): Pub com.android.inputmethod.latin.dictionarypack: com.google.android.inputmethod.latin.dictionarypack.DictionaryProvider
D/Finsky  ( 1745): [178] DownloadRecords.initializeAndPrune: Pruned 0 old downloads from the cursor.
I/EventLogService(  452): Aggregate from 1333769621548 (log), 1333769621548 (data)
I/ServiceDumpSys(  452): dumping service [account]
D/dalvikvm(  217): GC_CONCURRENT freed 408K, 10% free 9877K/10951K, paused 2ms+2ms
I/EventLogService(  452): Aggregate from 1333771421785 (log), 1333771421785 (data)
D/dalvikvm(  150): GC_CONCURRENT freed 1078K, 11% free 13745K/15431K, paused 2ms+5ms
I/ServiceDumpSys(  452): dumping service [account]
I/EventLogService(  452): Aggregate from 1333773221919 (log), 1333773221919 (data)
I/dalvikvm(  452): Jit: resizing JitTable from 4096 to 8192
I/ServiceDumpSys(  452): dumping service [account]
I/EventLogService(  452): Aggregate from 1333775022096 (log), 1333775022096 (data)
I/ServiceDumpSys(  452): dumping service [account]
D/dalvikvm(  452): GC_CONCURRENT freed 372K, 7% free 10007K/10759K, paused 2ms+5ms
I/SystemUpdateService(  452): download in progress: [id: 16 compl: false succ: false bytes: 0 reason: 0 fn: null]
I/SystemUpdateService(  452): download took too long; will cancel and retry
V/SystemUpdateService(  452): retry (wakeup: true) in 149887 ms
V/SystemUpdateService(  452): onPostExecute: false
D/dalvikvm(  266): GC_CONCURRENT freed 357K, 5% free 9311K/9799K, paused 313ms+2ms
I/SystemUpdateService(  452): starting download of http://android.clients.google.com/packages/ota/google_crespo/hR7QFEtn.zip
V/SystemUpdateService(  452): retry (wakeup: true) in 21599998 ms
I/SystemUpdate.Download(  452): Started a new update download: http://android.clients.google.com/packages/ota/google_crespo/hR7QFEtn.zip (id 17; allowMobile=false)
V/SystemUpdateService(  452): onPostExecute: false
I/DownloadManager(  266): Initiating request for download 17
W/DownloadManager(  266): Aborting request for download 17: no network connection available
I/EventLogService(  452): Aggregate from 1333776822232 (log), 1333776822232 (data)
D/dalvikvm(  150): GC_CONCURRENT freed 1061K, 11% free 13743K/15431K, paused 3ms+4ms
I/ServiceDumpSys(  452): dumping service [account]
I/EventLogService(  452): Aggregate from 1333778622345 (log), 1333778622345 (data)
I/ServiceDumpSys(  452): dumping service [account]
I/EventLogService(  452): Aggregate from 1333780422536 (log), 1333780422536 (data)
D/dalvikvm(  452): GC_FOR_ALLOC freed 407K, 8% free 9967K/10759K, paused 21ms
I/ServiceDumpSys(  452): dumping service [account]
D/dalvikvm(  217): GC_CONCURRENT freed 308K, 10% free 9961K/10951K, paused 1ms+5ms
D/dalvikvm( 1546): GC_CONCURRENT freed 386K, 8% free 10053K/10823K, paused 34ms+2ms
E/GPS     (  150): [assist_gps_request_set_id][line = 1197] : Failed with INVALID SET-ID TYPE
I/GPS     (  150): gps_engine_status_update: called acquire_wakelock_cb
E/GpsLocationProvider(  150): Error getting cell location info.
D/dalvikvm(  217): GC_CONCURRENT freed 320K, 8% free 10090K/10951K, paused 2ms+3ms
D/dalvikvm(  217): GC_FOR_ALLOC freed 342K, 10% free 9899K/10951K, paused 15ms
D/dalvikvm(  217): GC_FOR_ALLOC freed 339K, 10% free 9899K/10951K, paused 17ms
I/ActivityManager(  150): No longer want com.google.android.voicesearch (pid 1519): hidden #16
D/dalvikvm(  150): GC_CONCURRENT freed 1179K, 12% free 13624K/15431K, paused 19ms+5ms
E/GpsLocationProvider(  150): Error getting cell location info.
D/dalvikvm(  217): GC_CONCURRENT freed 205K, 8% free 10081K/10951K, paused 10ms+2ms
E/GpsLocationProvider(  150): Error getting cell location info.
D/dalvikvm(  150): GC_CONCURRENT freed 927K, 12% free 13733K/15431K, paused 2ms+7ms
D/dalvikvm(  217): GC_FOR_ALLOC freed 393K, 10% free 9907K/10951K, paused 17ms
D/dalvikvm(  217): GC_FOR_ALLOC freed 320K, 10% free 9897K/10951K, paused 16ms
D/dalvikvm(  217): GC_FOR_ALLOC freed 320K, 10% free 9897K/10951K, paused 17ms
I/GPS     (  150): gps_engine_status_update: called release_wakelock_cb
I/EventLogService(  452): Aggregate from 1333782222662 (log), 1333782222662 (data)
I/ServiceDumpSys(  452): dumping service [account]
I/EventLogService(  452): Aggregate from 1333784022803 (log), 1333784022803 (data)
I/ServiceDumpSys(  452): dumping service [account]
I/EventLogService(  452): Aggregate from 1333785822938 (log), 1333785822938 (data)
I/ServiceDumpSys(  452): dumping service [account]
D/dalvikvm(  217): GC_CONCURRENT freed 373K, 10% free 9918K/10951K, paused 1ms+10ms
D/dalvikvm(  150): GC_CONCURRENT freed 1232K, 12% free 13622K/15431K, paused 3ms+6ms
I/EventLogService(  452): Aggregate from 1333787623075 (log), 1333787623075 (data)
I/ServiceDumpSys(  452): dumping service [account]
I/EventLogService(  452): Aggregate from 1333789423196 (log), 1333789423196 (data)
I/ServiceDumpSys(  452): dumping service [account]
D/dalvikvm(  452): GC_CONCURRENT freed 397K, 8% free 9968K/10759K, paused 2ms+3ms
I/DownloadManager(  266): Initiating request for download 18
W/DownloadManager(  266): Aborting request for download 18: no network connection available
I/EventLogService(  452): Aggregate from 1333791223310 (log), 1333791223310 (data)
I/ServiceDumpSys(  452): dumping service [account]
D/dalvikvm(  150): GC_CONCURRENT freed 1063K, 12% free 13611K/15431K, paused 2ms+8ms
I/EventLogService(  452): Aggregate from 1333793023469 (log), 1333793023469 (data)
I/ServiceDumpSys(  452): dumping service [account]
I/EventLogService(  452): Aggregate from 1333794823973 (log), 1333794823973 (data)
I/ServiceDumpSys(  452): dumping service [account]
D/dalvikvm(  314): GC_CONCURRENT freed 426K, 6% free 9492K/10055K, paused 2ms+2ms
I/EventLogService(  452): Aggregate from 1333796624071 (log), 1333796624071 (data)
