I/ServiceDumpSys(  452): dumping service [account]
I/SystemUpdateService(  452): download in progress: [id: 17 compl: false succ: false bytes: 0 reason: 0 fn: null]
I/SystemUpdateService(  452): download took too long; will cancel and retry
D/dalvikvm(  452): GC_CONCURRENT freed 371K, 7% free 10007K/10759K, paused 2ms+3ms
V/SystemUpdateService(  452): retry (wakeup: true) in 209911 ms
V/SystemUpdateService(  452): onPostExecute: false
D/dalvikvm(  150): GC_EXPLICIT freed 801K, 12% free 13602K/15431K, paused 3ms+6ms
D/dalvikvm(  266): GC_EXPLICIT freed 291K, 6% free 9252K/9799K, paused 2ms+4ms
I/SystemUpdateService(  452): starting download of http://android.clients.google.com/packages/ota/google_crespo/hR7QFEtn.zip
V/SystemUpdateService(  452): retry (wakeup: true) in 21599994 ms
I/SystemUpdate.Download(  452): Started a new update download: http://android.clients.google.com/packages/ota/google_crespo/hR7QFEtn.zip (id 19; allowMobile=false)
V/SystemUpdateService(  452): onPostExecute: false
D/dalvikvm(  217): GC_CONCURRENT freed 344K, 10% free 9966K/10951K, paused 1ms+4ms
I/DownloadManager(  266): Initiating request for download 19
W/DownloadManager(  266): Aborting request for download 19: no network connection available
I/EventLogService(  452): Aggregate from 1333798424184 (log), 1333798424184 (data)
I/ServiceDumpSys(  452): dumping service [account]
E/GPS     (  150): [assist_gps_request_set_id][line = 1197] : Failed with INVALID SET-ID TYPE
I/GPS     (  150): gps_engine_status_update: called acquire_wakelock_cb
E/GpsLocationProvider(  150): Error getting cell location info.
D/dalvikvm(  217): GC_CONCURRENT freed 344K, 8% free 10096K/10951K, paused 2ms+5ms
D/dalvikvm(  217): GC_FOR_ALLOC freed 341K, 10% free 9899K/10951K, paused 15ms
D/dalvikvm(  217): GC_CONCURRENT freed 347K, 10% free 9959K/10951K, paused 3ms+3ms
D/dalvikvm( 1546): GC_CONCURRENT freed 385K, 8% free 10052K/10823K, paused 2ms+1ms
E/GpsLocationProvider(  150): Error getting cell location info.
D/dalvikvm(  150): GC_CONCURRENT freed 929K, 12% free 13694K/15431K, paused 2ms+5ms
E/GpsLocationProvider(  150): Error getting cell location info.
D/dalvikvm(  217): GC_FOR_ALLOC freed 279K, 10% free 9906K/10951K, paused 17ms
D/dalvikvm(  217): GC_FOR_ALLOC freed 345K, 10% free 9897K/10951K, paused 16ms
D/dalvikvm(  217): GC_FOR_ALLOC freed 373K, 10% free 9897K/10951K, paused 16ms
I/GPS     (  150): gps_engine_status_update: called release_wakelock_cb
I/EventLogService(  452): Aggregate from 1333800224289 (log), 1333800224289 (data)
I/ServiceDumpSys(  452): dumping service [account]
D/dalvikvm(  150): GC_CONCURRENT freed 1102K, 12% free 13702K/15431K, paused 2ms+6ms
I/EventLogService(  452): Aggregate from 1333802024387 (log), 1333802024387 (data)
I/ServiceDumpSys(  452): dumping service [account]
D/dalvikvm(  217): GC_CONCURRENT freed 392K, 10% free 9891K/10951K, paused 2ms+4ms
I/EventLogService(  452): Aggregate from 1333803824521 (log), 1333803824521 (data)
I/ServiceDumpSys(  452): dumping service [account]
D/dalvikvm(  452): GC_CONCURRENT freed 434K, 8% free 9971K/10759K, paused 2ms+3ms
I/EventLogService(  452): Aggregate from 1333805624637 (log), 1333805624637 (data)
I/ServiceDumpSys(  452): dumping service [account]
I/System.out( 1546): [INFO:71665650]: c: Running flush
I/System.out( 1546): [INFO:71665651]: c: Sending payload [bytes=314]
I/System.out( 1546): [SEVERE:71665658]: c: AsyncHttpRequestImpl.run(): exception thrown : Unable to resolve host "www.google.com": No address associated with hostname: java.net.UnknownHostException
D/dalvikvm(  150): GC_CONCURRENT freed 1135K, 12% free 13634K/15431K, paused 2ms+5ms
I/EventLogService(  452): Aggregate from 1333807424782 (log), 1333807424782 (data)
I/ServiceDumpSys(  452): dumping service [account]
I/EventLogService(  452): Aggregate from 1333809224900 (log), 1333809224900 (data)
I/ServiceDumpSys(  452): dumping service [account]
I/EventLogService(  452): Aggregate from 1333811025024 (log), 1333811025024 (data)
I/ServiceDumpSys(  452): dumping service [account]
D/dalvikvm(  217): GC_CONCURRENT freed 318K, 10% free 9961K/10951K, paused 1ms+7ms
I/EventLogService(  452): Aggregate from 1333812825142 (log), 1333812825142 (data)
I/ServiceDumpSys(  452): dumping service [account]
D/dalvikvm(  452): GC_CONCURRENT freed 402K, 8% free 9965K/10759K, paused 2ms+3ms
D/dalvikvm(  150): GC_CONCURRENT freed 1051K, 12% free 13626K/15431K, paused 4ms+6ms
I/EventLogService(  452): Aggregate from 1333814625263 (log), 1333814625263 (data)
I/ServiceDumpSys(  452): dumping service [account]
I/EventLogService(  452): Aggregate from 1333816425410 (log), 1333816425410 (data)
I/ServiceDumpSys(  452): dumping service [account]
E/GPS     (  150): [assist_gps_request_set_id][line = 1197] : Failed with INVALID SET-ID TYPE
I/GPS     (  150): gps_engine_status_update: called acquire_wakelock_cb
E/GpsLocationProvider(  150): Error getting cell location info.
D/dalvikvm(  217): GC_CONCURRENT freed 238K, 8% free 10131K/10951K, paused 2ms+2ms
D/dalvikvm(  217): GC_FOR_ALLOC freed 407K, 10% free 9899K/10951K, paused 15ms
D/dalvikvm(  217): GC_FOR_ALLOC freed 309K, 10% free 9899K/10951K, paused 14ms
D/dalvikvm(  217): GC_FOR_ALLOC freed 332K, 10% free 9899K/10951K, paused 18ms
D/dalvikvm( 1546): GC_CONCURRENT freed 410K, 8% free 10026K/10823K, paused 16ms+2ms
D/dalvikvm(  150): GC_CONCURRENT freed 991K, 12% free 13663K/15431K, paused 18ms+6ms
E/GpsLocationProvider(  150): Error getting cell location info.
D/dalvikvm(  217): GC_CONCURRENT freed 204K, 8% free 10079K/10951K, paused 1ms+5ms
E/GpsLocationProvider(  150): Error getting cell location info.
D/dalvikvm(  217): GC_FOR_ALLOC freed 391K, 10% free 9906K/10951K, paused 17ms
D/dalvikvm(  217): GC_FOR_ALLOC freed 320K, 10% free 9897K/10951K, paused 17ms
D/dalvikvm(  217): GC_FOR_ALLOC freed 320K, 10% free 9897K/10951K, paused 17ms
I/GPS     (  150): gps_engine_status_update: called release_wakelock_cb
D/dalvikvm(  150): GC_CONCURRENT freed 986K, 11% free 13756K/15431K, paused 3ms+7ms
I/EventLogService(  452): Aggregate from 1333818225528 (log), 1333818225528 (data)
I/ServiceDumpSys(  452): dumping service [account]
I/SystemUpdateService(  452): download in progress: [id: 19 compl: false succ: false bytes: 0 reason: 0 fn: null]
I/SystemUpdateService(  452): download took too long; will cancel and retry
V/SystemUpdateService(  452): retry (wakeup: true) in 269918 ms
V/SystemUpdateService(  452): onPostExecute: false
D/dalvikvm(  452): GC_CONCURRENT freed 384K, 8% free 9967K/10759K, paused 11ms+2ms
D/dalvikvm(  452): GC_EXPLICIT freed 24K, 8% free 9951K/10759K, paused 2ms+3ms
I/SystemUpdateService(  452): starting download of http://android.clients.google.com/packages/ota/google_crespo/hR7QFEtn.zip
V/SystemUpdateService(  452): retry (wakeup: true) in 21599998 ms
I/SystemUpdate.Download(  452): Started a new update download: http://android.clients.google.com/packages/ota/google_crespo/hR7QFEtn.zip (id 20; allowMobile=false)
V/SystemUpdateService(  452): onPostExecute: false
I/DownloadManager(  266): Initiating request for download 20
W/DownloadManager(  266): Aborting request for download 20: no network connection available
I/EventLogService(  452): Aggregate from 1333820025793 (log), 1333820025793 (data)
I/ServiceDumpSys(  452): dumping service [account]
D/dalvikvm(  150): GC_EXPLICIT freed 691K, 12% free 13611K/15431K, paused 3ms+6ms
I/EventLogService(  452): Aggregate from 1333821825929 (log), 1333821825929 (data)
I/ServiceDumpSys(  452): dumping service [account]
D/dalvikvm(  217): GC_CONCURRENT freed 374K, 10% free 9918K/10951K, paused 2ms+5ms
I/EventLogService(  452): Aggregate from 1333823626039 (log), 1333823626039 (data)
I/ServiceDumpSys(  452): dumping service [account]
I/EventLogService(  452): Aggregate from 1333825426134 (log), 1333825426134 (data)
I/ServiceDumpSys(  452): dumping service [account]
D/dalvikvm(  150): GC_CONCURRENT freed 1047K, 12% free 13633K/15431K, paused 2ms+5ms
I/EventLogService(  452): Aggregate from 1333827226274 (log), 1333827226274 (data)
D/dalvikvm(  452): GC_CONCURRENT freed 373K, 8% free 9969K/10759K, paused 15ms+3ms
I/ServiceDumpSys(  452): dumping service [account]
I/EventLogService(  452): Aggregate from 1333829026420 (log), 1333829026420 (data)
I/ServiceDumpSys(  452): dumping service [account]
I/EventLogService(  452): Aggregate from 1333830826582 (log), 1333830826582 (data)
I/ServiceDumpSys(  452): dumping service [account]
D/dalvikvm(  150): JIT code cache reset in 4 ms (1048572 bytes 2/0)
D/dalvikvm(  150): GC_CONCURRENT freed 1027K, 12% free 13639K/15431K, paused 2ms+10ms
I/EventLogService(  452): Aggregate from 1333832626701 (log), 1333832626701 (data)
I/ServiceDumpSys(  452): dumping service [account]
D/dalvikvm(  217): GC_CONCURRENT freed 346K, 9% free 9967K/10951K, paused 2ms+3ms
I/EventLogService(  452): Aggregate from 1333834426811 (log), 1333834426811 (data)
I/ServiceDumpSys(  452): dumping service [account]
D/dalvikvm(  452): GC_CONCURRENT freed 391K, 8% free 9964K/10759K, paused 3ms+4ms
E/GPS     (  150): [assist_gps_request_set_id][line = 1197] : Failed with INVALID SET-ID TYPE
I/GPS     (  150): gps_engine_status_update: called acquire_wakelock_cb
E/GpsLocationProvider(  150): Error getting cell location info.
D/dalvikvm(  217): GC_CONCURRENT freed 371K, 8% free 10104K/10951K, paused 3ms+4ms
D/dalvikvm(  217): GC_FOR_ALLOC freed 349K, 10% free 9899K/10951K, paused 14ms
D/dalvikvm(  217): GC_CONCURRENT freed 341K, 10% free 9958K/10951K, paused 1ms+2ms
D/dalvikvm( 1546): GC_CONCURRENT freed 386K, 8% free 10024K/10823K, paused 2ms+2ms
D/dalvikvm(  150): GC_CONCURRENT freed 983K, 12% free 13693K/15431K, paused 17ms+6ms
E/GpsLocationProvider(  150): Error getting cell location info.
E/GpsLocationProvider(  150): Error getting cell location info.
D/dalvikvm(  217): GC_FOR_ALLOC freed 277K, 10% free 9906K/10951K, paused 17ms
D/dalvikvm(  217): GC_FOR_ALLOC freed 345K, 10% free 9897K/10951K, paused 16ms
D/dalvikvm(  217): GC_FOR_ALLOC freed 373K, 10% free 9897K/10951K, paused 16ms
I/GPS     (  150): gps_engine_status_update: called release_wakelock_cb
D/dalvikvm(  150): GC_CONCURRENT freed 1020K, 11% free 13750K/15431K, paused 2ms+7ms
I/EventLogService(  452): Aggregate from 1333836227665 (log), 1333836227665 (data)
I/ServiceDumpSys(  452): dumping service [account]
I/EventLogService(  452): Aggregate from 1333838027762 (log), 1333838027762 (data)
I/ServiceDumpSys(  452): dumping service [account]
D/dalvikvm(  217): GC_CONCURRENT freed 394K, 10% free 9891K/10951K, paused 2ms+3ms
I/EventLogService(  452): Aggregate from 1333839827930 (log), 1333839827930 (data)
I/ServiceDumpSys(  452): dumping service [account]
I/SystemUpdateService(  452): download in progress: [id: 20 compl: false succ: false bytes: 0 reason: 0 fn: null]
I/SystemUpdateService(  452): download took too long; will cancel and retry
V/SystemUpdateService(  452): retry (wakeup: true) in 329842 ms
V/SystemUpdateService(  452): onPostExecute: false
I/SystemUpdateService(  452): starting download of http://android.clients.google.com/packages/ota/google_crespo/hR7QFEtn.zip
V/SystemUpdateService(  452): retry (wakeup: true) in 21599976 ms
D/dalvikvm(  452): GC_CONCURRENT freed 401K, 8% free 9969K/10759K, paused 2ms+3ms
I/SystemUpdate.Download(  452): Started a new update download: http://android.clients.google.com/packages/ota/google_crespo/hR7QFEtn.zip (id 21; allowMobile=false)
V/SystemUpdateService(  452): onPostExecute: false
I/DownloadManager(  266): Initiating request for download 21
W/DownloadManager(  266): Aborting request for download 21: no network connection available
D/dalvikvm(  266): GC_CONCURRENT freed 352K, 5% free 9310K/9799K, paused 2ms+4ms
I/DownloadManager(  266): Initiating request for download 21
W/DownloadManager(  266): Aborting request for download 21: no network connection available
D/dalvikvm(  150): GC_CONCURRENT freed 1177K, 12% free 13659K/15431K, paused 4ms+5ms
I/EventLogService(  452): Aggregate from 1333841628049 (log), 1333841628049 (data)
I/ServiceDumpSys(  452): dumping service [account]
I/EventLogService(  452): Aggregate from 1333843428181 (log), 1333843428181 (data)
I/ServiceDumpSys(  452): dumping service [account]
I/EventLogService(  452): Aggregate from 1333845228283 (log), 1333845228283 (data)
I/ServiceDumpSys(  452): dumping service [account]
I/EventLogService(  452): Aggregate from 1333847028392 (log), 1333847028392 (data)
I/ServiceDumpSys(  452): dumping service [account]
D/dalvikvm(  150): GC_CONCURRENT freed 1059K, 12% free 13642K/15431K, paused 2ms+5ms
D/dalvikvm(  217): GC_CONCURRENT freed 320K, 10% free 9966K/10951K, paused 2ms+4ms
I/EventLogService(  452): Aggregate from 1333848828518 (log), 1333848828518 (data)
I/ServiceDumpSys(  452): dumping service [account]
D/dalvikvm(  452): GC_CONCURRENT freed 410K, 8% free 9969K/10759K, paused 2ms+4ms
I/System.out( 1546): [INFO:115042793]: c: Running flush
I/System.out( 1546): [INFO:115042794]: c: Sending payload [bytes=314]
I/System.out( 1546): [SEVERE:115042802]: c: AsyncHttpRequestImpl.run(): exception thrown : Unable to resolve host "www.google.com": No address associated with hostname: java.net.UnknownHostException
I/EventLogService(  452): Aggregate from 1333850628626 (log), 1333850628626 (data)
I/ServiceDumpSys(  452): dumping service [account]
I/EventLogService(  452): Aggregate from 1333852428763 (log), 1333852428763 (data)
I/ServiceDumpSys(  452): dumping service [account]
D/dalvikvm(  150): GC_CONCURRENT freed 1051K, 12% free 13659K/15431K, paused 2ms+5ms
E/GPS     (  150): [assist_gps_request_set_id][line = 1197] : Failed with INVALID SET-ID TYPE
I/GPS     (  150): gps_engine_status_update: called acquire_wakelock_cb
E/GpsLocationProvider(  150): Error getting cell location info.
D/dalvikvm(  217): GC_CONCURRENT freed 269K, 8% free 10141K/10951K, paused 1ms+2ms
D/dalvikvm(  217): GC_FOR_ALLOC freed 418K, 10% free 9899K/10951K, paused 15ms
D/dalvikvm(  217): GC_FOR_ALLOC freed 307K, 10% free 9899K/10951K, paused 14ms
D/dalvikvm(  217): GC_FOR_ALLOC freed 332K, 10% free 9899K/10951K, paused 17ms
E/GpsLocationProvider(  150): Error getting cell location info.
D/dalvikvm( 1546): GC_CONCURRENT freed 385K, 8% free 10025K/10823K, paused 40ms+2ms
D/dalvikvm(  217): GC_CONCURRENT freed 203K, 8% free 10081K/10951K, paused 17ms+3ms
D/dalvikvm(  150): GC_EXPLICIT freed 777K, 11% free 13741K/15431K, paused 2ms+7ms
E/GpsLocationProvider(  150): Error getting cell location info.
D/dalvikvm(  217): GC_FOR_ALLOC freed 393K, 10% free 9906K/10951K, paused 17ms
D/dalvikvm(  217): GC_FOR_ALLOC freed 320K, 10% free 9897K/10951K, paused 17ms
D/dalvikvm(  217): GC_FOR_ALLOC freed 320K, 10% free 9897K/10951K, paused 17ms
I/GPS     (  150): gps_engine_status_update: called release_wakelock_cb
I/EventLogService(  452): Aggregate from 1333854228891 (log), 1333854228891 (data)
I/ServiceDumpSys(  452): dumping service [account]
D/AlarmManagerService(  150): Kernel timezone updated to 240 minutes west of GMT
I/EventLogService(  452): Aggregate from 1333856029129 (log), 1333856029129 (data)
I/ServiceDumpSys(  452): dumping service [account]
D/Finsky  ( 1745): [1] UpdateCheckReceiver.updateCheckIfNecessary: Force checking for available updates.
D/Finsky  ( 1745): [1] UpdatesAvailableReceiver.onReceive: Received updates available notification
E/Finsky  ( 1745): [1] UpdatesAvailableReceiver.onReceive: Could not set up current account / dfe api when receiving an updates available broadcast.
D/dalvikvm(  150): GC_CONCURRENT freed 1129K, 12% free 13722K/15431K, paused 6ms+6ms
I/EventLogService(  452): Aggregate from 1333857829298 (log), 1333857829298 (data)
I/ServiceDumpSys(  452): dumping service [account]
D/dalvikvm(  452): GC_CONCURRENT freed 414K, 8% free 9967K/10759K, paused 3ms+3ms
D/dalvikvm(  217): GC_CONCURRENT freed 368K, 10% free 9918K/10951K, paused 2ms+6ms
I/EventLogService(  452): Aggregate from 1333859629415 (log), 1333859629415 (data)
I/ServiceDumpSys(  452): dumping service [account]
I/EventLogService(  452): Aggregate from 1333861429579 (log), 1333861429579 (data)
I/ServiceDumpSys(  452): dumping service [account]
D/dalvikvm(  150): GC_CONCURRENT freed 1134K, 12% free 13663K/15431K, paused 2ms+5ms
I/SystemUpdateService(  452): download in progress: [id: 21 compl: false succ: false bytes: 0 reason: 0 fn: null]
I/SystemUpdateService(  452): download took too long; will cancel and retry
V/SystemUpdateService(  452): retry (wakeup: true) in 389891 ms
V/SystemUpdateService(  452): onPostExecute: false
I/EventLogService(  452): Aggregate from 1333863229701 (log), 1333863229701 (data)
I/ServiceDumpSys(  452): dumping service [account]
D/dalvikvm(  452): GC_CONCURRENT freed 404K, 8% free 9963K/10759K, paused 3ms+7ms
I/SystemUpdateService(  452): starting download of http://android.clients.google.com/packages/ota/google_crespo/hR7QFEtn.zip
V/SystemUpdateService(  452): retry (wakeup: true) in 21599998 ms
I/SystemUpdate.Download(  452): Started a new update download: http://android.clients.google.com/packages/ota/google_crespo/hR7QFEtn.zip (id 22; allowMobile=false)
V/SystemUpdateService(  452): onPostExecute: false
I/DownloadManager(  266): Initiating request for download 22
W/DownloadManager(  266): Aborting request for download 22: no network connection available
I/EventLogService(  452): Aggregate from 1333865029788 (log), 1333865029788 (data)
I/ServiceDumpSys(  452): dumping service [account]
I/EventLogService(  452): Aggregate from 1333866829950 (log), 1333866829950 (data)
I/ServiceDumpSys(  452): dumping service [account]
D/dalvikvm(  150): GC_CONCURRENT freed 1157K, 12% free 13666K/15431K, paused 2ms+6ms
I/EventLogService(  452): Aggregate from 1333868630065 (log), 1333868630065 (data)
I/ServiceDumpSys(  452): dumping service [account]
D/dalvikvm(  217): GC_CONCURRENT freed 347K, 10% free 9961K/10951K, paused 1ms+6ms
I/DownloadManager(  266): Initiating request for download 23
W/DownloadManager(  266): Aborting request for download 23: no network connection available
I/EventLogService(  452): Aggregate from 1333870430162 (log), 1333870430162 (data)
I/ServiceDumpSys(  452): dumping service [account]
D/dalvikvm(  452): GC_CONCURRENT freed 383K, 8% free 9966K/10759K, paused 2ms+4ms
E/GPS     (  150): [assist_gps_request_set_id][line = 1197] : Failed with INVALID SET-ID TYPE
I/GPS     (  150): gps_engine_status_update: called acquire_wakelock_cb
E/GpsLocationProvider(  150): Error getting cell location info.
D/dalvikvm(  217): GC_FOR_ALLOC freed 369K, 10% free 9931K/10951K, paused 17ms
D/dalvikvm(  217): GC_FOR_ALLOC freed 366K, 10% free 9899K/10951K, paused 17ms
D/dalvikvm(  217): GC_FOR_ALLOC freed 367K, 10% free 9899K/10951K, paused 17ms
D/dalvikvm(  217): GC_CONCURRENT freed 255K, 8% free 10079K/10951K, paused 3ms+4ms
E/GpsLocationProvider(  150): Error getting cell location info.
D/dalvikvm(  150): GC_CONCURRENT freed 986K, 12% free 13719K/15431K, paused 2ms+5ms
D/dalvikvm( 1546): GC_CONCURRENT freed 385K, 8% free 10025K/10823K, paused 7ms+2ms
E/GpsLocationProvider(  150): Error getting cell location info.
D/dalvikvm(  217): GC_FOR_ALLOC freed 399K, 10% free 9906K/10951K, paused 16ms
D/dalvikvm(  217): GC_FOR_ALLOC freed 324K, 10% free 9897K/10951K, paused 17ms
D/dalvikvm(  217): GC_FOR_ALLOC freed 320K, 10% free 9897K/10951K, paused 17ms
I/GPS     (  150): gps_engine_status_update: called release_wakelock_cb
I/EventLogService(  452): Aggregate from 1333872230260 (log), 1333872230260 (data)
I/ServiceDumpSys(  452): dumping service [account]
D/dalvikvm(  150): GC_CONCURRENT freed 1045K, 11% free 13768K/15431K, paused 4ms+8ms
D/dalvikvm( 1247): GC_CONCURRENT freed 462K, 6% free 10176K/10759K, paused 261ms+2ms
I/EventLogService(  452): Aggregate from 1333874030365 (log), 1333874030365 (data)
I/ServiceDumpSys(  452): dumping service [account]
I/EventLogService(  452): Aggregate from 1333875830493 (log), 1333875830493 (data)
I/ServiceDumpSys(  452): dumping service [account]
D/dalvikvm(  217): GC_CONCURRENT freed 371K, 10% free 9917K/10951K, paused 2ms+4ms
I/EventLogService(  452): Aggregate from 1333877630592 (log), 1333877630592 (data)
I/ServiceDumpSys(  452): dumping service [account]
D/dalvikvm(  150): GC_CONCURRENT freed 1224K, 12% free 13667K/15431K, paused 4ms+5ms
I/EventLogService(  452): Aggregate from 1333879430701 (log), 1333879430701 (data)
D/dalvikvm(  452): GC_CONCURRENT freed 376K, 8% free 9980K/10759K, paused 2ms+2ms
I/ServiceDumpSys(  452): dumping service [account]
I/EventLogService(  452): Aggregate from 1333881230799 (log), 1333881230799 (data)
I/ServiceDumpSys(  452): dumping service [account]
I/EventLogService(  452): Aggregate from 1333883030947 (log), 1333883030947 (data)
I/ServiceDumpSys(  452): dumping service [account]
I/EventLogService(  452): Aggregate from 1333884831068 (log), 1333884831068 (data)
I/ServiceDumpSys(  452): dumping service [account]
D/dalvikvm(  150): GC_CONCURRENT freed 1050K, 12% free 13660K/15431K, paused 2ms+5ms
I/SystemUpdateService(  452): download in progress: [id: 22 compl: false succ: false bytes: 0 reason: 0 fn: null]
I/SystemUpdateService(  452): download took too long; will cancel and retry
D/dalvikvm(  452): GC_CONCURRENT freed 400K, 8% free 9967K/10759K, paused 2ms+3ms
V/SystemUpdateService(  452): retry (wakeup: true) in 449905 ms
V/SystemUpdateService(  452): onPostExecute: false
D/dalvikvm(  150): GC_EXPLICIT freed 141K, 12% free 13615K/15431K, paused 3ms+6ms
D/dalvikvm(  452): GC_EXPLICIT freed 74K, 8% free 9954K/10759K, paused 2ms+4ms
I/SystemUpdateService(  452): starting download of http://android.clients.google.com/packages/ota/google_crespo/hR7QFEtn.zip
V/SystemUpdateService(  452): retry (wakeup: true) in 21599997 ms
I/SystemUpdate.Download(  452): Started a new update download: http://android.clients.google.com/packages/ota/google_crespo/hR7QFEtn.zip (id 24; allowMobile=false)
V/SystemUpdateService(  452): onPostExecute: false
I/DownloadManager(  266): Initiating request for download 24
W/DownloadManager(  266): Aborting request for download 24: no network connection available
D/dalvikvm(  266): GC_CONCURRENT freed 408K, 6% free 9321K/9863K, paused 2ms+3ms
I/EventLogService(  452): Aggregate from 1333886631193 (log), 1333886631193 (data)
I/ServiceDumpSys(  452): dumping service [account]
D/dalvikvm(  217): GC_CONCURRENT freed 343K, 10% free 9961K/10951K, paused 2ms+3ms
I/EventLogService(  452): Aggregate from 1333888431312 (log), 1333888431312 (data)
I/ServiceDumpSys(  452): dumping service [account]
E/GPS     (  150): [assist_gps_request_set_id][line = 1197] : Failed with INVALID SET-ID TYPE
I/GPS     (  150): gps_engine_status_update: called acquire_wakelock_cb
E/GpsLocationProvider(  150): Error getting cell location info.
D/dalvikvm(  217): GC_FOR_ALLOC freed 369K, 10% free 9932K/10951K, paused 17ms
D/dalvikvm(  217): GC_FOR_ALLOC freed 366K, 10% free 9899K/10951K, paused 17ms
D/dalvikvm(  217): GC_FOR_ALLOC freed 367K, 10% free 9899K/10951K, paused 16ms
D/dalvikvm(  217): GC_CONCURRENT freed 259K, 8% free 10080K/10951K, paused 6ms+2ms
D/dalvikvm(  150): GC_CONCURRENT freed 966K, 12% free 13676K/15431K, paused 18ms+4ms
E/GpsLocationProvider(  150): Error getting cell location info.
E/GpsLocationProvider(  150): Error getting cell location info.
D/dalvikvm( 1546): GC_CONCURRENT freed 384K, 8% free 10025K/10823K, paused 2ms+2ms
D/dalvikvm(  150): GC_CONCURRENT freed 928K, 11% free 13793K/15431K, paused 16ms+7ms
D/dalvikvm(  217): GC_FOR_ALLOC freed 395K, 10% free 9906K/10951K, paused 17ms
D/dalvikvm(  217): GC_FOR_ALLOC freed 320K, 10% free 9897K/10951K, paused 17ms
D/dalvikvm(  217): GC_FOR_ALLOC freed 320K, 10% free 9897K/10951K, paused 16ms
I/GPS     (  150): gps_engine_status_update: called release_wakelock_cb
I/EventLogService(  452): Aggregate from 1333890231435 (log), 1333890231435 (data)
I/ServiceDumpSys(  452): dumping service [account]
I/EventLogService(  452): Aggregate from 1333892031541 (log), 1333892031541 (data)
I/ServiceDumpSys(  452): dumping service [account]
D/dalvikvm(  452): GC_CONCURRENT freed 376K, 8% free 9967K/10759K, paused 3ms+2ms
I/System.out( 1546): [INFO:158021725]: c: Running flush
I/System.out( 1546): [INFO:158021727]: c: Sending payload [bytes=314]
I/System.out( 1546): [SEVERE:158021731]: c: AsyncHttpRequestImpl.run(): exception thrown : Unable to resolve host "www.google.com": No address associated with hostname: java.net.UnknownHostException
I/EventLogService(  452): Aggregate from 1333893831684 (log), 1333893831684 (data)
I/ServiceDumpSys(  452): dumping service [account]
D/dalvikvm(  217): GC_CONCURRENT freed 370K, 10% free 9913K/10951K, paused 1ms+3ms
D/dalvikvm(  150): GC_CONCURRENT freed 1196K, 12% free 13689K/15431K, paused 7ms+9ms
I/EventLogService(  452): Aggregate from 1333895631880 (log), 1333895631880 (data)
I/ServiceDumpSys(  452): dumping service [account]
I/EventLogService(  452): Aggregate from 1333897432001 (log), 1333897432001 (data)
I/ServiceDumpSys(  452): dumping service [account]
I/dalvikvm( 1546): Total arena pages for JIT: 11
I/dalvikvm( 1546): Total arena pages for JIT: 12
I/dalvikvm( 1546): Total arena pages for JIT: 13
I/dalvikvm( 1546): Total arena pages for JIT: 14
I/dalvikvm( 1546): Total arena pages for JIT: 15
I/dalvikvm( 1546): Total arena pages for JIT: 16
I/dalvikvm( 1546): Total arena pages for JIT: 17
I/EventLogService(  452): Aggregate from 1333899232122 (log), 1333899232122 (data)
I/ServiceDumpSys(  452): dumping service [account]
D/dalvikvm(  452): GC_CONCURRENT freed 370K, 8% free 9985K/10759K, paused 1ms+3ms
D/dalvikvm(  150): GC_CONCURRENT freed 1166K, 12% free 13680K/15431K, paused 2ms+6ms
I/EventLogService(  452): Aggregate from 1333901032254 (log), 1333901032254 (data)
I/ServiceDumpSys(  452): dumping service [account]
I/EventLogService(  452): Aggregate from 1333902832369 (log), 1333902832369 (data)
I/ServiceDumpSys(  452): dumping service [account]
I/EventLogService(  452): Aggregate from 1333904632482 (log), 1333904632482 (data)
I/ServiceDumpSys(  452): dumping service [account]
D/dalvikvm(  217): GC_CONCURRENT freed 345K, 10% free 9963K/10951K, paused 2ms+3ms
I/EventLogService(  452): Aggregate from 1333906432622 (log), 1333906432622 (data)
I/ServiceDumpSys(  452): dumping service [account]
D/dalvikvm(  150): GC_CONCURRENT freed 1075K, 12% free 13673K/15431K, paused 2ms+7ms
I/SystemUpdateService(  452): download in progress: [id: 24 compl: false succ: false bytes: 0 reason: 0 fn: null]
I/SystemUpdateService(  452): download took too long; will cancel and retry
D/dalvikvm(  452): GC_CONCURRENT freed 435K, 8% free 9992K/10759K, paused 2ms+3ms
V/SystemUpdateService(  452): retry (wakeup: true) in 509920 ms
V/SystemUpdateService(  452): onPostExecute: false
I/SystemUpdateService(  452): starting download of http://android.clients.google.com/packages/ota/google_crespo/hR7QFEtn.zip
V/SystemUpdateService(  452): retry (wakeup: true) in 21599997 ms
I/SystemUpdate.Download(  452): Started a new update download: http://android.clients.google.com/packages/ota/google_crespo/hR7QFEtn.zip (id 25; allowMobile=false)
V/SystemUpdateService(  452): onPostExecute: false
I/DownloadManager(  266): Initiating request for download 25
W/DownloadManager(  266): Aborting request for download 25: no network connection available
E/GPS     (  150): [assist_gps_request_set_id][line = 1197] : Failed with INVALID SET-ID TYPE
I/GPS     (  150): gps_engine_status_update: called acquire_wakelock_cb
E/GpsLocationProvider(  150): Error getting cell location info.
D/dalvikvm(  217): GC_FOR_ALLOC freed 384K, 10% free 9938K/10951K, paused 17ms
D/dalvikvm(  217): GC_FOR_ALLOC freed 372K, 10% free 9899K/10951K, paused 17ms
D/dalvikvm(  217): GC_FOR_ALLOC freed 364K, 10% free 9899K/10951K, paused 16ms
D/dalvikvm(  217): GC_CONCURRENT freed 251K, 8% free 10080K/10951K, paused 4ms+4ms
E/GpsLocationProvider(  150): Error getting cell location info.
D/dalvikvm(  150): GC_CONCURRENT freed 944K, 11% free 13773K/15431K, paused 38ms+6ms
D/dalvikvm( 1546): GC_CONCURRENT freed 383K, 8% free 10027K/10823K, paused 3ms+2ms
E/GpsLocationProvider(  150): Error getting cell location info.
D/dalvikvm(  217): GC_FOR_ALLOC freed 395K, 10% free 9906K/10951K, paused 17ms
D/dalvikvm(  217): GC_FOR_ALLOC freed 322K, 10% free 9897K/10951K, paused 17ms
D/dalvikvm(  217): GC_FOR_ALLOC freed 320K, 10% free 9897K/10951K, paused 17ms
I/GPS     (  150): gps_engine_status_update: called release_wakelock_cb
I/EventLogService(  452): Aggregate from 1333908232755 (log), 1333908232755 (data)
I/ServiceDumpSys(  452): dumping service [account]
D/dalvikvm(  150): GC_EXPLICIT freed 780K, 12% free 13727K/15431K, paused 3ms+10ms
I/EventLogService(  452): Aggregate from 1333910032876 (log), 1333910032876 (data)
I/ServiceDumpSys(  452): dumping service [account]
I/EventLogService(  452): Aggregate from 1333911832989 (log), 1333911832989 (data)
I/ServiceDumpSys(  452): dumping service [account]
D/dalvikvm(  217): GC_CONCURRENT freed 371K, 10% free 9913K/10951K, paused 2ms+2ms
I/EventLogService(  452): Aggregate from 1333913633095 (log), 1333913633095 (data)
D/dalvikvm(  452): GC_CONCURRENT freed 408K, 8% free 9972K/10759K, paused 2ms+3ms
I/ServiceDumpSys(  452): dumping service [account]
D/dalvikvm(  150): GC_CONCURRENT freed 1123K, 12% free 13682K/15431K, paused 3ms+5ms
I/EventLogService(  452): Aggregate from 1333915433196 (log), 1333915433196 (data)
I/ServiceDumpSys(  452): dumping service [account]
I/EventLogService(  452): Aggregate from 1333917233356 (log), 1333917233356 (data)
I/ServiceDumpSys(  452): dumping service [account]
I/EventLogService(  452): Aggregate from 1333919033459 (log), 1333919033459 (data)
I/ServiceDumpSys(  452): dumping service [account]
D/dalvikvm(  150): GC_CONCURRENT freed 1123K, 12% free 13677K/15431K, paused 2ms+5ms
I/EventLogService(  452): Aggregate from 1333920833571 (log), 1333920833571 (data)
D/dalvikvm(  452): GC_CONCURRENT freed 413K, 8% free 9964K/10759K, paused 2ms+3ms
I/ServiceDumpSys(  452): dumping service [account]
I/EventLogService(  452): Aggregate from 1333922633708 (log), 1333922633708 (data)
I/ServiceDumpSys(  452): dumping service [account]
I/power   (  150): *** set_screen_state 1
I/WindowManager(  150): Lock screen displayed!
W/PowerUI (  217): unknown intent: Intent { act=android.intent.action.ACTION_POWER_CONNECTED flg=0x10000010 }
D/PicasaSyncManager(  975): battery info: true
D/dalvikvm(  217): GC_CONCURRENT freed 355K, 10% free 9960K/10951K, paused 2ms+3ms
D/SurfaceFlinger(   78): Screen about to return, flinger = 0x15e5918
I/power   (  150): *** set_screen_state 0
D/SurfaceFlinger(   78): About to give-up screen, flinger = 0x15e5918
I/StorageNotification(  217): UMS connection changed to true (media state mounted)
I/StorageNotification(  217): UMS connection changed to true (media state mounted)
I/UsageStats(  150): Deleting usage file : usage-20120219
D/dalvikvm(  150): GC_FOR_ALLOC freed 637K, 10% free 14038K/15431K, paused 55ms
I/dalvikvm-heap(  150): Grow heap (frag case) to 13.885MB for 104992-byte allocation
D/dalvikvm(  150): GC_FOR_ALLOC freed 18K, 10% free 14122K/15559K, paused 43ms
D/dalvikvm(  150): GC_FOR_ALLOC freed 16K, 10% free 14106K/15559K, paused 40ms
I/dalvikvm-heap(  150): Grow heap (frag case) to 13.952MB for 104992-byte allocation
D/dalvikvm(  150): GC_FOR_ALLOC freed 24K, 10% free 14185K/15687K, paused 40ms
D/dalvikvm(  150): GC_FOR_ALLOC freed 1K, 10% free 14186K/15687K, paused 40ms
I/dalvikvm-heap(  150): Grow heap (frag case) to 14.030MB for 104992-byte allocation
D/dalvikvm(  150): GC_FOR_ALLOC freed 1K, 10% free 14287K/15815K, paused 41ms
V/TransportControlView(  150): Create TCV com.android.internal.widget.TransportControlView@4132dfb0
D/dalvikvm(  217): GC_FOR_ALLOC freed 145K, 7% free 10192K/10951K, paused 17ms
I/dalvikvm-heap(  217): Grow heap (frag case) to 10.197MB for 184336-byte allocation
D/dalvikvm(  217): GC_FOR_ALLOC freed 19K, 8% free 10353K/11143K, paused 15ms
D/dalvikvm(  217): GC_FOR_ALLOC freed 159K, 9% free 10194K/11143K, paused 16ms
I/dalvikvm-heap(  217): Grow heap (frag case) to 10.201MB for 186256-byte allocation
D/dalvikvm(  217): GC_FOR_ALLOC freed 0K, 9% free 10376K/11335K, paused 15ms
D/dalvikvm(  217): GC_FOR_ALLOC freed 581K, 11% free 10127K/11335K, paused 17ms
I/power   (  150): *** set_screen_state 1
I/WindowManager(  150): Lock screen displayed!
D/SurfaceFlinger(   78): Screen about to return, flinger = 0x15e5918
D/dalvikvm(  217): GC_CONCURRENT freed 197K, 9% free 10358K/11335K, paused 9ms+2ms
D/PhoneStatusBar(  217): disable: < expand icons alerts ticker system_info BACK HOME recent* CLOCK >
D/AudioHardware(   81): AudioHardware pcm playback is exiting standby.
D/AudioHardware(   81): openPcmOut_l() mPcmOpenCnt: 0
W/InputManagerService(  150): Window already focused, ignoring focus gain of: com.android.internal.view.IInputMethodClient$Stub$Proxy@4168dde8
D/PhoneStatusBar(  217): disable: < expand icons alerts ticker system_info back* home* recent clock* >
I/ActivityManager(  150): START {flg=0x10000000 cmp=com.android.systemui/.usb.UsbStorageActivity bnds=[0,119][480,215]} from pid -1
D/dalvikvm(  150): GC_FOR_ALLOC freed 1046K, 14% free 13712K/15815K, paused 47ms
W/KeyguardViewMediator(  150): verifyUnlock called when not externally disabled
D/OpenGLRenderer(  341): Flushing caches (mode 1)
D/dalvikvm(  217): GC_FOR_ALLOC freed 94K, 9% free 10351K/11335K, paused 26ms
I/dalvikvm-heap(  217): Grow heap (frag case) to 10.455MB for 291616-byte allocation
D/dalvikvm(  217): GC_FOR_ALLOC freed 9K, 9% free 10627K/11655K, paused 21ms
D/VoldCmdListener(   72): volume shared /mnt/sdcard ums
D/OpenGLRenderer(  341): Flushing caches (mode 0)
D/libEGL  (  217): loaded /system/lib/egl/libGLES_android.so
D/libEGL  (  217): loaded /vendor/lib/egl/libEGL_POWERVR_SGX540_120.so
D/libEGL  (  217): loaded /vendor/lib/egl/libGLESv1_CM_POWERVR_SGX540_120.so
D/libEGL  (  217): loaded /vendor/lib/egl/libGLESv2_POWERVR_SGX540_120.so
D/OpenGLRenderer(  217): Enabling debug mode 0
I/ActivityManager(  150): Displayed com.android.systemui/.usb.UsbStorageActivity: +513ms
D/VoldCmdListener(   72): storage users /mnt/sdcard
I/PackageManager(  150): Updating external media status from mounted to unmounted
D/VoldCmdListener(   72): asec list
I/PackageManager(  150): No secure containers on sdcard
W/InputManagerService(  150): Window already focused, ignoring focus gain of: com.android.internal.view.IInputMethodClient$Stub$Proxy@416a8258
D/VoldCmdListener(   72): storage users /mnt/sdcard
W/ActivityManager(  150): Killing processes unmount media at adjustment 9
W/ActivityManager(  150): Killing ProcessRecord{41745d70 1247:com.google.android.apps.maps/10032} (adj 10): unmount media
D/VoldCmdListener(   72): storage users /mnt/sdcard
D/dalvikvm(  150): GC_EXPLICIT freed 1066K, 18% free 13075K/15815K, paused 3ms+7ms
I/PackageManager(  150): Updating external media status from unmounted to unmounted
D/VoldCmdListener(   72): volume unmount /mnt/sdcard force
D/Vold    (   72): Volume sdcard state changing 4 (Mounted) -> 5 (Unmounting)
D/MountService(  150): sendStorageIntent Intent { act=android.intent.action.MEDIA_EJECT dat=file:///mnt/sdcard (has extras) }
I/Vold    (   72): /mnt/secure/staging/.android_secure sucessfully unmounted
I/Vold    (   72): /mnt/secure/asec sucessfully unmounted
I/Vold    (   72): /mnt/secure/staging sucessfully unmounted
I/Vold    (   72): /mnt/sdcard unmounted sucessfully
I/PackageManager(  150): Updating external media status from unmounted to unmounted
D/Vold    (   72): Volume sdcard state changing 5 (Unmounting) -> 1 (Idle-Unmounted)
D/MountService(  150): volume state changed for /mnt/sdcard (mounted -> unmounted)
D/VoldCmdListener(   72): volume share /mnt/sdcard ums
D/Vold    (   72): Volume sdcard state changing 1 (Idle-Unmounted) -> 7 (Shared-Unmounted)
D/MountService(  150): sendStorageIntent Intent { act=android.intent.action.MEDIA_UNMOUNTED dat=file:///mnt/sdcard (has extras) }
D/MediaScannerReceiver(  266): action: android.intent.action.MEDIA_UNMOUNTED path: /mnt/sdcard
W/MountService(  150): Duplicate state transition (unmounted -> unmounted) for /mnt/sdcard
D/MountService(  150): sendStorageIntent Intent { act=android.intent.action.MEDIA_UNMOUNTED dat=file:///mnt/sdcard (has extras) }
D/MountService(  150): volume state changed for /mnt/sdcard (unmounted -> shared)
D/MediaScannerReceiver(  266): action: android.intent.action.MEDIA_UNMOUNTED path: /mnt/sdcard
D/MountService(  150): sendStorageIntent Intent { act=android.intent.action.MEDIA_SHARED dat=file:///mnt/sdcard (has extras) }
I/StorageNotification(  217): Media {/mnt/sdcard} state changed from {mounted} -> {unmounted}
D/VoldCmdListener(   72): volume shared /mnt/sdcard ums
D/dalvikvm(  217): GC_FOR_ALLOC freed 23K, 9% free 10710K/11655K, paused 22ms
I/dalvikvm-heap(  217): Grow heap (frag case) to 10.804MB for 291616-byte allocation
D/dalvikvm(  217): GC_FOR_ALLOC freed 5K, 9% free 10989K/11975K, paused 16ms
I/StorageNotification(  217): Media {/mnt/sdcard} state changed from {unmounted} -> {shared}
D/dalvikvm(  217): GC_FOR_ALLOC freed 487K, 10% free 10818K/11975K, paused 17ms
D/AudioHardware(   81): AudioHardware pcm playback is going to standby.
D/AudioHardware(   81): closePcmOut_l() mPcmOpenCnt: 1
