--------- beginning of /dev/log/system
I/Vold    (   72): Vold 2.1 (the revenge) firing up
D/Vold    (   72): Volume sdcard state changing -1 (Initializing) -> 0 (No-Media)
D/Vold    (   72): Volume sdcard state changing 0 (No-Media) -> 2 (Pending)
D/Vold    (   72): Volume sdcard state changing 2 (Pending) -> 1 (Idle-Unmounted)
W/Vold    (   72): Duplicate state (1)
W/Vold    (   72): Duplicate state (1)
W/Vold    (   72): Duplicate state (1)
W/Vold    (   72): Duplicate state (1)
I/SystemServer(  150): Entered the Android system server!
I/SystemServer(  150): Entropy Service
I/SystemServer(  150): Power Manager
I/SystemServer(  150): Activity Manager
I/ActivityManager(  150): Memory class: 48
I/SystemServer(  150): Telephony Registry
I/SystemServer(  150): Package Manager
W/PackageParser(  150): No actions in intent filter at /system/app/Bluetooth.apk Binary XML file line #125
W/PackageParser(  150): No actions in intent filter at /system/app/Contacts.apk Binary XML file line #525
W/PackageParser(  150): Unknown element under <manifest>: supports-gl-texture at /system/app/GoogleEarth.apk Binary XML file line #3
I/Installer(  150): connecting...
I/PackageParser(  150): com.googlecode.android.wifi.tether: compat added android.permission.WRITE_EXTERNAL_STORAGE android.permission.READ_PHONE_STATE
I/PackageManager(  150): Time to scan packages: 3.49 seconds
W/PackageManager(  150): Not granting permission android.permission.SEND_DOWNLOAD_COMPLETED_INTENTS to package com.google.android.browser (protectionLevel=2 flags=0x9be45)
W/PackageManager(  150): Unknown permission com.android.vending.permission.UPDATE_MARKET_FAILURE in package com.android.vending.updater
W/PackageManager(  150): Unknown permission android.permission.ADD_SYSTEM_SERVICE in package com.android.phone
W/PackageManager(  150): Unknown permission com.android.smspush.WAPPUSH_MANAGER_BIND in package com.android.phone
W/PackageManager(  150): Unknown permission com.android.vending.billing.IBillingAccountService.BIND2 in package com.google.android.gsf.login
W/PackageManager(  150): Not granting permission android.permission.DEVICE_POWER to package com.google.android.deskclock (protectionLevel=2 flags=0x8be45)
W/PackageManager(  150): Unknown permission android.permission.READ_OWNER_DATA in package com.google.android.setupwizard
W/PackageManager(  150): Unknown permission android.permission.WRITE_OWNER_DATA in package com.google.android.setupwizard
W/PackageManager(  150): Not granting permission com.google.android.gm.permission.READ_GMAIL to package com.google.android.apps.uploader (protectionLevel=2 flags=0x8be45)
W/PackageManager(  150): Unknown permission android.permission.READ_EXTERNAL_STORAGE in package com.android.vending
W/PackageManager(  150): Not granting permission android.permission.SEND_DOWNLOAD_COMPLETED_INTENTS to package com.android.vending (protectionLevel=2 flags=0xabec5)
W/PackageManager(  150): Not granting permission android.permission.ACCOUNT_MANAGER to package com.google.android.music (protectionLevel=2 flags=0x8be65)
W/PackageManager(  150): Unknown permission com.android.providers.im.permission.READ_ONLY in package com.google.android.apps.maps
W/PackageManager(  150): Unknown permission android.permission.READ_EXTERNAL_STORAGE in package com.google.android.videoeditor
W/PackageManager(  150): Unknown permission com.google.android.apps.googlevoice.REMOTE_INTENT in package com.google.android.apps.googlevoice
W/PackageManager(  150): Unknown permission com.google.android.permission.RECEIVE_DATA_MESSAGE in package com.google.android.apps.googlevoice
W/PackageManager(  150): Unknown permission com.google.android.permission.SEND_DATA_MESSAGE in package com.google.android.apps.googlevoice
I/SystemServer(  150): Account Manager
I/SystemServer(  150): Content Manager
I/SystemServer(  150): System Content Providers
I/SystemServer(  150): Lights Service
I/SystemServer(  150): Battery Service
I/SystemServer(  150): Vibrator Service
I/SystemServer(  150): Alarm Manager
I/SystemServer(  150): Init Watchdog
I/SystemServer(  150): Window Manager
I/InputManager(  150): Initializing input manager
W/StatusBarManager(  150): warning: no STATUS_BAR_SERVICE
I/InputManager(  150): Starting input manager
I/SystemServer(  150): Bluetooth Service
I/SystemServer(  150): Input Method Service
W/InputManagerService(  150): Couldn't create dir.: /data/system/inputmethod
I/SystemServer(  150): Accessibility Manager
I/ActivityManager(  150): Config changed: {1.0 0mcc0mnc en_US layoutdir=0 sw320dp w320dp h508dp nrml long port ?uimode ?night finger -keyb/v/h -nav/h s.2}
I/SystemServer(  150): Device Policy
I/SystemServer(  150): Status Bar
I/SystemServer(  150): Clipboard Service
I/SystemServer(  150): NetworkManagement Service
I/SystemServer(  150): Text Service Manager Service
I/SystemServer(  150): NetworkStats Service
I/SystemServer(  150): NetworkPolicy Service
I/SystemServer(  150): Wi-Fi P2pService
I/SystemServer(  150): Wi-Fi Service
I/SystemServer(  150): Connectivity Service
D/ConnectivityService(  150): ConnectivityService starting up
E/ConnectivityService(  150): Ignoring protectedNetwork 10
E/ConnectivityService(  150): Ignoring protectedNetwork 11
E/ConnectivityService(  150): Ignoring protectedNetwork 12
E/MobileDataStateTracker(  150): default: Ignoring feature request because could not acquire PhoneService
E/MobileDataStateTracker(  150): default: Could not enable APN type "default"
D/NetworkManagementService(  150): Registering observer
D/NetworkManagementService(  150): Registering observer
I/WifiService(  150): WifiService starting up with Wi-Fi disabled
I/SystemServer(  150): Throttle Service
I/SystemServer(  150): Mount Service
D/MountService(  150): got storage path: /mnt/sdcard description: USB storage primary: true removable: false emulated: false mtpReserve: 0 allowMassStorage: true maxFileSize: 4294967296
I/SystemServer(  150): Notification Manager
I/SystemServer(  150): Device Storage Monitor
I/SystemServer(  150): Location Manager
I/SystemServer(  150): Country Detector
I/SystemServer(  150): Search Service
I/SystemServer(  150): DropBox Service
I/SystemServer(  150): Wallpaper Service
I/SystemServer(  150): Audio Service
D/VoldCmdListener(   72): volume list
D/MountService(  150): volume state changed for /mnt/sdcard (null -> unmounted)
I/SystemServer(  150): Dock Observer
I/SystemServer(  150): Wired Accessory Observer
I/SystemServer(  150): USB Service
I/SystemServer(  150): UI Mode Manager Service
I/SystemServer(  150): Backup Service
V/BackupManagerService(  150): Initializing package tracking
V/BackupManagerService(  150): No ancestral data
V/BackupManagerService(  150): addPackageParticipantsLocked: null
I/BackupManagerService(  150): New app android never backed up; scheduling
I/BackupManagerService(  150): New app com.android.nfc never backed up; scheduling
I/BackupManagerService(  150): New app com.android.providers.settings never backed up; scheduling
I/BackupManagerService(  150): New app com.android.providers.userdictionary never backed up; scheduling
I/BackupManagerService(  150): New app com.android.sharedstoragebackup never backed up; scheduling
I/BackupManagerService(  150): New app com.android.vending never backed up; scheduling
I/BackupManagerService(  150): New app com.google.android.browser never backed up; scheduling
I/BackupManagerService(  150): New app com.google.android.calendar never backed up; scheduling
I/BackupManagerService(  150): New app com.google.android.gm never backed up; scheduling
I/BackupManagerService(  150): New app com.google.android.inputmethod.latin never backed up; scheduling
I/BackupManagerService(  150): New app org.connectbot never backed up; scheduling
V/BackupManagerService(  150): Registering transport android/com.android.internal.backup.LocalTransport = com.android.internal.backup.LocalTransport@414ddf68
V/BackupManagerService(  150): Starting with transport com.google.android.backup/.BackupTransportService
V/BackupManagerService(  150): Binding to Google transport
I/BackupManagerService(  150): Found stale backup journal, scheduling
I/BackupManagerService(  150):   android
I/BackupManagerService(  150):   com.android.nfc
I/BackupManagerService(  150):   com.android.providers.settings
I/BackupManagerService(  150):   com.android.providers.userdictionary
I/BackupManagerService(  150):   com.android.sharedstoragebackup
I/BackupManagerService(  150):   com.android.vending
I/BackupManagerService(  150):   com.google.android.browser
I/BackupManagerService(  150):   com.google.android.calendar
I/BackupManagerService(  150):   com.google.android.gm
I/BackupManagerService(  150):   com.google.android.inputmethod.latin
I/BackupManagerService(  150):   org.connectbot
I/BackupManagerService(  150): Backup enabled => false
I/BackupManagerService(  150): Opting out of backup
I/SystemServer(  150): AppWidget Service
I/SystemServer(  150): Recognition Service
I/SystemServer(  150): DiskStats Service
I/SystemServer(  150): SamplingProfiler Service
I/SystemServer(  150): NetworkTimeUpdateService
D/PowerManagerService(  150): system ready!
I/ActivityManager(  150): System now ready
I/SystemServer(  150): Making services ready
D/SystemServer(  150): Starting service: Intent { cmp=com.android.systemui/.SystemUIService }
I/ActivityManager(  150): Start proc com.android.systemui for service com.android.systemui/.SystemUIService: pid=217 uid=1000 gids={1015, 3002, 3001, 3003, 3007}
D/NetworkManagementService(  150): enabling bandwidth control
D/SystemUIService(  217): loading: class com.android.systemui.statusbar.phone.PhoneStatusBar
D/SystemUIService(  217): running: com.android.systemui.statusbar.phone.PhoneStatusBar@41328238
D/NetworkManagementService(  150): Registering observer
D/NetworkManagementService(  150): Registering observer
I/ActivityManager(  150): Config changed: {1.0 0mcc0mnc en_US layoutdir=0 sw320dp w320dp h508dp nrml long port finger -keyb/v/h -nav/h s.3}
I/StatusBarManagerService(  150): registerStatusBar bar=com.android.internal.statusbar.IStatusBar$Stub$Proxy@4136d5d8
D/PhoneStatusBar(  217): disable: < expand icons alerts ticker system_info BACK* HOME* RECENT* CLOCK* >
I/ActivityManager(  150): Start proc android.process.media for broadcast com.android.providers.media/.UsbReceiver: pid=266 uid=10014 gids={1015, 1023, 1024, 2001, 3003, 3007}
D/StorageNotification(  217): Startup with UMS connection false (media state unmounted)
D/SystemUIService(  217): loading: class com.android.systemui.power.PowerUI
D/SystemUIService(  217): running: com.android.systemui.power.PowerUI@41306ec0
I/StorageNotification(  217): UMS connection changed to false (media state unmounted)
I/ActivityManager(  150): Start proc com.android.wallpaper for service com.android.wallpaper/.nexus.NexusWallpaper: pid=279 uid=10030 gids={1006}
W/InputManagerService(  150): Ignoring setImeWindowStatus of uid 1000 token: null
I/ActivityManager(  150): Start proc com.google.android.inputmethod.latin for service com.google.android.inputmethod.latin/com.android.inputmethod.latin.LatinIME: pid=292 uid=10028 gids={}
D/NetworkManagementService(  150): Registering observer
W/ThrottleService(  150): unable to find stats for iface rmnet0
I/ActivityManager(  150): Start proc com.android.phone for added application com.android.phone: pid=314 uid=1001 gids={3002, 3001, 3003, 1015}
I/ActivityManager(  150): Start proc com.android.nfc for added application com.android.nfc: pid=327 uid=1027 gids={3002, 3001}
I/ActivityManager(  150): START {act=android.intent.action.MAIN cat=[android.intent.category.HOME] flg=0x10000000 cmp=com.android.launcher/com.android.launcher2.Launcher} from pid 0
D/WifiService(  150): New client listening to asynchronous messages
I/ActivityManager(  150): Start proc com.android.launcher for activity com.android.launcher/com.android.launcher2.Launcher: pid=341 uid=10029 gids={}
W/ActivityManager(  150): Unable to start service Intent { act=com.android.internal.telephony.IWapPushManager }: not found
I/ActivityManager(  150): Start proc com.google.android.inputmethod.latin.dictionarypack for content provider com.google.android.inputmethod.latin.dictionarypack/.DictionaryProvider: pid=389 uid=10027 gids={3003, 1015}
I/ActivityManager(  150): Start proc android.process.acore for content provider com.android.providers.userdictionary/.UserDictionaryProvider: pid=403 uid=10000 gids={3003, 1015}
W/ActivityManager(  150): Unable to start service Intent { act=com.android.ussd.IExtendedNetworkService }: not found
I/ActivityManager(  150): Start proc com.google.process.gapps for service com.google.android.location/.NetworkLocationService: pid=452 uid=10011 gids={3003, 1015, 1007, 2001, 3006}
I/StorageNotification(  217): UMS connection changed to false (media state unmounted)
I/ActivityManager(  150): Start proc com.android.settings for broadcast com.android.settings/.widget.SettingsAppWidgetProvider: pid=465 uid=1000 gids={1015, 3002, 3001, 3003, 3007}
V/BackupManagerService(  150): Connected to Google transport
V/BackupManagerService(  150): Registering transport com.google.android.backup/.BackupTransportService = com.google.android.backup.BackupTransportService$1@416725f0
D/PowerManagerService(  150): bootCompleted
V/DevicePolicyManagerService(  150): Sending password expiration notifications for action android.intent.action.BOOT_COMPLETED
D/VoldCmdListener(   72): volume mount /mnt/sdcard
I/Vold    (   72): /dev/block/vold/179:3 being considered for volume sdcard
D/Vold    (   72): Volume sdcard state changing 1 (Idle-Unmounted) -> 3 (Checking)
D/MountService(  150): volume state changed for /mnt/sdcard (unmounted -> checking)
I/StorageNotification(  217): Media {/mnt/sdcard} state changed from {unmounted} -> {checking}
D/MountService(  150): sendStorageIntent Intent { act=android.intent.action.MEDIA_CHECKING dat=file:///mnt/sdcard (has extras) }
V/WiredAccessoryObserver(  150): init()
W/WiredAccessoryObserver(  150): This kernel does not have wired headset support
W/WiredAccessoryObserver(  150): This kernel does not have wired headset support
I/ActivityManager(  150): Start proc com.android.contacts for broadcast com.android.contacts/.calllog.CallLogReceiver: pid=502 uid=10000 gids={3003, 1015}
I/ActivityManager(  150): Start proc com.android.providers.calendar for broadcast com.android.providers.calendar/.CalendarReceiver: pid=538 uid=10007 gids={3003, 1015}
I/ActivityManager(  150): Start proc com.google.android.deskclock for broadcast com.google.android.deskclock/com.android.deskclock.AlarmInitReceiver: pid=553 uid=10013 gids={}
I/ActivityManager(  150): Start proc com.google.android.email for broadcast com.google.android.email/com.android.email.service.EmailBroadcastReceiver: pid=568 uid=10015 gids={3003, 1015}
I/WifiService(  150): WifiService trying to set country code to us with persist set to true
I/ActivityManager(  150): Config changed: {1.0 310mcc260mnc en_US layoutdir=0 sw320dp w320dp h508dp nrml long port finger -keyb/v/h -nav/h s.4}
I/ActivityManager(  150): Start proc com.google.android.exchange for service com.google.android.exchange/com.android.exchange.ExchangeService: pid=584 uid=10016 gids={3003, 1015}
I/ActivityManager(  150): Start proc com.google.android.apps.genie.geniewidget for broadcast com.google.android.apps.genie.geniewidget/.miniwidget.MiniWidgetProvider: pid=600 uid=10018 gids={3003, 1015}
I/ActivityManager(  150): Start proc com.google.android.gm for broadcast com.google.android.gm/.MailIntentReceiver: pid=618 uid=10019 gids={3003, 1015}
I/ActivityManager(  150): Start proc com.google.android.partnersetup for broadcast com.google.android.partnersetup/.GooglePartnerSetup: pid=644 uid=10022 gids={3003}
I/ActivityManager(  150): Start proc com.google.android.gsf.login for service com.google.android.gsf.login/com.google.android.gsf.loginservice.GoogleLoginService: pid=655 uid=10011 gids={3003, 1015, 1007, 2001, 3006}
I/ActivityManager(  150): Start proc com.google.android.apps.maps:FriendService for broadcast com.google.android.apps.maps/com.google.googlenav.friend.android.ServiceReceiver: pid=689 uid=10032 gids={3003, 1015}
I/ActivityManager(  150): Start proc com.google.android.apps.maps:NetworkLocationService for service com.google.android.apps.maps/com.google.android.location.internal.server.NetworkLocationService: pid=706 uid=10032 gids={3003, 1015}
I/ActivityManager(  150): Start proc com.android.mms for broadcast com.android.mms/.transaction.MmsSystemEventReceiver: pid=718 uid=10036 gids={3003, 1015}
D/CountryDetectorService(  150): The first listener is added
W/ActivityManager(  150): Permission Denial: receiving Intent { act=android.intent.action.BOOT_COMPLETED flg=0x10 } to com.android.musicfx requires android.permission.RECEIVE_BOOT_COMPLETED due to sender null (uid 1000)
I/ActivityManager(  150): Start proc com.google.android.onetimeinitializer for broadcast com.google.android.onetimeinitializer/.OneTimeInitializerReceiver: pid=741 uid=10040 gids={}
I/ActivityManager(  150): Start proc com.google.android.talk for broadcast com.google.android.talk/.videochat.BootCompleteReceiver: pid=758 uid=10050 gids={3003, 1015, 1006, 3002}
D/ConnectivityService(  150): handleInetConditionChange: no active default network - ignore
I/ActivityManager(  150): Start proc com.google.android.videos for broadcast com.google.android.videos/com.google.android.youtube.videos.transfer.VideoDownloadService$BootReceiver: pid=781 uid=10053 gids={3003, 1015}
I/ActivityManager(  150): START {flg=0x10000000 cmp=com.google.android.gsf/.update.SystemUpdateInstallDialog} from pid 452
I/ActivityManager(  150): START {flg=0x10000000 cmp=com.google.android.gsf/.update.SystemUpdateDownloadDialog} from pid 452
I/ActivityManager(  150): Start proc com.android.voicedialer for broadcast com.android.voicedialer/.VoiceDialerReceiver: pid=827 uid=10055 gids={3002}
W/ActivityManager(  150): Permission Denial: receiving Intent { act=android.intent.action.BOOT_COMPLETED flg=0x10 } to com.google.android.youtube requires android.permission.RECEIVE_BOOT_COMPLETED due to sender null (uid 1000)
W/ActivityManager(  150): Permission Denial: receiving Intent { act=android.intent.action.BOOT_COMPLETED flg=0x10 } to com.google.android.youtube requires android.permission.RECEIVE_BOOT_COMPLETED due to sender null (uid 1000)
I/ActivityManager(  150): Start proc com.google.android.apps.googlevoice for broadcast com.google.android.apps.googlevoice/.BootUpReceiver: pid=840 uid=10058 gids={3003, 1015}
I/ActivityManager(  150): Start proc com.android.vending for broadcast com.android.vending/.MarketWidgetProvider: pid=857 uid=10043 gids={3003, 1015}
I/ActivityManager(  150): No longer want com.google.android.inputmethod.latin.dictionarypack (pid 389): hidden #16
I/ActivityManager(  150): No longer want com.android.contacts (pid 502): hidden #16
I/ActivityManager(  150): No longer want com.google.android.apps.genie.geniewidget (pid 600): hidden #16
I/ActivityManager(  150): Start proc com.google.android.apps.maps:LocationFriendService for broadcast com.google.android.apps.maps/com.google.googlenav.friend.reporting.LocationReportingIntentReceiver: pid=888 uid=10032 gids={3003, 1015}
I/ActivityManager(  150): No longer want com.google.android.gsf.login (pid 655): hidden #16
I/ActivityManager(  150): Start proc com.google.android.calendar for broadcast com.google.android.calendar/com.android.calendar.widget.CalendarAppWidgetService$CalendarFactory: pid=902 uid=10006 gids={3003}
I/ActivityManager(  150): No longer want com.google.android.partnersetup (pid 644): hidden #16
I/ActivityManager(  150): Start proc com.google.android.music:main for broadcast com.google.android.music/.store.MediaStoreImportService$Receiver: pid=920 uid=10037 gids={3003, 1015}
I/ActivityManager(  150): No longer want com.google.android.email (pid 568): hidden #16
I/ActivityManager(  150): No longer want com.google.android.exchange (pid 584): hidden #16
I/ActivityManager(  150): No longer want com.android.mms (pid 718): hidden #16
I/ActivityManager(  150): No longer want com.google.android.onetimeinitializer (pid 741): hidden #16
D/CountryDetectorService(  150): No listener is left
I/Vold    (   72): Filesystem check completed OK
I/Vold    (   72): Device /dev/block/vold/179:3, target /mnt/sdcard mounted @ /mnt/secure/staging
D/Vold    (   72): Volume sdcard state changing 3 (Checking) -> 4 (Mounted)
D/ConnectivityService(  150): ConnectivityChange for mobile: CONNECTED/CONNECTED
D/MountService(  150): volume state changed for /mnt/sdcard (checking -> mounted)
I/StorageNotification(  217): Media {/mnt/sdcard} state changed from {checking} -> {mounted}
D/MountService(  150): sendStorageIntent Intent { act=android.intent.action.MEDIA_MOUNTED dat=file:///mnt/sdcard (has extras) }
I/ActivityManager(  150): Start proc com.google.android.apps.uploader for broadcast com.google.android.apps.uploader/.ConnectivityBroadcastReceiver: pid=955 uid=10034 gids={3003}
D/PhoneStatusBar(  217): disable: < expand icons alerts ticker system_info back* home* recent* clock* >
D/VoldCmdListener(   72): asec list
W/PackageManager(  150): Not granting permission android.permission.SEND_DOWNLOAD_COMPLETED_INTENTS to package com.google.android.browser (protectionLevel=2 flags=0x9be45)
W/PackageManager(  150): Unknown permission com.android.vending.permission.UPDATE_MARKET_FAILURE in package com.android.vending.updater
W/PackageManager(  150): Unknown permission android.permission.ADD_SYSTEM_SERVICE in package com.android.phone
W/PackageManager(  150): Unknown permission com.android.smspush.WAPPUSH_MANAGER_BIND in package com.android.phone
W/PackageManager(  150): Unknown permission com.android.vending.billing.IBillingAccountService.BIND2 in package com.google.android.gsf.login
W/PackageManager(  150): Not granting permission android.permission.DEVICE_POWER to package com.google.android.deskclock (protectionLevel=2 flags=0x8be45)
W/PackageManager(  150): Unknown permission android.permission.READ_OWNER_DATA in package com.google.android.setupwizard
W/PackageManager(  150): Unknown permission android.permission.WRITE_OWNER_DATA in package com.google.android.setupwizard
W/PackageManager(  150): Not granting permission com.google.android.gm.permission.READ_GMAIL to package com.google.android.apps.uploader (protectionLevel=2 flags=0x8be45)
W/PackageManager(  150): Unknown permission android.permission.READ_EXTERNAL_STORAGE in package com.android.vending
W/PackageManager(  150): Not granting permission android.permission.SEND_DOWNLOAD_COMPLETED_INTENTS to package com.android.vending (protectionLevel=2 flags=0xabec5)
W/PackageManager(  150): Not granting permission android.permission.ACCOUNT_MANAGER to package com.google.android.music (protectionLevel=2 flags=0x8be65)
W/PackageManager(  150): Unknown permission com.android.providers.im.permission.READ_ONLY in package com.google.android.apps.maps
W/PackageManager(  150): Unknown permission android.permission.READ_EXTERNAL_STORAGE in package com.google.android.videoeditor
W/PackageManager(  150): Unknown permission com.google.android.apps.googlevoice.REMOTE_INTENT in package com.google.android.apps.googlevoice
W/PackageManager(  150): Unknown permission com.google.android.permission.RECEIVE_DATA_MESSAGE in package com.google.android.apps.googlevoice
W/PackageManager(  150): Unknown permission com.google.android.permission.SEND_DATA_MESSAGE in package com.google.android.apps.googlevoice
I/ActivityManager(  150): Start proc com.google.android.apps.plus for broadcast com.google.android.apps.plus/.service.PackagesMediaMonitor: pid=975 uid=10044 gids={3003, 1015, 1006}
I/ActivityManager(  150): No longer want com.google.android.videos (pid 781): hidden #16
I/ActivityManager(  150): No longer want com.android.voicedialer (pid 827): hidden #16
D/ConnectivityService(  150): handleInetConditionHoldEnd: net=0, condition=100, published condition=0
D/ConnectivityService(  150): handleInetConditionHoldEnd: net=0, condition=0, published condition=100
D/NetworkPolicy(  150): applying policy NetworkPolicy[NetworkTemplate: matchRule=MOBILE_ALL, subscriberId=valid]: cycleDay=15, warningBytes=2147483648, limitBytes=-1, lastSnooze=-1 to ifaces [rmnet0]
D/ConnectivityService(  150): handleInetConditionHoldEnd: net=0, condition=100, published condition=0
I/ActivityManager(  150): START {act=android.intent.action.MAIN cat=[android.intent.category.LAUNCHER] flg=0x10200000 cmp=net.szym.barnacle/.StatusActivity} from pid 341
I/ActivityManager(  150): Start proc net.szym.barnacle for activity net.szym.barnacle/.StatusActivity: pid=1014 uid=10065 gids={3003}
I/ActivityManager(  150): Start proc com.googlecode.android.wifi.tether for broadcast com.googlecode.android.wifi.tether/.WifiStateChangeReceiver: pid=1030 uid=10063 gids={3003, 3001, 3002, 1015}
I/ActivityManager(  150): No longer want com.google.android.apps.googlevoice (pid 840): hidden #16
W/InputManagerService(  150): Starting input on non-focused client com.android.internal.view.IInputMethodClient$Stub$Proxy@4167c4e0 (uid=10029 pid=341)
D/NetworkManagementService(  150): rsp <213 00:90:4c:11:22:33 0.0.0.0 0 [down broadcast multicast]>
D/NetworkManagementService(  150): flags <[down broadcast multicast]>
D/ConnectivityService(  150): ConnectivityChange for WIFI: DISCONNECTED/DISCONNECTED
D/ConnectivityService(  150): Attempting to switch to mobile
D/ConnectivityService(  150): Attempting to switch to BLUETOOTH_TETHER
D/NetworkPolicy(  150): applying policy NetworkPolicy[NetworkTemplate: matchRule=MOBILE_ALL, subscriberId=valid]: cycleDay=15, warningBytes=2147483648, limitBytes=-1, lastSnooze=-1 to ifaces [rmnet0]
D/NetworkPolicy(  150): applying policy NetworkPolicy[NetworkTemplate: matchRule=MOBILE_ALL, subscriberId=valid]: cycleDay=15, warningBytes=2147483648, limitBytes=-1, lastSnooze=-1 to ifaces [rmnet0]
D/NetlinkEvent(   75): Unexpected netlink message. type=0x11
E/ActivityManager(  150): Activity Manager Crash
E/ActivityManager(  150): java.lang.IllegalArgumentException: Unknown URI type: 7
E/ActivityManager(  150): 	at android.net.Uri$1.createFromParcel(Uri.java:1734)
E/ActivityManager(  150): 	at android.net.Uri$1.createFromParcel(Uri.java:1723)
E/ActivityManager(  150): 	at android.content.Intent.readFromParcel(Intent.java:6131)
E/ActivityManager(  150): 	at android.content.Intent.<init>(Intent.java:6126)
E/ActivityManager(  150): 	at android.content.Intent.readFromParcel(Intent.java:6153)
E/ActivityManager(  150): 	at android.content.Intent.<init>(Intent.java:6126)
E/ActivityManager(  150): 	at android.content.Intent$1.createFromParcel(Intent.java:6117)
E/ActivityManager(  150): 	at android.content.Intent$1.createFromParcel(Intent.java:6115)
E/ActivityManager(  150): 	at android.app.ActivityManagerNative.onTransact(ActivityManagerNative.java:298)
E/ActivityManager(  150): 	at com.android.server.am.ActivityManagerService.onTransact(ActivityManagerService.java:1545)
E/ActivityManager(  150): 	at android.os.Binder.execTransact(Binder.java:338)
E/ActivityManager(  150): 	at dalvik.system.NativeStart.run(Native Method)
D/ConnectivityService(  150): handleInetConditionHoldEnd: net=0, condition=100, published condition=100
D/ConnectivityService(  150): handleInetConditionHoldEnd: net=0, condition=0, published condition=100
D/ConnectivityService(  150): handleInetConditionHoldEnd: net=0, condition=100, published condition=0
W/InputManagerService(  150): Starting input on non-focused client com.android.internal.view.IInputMethodClient$Stub$Proxy@4178f180 (uid=10065 pid=1014)
I/ActivityManager(  150): No longer want com.android.vending (pid 857): hidden #16
D/PhoneStatusBar(  217): disable: < expand icons alerts ticker system_info back home RECENT* clock >
D/PhoneStatusBar(  217): disable: < expand icons alerts ticker system_info BACK* HOME* RECENT CLOCK* >
I/WindowManager(  150): Lock screen displayed!
I/WindowManager(  150): Lock screen displayed!
D/PhoneStatusBar(  217): disable: < expand icons alerts ticker system_info BACK HOME recent* CLOCK >
W/InputManagerService(  150): Window already focused, ignoring focus gain of: com.android.internal.view.IInputMethodClient$Stub$Proxy@416bafe0
D/PhoneStatusBar(  217): disable: < expand icons alerts ticker system_info back* home* recent clock* >
I/ActivityManager(  150): START {act=android.intent.action.MAIN cat=[android.intent.category.LAUNCHER] flg=0x10200000 cmp=edu.mit.csail.diplomamatrix/.StatusActivity} from pid 341
I/ActivityManager(  150): Start proc edu.mit.csail.diplomamatrix for activity edu.mit.csail.diplomamatrix/.StatusActivity: pid=1098 uid=10067 gids={1006, 1015, 3003}
W/InputManagerService(  150): Starting input on non-focused client com.android.internal.view.IInputMethodClient$Stub$Proxy@4167c4e0 (uid=10029 pid=341)
I/ActivityManager(  150): Start proc com.android.vending for broadcast com.android.vending/com.google.android.finsky.receivers.UpdateCheckReceiver: pid=1129 uid=10043 gids={3003, 1015}
I/ActivityManager(  150): No longer want com.google.android.gm (pid 618): hidden #16
W/InputManagerService(  150): Window already focused, ignoring focus gain of: com.android.internal.view.IInputMethodClient$Stub$Proxy@41722830
W/InputManagerService(  150): Window already focused, ignoring focus gain of: com.android.internal.view.IInputMethodClient$Stub$Proxy@41506778
W/InputManagerService(  150): Window already focused, ignoring focus gain of: com.android.internal.view.IInputMethodClient$Stub$Proxy@416df4b8
W/InputManagerService(  150): Window already focused, ignoring focus gain of: com.android.internal.view.IInputMethodClient$Stub$Proxy@417743d0
W/InputManagerService(  150): Window already focused, ignoring focus gain of: com.android.internal.view.IInputMethodClient$Stub$Proxy@416b43c8
W/InputManagerService(  150): Window already focused, ignoring focus gain of: com.android.internal.view.IInputMethodClient$Stub$Proxy@414378c0
W/InputManagerService(  150): Starting input on non-focused client com.android.internal.view.IInputMethodClient$Stub$Proxy@417769b8 (uid=10067 pid=1098)
I/ActivityManager(  150): No longer want com.google.android.apps.maps:FriendService (pid 689): hidden #16
I/WindowManager(  150): WIN DEATH: Window{41686c98 SurfaceView paused=false}
I/ActivityManager(  150): Process edu.mit.csail.diplomamatrix (pid 1098) has died.
I/WindowManager(  150): WIN DEATH: Window{415aa000 edu.mit.csail.diplomamatrix/edu.mit.csail.diplomamatrix.StatusActivity paused=false}
I/ActivityManager(  150): START {act=android.intent.action.MAIN cat=[android.intent.category.LAUNCHER] flg=0x10200000 cmp=edu.mit.csail.diplomamatrix/.StatusActivity} from pid 341
I/ActivityManager(  150): Start proc edu.mit.csail.diplomamatrix for activity edu.mit.csail.diplomamatrix/.StatusActivity: pid=1174 uid=10067 gids={1006, 1015, 3003}
W/InputManagerService(  150): Starting input on non-focused client com.android.internal.view.IInputMethodClient$Stub$Proxy@4167c4e0 (uid=10029 pid=341)
W/ActivityManager(  150): Activity destroy timeout for ActivityRecord{41830bb8 edu.mit.csail.diplomamatrix/.StatusActivity}
W/InputManagerService(  150): Window already focused, ignoring focus gain of: com.android.internal.view.IInputMethodClient$Stub$Proxy@416554c0
W/InputManagerService(  150): Window already focused, ignoring focus gain of: com.android.internal.view.IInputMethodClient$Stub$Proxy@4181c2f0
W/InputManagerService(  150): Window already focused, ignoring focus gain of: com.android.internal.view.IInputMethodClient$Stub$Proxy@416aa3b0
W/InputManagerService(  150): Window already focused, ignoring focus gain of: com.android.internal.view.IInputMethodClient$Stub$Proxy@416dcf98
W/InputManagerService(  150): Window already focused, ignoring focus gain of: com.android.internal.view.IInputMethodClient$Stub$Proxy@4135ef60
W/InputManagerService(  150): Window already focused, ignoring focus gain of: com.android.internal.view.IInputMethodClient$Stub$Proxy@4168caf0
W/InputManagerService(  150): Window already focused, ignoring focus gain of: com.android.internal.view.IInputMethodClient$Stub$Proxy@4169e158
W/InputManagerService(  150): Window already focused, ignoring focus gain of: com.android.internal.view.IInputMethodClient$Stub$Proxy@41385ec8
W/InputManagerService(  150): Window already focused, ignoring focus gain of: com.android.internal.view.IInputMethodClient$Stub$Proxy@416bc658
W/InputManagerService(  150): Window already focused, ignoring focus gain of: com.android.internal.view.IInputMethodClient$Stub$Proxy@414c4860
W/InputManagerService(  150): Window already focused, ignoring focus gain of: com.android.internal.view.IInputMethodClient$Stub$Proxy@414c23c8
W/InputManagerService(  150): Window already focused, ignoring focus gain of: com.android.internal.view.IInputMethodClient$Stub$Proxy@4167e448
W/InputManagerService(  150): Window already focused, ignoring focus gain of: com.android.internal.view.IInputMethodClient$Stub$Proxy@416b4ba0
W/InputManagerService(  150): Window already focused, ignoring focus gain of: com.android.internal.view.IInputMethodClient$Stub$Proxy@416e41b8
W/InputManagerService(  150): Window already focused, ignoring focus gain of: com.android.internal.view.IInputMethodClient$Stub$Proxy@416630e8
W/InputManagerService(  150): Window already focused, ignoring focus gain of: com.android.internal.view.IInputMethodClient$Stub$Proxy@41504750
W/InputManagerService(  150): Window already focused, ignoring focus gain of: com.android.internal.view.IInputMethodClient$Stub$Proxy@41507120
W/InputManagerService(  150): Window already focused, ignoring focus gain of: com.android.internal.view.IInputMethodClient$Stub$Proxy@414514f0
W/InputManagerService(  150): Window already focused, ignoring focus gain of: com.android.internal.view.IInputMethodClient$Stub$Proxy@41709518
W/InputManagerService(  150): Window already focused, ignoring focus gain of: com.android.internal.view.IInputMethodClient$Stub$Proxy@41537958
W/InputManagerService(  150): Window already focused, ignoring focus gain of: com.android.internal.view.IInputMethodClient$Stub$Proxy@415b17e8
W/InputManagerService(  150): Window already focused, ignoring focus gain of: com.android.internal.view.IInputMethodClient$Stub$Proxy@417774c0
W/InputManagerService(  150): Window already focused, ignoring focus gain of: com.android.internal.view.IInputMethodClient$Stub$Proxy@416c6028
W/InputManagerService(  150): Window already focused, ignoring focus gain of: com.android.internal.view.IInputMethodClient$Stub$Proxy@416b70e8
--------- beginning of /dev/log/main
I/UserApp ( 1174): 1333728353218: Inside UPLOAD_PHOTO!!
I/UserApp ( 1174): 1333728353220: my_gpinfo.isSuccess is now (should be true): true
I/UserApp ( 1174): 1333728353220: Region leader successfully uploaded a new photo taken by a client in region. Region leader now display the new photo on its screen (through StatusActivity)
I/StatusActivity( 1174): 1333728353221: end of client send picture method
I/VCoreDaemon( 1174): 1333728353238: Received PROC_REQUEST 10:9 (5,0)->(5,0), replying PROC_REPLY 10:9 (5,0)->(5,0)
I/VCoreDaemon( 1174): 1333728353241: Dispatching Atom PROC_REPLY 10:9 (5,0)->(5,0)
I/Mux     ( 1174): 1333728353243: I got a CSM packet at a leader 
I/NetworkThread( 1174): 1333728353244: Sending UDP payload: 949
I/VCoreDaemon( 1174): 1333728353248: Received PROC_REPLY 10:9 (5,0)->(5,0), handing to UserApp
I/UserApp ( 1174): 1333728353248: Now back in orginitator region's leader, precssing handleDSMReply
I/UserApp ( 1174): 1333728353248: Going to and from remote region took latency = 36
I/UserApp ( 1174): 1333728353248: = orig leader sent packet at 1333728353212 ~ received reply at 1333728353248
I/UserApp ( 1174): 1333728353251: Originator Region=5 Leader (for Client=5108) processes remote region's dsm atom reply and will send Packet reply to Originator Client
I/UserApp ( 1174): 1333728353251: reply packet contains the ACK for UPLOAD_PHOTO
I/UserApp ( 1174): 1333728353253: I (the leader) was also the originator client (id = 5108) so I hand the packet to my mux directly, without UDP
I/StatusActivity( 1174): 1333728353307: inside Packet.SERVER_SHOW_NEWPHOTO. I'm a leader showing my nonleader/myself client's new photo
I/StatusActivity( 1174): 1333728353310: I'm a leader and I SUCCEEDED in saving my client's new photo
I/StatusActivity( 1174): 1333728353310: now showing in UI the new photo I just saved ... 
I/StatusActivity( 1174): 1333728353310: the photo length: 3892
D/dalvikvm( 1174): GC_EXPLICIT freed 1654K, 23% free 10517K/13511K, paused 2ms+7ms
I/StatusActivity( 1174): 1333728353412: inside Packet.CLIENT_UPLOAD_PHOTO_ACK
I/StatusActivity( 1174): 1333728353412: leader upload new photo latency = 201
I/StatusActivity( 1174): 1333728353413: = leader upload start 1333728353211 ~ stop 1333728353412
I/StatusActivity( 1174): 1333728353436: takeNum=7 takeCamGood=7 takeGoodSave=7 takeBad=0 takeTimedout=0 getNum=18 getGood=3 getBad=0 getTimedout=15
I/StatusActivity( 1174): 1333728353436: SUCCESS! Client now knows saving photo on its leader succeeded
I/StatusActivity( 1174): Inside _enableButtons
I/StatusActivity( 1174): areButtonsEnabled --> true
D/dalvikvm(  150): GC_EXPLICIT freed 126K, 15% free 12556K/14663K, paused 2ms+5ms
W/InputManagerService(  150): Window already focused, ignoring focus gain of: com.android.internal.view.IInputMethodClient$Stub$Proxy@416df598
W/NetworkStats(  150): dropping UID delta from unknown iface: iface=wlan0 uid=10067 set=FOREGROUND tag=0x0 rxBytes=8038 rxPackets=7 txBytes=8038 txPackets=7 operations=0
I/VCoreDaemon( 1174): 1333728354857: inside sendPacket(Packet p)
I/NetworkThread( 1174): 1333728354866: Sending UDP payload: 406
D/AudioHardware(   81): AudioHardware pcm playback is going to standby.
D/AudioHardware(   81): closePcmOut_l() mPcmOpenCnt: 1
I/VCoreDaemon( 1174): 1333728359859: inside sendPacket(Packet p)
I/NetworkThread( 1174): 1333728359861: Sending UDP payload: 406
I/StatusActivity( 1174): 1333728360376: .......... GPS onLocationChanged ...... 
I/VCoreDaemon( 1174): 1333728360377: Loc = Location[mProvider=gps,mTime=1333814761000,mLatitude=42.364996574918294,mLongitude=-71.10275239542663,mHasAltitude=true,mAltitude=-29.0,mHasSpeed=true,mSpeed=0.3350409,mHasBearing=true,mBearing=321.52103,mHasAccuracy=true,mAccuracy=15.0,mExtras=Bundle[mParcelledData.dataSize=4]] Previous Region = (5,0)
I/VCoreDaemon( 1174): 1333728360378: GPS x/long:-71.10275239542663, GPS y/lat: 42.364996574918294. Region width in x: 51.96152422706632
I/VCoreDaemon( 1174): 1333728360378: location PINPOINTS to region = 5.0, previous 5
I/VCoreDaemon( 1174): 1333728360378: stay at region 5
D/dalvikvm( 1174): GC_CONCURRENT freed 393K, 23% free 10511K/13511K, paused 1ms+2ms
I/VCoreDaemon( 1174): 1333728364860: inside sendPacket(Packet p)
I/NetworkThread( 1174): 1333728364868: Sending UDP payload: 406
I/StatusActivity( 1174): 1333728369342: .......... GPS onLocationChanged ...... 
I/VCoreDaemon( 1174): 1333728369344: Loc = Location[mProvider=gps,mTime=1333814770000,mLatitude=42.36500435034247,mLongitude=-71.10273869845197,mHasAltitude=true,mAltitude=-20.0,mHasSpeed=true,mSpeed=0.0,mHasBearing=true,mBearing=65.655815,mHasAccuracy=true,mAccuracy=15.0,mExtras=Bundle[mParcelledData.dataSize=4]] Previous Region = (5,0)
I/VCoreDaemon( 1174): 1333728369345: GPS x/long:-71.10273869845197, GPS y/lat: 42.36500435034247. Region width in x: 51.96152422706632
I/VCoreDaemon( 1174): 1333728369345: location PINPOINTS to region = 5.0, previous 5
I/VCoreDaemon( 1174): 1333728369346: stay at region 5
I/VCoreDaemon( 1174): 1333728369862: inside sendPacket(Packet p)
I/NetworkThread( 1174): 1333728369866: Sending UDP payload: 406
I/StatusActivity( 1174): 1333728372313: .......... GPS onLocationChanged ...... 
I/VCoreDaemon( 1174): 1333728372314: Loc = Location[mProvider=gps,mTime=1333814773000,mLatitude=42.365004448792924,mLongitude=-71.1027224425268,mHasAltitude=true,mAltitude=-17.0,mHasSpeed=true,mSpeed=0.0,mHasBearing=true,mBearing=61.145,mHasAccuracy=true,mAccuracy=15.0,mExtras=Bundle[mParcelledData.dataSize=4]] Previous Region = (5,0)
I/VCoreDaemon( 1174): 1333728372324: GPS x/long:-71.1027224425268, GPS y/lat: 42.365004448792924. Region width in x: 51.96152422706632
I/VCoreDaemon( 1174): 1333728372325: location PINPOINTS to region = 5.0, previous 5
I/VCoreDaemon( 1174): 1333728372325: stay at region 5
I/VCoreDaemon( 1174): 1333728374864: inside sendPacket(Packet p)
I/NetworkThread( 1174): 1333728374873: Sending UDP payload: 406
I/StatusActivity( 1174): 1333728377324: .......... GPS onLocationChanged ...... 
I/VCoreDaemon( 1174): 1333728377325: Loc = Location[mProvider=gps,mTime=1333814778000,mLatitude=42.36501285393558,mLongitude=-71.10271528401914,mHasAltitude=true,mAltitude=-18.0,mHasSpeed=true,mSpeed=0.39259386,mHasBearing=true,mBearing=24.76027,mHasAccuracy=true,mAccuracy=15.0,mExtras=Bundle[mParcelledData.dataSize=4]] Previous Region = (5,0)
I/VCoreDaemon( 1174): 1333728377325: GPS x/long:-71.10271528401914, GPS y/lat: 42.36501285393558. Region width in x: 51.96152422706632
I/VCoreDaemon( 1174): 1333728377326: location PINPOINTS to region = 5.0, previous 5
I/VCoreDaemon( 1174): 1333728377326: stay at region 5
I/VCoreDaemon( 1174): 1333728379847: leader to cloud hearbeat...
I/VNC:Cloud( 1174): Executing makeRequest: http://hermes5.csail.mit.edu:8212/take/5/0/5108/1333728379848/
I/StatusActivity( 1174): 1333728381324: .......... GPS onLocationChanged ...... 
I/VCoreDaemon( 1174): 1333728381326: Loc = Location[mProvider=gps,mTime=1333814782000,mLatitude=42.36499848784076,mLongitude=-71.10270696942149,mHasAltitude=true,mAltitude=-22.0,mHasSpeed=true,mSpeed=0.0,mHasBearing=true,mBearing=27.263985,mHasAccuracy=true,mAccuracy=10.0,mExtras=Bundle[mParcelledData.dataSize=4]] Previous Region = (5,0)
I/VCoreDaemon( 1174): 1333728381326: GPS x/long:-71.10270696942149, GPS y/lat: 42.36499848784076. Region width in x: 51.96152422706632
I/VCoreDaemon( 1174): 1333728381326: location PINPOINTS to region = 5.0, previous 5
I/VCoreDaemon( 1174): 1333728381326: stay at region 5
I/VNC:Cloud( 1174): makeRequest Execute HTTP latency: 2314ms
I/VNC:Cloud( 1174): makeRequest() Cloud response length: 93
I/VNC:Cloud( 1174): Request executed: http://hermes5.csail.mit.edu:8212/take/5/0/5108/1333728379848/
I/VCoreDaemon( 1174): 1333728382228: inside sendPacket(Packet p)
I/NetworkThread( 1174): 1333728382236: Sending UDP payload: 406
W/NetworkStats(  150): dropping UID delta from unknown iface: iface=wlan0 uid=10067 set=FOREGROUND tag=0x0 rxBytes=2604 rxPackets=6 txBytes=2604 txPackets=6 operations=0
D/dalvikvm(  150): GC_CONCURRENT freed 679K, 14% free 12636K/14663K, paused 11ms+5ms
I/VCoreDaemon( 1174): 1333728387238: inside sendPacket(Packet p)
I/NetworkThread( 1174): 1333728387247: Sending UDP payload: 406
W/NetworkStats(  150): dropping UID delta from unknown iface: iface=wlan0 uid=10067 set=FOREGROUND tag=0x0 rxBytes=434 rxPackets=1 txBytes=434 txPackets=1 operations=0
I/VCoreDaemon( 1174): 1333728392240: inside sendPacket(Packet p)
I/NetworkThread( 1174): 1333728392241: Sending UDP payload: 406
I/StatusActivity( 1174): 1333728393326: .......... GPS onLocationChanged ...... 
I/VCoreDaemon( 1174): 1333728393327: Loc = Location[mProvider=gps,mTime=1333814794000,mLatitude=42.3650083090949,mLongitude=-71.10270928829063,mHasAltitude=true,mAltitude=-23.0,mHasSpeed=true,mSpeed=0.10880939,mHasBearing=true,mBearing=351.82016,mHasAccuracy=true,mAccuracy=15.0,mExtras=Bundle[mParcelledData.dataSize=4]] Previous Region = (5,0)
I/VCoreDaemon( 1174): 1333728393327: GPS x/long:-71.10270928829063, GPS y/lat: 42.3650083090949. Region width in x: 51.96152422706632
I/VCoreDaemon( 1174): 1333728393328: location PINPOINTS to region = 5.0, previous 5
I/VCoreDaemon( 1174): 1333728393328: stay at region 5
I/NetworkThread( 1174): 1333728394357: Received UDP payload: 406
I/NetworkThread( 1174): 1333728394967: Received UDP payload: 406
I/StatusActivity( 1174): 1333728395326: .......... GPS onLocationChanged ...... 
I/VCoreDaemon( 1174): 1333728395327: Loc = Location[mProvider=gps,mTime=1333814796000,mLatitude=42.3650148052792,mLongitude=-71.10271800581141,mHasAltitude=true,mAltitude=-23.0,mHasSpeed=true,mSpeed=0.0,mHasBearing=true,mBearing=343.21686,mHasAccuracy=true,mAccuracy=15.0,mExtras=Bundle[mParcelledData.dataSize=4]] Previous Region = (5,0)
I/VCoreDaemon( 1174): 1333728395327: GPS x/long:-71.10271800581141, GPS y/lat: 42.3650148052792. Region width in x: 51.96152422706632
I/VCoreDaemon( 1174): 1333728395327: location PINPOINTS to region = 5.0, previous 5
I/VCoreDaemon( 1174): 1333728395328: stay at region 5
D/dalvikvm( 1174): GC_CONCURRENT freed 348K, 22% free 10556K/13511K, paused 2ms+18ms
I/VCoreDaemon( 1174): 1333728397240: inside sendPacket(Packet p)
I/NetworkThread( 1174): 1333728397241: Sending UDP payload: 406
D/dalvikvm(  314): GC_CONCURRENT freed 424K, 6% free 9503K/10055K, paused 2ms+3ms
I/StatusActivity( 1174): 1333728401351: .......... GPS onLocationChanged ...... 
I/VCoreDaemon( 1174): 1333728401352: Loc = Location[mProvider=gps,mTime=1333814802000,mLatitude=42.36502194291888,mLongitude=-71.10272839590596,mHasAltitude=true,mAltitude=-29.0,mHasSpeed=true,mSpeed=0.08542495,mHasBearing=true,mBearing=6.9296165,mHasAccuracy=true,mAccuracy=10.0,mExtras=Bundle[mParcelledData.dataSize=4]] Previous Region = (5,0)
I/VCoreDaemon( 1174): 1333728401353: GPS x/long:-71.10272839590596, GPS y/lat: 42.36502194291888. Region width in x: 51.96152422706632
I/VCoreDaemon( 1174): 1333728401353: location PINPOINTS to region = 5.0, previous 5
I/VCoreDaemon( 1174): 1333728401353: stay at region 5
I/VCoreDaemon( 1174): 1333728402241: inside sendPacket(Packet p)
I/NetworkThread( 1174): 1333728402247: Sending UDP payload: 406
I/NetworkThread( 1174): 1333728405387: Received UDP payload: 406
I/VCoreDaemon( 1174): 1333728405391: heard LEADER_REQUEST from node 5114, responding LEADER_REPLY
I/VCoreDaemon( 1174): 1333728405527: inside sendPacket(Packet p)
I/NetworkThread( 1174): 1333728405544: Sending UDP payload: 30105
I/NetworkThread( 1174): 1333728406022: Received UDP payload: 406
I/VCoreDaemon( 1174): 1333728406026: heard LEADER_REQUEST from node 5114, responding LEADER_REPLY
D/dalvikvm( 1174): GC_CONCURRENT freed 413K, 22% free 10559K/13511K, paused 2ms+3ms
I/VCoreDaemon( 1174): 1333728406227: inside sendPacket(Packet p)
I/NetworkThread( 1174): 1333728406245: Sending UDP payload: 30105
I/NetworkThread( 1174): 1333728406306: Received UDP payload: 406
I/VCoreDaemon( 1174): 1333728406309: heard LEADER_REQUEST from node 5114, responding LEADER_REPLY
I/VCoreDaemon( 1174): 1333728406462: inside sendPacket(Packet p)
I/NetworkThread( 1174): 1333728406478: Sending UDP payload: 30105
D/dalvikvm( 1174): GC_CONCURRENT freed 361K, 22% free 10638K/13511K, paused 2ms+3ms
I/VCoreDaemon( 1174): 1333728407242: inside sendPacket(Packet p)
I/NetworkThread( 1174): 1333728407252: Sending UDP payload: 406
I/VCoreDaemon( 1174): 1333728412228: leader to cloud hearbeat...
I/VNC:Cloud( 1174): Executing makeRequest: http://hermes5.csail.mit.edu:8212/take/5/0/5108/1333728412229/
I/VNC:Cloud( 1174): makeRequest Execute HTTP latency: 5306ms
I/VNC:Cloud( 1174): makeRequest() Cloud response length: 93
I/VNC:Cloud( 1174): Request executed: http://hermes5.csail.mit.edu:8212/take/5/0/5108/1333728412229/
I/VCoreDaemon( 1174): 1333728417606: inside sendPacket(Packet p)
I/NetworkThread( 1174): 1333728417614: Sending UDP payload: 406
I/NetworkThread( 1174): 1333728418954: Received UDP payload: 406
I/VCoreDaemon( 1174): 1333728418983: heard LEADER_REQUEST from node 5114, responding LEADER_REPLY
I/VCoreDaemon( 1174): 1333728419109: inside sendPacket(Packet p)
I/NetworkThread( 1174): 1333728419118: Sending UDP payload: 30105
I/NetworkThread( 1174): 1333728419598: Received UDP payload: 406
I/VCoreDaemon( 1174): 1333728419646: heard LEADER_REQUEST from node 5114, responding LEADER_REPLY
D/dalvikvm( 1174): GC_CONCURRENT freed 496K, 22% free 10585K/13511K, paused 4ms+3ms
I/VCoreDaemon( 1174): 1333728419845: inside sendPacket(Packet p)
I/NetworkThread( 1174): 1333728419852: Sending UDP payload: 30105
I/NetworkThread( 1174): 1333728419921: Received UDP payload: 406
I/VCoreDaemon( 1174): 1333728419935: heard LEADER_REQUEST from node 5114, responding LEADER_REPLY
I/VCoreDaemon( 1174): 1333728420108: inside sendPacket(Packet p)
I/NetworkThread( 1174): 1333728420118: Sending UDP payload: 30105
D/dalvikvm( 1174): GC_CONCURRENT freed 385K, 22% free 10638K/13511K, paused 2ms+2ms
I/VCoreDaemon( 1174): 1333728422617: inside sendPacket(Packet p)
I/NetworkThread( 1174): 1333728422627: Sending UDP payload: 406
W/NetworkStats(  150): dropping UID delta from unknown iface: iface=wlan0 uid=10067 set=FOREGROUND tag=0x0 rxBytes=186874 rxPackets=20 txBytes=183402 txPackets=12 operations=0
I/StatusActivity( 1174): 1333728426379: .......... GPS onLocationChanged ...... 
I/VCoreDaemon( 1174): 1333728426380: Loc = Location[mProvider=gps,mTime=1333814827000,mLatitude=42.365004905020136,mLongitude=-71.10272562125083,mHasAltitude=true,mAltitude=-22.0,mHasSpeed=true,mSpeed=0.0,mHasBearing=true,mBearing=163.63362,mHasAccuracy=true,mAccuracy=15.0,mExtras=Bundle[mParcelledData.dataSize=4]] Previous Region = (5,0)
I/VCoreDaemon( 1174): 1333728426380: GPS x/long:-71.10272562125083, GPS y/lat: 42.365004905020136. Region width in x: 51.96152422706632
I/VCoreDaemon( 1174): 1333728426380: location PINPOINTS to region = 5.0, previous 5
I/VCoreDaemon( 1174): 1333728426380: stay at region 5
D/dalvikvm(  150): GC_CONCURRENT freed 850K, 14% free 12652K/14663K, paused 32ms+17ms
I/VCoreDaemon( 1174): 1333728427619: inside sendPacket(Packet p)
I/NetworkThread( 1174): 1333728427646: Sending UDP payload: 406
I/VCoreDaemon( 1174): 1333728432625: inside sendPacket(Packet p)
I/NetworkThread( 1174): 1333728432627: Sending UDP payload: 406
I/NetworkThread( 1174): 1333728435470: Received UDP payload: 406
