I/NetworkThread( 1302): 1333728700122: Received UDP payload: 39585
I/NetworkThread( 1302): 1333728700387: Received UDP payload: 406
I/StatusActivity( 1302): 1333728700456: .......... GPS onLocationChanged ...... 
I/VCoreDaemon( 1302): 1333728700457: Loc = Location[mProvider=gps,mTime=1333815101000,mLatitude=42.36472941765118,mLongitude=-71.10234822015528,mHasAltitude=true,mAltitude=-22.0,mHasSpeed=true,mSpeed=0.42217356,mHasBearing=true,mBearing=124.36342,mHasAccuracy=true,mAccuracy=10.0,mExtras=Bundle[mParcelledData.dataSize=4]] Previous Region = (4,0)
I/VCoreDaemon( 1302): 1333728700458: GPS x/long:-71.10234822015528, GPS y/lat: 42.36472941765118. Region width in x: 51.96152422706632
I/VCoreDaemon( 1302): 1333728700458: location PINPOINTS to region = 4.0, previous 4
I/VCoreDaemon( 1302): 1333728700458: stay at region 4
I/NetworkThread( 1302): 1333728700930: Received UDP payload: 39585
I/StatusActivity( 1302): 1333728702456: .......... GPS onLocationChanged ...... 
I/VCoreDaemon( 1302): 1333728702457: Loc = Location[mProvider=gps,mTime=1333815103000,mLatitude=42.364726565278616,mLongitude=-71.10233404806772,mHasAltitude=true,mAltitude=-19.0,mHasSpeed=true,mSpeed=0.4497332,mHasBearing=true,mBearing=122.18698,mHasAccuracy=true,mAccuracy=10.0,mExtras=Bundle[mParcelledData.dataSize=4]] Previous Region = (4,0)
I/VCoreDaemon( 1302): 1333728702458: GPS x/long:-71.10233404806772, GPS y/lat: 42.364726565278616. Region width in x: 51.96152422706632
I/VCoreDaemon( 1302): 1333728702458: location PINPOINTS to region = 4.0, previous 4
I/VCoreDaemon( 1302): 1333728702458: stay at region 4
D/dalvikvm( 1302): GC_CONCURRENT freed 294K, 30% free 10591K/15111K, paused 2ms+3ms
I/StatusActivity( 1302): 1333728703455: .......... GPS onLocationChanged ...... 
I/VCoreDaemon( 1302): 1333728703456: Loc = Location[mProvider=gps,mTime=1333815104000,mLatitude=42.364723245933384,mLongitude=-71.10232245125317,mHasAltitude=true,mAltitude=-20.0,mHasSpeed=true,mSpeed=0.0,mHasBearing=true,mBearing=118.32559,mHasAccuracy=true,mAccuracy=10.0,mExtras=Bundle[mParcelledData.dataSize=4]] Previous Region = (4,0)
I/VCoreDaemon( 1302): 1333728703457: GPS x/long:-71.10232245125317, GPS y/lat: 42.364723245933384. Region width in x: 51.96152422706632
I/VCoreDaemon( 1302): 1333728703457: location PINPOINTS to region = 4.0, previous 4
I/VCoreDaemon( 1302): 1333728703457: stay at region 4
I/NetworkThread( 1302): 1333728703657: Received UDP payload: 406
I/NetworkThread( 1302): 1333728703773: Received UDP payload: 949
I/Mux     ( 1302): 1333728703792: GOT CSM_Msg
I/NetworkThread( 1302): 1333728703889: Received UDP payload: 406
I/NetworkThread( 1302): 1333728704217: Received UDP payload: 406
I/NetworkThread( 1302): 1333728704520: Received UDP payload: 406
I/NetworkThread( 1302): 1333728704814: Received UDP payload: 406
I/NetworkThread( 1302): 1333728705333: Received UDP payload: 949
I/Mux     ( 1302): 1333728705366: GOT CSM_Msg
I/StatusActivity( 1302): 1333728705453: .......... GPS onLocationChanged ...... 
I/VCoreDaemon( 1302): 1333728705454: Loc = Location[mProvider=gps,mTime=1333815106000,mLatitude=42.36471437600744,mLongitude=-71.1023058058861,mHasAltitude=true,mAltitude=-20.0,mHasSpeed=true,mSpeed=0.53102595,mHasBearing=true,mBearing=141.42226,mHasAccuracy=true,mAccuracy=10.0,mExtras=Bundle[mParcelledData.dataSize=4]] Previous Region = (4,0)
I/VCoreDaemon( 1302): 1333728705455: GPS x/long:-71.1023058058861, GPS y/lat: 42.36471437600744. Region width in x: 51.96152422706632
I/VCoreDaemon( 1302): 1333728705455: location PINPOINTS to region = 4.0, previous 4
I/VCoreDaemon( 1302): 1333728705455: stay at region 4
I/NetworkThread( 1302): 1333728705703: Received UDP payload: 39896
I/NetworkThread( 1302): 1333728705732: Received UDP payload: 949
I/Mux     ( 1302): 1333728705735: GOT CSM_Msg
I/NetworkThread( 1302): 1333728705751: Received UDP payload: 949
I/Mux     ( 1302): 1333728705759: GOT CSM_Msg
I/NetworkThread( 1302): 1333728706084: Received UDP payload: 39896
I/NetworkThread( 1302): 1333728706094: Received UDP payload: 949
I/Mux     ( 1302): 1333728706097: GOT CSM_Msg
I/NetworkThread( 1302): 1333728706104: Received UDP payload: 949
I/Mux     ( 1302): 1333728706119: GOT CSM_Msg
I/NetworkThread( 1302): 1333728706124: Received UDP payload: 949
I/Mux     ( 1302): 1333728706136: GOT CSM_Msg
I/NetworkThread( 1302): 1333728706137: Received UDP payload: 949
I/Mux     ( 1302): 1333728706154: GOT CSM_Msg
I/NetworkThread( 1302): 1333728706155: Received UDP payload: 949
I/Mux     ( 1302): 1333728706162: GOT CSM_Msg
I/NetworkThread( 1302): 1333728706163: Received UDP payload: 949
I/Mux     ( 1302): 1333728706166: GOT CSM_Msg
I/NetworkThread( 1302): 1333728706171: Received UDP payload: 949
I/Mux     ( 1302): 1333728706186: GOT CSM_Msg
I/NetworkThread( 1302): 1333728706190: Received UDP payload: 770
I/Mux     ( 1302): 1333728706219: GOT CSM_Msg
D/dalvikvm( 1302): GC_CONCURRENT freed 325K, 30% free 10669K/15111K, paused 2ms+2ms
I/NetworkThread( 1302): 1333728706289: Received UDP payload: 406
I/NetworkThread( 1302): 1333728706589: Received UDP payload: 406
I/NetworkThread( 1302): 1333728706889: Received UDP payload: 406
I/NetworkThread( 1302): 1333728706976: Received UDP payload: 39730
I/NetworkThread( 1302): 1333728707330: Received UDP payload: 39730
I/StatusActivity( 1302): 1333728707485: .......... GPS onLocationChanged ...... 
I/VCoreDaemon( 1302): 1333728707486: Loc = Location[mProvider=gps,mTime=1333815108000,mLatitude=42.36470641919516,mLongitude=-71.10228319111779,mHasAltitude=true,mAltitude=-16.0,mHasSpeed=true,mSpeed=0.66416925,mHasBearing=true,mBearing=125.02678,mHasAccuracy=true,mAccuracy=10.0,mExtras=Bundle[mParcelledData.dataSize=4]] Previous Region = (4,0)
I/VCoreDaemon( 1302): 1333728707487: GPS x/long:-71.10228319111779, GPS y/lat: 42.36470641919516. Region width in x: 51.96152422706632
I/VCoreDaemon( 1302): 1333728707487: location PINPOINTS to region = 4.0, previous 4
I/VCoreDaemon( 1302): 1333728707487: stay at region 4
I/NetworkThread( 1302): 1333728707699: Received UDP payload: 39730
I/NetworkThread( 1302): 1333728707726: Received UDP payload: 406
I/StatusActivity( 1302): 1333728709457: .......... GPS onLocationChanged ...... 
I/VCoreDaemon( 1302): 1333728709458: Loc = Location[mProvider=gps,mTime=1333815110000,mLatitude=42.364695784722116,mLongitude=-71.1022648046996,mHasAltitude=true,mAltitude=-20.0,mHasSpeed=true,mSpeed=0.7705854,mHasBearing=true,mBearing=134.35161,mHasAccuracy=true,mAccuracy=10.0,mExtras=Bundle[mParcelledData.dataSize=4]] Previous Region = (4,0)
I/VCoreDaemon( 1302): 1333728709458: GPS x/long:-71.1022648046996, GPS y/lat: 42.364695784722116. Region width in x: 51.96152422706632
I/VCoreDaemon( 1302): 1333728709458: location PINPOINTS to region = 4.0, previous 4
I/VCoreDaemon( 1302): 1333728709458: stay at region 4
I/NetworkThread( 1302): 1333728710958: Received UDP payload: 406
I/NetworkThread( 1302): 1333728711455: Received UDP payload: 406
I/StatusActivity( 1302): 1333728711461: .......... GPS onLocationChanged ...... 
I/VCoreDaemon( 1302): 1333728711465: Loc = Location[mProvider=gps,mTime=1333815112000,mLatitude=42.364682235191296,mLongitude=-71.10225594762372,mHasAltitude=true,mAltitude=-18.0,mHasSpeed=true,mSpeed=0.402471,mHasBearing=true,mBearing=143.26114,mHasAccuracy=true,mAccuracy=10.0,mExtras=Bundle[mParcelledData.dataSize=4]] Previous Region = (4,0)
I/VCoreDaemon( 1302): 1333728711466: GPS x/long:-71.10225594762372, GPS y/lat: 42.364682235191296. Region width in x: 51.96152422706632
I/VCoreDaemon( 1302): 1333728711466: location PINPOINTS to region = 4.0, previous 4
I/VCoreDaemon( 1302): 1333728711466: stay at region 4
I/NetworkThread( 1302): 1333728711517: Received UDP payload: 406
I/NetworkThread( 1302): 1333728711555: Received UDP payload: 39730
I/NetworkThread( 1302): 1333728712169: Received UDP payload: 406
I/NetworkThread( 1302): 1333728712960: Received UDP payload: 406
I/NetworkThread( 1302): 1333728713741: Received UDP payload: 406
I/StatusActivity( 1302): 1333728714627: HI I'm in ONPAUSE()
W/InputManagerService(  152): Starting input on non-focused client com.android.internal.view.IInputMethodClient$Stub$Proxy@4159ff40 (uid=10067 pid=1302)
D/dalvikvm(  341): GC_CONCURRENT freed 2601K, 37% free 12660K/19911K, paused 2ms+20ms
D/dalvikvm(  341): GC_FOR_ALLOC freed 321K, 33% free 13386K/19911K, paused 55ms
D/dalvikvm(  341): GC_FOR_ALLOC freed <1K, 32% free 13629K/19911K, paused 22ms
D/dalvikvm(  341): GC_CONCURRENT freed 951K, 29% free 14207K/19911K, paused 2ms+25ms
D/dalvikvm(  341): GC_FOR_ALLOC freed 290K, 27% free 14704K/19911K, paused 96ms
I/StatusActivity( 1302): 1333728715561: .......... GPS onLocationChanged ...... 
I/VCoreDaemon( 1302): 1333728715577: Loc = Location[mProvider=gps,mTime=1333815116000,mLatitude=42.364672529643684,mLongitude=-71.10225020471273,mHasAltitude=true,mAltitude=-13.0,mHasSpeed=true,mSpeed=0.043175235,mHasBearing=true,mBearing=185.43593,mHasAccuracy=true,mAccuracy=10.0,mExtras=Bundle[mParcelledData.dataSize=4]] Previous Region = (4,0)
I/VCoreDaemon( 1302): 1333728715578: GPS x/long:-71.10225020471273, GPS y/lat: 42.364672529643684. Region width in x: 51.96152422706632
I/VCoreDaemon( 1302): 1333728715578: location PINPOINTS to region = 4.0, previous 4
I/VCoreDaemon( 1302): 1333728715578: stay at region 4
D/dalvikvm(  341): GC_FOR_ALLOC freed 1842K, 27% free 14621K/19911K, paused 44ms
I/CameraSurfaceView( 1302): inside surfaceDestroyed()
I/CameraHardwareSec(   81): int android::CameraHardwareSec::previewThreadWrapper(): calling mSecCamera->stopPreview() and waiting
I/CameraSurfaceView( 1302): inside surfaceDestroyed()
I/CameraHardwareSec(   81): void android::CameraHardwareSec::stopPreviewInternal() : preview not running, doing nothing
I/CameraHardwareSec(   81): int android::CameraHardwareSec::previewThreadWrapper(): return from wait
I/CameraHardwareSec(   81): int android::CameraHardwareSec::previewThreadWrapper(): exiting
W/SecCamera(   81): int android::SecCamera::stopPreview(): doing nothing because m_flag_camera_start is zero
W/SecCamera(   81): int android::SecCamera::stopRecord(): doing nothing because m_flag_record_start is zero
I/SecCamera(   81): DeinitCamera: m_cam_fd(24)
I/SecCamera(   81): DeinitCamera: m_cam_fd2(25)
E/CameraHardwareSec(   81): preview window is NULL!
I/CameraService(   81): Destroying camera 0
I/CameraHardwareSec(   81): int android::HAL_camera_device_close(hw_device_t*)
I/SecCamera(   81): DeinitCamera : already deinitialized
W/AudioFlinger(   81): session id 23 not found for pid 81
W/AudioFlinger(   81): session id 24 not found for pid 81
D/dalvikvm(  341): GC_CONCURRENT freed 2336K, 30% free 14083K/19911K, paused 1ms+4ms
D/dalvikvm(  341): GC_FOR_ALLOC freed 733K, 28% free 14430K/19911K, paused 30ms
D/dalvikvm(  341): GC_CONCURRENT freed 144K, 20% free 15988K/19911K, paused 2ms+13ms
D/dalvikvm(  341): GC_FOR_ALLOC freed 2462K, 28% free 14441K/19911K, paused 29ms
I/ActivityManager(  152): No longer want com.android.providers.calendar (pid 583): hidden #16
D/dalvikvm(  341): GC_CONCURRENT freed 1020K, 24% free 15216K/19911K, paused 2ms+7ms
I/StatusActivity( 1302): 1333728716243: inside onDestroy()
I/Mux     ( 1302): Stop request encountered.
D/Mux     ( 1302): Waiting for VCoreDaemon to stop...
I/StatusActivity( 1302): 1333728716358: no camera to close
I/StatusActivity( 1302): 1333728716358: close everything else
D/dalvikvm(  218): GC_CONCURRENT freed 583K, 8% free 10120K/10951K, paused 2ms+2ms
D/dalvikvm(  218): GC_CONCURRENT freed 306K, 7% free 10234K/10951K, paused 2ms+2ms
I/ActivityManager(  152): Process edu.mit.csail.diplomamatrix (pid 1302) has died.
I/WindowManager(  152): WIN DEATH: Window{415b7dd8 edu.mit.csail.diplomamatrix/edu.mit.csail.diplomamatrix.StatusActivity paused=false}
W/WindowManager(  152): Force-removing child win Window{41698800 SurfaceView paused=false} from container Window{415b7dd8 edu.mit.csail.diplomamatrix/edu.mit.csail.diplomamatrix.StatusActivity paused=false}
W/NetworkStats(  152): dropping UID delta from unknown iface: iface=wlan0 uid=0 set=DEFAULT tag=0x0 rxBytes=1319 rxPackets=3 txBytes=0 txPackets=0 operations=0
W/NetworkStats(  152): dropping UID delta from unknown iface: iface=wlan0 uid=10067 set=FOREGROUND tag=0x0 rxBytes=339129 rxPackets=41 txBytes=0 txPackets=0 operations=0
D/dalvikvm(  311): GC_CONCURRENT freed 428K, 6% free 9505K/10055K, paused 14ms+2ms
W/ActivityManager(  152): Activity destroy timeout for ActivityRecord{4151b490 edu.mit.csail.diplomamatrix/.StatusActivity}
I/GPS     (  152): gps_engine_status_update: called release_wakelock_cb
I/GTalkService/c(  453): [AndroidEndpoint@1094469624] connect: acct=1000000, state=CONNECTING
D/ConnectivityService(  152): handleInetConditionHoldEnd: net=0, condition=100, published condition=0
W/Smack/Packet(  453): notify conn break (IOEx), close connection
D/dalvikvm(  152): GC_CONCURRENT freed 777K, 13% free 12637K/14471K, paused 17ms+5ms
D/ConnectivityService(  152): handleInetConditionHoldEnd: net=0, condition=0, published condition=100
W/NetworkStats(  152): dropping UID delta from unknown iface: iface=wlan0 uid=0 set=DEFAULT tag=0x0 rxBytes=4900 rxPackets=10 txBytes=0 txPackets=0 operations=0
W/NetworkStats(  152): dropping UID delta from unknown iface: iface=wlan0 uid=0 set=DEFAULT tag=0x0 rxBytes=42127 rxPackets=27 txBytes=0 txPackets=0 operations=0
I/power   (  152): *** set_screen_state 0
D/SurfaceFlinger(   78): About to give-up screen, flinger = 0xa70918
D/NfcService(  325): NFC-C OFF, disconnect
D/dalvikvm(  152): GC_CONCURRENT freed 583K, 12% free 12864K/14471K, paused 3ms+5ms
D/dalvikvm(  152): GC_FOR_ALLOC freed 62K, 11% free 13012K/14471K, paused 38ms
I/dalvikvm-heap(  152): Grow heap (frag case) to 12.884MB for 104992-byte allocation
D/dalvikvm(  152): GC_FOR_ALLOC freed 1K, 11% free 13114K/14599K, paused 39ms
D/dalvikvm(  152): GC_FOR_ALLOC freed <1K, 11% free 13115K/14599K, paused 38ms
I/dalvikvm-heap(  152): Grow heap (frag case) to 12.985MB for 104992-byte allocation
D/dalvikvm(  152): GC_FOR_ALLOC freed <1K, 11% free 13217K/14727K, paused 38ms
V/TransportControlView(  152): Create TCV com.android.internal.widget.TransportControlView@41523d40
D/PhoneStatusBar(  218): disable: < expand icons alerts ticker system_info back home RECENT* clock >
D/AudioHardware(   81): AudioHardware pcm playback is exiting standby.
D/AudioHardware(   81): openPcmOut_l() mPcmOpenCnt: 0
D/PhoneStatusBar(  218): disable: < expand icons alerts ticker system_info BACK* HOME* RECENT CLOCK* >
D/AudioHardware(   81): AudioHardware pcm playback is going to standby.
D/AudioHardware(   81): closePcmOut_l() mPcmOpenCnt: 1
D/dalvikvm(  218): GC_CONCURRENT freed 543K, 8% free 10078K/10951K, paused 14ms+3ms
I/power   (  152): *** set_screen_state 1
I/WindowManager(  152): Lock screen displayed!
D/SurfaceFlinger(   78): Screen about to return, flinger = 0xa70918
I/power   (  152): *** set_screen_state 0
D/SurfaceFlinger(   78): About to give-up screen, flinger = 0xa70918
D/dalvikvm(  152): GC_FOR_ALLOC freed 368K, 10% free 13290K/14727K, paused 43ms
D/dalvikvm(  152): GC_FOR_ALLOC freed 35K, 9% free 13411K/14727K, paused 41ms
I/dalvikvm-heap(  152): Grow heap (frag case) to 13.273MB for 104992-byte allocation
D/dalvikvm(  152): GC_FOR_ALLOC freed 2K, 10% free 13511K/14855K, paused 40ms
D/dalvikvm(  152): GC_FOR_ALLOC freed <1K, 10% free 13512K/14855K, paused 39ms
I/dalvikvm-heap(  152): Grow heap (frag case) to 13.372MB for 104992-byte allocation
D/dalvikvm(  152): GC_FOR_ALLOC freed <1K, 10% free 13614K/14983K, paused 38ms
D/dalvikvm(  152): GC_FOR_ALLOC freed <1K, 10% free 13616K/14983K, paused 39ms
I/dalvikvm-heap(  152): Grow heap (frag case) to 13.473MB for 104992-byte allocation
D/dalvikvm(  152): GC_FOR_ALLOC freed 1K, 10% free 13717K/15111K, paused 40ms
D/dalvikvm(  152): GC_FOR_ALLOC freed <1K, 10% free 13718K/15111K, paused 40ms
I/dalvikvm-heap(  152): Grow heap (frag case) to 13.573MB for 104992-byte allocation
D/dalvikvm(  152): GC_FOR_ALLOC freed <1K, 10% free 13820K/15239K, paused 39ms
V/TransportControlView(  152): Create TCV com.android.internal.widget.TransportControlView@41667d50
W/NetworkStats(  152): dropping UID delta from unknown iface: iface=wlan0 uid=0 set=DEFAULT tag=0x0 rxBytes=91448 rxPackets=77 txBytes=0 txPackets=0 operations=0
D/dalvikvm(  311): GC_CONCURRENT freed 420K, 6% free 9507K/10055K, paused 2ms+2ms
I/GTalkService/c(  453): [AndroidEndpoint@1094469624] connect: acct=1000000, state=CONNECTING
D/dalvikvm(  152): GC_EXPLICIT freed 826K, 12% free 13442K/15239K, paused 19ms+5ms
D/dalvikvm(  453): GC_CONCURRENT freed 326K, 6% free 9968K/10567K, paused 14ms+3ms
D/ConnectivityService(  152): handleInetConditionHoldEnd: net=0, condition=100, published condition=0
W/Smack/Packet(  453): notify conn break (IOEx), close connection
D/ConnectivityService(  152): handleInetConditionHoldEnd: net=0, condition=0, published condition=100
I/GTalkService/c(  453): [AndroidEndpoint@1094469624] connect: acct=1000000, state=CONNECTING
D/dalvikvm(  453): GC_CONCURRENT freed 375K, 6% free 10008K/10567K, paused 13ms+3ms
D/ConnectivityService(  152): handleInetConditionHoldEnd: net=0, condition=100, published condition=0
W/Smack/Packet(  453): notify conn break (IOEx), close connection
D/ConnectivityService(  152): handleInetConditionHoldEnd: net=0, condition=0, published condition=100
I/GTalkService/c(  453): [AndroidEndpoint@1094469624] connect: acct=1000000, state=CONNECTING
D/ConnectivityService(  152): handleInetConditionHoldEnd: net=0, condition=100, published condition=0
D/dalvikvm(  311): GC_CONCURRENT freed 442K, 6% free 9503K/10055K, paused 13ms+2ms
W/Smack/Packet(  453): notify conn break (IOEx), close connection
D/dalvikvm(  152): GC_CONCURRENT freed 1051K, 12% free 13445K/15239K, paused 17ms+5ms
D/ConnectivityService(  152): handleInetConditionHoldEnd: net=0, condition=0, published condition=100
I/GTalkService/c(  453): [AndroidEndpoint@1094469624] connect: acct=1000000, state=CONNECTING
D/dalvikvm(  453): GC_CONCURRENT freed 435K, 6% free 10023K/10567K, paused 2ms+3ms
D/ConnectivityService(  152): handleInetConditionHoldEnd: net=0, condition=100, published condition=0
W/Smack/Packet(  453): notify conn break (IOEx), close connection
D/ConnectivityService(  152): handleInetConditionHoldEnd: net=0, condition=0, published condition=100
I/GTalkService/c(  453): [AndroidEndpoint@1094469624] connect: acct=1000000, state=CONNECTING
D/ConnectivityService(  152): handleInetConditionHoldEnd: net=0, condition=100, published condition=0
W/Smack/Packet(  453): notify conn break (IOEx), close connection
D/ConnectivityService(  152): handleInetConditionHoldEnd: net=0, condition=0, published condition=100
I/GTalkService/c(  453): [AndroidEndpoint@1094469624] connect: acct=1000000, state=CONNECTING
D/dalvikvm(  453): GC_CONCURRENT freed 414K, 6% free 10035K/10567K, paused 2ms+4ms
D/ConnectivityService(  152): handleInetConditionHoldEnd: net=0, condition=100, published condition=0
W/Smack/Packet(  453): notify conn break (IOEx), close connection
D/ConnectivityService(  152): handleInetConditionHoldEnd: net=0, condition=0, published condition=100
D/dalvikvm(  152): GC_CONCURRENT freed 986K, 12% free 13464K/15239K, paused 18ms+4ms
I/GTalkService/c(  453): [AndroidEndpoint@1094469624] connect: acct=1000000, state=CONNECTING
D/dalvikvm(  311): GC_CONCURRENT freed 426K, 6% free 9504K/10055K, paused 13ms+2ms
D/dalvikvm(  152): GC_EXPLICIT freed 113K, 13% free 13395K/15239K, paused 11ms+4ms
D/ConnectivityService(  152): handleInetConditionHoldEnd: net=0, condition=100, published condition=0
W/Smack/Packet(  453): notify conn break (IOEx), close connection
D/ConnectivityService(  152): handleInetConditionHoldEnd: net=0, condition=0, published condition=100
I/GTalkService/c(  453): [AndroidEndpoint@1094469624] connect: acct=1000000, state=CONNECTING
D/dalvikvm(  453): GC_CONCURRENT freed 424K, 6% free 10011K/10567K, paused 13ms+3ms
D/ConnectivityService(  152): handleInetConditionHoldEnd: net=0, condition=100, published condition=0
W/Smack/Packet(  453): notify conn break (IOEx), close connection
D/ConnectivityService(  152): handleInetConditionHoldEnd: net=0, condition=0, published condition=100
I/GTalkService/c(  453): [AndroidEndpoint@1094469624] connect: acct=1000000, state=CONNECTING
D/dalvikvm(  453): GC_CONCURRENT freed 395K, 6% free 10035K/10567K, paused 1ms+2ms
D/ConnectivityService(  152): handleInetConditionHoldEnd: net=0, condition=100, published condition=0
W/Smack/Packet(  453): notify conn break (IOEx), close connection
D/dalvikvm(  152): GC_CONCURRENT freed 966K, 12% free 13466K/15239K, paused 16ms+5ms
D/dalvikvm(  311): GC_CONCURRENT freed 417K, 6% free 9505K/10055K, paused 1ms+2ms
D/ConnectivityService(  152): handleInetConditionHoldEnd: net=0, condition=0, published condition=100
I/GTalkService/c(  453): [AndroidEndpoint@1094469624] connect: acct=1000000, state=CONNECTING
D/ConnectivityService(  152): handleInetConditionHoldEnd: net=0, condition=100, published condition=0
W/Smack/Packet(  453): notify conn break (IOEx), close connection
D/ConnectivityService(  152): handleInetConditionHoldEnd: net=0, condition=0, published condition=100
I/GTalkService/c(  453): [AndroidEndpoint@1094469624] connect: acct=1000000, state=CONNECTING
D/dalvikvm(  453): GC_CONCURRENT freed 378K, 5% free 10058K/10567K, paused 2ms+3ms
D/ConnectivityService(  152): handleInetConditionHoldEnd: net=0, condition=100, published condition=0
W/Smack/Packet(  453): notify conn break (IOEx), close connection
D/ConnectivityService(  152): handleInetConditionHoldEnd: net=0, condition=0, published condition=100
I/GTalkService/c(  453): [AndroidEndpoint@1094469624] connect: acct=1000000, state=CONNECTING
D/ConnectivityService(  152): handleInetConditionHoldEnd: net=0, condition=100, published condition=0
D/dalvikvm(  152): GC_CONCURRENT freed 1014K, 12% free 13462K/15239K, paused 2ms+5ms
D/dalvikvm(  311): GC_CONCURRENT freed 428K, 6% free 9503K/10055K, paused 13ms+2ms
D/dalvikvm(  152): GC_EXPLICIT freed 175K, 13% free 13397K/15239K, paused 20ms+4ms
W/Smack/Packet(  453): notify conn break (IOEx), close connection
D/ConnectivityService(  152): handleInetConditionHoldEnd: net=0, condition=0, published condition=100
D/dalvikvm( 1406): GC_CONCURRENT freed 393K, 7% free 10029K/10695K, paused 2ms+2ms
I/GTalkService/c(  453): [AndroidEndpoint@1094469624] connect: acct=1000000, state=CONNECTING
D/dalvikvm(  453): GC_CONCURRENT freed 461K, 6% free 10060K/10631K, paused 15ms+3ms
D/ConnectivityService(  152): handleInetConditionHoldEnd: net=0, condition=100, published condition=0
W/Smack/Packet(  453): notify conn break (IOEx), close connection
D/ConnectivityService(  152): handleInetConditionHoldEnd: net=0, condition=0, published condition=100
I/GTalkService/c(  453): [AndroidEndpoint@1094469624] connect: acct=1000000, state=CONNECTING
D/ConnectivityService(  152): handleInetConditionHoldEnd: net=0, condition=100, published condition=0
W/Smack/Packet(  453): notify conn break (IOEx), close connection
D/ConnectivityService(  152): handleInetConditionHoldEnd: net=0, condition=0, published condition=100
D/dalvikvm(  311): GC_CONCURRENT freed 439K, 6% free 9504K/10055K, paused 13ms+3ms
D/dalvikvm(  152): GC_CONCURRENT freed 964K, 12% free 13463K/15239K, paused 17ms+4ms
I/GTalkService/c(  453): [AndroidEndpoint@1094469624] connect: acct=1000000, state=CONNECTING
D/dalvikvm(  453): GC_CONCURRENT freed 459K, 6% free 10033K/10631K, paused 2ms+3ms
D/ConnectivityService(  152): handleInetConditionHoldEnd: net=0, condition=100, published condition=0
I/ActivityManager(  152): Start proc com.google.android.deskclock for broadcast com.google.android.deskclock/com.android.deskclock.AlarmInitReceiver: pid=1514 uid=10013 gids={}
I/ActivityManager(  152): Start proc com.android.providers.calendar for content provider com.android.providers.calendar/.CalendarProvider2: pid=1526 uid=10007 gids={3003, 1015}
I/ActivityManager(  152): No longer want com.google.android.gm (pid 928): hidden #16
D/AlarmManagerService(  152): Kernel timezone updated to 240 minutes west of GMT
I/ActivityThread( 1514): Pub com.android.deskclock: com.android.deskclock.AlarmProvider
I/ActivityThread( 1526): Pub com.android.calendar: com.android.providers.calendar.CalendarProvider2
V/AlarmClock( 1514): AlarmInitReceiver finished
D/SystemClock(  311): Setting time of day to sec=1333729672
I/CalendarProvider2( 1526): Sending notification intent: Intent { act=android.intent.action.PROVIDER_CHANGED dat=content://com.android.calendar }
W/ContentResolver( 1526): Failed to get type for: content://com.android.calendar (Unknown URL content://com.android.calendar)
D/dalvikvm(  311): GC_CONCURRENT freed 421K, 6% free 9506K/10055K, paused 2ms+2ms
D/ConnectivityService(  152): ConnectivityChange for mobile: DISCONNECTED/DISCONNECTED
D/ConnectivityService(  152): Attempting to switch to WIFI
D/ConnectivityService(  152): Attempting to switch to BLUETOOTH_TETHER
D/NetUtils(  152): android_net_utils_resetConnections in env=0xf214c8 clazz=0x3ab00001 iface=rmnet0 mask=0x3
D/ConnectivityService(  152): resetConnections(rmnet0, 3)
D/dalvikvm(  152): GC_CONCURRENT freed 1175K, 13% free 13367K/15239K, paused 2ms+6ms
W/Smack/Packet(  453): notify conn break (IOEx), close connection
I/qtaguid (  453): Failed write_ctrl(u 68) res=-1 errno=22
I/qtaguid (  453): Untagging socket 68 failed errno=-22
W/NetworkManagementSocketTagger(  453): untagSocket(68) failed with errno -22
D/ConnectivityService(  152): handleInetConditionChange: no active default network - ignore
D/Tethering(  152): MasterInitialState.processMessage what=3
I/BarnacleService( 1072): log: hq. MSG_NETSCHANGE. about to get getWifiState
I/BarnacleService( 1072): log: hq. BarnacleServiceNETSCHANGE: 1 2 proc
E/BarnacleService( 1072): NETSCHANGE: 1 2 proc
I/BarnacleService( 1072): log: hq. wifiState 1 =? WifiManager.WIFI_STATE_DISABLED = 1
I/BarnacleService( 1072): log: hq. INSIDE :) wifi state disabled
I/BarnacleService( 1072): log: ( (state = 2) ?== (STATE_STARTING = 1) ) && ( (process = proc_is_not_null) ?== null ... && checkUplink:
I/BarnacleService( 1072): log: now waiting, becaus  either state != STATE_STARTING or process != null
D/dalvikvm(  152): GC_EXPLICIT freed 122K, 13% free 13269K/15239K, paused 3ms+5ms
I/MediaUploader( 1010): No need to wake up
D/PicasaSyncManager( 1032): active network: null
D/PicasaSyncManager( 1032): background data: true
D/ConnectivityService(  152): ConnectivityChange for mobile: CONNECTED/CONNECTED
D/NetworkPolicy(  152): applying policy NetworkPolicy[NetworkTemplate: matchRule=MOBILE_ALL, subscriberId=valid]: cycleDay=15, warningBytes=2147483648, limitBytes=-1, lastSnooze=-1 to ifaces [rmnet0]
I/System.out( 1406): [INFO:1198102]: c: Running flush
I/System.out( 1406): [INFO:1198103]: c: Sending payload [bytes=357]
D/Tethering(  152): MasterInitialState.processMessage what=3
I/BarnacleService( 1072): log: hq. MSG_NETSCHANGE. about to get getWifiState
I/BarnacleService( 1072): log: hq. BarnacleServiceNETSCHANGE: 1 2 proc
I/MediaUploader( 1010): No need to wake up
E/BarnacleService( 1072): NETSCHANGE: 1 2 proc
I/BarnacleService( 1072): log: hq. wifiState 1 =? WifiManager.WIFI_STATE_DISABLED = 1
I/BarnacleService( 1072): log: hq. INSIDE :) wifi state disabled
I/BarnacleService( 1072): log: ( (state = 2) ?== (STATE_STARTING = 1) ) && ( (process = proc_is_not_null) ?== null ... && checkUplink:
I/BarnacleService( 1072): log: now waiting, becaus  either state != STATE_STARTING or process != null
D/PicasaSyncManager( 1032): active network: NetworkInfo: type: mobile[EDGE], state: CONNECTED/CONNECTED, reason: nwTypeChanged, extra: epc.tmobile.com, roaming: false, failover: false, isAvailable: true
D/PicasaSyncManager( 1032): background data: true
D/AlarmManagerService(  152): Kernel timezone updated to 240 minutes west of GMT
V/AlarmClock( 1514): AlarmInitReceiver finished
D/SystemClock(  311): Setting time of day to sec=1333729753
I/System.out( 1406): [INFO:1203104]: c: Running delayed flush
I/System.out( 1406): [INFO:1203116]: c: Running flush
I/GTalkService/c(  453): [AndroidEndpoint@1094469624] connect: acct=1000000, state=CONNECTING
D/dalvikvm(  453): GC_CONCURRENT freed 407K, 6% free 10013K/10631K, paused 14ms+2ms
I/System.out( 1406): [INFO:1238141]: c: Response [http=200,length=20]
D/ConnectivityService(  152): handleInetConditionHoldEnd: net=0, condition=100, published condition=0
W/Smack/Packet(  453): notify conn break (IOEx), close connection
D/ConnectivityService(  152): handleInetConditionHoldEnd: net=0, condition=0, published condition=100
I/GTalkService/c(  453): [AndroidEndpoint@1094469624] connect: acct=1000000, state=CONNECTING
D/dalvikvm(  453): GC_CONCURRENT freed 354K, 6% free 10045K/10631K, paused 1ms+2ms
D/ConnectivityService(  152): handleInetConditionHoldEnd: net=0, condition=100, published condition=0
W/Smack/Packet(  453): notify conn break (IOEx), close connection
D/ConnectivityService(  152): handleInetConditionHoldEnd: net=0, condition=0, published condition=100
I/GTalkService/c(  453): [AndroidEndpoint@1094469624] connect: acct=1000000, state=CONNECTING
D/dalvikvm(  218): GC_CONCURRENT freed 373K, 8% free 10093K/10951K, paused 1ms+3ms
D/ConnectivityService(  152): handleInetConditionHoldEnd: net=0, condition=100, published condition=0
W/Smack/Packet(  453): notify conn break (IOEx), close connection
D/ConnectivityService(  152): handleInetConditionHoldEnd: net=0, condition=0, published condition=100
I/GTalkService/c(  453): [AndroidEndpoint@1094469624] connect: acct=1000000, state=CONNECTING
I/power   (  152): *** set_screen_state 1
D/PicasaSyncManager( 1032): battery info: true
W/PowerUI (  218): unknown intent: Intent { act=android.intent.action.ACTION_POWER_CONNECTED flg=0x10000010 }
I/WindowManager(  152): Lock screen displayed!
D/dalvikvm(  152): GC_CONCURRENT freed 822K, 13% free 13387K/15239K, paused 2ms+5ms
D/SurfaceFlinger(   78): Screen about to return, flinger = 0xa70918
I/StorageNotification(  218): UMS connection changed to true (media state mounted)
I/StorageNotification(  218): UMS connection changed to true (media state mounted)
D/dalvikvm(  218): GC_CONCURRENT freed 116K, 5% free 10422K/10951K, paused 2ms+3ms
D/dalvikvm(  218): GC_FOR_ALLOC freed 28K, 5% free 10423K/10951K, paused 31ms
I/dalvikvm-heap(  218): Grow heap (frag case) to 10.422MB for 184336-byte allocation
D/dalvikvm(  218): GC_FOR_ALLOC freed 8K, 5% free 10594K/11143K, paused 27ms
D/dalvikvm(  218): GC_FOR_ALLOC freed 369K, 8% free 10355K/11143K, paused 30ms
D/dalvikvm(  218): GC_FOR_ALLOC freed 210K, 7% free 10413K/11143K, paused 28ms
D/dalvikvm(  453): GC_CONCURRENT freed 443K, 6% free 10069K/10631K, paused 2ms+4ms
D/ConnectivityService(  152): handleInetConditionHoldEnd: net=0, condition=100, published condition=0
W/Smack/Packet(  453): notify conn break (IOEx), close connection
D/ConnectivityService(  152): handleInetConditionHoldEnd: net=0, condition=0, published condition=100
I/power   (  152): *** set_screen_state 0
D/SurfaceFlinger(   78): About to give-up screen, flinger = 0xa70918
D/dalvikvm(  152): GC_FOR_ALLOC freed 270K, 9% free 13959K/15239K, paused 40ms
I/dalvikvm-heap(  152): Grow heap (frag case) to 13.808MB for 104992-byte allocation
D/dalvikvm(  152): GC_FOR_ALLOC freed 21K, 9% free 14040K/15367K, paused 39ms
V/TransportControlView(  152): Create TCV com.android.internal.widget.TransportControlView@4153d388
I/EventLogService(  453): Aggregate from 1333728224958 (log), 1333728224958 (data)
I/ServiceDumpSys(  453): dumping service [account]
I/GTalkService/c(  453): [AndroidEndpoint@1094469624] connect: acct=1000000, state=CONNECTING
D/ConnectivityService(  152): handleInetConditionHoldEnd: net=0, condition=100, published condition=0
W/Smack/Packet(  453): notify conn break (IOEx), close connection
D/ConnectivityService(  152): handleInetConditionHoldEnd: net=0, condition=0, published condition=100
I/GTalkService/c(  453): [AndroidEndpoint@1094469624] connect: acct=1000000, state=CONNECTING
D/dalvikvm(  453): GC_CONCURRENT freed 451K, 6% free 10054K/10631K, paused 14ms+2ms
D/ConnectivityService(  152): handleInetConditionHoldEnd: net=0, condition=100, published condition=0
W/Smack/Packet(  453): notify conn break (IOEx), close connection
D/ConnectivityService(  152): handleInetConditionHoldEnd: net=0, condition=0, published condition=100
D/dalvikvm(  218): GC_CONCURRENT freed 262K, 6% free 10538K/11143K, paused 19ms+2ms
D/dalvikvm(  311): GC_CONCURRENT freed 414K, 6% free 9509K/10055K, paused 12ms+2ms
I/GTalkService/c(  453): [AndroidEndpoint@1094469624] connect: acct=1000000, state=CONNECTING
D/ConnectivityService(  152): handleInetConditionHoldEnd: net=0, condition=100, published condition=0
W/Smack/Packet(  453): notify conn break (IOEx), close connection
D/ConnectivityService(  152): handleInetConditionHoldEnd: net=0, condition=0, published condition=100
