--------- beginning of /dev/log/system
I/Vold    (   72): Vold 2.1 (the revenge) firing up
D/Vold    (   72): Volume sdcard state changing -1 (Initializing) -> 0 (No-Media)
D/Vold    (   72): Volume sdcard state changing 0 (No-Media) -> 2 (Pending)
D/Vold    (   72): Volume sdcard state changing 2 (Pending) -> 1 (Idle-Unmounted)
W/Vold    (   72): Duplicate state (1)
W/Vold    (   72): Duplicate state (1)
W/Vold    (   72): Duplicate state (1)
W/Vold    (   72): Duplicate state (1)
I/SystemServer(  152): Entered the Android system server!
I/SystemServer(  152): Entropy Service
I/SystemServer(  152): Power Manager
I/SystemServer(  152): Activity Manager
I/ActivityManager(  152): Memory class: 48
I/SystemServer(  152): Telephony Registry
I/SystemServer(  152): Package Manager
W/PackageParser(  152): No actions in intent filter at /system/app/Bluetooth.apk Binary XML file line #125
W/PackageParser(  152): No actions in intent filter at /system/app/Contacts.apk Binary XML file line #525
W/PackageParser(  152): Unknown element under <manifest>: supports-gl-texture at /system/app/GoogleEarth.apk Binary XML file line #3
I/Installer(  152): connecting...
I/PackageParser(  152): com.googlecode.android.wifi.tether: compat added android.permission.WRITE_EXTERNAL_STORAGE android.permission.READ_PHONE_STATE
I/PackageManager(  152): Time to scan packages: 3.665 seconds
W/PackageManager(  152): Not granting permission android.permission.SEND_DOWNLOAD_COMPLETED_INTENTS to package com.google.android.browser (protectionLevel=2 flags=0x9be45)
W/PackageManager(  152): Unknown permission com.android.vending.permission.UPDATE_MARKET_FAILURE in package com.android.vending.updater
W/PackageManager(  152): Unknown permission android.permission.ADD_SYSTEM_SERVICE in package com.android.phone
W/PackageManager(  152): Unknown permission com.android.smspush.WAPPUSH_MANAGER_BIND in package com.android.phone
W/PackageManager(  152): Unknown permission com.android.vending.billing.IBillingAccountService.BIND2 in package com.google.android.gsf.login
W/PackageManager(  152): Not granting permission android.permission.DEVICE_POWER to package com.google.android.deskclock (protectionLevel=2 flags=0x8be45)
W/PackageManager(  152): Unknown permission android.permission.READ_OWNER_DATA in package com.google.android.setupwizard
W/PackageManager(  152): Unknown permission android.permission.WRITE_OWNER_DATA in package com.google.android.setupwizard
W/PackageManager(  152): Not granting permission com.google.android.gm.permission.READ_GMAIL to package com.google.android.apps.uploader (protectionLevel=2 flags=0x8be45)
W/PackageManager(  152): Unknown permission android.permission.READ_EXTERNAL_STORAGE in package com.android.vending
W/PackageManager(  152): Not granting permission android.permission.SEND_DOWNLOAD_COMPLETED_INTENTS to package com.android.vending (protectionLevel=2 flags=0xabec5)
W/PackageManager(  152): Not granting permission android.permission.ACCOUNT_MANAGER to package com.google.android.music (protectionLevel=2 flags=0x8be65)
W/PackageManager(  152): Unknown permission com.android.providers.im.permission.READ_ONLY in package com.google.android.apps.maps
W/PackageManager(  152): Unknown permission android.permission.READ_EXTERNAL_STORAGE in package com.google.android.videoeditor
W/PackageManager(  152): Unknown permission com.google.android.apps.googlevoice.REMOTE_INTENT in package com.google.android.apps.googlevoice
W/PackageManager(  152): Unknown permission com.google.android.permission.RECEIVE_DATA_MESSAGE in package com.google.android.apps.googlevoice
W/PackageManager(  152): Unknown permission com.google.android.permission.SEND_DATA_MESSAGE in package com.google.android.apps.googlevoice
I/SystemServer(  152): Account Manager
I/SystemServer(  152): Content Manager
I/SystemServer(  152): System Content Providers
I/SystemServer(  152): Lights Service
I/SystemServer(  152): Battery Service
I/SystemServer(  152): Vibrator Service
I/SystemServer(  152): Alarm Manager
I/SystemServer(  152): Init Watchdog
I/SystemServer(  152): Window Manager
I/InputManager(  152): Initializing input manager
W/StatusBarManager(  152): warning: no STATUS_BAR_SERVICE
I/InputManager(  152): Starting input manager
I/SystemServer(  152): Bluetooth Service
I/SystemServer(  152): Input Method Service
W/InputManagerService(  152): Couldn't create dir.: /data/system/inputmethod
I/SystemServer(  152): Accessibility Manager
I/ActivityManager(  152): Config changed: {1.0 0mcc0mnc en_US layoutdir=0 sw320dp w320dp h508dp nrml long port ?uimode ?night finger -keyb/v/h -nav/h s.2}
I/SystemServer(  152): Device Policy
I/SystemServer(  152): Status Bar
I/SystemServer(  152): Clipboard Service
I/SystemServer(  152): NetworkManagement Service
I/SystemServer(  152): Text Service Manager Service
I/SystemServer(  152): NetworkStats Service
I/SystemServer(  152): NetworkPolicy Service
I/SystemServer(  152): Wi-Fi P2pService
I/SystemServer(  152): Wi-Fi Service
I/SystemServer(  152): Connectivity Service
D/ConnectivityService(  152): ConnectivityService starting up
E/ConnectivityService(  152): Ignoring protectedNetwork 10
E/ConnectivityService(  152): Ignoring protectedNetwork 11
E/ConnectivityService(  152): Ignoring protectedNetwork 12
E/MobileDataStateTracker(  152): default: Ignoring feature request because could not acquire PhoneService
E/MobileDataStateTracker(  152): default: Could not enable APN type "default"
D/NetworkManagementService(  152): Registering observer
D/NetworkManagementService(  152): Registering observer
I/WifiService(  152): WifiService starting up with Wi-Fi disabled
I/SystemServer(  152): Throttle Service
I/SystemServer(  152): Mount Service
D/MountService(  152): got storage path: /mnt/sdcard description: USB storage primary: true removable: false emulated: false mtpReserve: 0 allowMassStorage: true maxFileSize: 4294967296
I/SystemServer(  152): Notification Manager
I/SystemServer(  152): Device Storage Monitor
I/SystemServer(  152): Location Manager
I/SystemServer(  152): Country Detector
I/SystemServer(  152): Search Service
I/SystemServer(  152): DropBox Service
I/SystemServer(  152): Wallpaper Service
I/SystemServer(  152): Audio Service
D/VoldCmdListener(   72): volume list
D/MountService(  152): volume state changed for /mnt/sdcard (null -> unmounted)
I/SystemServer(  152): Dock Observer
I/SystemServer(  152): Wired Accessory Observer
I/SystemServer(  152): USB Service
I/SystemServer(  152): UI Mode Manager Service
I/SystemServer(  152): Backup Service
V/BackupManagerService(  152): Initializing package tracking
V/BackupManagerService(  152): No ancestral data
V/BackupManagerService(  152): addPackageParticipantsLocked: null
I/BackupManagerService(  152): New app android never backed up; scheduling
I/BackupManagerService(  152): New app com.android.nfc never backed up; scheduling
I/BackupManagerService(  152): New app com.android.providers.settings never backed up; scheduling
I/BackupManagerService(  152): New app com.android.providers.userdictionary never backed up; scheduling
I/BackupManagerService(  152): New app com.android.sharedstoragebackup never backed up; scheduling
I/BackupManagerService(  152): New app com.android.vending never backed up; scheduling
I/BackupManagerService(  152): New app com.google.android.browser never backed up; scheduling
I/BackupManagerService(  152): New app com.google.android.calendar never backed up; scheduling
I/BackupManagerService(  152): New app com.google.android.gm never backed up; scheduling
I/BackupManagerService(  152): New app com.google.android.inputmethod.latin never backed up; scheduling
I/BackupManagerService(  152): New app org.connectbot never backed up; scheduling
V/BackupManagerService(  152): Registering transport android/com.android.internal.backup.LocalTransport = com.android.internal.backup.LocalTransport@41430420
V/BackupManagerService(  152): Starting with transport com.google.android.backup/.BackupTransportService
V/BackupManagerService(  152): Binding to Google transport
I/BackupManagerService(  152): Found stale backup journal, scheduling
I/BackupManagerService(  152):   android
I/BackupManagerService(  152):   com.android.nfc
I/BackupManagerService(  152):   com.android.providers.settings
I/BackupManagerService(  152):   com.android.providers.userdictionary
I/BackupManagerService(  152):   com.android.sharedstoragebackup
I/BackupManagerService(  152):   com.android.vending
I/BackupManagerService(  152):   com.google.android.browser
I/BackupManagerService(  152):   com.google.android.calendar
I/BackupManagerService(  152):   com.google.android.gm
I/BackupManagerService(  152):   com.google.android.inputmethod.latin
I/BackupManagerService(  152):   org.connectbot
I/BackupManagerService(  152): Backup enabled => false
I/BackupManagerService(  152): Opting out of backup
I/SystemServer(  152): AppWidget Service
I/SystemServer(  152): Recognition Service
I/SystemServer(  152): DiskStats Service
I/SystemServer(  152): SamplingProfiler Service
I/SystemServer(  152): NetworkTimeUpdateService
D/PowerManagerService(  152): system ready!
I/ActivityManager(  152): System now ready
I/SystemServer(  152): Making services ready
D/SystemServer(  152): Starting service: Intent { cmp=com.android.systemui/.SystemUIService }
I/ActivityManager(  152): Start proc com.android.systemui for service com.android.systemui/.SystemUIService: pid=218 uid=1000 gids={1015, 3002, 3001, 3003, 3007}
D/NetworkManagementService(  152): enabling bandwidth control
D/SystemUIService(  218): loading: class com.android.systemui.statusbar.phone.PhoneStatusBar
D/SystemUIService(  218): running: com.android.systemui.statusbar.phone.PhoneStatusBar@4132c238
D/NetworkManagementService(  152): Registering observer
D/NetworkManagementService(  152): Registering observer
I/ActivityManager(  152): Config changed: {1.0 0mcc0mnc en_US layoutdir=0 sw320dp w320dp h508dp nrml long port finger -keyb/v/h -nav/h s.3}
I/ActivityManager(  152): Start proc android.process.media for broadcast com.android.providers.media/.UsbReceiver: pid=265 uid=10014 gids={1015, 1023, 1024, 2001, 3003, 3007}
I/StatusBarManagerService(  152): registerStatusBar bar=com.android.internal.statusbar.IStatusBar$Stub$Proxy@41416768
D/PhoneStatusBar(  218): disable: < expand icons alerts ticker system_info BACK* HOME* RECENT* CLOCK* >
D/StorageNotification(  218): Startup with UMS connection false (media state unmounted)
D/SystemUIService(  218): loading: class com.android.systemui.power.PowerUI
D/SystemUIService(  218): running: com.android.systemui.power.PowerUI@41310ff8
I/StorageNotification(  218): UMS connection changed to false (media state unmounted)
I/ActivityManager(  152): Start proc com.android.wallpaper for service com.android.wallpaper/.nexus.NexusWallpaper: pid=280 uid=10030 gids={1006}
W/InputManagerService(  152): Ignoring setImeWindowStatus of uid 1000 token: null
D/WifiService(  152): New client listening to asynchronous messages
I/ActivityManager(  152): Start proc com.google.android.inputmethod.latin for service com.google.android.inputmethod.latin/com.android.inputmethod.latin.LatinIME: pid=291 uid=10028 gids={}
D/NetworkManagementService(  152): Registering observer
W/ThrottleService(  152): unable to find stats for iface rmnet0
I/ActivityManager(  152): Start proc com.android.phone for added application com.android.phone: pid=311 uid=1001 gids={3002, 3001, 3003, 1015}
I/ActivityManager(  152): Start proc com.android.nfc for added application com.android.nfc: pid=325 uid=1027 gids={3002, 3001}
I/ActivityManager(  152): START {act=android.intent.action.MAIN cat=[android.intent.category.HOME] flg=0x10000000 cmp=com.android.launcher/com.android.launcher2.Launcher} from pid 0
I/ActivityManager(  152): Start proc com.android.launcher for activity com.android.launcher/com.android.launcher2.Launcher: pid=341 uid=10029 gids={}
W/ActivityManager(  152): Unable to start service Intent { act=com.android.internal.telephony.IWapPushManager }: not found
I/ActivityManager(  152): Start proc com.google.android.inputmethod.latin.dictionarypack for content provider com.google.android.inputmethod.latin.dictionarypack/.DictionaryProvider: pid=379 uid=10027 gids={3003, 1015}
I/ActivityManager(  152): Start proc android.process.acore for content provider com.android.providers.userdictionary/.UserDictionaryProvider: pid=396 uid=10000 gids={3003, 1015}
W/ActivityManager(  152): Unable to start service Intent { act=com.android.ussd.IExtendedNetworkService }: not found
I/ActivityManager(  152): Start proc com.google.process.gapps for service com.google.android.location/.NetworkLocationService: pid=453 uid=10011 gids={3003, 1015, 1007, 2001, 3006}
I/ActivityManager(  152): Start proc com.android.settings for broadcast com.android.settings/.widget.SettingsAppWidgetProvider: pid=467 uid=1000 gids={1015, 3002, 3001, 3003, 3007}
I/StorageNotification(  218): UMS connection changed to false (media state unmounted)
V/BackupManagerService(  152): Connected to Google transport
V/BackupManagerService(  152): Registering transport com.google.android.backup/.BackupTransportService = com.google.android.backup.BackupTransportService$1@41675510
I/WifiService(  152): WifiService trying to set country code to us with persist set to true
I/ActivityManager(  152): Config changed: {1.0 310mcc260mnc en_US layoutdir=0 sw320dp w320dp h508dp nrml long port finger -keyb/v/h -nav/h s.4}
I/ActivityManager(  152): Start proc com.android.vending for broadcast com.android.vending/.MarketWidgetProvider: pid=494 uid=10043 gids={3003, 1015}
D/PowerManagerService(  152): bootCompleted
V/DevicePolicyManagerService(  152): Sending password expiration notifications for action android.intent.action.BOOT_COMPLETED
D/VoldCmdListener(   72): volume mount /mnt/sdcard
I/Vold    (   72): /dev/block/vold/179:3 being considered for volume sdcard
D/Vold    (   72): Volume sdcard state changing 1 (Idle-Unmounted) -> 3 (Checking)
D/MountService(  152): volume state changed for /mnt/sdcard (unmounted -> checking)
I/StorageNotification(  218): Media {/mnt/sdcard} state changed from {unmounted} -> {checking}
D/MountService(  152): sendStorageIntent Intent { act=android.intent.action.MEDIA_CHECKING dat=file:///mnt/sdcard (has extras) }
V/WiredAccessoryObserver(  152): init()
W/WiredAccessoryObserver(  152): This kernel does not have wired headset support
W/WiredAccessoryObserver(  152): This kernel does not have wired headset support
I/ActivityManager(  152): Start proc com.google.android.deskclock for broadcast com.google.android.deskclock/com.android.alarmclock.AnalogAppWidgetProvider: pid=552 uid=10013 gids={}
I/ActivityManager(  152): Start proc com.android.contacts for broadcast com.android.contacts/.calllog.CallLogReceiver: pid=565 uid=10000 gids={3003, 1015}
I/ActivityManager(  152): Start proc com.android.providers.calendar for broadcast com.android.providers.calendar/.CalendarReceiver: pid=583 uid=10007 gids={3003, 1015}
I/ActivityManager(  152): Start proc com.google.android.email for broadcast com.google.android.email/com.android.email.service.EmailBroadcastReceiver: pid=600 uid=10015 gids={3003, 1015}
I/ActivityManager(  152): Start proc com.google.android.exchange for service com.google.android.exchange/com.android.exchange.ExchangeService: pid=615 uid=10016 gids={3003, 1015}
I/ActivityManager(  152): Start proc com.google.android.apps.genie.geniewidget for broadcast com.google.android.apps.genie.geniewidget/.miniwidget.MiniWidgetProvider: pid=631 uid=10018 gids={3003, 1015}
I/ActivityManager(  152): Start proc com.google.android.gm for broadcast com.google.android.gm/.MailIntentReceiver: pid=655 uid=10019 gids={3003, 1015}
I/ActivityManager(  152): Start proc com.google.android.partnersetup for broadcast com.google.android.partnersetup/.GooglePartnerSetup: pid=671 uid=10022 gids={3003}
I/ActivityManager(  152): Start proc com.google.android.gsf.login for service com.google.android.gsf.login/com.google.android.gsf.loginservice.GoogleLoginService: pid=688 uid=10011 gids={3003, 1015, 1007, 2001, 3006}
I/ActivityManager(  152): Start proc com.google.android.apps.maps:FriendService for broadcast com.google.android.apps.maps/com.google.googlenav.friend.android.ServiceReceiver: pid=715 uid=10032 gids={3003, 1015}
I/ActivityManager(  152): START {flg=0x10000000 cmp=com.google.android.gsf/.update.SystemUpdateInstallDialog} from pid 453
I/ActivityManager(  152): START {flg=0x10000000 cmp=com.google.android.gsf/.update.SystemUpdateDownloadDialog} from pid 453
I/ActivityManager(  152): Start proc com.google.android.apps.maps:NetworkLocationService for service com.google.android.apps.maps/com.google.android.location.internal.server.NetworkLocationService: pid=740 uid=10032 gids={3003, 1015}
I/ActivityManager(  152): Start proc com.android.mms for broadcast com.android.mms/.transaction.MmsSystemEventReceiver: pid=753 uid=10036 gids={3003, 1015}
D/CountryDetectorService(  152): The first listener is added
W/ActivityManager(  152): Permission Denial: receiving Intent { act=android.intent.action.BOOT_COMPLETED flg=0x10 } to com.android.musicfx requires android.permission.RECEIVE_BOOT_COMPLETED due to sender null (uid 1000)
I/ActivityManager(  152): Start proc com.google.android.onetimeinitializer for broadcast com.google.android.onetimeinitializer/.OneTimeInitializerReceiver: pid=780 uid=10040 gids={}
I/ActivityManager(  152): Start proc com.google.android.talk for broadcast com.google.android.talk/.videochat.BootCompleteReceiver: pid=795 uid=10050 gids={3003, 1015, 1006, 3002}
D/ConnectivityService(  152): handleInetConditionChange: no active default network - ignore
I/ActivityManager(  152): Start proc com.google.android.videos for broadcast com.google.android.videos/com.google.android.youtube.videos.transfer.VideoDownloadService$BootReceiver: pid=819 uid=10053 gids={3003, 1015}
I/ActivityManager(  152): No longer want com.google.android.inputmethod.latin.dictionarypack (pid 379): hidden #16
I/ActivityManager(  152): No longer want com.android.vending (pid 494): hidden #16
I/ActivityManager(  152): Start proc com.android.voicedialer for broadcast com.android.voicedialer/.VoiceDialerReceiver: pid=855 uid=10055 gids={3002}
I/ActivityManager(  152): No longer want com.android.settings (pid 467): hidden #16
W/ActivityManager(  152): Permission Denial: receiving Intent { act=android.intent.action.BOOT_COMPLETED flg=0x10 } to com.google.android.youtube requires android.permission.RECEIVE_BOOT_COMPLETED due to sender null (uid 1000)
I/ActivityManager(  152): No longer want com.android.contacts (pid 565): hidden #16
W/ActivityManager(  152): Permission Denial: receiving Intent { act=android.intent.action.BOOT_COMPLETED flg=0x10 } to com.google.android.youtube requires android.permission.RECEIVE_BOOT_COMPLETED due to sender null (uid 1000)
I/ActivityManager(  152): Start proc com.google.android.apps.googlevoice for broadcast com.google.android.apps.googlevoice/.BootUpReceiver: pid=868 uid=10058 gids={3003, 1015}
I/ActivityManager(  152): Start proc com.android.settings for broadcast com.android.settings/.widget.SettingsAppWidgetProvider: pid=884 uid=1000 gids={1015, 3002, 3001, 3003, 3007}
I/ActivityManager(  152): No longer want com.google.android.apps.genie.geniewidget (pid 631): hidden #16
I/ActivityManager(  152): Start proc com.android.vending for broadcast com.android.vending/.MarketWidgetProvider: pid=898 uid=10043 gids={3003, 1015}
I/ActivityManager(  152): No longer want com.google.android.exchange (pid 615): hidden #16
I/ActivityManager(  152): No longer want com.google.android.gm (pid 655): hidden #16
I/ActivityManager(  152): No longer want com.google.android.partnersetup (pid 671): hidden #16
I/ActivityManager(  152): Start proc com.google.android.gm for broadcast com.google.android.gm/.MailIntentReceiver: pid=928 uid=10019 gids={3003, 1015}
I/ActivityManager(  152): Start proc com.google.android.apps.maps:LocationFriendService for broadcast com.google.android.apps.maps/com.google.googlenav.friend.reporting.LocationReportingIntentReceiver: pid=943 uid=10032 gids={3003, 1015}
I/ActivityManager(  152): No longer want com.google.android.gsf.login (pid 688): hidden #16
D/ConnectivityService(  152): ConnectivityChange for mobile: CONNECTED/CONNECTED
I/ActivityManager(  152): Start proc com.google.android.calendar for broadcast com.google.android.calendar/com.android.calendar.widget.CalendarAppWidgetService$CalendarFactory: pid=960 uid=10006 gids={3003}
I/ActivityManager(  152): No longer want com.google.android.apps.maps:FriendService (pid 715): hidden #16
I/ActivityManager(  152): Start proc com.google.android.apps.maps:FriendService for broadcast com.google.android.apps.maps/com.google.googlenav.friend.android.ServiceReceiver: pid=977 uid=10032 gids={3003, 1015}
I/ActivityManager(  152): No longer want com.google.android.email (pid 600): hidden #16
I/ActivityManager(  152): Start proc com.google.android.music:main for broadcast com.google.android.music/.store.MediaStoreImportService$Receiver: pid=992 uid=10037 gids={3003, 1015}
I/ActivityManager(  152): No longer want android.process.acore (pid 396): hidden #16
I/ActivityManager(  152): No longer want com.android.mms (pid 753): hidden #16
D/CountryDetectorService(  152): No listener is left
I/Vold    (   72): Filesystem check completed OK
I/Vold    (   72): Device /dev/block/vold/179:3, target /mnt/sdcard mounted @ /mnt/secure/staging
D/Vold    (   72): Volume sdcard state changing 3 (Checking) -> 4 (Mounted)
D/MountService(  152): volume state changed for /mnt/sdcard (checking -> mounted)
I/StorageNotification(  218): Media {/mnt/sdcard} state changed from {checking} -> {mounted}
D/MountService(  152): sendStorageIntent Intent { act=android.intent.action.MEDIA_MOUNTED dat=file:///mnt/sdcard (has extras) }
I/ActivityManager(  152): Start proc com.google.android.apps.uploader for broadcast com.google.android.apps.uploader/.ConnectivityBroadcastReceiver: pid=1010 uid=10034 gids={3003}
D/VoldCmdListener(   72): asec list
W/PackageManager(  152): Not granting permission android.permission.SEND_DOWNLOAD_COMPLETED_INTENTS to package com.google.android.browser (protectionLevel=2 flags=0x9be45)
W/PackageManager(  152): Unknown permission com.android.vending.permission.UPDATE_MARKET_FAILURE in package com.android.vending.updater
W/PackageManager(  152): Unknown permission android.permission.ADD_SYSTEM_SERVICE in package com.android.phone
W/PackageManager(  152): Unknown permission com.android.smspush.WAPPUSH_MANAGER_BIND in package com.android.phone
W/PackageManager(  152): Unknown permission com.android.vending.billing.IBillingAccountService.BIND2 in package com.google.android.gsf.login
W/PackageManager(  152): Not granting permission android.permission.DEVICE_POWER to package com.google.android.deskclock (protectionLevel=2 flags=0x8be45)
W/PackageManager(  152): Unknown permission android.permission.READ_OWNER_DATA in package com.google.android.setupwizard
W/PackageManager(  152): Unknown permission android.permission.WRITE_OWNER_DATA in package com.google.android.setupwizard
W/PackageManager(  152): Not granting permission com.google.android.gm.permission.READ_GMAIL to package com.google.android.apps.uploader (protectionLevel=2 flags=0x8be45)
W/PackageManager(  152): Unknown permission android.permission.READ_EXTERNAL_STORAGE in package com.android.vending
W/PackageManager(  152): Not granting permission android.permission.SEND_DOWNLOAD_COMPLETED_INTENTS to package com.android.vending (protectionLevel=2 flags=0xabec5)
W/PackageManager(  152): Not granting permission android.permission.ACCOUNT_MANAGER to package com.google.android.music (protectionLevel=2 flags=0x8be65)
W/PackageManager(  152): Unknown permission com.android.providers.im.permission.READ_ONLY in package com.google.android.apps.maps
W/PackageManager(  152): Unknown permission android.permission.READ_EXTERNAL_STORAGE in package com.google.android.videoeditor
W/PackageManager(  152): Unknown permission com.google.android.apps.googlevoice.REMOTE_INTENT in package com.google.android.apps.googlevoice
W/PackageManager(  152): Unknown permission com.google.android.permission.RECEIVE_DATA_MESSAGE in package com.google.android.apps.googlevoice
W/PackageManager(  152): Unknown permission com.google.android.permission.SEND_DATA_MESSAGE in package com.google.android.apps.googlevoice
I/ActivityManager(  152): Start proc com.google.android.apps.plus for broadcast com.google.android.apps.plus/.service.PackagesMediaMonitor: pid=1032 uid=10044 gids={3003, 1015, 1006}
I/ActivityManager(  152): No longer want com.google.android.onetimeinitializer (pid 780): hidden #16
I/ActivityManager(  152): No longer want com.google.android.videos (pid 819): hidden #16
D/ConnectivityService(  152): handleInetConditionHoldEnd: net=0, condition=100, published condition=0
D/ConnectivityService(  152): handleInetConditionHoldEnd: net=0, condition=0, published condition=100
D/NetworkPolicy(  152): applying policy NetworkPolicy[NetworkTemplate: matchRule=MOBILE_ALL, subscriberId=valid]: cycleDay=15, warningBytes=2147483648, limitBytes=-1, lastSnooze=-1 to ifaces [rmnet0]
D/PhoneStatusBar(  218): disable: < expand icons alerts ticker system_info BACK HOME recent* CLOCK >
D/PhoneStatusBar(  218): disable: < expand icons alerts ticker system_info back* home* recent clock* >
D/ConnectivityService(  152): handleInetConditionHoldEnd: net=0, condition=100, published condition=0
I/ActivityManager(  152): START {act=android.intent.action.MAIN cat=[android.intent.category.LAUNCHER] flg=0x10200000 cmp=net.szym.barnacle/.StatusActivity} from pid 341
I/ActivityManager(  152): Start proc net.szym.barnacle for activity net.szym.barnacle/.StatusActivity: pid=1072 uid=10065 gids={3003}
I/ActivityManager(  152): Start proc com.googlecode.android.wifi.tether for broadcast com.googlecode.android.wifi.tether/.WifiStateChangeReceiver: pid=1088 uid=10063 gids={3003, 3001, 3002, 1015}
I/ActivityManager(  152): No longer want com.android.voicedialer (pid 855): hidden #16
W/InputManagerService(  152): Starting input on non-focused client com.android.internal.view.IInputMethodClient$Stub$Proxy@416d6df8 (uid=10029 pid=341)
D/NetworkManagementService(  152): rsp <213 00:90:4c:11:22:33 0.0.0.0 0 [down broadcast multicast]>
D/NetworkManagementService(  152): flags <[down broadcast multicast]>
D/ConnectivityService(  152): ConnectivityChange for WIFI: DISCONNECTED/DISCONNECTED
D/ConnectivityService(  152): Attempting to switch to mobile
D/ConnectivityService(  152): Attempting to switch to BLUETOOTH_TETHER
D/NetworkPolicy(  152): applying policy NetworkPolicy[NetworkTemplate: matchRule=MOBILE_ALL, subscriberId=valid]: cycleDay=15, warningBytes=2147483648, limitBytes=-1, lastSnooze=-1 to ifaces [rmnet0]
D/NetworkPolicy(  152): applying policy NetworkPolicy[NetworkTemplate: matchRule=MOBILE_ALL, subscriberId=valid]: cycleDay=15, warningBytes=2147483648, limitBytes=-1, lastSnooze=-1 to ifaces [rmnet0]
D/NetlinkEvent(   75): Unexpected netlink message. type=0x11
E/ActivityManager(  152): Activity Manager Crash
E/ActivityManager(  152): java.lang.IllegalArgumentException: Unknown URI type: 7
E/ActivityManager(  152): 	at android.net.Uri$1.createFromParcel(Uri.java:1734)
E/ActivityManager(  152): 	at android.net.Uri$1.createFromParcel(Uri.java:1723)
E/ActivityManager(  152): 	at android.content.Intent.readFromParcel(Intent.java:6131)
E/ActivityManager(  152): 	at android.content.Intent.<init>(Intent.java:6126)
E/ActivityManager(  152): 	at android.content.Intent.readFromParcel(Intent.java:6153)
E/ActivityManager(  152): 	at android.content.Intent.<init>(Intent.java:6126)
E/ActivityManager(  152): 	at android.content.Intent$1.createFromParcel(Intent.java:6117)
E/ActivityManager(  152): 	at android.content.Intent$1.createFromParcel(Intent.java:6115)
E/ActivityManager(  152): 	at android.app.ActivityManagerNative.onTransact(ActivityManagerNative.java:298)
E/ActivityManager(  152): 	at com.android.server.am.ActivityManagerService.onTransact(ActivityManagerService.java:1545)
E/ActivityManager(  152): 	at android.os.Binder.execTransact(Binder.java:338)
E/ActivityManager(  152): 	at dalvik.system.NativeStart.run(Native Method)
D/ConnectivityService(  152): handleInetConditionHoldEnd: net=0, condition=100, published condition=100
D/ConnectivityService(  152): handleInetConditionHoldEnd: net=0, condition=0, published condition=100
D/ConnectivityService(  152): handleInetConditionHoldEnd: net=0, condition=100, published condition=0
D/ConnectivityService(  152): handleInetConditionHoldEnd: net=0, condition=0, published condition=100
D/PhoneStatusBar(  218): disable: < expand icons alerts ticker system_info back home RECENT* clock >
D/PhoneStatusBar(  218): disable: < expand icons alerts ticker system_info BACK* HOME* RECENT CLOCK* >
D/ConnectivityService(  152): handleInetConditionHoldEnd: net=0, condition=100, published condition=0
D/ConnectivityService(  152): handleInetConditionHoldEnd: net=0, condition=0, published condition=100
D/ConnectivityService(  152): handleInetConditionHoldEnd: net=0, condition=100, published condition=0
D/ConnectivityService(  152): handleInetConditionHoldEnd: net=0, condition=0, published condition=100
I/WindowManager(  152): Lock screen displayed!
D/PhoneStatusBar(  218): disable: < expand icons alerts ticker system_info BACK HOME recent* CLOCK >
W/InputManagerService(  152): Window already focused, ignoring focus gain of: com.android.internal.view.IInputMethodClient$Stub$Proxy@4169e6e0
D/PhoneStatusBar(  218): disable: < expand icons alerts ticker system_info back* home* recent clock* >
W/InputManagerService(  152): Starting input on non-focused client com.android.internal.view.IInputMethodClient$Stub$Proxy@41566490 (uid=10065 pid=1072)
I/ActivityManager(  152): No longer want com.google.android.apps.googlevoice (pid 868): hidden #16
D/ConnectivityService(  152): handleInetConditionHoldEnd: net=0, condition=100, published condition=0
D/ConnectivityService(  152): handleInetConditionHoldEnd: net=0, condition=0, published condition=100
D/ConnectivityService(  152): handleInetConditionHoldEnd: net=0, condition=100, published condition=0
D/ConnectivityService(  152): handleInetConditionHoldEnd: net=0, condition=0, published condition=100
D/ConnectivityService(  152): handleInetConditionHoldEnd: net=0, condition=100, published condition=0
D/ConnectivityService(  152): handleInetConditionHoldEnd: net=0, condition=0, published condition=100
D/ConnectivityService(  152): handleInetConditionHoldEnd: net=0, condition=100, published condition=0
D/ConnectivityService(  152): handleInetConditionHoldEnd: net=0, condition=0, published condition=100
I/ActivityManager(  152): START {act=android.intent.action.MAIN cat=[android.intent.category.LAUNCHER] flg=0x10200000 cmp=edu.mit.csail.diplomamatrix/.StatusActivity} from pid 341
I/ActivityManager(  152): Start proc edu.mit.csail.diplomamatrix for activity edu.mit.csail.diplomamatrix/.StatusActivity: pid=1181 uid=10067 gids={1006, 1015, 3003}
W/InputManagerService(  152): Starting input on non-focused client com.android.internal.view.IInputMethodClient$Stub$Proxy@416d6df8 (uid=10029 pid=341)
W/InputManagerService(  152): Starting input on non-focused client com.android.internal.view.IInputMethodClient$Stub$Proxy@41367948 (uid=10067 pid=1181)
I/ActivityManager(  152): No longer want com.google.android.deskclock (pid 552): hidden #16
I/WindowManager(  152): WIN DEATH: Window{4171c060 SurfaceView paused=false}
I/ActivityManager(  152): Process edu.mit.csail.diplomamatrix (pid 1181) has died.
I/WindowManager(  152): WIN DEATH: Window{41622f78 edu.mit.csail.diplomamatrix/edu.mit.csail.diplomamatrix.StatusActivity paused=false}
W/ActivityManager(  152): Activity destroy timeout for ActivityRecord{415dc9f0 edu.mit.csail.diplomamatrix/.StatusActivity}
I/ActivityManager(  152): START {act=android.intent.action.MAIN cat=[android.intent.category.LAUNCHER] flg=0x10200000 cmp=edu.mit.csail.diplomamatrix/.StatusActivity} from pid 341
I/ActivityManager(  152): Start proc edu.mit.csail.diplomamatrix for activity edu.mit.csail.diplomamatrix/.StatusActivity: pid=1220 uid=10067 gids={1006, 1015, 3003}
W/InputManagerService(  152): Starting input on non-focused client com.android.internal.view.IInputMethodClient$Stub$Proxy@416d6df8 (uid=10029 pid=341)
W/InputManagerService(  152): Starting input on non-focused client com.android.internal.view.IInputMethodClient$Stub$Proxy@41732790 (uid=10067 pid=1220)
I/WindowManager(  152): WIN DEATH: Window{416b2858 SurfaceView paused=false}
I/ActivityManager(  152): Process edu.mit.csail.diplomamatrix (pid 1220) has died.
I/WindowManager(  152): WIN DEATH: Window{415e6190 edu.mit.csail.diplomamatrix/edu.mit.csail.diplomamatrix.StatusActivity paused=false}
W/ActivityManager(  152): Activity destroy timeout for ActivityRecord{416c5dd0 edu.mit.csail.diplomamatrix/.StatusActivity}
W/InputManagerService(  152): Window already focused, ignoring focus gain of: com.android.internal.view.IInputMethodClient$Stub$Proxy@4168b5f8
D/ConnectivityService(  152): handleInetConditionHoldEnd: net=0, condition=100, published condition=0
D/ConnectivityService(  152): handleInetConditionHoldEnd: net=0, condition=0, published condition=100
D/ConnectivityService(  152): handleInetConditionHoldEnd: net=0, condition=100, published condition=0
D/ConnectivityService(  152): handleInetConditionHoldEnd: net=0, condition=0, published condition=100
D/ConnectivityService(  152): handleInetConditionHoldEnd: net=0, condition=100, published condition=0
D/ConnectivityService(  152): handleInetConditionHoldEnd: net=0, condition=0, published condition=100
I/ActivityManager(  152): START {act=android.intent.action.MAIN cat=[android.intent.category.LAUNCHER] flg=0x10200000 cmp=edu.mit.haoqili.camera_cloud/.CameraCloud bnds=[360,103][480,253]} from pid 341
I/ActivityManager(  152): Start proc edu.mit.haoqili.camera_cloud for activity edu.mit.haoqili.camera_cloud/.CameraCloud: pid=1267 uid=10066 gids={1006, 1015, 3003}
W/InputManagerService(  152): Starting input on non-focused client com.android.internal.view.IInputMethodClient$Stub$Proxy@41737530 (uid=10066 pid=1267)
I/WindowManager(  152): WIN DEATH: Window{41617158 SurfaceView paused=false}
I/ActivityManager(  152): Process edu.mit.haoqili.camera_cloud (pid 1267) has died.
I/WindowManager(  152): WIN DEATH: Window{415244e8 edu.mit.haoqili.camera_cloud/edu.mit.haoqili.camera_cloud.CameraCloud paused=false}
I/WindowManager(  152): WINDOW DIED Window{415244e8 edu.mit.haoqili.camera_cloud/edu.mit.haoqili.camera_cloud.CameraCloud paused=false}
D/ConnectivityService(  152): handleInetConditionHoldEnd: net=0, condition=100, published condition=0
I/ActivityManager(  152): START {act=android.intent.action.MAIN cat=[android.intent.category.LAUNCHER] flg=0x10200000 cmp=edu.mit.csail.diplomamatrix/.StatusActivity} from pid 341
I/ActivityManager(  152): Start proc edu.mit.csail.diplomamatrix for activity edu.mit.csail.diplomamatrix/.StatusActivity: pid=1302 uid=10067 gids={1006, 1015, 3003}
D/ConnectivityService(  152): handleInetConditionHoldEnd: net=0, condition=0, published condition=100
W/ActivityManager(  152): Activity destroy timeout for ActivityRecord{4171d380 edu.mit.haoqili.camera_cloud/.CameraCloud}
W/InputManagerService(  152): Starting input on non-focused client com.android.internal.view.IInputMethodClient$Stub$Proxy@416d6df8 (uid=10029 pid=341)
D/ConnectivityService(  152): handleInetConditionHoldEnd: net=0, condition=100, published condition=0
W/InputManagerService(  152): Window already focused, ignoring focus gain of: com.android.internal.view.IInputMethodClient$Stub$Proxy@4158dbc8
D/ConnectivityService(  152): handleInetConditionHoldEnd: net=0, condition=0, published condition=100
W/InputManagerService(  152): Window already focused, ignoring focus gain of: com.android.internal.view.IInputMethodClient$Stub$Proxy@41602e50
W/InputManagerService(  152): Window already focused, ignoring focus gain of: com.android.internal.view.IInputMethodClient$Stub$Proxy@416bfd00
W/InputManagerService(  152): Window already focused, ignoring focus gain of: com.android.internal.view.IInputMethodClient$Stub$Proxy@4169c518
D/ConnectivityService(  152): handleInetConditionHoldEnd: net=0, condition=100, published condition=0
D/ConnectivityService(  152): handleInetConditionHoldEnd: net=0, condition=0, published condition=100
W/InputManagerService(  152): Window already focused, ignoring focus gain of: com.android.internal.view.IInputMethodClient$Stub$Proxy@416e33f8
--------- beginning of /dev/log/main
I/NetworkThread( 1302): 1333728168083: Received UDP payload: 949
I/Mux     ( 1302): 1333728168088: GOT CSM_Msg
I/NetworkThread( 1302): 1333728168155: Received UDP payload: 949
I/Mux     ( 1302): 1333728168173: GOT CSM_Msg
I/NetworkThread( 1302): 1333728168254: Received UDP payload: 949
I/Mux     ( 1302): 1333728168259: GOT CSM_Msg
I/NetworkThread( 1302): 1333728168688: Received UDP payload: 949
I/Mux     ( 1302): 1333728168776: GOT CSM_Msg
I/NetworkThread( 1302): 1333728168784: Received UDP payload: 949
I/Mux     ( 1302): 1333728168787: GOT CSM_Msg
I/NetworkThread( 1302): 1333728168884: Received UDP payload: 949
I/Mux     ( 1302): 1333728168889: GOT CSM_Msg
I/NetworkThread( 1302): 1333728168902: Received UDP payload: 949
I/Mux     ( 1302): 1333728168910: GOT CSM_Msg
I/NetworkThread( 1302): 1333728168922: Received UDP payload: 949
I/Mux     ( 1302): 1333728168937: GOT CSM_Msg
I/NetworkThread( 1302): 1333728168990: Received UDP payload: 949
I/Mux     ( 1302): 1333728169005: GOT CSM_Msg
I/NetworkThread( 1302): 1333728169084: Received UDP payload: 949
I/Mux     ( 1302): 1333728169113: GOT CSM_Msg
D/dalvikvm( 1302): GC_CONCURRENT freed 386K, 32% free 10043K/14727K, paused 2ms+3ms
I/NetworkThread( 1302): 1333728169208: Received UDP payload: 949
I/Mux     ( 1302): 1333728169211: GOT CSM_Msg
W/NetworkStats(  152): dropping UID delta from unknown iface: iface=wlan0 uid=10067 set=FOREGROUND tag=0x0 rxBytes=192310 rxPackets=115 txBytes=7447 txPackets=7 operations=0
I/NetworkThread( 1302): 1333728171764: Received UDP payload: 406
I/StatusActivity( 1302): 1333728172451: .......... GPS onLocationChanged ...... 
I/VCoreDaemon( 1302): 1333728172452: Loc = Location[mProvider=gps,mTime=1333814573000,mLatitude=42.36407798867591,mLongitude=-71.10118467406421,mHasAltitude=true,mAltitude=-25.0,mHasSpeed=true,mSpeed=0.09614054,mHasBearing=true,mBearing=304.6737,mHasAccuracy=true,mAccuracy=10.0,mExtras=Bundle[mParcelledData.dataSize=4]] Previous Region = (2,0)
I/VCoreDaemon( 1302): 1333728172452: GPS x/long:-71.10118467406421, GPS y/lat: 42.36407798867591. Region width in x: 51.96152422706632
I/VCoreDaemon( 1302): 1333728172452: location PINPOINTS to region = 2.0, previous 2
I/VCoreDaemon( 1302): 1333728172453: stay at region 2
I/StatusActivity( 1302): 1333728173450: .......... GPS onLocationChanged ...... 
I/VCoreDaemon( 1302): 1333728173451: Loc = Location[mProvider=gps,mTime=1333814574000,mLatitude=42.36408581320811,mLongitude=-71.10119096205399,mHasAltitude=true,mAltitude=-22.0,mHasSpeed=true,mSpeed=0.16975118,mHasBearing=true,mBearing=343.4074,mHasAccuracy=true,mAccuracy=15.0,mExtras=Bundle[mParcelledData.dataSize=4]] Previous Region = (2,0)
I/VCoreDaemon( 1302): 1333728173451: GPS x/long:-71.10119096205399, GPS y/lat: 42.36408581320811. Region width in x: 51.96152422706632
I/VCoreDaemon( 1302): 1333728173451: location PINPOINTS to region = 2.0, previous 2
I/VCoreDaemon( 1302): 1333728173451: stay at region 2
I/StatusActivity( 1302): 1333728174449: .......... GPS onLocationChanged ...... 
I/VCoreDaemon( 1302): 1333728174451: Loc = Location[mProvider=gps,mTime=1333814575000,mLatitude=42.36408866497326,mLongitude=-71.10120273261091,mHasAltitude=true,mAltitude=-19.0,mHasSpeed=true,mSpeed=0.0,mHasBearing=true,mBearing=331.21436,mHasAccuracy=true,mAccuracy=15.0,mExtras=Bundle[mParcelledData.dataSize=4]] Previous Region = (2,0)
I/VCoreDaemon( 1302): 1333728174451: GPS x/long:-71.10120273261091, GPS y/lat: 42.36408866497326. Region width in x: 51.96152422706632
I/VCoreDaemon( 1302): 1333728174451: location PINPOINTS to region = 2.0, previous 2
I/VCoreDaemon( 1302): 1333728174451: stay at region 2
I/NetworkThread( 1302): 1333728176202: Received UDP payload: 585
I/Mux     ( 1302): 1333728176219: Inside mux Packet.CLIENT_REQUEST
I/Mux     ( 1302): 1333728176220: Nonleader does nothing for Packet.CLIENT_REQUEST
I/NetworkThread( 1302): 1333728176630: Received UDP payload: 406
I/NetworkThread( 1302): 1333728177783: Received UDP payload: 406
I/StatusActivity( 1302): 1333728180446: .......... GPS onLocationChanged ...... 
I/VCoreDaemon( 1302): 1333728180447: Loc = Location[mProvider=gps,mTime=1333814581000,mLatitude=42.3640912005101,mLongitude=-71.10122153451081,mHasAltitude=true,mAltitude=-19.0,mHasSpeed=true,mSpeed=0.07583318,mHasBearing=true,mBearing=283.98267,mHasAccuracy=true,mAccuracy=10.0,mExtras=Bundle[mParcelledData.dataSize=4]] Previous Region = (2,0)
I/VCoreDaemon( 1302): 1333728180448: GPS x/long:-71.10122153451081, GPS y/lat: 42.3640912005101. Region width in x: 51.96152422706632
I/VCoreDaemon( 1302): 1333728180448: location PINPOINTS to region = 2.0, previous 2
I/VCoreDaemon( 1302): 1333728180448: stay at region 2
I/NetworkThread( 1302): 1333728180675: Received UDP payload: 949
I/Mux     ( 1302): 1333728180717: GOT CSM_Msg
I/NetworkThread( 1302): 1333728180784: Received UDP payload: 5744
I/Mux     ( 1302): 1333728180797: GOT CSM_Msg
I/NetworkThread( 1302): 1333728181404: Received UDP payload: 949
I/Mux     ( 1302): 1333728181409: GOT CSM_Msg
I/NetworkThread( 1302): 1333728181646: Received UDP payload: 406
I/NetworkThread( 1302): 1333728181741: Received UDP payload: 406
I/NetworkThread( 1302): 1333728182211: Received UDP payload: 949
I/Mux     ( 1302): 1333728182248: GOT CSM_Msg
I/NetworkThread( 1302): 1333728182272: Received UDP payload: 949
I/Mux     ( 1302): 1333728182282: GOT CSM_Msg
I/NetworkThread( 1302): 1333728182283: Received UDP payload: 949
I/Mux     ( 1302): 1333728182302: GOT CSM_Msg
I/StatusActivity( 1302): 1333728182470: .......... GPS onLocationChanged ...... 
I/VCoreDaemon( 1302): 1333728182471: Loc = Location[mProvider=gps,mTime=1333814583000,mLatitude=42.36409001674975,mLongitude=-71.10126432936472,mHasAltitude=true,mAltitude=-22.0,mHasSpeed=true,mSpeed=0.0,mHasBearing=true,mBearing=289.19934,mHasAccuracy=true,mAccuracy=10.0,mExtras=Bundle[mParcelledData.dataSize=4]] Previous Region = (2,0)
I/VCoreDaemon( 1302): 1333728182472: GPS x/long:-71.10126432936472, GPS y/lat: 42.36409001674975. Region width in x: 51.96152422706632
I/VCoreDaemon( 1302): 1333728182472: location PINPOINTS to region = 2.0, previous 2
I/VCoreDaemon( 1302): 1333728182472: stay at region 2
I/NetworkThread( 1302): 1333728182747: Received UDP payload: 5744
I/Mux     ( 1302): 1333728182751: GOT CSM_Msg
I/NetworkThread( 1302): 1333728182933: Received UDP payload: 5744
I/Mux     ( 1302): 1333728182944: GOT CSM_Msg
I/StatusActivity( 1302): 1333728182964: canPressButton = TRUE
I/StatusActivity( 1302): 1333728182966: areButtonsEnabled --> false 
I/StatusActivity( 1302): 1333728182966: get picture disableButtonsR
I/StatusActivity( 1302): 1333728182967: areButtonsEnabled --> false
D/AudioHardware(   81): AudioHardware pcm playback is exiting standby.
D/AudioHardware(   81): openPcmOut_l() mPcmOpenCnt: 0
I/StatusActivity( 1302): 1333728183005: takeNum=2 takeCamGood=2 takeGoodSave=2 takeBad=0 takeTimedout=0 getNum=4 getGood=3 getBad=0 getTimedout=0
I/StatusActivity( 1302): 1333728183006: ** Clicked getphotos Button from region 3 **
I/StatusActivity( 1302): 1333728183006: I'm the Client, and I'm in region: 2 nodID = 5114
I/StatusActivity( 1302): 1333728183007: I'm a nonleader sending my requesting photos packet to my leader
I/VCoreDaemon( 1302): 1333728183008: inside sendPacket(Packet p)
I/NetworkThread( 1302): 1333728183009: Sending UDP payload: 585
I/StatusActivity( 1302): 1333728183011: StatusActivity sent request to get photos for region 3
I/NetworkThread( 1302): 1333728183024: Received UDP payload: 949
I/Mux     ( 1302): 1333728183114: GOT CSM_Msg
I/NetworkThread( 1302): 1333728183115: Received UDP payload: 949
I/Mux     ( 1302): 1333728183141: GOT CSM_Msg
I/NetworkThread( 1302): 1333728183142: Received UDP payload: 949
I/Mux     ( 1302): 1333728183167: GOT CSM_Msg
I/NetworkThread( 1302): 1333728183169: Received UDP payload: 949
I/Mux     ( 1302): 1333728183173: GOT CSM_Msg
I/NetworkThread( 1302): 1333728183182: Received UDP payload: 949
D/dalvikvm( 1302): GC_CONCURRENT freed 423K, 32% free 10082K/14727K, paused 2ms+2ms
I/Mux     ( 1302): 1333728183204: GOT CSM_Msg
I/NetworkThread( 1302): 1333728183204: Received UDP payload: 406
I/NetworkThread( 1302): 1333728183210: Received UDP payload: 770
I/Mux     ( 1302): 1333728183239: GOT CSM_Msg
I/NetworkThread( 1302): 1333728183240: Received UDP payload: 5744
I/Mux     ( 1302): 1333728183247: GOT CSM_Msg
I/NetworkThread( 1302): 1333728183279: Received UDP payload: 5744
I/Mux     ( 1302): 1333728183301: GOT CSM_Msg
I/NetworkThread( 1302): 1333728183308: Received UDP payload: 949
I/Mux     ( 1302): 1333728183340: GOT CSM_Msg
I/NetworkThread( 1302): 1333728183349: Received UDP payload: 5744
I/Mux     ( 1302): 1333728183370: GOT CSM_Msg
I/StatusActivity( 1302): 1333728183483: .......... GPS onLocationChanged ...... 
I/VCoreDaemon( 1302): 1333728183484: Loc = Location[mProvider=gps,mTime=1333814584000,mLatitude=42.3640906928683,mLongitude=-71.10128307768373,mHasAltitude=true,mAltitude=-22.0,mHasSpeed=true,mSpeed=0.3305251,mHasBearing=true,mBearing=313.11142,mHasAccuracy=true,mAccuracy=10.0,mExtras=Bundle[mParcelledData.dataSize=4]] Previous Region = (2,0)
I/VCoreDaemon( 1302): 1333728183484: GPS x/long:-71.10128307768373, GPS y/lat: 42.3640906928683. Region width in x: 51.96152422706632
I/NetworkThread( 1302): 1333728183498: Received UDP payload: 5744
I/VCoreDaemon( 1302): 1333728183484: location PINPOINTS to region = 2.0, previous 2
I/VCoreDaemon( 1302): 1333728183501: stay at region 2
I/Mux     ( 1302): 1333728183504: GOT CSM_Msg
I/NetworkThread( 1302): 1333728183842: Received UDP payload: 949
I/Mux     ( 1302): 1333728183848: GOT CSM_Msg
I/NetworkThread( 1302): 1333728183926: Received UDP payload: 949
I/Mux     ( 1302): 1333728183934: GOT CSM_Msg
I/NetworkThread( 1302): 1333728184028: Received UDP payload: 949
I/Mux     ( 1302): 1333728184041: GOT CSM_Msg
I/NetworkThread( 1302): 1333728184144: Received UDP payload: 949
I/Mux     ( 1302): 1333728184149: GOT CSM_Msg
I/NetworkThread( 1302): 1333728184261: Received UDP payload: 949
I/Mux     ( 1302): 1333728184276: GOT CSM_Msg
I/NetworkThread( 1302): 1333728184366: Received UDP payload: 949
I/Mux     ( 1302): 1333728184371: GOT CSM_Msg
I/NetworkThread( 1302): 1333728184447: Received UDP payload: 949
I/Mux     ( 1302): 1333728184465: GOT CSM_Msg
I/StatusActivity( 1302): 1333728184482: .......... GPS onLocationChanged ...... 
I/VCoreDaemon( 1302): 1333728184483: Loc = Location[mProvider=gps,mTime=1333814585000,mLatitude=42.36409070812687,mLongitude=-71.10129566363584,mHasAltitude=true,mAltitude=-18.0,mHasSpeed=true,mSpeed=0.0,mHasBearing=true,mBearing=332.6227,mHasAccuracy=true,mAccuracy=10.0,mExtras=Bundle[mParcelledData.dataSize=4]] Previous Region = (2,0)
I/VCoreDaemon( 1302): 1333728184483: GPS x/long:-71.10129566363584, GPS y/lat: 42.36409070812687. Region width in x: 51.96152422706632
I/VCoreDaemon( 1302): 1333728184484: location PINPOINTS to region = 2.0, previous 2
I/VCoreDaemon( 1302): 1333728184484: stay at region 2
I/NetworkThread( 1302): 1333728184553: Received UDP payload: 949
I/Mux     ( 1302): 1333728184567: GOT CSM_Msg
I/NetworkThread( 1302): 1333728184645: Received UDP payload: 949
I/Mux     ( 1302): 1333728184662: GOT CSM_Msg
I/NetworkThread( 1302): 1333728184789: Received UDP payload: 949
I/Mux     ( 1302): 1333728184807: GOT CSM_Msg
I/NetworkThread( 1302): 1333728184856: Received UDP payload: 949
I/Mux     ( 1302): 1333728184875: GOT CSM_Msg
D/dalvikvm( 1302): GC_CONCURRENT freed 406K, 32% free 10069K/14727K, paused 1ms+3ms
I/NetworkThread( 1302): 1333728184957: Received UDP payload: 949
I/Mux     ( 1302): 1333728184965: GOT CSM_Msg
I/NetworkThread( 1302): 1333728185059: Received UDP payload: 949
I/Mux     ( 1302): 1333728185068: GOT CSM_Msg
I/NetworkThread( 1302): 1333728185168: Received UDP payload: 949
I/Mux     ( 1302): 1333728185178: GOT CSM_Msg
I/NetworkThread( 1302): 1333728185257: Received UDP payload: 949
I/Mux     ( 1302): 1333728185267: GOT CSM_Msg
I/NetworkThread( 1302): 1333728185271: Received UDP payload: 770
I/Mux     ( 1302): 1333728185279: GOT CSM_Msg
I/NetworkThread( 1302): 1333728185985: Received UDP payload: 949
I/Mux     ( 1302): 1333728186008: GOT CSM_Msg
D/AudioHardware(   81): AudioHardware pcm playback is going to standby.
D/AudioHardware(   81): closePcmOut_l() mPcmOpenCnt: 1
I/NetworkThread( 1302): 1333728186106: Received UDP payload: 949
I/Mux     ( 1302): 1333728186111: GOT CSM_Msg
I/NetworkThread( 1302): 1333728186194: Received UDP payload: 949
I/Mux     ( 1302): 1333728186199: GOT CSM_Msg
I/NetworkThread( 1302): 1333728186315: Received UDP payload: 949
I/Mux     ( 1302): 1333728186343: GOT CSM_Msg
I/NetworkThread( 1302): 1333728186420: Received UDP payload: 949
I/Mux     ( 1302): 1333728186424: GOT CSM_Msg
I/NetworkThread( 1302): 1333728186522: Received UDP payload: 949
I/Mux     ( 1302): 1333728186534: GOT CSM_Msg
I/StatusActivity( 1302): 1333728186581: .......... GPS onLocationChanged ...... 
I/VCoreDaemon( 1302): 1333728186582: Loc = Location[mProvider=gps,mTime=1333814587000,mLatitude=42.364094138748214,mLongitude=-71.10132075988741,mHasAltitude=true,mAltitude=-18.0,mHasSpeed=true,mSpeed=0.0,mHasBearing=true,mBearing=333.19318,mHasAccuracy=true,mAccuracy=10.0,mExtras=Bundle[mParcelledData.dataSize=4]] Previous Region = (2,0)
