I/VCoreDaemon( 1302): 1333728186582: GPS x/long:-71.10132075988741, GPS y/lat: 42.364094138748214. Region width in x: 51.96152422706632
I/VCoreDaemon( 1302): 1333728186583: location PINPOINTS to region = 2.0, previous 2
I/VCoreDaemon( 1302): 1333728186583: stay at region 2
D/dalvikvm(  152): GC_CONCURRENT freed 784K, 13% free 12674K/14471K, paused 2ms+19ms
I/NetworkThread( 1302): 1333728186620: Received UDP payload: 949
I/Mux     ( 1302): 1333728186644: GOT CSM_Msg
I/NetworkThread( 1302): 1333728186983: Received UDP payload: 949
I/Mux     ( 1302): 1333728186995: GOT CSM_Msg
I/NetworkThread( 1302): 1333728187655: Received UDP payload: 949
I/Mux     ( 1302): 1333728187726: GOT CSM_Msg
I/NetworkThread( 1302): 1333728187769: Received UDP payload: 406
I/NetworkThread( 1302): 1333728187859: Received UDP payload: 949
I/Mux     ( 1302): 1333728187877: GOT CSM_Msg
I/NetworkThread( 1302): 1333728187972: Received UDP payload: 949
I/Mux     ( 1302): 1333728187977: GOT CSM_Msg
I/NetworkThread( 1302): 1333728188065: Received UDP payload: 949
I/Mux     ( 1302): 1333728188069: GOT CSM_Msg
I/NetworkThread( 1302): 1333728188077: Received UDP payload: 5744
I/Mux     ( 1302): 1333728188082: GOT CSM_Msg
I/NetworkThread( 1302): 1333728188154: Received UDP payload: 949
I/Mux     ( 1302): 1333728188177: GOT CSM_Msg
D/dalvikvm( 1302): GC_CONCURRENT freed 389K, 32% free 10070K/14727K, paused 2ms+4ms
I/NetworkThread( 1302): 1333728188263: Received UDP payload: 949
I/Mux     ( 1302): 1333728188270: GOT CSM_Msg
I/NetworkThread( 1302): 1333728188356: Received UDP payload: 949
I/Mux     ( 1302): 1333728188365: GOT CSM_Msg
I/NetworkThread( 1302): 1333728188439: Received UDP payload: 5744
I/Mux     ( 1302): 1333728188447: GOT CSM_Msg
I/NetworkThread( 1302): 1333728188470: Received UDP payload: 949
I/Mux     ( 1302): 1333728188493: GOT CSM_Msg
I/StatusActivity( 1302): 1333728188514: .......... GPS onLocationChanged ...... 
I/VCoreDaemon( 1302): 1333728188515: Loc = Location[mProvider=gps,mTime=1333814589000,mLatitude=42.364098530721755,mLongitude=-71.10133858147375,mHasAltitude=true,mAltitude=-17.0,mHasSpeed=true,mSpeed=0.4797235,mHasBearing=true,mBearing=331.26022,mHasAccuracy=true,mAccuracy=10.0,mExtras=Bundle[mParcelledData.dataSize=4]] Previous Region = (2,0)
I/VCoreDaemon( 1302): 1333728188525: GPS x/long:-71.10133858147375, GPS y/lat: 42.364098530721755. Region width in x: 51.96152422706632
I/VCoreDaemon( 1302): 1333728188525: location PINPOINTS to region = 2.0, previous 2
I/VCoreDaemon( 1302): 1333728188526: stay at region 2
I/NetworkThread( 1302): 1333728188559: Received UDP payload: 5744
I/Mux     ( 1302): 1333728188570: GOT CSM_Msg
I/NetworkThread( 1302): 1333728188678: Received UDP payload: 949
I/Mux     ( 1302): 1333728188701: GOT CSM_Msg
I/NetworkThread( 1302): 1333728188780: Received UDP payload: 949
I/Mux     ( 1302): 1333728188790: GOT CSM_Msg
I/NetworkThread( 1302): 1333728188895: Received UDP payload: 5744
I/Mux     ( 1302): 1333728188907: GOT CSM_Msg
I/NetworkThread( 1302): 1333728188985: Received UDP payload: 949
I/Mux     ( 1302): 1333728188996: GOT CSM_Msg
I/StatusActivity( 1302): inside buttonsEnableProgressTimeoutR. Perhaps no one is in that region. Try again later!
I/StatusActivity( 1302): Inside _enableButtons
I/StatusActivity( 1302): areButtonsEnabled --> true
I/StatusActivity( 1302): takeNum=2 takeCamGood=2 takeGoodSave=2 takeBad=0 takeTimedout=0 getNum=4 getGood=3 getBad=0 getTimedout=1
W/InputManagerService(  152): Window already focused, ignoring focus gain of: com.android.internal.view.IInputMethodClient$Stub$Proxy@4168ce68
I/NetworkThread( 1302): 1333728189076: Received UDP payload: 5744
I/Mux     ( 1302): 1333728189097: GOT CSM_Msg
I/NetworkThread( 1302): 1333728189098: Received UDP payload: 406
I/NetworkThread( 1302): 1333728189105: Received UDP payload: 770
I/Mux     ( 1302): 1333728189132: GOT CSM_Msg
I/NetworkThread( 1302): 1333728189132: Received UDP payload: 770
I/Mux     ( 1302): 1333728189140: GOT CSM_Msg
D/dalvikvm(  740): GC_CONCURRENT freed 381K, 6% free 10047K/10631K, paused 4ms+2ms
I/NetworkThread( 1302): 1333728192770: Received UDP payload: 406
I/NetworkThread( 1302): 1333728194016: Received UDP payload: 406
I/NetworkThread( 1302): 1333728197136: Received UDP payload: 585
I/Mux     ( 1302): 1333728197173: Inside mux Packet.CLIENT_REQUEST
I/Mux     ( 1302): 1333728197173: Nonleader does nothing for Packet.CLIENT_REQUEST
I/NetworkThread( 1302): 1333728197209: Received UDP payload: 949
I/Mux     ( 1302): 1333728197222: GOT CSM_Msg
I/NetworkThread( 1302): 1333728197235: Received UDP payload: 949
I/Mux     ( 1302): 1333728197239: GOT CSM_Msg
I/NetworkThread( 1302): 1333728197991: Received UDP payload: 949
I/Mux     ( 1302): 1333728198048: GOT CSM_Msg
I/NetworkThread( 1302): 1333728198067: Received UDP payload: 949
I/Mux     ( 1302): 1333728198096: GOT CSM_Msg
I/NetworkThread( 1302): 1333728198097: Received UDP payload: 949
I/Mux     ( 1302): 1333728198125: GOT CSM_Msg
I/NetworkThread( 1302): 1333728198125: Received UDP payload: 949
I/Mux     ( 1302): 1333728198133: GOT CSM_Msg
D/dalvikvm( 1302): GC_CONCURRENT freed 420K, 32% free 10075K/14727K, paused 2ms+3ms
I/NetworkThread( 1302): 1333728198220: Received UDP payload: 949
I/Mux     ( 1302): 1333728198225: GOT CSM_Msg
I/NetworkThread( 1302): 1333728198252: Received UDP payload: 949
I/Mux     ( 1302): 1333728198259: GOT CSM_Msg
I/NetworkThread( 1302): 1333728198308: Received UDP payload: 949
I/Mux     ( 1302): 1333728198325: GOT CSM_Msg
I/NetworkThread( 1302): 1333728198359: Received UDP payload: 949
I/Mux     ( 1302): 1333728198364: GOT CSM_Msg
I/NetworkThread( 1302): 1333728198417: Received UDP payload: 949
I/Mux     ( 1302): 1333728198420: GOT CSM_Msg
I/NetworkThread( 1302): 1333728198471: Received UDP payload: 949
I/Mux     ( 1302): 1333728198476: GOT CSM_Msg
I/NetworkThread( 1302): 1333728198538: Received UDP payload: 949
I/Mux     ( 1302): 1333728198542: GOT CSM_Msg
I/NetworkThread( 1302): 1333728198559: Received UDP payload: 949
I/Mux     ( 1302): 1333728198564: GOT CSM_Msg
I/NetworkThread( 1302): 1333728198641: Received UDP payload: 949
I/Mux     ( 1302): 1333728198657: GOT CSM_Msg
I/NetworkThread( 1302): 1333728198695: Received UDP payload: 949
I/Mux     ( 1302): 1333728198700: GOT CSM_Msg
I/NetworkThread( 1302): 1333728198776: Received UDP payload: 949
I/Mux     ( 1302): 1333728198780: GOT CSM_Msg
I/NetworkThread( 1302): 1333728198842: Received UDP payload: 949
I/Mux     ( 1302): 1333728198858: GOT CSM_Msg
I/NetworkThread( 1302): 1333728198875: Received UDP payload: 949
I/Mux     ( 1302): 1333728198890: GOT CSM_Msg
I/NetworkThread( 1302): 1333728198949: Received UDP payload: 949
I/Mux     ( 1302): 1333728198959: GOT CSM_Msg
I/NetworkThread( 1302): 1333728198987: Received UDP payload: 949
I/Mux     ( 1302): 1333728198993: GOT CSM_Msg
I/NetworkThread( 1302): 1333728199010: Received UDP payload: 406
I/NetworkThread( 1302): 1333728199053: Received UDP payload: 949
I/Mux     ( 1302): 1333728199059: GOT CSM_Msg
I/NetworkThread( 1302): 1333728199065: Received UDP payload: 949
I/Mux     ( 1302): 1333728199069: GOT CSM_Msg
I/NetworkThread( 1302): 1333728199149: Received UDP payload: 949
I/Mux     ( 1302): 1333728199159: GOT CSM_Msg
I/NetworkThread( 1302): 1333728199279: Received UDP payload: 949
I/Mux     ( 1302): 1333728199299: GOT CSM_Msg
I/NetworkThread( 1302): 1333728199349: Received UDP payload: 949
I/Mux     ( 1302): 1333728199363: GOT CSM_Msg
I/NetworkThread( 1302): 1333728199374: Received UDP payload: 770
I/Mux     ( 1302): 1333728199407: GOT CSM_Msg
I/NetworkThread( 1302): 1333728199408: Received UDP payload: 770
I/Mux     ( 1302): 1333728199426: GOT CSM_Msg
D/dalvikvm( 1302): GC_CONCURRENT freed 421K, 32% free 10069K/14727K, paused 2ms+2ms
I/NetworkThread( 1302): 1333728201819: Received UDP payload: 949
I/Mux     ( 1302): 1333728201890: GOT CSM_Msg
I/NetworkThread( 1302): 1333728201900: Received UDP payload: 949
I/Mux     ( 1302): 1333728201907: GOT CSM_Msg
I/NetworkThread( 1302): 1333728202531: Received UDP payload: 949
I/Mux     ( 1302): 1333728202536: GOT CSM_Msg
I/NetworkThread( 1302): 1333728202577: Received UDP payload: 949
I/Mux     ( 1302): 1333728202590: GOT CSM_Msg
I/NetworkThread( 1302): 1333728202754: Received UDP payload: 949
I/Mux     ( 1302): 1333728202833: GOT CSM_Msg
I/NetworkThread( 1302): 1333728202850: Received UDP payload: 406
I/NetworkThread( 1302): 1333728202854: Received UDP payload: 949
I/Mux     ( 1302): 1333728202861: GOT CSM_Msg
I/NetworkThread( 1302): 1333728202861: Received UDP payload: 949
I/Mux     ( 1302): 1333728202870: GOT CSM_Msg
I/NetworkThread( 1302): 1333728202873: Received UDP payload: 949
I/Mux     ( 1302): 1333728202890: GOT CSM_Msg
I/NetworkThread( 1302): 1333728203275: Received UDP payload: 949
I/Mux     ( 1302): 1333728203334: GOT CSM_Msg
I/NetworkThread( 1302): 1333728203379: Received UDP payload: 949
I/Mux     ( 1302): 1333728203390: GOT CSM_Msg
I/NetworkThread( 1302): 1333728203993: Received UDP payload: 770
I/Mux     ( 1302): 1333728204039: GOT CSM_Msg
I/NetworkThread( 1302): 1333728204054: Received UDP payload: 406
I/NetworkThread( 1302): 1333728207615: Received UDP payload: 949
I/Mux     ( 1302): 1333728207665: GOT CSM_Msg
I/NetworkThread( 1302): 1333728209033: Received UDP payload: 406
I/NetworkThread( 1302): 1333728209488: Received UDP payload: 406
I/GTalkService/c(  453): [AndroidEndpoint@1094469624] connect: acct=1000000, state=CONNECTING
I/NetworkThread( 1302): 1333728210576: Received UDP payload: 406
I/StatusActivity( 1302): 1333728213488: .......... GPS onLocationChanged ...... 
I/VCoreDaemon( 1302): 1333728213489: Loc = Location[mProvider=gps,mTime=1333814614000,mLatitude=42.36409580989579,mLongitude=-71.1013512033644,mHasAltitude=true,mAltitude=-24.0,mHasSpeed=true,mSpeed=0.0,mHasBearing=true,mBearing=314.25598,mHasAccuracy=true,mAccuracy=10.0,mExtras=Bundle[mParcelledData.dataSize=4]] Previous Region = (2,0)
I/VCoreDaemon( 1302): 1333728213490: GPS x/long:-71.1013512033644, GPS y/lat: 42.36409580989579. Region width in x: 51.96152422706632
I/VCoreDaemon( 1302): 1333728213490: location PINPOINTS to region = 2.0, previous 2
I/VCoreDaemon( 1302): 1333728213490: stay at region 2
I/NetworkThread( 1302): 1333728214026: Received UDP payload: 406
I/StatusActivity( 1302): 1333728221269: canPressButton = TRUE
I/StatusActivity( 1302): 1333728221271: areButtonsEnabled --> false
I/StatusActivity( 1302): 1333728221286: disabling buttons ...
D/AudioHardware(   81): AudioHardware pcm playback is exiting standby.
D/AudioHardware(   81): openPcmOut_l() mPcmOpenCnt: 0
I/StatusActivity( 1302): 1333728221288: took picture disableButtonsR
I/StatusActivity( 1302): 1333728221310: areButtonsEnabled --> false
I/StatusActivity( 1302): 1333728221352: takeNum=3 takeCamGood=2 takeGoodSave=2 takeBad=0 takeTimedout=0 getNum=4 getGood=3 getBad=0 getTimedout=1
I/StatusActivity( 1302): 1333728221352: ** Clicked take picture button **
I/CameraSurfaceView( 1302): inside getCamera()
I/CameraHardwareSec(   81): int android::CameraHardwareSec::previewThreadWrapper(): calling mSecCamera->stopPreview() and waiting
I/SecCamera(   81): int android::fimc_v4l2_querybuf(int, android::fimc_buffer*, v4l2_buf_type) :
I/SecCamera(   81): int android::fimc_v4l2_querybuf(int, android::fimc_buffer*, v4l2_buf_type): buffer->start = 0x43cb4000 v4l2_buf.length = 4261248
I/CameraHardwareSec(   81): == Camera Sensor Detect S5K4ECGX - Samsung LSI SOC 5M ==
D/JpegEncoder(   81): encode E
D/JpegEncoder(   81): encode X
D/SecCamera(   81): Shutter speed=515 us, iso=50
D/SecCamera(   81): AV=3, TV=11, SV=4
D/JpegEncoder(   81): makeExif E
D/JpegEncoder(   81): makeExif X
I/SecCamera(   81): int android::SecCamera::endSnapshot() :
I/SecCamera(   81): munmap():virt. addr 0x43cb4000 size = 4261248
D/dalvikvm( 1302): GC_FOR_ALLOC freed 344K, 32% free 10074K/14727K, paused 18ms
I/dalvikvm-heap( 1302): Grow heap (frag case) to 11.312MB for 1470140-byte allocation
D/dalvikvm( 1302): GC_CONCURRENT freed 6K, 22% free 11503K/14727K, paused 2ms+2ms
I/StatusActivity( 1302): 1333728222086: inside HandlePictureStorage onPictureTaken()
I/StatusActivity( 1302): 1333728222087: takeNum=3 takeCamGood=3 takeGoodSave=2 takeBad=0 takeTimedout=0 getNum=4 getGood=3 getBad=0 getTimedout=1
D/CameraHardwareSec(   81): mPreviewHeap(fd(24), size(518400), width(720), height(480))
I/CameraHardwareSec(   81): int android::CameraHardwareSec::previewThreadWrapper(): return from wait
I/StatusActivity( 1302): 1333728222498: Picture successfully taken, ORIG BYTE LENGTH = 1470124
D/dalvikvm( 1302): GC_EXPLICIT freed 2K, 22% free 11504K/14727K, paused 2ms+3ms
D/ConnectivityService(  152): handleInetConditionHoldEnd: net=0, condition=100, published condition=0
I/StatusActivity( 1302): 1333728222710: Our new height x width: 240 x 320
I/StatusActivity( 1302): 1333728222710: Show photo from handle my camera take
I/StatusActivity( 1302): 1333728222711: client making photo packet to send to leader for it to save
I/StatusActivity( 1302): 1333728222723: BYTE SIZE AFTER COMPRESSION: 3293
I/StatusActivity( 1302): 1333728222725: about to send my pic
I/StatusActivity( 1302): 1333728222725: I'm a nonleader sending my new photo packet to my leader
I/VCoreDaemon( 1302): 1333728222725: inside sendPacket(Packet p)
I/NetworkThread( 1302): 1333728222727: Sending UDP payload: 3900
I/StatusActivity( 1302): 1333728222728: end of client send picture method
I/NetworkThread( 1302): 1333728222854: Received UDP payload: 4264
I/Mux     ( 1302): 1333728222858: GOT CSM_Msg
I/NetworkThread( 1302): 1333728222862: Received UDP payload: 949
I/Mux     ( 1302): 1333728222880: GOT CSM_Msg
I/NetworkThread( 1302): 1333728222884: Received UDP payload: 602
I/Mux     ( 1302): 1333728222887: Inside mux Packet.SERVER_REPLY
I/Mux     ( 1302): 1333728222887: I have the photo requester id = 5114 about to display photo or receive upload ack
I/StatusActivity( 1302): 1333728222910: inside Packet.CLIENT_UPLOAD_PHOTO_ACK
I/StatusActivity( 1302): 1333728222910: nonleader upload new photo latency = 185
I/StatusActivity( 1302): 1333728222911: = nonleader upload start 1333728222725 ~ stop 1333728222910
I/StatusActivity( 1302): 1333728222912: takeNum=3 takeCamGood=3 takeGoodSave=3 takeBad=0 takeTimedout=0 getNum=4 getGood=3 getBad=0 getTimedout=1
I/StatusActivity( 1302): 1333728222913: SUCCESS! Client now knows saving photo on its leader succeeded
I/StatusActivity( 1302): Inside _enableButtons
I/StatusActivity( 1302): areButtonsEnabled --> true
W/InputManagerService(  152): Window already focused, ignoring focus gain of: com.android.internal.view.IInputMethodClient$Stub$Proxy@4155a8d8
W/Smack/Packet(  453): notify conn break (IOEx), close connection
I/StatusActivity( 1302): 1333728223499: .......... GPS onLocationChanged ...... 
I/VCoreDaemon( 1302): 1333728223500: Loc = Location[mProvider=gps,mTime=1333814624000,mLatitude=42.3641014895924,mLongitude=-71.10136567499057,mHasAltitude=true,mAltitude=-23.0,mHasSpeed=true,mSpeed=0.0,mHasBearing=true,mBearing=314.25598,mHasAccuracy=true,mAccuracy=10.0,mExtras=Bundle[mParcelledData.dataSize=4]] Previous Region = (2,0)
I/VCoreDaemon( 1302): 1333728223501: GPS x/long:-71.10136567499057, GPS y/lat: 42.3641014895924. Region width in x: 51.96152422706632
I/VCoreDaemon( 1302): 1333728223501: location PINPOINTS to region = 2.0, previous 2
I/VCoreDaemon( 1302): 1333728223501: stay at region 2
D/dalvikvm(  453): GC_CONCURRENT freed 442K, 6% free 9987K/10567K, paused 2ms+34ms
D/AudioHardware(   81): AudioHardware pcm playback is going to standby.
D/AudioHardware(   81): closePcmOut_l() mPcmOpenCnt: 1
I/StatusActivity( 1302): 1333728224486: .......... GPS onLocationChanged ...... 
I/VCoreDaemon( 1302): 1333728224487: Loc = Location[mProvider=gps,mTime=1333814625000,mLatitude=42.364109300349355,mLongitude=-71.1013768270645,mHasAltitude=true,mAltitude=-23.0,mHasSpeed=true,mSpeed=0.0,mHasBearing=true,mBearing=314.25598,mHasAccuracy=true,mAccuracy=10.0,mExtras=Bundle[mParcelledData.dataSize=4]] Previous Region = (2,0)
I/VCoreDaemon( 1302): 1333728224487: GPS x/long:-71.1013768270645, GPS y/lat: 42.364109300349355. Region width in x: 51.96152422706632
I/VCoreDaemon( 1302): 1333728224488: location PINPOINTS to region = 2.0, previous 2
I/VCoreDaemon( 1302): 1333728224488: stay at region 2
I/NetworkThread( 1302): 1333728224635: Received UDP payload: 406
D/dalvikvm(  152): GC_EXPLICIT freed 663K, 13% free 12680K/14471K, paused 3ms+7ms
I/EventLogService(  453): Aggregate from 1333726748887 (log), 1333726424712 (data)
I/ServiceDumpSys(  453): dumping service [account]
I/StatusActivity( 1302): 1333728225454: .......... GPS onLocationChanged ...... 
I/VCoreDaemon( 1302): 1333728225455: Loc = Location[mProvider=gps,mTime=1333814626000,mLatitude=42.36411862120968,mLongitude=-71.10139207577451,mHasAltitude=true,mAltitude=-22.0,mHasSpeed=true,mSpeed=0.4760949,mHasBearing=true,mBearing=296.2164,mHasAccuracy=true,mAccuracy=10.0,mExtras=Bundle[mParcelledData.dataSize=4]] Previous Region = (2,0)
I/VCoreDaemon( 1302): 1333728225456: GPS x/long:-71.10139207577451, GPS y/lat: 42.36411862120968. Region width in x: 51.96152422706632
I/VCoreDaemon( 1302): 1333728225456: location PINPOINTS to region = 2.0, previous 2
I/VCoreDaemon( 1302): 1333728225456: stay at region 2
I/NetworkThread( 1302): 1333728225502: Received UDP payload: 406
I/StatusActivity( 1302): 1333728226454: .......... GPS onLocationChanged ...... 
I/VCoreDaemon( 1302): 1333728226455: Loc = Location[mProvider=gps,mTime=1333814627000,mLatitude=42.36412762184377,mLongitude=-71.10141361287984,mHasAltitude=true,mAltitude=-22.0,mHasSpeed=true,mSpeed=0.5316289,mHasBearing=true,mBearing=287.12704,mHasAccuracy=true,mAccuracy=15.0,mExtras=Bundle[mParcelledData.dataSize=4]] Previous Region = (2,0)
I/VCoreDaemon( 1302): 1333728226455: GPS x/long:-71.10141361287984, GPS y/lat: 42.36412762184377. Region width in x: 51.96152422706632
I/VCoreDaemon( 1302): 1333728226455: location PINPOINTS to region = 2.0, previous 2
I/VCoreDaemon( 1302): 1333728226456: stay at region 2
D/ConnectivityService(  152): handleInetConditionHoldEnd: net=0, condition=0, published condition=100
I/NetworkThread( 1302): 1333728227355: Received UDP payload: 406
I/StatusActivity( 1302): 1333728227451: .......... GPS onLocationChanged ...... 
I/VCoreDaemon( 1302): 1333728227452: Loc = Location[mProvider=gps,mTime=1333814628000,mLatitude=42.364133406592,mLongitude=-71.10142431586236,mHasAltitude=true,mAltitude=-23.0,mHasSpeed=true,mSpeed=0.5656225,mHasBearing=true,mBearing=281.94946,mHasAccuracy=true,mAccuracy=5.0,mExtras=Bundle[mParcelledData.dataSize=4]] Previous Region = (2,0)
I/VCoreDaemon( 1302): 1333728227453: GPS x/long:-71.10142431586236, GPS y/lat: 42.364133406592. Region width in x: 51.96152422706632
I/VCoreDaemon( 1302): 1333728227453: location PINPOINTS to region = 2.0, previous 2
I/VCoreDaemon( 1302): 1333728227453: stay at region 2
W/NetworkStats(  152): dropping UID delta from unknown iface: iface=wlan0 uid=10067 set=FOREGROUND tag=0x0 rxBytes=175310 rxPackets=128 txBytes=4541 txPackets=2 operations=0
I/StatusActivity( 1302): 1333728229425: .......... GPS onLocationChanged ...... 
I/VCoreDaemon( 1302): 1333728229426: Loc = Location[mProvider=gps,mTime=1333814630000,mLatitude=42.36414500282224,mLongitude=-71.10144767244797,mHasAltitude=true,mAltitude=-22.0,mHasSpeed=true,mSpeed=0.4351161,mHasBearing=true,mBearing=302.85617,mHasAccuracy=true,mAccuracy=10.0,mExtras=Bundle[mParcelledData.dataSize=4]] Previous Region = (2,0)
I/VCoreDaemon( 1302): 1333728229437: GPS x/long:-71.10144767244797, GPS y/lat: 42.36414500282224. Region width in x: 51.96152422706632
I/VCoreDaemon( 1302): 1333728229437: location PINPOINTS to region = 2.0, previous 2
I/VCoreDaemon( 1302): 1333728229437: stay at region 2
I/NetworkThread( 1302): 1333728229645: Received UDP payload: 406
I/StatusActivity( 1302): 1333728230436: .......... GPS onLocationChanged ...... 
I/VCoreDaemon( 1302): 1333728230438: Loc = Location[mProvider=gps,mTime=1333814631000,mLatitude=42.364156257029514,mLongitude=-71.1014634250197,mHasAltitude=true,mAltitude=-23.0,mHasSpeed=true,mSpeed=0.54764473,mHasBearing=true,mBearing=306.6133,mHasAccuracy=true,mAccuracy=10.0,mExtras=Bundle[mParcelledData.dataSize=4]] Previous Region = (2,0)
I/VCoreDaemon( 1302): 1333728230438: GPS x/long:-71.1014634250197, GPS y/lat: 42.364156257029514. Region width in x: 51.96152422706632
I/VCoreDaemon( 1302): 1333728230438: location PINPOINTS to region = 2.0, previous 2
I/VCoreDaemon( 1302): 1333728230438: stay at region 2
I/StatusActivity( 1302): 1333728231426: .......... GPS onLocationChanged ...... 
I/VCoreDaemon( 1302): 1333728231427: Loc = Location[mProvider=gps,mTime=1333814632000,mLatitude=42.36416740487422,mLongitude=-71.10147999645281,mHasAltitude=true,mAltitude=-23.0,mHasSpeed=true,mSpeed=0.61933863,mHasBearing=true,mBearing=302.4002,mHasAccuracy=true,mAccuracy=10.0,mExtras=Bundle[mParcelledData.dataSize=4]] Previous Region = (2,0)
I/VCoreDaemon( 1302): 1333728231427: GPS x/long:-71.10147999645281, GPS y/lat: 42.36416740487422. Region width in x: 51.96152422706632
I/VCoreDaemon( 1302): 1333728231427: location PINPOINTS to region = 2.0, previous 2
I/VCoreDaemon( 1302): 1333728231427: stay at region 2
I/NetworkThread( 1302): 1333728232388: Received UDP payload: 406
I/StatusActivity( 1302): 1333728232425: .......... GPS onLocationChanged ...... 
I/VCoreDaemon( 1302): 1333728232429: Loc = Location[mProvider=gps,mTime=1333814633000,mLatitude=42.364176443469916,mLongitude=-71.10148987215558,mHasAltitude=true,mAltitude=-23.0,mHasSpeed=true,mSpeed=0.65463907,mHasBearing=true,mBearing=308.5904,mHasAccuracy=true,mAccuracy=10.0,mExtras=Bundle[mParcelledData.dataSize=4]] Previous Region = (2,0)
I/VCoreDaemon( 1302): 1333728232429: GPS x/long:-71.10148987215558, GPS y/lat: 42.364176443469916. Region width in x: 51.96152422706632
I/VCoreDaemon( 1302): 1333728232430: location PINPOINTS to region = 2.0, previous 2
I/VCoreDaemon( 1302): 1333728232430: stay at region 2
I/StatusActivity( 1302): 1333728233454: .......... GPS onLocationChanged ...... 
I/VCoreDaemon( 1302): 1333728233455: Loc = Location[mProvider=gps,mTime=1333814634000,mLatitude=42.36418378027043,mLongitude=-71.10149868827337,mHasAltitude=true,mAltitude=-23.0,mHasSpeed=true,mSpeed=0.67616874,mHasBearing=true,mBearing=304.8012,mHasAccuracy=true,mAccuracy=5.0,mExtras=Bundle[mParcelledData.dataSize=4]] Previous Region = (2,0)
I/VCoreDaemon( 1302): 1333728233456: GPS x/long:-71.10149868827337, GPS y/lat: 42.36418378027043. Region width in x: 51.96152422706632
I/VCoreDaemon( 1302): 1333728233457: location PINPOINTS to region = 2.0, previous 2
I/VCoreDaemon( 1302): 1333728233457: stay at region 2
I/StatusActivity( 1302): 1333728234422: .......... GPS onLocationChanged ...... 
I/VCoreDaemon( 1302): 1333728234423: Loc = Location[mProvider=gps,mTime=1333814635000,mLatitude=42.36419017101814,mLongitude=-71.10150889854023,mHasAltitude=true,mAltitude=-24.0,mHasSpeed=true,mSpeed=0.7031101,mHasBearing=true,mBearing=299.43253,mHasAccuracy=true,mAccuracy=5.0,mExtras=Bundle[mParcelledData.dataSize=4]] Previous Region = (2,0)
I/VCoreDaemon( 1302): 1333728234423: GPS x/long:-71.10150889854023, GPS y/lat: 42.36419017101814. Region width in x: 51.96152422706632
I/VCoreDaemon( 1302): 1333728234424: location PINPOINTS to region = 2.0, previous 2
I/VCoreDaemon( 1302): 1333728234424: stay at region 2
I/NetworkThread( 1302): 1333728234653: Received UDP payload: 406
I/StatusActivity( 1302): 1333728236436: .......... GPS onLocationChanged ...... 
I/VCoreDaemon( 1302): 1333728236437: Loc = Location[mProvider=gps,mTime=1333814637000,mLatitude=42.36420316036875,mLongitude=-71.10152172801325,mHasAltitude=true,mAltitude=-19.0,mHasSpeed=true,mSpeed=0.71660835,mHasBearing=true,mBearing=316.20242,mHasAccuracy=true,mAccuracy=10.0,mExtras=Bundle[mParcelledData.dataSize=4]] Previous Region = (2,0)
I/VCoreDaemon( 1302): 1333728236438: GPS x/long:-71.10152172801325, GPS y/lat: 42.36420316036875. Region width in x: 51.96152422706632
I/VCoreDaemon( 1302): 1333728236438: location PINPOINTS to region = 2.0, previous 2
I/VCoreDaemon( 1302): 1333728236438: stay at region 2
I/NetworkThread( 1302): 1333728237367: Received UDP payload: 406
I/StatusActivity( 1302): 1333728237436: .......... GPS onLocationChanged ...... 
I/VCoreDaemon( 1302): 1333728237438: Loc = Location[mProvider=gps,mTime=1333814638000,mLatitude=42.36421332942859,mLongitude=-71.1015252968523,mHasAltitude=true,mAltitude=-18.0,mHasSpeed=true,mSpeed=0.778353,mHasBearing=true,mBearing=333.0115,mHasAccuracy=true,mAccuracy=10.0,mExtras=Bundle[mParcelledData.dataSize=4]] Previous Region = (2,0)
I/VCoreDaemon( 1302): 1333728237438: GPS x/long:-71.1015252968523, GPS y/lat: 42.36421332942859. Region width in x: 51.96152422706632
I/VCoreDaemon( 1302): 1333728237438: location PINPOINTS to region = 2.0, previous 2
I/VCoreDaemon( 1302): 1333728237438: stay at region 2
I/StatusActivity( 1302): 1333728239436: .......... GPS onLocationChanged ...... 
I/VCoreDaemon( 1302): 1333728239437: Loc = Location[mProvider=gps,mTime=1333814640000,mLatitude=42.364226150320235,mLongitude=-71.10153967182676,mHasAltitude=true,mAltitude=-16.0,mHasSpeed=true,mSpeed=0.82863283,mHasBearing=true,mBearing=296.5973,mHasAccuracy=true,mAccuracy=10.0,mExtras=Bundle[mParcelledData.dataSize=4]] Previous Region = (2,0)
I/VCoreDaemon( 1302): 1333728239437: GPS x/long:-71.10153967182676, GPS y/lat: 42.364226150320235. Region width in x: 51.96152422706632
I/VCoreDaemon( 1302): 1333728239438: location PINPOINTS to region = 2.0, previous 2
I/VCoreDaemon( 1302): 1333728239438: stay at region 2
I/NetworkThread( 1302): 1333728239654: Received UDP payload: 406
I/StatusActivity( 1302): 1333728241437: .......... GPS onLocationChanged ...... 
I/VCoreDaemon( 1302): 1333728241438: Loc = Location[mProvider=gps,mTime=1333814642000,mLatitude=42.3642380884248,mLongitude=-71.10155310288869,mHasAltitude=true,mAltitude=-16.0,mHasSpeed=true,mSpeed=0.9011524,mHasBearing=true,mBearing=322.61993,mHasAccuracy=true,mAccuracy=10.0,mExtras=Bundle[mParcelledData.dataSize=4]] Previous Region = (2,0)
I/VCoreDaemon( 1302): 1333728241438: GPS x/long:-71.10155310288869, GPS y/lat: 42.3642380884248. Region width in x: 51.96152422706632
I/VCoreDaemon( 1302): 1333728241438: location PINPOINTS to region = 2.0, previous 2
I/VCoreDaemon( 1302): 1333728241439: location is INSIDE BOUNDARY, stay at prev region = (2,0)
D/dalvikvm( 1302): GC_CONCURRENT freed 2099K, 32% free 10111K/14727K, paused 2ms+3ms
I/NetworkThread( 1302): 1333728242365: Received UDP payload: 406
I/StatusActivity( 1302): 1333728242436: .......... GPS onLocationChanged ...... 
I/VCoreDaemon( 1302): 1333728242437: Loc = Location[mProvider=gps,mTime=1333814643000,mLatitude=42.36424666200842,mLongitude=-71.10155764222255,mHasAltitude=true,mAltitude=-16.0,mHasSpeed=true,mSpeed=0.91615635,mHasBearing=true,mBearing=329.20688,mHasAccuracy=true,mAccuracy=10.0,mExtras=Bundle[mParcelledData.dataSize=4]] Previous Region = (2,0)
I/VCoreDaemon( 1302): 1333728242438: GPS x/long:-71.10155764222255, GPS y/lat: 42.36424666200842. Region width in x: 51.96152422706632
I/VCoreDaemon( 1302): 1333728242438: location PINPOINTS to region = 2.0, previous 2
I/VCoreDaemon( 1302): 1333728242438: location is INSIDE BOUNDARY, stay at prev region = (2,0)
I/StatusActivity( 1302): 1333728243437: .......... GPS onLocationChanged ...... 
I/VCoreDaemon( 1302): 1333728243438: Loc = Location[mProvider=gps,mTime=1333814644000,mLatitude=42.36425820970958,mLongitude=-71.10156194567705,mHasAltitude=true,mAltitude=-17.0,mHasSpeed=true,mSpeed=0.9273691,mHasBearing=true,mBearing=346.90466,mHasAccuracy=true,mAccuracy=10.0,mExtras=Bundle[mParcelledData.dataSize=4]] Previous Region = (2,0)
I/VCoreDaemon( 1302): 1333728243439: GPS x/long:-71.10156194567705, GPS y/lat: 42.36425820970958. Region width in x: 51.96152422706632
I/VCoreDaemon( 1302): 1333728243439: location PINPOINTS to region = 2.0, previous 2
I/VCoreDaemon( 1302): 1333728243439: location is INSIDE BOUNDARY, stay at prev region = (2,0)
I/StatusActivity( 1302): 1333728244436: .......... GPS onLocationChanged ...... 
I/VCoreDaemon( 1302): 1333728244437: Loc = Location[mProvider=gps,mTime=1333814645000,mLatitude=42.36426640325665,mLongitude=-71.10156857550206,mHasAltitude=true,mAltitude=-15.0,mHasSpeed=true,mSpeed=0.9159325,mHasBearing=true,mBearing=318.98697,mHasAccuracy=true,mAccuracy=10.0,mExtras=Bundle[mParcelledData.dataSize=4]] Previous Region = (2,0)
I/VCoreDaemon( 1302): 1333728244437: GPS x/long:-71.10156857550206, GPS y/lat: 42.36426640325665. Region width in x: 51.96152422706632
I/VCoreDaemon( 1302): 1333728244438: location PINPOINTS to region = 2.0, previous 2
I/VCoreDaemon( 1302): 1333728244438: location is INSIDE BOUNDARY, stay at prev region = (2,0)
I/NetworkThread( 1302): 1333728244653: Received UDP payload: 406
I/StatusActivity( 1302): 1333728245437: .......... GPS onLocationChanged ...... 
I/VCoreDaemon( 1302): 1333728245438: Loc = Location[mProvider=gps,mTime=1333814646000,mLatitude=42.36427649146542,mLongitude=-71.10157573097304,mHasAltitude=true,mAltitude=-14.0,mHasSpeed=true,mSpeed=0.0,mHasBearing=true,mBearing=326.38925,mHasAccuracy=true,mAccuracy=10.0,mExtras=Bundle[mParcelledData.dataSize=4]] Previous Region = (2,0)
I/VCoreDaemon( 1302): 1333728245438: GPS x/long:-71.10157573097304, GPS y/lat: 42.36427649146542. Region width in x: 51.96152422706632
I/VCoreDaemon( 1302): 1333728245438: location PINPOINTS to region = 3.0, previous 2
I/VCoreDaemon( 1302): 1333728245439: location is INSIDE BOUNDARY, stay at prev region = (2,0)
I/StatusActivity( 1302): 1333728246438: .......... GPS onLocationChanged ...... 
I/VCoreDaemon( 1302): 1333728246439: Loc = Location[mProvider=gps,mTime=1333814647000,mLatitude=42.36428385843383,mLongitude=-71.10158470025429,mHasAltitude=true,mAltitude=-14.0,mHasSpeed=true,mSpeed=0.9087946,mHasBearing=true,mBearing=318.16623,mHasAccuracy=true,mAccuracy=10.0,mExtras=Bundle[mParcelledData.dataSize=4]] Previous Region = (2,0)
I/VCoreDaemon( 1302): 1333728246439: GPS x/long:-71.10158470025429, GPS y/lat: 42.36428385843383. Region width in x: 51.96152422706632
I/VCoreDaemon( 1302): 1333728246439: location PINPOINTS to region = 3.0, previous 2
I/VCoreDaemon( 1302): 1333728246439: location is INSIDE BOUNDARY, stay at prev region = (2,0)
I/StatusActivity( 1302): 1333728247437: .......... GPS onLocationChanged ...... 
I/VCoreDaemon( 1302): 1333728247438: Loc = Location[mProvider=gps,mTime=1333814648000,mLatitude=42.364290875739115,mLongitude=-71.10159427219426,mHasAltitude=true,mAltitude=-14.0,mHasSpeed=true,mSpeed=0.9119678,mHasBearing=true,mBearing=321.4796,mHasAccuracy=true,mAccuracy=10.0,mExtras=Bundle[mParcelledData.dataSize=4]] Previous Region = (2,0)
I/VCoreDaemon( 1302): 1333728247438: GPS x/long:-71.10159427219426, GPS y/lat: 42.364290875739115. Region width in x: 51.96152422706632
I/VCoreDaemon( 1302): 1333728247438: location PINPOINTS to region = 3.0, previous 2
I/VCoreDaemon( 1302): 1333728247439: location is INSIDE BOUNDARY, stay at prev region = (2,0)
I/StatusActivity( 1302): 1333728248436: .......... GPS onLocationChanged ...... 
I/VCoreDaemon( 1302): 1333728248437: Loc = Location[mProvider=gps,mTime=1333814649000,mLatitude=42.364297891413,mLongitude=-71.10160595125996,mHasAltitude=true,mAltitude=-18.0,mHasSpeed=true,mSpeed=0.933328,mHasBearing=true,mBearing=312.628,mHasAccuracy=true,mAccuracy=10.0,mExtras=Bundle[mParcelledData.dataSize=4]] Previous Region = (2,0)
I/VCoreDaemon( 1302): 1333728248437: GPS x/long:-71.10160595125996, GPS y/lat: 42.364297891413. Region width in x: 51.96152422706632
I/VCoreDaemon( 1302): 1333728248437: location PINPOINTS to region = 3.0, previous 2
I/VCoreDaemon( 1302): 1333728248438: location is INSIDE BOUNDARY, stay at prev region = (2,0)
I/NetworkThread( 1302): 1333728249661: Received UDP payload: 406
I/StatusActivity( 1302): 1333728250437: .......... GPS onLocationChanged ...... 
I/VCoreDaemon( 1302): 1333728250438: Loc = Location[mProvider=gps,mTime=1333814651000,mLatitude=42.36431063693746,mLongitude=-71.10162704406689,mHasAltitude=true,mAltitude=-19.0,mHasSpeed=true,mSpeed=0.0,mHasBearing=true,mBearing=312.628,mHasAccuracy=true,mAccuracy=10.0,mExtras=Bundle[mParcelledData.dataSize=4]] Previous Region = (2,0)
I/VCoreDaemon( 1302): 1333728250439: GPS x/long:-71.10162704406689, GPS y/lat: 42.36431063693746. Region width in x: 51.96152422706632
I/VCoreDaemon( 1302): 1333728250439: location PINPOINTS to region = 3.0, previous 2
I/VCoreDaemon( 1302): 1333728250439: location CHANGED TO NEW region = (3,0) from region = (2,0)
I/VCoreDaemon( 1302): 1333728250439: moving from region (2,0), to (3,0)
I/VCoreDaemon.java( 1302): inside stateTransition ......................................................................................
I/..... VCoreDaemon.java( 1302): targetState = JOINING
I/VCoreDaemon( 1302): 1333728250440: sending LEADER_REQUEST
I/VCoreDaemon( 1302): 1333728250440: inside sendPacket(Packet p)
I/NetworkThread( 1302): 1333728250442: Sending UDP payload: 406
I/..... VCoreDaemon.java( 1302): ends xxxxxxxxxxxxxxxxxxxxxxxxxxxxxxxxxxxxxxxxxxx
I/NetworkThread( 1302): 1333728250669: Received UDP payload: 16940
I/VCoreDaemon( 1302): 1333728250710: heard LEADER_REPLY from 5107
I/VCoreDaemon.java( 1302): inside stateTransition ......................................................................................
I/..... VCoreDaemon.java( 1302): targetState = NONLEADER
I/VCoreDaemon( 1302): 1333728250711: now NONLEADER (id=5114) following LEADER (id=5107) in (3,0)
I/..... VCoreDaemon.java( 1302): ends xxxxxxxxxxxxxxxxxxxxxxxxxxxxxxxxxxxxxxxxxxx
I/StatusActivity( 1302): 1333728251436: .......... GPS onLocationChanged ...... 
I/VCoreDaemon( 1302): 1333728251437: Loc = Location[mProvider=gps,mTime=1333814652000,mLatitude=42.36431828696944,mLongitude=-71.10163623137177,mHasAltitude=true,mAltitude=-20.0,mHasSpeed=true,mSpeed=0.88995785,mHasBearing=true,mBearing=325.30966,mHasAccuracy=true,mAccuracy=10.0,mExtras=Bundle[mParcelledData.dataSize=4]] Previous Region = (3,0)
I/VCoreDaemon( 1302): 1333728251438: GPS x/long:-71.10163623137177, GPS y/lat: 42.36431828696944. Region width in x: 51.96152422706632
I/VCoreDaemon( 1302): 1333728251438: location PINPOINTS to region = 3.0, previous 3
I/VCoreDaemon( 1302): 1333728251438: stay at region 3
I/NetworkThread( 1302): 1333728252365: Received UDP payload: 406
I/StatusActivity( 1302): 1333728252463: .......... GPS onLocationChanged ...... 
I/VCoreDaemon( 1302): 1333728252464: Loc = Location[mProvider=gps,mTime=1333814653000,mLatitude=42.364324370300466,mLongitude=-71.10164570541512,mHasAltitude=true,mAltitude=-22.0,mHasSpeed=true,mSpeed=0.8891669,mHasBearing=true,mBearing=310.24222,mHasAccuracy=true,mAccuracy=10.0,mExtras=Bundle[mParcelledData.dataSize=4]] Previous Region = (3,0)
I/VCoreDaemon( 1302): 1333728252465: GPS x/long:-71.10164570541512, GPS y/lat: 42.364324370300466. Region width in x: 51.96152422706632
I/VCoreDaemon( 1302): 1333728252465: location PINPOINTS to region = 3.0, previous 3
I/VCoreDaemon( 1302): 1333728252465: stay at region 3
I/NetworkThread( 1302): 1333728253883: Received UDP payload: 406
I/StatusActivity( 1302): 1333728254437: .......... GPS onLocationChanged ...... 
I/VCoreDaemon( 1302): 1333728254438: Loc = Location[mProvider=gps,mTime=1333814655000,mLatitude=42.36433614554732,mLongitude=-71.10166203652494,mHasAltitude=true,mAltitude=-16.0,mHasSpeed=true,mSpeed=0.0,mHasBearing=true,mBearing=310.24222,mHasAccuracy=true,mAccuracy=10.0,mExtras=Bundle[mParcelledData.dataSize=4]] Previous Region = (3,0)
I/VCoreDaemon( 1302): 1333728254439: GPS x/long:-71.10166203652494, GPS y/lat: 42.36433614554732. Region width in x: 51.96152422706632
I/VCoreDaemon( 1302): 1333728254439: location PINPOINTS to region = 3.0, previous 3
I/VCoreDaemon( 1302): 1333728254439: stay at region 3
I/StatusActivity( 1302): 1333728255438: .......... GPS onLocationChanged ...... 
I/VCoreDaemon( 1302): 1333728255439: Loc = Location[mProvider=gps,mTime=1333814656000,mLatitude=42.36434739547084,mLongitude=-71.10167313420176,mHasAltitude=true,mAltitude=-15.0,mHasSpeed=true,mSpeed=0.85853165,mHasBearing=true,mBearing=322.65463,mHasAccuracy=true,mAccuracy=10.0,mExtras=Bundle[mParcelledData.dataSize=4]] Previous Region = (3,0)
I/VCoreDaemon( 1302): 1333728255439: GPS x/long:-71.10167313420176, GPS y/lat: 42.36434739547084. Region width in x: 51.96152422706632
I/VCoreDaemon( 1302): 1333728255439: location PINPOINTS to region = 3.0, previous 3
I/VCoreDaemon( 1302): 1333728255439: stay at region 3
I/StatusActivity( 1302): 1333728256438: .......... GPS onLocationChanged ...... 
I/VCoreDaemon( 1302): 1333728256439: Loc = Location[mProvider=gps,mTime=1333814657000,mLatitude=42.36435504408266,mLongitude=-71.10168482607362,mHasAltitude=true,mAltitude=-14.0,mHasSpeed=true,mSpeed=0.89599717,mHasBearing=true,mBearing=312.17654,mHasAccuracy=true,mAccuracy=10.0,mExtras=Bundle[mParcelledData.dataSize=4]] Previous Region = (3,0)
I/VCoreDaemon( 1302): 1333728256439: GPS x/long:-71.10168482607362, GPS y/lat: 42.36435504408266. Region width in x: 51.96152422706632
I/VCoreDaemon( 1302): 1333728256439: location PINPOINTS to region = 3.0, previous 3
I/VCoreDaemon( 1302): 1333728256439: stay at region 3
I/NetworkThread( 1302): 1333728257626: Received UDP payload: 406
I/StatusActivity( 1302): 1333728258435: .......... GPS onLocationChanged ...... 
I/VCoreDaemon( 1302): 1333728258435: Loc = Location[mProvider=gps,mTime=1333814659000,mLatitude=42.364365857175514,mLongitude=-71.10170686985497,mHasAltitude=true,mAltitude=-13.0,mHasSpeed=true,mSpeed=0.9094302,mHasBearing=true,mBearing=299.30237,mHasAccuracy=true,mAccuracy=10.0,mExtras=Bundle[mParcelledData.dataSize=4]] Previous Region = (3,0)
I/VCoreDaemon( 1302): 1333728258436: GPS x/long:-71.10170686985497, GPS y/lat: 42.364365857175514. Region width in x: 51.96152422706632
I/VCoreDaemon( 1302): 1333728258436: location PINPOINTS to region = 3.0, previous 3
I/VCoreDaemon( 1302): 1333728258436: stay at region 3
I/StatusActivity( 1302): 1333728259434: .......... GPS onLocationChanged ...... 
I/VCoreDaemon( 1302): 1333728259435: Loc = Location[mProvider=gps,mTime=1333814660000,mLatitude=42.36437137253011,mLongitude=-71.10172280404267,mHasAltitude=true,mAltitude=-13.0,mHasSpeed=true,mSpeed=0.0,mHasBearing=true,mBearing=307.1032,mHasAccuracy=true,mAccuracy=10.0,mExtras=Bundle[mParcelledData.dataSize=4]] Previous Region = (3,0)
I/VCoreDaemon( 1302): 1333728259435: GPS x/long:-71.10172280404267, GPS y/lat: 42.36437137253011. Region width in x: 51.96152422706632
I/VCoreDaemon( 1302): 1333728259436: location PINPOINTS to region = 3.0, previous 3
I/VCoreDaemon( 1302): 1333728259436: stay at region 3
I/NetworkThread( 1302): 1333728260135: Received UDP payload: 406
I/StatusActivity( 1302): 1333728260467: .......... GPS onLocationChanged ...... 
I/VCoreDaemon( 1302): 1333728260467: Loc = Location[mProvider=gps,mTime=1333814661000,mLatitude=42.36437558975665,mLongitude=-71.10173673684007,mHasAltitude=true,mAltitude=-12.0,mHasSpeed=true,mSpeed=0.9341873,mHasBearing=true,mBearing=292.45746,mHasAccuracy=true,mAccuracy=10.0,mExtras=Bundle[mParcelledData.dataSize=4]] Previous Region = (3,0)
I/VCoreDaemon( 1302): 1333728260468: GPS x/long:-71.10173673684007, GPS y/lat: 42.36437558975665. Region width in x: 51.96152422706632
I/VCoreDaemon( 1302): 1333728260468: location PINPOINTS to region = 3.0, previous 3
I/VCoreDaemon( 1302): 1333728260468: stay at region 3
D/dalvikvm(  152): GC_CONCURRENT freed 828K, 13% free 12652K/14471K, paused 5ms+5ms
I/StatusActivity( 1302): 1333728261433: .......... GPS onLocationChanged ...... 
I/VCoreDaemon( 1302): 1333728261434: Loc = Location[mProvider=gps,mTime=1333814662000,mLatitude=42.364378612268645,mLongitude=-71.1017511001649,mHasAltitude=true,mAltitude=-13.0,mHasSpeed=true,mSpeed=0.94602907,mHasBearing=true,mBearing=291.1173,mHasAccuracy=true,mAccuracy=10.0,mExtras=Bundle[mParcelledData.dataSize=4]] Previous Region = (3,0)
I/VCoreDaemon( 1302): 1333728261434: GPS x/long:-71.1017511001649, GPS y/lat: 42.364378612268645. Region width in x: 51.96152422706632
I/VCoreDaemon( 1302): 1333728261434: location PINPOINTS to region = 3.0, previous 3
I/VCoreDaemon( 1302): 1333728261434: stay at region 3
I/StatusActivity( 1302): 1333728263436: .......... GPS onLocationChanged ...... 
I/VCoreDaemon( 1302): 1333728263437: Loc = Location[mProvider=gps,mTime=1333814664000,mLatitude=42.3643942327452,mLongitude=-71.10176279498552,mHasAltitude=true,mAltitude=-18.0,mHasSpeed=true,mSpeed=0.9801078,mHasBearing=true,mBearing=329.11273,mHasAccuracy=true,mAccuracy=10.0,mExtras=Bundle[mParcelledData.dataSize=4]] Previous Region = (3,0)
I/VCoreDaemon( 1302): 1333728263437: GPS x/long:-71.10176279498552, GPS y/lat: 42.3643942327452. Region width in x: 51.96152422706632
I/VCoreDaemon( 1302): 1333728263437: location PINPOINTS to region = 3.0, previous 3
I/VCoreDaemon( 1302): 1333728263437: stay at region 3
I/StatusActivity( 1302): 1333728264431: .......... GPS onLocationChanged ...... 
I/VCoreDaemon( 1302): 1333728264432: Loc = Location[mProvider=gps,mTime=1333814665000,mLatitude=42.36440483133937,mLongitude=-71.10176788878904,mHasAltitude=true,mAltitude=-22.0,mHasSpeed=true,mSpeed=0.99156785,mHasBearing=true,mBearing=340.4114,mHasAccuracy=true,mAccuracy=15.0,mExtras=Bundle[mParcelledData.dataSize=4]] Previous Region = (3,0)
I/VCoreDaemon( 1302): 1333728264432: GPS x/long:-71.10176788878904, GPS y/lat: 42.36440483133937. Region width in x: 51.96152422706632
I/VCoreDaemon( 1302): 1333728264433: location PINPOINTS to region = 3.0, previous 3
I/VCoreDaemon( 1302): 1333728264433: stay at region 3
D/dalvikvm( 1302): GC_CONCURRENT freed 356K, 32% free 10142K/14727K, paused 2ms+3ms
I/NetworkThread( 1302): 1333728265145: Received UDP payload: 406
I/StatusActivity( 1302): 1333728266384: canPressButton = TRUE
I/StatusActivity( 1302): 1333728266384: areButtonsEnabled --> false 
I/StatusActivity( 1302): 1333728266384: get picture disableButtonsR
I/StatusActivity( 1302): 1333728266385: areButtonsEnabled --> false
D/AudioHardware(   81): AudioHardware pcm playback is exiting standby.
D/AudioHardware(   81): openPcmOut_l() mPcmOpenCnt: 0
I/StatusActivity( 1302): 1333728266440: takeNum=3 takeCamGood=3 takeGoodSave=3 takeBad=0 takeTimedout=0 getNum=5 getGood=3 getBad=0 getTimedout=1
I/StatusActivity( 1302): 1333728266440: ** Clicked getphotos Button from region 5 **
I/StatusActivity( 1302): 1333728266441: I'm the Client, and I'm in region: 3 nodID = 5114
I/StatusActivity( 1302): 1333728266491: I'm a nonleader sending my requesting photos packet to my leader
I/VCoreDaemon( 1302): 1333728266491: inside sendPacket(Packet p)
I/NetworkThread( 1302): 1333728266494: Sending UDP payload: 585
I/StatusActivity( 1302): 1333728266496: StatusActivity sent request to get photos for region 5
I/NetworkThread( 1302): 1333728266530: Received UDP payload: 949
I/Mux     ( 1302): 1333728266540: GOT CSM_Msg
I/NetworkThread( 1302): 1333728267305: Received UDP payload: 949
I/Mux     ( 1302): 1333728267352: GOT CSM_Msg
I/NetworkThread( 1302): 1333728267405: Received UDP payload: 949
I/Mux     ( 1302): 1333728267423: GOT CSM_Msg
I/NetworkThread( 1302): 1333728267513: Received UDP payload: 949
I/Mux     ( 1302): 1333728267518: GOT CSM_Msg
I/NetworkThread( 1302): 1333728267625: Received UDP payload: 949
I/Mux     ( 1302): 1333728267635: GOT CSM_Msg
I/NetworkThread( 1302): 1333728267713: Received UDP payload: 949
I/Mux     ( 1302): 1333728267732: GOT CSM_Msg
I/NetworkThread( 1302): 1333728267815: Received UDP payload: 949
I/Mux     ( 1302): 1333728267822: GOT CSM_Msg
I/NetworkThread( 1302): 1333728267917: Received UDP payload: 949
I/Mux     ( 1302): 1333728267930: GOT CSM_Msg
I/NetworkThread( 1302): 1333728268024: Received UDP payload: 949
I/Mux     ( 1302): 1333728268034: GOT CSM_Msg
I/NetworkThread( 1302): 1333728268122: Received UDP payload: 949
I/Mux     ( 1302): 1333728268126: GOT CSM_Msg
I/NetworkThread( 1302): 1333728268228: Received UDP payload: 949
I/Mux     ( 1302): 1333728268238: GOT CSM_Msg
I/NetworkThread( 1302): 1333728268326: Received UDP payload: 949
I/Mux     ( 1302): 1333728268339: GOT CSM_Msg
I/StatusActivity( 1302): 1333728268430: .......... GPS onLocationChanged ...... 
I/VCoreDaemon( 1302): 1333728268431: Loc = Location[mProvider=gps,mTime=1333814669000,mLatitude=42.36440686844689,mLongitude=-71.10178125333046,mHasAltitude=true,mAltitude=-24.0,mHasSpeed=true,mSpeed=0.0,mHasBearing=true,mBearing=329.02075,mHasAccuracy=true,mAccuracy=10.0,mExtras=Bundle[mParcelledData.dataSize=4]] Previous Region = (3,0)
I/VCoreDaemon( 1302): 1333728268431: GPS x/long:-71.10178125333046, GPS y/lat: 42.36440686844689. Region width in x: 51.96152422706632
I/VCoreDaemon( 1302): 1333728268431: location PINPOINTS to region = 3.0, previous 3
I/VCoreDaemon( 1302): 1333728268432: stay at region 3
I/NetworkThread( 1302): 1333728268433: Received UDP payload: 949
I/Mux     ( 1302): 1333728268450: GOT CSM_Msg
I/NetworkThread( 1302): 1333728268531: Received UDP payload: 949
I/Mux     ( 1302): 1333728268536: GOT CSM_Msg
I/NetworkThread( 1302): 1333728268627: Received UDP payload: 770
I/Mux     ( 1302): 1333728268631: GOT CSM_Msg
I/StatusActivity( 1302): 1333728269435: .......... GPS onLocationChanged ...... 
I/VCoreDaemon( 1302): 1333728269436: Loc = Location[mProvider=gps,mTime=1333814670000,mLatitude=42.36440463387831,mLongitude=-71.10179532077723,mHasAltitude=true,mAltitude=-24.0,mHasSpeed=true,mSpeed=0.0,mHasBearing=true,mBearing=329.02075,mHasAccuracy=true,mAccuracy=10.0,mExtras=Bundle[mParcelledData.dataSize=4]] Previous Region = (3,0)
I/VCoreDaemon( 1302): 1333728269437: GPS x/long:-71.10179532077723, GPS y/lat: 42.36440463387831. Region width in x: 51.96152422706632
I/VCoreDaemon( 1302): 1333728269437: location PINPOINTS to region = 3.0, previous 3
I/VCoreDaemon( 1302): 1333728269437: stay at region 3
D/AudioHardware(   81): AudioHardware pcm playback is going to standby.
D/AudioHardware(   81): closePcmOut_l() mPcmOpenCnt: 1
D/dalvikvm( 1302): GC_CONCURRENT freed 390K, 32% free 10141K/14727K, paused 3ms+3ms
I/NetworkThread( 1302): 1333728270145: Received UDP payload: 406
I/NetworkThread( 1302): 1333728271119: Received UDP payload: 406
I/StatusActivity( 1302): 1333728271432: .......... GPS onLocationChanged ...... 
I/VCoreDaemon( 1302): 1333728271433: Loc = Location[mProvider=gps,mTime=1333814672000,mLatitude=42.364401808220435,mLongitude=-71.10181715119138,mHasAltitude=true,mAltitude=-22.0,mHasSpeed=true,mSpeed=0.0,mHasBearing=true,mBearing=329.02075,mHasAccuracy=true,mAccuracy=10.0,mExtras=Bundle[mParcelledData.dataSize=4]] Previous Region = (3,0)
I/VCoreDaemon( 1302): 1333728271433: GPS x/long:-71.10181715119138, GPS y/lat: 42.364401808220435. Region width in x: 51.96152422706632
I/VCoreDaemon( 1302): 1333728271433: location PINPOINTS to region = 3.0, previous 3
I/VCoreDaemon( 1302): 1333728271433: stay at region 3
I/StatusActivity( 1302): inside buttonsEnableProgressTimeoutR. Perhaps no one is in that region. Try again later!
I/StatusActivity( 1302): Inside _enableButtons
I/StatusActivity( 1302): areButtonsEnabled --> true
I/StatusActivity( 1302): takeNum=3 takeCamGood=3 takeGoodSave=3 takeBad=0 takeTimedout=0 getNum=5 getGood=3 getBad=0 getTimedout=2
W/InputManagerService(  152): Window already focused, ignoring focus gain of: com.android.internal.view.IInputMethodClient$Stub$Proxy@415b6290
I/NetworkThread( 1302): 1333728272777: Received UDP payload: 406
I/StatusActivity( 1302): 1333728274456: .......... GPS onLocationChanged ...... 
I/VCoreDaemon( 1302): 1333728274457: Loc = Location[mProvider=gps,mTime=1333814675000,mLatitude=42.364404405814824,mLongitude=-71.101834663596,mHasAltitude=true,mAltitude=-23.0,mHasSpeed=true,mSpeed=0.0,mHasBearing=true,mBearing=329.02075,mHasAccuracy=true,mAccuracy=20.0,mExtras=Bundle[mParcelledData.dataSize=4]] Previous Region = (3,0)
I/VCoreDaemon( 1302): 1333728274458: GPS x/long:-71.101834663596, GPS y/lat: 42.364404405814824. Region width in x: 51.96152422706632
I/VCoreDaemon( 1302): 1333728274458: location PINPOINTS to region = 3.0, previous 3
I/VCoreDaemon( 1302): 1333728274458: stay at region 3
I/NetworkThread( 1302): 1333728275138: Received UDP payload: 406
I/NetworkThread( 1302): 1333728276131: Received UDP payload: 406
I/StatusActivity( 1302): 1333728276429: .......... GPS onLocationChanged ...... 
I/VCoreDaemon( 1302): 1333728276430: Loc = Location[mProvider=gps,mTime=1333814677000,mLatitude=42.36441464398919,mLongitude=-71.10185583808713,mHasAltitude=true,mAltitude=-23.0,mHasSpeed=true,mSpeed=0.0,mHasBearing=true,mBearing=329.02075,mHasAccuracy=true,mAccuracy=10.0,mExtras=Bundle[mParcelledData.dataSize=4]] Previous Region = (3,0)
I/VCoreDaemon( 1302): 1333728276430: GPS x/long:-71.10185583808713, GPS y/lat: 42.36441464398919. Region width in x: 51.96152422706632
I/VCoreDaemon( 1302): 1333728276431: location PINPOINTS to region = 3.0, previous 3
I/VCoreDaemon( 1302): 1333728276431: stay at region 3
I/StatusActivity( 1302): 1333728279452: .......... GPS onLocationChanged ...... 
I/VCoreDaemon( 1302): 1333728279453: Loc = Location[mProvider=gps,mTime=1333814680000,mLatitude=42.36442318184859,mLongitude=-71.10186580254141,mHasAltitude=true,mAltitude=-23.0,mHasSpeed=true,mSpeed=0.0,mHasBearing=true,mBearing=329.02075,mHasAccuracy=true,mAccuracy=10.0,mExtras=Bundle[mParcelledData.dataSize=4]] Previous Region = (3,0)
I/VCoreDaemon( 1302): 1333728279453: GPS x/long:-71.10186580254141, GPS y/lat: 42.36442318184859. Region width in x: 51.96152422706632
I/VCoreDaemon( 1302): 1333728279453: location PINPOINTS to region = 3.0, previous 3
I/VCoreDaemon( 1302): 1333728279453: stay at region 3
I/NetworkThread( 1302): 1333728280139: Received UDP payload: 406
I/NetworkThread( 1302): 1333728285146: Received UDP payload: 406
I/NetworkThread( 1302): 1333728286138: Received UDP payload: 406
