I/StatusActivity( 1302): 1333728289440: .......... GPS onLocationChanged ...... 
I/VCoreDaemon( 1302): 1333728289442: Loc = Location[mProvider=gps,mTime=1333814690000,mLatitude=42.36443405937895,mLongitude=-71.10187866650843,mHasAltitude=true,mAltitude=-21.0,mHasSpeed=true,mSpeed=0.0,mHasBearing=true,mBearing=329.02075,mHasAccuracy=true,mAccuracy=10.0,mExtras=Bundle[mParcelledData.dataSize=4]] Previous Region = (3,0)
I/VCoreDaemon( 1302): 1333728289442: GPS x/long:-71.10187866650843, GPS y/lat: 42.36443405937895. Region width in x: 51.96152422706632
I/VCoreDaemon( 1302): 1333728289442: location PINPOINTS to region = 3.0, previous 3
I/VCoreDaemon( 1302): 1333728289442: stay at region 3
D/dalvikvm( 1302): GC_CONCURRENT freed 156K, 29% free 10475K/14727K, paused 2ms+3ms
I/NetworkThread( 1302): 1333728292914: Received UDP payload: 3786
I/Mux     ( 1302): 1333728292977: GOT CSM_Msg
D/dalvikvm( 1302): GC_FOR_ALLOC freed 128K, 28% free 10724K/14727K, paused 34ms
I/NetworkThread( 1302): 1333728293016: Received UDP payload: 949
I/Mux     ( 1302): 1333728293020: GOT CSM_Msg
D/dalvikvm( 1302): GC_CONCURRENT freed 138K, 25% free 11075K/14727K, paused 2ms+2ms
D/dalvikvm( 1302): GC_FOR_ALLOC freed 806K, 27% free 10819K/14727K, paused 26ms
I/StatusActivity( 1302): 1333728299459: .......... GPS onLocationChanged ...... 
I/VCoreDaemon( 1302): 1333728299470: Loc = Location[mProvider=gps,mTime=1333814700000,mLatitude=42.364449437903296,mLongitude=-71.10187742371872,mHasAltitude=true,mAltitude=-23.0,mHasSpeed=true,mSpeed=0.27437755,mHasBearing=true,mBearing=348.8,mHasAccuracy=true,mAccuracy=10.0,mExtras=Bundle[mParcelledData.dataSize=4]] Previous Region = (3,0)
I/VCoreDaemon( 1302): 1333728299470: GPS x/long:-71.10187742371872, GPS y/lat: 42.364449437903296. Region width in x: 51.96152422706632
I/VCoreDaemon( 1302): 1333728299470: location PINPOINTS to region = 3.0, previous 3
I/VCoreDaemon( 1302): 1333728299470: stay at region 3
D/dalvikvm( 1302): GC_FOR_ALLOC freed 244K, 27% free 10878K/14727K, paused 16ms
D/dalvikvm( 1302): GC_CONCURRENT freed 569K, 27% free 10877K/14727K, paused 2ms+3ms
D/dalvikvm( 1302): GC_CONCURRENT freed 176K, 24% free 11233K/14727K, paused 2ms+3ms
I/NetworkThread( 1302): 1333728300861: Received UDP payload: 406
I/StatusActivity( 1302): 1333728302456: .......... GPS onLocationChanged ...... 
I/VCoreDaemon( 1302): 1333728302457: Loc = Location[mProvider=gps,mTime=1333814703000,mLatitude=42.36446310931491,mLongitude=-71.10188206630542,mHasAltitude=true,mAltitude=-21.0,mHasSpeed=true,mSpeed=0.0,mHasBearing=true,mBearing=348.8,mHasAccuracy=true,mAccuracy=10.0,mExtras=Bundle[mParcelledData.dataSize=4]] Previous Region = (3,0)
I/VCoreDaemon( 1302): 1333728302458: GPS x/long:-71.10188206630542, GPS y/lat: 42.36446310931491. Region width in x: 51.96152422706632
I/VCoreDaemon( 1302): 1333728302458: location PINPOINTS to region = 3.0, previous 3
I/VCoreDaemon( 1302): 1333728302458: stay at region 3
D/dalvikvm( 1302): GC_CONCURRENT freed 684K, 24% free 11235K/14727K, paused 2ms+2ms
D/dalvikvm(  740): GC_CONCURRENT freed 447K, 6% free 10050K/10631K, paused 18ms+2ms
D/dalvikvm( 1302): GC_CONCURRENT freed 296K, 22% free 11569K/14727K, paused 2ms+2ms
I/NetworkThread( 1302): 1333728303007: Received UDP payload: 949
I/Mux     ( 1302): 1333728303067: GOT CSM_Msg
I/NetworkThread( 1302): 1333728305073: Received UDP payload: 949
I/Mux     ( 1302): 1333728305081: GOT CSM_Msg
D/dalvikvm( 1302): GC_CONCURRENT freed 1216K, 25% free 11156K/14727K, paused 3ms+2ms
I/NetworkThread( 1302): 1333728305862: Received UDP payload: 406
I/StatusActivity( 1302): 1333728306828: canPressButton = TRUE
I/StatusActivity( 1302): 1333728306829: areButtonsEnabled --> false 
I/StatusActivity( 1302): 1333728306829: get picture disableButtonsR
I/StatusActivity( 1302): 1333728306829: areButtonsEnabled --> false
D/AudioHardware(   81): AudioHardware pcm playback is exiting standby.
D/AudioHardware(   81): openPcmOut_l() mPcmOpenCnt: 0
I/StatusActivity( 1302): 1333728306870: takeNum=3 takeCamGood=3 takeGoodSave=3 takeBad=0 takeTimedout=0 getNum=6 getGood=3 getBad=0 getTimedout=2
I/StatusActivity( 1302): 1333728306871: ** Clicked getphotos Button from region 0 **
I/StatusActivity( 1302): 1333728306871: I'm the Client, and I'm in region: 3 nodID = 5114
I/StatusActivity( 1302): 1333728306872: I'm a nonleader sending my requesting photos packet to my leader
I/VCoreDaemon( 1302): 1333728306872: inside sendPacket(Packet p)
I/NetworkThread( 1302): 1333728306873: Sending UDP payload: 585
I/StatusActivity( 1302): 1333728306875: StatusActivity sent request to get photos for region 0
I/NetworkThread( 1302): 1333728306910: Received UDP payload: 949
I/Mux     ( 1302): 1333728306920: GOT CSM_Msg
D/dalvikvm( 1302): GC_CONCURRENT freed 1021K, 27% free 10794K/14727K, paused 2ms+5ms
I/NetworkThread( 1302): 1333728307641: Received UDP payload: 949
I/Mux     ( 1302): 1333728307705: GOT CSM_Msg
I/NetworkThread( 1302): 1333728307733: Received UDP payload: 949
I/Mux     ( 1302): 1333728307738: GOT CSM_Msg
D/dalvikvm( 1302): GC_CONCURRENT freed 1127K, 32% free 10155K/14727K, paused 2ms+2ms
D/dalvikvm( 1302): GC_FOR_ALLOC freed 13K, 29% free 10572K/14727K, paused 26ms
I/NetworkThread( 1302): 1333728307838: Received UDP payload: 949
I/Mux     ( 1302): 1333728307843: GOT CSM_Msg
D/dalvikvm( 1302): GC_CONCURRENT freed 256K, 27% free 10766K/14727K, paused 2ms+4ms
I/NetworkThread( 1302): 1333728307940: Received UDP payload: 949
I/Mux     ( 1302): 1333728307943: GOT CSM_Msg
I/NetworkThread( 1302): 1333728308045: Received UDP payload: 949
I/Mux     ( 1302): 1333728308067: GOT CSM_Msg
I/NetworkThread( 1302): 1333728308141: Received UDP payload: 949
I/Mux     ( 1302): 1333728308146: GOT CSM_Msg
D/dalvikvm( 1302): GC_CONCURRENT freed 449K, 27% free 10804K/14727K, paused 3ms+5ms
I/NetworkThread( 1302): 1333728308251: Received UDP payload: 949
I/Mux     ( 1302): 1333728308266: GOT CSM_Msg
I/NetworkThread( 1302): 1333728308348: Received UDP payload: 949
I/Mux     ( 1302): 1333728308353: GOT CSM_Msg
I/NetworkThread( 1302): 1333728308449: Received UDP payload: 949
I/Mux     ( 1302): 1333728308464: GOT CSM_Msg
I/NetworkThread( 1302): 1333728308546: Received UDP payload: 949
I/Mux     ( 1302): 1333728308550: GOT CSM_Msg
I/NetworkThread( 1302): 1333728308667: Received UDP payload: 949
I/Mux     ( 1302): 1333728308676: GOT CSM_Msg
I/NetworkThread( 1302): 1333728308769: Received UDP payload: 949
I/Mux     ( 1302): 1333728308774: GOT CSM_Msg
I/NetworkThread( 1302): 1333728308865: Received UDP payload: 949
I/Mux     ( 1302): 1333728308869: GOT CSM_Msg
I/NetworkThread( 1302): 1333728308966: Received UDP payload: 949
I/Mux     ( 1302): 1333728308974: GOT CSM_Msg
I/NetworkThread( 1302): 1333728309068: Received UDP payload: 770
I/Mux     ( 1302): 1333728309073: GOT CSM_Msg
I/StatusActivity( 1302): 1333728309446: .......... GPS onLocationChanged ...... 
I/VCoreDaemon( 1302): 1333728309446: Loc = Location[mProvider=gps,mTime=1333814710000,mLatitude=42.364472847220014,mLongitude=-71.1018964071787,mHasAltitude=true,mAltitude=-23.0,mHasSpeed=true,mSpeed=0.0,mHasBearing=true,mBearing=348.8,mHasAccuracy=true,mAccuracy=10.0,mExtras=Bundle[mParcelledData.dataSize=4]] Previous Region = (3,0)
I/VCoreDaemon( 1302): 1333728309447: GPS x/long:-71.1018964071787, GPS y/lat: 42.364472847220014. Region width in x: 51.96152422706632
I/VCoreDaemon( 1302): 1333728309447: location PINPOINTS to region = 3.0, previous 3
I/VCoreDaemon( 1302): 1333728309447: stay at region 3
D/dalvikvm( 1302): GC_FOR_ALLOC freed 528K, 28% free 10727K/14727K, paused 20ms
D/dalvikvm( 1302): GC_CONCURRENT freed 117K, 25% free 11178K/14727K, paused 2ms+2ms
D/AudioHardware(   81): AudioHardware pcm playback is going to standby.
D/AudioHardware(   81): closePcmOut_l() mPcmOpenCnt: 1
I/StatusActivity( 1302): 1333728310495: .......... GPS onLocationChanged ...... 
I/VCoreDaemon( 1302): 1333728310496: Loc = Location[mProvider=gps,mTime=1333814711000,mLatitude=42.364475728187365,mLongitude=-71.1019140321705,mHasAltitude=true,mAltitude=-23.0,mHasSpeed=true,mSpeed=0.48773533,mHasBearing=true,mBearing=281.87524,mHasAccuracy=true,mAccuracy=10.0,mExtras=Bundle[mParcelledData.dataSize=4]] Previous Region = (3,0)
I/VCoreDaemon( 1302): 1333728310497: GPS x/long:-71.1019140321705, GPS y/lat: 42.364475728187365. Region width in x: 51.96152422706632
I/VCoreDaemon( 1302): 1333728310497: location PINPOINTS to region = 3.0, previous 3
I/VCoreDaemon( 1302): 1333728310497: stay at region 3
D/dalvikvm( 1302): GC_CONCURRENT freed 774K, 26% free 11044K/14727K, paused 4ms+2ms
D/dalvikvm( 1302): GC_CONCURRENT freed 156K, 23% free 11456K/14727K, paused 2ms+3ms
I/NetworkThread( 1302): 1333728310874: Received UDP payload: 406
I/StatusActivity( 1302): 1333728311470: .......... GPS onLocationChanged ...... 
I/VCoreDaemon( 1302): 1333728311471: Loc = Location[mProvider=gps,mTime=1333814712000,mLatitude=42.36448142534508,mLongitude=-71.10192971206733,mHasAltitude=true,mAltitude=-23.0,mHasSpeed=true,mSpeed=0.5402179,mHasBearing=true,mBearing=299.6722,mHasAccuracy=true,mAccuracy=15.0,mExtras=Bundle[mParcelledData.dataSize=4]] Previous Region = (3,0)
I/VCoreDaemon( 1302): 1333728311472: GPS x/long:-71.10192971206733, GPS y/lat: 42.36448142534508. Region width in x: 51.96152422706632
I/VCoreDaemon( 1302): 1333728311472: location PINPOINTS to region = 3.0, previous 3
I/VCoreDaemon( 1302): 1333728311472: stay at region 3
D/dalvikvm( 1302): GC_CONCURRENT freed 882K, 23% free 11361K/14727K, paused 4ms+2ms
I/StatusActivity( 1302): 1333728312441: .......... GPS onLocationChanged ...... 
I/VCoreDaemon( 1302): 1333728312442: Loc = Location[mProvider=gps,mTime=1333814713000,mLatitude=42.36448694454408,mLongitude=-71.10193952969105,mHasAltitude=true,mAltitude=-23.0,mHasSpeed=true,mSpeed=0.0,mHasBearing=true,mBearing=299.6722,mHasAccuracy=true,mAccuracy=15.0,mExtras=Bundle[mParcelledData.dataSize=4]] Previous Region = (3,0)
I/VCoreDaemon( 1302): 1333728312442: GPS x/long:-71.10193952969105, GPS y/lat: 42.36448694454408. Region width in x: 51.96152422706632
I/VCoreDaemon( 1302): 1333728312442: location PINPOINTS to region = 3.0, previous 3
I/VCoreDaemon( 1302): 1333728312442: stay at region 3
D/dalvikvm( 1302): GC_CONCURRENT freed 815K, 24% free 11284K/14727K, paused 9ms+2ms
I/StatusActivity( 1302): inside buttonsEnableProgressTimeoutR. Perhaps no one is in that region. Try again later!
I/StatusActivity( 1302): Inside _enableButtons
I/StatusActivity( 1302): areButtonsEnabled --> true
I/StatusActivity( 1302): takeNum=3 takeCamGood=3 takeGoodSave=3 takeBad=0 takeTimedout=0 getNum=6 getGood=3 getBad=0 getTimedout=3
W/InputManagerService(  152): Window already focused, ignoring focus gain of: com.android.internal.view.IInputMethodClient$Stub$Proxy@415fbeb8
D/dalvikvm(  152): GC_CONCURRENT freed 755K, 13% free 12687K/14471K, paused 2ms+16ms
I/StatusActivity( 1302): 1333728313479: .......... GPS onLocationChanged ...... 
I/VCoreDaemon( 1302): 1333728313480: Loc = Location[mProvider=gps,mTime=1333814714000,mLatitude=42.36449230829687,mLongitude=-71.10195477341404,mHasAltitude=true,mAltitude=-23.0,mHasSpeed=true,mSpeed=0.619587,mHasBearing=true,mBearing=297.87112,mHasAccuracy=true,mAccuracy=15.0,mExtras=Bundle[mParcelledData.dataSize=4]] Previous Region = (3,0)
I/VCoreDaemon( 1302): 1333728313480: GPS x/long:-71.10195477341404, GPS y/lat: 42.36449230829687. Region width in x: 51.96152422706632
I/VCoreDaemon( 1302): 1333728313480: location PINPOINTS to region = 3.0, previous 3
I/VCoreDaemon( 1302): 1333728313480: stay at region 3
I/NetworkThread( 1302): 1333728313531: Received UDP payload: 406
D/dalvikvm( 1302): GC_FOR_ALLOC freed 795K, 25% free 11055K/14727K, paused 30ms
D/dalvikvm( 1302): GC_CONCURRENT freed 159K, 23% free 11464K/14727K, paused 2ms+3ms
I/StatusActivity( 1302): 1333728314442: .......... GPS onLocationChanged ...... 
I/VCoreDaemon( 1302): 1333728314443: Loc = Location[mProvider=gps,mTime=1333814715000,mLatitude=42.36450336924097,mLongitude=-71.1019659618447,mHasAltitude=true,mAltitude=-23.0,mHasSpeed=true,mSpeed=0.68104756,mHasBearing=true,mBearing=329.97147,mHasAccuracy=true,mAccuracy=15.0,mExtras=Bundle[mParcelledData.dataSize=4]] Previous Region = (3,0)
I/VCoreDaemon( 1302): 1333728314444: GPS x/long:-71.1019659618447, GPS y/lat: 42.36450336924097. Region width in x: 51.96152422706632
I/VCoreDaemon( 1302): 1333728314444: location PINPOINTS to region = 3.0, previous 3
I/VCoreDaemon( 1302): 1333728314444: stay at region 3
D/dalvikvm( 1302): GC_CONCURRENT freed 872K, 23% free 11369K/14727K, paused 1ms+2ms
I/NetworkThread( 1302): 1333728315878: Received UDP payload: 406
I/StatusActivity( 1302): 1333728318437: .......... GPS onLocationChanged ...... 
I/VCoreDaemon( 1302): 1333728318438: Loc = Location[mProvider=gps,mTime=1333814719000,mLatitude=42.36451374973047,mLongitude=-71.1019821232845,mHasAltitude=true,mAltitude=-21.0,mHasSpeed=true,mSpeed=0.40890136,mHasBearing=true,mBearing=305.9367,mHasAccuracy=true,mAccuracy=10.0,mExtras=Bundle[mParcelledData.dataSize=4]] Previous Region = (3,0)
I/VCoreDaemon( 1302): 1333728318438: GPS x/long:-71.1019821232845, GPS y/lat: 42.36451374973047. Region width in x: 51.96152422706632
I/VCoreDaemon( 1302): 1333728318438: location PINPOINTS to region = 3.0, previous 3
I/VCoreDaemon( 1302): 1333728318438: stay at region 3
D/dalvikvm( 1302): GC_CONCURRENT freed 830K, 24% free 11287K/14727K, paused 2ms+3ms
I/NetworkThread( 1302): 1333728318540: Received UDP payload: 406
I/NetworkThread( 1302): 1333728319519: Received UDP payload: 949
I/Mux     ( 1302): 1333728319541: GOT CSM_Msg
I/NetworkThread( 1302): 1333728320407: Received UDP payload: 949
I/Mux     ( 1302): 1333728320413: GOT CSM_Msg
D/dalvikvm( 1302): GC_FOR_ALLOC freed 736K, 25% free 11128K/14727K, paused 45ms
I/NetworkThread( 1302): 1333728320478: Received UDP payload: 949
I/Mux     ( 1302): 1333728320492: GOT CSM_Msg
I/StatusActivity( 1302): 1333728320527: .......... GPS onLocationChanged ...... 
I/VCoreDaemon( 1302): 1333728320530: Loc = Location[mProvider=gps,mTime=1333814721000,mLatitude=42.364519988364876,mLongitude=-71.10199968319958,mHasAltitude=true,mAltitude=-21.0,mHasSpeed=true,mSpeed=0.0,mHasBearing=true,mBearing=305.9367,mHasAccuracy=true,mAccuracy=10.0,mExtras=Bundle[mParcelledData.dataSize=4]] Previous Region = (3,0)
I/VCoreDaemon( 1302): 1333728320530: GPS x/long:-71.10199968319958, GPS y/lat: 42.364519988364876. Region width in x: 51.96152422706632
I/VCoreDaemon( 1302): 1333728320531: location PINPOINTS to region = 3.0, previous 3
I/VCoreDaemon( 1302): 1333728320531: stay at region 3
D/dalvikvm( 1302): GC_CONCURRENT freed 655K, 25% free 11129K/14727K, paused 2ms+3ms
D/dalvikvm( 1302): GC_CONCURRENT freed 687K, 25% free 11130K/14727K, paused 1ms+3ms
I/NetworkThread( 1302): 1333728320859: Received UDP payload: 949
I/Mux     ( 1302): 1333728320931: GOT CSM_Msg
I/NetworkThread( 1302): 1333728320935: Received UDP payload: 406
I/NetworkThread( 1302): 1333728320944: Received UDP payload: 949
I/Mux     ( 1302): 1333728320967: GOT CSM_Msg
D/dalvikvm( 1302): GC_CONCURRENT freed 210K, 22% free 11536K/14727K, paused 21ms+2ms
I/NetworkThread( 1302): 1333728321017: Received UDP payload: 949
I/Mux     ( 1302): 1333728321026: GOT CSM_Msg
D/dalvikvm( 1302): GC_FOR_ALLOC freed 697K, 23% free 11485K/14727K, paused 17ms
I/NetworkThread( 1302): 1333728321048: Received UDP payload: 949
I/Mux     ( 1302): 1333728321060: GOT CSM_Msg
D/dalvikvm( 1302): GC_CONCURRENT freed 1158K, 25% free 11130K/14727K, paused 2ms+2ms
I/StatusActivity( 1302): 1333728322435: .......... GPS onLocationChanged ...... 
I/VCoreDaemon( 1302): 1333728322436: Loc = Location[mProvider=gps,mTime=1333814723000,mLatitude=42.36453303392405,mLongitude=-71.10201140928925,mHasAltitude=true,mAltitude=-23.0,mHasSpeed=true,mSpeed=0.0,mHasBearing=true,mBearing=305.9367,mHasAccuracy=true,mAccuracy=5.0,mExtras=Bundle[mParcelledData.dataSize=4]] Previous Region = (3,0)
I/VCoreDaemon( 1302): 1333728322437: GPS x/long:-71.10201140928925, GPS y/lat: 42.36453303392405. Region width in x: 51.96152422706632
I/VCoreDaemon( 1302): 1333728322437: location PINPOINTS to region = 3.0, previous 3
I/VCoreDaemon( 1302): 1333728322437: stay at region 3
I/NetworkThread( 1302): 1333728322444: Received UDP payload: 406
D/dalvikvm( 1302): GC_CONCURRENT freed 645K, 25% free 11131K/14727K, paused 2ms+2ms
D/dalvikvm( 1302): GC_CONCURRENT freed 177K, 22% free 11584K/14727K, paused 2ms+11ms
I/NetworkThread( 1302): 1333728323534: Received UDP payload: 406
I/StatusActivity( 1302): 1333728325433: .......... GPS onLocationChanged ...... 
I/VCoreDaemon( 1302): 1333728325434: Loc = Location[mProvider=gps,mTime=1333814726000,mLatitude=42.364542564364875,mLongitude=-71.10203030651118,mHasAltitude=true,mAltitude=-23.0,mHasSpeed=true,mSpeed=0.3455517,mHasBearing=true,mBearing=284.17615,mHasAccuracy=true,mAccuracy=10.0,mExtras=Bundle[mParcelledData.dataSize=4]] Previous Region = (3,0)
I/VCoreDaemon( 1302): 1333728325434: GPS x/long:-71.10203030651118, GPS y/lat: 42.364542564364875. Region width in x: 51.96152422706632
I/VCoreDaemon( 1302): 1333728325435: location PINPOINTS to region = 3.0, previous 3
I/VCoreDaemon( 1302): 1333728325435: location is INSIDE BOUNDARY, stay at prev region = (3,0)
D/dalvikvm( 1302): GC_FOR_ALLOC freed 785K, 23% free 11450K/14727K, paused 28ms
I/StatusActivity( 1302): 1333728326438: .......... GPS onLocationChanged ...... 
I/VCoreDaemon( 1302): 1333728326439: Loc = Location[mProvider=gps,mTime=1333814727000,mLatitude=42.36454864402708,mLongitude=-71.10203960572983,mHasAltitude=true,mAltitude=-22.0,mHasSpeed=true,mSpeed=0.40439093,mHasBearing=true,mBearing=304.68222,mHasAccuracy=true,mAccuracy=10.0,mExtras=Bundle[mParcelledData.dataSize=4]] Previous Region = (3,0)
I/VCoreDaemon( 1302): 1333728326439: GPS x/long:-71.10203960572983, GPS y/lat: 42.36454864402708. Region width in x: 51.96152422706632
I/VCoreDaemon( 1302): 1333728326439: location PINPOINTS to region = 3.0, previous 3
I/VCoreDaemon( 1302): 1333728326439: location is INSIDE BOUNDARY, stay at prev region = (3,0)
D/dalvikvm( 1302): GC_FOR_ALLOC freed 558K, 22% free 11569K/14727K, paused 16ms
D/dalvikvm( 1302): GC_CONCURRENT freed 531K, 20% free 11805K/14727K, paused 2ms+2ms
I/NetworkThread( 1302): 1333728327340: Received UDP payload: 4810
I/Mux     ( 1302): 1333728327388: GOT CSM_Msg
I/NetworkThread( 1302): 1333728327404: Received UDP payload: 949
I/Mux     ( 1302): 1333728327408: GOT CSM_Msg
D/dalvikvm( 1302): GC_FOR_ALLOC freed 671K, 22% free 11570K/14727K, paused 17ms
I/StatusActivity( 1302): 1333728328438: .......... GPS onLocationChanged ...... 
I/VCoreDaemon( 1302): 1333728328439: Loc = Location[mProvider=gps,mTime=1333814729000,mLatitude=42.36456414579891,mLongitude=-71.10205703973558,mHasAltitude=true,mAltitude=-24.0,mHasSpeed=true,mSpeed=0.48611864,mHasBearing=true,mBearing=312.98404,mHasAccuracy=true,mAccuracy=10.0,mExtras=Bundle[mParcelledData.dataSize=4]] Previous Region = (3,0)
I/VCoreDaemon( 1302): 1333728328439: GPS x/long:-71.10205703973558, GPS y/lat: 42.36456414579891. Region width in x: 51.96152422706632
I/VCoreDaemon( 1302): 1333728328439: location PINPOINTS to region = 3.0, previous 3
I/VCoreDaemon( 1302): 1333728328439: location is INSIDE BOUNDARY, stay at prev region = (3,0)
D/dalvikvm( 1302): GC_FOR_ALLOC freed 677K, 22% free 11531K/14727K, paused 17ms
D/dalvikvm( 1302): GC_FOR_ALLOC freed 669K, 22% free 11492K/14727K, paused 26ms
I/StatusActivity( 1302): 1333728329435: .......... GPS onLocationChanged ...... 
I/VCoreDaemon( 1302): 1333728329436: Loc = Location[mProvider=gps,mTime=1333814730000,mLatitude=42.364581104395334,mLongitude=-71.1020756090151,mHasAltitude=true,mAltitude=-25.0,mHasSpeed=true,mSpeed=0.5766676,mHasBearing=true,mBearing=319.13766,mHasAccuracy=true,mAccuracy=15.0,mExtras=Bundle[mParcelledData.dataSize=4]] Previous Region = (3,0)
I/VCoreDaemon( 1302): 1333728329437: GPS x/long:-71.1020756090151, GPS y/lat: 42.364581104395334. Region width in x: 51.96152422706632
I/VCoreDaemon( 1302): 1333728329437: location PINPOINTS to region = 4.0, previous 3
I/VCoreDaemon( 1302): 1333728329437: location is INSIDE BOUNDARY, stay at prev region = (3,0)
D/dalvikvm( 1302): GC_FOR_ALLOC freed 282K, 20% free 11888K/14727K, paused 18ms
I/dalvikvm-heap( 1302): Grow heap (frag case) to 12.007MB for 341776-byte allocation
D/dalvikvm( 1302): GC_FOR_ALLOC freed 1K, 20% free 12220K/15111K, paused 16ms
D/dalvikvm( 1302): GC_FOR_ALLOC freed 805K, 21% free 12045K/15111K, paused 27ms
I/NetworkThread( 1302): 1333728330710: Received UDP payload: 406
I/StatusActivity( 1302): 1333728332435: .......... GPS onLocationChanged ...... 
I/VCoreDaemon( 1302): 1333728332436: Loc = Location[mProvider=gps,mTime=1333814733000,mLatitude=42.364592234731894,mLongitude=-71.1021054576267,mHasAltitude=true,mAltitude=-26.0,mHasSpeed=true,mSpeed=0.6488787,mHasBearing=true,mBearing=296.25674,mHasAccuracy=true,mAccuracy=15.0,mExtras=Bundle[mParcelledData.dataSize=4]] Previous Region = (3,0)
I/VCoreDaemon( 1302): 1333728332436: GPS x/long:-71.1021054576267, GPS y/lat: 42.364592234731894. Region width in x: 51.96152422706632
I/VCoreDaemon( 1302): 1333728332437: location PINPOINTS to region = 4.0, previous 3
I/VCoreDaemon( 1302): 1333728332437: location is INSIDE BOUNDARY, stay at prev region = (3,0)
D/dalvikvm( 1302): GC_FOR_ALLOC freed 786K, 22% free 11812K/15111K, paused 29ms
I/StatusActivity( 1302): 1333728333435: .......... GPS onLocationChanged ...... 
I/VCoreDaemon( 1302): 1333728333436: Loc = Location[mProvider=gps,mTime=1333814734000,mLatitude=42.36460116277785,mLongitude=-71.10212438448754,mHasAltitude=true,mAltitude=-27.0,mHasSpeed=true,mSpeed=0.0,mHasBearing=true,mBearing=296.25674,mHasAccuracy=true,mAccuracy=15.0,mExtras=Bundle[mParcelledData.dataSize=4]] Previous Region = (3,0)
I/VCoreDaemon( 1302): 1333728333436: GPS x/long:-71.10212438448754, GPS y/lat: 42.36460116277785. Region width in x: 51.96152422706632
I/VCoreDaemon( 1302): 1333728333436: location PINPOINTS to region = 4.0, previous 3
I/VCoreDaemon( 1302): 1333728333437: location CHANGED TO NEW region = (4,0) from region = (3,0)
I/VCoreDaemon( 1302): 1333728333437: moving from region (3,0), to (4,0)
I/VCoreDaemon.java( 1302): inside stateTransition ......................................................................................
I/..... VCoreDaemon.java( 1302): targetState = JOINING
I/VCoreDaemon( 1302): 1333728333437: sending LEADER_REQUEST
I/VCoreDaemon( 1302): 1333728333437: inside sendPacket(Packet p)
I/NetworkThread( 1302): 1333728333439: Sending UDP payload: 406
I/..... VCoreDaemon.java( 1302): ends xxxxxxxxxxxxxxxxxxxxxxxxxxxxxxxxxxxxxxxxxxx
D/dalvikvm( 1302): GC_CONCURRENT freed 748K, 21% free 11950K/15111K, paused 8ms+2ms
I/VCoreDaemon( 1302): 1333728333739: sending LEADER_REQUEST
I/VCoreDaemon( 1302): 1333728333740: inside sendPacket(Packet p)
I/NetworkThread( 1302): 1333728333749: Sending UDP payload: 406
I/VCoreDaemon( 1302): 1333728334047: sending LEADER_REQUEST
I/VCoreDaemon( 1302): 1333728334048: inside sendPacket(Packet p)
I/NetworkThread( 1302): 1333728334058: Sending UDP payload: 406
D/dalvikvm( 1302): GC_CONCURRENT freed 2013K, 29% free 10827K/15111K, paused 1ms+3ms
I/VCoreDaemon( 1302): 1333728334349: sending LEADER_REQUEST
I/VCoreDaemon( 1302): 1333728334350: inside sendPacket(Packet p)
I/NetworkThread( 1302): 1333728334359: Sending UDP payload: 406
I/VCoreDaemon( 1302): 1333728334452: LEADER_REQUEST timed out
I/VCoreDaemon.java( 1302): inside stateTransition ......................................................................................
I/..... VCoreDaemon.java( 1302): targetState = LEADER
I/VNC:Cloud( 1302): Executing makeRequest: http://hermes5.csail.mit.edu:8212/take/4/0/5114/1333728334453/
I/StatusActivity( 1302): 1333728334484: .......... GPS onLocationChanged ...... 
I/VCoreDaemon( 1302): 1333728334485: Loc = Location[mProvider=gps,mTime=1333814735000,mLatitude=42.3646130639382,mLongitude=-71.10214452863433,mHasAltitude=true,mAltitude=-27.0,mHasSpeed=true,mSpeed=0.0,mHasBearing=true,mBearing=296.25674,mHasAccuracy=true,mAccuracy=15.0,mExtras=Bundle[mParcelledData.dataSize=4]] Previous Region = (4,0)
I/VCoreDaemon( 1302): 1333728334486: GPS x/long:-71.10214452863433, GPS y/lat: 42.3646130639382. Region width in x: 51.96152422706632
I/VCoreDaemon( 1302): 1333728334486: location PINPOINTS to region = 4.0, previous 4
I/VCoreDaemon( 1302): 1333728334486: stay at region 4
D/dalvikvm( 1302): GC_CONCURRENT freed 588K, 29% free 10755K/15111K, paused 1ms+4ms
I/NetworkThread( 1302): 1333728335025: Received UDP payload: 37561
D/dalvikvm( 1302): GC_CONCURRENT freed 120K, 26% free 11210K/15111K, paused 3ms+5ms
I/StatusActivity( 1302): 1333728335435: .......... GPS onLocationChanged ...... 
I/VCoreDaemon( 1302): 1333728335437: Loc = Location[mProvider=gps,mTime=1333814736000,mLatitude=42.36461794297457,mLongitude=-71.10215507813733,mHasAltitude=true,mAltitude=-23.0,mHasSpeed=true,mSpeed=0.0,mHasBearing=true,mBearing=296.25674,mHasAccuracy=true,mAccuracy=10.0,mExtras=Bundle[mParcelledData.dataSize=4]] Previous Region = (4,0)
I/VCoreDaemon( 1302): 1333728335437: GPS x/long:-71.10215507813733, GPS y/lat: 42.36461794297457. Region width in x: 51.96152422706632
I/VCoreDaemon( 1302): 1333728335437: location PINPOINTS to region = 4.0, previous 4
I/VCoreDaemon( 1302): 1333728335437: stay at region 4
D/dalvikvm( 1302): GC_CONCURRENT freed 781K, 27% free 11108K/15111K, paused 9ms+3ms
I/NetworkThread( 1302): 1333728335737: Received UDP payload: 406
D/dalvikvm( 1302): GC_CONCURRENT freed 165K, 24% free 11520K/15111K, paused 11ms+3ms
I/VNC:Cloud( 1302): makeRequest Execute HTTP latency: 2266ms
I/VNC:Cloud( 1302): makeRequest() Cloud response length: 82
I/VNC:Cloud( 1302): Request executed: http://hermes5.csail.mit.edu:8212/take/4/0/5114/1333728334453/
I/VCoreDaemon( 1302): 1333728336784: cloud rejected leadership request or request failed, wait to retry
I/VCoreDaemon( 1302): 1333728336793: heard LEADER_REPLY from 5116
I/VCoreDaemon.java( 1302): inside stateTransition ......................................................................................
I/..... VCoreDaemon.java( 1302): targetState = NONLEADER
I/VCoreDaemon( 1302): 1333728336795: now NONLEADER (id=5114) following LEADER (id=5116) in (4,0)
I/..... VCoreDaemon.java( 1302): ends xxxxxxxxxxxxxxxxxxxxxxxxxxxxxxxxxxxxxxxxxxx
D/dalvikvm( 1302): GC_CONCURRENT freed 813K, 24% free 11488K/15111K, paused 2ms+2ms
I/StatusActivity( 1302): 1333728337436: .......... GPS onLocationChanged ...... 
I/VCoreDaemon( 1302): 1333728337437: Loc = Location[mProvider=gps,mTime=1333814738000,mLatitude=42.364623344645054,mLongitude=-71.10217582689364,mHasAltitude=true,mAltitude=-22.0,mHasSpeed=true,mSpeed=0.0,mHasBearing=true,mBearing=296.25674,mHasAccuracy=true,mAccuracy=10.0,mExtras=Bundle[mParcelledData.dataSize=4]] Previous Region = (4,0)
I/VCoreDaemon( 1302): 1333728337438: GPS x/long:-71.10217582689364, GPS y/lat: 42.364623344645054. Region width in x: 51.96152422706632
I/VCoreDaemon( 1302): 1333728337438: location PINPOINTS to region = 4.0, previous 4
I/VCoreDaemon( 1302): 1333728337448: stay at region 4
D/dalvikvm( 1302): GC_CONCURRENT freed 1290K, 28% free 10950K/15111K, paused 2ms+2ms
D/dalvikvm( 1302): GC_CONCURRENT freed 257K, 26% free 11323K/15111K, paused 2ms+2ms
I/NetworkThread( 1302): 1333728340739: Received UDP payload: 406
D/dalvikvm(  311): GC_CONCURRENT freed 424K, 6% free 9505K/10055K, paused 3ms+2ms
W/NetworkStats(  152): dropping UID delta from unknown iface: iface=wlan0 uid=10067 set=FOREGROUND tag=0x0 rxBytes=121603 rxPackets=86 txBytes=3396 txPackets=7 operations=0
I/NetworkThread( 1302): 1333728345742: Received UDP payload: 406
I/NetworkThread( 1302): 1333728349062: Received UDP payload: 406
I/NetworkThread( 1302): 1333728350740: Received UDP payload: 406
I/StatusActivity( 1302): 1333728352468: .......... GPS onLocationChanged ...... 
I/VCoreDaemon( 1302): 1333728352470: Loc = Location[mProvider=gps,mTime=1333814753000,mLatitude=42.364639340861,mLongitude=-71.1022081832909,mHasAltitude=true,mAltitude=-22.0,mHasSpeed=true,mSpeed=0.0,mHasBearing=true,mBearing=296.25674,mHasAccuracy=true,mAccuracy=10.0,mExtras=Bundle[mParcelledData.dataSize=4]] Previous Region = (4,0)
I/VCoreDaemon( 1302): 1333728352479: GPS x/long:-71.1022081832909, GPS y/lat: 42.364639340861. Region width in x: 51.96152422706632
I/VCoreDaemon( 1302): 1333728352480: location PINPOINTS to region = 4.0, previous 4
I/VCoreDaemon( 1302): 1333728352481: stay at region 4
D/dalvikvm( 1302): GC_CONCURRENT freed 813K, 26% free 11189K/15111K, paused 2ms+2ms
I/StatusActivity( 1302): 1333728353519: .......... GPS onLocationChanged ...... 
I/VCoreDaemon( 1302): 1333728353520: Loc = Location[mProvider=gps,mTime=1333814754000,mLatitude=42.364644419697214,mLongitude=-71.10224941414018,mHasAltitude=true,mAltitude=-21.0,mHasSpeed=true,mSpeed=0.0,mHasBearing=true,mBearing=329.04962,mHasAccuracy=true,mAccuracy=10.0,mExtras=Bundle[mParcelledData.dataSize=4]] Previous Region = (4,0)
I/VCoreDaemon( 1302): 1333728353520: GPS x/long:-71.10224941414018, GPS y/lat: 42.364644419697214. Region width in x: 51.96152422706632
I/VCoreDaemon( 1302): 1333728353520: location PINPOINTS to region = 4.0, previous 4
I/VCoreDaemon( 1302): 1333728353520: stay at region 4
D/dalvikvm(  152): GC_CONCURRENT freed 825K, 13% free 12665K/14471K, paused 5ms+28ms
D/dalvikvm( 1302): GC_CONCURRENT freed 636K, 26% free 11268K/15111K, paused 2ms+2ms
D/dalvikvm( 1302): GC_CONCURRENT freed 393K, 24% free 11602K/15111K, paused 2ms+3ms
I/NetworkThread( 1302): 1333728355743: Received UDP payload: 406
I/StatusActivity( 1302): 1333728358950: canPressButton = TRUE
I/StatusActivity( 1302): 1333728358951: areButtonsEnabled --> false
I/StatusActivity( 1302): 1333728358951: disabling buttons ...
I/StatusActivity( 1302): 1333728358952: took picture disableButtonsR
I/StatusActivity( 1302): 1333728358953: areButtonsEnabled --> false
D/AudioHardware(   81): AudioHardware pcm playback is exiting standby.
D/AudioHardware(   81): openPcmOut_l() mPcmOpenCnt: 0
I/StatusActivity( 1302): 1333728359009: takeNum=4 takeCamGood=3 takeGoodSave=3 takeBad=0 takeTimedout=0 getNum=6 getGood=3 getBad=0 getTimedout=3
I/StatusActivity( 1302): 1333728359009: ** Clicked take picture button **
I/CameraSurfaceView( 1302): inside getCamera()
I/CameraHardwareSec(   81): int android::CameraHardwareSec::previewThreadWrapper(): calling mSecCamera->stopPreview() and waiting
I/SecCamera(   81): int android::fimc_v4l2_querybuf(int, android::fimc_buffer*, v4l2_buf_type) :
I/SecCamera(   81): int android::fimc_v4l2_querybuf(int, android::fimc_buffer*, v4l2_buf_type): buffer->start = 0x43c9b000 v4l2_buf.length = 4261248
I/CameraHardwareSec(   81): == Camera Sensor Detect S5K4ECGX - Samsung LSI SOC 5M ==
D/JpegEncoder(   81): encode E
D/JpegEncoder(   81): encode X
D/SecCamera(   81): Shutter speed=4575 us, iso=50
D/SecCamera(   81): AV=3, TV=8, SV=4
D/JpegEncoder(   81): makeExif E
D/JpegEncoder(   81): makeExif X
I/SecCamera(   81): int android::SecCamera::endSnapshot() :
I/SecCamera(   81): munmap():virt. addr 0x43c9b000 size = 4261248
D/dalvikvm( 1302): GC_FOR_ALLOC freed 1891K, 32% free 10300K/15111K, paused 18ms
I/dalvikvm-heap( 1302): Grow heap (frag case) to 11.706MB for 1651159-byte allocation
D/dalvikvm( 1302): GC_CONCURRENT freed 7K, 22% free 11905K/15111K, paused 1ms+2ms
I/StatusActivity( 1302): 1333728359722: inside HandlePictureStorage onPictureTaken()
I/StatusActivity( 1302): 1333728359722: takeNum=4 takeCamGood=4 takeGoodSave=3 takeBad=0 takeTimedout=0 getNum=6 getGood=3 getBad=0 getTimedout=3
D/CameraHardwareSec(   81): mPreviewHeap(fd(24), size(518400), width(720), height(480))
I/CameraHardwareSec(   81): int android::CameraHardwareSec::previewThreadWrapper(): return from wait
I/StatusActivity( 1302): 1333728360078: Picture successfully taken, ORIG BYTE LENGTH = 1651143
D/dalvikvm( 1302): GC_EXPLICIT freed 2K, 22% free 11906K/15111K, paused 2ms+3ms
I/StatusActivity( 1302): 1333728360315: Our new height x width: 240 x 320
I/StatusActivity( 1302): 1333728360315: Show photo from handle my camera take
I/StatusActivity( 1302): 1333728360316: client making photo packet to send to leader for it to save
I/StatusActivity( 1302): 1333728360345: BYTE SIZE AFTER COMPRESSION: 4228
I/StatusActivity( 1302): 1333728360346: about to send my pic
I/StatusActivity( 1302): 1333728360346: I'm a nonleader sending my new photo packet to my leader
I/VCoreDaemon( 1302): 1333728360347: inside sendPacket(Packet p)
I/NetworkThread( 1302): 1333728360350: Sending UDP payload: 4835
I/StatusActivity( 1302): 1333728360354: end of client send picture method
D/dalvikvm( 1302): GC_CONCURRENT freed 1967K, 29% free 10861K/15111K, paused 2ms+13ms
I/NetworkThread( 1302): 1333728360493: Received UDP payload: 5199
I/Mux     ( 1302): 1333728360508: GOT CSM_Msg
I/NetworkThread( 1302): 1333728360520: Received UDP payload: 949
I/Mux     ( 1302): 1333728360527: GOT CSM_Msg
I/NetworkThread( 1302): 1333728360527: Received UDP payload: 602
I/Mux     ( 1302): 1333728360541: Inside mux Packet.SERVER_REPLY
I/Mux     ( 1302): 1333728360542: I have the photo requester id = 5114 about to display photo or receive upload ack
D/dalvikvm( 1302): GC_CONCURRENT freed 500K, 28% free 10881K/15111K, paused 2ms+2ms
I/StatusActivity( 1302): 1333728360607: inside Packet.CLIENT_UPLOAD_PHOTO_ACK
I/StatusActivity( 1302): 1333728360608: nonleader upload new photo latency = 260
I/StatusActivity( 1302): 1333728360627: = nonleader upload start 1333728360347 ~ stop 1333728360607
I/StatusActivity( 1302): 1333728360638: takeNum=4 takeCamGood=4 takeGoodSave=4 takeBad=0 takeTimedout=0 getNum=6 getGood=3 getBad=0 getTimedout=3
I/StatusActivity( 1302): 1333728360639: SUCCESS! Client now knows saving photo on its leader succeeded
I/StatusActivity( 1302): Inside _enableButtons
I/StatusActivity( 1302): areButtonsEnabled --> true
W/InputManagerService(  152): Window already focused, ignoring focus gain of: com.android.internal.view.IInputMethodClient$Stub$Proxy@414fe150
D/dalvikvm( 1302): GC_CONCURRENT freed 284K, 27% free 11099K/15111K, paused 2ms+5ms
I/StatusActivity( 1302): 1333728361476: .......... GPS onLocationChanged ...... 
I/VCoreDaemon( 1302): 1333728361477: Loc = Location[mProvider=gps,mTime=1333814762000,mLatitude=42.364634865894246,mLongitude=-71.10226108379408,mHasAltitude=true,mAltitude=-21.0,mHasSpeed=true,mSpeed=0.05671172,mHasBearing=true,mBearing=241.66226,mHasAccuracy=true,mAccuracy=10.0,mExtras=Bundle[mParcelledData.dataSize=4]] Previous Region = (4,0)
I/VCoreDaemon( 1302): 1333728361477: GPS x/long:-71.10226108379408, GPS y/lat: 42.364634865894246. Region width in x: 51.96152422706632
I/VCoreDaemon( 1302): 1333728361478: location PINPOINTS to region = 4.0, previous 4
I/VCoreDaemon( 1302): 1333728361478: stay at region 4
D/dalvikvm( 1302): GC_FOR_ALLOC freed 659K, 28% free 11000K/15111K, paused 29ms
D/AudioHardware(   81): AudioHardware pcm playback is going to standby.
D/AudioHardware(   81): closePcmOut_l() mPcmOpenCnt: 1
I/NetworkThread( 1302): 1333728363092: Received UDP payload: 406
I/StatusActivity( 1302): 1333728365447: .......... GPS onLocationChanged ...... 
I/VCoreDaemon( 1302): 1333728365449: Loc = Location[mProvider=gps,mTime=1333814766000,mLatitude=42.364643488548666,mLongitude=-71.10227368115868,mHasAltitude=true,mAltitude=-22.0,mHasSpeed=true,mSpeed=0.13570987,mHasBearing=true,mBearing=336.70422,mHasAccuracy=true,mAccuracy=5.0,mExtras=Bundle[mParcelledData.dataSize=4]] Previous Region = (4,0)
I/VCoreDaemon( 1302): 1333728365449: GPS x/long:-71.10227368115868, GPS y/lat: 42.364643488548666. Region width in x: 51.96152422706632
I/VCoreDaemon( 1302): 1333728365449: location PINPOINTS to region = 4.0, previous 4
I/VCoreDaemon( 1302): 1333728365449: stay at region 4
D/dalvikvm( 1302): GC_FOR_ALLOC freed 79K, 26% free 11276K/15111K, paused 30ms
D/dalvikvm( 1302): GC_CONCURRENT freed 708K, 26% free 11197K/15111K, paused 3ms+2ms
I/StatusActivity( 1302): 1333728368449: .......... GPS onLocationChanged ...... 
I/VCoreDaemon( 1302): 1333728368450: Loc = Location[mProvider=gps,mTime=1333814769000,mLatitude=42.36465271032683,mLongitude=-71.10228367410295,mHasAltitude=true,mAltitude=-18.0,mHasSpeed=true,mSpeed=0.27955317,mHasBearing=true,mBearing=299.9999,mHasAccuracy=true,mAccuracy=10.0,mExtras=Bundle[mParcelledData.dataSize=4]] Previous Region = (4,0)
I/VCoreDaemon( 1302): 1333728368450: GPS x/long:-71.10228367410295, GPS y/lat: 42.36465271032683. Region width in x: 51.96152422706632
I/VCoreDaemon( 1302): 1333728368450: location PINPOINTS to region = 4.0, previous 4
I/VCoreDaemon( 1302): 1333728368451: stay at region 4
D/dalvikvm( 1302): GC_CONCURRENT freed 636K, 26% free 11277K/15111K, paused 2ms+2ms
D/dalvikvm( 1302): GC_CONCURRENT freed 393K, 24% free 11611K/15111K, paused 2ms+3ms
I/StatusActivity( 1302): 1333728370506: .......... GPS onLocationChanged ...... 
I/VCoreDaemon( 1302): 1333728370507: Loc = Location[mProvider=gps,mTime=1333814771000,mLatitude=42.364667778631215,mLongitude=-71.1022890155758,mHasAltitude=true,mAltitude=-20.0,mHasSpeed=true,mSpeed=0.38857818,mHasBearing=true,mBearing=320.74203,mHasAccuracy=true,mAccuracy=5.0,mExtras=Bundle[mParcelledData.dataSize=4]] Previous Region = (4,0)
I/VCoreDaemon( 1302): 1333728370507: GPS x/long:-71.1022890155758, GPS y/lat: 42.364667778631215. Region width in x: 51.96152422706632
I/VCoreDaemon( 1302): 1333728370507: location PINPOINTS to region = 4.0, previous 4
I/VCoreDaemon( 1302): 1333728370508: stay at region 4
D/dalvikvm( 1302): GC_CONCURRENT freed 873K, 24% free 11516K/15111K, paused 1ms+2ms
I/StatusActivity( 1302): 1333728371449: .......... GPS onLocationChanged ...... 
I/VCoreDaemon( 1302): 1333728371450: Loc = Location[mProvider=gps,mTime=1333814772000,mLatitude=42.364677163838856,mLongitude=-71.10229860268797,mHasAltitude=true,mAltitude=-22.0,mHasSpeed=true,mSpeed=0.4403946,mHasBearing=true,mBearing=313.75052,mHasAccuracy=true,mAccuracy=5.0,mExtras=Bundle[mParcelledData.dataSize=4]] Previous Region = (4,0)
I/VCoreDaemon( 1302): 1333728371450: GPS x/long:-71.10229860268797, GPS y/lat: 42.364677163838856. Region width in x: 51.96152422706632
I/VCoreDaemon( 1302): 1333728371450: location PINPOINTS to region = 4.0, previous 4
I/VCoreDaemon( 1302): 1333728371450: stay at region 4
D/dalvikvm( 1302): GC_CONCURRENT freed 815K, 25% free 11439K/15111K, paused 2ms+3ms
I/StatusActivity( 1302): 1333728372448: .......... GPS onLocationChanged ...... 
I/VCoreDaemon( 1302): 1333728372449: Loc = Location[mProvider=gps,mTime=1333814773000,mLatitude=42.36468547824941,mLongitude=-71.10230707018034,mHasAltitude=true,mAltitude=-18.0,mHasSpeed=true,mSpeed=0.46260622,mHasBearing=true,mBearing=311.4828,mHasAccuracy=true,mAccuracy=10.0,mExtras=Bundle[mParcelledData.dataSize=4]] Previous Region = (4,0)
I/VCoreDaemon( 1302): 1333728372449: GPS x/long:-71.10230707018034, GPS y/lat: 42.36468547824941. Region width in x: 51.96152422706632
I/VCoreDaemon( 1302): 1333728372450: location PINPOINTS to region = 4.0, previous 4
I/VCoreDaemon( 1302): 1333728372450: stay at region 4
D/dalvikvm( 1302): GC_FOR_ALLOC freed 776K, 26% free 11204K/15111K, paused 22ms
I/NetworkThread( 1302): 1333728373102: Received UDP payload: 406
I/StatusActivity( 1302): 1333728373448: .......... GPS onLocationChanged ...... 
I/VCoreDaemon( 1302): 1333728373449: Loc = Location[mProvider=gps,mTime=1333814774000,mLatitude=42.364699253248475,mLongitude=-71.10232529693484,mHasAltitude=true,mAltitude=-18.0,mHasSpeed=true,mSpeed=0.5233392,mHasBearing=true,mBearing=309.22675,mHasAccuracy=true,mAccuracy=10.0,mExtras=Bundle[mParcelledData.dataSize=4]] Previous Region = (4,0)
I/VCoreDaemon( 1302): 1333728373449: GPS x/long:-71.10232529693484, GPS y/lat: 42.364699253248475. Region width in x: 51.96152422706632
I/VCoreDaemon( 1302): 1333728373449: location PINPOINTS to region = 4.0, previous 4
I/VCoreDaemon( 1302): 1333728373449: stay at region 4
D/dalvikvm( 1302): GC_CONCURRENT freed 646K, 26% free 11283K/15111K, paused 3ms+2ms
D/dalvikvm( 1302): GC_CONCURRENT freed 393K, 24% free 11617K/15111K, paused 1ms+2ms
I/StatusActivity( 1302): 1333728374447: .......... GPS onLocationChanged ...... 
I/VCoreDaemon( 1302): 1333728374448: Loc = Location[mProvider=gps,mTime=1333814775000,mLatitude=42.36470493671022,mLongitude=-71.10234091148989,mHasAltitude=true,mAltitude=-16.0,mHasSpeed=true,mSpeed=0.60568947,mHasBearing=true,mBearing=282.73788,mHasAccuracy=true,mAccuracy=10.0,mExtras=Bundle[mParcelledData.dataSize=4]] Previous Region = (4,0)
I/VCoreDaemon( 1302): 1333728374449: GPS x/long:-71.10234091148989, GPS y/lat: 42.36470493671022. Region width in x: 51.96152422706632
I/VCoreDaemon( 1302): 1333728374449: location PINPOINTS to region = 4.0, previous 4
I/VCoreDaemon( 1302): 1333728374449: stay at region 4
D/dalvikvm( 1302): GC_CONCURRENT freed 873K, 24% free 11522K/15111K, paused 1ms+3ms
I/NetworkThread( 1302): 1333728374646: Received UDP payload: 949
I/Mux     ( 1302): 1333728374651: GOT CSM_Msg
I/StatusActivity( 1302): 1333728375447: .......... GPS onLocationChanged ...... 
I/VCoreDaemon( 1302): 1333728375448: Loc = Location[mProvider=gps,mTime=1333814776000,mLatitude=42.36471750506152,mLongitude=-71.1023523587233,mHasAltitude=true,mAltitude=-18.0,mHasSpeed=true,mSpeed=0.65469986,mHasBearing=true,mBearing=322.07224,mHasAccuracy=true,mAccuracy=10.0,mExtras=Bundle[mParcelledData.dataSize=4]] Previous Region = (4,0)
I/VCoreDaemon( 1302): 1333728375449: GPS x/long:-71.1023523587233, GPS y/lat: 42.36471750506152. Region width in x: 51.96152422706632
I/VCoreDaemon( 1302): 1333728375449: location PINPOINTS to region = 4.0, previous 4
I/VCoreDaemon( 1302): 1333728375449: stay at region 4
D/dalvikvm( 1302): GC_CONCURRENT freed 1030K, 26% free 11247K/15111K, paused 2ms+2ms
D/dalvikvm( 1302): GC_CONCURRENT freed 394K, 25% free 11483K/15111K, paused 1ms+3ms
I/StatusActivity( 1302): 1333728376447: .......... GPS onLocationChanged ...... 
I/VCoreDaemon( 1302): 1333728376448: Loc = Location[mProvider=gps,mTime=1333814777000,mLatitude=42.3647303454093,mLongitude=-71.102361641535,mHasAltitude=true,mAltitude=-20.0,mHasSpeed=true,mSpeed=0.6875363,mHasBearing=true,mBearing=331.3295,mHasAccuracy=true,mAccuracy=10.0,mExtras=Bundle[mParcelledData.dataSize=4]] Previous Region = (4,0)
I/VCoreDaemon( 1302): 1333728376448: GPS x/long:-71.102361641535, GPS y/lat: 42.3647303454093. Region width in x: 51.96152422706632
I/VCoreDaemon( 1302): 1333728376448: location PINPOINTS to region = 4.0, previous 4
I/VCoreDaemon( 1302): 1333728376449: stay at region 4
D/dalvikvm( 1302): GC_CONCURRENT freed 772K, 24% free 11524K/15111K, paused 2ms+3ms
I/StatusActivity( 1302): 1333728377446: .......... GPS onLocationChanged ...... 
I/VCoreDaemon( 1302): 1333728377447: Loc = Location[mProvider=gps,mTime=1333814778000,mLatitude=42.36474085744622,mLongitude=-71.10236844275096,mHasAltitude=true,mAltitude=-21.0,mHasSpeed=true,mSpeed=0.7046677,mHasBearing=true,mBearing=334.072,mHasAccuracy=true,mAccuracy=10.0,mExtras=Bundle[mParcelledData.dataSize=4]] Previous Region = (4,0)
I/VCoreDaemon( 1302): 1333728377448: GPS x/long:-71.10236844275096, GPS y/lat: 42.36474085744622. Region width in x: 51.96152422706632
I/VCoreDaemon( 1302): 1333728377448: location PINPOINTS to region = 4.0, previous 4
I/VCoreDaemon( 1302): 1333728377448: stay at region 4
D/dalvikvm( 1302): GC_FOR_ALLOC freed 599K, 24% free 11486K/15111K, paused 17ms
D/dalvikvm( 1302): GC_FOR_ALLOC freed 532K, 25% free 11447K/15111K, paused 29ms
I/NetworkThread( 1302): 1333728378109: Received UDP payload: 406
I/StatusActivity( 1302): 1333728378447: .......... GPS onLocationChanged ...... 
I/VCoreDaemon( 1302): 1333728378448: Loc = Location[mProvider=gps,mTime=1333814779000,mLatitude=42.36474796418139,mLongitude=-71.10237989588416,mHasAltitude=true,mAltitude=-22.0,mHasSpeed=true,mSpeed=0.71351266,mHasBearing=true,mBearing=300.18164,mHasAccuracy=true,mAccuracy=10.0,mExtras=Bundle[mParcelledData.dataSize=4]] Previous Region = (4,0)
I/VCoreDaemon( 1302): 1333728378449: GPS x/long:-71.10237989588416, GPS y/lat: 42.36474796418139. Region width in x: 51.96152422706632
I/VCoreDaemon( 1302): 1333728378449: location PINPOINTS to region = 4.0, previous 4
I/VCoreDaemon( 1302): 1333728378449: stay at region 4
D/dalvikvm( 1302): GC_CONCURRENT freed 645K, 24% free 11527K/15111K, paused 2ms+2ms
D/dalvikvm( 1302): GC_CONCURRENT freed 393K, 22% free 11861K/15111K, paused 2ms+12ms
I/StatusActivity( 1302): 1333728379446: .......... GPS onLocationChanged ...... 
I/VCoreDaemon( 1302): 1333728379447: Loc = Location[mProvider=gps,mTime=1333814780000,mLatitude=42.364754463641304,mLongitude=-71.10239837498081,mHasAltitude=true,mAltitude=-19.0,mHasSpeed=true,mSpeed=0.76177436,mHasBearing=true,mBearing=289.39975,mHasAccuracy=true,mAccuracy=10.0,mExtras=Bundle[mParcelledData.dataSize=4]] Previous Region = (4,0)
I/VCoreDaemon( 1302): 1333728379447: GPS x/long:-71.10239837498081, GPS y/lat: 42.364754463641304. Region width in x: 51.96152422706632
I/VCoreDaemon( 1302): 1333728379447: location PINPOINTS to region = 4.0, previous 4
I/VCoreDaemon( 1302): 1333728379447: stay at region 4
D/dalvikvm( 1302): GC_CONCURRENT freed 873K, 22% free 11863K/15111K, paused 10ms+2ms
I/StatusActivity( 1302): 1333728380450: .......... GPS onLocationChanged ...... 
I/VCoreDaemon( 1302): 1333728380461: Loc = Location[mProvider=gps,mTime=1333814781000,mLatitude=42.36476301013631,mLongitude=-71.10241334380919,mHasAltitude=true,mAltitude=-19.0,mHasSpeed=true,mSpeed=0.80439216,mHasBearing=true,mBearing=306.9683,mHasAccuracy=true,mAccuracy=10.0,mExtras=Bundle[mParcelledData.dataSize=4]] Previous Region = (4,0)
I/VCoreDaemon( 1302): 1333728380461: GPS x/long:-71.10241334380919, GPS y/lat: 42.36476301013631. Region width in x: 51.96152422706632
I/VCoreDaemon( 1302): 1333728380461: location PINPOINTS to region = 4.0, previous 4
I/VCoreDaemon( 1302): 1333728380462: stay at region 4
D/dalvikvm( 1302): GC_CONCURRENT freed 874K, 22% free 11865K/15111K, paused 1ms+3ms
I/StatusActivity( 1302): 1333728381445: .......... GPS onLocationChanged ...... 
I/VCoreDaemon( 1302): 1333728381446: Loc = Location[mProvider=gps,mTime=1333814782000,mLatitude=42.36476958362355,mLongitude=-71.10242636792776,mHasAltitude=true,mAltitude=-20.0,mHasSpeed=true,mSpeed=0.8378775,mHasBearing=true,mBearing=303.14764,mHasAccuracy=true,mAccuracy=10.0,mExtras=Bundle[mParcelledData.dataSize=4]] Previous Region = (4,0)
I/VCoreDaemon( 1302): 1333728381447: GPS x/long:-71.10242636792776, GPS y/lat: 42.36476958362355. Region width in x: 51.96152422706632
I/VCoreDaemon( 1302): 1333728381447: location PINPOINTS to region = 4.0, previous 4
I/VCoreDaemon( 1302): 1333728381447: stay at region 4
D/dalvikvm( 1302): GC_CONCURRENT freed 874K, 22% free 11866K/15111K, paused 2ms+3ms
I/StatusActivity( 1302): 1333728382443: .......... GPS onLocationChanged ...... 
I/VCoreDaemon( 1302): 1333728382444: Loc = Location[mProvider=gps,mTime=1333814783000,mLatitude=42.364779930170556,mLongitude=-71.10243756911092,mHasAltitude=true,mAltitude=-20.0,mHasSpeed=true,mSpeed=0.85476553,mHasBearing=true,mBearing=322.26605,mHasAccuracy=true,mAccuracy=10.0,mExtras=Bundle[mParcelledData.dataSize=4]] Previous Region = (4,0)
I/VCoreDaemon( 1302): 1333728382444: GPS x/long:-71.10243756911092, GPS y/lat: 42.364779930170556. Region width in x: 51.96152422706632
I/VCoreDaemon( 1302): 1333728382445: location PINPOINTS to region = 4.0, previous 4
I/VCoreDaemon( 1302): 1333728382445: stay at region 4
D/dalvikvm( 1302): GC_CONCURRENT freed 874K, 22% free 11867K/15111K, paused 2ms+3ms
I/StatusActivity( 1302): 1333728384443: .......... GPS onLocationChanged ...... 
I/VCoreDaemon( 1302): 1333728384444: Loc = Location[mProvider=gps,mTime=1333814785000,mLatitude=42.36479324767407,mLongitude=-71.10244879984334,mHasAltitude=true,mAltitude=-21.0,mHasSpeed=true,mSpeed=0.8762263,mHasBearing=true,mBearing=324.02185,mHasAccuracy=true,mAccuracy=10.0,mExtras=Bundle[mParcelledData.dataSize=4]] Previous Region = (4,0)
I/VCoreDaemon( 1302): 1333728384444: GPS x/long:-71.10244879984334, GPS y/lat: 42.36479324767407. Region width in x: 51.96152422706632
I/VCoreDaemon( 1302): 1333728384445: location PINPOINTS to region = 4.0, previous 4
I/VCoreDaemon( 1302): 1333728384445: stay at region 4
D/dalvikvm( 1302): GC_CONCURRENT freed 874K, 22% free 11869K/15111K, paused 3ms+3ms
I/StatusActivity( 1302): 1333728386438: .......... GPS onLocationChanged ...... 
I/VCoreDaemon( 1302): 1333728386439: Loc = Location[mProvider=gps,mTime=1333814787000,mLatitude=42.36480325531585,mLongitude=-71.10246455589547,mHasAltitude=true,mAltitude=-19.0,mHasSpeed=true,mSpeed=0.88088626,mHasBearing=true,mBearing=311.9482,mHasAccuracy=true,mAccuracy=10.0,mExtras=Bundle[mParcelledData.dataSize=4]] Previous Region = (4,0)
I/VCoreDaemon( 1302): 1333728386439: GPS x/long:-71.10246455589547, GPS y/lat: 42.36480325531585. Region width in x: 51.96152422706632
I/VCoreDaemon( 1302): 1333728386439: location PINPOINTS to region = 4.0, previous 4
I/VCoreDaemon( 1302): 1333728386439: stay at region 4
D/dalvikvm( 1302): GC_CONCURRENT freed 874K, 22% free 11870K/15111K, paused 2ms+3ms
I/StatusActivity( 1302): 1333728388442: .......... GPS onLocationChanged ...... 
I/VCoreDaemon( 1302): 1333728388444: Loc = Location[mProvider=gps,mTime=1333814789000,mLatitude=42.36481421758154,mLongitude=-71.10247491675341,mHasAltitude=true,mAltitude=-19.0,mHasSpeed=true,mSpeed=0.8641947,mHasBearing=true,mBearing=310.6054,mHasAccuracy=true,mAccuracy=5.0,mExtras=Bundle[mParcelledData.dataSize=4]] Previous Region = (4,0)
I/VCoreDaemon( 1302): 1333728388445: GPS x/long:-71.10247491675341, GPS y/lat: 42.36481421758154. Region width in x: 51.96152422706632
I/VCoreDaemon( 1302): 1333728388445: location PINPOINTS to region = 4.0, previous 4
I/VCoreDaemon( 1302): 1333728388445: stay at region 4
D/dalvikvm( 1302): GC_FOR_ALLOC freed 958K, 25% free 11459K/15111K, paused 21ms
