I/CameraCloud( 1051): 1333728058595: GPS x/long:-71.10192840785335, GPS y/lat: 42.364513266937216. Region width in x: 51.96152422706632
I/CameraCloud( 1051): 1333728058596: location PINPOINTS to region = 3.0, previous 3
I/CameraCloud( 1051): 1333728058596: stay at region 3
I/CameraCloud( 1051): 1333728059555: .......... GPS onLocationChanged ...... 
I/CameraCloud( 1051): 1333728059556: Loc = Location[mProvider=gps,mTime=1333814460000,mLatitude=42.36451933781208,mLongitude=-71.10194170526223,mHasAltitude=true,mAltitude=-21.0,mHasSpeed=true,mSpeed=0.7925258,mHasBearing=true,mBearing=324.15973,mHasAccuracy=true,mAccuracy=30.0,mExtras=Bundle[mParcelledData.dataSize=4]] Previous Region = (3,0)
I/CameraCloud( 1051): 1333728059556: GPS x/long:-71.10194170526223, GPS y/lat: 42.36451933781208. Region width in x: 51.96152422706632
I/CameraCloud( 1051): 1333728059556: location PINPOINTS to region = 3.0, previous 3
I/CameraCloud( 1051): 1333728059556: stay at region 3
I/CameraCloud( 1051): 1333728060573: .......... GPS onLocationChanged ...... 
I/CameraCloud( 1051): 1333728060574: Loc = Location[mProvider=gps,mTime=1333814461000,mLatitude=42.36453033400439,mLongitude=-71.10196198896759,mHasAltitude=true,mAltitude=-25.0,mHasSpeed=true,mSpeed=0.8653507,mHasBearing=true,mBearing=321.54074,mHasAccuracy=true,mAccuracy=20.0,mExtras=Bundle[mParcelledData.dataSize=4]] Previous Region = (3,0)
I/CameraCloud( 1051): 1333728060574: GPS x/long:-71.10196198896759, GPS y/lat: 42.36453033400439. Region width in x: 51.96152422706632
I/CameraCloud( 1051): 1333728060575: location PINPOINTS to region = 3.0, previous 3
I/CameraCloud( 1051): 1333728060575: stay at region 3
I/CameraCloud( 1051): 1333728061593: .......... GPS onLocationChanged ...... 
I/CameraCloud( 1051): 1333728061594: Loc = Location[mProvider=gps,mTime=1333814462000,mLatitude=42.36454177823973,mLongitude=-71.10198737215707,mHasAltitude=true,mAltitude=-27.0,mHasSpeed=true,mSpeed=0.9678815,mHasBearing=true,mBearing=315.2873,mHasAccuracy=true,mAccuracy=20.0,mExtras=Bundle[mParcelledData.dataSize=4]] Previous Region = (3,0)
I/CameraCloud( 1051): 1333728061594: GPS x/long:-71.10198737215707, GPS y/lat: 42.36454177823973. Region width in x: 51.96152422706632
I/CameraCloud( 1051): 1333728061595: location PINPOINTS to region = 3.0, previous 3
I/CameraCloud( 1051): 1333728061595: stay at region 3
I/CameraCloud( 1051): 1333728062578: .......... GPS onLocationChanged ...... 
I/CameraCloud( 1051): 1333728062580: Loc = Location[mProvider=gps,mTime=1333814463000,mLatitude=42.36454852262393,mLongitude=-71.10200560878587,mHasAltitude=true,mAltitude=-28.0,mHasSpeed=true,mSpeed=1.0252446,mHasBearing=true,mBearing=311.75735,mHasAccuracy=true,mAccuracy=15.0,mExtras=Bundle[mParcelledData.dataSize=4]] Previous Region = (3,0)
I/CameraCloud( 1051): 1333728062580: GPS x/long:-71.10200560878587, GPS y/lat: 42.36454852262393. Region width in x: 51.96152422706632
I/CameraCloud( 1051): 1333728062581: location PINPOINTS to region = 3.0, previous 3
I/CameraCloud( 1051): 1333728062582: stay at region 3
I/CameraCloud( 1051): 1333728063567: .......... GPS onLocationChanged ...... 
I/CameraCloud( 1051): 1333728063568: Loc = Location[mProvider=gps,mTime=1333814464000,mLatitude=42.364553717686384,mLongitude=-71.10202760633133,mHasAltitude=true,mAltitude=-25.0,mHasSpeed=true,mSpeed=1.0845305,mHasBearing=true,mBearing=295.5261,mHasAccuracy=true,mAccuracy=15.0,mExtras=Bundle[mParcelledData.dataSize=4]] Previous Region = (3,0)
I/CameraCloud( 1051): 1333728063568: GPS x/long:-71.10202760633133, GPS y/lat: 42.364553717686384. Region width in x: 51.96152422706632
I/CameraCloud( 1051): 1333728063568: location PINPOINTS to region = 3.0, previous 3
I/CameraCloud( 1051): 1333728063569: location is INSIDE BOUNDARY, stay at prev region = (3,0)
I/CameraCloud( 1051): 1333728064589: .......... GPS onLocationChanged ...... 
I/CameraCloud( 1051): 1333728064590: Loc = Location[mProvider=gps,mTime=1333814465000,mLatitude=42.364558943237896,mLongitude=-71.10205187009974,mHasAltitude=true,mAltitude=-25.0,mHasSpeed=true,mSpeed=1.1378878,mHasBearing=true,mBearing=303.59042,mHasAccuracy=true,mAccuracy=15.0,mExtras=Bundle[mParcelledData.dataSize=4]] Previous Region = (3,0)
I/CameraCloud( 1051): 1333728064592: GPS x/long:-71.10205187009974, GPS y/lat: 42.364558943237896. Region width in x: 51.96152422706632
I/CameraCloud( 1051): 1333728064592: location PINPOINTS to region = 3.0, previous 3
I/CameraCloud( 1051): 1333728064593: location is INSIDE BOUNDARY, stay at prev region = (3,0)
I/CameraCloud( 1051): 1333728065588: .......... GPS onLocationChanged ...... 
I/CameraCloud( 1051): 1333728065589: Loc = Location[mProvider=gps,mTime=1333814466000,mLatitude=42.36456369702571,mLongitude=-71.10207195470414,mHasAltitude=true,mAltitude=-27.0,mHasSpeed=true,mSpeed=1.1880171,mHasBearing=true,mBearing=302.2633,mHasAccuracy=true,mAccuracy=10.0,mExtras=Bundle[mParcelledData.dataSize=4]] Previous Region = (3,0)
I/CameraCloud( 1051): 1333728065589: GPS x/long:-71.10207195470414, GPS y/lat: 42.36456369702571. Region width in x: 51.96152422706632
I/CameraCloud( 1051): 1333728065589: location PINPOINTS to region = 3.0, previous 3
I/CameraCloud( 1051): 1333728065590: location is INSIDE BOUNDARY, stay at prev region = (3,0)
I/CameraCloud( 1051): 1333728066610: .......... GPS onLocationChanged ...... 
I/CameraCloud( 1051): 1333728066611: Loc = Location[mProvider=gps,mTime=1333814467000,mLatitude=42.36456780357841,mLongitude=-71.10209151481367,mHasAltitude=true,mAltitude=-25.0,mHasSpeed=true,mSpeed=1.2153434,mHasBearing=true,mBearing=296.8809,mHasAccuracy=true,mAccuracy=10.0,mExtras=Bundle[mParcelledData.dataSize=4]] Previous Region = (3,0)
I/CameraCloud( 1051): 1333728066611: GPS x/long:-71.10209151481367, GPS y/lat: 42.36456780357841. Region width in x: 51.96152422706632
I/CameraCloud( 1051): 1333728066612: location PINPOINTS to region = 4.0, previous 3
I/CameraCloud( 1051): 1333728066612: location is INSIDE BOUNDARY, stay at prev region = (3,0)
I/CameraCloud( 1051): 1333728067593: .......... GPS onLocationChanged ...... 
I/CameraCloud( 1051): 1333728067594: Loc = Location[mProvider=gps,mTime=1333814468000,mLatitude=42.364573842474094,mLongitude=-71.10210499938768,mHasAltitude=true,mAltitude=-25.0,mHasSpeed=true,mSpeed=1.1870449,mHasBearing=true,mBearing=310.92004,mHasAccuracy=true,mAccuracy=10.0,mExtras=Bundle[mParcelledData.dataSize=4]] Previous Region = (3,0)
I/CameraCloud( 1051): 1333728067594: GPS x/long:-71.10210499938768, GPS y/lat: 42.364573842474094. Region width in x: 51.96152422706632
I/CameraCloud( 1051): 1333728067595: location PINPOINTS to region = 4.0, previous 3
I/CameraCloud( 1051): 1333728067595: location is INSIDE BOUNDARY, stay at prev region = (3,0)
I/CameraCloud( 1051): 1333728068593: .......... GPS onLocationChanged ...... 
I/CameraCloud( 1051): 1333728068594: Loc = Location[mProvider=gps,mTime=1333814469000,mLatitude=42.364581460969596,mLongitude=-71.10212214938052,mHasAltitude=true,mAltitude=-25.0,mHasSpeed=true,mSpeed=0.0,mHasBearing=true,mBearing=303.9373,mHasAccuracy=true,mAccuracy=10.0,mExtras=Bundle[mParcelledData.dataSize=4]] Previous Region = (3,0)
I/CameraCloud( 1051): 1333728068594: GPS x/long:-71.10212214938052, GPS y/lat: 42.364581460969596. Region width in x: 51.96152422706632
I/CameraCloud( 1051): 1333728068595: location PINPOINTS to region = 4.0, previous 3
I/CameraCloud( 1051): 1333728068595: location is INSIDE BOUNDARY, stay at prev region = (3,0)
I/CameraCloud( 1051): 1333728069630: .......... GPS onLocationChanged ...... 
I/CameraCloud( 1051): 1333728069631: Loc = Location[mProvider=gps,mTime=1333814470000,mLatitude=42.36458740080232,mLongitude=-71.10214295409658,mHasAltitude=true,mAltitude=-26.0,mHasSpeed=true,mSpeed=1.1832004,mHasBearing=true,mBearing=297.38654,mHasAccuracy=true,mAccuracy=10.0,mExtras=Bundle[mParcelledData.dataSize=4]] Previous Region = (3,0)
I/CameraCloud( 1051): 1333728069631: GPS x/long:-71.10214295409658, GPS y/lat: 42.36458740080232. Region width in x: 51.96152422706632
I/CameraCloud( 1051): 1333728069632: location PINPOINTS to region = 4.0, previous 3
I/CameraCloud( 1051): 1333728069632: location CHANGED TO NEW region = (4,0) from region = (3,0)
I/CameraCloud( 1051): 1333728069633: moving from region (3,0), to (4,0)
I/CameraCloud( 1051): 1333728070552: .......... GPS onLocationChanged ...... 
I/CameraCloud( 1051): 1333728070553: Loc = Location[mProvider=gps,mTime=1333814471000,mLatitude=42.36459465642837,mLongitude=-71.1021603228807,mHasAltitude=true,mAltitude=-25.0,mHasSpeed=true,mSpeed=1.1687456,mHasBearing=true,mBearing=304.35898,mHasAccuracy=true,mAccuracy=10.0,mExtras=Bundle[mParcelledData.dataSize=4]] Previous Region = (4,0)
I/CameraCloud( 1051): 1333728070554: GPS x/long:-71.1021603228807, GPS y/lat: 42.36459465642837. Region width in x: 51.96152422706632
I/CameraCloud( 1051): 1333728070554: location PINPOINTS to region = 4.0, previous 4
I/CameraCloud( 1051): 1333728070554: stay at region 4
I/CameraCloud( 1051): 1333728071566: .......... GPS onLocationChanged ...... 
I/CameraCloud( 1051): 1333728071567: Loc = Location[mProvider=gps,mTime=1333814472000,mLatitude=42.364603883695956,mLongitude=-71.10216828998563,mHasAltitude=true,mAltitude=-23.0,mHasSpeed=true,mSpeed=1.1993294,mHasBearing=true,mBearing=326.59677,mHasAccuracy=true,mAccuracy=10.0,mExtras=Bundle[mParcelledData.dataSize=4]] Previous Region = (4,0)
I/CameraCloud( 1051): 1333728071567: GPS x/long:-71.10216828998563, GPS y/lat: 42.364603883695956. Region width in x: 51.96152422706632
I/CameraCloud( 1051): 1333728071568: location PINPOINTS to region = 4.0, previous 4
I/CameraCloud( 1051): 1333728071568: stay at region 4
I/CameraCloud( 1051): 1333728073552: .......... GPS onLocationChanged ...... 
I/CameraCloud( 1051): 1333728073553: Loc = Location[mProvider=gps,mTime=1333814474000,mLatitude=42.36462056330393,mLongitude=-71.10218400237686,mHasAltitude=true,mAltitude=-19.0,mHasSpeed=true,mSpeed=1.2126567,mHasBearing=true,mBearing=320.82434,mHasAccuracy=true,mAccuracy=10.0,mExtras=Bundle[mParcelledData.dataSize=4]] Previous Region = (4,0)
I/CameraCloud( 1051): 1333728073553: GPS x/long:-71.10218400237686, GPS y/lat: 42.36462056330393. Region width in x: 51.96152422706632
I/CameraCloud( 1051): 1333728073554: location PINPOINTS to region = 4.0, previous 4
I/CameraCloud( 1051): 1333728073554: stay at region 4
I/CameraCloud( 1051): 1333728074550: .......... GPS onLocationChanged ...... 
I/CameraCloud( 1051): 1333728074550: Loc = Location[mProvider=gps,mTime=1333814475000,mLatitude=42.364627726383084,mLongitude=-71.10219492451547,mHasAltitude=true,mAltitude=-19.0,mHasSpeed=true,mSpeed=1.1812454,mHasBearing=true,mBearing=301.89526,mHasAccuracy=true,mAccuracy=10.0,mExtras=Bundle[mParcelledData.dataSize=4]] Previous Region = (4,0)
I/CameraCloud( 1051): 1333728074551: GPS x/long:-71.10219492451547, GPS y/lat: 42.364627726383084. Region width in x: 51.96152422706632
I/CameraCloud( 1051): 1333728074551: location PINPOINTS to region = 4.0, previous 4
I/CameraCloud( 1051): 1333728074551: stay at region 4
I/CameraCloud( 1051): 1333728075551: .......... GPS onLocationChanged ...... 
I/CameraCloud( 1051): 1333728075552: Loc = Location[mProvider=gps,mTime=1333814476000,mLatitude=42.36463528090975,mLongitude=-71.10220544946071,mHasAltitude=true,mAltitude=-19.0,mHasSpeed=true,mSpeed=1.1574353,mHasBearing=true,mBearing=314.99075,mHasAccuracy=true,mAccuracy=10.0,mExtras=Bundle[mParcelledData.dataSize=4]] Previous Region = (4,0)
I/CameraCloud( 1051): 1333728075553: GPS x/long:-71.10220544946071, GPS y/lat: 42.36463528090975. Region width in x: 51.96152422706632
I/CameraCloud( 1051): 1333728075563: location PINPOINTS to region = 4.0, previous 4
I/CameraCloud( 1051): 1333728075563: stay at region 4
I/CameraCloud( 1051): 1333728076552: .......... GPS onLocationChanged ...... 
I/CameraCloud( 1051): 1333728076562: Loc = Location[mProvider=gps,mTime=1333814477000,mLatitude=42.36464094897055,mLongitude=-71.10222253306972,mHasAltitude=true,mAltitude=-19.0,mHasSpeed=true,mSpeed=1.1502316,mHasBearing=true,mBearing=291.67166,mHasAccuracy=true,mAccuracy=10.0,mExtras=Bundle[mParcelledData.dataSize=4]] Previous Region = (4,0)
I/CameraCloud( 1051): 1333728076563: GPS x/long:-71.10222253306972, GPS y/lat: 42.36464094897055. Region width in x: 51.96152422706632
I/CameraCloud( 1051): 1333728076563: location PINPOINTS to region = 4.0, previous 4
I/CameraCloud( 1051): 1333728076564: stay at region 4
I/CameraCloud( 1051): 1333728077580: .......... GPS onLocationChanged ...... 
I/CameraCloud( 1051): 1333728077582: Loc = Location[mProvider=gps,mTime=1333814478000,mLatitude=42.364646342182134,mLongitude=-71.10223902366761,mHasAltitude=true,mAltitude=-16.0,mHasSpeed=true,mSpeed=1.1725168,mHasBearing=true,mBearing=290.90573,mHasAccuracy=true,mAccuracy=10.0,mExtras=Bundle[mParcelledData.dataSize=4]] Previous Region = (4,0)
I/CameraCloud( 1051): 1333728077583: GPS x/long:-71.10223902366761, GPS y/lat: 42.364646342182134. Region width in x: 51.96152422706632
I/CameraCloud( 1051): 1333728077584: location PINPOINTS to region = 4.0, previous 4
I/CameraCloud( 1051): 1333728077584: stay at region 4
I/CameraCloud( 1051): 1333728078562: .......... GPS onLocationChanged ...... 
I/CameraCloud( 1051): 1333728078563: Loc = Location[mProvider=gps,mTime=1333814479000,mLatitude=42.36465133722272,mLongitude=-71.10225454158793,mHasAltitude=true,mAltitude=-18.0,mHasSpeed=true,mSpeed=0.0,mHasBearing=true,mBearing=296.25024,mHasAccuracy=true,mAccuracy=10.0,mExtras=Bundle[mParcelledData.dataSize=4]] Previous Region = (4,0)
I/CameraCloud( 1051): 1333728078563: GPS x/long:-71.10225454158793, GPS y/lat: 42.36465133722272. Region width in x: 51.96152422706632
I/CameraCloud( 1051): 1333728078564: location PINPOINTS to region = 4.0, previous 4
I/CameraCloud( 1051): 1333728078564: stay at region 4
I/System.out(  716): [INFO:1349148]: c: Running flush
I/System.out(  716): [INFO:1349150]: c: Sending payload [bytes=590]
I/CameraCloud( 1051): 1333728080563: .......... GPS onLocationChanged ...... 
I/CameraCloud( 1051): 1333728080564: Loc = Location[mProvider=gps,mTime=1333814481000,mLatitude=42.36466494239418,mLongitude=-71.10227101697262,mHasAltitude=true,mAltitude=-17.0,mHasSpeed=true,mSpeed=1.142258,mHasBearing=true,mBearing=311.39136,mHasAccuracy=true,mAccuracy=10.0,mExtras=Bundle[mParcelledData.dataSize=4]] Previous Region = (4,0)
I/CameraCloud( 1051): 1333728080571: GPS x/long:-71.10227101697262, GPS y/lat: 42.36466494239418. Region width in x: 51.96152422706632
I/CameraCloud( 1051): 1333728080571: location PINPOINTS to region = 4.0, previous 4
I/CameraCloud( 1051): 1333728080572: stay at region 4
D/dalvikvm(  154): GC_CONCURRENT freed 723K, 14% free 12505K/14471K, paused 2ms+4ms
I/CameraCloud( 1051): 1333728082563: .......... GPS onLocationChanged ...... 
I/CameraCloud( 1051): 1333728082565: Loc = Location[mProvider=gps,mTime=1333814483000,mLatitude=42.36467370905618,mLongitude=-71.10228230569031,mHasAltitude=true,mAltitude=-16.0,mHasSpeed=true,mSpeed=0.39363262,mHasBearing=true,mBearing=306.60748,mHasAccuracy=true,mAccuracy=5.0,mExtras=Bundle[mParcelledData.dataSize=4]] Previous Region = (4,0)
I/CameraCloud( 1051): 1333728082565: GPS x/long:-71.10228230569031, GPS y/lat: 42.36467370905618. Region width in x: 51.96152422706632
I/CameraCloud( 1051): 1333728082565: location PINPOINTS to region = 4.0, previous 4
I/CameraCloud( 1051): 1333728082566: stay at region 4
I/CameraCloud( 1051): 1333728084080: canPressButton = TRUE
I/CameraCloud( 1051): 1333728084081: areButtonsEnabled --> false
I/CameraCloud( 1051): 1333728084081: disabling buttons ...
I/CameraCloud( 1051): 1333728084082: new pic disableButtons XXX
I/CameraCloud( 1051): 1333728084095: areButtonsEnabled --> false
D/AudioHardware(   81): AudioHardware pcm playback is exiting standby.
D/AudioHardware(   81): openPcmOut_l() mPcmOpenCnt: 0
I/CameraCloud( 1051): 1333728084234: takeNum=4 takeCamGood=3 takeGoodSave=3 takeBad=0 getNum=3 getGood=3 getBad=0
I/CameraCloud( 1051): 1333728084234: ** Clicked take picture button **
I/CameraSurfaceView( 1051): inside getCamera()
D/dalvikvm( 1051): GC_CONCURRENT freed 316K, 29% free 10224K/14343K, paused 11ms+12ms
I/CameraHardwareSec(   81): int android::CameraHardwareSec::previewThreadWrapper(): calling mSecCamera->stopPreview() and waiting
I/SecCamera(   81): int android::fimc_v4l2_querybuf(int, android::fimc_buffer*, v4l2_buf_type) :
I/SecCamera(   81): int android::fimc_v4l2_querybuf(int, android::fimc_buffer*, v4l2_buf_type): buffer->start = 0x44278000 v4l2_buf.length = 4261248
I/System.out(  716): [INFO:1354155]: c: Running delayed flush
I/System.out(  716): [INFO:1354167]: c: Running flush
I/CameraHardwareSec(   81): == Camera Sensor Detect S5K4ECGX - Samsung LSI SOC 5M ==
D/JpegEncoder(   81): encode E
D/JpegEncoder(   81): encode X
D/SecCamera(   81): Shutter speed=607 us, iso=50
D/SecCamera(   81): AV=3, TV=11, SV=4
D/JpegEncoder(   81): makeExif E
D/JpegEncoder(   81): makeExif X
I/SecCamera(   81): int android::SecCamera::endSnapshot() :
I/SecCamera(   81): munmap():virt. addr 0x44278000 size = 4261248
D/dalvikvm( 1051): GC_FOR_ALLOC freed 57K, 30% free 10170K/14343K, paused 17ms
I/dalvikvm-heap( 1051): Grow heap (frag case) to 11.839MB for 1924475-byte allocation
D/dalvikvm( 1051): GC_CONCURRENT freed 4K, 17% free 12045K/14343K, paused 2ms+2ms
I/CameraCloud( 1051): 1333728085017: inside HandlePictureStorage onPictureTaken()
I/CameraCloud( 1051): 1333728085018: takeNum=4 takeCamGood=4 takeGoodSave=3 takeBad=0 getNum=3 getGood=3 getBad=0
D/CameraHardwareSec(   81): mPreviewHeap(fd(35), size(518400), width(720), height(480))
I/CameraHardwareSec(   81): int android::CameraHardwareSec::previewThreadWrapper(): return from wait
I/CameraCloud( 1051): 1333728085470: Picture successfully taken, ORIG BYTE LENGTH = 1924459
D/dalvikvm( 1051): GC_EXPLICIT freed 2K, 17% free 12045K/14343K, paused 39ms+26ms
I/CameraCloud( 1051): 1333728085827: Our new height x width: 240 x 320
I/CameraCloud( 1051): 1333728085828: Show photo from handle my camera take
I/CameraCloud( 1051): 1333728085828: client making photo packet to send to leader
I/CameraCloud( 1051): 1333728085840: BYTE SIZE AFTER COMPRESSION: 2850
I/CameraCloud( 1051): 1333728085841: sending new pic ....
I/CameraCloud( 1051): 1333728085841: Server request to url: http://hermes5.csail.mit.edu:8213/101/4/0/
I/CameraCloud( 1051): 1333728085905: Cloud server request length: 9754
I/CameraCloud( 1051): 1333728085906: about to execute HTTP POST
I/CameraCloud( 1051): 1333728085906: in serverRequest() about to httpclient.execute()
D/AudioHardware(   81): AudioHardware pcm playback is going to standby.
D/AudioHardware(   81): closePcmOut_l() mPcmOpenCnt: 1
I/GTalkService/c(  453): [AndroidEndpoint@1094512288] connect: acct=1000000, state=CONNECTING
I/System.out(  716): [INFO:1373175]: c: Response [http=200,length=20]
D/dalvikvm(  716): GC_CONCURRENT freed 381K, 7% free 10083K/10759K, paused 2ms+3ms
D/ConnectivityService(  154): handleInetConditionHoldEnd: net=0, condition=100, published condition=0
D/dalvikvm(  154): GC_CONCURRENT freed 814K, 14% free 12501K/14471K, paused 27ms+15ms
W/Smack/Packet(  453): notify conn break (IOEx), close connection
D/dalvikvm(  314): GC_CONCURRENT freed 417K, 6% free 9504K/10055K, paused 2ms+2ms
D/ConnectivityService(  154): handleInetConditionHoldEnd: net=0, condition=0, published condition=100
I/GTalkService/c(  453): [AndroidEndpoint@1094512288] connect: acct=1000000, state=CONNECTING
D/dalvikvm(  453): GC_CONCURRENT freed 406K, 6% free 9969K/10503K, paused 2ms+4ms
D/ConnectivityService(  154): handleInetConditionHoldEnd: net=0, condition=100, published condition=0
W/Smack/Packet(  453): notify conn break (IOEx), close connection
D/dalvikvm(  154): GC_CONCURRENT freed 762K, 14% free 12491K/14471K, paused 8ms+5ms
D/ConnectivityService(  154): handleInetConditionHoldEnd: net=0, condition=0, published condition=100
I/GTalkService/c(  453): [AndroidEndpoint@1094512288] connect: acct=1000000, state=CONNECTING
D/dalvikvm(  453): GC_CONCURRENT freed 416K, 6% free 9966K/10503K, paused 3ms+3ms
I/CameraCloud( 1051): 1333728179427: CameraCloud Execute HTTP latency: 93521ms
I/CameraCloud( 1051): 1333728179428: finished executing HTTP POST, get data
I/CameraCloud( 1051): 1333728179428: make input stream reader for data
I/CameraCloud( 1051): 1333728179428: Cloud response length: 18
I/CameraCloud( 1051): 1333728179429: Returning cloud object
I/CameraCloud( 1051): 1333728179431: CameraCloud upload new photo latency = 93590
I/CameraCloud( 1051): 1333728179431: CameraCloud upload start 1333728085841 ~ stop 1333728179431
I/CameraCloud( 1051): 1333728179432: takeNum=4 takeCamGood=4 takeGoodSave=4 takeBad=0 getNum=3 getGood=3 getBad=0
I/CameraCloud( 1051): 1333728179432: SUCCESS! Client now knows saving photo on cloud server succeeded
I/CameraCloud( 1051): 1333728179432: RETURN STATUS: 12
I/CameraCloud( 1051): 1333728179433: Inside _enableButtons
I/CameraCloud( 1051): 1333728179433: areButtonsEnabled --> true
I/CameraCloud( 1051): 1333728179433: end of client send picture method
I/CameraCloud( 1051): 1333728179498: .......... GPS onLocationChanged ...... 
I/CameraCloud( 1051): 1333728179512: Loc = Location[mProvider=gps,mTime=1333814515000,mLatitude=42.36466678005107,mLongitude=-71.10227417212293,mHasAltitude=true,mAltitude=-20.0,mHasSpeed=true,mSpeed=0.096295215,mHasBearing=true,mBearing=92.1564,mHasAccuracy=true,mAccuracy=10.0,mExtras=Bundle[mParcelledData.dataSize=4]] Previous Region = (4,0)
I/CameraCloud( 1051): 1333728179513: GPS x/long:-71.10227417212293, GPS y/lat: 42.36466678005107. Region width in x: 51.96152422706632
I/CameraCloud( 1051): 1333728179513: location PINPOINTS to region = 4.0, previous 4
I/CameraCloud( 1051): 1333728179513: stay at region 4
I/CameraCloud( 1051): 1333728179514: .......... GPS onLocationChanged ...... 
I/CameraCloud( 1051): 1333728179515: Loc = Location[mProvider=gps,mTime=1333814518000,mLatitude=42.36467136885504,mLongitude=-71.10225928350805,mHasAltitude=true,mAltitude=-19.0,mHasSpeed=true,mSpeed=0.0,mHasBearing=true,mBearing=69.4161,mHasAccuracy=true,mAccuracy=10.0,mExtras=Bundle[mParcelledData.dataSize=4]] Previous Region = (4,0)
I/CameraCloud( 1051): 1333728179515: GPS x/long:-71.10225928350805, GPS y/lat: 42.36467136885504. Region width in x: 51.96152422706632
I/CameraCloud( 1051): 1333728179516: location PINPOINTS to region = 4.0, previous 4
I/CameraCloud( 1051): 1333728179516: stay at region 4
W/InputManagerService(  154): Window already focused, ignoring focus gain of: com.android.internal.view.IInputMethodClient$Stub$Proxy@41742f88
D/ConnectivityService(  154): handleInetConditionHoldEnd: net=0, condition=100, published condition=0
I/CameraCloud( 1051): 1333728185577: .......... GPS onLocationChanged ...... 
I/CameraCloud( 1051): 1333728185578: Loc = Location[mProvider=gps,mTime=1333814586000,mLatitude=42.364680681001225,mLongitude=-71.10226103617678,mHasAltitude=true,mAltitude=-20.0,mHasSpeed=true,mSpeed=0.04771445,mHasBearing=true,mBearing=353.07422,mHasAccuracy=true,mAccuracy=5.0,mExtras=Bundle[mParcelledData.dataSize=4]] Previous Region = (4,0)
I/CameraCloud( 1051): 1333728185579: GPS x/long:-71.10226103617678, GPS y/lat: 42.364680681001225. Region width in x: 51.96152422706632
I/CameraCloud( 1051): 1333728185579: location PINPOINTS to region = 4.0, previous 4
I/CameraCloud( 1051): 1333728185579: stay at region 4
W/Smack/Packet(  453): notify conn break (IOEx), close connection
D/dalvikvm(  154): GC_CONCURRENT freed 750K, 14% free 12487K/14471K, paused 3ms+6ms
D/ConnectivityService(  154): handleInetConditionHoldEnd: net=0, condition=0, published condition=100
D/dalvikvm(  716): GC_CONCURRENT freed 389K, 7% free 10081K/10759K, paused 15ms+2ms
I/CameraCloud( 1051): 1333728198606: .......... GPS onLocationChanged ...... 
I/CameraCloud( 1051): 1333728198607: Loc = Location[mProvider=gps,mTime=1333814599000,mLatitude=42.36468427747925,mLongitude=-71.10227891305516,mHasAltitude=true,mAltitude=-19.0,mHasSpeed=true,mSpeed=0.30540344,mHasBearing=true,mBearing=260.73145,mHasAccuracy=true,mAccuracy=15.0,mExtras=Bundle[mParcelledData.dataSize=4]] Previous Region = (4,0)
I/CameraCloud( 1051): 1333728198610: GPS x/long:-71.10227891305516, GPS y/lat: 42.36468427747925. Region width in x: 51.96152422706632
I/CameraCloud( 1051): 1333728198610: location PINPOINTS to region = 4.0, previous 4
I/CameraCloud( 1051): 1333728198611: stay at region 4
I/CameraCloud( 1051): 1333728198929: canPressButton = TRUE
I/CameraCloud( 1051): 1333728198929: areButtonsEnabled --> false 
I/CameraCloud( 1051): 1333728198929: Inside get photo disableButtons XXX
D/AudioHardware(   81): AudioHardware pcm playback is exiting standby.
D/AudioHardware(   81): openPcmOut_l() mPcmOpenCnt: 0
I/CameraCloud( 1051): 1333728198970: takeNum=4 takeCamGood=4 takeGoodSave=4 takeBad=0 getNum=4 getGood=3 getBad=0
I/CameraCloud( 1051): 1333728198970: ** Clicked getphotos Button from region 4 **
I/CameraCloud( 1051): 1333728198970: Trying to get photo from server, about to call serverRequest()
I/CameraCloud( 1051): 1333728198971: Server request to url: http://hermes5.csail.mit.edu:8213/102/4/0/
I/CameraCloud( 1051): 1333728198973: Cloud server request length: 12
I/CameraCloud( 1051): 1333728198973: about to execute HTTP POST
I/CameraCloud( 1051): 1333728198974: in serverRequest() about to httpclient.execute()
D/AudioHardware(   81): AudioHardware pcm playback is going to standby.
D/AudioHardware(   81): closePcmOut_l() mPcmOpenCnt: 1
I/GTalkService/c(  453): [AndroidEndpoint@1094512288] connect: acct=1000000, state=CONNECTING
W/Smack/Packet(  453): notify conn break (IOEx), close connection
D/ConnectivityService(  154): handleInetConditionHoldEnd: net=0, condition=0, published condition=0
D/dalvikvm(  154): GC_CONCURRENT freed 763K, 14% free 12465K/14471K, paused 3ms+5ms
I/EventLogService(  453): Aggregate from 1333726738030 (log), 1333726428230 (data)
I/ServiceDumpSys(  453): dumping service [account]
I/GTalkService/c(  453): [AndroidEndpoint@1094512288] connect: acct=1000000, state=CONNECTING
I/CameraCloud( 1051): 1333728236749: CameraCloud Execute HTTP latency: 37775ms
I/CameraCloud( 1051): 1333728236751: finished executing HTTP POST, get data
I/CameraCloud( 1051): 1333728236752: make input stream reader for data
I/CameraCloud( 1051): 1333728236754: Cloud response length: 26850
I/CameraCloud( 1051): 1333728236780: Returning cloud object
D/dalvikvm(  453): GC_CONCURRENT freed 406K, 6% free 9972K/10567K, paused 38ms+3ms
I/CameraCloud( 1051): 1333728243220: CameraCloud download photo latency = 44249
I/CameraCloud( 1051): 1333728243220: CameraCloud download start 1333728198971 ~ stop 1333728243220
I/CameraCloud( 1051): 1333728243220: takeNum=4 takeCamGood=4 takeGoodSave=4 takeBad=0 getNum=4 getGood=4 getBad=0
I/CameraCloud( 1051): 1333728243221: Success! Client getting photo from cloud server, showing photo...
I/CameraCloud( 1051): 1333728243221: Remote photo's length: 2850
D/dalvikvm( 1051): GC_EXPLICIT freed 2684K, 29% free 10242K/14343K, paused 3ms+3ms
I/CameraCloud( 1051): 1333728243271: Done with Get photos button for region 4
I/CameraCloud( 1051): 1333728243271: Inside _enableButtons
I/CameraCloud( 1051): 1333728243272: areButtonsEnabled --> true
W/InputManagerService(  154): Window already focused, ignoring focus gain of: com.android.internal.view.IInputMethodClient$Stub$Proxy@41749630
D/ConnectivityService(  154): handleInetConditionHoldEnd: net=0, condition=100, published condition=0
I/CameraCloud( 1051): 1333728246579: .......... GPS onLocationChanged ...... 
I/CameraCloud( 1051): 1333728246580: Loc = Location[mProvider=gps,mTime=1333814647000,mLatitude=42.364685940956555,mLongitude=-71.1022913324745,mHasAltitude=true,mAltitude=-15.0,mHasSpeed=true,mSpeed=0.073549904,mHasBearing=true,mBearing=328.13577,mHasAccuracy=true,mAccuracy=10.0,mExtras=Bundle[mParcelledData.dataSize=4]] Previous Region = (4,0)
I/CameraCloud( 1051): 1333728246581: GPS x/long:-71.1022913324745, GPS y/lat: 42.364685940956555. Region width in x: 51.96152422706632
I/CameraCloud( 1051): 1333728246581: location PINPOINTS to region = 4.0, previous 4
I/CameraCloud( 1051): 1333728246581: stay at region 4
D/dalvikvm(  314): GC_CONCURRENT freed 438K, 6% free 9506K/10055K, paused 31ms+2ms
I/CameraCloud( 1051): 1333728248611: .......... GPS onLocationChanged ...... 
I/CameraCloud( 1051): 1333728248612: Loc = Location[mProvider=gps,mTime=1333814649000,mLatitude=42.364696060620204,mLongitude=-71.10230796363108,mHasAltitude=true,mAltitude=-16.0,mHasSpeed=true,mSpeed=0.22402093,mHasBearing=true,mBearing=315.65976,mHasAccuracy=true,mAccuracy=10.0,mExtras=Bundle[mParcelledData.dataSize=4]] Previous Region = (4,0)
I/CameraCloud( 1051): 1333728248613: GPS x/long:-71.10230796363108, GPS y/lat: 42.364696060620204. Region width in x: 51.96152422706632
I/CameraCloud( 1051): 1333728248614: location PINPOINTS to region = 4.0, previous 4
I/CameraCloud( 1051): 1333728248615: stay at region 4
I/CameraCloud( 1051): 1333728249607: .......... GPS onLocationChanged ...... 
I/CameraCloud( 1051): 1333728249608: Loc = Location[mProvider=gps,mTime=1333814650000,mLatitude=42.36470620353709,mLongitude=-71.10231694856517,mHasAltitude=true,mAltitude=-18.0,mHasSpeed=true,mSpeed=0.31440246,mHasBearing=true,mBearing=326.53156,mHasAccuracy=true,mAccuracy=5.0,mExtras=Bundle[mParcelledData.dataSize=4]] Previous Region = (4,0)
I/CameraCloud( 1051): 1333728249608: GPS x/long:-71.10231694856517, GPS y/lat: 42.36470620353709. Region width in x: 51.96152422706632
I/CameraCloud( 1051): 1333728249609: location PINPOINTS to region = 4.0, previous 4
I/CameraCloud( 1051): 1333728249609: stay at region 4
I/CameraCloud( 1051): 1333728251626: .......... GPS onLocationChanged ...... 
I/CameraCloud( 1051): 1333728251626: Loc = Location[mProvider=gps,mTime=1333814652000,mLatitude=42.36471168918982,mLongitude=-71.10232859061591,mHasAltitude=true,mAltitude=-18.0,mHasSpeed=true,mSpeed=0.4651472,mHasBearing=true,mBearing=319.70706,mHasAccuracy=true,mAccuracy=15.0,mExtras=Bundle[mParcelledData.dataSize=4]] Previous Region = (4,0)
I/CameraCloud( 1051): 1333728251627: GPS x/long:-71.10232859061591, GPS y/lat: 42.36471168918982. Region width in x: 51.96152422706632
I/CameraCloud( 1051): 1333728251627: location PINPOINTS to region = 4.0, previous 4
I/CameraCloud( 1051): 1333728251627: stay at region 4
D/dalvikvm(  154): GC_CONCURRENT freed 725K, 14% free 12486K/14471K, paused 13ms+18ms
I/CameraCloud( 1051): 1333728252580: .......... GPS onLocationChanged ...... 
I/CameraCloud( 1051): 1333728252581: Loc = Location[mProvider=gps,mTime=1333814653000,mLatitude=42.36471886136029,mLongitude=-71.1023376053635,mHasAltitude=true,mAltitude=-19.0,mHasSpeed=true,mSpeed=0.53163683,mHasBearing=true,mBearing=316.53284,mHasAccuracy=true,mAccuracy=5.0,mExtras=Bundle[mParcelledData.dataSize=4]] Previous Region = (4,0)
I/CameraCloud( 1051): 1333728252582: GPS x/long:-71.1023376053635, GPS y/lat: 42.36471886136029. Region width in x: 51.96152422706632
I/CameraCloud( 1051): 1333728252582: location PINPOINTS to region = 4.0, previous 4
I/CameraCloud( 1051): 1333728252582: stay at region 4
I/CameraCloud( 1051): 1333728253612: .......... GPS onLocationChanged ...... 
I/CameraCloud( 1051): 1333728253614: Loc = Location[mProvider=gps,mTime=1333814654000,mLatitude=42.364727610700754,mLongitude=-71.10234812109877,mHasAltitude=true,mAltitude=-20.0,mHasSpeed=true,mSpeed=0.0,mHasBearing=true,mBearing=315.65326,mHasAccuracy=true,mAccuracy=5.0,mExtras=Bundle[mParcelledData.dataSize=4]] Previous Region = (4,0)
I/CameraCloud( 1051): 1333728253615: GPS x/long:-71.10234812109877, GPS y/lat: 42.364727610700754. Region width in x: 51.96152422706632
I/CameraCloud( 1051): 1333728253616: location PINPOINTS to region = 4.0, previous 4
I/CameraCloud( 1051): 1333728253616: stay at region 4
I/CameraCloud( 1051): 1333728254580: .......... GPS onLocationChanged ...... 
I/CameraCloud( 1051): 1333728254581: Loc = Location[mProvider=gps,mTime=1333814655000,mLatitude=42.3647341761066,mLongitude=-71.10235843125865,mHasAltitude=true,mAltitude=-22.0,mHasSpeed=true,mSpeed=0.66052663,mHasBearing=true,mBearing=312.98804,mHasAccuracy=true,mAccuracy=5.0,mExtras=Bundle[mParcelledData.dataSize=4]] Previous Region = (4,0)
I/CameraCloud( 1051): 1333728254581: GPS x/long:-71.10235843125865, GPS y/lat: 42.3647341761066. Region width in x: 51.96152422706632
I/CameraCloud( 1051): 1333728254582: location PINPOINTS to region = 4.0, previous 4
I/CameraCloud( 1051): 1333728254582: stay at region 4
D/dalvikvm( 1051): GC_CONCURRENT freed 442K, 29% free 10194K/14343K, paused 12ms+3ms
I/CameraCloud( 1051): 1333728256580: .......... GPS onLocationChanged ...... 
I/CameraCloud( 1051): 1333728256581: Loc = Location[mProvider=gps,mTime=1333814657000,mLatitude=42.36474575739164,mLongitude=-71.10237389130327,mHasAltitude=true,mAltitude=-22.0,mHasSpeed=true,mSpeed=0.7339091,mHasBearing=true,mBearing=304.57648,mHasAccuracy=true,mAccuracy=5.0,mExtras=Bundle[mParcelledData.dataSize=4]] Previous Region = (4,0)
I/CameraCloud( 1051): 1333728256581: GPS x/long:-71.10237389130327, GPS y/lat: 42.36474575739164. Region width in x: 51.96152422706632
I/CameraCloud( 1051): 1333728256581: location PINPOINTS to region = 4.0, previous 4
I/CameraCloud( 1051): 1333728256582: stay at region 4
I/CameraCloud( 1051): 1333728257580: .......... GPS onLocationChanged ...... 
I/CameraCloud( 1051): 1333728257581: Loc = Location[mProvider=gps,mTime=1333814658000,mLatitude=42.36475241971162,mLongitude=-71.10238767348335,mHasAltitude=true,mAltitude=-22.0,mHasSpeed=true,mSpeed=0.77046525,mHasBearing=true,mBearing=299.60855,mHasAccuracy=true,mAccuracy=5.0,mExtras=Bundle[mParcelledData.dataSize=4]] Previous Region = (4,0)
I/CameraCloud( 1051): 1333728257582: GPS x/long:-71.10238767348335, GPS y/lat: 42.36475241971162. Region width in x: 51.96152422706632
I/CameraCloud( 1051): 1333728257582: location PINPOINTS to region = 4.0, previous 4
I/CameraCloud( 1051): 1333728257583: stay at region 4
I/CameraCloud( 1051): 1333728259581: .......... GPS onLocationChanged ...... 
I/CameraCloud( 1051): 1333728259582: Loc = Location[mProvider=gps,mTime=1333814660000,mLatitude=42.36476330993859,mLongitude=-71.10240426902092,mHasAltitude=true,mAltitude=-18.0,mHasSpeed=true,mSpeed=0.8186237,mHasBearing=true,mBearing=296.18875,mHasAccuracy=true,mAccuracy=15.0,mExtras=Bundle[mParcelledData.dataSize=4]] Previous Region = (4,0)
I/CameraCloud( 1051): 1333728259582: GPS x/long:-71.10240426902092, GPS y/lat: 42.36476330993859. Region width in x: 51.96152422706632
I/CameraCloud( 1051): 1333728259583: location PINPOINTS to region = 4.0, previous 4
I/CameraCloud( 1051): 1333728259583: stay at region 4
D/dalvikvm(  154): GC_EXPLICIT freed 211K, 15% free 12414K/14471K, paused 3ms+5ms
I/CameraCloud( 1051): 1333728260619: .......... GPS onLocationChanged ...... 
I/CameraCloud( 1051): 1333728260619: Loc = Location[mProvider=gps,mTime=1333814661000,mLatitude=42.364769552952076,mLongitude=-71.10241528075193,mHasAltitude=true,mAltitude=-20.0,mHasSpeed=true,mSpeed=0.84552974,mHasBearing=true,mBearing=305.84125,mHasAccuracy=true,mAccuracy=5.0,mExtras=Bundle[mParcelledData.dataSize=4]] Previous Region = (4,0)
I/CameraCloud( 1051): 1333728260620: GPS x/long:-71.10241528075193, GPS y/lat: 42.364769552952076. Region width in x: 51.96152422706632
I/CameraCloud( 1051): 1333728260620: location PINPOINTS to region = 4.0, previous 4
I/CameraCloud( 1051): 1333728260620: stay at region 4
I/CameraCloud( 1051): 1333728261606: .......... GPS onLocationChanged ...... 
I/CameraCloud( 1051): 1333728261607: Loc = Location[mProvider=gps,mTime=1333814662000,mLatitude=42.36478253858972,mLongitude=-71.10243368629484,mHasAltitude=true,mAltitude=-22.0,mHasSpeed=true,mSpeed=0.894769,mHasBearing=true,mBearing=312.59332,mHasAccuracy=true,mAccuracy=10.0,mExtras=Bundle[mParcelledData.dataSize=4]] Previous Region = (4,0)
I/CameraCloud( 1051): 1333728261607: GPS x/long:-71.10243368629484, GPS y/lat: 42.36478253858972. Region width in x: 51.96152422706632
I/CameraCloud( 1051): 1333728261607: location PINPOINTS to region = 4.0, previous 4
I/CameraCloud( 1051): 1333728261608: stay at region 4
I/CameraCloud( 1051): 1333728262581: .......... GPS onLocationChanged ...... 
I/CameraCloud( 1051): 1333728262582: Loc = Location[mProvider=gps,mTime=1333814663000,mLatitude=42.364792932944866,mLongitude=-71.10244910211777,mHasAltitude=true,mAltitude=-23.0,mHasSpeed=true,mSpeed=0.9201009,mHasBearing=true,mBearing=312.1832,mHasAccuracy=true,mAccuracy=10.0,mExtras=Bundle[mParcelledData.dataSize=4]] Previous Region = (4,0)
I/CameraCloud( 1051): 1333728262582: GPS x/long:-71.10244910211777, GPS y/lat: 42.364792932944866. Region width in x: 51.96152422706632
I/CameraCloud( 1051): 1333728262583: location PINPOINTS to region = 4.0, previous 4
I/CameraCloud( 1051): 1333728262583: stay at region 4
I/CameraCloud( 1051): 1333728263580: .......... GPS onLocationChanged ...... 
I/CameraCloud( 1051): 1333728263581: Loc = Location[mProvider=gps,mTime=1333814664000,mLatitude=42.36480570611198,mLongitude=-71.10246497204723,mHasAltitude=true,mAltitude=-25.0,mHasSpeed=true,mSpeed=0.9469536,mHasBearing=true,mBearing=317.0615,mHasAccuracy=true,mAccuracy=10.0,mExtras=Bundle[mParcelledData.dataSize=4]] Previous Region = (4,0)
I/CameraCloud( 1051): 1333728263581: GPS x/long:-71.10246497204723, GPS y/lat: 42.36480570611198. Region width in x: 51.96152422706632
I/CameraCloud( 1051): 1333728263582: location PINPOINTS to region = 4.0, previous 4
I/CameraCloud( 1051): 1333728263582: stay at region 4
I/CameraCloud( 1051): 1333728264581: .......... GPS onLocationChanged ...... 
I/CameraCloud( 1051): 1333728264582: Loc = Location[mProvider=gps,mTime=1333814665000,mLatitude=42.36481450500409,mLongitude=-71.10247790976653,mHasAltitude=true,mAltitude=-25.0,mHasSpeed=true,mSpeed=0.0,mHasBearing=true,mBearing=314.04178,mHasAccuracy=true,mAccuracy=10.0,mExtras=Bundle[mParcelledData.dataSize=4]] Previous Region = (4,0)
I/CameraCloud( 1051): 1333728264583: GPS x/long:-71.10247790976653, GPS y/lat: 42.36481450500409. Region width in x: 51.96152422706632
I/CameraCloud( 1051): 1333728264583: location PINPOINTS to region = 4.0, previous 4
I/CameraCloud( 1051): 1333728264584: stay at region 4
I/CameraCloud( 1051): 1333728266581: .......... GPS onLocationChanged ...... 
I/CameraCloud( 1051): 1333728266582: Loc = Location[mProvider=gps,mTime=1333814667000,mLatitude=42.364817543213206,mLongitude=-71.10249672149246,mHasAltitude=true,mAltitude=-26.0,mHasSpeed=true,mSpeed=0.9862957,mHasBearing=true,mBearing=294.84317,mHasAccuracy=true,mAccuracy=10.0,mExtras=Bundle[mParcelledData.dataSize=4]] Previous Region = (4,0)
I/CameraCloud( 1051): 1333728266582: GPS x/long:-71.10249672149246, GPS y/lat: 42.364817543213206. Region width in x: 51.96152422706632
I/CameraCloud( 1051): 1333728266583: location PINPOINTS to region = 4.0, previous 4
I/CameraCloud( 1051): 1333728266583: stay at region 4
I/CameraCloud( 1051): 1333728267607: .......... GPS onLocationChanged ...... 
I/CameraCloud( 1051): 1333728267608: Loc = Location[mProvider=gps,mTime=1333814668000,mLatitude=42.36482000265987,mLongitude=-71.10251057738802,mHasAltitude=true,mAltitude=-24.0,mHasSpeed=true,mSpeed=1.0146483,mHasBearing=true,mBearing=295.697,mHasAccuracy=true,mAccuracy=10.0,mExtras=Bundle[mParcelledData.dataSize=4]] Previous Region = (4,0)
I/CameraCloud( 1051): 1333728267609: GPS x/long:-71.10251057738802, GPS y/lat: 42.36482000265987. Region width in x: 51.96152422706632
I/CameraCloud( 1051): 1333728267609: location PINPOINTS to region = 4.0, previous 4
I/CameraCloud( 1051): 1333728267609: stay at region 4
I/CameraCloud( 1051): 1333728268580: .......... GPS onLocationChanged ...... 
I/CameraCloud( 1051): 1333728268581: Loc = Location[mProvider=gps,mTime=1333814669000,mLatitude=42.36482545575896,mLongitude=-71.10252259628402,mHasAltitude=true,mAltitude=-20.0,mHasSpeed=true,mSpeed=1.0311387,mHasBearing=true,mBearing=306.13705,mHasAccuracy=true,mAccuracy=10.0,mExtras=Bundle[mParcelledData.dataSize=4]] Previous Region = (4,0)
I/CameraCloud( 1051): 1333728268582: GPS x/long:-71.10252259628402, GPS y/lat: 42.36482545575896. Region width in x: 51.96152422706632
I/CameraCloud( 1051): 1333728268582: location PINPOINTS to region = 4.0, previous 4
I/CameraCloud( 1051): 1333728268582: stay at region 4
I/CameraCloud( 1051): 1333728269579: .......... GPS onLocationChanged ...... 
I/CameraCloud( 1051): 1333728269580: Loc = Location[mProvider=gps,mTime=1333814670000,mLatitude=42.36483199318027,mLongitude=-71.10253421264456,mHasAltitude=true,mAltitude=-21.0,mHasSpeed=true,mSpeed=1.0571568,mHasBearing=true,mBearing=306.37604,mHasAccuracy=true,mAccuracy=10.0,mExtras=Bundle[mParcelledData.dataSize=4]] Previous Region = (4,0)
I/CameraCloud( 1051): 1333728269580: GPS x/long:-71.10253421264456, GPS y/lat: 42.36483199318027. Region width in x: 51.96152422706632
I/CameraCloud( 1051): 1333728269580: location PINPOINTS to region = 4.0, previous 4
I/CameraCloud( 1051): 1333728269581: location is INSIDE BOUNDARY, stay at prev region = (4,0)
I/CameraCloud( 1051): 1333728270607: .......... GPS onLocationChanged ...... 
I/CameraCloud( 1051): 1333728270608: Loc = Location[mProvider=gps,mTime=1333814671000,mLatitude=42.364838906371645,mLongitude=-71.10254503904007,mHasAltitude=true,mAltitude=-19.0,mHasSpeed=true,mSpeed=1.0484824,mHasBearing=true,mBearing=312.4846,mHasAccuracy=true,mAccuracy=5.0,mExtras=Bundle[mParcelledData.dataSize=4]] Previous Region = (4,0)
I/CameraCloud( 1051): 1333728270608: GPS x/long:-71.10254503904007, GPS y/lat: 42.364838906371645. Region width in x: 51.96152422706632
I/CameraCloud( 1051): 1333728270609: location PINPOINTS to region = 4.0, previous 4
I/CameraCloud( 1051): 1333728270609: location is INSIDE BOUNDARY, stay at prev region = (4,0)
I/CameraCloud( 1051): 1333728271578: .......... GPS onLocationChanged ...... 
I/CameraCloud( 1051): 1333728271579: Loc = Location[mProvider=gps,mTime=1333814672000,mLatitude=42.364845879096016,mLongitude=-71.10255479797578,mHasAltitude=true,mAltitude=-16.0,mHasSpeed=true,mSpeed=1.0747087,mHasBearing=true,mBearing=311.61166,mHasAccuracy=true,mAccuracy=5.0,mExtras=Bundle[mParcelledData.dataSize=4]] Previous Region = (4,0)
I/CameraCloud( 1051): 1333728271580: GPS x/long:-71.10255479797578, GPS y/lat: 42.364845879096016. Region width in x: 51.96152422706632
I/CameraCloud( 1051): 1333728271580: location PINPOINTS to region = 4.0, previous 4
I/CameraCloud( 1051): 1333728271581: location is INSIDE BOUNDARY, stay at prev region = (4,0)
I/CameraCloud( 1051): 1333728273578: .......... GPS onLocationChanged ...... 
I/CameraCloud( 1051): 1333728273579: Loc = Location[mProvider=gps,mTime=1333814674000,mLatitude=42.36486024144825,mLongitude=-71.10257104460823,mHasAltitude=true,mAltitude=-15.0,mHasSpeed=true,mSpeed=1.0719458,mHasBearing=true,mBearing=312.52847,mHasAccuracy=true,mAccuracy=5.0,mExtras=Bundle[mParcelledData.dataSize=4]] Previous Region = (4,0)
I/CameraCloud( 1051): 1333728273579: GPS x/long:-71.10257104460823, GPS y/lat: 42.36486024144825. Region width in x: 51.96152422706632
I/CameraCloud( 1051): 1333728273579: location PINPOINTS to region = 5.0, previous 4
I/CameraCloud( 1051): 1333728273580: location is INSIDE BOUNDARY, stay at prev region = (4,0)
I/CameraCloud( 1051): 1333728274578: .......... GPS onLocationChanged ...... 
I/CameraCloud( 1051): 1333728274579: Loc = Location[mProvider=gps,mTime=1333814675000,mLatitude=42.36486787582091,mLongitude=-71.10258487755328,mHasAltitude=true,mAltitude=-19.0,mHasSpeed=true,mSpeed=1.0813093,mHasBearing=true,mBearing=306.10254,mHasAccuracy=true,mAccuracy=10.0,mExtras=Bundle[mParcelledData.dataSize=4]] Previous Region = (4,0)
I/CameraCloud( 1051): 1333728274579: GPS x/long:-71.10258487755328, GPS y/lat: 42.36486787582091. Region width in x: 51.96152422706632
I/CameraCloud( 1051): 1333728274580: location PINPOINTS to region = 5.0, previous 4
I/CameraCloud( 1051): 1333728274580: location is INSIDE BOUNDARY, stay at prev region = (4,0)
I/CameraCloud( 1051): 1333728275603: .......... GPS onLocationChanged ...... 
I/CameraCloud( 1051): 1333728275604: Loc = Location[mProvider=gps,mTime=1333814676000,mLatitude=42.364875586460165,mLongitude=-71.10259386344384,mHasAltitude=true,mAltitude=-20.0,mHasSpeed=true,mSpeed=1.0642666,mHasBearing=true,mBearing=321.24844,mHasAccuracy=true,mAccuracy=10.0,mExtras=Bundle[mParcelledData.dataSize=4]] Previous Region = (4,0)
I/CameraCloud( 1051): 1333728275604: GPS x/long:-71.10259386344384, GPS y/lat: 42.364875586460165. Region width in x: 51.96152422706632
I/CameraCloud( 1051): 1333728275604: location PINPOINTS to region = 5.0, previous 4
I/CameraCloud( 1051): 1333728275605: location is INSIDE BOUNDARY, stay at prev region = (4,0)
I/CameraCloud( 1051): 1333728276576: .......... GPS onLocationChanged ...... 
I/CameraCloud( 1051): 1333728276577: Loc = Location[mProvider=gps,mTime=1333814677000,mLatitude=42.364880592309184,mLongitude=-71.10260867564641,mHasAltitude=true,mAltitude=-24.0,mHasSpeed=true,mSpeed=1.0690302,mHasBearing=true,mBearing=295.2686,mHasAccuracy=true,mAccuracy=10.0,mExtras=Bundle[mParcelledData.dataSize=4]] Previous Region = (4,0)
I/CameraCloud( 1051): 1333728276578: GPS x/long:-71.10260867564641, GPS y/lat: 42.364880592309184. Region width in x: 51.96152422706632
I/CameraCloud( 1051): 1333728276578: location PINPOINTS to region = 5.0, previous 4
I/CameraCloud( 1051): 1333728276578: location is INSIDE BOUNDARY, stay at prev region = (4,0)
I/CameraCloud( 1051): 1333728278575: .......... GPS onLocationChanged ...... 
I/CameraCloud( 1051): 1333728278576: Loc = Location[mProvider=gps,mTime=1333814679000,mLatitude=42.36488738375031,mLongitude=-71.10263052691242,mHasAltitude=true,mAltitude=-30.0,mHasSpeed=true,mSpeed=1.0106046,mHasBearing=true,mBearing=299.3356,mHasAccuracy=true,mAccuracy=10.0,mExtras=Bundle[mParcelledData.dataSize=4]] Previous Region = (4,0)
I/CameraCloud( 1051): 1333728278576: GPS x/long:-71.10263052691242, GPS y/lat: 42.36488738375031. Region width in x: 51.96152422706632
I/CameraCloud( 1051): 1333728278577: location PINPOINTS to region = 5.0, previous 4
I/CameraCloud( 1051): 1333728278577: location CHANGED TO NEW region = (5,0) from region = (4,0)
I/CameraCloud( 1051): 1333728278579: moving from region (4,0), to (5,0)
I/CameraCloud( 1051): 1333728279574: .......... GPS onLocationChanged ...... 
I/CameraCloud( 1051): 1333728279575: Loc = Location[mProvider=gps,mTime=1333814680000,mLatitude=42.364893195872334,mLongitude=-71.10264193594423,mHasAltitude=true,mAltitude=-29.0,mHasSpeed=true,mSpeed=1.0018679,mHasBearing=true,mBearing=309.1956,mHasAccuracy=true,mAccuracy=10.0,mExtras=Bundle[mParcelledData.dataSize=4]] Previous Region = (5,0)
I/CameraCloud( 1051): 1333728279575: GPS x/long:-71.10264193594423, GPS y/lat: 42.364893195872334. Region width in x: 51.96152422706632
I/CameraCloud( 1051): 1333728279576: location PINPOINTS to region = 5.0, previous 5
I/CameraCloud( 1051): 1333728279576: stay at region 5
I/CameraCloud( 1051): 1333728280573: .......... GPS onLocationChanged ...... 
I/CameraCloud( 1051): 1333728280574: Loc = Location[mProvider=gps,mTime=1333814681000,mLatitude=42.364895068878674,mLongitude=-71.10265454419708,mHasAltitude=true,mAltitude=-29.0,mHasSpeed=true,mSpeed=0.9762532,mHasBearing=true,mBearing=283.84122,mHasAccuracy=true,mAccuracy=10.0,mExtras=Bundle[mParcelledData.dataSize=4]] Previous Region = (5,0)
I/CameraCloud( 1051): 1333728280575: GPS x/long:-71.10265454419708, GPS y/lat: 42.364895068878674. Region width in x: 51.96152422706632
I/CameraCloud( 1051): 1333728280575: location PINPOINTS to region = 5.0, previous 5
I/CameraCloud( 1051): 1333728280576: stay at region 5
I/CameraCloud( 1051): 1333728282573: .......... GPS onLocationChanged ...... 
I/CameraCloud( 1051): 1333728282574: Loc = Location[mProvider=gps,mTime=1333814683000,mLatitude=42.36490887220672,mLongitude=-71.10267524534741,mHasAltitude=true,mAltitude=-25.0,mHasSpeed=true,mSpeed=0.0,mHasBearing=true,mBearing=309.55533,mHasAccuracy=true,mAccuracy=10.0,mExtras=Bundle[mParcelledData.dataSize=4]] Previous Region = (5,0)
I/CameraCloud( 1051): 1333728282574: GPS x/long:-71.10267524534741, GPS y/lat: 42.36490887220672. Region width in x: 51.96152422706632
I/CameraCloud( 1051): 1333728282575: location PINPOINTS to region = 5.0, previous 5
I/CameraCloud( 1051): 1333728282575: stay at region 5
I/CameraCloud( 1051): 1333728283572: .......... GPS onLocationChanged ...... 
I/CameraCloud( 1051): 1333728283573: Loc = Location[mProvider=gps,mTime=1333814684000,mLatitude=42.364912875637486,mLongitude=-71.10268641377677,mHasAltitude=true,mAltitude=-24.0,mHasSpeed=true,mSpeed=0.93960917,mHasBearing=true,mBearing=313.23752,mHasAccuracy=true,mAccuracy=10.0,mExtras=Bundle[mParcelledData.dataSize=4]] Previous Region = (5,0)
I/CameraCloud( 1051): 1333728283574: GPS x/long:-71.10268641377677, GPS y/lat: 42.364912875637486. Region width in x: 51.96152422706632
I/CameraCloud( 1051): 1333728283574: location PINPOINTS to region = 5.0, previous 5
I/CameraCloud( 1051): 1333728283574: stay at region 5
I/CameraCloud( 1051): 1333728284596: .......... GPS onLocationChanged ...... 
I/CameraCloud( 1051): 1333728284597: Loc = Location[mProvider=gps,mTime=1333814685000,mLatitude=42.3649188679422,mLongitude=-71.10269863938639,mHasAltitude=true,mAltitude=-23.0,mHasSpeed=true,mSpeed=0.9463113,mHasBearing=true,mBearing=311.71396,mHasAccuracy=true,mAccuracy=10.0,mExtras=Bundle[mParcelledData.dataSize=4]] Previous Region = (5,0)
I/CameraCloud( 1051): 1333728284599: GPS x/long:-71.10269863938639, GPS y/lat: 42.3649188679422. Region width in x: 51.96152422706632
I/CameraCloud( 1051): 1333728284599: location PINPOINTS to region = 5.0, previous 5
I/CameraCloud( 1051): 1333728284600: stay at region 5
I/CameraCloud( 1051): 1333728285573: .......... GPS onLocationChanged ...... 
