I/CameraCloud( 1051): 1333728653591: GPS x/long:-71.10270331238617, GPS y/lat: 42.3649679132232. Region width in x: 51.96152422706632
I/CameraCloud( 1051): 1333728653591: location PINPOINTS to region = 5.0, previous 5
I/CameraCloud( 1051): 1333728653592: stay at region 5
I/CameraCloud( 1051): 1333728654592: .......... GPS onLocationChanged ...... 
I/CameraCloud( 1051): 1333728654593: Loc = Location[mProvider=gps,mTime=1333815055000,mLatitude=42.3649565003233,mLongitude=-71.10269319672824,mHasAltitude=true,mAltitude=-27.0,mHasSpeed=true,mSpeed=0.5476306,mHasBearing=true,mBearing=146.90436,mHasAccuracy=true,mAccuracy=10.0,mExtras=Bundle[mParcelledData.dataSize=4]] Previous Region = (5,0)
I/CameraCloud( 1051): 1333728654594: GPS x/long:-71.10269319672824, GPS y/lat: 42.3649565003233. Region width in x: 51.96152422706632
I/CameraCloud( 1051): 1333728654594: location PINPOINTS to region = 5.0, previous 5
I/CameraCloud( 1051): 1333728654595: stay at region 5
I/CameraCloud( 1051): 1333728655587: .......... GPS onLocationChanged ...... 
I/CameraCloud( 1051): 1333728655588: Loc = Location[mProvider=gps,mTime=1333815056000,mLatitude=42.36494808516287,mLongitude=-71.10268665142738,mHasAltitude=true,mAltitude=-25.0,mHasSpeed=true,mSpeed=0.6001125,mHasBearing=true,mBearing=147.4686,mHasAccuracy=true,mAccuracy=10.0,mExtras=Bundle[mParcelledData.dataSize=4]] Previous Region = (5,0)
I/CameraCloud( 1051): 1333728655589: GPS x/long:-71.10268665142738, GPS y/lat: 42.36494808516287. Region width in x: 51.96152422706632
I/CameraCloud( 1051): 1333728655589: location PINPOINTS to region = 5.0, previous 5
I/CameraCloud( 1051): 1333728655589: stay at region 5
I/CameraCloud( 1051): 1333728657587: .......... GPS onLocationChanged ...... 
I/CameraCloud( 1051): 1333728657588: Loc = Location[mProvider=gps,mTime=1333815058000,mLatitude=42.36494409406434,mLongitude=-71.1026682035086,mHasAltitude=true,mAltitude=-22.0,mHasSpeed=true,mSpeed=0.6670899,mHasBearing=true,mBearing=106.45708,mHasAccuracy=true,mAccuracy=10.0,mExtras=Bundle[mParcelledData.dataSize=4]] Previous Region = (5,0)
I/CameraCloud( 1051): 1333728657589: GPS x/long:-71.1026682035086, GPS y/lat: 42.36494409406434. Region width in x: 51.96152422706632
I/CameraCloud( 1051): 1333728657589: location PINPOINTS to region = 5.0, previous 5
I/CameraCloud( 1051): 1333728657590: stay at region 5
I/CameraCloud( 1051): 1333728659614: .......... GPS onLocationChanged ...... 
I/CameraCloud( 1051): 1333728659615: Loc = Location[mProvider=gps,mTime=1333815060000,mLatitude=42.36493835206829,mLongitude=-71.1026463741626,mHasAltitude=true,mAltitude=-22.0,mHasSpeed=true,mSpeed=0.0,mHasBearing=true,mBearing=118.69113,mHasAccuracy=true,mAccuracy=15.0,mExtras=Bundle[mParcelledData.dataSize=4]] Previous Region = (5,0)
I/CameraCloud( 1051): 1333728659615: GPS x/long:-71.1026463741626, GPS y/lat: 42.36493835206829. Region width in x: 51.96152422706632
I/CameraCloud( 1051): 1333728659615: location PINPOINTS to region = 5.0, previous 5
I/CameraCloud( 1051): 1333728659616: stay at region 5
I/CameraCloud( 1051): 1333728661592: .......... GPS onLocationChanged ...... 
I/CameraCloud( 1051): 1333728661607: Loc = Location[mProvider=gps,mTime=1333815062000,mLatitude=42.364933546216136,mLongitude=-71.10262858204844,mHasAltitude=true,mAltitude=-22.0,mHasSpeed=true,mSpeed=0.0,mHasBearing=true,mBearing=101.17384,mHasAccuracy=true,mAccuracy=10.0,mExtras=Bundle[mParcelledData.dataSize=4]] Previous Region = (5,0)
I/CameraCloud( 1051): 1333728661608: GPS x/long:-71.10262858204844, GPS y/lat: 42.364933546216136. Region width in x: 51.96152422706632
I/CameraCloud( 1051): 1333728661609: location PINPOINTS to region = 5.0, previous 5
I/CameraCloud( 1051): 1333728661609: stay at region 5
I/CameraCloud( 1051): 1333728663607: .......... GPS onLocationChanged ...... 
I/CameraCloud( 1051): 1333728663608: Loc = Location[mProvider=gps,mTime=1333815064000,mLatitude=42.364921136343504,mLongitude=-71.10261593186979,mHasAltitude=true,mAltitude=-26.0,mHasSpeed=true,mSpeed=0.7484489,mHasBearing=true,mBearing=131.1916,mHasAccuracy=true,mAccuracy=10.0,mExtras=Bundle[mParcelledData.dataSize=4]] Previous Region = (5,0)
I/CameraCloud( 1051): 1333728663609: GPS x/long:-71.10261593186979, GPS y/lat: 42.364921136343504. Region width in x: 51.96152422706632
I/CameraCloud( 1051): 1333728663610: location PINPOINTS to region = 5.0, previous 5
I/CameraCloud( 1051): 1333728663611: stay at region 5
I/CameraCloud( 1051): 1333728671609: .......... GPS onLocationChanged ...... 
I/CameraCloud( 1051): 1333728671611: Loc = Location[mProvider=gps,mTime=1333815072000,mLatitude=42.36490738413283,mLongitude=-71.10260897765168,mHasAltitude=true,mAltitude=-14.0,mHasSpeed=true,mSpeed=0.3181438,mHasBearing=true,mBearing=151.80461,mHasAccuracy=true,mAccuracy=10.0,mExtras=Bundle[mParcelledData.dataSize=4]] Previous Region = (5,0)
I/CameraCloud( 1051): 1333728671612: GPS x/long:-71.10260897765168, GPS y/lat: 42.36490738413283. Region width in x: 51.96152422706632
I/CameraCloud( 1051): 1333728671612: location PINPOINTS to region = 5.0, previous 5
I/CameraCloud( 1051): 1333728671612: stay at region 5
I/CameraCloud( 1051): 1333728672611: .......... GPS onLocationChanged ...... 
I/CameraCloud( 1051): 1333728672612: Loc = Location[mProvider=gps,mTime=1333815073000,mLatitude=42.36489425496254,mLongitude=-71.10260730557957,mHasAltitude=true,mAltitude=-13.0,mHasSpeed=true,mSpeed=0.4065831,mHasBearing=true,mBearing=174.84312,mHasAccuracy=true,mAccuracy=10.0,mExtras=Bundle[mParcelledData.dataSize=4]] Previous Region = (5,0)
I/CameraCloud( 1051): 1333728672612: GPS x/long:-71.10260730557957, GPS y/lat: 42.36489425496254. Region width in x: 51.96152422706632
I/CameraCloud( 1051): 1333728672612: location PINPOINTS to region = 5.0, previous 5
I/CameraCloud( 1051): 1333728672613: location is INSIDE BOUNDARY, stay at prev region = (5,0)
I/CameraCloud( 1051): 1333728673583: .......... GPS onLocationChanged ...... 
I/CameraCloud( 1051): 1333728673584: Loc = Location[mProvider=gps,mTime=1333815074000,mLatitude=42.36488217348569,mLongitude=-71.10259643065123,mHasAltitude=true,mAltitude=-18.0,mHasSpeed=true,mSpeed=0.0,mHasBearing=true,mBearing=167.1367,mHasAccuracy=true,mAccuracy=10.0,mExtras=Bundle[mParcelledData.dataSize=4]] Previous Region = (5,0)
I/CameraCloud( 1051): 1333728673585: GPS x/long:-71.10259643065123, GPS y/lat: 42.36488217348569. Region width in x: 51.96152422706632
I/CameraCloud( 1051): 1333728673585: location PINPOINTS to region = 5.0, previous 5
I/CameraCloud( 1051): 1333728673586: location is INSIDE BOUNDARY, stay at prev region = (5,0)
I/CameraCloud( 1051): 1333728674605: .......... GPS onLocationChanged ...... 
I/CameraCloud( 1051): 1333728674606: Loc = Location[mProvider=gps,mTime=1333815075000,mLatitude=42.36487232935638,mLongitude=-71.10258383119205,mHasAltitude=true,mAltitude=-22.0,mHasSpeed=true,mSpeed=0.5763668,mHasBearing=true,mBearing=169.53569,mHasAccuracy=true,mAccuracy=10.0,mExtras=Bundle[mParcelledData.dataSize=4]] Previous Region = (5,0)
I/CameraCloud( 1051): 1333728674606: GPS x/long:-71.10258383119205, GPS y/lat: 42.36487232935638. Region width in x: 51.96152422706632
I/CameraCloud( 1051): 1333728674606: location PINPOINTS to region = 5.0, previous 5
I/CameraCloud( 1051): 1333728674607: location is INSIDE BOUNDARY, stay at prev region = (5,0)
I/CameraCloud( 1051): 1333728675583: .......... GPS onLocationChanged ...... 
I/CameraCloud( 1051): 1333728675584: Loc = Location[mProvider=gps,mTime=1333815076000,mLatitude=42.364865462330435,mLongitude=-71.10256857015966,mHasAltitude=true,mAltitude=-23.0,mHasSpeed=true,mSpeed=0.0,mHasBearing=true,mBearing=168.59853,mHasAccuracy=true,mAccuracy=10.0,mExtras=Bundle[mParcelledData.dataSize=4]] Previous Region = (5,0)
I/CameraCloud( 1051): 1333728675584: GPS x/long:-71.10256857015966, GPS y/lat: 42.364865462330435. Region width in x: 51.96152422706632
I/CameraCloud( 1051): 1333728675584: location PINPOINTS to region = 5.0, previous 5
I/CameraCloud( 1051): 1333728675585: location is INSIDE BOUNDARY, stay at prev region = (5,0)
I/CameraCloud( 1051): 1333728676610: .......... GPS onLocationChanged ...... 
I/CameraCloud( 1051): 1333728676611: Loc = Location[mProvider=gps,mTime=1333815077000,mLatitude=42.36485922183711,mLongitude=-71.10255626934389,mHasAltitude=true,mAltitude=-26.0,mHasSpeed=true,mSpeed=0.69610703,mHasBearing=true,mBearing=158.39954,mHasAccuracy=true,mAccuracy=10.0,mExtras=Bundle[mParcelledData.dataSize=4]] Previous Region = (5,0)
I/CameraCloud( 1051): 1333728676612: GPS x/long:-71.10255626934389, GPS y/lat: 42.36485922183711. Region width in x: 51.96152422706632
I/CameraCloud( 1051): 1333728676613: location PINPOINTS to region = 4.0, previous 5
I/CameraCloud( 1051): 1333728676614: location is INSIDE BOUNDARY, stay at prev region = (5,0)
I/CameraCloud( 1051): 1333728678569: .......... GPS onLocationChanged ...... 
I/CameraCloud( 1051): 1333728678570: Loc = Location[mProvider=gps,mTime=1333815079000,mLatitude=42.364851328921645,mLongitude=-71.10254619776745,mHasAltitude=true,mAltitude=-29.0,mHasSpeed=true,mSpeed=0.6991999,mHasBearing=true,mBearing=149.72455,mHasAccuracy=true,mAccuracy=15.0,mExtras=Bundle[mParcelledData.dataSize=4]] Previous Region = (5,0)
I/CameraCloud( 1051): 1333728678570: GPS x/long:-71.10254619776745, GPS y/lat: 42.364851328921645. Region width in x: 51.96152422706632
I/CameraCloud( 1051): 1333728678571: location PINPOINTS to region = 4.0, previous 5
I/CameraCloud( 1051): 1333728678571: location is INSIDE BOUNDARY, stay at prev region = (5,0)
I/CameraCloud( 1051): 1333728680568: .......... GPS onLocationChanged ...... 
I/CameraCloud( 1051): 1333728680569: Loc = Location[mProvider=gps,mTime=1333815081000,mLatitude=42.36484091550612,mLongitude=-71.10253012241165,mHasAltitude=true,mAltitude=-18.0,mHasSpeed=true,mSpeed=0.0,mHasBearing=true,mBearing=153.05206,mHasAccuracy=true,mAccuracy=15.0,mExtras=Bundle[mParcelledData.dataSize=4]] Previous Region = (5,0)
I/CameraCloud( 1051): 1333728680570: GPS x/long:-71.10253012241165, GPS y/lat: 42.36484091550612. Region width in x: 51.96152422706632
I/CameraCloud( 1051): 1333728680570: location PINPOINTS to region = 4.0, previous 5
I/CameraCloud( 1051): 1333728680571: location is INSIDE BOUNDARY, stay at prev region = (5,0)
I/CameraCloud( 1051): 1333728681569: .......... GPS onLocationChanged ...... 
I/CameraCloud( 1051): 1333728681570: Loc = Location[mProvider=gps,mTime=1333815082000,mLatitude=42.36483594531839,mLongitude=-71.10251599258791,mHasAltitude=true,mAltitude=-18.0,mHasSpeed=true,mSpeed=0.0,mHasBearing=true,mBearing=151.54613,mHasAccuracy=true,mAccuracy=15.0,mExtras=Bundle[mParcelledData.dataSize=4]] Previous Region = (5,0)
I/CameraCloud( 1051): 1333728681570: GPS x/long:-71.10251599258791, GPS y/lat: 42.36483594531839. Region width in x: 51.96152422706632
I/CameraCloud( 1051): 1333728681571: location PINPOINTS to region = 4.0, previous 5
I/CameraCloud( 1051): 1333728681571: location is INSIDE BOUNDARY, stay at prev region = (5,0)
I/CameraCloud( 1051): 1333728682566: .......... GPS onLocationChanged ...... 
I/CameraCloud( 1051): 1333728682567: Loc = Location[mProvider=gps,mTime=1333815083000,mLatitude=42.364829501899386,mLongitude=-71.10250257030512,mHasAltitude=true,mAltitude=-20.0,mHasSpeed=true,mSpeed=0.45731533,mHasBearing=true,mBearing=145.63843,mHasAccuracy=true,mAccuracy=15.0,mExtras=Bundle[mParcelledData.dataSize=4]] Previous Region = (5,0)
I/CameraCloud( 1051): 1333728682567: GPS x/long:-71.10250257030512, GPS y/lat: 42.364829501899386. Region width in x: 51.96152422706632
I/CameraCloud( 1051): 1333728682567: location PINPOINTS to region = 4.0, previous 5
I/CameraCloud( 1051): 1333728682568: location CHANGED TO NEW region = (4,0) from region = (5,0)
I/CameraCloud( 1051): 1333728682569: moving from region (5,0), to (4,0)
I/CameraCloud( 1051): 1333728683569: .......... GPS onLocationChanged ...... 
I/CameraCloud( 1051): 1333728683569: Loc = Location[mProvider=gps,mTime=1333815084000,mLatitude=42.36482480306401,mLongitude=-71.10249206764277,mHasAltitude=true,mAltitude=-21.0,mHasSpeed=true,mSpeed=0.5037459,mHasBearing=true,mBearing=142.25624,mHasAccuracy=true,mAccuracy=10.0,mExtras=Bundle[mParcelledData.dataSize=4]] Previous Region = (4,0)
I/CameraCloud( 1051): 1333728683570: GPS x/long:-71.10249206764277, GPS y/lat: 42.36482480306401. Region width in x: 51.96152422706632
I/CameraCloud( 1051): 1333728683570: location PINPOINTS to region = 4.0, previous 4
I/CameraCloud( 1051): 1333728683571: stay at region 4
I/CameraCloud( 1051): 1333728684567: .......... GPS onLocationChanged ...... 
I/CameraCloud( 1051): 1333728684568: Loc = Location[mProvider=gps,mTime=1333815085000,mLatitude=42.36481912679951,mLongitude=-71.10248197945567,mHasAltitude=true,mAltitude=-22.0,mHasSpeed=true,mSpeed=0.5462858,mHasBearing=true,mBearing=140.77692,mHasAccuracy=true,mAccuracy=20.0,mExtras=Bundle[mParcelledData.dataSize=4]] Previous Region = (4,0)
I/CameraCloud( 1051): 1333728684569: GPS x/long:-71.10248197945567, GPS y/lat: 42.36481912679951. Region width in x: 51.96152422706632
I/CameraCloud( 1051): 1333728684569: location PINPOINTS to region = 4.0, previous 4
I/CameraCloud( 1051): 1333728684569: stay at region 4
I/CameraCloud( 1051): 1333728686567: .......... GPS onLocationChanged ...... 
I/CameraCloud( 1051): 1333728686567: Loc = Location[mProvider=gps,mTime=1333815087000,mLatitude=42.364808516569134,mLongitude=-71.10246350231039,mHasAltitude=true,mAltitude=-22.0,mHasSpeed=true,mSpeed=0.630535,mHasBearing=true,mBearing=140.52919,mHasAccuracy=true,mAccuracy=15.0,mExtras=Bundle[mParcelledData.dataSize=4]] Previous Region = (4,0)
I/CameraCloud( 1051): 1333728686568: GPS x/long:-71.10246350231039, GPS y/lat: 42.364808516569134. Region width in x: 51.96152422706632
I/CameraCloud( 1051): 1333728686568: location PINPOINTS to region = 4.0, previous 4
I/CameraCloud( 1051): 1333728686568: stay at region 4
I/CameraCloud( 1051): 1333728687569: .......... GPS onLocationChanged ...... 
I/CameraCloud( 1051): 1333728687570: Loc = Location[mProvider=gps,mTime=1333815088000,mLatitude=42.364800751606815,mLongitude=-71.10245479815275,mHasAltitude=true,mAltitude=-22.0,mHasSpeed=true,mSpeed=0.6759753,mHasBearing=true,mBearing=147.98808,mHasAccuracy=true,mAccuracy=15.0,mExtras=Bundle[mParcelledData.dataSize=4]] Previous Region = (4,0)
I/CameraCloud( 1051): 1333728687570: GPS x/long:-71.10245479815275, GPS y/lat: 42.364800751606815. Region width in x: 51.96152422706632
I/CameraCloud( 1051): 1333728687574: location PINPOINTS to region = 4.0, previous 4
I/CameraCloud( 1051): 1333728687579: stay at region 4
I/CameraCloud( 1051): 1333728688566: .......... GPS onLocationChanged ...... 
I/CameraCloud( 1051): 1333728688567: Loc = Location[mProvider=gps,mTime=1333815089000,mLatitude=42.364791161511015,mLongitude=-71.10244485180819,mHasAltitude=true,mAltitude=-22.0,mHasSpeed=true,mSpeed=0.0,mHasBearing=true,mBearing=144.47993,mHasAccuracy=true,mAccuracy=15.0,mExtras=Bundle[mParcelledData.dataSize=4]] Previous Region = (4,0)
I/CameraCloud( 1051): 1333728688567: GPS x/long:-71.10244485180819, GPS y/lat: 42.364791161511015. Region width in x: 51.96152422706632
I/CameraCloud( 1051): 1333728688567: location PINPOINTS to region = 4.0, previous 4
I/CameraCloud( 1051): 1333728688567: stay at region 4
I/CameraCloud( 1051): 1333728689569: .......... GPS onLocationChanged ...... 
I/CameraCloud( 1051): 1333728689570: Loc = Location[mProvider=gps,mTime=1333815090000,mLatitude=42.364779698835065,mLongitude=-71.10243673240863,mHasAltitude=true,mAltitude=-21.0,mHasSpeed=true,mSpeed=0.7664602,mHasBearing=true,mBearing=150.00084,mHasAccuracy=true,mAccuracy=15.0,mExtras=Bundle[mParcelledData.dataSize=4]] Previous Region = (4,0)
I/CameraCloud( 1051): 1333728689571: GPS x/long:-71.10243673240863, GPS y/lat: 42.364779698835065. Region width in x: 51.96152422706632
I/CameraCloud( 1051): 1333728689571: location PINPOINTS to region = 4.0, previous 4
I/CameraCloud( 1051): 1333728689571: stay at region 4
I/CameraCloud( 1051): 1333728692569: .......... GPS onLocationChanged ...... 
I/CameraCloud( 1051): 1333728692570: Loc = Location[mProvider=gps,mTime=1333815093000,mLatitude=42.364771574697514,mLongitude=-71.10241997392109,mHasAltitude=true,mAltitude=-24.0,mHasSpeed=true,mSpeed=0.3256756,mHasBearing=true,mBearing=127.46957,mHasAccuracy=true,mAccuracy=15.0,mExtras=Bundle[mParcelledData.dataSize=4]] Previous Region = (4,0)
I/CameraCloud( 1051): 1333728692571: GPS x/long:-71.10241997392109, GPS y/lat: 42.364771574697514. Region width in x: 51.96152422706632
I/CameraCloud( 1051): 1333728692571: location PINPOINTS to region = 4.0, previous 4
I/CameraCloud( 1051): 1333728692571: stay at region 4
I/CameraCloud( 1051): 1333728694597: .......... GPS onLocationChanged ...... 
I/CameraCloud( 1051): 1333728694599: Loc = Location[mProvider=gps,mTime=1333815095000,mLatitude=42.364767155019045,mLongitude=-71.10240596010108,mHasAltitude=true,mAltitude=-23.0,mHasSpeed=true,mSpeed=0.0,mHasBearing=true,mBearing=135.5955,mHasAccuracy=true,mAccuracy=15.0,mExtras=Bundle[mParcelledData.dataSize=4]] Previous Region = (4,0)
I/CameraCloud( 1051): 1333728694600: GPS x/long:-71.10240596010108, GPS y/lat: 42.364767155019045. Region width in x: 51.96152422706632
I/CameraCloud( 1051): 1333728694601: location PINPOINTS to region = 4.0, previous 4
I/CameraCloud( 1051): 1333728694601: stay at region 4
I/CameraCloud( 1051): 1333728696568: .......... GPS onLocationChanged ...... 
I/CameraCloud( 1051): 1333728696569: Loc = Location[mProvider=gps,mTime=1333815097000,mLatitude=42.36476173798762,mLongitude=-71.10238562065649,mHasAltitude=true,mAltitude=-21.0,mHasSpeed=true,mSpeed=0.48784167,mHasBearing=true,mBearing=133.23341,mHasAccuracy=true,mAccuracy=10.0,mExtras=Bundle[mParcelledData.dataSize=4]] Previous Region = (4,0)
I/CameraCloud( 1051): 1333728696569: GPS x/long:-71.10238562065649, GPS y/lat: 42.36476173798762. Region width in x: 51.96152422706632
I/CameraCloud( 1051): 1333728696569: location PINPOINTS to region = 4.0, previous 4
I/CameraCloud( 1051): 1333728696570: stay at region 4
I/CameraCloud( 1051): 1333728697641: .......... GPS onLocationChanged ...... 
I/CameraCloud( 1051): 1333728697645: Loc = Location[mProvider=gps,mTime=1333815098000,mLatitude=42.36475526240274,mLongitude=-71.10237513647225,mHasAltitude=true,mAltitude=-22.0,mHasSpeed=true,mSpeed=0.54182637,mHasBearing=true,mBearing=136.64926,mHasAccuracy=true,mAccuracy=10.0,mExtras=Bundle[mParcelledData.dataSize=4]] Previous Region = (4,0)
I/CameraCloud( 1051): 1333728697645: GPS x/long:-71.10237513647225, GPS y/lat: 42.36475526240274. Region width in x: 51.96152422706632
I/CameraCloud( 1051): 1333728697646: location PINPOINTS to region = 4.0, previous 4
I/CameraCloud( 1051): 1333728697646: stay at region 4
D/dalvikvm(  154): GC_CONCURRENT freed 716K, 16% free 12521K/14855K, paused 2ms+5ms
I/CameraCloud( 1051): 1333728698563: .......... GPS onLocationChanged ...... 
I/CameraCloud( 1051): 1333728698564: Loc = Location[mProvider=gps,mTime=1333815099000,mLatitude=42.3647492937213,mLongitude=-71.10236188461474,mHasAltitude=true,mAltitude=-24.0,mHasSpeed=true,mSpeed=0.0,mHasBearing=true,mBearing=134.28098,mHasAccuracy=true,mAccuracy=10.0,mExtras=Bundle[mParcelledData.dataSize=4]] Previous Region = (4,0)
I/CameraCloud( 1051): 1333728698565: GPS x/long:-71.10236188461474, GPS y/lat: 42.3647492937213. Region width in x: 51.96152422706632
I/CameraCloud( 1051): 1333728698565: location PINPOINTS to region = 4.0, previous 4
I/CameraCloud( 1051): 1333728698565: stay at region 4
I/CameraCloud( 1051): 1333728699591: .......... GPS onLocationChanged ...... 
I/CameraCloud( 1051): 1333728699592: Loc = Location[mProvider=gps,mTime=1333815100000,mLatitude=42.3647418770739,mLongitude=-71.10235143259322,mHasAltitude=true,mAltitude=-29.0,mHasSpeed=true,mSpeed=0.0,mHasBearing=true,mBearing=151.57141,mHasAccuracy=true,mAccuracy=15.0,mExtras=Bundle[mParcelledData.dataSize=4]] Previous Region = (4,0)
I/CameraCloud( 1051): 1333728699593: GPS x/long:-71.10235143259322, GPS y/lat: 42.3647418770739. Region width in x: 51.96152422706632
I/CameraCloud( 1051): 1333728699593: location PINPOINTS to region = 4.0, previous 4
I/CameraCloud( 1051): 1333728699593: stay at region 4
I/CameraCloud( 1051): 1333728701565: .......... GPS onLocationChanged ...... 
I/CameraCloud( 1051): 1333728701566: Loc = Location[mProvider=gps,mTime=1333815102000,mLatitude=42.36473465487922,mLongitude=-71.1023431916189,mHasAltitude=true,mAltitude=-26.0,mHasSpeed=true,mSpeed=0.0,mHasBearing=true,mBearing=146.4359,mHasAccuracy=true,mAccuracy=10.0,mExtras=Bundle[mParcelledData.dataSize=4]] Previous Region = (4,0)
I/CameraCloud( 1051): 1333728701566: GPS x/long:-71.1023431916189, GPS y/lat: 42.36473465487922. Region width in x: 51.96152422706632
I/CameraCloud( 1051): 1333728701566: location PINPOINTS to region = 4.0, previous 4
I/CameraCloud( 1051): 1333728701582: stay at region 4
D/dalvikvm( 1051): GC_CONCURRENT freed 328K, 28% free 10361K/14343K, paused 2ms+4ms
I/CameraCloud( 1051): 1333728703561: .......... GPS onLocationChanged ...... 
I/CameraCloud( 1051): 1333728703562: Loc = Location[mProvider=gps,mTime=1333815104000,mLatitude=42.3647160040872,mLongitude=-71.10233657089269,mHasAltitude=true,mAltitude=-24.0,mHasSpeed=true,mSpeed=0.0,mHasBearing=true,mBearing=161.86339,mHasAccuracy=true,mAccuracy=10.0,mExtras=Bundle[mParcelledData.dataSize=4]] Previous Region = (4,0)
I/CameraCloud( 1051): 1333728703562: GPS x/long:-71.10233657089269, GPS y/lat: 42.3647160040872. Region width in x: 51.96152422706632
I/CameraCloud( 1051): 1333728703562: location PINPOINTS to region = 4.0, previous 4
I/CameraCloud( 1051): 1333728703573: stay at region 4
I/CameraCloud( 1051): 1333728704572: .......... GPS onLocationChanged ...... 
I/CameraCloud( 1051): 1333728704573: Loc = Location[mProvider=gps,mTime=1333815105000,mLatitude=42.36470704680627,mLongitude=-71.10233087037084,mHasAltitude=true,mAltitude=-26.0,mHasSpeed=true,mSpeed=0.7189695,mHasBearing=true,mBearing=160.99959,mHasAccuracy=true,mAccuracy=15.0,mExtras=Bundle[mParcelledData.dataSize=4]] Previous Region = (4,0)
I/CameraCloud( 1051): 1333728704573: GPS x/long:-71.10233087037084, GPS y/lat: 42.36470704680627. Region width in x: 51.96152422706632
I/CameraCloud( 1051): 1333728704574: location PINPOINTS to region = 4.0, previous 4
I/CameraCloud( 1051): 1333728704574: stay at region 4
I/CameraCloud( 1051): 1333728708571: .......... GPS onLocationChanged ...... 
I/CameraCloud( 1051): 1333728708572: Loc = Location[mProvider=gps,mTime=1333815109000,mLatitude=42.364695685780234,mLongitude=-71.10232333126787,mHasAltitude=true,mAltitude=-24.0,mHasSpeed=true,mSpeed=0.0,mHasBearing=true,mBearing=157.12482,mHasAccuracy=true,mAccuracy=10.0,mExtras=Bundle[mParcelledData.dataSize=4]] Previous Region = (4,0)
I/CameraCloud( 1051): 1333728708573: GPS x/long:-71.10232333126787, GPS y/lat: 42.364695685780234. Region width in x: 51.96152422706632
I/CameraCloud( 1051): 1333728708573: location PINPOINTS to region = 4.0, previous 4
I/CameraCloud( 1051): 1333728708574: stay at region 4
I/CameraCloud( 1051): 1333728709571: .......... GPS onLocationChanged ...... 
I/CameraCloud( 1051): 1333728709572: Loc = Location[mProvider=gps,mTime=1333815110000,mLatitude=42.36468150622814,mLongitude=-71.10230823408689,mHasAltitude=true,mAltitude=-20.0,mHasSpeed=true,mSpeed=0.3812443,mHasBearing=true,mBearing=145.03447,mHasAccuracy=true,mAccuracy=15.0,mExtras=Bundle[mParcelledData.dataSize=4]] Previous Region = (4,0)
I/CameraCloud( 1051): 1333728709573: GPS x/long:-71.10230823408689, GPS y/lat: 42.36468150622814. Region width in x: 51.96152422706632
I/CameraCloud( 1051): 1333728709573: location PINPOINTS to region = 4.0, previous 4
I/CameraCloud( 1051): 1333728709573: stay at region 4
I/CameraCloud( 1051): 1333728710572: .......... GPS onLocationChanged ...... 
I/CameraCloud( 1051): 1333728710573: Loc = Location[mProvider=gps,mTime=1333815111000,mLatitude=42.36467167364004,mLongitude=-71.10229139435742,mHasAltitude=true,mAltitude=-22.0,mHasSpeed=true,mSpeed=0.4347492,mHasBearing=true,mBearing=119.30337,mHasAccuracy=true,mAccuracy=15.0,mExtras=Bundle[mParcelledData.dataSize=4]] Previous Region = (4,0)
I/CameraCloud( 1051): 1333728710573: GPS x/long:-71.10229139435742, GPS y/lat: 42.36467167364004. Region width in x: 51.96152422706632
I/CameraCloud( 1051): 1333728710574: location PINPOINTS to region = 4.0, previous 4
I/CameraCloud( 1051): 1333728710574: stay at region 4
I/CameraCloud( 1051): 1333728711572: .......... GPS onLocationChanged ...... 
I/CameraCloud( 1051): 1333728711573: Loc = Location[mProvider=gps,mTime=1333815112000,mLatitude=42.36466765091118,mLongitude=-71.10227977481172,mHasAltitude=true,mAltitude=-22.0,mHasSpeed=true,mSpeed=0.44097525,mHasBearing=true,mBearing=100.753685,mHasAccuracy=true,mAccuracy=15.0,mExtras=Bundle[mParcelledData.dataSize=4]] Previous Region = (4,0)
I/CameraCloud( 1051): 1333728711574: GPS x/long:-71.10227977481172, GPS y/lat: 42.36466765091118. Region width in x: 51.96152422706632
I/CameraCloud( 1051): 1333728711574: location PINPOINTS to region = 4.0, previous 4
I/CameraCloud( 1051): 1333728711575: stay at region 4
D/dalvikvm( 1212): GC_CONCURRENT freed 356K, 7% free 10059K/10759K, paused 4ms+2ms
I/CameraCloud( 1051): 1333728712155: HI I'm in ONPAUSE()
W/InputManagerService(  154): Starting input on non-focused client com.android.internal.view.IInputMethodClient$Stub$Proxy@415b5730 (uid=10066 pid=1051)
I/CameraSurfaceView( 1051): inside surfaceDestroyed()
I/CameraHardwareSec(   81): int android::CameraHardwareSec::previewThreadWrapper(): calling mSecCamera->stopPreview() and waiting
I/CameraSurfaceView( 1051): inside surfaceDestroyed()
I/CameraHardwareSec(   81): void android::CameraHardwareSec::stopPreviewInternal() : preview not running, doing nothing
I/CameraHardwareSec(   81): int android::CameraHardwareSec::previewThreadWrapper(): return from wait
I/CameraHardwareSec(   81): int android::CameraHardwareSec::previewThreadWrapper(): exiting
W/SecCamera(   81): int android::SecCamera::stopPreview(): doing nothing because m_flag_camera_start is zero
W/SecCamera(   81): int android::SecCamera::stopRecord(): doing nothing because m_flag_record_start is zero
I/SecCamera(   81): DeinitCamera: m_cam_fd(35)
I/SecCamera(   81): DeinitCamera: m_cam_fd2(36)
E/CameraHardwareSec(   81): preview window is NULL!
I/CameraService(   81): Destroying camera 0
I/CameraHardwareSec(   81): int android::HAL_camera_device_close(hw_device_t*)
I/SecCamera(   81): DeinitCamera : already deinitialized
W/AudioFlinger(   81): session id 10 not found for pid 81
W/AudioFlinger(   81): session id 11 not found for pid 81
I/CameraCloud( 1051): 1333728712595: .......... GPS onLocationChanged ...... 
I/CameraCloud( 1051): 1333728712596: Loc = Location[mProvider=gps,mTime=1333815113000,mLatitude=42.36466126285946,mLongitude=-71.10226851998209,mHasAltitude=true,mAltitude=-21.0,mHasSpeed=true,mSpeed=0.4630325,mHasBearing=true,mBearing=136.73174,mHasAccuracy=true,mAccuracy=10.0,mExtras=Bundle[mParcelledData.dataSize=4]] Previous Region = (4,0)
I/CameraCloud( 1051): 1333728712596: GPS x/long:-71.10226851998209, GPS y/lat: 42.36466126285946. Region width in x: 51.96152422706632
I/CameraCloud( 1051): 1333728712596: location PINPOINTS to region = 4.0, previous 4
I/CameraCloud( 1051): 1333728712596: stay at region 4
I/ActivityManager(  154): No longer want com.android.settings (pid 472): hidden #16
I/CameraCloud( 1051): 1333728712846: inside onDestroy()
I/CameraCloud( 1051): 1333728712861: no camera to close
I/CameraCloud( 1051): 1333728712861: close everything else
D/dalvikvm(  218): GC_FOR_ALLOC freed 452K, 8% free 9870K/10631K, paused 17ms
D/dalvikvm(  218): GC_FOR_ALLOC freed 181K, 8% free 9863K/10631K, paused 17ms
D/dalvikvm(  218): GC_FOR_ALLOC freed 144K, 8% free 9863K/10631K, paused 18ms
D/dalvikvm(  218): GC_FOR_ALLOC freed 347K, 8% free 9864K/10631K, paused 15ms
I/WindowManager(  154): WIN DEATH: Window{41592e60 edu.mit.haoqili.camera_cloud/edu.mit.haoqili.camera_cloud.CameraCloud paused=false}
W/WindowManager(  154): Force-removing child win Window{415be530 SurfaceView paused=false} from container Window{41592e60 edu.mit.haoqili.camera_cloud/edu.mit.haoqili.camera_cloud.CameraCloud paused=false}
I/ActivityManager(  154): Process edu.mit.haoqili.camera_cloud (pid 1051) has died.
I/GTalkService/c(  453): [AndroidEndpoint@1094512288] connect: acct=1000000, state=CONNECTING
D/dalvikvm(  453): GC_CONCURRENT freed 398K, 6% free 10032K/10567K, paused 2ms+3ms
D/ConnectivityService(  154): handleInetConditionHoldEnd: net=0, condition=100, published condition=0
W/ActivityManager(  154): Activity destroy timeout for ActivityRecord{41701ce0 edu.mit.haoqili.camera_cloud/.CameraCloud}
I/GPS     (  154): gps_engine_status_update: called release_wakelock_cb
I/power   (  154): *** set_screen_state 0
D/SurfaceFlinger(   78): About to give-up screen, flinger = 0x3d9918
D/dalvikvm(  154): GC_CONCURRENT freed 595K, 15% free 12736K/14855K, paused 3ms+5ms
V/TransportControlView(  154): Create TCV com.android.internal.widget.TransportControlView@415d3fd0
D/PhoneStatusBar(  218): disable: < expand icons alerts ticker system_info back home RECENT* clock >
D/PhoneStatusBar(  218): disable: < expand icons alerts ticker system_info BACK* HOME* RECENT CLOCK* >
D/AudioHardware(   81): AudioHardware pcm playback is exiting standby.
D/AudioHardware(   81): openPcmOut_l() mPcmOpenCnt: 0
D/NfcService(  327): NFC-C OFF, disconnect
D/AudioHardware(   81): AudioHardware pcm playback is going to standby.
D/AudioHardware(   81): closePcmOut_l() mPcmOpenCnt: 1
D/dalvikvm(  154): GC_CONCURRENT freed 271K, 11% free 13276K/14855K, paused 17ms+6ms
I/System.out( 1212): [INFO:133704]: c: Running flush
I/System.out( 1212): [INFO:133705]: c: Sending payload [bytes=543]
W/Smack/Packet(  453): notify conn break (IOEx), close connection
I/System.out( 1212): [INFO:135307]: c: Response [http=200,length=20]
I/System.out( 1212): [INFO:135312]: c: Read id 2, status code 200
I/GTalkService/c(  453): [AndroidEndpoint@1094512288] connect: acct=1000000, state=CONNECTING
D/ConnectivityService(  154): handleInetConditionHoldEnd: net=0, condition=0, published condition=100
D/ConnectivityService(  154): handleInetConditionHoldEnd: net=0, condition=100, published condition=0
W/Smack/Packet(  453): notify conn break (IOEx), close connection
I/GTalkService/c(  453): [AndroidEndpoint@1094512288] connect: acct=1000000, state=CONNECTING
D/ConnectivityService(  154): handleInetConditionHoldEnd: net=0, condition=0, published condition=100
D/dalvikvm(  453): GC_CONCURRENT freed 381K, 5% free 10048K/10567K, paused 2ms+11ms
W/Smack/Packet(  453): notify conn break (IOEx), close connection
D/ConnectivityService(  154): handleInetConditionHoldEnd: net=0, condition=0, published condition=0
I/GTalkService/c(  453): [AndroidEndpoint@1094512288] connect: acct=1000000, state=CONNECTING
D/ConnectivityService(  154): handleInetConditionHoldEnd: net=0, condition=100, published condition=0
W/Smack/Packet(  453): notify conn break (IOEx), close connection
D/ConnectivityService(  154): handleInetConditionHoldEnd: net=0, condition=0, published condition=100
I/GTalkService/c(  453): [AndroidEndpoint@1094512288] connect: acct=1000000, state=CONNECTING
D/dalvikvm(  314): GC_CONCURRENT freed 419K, 6% free 9506K/10055K, paused 1ms+2ms
D/dalvikvm(  453): GC_CONCURRENT freed 461K, 6% free 10054K/10631K, paused 6ms+4ms
D/ConnectivityService(  154): handleInetConditionHoldEnd: net=0, condition=100, published condition=0
W/Smack/Packet(  453): notify conn break (IOEx), close connection
D/ConnectivityService(  154): handleInetConditionHoldEnd: net=0, condition=0, published condition=100
I/GTalkService/c(  453): [AndroidEndpoint@1094512288] connect: acct=1000000, state=CONNECTING
D/ConnectivityService(  154): handleInetConditionHoldEnd: net=0, condition=100, published condition=0
W/Smack/Packet(  453): notify conn break (IOEx), close connection
I/GTalkService/c(  453): [AndroidEndpoint@1094512288] connect: acct=1000000, state=CONNECTING
D/ConnectivityService(  154): handleInetConditionHoldEnd: net=0, condition=0, published condition=100
D/dalvikvm(  453): GC_CONCURRENT freed 449K, 6% free 10064K/10631K, paused 2ms+3ms
D/ConnectivityService(  154): handleInetConditionHoldEnd: net=0, condition=100, published condition=0
W/Smack/Packet(  453): notify conn break (IOEx), close connection
D/dalvikvm(  154): GC_EXPLICIT freed 835K, 11% free 13344K/14855K, paused 3ms+5ms
I/GTalkService/c(  453): [AndroidEndpoint@1094512288] connect: acct=1000000, state=CONNECTING
D/ConnectivityService(  154): handleInetConditionHoldEnd: net=0, condition=0, published condition=100
D/ConnectivityService(  154): handleInetConditionHoldEnd: net=0, condition=100, published condition=0
W/Smack/Packet(  453): notify conn break (IOEx), close connection
D/ConnectivityService(  154): handleInetConditionHoldEnd: net=0, condition=0, published condition=100
I/GTalkService/c(  453): [AndroidEndpoint@1094512288] connect: acct=1000000, state=CONNECTING
D/dalvikvm(  453): GC_CONCURRENT freed 450K, 6% free 10049K/10631K, paused 14ms+2ms
D/ConnectivityService(  154): handleInetConditionHoldEnd: net=0, condition=100, published condition=0
W/Smack/Packet(  453): notify conn break (IOEx), close connection
D/ConnectivityService(  154): handleInetConditionHoldEnd: net=0, condition=0, published condition=100
I/GTalkService/c(  453): [AndroidEndpoint@1094512288] connect: acct=1000000, state=CONNECTING
D/ConnectivityService(  154): handleInetConditionHoldEnd: net=0, condition=100, published condition=0
W/Smack/Packet(  453): notify conn break (IOEx), close connection
D/ConnectivityService(  154): handleInetConditionHoldEnd: net=0, condition=0, published condition=100
I/GTalkService/c(  453): [AndroidEndpoint@1094512288] connect: acct=1000000, state=CONNECTING
D/dalvikvm(  453): GC_CONCURRENT freed 467K, 6% free 10030K/10631K, paused 14ms+3ms
D/ConnectivityService(  154): handleInetConditionHoldEnd: net=0, condition=100, published condition=0
D/dalvikvm(  314): GC_CONCURRENT freed 418K, 6% free 9503K/10055K, paused 1ms+3ms
W/Smack/Packet(  453): notify conn break (IOEx), close connection
D/ConnectivityService(  154): handleInetConditionHoldEnd: net=0, condition=0, published condition=100
I/GTalkService/c(  453): [AndroidEndpoint@1094512288] connect: acct=1000000, state=CONNECTING
D/dalvikvm(  453): GC_CONCURRENT freed 392K, 6% free 10041K/10631K, paused 7ms+2ms
D/ConnectivityService(  154): handleInetConditionHoldEnd: net=0, condition=100, published condition=0
W/Smack/Packet(  453): notify conn break (IOEx), close connection
I/GTalkService/c(  453): [AndroidEndpoint@1094512288] connect: acct=1000000, state=CONNECTING
D/ConnectivityService(  154): handleInetConditionHoldEnd: net=0, condition=0, published condition=100
D/ConnectivityService(  154): handleInetConditionHoldEnd: net=0, condition=100, published condition=0
W/Smack/Packet(  453): notify conn break (IOEx), close connection
D/ConnectivityService(  154): handleInetConditionHoldEnd: net=0, condition=0, published condition=100
I/GTalkService/c(  453): [AndroidEndpoint@1094512288] connect: acct=1000000, state=CONNECTING
D/dalvikvm(  453): GC_CONCURRENT freed 385K, 6% free 10064K/10631K, paused 2ms+3ms
D/ConnectivityService(  154): handleInetConditionHoldEnd: net=0, condition=100, published condition=0
W/Smack/Packet(  453): notify conn break (IOEx), close connection
D/ConnectivityService(  154): handleInetConditionHoldEnd: net=0, condition=0, published condition=100
I/GTalkService/c(  453): [AndroidEndpoint@1094512288] connect: acct=1000000, state=CONNECTING
D/ConnectivityService(  154): handleInetConditionHoldEnd: net=0, condition=100, published condition=0
W/Smack/Packet(  453): notify conn break (IOEx), close connection
D/dalvikvm(  154): GC_CONCURRENT freed 953K, 11% free 13348K/14855K, paused 17ms+5ms
D/ConnectivityService(  154): handleInetConditionHoldEnd: net=0, condition=0, published condition=100
D/AlarmManagerService(  154): Kernel timezone updated to 240 minutes west of GMT
V/AlarmClock(  555): AlarmInitReceiver finished
D/dalvikvm(  218): GC_CONCURRENT freed 404K, 8% free 9847K/10631K, paused 19ms+3ms
D/dalvikvm(  154): GC_EXPLICIT freed 250K, 11% free 13282K/14855K, paused 2ms+5ms
D/SystemClock(  314): Setting time of day to sec=1333729665
I/GTalkService/c(  453): [AndroidEndpoint@1094512288] connect: acct=1000000, state=CONNECTING
I/System.out( 1212): [INFO:1116497]: c: Running flush
I/System.out( 1212): [INFO:1116499]: c: Sending payload [bytes=348]
I/System.out( 1212): [INFO:1121500]: c: Running delayed flush
I/System.out( 1212): [INFO:1121513]: c: Running flush
D/ConnectivityService(  154): ConnectivityChange for mobile: DISCONNECTED/DISCONNECTED
D/ConnectivityService(  154): Attempting to switch to wifi
D/ConnectivityService(  154): Attempting to switch to BLUETOOTH_TETHER
D/NetUtils(  154): android_net_utils_resetConnections in env=0x730580 clazz=0x1eb00001 iface=rmnet0 mask=0x3
D/ConnectivityService(  154): resetConnections(rmnet0, 3)
D/dalvikvm(  314): GC_CONCURRENT freed 440K, 6% free 9504K/10055K, paused 2ms+2ms
E/GTalkService(  453): connectionClosed: no XMPPConnection - That's strange!
D/ConnectivityService(  154): handleInetConditionChange: no active default network - ignore
D/AlarmManagerService(  154): Kernel timezone updated to 240 minutes west of GMT
D/SystemClock(  314): Setting time of day to sec=1333729788
V/AlarmClock(  555): AlarmInitReceiver finished
D/dalvikvm(  453): GC_CONCURRENT freed 487K, 6% free 10028K/10631K, paused 2ms+3ms
D/ConnectivityService(  154): ConnectivityChange for mobile: CONNECTED/CONNECTED
D/NetworkPolicy(  154): applying policy NetworkPolicy[NetworkTemplate: matchRule=MOBILE_ALL, subscriberId=valid]: cycleDay=15, warningBytes=2147483648, limitBytes=-1, lastSnooze=-1 to ifaces [rmnet0]
D/Tethering(  154): MasterInitialState.processMessage what=3
I/MediaUploader(  954): No need to wake up
D/PicasaSyncManager(  969): active network: NetworkInfo: type: mobile[EDGE], state: CONNECTED/CONNECTED, reason: nwTypeChanged, extra: epc.tmobile.com, roaming: false, failover: false, isAvailable: true
D/PicasaSyncManager(  969): background data: true
D/Tethering(  154): MasterInitialState.processMessage what=3
I/MediaUploader(  954): No need to wake up
D/PicasaSyncManager(  969): active network: NetworkInfo: type: mobile[EDGE], state: CONNECTED/CONNECTED, reason: nwTypeChanged, extra: epc.tmobile.com, roaming: false, failover: false, isAvailable: true
D/PicasaSyncManager(  969): background data: true
I/power   (  154): *** set_screen_state 1
W/PowerUI (  218): unknown intent: Intent { act=android.intent.action.ACTION_POWER_CONNECTED flg=0x10000010 }
I/WindowManager(  154): Lock screen displayed!
D/PicasaSyncManager(  969): battery info: true
D/dalvikvm(  154): GC_CONCURRENT freed 948K, 11% free 13349K/14855K, paused 5ms+5ms
D/SurfaceFlinger(   78): Screen about to return, flinger = 0x3d9918
I/dalvikvm(  154): Total arena pages for JIT: 11
I/EventLogService(  453): Aggregate from 1333728228357 (log), 1333728228357 (data)
I/ServiceDumpSys(  453): dumping service [account]
I/GTalkService/c(  453): [AndroidEndpoint@1094512288] connect: acct=1000000, state=CONNECTING
D/ConnectivityService(  154): handleInetConditionHoldEnd: net=0, condition=100, published condition=0
W/Smack/Packet(  453): notify conn break (IOEx), close connection
D/ConnectivityService(  154): handleInetConditionHoldEnd: net=0, condition=0, published condition=100
I/GTalkService/c(  453): [AndroidEndpoint@1094512288] connect: acct=1000000, state=CONNECTING
D/dalvikvm(  453): GC_CONCURRENT freed 416K, 6% free 10000K/10631K, paused 9ms+2ms
D/ConnectivityService(  154): handleInetConditionHoldEnd: net=0, condition=100, published condition=0
W/Smack/Packet(  453): notify conn break (IOEx), close connection
D/ConnectivityService(  154): handleInetConditionHoldEnd: net=0, condition=0, published condition=100
I/GTalkService/c(  453): [AndroidEndpoint@1094512288] connect: acct=1000000, state=CONNECTING
D/dalvikvm(  453): GC_CONCURRENT freed 369K, 6% free 10042K/10631K, paused 12ms+4ms
D/ConnectivityService(  154): handleInetConditionHoldEnd: net=0, condition=100, published condition=0
W/Smack/Packet(  453): notify conn break (IOEx), close connection
D/ConnectivityService(  154): handleInetConditionHoldEnd: net=0, condition=0, published condition=100
I/GTalkService/c(  453): [AndroidEndpoint@1094512288] connect: acct=1000000, state=CONNECTING
D/ConnectivityService(  154): handleInetConditionHoldEnd: net=0, condition=100, published condition=0
W/Smack/Packet(  453): notify conn break (IOEx), close connection
D/ConnectivityService(  154): handleInetConditionHoldEnd: net=0, condition=0, published condition=100
I/GTalkService/c(  453): [AndroidEndpoint@1094512288] connect: acct=1000000, state=CONNECTING
D/dalvikvm(  453): GC_CONCURRENT freed 385K, 6% free 10063K/10631K, paused 2ms+2ms
D/ConnectivityService(  154): handleInetConditionHoldEnd: net=0, condition=100, published condition=0
W/Smack/Packet(  453): notify conn break (IOEx), close connection
D/ConnectivityService(  154): handleInetConditionHoldEnd: net=0, condition=0, published condition=100
I/GTalkService/c(  453): [AndroidEndpoint@1094512288] connect: acct=1000000, state=CONNECTING
D/ConnectivityService(  154): handleInetConditionHoldEnd: net=0, condition=100, published condition=0
W/Smack/Packet(  453): notify conn break (IOEx), close connection
D/ConnectivityService(  154): handleInetConditionHoldEnd: net=0, condition=0, published condition=100
I/GTalkService/c(  453): [AndroidEndpoint@1094512288] connect: acct=1000000, state=CONNECTING
D/dalvikvm(  453): GC_CONCURRENT freed 441K, 6% free 10059K/10631K, paused 7ms+4ms
D/ConnectivityService(  154): handleInetConditionHoldEnd: net=0, condition=100, published condition=0
W/Smack/Packet(  453): notify conn break (IOEx), close connection
D/dalvikvm(  154): GC_EXPLICIT freed 673K, 12% free 13206K/14855K, paused 11ms+6ms
D/ConnectivityService(  154): handleInetConditionHoldEnd: net=0, condition=0, published condition=100
D/dalvikvm(  314): GC_CONCURRENT freed 414K, 6% free 9507K/10055K, paused 7ms+2ms
I/GTalkService/c(  453): [AndroidEndpoint@1094512288] connect: acct=1000000, state=CONNECTING
D/ConnectivityService(  154): handleInetConditionHoldEnd: net=0, condition=100, published condition=0
W/Smack/Packet(  453): notify conn break (IOEx), close connection
D/ConnectivityService(  154): handleInetConditionHoldEnd: net=0, condition=0, published condition=100
I/GTalkService/c(  453): [AndroidEndpoint@1094512288] connect: acct=1000000, state=CONNECTING
D/dalvikvm(  453): GC_CONCURRENT freed 452K, 6% free 10058K/10631K, paused 7ms+2ms
D/ConnectivityService(  154): handleInetConditionHoldEnd: net=0, condition=100, published condition=0
W/Smack/Packet(  453): notify conn break (IOEx), close connection
D/ConnectivityService(  154): handleInetConditionHoldEnd: net=0, condition=0, published condition=100
I/GTalkService/c(  453): [AndroidEndpoint@1094512288] connect: acct=1000000, state=CONNECTING
D/ConnectivityService(  154): handleInetConditionHoldEnd: net=0, condition=100, published condition=0
W/Smack/Packet(  453): notify conn break (IOEx), close connection
D/ConnectivityService(  154): handleInetConditionHoldEnd: net=0, condition=0, published condition=100
I/GTalkService/c(  453): [AndroidEndpoint@1094512288] connect: acct=1000000, state=CONNECTING
D/dalvikvm(  453): GC_CONCURRENT freed 462K, 6% free 10038K/10631K, paused 11ms+4ms
D/ConnectivityService(  154): handleInetConditionHoldEnd: net=0, condition=100, published condition=0
W/Smack/Packet(  453): notify conn break (IOEx), close connection
D/ConnectivityService(  154): handleInetConditionHoldEnd: net=0, condition=0, published condition=100
I/GTalkService/c(  453): [AndroidEndpoint@1094512288] connect: acct=1000000, state=CONNECTING
D/dalvikvm(  453): GC_CONCURRENT freed 387K, 6% free 10043K/10631K, paused 12ms+3ms
D/ConnectivityService(  154): handleInetConditionHoldEnd: net=0, condition=100, published condition=0
W/Smack/Packet(  453): notify conn break (IOEx), close connection
D/ConnectivityService(  154): handleInetConditionHoldEnd: net=0, condition=0, published condition=100
I/GTalkService/c(  453): [AndroidEndpoint@1094512288] connect: acct=1000000, state=CONNECTING
W/Smack/Packet(  453): notify conn break (IOEx), close connection
D/ConnectivityService(  154): handleInetConditionHoldEnd: net=0, condition=0, published condition=0
I/GTalkService/c(  453): [AndroidEndpoint@1094512288] connect: acct=1000000, state=CONNECTING
D/dalvikvm(  453): GC_CONCURRENT freed 385K, 6% free 10066K/10631K, paused 3ms+3ms
D/ConnectivityService(  154): handleInetConditionHoldEnd: net=0, condition=100, published condition=0
W/Smack/Packet(  453): notify conn break (IOEx), close connection
D/ConnectivityService(  154): handleInetConditionHoldEnd: net=0, condition=0, published condition=100
I/GTalkService/c(  453): [AndroidEndpoint@1094512288] connect: acct=1000000, state=CONNECTING
D/dalvikvm(  218): GC_CONCURRENT freed 382K, 8% free 9848K/10631K, paused 7ms+2ms
D/ConnectivityService(  154): handleInetConditionHoldEnd: net=0, condition=100, published condition=0
W/Smack/Packet(  453): notify conn break (IOEx), close connection
D/ConnectivityService(  154): handleInetConditionHoldEnd: net=0, condition=0, published condition=100
I/GTalkService/c(  453): [AndroidEndpoint@1094512288] connect: acct=1000000, state=CONNECTING
D/dalvikvm(  453): GC_CONCURRENT freed 444K, 6% free 10061K/10631K, paused 2ms+3ms
D/dalvikvm(  453): GC_EXPLICIT freed 176K, 6% free 10019K/10631K, paused 9ms+3ms
D/ConnectivityService(  154): handleInetConditionHoldEnd: net=0, condition=100, published condition=0
D/dalvikvm(  314): GC_CONCURRENT freed 419K, 6% free 9503K/10055K, paused 8ms+2ms
W/Smack/Packet(  453): notify conn break (IOEx), close connection
D/ConnectivityService(  154): handleInetConditionHoldEnd: net=0, condition=0, published condition=100
I/GTalkService/c(  453): [AndroidEndpoint@1094512288] connect: acct=1000000, state=CONNECTING
D/ConnectivityService(  154): handleInetConditionHoldEnd: net=0, condition=100, published condition=0
W/Smack/Packet(  453): notify conn break (IOEx), close connection
D/ConnectivityService(  154): handleInetConditionHoldEnd: net=0, condition=0, published condition=100
I/GTalkService/c(  453): [AndroidEndpoint@1094512288] connect: acct=1000000, state=CONNECTING
D/dalvikvm(  453): GC_CONCURRENT freed 359K, 6% free 10053K/10631K, paused 8ms+5ms
D/ConnectivityService(  154): handleInetConditionHoldEnd: net=0, condition=100, published condition=0
W/Smack/Packet(  453): notify conn break (IOEx), close connection
D/ConnectivityService(  154): handleInetConditionHoldEnd: net=0, condition=0, published condition=100
I/GTalkService/c(  453): [AndroidEndpoint@1094512288] connect: acct=1000000, state=CONNECTING
D/ConnectivityService(  154): handleInetConditionHoldEnd: net=0, condition=100, published condition=0
W/Smack/Packet(  453): notify conn break (IOEx), close connection
D/ConnectivityService(  154): handleInetConditionHoldEnd: net=0, condition=0, published condition=100
D/dalvikvm(  154): GC_CONCURRENT freed 884K, 11% free 13249K/14855K, paused 9ms+5ms
I/GTalkService/c(  453): [AndroidEndpoint@1094512288] connect: acct=1000000, state=CONNECTING
D/dalvikvm(  453): GC_CONCURRENT freed 440K, 6% free 10064K/10631K, paused 3ms+3ms
D/ConnectivityService(  154): handleInetConditionHoldEnd: net=0, condition=100, published condition=0
W/Smack/Packet(  453): notify conn break (IOEx), close connection
D/ConnectivityService(  154): handleInetConditionHoldEnd: net=0, condition=0, published condition=100
I/GTalkService/c(  453): [AndroidEndpoint@1094512288] connect: acct=1000000, state=CONNECTING
D/ConnectivityService(  154): handleInetConditionHoldEnd: net=0, condition=100, published condition=0
W/Smack/Packet(  453): notify conn break (IOEx), close connection
D/ConnectivityService(  154): handleInetConditionHoldEnd: net=0, condition=0, published condition=100
I/GTalkService/c(  453): [AndroidEndpoint@1094512288] connect: acct=1000000, state=CONNECTING
D/dalvikvm(  453): GC_CONCURRENT freed 438K, 6% free 10059K/10631K, paused 10ms+4ms
D/ConnectivityService(  154): handleInetConditionHoldEnd: net=0, condition=100, published condition=0
W/Smack/Packet(  453): notify conn break (IOEx), close connection
D/ConnectivityService(  154): handleInetConditionHoldEnd: net=0, condition=0, published condition=100
I/GTalkService/c(  453): [AndroidEndpoint@1094512288] connect: acct=1000000, state=CONNECTING
D/ConnectivityService(  154): handleInetConditionHoldEnd: net=0, condition=100, published condition=0
D/dalvikvm(  154): GC_EXPLICIT freed 314K, 12% free 13173K/14855K, paused 13ms+6ms
W/Smack/Packet(  453): notify conn break (IOEx), close connection
D/ConnectivityService(  154): handleInetConditionHoldEnd: net=0, condition=0, published condition=100
I/GTalkService/c(  453): [AndroidEndpoint@1094512288] connect: acct=1000000, state=CONNECTING
D/dalvikvm(  453): GC_CONCURRENT freed 460K, 6% free 10076K/10631K, paused 12ms+4ms
D/ConnectivityService(  154): handleInetConditionHoldEnd: net=0, condition=100, published condition=0
W/Smack/Packet(  453): notify conn break (IOEx), close connection
D/ConnectivityService(  154): handleInetConditionHoldEnd: net=0, condition=0, published condition=100
I/GTalkService/c(  453): [AndroidEndpoint@1094512288] connect: acct=1000000, state=CONNECTING
I/power   (  154): *** set_screen_state 0
D/SurfaceFlinger(   78): About to give-up screen, flinger = 0x3d9918
D/dalvikvm(  154): GC_FOR_ALLOC freed 191K, 9% free 13614K/14855K, paused 41ms
I/dalvikvm-heap(  154): Grow heap (frag case) to 13.472MB for 104992-byte allocation
D/dalvikvm(  154): GC_FOR_ALLOC freed 19K, 9% free 13697K/14983K, paused 40ms
