V/TransportControlView(  154): Create TCV com.android.internal.widget.TransportControlView@41693f78
D/ConnectivityService(  154): handleInetConditionHoldEnd: net=0, condition=100, published condition=0
W/Smack/Packet(  453): notify conn break (IOEx), close connection
D/ConnectivityService(  154): handleInetConditionHoldEnd: net=0, condition=0, published condition=100
I/GTalkService/c(  453): [AndroidEndpoint@1094512288] connect: acct=1000000, state=CONNECTING
D/dalvikvm(  453): GC_CONCURRENT freed 463K, 6% free 10044K/10631K, paused 14ms+3ms
W/Smack/Packet(  453): notify conn break (IOEx), close connection
D/ConnectivityService(  154): handleInetConditionHoldEnd: net=0, condition=100, published condition=0
D/ConnectivityService(  154): handleInetConditionHoldEnd: net=0, condition=0, published condition=100
I/GTalkService/c(  453): [AndroidEndpoint@1094512288] connect: acct=1000000, state=CONNECTING
D/dalvikvm(  453): GC_CONCURRENT freed 386K, 6% free 10042K/10631K, paused 1ms+2ms
D/ConnectivityService(  154): handleInetConditionHoldEnd: net=0, condition=100, published condition=0
W/Smack/Packet(  453): notify conn break (IOEx), close connection
D/ConnectivityService(  154): handleInetConditionHoldEnd: net=0, condition=0, published condition=100
D/dalvikvm(  314): GC_CONCURRENT freed 423K, 6% free 9506K/10055K, paused 1ms+2ms
I/EventLogService(  453): Aggregate from 1333730028488 (log), 1333730028488 (data)
I/ServiceDumpSys(  453): dumping service [account]
I/GTalkService/c(  453): [AndroidEndpoint@1094512288] connect: acct=1000000, state=CONNECTING
D/dalvikvm(  453): GC_FOR_ALLOC freed 304K, 6% free 10045K/10631K, paused 18ms
D/dalvikvm(  154): GC_CONCURRENT freed 1382K, 11% free 13360K/14983K, paused 3ms+6ms
D/ConnectivityService(  154): handleInetConditionHoldEnd: net=0, condition=100, published condition=0
W/Smack/Packet(  453): notify conn break (IOEx), close connection
D/ConnectivityService(  154): handleInetConditionHoldEnd: net=0, condition=0, published condition=100
D/dalvikvm(  218): GC_CONCURRENT freed 384K, 8% free 9851K/10631K, paused 2ms+2ms
D/dalvikvm( 1212): GC_CONCURRENT freed 459K, 8% free 10003K/10759K, paused 2ms+2ms
I/GTalkService/c(  453): [AndroidEndpoint@1094512288] connect: acct=1000000, state=CONNECTING
D/ConnectivityService(  154): handleInetConditionHoldEnd: net=0, condition=100, published condition=0
W/Smack/Packet(  453): notify conn break (IOEx), close connection
D/ConnectivityService(  154): handleInetConditionHoldEnd: net=0, condition=0, published condition=100
I/GTalkService/c(  453): [AndroidEndpoint@1094512288] connect: acct=1000000, state=CONNECTING
D/dalvikvm(  453): GC_CONCURRENT freed 386K, 6% free 10065K/10631K, paused 2ms+4ms
W/Smack/Packet(  453): notify conn break (IOEx), close connection
D/ConnectivityService(  154): handleInetConditionHoldEnd: net=0, condition=0, published condition=0
I/GTalkService/c(  453): [AndroidEndpoint@1094512288] connect: acct=1000000, state=CONNECTING
D/ConnectivityService(  154): handleInetConditionHoldEnd: net=0, condition=100, published condition=0
W/Smack/Packet(  453): notify conn break (IOEx), close connection
D/ConnectivityService(  154): handleInetConditionHoldEnd: net=0, condition=0, published condition=100
I/GTalkService/c(  453): [AndroidEndpoint@1094512288] connect: acct=1000000, state=CONNECTING
D/dalvikvm(  453): GC_CONCURRENT freed 456K, 6% free 10063K/10631K, paused 1ms+3ms
D/ConnectivityService(  154): handleInetConditionHoldEnd: net=0, condition=100, published condition=0
W/Smack/Packet(  453): notify conn break (IOEx), close connection
D/ConnectivityService(  154): handleInetConditionHoldEnd: net=0, condition=0, published condition=100
D/dalvikvm(  154): GC_CONCURRENT freed 954K, 11% free 13368K/14983K, paused 16ms+5ms
I/GTalkService/c(  453): [AndroidEndpoint@1094512288] connect: acct=1000000, state=CONNECTING
D/ConnectivityService(  154): handleInetConditionHoldEnd: net=0, condition=100, published condition=0
W/Smack/Packet(  453): notify conn break (IOEx), close connection
D/ConnectivityService(  154): handleInetConditionHoldEnd: net=0, condition=0, published condition=100
I/GTalkService/c(  453): [AndroidEndpoint@1094512288] connect: acct=1000000, state=CONNECTING
D/dalvikvm(  453): GC_CONCURRENT freed 449K, 6% free 10050K/10631K, paused 13ms+3ms
D/ConnectivityService(  154): handleInetConditionHoldEnd: net=0, condition=100, published condition=0
W/Smack/Packet(  453): notify conn break (IOEx), close connection
D/ConnectivityService(  154): handleInetConditionHoldEnd: net=0, condition=0, published condition=100
I/GTalkService/c(  453): [AndroidEndpoint@1094512288] connect: acct=1000000, state=CONNECTING
D/ConnectivityService(  154): handleInetConditionHoldEnd: net=0, condition=100, published condition=0
W/Smack/Packet(  453): notify conn break (IOEx), close connection
D/ConnectivityService(  154): handleInetConditionHoldEnd: net=0, condition=0, published condition=100
I/GTalkService/c(  453): [AndroidEndpoint@1094512288] connect: acct=1000000, state=CONNECTING
D/dalvikvm(  453): GC_CONCURRENT freed 461K, 6% free 10040K/10631K, paused 14ms+3ms
D/ConnectivityService(  154): handleInetConditionHoldEnd: net=0, condition=100, published condition=0
W/Smack/Packet(  453): notify conn break (IOEx), close connection
D/ConnectivityService(  154): handleInetConditionHoldEnd: net=0, condition=0, published condition=100
I/GTalkService/c(  453): [AndroidEndpoint@1094512288] connect: acct=1000000, state=CONNECTING
D/dalvikvm(  453): GC_CONCURRENT freed 387K, 6% free 10041K/10631K, paused 1ms+4ms
D/dalvikvm(  154): GC_EXPLICIT freed 483K, 12% free 13307K/14983K, paused 3ms+5ms
D/ConnectivityService(  154): handleInetConditionHoldEnd: net=0, condition=100, published condition=0
W/Smack/Packet(  453): notify conn break (IOEx), close connection
D/ConnectivityService(  154): handleInetConditionHoldEnd: net=0, condition=0, published condition=100
I/GTalkService/c(  453): [AndroidEndpoint@1094512288] connect: acct=1000000, state=CONNECTING
D/ConnectivityService(  154): handleInetConditionHoldEnd: net=0, condition=100, published condition=0
W/Smack/Packet(  453): notify conn break (IOEx), close connection
D/ConnectivityService(  154): handleInetConditionHoldEnd: net=0, condition=0, published condition=100
I/GTalkService/c(  453): [AndroidEndpoint@1094512288] connect: acct=1000000, state=CONNECTING
D/dalvikvm(  453): GC_CONCURRENT freed 384K, 6% free 10063K/10631K, paused 2ms+3ms
D/ConnectivityService(  154): handleInetConditionHoldEnd: net=0, condition=100, published condition=0
W/Smack/Packet(  453): notify conn break (IOEx), close connection
D/ConnectivityService(  154): handleInetConditionHoldEnd: net=0, condition=0, published condition=100
I/GTalkService/c(  453): [AndroidEndpoint@1094512288] connect: acct=1000000, state=CONNECTING
D/ConnectivityService(  154): handleInetConditionHoldEnd: net=0, condition=100, published condition=0
W/Smack/Packet(  453): notify conn break (IOEx), close connection
D/ConnectivityService(  154): handleInetConditionHoldEnd: net=0, condition=0, published condition=100
I/GTalkService/c(  453): [AndroidEndpoint@1094512288] connect: acct=1000000, state=CONNECTING
D/dalvikvm(  453): GC_CONCURRENT freed 448K, 6% free 10063K/10631K, paused 2ms+4ms
W/Smack/Packet(  453): notify conn break (IOEx), close connection
E/GTalkService(  453): connectionClosed: no XMPPConnection - That's strange!
D/ConnectivityService(  154): handleInetConditionHoldEnd: net=0, condition=0, published condition=0
I/GTalkService/c(  453): [AndroidEndpoint@1094512288] connect: acct=1000000, state=CONNECTING
D/ConnectivityService(  154): handleInetConditionHoldEnd: net=0, condition=100, published condition=0
D/AlarmManagerService(  154): Kernel timezone updated to 240 minutes west of GMT
V/AlarmClock(  555): AlarmInitReceiver finished
D/SystemClock(  314): Setting time of day to sec=1333733390
W/Smack/Packet(  453): notify conn break (IOEx), close connection
D/ConnectivityService(  154): handleInetConditionHoldEnd: net=0, condition=0, published condition=100
I/GTalkService/c(  453): [AndroidEndpoint@1094512288] connect: acct=1000000, state=CONNECTING
D/dalvikvm(  453): GC_CONCURRENT freed 449K, 6% free 10045K/10631K, paused 13ms+3ms
D/ConnectivityService(  154): handleInetConditionHoldEnd: net=0, condition=100, published condition=0
W/Smack/Packet(  453): notify conn break (IOEx), close connection
D/ConnectivityService(  154): handleInetConditionHoldEnd: net=0, condition=0, published condition=100
I/GTalkService/c(  453): [AndroidEndpoint@1094512288] connect: acct=1000000, state=CONNECTING
D/dalvikvm(  453): GC_CONCURRENT freed 388K, 6% free 10051K/10631K, paused 2ms+2ms
D/ConnectivityService(  154): handleInetConditionHoldEnd: net=0, condition=100, published condition=0
W/Smack/Packet(  453): notify conn break (IOEx), close connection
D/ConnectivityService(  154): handleInetConditionHoldEnd: net=0, condition=0, published condition=100
I/GTalkService/c(  453): [AndroidEndpoint@1094512288] connect: acct=1000000, state=CONNECTING
D/ConnectivityService(  154): handleInetConditionHoldEnd: net=0, condition=100, published condition=0
W/Smack/Packet(  453): notify conn break (IOEx), close connection
D/ConnectivityService(  154): handleInetConditionHoldEnd: net=0, condition=0, published condition=100
I/GTalkService/c(  453): [AndroidEndpoint@1094512288] connect: acct=1000000, state=CONNECTING
D/dalvikvm(  453): GC_CONCURRENT freed 438K, 6% free 10076K/10631K, paused 2ms+3ms
D/ConnectivityService(  154): handleInetConditionHoldEnd: net=0, condition=100, published condition=0
W/Smack/Packet(  453): notify conn break (IOEx), close connection
D/ConnectivityService(  154): handleInetConditionHoldEnd: net=0, condition=0, published condition=100
I/GTalkService/c(  453): [AndroidEndpoint@1094512288] connect: acct=1000000, state=CONNECTING
E/GTalkService(  453): connectionClosed: no XMPPConnection - That's strange!
D/ConnectivityService(  154): handleInetConditionHoldEnd: net=0, condition=0, published condition=0
I/GTalkService/c(  453): [AndroidEndpoint@1094512288] connect: acct=1000000, state=CONNECTING
I/EventLogService(  453): Aggregate from 1333731828602 (log), 1333731828602 (data)
D/dalvikvm(  154): JIT code cache reset in 5 ms (1048536 bytes 1/0)
D/dalvikvm(  154): GC_CONCURRENT freed 884K, 11% free 13380K/14983K, paused 3ms+12ms
I/ServiceDumpSys(  453): dumping service [account]
D/ConnectivityService(  154): handleInetConditionHoldEnd: net=0, condition=100, published condition=0
W/Smack/Packet(  453): notify conn break (IOEx), close connection
D/ConnectivityService(  154): handleInetConditionHoldEnd: net=0, condition=0, published condition=100
I/GTalkService/c(  453): [AndroidEndpoint@1094512288] connect: acct=1000000, state=CONNECTING
D/dalvikvm(  453): GC_CONCURRENT freed 451K, 6% free 10044K/10631K, paused 2ms+3ms
D/dalvikvm(  218): GC_CONCURRENT freed 378K, 8% free 9856K/10631K, paused 1ms+2ms
D/ConnectivityService(  154): handleInetConditionHoldEnd: net=0, condition=100, published condition=0
W/Smack/Packet(  453): notify conn break (IOEx), close connection
D/ConnectivityService(  154): handleInetConditionHoldEnd: net=0, condition=0, published condition=100
I/GTalkService/c(  453): [AndroidEndpoint@1094512288] connect: acct=1000000, state=CONNECTING
D/dalvikvm(  453): GC_CONCURRENT freed 413K, 6% free 10041K/10631K, paused 14ms+3ms
D/ConnectivityService(  154): handleInetConditionHoldEnd: net=0, condition=100, published condition=0
W/Smack/Packet(  453): notify conn break (IOEx), close connection
D/ConnectivityService(  154): handleInetConditionHoldEnd: net=0, condition=0, published condition=100
I/GTalkService/c(  453): [AndroidEndpoint@1094512288] connect: acct=1000000, state=CONNECTING
D/dalvikvm(  154): GC_EXPLICIT freed 335K, 12% free 13301K/14983K, paused 3ms+5ms
D/ConnectivityService(  154): handleInetConditionHoldEnd: net=0, condition=100, published condition=0
W/Smack/Packet(  453): notify conn break (IOEx), close connection
D/ConnectivityService(  154): handleInetConditionHoldEnd: net=0, condition=0, published condition=100
I/GTalkService/c(  453): [AndroidEndpoint@1094512288] connect: acct=1000000, state=CONNECTING
D/dalvikvm(  453): GC_CONCURRENT freed 379K, 6% free 10067K/10631K, paused 2ms+3ms
D/ConnectivityService(  154): handleInetConditionHoldEnd: net=0, condition=100, published condition=0
W/Smack/Packet(  453): notify conn break (IOEx), close connection
D/ConnectivityService(  154): handleInetConditionHoldEnd: net=0, condition=0, published condition=100
I/GTalkService/c(  453): [AndroidEndpoint@1094512288] connect: acct=1000000, state=CONNECTING
W/Smack/Packet(  453): notify conn break (IOEx), close connection
E/GTalkService(  453): connectionClosed: no XMPPConnection - That's strange!
D/ConnectivityService(  154): handleInetConditionHoldEnd: net=0, condition=0, published condition=0
I/CheckinService(  453): Preparing to send checkin request
I/EventLogService(  453): Accumulating logs since 1333733628694
D/dalvikvm(  453): GC_CONCURRENT freed 453K, 6% free 10046K/10631K, paused 2ms+2ms
I/CheckinTask(  453): Sending checkin request (1680 bytes)
I/GTalkService/c(  453): [AndroidEndpoint@1094512288] connect: acct=1000000, state=CONNECTING
D/dalvikvm(  453): GC_CONCURRENT freed 397K, 5% free 10129K/10631K, paused 2ms+3ms
I/CheckinTask(  453): From server: 199 gservices
I/GservicesProvider(  453): main update completed
I/ActivityManager(  154): Start proc com.google.android.partnersetup for broadcast com.google.android.partnersetup/.GservicesChangedReceiver: pid=1573 uid=10022 gids={3003}
I/ActivityThread( 1573): Pub com.google.android.partnersetup.rlzprovider: com.google.android.partnersetup.RlzProvider
I/ActivityThread( 1573): Pub com.google.android.partnersetup.rlzappprovider: com.google.android.partnersetup.RlzAppProvider
I/SystemUpdateService(  453): cancelUpdate (update URL has changed)
I/ActivityManager(  154): Start proc com.google.android.voicesearch for broadcast com.google.android.voicesearch/.GservicesBroadcastReceiver: pid=1591 uid=10056 gids={3002, 3003, 1015}
I/ActivityManager(  154): START {flg=0x10000000 cmp=com.google.android.gsf/.update.SystemUpdateInstallDialog} from pid 453
I/ActivityThread( 1591): Pub com.google.android.voicesearch: com.google.android.voicesearch.AudioProvider
I/ActivityManager(  154): START {flg=0x10000000 cmp=com.google.android.gsf/.update.SystemUpdateDownloadDialog} from pid 453
I/SystemUpdateService(  453): starting download of http://android.clients.google.com/packages/ota/google_crespo/hR7QFEtn.zip
V/SystemUpdateService(  453): retry (wakeup: true) in 21599997 ms
D/dalvikvm(  453): GC_EXPLICIT freed 297K, 4% free 10211K/10631K, paused 3ms+3ms
I/PersonalizationPrefManagerImpl( 1591): No google account found
I/VoiceImeLanguageUpdater( 1591): #internalUpdateLanguages #56
I/CheckinTask(  453): Checkin success: https://android.clients.google.com/checkin (1 requests sent)
I/SystemUpdate.Download(  453): Started a new update download: http://android.clients.google.com/packages/ota/google_crespo/hR7QFEtn.zip (id 17; allowMobile=false)
V/SystemUpdateService(  453): onPostExecute: false
I/DownloadManager(  266): Initiating request for download 17
W/DownloadManager(  266): Aborting request for download 17: download was requested to not use the current network type
E/GTalkService(  453): connectionClosed: no XMPPConnection - That's strange!
D/ConnectivityService(  154): handleInetConditionHoldEnd: net=0, condition=0, published condition=0
W/ActivityManager(  154): Activity idle timeout for ActivityRecord{417ef3f8 com.google.android.gsf/.update.SystemUpdateInstallDialog}
I/ActivityManager(  154): No longer want com.google.android.gm (pid 640): hidden #16
D/dalvikvm(  154): GC_CONCURRENT freed 997K, 11% free 13375K/14983K, paused 4ms+5ms
D/dalvikvm(  314): GC_CONCURRENT freed 412K, 6% free 9509K/10055K, paused 2ms+2ms
I/GTalkService/c(  453): [AndroidEndpoint@1094512288] connect: acct=1000001, state=CONNECTING
D/dalvikvm(  453): GC_CONCURRENT freed 531K, 7% free 10110K/10759K, paused 2ms+4ms
W/Smack/Packet(  453): notify conn break (IOEx), close connection
D/ConnectivityService(  154): handleInetConditionHoldEnd: net=0, condition=0, published condition=0
I/GTalkService/c(  453): [AndroidEndpoint@1094512288] connect: acct=1000001, state=CONNECTING
E/GTalkService(  453): connectionClosed: no XMPPConnection - That's strange!
D/ConnectivityService(  154): handleInetConditionHoldEnd: net=0, condition=0, published condition=0
I/GTalkService/c(  453): [AndroidEndpoint@1094512288] connect: acct=1000001, state=CONNECTING
D/dalvikvm(  154): GC_CONCURRENT freed 1077K, 12% free 13269K/14983K, paused 17ms+6ms
E/GTalkService(  453): connectionClosed: no XMPPConnection - That's strange!
D/ConnectivityService(  154): handleInetConditionHoldEnd: net=0, condition=0, published condition=0
D/dalvikvm(  314): GC_CONCURRENT freed 426K, 6% free 9505K/10055K, paused 2ms+3ms
D/dalvikvm(  154): GC_EXPLICIT freed 638K, 12% free 13211K/14983K, paused 8ms+6ms
D/AlarmManagerService(  154): Kernel timezone updated to 240 minutes west of GMT
V/AlarmClock(  555): AlarmInitReceiver finished
D/SystemClock(  314): Setting time of day to sec=1333735280
D/ConnectivityService(  154): ConnectivityChange for mobile: DISCONNECTED/DISCONNECTED
D/ConnectivityService(  154): Attempting to switch to wifi
D/ConnectivityService(  154): Attempting to switch to BLUETOOTH_TETHER
D/NetUtils(  154): android_net_utils_resetConnections in env=0x730580 clazz=0xd1800001 iface=rmnet0 mask=0x3
D/ConnectivityService(  154): resetConnections(rmnet0, 3)
D/Tethering(  154): MasterInitialState.processMessage what=3
I/MediaUploader(  954): No need to wake up
D/PicasaSyncManager(  969): active network: null
D/PicasaSyncManager(  969): background data: true
D/dalvikvm(  314): GC_EXPLICIT freed 414K, 6% free 9492K/10055K, paused 3ms+2ms
D/ConnectivityService(  154): ConnectivityChange for mobile: CONNECTED/CONNECTED
D/NetworkPolicy(  154): applying policy NetworkPolicy[NetworkTemplate: matchRule=MOBILE_ALL, subscriberId=valid]: cycleDay=15, warningBytes=2147483648, limitBytes=-1, lastSnooze=-1 to ifaces [rmnet0]
D/dalvikvm(  154): GC_CONCURRENT freed 1013K, 12% free 13248K/14983K, paused 2ms+6ms
D/Tethering(  154): MasterInitialState.processMessage what=3
I/MediaUploader(  954): No need to wake up
D/PicasaSyncManager(  969): active network: NetworkInfo: type: mobile[EDGE], state: CONNECTED/CONNECTED, reason: nwTypeChanged, extra: epc.tmobile.com, roaming: false, failover: false, isAvailable: true
D/PicasaSyncManager(  969): background data: true
I/GTalkService/c(  453): [AndroidEndpoint@1094512288] connect: acct=1000001, state=CONNECTING
I/EventLogService(  453): Aggregate from 1333733942168 (log), 1333733628694 (data)
D/dalvikvm(  453): GC_CONCURRENT freed 453K, 7% free 10041K/10759K, paused 3ms+5ms
I/ServiceDumpSys(  453): dumping service [account]
D/dalvikvm(  218): GC_CONCURRENT freed 382K, 8% free 9860K/10631K, paused 2ms+2ms
D/ConnectivityService(  154): handleInetConditionHoldEnd: net=0, condition=100, published condition=0
W/Smack/Packet(  453): notify conn break (IOEx), close connection
D/ConnectivityService(  154): handleInetConditionHoldEnd: net=0, condition=0, published condition=100
I/GTalkService/c(  453): [AndroidEndpoint@1094512288] connect: acct=1000001, state=CONNECTING
D/dalvikvm(  314): GC_CONCURRENT freed 434K, 6% free 9494K/10055K, paused 1ms+2ms
E/GTalkService(  453): connectionClosed: no XMPPConnection - That's strange!
D/ConnectivityService(  154): handleInetConditionHoldEnd: net=0, condition=0, published condition=0
I/GTalkService/c(  453): [AndroidEndpoint@1094512288] connect: acct=1000001, state=CONNECTING
D/dalvikvm(  453): GC_CONCURRENT freed 397K, 7% free 10049K/10759K, paused 14ms+2ms
E/GTalkService(  453): connectionClosed: no XMPPConnection - That's strange!
D/ConnectivityService(  154): handleInetConditionHoldEnd: net=0, condition=0, published condition=0
D/dalvikvm(  154): GC_EXPLICIT freed 712K, 12% free 13241K/14983K, paused 2ms+5ms
I/GTalkService/c(  453): [AndroidEndpoint@1094512288] connect: acct=1000001, state=CONNECTING
I/dalvikvm(  453): Jit: resizing JitTable from 4096 to 8192
D/dalvikvm(  314): GC_CONCURRENT freed 428K, 6% free 9493K/10055K, paused 1ms+2ms
W/Smack/Packet(  453): notify conn break (IOEx), close connection
I/qtaguid (  453): Failed write_ctrl(u 67) res=-1 errno=22
I/qtaguid (  453): Untagging socket 67 failed errno=-22
W/NetworkManagementSocketTagger(  453): untagSocket(67) failed with errno -22
E/GTalkService(  453): connectionClosed: no XMPPConnection - That's strange!
D/ConnectivityService(  154): handleInetConditionHoldEnd: net=0, condition=0, published condition=0
I/GTalkService/c(  453): [AndroidEndpoint@1094512288] connect: acct=1000001, state=CONNECTING
D/dalvikvm(  453): GC_CONCURRENT freed 390K, 7% free 10049K/10759K, paused 14ms+2ms
E/GTalkService(  453): connectionClosed: no XMPPConnection - That's strange!
D/ConnectivityService(  154): handleInetConditionHoldEnd: net=0, condition=0, published condition=0
I/GTalkService/c(  453): [AndroidEndpoint@1094512288] connect: acct=1000001, state=CONNECTING
W/Smack/Packet(  453): notify conn break (IOEx), close connection
D/ConnectivityService(  154): handleInetConditionHoldEnd: net=0, condition=0, published condition=0
I/GTalkService/c(  453): [AndroidEndpoint@1094512288] connect: acct=1000001, state=CONNECTING
D/dalvikvm(  154): GC_CONCURRENT freed 902K, 12% free 13274K/14983K, paused 22ms+6ms
D/dalvikvm(  314): GC_CONCURRENT freed 436K, 6% free 9494K/10055K, paused 2ms+2ms
D/dalvikvm(  453): GC_CONCURRENT freed 403K, 7% free 10062K/10759K, paused 15ms+3ms
D/ConnectivityService(  154): handleInetConditionHoldEnd: net=0, condition=100, published condition=0
W/Smack/Packet(  453): notify conn break (IOEx), close connection
D/ConnectivityService(  154): handleInetConditionHoldEnd: net=0, condition=0, published condition=100
I/GTalkService/c(  453): [AndroidEndpoint@1094512288] connect: acct=1000001, state=CONNECTING
D/ConnectivityService(  154): handleInetConditionHoldEnd: net=0, condition=100, published condition=0
W/Smack/Packet(  453): notify conn break (IOEx), close connection
D/ConnectivityService(  154): handleInetConditionHoldEnd: net=0, condition=0, published condition=100
I/GTalkService/c(  453): [AndroidEndpoint@1094512288] connect: acct=1000001, state=CONNECTING
D/dalvikvm(  453): GC_CONCURRENT freed 387K, 7% free 10084K/10759K, paused 2ms+3ms
D/ConnectivityService(  154): handleInetConditionHoldEnd: net=0, condition=100, published condition=0
W/Smack/Packet(  453): notify conn break (IOEx), close connection
D/ConnectivityService(  154): handleInetConditionHoldEnd: net=0, condition=0, published condition=100
I/GTalkService/c(  453): [AndroidEndpoint@1094512288] connect: acct=1000001, state=CONNECTING
D/ConnectivityService(  154): handleInetConditionHoldEnd: net=0, condition=100, published condition=0
W/Smack/Packet(  453): notify conn break (IOEx), close connection
D/ConnectivityService(  154): handleInetConditionHoldEnd: net=0, condition=0, published condition=100
D/dalvikvm(  453): GC_CONCURRENT freed 423K, 7% free 10045K/10759K, paused 2ms+3ms
I/GTalkService/c(  453): [AndroidEndpoint@1094512288] connect: acct=1000001, state=CONNECTING
D/ConnectivityService(  154): handleInetConditionHoldEnd: net=0, condition=100, published condition=0
W/Smack/Packet(  453): notify conn break (IOEx), close connection
D/ConnectivityService(  154): handleInetConditionHoldEnd: net=0, condition=0, published condition=100
I/GTalkService/c(  453): [AndroidEndpoint@1094512288] connect: acct=1000001, state=CONNECTING
D/dalvikvm(  453): GC_CONCURRENT freed 384K, 7% free 10052K/10759K, paused 15ms+3ms
W/Smack/Packet(  453): notify conn break (IOEx), close connection
D/ConnectivityService(  154): handleInetConditionHoldEnd: net=0, condition=0, published condition=0
I/GTalkService/c(  453): [AndroidEndpoint@1094512288] connect: acct=1000001, state=CONNECTING
W/Smack/Packet(  453): notify conn break (IOEx), close connection
D/ConnectivityService(  154): handleInetConditionHoldEnd: net=0, condition=0, published condition=0
I/GTalkService/c(  453): [AndroidEndpoint@1094512288] connect: acct=1000001, state=CONNECTING
D/dalvikvm(  453): GC_CONCURRENT freed 369K, 7% free 10083K/10759K, paused 2ms+4ms
D/ConnectivityService(  154): handleInetConditionHoldEnd: net=0, condition=100, published condition=0
W/Smack/Packet(  453): notify conn break (IOEx), close connection
D/ConnectivityService(  154): handleInetConditionHoldEnd: net=0, condition=0, published condition=100
I/GTalkService/c(  453): [AndroidEndpoint@1094512288] connect: acct=1000001, state=CONNECTING
D/ConnectivityService(  154): handleInetConditionHoldEnd: net=0, condition=100, published condition=0
W/Smack/Packet(  453): notify conn break (IOEx), close connection
D/dalvikvm(  453): GC_CONCURRENT freed 412K, 7% free 10060K/10759K, paused 14ms+3ms
D/ConnectivityService(  154): handleInetConditionHoldEnd: net=0, condition=0, published condition=100
D/dalvikvm( 1212): GC_CONCURRENT freed 380K, 7% free 10007K/10759K, paused 12ms+2ms
I/GTalkService/c(  453): [AndroidEndpoint@1094512288] connect: acct=1000001, state=CONNECTING
D/dalvikvm(  154): GC_EXPLICIT freed 751K, 12% free 13237K/14983K, paused 20ms+5ms
W/Smack/Packet(  453): notify conn break (IOEx), close connection
D/ConnectivityService(  154): handleInetConditionHoldEnd: net=0, condition=0, published condition=0
I/GTalkService/c(  453): [AndroidEndpoint@1094512288] connect: acct=1000001, state=CONNECTING
D/dalvikvm(  453): GC_CONCURRENT freed 370K, 7% free 10085K/10759K, paused 14ms+3ms
D/ConnectivityService(  154): handleInetConditionHoldEnd: net=0, condition=100, published condition=0
W/Smack/Packet(  453): notify conn break (IOEx), close connection
D/ConnectivityService(  154): handleInetConditionHoldEnd: net=0, condition=0, published condition=100
I/GTalkService/c(  453): [AndroidEndpoint@1094512288] connect: acct=1000001, state=CONNECTING
D/ConnectivityService(  154): handleInetConditionHoldEnd: net=0, condition=100, published condition=0
W/Smack/Packet(  453): notify conn break (IOEx), close connection
D/ConnectivityService(  154): handleInetConditionHoldEnd: net=0, condition=0, published condition=100
I/GTalkService/c(  453): [AndroidEndpoint@1094512288] connect: acct=1000001, state=CONNECTING
D/dalvikvm(  453): GC_CONCURRENT freed 410K, 7% free 10083K/10759K, paused 2ms+4ms
D/ConnectivityService(  154): handleInetConditionHoldEnd: net=0, condition=100, published condition=0
W/Smack/Packet(  453): notify conn break (IOEx), close connection
D/ConnectivityService(  154): handleInetConditionHoldEnd: net=0, condition=0, published condition=100
I/GTalkService/c(  453): [AndroidEndpoint@1094512288] connect: acct=1000001, state=CONNECTING
I/ActivityManager(  154): No longer want com.google.android.talk (pid 768): hidden #16
D/ConnectivityService(  154): handleInetConditionHoldEnd: net=0, condition=100, published condition=0
W/Smack/Packet(  453): notify conn break (IOEx), close connection
D/ConnectivityService(  154): handleInetConditionHoldEnd: net=0, condition=0, published condition=100
I/GTalkService/c(  453): [AndroidEndpoint@1094512288] connect: acct=1000001, state=CONNECTING
D/dalvikvm(  453): GC_CONCURRENT freed 431K, 7% free 10046K/10759K, paused 14ms+3ms
D/ConnectivityService(  154): handleInetConditionHoldEnd: net=0, condition=100, published condition=0
W/Smack/Packet(  453): notify conn break (IOEx), close connection
D/ConnectivityService(  154): handleInetConditionHoldEnd: net=0, condition=0, published condition=100
I/EventLogService(  453): Aggregate from 1333735428909 (log), 1333735428909 (data)
I/ServiceDumpSys(  453): dumping service [account]
D/dalvikvm(  218): GC_CONCURRENT freed 391K, 8% free 9856K/10631K, paused 13ms+3ms
I/GTalkService/c(  453): [AndroidEndpoint@1094512288] connect: acct=1000001, state=CONNECTING
D/dalvikvm(  453): GC_CONCURRENT freed 398K, 7% free 10055K/10759K, paused 2ms+4ms
D/ConnectivityService(  154): handleInetConditionHoldEnd: net=0, condition=100, published condition=0
W/Smack/Packet(  453): notify conn break (IOEx), close connection
D/ConnectivityService(  154): handleInetConditionHoldEnd: net=0, condition=0, published condition=100
D/dalvikvm(  154): GC_CONCURRENT freed 922K, 12% free 13253K/14983K, paused 17ms+5ms
I/GTalkService/c(  453): [AndroidEndpoint@1094512288] connect: acct=1000001, state=CONNECTING
D/ConnectivityService(  154): handleInetConditionHoldEnd: net=0, condition=100, published condition=0
W/Smack/Packet(  453): notify conn break (IOEx), close connection
D/ConnectivityService(  154): handleInetConditionHoldEnd: net=0, condition=0, published condition=100
I/GTalkService/c(  453): [AndroidEndpoint@1094512288] connect: acct=1000001, state=CONNECTING
D/dalvikvm(  453): GC_CONCURRENT freed 388K, 7% free 10053K/10759K, paused 14ms+3ms
D/ConnectivityService(  154): handleInetConditionHoldEnd: net=0, condition=100, published condition=0
W/Smack/Packet(  453): notify conn break (IOEx), close connection
D/ConnectivityService(  154): handleInetConditionHoldEnd: net=0, condition=0, published condition=100
I/GTalkService/c(  453): [AndroidEndpoint@1094512288] connect: acct=1000001, state=CONNECTING
D/dalvikvm(  453): GC_CONCURRENT freed 392K, 7% free 10061K/10759K, paused 1ms+3ms
D/ConnectivityService(  154): handleInetConditionHoldEnd: net=0, condition=100, published condition=0
W/Smack/Packet(  453): notify conn break (IOEx), close connection
D/ConnectivityService(  154): handleInetConditionHoldEnd: net=0, condition=0, published condition=100
I/GTalkService/c(  453): [AndroidEndpoint@1094512288] connect: acct=1000001, state=CONNECTING
W/Smack/Packet(  453): notify conn break (IOEx), close connection
D/ConnectivityService(  154): handleInetConditionHoldEnd: net=0, condition=0, published condition=0
D/dalvikvm(  154): GC_CONCURRENT freed 948K, 12% free 13238K/14983K, paused 2ms+4ms
D/AlarmManagerService(  154): Kernel timezone updated to 240 minutes west of GMT
V/AlarmClock(  555): AlarmInitReceiver finished
D/SystemClock(  314): Setting time of day to sec=1333738883
I/GTalkService/c(  453): [AndroidEndpoint@1094512288] connect: acct=1000001, state=CONNECTING
D/dalvikvm(  453): GC_CONCURRENT freed 386K, 7% free 10082K/10759K, paused 14ms+2ms
W/Smack/Packet(  453): notify conn break (IOEx), close connection
D/ConnectivityService(  154): handleInetConditionHoldEnd: net=0, condition=0, published condition=0
I/dalvikvm( 1212): Total arena pages for JIT: 11
I/dalvikvm( 1212): Total arena pages for JIT: 12
I/dalvikvm( 1212): Total arena pages for JIT: 13
I/dalvikvm( 1212): Total arena pages for JIT: 14
I/dalvikvm( 1212): Total arena pages for JIT: 15
I/dalvikvm( 1212): Total arena pages for JIT: 16
I/dalvikvm( 1212): Total arena pages for JIT: 17
I/EventLogService(  453): Aggregate from 1333737229062 (log), 1333737229062 (data)
I/ServiceDumpSys(  453): dumping service [account]
D/dalvikvm(  154): GC_EXPLICIT freed 703K, 12% free 13233K/14983K, paused 19ms+5ms
I/GTalkService/c(  453): [AndroidEndpoint@1094512288] connect: acct=1000001, state=CONNECTING
D/dalvikvm(  453): GC_CONCURRENT freed 413K, 7% free 10063K/10759K, paused 2ms+2ms
D/dalvikvm(  453): GC_EXPLICIT freed 45K, 7% free 10033K/10759K, paused 18ms+3ms
D/ConnectivityService(  154): handleInetConditionHoldEnd: net=0, condition=100, published condition=0
W/Smack/Packet(  453): notify conn break (IOEx), close connection
D/ConnectivityService(  154): handleInetConditionHoldEnd: net=0, condition=0, published condition=100
D/dalvikvm(  218): GC_CONCURRENT freed 376K, 8% free 9866K/10631K, paused 1ms+3ms
I/GTalkService/c(  453): [AndroidEndpoint@1094512288] connect: acct=1000001, state=CONNECTING
D/ConnectivityService(  154): handleInetConditionHoldEnd: net=0, condition=100, published condition=0
W/Smack/Packet(  453): notify conn break (IOEx), close connection
D/ConnectivityService(  154): handleInetConditionHoldEnd: net=0, condition=0, published condition=100
I/GTalkService/c(  453): [AndroidEndpoint@1094512288] connect: acct=1000001, state=CONNECTING
D/dalvikvm(  453): GC_CONCURRENT freed 348K, 7% free 10082K/10759K, paused 2ms+3ms
W/Smack/Packet(  453): notify conn break (IOEx), close connection
D/ConnectivityService(  154): handleInetConditionHoldEnd: net=0, condition=0, published condition=0
I/GTalkService/c(  453): [AndroidEndpoint@1094512288] connect: acct=1000001, state=CONNECTING
D/dalvikvm(  154): GC_CONCURRENT freed 896K, 12% free 13265K/14983K, paused 2ms+5ms
D/ConnectivityService(  154): handleInetConditionHoldEnd: net=0, condition=100, published condition=0
W/Smack/Packet(  453): notify conn break (IOEx), close connection
D/ConnectivityService(  154): handleInetConditionHoldEnd: net=0, condition=0, published condition=100
I/GTalkService/c(  453): [AndroidEndpoint@1094512288] connect: acct=1000001, state=CONNECTING
D/dalvikvm(  453): GC_CONCURRENT freed 420K, 7% free 10058K/10759K, paused 14ms+2ms
D/ConnectivityService(  154): handleInetConditionHoldEnd: net=0, condition=100, published condition=0
W/Smack/Packet(  453): notify conn break (IOEx), close connection
D/ConnectivityService(  154): handleInetConditionHoldEnd: net=0, condition=0, published condition=100
I/GTalkService/c(  453): [AndroidEndpoint@1094512288] connect: acct=1000001, state=CONNECTING
D/dalvikvm(  453): GC_CONCURRENT freed 387K, 7% free 10065K/10759K, paused 2ms+2ms
D/ConnectivityService(  154): handleInetConditionHoldEnd: net=0, condition=100, published condition=0
W/Smack/Packet(  453): notify conn break (IOEx), close connection
D/ConnectivityService(  154): handleInetConditionHoldEnd: net=0, condition=0, published condition=100
I/GTalkService/c(  453): [AndroidEndpoint@1094512288] connect: acct=1000001, state=CONNECTING
D/ConnectivityService(  154): handleInetConditionHoldEnd: net=0, condition=100, published condition=0
W/Smack/Packet(  453): notify conn break (IOEx), close connection
D/ConnectivityService(  154): handleInetConditionHoldEnd: net=0, condition=0, published condition=100
I/GTalkService/c(  453): [AndroidEndpoint@1094512288] connect: acct=1000001, state=CONNECTING
D/dalvikvm(  453): GC_CONCURRENT freed 377K, 7% free 10083K/10759K, paused 2ms+3ms
D/ConnectivityService(  154): handleInetConditionHoldEnd: net=0, condition=100, published condition=0
W/Smack/Packet(  453): notify conn break (IOEx), close connection
D/ConnectivityService(  154): handleInetConditionHoldEnd: net=0, condition=0, published condition=100
D/dalvikvm(  314): GC_CONCURRENT freed 419K, 6% free 9498K/10055K, paused 13ms+2ms
I/GTalkService/c(  453): [AndroidEndpoint@1094512288] connect: acct=1000001, state=CONNECTING
D/ConnectivityService(  154): handleInetConditionHoldEnd: net=0, condition=100, published condition=0
I/EventLogService(  453): Aggregate from 1333739029162 (log), 1333739029162 (data)
I/ServiceDumpSys(  453): dumping service [account]
D/dalvikvm(  453): GC_CONCURRENT freed 423K, 7% free 10070K/10759K, paused 2ms+2ms
D/dalvikvm(  154): GC_CONCURRENT freed 949K, 12% free 13252K/14983K, paused 17ms+5ms
I/CheckinService(  453): Preparing to send checkin request
I/EventLogService(  453): Accumulating logs since 1333740829255
I/CheckinTask(  453): Sending checkin request (1719 bytes)
D/dalvikvm(  453): GC_CONCURRENT freed 355K, 6% free 10120K/10759K, paused 2ms+2ms
I/CheckinTask(  453): Checkin success: https://android.clients.google.com/checkin (1 requests sent)
D/dalvikvm(  218): GC_CONCURRENT freed 392K, 8% free 9861K/10631K, paused 1ms+2ms
D/dalvikvm(  154): GC_CONCURRENT freed 927K, 12% free 13264K/14983K, paused 2ms+5ms
W/Smack/Packet(  453): notify conn break (IOEx), close connection
I/qtaguid (  453): Failed write_ctrl(u 67) res=-1 errno=22
I/qtaguid (  453): Untagging socket 67 failed errno=-22
W/NetworkManagementSocketTagger(  453): untagSocket(67) failed with errno -22
D/ConnectivityService(  154): handleInetConditionHoldEnd: net=0, condition=0, published condition=100
I/GTalkService/c(  453): [AndroidEndpoint@1094512288] connect: acct=1000001, state=CONNECTING
D/dalvikvm(  453): GC_CONCURRENT freed 410K, 7% free 10099K/10759K, paused 14ms+2ms
W/Smack/Packet(  453): notify conn break (IOEx), close connection
E/GTalkService(  453): connectionClosed: no XMPPConnection - That's strange!
D/ConnectivityService(  154): handleInetConditionHoldEnd: net=0, condition=0, published condition=0
I/GTalkService/c(  453): [AndroidEndpoint@1094512288] connect: acct=1000001, state=CONNECTING
D/AlarmManagerService(  154): Kernel timezone updated to 240 minutes west of GMT
D/SystemClock(  314): Setting time of day to sec=1333742487
V/AlarmClock(  555): AlarmInitReceiver finished
D/dalvikvm(  154): GC_EXPLICIT freed 717K, 12% free 13231K/14983K, paused 2ms+5ms
D/dalvikvm(  935): GC_CONCURRENT freed 295K, 5% free 9198K/9607K, paused 1ms+2ms
D/ConnectivityService(  154): handleInetConditionHoldEnd: net=0, condition=100, published condition=0
W/Smack/Packet(  453): notify conn break (IOEx), close connection
D/ConnectivityService(  154): handleInetConditionHoldEnd: net=0, condition=0, published condition=100
I/GTalkService/c(  453): [AndroidEndpoint@1094512288] connect: acct=1000001, state=CONNECTING
D/dalvikvm(  453): GC_CONCURRENT freed 405K, 7% free 10078K/10759K, paused 2ms+2ms
W/Smack/Packet(  453): notify conn break (IOEx), close connection
D/ConnectivityService(  154): handleInetConditionHoldEnd: net=0, condition=0, published condition=0
I/EventLogService(  453): Aggregate from 1333741220996 (log), 1333740829255 (data)
I/ServiceDumpSys(  453): dumping service [account]
I/GTalkService/c(  453): [AndroidEndpoint@1094512288] connect: acct=1000001, state=CONNECTING
D/dalvikvm(  453): GC_CONCURRENT freed 395K, 7% free 10068K/10759K, paused 2ms+3ms
D/ConnectivityService(  154): handleInetConditionHoldEnd: net=0, condition=100, published condition=0
W/Smack/Packet(  453): notify conn break (IOEx), close connection
D/ConnectivityService(  154): handleInetConditionHoldEnd: net=0, condition=0, published condition=100
I/GTalkService/c(  453): [AndroidEndpoint@1094512288] connect: acct=1000001, state=CONNECTING
D/ConnectivityService(  154): handleInetConditionHoldEnd: net=0, condition=100, published condition=0
W/Smack/Packet(  453): notify conn break (IOEx), close connection
D/ConnectivityService(  154): handleInetConditionHoldEnd: net=0, condition=0, published condition=100
I/GTalkService/c(  453): [AndroidEndpoint@1094512288] connect: acct=1000001, state=CONNECTING
D/dalvikvm(  453): GC_CONCURRENT freed 385K, 7% free 10078K/10759K, paused 1ms+3ms
W/Smack/Packet(  453): notify conn break (IOEx), close connection
D/ConnectivityService(  154): handleInetConditionHoldEnd: net=0, condition=0, published condition=0
I/GTalkService/c(  453): [AndroidEndpoint@1094512288] connect: acct=1000001, state=CONNECTING
D/ConnectivityService(  154): handleInetConditionHoldEnd: net=0, condition=100, published condition=0
W/Smack/Packet(  453): notify conn break (IOEx), close connection
D/ConnectivityService(  154): handleInetConditionHoldEnd: net=0, condition=0, published condition=100
I/GTalkService/c(  453): [AndroidEndpoint@1094512288] connect: acct=1000001, state=CONNECTING
D/dalvikvm(  453): GC_CONCURRENT freed 416K, 7% free 10059K/10759K, paused 14ms+3ms
D/ConnectivityService(  154): handleInetConditionHoldEnd: net=0, condition=100, published condition=0
W/Smack/Packet(  453): notify conn break (IOEx), close connection
D/ConnectivityService(  154): handleInetConditionHoldEnd: net=0, condition=0, published condition=100
I/GTalkService/c(  453): [AndroidEndpoint@1094512288] connect: acct=1000001, state=CONNECTING
D/dalvikvm(  453): GC_CONCURRENT freed 387K, 7% free 10066K/10759K, paused 2ms+2ms
D/ConnectivityService(  154): handleInetConditionHoldEnd: net=0, condition=100, published condition=0
W/Smack/Packet(  453): notify conn break (IOEx), close connection
D/ConnectivityService(  154): handleInetConditionHoldEnd: net=0, condition=0, published condition=100
I/GTalkService/c(  453): [AndroidEndpoint@1094512288] connect: acct=1000001, state=CONNECTING
D/ConnectivityService(  154): handleInetConditionHoldEnd: net=0, condition=100, published condition=0
W/Smack/Packet(  453): notify conn break (IOEx), close connection
D/ConnectivityService(  154): handleInetConditionHoldEnd: net=0, condition=0, published condition=100
I/GTalkService/c(  453): [AndroidEndpoint@1094512288] connect: acct=1000001, state=CONNECTING
D/dalvikvm(  453): GC_CONCURRENT freed 382K, 7% free 10080K/10759K, paused 2ms+3ms
D/ConnectivityService(  154): handleInetConditionHoldEnd: net=0, condition=100, published condition=0
W/Smack/Packet(  453): notify conn break (IOEx), close connection
D/ConnectivityService(  154): handleInetConditionHoldEnd: net=0, condition=0, published condition=100
I/GTalkService/c(  453): [AndroidEndpoint@1094512288] connect: acct=1000001, state=CONNECTING
D/dalvikvm(  154): GC_CONCURRENT freed 882K, 12% free 13278K/14983K, paused 17ms+6ms
D/ConnectivityService(  154): handleInetConditionHoldEnd: net=0, condition=100, published condition=0
W/Smack/Packet(  453): notify conn break (IOEx), close connection
D/ConnectivityService(  154): handleInetConditionHoldEnd: net=0, condition=0, published condition=100
I/GTalkService/c(  453): [AndroidEndpoint@1094512288] connect: acct=1000001, state=CONNECTING
D/dalvikvm(  453): GC_CONCURRENT freed 416K, 7% free 10058K/10759K, paused 44ms+3ms
D/ConnectivityService(  154): handleInetConditionHoldEnd: net=0, condition=100, published condition=0
W/Smack/Packet(  453): notify conn break (IOEx), close connection
D/ConnectivityService(  154): handleInetConditionHoldEnd: net=0, condition=0, published condition=100
I/GTalkService/c(  453): [AndroidEndpoint@1094512288] connect: acct=1000001, state=CONNECTING
D/dalvikvm(  453): GC_CONCURRENT freed 388K, 7% free 10065K/10759K, paused 2ms+2ms
D/ConnectivityService(  154): handleInetConditionHoldEnd: net=0, condition=100, published condition=0
W/Smack/Packet(  453): notify conn break (IOEx), close connection
D/ConnectivityService(  154): handleInetConditionHoldEnd: net=0, condition=0, published condition=100
I/GTalkService/c(  453): [AndroidEndpoint@1094512288] connect: acct=1000001, state=CONNECTING
D/ConnectivityService(  154): handleInetConditionHoldEnd: net=0, condition=100, published condition=0
W/Smack/Packet(  453): notify conn break (IOEx), close connection
D/ConnectivityService(  154): handleInetConditionHoldEnd: net=0, condition=0, published condition=100
I/GTalkService/c(  453): [AndroidEndpoint@1094512288] connect: acct=1000001, state=CONNECTING
D/dalvikvm(  453): GC_CONCURRENT freed 382K, 7% free 10078K/10759K, paused 2ms+2ms
D/dalvikvm(  154): GC_EXPLICIT freed 389K, 12% free 13198K/14983K, paused 20ms+5ms
D/ConnectivityService(  154): handleInetConditionHoldEnd: net=0, condition=100, published condition=0
W/Smack/Packet(  453): notify conn break (IOEx), close connection
D/ConnectivityService(  154): handleInetConditionHoldEnd: net=0, condition=0, published condition=100
I/GTalkService/c(  453): [AndroidEndpoint@1094512288] connect: acct=1000001, state=CONNECTING
D/ConnectivityService(  154): handleInetConditionHoldEnd: net=0, condition=100, published condition=0
W/Smack/Packet(  453): notify conn break (IOEx), close connection
D/ConnectivityService(  154): handleInetConditionHoldEnd: net=0, condition=0, published condition=100
I/GTalkService/c(  453): [AndroidEndpoint@1094512288] connect: acct=1000001, state=CONNECTING
D/dalvikvm(  453): GC_CONCURRENT freed 417K, 7% free 10057K/10759K, paused 14ms+3ms
D/ConnectivityService(  154): handleInetConditionHoldEnd: net=0, condition=100, published condition=0
W/Smack/Packet(  453): notify conn break (IOEx), close connection
D/ConnectivityService(  154): handleInetConditionHoldEnd: net=0, condition=0, published condition=100
D/dalvikvm(  218): GC_CONCURRENT freed 385K, 8% free 9861K/10631K, paused 1ms+2ms
I/GTalkService/c(  453): [AndroidEndpoint@1094512288] connect: acct=1000001, state=CONNECTING
D/dalvikvm(  453): GC_CONCURRENT freed 385K, 7% free 10056K/10759K, paused 2ms+3ms
D/ConnectivityService(  154): handleInetConditionHoldEnd: net=0, condition=100, published condition=0
W/Smack/Packet(  453): notify conn break (IOEx), close connection
D/ConnectivityService(  154): handleInetConditionHoldEnd: net=0, condition=0, published condition=100
I/GTalkService/c(  453): [AndroidEndpoint@1094512288] connect: acct=1000001, state=CONNECTING
D/ConnectivityService(  154): handleInetConditionHoldEnd: net=0, condition=100, published condition=0
W/Smack/Packet(  453): notify conn break (IOEx), close connection
D/ConnectivityService(  154): handleInetConditionHoldEnd: net=0, condition=0, published condition=100
I/GTalkService/c(  453): [AndroidEndpoint@1094512288] connect: acct=1000001, state=CONNECTING
D/dalvikvm(  453): GC_CONCURRENT freed 383K, 7% free 10080K/10759K, paused 2ms+2ms
D/ConnectivityService(  154): handleInetConditionHoldEnd: net=0, condition=100, published condition=0
W/Smack/Packet(  453): notify conn break (IOEx), close connection
D/ConnectivityService(  154): handleInetConditionHoldEnd: net=0, condition=0, published condition=100
I/GTalkService/c(  453): [AndroidEndpoint@1094512288] connect: acct=1000001, state=CONNECTING
D/ConnectivityService(  154): handleInetConditionHoldEnd: net=0, condition=100, published condition=0
W/Smack/Packet(  453): notify conn break (IOEx), close connection
D/ConnectivityService(  154): handleInetConditionHoldEnd: net=0, condition=0, published condition=100
I/GTalkService/c(  453): [AndroidEndpoint@1094512288] connect: acct=1000001, state=CONNECTING
D/dalvikvm(  453): GC_CONCURRENT freed 418K, 7% free 10057K/10759K, paused 14ms+3ms
D/ConnectivityService(  154): handleInetConditionHoldEnd: net=0, condition=100, published condition=0
W/Smack/Packet(  453): notify conn break (IOEx), close connection
D/ConnectivityService(  154): handleInetConditionHoldEnd: net=0, condition=0, published condition=100
I/GTalkService/c(  453): [AndroidEndpoint@1094512288] connect: acct=1000001, state=CONNECTING
D/dalvikvm(  453): GC_CONCURRENT freed 386K, 7% free 10065K/10759K, paused 1ms+2ms
D/ConnectivityService(  154): handleInetConditionHoldEnd: net=0, condition=100, published condition=0
W/Smack/Packet(  453): notify conn break (IOEx), close connection
D/ConnectivityService(  154): handleInetConditionHoldEnd: net=0, condition=0, published condition=100
I/GTalkService/c(  453): [AndroidEndpoint@1094512288] connect: acct=1000001, state=CONNECTING
D/ConnectivityService(  154): handleInetConditionHoldEnd: net=0, condition=100, published condition=0
D/dalvikvm( 1212): GC_CONCURRENT freed 389K, 8% free 10002K/10759K, paused 12ms+2ms
W/Smack/Packet(  453): notify conn break (IOEx), close connection
D/ConnectivityService(  154): handleInetConditionHoldEnd: net=0, condition=0, published condition=100
I/GTalkService/c(  453): [AndroidEndpoint@1094512288] connect: acct=1000001, state=CONNECTING
D/dalvikvm(  453): GC_CONCURRENT freed 382K, 7% free 10078K/10759K, paused 2ms+3ms
D/ConnectivityService(  154): handleInetConditionHoldEnd: net=0, condition=100, published condition=0
W/Smack/Packet(  453): notify conn break (IOEx), close connection
D/ConnectivityService(  154): handleInetConditionHoldEnd: net=0, condition=0, published condition=100
I/GTalkService/c(  453): [AndroidEndpoint@1094512288] connect: acct=1000001, state=CONNECTING
D/ConnectivityService(  154): handleInetConditionHoldEnd: net=0, condition=100, published condition=0
W/Smack/Packet(  453): notify conn break (IOEx), close connection
D/ConnectivityService(  154): handleInetConditionHoldEnd: net=0, condition=0, published condition=100
D/dalvikvm(  154): GC_CONCURRENT freed 852K, 12% free 13277K/14983K, paused 2ms+6ms
I/GTalkService/c(  453): [AndroidEndpoint@1094512288] connect: acct=1000001, state=CONNECTING
D/dalvikvm(  453): GC_CONCURRENT freed 415K, 7% free 10057K/10759K, paused 14ms+3ms
D/ConnectivityService(  154): handleInetConditionHoldEnd: net=0, condition=100, published condition=0
W/Smack/Packet(  453): notify conn break (IOEx), close connection
D/ConnectivityService(  154): handleInetConditionHoldEnd: net=0, condition=0, published condition=100
I/GTalkService/c(  453): [AndroidEndpoint@1094512288] connect: acct=1000001, state=CONNECTING
D/dalvikvm(  314): GC_CONCURRENT freed 417K, 6% free 9500K/10055K, paused 13ms+2ms
D/dalvikvm(  453): GC_CONCURRENT freed 387K, 7% free 10064K/10759K, paused 1ms+3ms
D/ConnectivityService(  154): handleInetConditionHoldEnd: net=0, condition=100, published condition=0
W/Smack/Packet(  453): notify conn break (IOEx), close connection
D/ConnectivityService(  154): handleInetConditionHoldEnd: net=0, condition=0, published condition=100
I/GTalkService/c(  453): [AndroidEndpoint@1094512288] connect: acct=1000001, state=CONNECTING
D/ConnectivityService(  154): handleInetConditionHoldEnd: net=0, condition=100, published condition=0
W/Smack/Packet(  453): notify conn break (IOEx), close connection
D/ConnectivityService(  154): handleInetConditionHoldEnd: net=0, condition=0, published condition=100
I/GTalkService/c(  453): [AndroidEndpoint@1094512288] connect: acct=1000001, state=CONNECTING
D/dalvikvm(  453): GC_CONCURRENT freed 382K, 7% free 10078K/10759K, paused 2ms+2ms
D/ConnectivityService(  154): handleInetConditionHoldEnd: net=0, condition=100, published condition=0
W/Smack/Packet(  453): notify conn break (IOEx), close connection
D/ConnectivityService(  154): handleInetConditionHoldEnd: net=0, condition=0, published condition=100
I/GTalkService/c(  453): [AndroidEndpoint@1094512288] connect: acct=1000001, state=CONNECTING
D/dalvikvm(  154): GC_EXPLICIT freed 400K, 12% free 13196K/14983K, paused 5ms+5ms
D/ConnectivityService(  154): handleInetConditionHoldEnd: net=0, condition=100, published condition=0
