W/Smack/Packet(  453): notify conn break (IOEx), close connection
D/ConnectivityService(  154): handleInetConditionHoldEnd: net=0, condition=0, published condition=100
I/GTalkService/c(  453): [AndroidEndpoint@1094512288] connect: acct=1000001, state=CONNECTING
D/dalvikvm(  453): GC_CONCURRENT freed 414K, 7% free 10057K/10759K, paused 13ms+3ms
D/ConnectivityService(  154): handleInetConditionHoldEnd: net=0, condition=100, published condition=0
W/Smack/Packet(  453): notify conn break (IOEx), close connection
D/ConnectivityService(  154): handleInetConditionHoldEnd: net=0, condition=0, published condition=100
I/GTalkService/c(  453): [AndroidEndpoint@1094512288] connect: acct=1000001, state=CONNECTING
D/dalvikvm(  453): GC_CONCURRENT freed 386K, 7% free 10064K/10759K, paused 2ms+3ms
D/ConnectivityService(  154): handleInetConditionHoldEnd: net=0, condition=100, published condition=0
W/Smack/Packet(  453): notify conn break (IOEx), close connection
D/ConnectivityService(  154): handleInetConditionHoldEnd: net=0, condition=0, published condition=100
I/GTalkService/c(  453): [AndroidEndpoint@1094512288] connect: acct=1000001, state=CONNECTING
D/ConnectivityService(  154): handleInetConditionHoldEnd: net=0, condition=100, published condition=0
W/Smack/Packet(  453): notify conn break (IOEx), close connection
D/ConnectivityService(  154): handleInetConditionHoldEnd: net=0, condition=0, published condition=100
I/GTalkService/c(  453): [AndroidEndpoint@1094512288] connect: acct=1000001, state=CONNECTING
D/dalvikvm(  453): GC_CONCURRENT freed 382K, 7% free 10077K/10759K, paused 1ms+3ms
D/ConnectivityService(  154): handleInetConditionHoldEnd: net=0, condition=100, published condition=0
W/Smack/Packet(  453): notify conn break (IOEx), close connection
D/ConnectivityService(  154): handleInetConditionHoldEnd: net=0, condition=0, published condition=100
I/GTalkService/c(  453): [AndroidEndpoint@1094512288] connect: acct=1000001, state=CONNECTING
D/ConnectivityService(  154): handleInetConditionHoldEnd: net=0, condition=100, published condition=0
W/Smack/Packet(  453): notify conn break (IOEx), close connection
D/ConnectivityService(  154): handleInetConditionHoldEnd: net=0, condition=0, published condition=100
I/GTalkService/c(  453): [AndroidEndpoint@1094512288] connect: acct=1000001, state=CONNECTING
D/dalvikvm(  453): GC_CONCURRENT freed 416K, 7% free 10056K/10759K, paused 14ms+3ms
D/ConnectivityService(  154): handleInetConditionHoldEnd: net=0, condition=100, published condition=0
W/Smack/Packet(  453): notify conn break (IOEx), close connection
D/ConnectivityService(  154): handleInetConditionHoldEnd: net=0, condition=0, published condition=100
I/GTalkService/c(  453): [AndroidEndpoint@1094512288] connect: acct=1000001, state=CONNECTING
D/dalvikvm(  453): GC_CONCURRENT freed 385K, 7% free 10065K/10759K, paused 2ms+2ms
D/ConnectivityService(  154): handleInetConditionHoldEnd: net=0, condition=100, published condition=0
W/Smack/Packet(  453): notify conn break (IOEx), close connection
D/ConnectivityService(  154): handleInetConditionHoldEnd: net=0, condition=0, published condition=100
I/GTalkService/c(  453): [AndroidEndpoint@1094512288] connect: acct=1000001, state=CONNECTING
D/dalvikvm(  453): GC_EXPLICIT freed 241K, 7% free 10065K/10759K, paused 17ms+3ms
D/ConnectivityService(  154): handleInetConditionHoldEnd: net=0, condition=100, published condition=0
W/Smack/Packet(  453): notify conn break (IOEx), close connection
D/ConnectivityService(  154): handleInetConditionHoldEnd: net=0, condition=0, published condition=100
I/GTalkService/c(  453): [AndroidEndpoint@1094512288] connect: acct=1000001, state=CONNECTING
D/ConnectivityService(  154): handleInetConditionHoldEnd: net=0, condition=100, published condition=0
W/Smack/Packet(  453): notify conn break (IOEx), close connection
D/ConnectivityService(  154): handleInetConditionHoldEnd: net=0, condition=0, published condition=100
I/GTalkService/c(  453): [AndroidEndpoint@1094512288] connect: acct=1000001, state=CONNECTING
D/dalvikvm(  453): GC_CONCURRENT freed 377K, 7% free 10079K/10759K, paused 2ms+3ms
D/ConnectivityService(  154): handleInetConditionHoldEnd: net=0, condition=100, published condition=0
W/Smack/Packet(  453): notify conn break (IOEx), close connection
D/ConnectivityService(  154): handleInetConditionHoldEnd: net=0, condition=0, published condition=100
I/GTalkService/c(  453): [AndroidEndpoint@1094512288] connect: acct=1000001, state=CONNECTING
W/Smack/Packet(  453): notify conn break (IOEx), close connection
D/ConnectivityService(  154): handleInetConditionHoldEnd: net=0, condition=100, published condition=0
D/ConnectivityService(  154): handleInetConditionHoldEnd: net=0, condition=0, published condition=100
I/EventLogService(  453): Aggregate from 1333742629347 (log), 1333742629347 (data)
D/dalvikvm(  154): GC_CONCURRENT freed 842K, 12% free 13276K/14983K, paused 2ms+6ms
I/ServiceDumpSys(  453): dumping service [account]
D/dalvikvm(  453): GC_CONCURRENT freed 434K, 7% free 10041K/10759K, paused 3ms+3ms
I/dalvikvm( 1212): Total arena pages for JIT: 18
I/GTalkService/c(  453): [AndroidEndpoint@1094512288] connect: acct=1000001, state=CONNECTING
D/ConnectivityService(  154): handleInetConditionHoldEnd: net=0, condition=100, published condition=0
W/Smack/Packet(  453): notify conn break (IOEx), close connection
D/ConnectivityService(  154): handleInetConditionHoldEnd: net=0, condition=0, published condition=100
I/GTalkService/c(  453): [AndroidEndpoint@1094512288] connect: acct=1000001, state=CONNECTING
D/dalvikvm(  453): GC_CONCURRENT freed 379K, 7% free 10049K/10759K, paused 2ms+3ms
D/ConnectivityService(  154): handleInetConditionHoldEnd: net=0, condition=100, published condition=0
W/Smack/Packet(  453): notify conn break (IOEx), close connection
D/ConnectivityService(  154): handleInetConditionHoldEnd: net=0, condition=0, published condition=100
D/dalvikvm(  218): GC_CONCURRENT freed 394K, 8% free 9851K/10631K, paused 2ms+2ms
I/GTalkService/c(  453): [AndroidEndpoint@1094512288] connect: acct=1000001, state=CONNECTING
D/ConnectivityService(  154): handleInetConditionHoldEnd: net=0, condition=100, published condition=0
W/Smack/Packet(  453): notify conn break (IOEx), close connection
D/ConnectivityService(  154): handleInetConditionHoldEnd: net=0, condition=0, published condition=100
D/dalvikvm(  154): GC_EXPLICIT freed 777K, 12% free 13242K/14983K, paused 2ms+6ms
I/GTalkService/c(  453): [AndroidEndpoint@1094512288] connect: acct=1000001, state=CONNECTING
D/dalvikvm(  453): GC_CONCURRENT freed 391K, 7% free 10047K/10759K, paused 14ms+3ms
D/ConnectivityService(  154): handleInetConditionHoldEnd: net=0, condition=100, published condition=0
W/Smack/Packet(  453): notify conn break (IOEx), close connection
D/ConnectivityService(  154): handleInetConditionHoldEnd: net=0, condition=0, published condition=100
I/GTalkService/c(  453): [AndroidEndpoint@1094512288] connect: acct=1000001, state=CONNECTING
D/dalvikvm(  453): GC_CONCURRENT freed 392K, 7% free 10056K/10759K, paused 2ms+2ms
D/ConnectivityService(  154): handleInetConditionHoldEnd: net=0, condition=100, published condition=0
W/Smack/Packet(  453): notify conn break (IOEx), close connection
D/ConnectivityService(  154): handleInetConditionHoldEnd: net=0, condition=0, published condition=100
I/GTalkService/c(  453): [AndroidEndpoint@1094512288] connect: acct=1000001, state=CONNECTING
W/Smack/Packet(  453): notify conn break (IOEx), close connection
D/ConnectivityService(  154): handleInetConditionHoldEnd: net=0, condition=0, published condition=0
I/GTalkService/c(  453): [AndroidEndpoint@1094512288] connect: acct=1000001, state=CONNECTING
D/dalvikvm(  453): GC_CONCURRENT freed 386K, 7% free 10076K/10759K, paused 2ms+3ms
W/Smack/Packet(  453): notify conn break (IOEx), close connection
I/qtaguid (  453): Failed write_ctrl(u 67) res=-1 errno=22
I/qtaguid (  453): Untagging socket 67 failed errno=-22
W/NetworkManagementSocketTagger(  453): untagSocket(67) failed with errno -22
E/GTalkService(  453): connectionClosed: no XMPPConnection - That's strange!
D/ConnectivityService(  154): handleInetConditionHoldEnd: net=0, condition=0, published condition=0
I/GTalkService/c(  453): [AndroidEndpoint@1094512288] connect: acct=1000001, state=CONNECTING
D/ConnectivityService(  154): handleInetConditionHoldEnd: net=0, condition=100, published condition=0
W/Smack/Packet(  453): notify conn break (IOEx), close connection
D/ConnectivityService(  154): handleInetConditionHoldEnd: net=0, condition=0, published condition=100
I/GTalkService/c(  453): [AndroidEndpoint@1094512288] connect: acct=1000001, state=CONNECTING
D/dalvikvm(  453): GC_CONCURRENT freed 409K, 7% free 10057K/10759K, paused 14ms+3ms
D/ConnectivityService(  154): handleInetConditionHoldEnd: net=0, condition=100, published condition=0
W/Smack/Packet(  453): notify conn break (IOEx), close connection
D/ConnectivityService(  154): handleInetConditionHoldEnd: net=0, condition=0, published condition=100
D/dalvikvm(  154): GC_CONCURRENT freed 923K, 12% free 13291K/14983K, paused 2ms+6ms
I/GTalkService/c(  453): [AndroidEndpoint@1094512288] connect: acct=1000001, state=CONNECTING
D/dalvikvm(  453): GC_CONCURRENT freed 385K, 7% free 10057K/10759K, paused 2ms+2ms
D/ConnectivityService(  154): handleInetConditionHoldEnd: net=0, condition=100, published condition=0
W/Smack/Packet(  453): notify conn break (IOEx), close connection
D/ConnectivityService(  154): handleInetConditionHoldEnd: net=0, condition=0, published condition=100
D/AlarmManagerService(  154): Kernel timezone updated to 240 minutes west of GMT
V/AlarmClock(  555): AlarmInitReceiver finished
D/SystemClock(  314): Setting time of day to sec=1333746089
I/EventLogService(  453): Aggregate from 1333744429441 (log), 1333744429441 (data)
I/ServiceDumpSys(  453): dumping service [account]
I/GTalkService/c(  453): [AndroidEndpoint@1094512288] connect: acct=1000001, state=CONNECTING
W/Smack/Packet(  453): notify conn break (IOEx), close connection
E/GTalkService(  453): connectionClosed: no XMPPConnection - That's strange!
D/ConnectivityService(  154): handleInetConditionHoldEnd: net=0, condition=0, published condition=0
I/GTalkService/c(  453): [AndroidEndpoint@1094512288] connect: acct=1000001, state=CONNECTING
D/dalvikvm(  453): GC_CONCURRENT freed 395K, 7% free 10051K/10759K, paused 14ms+3ms
W/Smack/Packet(  453): notify conn break (IOEx), close connection
W/GTalkService(  453): connectionEstablished for 1000001 - caught java.lang.IllegalStateException: Not connected to server.
W/GTalkService(  453): [AndroidEndpoint@1094512288] doConnect: reset connection state to PENDING
D/ConnectivityService(  154): handleInetConditionHoldEnd: net=0, condition=0, published condition=0
D/dalvikvm(  218): GC_CONCURRENT freed 373K, 8% free 9864K/10631K, paused 2ms+3ms
D/dalvikvm(  154): GC_CONCURRENT freed 985K, 12% free 13256K/14983K, paused 2ms+5ms
I/GTalkService/c(  453): [AndroidEndpoint@1094512288] connect: acct=1000001, state=CONNECTING
D/dalvikvm(  453): GC_CONCURRENT freed 392K, 7% free 10057K/10759K, paused 2ms+3ms
D/ConnectivityService(  154): handleInetConditionHoldEnd: net=0, condition=100, published condition=0
W/Smack/Packet(  453): notify conn break (IOEx), close connection
D/ConnectivityService(  154): handleInetConditionHoldEnd: net=0, condition=0, published condition=100
D/dalvikvm(  314): GC_CONCURRENT freed 417K, 6% free 9500K/10055K, paused 12ms+2ms
I/GTalkService/c(  453): [AndroidEndpoint@1094512288] connect: acct=1000001, state=CONNECTING
W/Smack/Packet(  453): notify conn break (IOEx), close connection
D/ConnectivityService(  154): handleInetConditionHoldEnd: net=0, condition=0, published condition=0
I/GTalkService/c(  453): [AndroidEndpoint@1094512288] connect: acct=1000001, state=CONNECTING
D/dalvikvm(  453): GC_CONCURRENT freed 380K, 7% free 10079K/10759K, paused 2ms+3ms
D/ConnectivityService(  154): handleInetConditionHoldEnd: net=0, condition=100, published condition=0
W/Smack/Packet(  453): notify conn break (IOEx), close connection
D/ConnectivityService(  154): handleInetConditionHoldEnd: net=0, condition=0, published condition=100
I/GTalkService/c(  453): [AndroidEndpoint@1094512288] connect: acct=1000001, state=CONNECTING
W/Smack/Packet(  453): notify conn break (IOEx), close connection
D/ConnectivityService(  154): handleInetConditionHoldEnd: net=0, condition=0, published condition=0
I/GTalkService/c(  453): [AndroidEndpoint@1094512288] connect: acct=1000001, state=CONNECTING
D/dalvikvm(  154): GC_EXPLICIT freed 427K, 12% free 13202K/14983K, paused 15ms+5ms
D/dalvikvm(  453): GC_CONCURRENT freed 415K, 7% free 10058K/10759K, paused 14ms+3ms
W/Smack/Packet(  453): notify conn break (IOEx), close connection
D/ConnectivityService(  154): handleInetConditionHoldEnd: net=0, condition=100, published condition=0
D/ConnectivityService(  154): handleInetConditionHoldEnd: net=0, condition=0, published condition=100
I/GTalkService/c(  453): [AndroidEndpoint@1094512288] connect: acct=1000001, state=CONNECTING
D/dalvikvm(  453): GC_CONCURRENT freed 386K, 7% free 10066K/10759K, paused 2ms+2ms
D/ConnectivityService(  154): handleInetConditionHoldEnd: net=0, condition=100, published condition=0
W/Smack/Packet(  453): notify conn break (IOEx), close connection
D/ConnectivityService(  154): handleInetConditionHoldEnd: net=0, condition=0, published condition=100
I/GTalkService/c(  453): [AndroidEndpoint@1094512288] connect: acct=1000001, state=CONNECTING
D/ConnectivityService(  154): handleInetConditionHoldEnd: net=0, condition=100, published condition=0
W/Smack/Packet(  453): notify conn break (IOEx), close connection
D/ConnectivityService(  154): handleInetConditionHoldEnd: net=0, condition=0, published condition=100
I/GTalkService/c(  453): [AndroidEndpoint@1094512288] connect: acct=1000001, state=CONNECTING
D/dalvikvm(  453): GC_CONCURRENT freed 387K, 7% free 10079K/10759K, paused 2ms+3ms
D/ConnectivityService(  154): handleInetConditionHoldEnd: net=0, condition=100, published condition=0
W/Smack/Packet(  453): notify conn break (IOEx), close connection
D/ConnectivityService(  154): handleInetConditionHoldEnd: net=0, condition=0, published condition=100
D/dalvikvm(  154): GC_CONCURRENT freed 870K, 12% free 13255K/14983K, paused 2ms+5ms
I/EventLogService(  453): Aggregate from 1333746229627 (log), 1333746229627 (data)
I/ServiceDumpSys(  453): dumping service [account]
I/GTalkService/c(  453): [AndroidEndpoint@1094512288] connect: acct=1000001, state=CONNECTING
D/dalvikvm(  453): GC_CONCURRENT freed 393K, 7% free 10070K/10759K, paused 1ms+3ms
D/ConnectivityService(  154): handleInetConditionHoldEnd: net=0, condition=100, published condition=0
W/Smack/Packet(  453): notify conn break (IOEx), close connection
D/ConnectivityService(  154): handleInetConditionHoldEnd: net=0, condition=0, published condition=100
I/GTalkService/c(  453): [AndroidEndpoint@1094512288] connect: acct=1000001, state=CONNECTING
D/ConnectivityService(  154): handleInetConditionHoldEnd: net=0, condition=100, published condition=0
W/Smack/Packet(  453): notify conn break (IOEx), close connection
D/ConnectivityService(  154): handleInetConditionHoldEnd: net=0, condition=0, published condition=100
I/GTalkService/c(  453): [AndroidEndpoint@1094512288] connect: acct=1000001, state=CONNECTING
D/dalvikvm(  453): GC_CONCURRENT freed 386K, 7% free 10080K/10759K, paused 2ms+3ms
D/ConnectivityService(  154): handleInetConditionHoldEnd: net=0, condition=100, published condition=0
I/CheckinService(  453): Preparing to send checkin request
I/EventLogService(  453): Accumulating logs since 1333748029725
I/CheckinTask(  453): Sending checkin request (1636 bytes)
D/dalvikvm(  453): GC_CONCURRENT freed 376K, 7% free 10101K/10759K, paused 15ms+2ms
I/CheckinTask(  453): Checkin success: https://android.clients.google.com/checkin (1 requests sent)
D/dalvikvm(  154): GC_CONCURRENT freed 939K, 12% free 13266K/14983K, paused 17ms+5ms
D/dalvikvm(  218): GC_CONCURRENT freed 389K, 8% free 9859K/10631K, paused 2ms+2ms
D/dalvikvm(  154): GC_CONCURRENT freed 951K, 12% free 13254K/14983K, paused 2ms+5ms
D/AlarmManagerService(  154): Kernel timezone updated to 240 minutes west of GMT
D/SystemClock(  314): Setting time of day to sec=1333749692
V/AlarmClock(  555): AlarmInitReceiver finished
I/EventLogService(  453): Aggregate from 1333748429653 (log), 1333748029725 (data)
I/ServiceDumpSys(  453): dumping service [account]
W/Smack/Packet(  453): notify conn break (IOEx), close connection
I/qtaguid (  453): Failed write_ctrl(u 67) res=-1 errno=22
I/qtaguid (  453): Untagging socket 67 failed errno=-22
W/NetworkManagementSocketTagger(  453): untagSocket(67) failed with errno -22
D/ConnectivityService(  154): handleInetConditionHoldEnd: net=0, condition=0, published condition=100
I/GTalkService/c(  453): [AndroidEndpoint@1094512288] connect: acct=1000001, state=CONNECTING
D/dalvikvm(  453): GC_CONCURRENT freed 403K, 7% free 10084K/10759K, paused 2ms+3ms
D/ConnectivityService(  154): handleInetConditionHoldEnd: net=0, condition=100, published condition=0
W/Smack/Packet(  453): notify conn break (IOEx), close connection
D/ConnectivityService(  154): handleInetConditionHoldEnd: net=0, condition=0, published condition=100
D/dalvikvm( 1212): GC_CONCURRENT freed 385K, 8% free 10001K/10759K, paused 12ms+2ms
I/GTalkService/c(  453): [AndroidEndpoint@1094512288] connect: acct=1000001, state=CONNECTING
D/ConnectivityService(  154): handleInetConditionHoldEnd: net=0, condition=100, published condition=0
W/Smack/Packet(  453): notify conn break (IOEx), close connection
D/ConnectivityService(  154): handleInetConditionHoldEnd: net=0, condition=0, published condition=100
I/GTalkService/c(  453): [AndroidEndpoint@1094512288] connect: acct=1000001, state=CONNECTING
D/dalvikvm(  453): GC_CONCURRENT freed 419K, 7% free 10061K/10759K, paused 14ms+2ms
D/ConnectivityService(  154): handleInetConditionHoldEnd: net=0, condition=100, published condition=0
W/Smack/Packet(  453): notify conn break (IOEx), close connection
D/ConnectivityService(  154): handleInetConditionHoldEnd: net=0, condition=0, published condition=100
I/GTalkService/c(  453): [AndroidEndpoint@1094512288] connect: acct=1000001, state=CONNECTING
D/dalvikvm(  453): GC_CONCURRENT freed 386K, 7% free 10068K/10759K, paused 2ms+3ms
D/dalvikvm(  154): GC_EXPLICIT freed 640K, 12% free 13239K/14983K, paused 11ms+5ms
D/ConnectivityService(  154): handleInetConditionHoldEnd: net=0, condition=100, published condition=0
D/dalvikvm( 1170): GC_CONCURRENT freed 378K, 5% free 10137K/10631K, paused 2ms+2ms
W/Smack/Packet(  453): notify conn break (IOEx), close connection
D/ConnectivityService(  154): handleInetConditionHoldEnd: net=0, condition=0, published condition=100
I/GTalkService/c(  453): [AndroidEndpoint@1094512288] connect: acct=1000001, state=CONNECTING
D/ConnectivityService(  154): handleInetConditionHoldEnd: net=0, condition=100, published condition=0
W/Smack/Packet(  453): notify conn break (IOEx), close connection
D/ConnectivityService(  154): handleInetConditionHoldEnd: net=0, condition=0, published condition=100
I/GTalkService/c(  453): [AndroidEndpoint@1094512288] connect: acct=1000001, state=CONNECTING
D/dalvikvm(  453): GC_CONCURRENT freed 374K, 7% free 10083K/10759K, paused 2ms+2ms
D/ConnectivityService(  154): handleInetConditionHoldEnd: net=0, condition=100, published condition=0
W/Smack/Packet(  453): notify conn break (IOEx), close connection
D/ConnectivityService(  154): handleInetConditionHoldEnd: net=0, condition=0, published condition=100
I/GTalkService/c(  453): [AndroidEndpoint@1094512288] connect: acct=1000001, state=CONNECTING
D/ConnectivityService(  154): handleInetConditionHoldEnd: net=0, condition=100, published condition=0
W/Smack/Packet(  453): notify conn break (IOEx), close connection
D/ConnectivityService(  154): handleInetConditionHoldEnd: net=0, condition=0, published condition=100
I/GTalkService/c(  453): [AndroidEndpoint@1094512288] connect: acct=1000001, state=CONNECTING
D/dalvikvm(  453): GC_CONCURRENT freed 426K, 7% free 10059K/10759K, paused 13ms+3ms
D/ConnectivityService(  154): handleInetConditionHoldEnd: net=0, condition=100, published condition=0
W/Smack/Packet(  453): notify conn break (IOEx), close connection
D/ConnectivityService(  154): handleInetConditionHoldEnd: net=0, condition=0, published condition=100
I/GTalkService/c(  453): [AndroidEndpoint@1094512288] connect: acct=1000001, state=CONNECTING
D/dalvikvm(  453): GC_CONCURRENT freed 386K, 7% free 10067K/10759K, paused 2ms+2ms
D/ConnectivityService(  154): handleInetConditionHoldEnd: net=0, condition=100, published condition=0
W/Smack/Packet(  453): notify conn break (IOEx), close connection
D/ConnectivityService(  154): handleInetConditionHoldEnd: net=0, condition=0, published condition=100
I/GTalkService/c(  453): [AndroidEndpoint@1094512288] connect: acct=1000001, state=CONNECTING
D/ConnectivityService(  154): handleInetConditionHoldEnd: net=0, condition=100, published condition=0
W/Smack/Packet(  453): notify conn break (IOEx), close connection
D/ConnectivityService(  154): handleInetConditionHoldEnd: net=0, condition=0, published condition=100
I/GTalkService/c(  453): [AndroidEndpoint@1094512288] connect: acct=1000001, state=CONNECTING
D/dalvikvm(  453): GC_CONCURRENT freed 382K, 7% free 10080K/10759K, paused 2ms+3ms
D/ConnectivityService(  154): handleInetConditionHoldEnd: net=0, condition=100, published condition=0
W/Smack/Packet(  453): notify conn break (IOEx), close connection
D/ConnectivityService(  154): handleInetConditionHoldEnd: net=0, condition=0, published condition=100
I/GTalkService/c(  453): [AndroidEndpoint@1094512288] connect: acct=1000001, state=CONNECTING
D/ConnectivityService(  154): handleInetConditionHoldEnd: net=0, condition=100, published condition=0
W/Smack/Packet(  453): notify conn break (IOEx), close connection
D/ConnectivityService(  154): handleInetConditionHoldEnd: net=0, condition=0, published condition=100
I/GTalkService/c(  453): [AndroidEndpoint@1094512288] connect: acct=1000001, state=CONNECTING
D/dalvikvm(  453): GC_CONCURRENT freed 414K, 7% free 10060K/10759K, paused 14ms+3ms
D/ConnectivityService(  154): handleInetConditionHoldEnd: net=0, condition=100, published condition=0
W/Smack/Packet(  453): notify conn break (IOEx), close connection
D/ConnectivityService(  154): handleInetConditionHoldEnd: net=0, condition=0, published condition=100
I/GTalkService/c(  453): [AndroidEndpoint@1094512288] connect: acct=1000001, state=CONNECTING
D/dalvikvm(  453): GC_CONCURRENT freed 386K, 7% free 10068K/10759K, paused 2ms+2ms
D/ConnectivityService(  154): handleInetConditionHoldEnd: net=0, condition=100, published condition=0
W/Smack/Packet(  453): notify conn break (IOEx), close connection
D/ConnectivityService(  154): handleInetConditionHoldEnd: net=0, condition=0, published condition=100
I/GTalkService/c(  453): [AndroidEndpoint@1094512288] connect: acct=1000001, state=CONNECTING
D/ConnectivityService(  154): handleInetConditionHoldEnd: net=0, condition=100, published condition=0
W/Smack/Packet(  453): notify conn break (IOEx), close connection
D/ConnectivityService(  154): handleInetConditionHoldEnd: net=0, condition=0, published condition=100
D/dalvikvm(  218): GC_CONCURRENT freed 381K, 8% free 9862K/10631K, paused 1ms+3ms
I/GTalkService/c(  453): [AndroidEndpoint@1094512288] connect: acct=1000001, state=CONNECTING
D/dalvikvm(  453): GC_CONCURRENT freed 383K, 7% free 10081K/10759K, paused 2ms+2ms
D/dalvikvm(  453): GC_EXPLICIT freed 145K, 7% free 10035K/10759K, paused 9ms+2ms
D/ConnectivityService(  154): handleInetConditionHoldEnd: net=0, condition=100, published condition=0
W/Smack/Packet(  453): notify conn break (IOEx), close connection
D/ConnectivityService(  154): handleInetConditionHoldEnd: net=0, condition=0, published condition=100
I/GTalkService/c(  453): [AndroidEndpoint@1094512288] connect: acct=1000001, state=CONNECTING
D/ConnectivityService(  154): handleInetConditionHoldEnd: net=0, condition=100, published condition=0
W/Smack/Packet(  453): notify conn break (IOEx), close connection
D/dalvikvm(  154): GC_CONCURRENT freed 886K, 12% free 13282K/14983K, paused 16ms+5ms
D/ConnectivityService(  154): handleInetConditionHoldEnd: net=0, condition=0, published condition=100
I/GTalkService/c(  453): [AndroidEndpoint@1094512288] connect: acct=1000001, state=CONNECTING
D/dalvikvm(  453): GC_CONCURRENT freed 357K, 7% free 10066K/10759K, paused 13ms+2ms
D/ConnectivityService(  154): handleInetConditionHoldEnd: net=0, condition=100, published condition=0
W/Smack/Packet(  453): notify conn break (IOEx), close connection
D/ConnectivityService(  154): handleInetConditionHoldEnd: net=0, condition=0, published condition=100
I/GTalkService/c(  453): [AndroidEndpoint@1094512288] connect: acct=1000001, state=CONNECTING
D/ConnectivityService(  154): handleInetConditionHoldEnd: net=0, condition=100, published condition=0
W/Smack/Packet(  453): notify conn break (IOEx), close connection
D/ConnectivityService(  154): handleInetConditionHoldEnd: net=0, condition=0, published condition=100
I/GTalkService/c(  453): [AndroidEndpoint@1094512288] connect: acct=1000001, state=CONNECTING
D/dalvikvm(  453): GC_CONCURRENT freed 395K, 7% free 10059K/10759K, paused 13ms+3ms
D/ConnectivityService(  154): handleInetConditionHoldEnd: net=0, condition=100, published condition=0
W/Smack/Packet(  453): notify conn break (IOEx), close connection
D/ConnectivityService(  154): handleInetConditionHoldEnd: net=0, condition=0, published condition=100
D/dalvikvm(  154): GC_EXPLICIT freed 313K, 13% free 13185K/14983K, paused 20ms+5ms
I/GTalkService/c(  453): [AndroidEndpoint@1094512288] connect: acct=1000001, state=CONNECTING
D/dalvikvm(  453): GC_CONCURRENT freed 379K, 7% free 10066K/10759K, paused 1ms+3ms
D/ConnectivityService(  154): handleInetConditionHoldEnd: net=0, condition=100, published condition=0
W/Smack/Packet(  453): notify conn break (IOEx), close connection
D/ConnectivityService(  154): handleInetConditionHoldEnd: net=0, condition=0, published condition=100
I/GTalkService/c(  453): [AndroidEndpoint@1094512288] connect: acct=1000001, state=CONNECTING
D/ConnectivityService(  154): handleInetConditionHoldEnd: net=0, condition=100, published condition=0
W/Smack/Packet(  453): notify conn break (IOEx), close connection
D/ConnectivityService(  154): handleInetConditionHoldEnd: net=0, condition=0, published condition=100
I/GTalkService/c(  453): [AndroidEndpoint@1094512288] connect: acct=1000001, state=CONNECTING
D/dalvikvm(  453): GC_CONCURRENT freed 383K, 7% free 10079K/10759K, paused 2ms+2ms
D/ConnectivityService(  154): handleInetConditionHoldEnd: net=0, condition=100, published condition=0
W/Smack/Packet(  453): notify conn break (IOEx), close connection
D/ConnectivityService(  154): handleInetConditionHoldEnd: net=0, condition=0, published condition=100
I/EventLogService(  453): Aggregate from 1333749829840 (log), 1333749829840 (data)
I/ServiceDumpSys(  453): dumping service [account]
D/dalvikvm(  154): GC_CONCURRENT freed 864K, 12% free 13237K/14983K, paused 2ms+5ms
I/GTalkService/c(  453): [AndroidEndpoint@1094512288] connect: acct=1000001, state=CONNECTING
D/dalvikvm(  453): GC_CONCURRENT freed 395K, 7% free 10070K/10759K, paused 2ms+2ms
D/ConnectivityService(  154): handleInetConditionHoldEnd: net=0, condition=100, published condition=0
W/Smack/Packet(  453): notify conn break (IOEx), close connection
D/ConnectivityService(  154): handleInetConditionHoldEnd: net=0, condition=0, published condition=100
I/GTalkService/c(  453): [AndroidEndpoint@1094512288] connect: acct=1000001, state=CONNECTING
D/ConnectivityService(  154): handleInetConditionHoldEnd: net=0, condition=100, published condition=0
W/Smack/Packet(  453): notify conn break (IOEx), close connection
D/ConnectivityService(  154): handleInetConditionHoldEnd: net=0, condition=0, published condition=100
D/dalvikvm(  314): GC_CONCURRENT freed 413K, 6% free 9504K/10055K, paused 17ms+2ms
I/GTalkService/c(  453): [AndroidEndpoint@1094512288] connect: acct=1000001, state=CONNECTING
D/dalvikvm(  453): GC_CONCURRENT freed 390K, 7% free 10080K/10759K, paused 2ms+3ms
D/ConnectivityService(  154): handleInetConditionHoldEnd: net=0, condition=100, published condition=0
I/power   (  154): *** set_screen_state 1
I/WindowManager(  154): Lock screen displayed!
D/SurfaceFlinger(   78): Screen about to return, flinger = 0x3d9918
D/PhoneStatusBar(  218): disable: < expand icons alerts ticker system_info BACK HOME recent* CLOCK >
D/AudioHardware(   81): AudioHardware pcm playback is exiting standby.
D/AudioHardware(   81): openPcmOut_l() mPcmOpenCnt: 0
W/InputManagerService(  154): Window already focused, ignoring focus gain of: com.android.internal.view.IInputMethodClient$Stub$Proxy@417141c8
D/PhoneStatusBar(  218): disable: < expand icons alerts ticker system_info back* home* recent clock* >
D/NfcService(  327): NFC-C ON
D/dalvikvm(  154): GC_CONCURRENT freed 901K, 11% free 13393K/14983K, paused 4ms+9ms
D/PhoneStatusBar(  218): disable: < EXPAND* icons alerts ticker system_info back home recent clock >
D/BluetoothAdapterStateMachine(  154): HotOff process message: 55
I/NfcService(  327): Disabling NFC
D/BluetoothEventLoop(  154): Property Changed: UUIDs : 9
E/BluetoothService.cpp(  154): setBluetoothTetheringNative false
D/NdefPushServer(  327): stop, thread = Thread[Thread-36,5,main]
D/NdefPushServer(  327): shuting down server thread
D/BluetoothEventLoop(  154): Property Changed: UUIDs : 8
D/BluetoothEventLoop(  154): Property Changed: UUIDs : 7
D/BluetoothEventLoop(  154): Property Changed: UUIDs : 6
D/BluetoothEventLoop(  154): Property Changed: UUIDs : 5
D/PhoneStatusBar(  218): disable: < expand* icons alerts ticker system_info back home recent clock >
W/InputManagerService(  154): Window already focused, ignoring focus gain of: com.android.internal.view.IInputMethodClient$Stub$Proxy@4149c880
I/bluedroid(  154): Stopping bluetoothd deamon
D/NFC JNI (  327): Terminating client thread...
D/NFC JNI (  327): phLibNfc_Mgt_UnConfigureDriver() returned 0x0000[NFCSTATUS_SUCCESS]
I/bluedroid(  154): Stopping hciattach deamon
D/BluetoothAdapterStateMachine(  154): Bluetooth state 10 -> 10
D/ConnectivityService(  154): ConnectivityChange for mobile: DISCONNECTED/DISCONNECTED
D/ConnectivityService(  154): Attempting to switch to wifi
D/ConnectivityService(  154): Attempting to switch to BLUETOOTH_TETHER
D/NetUtils(  154): android_net_utils_resetConnections in env=0x730580 clazz=0x38e00001 iface=rmnet0 mask=0x3
D/ConnectivityService(  154): resetConnections(rmnet0, 3)
W/Smack/Packet(  453): notify conn break (IOEx), close connection
I/qtaguid (  453): Failed write_ctrl(u 67) res=-1 errno=22
I/qtaguid (  453): Untagging socket 67 failed errno=-22
W/NetworkManagementSocketTagger(  453): untagSocket(67) failed with errno -22
D/ConnectivityService(  154): handleInetConditionChange: no active default network - ignore
D/AudioHardware(   81): AudioHardware pcm playback is going to standby.
D/AudioHardware(   81): closePcmOut_l() mPcmOpenCnt: 1
D/Tethering(  154): MasterInitialState.processMessage what=3
D/NetworkLocator(  453): null cell state delivered
D/NetworkLocator(  453): null cell state delivered
I/MediaUploader(  954): No need to wake up
D/PicasaSyncManager(  969): active network: null
D/PicasaSyncManager(  969): background data: true
I/power   (  154): *** set_screen_state 0
D/SurfaceFlinger(   78): About to give-up screen, flinger = 0x3d9918
D/dalvikvm(  154): GC_FOR_ALLOC freed 1361K, 14% free 12967K/14983K, paused 43ms
V/TransportControlView(  154): Create TCV com.android.internal.widget.TransportControlView@416bbd28
D/PhoneStatusBar(  218): disable: < expand icons alerts ticker system_info back home RECENT* clock >
D/AudioHardware(   81): AudioHardware pcm playback is exiting standby.
D/AudioHardware(   81): openPcmOut_l() mPcmOpenCnt: 0
D/PhoneStatusBar(  218): disable: < expand icons alerts ticker system_info BACK* HOME* RECENT CLOCK* >
D/AudioHardware(   81): AudioHardware pcm playback is going to standby.
D/AudioHardware(   81): closePcmOut_l() mPcmOpenCnt: 1
I/power   (  154): *** set_screen_state 1
D/PicasaSyncManager(  969): battery info: false
I/WindowManager(  154): Lock screen displayed!
D/dalvikvm(  218): GC_CONCURRENT freed 414K, 8% free 9855K/10631K, paused 1ms+3ms
D/SurfaceFlinger(   78): Screen about to return, flinger = 0x3d9918
I/power   (  154): *** set_screen_state 0
D/SurfaceFlinger(   78): About to give-up screen, flinger = 0x3d9918
V/TransportControlView(  154): Create TCV com.android.internal.widget.TransportControlView@41661b18
D/dalvikvm(  154): GC_CONCURRENT freed 571K, 11% free 13385K/14983K, paused 14ms+5ms
I/EventLogService(  453): Aggregate from 1333751629982 (log), 1333751629982 (data)
I/ServiceDumpSys(  453): dumping service [account]
I/EventLogService(  453): Aggregate from 1333753430125 (log), 1333753430125 (data)
I/ServiceDumpSys(  453): dumping service [account]
D/dalvikvm(  453): GC_CONCURRENT freed 457K, 7% free 10016K/10759K, paused 3ms+4ms
I/SystemUpdateService(  453): download in progress: [id: 17 compl: false succ: false bytes: 0 reason: 0 fn: null]
I/SystemUpdateService(  453): download took too long; will cancel and retry
V/SystemUpdateService(  453): retry (wakeup: true) in 89917 ms
V/SystemUpdateService(  453): onPostExecute: false
I/SystemUpdateService(  453): starting download of http://android.clients.google.com/packages/ota/google_crespo/hR7QFEtn.zip
V/SystemUpdateService(  453): retry (wakeup: true) in 21599997 ms
I/SystemUpdate.Download(  453): Started a new update download: http://android.clients.google.com/packages/ota/google_crespo/hR7QFEtn.zip (id 18; allowMobile=false)
V/SystemUpdateService(  453): onPostExecute: false
D/dalvikvm(  266): GC_CONCURRENT freed 390K, 6% free 9279K/9799K, paused 2ms+3ms
I/DownloadManager(  266): Initiating request for download 18
W/DownloadManager(  266): Aborting request for download 18: no network connection available
D/dalvikvm(  154): GC_CONCURRENT freed 1040K, 11% free 13399K/14983K, paused 3ms+5ms
I/EventLogService(  453): Aggregate from 1333755230240 (log), 1333755230240 (data)
I/ServiceDumpSys(  453): dumping service [account]
I/EventLogService(  453): Aggregate from 1333757030315 (log), 1333757030315 (data)
I/ServiceDumpSys(  453): dumping service [account]
D/dalvikvm(  453): GC_FOR_ALLOC freed 349K, 8% free 9990K/10759K, paused 18ms
D/dalvikvm(  154): GC_EXPLICIT freed 698K, 11% free 13374K/14983K, paused 3ms+5ms
I/EventLogService(  453): Aggregate from 1333758830430 (log), 1333758830430 (data)
I/ServiceDumpSys(  453): dumping service [account]
I/EventLogService(  453): Aggregate from 1333760630591 (log), 1333760630591 (data)
I/ServiceDumpSys(  453): dumping service [account]
I/EventLogService(  453): Aggregate from 1333762430697 (log), 1333762430697 (data)
I/ServiceDumpSys(  453): dumping service [account]
I/EventLogService(  453): Aggregate from 1333764230798 (log), 1333764230798 (data)
D/dalvikvm(  154): GC_CONCURRENT freed 957K, 11% free 13390K/14983K, paused 16ms+4ms
I/ServiceDumpSys(  453): dumping service [account]
I/EventLogService(  453): Aggregate from 1333766030958 (log), 1333766030958 (data)
D/dalvikvm(  453): GC_FOR_ALLOC freed 322K, 8% free 9987K/10759K, paused 17ms
I/ServiceDumpSys(  453): dumping service [account]
I/EventLogService(  453): Aggregate from 1333767831138 (log), 1333767831138 (data)
I/ServiceDumpSys(  453): dumping service [account]
D/AlarmManagerService(  154): Kernel timezone updated to 240 minutes west of GMT
I/ActivityManager(  154): Start proc com.google.android.inputmethod.latin.dictionarypack for broadcast com.google.android.inputmethod.latin.dictionarypack/.UpdateHandler: pid=2233 uid=10027 gids={3003, 1015}
D/dalvikvm(   79): GC_EXPLICIT freed 38K, 4% free 9028K/9347K, paused 2ms+10ms
D/dalvikvm(   79): GC_EXPLICIT freed <1K, 4% free 9028K/9347K, paused 2ms+2ms
D/dalvikvm(   79): GC_EXPLICIT freed <1K, 4% free 9028K/9347K, paused 2ms+2ms
I/ActivityThread( 2233): Pub com.android.inputmethod.latin.dictionarypack: com.google.android.inputmethod.latin.dictionarypack.DictionaryProvider
D/dalvikvm(  154): GC_CONCURRENT freed 964K, 11% free 13399K/14983K, paused 2ms+4ms
I/EventLogService(  453): Aggregate from 1333769631292 (log), 1333769631292 (data)
I/ServiceDumpSys(  453): dumping service [account]
I/EventLogService(  453): Aggregate from 1333771431423 (log), 1333771431423 (data)
I/ServiceDumpSys(  453): dumping service [account]
D/dalvikvm(  218): GC_CONCURRENT freed 362K, 7% free 9890K/10631K, paused 2ms+7ms
I/EventLogService(  453): Aggregate from 1333773231560 (log), 1333773231560 (data)
I/ServiceDumpSys(  453): dumping service [account]
D/dalvikvm(  453): GC_FOR_ALLOC freed 316K, 8% free 9988K/10759K, paused 20ms
I/EventLogService(  453): Aggregate from 1333775031673 (log), 1333775031673 (data)
D/dalvikvm(  154): GC_CONCURRENT freed 975K, 11% free 13400K/14983K, paused 17ms+5ms
I/ServiceDumpSys(  453): dumping service [account]
I/SystemUpdateService(  453): download in progress: [id: 18 compl: false succ: false bytes: 0 reason: 0 fn: null]
I/SystemUpdateService(  453): download took too long; will cancel and retry
V/SystemUpdateService(  453): retry (wakeup: true) in 149941 ms
V/SystemUpdateService(  453): onPostExecute: false
I/SystemUpdateService(  453): starting download of http://android.clients.google.com/packages/ota/google_crespo/hR7QFEtn.zip
V/SystemUpdateService(  453): retry (wakeup: true) in 21599997 ms
I/SystemUpdate.Download(  453): Started a new update download: http://android.clients.google.com/packages/ota/google_crespo/hR7QFEtn.zip (id 19; allowMobile=false)
V/SystemUpdateService(  453): onPostExecute: false
I/DownloadManager(  266): Initiating request for download 19
W/DownloadManager(  266): Aborting request for download 19: no network connection available
I/EventLogService(  453): Aggregate from 1333776831851 (log), 1333776831851 (data)
D/dalvikvm(  453): GC_FOR_ALLOC freed 318K, 8% free 9988K/10759K, paused 17ms
I/ServiceDumpSys(  453): dumping service [account]
I/EventLogService(  453): Aggregate from 1333778632032 (log), 1333778632032 (data)
I/ServiceDumpSys(  453): dumping service [account]
D/dalvikvm(  154): GC_CONCURRENT freed 1046K, 11% free 13408K/14983K, paused 2ms+9ms
I/EventLogService(  453): Aggregate from 1333780432169 (log), 1333780432169 (data)
I/ServiceDumpSys(  453): dumping service [account]
I/DownloadManager(  266): Initiating request for download 20
W/DownloadManager(  266): Aborting request for download 20: no network connection available
I/EventLogService(  453): Aggregate from 1333782232270 (log), 1333782232270 (data)
I/ServiceDumpSys(  453): dumping service [account]
I/EventLogService(  453): Aggregate from 1333784032436 (log), 1333784032436 (data)
I/ServiceDumpSys(  453): dumping service [account]
D/dalvikvm(  453): GC_FOR_ALLOC freed 321K, 8% free 9989K/10759K, paused 21ms
D/dalvikvm(  218): GC_CONCURRENT freed 318K, 7% free 9955K/10631K, paused 2ms+3ms
D/dalvikvm(  154): GC_CONCURRENT freed 972K, 11% free 13418K/14983K, paused 3ms+5ms
I/EventLogService(  453): Aggregate from 1333785832966 (log), 1333785832966 (data)
I/ServiceDumpSys(  453): dumping service [account]
I/EventLogService(  453): Aggregate from 1333787633095 (log), 1333787633095 (data)
I/ServiceDumpSys(  453): dumping service [account]
I/EventLogService(  453): Aggregate from 1333789433218 (log), 1333789433218 (data)
I/ServiceDumpSys(  453): dumping service [account]
I/EventLogService(  453): Aggregate from 1333791233343 (log), 1333791233343 (data)
D/dalvikvm(  154): GC_CONCURRENT freed 982K, 11% free 13410K/14983K, paused 2ms+5ms
I/ServiceDumpSys(  453): dumping service [account]
I/EventLogService(  453): Aggregate from 1333793033459 (log), 1333793033459 (data)
D/dalvikvm(  453): GC_FOR_ALLOC freed 337K, 8% free 9988K/10759K, paused 20ms
I/ServiceDumpSys(  453): dumping service [account]
D/dalvikvm(  314): GC_CONCURRENT freed 425K, 6% free 9494K/10055K, paused 2ms+8ms
I/EventLogService(  453): Aggregate from 1333794833642 (log), 1333794833642 (data)
I/ServiceDumpSys(  453): dumping service [account]
D/dalvikvm(  218): GC_CONCURRENT freed 390K, 7% free 9950K/10631K, paused 2ms+3ms
I/EventLogService(  453): Aggregate from 1333796633798 (log), 1333796633798 (data)
D/dalvikvm(  154): GC_CONCURRENT freed 965K, 11% free 13421K/14983K, paused 2ms+4ms
I/ServiceDumpSys(  453): dumping service [account]
I/SystemUpdateService(  453): download in progress: [id: 19 compl: false succ: false bytes: 0 reason: 0 fn: null]
I/SystemUpdateService(  453): download took too long; will cancel and retry
V/SystemUpdateService(  453): retry (wakeup: true) in 209877 ms
D/dalvikvm(  453): GC_FOR_ALLOC freed 302K, 8% free 9989K/10759K, paused 19ms
V/SystemUpdateService(  453): onPostExecute: false
D/dalvikvm(  453): GC_EXPLICIT freed 47K, 8% free 9977K/10759K, paused 2ms+2ms
I/SystemUpdateService(  453): starting download of http://android.clients.google.com/packages/ota/google_crespo/hR7QFEtn.zip
V/SystemUpdateService(  453): retry (wakeup: true) in 21599998 ms
I/SystemUpdate.Download(  453): Started a new update download: http://android.clients.google.com/packages/ota/google_crespo/hR7QFEtn.zip (id 21; allowMobile=false)
D/dalvikvm(  154): GC_EXPLICIT freed 262K, 11% free 13387K/14983K, paused 5ms+5ms
D/dalvikvm(  266): GC_CONCURRENT freed 351K, 5% free 9315K/9799K, paused 2ms+3ms
V/SystemUpdateService(  453): onPostExecute: false
I/DownloadManager(  266): Initiating request for download 21
W/DownloadManager(  266): Aborting request for download 21: no network connection available
I/EventLogService(  453): Aggregate from 1333798433919 (log), 1333798433919 (data)
I/ServiceDumpSys(  453): dumping service [account]
I/EventLogService(  453): Aggregate from 1333800234083 (log), 1333800234083 (data)
I/ServiceDumpSys(  453): dumping service [account]
I/EventLogService(  453): Aggregate from 1333802034196 (log), 1333802034196 (data)
I/ServiceDumpSys(  453): dumping service [account]
D/dalvikvm(  154): GC_CONCURRENT freed 935K, 11% free 13427K/14983K, paused 3ms+5ms
I/EventLogService(  453): Aggregate from 1333803834299 (log), 1333803834299 (data)
I/ServiceDumpSys(  453): dumping service [account]
D/dalvikvm(  453): GC_FOR_ALLOC freed 331K, 8% free 9991K/10759K, paused 32ms
I/EventLogService(  453): Aggregate from 1333805634411 (log), 1333805634411 (data)
I/ServiceDumpSys(  453): dumping service [account]
I/EventLogService(  453): Aggregate from 1333807434537 (log), 1333807434537 (data)
I/ServiceDumpSys(  453): dumping service [account]
D/dalvikvm(  154): GC_CONCURRENT freed 1008K, 11% free 13434K/14983K, paused 3ms+5ms
D/dalvikvm(  218): GC_CONCURRENT freed 390K, 7% free 9955K/10631K, paused 1ms+4ms
I/EventLogService(  453): Aggregate from 1333809234662 (log), 1333809234662 (data)
I/ServiceDumpSys(  453): dumping service [account]
I/EventLogService(  453): Aggregate from 1333811034775 (log), 1333811034775 (data)
I/ServiceDumpSys(  453): dumping service [account]
D/Finsky  (  849): [1] UpdateCheckReceiver.updateCheckIfNecessary: Force checking for available updates.
D/Finsky  (  849): [1] UpdatesAvailableReceiver.onReceive: Received updates available notification
E/Finsky  (  849): [1] UpdatesAvailableReceiver.onReceive: Could not set up current account / dfe api when receiving an updates available broadcast.
I/EventLogService(  453): Aggregate from 1333812834900 (log), 1333812834900 (data)
D/dalvikvm(  453): GC_FOR_ALLOC freed 352K, 8% free 9987K/10759K, paused 17ms
I/ServiceDumpSys(  453): dumping service [account]
D/dalvikvm(  154): GC_CONCURRENT freed 998K, 11% free 13437K/14983K, paused 3ms+5ms
I/EventLogService(  453): Aggregate from 1333814635024 (log), 1333814635024 (data)
I/ServiceDumpSys(  453): dumping service [account]
I/EventLogService(  453): Aggregate from 1333816435182 (log), 1333816435182 (data)
I/ServiceDumpSys(  453): dumping service [account]
I/EventLogService(  453): Aggregate from 1333818235315 (log), 1333818235315 (data)
I/ServiceDumpSys(  453): dumping service [account]
D/dalvikvm(  154): GC_CONCURRENT freed 992K, 11% free 13426K/14983K, paused 2ms+5ms
I/SystemUpdateService(  453): download in progress: [id: 21 compl: false succ: false bytes: 0 reason: 0 fn: null]
I/SystemUpdateService(  453): download took too long; will cancel and retry
D/dalvikvm(  453): GC_FOR_ALLOC freed 327K, 8% free 9991K/10759K, paused 21ms
D/dalvikvm(  266): GC_EXPLICIT freed 183K, 7% free 9207K/9799K, paused 2ms+3ms
V/SystemUpdateService(  453): retry (wakeup: true) in 269875 ms
V/SystemUpdateService(  453): onPostExecute: false
I/SystemUpdateService(  453): starting download of http://android.clients.google.com/packages/ota/google_crespo/hR7QFEtn.zip
V/SystemUpdateService(  453): retry (wakeup: true) in 21599998 ms
I/SystemUpdate.Download(  453): Started a new update download: http://android.clients.google.com/packages/ota/google_crespo/hR7QFEtn.zip (id 22; allowMobile=false)
V/SystemUpdateService(  453): onPostExecute: false
I/DownloadManager(  266): Initiating request for download 22
W/DownloadManager(  266): Aborting request for download 22: no network connection available
I/EventLogService(  453): Aggregate from 1333820035443 (log), 1333820035443 (data)
I/ServiceDumpSys(  453): dumping service [account]
D/dalvikvm(  218): GC_CONCURRENT freed 391K, 7% free 9950K/10631K, paused 2ms+3ms
I/EventLogService(  453): Aggregate from 1333821835568 (log), 1333821835568 (data)
I/ServiceDumpSys(  453): dumping service [account]
I/EventLogService(  453): Aggregate from 1333823635678 (log), 1333823635678 (data)
D/dalvikvm(  453): GC_FOR_ALLOC freed 341K, 8% free 9988K/10759K, paused 20ms
I/ServiceDumpSys(  453): dumping service [account]
D/dalvikvm(  154): GC_CONCURRENT freed 967K, 11% free 13439K/14983K, paused 3ms+5ms
I/EventLogService(  453): Aggregate from 1333825435802 (log), 1333825435802 (data)
I/ServiceDumpSys(  453): dumping service [account]
I/EventLogService(  453): Aggregate from 1333827235966 (log), 1333827235966 (data)
I/ServiceDumpSys(  453): dumping service [account]
I/EventLogService(  453): Aggregate from 1333829036096 (log), 1333829036096 (data)
D/dalvikvm(  154): GC_CONCURRENT freed 984K, 11% free 13435K/14983K, paused 2ms+5ms
I/ServiceDumpSys(  453): dumping service [account]
I/EventLogService(  453): Aggregate from 1333830836221 (log), 1333830836221 (data)
I/ServiceDumpSys(  453): dumping service [account]
D/dalvikvm(  453): GC_FOR_ALLOC freed 343K, 8% free 9989K/10759K, paused 21ms
D/dalvikvm(  218): GC_CONCURRENT freed 380K, 7% free 9954K/10631K, paused 2ms+7ms
I/EventLogService(  453): Aggregate from 1333832636396 (log), 1333832636396 (data)
I/ServiceDumpSys(  453): dumping service [account]
I/EventLogService(  453): Aggregate from 1333834436475 (log), 1333834436475 (data)
I/ServiceDumpSys(  453): dumping service [account]
D/dalvikvm(  154): GC_CONCURRENT freed 993K, 11% free 13440K/14983K, paused 2ms+5ms
I/EventLogService(  453): Aggregate from 1333836236607 (log), 1333836236607 (data)
I/ServiceDumpSys(  453): dumping service [account]
I/EventLogService(  453): Aggregate from 1333838036794 (log), 1333838036794 (data)
I/ServiceDumpSys(  453): dumping service [account]
I/EventLogService(  453): Aggregate from 1333839836919 (log), 1333839836919 (data)
D/dalvikvm(  453): GC_FOR_ALLOC freed 363K, 8% free 9987K/10759K, paused 20ms
I/ServiceDumpSys(  453): dumping service [account]
D/dalvikvm(  154): GC_CONCURRENT freed 982K, 11% free 13451K/14983K, paused 3ms+5ms
D/dalvikvm(  154): GC_EXPLICIT freed 193K, 11% free 13404K/14983K, paused 2ms+5ms
I/SystemUpdateService(  453): download in progress: [id: 22 compl: false succ: false bytes: 0 reason: 0 fn: null]
I/SystemUpdateService(  453): download took too long; will cancel and retry
V/SystemUpdateService(  453): retry (wakeup: true) in 329877 ms
V/SystemUpdateService(  453): onPostExecute: false
I/SystemUpdateService(  453): starting download of http://android.clients.google.com/packages/ota/google_crespo/hR7QFEtn.zip
V/SystemUpdateService(  453): retry (wakeup: true) in 21599997 ms
I/SystemUpdate.Download(  453): Started a new update download: http://android.clients.google.com/packages/ota/google_crespo/hR7QFEtn.zip (id 23; allowMobile=false)
V/SystemUpdateService(  453): onPostExecute: false
I/DownloadManager(  266): Initiating request for download 23
W/DownloadManager(  266): Aborting request for download 23: no network connection available
I/EventLogService(  453): Aggregate from 1333841637052 (log), 1333841637052 (data)
I/ServiceDumpSys(  453): dumping service [account]
D/dalvikvm(  453): GC_FOR_ALLOC freed 315K, 8% free 9990K/10759K, paused 18ms
I/EventLogService(  453): Aggregate from 1333843437241 (log), 1333843437241 (data)
I/ServiceDumpSys(  453): dumping service [account]
D/dalvikvm(  218): GC_CONCURRENT freed 398K, 7% free 9946K/10631K, paused 1ms+6ms
I/EventLogService(  453): Aggregate from 1333845237357 (log), 1333845237357 (data)
D/dalvikvm(  154): GC_CONCURRENT freed 930K, 11% free 13448K/14983K, paused 3ms+5ms
I/ServiceDumpSys(  453): dumping service [account]
I/EventLogService(  453): Aggregate from 1333847037481 (log), 1333847037481 (data)
I/ServiceDumpSys(  453): dumping service [account]
I/EventLogService(  453): Aggregate from 1333848837643 (log), 1333848837643 (data)
I/ServiceDumpSys(  453): dumping service [account]
I/EventLogService(  453): Aggregate from 1333850637747 (log), 1333850637747 (data)
D/dalvikvm(  453): GC_FOR_ALLOC freed 371K, 8% free 9988K/10759K, paused 18ms
I/ServiceDumpSys(  453): dumping service [account]
D/dalvikvm(  154): JIT code cache reset in 4 ms (1048540 bytes 2/0)
D/dalvikvm(  154): GC_CONCURRENT freed 995K, 11% free 13451K/14983K, paused 3ms+9ms
I/EventLogService(  453): Aggregate from 1333852437858 (log), 1333852437858 (data)
I/ServiceDumpSys(  453): dumping service [account]
