D/ConnectivityService(  152): handleInetConditionHoldEnd: net=0, condition=100, published condition=0
W/Smack/Packet(  453): notify conn break (IOEx), close connection
D/ConnectivityService(  152): handleInetConditionHoldEnd: net=0, condition=0, published condition=100
I/GTalkService/c(  453): [AndroidEndpoint@1094284200] connect: acct=1000000, state=CONNECTING
D/ConnectivityService(  152): handleInetConditionHoldEnd: net=0, condition=100, published condition=0
W/Smack/Packet(  453): notify conn break (IOEx), close connection
D/ConnectivityService(  152): handleInetConditionHoldEnd: net=0, condition=0, published condition=100
I/GTalkService/c(  453): [AndroidEndpoint@1094284200] connect: acct=1000000, state=CONNECTING
D/dalvikvm(  453): GC_CONCURRENT freed 384K, 6% free 10059K/10695K, paused 2ms+3ms
D/ConnectivityService(  152): handleInetConditionHoldEnd: net=0, condition=100, published condition=0
W/Smack/Packet(  453): notify conn break (IOEx), close connection
D/ConnectivityService(  152): handleInetConditionHoldEnd: net=0, condition=0, published condition=100
I/GTalkService/c(  453): [AndroidEndpoint@1094284200] connect: acct=1000000, state=CONNECTING
D/ConnectivityService(  152): handleInetConditionHoldEnd: net=0, condition=100, published condition=0
W/Smack/Packet(  453): notify conn break (IOEx), close connection
D/ConnectivityService(  152): handleInetConditionHoldEnd: net=0, condition=0, published condition=100
I/GTalkService/c(  453): [AndroidEndpoint@1094284200] connect: acct=1000000, state=CONNECTING
D/dalvikvm(  453): GC_CONCURRENT freed 417K, 7% free 10037K/10695K, paused 14ms+3ms
W/Smack/Packet(  453): notify conn break (IOEx), close connection
D/ConnectivityService(  152): handleInetConditionHoldEnd: net=0, condition=0, published condition=0
I/GTalkService/c(  453): [AndroidEndpoint@1094284200] connect: acct=1000000, state=CONNECTING
D/dalvikvm(  453): GC_CONCURRENT freed 387K, 7% free 10045K/10695K, paused 2ms+3ms
D/ConnectivityService(  152): handleInetConditionHoldEnd: net=0, condition=100, published condition=0
W/Smack/Packet(  453): notify conn break (IOEx), close connection
D/ConnectivityService(  152): handleInetConditionHoldEnd: net=0, condition=0, published condition=100
I/GTalkService/c(  453): [AndroidEndpoint@1094284200] connect: acct=1000000, state=CONNECTING
D/ConnectivityService(  152): handleInetConditionHoldEnd: net=0, condition=100, published condition=0
W/Smack/Packet(  453): notify conn break (IOEx), close connection
D/ConnectivityService(  152): handleInetConditionHoldEnd: net=0, condition=0, published condition=100
I/GTalkService/c(  453): [AndroidEndpoint@1094284200] connect: acct=1000000, state=CONNECTING
D/dalvikvm(  453): GC_CONCURRENT freed 382K, 6% free 10059K/10695K, paused 2ms+3ms
D/ConnectivityService(  152): handleInetConditionHoldEnd: net=0, condition=100, published condition=0
D/dalvikvm(  219): GC_CONCURRENT freed 379K, 8% free 10528K/11335K, paused 3ms+6ms
W/Smack/Packet(  453): notify conn break (IOEx), close connection
D/ConnectivityService(  152): handleInetConditionHoldEnd: net=0, condition=0, published condition=100
D/dalvikvm(  152): GC_CONCURRENT freed 899K, 11% free 13483K/14983K, paused 2ms+5ms
I/GTalkService/c(  453): [AndroidEndpoint@1094284200] connect: acct=1000000, state=CONNECTING
D/ConnectivityService(  152): handleInetConditionHoldEnd: net=0, condition=100, published condition=0
W/Smack/Packet(  453): notify conn break (IOEx), close connection
D/ConnectivityService(  152): handleInetConditionHoldEnd: net=0, condition=0, published condition=100
I/GTalkService/c(  453): [AndroidEndpoint@1094284200] connect: acct=1000000, state=CONNECTING
D/dalvikvm(  453): GC_CONCURRENT freed 416K, 7% free 10037K/10695K, paused 14ms+3ms
D/ConnectivityService(  152): handleInetConditionHoldEnd: net=0, condition=100, published condition=0
W/Smack/Packet(  453): notify conn break (IOEx), close connection
D/ConnectivityService(  152): handleInetConditionHoldEnd: net=0, condition=0, published condition=100
I/GTalkService/c(  453): [AndroidEndpoint@1094284200] connect: acct=1000000, state=CONNECTING
D/dalvikvm(  453): GC_CONCURRENT freed 388K, 7% free 10044K/10695K, paused 2ms+3ms
D/ConnectivityService(  152): handleInetConditionHoldEnd: net=0, condition=100, published condition=0
W/Smack/Packet(  453): notify conn break (IOEx), close connection
D/ConnectivityService(  152): handleInetConditionHoldEnd: net=0, condition=0, published condition=100
I/GTalkService/c(  453): [AndroidEndpoint@1094284200] connect: acct=1000000, state=CONNECTING
D/ConnectivityService(  152): handleInetConditionHoldEnd: net=0, condition=100, published condition=0
W/Smack/Packet(  453): notify conn break (IOEx), close connection
D/ConnectivityService(  152): handleInetConditionHoldEnd: net=0, condition=0, published condition=100
I/GTalkService/c(  453): [AndroidEndpoint@1094284200] connect: acct=1000000, state=CONNECTING
D/dalvikvm(  453): GC_CONCURRENT freed 383K, 6% free 10056K/10695K, paused 1ms+3ms
D/ConnectivityService(  152): handleInetConditionHoldEnd: net=0, condition=100, published condition=0
W/Smack/Packet(  453): notify conn break (IOEx), close connection
D/ConnectivityService(  152): handleInetConditionHoldEnd: net=0, condition=0, published condition=100
I/GTalkService/c(  453): [AndroidEndpoint@1094284200] connect: acct=1000000, state=CONNECTING
D/ConnectivityService(  152): handleInetConditionHoldEnd: net=0, condition=100, published condition=0
W/Smack/Packet(  453): notify conn break (IOEx), close connection
D/ConnectivityService(  152): handleInetConditionHoldEnd: net=0, condition=0, published condition=100
I/GTalkService/c(  453): [AndroidEndpoint@1094284200] connect: acct=1000000, state=CONNECTING
D/dalvikvm(  453): GC_CONCURRENT freed 412K, 7% free 10037K/10695K, paused 14ms+3ms
D/ConnectivityService(  152): handleInetConditionHoldEnd: net=0, condition=100, published condition=0
W/Smack/Packet(  453): notify conn break (IOEx), close connection
D/ConnectivityService(  152): handleInetConditionHoldEnd: net=0, condition=0, published condition=100
I/GTalkService/c(  453): [AndroidEndpoint@1094284200] connect: acct=1000000, state=CONNECTING
D/dalvikvm(  152): GC_EXPLICIT freed 843K, 11% free 13467K/14983K, paused 14ms+5ms
D/dalvikvm(  453): GC_CONCURRENT freed 386K, 7% free 10045K/10695K, paused 2ms+3ms
D/ConnectivityService(  152): handleInetConditionHoldEnd: net=0, condition=100, published condition=0
W/Smack/Packet(  453): notify conn break (IOEx), close connection
D/ConnectivityService(  152): handleInetConditionHoldEnd: net=0, condition=0, published condition=100
I/GTalkService/c(  453): [AndroidEndpoint@1094284200] connect: acct=1000000, state=CONNECTING
D/ConnectivityService(  152): handleInetConditionHoldEnd: net=0, condition=100, published condition=0
W/Smack/Packet(  453): notify conn break (IOEx), close connection
D/ConnectivityService(  152): handleInetConditionHoldEnd: net=0, condition=0, published condition=100
I/GTalkService/c(  453): [AndroidEndpoint@1094284200] connect: acct=1000000, state=CONNECTING
D/dalvikvm(  453): GC_CONCURRENT freed 384K, 6% free 10057K/10695K, paused 2ms+2ms
D/dalvikvm(  315): GC_CONCURRENT freed 413K, 6% free 9509K/10055K, paused 11ms+2ms
D/ConnectivityService(  152): handleInetConditionHoldEnd: net=0, condition=100, published condition=0
W/Smack/Packet(  453): notify conn break (IOEx), close connection
D/ConnectivityService(  152): handleInetConditionHoldEnd: net=0, condition=0, published condition=100
I/GTalkService/c(  453): [AndroidEndpoint@1094284200] connect: acct=1000000, state=CONNECTING
D/ConnectivityService(  152): handleInetConditionHoldEnd: net=0, condition=100, published condition=0
W/Smack/Packet(  453): notify conn break (IOEx), close connection
D/ConnectivityService(  152): handleInetConditionHoldEnd: net=0, condition=0, published condition=100
I/GTalkService/c(  453): [AndroidEndpoint@1094284200] connect: acct=1000000, state=CONNECTING
D/dalvikvm(  453): GC_CONCURRENT freed 413K, 7% free 10031K/10695K, paused 13ms+3ms
D/ConnectivityService(  152): handleInetConditionHoldEnd: net=0, condition=100, published condition=0
W/Smack/Packet(  453): notify conn break (IOEx), close connection
D/ConnectivityService(  152): handleInetConditionHoldEnd: net=0, condition=0, published condition=100
I/GTalkService/c(  453): [AndroidEndpoint@1094284200] connect: acct=1000000, state=CONNECTING
D/dalvikvm(  453): GC_CONCURRENT freed 385K, 7% free 10036K/10695K, paused 2ms+3ms
I/EventLogService(  453): Aggregate from 1333731784780 (log), 1333731784780 (data)
I/ServiceDumpSys(  453): dumping service [account]
D/ConnectivityService(  152): handleInetConditionHoldEnd: net=0, condition=100, published condition=0
W/Smack/Packet(  453): notify conn break (IOEx), close connection
D/ConnectivityService(  152): handleInetConditionHoldEnd: net=0, condition=0, published condition=100
I/GTalkService/c(  453): [AndroidEndpoint@1094284200] connect: acct=1000000, state=CONNECTING
D/ConnectivityService(  152): handleInetConditionHoldEnd: net=0, condition=100, published condition=0
W/Smack/Packet(  453): notify conn break (IOEx), close connection
D/ConnectivityService(  152): handleInetConditionHoldEnd: net=0, condition=0, published condition=100
I/GTalkService/c(  453): [AndroidEndpoint@1094284200] connect: acct=1000000, state=CONNECTING
D/dalvikvm(  453): GC_CONCURRENT freed 392K, 7% free 10040K/10695K, paused 14ms+3ms
D/ConnectivityService(  152): handleInetConditionHoldEnd: net=0, condition=100, published condition=0
W/Smack/Packet(  453): notify conn break (IOEx), close connection
D/ConnectivityService(  152): handleInetConditionHoldEnd: net=0, condition=0, published condition=100
I/CheckinService(  453): Preparing to send checkin request
I/EventLogService(  453): Accumulating logs since 1333733584897
D/dalvikvm(  453): GC_CONCURRENT freed 419K, 7% free 10010K/10695K, paused 2ms+2ms
I/CheckinTask(  453): Sending checkin request (1806 bytes)
I/CheckinTask(  453): From server: 199 gservices
D/dalvikvm(  453): GC_CONCURRENT freed 286K, 6% free 10118K/10695K, paused 2ms+2ms
I/GservicesProvider(  453): main update completed
I/ActivityManager(  152): Start proc com.google.android.partnersetup for broadcast com.google.android.partnersetup/.GservicesChangedReceiver: pid=1530 uid=10022 gids={3003}
I/ActivityThread( 1530): Pub com.google.android.partnersetup.rlzprovider: com.google.android.partnersetup.RlzProvider
I/ActivityThread( 1530): Pub com.google.android.partnersetup.rlzappprovider: com.google.android.partnersetup.RlzAppProvider
I/SystemUpdateService(  453): cancelUpdate (update URL has changed)
I/ActivityManager(  152): Start proc com.google.android.voicesearch for broadcast com.google.android.voicesearch/.GservicesBroadcastReceiver: pid=1548 uid=10056 gids={3002, 3003, 1015}
I/ActivityManager(  152): START {flg=0x10000000 cmp=com.google.android.gsf/.update.SystemUpdateInstallDialog} from pid 453
I/ActivityThread( 1548): Pub com.google.android.voicesearch: com.google.android.voicesearch.AudioProvider
D/dalvikvm(  152): GC_CONCURRENT freed 964K, 10% free 13505K/14983K, paused 5ms+7ms
I/PersonalizationPrefManagerImpl( 1548): No google account found
I/ActivityManager(  152): START {flg=0x10000000 cmp=com.google.android.gsf/.update.SystemUpdateDownloadDialog} from pid 453
I/SystemUpdateService(  453): starting download of http://android.clients.google.com/packages/ota/google_crespo/hR7QFEtn.zip
V/SystemUpdateService(  453): retry (wakeup: true) in 21599995 ms
I/VoiceImeLanguageUpdater( 1548): #internalUpdateLanguages #56
D/dalvikvm(  266): GC_CONCURRENT freed 373K, 6% free 9229K/9735K, paused 2ms+3ms
D/dalvikvm(  453): GC_CONCURRENT freed 311K, 5% free 10252K/10695K, paused 2ms+3ms
I/CheckinTask(  453): Checkin success: https://android.clients.google.com/checkin (1 requests sent)
D/dalvikvm(  453): GC_EXPLICIT freed 292K, 6% free 10073K/10695K, paused 2ms+4ms
I/SystemUpdate.Download(  453): Started a new update download: http://android.clients.google.com/packages/ota/google_crespo/hR7QFEtn.zip (id 11; allowMobile=false)
V/SystemUpdateService(  453): onPostExecute: false
I/DownloadManager(  266): Initiating request for download 11
W/DownloadManager(  266): Aborting request for download 11: download was requested to not use the current network type
W/ActivityManager(  152): Activity idle timeout for ActivityRecord{4160be38 com.google.android.gsf/.update.SystemUpdateInstallDialog}
I/ActivityManager(  152): No longer want com.google.android.gm (pid 628): hidden #16
I/GTalkService/c(  453): [AndroidEndpoint@1094284200] connect: acct=1000001, state=CONNECTING
D/dalvikvm(  152): GC_EXPLICIT freed 803K, 12% free 13325K/14983K, paused 19ms+5ms
D/ConnectivityService(  152): handleInetConditionHoldEnd: net=0, condition=100, published condition=0
W/Smack/Packet(  453): notify conn break (IOEx), close connection
D/ConnectivityService(  152): handleInetConditionHoldEnd: net=0, condition=0, published condition=100
I/GTalkService/c(  453): [AndroidEndpoint@1094284200] connect: acct=1000001, state=CONNECTING
D/dalvikvm(  453): GC_CONCURRENT freed 407K, 6% free 10054K/10695K, paused 13ms+3ms
W/Smack/Packet(  453): notify conn break (IOEx), close connection
E/GTalkService(  453): connectionClosed: no XMPPConnection - That's strange!
D/ConnectivityService(  152): handleInetConditionHoldEnd: net=0, condition=0, published condition=0
D/dalvikvm(  219): GC_CONCURRENT freed 380K, 8% free 10533K/11335K, paused 1ms+3ms
D/AlarmManagerService(  152): Kernel timezone updated to 240 minutes west of GMT
D/SystemClock(  315): Setting time of day to sec=1333734579
V/AlarmClock(  558): AlarmInitReceiver finished
I/GTalkService/c(  453): [AndroidEndpoint@1094284200] connect: acct=1000001, state=CONNECTING
D/dalvikvm(  453): GC_CONCURRENT freed 386K, 6% free 10062K/10695K, paused 13ms+2ms
W/Smack/Packet(  453): notify conn break (IOEx), close connection
D/ConnectivityService(  152): handleInetConditionHoldEnd: net=0, condition=0, published condition=0
D/dalvikvm(  152): GC_CONCURRENT freed 909K, 11% free 13372K/14983K, paused 2ms+5ms
I/GTalkService/c(  453): [AndroidEndpoint@1094284200] connect: acct=1000001, state=CONNECTING
D/ConnectivityService(  152): handleInetConditionHoldEnd: net=0, condition=100, published condition=0
W/Smack/Packet(  453): notify conn break (IOEx), close connection
D/ConnectivityService(  152): handleInetConditionHoldEnd: net=0, condition=0, published condition=100
I/GTalkService/c(  453): [AndroidEndpoint@1094284200] connect: acct=1000001, state=CONNECTING
D/dalvikvm(  453): GC_CONCURRENT freed 412K, 6% free 10063K/10695K, paused 2ms+3ms
D/ConnectivityService(  152): handleInetConditionHoldEnd: net=0, condition=100, published condition=0
W/Smack/Packet(  453): notify conn break (IOEx), close connection
D/ConnectivityService(  152): handleInetConditionHoldEnd: net=0, condition=0, published condition=100
I/GTalkService/c(  453): [AndroidEndpoint@1094284200] connect: acct=1000001, state=CONNECTING
D/ConnectivityService(  152): handleInetConditionHoldEnd: net=0, condition=100, published condition=0
W/Smack/Packet(  453): notify conn break (IOEx), close connection
D/ConnectivityService(  152): handleInetConditionHoldEnd: net=0, condition=0, published condition=100
I/GTalkService/c(  453): [AndroidEndpoint@1094284200] connect: acct=1000001, state=CONNECTING
D/dalvikvm(  453): GC_CONCURRENT freed 404K, 6% free 10069K/10695K, paused 14ms+3ms
D/ConnectivityService(  152): handleInetConditionHoldEnd: net=0, condition=100, published condition=0
W/Smack/Packet(  453): notify conn break (IOEx), close connection
D/ConnectivityService(  152): handleInetConditionHoldEnd: net=0, condition=0, published condition=100
I/GTalkService/c(  453): [AndroidEndpoint@1094284200] connect: acct=1000001, state=CONNECTING
D/ConnectivityService(  152): handleInetConditionHoldEnd: net=0, condition=100, published condition=0
W/Smack/Packet(  453): notify conn break (IOEx), close connection
D/ConnectivityService(  152): handleInetConditionHoldEnd: net=0, condition=0, published condition=100
I/GTalkService/c(  453): [AndroidEndpoint@1094284200] connect: acct=1000001, state=CONNECTING
D/dalvikvm(  453): GC_CONCURRENT freed 430K, 7% free 10031K/10695K, paused 1ms+3ms
D/ConnectivityService(  152): handleInetConditionHoldEnd: net=0, condition=100, published condition=0
W/Smack/Packet(  453): notify conn break (IOEx), close connection
D/ConnectivityService(  152): handleInetConditionHoldEnd: net=0, condition=0, published condition=100
I/EventLogService(  453): Aggregate from 1333733934380 (log), 1333733584897 (data)
I/ServiceDumpSys(  453): dumping service [account]
I/GTalkService/c(  453): [AndroidEndpoint@1094284200] connect: acct=1000001, state=CONNECTING
D/dalvikvm(  453): GC_CONCURRENT freed 387K, 7% free 10046K/10695K, paused 2ms+4ms
D/ConnectivityService(  152): handleInetConditionHoldEnd: net=0, condition=100, published condition=0
W/Smack/Packet(  453): notify conn break (IOEx), close connection
D/ConnectivityService(  152): handleInetConditionHoldEnd: net=0, condition=0, published condition=100
I/GTalkService/c(  453): [AndroidEndpoint@1094284200] connect: acct=1000001, state=CONNECTING
D/ConnectivityService(  152): handleInetConditionHoldEnd: net=0, condition=100, published condition=0
W/Smack/Packet(  453): notify conn break (IOEx), close connection
D/ConnectivityService(  152): handleInetConditionHoldEnd: net=0, condition=0, published condition=100
D/dalvikvm(  152): GC_CONCURRENT freed 954K, 11% free 13381K/14983K, paused 17ms+5ms
I/GTalkService/c(  453): [AndroidEndpoint@1094284200] connect: acct=1000001, state=CONNECTING
D/dalvikvm(  453): GC_CONCURRENT freed 403K, 7% free 10032K/10695K, paused 2ms+3ms
D/ConnectivityService(  152): handleInetConditionHoldEnd: net=0, condition=100, published condition=0
W/Smack/Packet(  453): notify conn break (IOEx), close connection
D/ConnectivityService(  152): handleInetConditionHoldEnd: net=0, condition=0, published condition=100
I/GTalkService/c(  453): [AndroidEndpoint@1094284200] connect: acct=1000001, state=CONNECTING
D/dalvikvm(  453): GC_CONCURRENT freed 391K, 7% free 10045K/10695K, paused 14ms+2ms
D/ConnectivityService(  152): handleInetConditionHoldEnd: net=0, condition=100, published condition=0
W/Smack/Packet(  453): notify conn break (IOEx), close connection
D/ConnectivityService(  152): handleInetConditionHoldEnd: net=0, condition=0, published condition=100
I/GTalkService/c(  453): [AndroidEndpoint@1094284200] connect: acct=1000001, state=CONNECTING
D/dalvikvm(  152): GC_EXPLICIT freed 245K, 12% free 13310K/14983K, paused 20ms+5ms
D/ConnectivityService(  152): handleInetConditionHoldEnd: net=0, condition=100, published condition=0
W/Smack/Packet(  453): notify conn break (IOEx), close connection
D/ConnectivityService(  152): handleInetConditionHoldEnd: net=0, condition=0, published condition=100
I/GTalkService/c(  453): [AndroidEndpoint@1094284200] connect: acct=1000001, state=CONNECTING
D/dalvikvm(  453): GC_CONCURRENT freed 381K, 6% free 10071K/10695K, paused 2ms+3ms
D/ConnectivityService(  152): handleInetConditionHoldEnd: net=0, condition=100, published condition=0
W/Smack/Packet(  453): notify conn break (IOEx), close connection
D/ConnectivityService(  152): handleInetConditionHoldEnd: net=0, condition=0, published condition=100
I/GTalkService/c(  453): [AndroidEndpoint@1094284200] connect: acct=1000001, state=CONNECTING
W/Smack/Packet(  453): notify conn break (IOEx), close connection
D/ConnectivityService(  152): handleInetConditionHoldEnd: net=0, condition=100, published condition=0
D/ConnectivityService(  152): handleInetConditionHoldEnd: net=0, condition=0, published condition=100
I/GTalkService/c(  453): [AndroidEndpoint@1094284200] connect: acct=1000001, state=CONNECTING
D/dalvikvm(  453): GC_CONCURRENT freed 420K, 7% free 10050K/10695K, paused 14ms+2ms
D/ConnectivityService(  152): handleInetConditionHoldEnd: net=0, condition=100, published condition=0
W/Smack/Packet(  453): notify conn break (IOEx), close connection
D/ConnectivityService(  152): handleInetConditionHoldEnd: net=0, condition=0, published condition=100
I/GTalkService/c(  453): [AndroidEndpoint@1094284200] connect: acct=1000001, state=CONNECTING
D/dalvikvm(  453): GC_CONCURRENT freed 384K, 7% free 10050K/10695K, paused 2ms+2ms
D/ConnectivityService(  152): handleInetConditionHoldEnd: net=0, condition=100, published condition=0
W/Smack/Packet(  453): notify conn break (IOEx), close connection
D/ConnectivityService(  152): handleInetConditionHoldEnd: net=0, condition=0, published condition=100
I/GTalkService/c(  453): [AndroidEndpoint@1094284200] connect: acct=1000001, state=CONNECTING
D/ConnectivityService(  152): handleInetConditionHoldEnd: net=0, condition=100, published condition=0
W/Smack/Packet(  453): notify conn break (IOEx), close connection
D/ConnectivityService(  152): handleInetConditionHoldEnd: net=0, condition=0, published condition=100
I/GTalkService/c(  453): [AndroidEndpoint@1094284200] connect: acct=1000001, state=CONNECTING
I/ActivityManager(  152): No longer want com.google.android.talk (pid 770): hidden #16
D/dalvikvm(  453): GC_CONCURRENT freed 381K, 6% free 10073K/10695K, paused 1ms+3ms
W/Smack/Packet(  453): notify conn break (IOEx), close connection
D/ConnectivityService(  152): handleInetConditionHoldEnd: net=0, condition=0, published condition=0
I/GTalkService/c(  453): [AndroidEndpoint@1094284200] connect: acct=1000001, state=CONNECTING
D/ConnectivityService(  152): handleInetConditionHoldEnd: net=0, condition=100, published condition=0
W/Smack/Packet(  453): notify conn break (IOEx), close connection
D/ConnectivityService(  152): handleInetConditionHoldEnd: net=0, condition=0, published condition=100
D/dalvikvm(  219): GC_CONCURRENT freed 377K, 8% free 10540K/11335K, paused 2ms+2ms
I/GTalkService/c(  453): [AndroidEndpoint@1094284200] connect: acct=1000001, state=CONNECTING
D/dalvikvm(  453): GC_CONCURRENT freed 434K, 7% free 10033K/10695K, paused 13ms+3ms
W/Smack/Packet(  453): notify conn break (IOEx), close connection
D/ConnectivityService(  152): handleInetConditionHoldEnd: net=0, condition=0, published condition=0
D/dalvikvm(  152): GC_CONCURRENT freed 885K, 11% free 13373K/14983K, paused 2ms+5ms
I/GTalkService/c(  453): [AndroidEndpoint@1094284200] connect: acct=1000001, state=CONNECTING
D/dalvikvm(  453): GC_CONCURRENT freed 394K, 7% free 10050K/10695K, paused 1ms+2ms
D/ConnectivityService(  152): handleInetConditionHoldEnd: net=0, condition=100, published condition=0
W/Smack/Packet(  453): notify conn break (IOEx), close connection
D/ConnectivityService(  152): handleInetConditionHoldEnd: net=0, condition=0, published condition=100
I/GTalkService/c(  453): [AndroidEndpoint@1094284200] connect: acct=1000001, state=CONNECTING
D/ConnectivityService(  152): handleInetConditionHoldEnd: net=0, condition=100, published condition=0
W/Smack/Packet(  453): notify conn break (IOEx), close connection
D/ConnectivityService(  152): handleInetConditionHoldEnd: net=0, condition=0, published condition=100
I/GTalkService/c(  453): [AndroidEndpoint@1094284200] connect: acct=1000001, state=CONNECTING
D/dalvikvm(  453): GC_CONCURRENT freed 383K, 6% free 10073K/10695K, paused 2ms+3ms
D/ConnectivityService(  152): handleInetConditionHoldEnd: net=0, condition=100, published condition=0
W/Smack/Packet(  453): notify conn break (IOEx), close connection
D/ConnectivityService(  152): handleInetConditionHoldEnd: net=0, condition=0, published condition=100
I/GTalkService/c(  453): [AndroidEndpoint@1094284200] connect: acct=1000001, state=CONNECTING
D/ConnectivityService(  152): handleInetConditionHoldEnd: net=0, condition=100, published condition=0
W/Smack/Packet(  453): notify conn break (IOEx), close connection
D/ConnectivityService(  152): handleInetConditionHoldEnd: net=0, condition=0, published condition=100
I/GTalkService/c(  453): [AndroidEndpoint@1094284200] connect: acct=1000001, state=CONNECTING
D/dalvikvm(  453): GC_CONCURRENT freed 417K, 7% free 10046K/10695K, paused 14ms+3ms
D/ConnectivityService(  152): handleInetConditionHoldEnd: net=0, condition=100, published condition=0
W/Smack/Packet(  453): notify conn break (IOEx), close connection
D/ConnectivityService(  152): handleInetConditionHoldEnd: net=0, condition=0, published condition=100
I/GTalkService/c(  453): [AndroidEndpoint@1094284200] connect: acct=1000001, state=CONNECTING
D/dalvikvm(  453): GC_CONCURRENT freed 386K, 7% free 10049K/10695K, paused 2ms+3ms
W/Smack/Packet(  453): notify conn break (IOEx), close connection
D/ConnectivityService(  152): handleInetConditionHoldEnd: net=0, condition=100, published condition=0
D/dalvikvm(  152): GC_EXPLICIT freed 824K, 11% free 13348K/14983K, paused 9ms+6ms
D/ConnectivityService(  152): handleInetConditionHoldEnd: net=0, condition=0, published condition=100
I/GTalkService/c(  453): [AndroidEndpoint@1094284200] connect: acct=1000001, state=CONNECTING
D/ConnectivityService(  152): handleInetConditionHoldEnd: net=0, condition=100, published condition=0
W/Smack/Packet(  453): notify conn break (IOEx), close connection
D/ConnectivityService(  152): handleInetConditionHoldEnd: net=0, condition=0, published condition=100
I/GTalkService/c(  453): [AndroidEndpoint@1094284200] connect: acct=1000001, state=CONNECTING
D/dalvikvm(  453): GC_CONCURRENT freed 383K, 6% free 10073K/10695K, paused 2ms+3ms
D/ConnectivityService(  152): handleInetConditionHoldEnd: net=0, condition=100, published condition=0
W/Smack/Packet(  453): notify conn break (IOEx), close connection
D/ConnectivityService(  152): handleInetConditionHoldEnd: net=0, condition=0, published condition=100
I/GTalkService/c(  453): [AndroidEndpoint@1094284200] connect: acct=1000001, state=CONNECTING
D/dalvikvm( 1177): GC_CONCURRENT freed 372K, 7% free 10029K/10695K, paused 12ms+2ms
D/ConnectivityService(  152): handleInetConditionHoldEnd: net=0, condition=100, published condition=0
W/Smack/Packet(  453): notify conn break (IOEx), close connection
D/ConnectivityService(  152): handleInetConditionHoldEnd: net=0, condition=0, published condition=100
I/GTalkService/c(  453): [AndroidEndpoint@1094284200] connect: acct=1000001, state=CONNECTING
D/dalvikvm(  453): GC_CONCURRENT freed 416K, 7% free 10050K/10695K, paused 14ms+3ms
D/ConnectivityService(  152): handleInetConditionHoldEnd: net=0, condition=100, published condition=0
W/Smack/Packet(  453): notify conn break (IOEx), close connection
D/ConnectivityService(  152): handleInetConditionHoldEnd: net=0, condition=0, published condition=100
I/GTalkService/c(  453): [AndroidEndpoint@1094284200] connect: acct=1000001, state=CONNECTING
D/dalvikvm(  453): GC_CONCURRENT freed 386K, 6% free 10058K/10695K, paused 2ms+3ms
D/ConnectivityService(  152): handleInetConditionHoldEnd: net=0, condition=100, published condition=0
W/Smack/Packet(  453): notify conn break (IOEx), close connection
D/ConnectivityService(  152): handleInetConditionHoldEnd: net=0, condition=0, published condition=100
I/GTalkService/c(  453): [AndroidEndpoint@1094284200] connect: acct=1000001, state=CONNECTING
D/ConnectivityService(  152): handleInetConditionHoldEnd: net=0, condition=100, published condition=0
W/Smack/Packet(  453): notify conn break (IOEx), close connection
D/ConnectivityService(  152): handleInetConditionHoldEnd: net=0, condition=0, published condition=100
D/dalvikvm(  315): GC_CONCURRENT freed 412K, 6% free 9509K/10055K, paused 14ms+2ms
I/GTalkService/c(  453): [AndroidEndpoint@1094284200] connect: acct=1000001, state=CONNECTING
D/dalvikvm(  453): GC_CONCURRENT freed 383K, 6% free 10070K/10695K, paused 2ms+3ms
D/ConnectivityService(  152): handleInetConditionHoldEnd: net=0, condition=100, published condition=0
W/Smack/Packet(  453): notify conn break (IOEx), close connection
D/ConnectivityService(  152): handleInetConditionHoldEnd: net=0, condition=0, published condition=100
I/dalvikvm(  453): Jit: resizing JitTable from 4096 to 8192
I/GTalkService/c(  453): [AndroidEndpoint@1094284200] connect: acct=1000001, state=CONNECTING
D/ConnectivityService(  152): handleInetConditionHoldEnd: net=0, condition=100, published condition=0
W/Smack/Packet(  453): notify conn break (IOEx), close connection
D/ConnectivityService(  152): handleInetConditionHoldEnd: net=0, condition=0, published condition=100
I/GTalkService/c(  453): [AndroidEndpoint@1094284200] connect: acct=1000001, state=CONNECTING
D/dalvikvm(  453): GC_CONCURRENT freed 414K, 7% free 10050K/10695K, paused 14ms+3ms
D/ConnectivityService(  152): handleInetConditionHoldEnd: net=0, condition=100, published condition=0
W/Smack/Packet(  453): notify conn break (IOEx), close connection
D/ConnectivityService(  152): handleInetConditionHoldEnd: net=0, condition=0, published condition=100
I/GTalkService/c(  453): [AndroidEndpoint@1094284200] connect: acct=1000001, state=CONNECTING
D/dalvikvm(  453): GC_CONCURRENT freed 385K, 6% free 10057K/10695K, paused 2ms+2ms
D/ConnectivityService(  152): handleInetConditionHoldEnd: net=0, condition=100, published condition=0
W/Smack/Packet(  453): notify conn break (IOEx), close connection
D/ConnectivityService(  152): handleInetConditionHoldEnd: net=0, condition=0, published condition=100
I/GTalkService/c(  453): [AndroidEndpoint@1094284200] connect: acct=1000001, state=CONNECTING
D/ConnectivityService(  152): handleInetConditionHoldEnd: net=0, condition=100, published condition=0
W/Smack/Packet(  453): notify conn break (IOEx), close connection
D/ConnectivityService(  152): handleInetConditionHoldEnd: net=0, condition=0, published condition=100
I/GTalkService/c(  453): [AndroidEndpoint@1094284200] connect: acct=1000001, state=CONNECTING
I/EventLogService(  453): Aggregate from 1333735385011 (log), 1333735385011 (data)
D/dalvikvm(  453): GC_CONCURRENT freed 387K, 6% free 10076K/10695K, paused 2ms+3ms
I/ServiceDumpSys(  453): dumping service [account]
D/ConnectivityService(  152): handleInetConditionHoldEnd: net=0, condition=100, published condition=0
W/Smack/Packet(  453): notify conn break (IOEx), close connection
D/ConnectivityService(  152): handleInetConditionHoldEnd: net=0, condition=0, published condition=100
I/GTalkService/c(  453): [AndroidEndpoint@1094284200] connect: acct=1000001, state=CONNECTING
D/dalvikvm(  453): GC_CONCURRENT freed 406K, 6% free 10063K/10695K, paused 14ms+2ms
D/ConnectivityService(  152): handleInetConditionHoldEnd: net=0, condition=100, published condition=0
W/Smack/Packet(  453): notify conn break (IOEx), close connection
D/ConnectivityService(  152): handleInetConditionHoldEnd: net=0, condition=0, published condition=100
D/dalvikvm(  152): GC_CONCURRENT freed 938K, 11% free 13384K/14983K, paused 3ms+5ms
I/GTalkService/c(  453): [AndroidEndpoint@1094284200] connect: acct=1000001, state=CONNECTING
D/ConnectivityService(  152): handleInetConditionHoldEnd: net=0, condition=100, published condition=0
W/Smack/Packet(  453): notify conn break (IOEx), close connection
D/ConnectivityService(  152): handleInetConditionHoldEnd: net=0, condition=0, published condition=100
D/dalvikvm(  219): GC_CONCURRENT freed 393K, 8% free 10533K/11335K, paused 2ms+2ms
I/GTalkService/c(  453): [AndroidEndpoint@1094284200] connect: acct=1000001, state=CONNECTING
D/dalvikvm(  453): GC_CONCURRENT freed 412K, 6% free 10066K/10695K, paused 14ms+3ms
D/ConnectivityService(  152): handleInetConditionHoldEnd: net=0, condition=100, published condition=0
W/Smack/Packet(  453): notify conn break (IOEx), close connection
D/ConnectivityService(  152): handleInetConditionHoldEnd: net=0, condition=0, published condition=100
I/GTalkService/c(  453): [AndroidEndpoint@1094284200] connect: acct=1000001, state=CONNECTING
D/dalvikvm(  152): GC_EXPLICIT freed 430K, 12% free 13314K/14983K, paused 19ms+5ms
W/Smack/Packet(  453): notify conn break (IOEx), close connection
D/ConnectivityService(  152): handleInetConditionHoldEnd: net=0, condition=0, published condition=0
I/GTalkService/c(  453): [AndroidEndpoint@1094284200] connect: acct=1000001, state=CONNECTING
D/dalvikvm(  453): GC_CONCURRENT freed 408K, 6% free 10069K/10695K, paused 14ms+3ms
D/ConnectivityService(  152): handleInetConditionHoldEnd: net=0, condition=100, published condition=0
W/Smack/Packet(  453): notify conn break (IOEx), close connection
D/ConnectivityService(  152): handleInetConditionHoldEnd: net=0, condition=0, published condition=100
I/GTalkService/c(  453): [AndroidEndpoint@1094284200] connect: acct=1000001, state=CONNECTING
D/ConnectivityService(  152): handleInetConditionHoldEnd: net=0, condition=100, published condition=0
W/Smack/Packet(  453): notify conn break (IOEx), close connection
D/ConnectivityService(  152): handleInetConditionHoldEnd: net=0, condition=0, published condition=100
I/GTalkService/c(  453): [AndroidEndpoint@1094284200] connect: acct=1000001, state=CONNECTING
D/dalvikvm(  453): GC_CONCURRENT freed 426K, 7% free 10029K/10695K, paused 14ms+2ms
D/ConnectivityService(  152): handleInetConditionHoldEnd: net=0, condition=100, published condition=0
W/Smack/Packet(  453): notify conn break (IOEx), close connection
D/ConnectivityService(  152): handleInetConditionHoldEnd: net=0, condition=0, published condition=100
I/GTalkService/c(  453): [AndroidEndpoint@1094284200] connect: acct=1000001, state=CONNECTING
D/dalvikvm(  453): GC_CONCURRENT freed 382K, 7% free 10035K/10695K, paused 14ms+2ms
D/ConnectivityService(  152): handleInetConditionHoldEnd: net=0, condition=100, published condition=0
W/Smack/Packet(  453): notify conn break (IOEx), close connection
D/ConnectivityService(  152): handleInetConditionHoldEnd: net=0, condition=0, published condition=100
D/AlarmManagerService(  152): Kernel timezone updated to 240 minutes west of GMT
D/dalvikvm(  453): GC_EXPLICIT freed 127K, 7% free 9997K/10695K, paused 2ms+7ms
V/AlarmClock(  558): AlarmInitReceiver finished
D/SystemClock(  315): Setting time of day to sec=1333738192
I/GTalkService/c(  453): [AndroidEndpoint@1094284200] connect: acct=1000001, state=CONNECTING
D/ConnectivityService(  152): handleInetConditionHoldEnd: net=0, condition=100, published condition=0
W/Smack/Packet(  453): notify conn break (IOEx), close connection
D/ConnectivityService(  152): handleInetConditionHoldEnd: net=0, condition=0, published condition=100
D/dalvikvm(  152): GC_CONCURRENT freed 883K, 11% free 13380K/14983K, paused 16ms+5ms
I/GTalkService/c(  453): [AndroidEndpoint@1094284200] connect: acct=1000001, state=CONNECTING
D/dalvikvm(  453): GC_CONCURRENT freed 366K, 7% free 10035K/10695K, paused 2ms+3ms
D/ConnectivityService(  152): handleInetConditionHoldEnd: net=0, condition=100, published condition=0
W/Smack/Packet(  453): notify conn break (IOEx), close connection
D/ConnectivityService(  152): handleInetConditionHoldEnd: net=0, condition=0, published condition=100
I/GTalkService/c(  453): [AndroidEndpoint@1094284200] connect: acct=1000001, state=CONNECTING
D/ConnectivityService(  152): handleInetConditionHoldEnd: net=0, condition=100, published condition=0
W/Smack/Packet(  453): notify conn break (IOEx), close connection
D/ConnectivityService(  152): handleInetConditionHoldEnd: net=0, condition=0, published condition=100
I/GTalkService/c(  453): [AndroidEndpoint@1094284200] connect: acct=1000001, state=CONNECTING
D/dalvikvm(  453): GC_CONCURRENT freed 376K, 6% free 10069K/10695K, paused 14ms+3ms
D/ConnectivityService(  152): handleInetConditionHoldEnd: net=0, condition=100, published condition=0
I/EventLogService(  453): Aggregate from 1333737185096 (log), 1333737185096 (data)
I/ServiceDumpSys(  453): dumping service [account]
W/Smack/Packet(  453): notify conn break (IOEx), close connection
D/ConnectivityService(  152): handleInetConditionHoldEnd: net=0, condition=0, published condition=100
I/GTalkService/c(  453): [AndroidEndpoint@1094284200] connect: acct=1000001, state=CONNECTING
D/dalvikvm(  453): GC_CONCURRENT freed 415K, 7% free 10051K/10695K, paused 1ms+3ms
D/ConnectivityService(  152): handleInetConditionHoldEnd: net=0, condition=100, published condition=0
W/Smack/Packet(  453): notify conn break (IOEx), close connection
D/ConnectivityService(  152): handleInetConditionHoldEnd: net=0, condition=0, published condition=100
I/GTalkService/c(  453): [AndroidEndpoint@1094284200] connect: acct=1000001, state=CONNECTING
D/ConnectivityService(  152): handleInetConditionHoldEnd: net=0, condition=100, published condition=0
W/Smack/Packet(  453): notify conn break (IOEx), close connection
D/ConnectivityService(  152): handleInetConditionHoldEnd: net=0, condition=0, published condition=100
I/GTalkService/c(  453): [AndroidEndpoint@1094284200] connect: acct=1000001, state=CONNECTING
D/dalvikvm(  453): GC_CONCURRENT freed 388K, 6% free 10069K/10695K, paused 2ms+3ms
D/dalvikvm(  152): GC_CONCURRENT freed 977K, 11% free 13367K/14983K, paused 9ms+4ms
D/ConnectivityService(  152): handleInetConditionHoldEnd: net=0, condition=100, published condition=0
W/Smack/Packet(  453): notify conn break (IOEx), close connection
D/ConnectivityService(  152): handleInetConditionHoldEnd: net=0, condition=0, published condition=100
I/GTalkService/c(  453): [AndroidEndpoint@1094284200] connect: acct=1000001, state=CONNECTING
D/ConnectivityService(  152): handleInetConditionHoldEnd: net=0, condition=100, published condition=0
D/dalvikvm(  152): GC_EXPLICIT freed 166K, 12% free 13302K/14983K, paused 19ms+5ms
W/Smack/Packet(  453): notify conn break (IOEx), close connection
D/ConnectivityService(  152): handleInetConditionHoldEnd: net=0, condition=0, published condition=100
I/GTalkService/c(  453): [AndroidEndpoint@1094284200] connect: acct=1000001, state=CONNECTING
D/dalvikvm(  453): GC_CONCURRENT freed 412K, 7% free 10050K/10695K, paused 14ms+3ms
D/ConnectivityService(  152): handleInetConditionHoldEnd: net=0, condition=100, published condition=0
W/Smack/Packet(  453): notify conn break (IOEx), close connection
D/ConnectivityService(  152): handleInetConditionHoldEnd: net=0, condition=0, published condition=100
D/dalvikvm(  219): GC_CONCURRENT freed 374K, 7% free 10544K/11335K, paused 13ms+3ms
I/GTalkService/c(  453): [AndroidEndpoint@1094284200] connect: acct=1000001, state=CONNECTING
D/dalvikvm(  453): GC_CONCURRENT freed 385K, 7% free 10048K/10695K, paused 2ms+3ms
D/ConnectivityService(  152): handleInetConditionHoldEnd: net=0, condition=100, published condition=0
W/Smack/Packet(  453): notify conn break (IOEx), close connection
D/ConnectivityService(  152): handleInetConditionHoldEnd: net=0, condition=0, published condition=100
I/GTalkService/c(  453): [AndroidEndpoint@1094284200] connect: acct=1000001, state=CONNECTING
D/ConnectivityService(  152): handleInetConditionHoldEnd: net=0, condition=100, published condition=0
W/Smack/Packet(  453): notify conn break (IOEx), close connection
D/ConnectivityService(  152): handleInetConditionHoldEnd: net=0, condition=0, published condition=100
I/GTalkService/c(  453): [AndroidEndpoint@1094284200] connect: acct=1000001, state=CONNECTING
D/dalvikvm(  453): GC_CONCURRENT freed 384K, 6% free 10073K/10695K, paused 2ms+3ms
D/ConnectivityService(  152): handleInetConditionHoldEnd: net=0, condition=100, published condition=0
W/Smack/Packet(  453): notify conn break (IOEx), close connection
D/ConnectivityService(  152): handleInetConditionHoldEnd: net=0, condition=0, published condition=100
I/GTalkService/c(  453): [AndroidEndpoint@1094284200] connect: acct=1000001, state=CONNECTING
D/ConnectivityService(  152): handleInetConditionHoldEnd: net=0, condition=100, published condition=0
W/Smack/Packet(  453): notify conn break (IOEx), close connection
D/ConnectivityService(  152): handleInetConditionHoldEnd: net=0, condition=0, published condition=100
I/GTalkService/c(  453): [AndroidEndpoint@1094284200] connect: acct=1000001, state=CONNECTING
D/dalvikvm(  453): GC_CONCURRENT freed 415K, 7% free 10045K/10695K, paused 14ms+2ms
D/ConnectivityService(  152): handleInetConditionHoldEnd: net=0, condition=100, published condition=0
W/Smack/Packet(  453): notify conn break (IOEx), close connection
D/ConnectivityService(  152): handleInetConditionHoldEnd: net=0, condition=0, published condition=100
I/GTalkService/c(  453): [AndroidEndpoint@1094284200] connect: acct=1000001, state=CONNECTING
D/dalvikvm(  453): GC_CONCURRENT freed 384K, 7% free 10049K/10695K, paused 2ms+3ms
D/ConnectivityService(  152): handleInetConditionHoldEnd: net=0, condition=100, published condition=0
W/Smack/Packet(  453): notify conn break (IOEx), close connection
D/ConnectivityService(  152): handleInetConditionHoldEnd: net=0, condition=0, published condition=100
I/GTalkService/c(  453): [AndroidEndpoint@1094284200] connect: acct=1000001, state=CONNECTING
D/ConnectivityService(  152): handleInetConditionHoldEnd: net=0, condition=100, published condition=0
W/Smack/Packet(  453): notify conn break (IOEx), close connection
D/ConnectivityService(  152): handleInetConditionHoldEnd: net=0, condition=0, published condition=100
I/GTalkService/c(  453): [AndroidEndpoint@1094284200] connect: acct=1000001, state=CONNECTING
D/dalvikvm(  453): GC_CONCURRENT freed 380K, 6% free 10075K/10695K, paused 2ms+2ms
D/ConnectivityService(  152): handleInetConditionHoldEnd: net=0, condition=100, published condition=0
W/Smack/Packet(  453): notify conn break (IOEx), close connection
D/ConnectivityService(  152): handleInetConditionHoldEnd: net=0, condition=0, published condition=100
I/GTalkService/c(  453): [AndroidEndpoint@1094284200] connect: acct=1000001, state=CONNECTING
D/ConnectivityService(  152): handleInetConditionHoldEnd: net=0, condition=100, published condition=0
W/Smack/Packet(  453): notify conn break (IOEx), close connection
D/ConnectivityService(  152): handleInetConditionHoldEnd: net=0, condition=0, published condition=100
I/GTalkService/c(  453): [AndroidEndpoint@1094284200] connect: acct=1000001, state=CONNECTING
D/dalvikvm(  453): GC_CONCURRENT freed 421K, 7% free 10051K/10695K, paused 14ms+2ms
D/ConnectivityService(  152): handleInetConditionHoldEnd: net=0, condition=100, published condition=0
W/Smack/Packet(  453): notify conn break (IOEx), close connection
D/ConnectivityService(  152): handleInetConditionHoldEnd: net=0, condition=0, published condition=100
I/GTalkService/c(  453): [AndroidEndpoint@1094284200] connect: acct=1000001, state=CONNECTING
D/dalvikvm(  453): GC_CONCURRENT freed 384K, 6% free 10059K/10695K, paused 14ms+3ms
D/ConnectivityService(  152): handleInetConditionHoldEnd: net=0, condition=100, published condition=0
W/Smack/Packet(  453): notify conn break (IOEx), close connection
D/ConnectivityService(  152): handleInetConditionHoldEnd: net=0, condition=0, published condition=100
I/GTalkService/c(  453): [AndroidEndpoint@1094284200] connect: acct=1000001, state=CONNECTING
D/ConnectivityService(  152): handleInetConditionHoldEnd: net=0, condition=100, published condition=0
W/Smack/Packet(  453): notify conn break (IOEx), close connection
D/ConnectivityService(  152): handleInetConditionHoldEnd: net=0, condition=0, published condition=100
I/GTalkService/c(  453): [AndroidEndpoint@1094284200] connect: acct=1000001, state=CONNECTING
D/dalvikvm(  453): GC_CONCURRENT freed 378K, 6% free 10075K/10695K, paused 2ms+3ms
D/ConnectivityService(  152): handleInetConditionHoldEnd: net=0, condition=100, published condition=0
W/Smack/Packet(  453): notify conn break (IOEx), close connection
D/ConnectivityService(  152): handleInetConditionHoldEnd: net=0, condition=0, published condition=100
I/GTalkService/c(  453): [AndroidEndpoint@1094284200] connect: acct=1000001, state=CONNECTING
D/dalvikvm(  152): GC_CONCURRENT freed 872K, 11% free 13394K/14983K, paused 18ms+6ms
D/ConnectivityService(  152): handleInetConditionHoldEnd: net=0, condition=100, published condition=0
W/Smack/Packet(  453): notify conn break (IOEx), close connection
D/ConnectivityService(  152): handleInetConditionHoldEnd: net=0, condition=0, published condition=100
I/GTalkService/c(  453): [AndroidEndpoint@1094284200] connect: acct=1000001, state=CONNECTING
D/dalvikvm(  453): GC_CONCURRENT freed 418K, 7% free 10051K/10695K, paused 14ms+2ms
D/dalvikvm(  152): GC_EXPLICIT freed 137K, 12% free 13291K/14983K, paused 20ms+4ms
D/ConnectivityService(  152): handleInetConditionHoldEnd: net=0, condition=100, published condition=0
W/Smack/Packet(  453): notify conn break (IOEx), close connection
D/ConnectivityService(  152): handleInetConditionHoldEnd: net=0, condition=0, published condition=100
I/GTalkService/c(  453): [AndroidEndpoint@1094284200] connect: acct=1000001, state=CONNECTING
D/dalvikvm(  453): GC_CONCURRENT freed 388K, 6% free 10057K/10695K, paused 2ms+2ms
D/ConnectivityService(  152): handleInetConditionHoldEnd: net=0, condition=100, published condition=0
W/Smack/Packet(  453): notify conn break (IOEx), close connection
D/ConnectivityService(  152): handleInetConditionHoldEnd: net=0, condition=0, published condition=100
I/GTalkService/c(  453): [AndroidEndpoint@1094284200] connect: acct=1000001, state=CONNECTING
D/ConnectivityService(  152): handleInetConditionHoldEnd: net=0, condition=100, published condition=0
W/Smack/Packet(  453): notify conn break (IOEx), close connection
D/ConnectivityService(  152): handleInetConditionHoldEnd: net=0, condition=0, published condition=100
I/GTalkService/c(  453): [AndroidEndpoint@1094284200] connect: acct=1000001, state=CONNECTING
D/dalvikvm(  453): GC_CONCURRENT freed 382K, 6% free 10070K/10695K, paused 1ms+3ms
D/ConnectivityService(  152): handleInetConditionHoldEnd: net=0, condition=100, published condition=0
W/Smack/Packet(  453): notify conn break (IOEx), close connection
D/ConnectivityService(  152): handleInetConditionHoldEnd: net=0, condition=0, published condition=100
I/GTalkService/c(  453): [AndroidEndpoint@1094284200] connect: acct=1000001, state=CONNECTING
D/ConnectivityService(  152): handleInetConditionHoldEnd: net=0, condition=100, published condition=0
W/Smack/Packet(  453): notify conn break (IOEx), close connection
D/ConnectivityService(  152): handleInetConditionHoldEnd: net=0, condition=0, published condition=100
I/GTalkService/c(  453): [AndroidEndpoint@1094284200] connect: acct=1000001, state=CONNECTING
D/dalvikvm(  453): GC_CONCURRENT freed 413K, 7% free 10050K/10695K, paused 14ms+3ms
D/ConnectivityService(  152): handleInetConditionHoldEnd: net=0, condition=100, published condition=0
W/Smack/Packet(  453): notify conn break (IOEx), close connection
D/ConnectivityService(  152): handleInetConditionHoldEnd: net=0, condition=0, published condition=100
I/GTalkService/c(  453): [AndroidEndpoint@1094284200] connect: acct=1000001, state=CONNECTING
D/dalvikvm(  453): GC_CONCURRENT freed 384K, 6% free 10059K/10695K, paused 2ms+2ms
D/ConnectivityService(  152): handleInetConditionHoldEnd: net=0, condition=100, published condition=0
W/Smack/Packet(  453): notify conn break (IOEx), close connection
D/ConnectivityService(  152): handleInetConditionHoldEnd: net=0, condition=0, published condition=100
I/GTalkService/c(  453): [AndroidEndpoint@1094284200] connect: acct=1000001, state=CONNECTING
W/Smack/Packet(  453): notify conn break (IOEx), close connection
D/ConnectivityService(  152): handleInetConditionHoldEnd: net=0, condition=0, published condition=0
I/GTalkService/c(  453): [AndroidEndpoint@1094284200] connect: acct=1000001, state=CONNECTING
D/dalvikvm(  453): GC_CONCURRENT freed 381K, 6% free 10071K/10695K, paused 2ms+3ms
D/ConnectivityService(  152): handleInetConditionHoldEnd: net=0, condition=100, published condition=0
W/Smack/Packet(  453): notify conn break (IOEx), close connection
D/ConnectivityService(  152): handleInetConditionHoldEnd: net=0, condition=0, published condition=100
I/GTalkService/c(  453): [AndroidEndpoint@1094284200] connect: acct=1000001, state=CONNECTING
D/ConnectivityService(  152): handleInetConditionHoldEnd: net=0, condition=100, published condition=0
W/Smack/Packet(  453): notify conn break (IOEx), close connection
D/ConnectivityService(  152): handleInetConditionHoldEnd: net=0, condition=0, published condition=100
I/GTalkService/c(  453): [AndroidEndpoint@1094284200] connect: acct=1000001, state=CONNECTING
D/dalvikvm(  453): GC_CONCURRENT freed 414K, 7% free 10050K/10695K, paused 14ms+3ms
D/ConnectivityService(  152): handleInetConditionHoldEnd: net=0, condition=100, published condition=0
W/Smack/Packet(  453): notify conn break (IOEx), close connection
D/ConnectivityService(  152): handleInetConditionHoldEnd: net=0, condition=0, published condition=100
I/GTalkService/c(  453): [AndroidEndpoint@1094284200] connect: acct=1000001, state=CONNECTING
D/dalvikvm(  315): GC_CONCURRENT freed 416K, 6% free 9509K/10055K, paused 2ms+3ms
D/dalvikvm(  453): GC_CONCURRENT freed 387K, 6% free 10059K/10695K, paused 1ms+2ms
D/ConnectivityService(  152): handleInetConditionHoldEnd: net=0, condition=100, published condition=0
W/Smack/Packet(  453): notify conn break (IOEx), close connection
D/ConnectivityService(  152): handleInetConditionHoldEnd: net=0, condition=0, published condition=100
I/GTalkService/c(  453): [AndroidEndpoint@1094284200] connect: acct=1000001, state=CONNECTING
D/ConnectivityService(  152): handleInetConditionHoldEnd: net=0, condition=100, published condition=0
W/Smack/Packet(  453): notify conn break (IOEx), close connection
D/ConnectivityService(  152): handleInetConditionHoldEnd: net=0, condition=0, published condition=100
I/GTalkService/c(  453): [AndroidEndpoint@1094284200] connect: acct=1000001, state=CONNECTING
D/dalvikvm(  453): GC_CONCURRENT freed 380K, 6% free 10073K/10695K, paused 1ms+3ms
D/ConnectivityService(  152): handleInetConditionHoldEnd: net=0, condition=100, published condition=0
W/Smack/Packet(  453): notify conn break (IOEx), close connection
D/ConnectivityService(  152): handleInetConditionHoldEnd: net=0, condition=0, published condition=100
I/GTalkService/c(  453): [AndroidEndpoint@1094284200] connect: acct=1000001, state=CONNECTING
