D/ConnectivityService(  152): handleInetConditionHoldEnd: net=0, condition=100, published condition=0
W/Smack/Packet(  453): notify conn break (IOEx), close connection
D/ConnectivityService(  152): handleInetConditionHoldEnd: net=0, condition=0, published condition=100
I/GTalkService/c(  453): [AndroidEndpoint@1094284200] connect: acct=1000001, state=CONNECTING
D/dalvikvm(  453): GC_CONCURRENT freed 412K, 7% free 10046K/10695K, paused 14ms+2ms
D/ConnectivityService(  152): handleInetConditionHoldEnd: net=0, condition=100, published condition=0
W/Smack/Packet(  453): notify conn break (IOEx), close connection
D/ConnectivityService(  152): handleInetConditionHoldEnd: net=0, condition=0, published condition=100
I/GTalkService/c(  453): [AndroidEndpoint@1094284200] connect: acct=1000001, state=CONNECTING
D/dalvikvm(  453): GC_CONCURRENT freed 385K, 7% free 10051K/10695K, paused 1ms+4ms
D/dalvikvm(  152): GC_CONCURRENT freed 853K, 11% free 13383K/14983K, paused 17ms+6ms
D/ConnectivityService(  152): handleInetConditionHoldEnd: net=0, condition=100, published condition=0
W/Smack/Packet(  453): notify conn break (IOEx), close connection
D/dalvikvm(  152): GC_EXPLICIT freed 102K, 12% free 13291K/14983K, paused 20ms+5ms
D/ConnectivityService(  152): handleInetConditionHoldEnd: net=0, condition=0, published condition=100
I/GTalkService/c(  453): [AndroidEndpoint@1094284200] connect: acct=1000001, state=CONNECTING
D/ConnectivityService(  152): handleInetConditionHoldEnd: net=0, condition=100, published condition=0
W/Smack/Packet(  453): notify conn break (IOEx), close connection
D/ConnectivityService(  152): handleInetConditionHoldEnd: net=0, condition=0, published condition=100
I/GTalkService/c(  453): [AndroidEndpoint@1094284200] connect: acct=1000001, state=CONNECTING
D/dalvikvm(  453): GC_CONCURRENT freed 386K, 6% free 10071K/10695K, paused 1ms+3ms
D/ConnectivityService(  152): handleInetConditionHoldEnd: net=0, condition=100, published condition=0
W/Smack/Packet(  453): notify conn break (IOEx), close connection
D/ConnectivityService(  152): handleInetConditionHoldEnd: net=0, condition=0, published condition=100
I/GTalkService/c(  453): [AndroidEndpoint@1094284200] connect: acct=1000001, state=CONNECTING
D/ConnectivityService(  152): handleInetConditionHoldEnd: net=0, condition=100, published condition=0
W/Smack/Packet(  453): notify conn break (IOEx), close connection
D/ConnectivityService(  152): handleInetConditionHoldEnd: net=0, condition=0, published condition=100
D/dalvikvm(  219): GC_CONCURRENT freed 402K, 8% free 10529K/11335K, paused 14ms+2ms
I/GTalkService/c(  453): [AndroidEndpoint@1094284200] connect: acct=1000001, state=CONNECTING
D/dalvikvm(  453): GC_CONCURRENT freed 416K, 7% free 10050K/10695K, paused 14ms+3ms
D/ConnectivityService(  152): handleInetConditionHoldEnd: net=0, condition=100, published condition=0
W/Smack/Packet(  453): notify conn break (IOEx), close connection
D/ConnectivityService(  152): handleInetConditionHoldEnd: net=0, condition=0, published condition=100
I/GTalkService/c(  453): [AndroidEndpoint@1094284200] connect: acct=1000001, state=CONNECTING
D/dalvikvm(  453): GC_CONCURRENT freed 386K, 7% free 10050K/10695K, paused 2ms+2ms
D/ConnectivityService(  152): handleInetConditionHoldEnd: net=0, condition=100, published condition=0
W/Smack/Packet(  453): notify conn break (IOEx), close connection
D/ConnectivityService(  152): handleInetConditionHoldEnd: net=0, condition=0, published condition=100
I/GTalkService/c(  453): [AndroidEndpoint@1094284200] connect: acct=1000001, state=CONNECTING
W/Smack/Packet(  453): notify conn break (IOEx), close connection
D/ConnectivityService(  152): handleInetConditionHoldEnd: net=0, condition=0, published condition=0
I/GTalkService/c(  453): [AndroidEndpoint@1094284200] connect: acct=1000001, state=CONNECTING
D/dalvikvm(  453): GC_CONCURRENT freed 387K, 6% free 10070K/10695K, paused 1ms+3ms
D/ConnectivityService(  152): handleInetConditionHoldEnd: net=0, condition=100, published condition=0
W/Smack/Packet(  453): notify conn break (IOEx), close connection
D/ConnectivityService(  152): handleInetConditionHoldEnd: net=0, condition=0, published condition=100
I/GTalkService/c(  453): [AndroidEndpoint@1094284200] connect: acct=1000001, state=CONNECTING
D/ConnectivityService(  152): handleInetConditionHoldEnd: net=0, condition=100, published condition=0
W/Smack/Packet(  453): notify conn break (IOEx), close connection
D/ConnectivityService(  152): handleInetConditionHoldEnd: net=0, condition=0, published condition=100
I/GTalkService/c(  453): [AndroidEndpoint@1094284200] connect: acct=1000001, state=CONNECTING
D/dalvikvm(  453): GC_CONCURRENT freed 411K, 7% free 10046K/10695K, paused 14ms+3ms
D/ConnectivityService(  152): handleInetConditionHoldEnd: net=0, condition=100, published condition=0
W/Smack/Packet(  453): notify conn break (IOEx), close connection
D/ConnectivityService(  152): handleInetConditionHoldEnd: net=0, condition=0, published condition=100
I/GTalkService/c(  453): [AndroidEndpoint@1094284200] connect: acct=1000001, state=CONNECTING
D/dalvikvm(  453): GC_CONCURRENT freed 384K, 7% free 10051K/10695K, paused 2ms+3ms
D/ConnectivityService(  152): handleInetConditionHoldEnd: net=0, condition=100, published condition=0
W/Smack/Packet(  453): notify conn break (IOEx), close connection
D/ConnectivityService(  152): handleInetConditionHoldEnd: net=0, condition=0, published condition=100
I/GTalkService/c(  453): [AndroidEndpoint@1094284200] connect: acct=1000001, state=CONNECTING
D/ConnectivityService(  152): handleInetConditionHoldEnd: net=0, condition=100, published condition=0
W/Smack/Packet(  453): notify conn break (IOEx), close connection
D/ConnectivityService(  152): handleInetConditionHoldEnd: net=0, condition=0, published condition=100
I/GTalkService/c(  453): [AndroidEndpoint@1094284200] connect: acct=1000001, state=CONNECTING
D/dalvikvm(  453): GC_CONCURRENT freed 384K, 6% free 10074K/10695K, paused 2ms+3ms
D/ConnectivityService(  152): handleInetConditionHoldEnd: net=0, condition=100, published condition=0
W/Smack/Packet(  453): notify conn break (IOEx), close connection
D/ConnectivityService(  152): handleInetConditionHoldEnd: net=0, condition=0, published condition=100
D/dalvikvm(  152): GC_CONCURRENT freed 865K, 11% free 13391K/14983K, paused 17ms+5ms
I/EventLogService(  453): Aggregate from 1333738985256 (log), 1333738985256 (data)
I/ServiceDumpSys(  453): dumping service [account]
I/GTalkService/c(  453): [AndroidEndpoint@1094284200] connect: acct=1000001, state=CONNECTING
D/dalvikvm(  453): GC_CONCURRENT freed 395K, 6% free 10063K/10695K, paused 2ms+2ms
W/Smack/Packet(  453): notify conn break (IOEx), close connection
D/ConnectivityService(  152): handleInetConditionHoldEnd: net=0, condition=0, published condition=0
I/GTalkService/c(  453): [AndroidEndpoint@1094284200] connect: acct=1000001, state=CONNECTING
D/dalvikvm(  453): GC_EXPLICIT freed 265K, 6% free 10060K/10695K, paused 9ms+3ms
D/ConnectivityService(  152): handleInetConditionHoldEnd: net=0, condition=100, published condition=0
W/Smack/Packet(  453): notify conn break (IOEx), close connection
D/ConnectivityService(  152): handleInetConditionHoldEnd: net=0, condition=0, published condition=100
I/CheckinService(  453): Preparing to send checkin request
I/EventLogService(  453): Accumulating logs since 1333740785374
D/dalvikvm(  152): GC_EXPLICIT freed 515K, 12% free 13331K/14983K, paused 2ms+5ms
I/CheckinTask(  453): Sending checkin request (1719 bytes)
D/dalvikvm(  453): GC_CONCURRENT freed 383K, 6% free 10071K/10695K, paused 1ms+3ms
I/CheckinTask(  453): Checkin success: https://android.clients.google.com/checkin (1 requests sent)
D/dalvikvm(  315): GC_EXPLICIT freed 225K, 6% free 9493K/10055K, paused 20ms+2ms
I/GTalkService/c(  453): [AndroidEndpoint@1094284200] connect: acct=1000001, state=CONNECTING
D/ConnectivityService(  152): handleInetConditionHoldEnd: net=0, condition=100, published condition=0
W/Smack/Packet(  453): notify conn break (IOEx), close connection
D/dalvikvm(  453): GC_CONCURRENT freed 403K, 6% free 10055K/10695K, paused 14ms+3ms
D/ConnectivityService(  152): handleInetConditionHoldEnd: net=0, condition=0, published condition=100
I/GTalkService/c(  453): [AndroidEndpoint@1094284200] connect: acct=1000001, state=CONNECTING
W/Smack/Packet(  453): notify conn break (IOEx), close connection
D/ConnectivityService(  152): handleInetConditionHoldEnd: net=0, condition=0, published condition=0
I/GTalkService/c(  453): [AndroidEndpoint@1094284200] connect: acct=1000001, state=CONNECTING
D/dalvikvm(  453): GC_CONCURRENT freed 392K, 6% free 10065K/10695K, paused 14ms+3ms
D/ConnectivityService(  152): handleInetConditionHoldEnd: net=0, condition=100, published condition=0
W/Smack/Packet(  453): notify conn break (IOEx), close connection
D/ConnectivityService(  152): handleInetConditionHoldEnd: net=0, condition=0, published condition=100
I/GTalkService/c(  453): [AndroidEndpoint@1094284200] connect: acct=1000001, state=CONNECTING
D/ConnectivityService(  152): handleInetConditionHoldEnd: net=0, condition=100, published condition=0
W/Smack/Packet(  453): notify conn break (IOEx), close connection
D/ConnectivityService(  152): handleInetConditionHoldEnd: net=0, condition=0, published condition=100
I/GTalkService/c(  453): [AndroidEndpoint@1094284200] connect: acct=1000001, state=CONNECTING
D/dalvikvm(  453): GC_CONCURRENT freed 405K, 6% free 10071K/10695K, paused 13ms+3ms
D/ConnectivityService(  152): handleInetConditionHoldEnd: net=0, condition=100, published condition=0
W/Smack/Packet(  453): notify conn break (IOEx), close connection
D/ConnectivityService(  152): handleInetConditionHoldEnd: net=0, condition=0, published condition=100
I/GTalkService/c(  453): [AndroidEndpoint@1094284200] connect: acct=1000001, state=CONNECTING
D/ConnectivityService(  152): handleInetConditionHoldEnd: net=0, condition=100, published condition=0
W/Smack/Packet(  453): notify conn break (IOEx), close connection
D/dalvikvm(  453): GC_CONCURRENT freed 411K, 7% free 10046K/10695K, paused 13ms+3ms
D/ConnectivityService(  152): handleInetConditionHoldEnd: net=0, condition=0, published condition=100
D/AlarmManagerService(  152): Kernel timezone updated to 240 minutes west of GMT
D/SystemClock(  315): Setting time of day to sec=1333741806
V/AlarmClock(  558): AlarmInitReceiver finished
D/dalvikvm(  219): GC_CONCURRENT freed 381K, 8% free 10540K/11335K, paused 2ms+3ms
D/dalvikvm(  152): GC_CONCURRENT freed 900K, 11% free 13391K/14983K, paused 2ms+6ms
I/GTalkService/c(  453): [AndroidEndpoint@1094284200] connect: acct=1000001, state=CONNECTING
I/power   (  152): *** set_screen_state 1
D/PicasaSyncManager(  975): battery info: false
I/WindowManager(  152): Lock screen displayed!
D/SurfaceFlinger(   79): Screen about to return, flinger = 0x19bc918
D/dalvikvm(  219): GC_FOR_ALLOC freed 285K, 9% free 10336K/11335K, paused 26ms
I/StorageNotification(  219): UMS connection changed to false (media state mounted)
D/dalvikvm(  219): GC_FOR_ALLOC freed 307K, 9% free 10333K/11335K, paused 28ms
D/dalvikvm(  219): GC_FOR_ALLOC freed 182K, 9% free 10332K/11335K, paused 30ms
D/dalvikvm(  219): GC_FOR_ALLOC freed 182K, 9% free 10330K/11335K, paused 15ms
D/dalvikvm(  219): GC_FOR_ALLOC freed 505K, 11% free 10148K/11335K, paused 37ms
D/ConnectivityService(  152): handleInetConditionHoldEnd: net=0, condition=100, published condition=0
W/Smack/Packet(  453): notify conn break (IOEx), close connection
D/ConnectivityService(  152): handleInetConditionHoldEnd: net=0, condition=0, published condition=100
D/dalvikvm(  315): GC_CONCURRENT freed 425K, 6% free 9492K/10055K, paused 9ms+2ms
W/PowerUI (  219): unknown intent: Intent { act=android.intent.action.ACTION_POWER_CONNECTED flg=0x10000010 }
D/PicasaSyncManager(  975): battery info: true
I/StorageNotification(  219): UMS connection changed to true (media state mounted)
D/dalvikvm(  219): GC_CONCURRENT freed 376K, 10% free 10215K/11335K, paused 2ms+3ms
I/StorageNotification(  219): UMS connection changed to true (media state mounted)
D/dalvikvm(  219): GC_FOR_ALLOC freed 43K, 9% free 10413K/11335K, paused 16ms
I/dalvikvm-heap(  219): Grow heap (frag case) to 10.413MB for 184336-byte allocation
D/dalvikvm(  219): GC_FOR_ALLOC freed 9K, 9% free 10584K/11527K, paused 17ms
D/dalvikvm(  219): GC_FOR_ALLOC freed 612K, 11% free 10267K/11527K, paused 18ms
D/dalvikvm(  219): GC_CONCURRENT freed 270K, 9% free 10496K/11527K, paused 2ms+3ms
D/dalvikvm(  152): GC_CONCURRENT freed 1072K, 12% free 13289K/14983K, paused 10ms+5ms
I/GTalkService/c(  453): [AndroidEndpoint@1094284200] connect: acct=1000001, state=CONNECTING
D/dalvikvm(  453): GC_CONCURRENT freed 379K, 6% free 10062K/10695K, paused 11ms+3ms
D/ConnectivityService(  152): handleInetConditionHoldEnd: net=0, condition=100, published condition=0
W/Smack/Packet(  453): notify conn break (IOEx), close connection
D/ConnectivityService(  152): handleInetConditionHoldEnd: net=0, condition=0, published condition=100
I/GTalkService/c(  453): [AndroidEndpoint@1094284200] connect: acct=1000001, state=CONNECTING
D/ConnectivityService(  152): handleInetConditionHoldEnd: net=0, condition=100, published condition=0
W/Smack/Packet(  453): notify conn break (IOEx), close connection
D/ConnectivityService(  152): handleInetConditionHoldEnd: net=0, condition=0, published condition=100
I/GTalkService/c(  453): [AndroidEndpoint@1094284200] connect: acct=1000001, state=CONNECTING
D/dalvikvm(  453): GC_CONCURRENT freed 399K, 6% free 10060K/10695K, paused 11ms+2ms
D/dalvikvm(  152): GC_EXPLICIT freed 217K, 12% free 13235K/14983K, paused 12ms+4ms
D/ConnectivityService(  152): handleInetConditionHoldEnd: net=0, condition=100, published condition=0
W/Smack/Packet(  453): notify conn break (IOEx), close connection
D/ConnectivityService(  152): handleInetConditionHoldEnd: net=0, condition=0, published condition=100
I/GTalkService/c(  453): [AndroidEndpoint@1094284200] connect: acct=1000001, state=CONNECTING
D/dalvikvm(  453): GC_CONCURRENT freed 390K, 6% free 10062K/10695K, paused 7ms+3ms
D/ConnectivityService(  152): handleInetConditionHoldEnd: net=0, condition=100, published condition=0
W/Smack/Packet(  453): notify conn break (IOEx), close connection
D/ConnectivityService(  152): handleInetConditionHoldEnd: net=0, condition=0, published condition=100
I/GTalkService/c(  453): [AndroidEndpoint@1094284200] connect: acct=1000001, state=CONNECTING
D/ConnectivityService(  152): handleInetConditionHoldEnd: net=0, condition=100, published condition=0
W/Smack/Packet(  453): notify conn break (IOEx), close connection
D/ConnectivityService(  152): handleInetConditionHoldEnd: net=0, condition=0, published condition=100
I/GTalkService/c(  453): [AndroidEndpoint@1094284200] connect: acct=1000001, state=CONNECTING
D/dalvikvm(  219): GC_CONCURRENT freed 352K, 9% free 10527K/11527K, paused 6ms+2ms
D/dalvikvm(  453): GC_CONCURRENT freed 409K, 6% free 10066K/10695K, paused 8ms+3ms
D/ConnectivityService(  152): handleInetConditionHoldEnd: net=0, condition=100, published condition=0
W/Smack/Packet(  453): notify conn break (IOEx), close connection
D/ConnectivityService(  152): handleInetConditionHoldEnd: net=0, condition=0, published condition=100
I/EventLogService(  453): Aggregate from 1333741142108 (log), 1333740785374 (data)
I/ServiceDumpSys(  453): dumping service [account]
I/GTalkService/c(  453): [AndroidEndpoint@1094284200] connect: acct=1000001, state=CONNECTING
D/ConnectivityService(  152): handleInetConditionHoldEnd: net=0, condition=100, published condition=0
W/Smack/Packet(  453): notify conn break (IOEx), close connection
D/dalvikvm(  453): GC_CONCURRENT freed 404K, 7% free 10049K/10695K, paused 12ms+4ms
D/ConnectivityService(  152): handleInetConditionHoldEnd: net=0, condition=0, published condition=100
I/GTalkService/c(  453): [AndroidEndpoint@1094284200] connect: acct=1000001, state=CONNECTING
D/dalvikvm( 1177): GC_CONCURRENT freed 392K, 7% free 10020K/10695K, paused 16ms+2ms
D/ConnectivityService(  152): handleInetConditionHoldEnd: net=0, condition=100, published condition=0
D/dalvikvm(  315): GC_CONCURRENT freed 427K, 6% free 9490K/10055K, paused 9ms+8ms
W/Smack/Packet(  453): notify conn break (IOEx), close connection
D/ConnectivityService(  152): handleInetConditionHoldEnd: net=0, condition=0, published condition=100
I/GTalkService/c(  453): [AndroidEndpoint@1094284200] connect: acct=1000001, state=CONNECTING
D/dalvikvm(  453): GC_CONCURRENT freed 382K, 6% free 10090K/10695K, paused 11ms+3ms
D/ConnectivityService(  152): handleInetConditionHoldEnd: net=0, condition=100, published condition=0
W/Smack/Packet(  453): notify conn break (IOEx), close connection
D/ConnectivityService(  152): handleInetConditionHoldEnd: net=0, condition=0, published condition=100
I/GTalkService/c(  453): [AndroidEndpoint@1094284200] connect: acct=1000001, state=CONNECTING
D/ConnectivityService(  152): handleInetConditionHoldEnd: net=0, condition=100, published condition=0
W/Smack/Packet(  453): notify conn break (IOEx), close connection
D/ConnectivityService(  152): handleInetConditionHoldEnd: net=0, condition=0, published condition=100
I/GTalkService/c(  453): [AndroidEndpoint@1094284200] connect: acct=1000001, state=CONNECTING
D/dalvikvm(  453): GC_CONCURRENT freed 409K, 6% free 10073K/10695K, paused 12ms+4ms
D/ConnectivityService(  152): handleInetConditionHoldEnd: net=0, condition=100, published condition=0
W/Smack/Packet(  453): notify conn break (IOEx), close connection
D/ConnectivityService(  152): handleInetConditionHoldEnd: net=0, condition=0, published condition=100
I/GTalkService/c(  453): [AndroidEndpoint@1094284200] connect: acct=1000001, state=CONNECTING
W/Smack/Packet(  453): notify conn break (IOEx), close connection
D/ConnectivityService(  152): handleInetConditionHoldEnd: net=0, condition=0, published condition=0
I/GTalkService/c(  453): [AndroidEndpoint@1094284200] connect: acct=1000001, state=CONNECTING
D/dalvikvm(  453): GC_CONCURRENT freed 430K, 7% free 10053K/10695K, paused 11ms+3ms
D/ConnectivityService(  152): handleInetConditionHoldEnd: net=0, condition=100, published condition=0
W/Smack/Packet(  453): notify conn break (IOEx), close connection
D/ConnectivityService(  152): handleInetConditionHoldEnd: net=0, condition=0, published condition=100
I/GTalkService/c(  453): [AndroidEndpoint@1094284200] connect: acct=1000001, state=CONNECTING
D/dalvikvm(  453): GC_CONCURRENT freed 386K, 6% free 10061K/10695K, paused 2ms+3ms
D/ConnectivityService(  152): handleInetConditionHoldEnd: net=0, condition=100, published condition=0
W/Smack/Packet(  453): notify conn break (IOEx), close connection
D/ConnectivityService(  152): handleInetConditionHoldEnd: net=0, condition=0, published condition=100
I/GTalkService/c(  453): [AndroidEndpoint@1094284200] connect: acct=1000001, state=CONNECTING
D/ConnectivityService(  152): handleInetConditionHoldEnd: net=0, condition=100, published condition=0
W/Smack/Packet(  453): notify conn break (IOEx), close connection
D/dalvikvm(  152): GC_CONCURRENT freed 845K, 12% free 13318K/14983K, paused 16ms+6ms
D/ConnectivityService(  152): handleInetConditionHoldEnd: net=0, condition=0, published condition=100
I/GTalkService/c(  453): [AndroidEndpoint@1094284200] connect: acct=1000001, state=CONNECTING
D/dalvikvm(  453): GC_CONCURRENT freed 381K, 6% free 10075K/10695K, paused 1ms+5ms
D/ConnectivityService(  152): handleInetConditionHoldEnd: net=0, condition=100, published condition=0
W/Smack/Packet(  453): notify conn break (IOEx), close connection
D/ConnectivityService(  152): handleInetConditionHoldEnd: net=0, condition=0, published condition=100
I/GTalkService/c(  453): [AndroidEndpoint@1094284200] connect: acct=1000001, state=CONNECTING
D/ConnectivityService(  152): handleInetConditionHoldEnd: net=0, condition=100, published condition=0
W/Smack/Packet(  453): notify conn break (IOEx), close connection
D/ConnectivityService(  152): handleInetConditionHoldEnd: net=0, condition=0, published condition=100
I/GTalkService/c(  453): [AndroidEndpoint@1094284200] connect: acct=1000001, state=CONNECTING
D/dalvikvm(  453): GC_CONCURRENT freed 416K, 7% free 10047K/10695K, paused 15ms+3ms
D/ConnectivityService(  152): handleInetConditionHoldEnd: net=0, condition=100, published condition=0
W/Smack/Packet(  453): notify conn break (IOEx), close connection
D/ConnectivityService(  152): handleInetConditionHoldEnd: net=0, condition=0, published condition=100
I/GTalkService/c(  453): [AndroidEndpoint@1094284200] connect: acct=1000001, state=CONNECTING
D/dalvikvm(  453): GC_CONCURRENT freed 384K, 7% free 10051K/10695K, paused 11ms+3ms
D/dalvikvm(  152): GC_EXPLICIT freed 284K, 12% free 13247K/14983K, paused 11ms+6ms
D/ConnectivityService(  152): handleInetConditionHoldEnd: net=0, condition=100, published condition=0
W/Smack/Packet(  453): notify conn break (IOEx), close connection
D/ConnectivityService(  152): handleInetConditionHoldEnd: net=0, condition=0, published condition=100
I/GTalkService/c(  453): [AndroidEndpoint@1094284200] connect: acct=1000001, state=CONNECTING
D/ConnectivityService(  152): handleInetConditionHoldEnd: net=0, condition=100, published condition=0
W/Smack/Packet(  453): notify conn break (IOEx), close connection
D/ConnectivityService(  152): handleInetConditionHoldEnd: net=0, condition=0, published condition=100
I/GTalkService/c(  453): [AndroidEndpoint@1094284200] connect: acct=1000001, state=CONNECTING
D/dalvikvm(  453): GC_CONCURRENT freed 384K, 6% free 10075K/10695K, paused 1ms+3ms
W/Smack/Packet(  453): notify conn break (IOEx), close connection
D/ConnectivityService(  152): handleInetConditionHoldEnd: net=0, condition=0, published condition=0
D/dalvikvm(  315): GC_CONCURRENT freed 426K, 6% free 9491K/10055K, paused 11ms+9ms
I/GTalkService/c(  453): [AndroidEndpoint@1094284200] connect: acct=1000001, state=CONNECTING
D/ConnectivityService(  152): handleInetConditionHoldEnd: net=0, condition=100, published condition=0
W/Smack/Packet(  453): notify conn break (IOEx), close connection
D/ConnectivityService(  152): handleInetConditionHoldEnd: net=0, condition=0, published condition=100
I/GTalkService/c(  453): [AndroidEndpoint@1094284200] connect: acct=1000001, state=CONNECTING
D/dalvikvm(  453): GC_CONCURRENT freed 415K, 7% free 10049K/10695K, paused 10ms+2ms
D/ConnectivityService(  152): handleInetConditionHoldEnd: net=0, condition=100, published condition=0
W/Smack/Packet(  453): notify conn break (IOEx), close connection
D/ConnectivityService(  152): handleInetConditionHoldEnd: net=0, condition=0, published condition=100
I/GTalkService/c(  453): [AndroidEndpoint@1094284200] connect: acct=1000001, state=CONNECTING
D/dalvikvm(  453): GC_CONCURRENT freed 384K, 6% free 10060K/10695K, paused 9ms+2ms
D/ConnectivityService(  152): handleInetConditionHoldEnd: net=0, condition=100, published condition=0
W/Smack/Packet(  453): notify conn break (IOEx), close connection
D/ConnectivityService(  152): handleInetConditionHoldEnd: net=0, condition=0, published condition=100
I/GTalkService/c(  453): [AndroidEndpoint@1094284200] connect: acct=1000001, state=CONNECTING
D/ConnectivityService(  152): handleInetConditionHoldEnd: net=0, condition=100, published condition=0
W/Smack/Packet(  453): notify conn break (IOEx), close connection
D/ConnectivityService(  152): handleInetConditionHoldEnd: net=0, condition=0, published condition=100
I/GTalkService/c(  453): [AndroidEndpoint@1094284200] connect: acct=1000001, state=CONNECTING
D/dalvikvm(  453): GC_CONCURRENT freed 384K, 6% free 10073K/10695K, paused 3ms+2ms
D/ConnectivityService(  152): handleInetConditionHoldEnd: net=0, condition=100, published condition=0
W/Smack/Packet(  453): notify conn break (IOEx), close connection
D/ConnectivityService(  152): handleInetConditionHoldEnd: net=0, condition=0, published condition=100
I/GTalkService/c(  453): [AndroidEndpoint@1094284200] connect: acct=1000001, state=CONNECTING
D/ConnectivityService(  152): handleInetConditionHoldEnd: net=0, condition=100, published condition=0
W/Smack/Packet(  453): notify conn break (IOEx), close connection
D/ConnectivityService(  152): handleInetConditionHoldEnd: net=0, condition=0, published condition=100
I/GTalkService/c(  453): [AndroidEndpoint@1094284200] connect: acct=1000001, state=CONNECTING
D/dalvikvm(  453): GC_CONCURRENT freed 413K, 7% free 10047K/10695K, paused 11ms+4ms
D/ConnectivityService(  152): handleInetConditionHoldEnd: net=0, condition=100, published condition=0
W/Smack/Packet(  453): notify conn break (IOEx), close connection
D/ConnectivityService(  152): handleInetConditionHoldEnd: net=0, condition=0, published condition=100
D/dalvikvm(  219): GC_CONCURRENT freed 385K, 9% free 10528K/11527K, paused 11ms+3ms
I/GTalkService/c(  453): [AndroidEndpoint@1094284200] connect: acct=1000001, state=CONNECTING
D/dalvikvm(  453): GC_CONCURRENT freed 385K, 6% free 10061K/10695K, paused 9ms+2ms
D/ConnectivityService(  152): handleInetConditionHoldEnd: net=0, condition=100, published condition=0
W/Smack/Packet(  453): notify conn break (IOEx), close connection
D/ConnectivityService(  152): handleInetConditionHoldEnd: net=0, condition=0, published condition=100
I/GTalkService/c(  453): [AndroidEndpoint@1094284200] connect: acct=1000001, state=CONNECTING
D/ConnectivityService(  152): handleInetConditionHoldEnd: net=0, condition=100, published condition=0
D/dalvikvm(  152): GC_CONCURRENT freed 881K, 12% free 13327K/14983K, paused 8ms+5ms
D/dalvikvm(  315): GC_CONCURRENT freed 427K, 6% free 9490K/10055K, paused 9ms+2ms
I/EventLogService(  453): Aggregate from 1333742585477 (log), 1333742585477 (data)
I/ServiceDumpSys(  453): dumping service [account]
D/dalvikvm(  315): GC_CONCURRENT freed 427K, 6% free 9489K/10055K, paused 7ms+8ms
D/dalvikvm(  152): GC_CONCURRENT freed 991K, 12% free 13290K/14983K, paused 3ms+5ms
D/dalvikvm( 1143): GC_CONCURRENT freed 305K, 5% free 10130K/10567K, paused 2ms+2ms
I/power   (  152): *** set_screen_state 1
D/PicasaSyncManager(  975): battery info: false
I/WindowManager(  152): Lock screen displayed!
I/StorageNotification(  219): UMS connection changed to false (media state mounted)
D/dalvikvm(  219): GC_CONCURRENT freed 436K, 9% free 10526K/11527K, paused 2ms+3ms
D/dalvikvm(  219): GC_FOR_ALLOC freed 343K, 11% free 10329K/11527K, paused 23ms
D/dalvikvm(  219): GC_FOR_ALLOC freed 364K, 11% free 10327K/11527K, paused 33ms
D/dalvikvm(  219): GC_CONCURRENT freed 511K, 11% free 10268K/11527K, paused 2ms+8ms
D/dalvikvm(  315): GC_CONCURRENT freed 427K, 6% free 9490K/10055K, paused 7ms+2ms
I/power   (  152): *** set_screen_state 0
D/SurfaceFlinger(   79): About to give-up screen, flinger = 0x19bc918
D/dalvikvm(  152): GC_CONCURRENT freed 863K, 11% free 13432K/14983K, paused 10ms+5ms
D/dalvikvm(  152): GC_FOR_ALLOC freed 76K, 9% free 13667K/14983K, paused 41ms
I/dalvikvm-heap(  152): Grow heap (frag case) to 13.523MB for 104992-byte allocation
D/dalvikvm(  152): GC_FOR_ALLOC freed 1K, 9% free 13768K/15111K, paused 289ms
V/TransportControlView(  152): Create TCV com.android.internal.widget.TransportControlView@41323ab8
W/Smack/Packet(  453): notify conn break (IOEx), close connection
I/qtaguid (  453): Failed write_ctrl(u 68) res=-1 errno=22
I/qtaguid (  453): Untagging socket 68 failed errno=-22
W/NetworkManagementSocketTagger(  453): untagSocket(68) failed with errno -22
D/ConnectivityService(  152): handleInetConditionHoldEnd: net=0, condition=0, published condition=100
D/AlarmManagerService(  152): Kernel timezone updated to 240 minutes west of GMT
I/GTalkService/c(  453): [AndroidEndpoint@1094284200] connect: acct=1000001, state=CONNECTING
D/SystemClock(  315): Setting time of day to sec=1333745408
V/AlarmClock(  558): AlarmInitReceiver finished
D/dalvikvm(  453): GC_CONCURRENT freed 406K, 7% free 10043K/10695K, paused 2ms+3ms
D/dalvikvm(  152): GC_EXPLICIT freed 605K, 12% free 13379K/15111K, paused 13ms+5ms
D/ConnectivityService(  152): handleInetConditionHoldEnd: net=0, condition=100, published condition=0
W/Smack/Packet(  453): notify conn break (IOEx), close connection
I/GTalkService/c(  453): [AndroidEndpoint@1094284200] connect: acct=1000001, state=CONNECTING
D/ConnectivityService(  152): handleInetConditionHoldEnd: net=0, condition=0, published condition=100
D/dalvikvm(  453): GC_CONCURRENT freed 402K, 7% free 10053K/10695K, paused 2ms+2ms
D/ConnectivityService(  152): handleInetConditionHoldEnd: net=0, condition=100, published condition=0
W/Smack/Packet(  453): notify conn break (IOEx), close connection
D/ConnectivityService(  152): handleInetConditionHoldEnd: net=0, condition=0, published condition=100
I/GTalkService/c(  453): [AndroidEndpoint@1094284200] connect: acct=1000001, state=CONNECTING
D/ConnectivityService(  152): handleInetConditionHoldEnd: net=0, condition=100, published condition=0
W/Smack/Packet(  453): notify conn break (IOEx), close connection
D/ConnectivityService(  152): handleInetConditionHoldEnd: net=0, condition=0, published condition=100
I/GTalkService/c(  453): [AndroidEndpoint@1094284200] connect: acct=1000001, state=CONNECTING
D/dalvikvm(  453): GC_CONCURRENT freed 385K, 6% free 10075K/10695K, paused 2ms+3ms
D/ConnectivityService(  152): handleInetConditionHoldEnd: net=0, condition=100, published condition=0
W/Smack/Packet(  453): notify conn break (IOEx), close connection
D/ConnectivityService(  152): handleInetConditionHoldEnd: net=0, condition=0, published condition=100
I/GTalkService/c(  453): [AndroidEndpoint@1094284200] connect: acct=1000001, state=CONNECTING
D/ConnectivityService(  152): handleInetConditionHoldEnd: net=0, condition=100, published condition=0
W/Smack/Packet(  453): notify conn break (IOEx), close connection
D/ConnectivityService(  152): handleInetConditionHoldEnd: net=0, condition=0, published condition=100
I/GTalkService/c(  453): [AndroidEndpoint@1094284200] connect: acct=1000001, state=CONNECTING
D/dalvikvm(  453): GC_CONCURRENT freed 415K, 7% free 10053K/10695K, paused 14ms+3ms
D/dalvikvm(  453): GC_EXPLICIT freed 204K, 7% free 10029K/10695K, paused 8ms+2ms
D/ConnectivityService(  152): handleInetConditionHoldEnd: net=0, condition=100, published condition=0
W/Smack/Packet(  453): notify conn break (IOEx), close connection
I/GTalkService/c(  453): [AndroidEndpoint@1094284200] connect: acct=1000001, state=CONNECTING
D/ConnectivityService(  152): handleInetConditionHoldEnd: net=0, condition=0, published condition=100
D/ConnectivityService(  152): handleInetConditionHoldEnd: net=0, condition=100, published condition=0
W/Smack/Packet(  453): notify conn break (IOEx), close connection
D/ConnectivityService(  152): handleInetConditionHoldEnd: net=0, condition=0, published condition=100
I/GTalkService/c(  453): [AndroidEndpoint@1094284200] connect: acct=1000001, state=CONNECTING
D/dalvikvm(  453): GC_CONCURRENT freed 370K, 6% free 10067K/10695K, paused 6ms+2ms
D/ConnectivityService(  152): handleInetConditionHoldEnd: net=0, condition=100, published condition=0
W/Smack/Packet(  453): notify conn break (IOEx), close connection
D/ConnectivityService(  152): handleInetConditionHoldEnd: net=0, condition=0, published condition=100
I/GTalkService/c(  453): [AndroidEndpoint@1094284200] connect: acct=1000001, state=CONNECTING
D/ConnectivityService(  152): handleInetConditionHoldEnd: net=0, condition=100, published condition=0
W/Smack/Packet(  453): notify conn break (IOEx), close connection
D/ConnectivityService(  152): handleInetConditionHoldEnd: net=0, condition=0, published condition=100
I/GTalkService/c(  453): [AndroidEndpoint@1094284200] connect: acct=1000001, state=CONNECTING
D/dalvikvm(  453): GC_CONCURRENT freed 403K, 6% free 10074K/10695K, paused 14ms+3ms
D/ConnectivityService(  152): handleInetConditionHoldEnd: net=0, condition=100, published condition=0
W/Smack/Packet(  453): notify conn break (IOEx), close connection
D/ConnectivityService(  152): handleInetConditionHoldEnd: net=0, condition=0, published condition=100
I/GTalkService/c(  453): [AndroidEndpoint@1094284200] connect: acct=1000001, state=CONNECTING
D/ConnectivityService(  152): handleInetConditionHoldEnd: net=0, condition=100, published condition=0
W/Smack/Packet(  453): notify conn break (IOEx), close connection
D/dalvikvm(  219): GC_CONCURRENT freed 541K, 13% free 10113K/11527K, paused 2ms+4ms
D/ConnectivityService(  152): handleInetConditionHoldEnd: net=0, condition=0, published condition=100
I/GTalkService/c(  453): [AndroidEndpoint@1094284200] connect: acct=1000001, state=CONNECTING
D/dalvikvm(  453): GC_CONCURRENT freed 428K, 7% free 10036K/10695K, paused 1ms+3ms
D/ConnectivityService(  152): handleInetConditionHoldEnd: net=0, condition=100, published condition=0
W/Smack/Packet(  453): notify conn break (IOEx), close connection
I/GTalkService/c(  453): [AndroidEndpoint@1094284200] connect: acct=1000001, state=CONNECTING
D/ConnectivityService(  152): handleInetConditionHoldEnd: net=0, condition=0, published condition=100
D/dalvikvm(  453): GC_CONCURRENT freed 389K, 7% free 10051K/10695K, paused 13ms+2ms
W/Smack/Packet(  453): notify conn break (IOEx), close connection
D/ConnectivityService(  152): handleInetConditionHoldEnd: net=0, condition=0, published condition=0
I/GTalkService/c(  453): [AndroidEndpoint@1094284200] connect: acct=1000001, state=CONNECTING
D/ConnectivityService(  152): handleInetConditionHoldEnd: net=0, condition=100, published condition=0
W/Smack/Packet(  453): notify conn break (IOEx), close connection
D/ConnectivityService(  152): handleInetConditionHoldEnd: net=0, condition=0, published condition=100
I/GTalkService/c(  453): [AndroidEndpoint@1094284200] connect: acct=1000001, state=CONNECTING
D/dalvikvm(  453): GC_CONCURRENT freed 381K, 6% free 10076K/10695K, paused 1ms+4ms
D/ConnectivityService(  152): handleInetConditionHoldEnd: net=0, condition=100, published condition=0
D/dalvikvm(  152): GC_CONCURRENT freed 894K, 11% free 13460K/15111K, paused 17ms+6ms
W/Smack/Packet(  453): notify conn break (IOEx), close connection
D/ConnectivityService(  152): handleInetConditionHoldEnd: net=0, condition=0, published condition=100
I/GTalkService/c(  453): [AndroidEndpoint@1094284200] connect: acct=1000001, state=CONNECTING
D/ConnectivityService(  152): handleInetConditionHoldEnd: net=0, condition=100, published condition=0
W/Smack/Packet(  453): notify conn break (IOEx), close connection
D/ConnectivityService(  152): handleInetConditionHoldEnd: net=0, condition=0, published condition=100
I/power   (  152): *** set_screen_state 1
W/PowerUI (  219): unknown intent: Intent { act=android.intent.action.ACTION_POWER_CONNECTED flg=0x10000010 }
D/PicasaSyncManager(  975): battery info: true
I/WindowManager(  152): Lock screen displayed!
D/SurfaceFlinger(   79): Screen about to return, flinger = 0x19bc918
I/StorageNotification(  219): UMS connection changed to true (media state mounted)
I/StorageNotification(  219): UMS connection changed to true (media state mounted)
D/dalvikvm(  219): GC_CONCURRENT freed 157K, 10% free 10428K/11527K, paused 2ms+3ms
D/dalvikvm(  219): GC_CONCURRENT freed 569K, 12% free 10242K/11527K, paused 2ms+3ms
D/dalvikvm(  219): GC_CONCURRENT freed 211K, 10% free 10446K/11527K, paused 2ms+3ms
I/GTalkService/c(  453): [AndroidEndpoint@1094284200] connect: acct=1000001, state=CONNECTING
D/dalvikvm(  453): GC_CONCURRENT freed 419K, 6% free 10055K/10695K, paused 12ms+3ms
D/dalvikvm(  152): GC_EXPLICIT freed 536K, 13% free 13272K/15111K, paused 11ms+5ms
D/ConnectivityService(  152): handleInetConditionHoldEnd: net=0, condition=100, published condition=0
W/Smack/Packet(  453): notify conn break (IOEx), close connection
D/ConnectivityService(  152): handleInetConditionHoldEnd: net=0, condition=0, published condition=100
I/GTalkService/c(  453): [AndroidEndpoint@1094284200] connect: acct=1000001, state=CONNECTING
D/dalvikvm(  315): GC_CONCURRENT freed 426K, 6% free 9492K/10055K, paused 13ms+2ms
D/dalvikvm(  453): GC_CONCURRENT freed 389K, 6% free 10060K/10695K, paused 10ms+2ms
D/ConnectivityService(  152): handleInetConditionHoldEnd: net=0, condition=100, published condition=0
W/Smack/Packet(  453): notify conn break (IOEx), close connection
D/ConnectivityService(  152): handleInetConditionHoldEnd: net=0, condition=0, published condition=100
I/GTalkService/c(  453): [AndroidEndpoint@1094284200] connect: acct=1000001, state=CONNECTING
D/ConnectivityService(  152): handleInetConditionHoldEnd: net=0, condition=100, published condition=0
W/Smack/Packet(  453): notify conn break (IOEx), close connection
D/ConnectivityService(  152): handleInetConditionHoldEnd: net=0, condition=0, published condition=100
I/GTalkService/c(  453): [AndroidEndpoint@1094284200] connect: acct=1000001, state=CONNECTING
D/dalvikvm(  453): GC_CONCURRENT freed 380K, 6% free 10074K/10695K, paused 2ms+3ms
D/ConnectivityService(  152): handleInetConditionHoldEnd: net=0, condition=100, published condition=0
D/PicasaSyncManager(  975): battery info: false
D/dalvikvm(  219): GC_FOR_ALLOC freed 457K, 11% free 10347K/11527K, paused 16ms
I/StorageNotification(  219): UMS connection changed to false (media state mounted)
D/dalvikvm(  219): GC_FOR_ALLOC freed 363K, 11% free 10329K/11527K, paused 19ms
D/dalvikvm(  219): GC_FOR_ALLOC freed 364K, 11% free 10326K/11527K, paused 15ms
D/dalvikvm(  219): GC_FOR_ALLOC freed 360K, 11% free 10317K/11527K, paused 15ms
D/dalvikvm(  219): GC_CONCURRENT freed 491K, 11% free 10297K/11527K, paused 2ms+2ms
D/dalvikvm(  219): GC_CONCURRENT freed 573K, 12% free 10210K/11527K, paused 2ms+2ms
W/Smack/Packet(  453): notify conn break (IOEx), close connection
D/ConnectivityService(  152): handleInetConditionHoldEnd: net=0, condition=0, published condition=100
I/GTalkService/c(  453): [AndroidEndpoint@1094284200] connect: acct=1000001, state=CONNECTING
D/ConnectivityService(  152): handleInetConditionHoldEnd: net=0, condition=100, published condition=0
W/Smack/Packet(  453): notify conn break (IOEx), close connection
D/ConnectivityService(  152): handleInetConditionHoldEnd: net=0, condition=0, published condition=100
I/EventLogService(  453): Aggregate from 1333744385619 (log), 1333744385619 (data)
I/ServiceDumpSys(  453): dumping service [account]
D/dalvikvm(  453): GC_CONCURRENT freed 435K, 7% free 10035K/10695K, paused 4ms+4ms
I/GTalkService/c(  453): [AndroidEndpoint@1094284200] connect: acct=1000001, state=CONNECTING
D/ConnectivityService(  152): handleInetConditionHoldEnd: net=0, condition=100, published condition=0
W/Smack/Packet(  453): notify conn break (IOEx), close connection
D/ConnectivityService(  152): handleInetConditionHoldEnd: net=0, condition=0, published condition=100
I/GTalkService/c(  453): [AndroidEndpoint@1094284200] connect: acct=1000001, state=CONNECTING
D/dalvikvm(  453): GC_CONCURRENT freed 378K, 7% free 10042K/10695K, paused 3ms+2ms
D/ConnectivityService(  152): handleInetConditionHoldEnd: net=0, condition=100, published condition=0
W/Smack/Packet(  453): notify conn break (IOEx), close connection
D/ConnectivityService(  152): handleInetConditionHoldEnd: net=0, condition=0, published condition=100
I/GTalkService/c(  453): [AndroidEndpoint@1094284200] connect: acct=1000001, state=CONNECTING
E/GTalkService(  453): connectionClosed: no XMPPConnection - That's strange!
D/ConnectivityService(  152): handleInetConditionHoldEnd: net=0, condition=0, published condition=0
I/GTalkService/c(  453): [AndroidEndpoint@1094284200] connect: acct=1000001, state=CONNECTING
D/dalvikvm(  152): GC_CONCURRENT freed 894K, 12% free 13317K/15111K, paused 12ms+6ms
W/PowerUI (  219): unknown intent: Intent { act=android.intent.action.ACTION_POWER_CONNECTED flg=0x10000010 }
D/PicasaSyncManager(  975): battery info: true
I/StorageNotification(  219): UMS connection changed to true (media state mounted)
D/dalvikvm(  219): GC_CONCURRENT freed 446K, 12% free 10217K/11527K, paused 4ms+10ms
I/StorageNotification(  219): UMS connection changed to true (media state mounted)
D/dalvikvm(  219): GC_CONCURRENT freed 220K, 9% free 10508K/11527K, paused 2ms+2ms
D/dalvikvm(  219): GC_CONCURRENT freed 605K, 11% free 10334K/11527K, paused 2ms+2ms
D/dalvikvm(  219): GC_CONCURRENT freed 205K, 9% free 10588K/11527K, paused 3ms+2ms
E/GTalkService(  453): connectionClosed: no XMPPConnection - That's strange!
D/ConnectivityService(  152): handleInetConditionHoldEnd: net=0, condition=0, published condition=0
D/dalvikvm(  315): GC_CONCURRENT freed 426K, 6% free 9491K/10055K, paused 9ms+2ms
I/GTalkService/c(  453): [AndroidEndpoint@1094284200] connect: acct=1000001, state=CONNECTING
W/BackupManagerService(  152): dataChanged but no participant pkg='com.android.providers.settings' uid=1001
E/GTalkService(  453): connectionClosed: no XMPPConnection - That's strange!
D/ConnectivityService(  152): handleInetConditionHoldEnd: net=0, condition=0, published condition=0
I/GTalkService/c(  453): [AndroidEndpoint@1094284200] connect: acct=1000001, state=CONNECTING
E/GTalkService(  453): connectionClosed: no XMPPConnection - That's strange!
D/ConnectivityService(  152): handleInetConditionHoldEnd: net=0, condition=0, published condition=0
W/BackupManagerService(  152): dataChanged but no participant pkg='com.android.providers.settings' uid=1001
D/ConnectivityService(  152): ConnectivityChange for mobile: DISCONNECTED/DISCONNECTED
D/ConnectivityService(  152): Attempting to switch to wifi
D/ConnectivityService(  152): Attempting to switch to BLUETOOTH_TETHER
D/NetUtils(  152): android_net_utils_resetConnections in env=0x299aa0 clazz=0x6e000001 iface=rmnet0 mask=0x3
D/ConnectivityService(  152): resetConnections(rmnet0, 3)
D/dalvikvm(  315): GC_CONCURRENT freed 424K, 6% free 9492K/10055K, paused 1ms+2ms
I/dalvikvm( 1177): Total arena pages for JIT: 11
I/dalvikvm( 1177): Total arena pages for JIT: 12
I/dalvikvm( 1177): Total arena pages for JIT: 13
I/dalvikvm( 1177): Total arena pages for JIT: 14
I/dalvikvm( 1177): Total arena pages for JIT: 15
I/dalvikvm( 1177): Total arena pages for JIT: 16
I/dalvikvm( 1177): Total arena pages for JIT: 17
D/Tethering(  152): MasterInitialState.processMessage what=3
I/MediaUploader(  960): No need to wake up
D/PicasaSyncManager(  975): active network: null
D/PicasaSyncManager(  975): background data: true
D/dalvikvm(  152): GC_CONCURRENT freed 963K, 12% free 13307K/15111K, paused 11ms+5ms
D/dalvikvm(  152): GC_CONCURRENT freed 980K, 12% free 13315K/15111K, paused 10ms+6ms
I/EventLogService(  453): Aggregate from 1333746185749 (log), 1333746185749 (data)
I/ServiceDumpSys(  453): dumping service [account]
D/dalvikvm(  453): GC_CONCURRENT freed 415K, 7% free 10031K/10695K, paused 2ms+4ms
D/dalvikvm(  219): GC_CONCURRENT freed 448K, 9% free 10539K/11527K, paused 7ms+2ms
D/dalvikvm(  315): GC_CONCURRENT freed 420K, 6% free 9497K/10055K, paused 12ms+2ms
D/dalvikvm(  152): GC_CONCURRENT freed 959K, 12% free 13325K/15111K, paused 11ms+5ms
D/AlarmManagerService(  152): Kernel timezone updated to 240 minutes west of GMT
D/SystemClock(  315): Setting time of day to sec=1333749010
V/AlarmClock(  558): AlarmInitReceiver finished
D/dalvikvm(  152): GC_EXPLICIT freed 527K, 13% free 13276K/15111K, paused 13ms+7ms
D/NetUtils(  152): android_net_utils_resetConnections in env=0x299aa0 clazz=0x76a00001 iface=rmnet0 mask=0x3
D/ConnectivityService(  152): ConnectivityChange for mobile: DISCONNECTED/DISCONNECTED
D/ConnectivityService(  152): Attempting to switch to wifi
D/ConnectivityService(  152): Attempting to switch to BLUETOOTH_TETHER
D/ConnectivityService(  152): resetConnections(rmnet0, 3)
D/Tethering(  152): MasterInitialState.processMessage what=3
I/MediaUploader(  960): No need to wake up
D/PicasaSyncManager(  975): active network: null
D/PicasaSyncManager(  975): background data: true
D/AlarmManagerService(  152): Kernel timezone updated to 240 minutes west of GMT
D/SystemClock(  315): Setting time of day to sec=1333749490
V/AlarmClock(  558): AlarmInitReceiver finished
D/dalvikvm(  315): GC_CONCURRENT freed 418K, 6% free 9500K/10055K, paused 11ms+2ms
D/dalvikvm( 1177): GC_CONCURRENT freed 383K, 7% free 10021K/10695K, paused 15ms+2ms
D/dalvikvm(  152): GC_CONCURRENT freed 913K, 12% free 13319K/15111K, paused 16ms+6ms
I/EventLogService(  453): Aggregate from 1333747985920 (log), 1333747985920 (data)
I/ServiceDumpSys(  453): dumping service [account]
D/AlarmManagerService(  152): Kernel timezone updated to 240 minutes west of GMT
D/SystemClock(  315): Setting time of day to sec=1333749912
V/AlarmClock(  558): AlarmInitReceiver finished
D/dalvikvm(  219): GC_CONCURRENT freed 367K, 9% free 10558K/11527K, paused 2ms+2ms
D/AlarmManagerService(  152): Kernel timezone updated to 240 minutes west of GMT
D/SystemClock(  315): Setting time of day to sec=1333750390
V/AlarmClock(  558): AlarmInitReceiver finished
D/dalvikvm(  884): GC_CONCURRENT freed 310K, 5% free 9159K/9543K, paused 2ms+2ms
D/dalvikvm(  152): GC_CONCURRENT freed 945K, 12% free 13358K/15111K, paused 12ms+5ms
D/dalvikvm(  315): GC_CONCURRENT freed 421K, 6% free 9500K/10055K, paused 7ms+4ms
D/ConnectivityService(  152): ConnectivityChange for mobile: CONNECTED/CONNECTED
D/NetworkPolicy(  152): applying policy NetworkPolicy[NetworkTemplate: matchRule=MOBILE_ALL, subscriberId=valid]: cycleDay=15, warningBytes=2147483648, limitBytes=-1, lastSnooze=-1 to ifaces [rmnet0]
D/Tethering(  152): MasterInitialState.processMessage what=3
I/MediaUploader(  960): No need to wake up
D/PicasaSyncManager(  975): active network: NetworkInfo: type: mobile[HSDPA], state: CONNECTED/CONNECTED, reason: dataAttached, extra: epc.tmobile.com, roaming: false, failover: false, isAvailable: true
D/PicasaSyncManager(  975): background data: true
I/CheckinService(  453): Preparing to send checkin request
I/EventLogService(  453): Accumulating logs since 1333749786047
I/CheckinTask(  453): Sending checkin request (1702 bytes)
D/dalvikvm(  453): GC_CONCURRENT freed 408K, 7% free 10015K/10695K, paused 2ms+3ms
D/dalvikvm(  152): GC_EXPLICIT freed 625K, 13% free 13290K/15111K, paused 14ms+5ms
I/GTalkService/c(  453): [AndroidEndpoint@1094284200] connect: acct=1000001, state=CONNECTING
D/AlarmManagerService(  152): Kernel timezone updated to 240 minutes west of GMT
V/AlarmClock(  558): AlarmInitReceiver finished
D/SystemClock(  315): Setting time of day to sec=1333750420
D/dalvikvm(  453): GC_CONCURRENT freed 323K, 6% free 10096K/10695K, paused 8ms+3ms
I/CheckinTask(  453): Checkin success: https://android.clients.google.com/checkin (1 requests sent)
D/ConnectivityService(  152): handleInetConditionHoldEnd: net=0, condition=100, published condition=0
W/Smack/Packet(  453): notify conn break (IOEx), close connection
D/ConnectivityService(  152): handleInetConditionHoldEnd: net=0, condition=0, published condition=100
I/GTalkService/c(  453): [AndroidEndpoint@1094284200] connect: acct=1000001, state=CONNECTING
D/dalvikvm(  453): GC_CONCURRENT freed 383K, 6% free 10102K/10695K, paused 7ms+3ms
D/ConnectivityService(  152): handleInetConditionHoldEnd: net=0, condition=100, published condition=0
W/Smack/Packet(  453): notify conn break (IOEx), close connection
D/ConnectivityService(  152): handleInetConditionHoldEnd: net=0, condition=0, published condition=100
I/GTalkService/c(  453): [AndroidEndpoint@1094284200] connect: acct=1000001, state=CONNECTING
D/ConnectivityService(  152): handleInetConditionHoldEnd: net=0, condition=100, published condition=0
W/Smack/Packet(  453): notify conn break (IOEx), close connection
D/ConnectivityService(  152): handleInetConditionHoldEnd: net=0, condition=0, published condition=100
I/GTalkService/c(  453): [AndroidEndpoint@1094284200] connect: acct=1000001, state=CONNECTING
D/dalvikvm(  453): GC_CONCURRENT freed 410K, 6% free 10079K/10695K, paused 2ms+3ms
W/Smack/Packet(  453): notify conn break (IOEx), close connection
D/ConnectivityService(  152): handleInetConditionHoldEnd: net=0, condition=0, published condition=0
I/GTalkService/c(  453): [AndroidEndpoint@1094284200] connect: acct=1000001, state=CONNECTING
D/ConnectivityService(  152): handleInetConditionHoldEnd: net=0, condition=100, published condition=0
W/Smack/Packet(  453): notify conn break (IOEx), close connection
D/ConnectivityService(  152): handleInetConditionHoldEnd: net=0, condition=0, published condition=100
D/dalvikvm(  315): GC_CONCURRENT freed 419K, 6% free 9498K/10055K, paused 9ms+2ms
I/GTalkService/c(  453): [AndroidEndpoint@1094284200] connect: acct=1000001, state=CONNECTING
D/dalvikvm(  453): GC_CONCURRENT freed 414K, 6% free 10059K/10695K, paused 9ms+6ms
D/ConnectivityService(  152): handleInetConditionHoldEnd: net=0, condition=100, published condition=0
W/Smack/Packet(  453): notify conn break (IOEx), close connection
D/ConnectivityService(  152): handleInetConditionHoldEnd: net=0, condition=0, published condition=100
I/GTalkService/c(  453): [AndroidEndpoint@1094284200] connect: acct=1000001, state=CONNECTING
D/dalvikvm(  453): GC_CONCURRENT freed 385K, 6% free 10067K/10695K, paused 7ms+2ms
D/ConnectivityService(  152): handleInetConditionHoldEnd: net=0, condition=100, published condition=0
W/Smack/Packet(  453): notify conn break (IOEx), close connection
D/ConnectivityService(  152): handleInetConditionHoldEnd: net=0, condition=0, published condition=100
I/GTalkService/c(  453): [AndroidEndpoint@1094284200] connect: acct=1000001, state=CONNECTING
D/ConnectivityService(  152): handleInetConditionHoldEnd: net=0, condition=100, published condition=0
W/Smack/Packet(  453): notify conn break (IOEx), close connection
D/ConnectivityService(  152): handleInetConditionHoldEnd: net=0, condition=0, published condition=100
I/GTalkService/c(  453): [AndroidEndpoint@1094284200] connect: acct=1000001, state=CONNECTING
D/dalvikvm(  453): GC_CONCURRENT freed 383K, 6% free 10080K/10695K, paused 2ms+2ms
D/ConnectivityService(  152): handleInetConditionHoldEnd: net=0, condition=100, published condition=0
W/Smack/Packet(  453): notify conn break (IOEx), close connection
