I/CameraCloud( 1008): 1333728441073: Loc = Location[mProvider=gps,mTime=1333814824000,mLatitude=42.36492074040346,mLongitude=-71.1026910086801,mHasAltitude=true,mAltitude=-22.0,mHasSpeed=true,mSpeed=0.4406929,mHasBearing=true,mBearing=298.05536,mHasAccuracy=true,mAccuracy=10.0,mExtras=Bundle[mParcelledData.dataSize=4]] Previous Region = (5,0)
I/CameraCloud( 1008): 1333728441073: GPS x/long:-71.1026910086801, GPS y/lat: 42.36492074040346. Region width in x: 51.96152422706632
I/CameraCloud( 1008): 1333728441074: location PINPOINTS to region = 5.0, previous 5
I/CameraCloud( 1008): 1333728441074: stay at region 5
I/CameraCloud( 1008): 1333728441075: .......... GPS onLocationChanged ...... 
I/CameraCloud( 1008): 1333728441076: Loc = Location[mProvider=gps,mTime=1333814826000,mLatitude=42.36492959478406,mLongitude=-71.10270403036786,mHasAltitude=true,mAltitude=-19.0,mHasSpeed=true,mSpeed=0.50230163,mHasBearing=true,mBearing=301.29514,mHasAccuracy=true,mAccuracy=10.0,mExtras=Bundle[mParcelledData.dataSize=4]] Previous Region = (5,0)
I/CameraCloud( 1008): 1333728441076: GPS x/long:-71.10270403036786, GPS y/lat: 42.36492959478406. Region width in x: 51.96152422706632
I/CameraCloud( 1008): 1333728441076: location PINPOINTS to region = 5.0, previous 5
I/CameraCloud( 1008): 1333728441077: stay at region 5
I/CameraCloud( 1008): 1333728441077: .......... GPS onLocationChanged ...... 
I/CameraCloud( 1008): 1333728441078: Loc = Location[mProvider=gps,mTime=1333814828000,mLatitude=42.36493796339118,mLongitude=-71.10272712436694,mHasAltitude=true,mAltitude=-20.0,mHasSpeed=true,mSpeed=0.0,mHasBearing=true,mBearing=298.00958,mHasAccuracy=true,mAccuracy=10.0,mExtras=Bundle[mParcelledData.dataSize=4]] Previous Region = (5,0)
I/CameraCloud( 1008): 1333728441079: GPS x/long:-71.10272712436694, GPS y/lat: 42.36493796339118. Region width in x: 51.96152422706632
I/CameraCloud( 1008): 1333728441079: location PINPOINTS to region = 5.0, previous 5
I/CameraCloud( 1008): 1333728441079: stay at region 5
I/CameraCloud( 1008): 1333728441080: .......... GPS onLocationChanged ...... 
I/CameraCloud( 1008): 1333728441081: Loc = Location[mProvider=gps,mTime=1333814830000,mLatitude=42.3649486550903,mLongitude=-71.1027408945613,mHasAltitude=true,mAltitude=-18.0,mHasSpeed=true,mSpeed=0.36510777,mHasBearing=true,mBearing=346.36752,mHasAccuracy=true,mAccuracy=10.0,mExtras=Bundle[mParcelledData.dataSize=4]] Previous Region = (5,0)
I/CameraCloud( 1008): 1333728441081: GPS x/long:-71.1027408945613, GPS y/lat: 42.3649486550903. Region width in x: 51.96152422706632
I/CameraCloud( 1008): 1333728441082: location PINPOINTS to region = 5.0, previous 5
I/CameraCloud( 1008): 1333728441082: stay at region 5
I/CameraCloud( 1008): 1333728441083: .......... GPS onLocationChanged ...... 
I/CameraCloud( 1008): 1333728441083: Loc = Location[mProvider=gps,mTime=1333814831000,mLatitude=42.36495096778282,mLongitude=-71.10275295922348,mHasAltitude=true,mAltitude=-13.0,mHasSpeed=true,mSpeed=0.406575,mHasBearing=true,mBearing=288.87677,mHasAccuracy=true,mAccuracy=10.0,mExtras=Bundle[mParcelledData.dataSize=4]] Previous Region = (5,0)
I/CameraCloud( 1008): 1333728441084: GPS x/long:-71.10275295922348, GPS y/lat: 42.36495096778282. Region width in x: 51.96152422706632
I/CameraCloud( 1008): 1333728441084: location PINPOINTS to region = 5.0, previous 5
I/CameraCloud( 1008): 1333728441084: stay at region 5
I/CameraCloud( 1008): 1333728441141: canPressButton = TRUE
I/CameraCloud( 1008): 1333728441142: areButtonsEnabled --> false 
I/CameraCloud( 1008): 1333728441142: Inside get photo disableButtons XXX
D/AudioHardware(   82): AudioHardware pcm playback is exiting standby.
D/AudioHardware(   82): openPcmOut_l() mPcmOpenCnt: 0
I/CameraCloud( 1008): 1333728441199: takeNum=5 takeCamGood=5 takeGoodSave=5 takeBad=0 getNum=8 getGood=7 getBad=0
I/CameraCloud( 1008): 1333728441200: ** Clicked getphotos Button from region 5 **
I/CameraCloud( 1008): 1333728441200: Trying to get photo from server, about to call serverRequest()
I/CameraCloud( 1008): 1333728441201: Server request to url: http://hermes5.csail.mit.edu:8213/102/5/0/
I/CameraCloud( 1008): 1333728441205: Cloud server request length: 12
I/CameraCloud( 1008): 1333728441206: about to execute HTTP POST
I/CameraCloud( 1008): 1333728441206: in serverRequest() about to httpclient.execute()
D/dalvikvm( 1008): GC_CONCURRENT freed 420K, 35% free 10672K/16199K, paused 2ms+3ms
I/CameraCloud( 1008): 1333728441594: CameraCloud Execute HTTP latency: 388ms
I/CameraCloud( 1008): 1333728441594: finished executing HTTP POST, get data
I/CameraCloud( 1008): 1333728441594: make input stream reader for data
I/CameraCloud( 1008): 1333728441595: Cloud response length: 39372
I/CameraCloud( 1008): 1333728441595: Returning cloud object
I/CameraCloud( 1008): 1333728442607: CameraCloud download photo latency = 1406
I/CameraCloud( 1008): 1333728442607: CameraCloud download start 1333728441201 ~ stop 1333728442607
I/CameraCloud( 1008): 1333728442607: takeNum=5 takeCamGood=5 takeGoodSave=5 takeBad=0 getNum=8 getGood=8 getBad=0
I/CameraCloud( 1008): 1333728442608: Success! Client getting photo from cloud server, showing photo...
I/CameraCloud( 1008): 1333728442608: Remote photo's length: 4139
D/dalvikvm( 1008): GC_EXPLICIT freed 149K, 34% free 10695K/16199K, paused 7ms+2ms
I/CameraCloud( 1008): 1333728442669: Done with Get photos button for region 5
I/CameraCloud( 1008): 1333728442670: Inside _enableButtons
I/CameraCloud( 1008): 1333728442670: areButtonsEnabled --> true
W/InputManagerService(  152): Window already focused, ignoring focus gain of: com.android.internal.view.IInputMethodClient$Stub$Proxy@4142f8b8
W/InputManagerService(  152): Window already focused, ignoring focus gain of: com.android.internal.view.IInputMethodClient$Stub$Proxy@415baed0
D/AudioHardware(   82): AudioHardware pcm playback is going to standby.
D/AudioHardware(   82): closePcmOut_l() mPcmOpenCnt: 1
I/CameraCloud( 1008): 1333728445600: .......... GPS onLocationChanged ...... 
I/CameraCloud( 1008): 1333728445602: Loc = Location[mProvider=gps,mTime=1333814846000,mLatitude=42.36496487878242,mLongitude=-71.10275851679319,mHasAltitude=true,mAltitude=-19.0,mHasSpeed=true,mSpeed=0.054442663,mHasBearing=true,mBearing=323.3278,mHasAccuracy=true,mAccuracy=10.0,mExtras=Bundle[mParcelledData.dataSize=4]] Previous Region = (5,0)
I/CameraCloud( 1008): 1333728445602: GPS x/long:-71.10275851679319, GPS y/lat: 42.36496487878242. Region width in x: 51.96152422706632
I/CameraCloud( 1008): 1333728445603: location PINPOINTS to region = 5.0, previous 5
I/CameraCloud( 1008): 1333728445603: stay at region 5
I/CameraCloud( 1008): 1333728448025: canPressButton = TRUE
I/CameraCloud( 1008): 1333728448026: areButtonsEnabled --> false 
I/CameraCloud( 1008): 1333728448026: Inside get photo disableButtons XXX
D/AudioHardware(   82): AudioHardware pcm playback is exiting standby.
D/AudioHardware(   82): openPcmOut_l() mPcmOpenCnt: 0
I/CameraCloud( 1008): 1333728448142: takeNum=5 takeCamGood=5 takeGoodSave=5 takeBad=0 getNum=9 getGood=8 getBad=0
I/CameraCloud( 1008): 1333728448142: ** Clicked getphotos Button from region 0 **
I/CameraCloud( 1008): 1333728448142: Trying to get photo from server, about to call serverRequest()
I/CameraCloud( 1008): 1333728448143: Server request to url: http://hermes5.csail.mit.edu:8213/102/0/0/
I/CameraCloud( 1008): 1333728448146: Cloud server request length: 12
I/CameraCloud( 1008): 1333728448146: about to execute HTTP POST
I/CameraCloud( 1008): 1333728448147: in serverRequest() about to httpclient.execute()
I/CameraCloud( 1008): 1333728449842: CameraCloud Execute HTTP latency: 1694ms
I/CameraCloud( 1008): 1333728449843: finished executing HTTP POST, get data
I/CameraCloud( 1008): 1333728449844: make input stream reader for data
I/CameraCloud( 1008): 1333728449875: Cloud response length: 28450
I/CameraCloud( 1008): 1333728449913: Returning cloud object
D/dalvikvm( 1008): GC_CONCURRENT freed 456K, 34% free 10702K/16199K, paused 3ms+3ms
I/CameraCloud( 1008): 1333728450464: CameraCloud download photo latency = 2321
I/CameraCloud( 1008): 1333728450465: CameraCloud download start 1333728448143 ~ stop 1333728450464
I/CameraCloud( 1008): 1333728450466: takeNum=5 takeCamGood=5 takeGoodSave=5 takeBad=0 getNum=9 getGood=9 getBad=0
I/CameraCloud( 1008): 1333728450466: Success! Client getting photo from cloud server, showing photo...
I/CameraCloud( 1008): 1333728450467: Remote photo's length: 3015
D/dalvikvm( 1008): GC_EXPLICIT freed 101K, 35% free 10663K/16199K, paused 5ms+3ms
I/CameraCloud( 1008): 1333728450562: Done with Get photos button for region 0
I/CameraCloud( 1008): 1333728450562: Inside _enableButtons
I/CameraCloud( 1008): 1333728450563: areButtonsEnabled --> true
W/InputManagerService(  152): Window already focused, ignoring focus gain of: com.android.internal.view.IInputMethodClient$Stub$Proxy@41581398
D/dalvikvm(  715): GC_CONCURRENT freed 383K, 6% free 10062K/10695K, paused 2ms+2ms
D/AudioHardware(   82): AudioHardware pcm playback is going to standby.
D/AudioHardware(   82): closePcmOut_l() mPcmOpenCnt: 1
I/CameraCloud( 1008): 1333728461258: canPressButton = TRUE
I/CameraCloud( 1008): 1333728461259: areButtonsEnabled --> false 
I/CameraCloud( 1008): 1333728461259: Inside get photo disableButtons XXX
D/AudioHardware(   82): AudioHardware pcm playback is exiting standby.
D/AudioHardware(   82): openPcmOut_l() mPcmOpenCnt: 0
I/CameraCloud( 1008): 1333728461296: takeNum=5 takeCamGood=5 takeGoodSave=5 takeBad=0 getNum=10 getGood=9 getBad=0
I/CameraCloud( 1008): 1333728461296: ** Clicked getphotos Button from region 0 **
I/CameraCloud( 1008): 1333728461297: Trying to get photo from server, about to call serverRequest()
I/CameraCloud( 1008): 1333728461297: Server request to url: http://hermes5.csail.mit.edu:8213/102/0/0/
I/CameraCloud( 1008): 1333728461300: Cloud server request length: 12
I/CameraCloud( 1008): 1333728461300: about to execute HTTP POST
I/CameraCloud( 1008): 1333728461301: in serverRequest() about to httpclient.execute()
D/dalvikvm(  152): GC_CONCURRENT freed 767K, 13% free 12493K/14343K, paused 3ms+5ms
D/AudioHardware(   82): AudioHardware pcm playback is going to standby.
D/AudioHardware(   82): closePcmOut_l() mPcmOpenCnt: 1
I/CameraCloud( 1008): 1333728466181: CameraCloud Execute HTTP latency: 4879ms
I/CameraCloud( 1008): 1333728466182: finished executing HTTP POST, get data
I/CameraCloud( 1008): 1333728466192: make input stream reader for data
I/CameraCloud( 1008): 1333728466193: Cloud response length: 28450
I/CameraCloud( 1008): 1333728466206: Returning cloud object
D/dalvikvm( 1008): GC_CONCURRENT freed 406K, 34% free 10694K/16199K, paused 2ms+13ms
I/CameraCloud( 1008): 1333728470533: CameraCloud download photo latency = 9236
I/CameraCloud( 1008): 1333728470534: CameraCloud download start 1333728461297 ~ stop 1333728470533
I/CameraCloud( 1008): 1333728470535: takeNum=5 takeCamGood=5 takeGoodSave=5 takeBad=0 getNum=10 getGood=10 getBad=0
I/CameraCloud( 1008): 1333728470535: Success! Client getting photo from cloud server, showing photo...
I/CameraCloud( 1008): 1333728470536: Remote photo's length: 3015
D/dalvikvm( 1008): GC_EXPLICIT freed 103K, 35% free 10665K/16199K, paused 23ms+3ms
I/CameraCloud( 1008): 1333728470634: Done with Get photos button for region 0
I/CameraCloud( 1008): 1333728470635: Inside _enableButtons
I/CameraCloud( 1008): 1333728470635: areButtonsEnabled --> true
I/CameraCloud( 1008): 1333728470718: canPressButton = TRUE
I/CameraCloud( 1008): 1333728470719: areButtonsEnabled --> false 
I/CameraCloud( 1008): 1333728470719: Inside get photo disableButtons XXX
D/AudioHardware(   82): AudioHardware pcm playback is exiting standby.
D/AudioHardware(   82): openPcmOut_l() mPcmOpenCnt: 0
I/CameraCloud( 1008): 1333728470737: takeNum=5 takeCamGood=5 takeGoodSave=5 takeBad=0 getNum=11 getGood=10 getBad=0
I/CameraCloud( 1008): 1333728470737: ** Clicked getphotos Button from region 3 **
I/CameraCloud( 1008): 1333728470737: Trying to get photo from server, about to call serverRequest()
I/CameraCloud( 1008): 1333728470738: Server request to url: http://hermes5.csail.mit.edu:8213/102/3/0/
I/CameraCloud( 1008): 1333728470740: Cloud server request length: 12
I/CameraCloud( 1008): 1333728470740: about to execute HTTP POST
I/CameraCloud( 1008): 1333728470740: in serverRequest() about to httpclient.execute()
D/AudioHardware(   82): AudioHardware pcm playback is going to standby.
D/AudioHardware(   82): closePcmOut_l() mPcmOpenCnt: 1
I/CameraCloud( 1008): 1333728477283: CameraCloud Execute HTTP latency: 6543ms
I/CameraCloud( 1008): 1333728477288: finished executing HTTP POST, get data
I/CameraCloud( 1008): 1333728477290: make input stream reader for data
I/CameraCloud( 1008): 1333728477291: Cloud response length: 28420
I/CameraCloud( 1008): 1333728477325: Returning cloud object
D/dalvikvm( 1008): GC_CONCURRENT freed 372K, 34% free 10730K/16199K, paused 1ms+2ms
I/CameraCloud( 1008): 1333728483085: CameraCloud download photo latency = 12347
I/CameraCloud( 1008): 1333728483086: CameraCloud download start 1333728470738 ~ stop 1333728483085
I/CameraCloud( 1008): 1333728483086: takeNum=5 takeCamGood=5 takeGoodSave=5 takeBad=0 getNum=11 getGood=11 getBad=0
I/CameraCloud( 1008): 1333728483087: Success! Client getting photo from cloud server, showing photo...
I/CameraCloud( 1008): 1333728483087: Remote photo's length: 3004
D/dalvikvm( 1008): GC_EXPLICIT freed 100K, 34% free 10706K/16199K, paused 3ms+3ms
I/CameraCloud( 1008): 1333728483143: Done with Get photos button for region 3
I/CameraCloud( 1008): 1333728483144: Inside _enableButtons
I/CameraCloud( 1008): 1333728483144: areButtonsEnabled --> true
W/InputManagerService(  152): Window already focused, ignoring focus gain of: com.android.internal.view.IInputMethodClient$Stub$Proxy@417767b0
W/InputManagerService(  152): Window already focused, ignoring focus gain of: com.android.internal.view.IInputMethodClient$Stub$Proxy@417a9800
I/CameraCloud( 1008): 1333728483228: canPressButton = TRUE
I/CameraCloud( 1008): 1333728483229: areButtonsEnabled --> false 
I/CameraCloud( 1008): 1333728483229: Inside get photo disableButtons XXX
D/AudioHardware(   82): AudioHardware pcm playback is exiting standby.
D/AudioHardware(   82): openPcmOut_l() mPcmOpenCnt: 0
I/CameraCloud( 1008): 1333728483258: takeNum=5 takeCamGood=5 takeGoodSave=5 takeBad=0 getNum=12 getGood=11 getBad=0
I/CameraCloud( 1008): 1333728483258: ** Clicked getphotos Button from region 4 **
I/CameraCloud( 1008): 1333728483258: Trying to get photo from server, about to call serverRequest()
I/CameraCloud( 1008): 1333728483259: Server request to url: http://hermes5.csail.mit.edu:8213/102/4/0/
I/CameraCloud( 1008): 1333728483261: Cloud server request length: 12
I/CameraCloud( 1008): 1333728483261: about to execute HTTP POST
I/CameraCloud( 1008): 1333728483261: in serverRequest() about to httpclient.execute()
D/AudioHardware(   82): AudioHardware pcm playback is going to standby.
D/AudioHardware(   82): closePcmOut_l() mPcmOpenCnt: 1
I/CameraCloud( 1008): 1333728487279: CameraCloud Execute HTTP latency: 4018ms
I/CameraCloud( 1008): 1333728487281: finished executing HTTP POST, get data
I/CameraCloud( 1008): 1333728487282: make input stream reader for data
I/CameraCloud( 1008): 1333728487284: Cloud response length: 44853
I/CameraCloud( 1008): 1333728487314: Returning cloud object
D/dalvikvm( 1008): GC_CONCURRENT freed 405K, 34% free 10738K/16199K, paused 2ms+2ms
I/GTalkService/c(  453): [AndroidEndpoint@1094284200] connect: acct=1000000, state=CONNECTING
I/CameraCloud( 1008): 1333728492027: CameraCloud download photo latency = 8769
I/CameraCloud( 1008): 1333728492027: CameraCloud download start 1333728483258 ~ stop 1333728492027
I/CameraCloud( 1008): 1333728492028: takeNum=5 takeCamGood=5 takeGoodSave=5 takeBad=0 getNum=12 getGood=12 getBad=0
I/CameraCloud( 1008): 1333728492028: Success! Client getting photo from cloud server, showing photo...
I/CameraCloud( 1008): 1333728492028: Remote photo's length: 4711
D/dalvikvm( 1008): GC_EXPLICIT freed 142K, 34% free 10712K/16199K, paused 11ms+12ms
I/CameraCloud( 1008): 1333728492084: Done with Get photos button for region 4
I/CameraCloud( 1008): 1333728492084: Inside _enableButtons
I/CameraCloud( 1008): 1333728492085: areButtonsEnabled --> true
D/dalvikvm(  453): GC_CONCURRENT freed 365K, 6% free 9996K/10567K, paused 2ms+16ms
W/InputManagerService(  152): Window already focused, ignoring focus gain of: com.android.internal.view.IInputMethodClient$Stub$Proxy@414de558
I/ActivityManager(  152): Start proc com.google.android.apps.maps for service com.google.android.apps.maps/com.google.googlenav.prefetch.android.PrefetcherService: pid=1143 uid=10032 gids={3003, 1015}
I/dalvikvm( 1143): Turning on JNI app bug workarounds for target SDK version 13...
D/dalvikvm( 1143): GC_CONCURRENT freed 162K, 3% free 9372K/9607K, paused 2ms+2ms
I/ActivityThread( 1143): Pub com.google.android.maps.LayerInfoProvider: com.google.googlenav.layer.LayerInfoProvider
I/ActivityThread( 1143): Pub com.google.android.maps.TrafficAppWidgetProvider: com.google.googlenav.appwidget.traffic.TrafficAppWidgetProvider
I/ActivityThread( 1143): Pub com.google.android.maps.SuggestionProvider: com.google.googlenav.suggest.android.SuggestProvider
I/ActivityThread( 1143): Pub com.google.android.maps.LocalActivePlacesProvider: com.google.googlenav.provider.LocalActivePlacesProvider
I/ActivityThread( 1143): Pub com.google.android.maps.StarredItemProvider: com.google.googlenav.provider.StarredItemProvider
D/dalvikvm( 1143): GC_CONCURRENT freed 126K, 3% free 9783K/9991K, paused 2ms+3ms
I/ActivityThread( 1143): Pub com.google.android.maps.LocalSuggestionProvider: com.google.googlenav.provider.LocalSuggestionProvider
I/ActivityThread( 1143): Pub com.google.android.maps.SearchHistoryProvider: com.google.googlenav.provider.SearchHistoryProvider
I/ActivityThread( 1143): Pub com.google.android.maps.NavigationAvailabilityProvider: com.google.googlenav.provider.NavigationAvailabilityProvider
D/dalvikvm(  152): GC_EXPLICIT freed 699K, 13% free 12498K/14343K, paused 3ms+6ms
D/dalvikvm( 1143): GC_CONCURRENT freed 260K, 4% free 10041K/10375K, paused 2ms+2ms
I/CameraCloud( 1008): 1333728497592: .......... GPS onLocationChanged ...... 
I/CameraCloud( 1008): 1333728497601: Loc = Location[mProvider=gps,mTime=1333814898000,mLatitude=42.3649731671792,mLongitude=-71.1027640751655,mHasAltitude=true,mAltitude=-27.0,mHasSpeed=true,mSpeed=0.28735557,mHasBearing=true,mBearing=58.091644,mHasAccuracy=true,mAccuracy=15.0,mExtras=Bundle[mParcelledData.dataSize=4]] Previous Region = (5,0)
I/CameraCloud( 1008): 1333728497601: GPS x/long:-71.1027640751655, GPS y/lat: 42.3649731671792. Region width in x: 51.96152422706632
I/CameraCloud( 1008): 1333728497601: location PINPOINTS to region = 5.0, previous 5
I/CameraCloud( 1008): 1333728497602: stay at region 5
D/ConnectivityService(  152): handleInetConditionHoldEnd: net=0, condition=100, published condition=0
W/Smack/Packet(  453): notify conn break (IOEx), close connection
I/ActivityManager(  152): No longer want com.android.voicedialer (pid 824): hidden #16
D/dalvikvm(  315): GC_CONCURRENT freed 418K, 6% free 9503K/10055K, paused 1ms+2ms
D/ConnectivityService(  152): handleInetConditionHoldEnd: net=0, condition=0, published condition=100
I/CameraCloud( 1008): 1333728508445: canPressButton = TRUE
I/CameraCloud( 1008): 1333728508446: areButtonsEnabled --> false 
I/CameraCloud( 1008): 1333728508447: Inside get photo disableButtons XXX
D/AudioHardware(   82): AudioHardware pcm playback is exiting standby.
D/AudioHardware(   82): openPcmOut_l() mPcmOpenCnt: 0
I/CameraCloud( 1008): 1333728508509: takeNum=5 takeCamGood=5 takeGoodSave=5 takeBad=0 getNum=13 getGood=12 getBad=0
I/CameraCloud( 1008): 1333728508509: ** Clicked getphotos Button from region 4 **
I/CameraCloud( 1008): 1333728508510: Trying to get photo from server, about to call serverRequest()
I/CameraCloud( 1008): 1333728508510: Server request to url: http://hermes5.csail.mit.edu:8213/102/4/0/
I/CameraCloud( 1008): 1333728508567: Cloud server request length: 12
I/CameraCloud( 1008): 1333728508567: about to execute HTTP POST
I/CameraCloud( 1008): 1333728508568: in serverRequest() about to httpclient.execute()
D/AudioHardware(   82): AudioHardware pcm playback is going to standby.
D/AudioHardware(   82): closePcmOut_l() mPcmOpenCnt: 1
D/dalvikvm(  152): GC_CONCURRENT freed 760K, 13% free 12482K/14343K, paused 2ms+5ms
I/InputDispatcher(  152): Application is not responding: Window{41773d00 edu.mit.haoqili.camera_cloud/edu.mit.haoqili.camera_cloud.CameraCloud paused=false}.  5003.9ms since event, 5003.4ms since wait started
I/Process (  152): Sending signal. PID: 1008 SIG: 3
I/dalvikvm( 1008): threadid=3: reacting to signal 3
I/WindowManager(  152): Input event dispatching timed out sending to edu.mit.haoqili.camera_cloud/edu.mit.haoqili.camera_cloud.CameraCloud
I/dalvikvm( 1008): Wrote stack traces to '/data/anr/traces.txt'
I/Process (  152): Sending signal. PID: 152 SIG: 3
I/dalvikvm(  152): threadid=3: reacting to signal 3
I/dalvikvm(  152): Wrote stack traces to '/data/anr/traces.txt'
I/Process (  152): Sending signal. PID: 315 SIG: 3
I/dalvikvm(  315): threadid=3: reacting to signal 3
I/dalvikvm(  315): Wrote stack traces to '/data/anr/traces.txt'
I/Process (  152): Sending signal. PID: 219 SIG: 3
I/dalvikvm(  219): threadid=3: reacting to signal 3
I/dalvikvm(  219): Wrote stack traces to '/data/anr/traces.txt'
I/Process (  152): Sending signal. PID: 329 SIG: 3
I/dalvikvm(  329): threadid=3: reacting to signal 3
I/dalvikvm(  329): Wrote stack traces to '/data/anr/traces.txt'
D/dalvikvm(  152): GC_CONCURRENT freed 684K, 12% free 12665K/14343K, paused 3ms+5ms
D/dalvikvm(  152): GC_EXPLICIT freed 38K, 12% free 12640K/14343K, paused 3ms+4ms
E/ActivityManager(  152): ANR in edu.mit.haoqili.camera_cloud (edu.mit.haoqili.camera_cloud/.CameraCloud)
E/ActivityManager(  152): Reason: keyDispatchingTimedOut
E/ActivityManager(  152): Load: 0.04 / 0.13 / 0.16
E/ActivityManager(  152): CPU usage from 7021ms to 1023ms ago:
E/ActivityManager(  152):   49% 82/mediaserver: 47% user + 1.1% kernel
E/ActivityManager(  152):   12% 79/surfaceflinger: 4.4% user + 8.3% kernel
E/ActivityManager(  152):   3.5% 87/gpsd: 2.5% user + 1% kernel
E/ActivityManager(  152):   2.3% 152/system_server: 2.1% user + 0.1% kernel / faults: 86 minor
E/ActivityManager(  152):   1.3% 1100/kworker/0:1: 0% user + 1.3% kernel
E/ActivityManager(  152):   0.5% 5/kworker/u:0: 0% user + 0.5% kernel
E/ActivityManager(  152):   0.5% 42/kworker/u:1: 0% user + 0.5% kernel
E/ActivityManager(  152):   0.3% 315/com.android.phone: 0.3% user + 0% kernel
E/ActivityManager(  152):   0.3% 715/com.google.android.apps.maps:NetworkLocationService: 0.3% user + 0% kernel
E/ActivityManager(  152):   0.1% 219/com.android.systemui: 0.1% user + 0% kernel
E/ActivityManager(  152): 69% TOTAL: 58% user + 11% kernel
E/ActivityManager(  152): CPU usage from 405ms to 934ms later with 99% awake:
E/ActivityManager(  152):   44% 82/mediaserver: 44% user + 0% kernel
E/ActivityManager(  152):     44% 1023/CameraPreviewTh: 44% user + 0% kernel
E/ActivityManager(  152):   9.6% 79/surfaceflinger: 1.9% user + 7.6% kernel
E/ActivityManager(  152):     7.6% 134/SurfaceFlinger: 1.9% user + 5.7% kernel
E/ActivityManager(  152):   5.5% 152/system_server: 3.7% user + 1.8% kernel
E/ActivityManager(  152):     3.7% 187/InputDispatcher: 1.8% user + 1.8% kernel
E/ActivityManager(  152):     1.8% 154/GC: 1.8% user + 0% kernel
E/ActivityManager(  152):   1.1% 42/kworker/u:1: 0% user + 1.1% kernel
E/ActivityManager(  152):   1.1% 87/gpsd: 1.1% user + 0% kernel
E/ActivityManager(  152):     1.1% 87/gpsd: 1.1% user + 0% kernel
E/ActivityManager(  152):   1.3% 1100/kworker/0:1: 0% user + 1.3% kernel
E/ActivityManager(  152): 67% TOTAL: 54% user + 12% kernel
D/AudioHardware(   82): AudioHardware pcm playback is exiting standby.
D/AudioHardware(   82): openPcmOut_l() mPcmOpenCnt: 0
V/PhoneStatusBar(  219): setLightsOn(true)
I/ActivityManager(  152): No longer want com.google.android.apps.maps:NetworkLocationService (pid 715): hidden #16
W/ActivityManager(  152): Scheduling restart of crashed service com.google.android.apps.maps/com.google.android.location.internal.server.NetworkLocationService in 5000ms
I/CameraCloud( 1008): 1333728528617: CameraCloud Execute HTTP latency: 20049ms
I/CameraCloud( 1008): 1333728528617: finished executing HTTP POST, get data
I/CameraCloud( 1008): 1333728528618: make input stream reader for data
I/CameraCloud( 1008): 1333728528618: Cloud response length: 35775
I/CameraCloud( 1008): 1333728528619: Returning cloud object
D/dalvikvm( 1008): GC_CONCURRENT freed 450K, 34% free 10712K/16199K, paused 2ms+3ms
D/AudioHardware(   82): AudioHardware pcm playback is going to standby.
D/AudioHardware(   82): closePcmOut_l() mPcmOpenCnt: 1
I/CameraCloud( 1008): 1333728531692: CameraCloud download photo latency = 23182
I/CameraCloud( 1008): 1333728531693: CameraCloud download start 1333728508510 ~ stop 1333728531692
I/CameraCloud( 1008): 1333728531693: takeNum=5 takeCamGood=5 takeGoodSave=5 takeBad=0 getNum=13 getGood=13 getBad=0
I/CameraCloud( 1008): 1333728531693: Success! Client getting photo from cloud server, showing photo...
I/CameraCloud( 1008): 1333728531694: Remote photo's length: 3775
D/dalvikvm( 1008): GC_EXPLICIT freed 138K, 35% free 10680K/16199K, paused 2ms+3ms
I/CameraCloud( 1008): 1333728531741: Done with Get photos button for region 4
I/CameraCloud( 1008): 1333728531742: Inside _enableButtons
I/CameraCloud( 1008): 1333728531742: areButtonsEnabled --> true
W/InputManagerService(  152): Window already focused, ignoring focus gain of: com.android.internal.view.IInputMethodClient$Stub$Proxy@417197e8
I/ActivityManager(  152): Start proc com.google.android.apps.maps:NetworkLocationService for service com.google.android.apps.maps/com.google.android.location.internal.server.NetworkLocationService: pid=1177 uid=10032 gids={3003, 1015}
I/dalvikvm( 1177): Turning on JNI app bug workarounds for target SDK version 13...
I/ActivityManager(  152): No longer want com.google.android.apps.googlevoice (pid 837): hidden #16
D/dalvikvm( 1177): GC_CONCURRENT freed 168K, 3% free 9365K/9607K, paused 3ms+2ms
D/dalvikvm(  453): GC_EXPLICIT freed 233K, 6% free 9951K/10567K, paused 2ms+3ms
D/dalvikvm( 1177): GC_CONCURRENT freed 181K, 3% free 9734K/9991K, paused 2ms+12ms
D/dalvikvm( 1177): GC_CONCURRENT freed 172K, 3% free 10125K/10375K, paused 11ms+2ms
D/dalvikvm( 1177): GC_CONCURRENT freed 704K, 8% free 9868K/10695K, paused 2ms+1ms
D/dalvikvm(  152): GC_CONCURRENT freed 938K, 13% free 12491K/14343K, paused 3ms+5ms
I/CameraCloud( 1008): 1333728561611: .......... GPS onLocationChanged ...... 
I/CameraCloud( 1008): 1333728561612: Loc = Location[mProvider=gps,mTime=1333814962000,mLatitude=42.36496589666605,mLongitude=-71.10277448967469,mHasAltitude=true,mAltitude=-13.0,mHasSpeed=true,mSpeed=0.39003173,mHasBearing=true,mBearing=236.60379,mHasAccuracy=true,mAccuracy=10.0,mExtras=Bundle[mParcelledData.dataSize=4]] Previous Region = (5,0)
I/CameraCloud( 1008): 1333728561613: GPS x/long:-71.10277448967469, GPS y/lat: 42.36496589666605. Region width in x: 51.96152422706632
I/CameraCloud( 1008): 1333728561613: location PINPOINTS to region = 5.0, previous 5
I/CameraCloud( 1008): 1333728561613: stay at region 5
I/CameraCloud( 1008): 1333728564067: canPressButton = TRUE
I/CameraCloud( 1008): 1333728564067: areButtonsEnabled --> false
I/CameraCloud( 1008): 1333728564068: disabling buttons ...
I/CameraCloud( 1008): 1333728564069: new pic disableButtons XXX
I/CameraCloud( 1008): 1333728564069: areButtonsEnabled --> false
D/AudioHardware(   82): AudioHardware pcm playback is exiting standby.
D/AudioHardware(   82): openPcmOut_l() mPcmOpenCnt: 0
I/CameraCloud( 1008): 1333728564137: takeNum=6 takeCamGood=5 takeGoodSave=5 takeBad=0 getNum=13 getGood=13 getBad=0
I/CameraCloud( 1008): 1333728564138: ** Clicked take picture button **
I/CameraSurfaceView( 1008): inside getCamera()
I/CameraHardwareSec(   82): int android::CameraHardwareSec::previewThreadWrapper(): calling mSecCamera->stopPreview() and waiting
I/SecCamera(   82): int android::fimc_v4l2_querybuf(int, android::fimc_buffer*, v4l2_buf_type) :
I/SecCamera(   82): int android::fimc_v4l2_querybuf(int, android::fimc_buffer*, v4l2_buf_type): buffer->start = 0x43ea0000 v4l2_buf.length = 4261248
I/CameraHardwareSec(   82): == Camera Sensor Detect S5K4ECGX - Samsung LSI SOC 5M ==
D/JpegEncoder(   82): encode E
D/JpegEncoder(   82): encode X
D/SecCamera(   82): Shutter speed=1582 us, iso=50
D/SecCamera(   82): AV=3, TV=9, SV=4
D/JpegEncoder(   82): makeExif E
D/JpegEncoder(   82): makeExif X
I/SecCamera(   82): int android::SecCamera::endSnapshot() :
I/SecCamera(   82): munmap():virt. addr 0x43ea0000 size = 4261248
D/dalvikvm( 1008): GC_FOR_ALLOC freed 397K, 35% free 10658K/16199K, paused 18ms
I/dalvikvm-heap( 1008): Grow heap (frag case) to 11.968MB for 1559852-byte allocation
D/dalvikvm( 1008): GC_CONCURRENT freed 7K, 25% free 12174K/16199K, paused 2ms+3ms
I/CameraCloud( 1008): 1333728564836: inside HandlePictureStorage onPictureTaken()
I/CameraCloud( 1008): 1333728564837: takeNum=6 takeCamGood=6 takeGoodSave=5 takeBad=0 getNum=13 getGood=13 getBad=0
D/CameraHardwareSec(   82): mPreviewHeap(fd(31), size(518400), width(720), height(480))
I/CameraHardwareSec(   82): int android::CameraHardwareSec::previewThreadWrapper(): return from wait
I/CameraCloud( 1008): 1333728565212: Picture successfully taken, ORIG BYTE LENGTH = 1559836
D/dalvikvm( 1008): GC_EXPLICIT freed 2K, 25% free 12175K/16199K, paused 17ms+2ms
I/CameraCloud( 1008): 1333728565475: Our new height x width: 240 x 320
I/CameraCloud( 1008): 1333728565475: Show photo from handle my camera take
I/CameraCloud( 1008): 1333728565476: client making photo packet to send to leader
I/CameraCloud( 1008): 1333728565490: BYTE SIZE AFTER COMPRESSION: 3821
I/CameraCloud( 1008): 1333728565491: sending new pic ....
I/CameraCloud( 1008): 1333728565504: Server request to url: http://hermes5.csail.mit.edu:8213/101/5/0/
I/CameraCloud( 1008): 1333728565626: Cloud server request length: 13258
I/CameraCloud( 1008): 1333728565627: about to execute HTTP POST
I/CameraCloud( 1008): 1333728565627: in serverRequest() about to httpclient.execute()
D/AudioHardware(   82): AudioHardware pcm playback is going to standby.
D/AudioHardware(   82): closePcmOut_l() mPcmOpenCnt: 1
I/CameraCloud( 1008): 1333728594083: CameraCloud Execute HTTP latency: 28455ms
I/CameraCloud( 1008): 1333728594084: finished executing HTTP POST, get data
I/CameraCloud( 1008): 1333728594093: make input stream reader for data
I/CameraCloud( 1008): 1333728594095: Cloud response length: 18
I/CameraCloud( 1008): 1333728594122: Returning cloud object
I/CameraCloud( 1008): 1333728594133: CameraCloud upload new photo latency = 28629
I/CameraCloud( 1008): 1333728594133: CameraCloud upload start 1333728565504 ~ stop 1333728594133
I/CameraCloud( 1008): 1333728594133: takeNum=6 takeCamGood=6 takeGoodSave=6 takeBad=0 getNum=13 getGood=13 getBad=0
I/CameraCloud( 1008): 1333728594134: SUCCESS! Client now knows saving photo on cloud server succeeded
I/CameraCloud( 1008): 1333728594134: RETURN STATUS: 12
I/CameraCloud( 1008): 1333728594134: Inside _enableButtons
I/CameraCloud( 1008): 1333728594135: areButtonsEnabled --> true
I/CameraCloud( 1008): 1333728594135: end of client send picture method
I/CameraCloud( 1008): 1333728594175: .......... GPS onLocationChanged ...... 
I/CameraCloud( 1008): 1333728594175: Loc = Location[mProvider=gps,mTime=1333814986000,mLatitude=42.36497981419968,mLongitude=-71.10276879243374,mHasAltitude=true,mAltitude=-26.0,mHasSpeed=true,mSpeed=0.08082011,mHasBearing=true,mBearing=354.99454,mHasAccuracy=true,mAccuracy=10.0,mExtras=Bundle[mParcelledData.dataSize=4]] Previous Region = (5,0)
I/CameraCloud( 1008): 1333728594176: GPS x/long:-71.10276879243374, GPS y/lat: 42.36497981419968. Region width in x: 51.96152422706632
I/CameraCloud( 1008): 1333728594187: location PINPOINTS to region = 5.0, previous 5
I/CameraCloud( 1008): 1333728594188: stay at region 5
W/InputManagerService(  152): Window already focused, ignoring focus gain of: com.android.internal.view.IInputMethodClient$Stub$Proxy@4156e718
D/dalvikvm(  152): GC_CONCURRENT freed 707K, 13% free 12529K/14343K, paused 2ms+5ms
D/dalvikvm(  315): GC_CONCURRENT freed 419K, 6% free 9504K/10055K, paused 2ms+3ms
I/CameraCloud( 1008): 1333728601417: canPressButton = TRUE
I/CameraCloud( 1008): 1333728601419: areButtonsEnabled --> false 
I/CameraCloud( 1008): 1333728601421: Inside get photo disableButtons XXX
D/AudioHardware(   82): AudioHardware pcm playback is exiting standby.
D/AudioHardware(   82): openPcmOut_l() mPcmOpenCnt: 0
I/CameraCloud( 1008): 1333728601583: takeNum=6 takeCamGood=6 takeGoodSave=6 takeBad=0 getNum=14 getGood=13 getBad=0
I/CameraCloud( 1008): 1333728601583: ** Clicked getphotos Button from region 3 **
I/CameraCloud( 1008): 1333728601583: Trying to get photo from server, about to call serverRequest()
I/CameraCloud( 1008): 1333728601584: Server request to url: http://hermes5.csail.mit.edu:8213/102/3/0/
I/CameraCloud( 1008): 1333728601586: Cloud server request length: 12
I/CameraCloud( 1008): 1333728601586: about to execute HTTP POST
I/CameraCloud( 1008): 1333728601587: in serverRequest() about to httpclient.execute()
D/AudioHardware(   82): AudioHardware pcm playback is going to standby.
D/AudioHardware(   82): closePcmOut_l() mPcmOpenCnt: 1
D/dalvikvm(  152): GC_CONCURRENT freed 806K, 14% free 12477K/14343K, paused 2ms+5ms
D/dalvikvm( 1177): GC_CONCURRENT freed 328K, 8% free 9925K/10695K, paused 3ms+2ms
I/CameraCloud( 1008): 1333728640007: CameraCloud Execute HTTP latency: 38419ms
I/CameraCloud( 1008): 1333728640008: finished executing HTTP POST, get data
I/CameraCloud( 1008): 1333728640009: make input stream reader for data
I/CameraCloud( 1008): 1333728640031: Cloud response length: 43655
I/CameraCloud( 1008): 1333728640053: Returning cloud object
D/dalvikvm( 1008): GC_CONCURRENT freed 2334K, 34% free 10766K/16199K, paused 2ms+13ms
I/CameraCloud( 1008): 1333728643272: CameraCloud download photo latency = 41688
I/CameraCloud( 1008): 1333728643272: CameraCloud download start 1333728601584 ~ stop 1333728643272
I/CameraCloud( 1008): 1333728643273: takeNum=6 takeCamGood=6 takeGoodSave=6 takeBad=0 getNum=14 getGood=14 getBad=0
I/CameraCloud( 1008): 1333728643273: Success! Client getting photo from cloud server, showing photo...
I/CameraCloud( 1008): 1333728643273: Remote photo's length: 4575
D/dalvikvm( 1008): GC_EXPLICIT freed 122K, 34% free 10693K/16199K, paused 2ms+13ms
I/CameraCloud( 1008): 1333728643338: Done with Get photos button for region 3
I/CameraCloud( 1008): 1333728643338: Inside _enableButtons
I/CameraCloud( 1008): 1333728643339: areButtonsEnabled --> true
I/CameraCloud( 1008): 1333728643400: .......... GPS onLocationChanged ...... 
I/CameraCloud( 1008): 1333728643401: Loc = Location[mProvider=gps,mTime=1333815005000,mLatitude=42.36499044849245,mLongitude=-71.10276213005474,mHasAltitude=true,mAltitude=-31.0,mHasSpeed=true,mSpeed=0.08610466,mHasBearing=true,mBearing=21.904297,mHasAccuracy=true,mAccuracy=10.0,mExtras=Bundle[mParcelledData.dataSize=4]] Previous Region = (5,0)
I/CameraCloud( 1008): 1333728643401: GPS x/long:-71.10276213005474, GPS y/lat: 42.36499044849245. Region width in x: 51.96152422706632
I/CameraCloud( 1008): 1333728643401: location PINPOINTS to region = 5.0, previous 5
I/CameraCloud( 1008): 1333728643402: stay at region 5
I/CameraCloud( 1008): 1333728643403: .......... GPS onLocationChanged ...... 
I/CameraCloud( 1008): 1333728643403: Loc = Location[mProvider=gps,mTime=1333815011000,mLatitude=42.36498217403738,mLongitude=-71.10275210893879,mHasAltitude=true,mAltitude=-28.0,mHasSpeed=true,mSpeed=0.0,mHasBearing=true,mBearing=347.54245,mHasAccuracy=true,mAccuracy=10.0,mExtras=Bundle[mParcelledData.dataSize=4]] Previous Region = (5,0)
I/CameraCloud( 1008): 1333728643404: GPS x/long:-71.10275210893879, GPS y/lat: 42.36498217403738. Region width in x: 51.96152422706632
I/CameraCloud( 1008): 1333728643404: location PINPOINTS to region = 5.0, previous 5
I/CameraCloud( 1008): 1333728643404: stay at region 5
I/CameraCloud( 1008): 1333728643405: .......... GPS onLocationChanged ...... 
I/CameraCloud( 1008): 1333728643406: Loc = Location[mProvider=gps,mTime=1333815024000,mLatitude=42.364980110211775,mLongitude=-71.1027396305572,mHasAltitude=true,mAltitude=-15.0,mHasSpeed=true,mSpeed=0.31056482,mHasBearing=true,mBearing=50.391537,mHasAccuracy=true,mAccuracy=10.0,mExtras=Bundle[mParcelledData.dataSize=4]] Previous Region = (5,0)
I/CameraCloud( 1008): 1333728643406: GPS x/long:-71.1027396305572, GPS y/lat: 42.364980110211775. Region width in x: 51.96152422706632
I/CameraCloud( 1008): 1333728643407: location PINPOINTS to region = 5.0, previous 5
I/CameraCloud( 1008): 1333728643407: stay at region 5
I/CameraCloud( 1008): 1333728643408: .......... GPS onLocationChanged ...... 
I/CameraCloud( 1008): 1333728643408: Loc = Location[mProvider=gps,mTime=1333815031000,mLatitude=42.36496423780499,mLongitude=-71.10274704087199,mHasAltitude=true,mAltitude=-17.0,mHasSpeed=true,mSpeed=0.11093797,mHasBearing=true,mBearing=186.99619,mHasAccuracy=true,mAccuracy=10.0,mExtras=Bundle[mParcelledData.dataSize=4]] Previous Region = (5,0)
I/CameraCloud( 1008): 1333728643408: GPS x/long:-71.10274704087199, GPS y/lat: 42.36496423780499. Region width in x: 51.96152422706632
I/CameraCloud( 1008): 1333728643409: location PINPOINTS to region = 5.0, previous 5
I/CameraCloud( 1008): 1333728643409: stay at region 5
W/InputManagerService(  152): Window already focused, ignoring focus gain of: com.android.internal.view.IInputMethodClient$Stub$Proxy@416f1f78
I/CameraCloud( 1008): 1333728652608: .......... GPS onLocationChanged ...... 
I/CameraCloud( 1008): 1333728652609: Loc = Location[mProvider=gps,mTime=1333815053000,mLatitude=42.36495443268122,mLongitude=-71.10274235104647,mHasAltitude=true,mAltitude=-16.0,mHasSpeed=true,mSpeed=0.36050996,mHasBearing=true,mBearing=148.1585,mHasAccuracy=true,mAccuracy=10.0,mExtras=Bundle[mParcelledData.dataSize=4]] Previous Region = (5,0)
I/CameraCloud( 1008): 1333728652610: GPS x/long:-71.10274235104647, GPS y/lat: 42.36495443268122. Region width in x: 51.96152422706632
I/CameraCloud( 1008): 1333728652610: location PINPOINTS to region = 5.0, previous 5
I/CameraCloud( 1008): 1333728652610: stay at region 5
I/CameraCloud( 1008): 1333728655609: .......... GPS onLocationChanged ...... 
I/CameraCloud( 1008): 1333728655610: Loc = Location[mProvider=gps,mTime=1333815056000,mLatitude=42.36494385309372,mLongitude=-71.10273363974898,mHasAltitude=true,mAltitude=-16.0,mHasSpeed=true,mSpeed=0.42151195,mHasBearing=true,mBearing=124.19132,mHasAccuracy=true,mAccuracy=10.0,mExtras=Bundle[mParcelledData.dataSize=4]] Previous Region = (5,0)
I/CameraCloud( 1008): 1333728655611: GPS x/long:-71.10273363974898, GPS y/lat: 42.36494385309372. Region width in x: 51.96152422706632
I/CameraCloud( 1008): 1333728655621: location PINPOINTS to region = 5.0, previous 5
I/CameraCloud( 1008): 1333728655621: stay at region 5
I/CameraCloud( 1008): 1333728656610: .......... GPS onLocationChanged ...... 
I/CameraCloud( 1008): 1333728656611: Loc = Location[mProvider=gps,mTime=1333815057000,mLatitude=42.36493511143923,mLongitude=-71.10272755959049,mHasAltitude=true,mAltitude=-16.0,mHasSpeed=true,mSpeed=0.0,mHasBearing=true,mBearing=131.35556,mHasAccuracy=true,mAccuracy=10.0,mExtras=Bundle[mParcelledData.dataSize=4]] Previous Region = (5,0)
I/CameraCloud( 1008): 1333728656612: GPS x/long:-71.10272755959049, GPS y/lat: 42.36493511143923. Region width in x: 51.96152422706632
I/CameraCloud( 1008): 1333728656612: location PINPOINTS to region = 5.0, previous 5
I/CameraCloud( 1008): 1333728656622: stay at region 5
D/dalvikvm(  152): GC_CONCURRENT freed 712K, 13% free 12506K/14343K, paused 3ms+6ms
I/CameraCloud( 1008): 1333728658609: .......... GPS onLocationChanged ...... 
I/CameraCloud( 1008): 1333728658617: Loc = Location[mProvider=gps,mTime=1333815059000,mLatitude=42.36492344107384,mLongitude=-71.10271509413188,mHasAltitude=true,mAltitude=-18.0,mHasSpeed=true,mSpeed=0.5053288,mHasBearing=true,mBearing=117.00525,mHasAccuracy=true,mAccuracy=10.0,mExtras=Bundle[mParcelledData.dataSize=4]] Previous Region = (5,0)
I/CameraCloud( 1008): 1333728658617: GPS x/long:-71.10271509413188, GPS y/lat: 42.36492344107384. Region width in x: 51.96152422706632
I/CameraCloud( 1008): 1333728658618: location PINPOINTS to region = 5.0, previous 5
I/CameraCloud( 1008): 1333728658618: stay at region 5
I/CameraCloud( 1008): 1333728660619: .......... GPS onLocationChanged ...... 
I/CameraCloud( 1008): 1333728660621: Loc = Location[mProvider=gps,mTime=1333815061000,mLatitude=42.36491117180472,mLongitude=-71.10269747081145,mHasAltitude=true,mAltitude=-15.0,mHasSpeed=true,mSpeed=0.57248396,mHasBearing=true,mBearing=113.90218,mHasAccuracy=true,mAccuracy=10.0,mExtras=Bundle[mParcelledData.dataSize=4]] Previous Region = (5,0)
I/CameraCloud( 1008): 1333728660621: GPS x/long:-71.10269747081145, GPS y/lat: 42.36491117180472. Region width in x: 51.96152422706632
I/CameraCloud( 1008): 1333728660622: location PINPOINTS to region = 5.0, previous 5
I/CameraCloud( 1008): 1333728660622: stay at region 5
I/System.out( 1177): [INFO:126907]: c: Running flush
I/System.out( 1177): [INFO:126927]: c: Sending payload [bytes=552]
I/CameraCloud( 1008): 1333728662620: .......... GPS onLocationChanged ...... 
I/CameraCloud( 1008): 1333728662621: Loc = Location[mProvider=gps,mTime=1333815063000,mLatitude=42.36489280003724,mLongitude=-71.10268976007544,mHasAltitude=true,mAltitude=-13.0,mHasSpeed=true,mSpeed=0.0,mHasBearing=true,mBearing=120.41021,mHasAccuracy=true,mAccuracy=10.0,mExtras=Bundle[mParcelledData.dataSize=4]] Previous Region = (5,0)
I/CameraCloud( 1008): 1333728662622: GPS x/long:-71.10268976007544, GPS y/lat: 42.36489280003724. Region width in x: 51.96152422706632
I/CameraCloud( 1008): 1333728662622: location PINPOINTS to region = 5.0, previous 5
I/CameraCloud( 1008): 1333728662623: stay at region 5
D/dalvikvm( 1177): GC_CONCURRENT freed 310K, 6% free 10056K/10695K, paused 2ms+3ms
I/CameraCloud( 1008): 1333728664637: .......... GPS onLocationChanged ...... 
I/CameraCloud( 1008): 1333728664639: Loc = Location[mProvider=gps,mTime=1333815065000,mLatitude=42.3648780576954,mLongitude=-71.10267974384574,mHasAltitude=true,mAltitude=-16.0,mHasSpeed=true,mSpeed=0.6432079,mHasBearing=true,mBearing=133.80038,mHasAccuracy=true,mAccuracy=10.0,mExtras=Bundle[mParcelledData.dataSize=4]] Previous Region = (5,0)
I/CameraCloud( 1008): 1333728664689: GPS x/long:-71.10267974384574, GPS y/lat: 42.3648780576954. Region width in x: 51.96152422706632
I/CameraCloud( 1008): 1333728664690: location PINPOINTS to region = 5.0, previous 5
I/CameraCloud( 1008): 1333728664691: stay at region 5
D/dalvikvm( 1008): GC_CONCURRENT freed 449K, 35% free 10683K/16199K, paused 9ms+5ms
I/CameraCloud( 1008): 1333728665248: canPressButton = TRUE
I/CameraCloud( 1008): 1333728665249: areButtonsEnabled --> false
I/CameraCloud( 1008): 1333728665249: disabling buttons ...
I/CameraCloud( 1008): 1333728665250: new pic disableButtons XXX
I/CameraCloud( 1008): 1333728665251: areButtonsEnabled --> false
D/AudioHardware(   82): AudioHardware pcm playback is exiting standby.
D/AudioHardware(   82): openPcmOut_l() mPcmOpenCnt: 0
I/CameraCloud( 1008): 1333728665301: takeNum=7 takeCamGood=6 takeGoodSave=6 takeBad=0 getNum=14 getGood=14 getBad=0
I/CameraCloud( 1008): 1333728665301: ** Clicked take picture button **
I/CameraSurfaceView( 1008): inside getCamera()
I/CameraHardwareSec(   82): int android::CameraHardwareSec::previewThreadWrapper(): calling mSecCamera->stopPreview() and waiting
I/SecCamera(   82): int android::fimc_v4l2_querybuf(int, android::fimc_buffer*, v4l2_buf_type) :
I/SecCamera(   82): int android::fimc_v4l2_querybuf(int, android::fimc_buffer*, v4l2_buf_type): buffer->start = 0x43c3f000 v4l2_buf.length = 4261248
I/CameraHardwareSec(   82): == Camera Sensor Detect S5K4ECGX - Samsung LSI SOC 5M ==
I/System.out( 1177): [INFO:131927]: c: Running delayed flush
I/System.out( 1177): [INFO:131939]: c: Running flush
D/JpegEncoder(   82): encode E
D/JpegEncoder(   82): encode X
D/SecCamera(   82): Shutter speed=1630 us, iso=50
D/SecCamera(   82): AV=3, TV=9, SV=4
D/JpegEncoder(   82): makeExif E
D/JpegEncoder(   82): makeExif X
I/SecCamera(   82): int android::SecCamera::endSnapshot() :
I/SecCamera(   82): munmap():virt. addr 0x43c3f000 size = 4261248
D/dalvikvm( 1008): GC_FOR_ALLOC freed 51K, 35% free 10682K/16199K, paused 23ms
I/dalvikvm-heap( 1008): Grow heap (frag case) to 11.998MB for 1566080-byte allocation
D/dalvikvm( 1008): GC_CONCURRENT freed 5K, 25% free 12206K/16199K, paused 1ms+2ms
I/CameraCloud( 1008): 1333728665989: inside HandlePictureStorage onPictureTaken()
I/CameraCloud( 1008): 1333728665989: takeNum=7 takeCamGood=7 takeGoodSave=6 takeBad=0 getNum=14 getGood=14 getBad=0
D/CameraHardwareSec(   82): mPreviewHeap(fd(31), size(518400), width(720), height(480))
I/CameraHardwareSec(   82): int android::CameraHardwareSec::previewThreadWrapper(): return from wait
I/CameraCloud( 1008): 1333728666355: Picture successfully taken, ORIG BYTE LENGTH = 1566064
D/dalvikvm( 1008): GC_EXPLICIT freed 2K, 25% free 12207K/16199K, paused 17ms+2ms
I/CameraCloud( 1008): 1333728666640: Our new height x width: 240 x 320
I/CameraCloud( 1008): 1333728666641: Show photo from handle my camera take
I/CameraCloud( 1008): 1333728666654: client making photo packet to send to leader
I/CameraCloud( 1008): 1333728666667: BYTE SIZE AFTER COMPRESSION: 2391
I/CameraCloud( 1008): 1333728666667: sending new pic ....
I/CameraCloud( 1008): 1333728666668: Server request to url: http://hermes5.csail.mit.edu:8213/101/5/0/
I/CameraCloud( 1008): 1333728666736: Cloud server request length: 8090
I/CameraCloud( 1008): 1333728666737: about to execute HTTP POST
I/CameraCloud( 1008): 1333728666737: in serverRequest() about to httpclient.execute()
I/System.out( 1177): [INFO:133001]: c: Response [http=200,length=20]
I/System.out( 1177): [INFO:133002]: c: Read id 1, status code 200
D/AudioHardware(   82): AudioHardware pcm playback is going to standby.
D/AudioHardware(   82): closePcmOut_l() mPcmOpenCnt: 1
I/CameraCloud( 1008): 1333728682305: CameraCloud Execute HTTP latency: 15568ms
I/CameraCloud( 1008): 1333728682306: finished executing HTTP POST, get data
I/CameraCloud( 1008): 1333728682307: make input stream reader for data
I/CameraCloud( 1008): 1333728682307: Cloud response length: 18
I/CameraCloud( 1008): 1333728682308: Returning cloud object
I/CameraCloud( 1008): 1333728682318: CameraCloud upload new photo latency = 15650
I/CameraCloud( 1008): 1333728682319: CameraCloud upload start 1333728666668 ~ stop 1333728682318
I/CameraCloud( 1008): 1333728682320: takeNum=7 takeCamGood=7 takeGoodSave=7 takeBad=0 getNum=14 getGood=14 getBad=0
I/CameraCloud( 1008): 1333728682320: SUCCESS! Client now knows saving photo on cloud server succeeded
I/CameraCloud( 1008): 1333728682321: RETURN STATUS: 12
I/CameraCloud( 1008): 1333728682322: Inside _enableButtons
I/CameraCloud( 1008): 1333728682323: areButtonsEnabled --> true
I/CameraCloud( 1008): 1333728682323: end of client send picture method
I/CameraCloud( 1008): 1333728682379: .......... GPS onLocationChanged ...... 
I/CameraCloud( 1008): 1333728682380: Loc = Location[mProvider=gps,mTime=1333815067000,mLatitude=42.36486203936379,mLongitude=-71.10267990231223,mHasAltitude=true,mAltitude=-11.0,mHasSpeed=true,mSpeed=0.6387562,mHasBearing=true,mBearing=191.88338,mHasAccuracy=true,mAccuracy=10.0,mExtras=Bundle[mParcelledData.dataSize=4]] Previous Region = (5,0)
I/CameraCloud( 1008): 1333728682380: GPS x/long:-71.10267990231223, GPS y/lat: 42.36486203936379. Region width in x: 51.96152422706632
I/CameraCloud( 1008): 1333728682381: location PINPOINTS to region = 5.0, previous 5
I/CameraCloud( 1008): 1333728682381: stay at region 5
I/CameraCloud( 1008): 1333728682382: .......... GPS onLocationChanged ...... 
I/CameraCloud( 1008): 1333728682382: Loc = Location[mProvider=gps,mTime=1333815070000,mLatitude=42.364847324825895,mLongitude=-71.1026763685301,mHasAltitude=true,mAltitude=-15.0,mHasSpeed=true,mSpeed=0.6178974,mHasBearing=true,mBearing=173.07028,mHasAccuracy=true,mAccuracy=10.0,mExtras=Bundle[mParcelledData.dataSize=4]] Previous Region = (5,0)
I/CameraCloud( 1008): 1333728682383: GPS x/long:-71.1026763685301, GPS y/lat: 42.364847324825895. Region width in x: 51.96152422706632
I/CameraCloud( 1008): 1333728682383: location PINPOINTS to region = 5.0, previous 5
I/CameraCloud( 1008): 1333728682383: stay at region 5
I/CameraCloud( 1008): 1333728682384: .......... GPS onLocationChanged ...... 
I/CameraCloud( 1008): 1333728682385: Loc = Location[mProvider=gps,mTime=1333815071000,mLatitude=42.364839642136715,mLongitude=-71.10266933791023,mHasAltitude=true,mAltitude=-16.0,mHasSpeed=true,mSpeed=0.6380982,mHasBearing=true,mBearing=144.99672,mHasAccuracy=true,mAccuracy=10.0,mExtras=Bundle[mParcelledData.dataSize=4]] Previous Region = (5,0)
I/CameraCloud( 1008): 1333728682385: GPS x/long:-71.10266933791023, GPS y/lat: 42.364839642136715. Region width in x: 51.96152422706632
I/CameraCloud( 1008): 1333728682385: location PINPOINTS to region = 5.0, previous 5
I/CameraCloud( 1008): 1333728682385: stay at region 5
I/CameraCloud( 1008): 1333728682386: .......... GPS onLocationChanged ...... 
I/CameraCloud( 1008): 1333728682387: Loc = Location[mProvider=gps,mTime=1333815073000,mLatitude=42.36483062431464,mLongitude=-71.10265616554724,mHasAltitude=true,mAltitude=-16.0,mHasSpeed=true,mSpeed=0.0,mHasBearing=true,mBearing=148.28993,mHasAccuracy=true,mAccuracy=10.0,mExtras=Bundle[mParcelledData.dataSize=4]] Previous Region = (5,0)
