D/ConnectivityService(  152): handleInetConditionHoldEnd: net=0, condition=0, published condition=100
I/GTalkService/c(  453): [AndroidEndpoint@1094284200] connect: acct=1000001, state=CONNECTING
D/ConnectivityService(  152): handleInetConditionHoldEnd: net=0, condition=100, published condition=0
W/Smack/Packet(  453): notify conn break (IOEx), close connection
D/ConnectivityService(  152): handleInetConditionHoldEnd: net=0, condition=0, published condition=100
W/BackupManagerService(  152): dataChanged but no participant pkg='com.android.providers.settings' uid=1001
I/GTalkService/c(  453): [AndroidEndpoint@1094284200] connect: acct=1000001, state=CONNECTING
D/dalvikvm(  453): GC_CONCURRENT freed 414K, 6% free 10061K/10695K, paused 18ms+4ms
D/ConnectivityService(  152): handleInetConditionHoldEnd: net=0, condition=100, published condition=0
W/Smack/Packet(  453): notify conn break (IOEx), close connection
D/ConnectivityService(  152): handleInetConditionHoldEnd: net=0, condition=0, published condition=100
D/dalvikvm(  152): GC_CONCURRENT freed 869K, 12% free 13364K/15111K, paused 12ms+5ms
D/dalvikvm(  219): GC_CONCURRENT freed 398K, 9% free 10544K/11527K, paused 2ms+3ms
I/GTalkService/c(  453): [AndroidEndpoint@1094284200] connect: acct=1000001, state=CONNECTING
D/dalvikvm(  453): GC_CONCURRENT freed 387K, 6% free 10069K/10695K, paused 5ms+2ms
D/ConnectivityService(  152): handleInetConditionHoldEnd: net=0, condition=100, published condition=0
W/Smack/Packet(  453): notify conn break (IOEx), close connection
D/ConnectivityService(  152): handleInetConditionHoldEnd: net=0, condition=0, published condition=100
D/dalvikvm(  315): GC_CONCURRENT freed 421K, 6% free 9496K/10055K, paused 11ms+4ms
I/GTalkService/c(  453): [AndroidEndpoint@1094284200] connect: acct=1000001, state=CONNECTING
D/ConnectivityService(  152): handleInetConditionHoldEnd: net=0, condition=100, published condition=0
W/Smack/Packet(  453): notify conn break (IOEx), close connection
D/ConnectivityService(  152): handleInetConditionHoldEnd: net=0, condition=0, published condition=100
D/dalvikvm(  152): GC_EXPLICIT freed 820K, 12% free 13308K/15111K, paused 11ms+5ms
I/EventLogService(  453): Aggregate from 1333750396502 (log), 1333749786047 (data)
I/ServiceDumpSys(  453): dumping service [account]
I/GTalkService/c(  453): [AndroidEndpoint@1094284200] connect: acct=1000001, state=CONNECTING
D/dalvikvm(  453): GC_CONCURRENT freed 394K, 6% free 10062K/10695K, paused 9ms+2ms
D/dalvikvm(  315): GC_CONCURRENT freed 422K, 6% free 9495K/10055K, paused 7ms+2ms
D/ConnectivityService(  152): handleInetConditionHoldEnd: net=0, condition=100, published condition=0
W/Smack/Packet(  453): notify conn break (IOEx), close connection
D/ConnectivityService(  152): handleInetConditionHoldEnd: net=0, condition=0, published condition=100
I/GTalkService/c(  453): [AndroidEndpoint@1094284200] connect: acct=1000001, state=CONNECTING
D/dalvikvm(  453): GC_CONCURRENT freed 388K, 6% free 10060K/10695K, paused 9ms+3ms
W/Smack/Packet(  453): notify conn break (IOEx), close connection
D/ConnectivityService(  152): handleInetConditionHoldEnd: net=0, condition=0, published condition=0
D/dalvikvm(  315): GC_CONCURRENT freed 438K, 6% free 9497K/10055K, paused 13ms+2ms
D/PhoneStatusBar(  219): disable: < expand icons alerts ticker system_info BACK HOME recent* CLOCK >
D/PhoneStatusBar(  219): disable: < expand icons alerts ticker system_info back* home* recent clock* >
D/NfcService(  329): NFC-C ON
W/InputManagerService(  152): Window already focused, ignoring focus gain of: com.android.internal.view.IInputMethodClient$Stub$Proxy@416c5948
D/PicasaSyncManager(  975): battery info: false
I/StorageNotification(  219): UMS connection changed to false (media state mounted)
D/dalvikvm(  219): GC_CONCURRENT freed 474K, 9% free 10527K/11527K, paused 2ms+3ms
D/dalvikvm(  219): GC_FOR_ALLOC freed 356K, 11% free 10329K/11527K, paused 15ms
D/dalvikvm(  219): GC_FOR_ALLOC freed 364K, 11% free 10327K/11527K, paused 17ms
D/dalvikvm(  219): GC_FOR_ALLOC freed 360K, 11% free 10317K/11527K, paused 16ms
D/dalvikvm(  219): GC_FOR_ALLOC freed 341K, 11% free 10297K/11527K, paused 21ms
D/dalvikvm(  219): GC_CONCURRENT freed 421K, 11% free 10347K/11527K, paused 2ms+2ms
D/dalvikvm(  152): GC_CONCURRENT freed 946K, 12% free 13314K/15111K, paused 10ms+6ms
D/AudioHardware(   82): AudioHardware pcm playback is exiting standby.
D/AudioHardware(   82): openPcmOut_l() mPcmOpenCnt: 0
D/AudioHardware(   82): AudioHardware pcm playback is going to standby.
D/AudioHardware(   82): closePcmOut_l() mPcmOpenCnt: 1
D/PhoneStatusBar(  219): disable: < EXPAND* icons alerts ticker system_info back home recent clock >
D/dalvikvm(  152): GC_FOR_ALLOC freed 894K, 17% free 12545K/15111K, paused 54ms
D/AudioHardware(   82): AudioHardware pcm playback is exiting standby.
D/AudioHardware(   82): openPcmOut_l() mPcmOpenCnt: 0
D/BluetoothAdapterStateMachine(  152): HotOff process message: 55
I/NfcService(  329): Disabling NFC
D/BluetoothEventLoop(  152): Property Changed: UUIDs : 9
D/NdefPushServer(  329): stop, thread = Thread[Thread-36,5,main]
D/NdefPushServer(  329): shuting down server thread
E/BluetoothService.cpp(  152): setBluetoothTetheringNative false
D/BluetoothEventLoop(  152): Property Changed: UUIDs : 8
D/BluetoothEventLoop(  152): Property Changed: UUIDs : 7
D/BluetoothEventLoop(  152): Property Changed: UUIDs : 6
D/BluetoothEventLoop(  152): Property Changed: UUIDs : 5
W/InputManagerService(  152): Window already focused, ignoring focus gain of: com.android.internal.view.IInputMethodClient$Stub$Proxy@4137ce98
D/PhoneStatusBar(  219): disable: < expand* icons alerts ticker system_info back home recent clock >
I/bluedroid(  152): Stopping bluetoothd deamon
D/NFC JNI (  329): Terminating client thread...
D/NFC JNI (  329): phLibNfc_Mgt_UnConfigureDriver() returned 0x0000[NFCSTATUS_SUCCESS]
I/bluedroid(  152): Stopping hciattach deamon
D/BluetoothAdapterStateMachine(  152): Bluetooth state 10 -> 10
D/ConnectivityService(  152): ConnectivityChange for mobile: DISCONNECTED/DISCONNECTED
D/ConnectivityService(  152): Attempting to switch to wifi
D/ConnectivityService(  152): Attempting to switch to BLUETOOTH_TETHER
D/NetUtils(  152): android_net_utils_resetConnections in env=0x299aa0 clazz=0xba100001 iface=rmnet0 mask=0x3
D/ConnectivityService(  152): resetConnections(rmnet0, 3)
D/AudioHardware(   82): AudioHardware pcm playback is going to standby.
D/AudioHardware(   82): closePcmOut_l() mPcmOpenCnt: 1
D/dalvikvm(  152): GC_CONCURRENT freed 809K, 18% free 12522K/15111K, paused 10ms+5ms
D/Tethering(  152): MasterInitialState.processMessage what=3
D/dalvikvm(  453): GC_EXPLICIT freed 130K, 7% free 10007K/10695K, paused 2ms+7ms
I/MediaUploader(  960): No need to wake up
D/PicasaSyncManager(  975): active network: null
D/PicasaSyncManager(  975): background data: true
D/NetworkLocator(  453): null cell state delivered
D/NetworkLocator(  453): null cell state delivered
D/AudioHardware(   82): AudioHardware pcm playback is exiting standby.
D/AudioHardware(   82): openPcmOut_l() mPcmOpenCnt: 0
D/AudioHardware(   82): AudioHardware pcm playback is going to standby.
D/AudioHardware(   82): closePcmOut_l() mPcmOpenCnt: 1
I/power   (  152): *** set_screen_state 0
D/SurfaceFlinger(   79): About to give-up screen, flinger = 0x19bc918
D/dalvikvm(  152): GC_CONCURRENT freed 230K, 14% free 13122K/15111K, paused 3ms+5ms
V/TransportControlView(  152): Create TCV com.android.internal.widget.TransportControlView@41325fa0
D/PhoneStatusBar(  219): disable: < expand icons alerts ticker system_info back home RECENT* clock >
D/PhoneStatusBar(  219): disable: < expand icons alerts ticker system_info BACK* HOME* RECENT CLOCK* >
I/EventLogService(  453): Aggregate from 1333751586257 (log), 1333751586257 (data)
I/ServiceDumpSys(  453): dumping service [account]
D/dalvikvm(  152): GC_CONCURRENT freed 608K, 12% free 13421K/15111K, paused 3ms+8ms
I/EventLogService(  453): Aggregate from 1333753386383 (log), 1333753386383 (data)
I/ServiceDumpSys(  453): dumping service [account]
I/SystemUpdateService(  453): download in progress: [id: 11 compl: false succ: false bytes: 0 reason: 0 fn: null]
I/SystemUpdateService(  453): download took too long; will cancel and retry
D/dalvikvm(  453): GC_FOR_ALLOC freed 253K, 7% free 10009K/10695K, paused 18ms
V/SystemUpdateService(  453): retry (wakeup: true) in 89945 ms
V/SystemUpdateService(  453): onPostExecute: false
I/SystemUpdateService(  453): starting download of http://android.clients.google.com/packages/ota/google_crespo/hR7QFEtn.zip
V/SystemUpdateService(  453): retry (wakeup: true) in 21599996 ms
I/SystemUpdate.Download(  453): Started a new update download: http://android.clients.google.com/packages/ota/google_crespo/hR7QFEtn.zip (id 12; allowMobile=false)
V/SystemUpdateService(  453): onPostExecute: false
D/dalvikvm(  219): GC_CONCURRENT freed 635K, 13% free 10097K/11527K, paused 1ms+3ms
I/DownloadManager(  266): Initiating request for download 12
W/DownloadManager(  266): Aborting request for download 12: no network connection available
I/EventLogService(  453): Aggregate from 1333755186514 (log), 1333755186514 (data)
I/ServiceDumpSys(  453): dumping service [account]
D/dalvikvm(  453): GC_FOR_ALLOC freed 212K, 7% free 10002K/10695K, paused 17ms
I/EventLogService(  453): Aggregate from 1333756986646 (log), 1333756986646 (data)
I/ServiceDumpSys(  453): dumping service [account]
D/dalvikvm(  152): GC_CONCURRENT freed 1004K, 12% free 13448K/15111K, paused 2ms+6ms
I/EventLogService(  453): Aggregate from 1333758786756 (log), 1333758786756 (data)
I/ServiceDumpSys(  453): dumping service [account]
I/EventLogService(  453): Aggregate from 1333760586866 (log), 1333760586866 (data)
I/ServiceDumpSys(  453): dumping service [account]
D/dalvikvm(  453): GC_FOR_ALLOC freed 215K, 7% free 10001K/10695K, paused 18ms
I/EventLogService(  453): Aggregate from 1333762386971 (log), 1333762386971 (data)
I/ServiceDumpSys(  453): dumping service [account]
D/dalvikvm(  152): JIT code cache reset in 4 ms (1048484 bytes 2/0)
D/dalvikvm(  152): GC_CONCURRENT freed 985K, 11% free 13450K/15111K, paused 2ms+9ms
I/EventLogService(  453): Aggregate from 1333764187099 (log), 1333764187099 (data)
I/ServiceDumpSys(  453): dumping service [account]
I/EventLogService(  453): Aggregate from 1333765987228 (log), 1333765987228 (data)
I/ServiceDumpSys(  453): dumping service [account]
D/dalvikvm(  453): GC_FOR_ALLOC freed 217K, 7% free 10001K/10695K, paused 19ms
I/EventLogService(  453): Aggregate from 1333767787357 (log), 1333767787357 (data)
I/ServiceDumpSys(  453): dumping service [account]
D/dalvikvm(  152): GC_CONCURRENT freed 982K, 11% free 13456K/15111K, paused 2ms+8ms
D/AlarmManagerService(  152): Kernel timezone updated to 240 minutes west of GMT
I/ActivityManager(  152): Start proc com.google.android.inputmethod.latin.dictionarypack for broadcast com.google.android.inputmethod.latin.dictionarypack/.UpdateHandler: pid=2409 uid=10027 gids={3003, 1015}
I/ActivityThread( 2409): Pub com.android.inputmethod.latin.dictionarypack: com.google.android.inputmethod.latin.dictionarypack.DictionaryProvider
I/EventLogService(  453): Aggregate from 1333769587477 (log), 1333769587477 (data)
I/ServiceDumpSys(  453): dumping service [account]
I/EventLogService(  453): Aggregate from 1333771387603 (log), 1333771387603 (data)
I/ServiceDumpSys(  453): dumping service [account]
D/dalvikvm(  453): GC_FOR_ALLOC freed 219K, 7% free 10001K/10695K, paused 34ms
D/dalvikvm(  219): GC_CONCURRENT freed 338K, 12% free 10156K/11527K, paused 2ms+4ms
D/dalvikvm(  152): GC_EXPLICIT freed 886K, 12% free 13449K/15111K, paused 2ms+5ms
I/EventLogService(  453): Aggregate from 1333773187730 (log), 1333773187730 (data)
I/ServiceDumpSys(  453): dumping service [account]
I/EventLogService(  453): Aggregate from 1333774987917 (log), 1333774987917 (data)
I/ServiceDumpSys(  453): dumping service [account]
I/SystemUpdateService(  453): download in progress: [id: 12 compl: false succ: false bytes: 0 reason: 0 fn: null]
I/SystemUpdateService(  453): download took too long; will cancel and retry
D/dalvikvm(  453): GC_FOR_ALLOC freed 215K, 7% free 10006K/10695K, paused 18ms
V/SystemUpdateService(  453): retry (wakeup: true) in 149900 ms
V/SystemUpdateService(  453): onPostExecute: false
I/SystemUpdateService(  453): starting download of http://android.clients.google.com/packages/ota/google_crespo/hR7QFEtn.zip
V/SystemUpdateService(  453): retry (wakeup: true) in 21599997 ms
I/SystemUpdate.Download(  453): Started a new update download: http://android.clients.google.com/packages/ota/google_crespo/hR7QFEtn.zip (id 13; allowMobile=false)
V/SystemUpdateService(  453): onPostExecute: false
I/DownloadManager(  266): Initiating request for download 13
D/dalvikvm(  266): GC_CONCURRENT freed 361K, 5% free 9313K/9799K, paused 2ms+4ms
W/DownloadManager(  266): Aborting request for download 13: no network connection available
I/EventLogService(  453): Aggregate from 1333776788052 (log), 1333776788052 (data)
I/ServiceDumpSys(  453): dumping service [account]
D/dalvikvm(  453): GC_FOR_ALLOC freed 211K, 7% free 10003K/10695K, paused 34ms
D/dalvikvm(  152): GC_CONCURRENT freed 989K, 11% free 13461K/15111K, paused 3ms+13ms
D/dalvikvm(  219): GC_CONCURRENT freed 331K, 12% free 10211K/11527K, paused 1ms+12ms
I/EventLogService(  453): Aggregate from 1333778588180 (log), 1333778588180 (data)
I/ServiceDumpSys(  453): dumping service [account]
I/EventLogService(  453): Aggregate from 1333780388307 (log), 1333780388307 (data)
I/ServiceDumpSys(  453): dumping service [account]
I/EventLogService(  453): Aggregate from 1333782188443 (log), 1333782188443 (data)
I/ServiceDumpSys(  453): dumping service [account]
D/dalvikvm(  453): GC_FOR_ALLOC freed 225K, 7% free 10000K/10695K, paused 20ms
D/dalvikvm(  152): GC_CONCURRENT freed 998K, 11% free 13459K/15111K, paused 3ms+5ms
I/EventLogService(  453): Aggregate from 1333783988564 (log), 1333783988564 (data)
I/ServiceDumpSys(  453): dumping service [account]
D/dalvikvm(  219): GC_CONCURRENT freed 397K, 12% free 10207K/11527K, paused 2ms+4ms
I/DownloadManager(  266): Initiating request for download 14
W/DownloadManager(  266): Aborting request for download 14: no network connection available
I/EventLogService(  453): Aggregate from 1333785788675 (log), 1333785788675 (data)
I/ServiceDumpSys(  453): dumping service [account]
I/EventLogService(  453): Aggregate from 1333787588806 (log), 1333787588806 (data)
I/ServiceDumpSys(  453): dumping service [account]
D/dalvikvm(  453): GC_FOR_ALLOC freed 225K, 7% free 10001K/10695K, paused 17ms
D/dalvikvm(  152): GC_CONCURRENT freed 988K, 11% free 13461K/15111K, paused 4ms+5ms
I/EventLogService(  453): Aggregate from 1333789388912 (log), 1333789388912 (data)
I/ServiceDumpSys(  453): dumping service [account]
I/EventLogService(  453): Aggregate from 1333791188995 (log), 1333791188995 (data)
I/ServiceDumpSys(  453): dumping service [account]
D/dalvikvm(  219): GC_CONCURRENT freed 391K, 12% free 10214K/11527K, paused 2ms+7ms
I/EventLogService(  453): Aggregate from 1333792989097 (log), 1333792989097 (data)
I/ServiceDumpSys(  453): dumping service [account]
D/dalvikvm(  453): GC_FOR_ALLOC freed 226K, 7% free 10001K/10695K, paused 18ms
D/dalvikvm(  152): GC_CONCURRENT freed 994K, 11% free 13463K/15111K, paused 2ms+5ms
I/EventLogService(  453): Aggregate from 1333794789208 (log), 1333794789208 (data)
I/ServiceDumpSys(  453): dumping service [account]
D/dalvikvm(  315): GC_CONCURRENT freed 420K, 6% free 9497K/10055K, paused 2ms+4ms
I/EventLogService(  453): Aggregate from 1333796589337 (log), 1333796589337 (data)
I/ServiceDumpSys(  453): dumping service [account]
I/SystemUpdateService(  453): download in progress: [id: 13 compl: false succ: false bytes: 0 reason: 0 fn: null]
I/SystemUpdateService(  453): download took too long; will cancel and retry
D/dalvikvm(  453): GC_FOR_ALLOC freed 220K, 7% free 10005K/10695K, paused 21ms
V/SystemUpdateService(  453): retry (wakeup: true) in 209899 ms
V/SystemUpdateService(  453): onPostExecute: false
I/SystemUpdateService(  453): starting download of http://android.clients.google.com/packages/ota/google_crespo/hR7QFEtn.zip
V/SystemUpdateService(  453): retry (wakeup: true) in 21599997 ms
I/SystemUpdate.Download(  453): Started a new update download: http://android.clients.google.com/packages/ota/google_crespo/hR7QFEtn.zip (id 15; allowMobile=false)
V/SystemUpdateService(  453): onPostExecute: false
I/DownloadManager(  266): Initiating request for download 15
W/DownloadManager(  266): Aborting request for download 15: no network connection available
I/EventLogService(  453): Aggregate from 1333798389446 (log), 1333798389446 (data)
I/ServiceDumpSys(  453): dumping service [account]
D/dalvikvm(  453): GC_FOR_ALLOC freed 216K, 7% free 10002K/10695K, paused 18ms
D/dalvikvm(  152): GC_CONCURRENT freed 1002K, 11% free 13475K/15111K, paused 3ms+6ms
D/dalvikvm(  219): GC_CONCURRENT freed 395K, 12% free 10204K/11527K, paused 2ms+3ms
I/EventLogService(  453): Aggregate from 1333800189583 (log), 1333800189583 (data)
I/ServiceDumpSys(  453): dumping service [account]
I/EventLogService(  453): Aggregate from 1333801989692 (log), 1333801989692 (data)
I/ServiceDumpSys(  453): dumping service [account]
I/EventLogService(  453): Aggregate from 1333803789803 (log), 1333803789803 (data)
I/ServiceDumpSys(  453): dumping service [account]
D/dalvikvm(  453): GC_FOR_ALLOC freed 231K, 7% free 10001K/10695K, paused 21ms
D/dalvikvm(  152): GC_CONCURRENT freed 1016K, 11% free 13477K/15111K, paused 3ms+5ms
I/EventLogService(  453): Aggregate from 1333805589924 (log), 1333805589924 (data)
I/ServiceDumpSys(  453): dumping service [account]
D/dalvikvm(  219): GC_CONCURRENT freed 395K, 12% free 10199K/11527K, paused 1ms+4ms
I/EventLogService(  453): Aggregate from 1333807390049 (log), 1333807390049 (data)
I/ServiceDumpSys(  453): dumping service [account]
I/EventLogService(  453): Aggregate from 1333809190181 (log), 1333809190181 (data)
D/dalvikvm(  152): GC_CONCURRENT freed 988K, 11% free 13481K/15111K, paused 3ms+5ms
I/ServiceDumpSys(  453): dumping service [account]
D/dalvikvm(  453): GC_FOR_ALLOC freed 232K, 7% free 10001K/10695K, paused 18ms
D/dalvikvm(  152): GC_EXPLICIT freed 122K, 12% free 13438K/15111K, paused 20ms+7ms
I/EventLogService(  453): Aggregate from 1333810990321 (log), 1333810990321 (data)
I/ServiceDumpSys(  453): dumping service [account]
D/Finsky  (  851): [1] UpdateCheckReceiver.updateCheckIfNecessary: Force checking for available updates.
D/Finsky  (  851): [1] UpdatesAvailableReceiver.onReceive: Received updates available notification
E/Finsky  (  851): [1] UpdatesAvailableReceiver.onReceive: Could not set up current account / dfe api when receiving an updates available broadcast.
D/dalvikvm(  219): GC_CONCURRENT freed 386K, 12% free 10208K/11527K, paused 2ms+3ms
I/EventLogService(  453): Aggregate from 1333812790485 (log), 1333812790485 (data)
I/ServiceDumpSys(  453): dumping service [account]
I/dalvikvm(  219): Jit: resizing JitTable from 4096 to 8192
I/EventLogService(  453): Aggregate from 1333814590611 (log), 1333814590611 (data)
I/ServiceDumpSys(  453): dumping service [account]
D/dalvikvm(  453): GC_FOR_ALLOC freed 234K, 7% free 10001K/10695K, paused 21ms
D/dalvikvm(  152): GC_CONCURRENT freed 961K, 11% free 13481K/15111K, paused 3ms+5ms
I/EventLogService(  453): Aggregate from 1333816390736 (log), 1333816390736 (data)
I/ServiceDumpSys(  453): dumping service [account]
I/EventLogService(  453): Aggregate from 1333818190860 (log), 1333818190860 (data)
I/ServiceDumpSys(  453): dumping service [account]
D/dalvikvm(  453): GC_EXPLICIT freed 185K, 7% free 9983K/10695K, paused 15ms+2ms
I/SystemUpdateService(  453): download in progress: [id: 15 compl: false succ: false bytes: 0 reason: 0 fn: null]
I/SystemUpdateService(  453): download took too long; will cancel and retry
D/dalvikvm(  266): GC_EXPLICIT freed 298K, 6% free 9264K/9799K, paused 2ms+3ms
V/SystemUpdateService(  453): retry (wakeup: true) in 269919 ms
V/SystemUpdateService(  453): onPostExecute: false
I/SystemUpdateService(  453): starting download of http://android.clients.google.com/packages/ota/google_crespo/hR7QFEtn.zip
V/SystemUpdateService(  453): retry (wakeup: true) in 21599998 ms
I/SystemUpdate.Download(  453): Started a new update download: http://android.clients.google.com/packages/ota/google_crespo/hR7QFEtn.zip (id 16; allowMobile=false)
V/SystemUpdateService(  453): onPostExecute: false
D/dalvikvm(  219): GC_CONCURRENT freed 382K, 12% free 10209K/11527K, paused 1ms+4ms
I/DownloadManager(  266): Initiating request for download 16
W/DownloadManager(  266): Aborting request for download 16: no network connection available
D/dalvikvm(  152): GC_CONCURRENT freed 1018K, 11% free 13480K/15111K, paused 2ms+8ms
I/EventLogService(  453): Aggregate from 1333819990982 (log), 1333819990982 (data)
D/dalvikvm(  453): GC_FOR_ALLOC freed 222K, 7% free 10003K/10695K, paused 17ms
I/ServiceDumpSys(  453): dumping service [account]
I/EventLogService(  453): Aggregate from 1333821791103 (log), 1333821791103 (data)
I/ServiceDumpSys(  453): dumping service [account]
I/EventLogService(  453): Aggregate from 1333823591240 (log), 1333823591240 (data)
I/ServiceDumpSys(  453): dumping service [account]
D/dalvikvm(  152): GC_CONCURRENT freed 994K, 11% free 13478K/15111K, paused 2ms+8ms
I/EventLogService(  453): Aggregate from 1333825391385 (log), 1333825391385 (data)
D/dalvikvm(  453): GC_FOR_ALLOC freed 239K, 7% free 10001K/10695K, paused 17ms
I/ServiceDumpSys(  453): dumping service [account]
D/dalvikvm(  219): GC_CONCURRENT freed 388K, 12% free 10207K/11527K, paused 1ms+4ms
I/EventLogService(  453): Aggregate from 1333827191520 (log), 1333827191520 (data)
I/ServiceDumpSys(  453): dumping service [account]
D/dalvikvm(  910): GC_CONCURRENT freed 399K, 6% free 9227K/9735K, paused 12ms+3ms
I/EventLogService(  453): Aggregate from 1333828991673 (log), 1333828991673 (data)
I/ServiceDumpSys(  453): dumping service [account]
D/dalvikvm(  152): GC_CONCURRENT freed 1026K, 11% free 13489K/15111K, paused 4ms+5ms
I/EventLogService(  453): Aggregate from 1333830791787 (log), 1333830791787 (data)
D/dalvikvm(  453): GC_FOR_ALLOC freed 240K, 7% free 10002K/10695K, paused 17ms
I/ServiceDumpSys(  453): dumping service [account]
I/EventLogService(  453): Aggregate from 1333832591915 (log), 1333832591915 (data)
I/ServiceDumpSys(  453): dumping service [account]
D/dalvikvm(  219): GC_CONCURRENT freed 392K, 12% free 10214K/11527K, paused 2ms+4ms
I/EventLogService(  453): Aggregate from 1333834392083 (log), 1333834392083 (data)
I/ServiceDumpSys(  453): dumping service [account]
D/dalvikvm(  152): GC_CONCURRENT freed 1015K, 11% free 13470K/15111K, paused 2ms+6ms
I/EventLogService(  453): Aggregate from 1333836192217 (log), 1333836192217 (data)
D/dalvikvm(  453): GC_FOR_ALLOC freed 240K, 7% free 10001K/10695K, paused 17ms
I/ServiceDumpSys(  453): dumping service [account]
I/EventLogService(  453): Aggregate from 1333837992333 (log), 1333837992333 (data)
I/ServiceDumpSys(  453): dumping service [account]
I/EventLogService(  453): Aggregate from 1333839792497 (log), 1333839792497 (data)
I/ServiceDumpSys(  453): dumping service [account]
I/SystemUpdateService(  453): download in progress: [id: 16 compl: false succ: false bytes: 0 reason: 0 fn: null]
I/SystemUpdateService(  453): download took too long; will cancel and retry
D/dalvikvm(  453): GC_FOR_ALLOC freed 231K, 7% free 10005K/10695K, paused 17ms
V/SystemUpdateService(  453): retry (wakeup: true) in 329912 ms
V/SystemUpdateService(  453): onPostExecute: false
D/dalvikvm(  219): GC_CONCURRENT freed 396K, 12% free 10215K/11527K, paused 2ms+7ms
D/dalvikvm(  152): GC_CONCURRENT freed 990K, 11% free 13469K/15111K, paused 2ms+5ms
I/SystemUpdateService(  453): starting download of http://android.clients.google.com/packages/ota/google_crespo/hR7QFEtn.zip
V/SystemUpdateService(  453): retry (wakeup: true) in 21599996 ms
I/SystemUpdate.Download(  453): Started a new update download: http://android.clients.google.com/packages/ota/google_crespo/hR7QFEtn.zip (id 17; allowMobile=false)
V/SystemUpdateService(  453): onPostExecute: false
I/DownloadManager(  266): Initiating request for download 17
W/DownloadManager(  266): Aborting request for download 17: no network connection available
I/EventLogService(  453): Aggregate from 1333841592634 (log), 1333841592634 (data)
D/dalvikvm(  453): GC_FOR_ALLOC freed 220K, 7% free 10001K/10695K, paused 24ms
I/ServiceDumpSys(  453): dumping service [account]
I/EventLogService(  453): Aggregate from 1333843392721 (log), 1333843392721 (data)
I/ServiceDumpSys(  453): dumping service [account]
I/EventLogService(  453): Aggregate from 1333845192877 (log), 1333845192877 (data)
I/ServiceDumpSys(  453): dumping service [account]
D/dalvikvm(  152): GC_CONCURRENT freed 1003K, 11% free 13471K/15111K, paused 4ms+4ms
D/dalvikvm(  152): GC_EXPLICIT freed 196K, 12% free 13430K/15111K, paused 3ms+5ms
I/EventLogService(  453): Aggregate from 1333846992991 (log), 1333846992991 (data)
D/dalvikvm(  453): GC_FOR_ALLOC freed 245K, 7% free 10002K/10695K, paused 20ms
I/ServiceDumpSys(  453): dumping service [account]
D/dalvikvm(  219): GC_CONCURRENT freed 394K, 12% free 10219K/11527K, paused 2ms+5ms
I/EventLogService(  453): Aggregate from 1333848793165 (log), 1333848793165 (data)
I/ServiceDumpSys(  453): dumping service [account]
I/EventLogService(  453): Aggregate from 1333850593310 (log), 1333850593310 (data)
I/ServiceDumpSys(  453): dumping service [account]
D/dalvikvm(  152): GC_CONCURRENT freed 948K, 11% free 13470K/15111K, paused 2ms+8ms
I/EventLogService(  453): Aggregate from 1333852393415 (log), 1333852393415 (data)
D/dalvikvm(  453): GC_FOR_ALLOC freed 248K, 7% free 10002K/10695K, paused 17ms
I/ServiceDumpSys(  453): dumping service [account]
I/EventLogService(  453): Aggregate from 1333854193528 (log), 1333854193528 (data)
I/ServiceDumpSys(  453): dumping service [account]
D/dalvikvm(  219): GC_CONCURRENT freed 400K, 12% free 10212K/11527K, paused 2ms+7ms
D/AlarmManagerService(  152): Kernel timezone updated to 240 minutes west of GMT
I/EventLogService(  453): Aggregate from 1333855993665 (log), 1333855993665 (data)
I/ServiceDumpSys(  453): dumping service [account]
D/dalvikvm(  152): GC_CONCURRENT freed 1012K, 11% free 13485K/15111K, paused 2ms+6ms
I/EventLogService(  453): Aggregate from 1333857793779 (log), 1333857793779 (data)
D/dalvikvm(  453): GC_FOR_ALLOC freed 249K, 7% free 10002K/10695K, paused 17ms
I/ServiceDumpSys(  453): dumping service [account]
I/EventLogService(  453): Aggregate from 1333859593908 (log), 1333859593908 (data)
I/ServiceDumpSys(  453): dumping service [account]
I/EventLogService(  453): Aggregate from 1333861394069 (log), 1333861394069 (data)
I/ServiceDumpSys(  453): dumping service [account]
D/dalvikvm(  219): GC_CONCURRENT freed 399K, 12% free 10214K/11527K, paused 4ms+4ms
I/SystemUpdateService(  453): download in progress: [id: 17 compl: false succ: false bytes: 0 reason: 0 fn: null]
I/SystemUpdateService(  453): download took too long; will cancel and retry
D/dalvikvm(  453): GC_FOR_ALLOC freed 234K, 7% free 10005K/10695K, paused 17ms
V/SystemUpdateService(  453): retry (wakeup: true) in 389904 ms
V/SystemUpdateService(  453): onPostExecute: false
D/dalvikvm(  152): GC_CONCURRENT freed 1054K, 11% free 13481K/15111K, paused 2ms+5ms
I/SystemUpdateService(  453): starting download of http://android.clients.google.com/packages/ota/google_crespo/hR7QFEtn.zip
V/SystemUpdateService(  453): retry (wakeup: true) in 21599997 ms
I/SystemUpdate.Download(  453): Started a new update download: http://android.clients.google.com/packages/ota/google_crespo/hR7QFEtn.zip (id 18; allowMobile=false)
V/SystemUpdateService(  453): onPostExecute: false
I/DownloadManager(  266): Initiating request for download 18
D/dalvikvm(  266): GC_CONCURRENT freed 352K, 5% free 9318K/9799K, paused 4ms+7ms
W/DownloadManager(  266): Aborting request for download 18: no network connection available
I/EventLogService(  453): Aggregate from 1333863194194 (log), 1333863194194 (data)
D/dalvikvm(  453): GC_FOR_ALLOC freed 222K, 7% free 10001K/10695K, paused 16ms
I/ServiceDumpSys(  453): dumping service [account]
I/EventLogService(  453): Aggregate from 1333864994313 (log), 1333864994313 (data)
I/ServiceDumpSys(  453): dumping service [account]
I/EventLogService(  453): Aggregate from 1333866794486 (log), 1333866794486 (data)
I/ServiceDumpSys(  453): dumping service [account]
D/dalvikvm(  152): GC_CONCURRENT freed 1045K, 11% free 13484K/15111K, paused 3ms+9ms
I/EventLogService(  453): Aggregate from 1333868594622 (log), 1333868594622 (data)
D/dalvikvm(  453): GC_FOR_ALLOC freed 253K, 7% free 10001K/10695K, paused 17ms
I/ServiceDumpSys(  453): dumping service [account]
D/dalvikvm(  219): GC_CONCURRENT freed 391K, 12% free 10211K/11527K, paused 1ms+4ms
I/DownloadManager(  266): Initiating request for download 19
W/DownloadManager(  266): Aborting request for download 19: no network connection available
I/EventLogService(  453): Aggregate from 1333870394748 (log), 1333870394748 (data)
I/ServiceDumpSys(  453): dumping service [account]
I/EventLogService(  453): Aggregate from 1333872194899 (log), 1333872194899 (data)
I/ServiceDumpSys(  453): dumping service [account]
D/dalvikvm(  152): GC_CONCURRENT freed 1011K, 11% free 13481K/15111K, paused 2ms+5ms
I/EventLogService(  453): Aggregate from 1333873995028 (log), 1333873995028 (data)
D/dalvikvm(  453): GC_FOR_ALLOC freed 254K, 7% free 10001K/10695K, paused 17ms
I/ServiceDumpSys(  453): dumping service [account]
I/EventLogService(  453): Aggregate from 1333875795170 (log), 1333875795170 (data)
I/ServiceDumpSys(  453): dumping service [account]
D/dalvikvm(  219): GC_CONCURRENT freed 390K, 12% free 10208K/11527K, paused 1ms+7ms
D/dalvikvm( 1143): GC_CONCURRENT freed 429K, 6% free 10129K/10695K, paused 12ms+3ms
I/EventLogService(  453): Aggregate from 1333877595339 (log), 1333877595339 (data)
I/ServiceDumpSys(  453): dumping service [account]
D/dalvikvm(  152): GC_CONCURRENT freed 1001K, 11% free 13482K/15111K, paused 2ms+5ms
I/EventLogService(  453): Aggregate from 1333879395415 (log), 1333879395415 (data)
D/dalvikvm(  453): GC_FOR_ALLOC freed 255K, 7% free 10001K/10695K, paused 16ms
I/ServiceDumpSys(  453): dumping service [account]
I/EventLogService(  453): Aggregate from 1333881195665 (log), 1333881195665 (data)
I/ServiceDumpSys(  453): dumping service [account]
I/EventLogService(  453): Aggregate from 1333882995802 (log), 1333882995802 (data)
I/ServiceDumpSys(  453): dumping service [account]
D/dalvikvm(  219): GC_CONCURRENT freed 390K, 12% free 10208K/11527K, paused 1ms+3ms
D/dalvikvm(  152): GC_CONCURRENT freed 1017K, 11% free 13477K/15111K, paused 3ms+6ms
I/SystemUpdateService(  453): download in progress: [id: 18 compl: false succ: false bytes: 0 reason: 0 fn: null]
I/SystemUpdateService(  453): download took too long; will cancel and retry
D/dalvikvm(  453): GC_FOR_ALLOC freed 241K, 7% free 10003K/10695K, paused 17ms
V/SystemUpdateService(  453): retry (wakeup: true) in 449943 ms
V/SystemUpdateService(  453): onPostExecute: false
I/EventLogService(  453): Aggregate from 1333884795915 (log), 1333884795915 (data)
I/ServiceDumpSys(  453): dumping service [account]
D/dalvikvm(  453): GC_EXPLICIT freed 205K, 7% free 9981K/10695K, paused 3ms+3ms
I/SystemUpdateService(  453): starting download of http://android.clients.google.com/packages/ota/google_crespo/hR7QFEtn.zip
V/SystemUpdateService(  453): retry (wakeup: true) in 21599997 ms
D/dalvikvm(  152): GC_EXPLICIT freed 223K, 12% free 13447K/15111K, paused 2ms+5ms
I/SystemUpdate.Download(  453): Started a new update download: http://android.clients.google.com/packages/ota/google_crespo/hR7QFEtn.zip (id 20; allowMobile=false)
V/SystemUpdateService(  453): onPostExecute: false
I/DownloadManager(  266): Initiating request for download 20
W/DownloadManager(  266): Aborting request for download 20: no network connection available
I/EventLogService(  453): Aggregate from 1333886596028 (log), 1333886596028 (data)
I/ServiceDumpSys(  453): dumping service [account]
I/EventLogService(  453): Aggregate from 1333888396141 (log), 1333888396141 (data)
I/ServiceDumpSys(  453): dumping service [account]
I/EventLogService(  453): Aggregate from 1333890196263 (log), 1333890196263 (data)
D/dalvikvm(  453): GC_FOR_ALLOC freed 277K, 7% free 10003K/10695K, paused 17ms
I/ServiceDumpSys(  453): dumping service [account]
D/dalvikvm(  152): GC_CONCURRENT freed 955K, 11% free 13484K/15111K, paused 3ms+5ms
D/dalvikvm(  219): GC_CONCURRENT freed 390K, 12% free 10208K/11527K, paused 2ms+4ms
I/EventLogService(  453): Aggregate from 1333891996371 (log), 1333891996371 (data)
I/ServiceDumpSys(  453): dumping service [account]
I/EventLogService(  453): Aggregate from 1333893796515 (log), 1333893796515 (data)
I/ServiceDumpSys(  453): dumping service [account]
I/EventLogService(  453): Aggregate from 1333895596618 (log), 1333895596618 (data)
D/dalvikvm(  152): GC_CONCURRENT freed 997K, 11% free 13485K/15111K, paused 3ms+5ms
D/dalvikvm(  453): GC_FOR_ALLOC freed 263K, 7% free 10001K/10695K, paused 34ms
I/ServiceDumpSys(  453): dumping service [account]
I/EventLogService(  453): Aggregate from 1333897396723 (log), 1333897396723 (data)
I/ServiceDumpSys(  453): dumping service [account]
D/dalvikvm(  219): GC_CONCURRENT freed 394K, 12% free 10213K/11527K, paused 2ms+4ms
D/Finsky  (  851): [1] UpdateCheckReceiver.updateCheckIfNecessary: Force checking for available updates.
D/Finsky  (  851): [1] UpdatesAvailableReceiver.onReceive: Received updates available notification
E/Finsky  (  851): [1] UpdatesAvailableReceiver.onReceive: Could not set up current account / dfe api when receiving an updates available broadcast.
D/dalvikvm(  851): GC_CONCURRENT freed 361K, 5% free 9403K/9863K, paused 2ms+2ms
I/EventLogService(  453): Aggregate from 1333899196902 (log), 1333899196902 (data)
I/ServiceDumpSys(  453): dumping service [account]
D/dalvikvm(  152): GC_CONCURRENT freed 995K, 11% free 13498K/15111K, paused 3ms+5ms
I/EventLogService(  453): Aggregate from 1333900997009 (log), 1333900997009 (data)
D/dalvikvm(  453): GC_FOR_ALLOC freed 263K, 7% free 10001K/10695K, paused 17ms
I/ServiceDumpSys(  453): dumping service [account]
I/EventLogService(  453): Aggregate from 1333902797126 (log), 1333902797126 (data)
I/ServiceDumpSys(  453): dumping service [account]
I/EventLogService(  453): Aggregate from 1333904597259 (log), 1333904597259 (data)
I/ServiceDumpSys(  453): dumping service [account]
D/dalvikvm(  219): GC_CONCURRENT freed 392K, 12% free 10212K/11527K, paused 2ms+4ms
D/dalvikvm(  152): GC_CONCURRENT freed 1005K, 11% free 13486K/15111K, paused 2ms+5ms
I/EventLogService(  453): Aggregate from 1333906397371 (log), 1333906397371 (data)
D/dalvikvm(  453): GC_FOR_ALLOC freed 265K, 7% free 10001K/10695K, paused 17ms
I/ServiceDumpSys(  453): dumping service [account]
I/SystemUpdateService(  453): download in progress: [id: 20 compl: false succ: false bytes: 0 reason: 0 fn: null]
I/SystemUpdateService(  453): download took too long; will cancel and retry
V/SystemUpdateService(  453): retry (wakeup: true) in 509873 ms
V/SystemUpdateService(  453): onPostExecute: false
I/SystemUpdateService(  453): starting download of http://android.clients.google.com/packages/ota/google_crespo/hR7QFEtn.zip
D/dalvikvm(  453): GC_FOR_ALLOC freed 192K, 7% free 10001K/10695K, paused 17ms
V/SystemUpdateService(  453): retry (wakeup: true) in 21599970 ms
I/SystemUpdate.Download(  453): Started a new update download: http://android.clients.google.com/packages/ota/google_crespo/hR7QFEtn.zip (id 21; allowMobile=false)
V/SystemUpdateService(  453): onPostExecute: false
I/DownloadManager(  266): Initiating request for download 21
W/DownloadManager(  266): Aborting request for download 21: no network connection available
I/EventLogService(  453): Aggregate from 1333908197477 (log), 1333908197477 (data)
I/ServiceDumpSys(  453): dumping service [account]
I/EventLogService(  453): Aggregate from 1333909997622 (log), 1333909997622 (data)
I/ServiceDumpSys(  453): dumping service [account]
D/dalvikvm(  152): GC_CONCURRENT freed 991K, 11% free 13499K/15111K, paused 3ms+5ms
I/EventLogService(  453): Aggregate from 1333911797743 (log), 1333911797743 (data)
D/dalvikvm(  453): GC_FOR_ALLOC freed 276K, 7% free 10002K/10695K, paused 17ms
I/ServiceDumpSys(  453): dumping service [account]
D/dalvikvm(  219): GC_CONCURRENT freed 398K, 12% free 10213K/11527K, paused 2ms+4ms
I/EventLogService(  453): Aggregate from 1333913597860 (log), 1333913597860 (data)
I/ServiceDumpSys(  453): dumping service [account]
I/EventLogService(  453): Aggregate from 1333915397997 (log), 1333915397997 (data)
I/ServiceDumpSys(  453): dumping service [account]
D/dalvikvm(  152): GC_CONCURRENT freed 999K, 11% free 13495K/15111K, paused 3ms+5ms
I/EventLogService(  453): Aggregate from 1333917198118 (log), 1333917198118 (data)
D/dalvikvm(  453): GC_FOR_ALLOC freed 271K, 7% free 10001K/10695K, paused 17ms
I/ServiceDumpSys(  453): dumping service [account]
I/EventLogService(  453): Aggregate from 1333918998231 (log), 1333918998231 (data)
I/ServiceDumpSys(  453): dumping service [account]
D/dalvikvm(  219): GC_CONCURRENT freed 387K, 12% free 10211K/11527K, paused 1ms+3ms
I/EventLogService(  453): Aggregate from 1333920798376 (log), 1333920798376 (data)
I/ServiceDumpSys(  453): dumping service [account]
D/dalvikvm(  152): GC_CONCURRENT freed 994K, 11% free 13496K/15111K, paused 2ms+4ms
I/EventLogService(  453): Aggregate from 1333922598486 (log), 1333922598486 (data)
D/dalvikvm(  453): GC_FOR_ALLOC freed 272K, 7% free 10001K/10695K, paused 79ms
I/ServiceDumpSys(  453): dumping service [account]
I/power   (  152): *** set_screen_state 1
W/PowerUI (  219): unknown intent: Intent { act=android.intent.action.ACTION_POWER_CONNECTED flg=0x10000010 }
I/WindowManager(  152): Lock screen displayed!
D/PicasaSyncManager(  975): battery info: true
D/SurfaceFlinger(   79): Screen about to return, flinger = 0x19bc918
I/StorageNotification(  219): UMS connection changed to true (media state mounted)
I/StorageNotification(  219): UMS connection changed to true (media state mounted)
D/dalvikvm(  219): GC_CONCURRENT freed 337K, 11% free 10274K/11527K, paused 2ms+16ms
D/dalvikvm(  219): GC_CONCURRENT freed 260K, 10% free 10412K/11527K, paused 2ms+10ms
D/dalvikvm(  219): GC_CONCURRENT freed 393K, 10% free 10434K/11527K, paused 2ms+3ms
D/PicasaSyncManager(  975): battery info: false
D/dalvikvm(  975): GC_CONCURRENT freed 229K, 5% free 9495K/9991K, paused 1ms+3ms
I/StorageNotification(  219): UMS connection changed to false (media state mounted)
D/dalvikvm(  219): GC_CONCURRENT freed 394K, 9% free 10521K/11527K, paused 2ms+3ms
D/dalvikvm(  219): GC_FOR_ALLOC freed 358K, 11% free 10327K/11527K, paused 15ms
D/dalvikvm(  219): GC_FOR_ALLOC freed 364K, 11% free 10324K/11527K, paused 16ms
D/dalvikvm(  219): GC_FOR_ALLOC freed 360K, 11% free 10315K/11527K, paused 16ms
D/dalvikvm(  219): GC_FOR_ALLOC freed 341K, 11% free 10296K/11527K, paused 18ms
D/dalvikvm(  219): GC_CONCURRENT freed 425K, 11% free 10354K/11527K, paused 3ms+3ms
D/PicasaSyncManager(  975): battery info: true
W/PowerUI (  219): unknown intent: Intent { act=android.intent.action.ACTION_POWER_CONNECTED flg=0x10000010 }
D/dalvikvm(  219): GC_CONCURRENT freed 630K, 13% free 10137K/11527K, paused 32ms+2ms
D/dalvikvm(  152): GC_EXPLICIT freed 1044K, 12% free 13347K/15111K, paused 2ms+5ms
I/StorageNotification(  219): UMS connection changed to true (media state mounted)
D/dalvikvm(  266): GC_CONCURRENT freed 414K, 6% free 9313K/9863K, paused 2ms+58ms
I/StorageNotification(  219): UMS connection changed to true (media state mounted)
D/dalvikvm(  219): GC_CONCURRENT freed 232K, 10% free 10403K/11527K, paused 2ms+5ms
D/dalvikvm(  219): GC_CONCURRENT freed 439K, 10% free 10397K/11527K, paused 2ms+2ms
D/dalvikvm(  219): GC_FOR_ALLOC freed 261K, 10% free 10410K/11527K, paused 20ms
D/PhoneStatusBar(  219): disable: < expand icons alerts ticker system_info BACK HOME recent* CLOCK >
W/InputManagerService(  152): Window already focused, ignoring focus gain of: com.android.internal.view.IInputMethodClient$Stub$Proxy@41692748
D/PhoneStatusBar(  219): disable: < expand icons alerts ticker system_info back* home* recent clock* >
I/ActivityManager(  152): START {flg=0x10000000 cmp=com.android.systemui/.usb.UsbStorageActivity bnds=[0,119][480,215]} from pid -1
D/AudioHardware(   82): AudioHardware pcm playback is exiting standby.
D/AudioHardware(   82): openPcmOut_l() mPcmOpenCnt: 0
W/KeyguardViewMediator(  152): verifyUnlock called when not externally disabled
I/UsageStats(  152): Deleting usage file : usage-20120219
D/OpenGLRenderer(  342): Flushing caches (mode 1)
D/dalvikvm(  219): GC_FOR_ALLOC freed 159K, 9% free 10583K/11527K, paused 24ms
I/dalvikvm-heap(  219): Grow heap (frag case) to 10.680MB for 291616-byte allocation
D/dalvikvm(  219): GC_FOR_ALLOC freed 9K, 9% free 10858K/11847K, paused 24ms
D/VoldCmdListener(   73): volume shared /mnt/sdcard ums
D/OpenGLRenderer(  342): Flushing caches (mode 0)
D/libEGL  (  219): loaded /system/lib/egl/libGLES_android.so
D/libEGL  (  219): loaded /vendor/lib/egl/libEGL_POWERVR_SGX540_120.so
D/libEGL  (  219): loaded /vendor/lib/egl/libGLESv1_CM_POWERVR_SGX540_120.so
D/libEGL  (  219): loaded /vendor/lib/egl/libGLESv2_POWERVR_SGX540_120.so
D/OpenGLRenderer(  219): Enabling debug mode 0
I/ActivityManager(  152): Displayed com.android.systemui/.usb.UsbStorageActivity: +602ms (total +5h9m16s428ms)
D/VoldCmdListener(   73): storage users /mnt/sdcard
I/PackageManager(  152): Updating external media status from mounted to unmounted
D/VoldCmdListener(   73): asec list
I/PackageManager(  152): No secure containers on sdcard
W/InputManagerService(  152): Window already focused, ignoring focus gain of: com.android.internal.view.IInputMethodClient$Stub$Proxy@415b00d8
D/VoldCmdListener(   73): storage users /mnt/sdcard
W/ActivityManager(  152): Killing processes unmount media at adjustment 9
W/ActivityManager(  152): Killing ProcessRecord{415af290 1143:com.google.android.apps.maps/10032} (adj 10): unmount media
D/VoldCmdListener(   73): storage users /mnt/sdcard
D/dalvikvm(  152): GC_EXPLICIT freed 502K, 11% free 13491K/15111K, paused 3ms+13ms
I/PackageManager(  152): Updating external media status from unmounted to unmounted
D/VoldCmdListener(   73): volume unmount /mnt/sdcard force
D/Vold    (   73): Volume sdcard state changing 4 (Mounted) -> 5 (Unmounting)
D/MountService(  152): sendStorageIntent Intent { act=android.intent.action.MEDIA_EJECT dat=file:///mnt/sdcard (has extras) }
I/Vold    (   73): /mnt/secure/staging/.android_secure sucessfully unmounted
I/Vold    (   73): /mnt/secure/asec sucessfully unmounted
I/Vold    (   73): /mnt/secure/staging sucessfully unmounted
I/Vold    (   73): /mnt/sdcard unmounted sucessfully
D/Vold    (   73): Volume sdcard state changing 5 (Unmounting) -> 1 (Idle-Unmounted)
I/PackageManager(  152): Updating external media status from unmounted to unmounted
D/MountService(  152): volume state changed for /mnt/sdcard (mounted -> unmounted)
D/VoldCmdListener(   73): volume share /mnt/sdcard ums
D/Vold    (   73): Volume sdcard state changing 1 (Idle-Unmounted) -> 7 (Shared-Unmounted)
I/StorageNotification(  219): Media {/mnt/sdcard} state changed from {mounted} -> {unmounted}
D/MountService(  152): sendStorageIntent Intent { act=android.intent.action.MEDIA_UNMOUNTED dat=file:///mnt/sdcard (has extras) }
D/VoldCmdListener(   73): volume shared /mnt/sdcard ums
D/MediaScannerReceiver(  266): action: android.intent.action.MEDIA_UNMOUNTED path: /mnt/sdcard
W/MountService(  152): Duplicate state transition (unmounted -> unmounted) for /mnt/sdcard
D/MediaScannerReceiver(  266): action: android.intent.action.MEDIA_UNMOUNTED path: /mnt/sdcard
D/MountService(  152): sendStorageIntent Intent { act=android.intent.action.MEDIA_UNMOUNTED dat=file:///mnt/sdcard (has extras) }
D/MountService(  152): volume state changed for /mnt/sdcard (unmounted -> shared)
D/MountService(  152): sendStorageIntent Intent { act=android.intent.action.MEDIA_SHARED dat=file:///mnt/sdcard (has extras) }
D/dalvikvm(  219): GC_FOR_ALLOC freed 26K, 8% free 10940K/11847K, paused 17ms
I/dalvikvm-heap(  219): Grow heap (frag case) to 11.029MB for 291616-byte allocation
D/dalvikvm(  219): GC_FOR_ALLOC freed 5K, 8% free 11219K/12167K, paused 17ms
I/StorageNotification(  219): Media {/mnt/sdcard} state changed from {unmounted} -> {shared}
D/dalvikvm(  219): GC_FOR_ALLOC freed 489K, 10% free 11030K/12167K, paused 17ms
D/dalvikvm(  219): GC_FOR_ALLOC freed 356K, 10% free 11034K/12167K, paused 19ms
D/dalvikvm(  219): GC_FOR_ALLOC freed 506K, 10% free 10977K/12167K, paused 17ms
D/AudioHardware(   82): AudioHardware pcm playback is going to standby.
D/AudioHardware(   82): closePcmOut_l() mPcmOpenCnt: 1
D/dalvikvm(  219): GC_CONCURRENT freed 519K, 10% free 11012K/12167K, paused 13ms+2ms
