D/BackupManagerService(  163): Received broadcast Intent { act=android.intent.action.PACKAGE_REPLACED dat=package:edu.mit.csail.diplomamatrix flg=0x10000010 (has extras) }
V/BackupManagerService(  163): updatePackageParticipantsLocked: edu.mit.csail.diplomamatrix
I/ActivityManager(  163): START {act=android.intent.action.MAIN cat=[android.intent.category.LAUNCHER] flg=0x10000000 cmp=edu.mit.csail.diplomamatrix/.StatusActivity} from pid 1687
I/ActivityManager(  163): Start proc edu.mit.csail.diplomamatrix for activity edu.mit.csail.diplomamatrix/.StatusActivity: pid=1698 uid=10067 gids={1006, 1015, 3003}
W/InputManagerService(  163): Starting input on non-focused client com.android.internal.view.IInputMethodClient$Stub$Proxy@41712ea0 (uid=10029 pid=358)
W/ActivityManager(  163): Activity destroy timeout for ActivityRecord{4156bb50 edu.mit.csail.diplomamatrix/.StatusActivity}
W/InputManagerService(  163): Window already focused, ignoring focus gain of: com.android.internal.view.IInputMethodClient$Stub$Proxy@415a23c0
W/ActivityManager(  163): No content provider found for permission revoke: file:///data/local/tmp/DIPLOMAMatrix.apk
W/ActivityManager(  163): No content provider found for permission revoke: file:///data/local/tmp/DIPLOMAMatrix.apk
I/ActivityManager(  163): Force stopping package edu.mit.csail.diplomamatrix uid=10067
I/ActivityManager(  163): Killing proc 1698:edu.mit.csail.diplomamatrix/10067: force stop
W/ActivityManager(  163): Force removing ActivityRecord{41525e78 edu.mit.csail.diplomamatrix/.StatusActivity}: app died, no saved state
I/WindowManager(  163): WIN DEATH: Window{4158dea8 edu.mit.csail.diplomamatrix/edu.mit.csail.diplomamatrix.StatusActivity paused=false}
W/WindowManager(  163): Force-removing child win Window{416b4340 SurfaceView paused=false} from container Window{4158dea8 edu.mit.csail.diplomamatrix/edu.mit.csail.diplomamatrix.StatusActivity paused=false}
W/WindowManager(  163): Failed looking up window
W/WindowManager(  163): java.lang.IllegalArgumentException: Requested window android.os.BinderProxy@415d1498 does not exist
W/WindowManager(  163): 	at com.android.server.wm.WindowManagerService.windowForClientLocked(WindowManagerService.java:7156)
W/WindowManager(  163): 	at com.android.server.wm.WindowManagerService.windowForClientLocked(WindowManagerService.java:7147)
W/WindowManager(  163): 	at com.android.server.wm.WindowState$DeathRecipient.binderDied(WindowState.java:1529)
W/WindowManager(  163): 	at android.os.BinderProxy.sendDeathNotice(Binder.java:417)
W/WindowManager(  163): 	at dalvik.system.NativeStart.run(Native Method)
I/WindowManager(  163): WIN DEATH: null
I/PackageManager(  163): Package edu.mit.csail.diplomamatrix codePath changed from /data/app/edu.mit.csail.diplomamatrix-2.apk to /data/app/edu.mit.csail.diplomamatrix-1.apk; Retaining data and using new
W/InputManagerService(  163): Got RemoteException sending setActive(false) notification to pid 1698 uid 10067
I/ActivityManager(  163): Force stopping package edu.mit.csail.diplomamatrix uid=10067
W/PackageManager(  163): Code path for pkg : edu.mit.csail.diplomamatrix changing from /data/app/edu.mit.csail.diplomamatrix-2.apk to /data/app/edu.mit.csail.diplomamatrix-1.apk
W/PackageManager(  163): Resource path for pkg : edu.mit.csail.diplomamatrix changing from /data/app/edu.mit.csail.diplomamatrix-2.apk to /data/app/edu.mit.csail.diplomamatrix-1.apk
I/ActivityManager(  163): Force stopping package edu.mit.csail.diplomamatrix uid=10067
D/BackupManagerService(  163): Received broadcast Intent { act=android.intent.action.PACKAGE_REMOVED dat=package:edu.mit.csail.diplomamatrix flg=0x10000010 (has extras) }
D/BackupManagerService(  163): Received broadcast Intent { act=android.intent.action.PACKAGE_ADDED dat=package:edu.mit.csail.diplomamatrix flg=0x10000010 (has extras) }
V/BackupManagerService(  163): updatePackageParticipantsLocked: edu.mit.csail.diplomamatrix
D/BackupManagerService(  163): Received broadcast Intent { act=android.intent.action.PACKAGE_REPLACED dat=package:edu.mit.csail.diplomamatrix flg=0x10000010 (has extras) }
V/BackupManagerService(  163): updatePackageParticipantsLocked: edu.mit.csail.diplomamatrix
I/ActivityManager(  163): START {act=android.intent.action.MAIN cat=[android.intent.category.LAUNCHER] flg=0x10000000 cmp=edu.mit.csail.diplomamatrix/.StatusActivity} from pid 1756
I/ActivityManager(  163): Start proc edu.mit.csail.diplomamatrix for activity edu.mit.csail.diplomamatrix/.StatusActivity: pid=1766 uid=10067 gids={1006, 1015, 3003}
W/InputManagerService(  163): Starting input on non-focused client com.android.internal.view.IInputMethodClient$Stub$Proxy@41712ea0 (uid=10029 pid=358)
W/InputManagerService(  163): Window already focused, ignoring focus gain of: com.android.internal.view.IInputMethodClient$Stub$Proxy@41495a68
W/InputManagerService(  163): Starting input on non-focused client com.android.internal.view.IInputMethodClient$Stub$Proxy@416dccc8 (uid=10067 pid=1766)
I/ActivityManager(  163): No longer want com.android.keychain (pid 1666): hidden #16
I/ActivityManager(  163): Process edu.mit.csail.diplomamatrix (pid 1766) has died.
I/WindowManager(  163): WIN DEATH: Window{416f5478 SurfaceView paused=false}
I/WindowManager(  163): WIN DEATH: Window{416efd70 edu.mit.csail.diplomamatrix/edu.mit.csail.diplomamatrix.StatusActivity paused=false}
W/ActivityManager(  163): No content provider found for permission revoke: file:///data/local/tmp/DIPLOMAMatrix.apk
W/ActivityManager(  163): No content provider found for permission revoke: file:///data/local/tmp/DIPLOMAMatrix.apk
I/ActivityManager(  163): Force stopping package edu.mit.csail.diplomamatrix uid=10067
I/ActivityManager(  163):   Force finishing activity ActivityRecord{41525e78 edu.mit.csail.diplomamatrix/.StatusActivity}
W/ActivityManager(  163): Duplicate finish request for ActivityRecord{41525e78 edu.mit.csail.diplomamatrix/.StatusActivity}
I/PackageManager(  163): Package edu.mit.csail.diplomamatrix codePath changed from /data/app/edu.mit.csail.diplomamatrix-1.apk to /data/app/edu.mit.csail.diplomamatrix-2.apk; Retaining data and using new
I/ActivityManager(  163): Force stopping package edu.mit.csail.diplomamatrix uid=10067
I/ActivityManager(  163):   Force finishing activity ActivityRecord{41525e78 edu.mit.csail.diplomamatrix/.StatusActivity}
W/ActivityManager(  163): Duplicate finish request for ActivityRecord{41525e78 edu.mit.csail.diplomamatrix/.StatusActivity}
W/PackageManager(  163): Code path for pkg : edu.mit.csail.diplomamatrix changing from /data/app/edu.mit.csail.diplomamatrix-1.apk to /data/app/edu.mit.csail.diplomamatrix-2.apk
W/PackageManager(  163): Resource path for pkg : edu.mit.csail.diplomamatrix changing from /data/app/edu.mit.csail.diplomamatrix-1.apk to /data/app/edu.mit.csail.diplomamatrix-2.apk
I/ActivityManager(  163): Force stopping package edu.mit.csail.diplomamatrix uid=10067
I/ActivityManager(  163):   Force finishing activity ActivityRecord{41525e78 edu.mit.csail.diplomamatrix/.StatusActivity}
W/ActivityManager(  163): Duplicate finish request for ActivityRecord{41525e78 edu.mit.csail.diplomamatrix/.StatusActivity}
D/BackupManagerService(  163): Received broadcast Intent { act=android.intent.action.PACKAGE_REMOVED dat=package:edu.mit.csail.diplomamatrix flg=0x10000010 (has extras) }
I/ActivityManager(  163): Start proc com.android.keychain for broadcast com.android.keychain/.KeyChainBroadcastReceiver: pid=1819 uid=1000 gids={1015, 3002, 3001, 3003, 3007}
D/BackupManagerService(  163): Received broadcast Intent { act=android.intent.action.PACKAGE_ADDED dat=package:edu.mit.csail.diplomamatrix flg=0x10000010 (has extras) }
V/BackupManagerService(  163): updatePackageParticipantsLocked: edu.mit.csail.diplomamatrix
D/BackupManagerService(  163): Received broadcast Intent { act=android.intent.action.PACKAGE_REPLACED dat=package:edu.mit.csail.diplomamatrix flg=0x10000010 (has extras) }
V/BackupManagerService(  163): updatePackageParticipantsLocked: edu.mit.csail.diplomamatrix
I/ActivityManager(  163): START {act=android.intent.action.MAIN cat=[android.intent.category.LAUNCHER] flg=0x10000000 cmp=edu.mit.csail.diplomamatrix/.StatusActivity} from pid 1840
I/ActivityManager(  163): Start proc edu.mit.csail.diplomamatrix for activity edu.mit.csail.diplomamatrix/.StatusActivity: pid=1851 uid=10067 gids={1006, 1015, 3003}
W/InputManagerService(  163): Starting input on non-focused client com.android.internal.view.IInputMethodClient$Stub$Proxy@41712ea0 (uid=10029 pid=358)
W/ActivityManager(  163): Activity destroy timeout for ActivityRecord{41525e78 edu.mit.csail.diplomamatrix/.StatusActivity}
W/InputManagerService(  163): Starting input on non-focused client com.android.internal.view.IInputMethodClient$Stub$Proxy@4150c568 (uid=10067 pid=1851)
I/ActivityManager(  163): No longer want com.android.keychain (pid 1819): hidden #16
I/ActivityManager(  163): Process edu.mit.csail.diplomamatrix (pid 1851) has died.
I/WindowManager(  163): WIN DEATH: Window{416d1a50 edu.mit.csail.diplomamatrix/edu.mit.csail.diplomamatrix.StatusActivity paused=false}
W/WindowManager(  163): Force-removing child win Window{41711218 SurfaceView paused=false} from container Window{416d1a50 edu.mit.csail.diplomamatrix/edu.mit.csail.diplomamatrix.StatusActivity paused=false}
W/ActivityManager(  163): No content provider found for permission revoke: file:///data/local/tmp/DIPLOMAMatrix.apk
W/ActivityManager(  163): No content provider found for permission revoke: file:///data/local/tmp/DIPLOMAMatrix.apk
I/ActivityManager(  163): Force stopping package edu.mit.csail.diplomamatrix uid=10067
I/ActivityManager(  163):   Force finishing activity ActivityRecord{4154bc18 edu.mit.csail.diplomamatrix/.StatusActivity}
W/ActivityManager(  163): Duplicate finish request for ActivityRecord{4154bc18 edu.mit.csail.diplomamatrix/.StatusActivity}
I/PackageManager(  163): Package edu.mit.csail.diplomamatrix codePath changed from /data/app/edu.mit.csail.diplomamatrix-2.apk to /data/app/edu.mit.csail.diplomamatrix-1.apk; Retaining data and using new
I/ActivityManager(  163): Force stopping package edu.mit.csail.diplomamatrix uid=10067
I/ActivityManager(  163):   Force finishing activity ActivityRecord{4154bc18 edu.mit.csail.diplomamatrix/.StatusActivity}
W/ActivityManager(  163): Duplicate finish request for ActivityRecord{4154bc18 edu.mit.csail.diplomamatrix/.StatusActivity}
W/PackageManager(  163): Code path for pkg : edu.mit.csail.diplomamatrix changing from /data/app/edu.mit.csail.diplomamatrix-2.apk to /data/app/edu.mit.csail.diplomamatrix-1.apk
W/PackageManager(  163): Resource path for pkg : edu.mit.csail.diplomamatrix changing from /data/app/edu.mit.csail.diplomamatrix-2.apk to /data/app/edu.mit.csail.diplomamatrix-1.apk
I/ActivityManager(  163): Force stopping package edu.mit.csail.diplomamatrix uid=10067
I/ActivityManager(  163):   Force finishing activity ActivityRecord{4154bc18 edu.mit.csail.diplomamatrix/.StatusActivity}
W/ActivityManager(  163): Duplicate finish request for ActivityRecord{4154bc18 edu.mit.csail.diplomamatrix/.StatusActivity}
D/BackupManagerService(  163): Received broadcast Intent { act=android.intent.action.PACKAGE_REMOVED dat=package:edu.mit.csail.diplomamatrix flg=0x10000010 (has extras) }
I/ActivityManager(  163): Start proc com.android.keychain for broadcast com.android.keychain/.KeyChainBroadcastReceiver: pid=1898 uid=1000 gids={1015, 3002, 3001, 3003, 3007}
D/BackupManagerService(  163): Received broadcast Intent { act=android.intent.action.PACKAGE_ADDED dat=package:edu.mit.csail.diplomamatrix flg=0x10000010 (has extras) }
V/BackupManagerService(  163): updatePackageParticipantsLocked: edu.mit.csail.diplomamatrix
D/BackupManagerService(  163): Received broadcast Intent { act=android.intent.action.PACKAGE_REPLACED dat=package:edu.mit.csail.diplomamatrix flg=0x10000010 (has extras) }
V/BackupManagerService(  163): updatePackageParticipantsLocked: edu.mit.csail.diplomamatrix
I/ActivityManager(  163): START {act=android.intent.action.MAIN cat=[android.intent.category.LAUNCHER] flg=0x10000000 cmp=edu.mit.csail.diplomamatrix/.StatusActivity} from pid 1920
I/ActivityManager(  163): Start proc edu.mit.csail.diplomamatrix for activity edu.mit.csail.diplomamatrix/.StatusActivity: pid=1931 uid=10067 gids={1006, 1015, 3003}
W/InputManagerService(  163): Starting input on non-focused client com.android.internal.view.IInputMethodClient$Stub$Proxy@41712ea0 (uid=10029 pid=358)
W/ActivityManager(  163): Activity destroy timeout for ActivityRecord{4154bc18 edu.mit.csail.diplomamatrix/.StatusActivity}
W/InputManagerService(  163): Starting input on non-focused client com.android.internal.view.IInputMethodClient$Stub$Proxy@415dcab0 (uid=10067 pid=1931)
I/ActivityManager(  163): No longer want com.android.keychain (pid 1898): hidden #16
I/ActivityManager(  163): Process edu.mit.csail.diplomamatrix (pid 1931) has died.
I/WindowManager(  163): WIN DEATH: Window{417270b8 SurfaceView paused=false}
I/WindowManager(  163): WIN DEATH: Window{416f5478 edu.mit.csail.diplomamatrix/edu.mit.csail.diplomamatrix.StatusActivity paused=false}
W/ActivityManager(  163): Activity destroy timeout for ActivityRecord{41525e78 edu.mit.csail.diplomamatrix/.StatusActivity}
W/ActivityManager(  163): No content provider found for permission revoke: file:///data/local/tmp/DIPLOMAMatrix.apk
W/ActivityManager(  163): No content provider found for permission revoke: file:///data/local/tmp/DIPLOMAMatrix.apk
I/ActivityManager(  163): Force stopping package edu.mit.csail.diplomamatrix uid=10067
I/PackageManager(  163): Package edu.mit.csail.diplomamatrix codePath changed from /data/app/edu.mit.csail.diplomamatrix-1.apk to /data/app/edu.mit.csail.diplomamatrix-2.apk; Retaining data and using new
I/ActivityManager(  163): Force stopping package edu.mit.csail.diplomamatrix uid=10067
W/PackageManager(  163): Code path for pkg : edu.mit.csail.diplomamatrix changing from /data/app/edu.mit.csail.diplomamatrix-1.apk to /data/app/edu.mit.csail.diplomamatrix-2.apk
W/PackageManager(  163): Resource path for pkg : edu.mit.csail.diplomamatrix changing from /data/app/edu.mit.csail.diplomamatrix-1.apk to /data/app/edu.mit.csail.diplomamatrix-2.apk
I/ActivityManager(  163): Force stopping package edu.mit.csail.diplomamatrix uid=10067
D/BackupManagerService(  163): Received broadcast Intent { act=android.intent.action.PACKAGE_REMOVED dat=package:edu.mit.csail.diplomamatrix flg=0x10000010 (has extras) }
I/ActivityManager(  163): Start proc com.android.keychain for broadcast com.android.keychain/.KeyChainBroadcastReceiver: pid=1977 uid=1000 gids={1015, 3002, 3001, 3003, 3007}
D/BackupManagerService(  163): Received broadcast Intent { act=android.intent.action.PACKAGE_ADDED dat=package:edu.mit.csail.diplomamatrix flg=0x10000010 (has extras) }
V/BackupManagerService(  163): updatePackageParticipantsLocked: edu.mit.csail.diplomamatrix
D/BackupManagerService(  163): Received broadcast Intent { act=android.intent.action.PACKAGE_REPLACED dat=package:edu.mit.csail.diplomamatrix flg=0x10000010 (has extras) }
V/BackupManagerService(  163): updatePackageParticipantsLocked: edu.mit.csail.diplomamatrix
I/ActivityManager(  163): START {act=android.intent.action.MAIN cat=[android.intent.category.LAUNCHER] flg=0x10000000 cmp=edu.mit.csail.diplomamatrix/.StatusActivity} from pid 1999
I/ActivityManager(  163): Start proc edu.mit.csail.diplomamatrix for activity edu.mit.csail.diplomamatrix/.StatusActivity: pid=2010 uid=10067 gids={1006, 1015, 3003}
W/InputManagerService(  163): Starting input on non-focused client com.android.internal.view.IInputMethodClient$Stub$Proxy@41712ea0 (uid=10029 pid=358)
W/InputManagerService(  163): Starting input on non-focused client com.android.internal.view.IInputMethodClient$Stub$Proxy@416c2df0 (uid=10067 pid=2010)
--------- beginning of /dev/log/main
I/CameraSurfaceView( 2010): inside surfaceDestroyed()
I/CameraHardwareSec(   82): int android::CameraHardwareSec::previewThreadWrapper(): calling mSecCamera->stopPreview() and waiting
D/dalvikvm(  358): GC_FOR_ALLOC freed 348K, 33% free 13366K/19911K, paused 57ms
I/CameraSurfaceView( 2010): inside surfaceDestroyed()
I/CameraHardwareSec(   82): void android::CameraHardwareSec::stopPreviewInternal() : preview not running, doing nothing
I/CameraHardwareSec(   82): int android::CameraHardwareSec::previewThreadWrapper(): return from wait
I/CameraHardwareSec(   82): int android::CameraHardwareSec::previewThreadWrapper(): exiting
W/SecCamera(   82): int android::SecCamera::stopPreview(): doing nothing because m_flag_camera_start is zero
W/SecCamera(   82): int android::SecCamera::stopRecord(): doing nothing because m_flag_record_start is zero
I/SecCamera(   82): DeinitCamera: m_cam_fd(29)
I/SecCamera(   82): DeinitCamera: m_cam_fd2(30)
E/CameraHardwareSec(   82): preview window is NULL!
I/CameraService(   82): Destroying camera 0
I/CameraHardwareSec(   82): int android::HAL_camera_device_close(hw_device_t*)
I/SecCamera(   82): DeinitCamera : already deinitialized
W/AudioFlinger(   82): session id 39 not found for pid 82
W/AudioFlinger(   82): session id 40 not found for pid 82
D/dalvikvm(  358): GC_CONCURRENT freed 582K, 30% free 14114K/19911K, paused 2ms+9ms
D/dalvikvm(  358): GC_CONCURRENT freed 160K, 22% free 15547K/19911K, paused 2ms+5ms
D/dalvikvm(  358): GC_FOR_ALLOC freed 4167K, 34% free 13269K/19911K, paused 25ms
D/dalvikvm(  358): GC_FOR_ALLOC freed 3K, 30% free 14022K/19911K, paused 27ms
I/dalvikvm-heap(  358): Grow heap (frag case) to 15.431MB for 1742416-byte allocation
I/ActivityManager(  163): No longer want com.android.keychain (pid 1977): hidden #16
I/StatusActivity( 2010): 1333611232094: inside onDestroy()
D/dalvikvm(  358): GC_CONCURRENT freed 0K, 22% free 15724K/19911K, paused 3ms+6ms
D/dalvikvm(  358): GC_FOR_ALLOC freed 2461K, 30% free 14026K/19911K, paused 21ms
I/Mux     ( 2010): Stop request encountered.
D/Mux     ( 2010): Waiting for VCoreDaemon to stop...
I/VCoreDaemon( 2010): Stop request encountered.
I/VCoreDaemon( 2010): Loop ended, vncDaemon thread exiting
I/StatusActivity( 2010): 1333611232215: no camera to close
I/StatusActivity( 2010): 1333611232215: close everything else
D/dalvikvm(  358): GC_CONCURRENT freed 675K, 25% free 14943K/19911K, paused 1ms+5ms
I/WindowManager(  163): WIN DEATH: Window{416d1a50 edu.mit.csail.diplomamatrix/edu.mit.csail.diplomamatrix.StatusActivity paused=false}
W/WindowManager(  163): Force-removing child win Window{41783740 SurfaceView paused=false} from container Window{416d1a50 edu.mit.csail.diplomamatrix/edu.mit.csail.diplomamatrix.StatusActivity paused=false}
I/ActivityManager(  163): Process edu.mit.csail.diplomamatrix (pid 2010) has died.
D/AndroidRuntime( 2044): 
D/AndroidRuntime( 2044): >>>>>> AndroidRuntime START com.android.internal.os.RuntimeInit <<<<<<
D/AndroidRuntime( 2044): CheckJNI is OFF
D/AndroidRuntime( 2044): Calling main entry com.android.commands.pm.Pm
W/ActivityManager(  163): No content provider found for permission revoke: file:///data/local/tmp/DIPLOMAMatrix.apk
W/ActivityManager(  163): No content provider found for permission revoke: file:///data/local/tmp/DIPLOMAMatrix.apk
I/PackageManager(  163): Removing non-system package:edu.mit.csail.diplomamatrix
I/ActivityManager(  163): Force stopping package edu.mit.csail.diplomamatrix uid=10067
I/ActivityManager(  163):   Force finishing activity ActivityRecord{4154bc18 edu.mit.csail.diplomamatrix/.StatusActivity}
W/ActivityManager(  163): Duplicate finish request for ActivityRecord{4154bc18 edu.mit.csail.diplomamatrix/.StatusActivity}
I/PackageManager(  163): Package edu.mit.csail.diplomamatrix codePath changed from /data/app/edu.mit.csail.diplomamatrix-2.apk to /data/app/edu.mit.csail.diplomamatrix-1.apk; Retaining data and using new
D/dalvikvm(  163): GC_CONCURRENT freed 692K, 11% free 12616K/14151K, paused 2ms+5ms
I/PackageManager(  163): Running dexopt on: edu.mit.csail.diplomamatrix
D/dalvikvm( 2055): DexOpt: load 16ms, verify+opt 127ms
I/ActivityManager(  163): Force stopping package edu.mit.csail.diplomamatrix uid=10067
I/ActivityManager(  163):   Force finishing activity ActivityRecord{4154bc18 edu.mit.csail.diplomamatrix/.StatusActivity}
W/ActivityManager(  163): Duplicate finish request for ActivityRecord{4154bc18 edu.mit.csail.diplomamatrix/.StatusActivity}
W/PackageManager(  163): Code path for pkg : edu.mit.csail.diplomamatrix changing from /data/app/edu.mit.csail.diplomamatrix-2.apk to /data/app/edu.mit.csail.diplomamatrix-1.apk
W/PackageManager(  163): Resource path for pkg : edu.mit.csail.diplomamatrix changing from /data/app/edu.mit.csail.diplomamatrix-2.apk to /data/app/edu.mit.csail.diplomamatrix-1.apk
D/PackageManager(  163): New package installed in /data/app/edu.mit.csail.diplomamatrix-1.apk
I/ActivityManager(  163): Force stopping package edu.mit.csail.diplomamatrix uid=10067
I/ActivityManager(  163):   Force finishing activity ActivityRecord{4154bc18 edu.mit.csail.diplomamatrix/.StatusActivity}
W/ActivityManager(  163): Duplicate finish request for ActivityRecord{4154bc18 edu.mit.csail.diplomamatrix/.StatusActivity}
D/dalvikvm(  358): GC_EXPLICIT freed 1536K, 33% free 13525K/19911K, paused 4ms+6ms
I/RegisteredComponentCache(  345): ComponentInfo: ResolveInfo{41379098 com.android.apps.tag.TagViewer p=0 o=0 m=0x108000}, techs: android.nfc.tech.Ndef, 
D/dalvikvm( 1122): GC_EXPLICIT freed 264K, 5% free 9354K/9799K, paused 2ms+3ms
D/dalvikvm(  163): GC_EXPLICIT freed 452K, 12% free 12521K/14151K, paused 2ms+5ms
D/PackageManager(  163): generateServicesMap(android.accounts.AccountAuthenticator): 3 services unchanged
I/RegisteredComponentCache(  345): ComponentInfo: ResolveInfo{4137a2e0 com.android.apps.tag.TagViewer p=0 o=0 m=0x108000}, techs: android.nfc.tech.Ndef, 
D/PackageManager(  163): generateServicesMap(android.content.SyncAdapter): 14 services unchanged
D/BackupManagerService(  163): Received broadcast Intent { act=android.intent.action.PACKAGE_REMOVED dat=package:edu.mit.csail.diplomamatrix flg=0x10000010 (has extras) }
D/dalvikvm( 1136): GC_FOR_ALLOC freed 172K, 7% free 9186K/9799K, paused 45ms
D/PackageManager(  163): generateServicesMap(android.accounts.AccountAuthenticator): 3 services unchanged
D/PackageManager(  163): generateServicesMap(android.content.SyncAdapter): 14 services unchanged
D/BackupManagerService(  163): Received broadcast Intent { act=android.intent.action.PACKAGE_ADDED dat=package:edu.mit.csail.diplomamatrix flg=0x10000010 (has extras) }
V/BackupManagerService(  163): updatePackageParticipantsLocked: edu.mit.csail.diplomamatrix
I/ActivityManager(  163): Start proc com.android.keychain for broadcast com.android.keychain/.KeyChainBroadcastReceiver: pid=2056 uid=1000 gids={1015, 3002, 3001, 3003, 3007}
D/BackupManagerService(  163): Received broadcast Intent { act=android.intent.action.PACKAGE_REPLACED dat=package:edu.mit.csail.diplomamatrix flg=0x10000010 (has extras) }
V/BackupManagerService(  163): updatePackageParticipantsLocked: edu.mit.csail.diplomamatrix
D/dalvikvm(  163): GC_EXPLICIT freed 611K, 10% free 12788K/14151K, paused 31ms+7ms
D/dalvikvm(  358): GC_FOR_ALLOC freed 1750K, 37% free 12635K/19911K, paused 79ms
D/dalvikvm(  358): GC_CONCURRENT freed 139K, 32% free 13689K/19911K, paused 1ms+9ms
D/AndroidRuntime( 2044): Shutting down VM
D/dalvikvm( 2044): GC_CONCURRENT freed 100K, 83% free 456K/2560K, paused 1ms+0ms
D/jdwp    ( 2044): Got wake-up signal, bailing out of select
D/dalvikvm( 2044): Debugger has detached; object registry had 1 entries
I/AndroidRuntime( 2044): NOTE: attach of thread 'Binder Thread #3' failed
D/dalvikvm(  358): GC_FOR_ALLOC freed 1241K, 33% free 13362K/19911K, paused 31ms
D/dalvikvm(  358): GC_CONCURRENT freed 8K, 27% free 14684K/19911K, paused 2ms+14ms
W/ActivityManager(  163): Activity destroy timeout for ActivityRecord{4154bc18 edu.mit.csail.diplomamatrix/.StatusActivity}
D/AndroidRuntime( 2078): 
D/AndroidRuntime( 2078): >>>>>> AndroidRuntime START com.android.internal.os.RuntimeInit <<<<<<
D/AndroidRuntime( 2078): CheckJNI is OFF
D/dalvikvm(  358): GC_FOR_ALLOC freed 2830K, 35% free 12989K/19911K, paused 44ms
D/dalvikvm(  358): GC_CONCURRENT freed 138K, 29% free 14161K/19911K, paused 2ms+9ms
D/AndroidRuntime( 2078): Calling main entry com.android.commands.am.Am
D/dalvikvm(  358): GC_FOR_ALLOC freed 1197K, 28% free 14400K/19911K, paused 49ms
I/ActivityManager(  163): START {act=android.intent.action.MAIN cat=[android.intent.category.LAUNCHER] flg=0x10000000 cmp=edu.mit.csail.diplomamatrix/.StatusActivity} from pid 2078
D/AndroidRuntime( 2078): Shutting down VM
D/dalvikvm( 2078): GC_CONCURRENT freed 102K, 81% free 486K/2560K, paused 1ms+2ms
D/jdwp    ( 2078): Got wake-up signal, bailing out of select
D/dalvikvm( 2078): Debugger has detached; object registry had 1 entries
I/AndroidRuntime( 2078): NOTE: attach of thread 'Binder Thread #3' failed
D/dalvikvm(  358): GC_FOR_ALLOC freed 3K, 25% free 14973K/19911K, paused 94ms
D/dalvikvm( 2089): Late-enabling CheckJNI
I/ActivityManager(  163): Start proc edu.mit.csail.diplomamatrix for activity edu.mit.csail.diplomamatrix/.StatusActivity: pid=2089 uid=10067 gids={1006, 1015, 3003}
I/dalvikvm( 2089): Turning on JNI app bug workarounds for target SDK version 4...
D/dalvikvm( 2089): Debugger has detached; object registry had 1 entries
D/OpenGLRenderer(  358): Flushing caches (mode 1)
I/StatusActivity( 2089): 1333611243025: *** Opened log file for writing ***
I/StatusActivity( 2089): 1333611243025: Android build: Nexus S
I/StatusActivity( 2089): 1333611243026: NET_NAME set to: wlan0
I/StatusActivity( 2089): 1333611243026: starting Mux with id = -1
I/StatusActivity( 2089): 1333611243028: areButtonsEnabled --> true
I/StatusActivity( 2089): 1333611243030: *** Application started ***
I/StatusActivity( 2089): 1333611243033: HI I'm in ONRESUME()
I/StatusActivity( 2089): 1333611243036: SAMPLING_DISTANCE : 1, SAMPLING_DURATION : 1000
I/Mux.java( 2089): run() beginning -------------
D/Mux     ( 2089): Mux started
I/StatusActivity( 2089): 1333611243046: ************ GPS turned OFF *************
I/NetworkThread( 2089): Initial socket buffer sizes: 110592 receive, 110592 send
I/NetworkThread( 2089): Set socket buffer sizes to: 221184 receive, 221184 send
I/NetworkThread( 2089): started, local IP address:/192.168.5.1
I/Mux.java's nodeId is( 2089): 5001
I/Mux     ( 2089): starting vncDaemon ........
I/VCoreDaemon( 2089): 1333611243073: Started VCoreDaemon with parameters maxRx = 6 , maxRY= 1, minLongitude = -7110102 , minLatitude = 4236349, regionWidth =17
I/Mux     ( 2089): vncDaemon started
I/VCoreDaemon.java( 2089): onStart() about to stateTransition.........................................................................
I/VCoreDaemon( 2089): 1333611243080: started, mId = 5001
I/VCoreDaemon.java( 2089): inside stateTransition ......................................................................................
I/..... VCoreDaemon.java( 2089): out of bounds
I/VCoreDaemon( 2089): 1333611243081: region (-1, -1) out of bounds, dormant
I/..... VCoreDaemon.java( 2089): ends xxxxxxxxxxxxxxxxxxxxxxxxxxxxxxxxxxxxxxxxxxx
V/PhoneStatusBar(  229): setLightsOn(true)
I/CameraSurfaceView( 2089): inside surfaceCreated()
I/CameraSurfaceView( 2089): opening Camera.open()
I/CameraService(   82): Opening camera 0
I/CameraHardwareSec(   82): int android::HAL_camera_device_open(const hw_module_t*, const char*, hw_device_t**): open camera 0
E/SecCamera(   82): initCamera: m_cam_fd(29), m_jpeg_fd(0)
I/SecCamera(   82): Name of input channel[0] is S5K4ECGX
E/SecCamera(   82): initCamera: m_cam_fd2(30)
I/SecCamera(   82): Name of input channel[0] is S5K4ECGX
I/SecCamera(   82): initCamera : initialized
I/SecCamera(   82): Name of input channel[0] is S5K4ECGX
I/CameraHardwareSec(   82): int android::HAL_camera_device_open(const hw_module_t*, const char*, hw_device_t**): opened camera 0 (0x1e73ef8)
I/AwesomePlayer(   82): setDataSource_l('/system/media/audio/ui/camera_click.ogg')
I/CameraHardwareSec(   82): int android::CameraHardwareSec::previewThreadWrapper(): starting
I/CameraHardwareSec(   82): int android::CameraHardwareSec::previewThreadWrapper(): calling mSecCamera->stopPreview() and waiting
W/SecCamera(   82): int android::SecCamera::stopPreview(): doing nothing because m_flag_camera_start is zero
I/AwesomePlayer(   82): setDataSource_l('/system/media/audio/ui/VideoRecord.ogg')
I/CameraSurfaceView( 2089): opened camera
I/CameraSurfaceView( 2089): inside on surfaceChanged()
D/OpenGLRenderer(  358): Flushing caches (mode 0)
D/CameraHardwareSec(   82): mPreviewHeap(fd(29), size(518400), width(720), height(480))
I/CameraHardwareSec(   82): int android::CameraHardwareSec::previewThreadWrapper(): return from wait
I/ActivityManager(  163): Displayed edu.mit.csail.diplomamatrix/.StatusActivity: +1s89ms
W/InputManagerService(  163): Starting input on non-focused client com.android.internal.view.IInputMethodClient$Stub$Proxy@41712ea0 (uid=10029 pid=358)
D/dalvikvm(  309): GC_CONCURRENT freed 470K, 5% free 10470K/11015K, paused 10ms+5ms
D/dalvikvm( 2089): GC_CONCURRENT freed 136K, 3% free 9330K/9543K, paused 2ms+2ms
I/VCoreDaemon( 2089): 1333611253061: moving from region (-1,-1), to (3,0)
I/VCoreDaemon.java( 2089): inside stateTransition ......................................................................................
I/..... VCoreDaemon.java( 2089): targetState = JOINING
I/VCoreDaemon( 2089): 1333611253062: sending LEADER_REQUEST
I/VCoreDaemon( 2089): 1333611253063: inside sendPacket(Packet p)
I/..... VCoreDaemon.java( 2089): ends xxxxxxxxxxxxxxxxxxxxxxxxxxxxxxxxxxxxxxxxxxx
I/NetworkThread( 2089): 1333611253088: Sending UDP payload: 406
D/AudioHardware(   82): AudioHardware pcm playback is exiting standby.
D/AudioHardware(   82): openPcmOut_l() mPcmOpenCnt: 0
I/VCoreDaemon( 2089): 1333611253363: sending LEADER_REQUEST
I/VCoreDaemon( 2089): 1333611253364: inside sendPacket(Packet p)
I/NetworkThread( 2089): 1333611253374: Sending UDP payload: 406
I/VCoreDaemon( 2089): 1333611253665: sending LEADER_REQUEST
I/VCoreDaemon( 2089): 1333611253666: inside sendPacket(Packet p)
I/NetworkThread( 2089): 1333611253682: Sending UDP payload: 406
I/VCoreDaemon( 2089): 1333611253967: sending LEADER_REQUEST
I/VCoreDaemon( 2089): 1333611253968: inside sendPacket(Packet p)
I/NetworkThread( 2089): 1333611253984: Sending UDP payload: 406
I/VCoreDaemon( 2089): 1333611254078: LEADER_REQUEST timed out
I/VCoreDaemon.java( 2089): inside stateTransition ......................................................................................
I/..... VCoreDaemon.java( 2089): targetState = LEADER
D/AudioHardware(   82): AudioHardware pcm playback is going to standby.
D/AudioHardware(   82): closePcmOut_l() mPcmOpenCnt: 1
I/VNC:Cloud( 2089): Request executed: http://hermes5.csail.mit.edu:8212/take/3/0/5001/1333611254078/
I/VCoreDaemon( 2089): 1333611256258: cloud accepted leadership request, no csm data included.
I/..... VCoreDaemon.java( 2089): targetState = LEADER and create new DSMLayer !!!! :D:D:D:D:D
I/VCoreDaemon( 2089): 1333611256265: *** Starting CSM Layer ***
I/VCoreDaemon( 2089): 1333611256269: *** CSM Layer starting with cache disabled ***
I/VCoreDaemon( 2089): 1333611256270: *** CSM Layer starting with forwarding enabled ***
I/VCoreDaemon( 2089): 1333611256322: DSMLayer starting
I/DSMLayer.java( 2089): starting new UserApp ...............................
I/UserApp ( 2089): 1333611256328: UserApp started.
I/UserApp ( 2089): 1333611256330: UserApp for Camera Diploma initialized and waiting for requests.
D/dalvikvm( 2089): GC_CONCURRENT freed 232K, 4% free 9582K/9927K, paused 2ms+3ms
I/VCoreDaemon( 2089): 1333611256572: inside sendPacket(Packet p)
I/NetworkThread( 2089): 1333611256580: Sending UDP payload: 25252
I/VCoreDaemon( 2089): 1333611256587: now fully up as LEADER (id=5001) of (3,0)
I/..... VCoreDaemon.java( 2089): ends xxxxxxxxxxxxxxxxxxxxxxxxxxxxxxxxxxxxxxxxxxx
I/NetworkThread( 2089): 1333611259595: Received UDP payload: 406
I/NetworkThread( 2089): 1333611259888: Received UDP payload: 406
I/NetworkThread( 2089): 1333611260187: Received UDP payload: 406
I/NetworkThread( 2089): 1333611260486: Received UDP payload: 406
W/NetworkStats(  163): dropping UID delta from unknown iface: iface=wlan0 uid=10067 set=FOREGROUND tag=0x0 rxBytes=30054 rxPackets=12 txBytes=27016 txPackets=5 operations=0
I/NetworkThread( 2089): 1333611263531: Received UDP payload: 25252
D/dalvikvm( 2089): GC_CONCURRENT freed 415K, 6% free 9577K/10119K, paused 2ms+1ms
I/StatusActivity( 2089): 1333611265738: canPressButton = TRUE
I/StatusActivity( 2089): 1333611265739: areButtonsEnabled --> false
I/StatusActivity( 2089): 1333611265740: disabling buttons ...
I/StatusActivity( 2089): Inside disableButtonsR
I/StatusActivity( 2089): areButtonsEnabled --> false
I/StatusActivity( 2089): 1333611265748: ** Clicked take picture button **
I/CameraSurfaceView( 2089): inside getCamera()
I/CameraHardwareSec(   82): int android::CameraHardwareSec::previewThreadWrapper(): calling mSecCamera->stopPreview() and waiting
D/AudioHardware(   82): AudioHardware pcm playback is exiting standby.
D/AudioHardware(   82): openPcmOut_l() mPcmOpenCnt: 0
I/SecCamera(   82): int android::fimc_v4l2_querybuf(int, android::fimc_buffer*, v4l2_buf_type) :
I/SecCamera(   82): int android::fimc_v4l2_querybuf(int, android::fimc_buffer*, v4l2_buf_type): buffer->start = 0x43e49000 v4l2_buf.length = 4261248
I/CameraHardwareSec(   82): == Camera Sensor Detect S5K4ECGX - Samsung LSI SOC 5M ==
D/JpegEncoder(   82): encode E
D/JpegEncoder(   82): encode X
D/SecCamera(   82): Shutter speed=33317 us, iso=100
D/SecCamera(   82): AV=3, TV=5, SV=5
D/JpegEncoder(   82): makeExif E
D/JpegEncoder(   82): makeExif X
I/SecCamera(   82): int android::SecCamera::endSnapshot() :
I/SecCamera(   82): munmap():virt. addr 0x43e49000 size = 4261248
D/dalvikvm( 2089): GC_FOR_ALLOC freed 58K, 4% free 9753K/10119K, paused 18ms
I/dalvikvm-heap( 2089): Grow heap (frag case) to 10.684MB for 1141591-byte allocation
D/dalvikvm( 2089): GC_CONCURRENT freed 1K, 4% free 10866K/11271K, paused 1ms+2ms
I/StatusActivity( 2089): 1333611266422: inside HandlePictureStorage onPictureTaken()
D/CameraHardwareSec(   82): mPreviewHeap(fd(29), size(518400), width(720), height(480))
I/CameraHardwareSec(   82): int android::CameraHardwareSec::previewThreadWrapper(): return from wait
I/StatusActivity( 2089): 1333611266910: Picture successfully taken, ORIG BYTE LENGTH = 1141575
D/dalvikvm( 2089): GC_FOR_ALLOC freed 4K, 4% free 10867K/11271K, paused 46ms
I/dalvikvm-heap( 2089): Grow heap (frag case) to 29.433MB for 19660816-byte allocation
D/dalvikvm( 2089): GC_FOR_ALLOC freed 0K, 2% free 30067K/30535K, paused 28ms
D/dalvikvm( 2089): GC_CONCURRENT freed <1K, 2% free 30067K/30535K, paused 2ms+6ms
I/StatusActivity( 2089): 1333611267824: Our new height x width: 240 x 320
I/StatusActivity( 2089): 1333611267825: Show photo from handle my camera take
I/StatusActivity( 2089): 1333611267826: client making photo packet to send to leader for it to save
I/StatusActivity( 2089): 1333611267839: BYTE SIZE AFTER COMPRESSION: 3761
I/StatusActivity( 2089): 1333611267844: about to send my pic
I/StatusActivity( 2089): 1333611267845: I'm a leader, upload/save new photo packet going to mux directly
I/Mux     ( 2089): 1333611267855: Inside mux Packet.CLIENT_REQUEST
I/Mux     ( 2089): 1333611267855: I'm the leader of requesting client, about to process Packet.CLIENT_REQUEST in userApp
I/UserApp ( 2089): 1333611267855: UserApp handling MY region's client request, will send atom packet to REMOTE region's handleDSMRequest
I/UserApp ( 2089): 1333611267856: request is CLIENT_NEW_PHOTO, so send atom packet to myself (remote region = me)
I/VCoreDaemon( 2089): 1333611267856: Sending PROC_REQUEST 10:0 (3,0)->(3,0)
I/VCoreDaemon( 2089): 1333611267857: Dispatching Atom PROC_REQUEST 10:0 (3,0)->(3,0)
I/Mux     ( 2089): 1333611267857: I got a CSM packet at a leader 
I/NetworkThread( 2089): 1333611267862: Sending UDP payload: 4732
I/StatusActivity( 2089): 1333611267862: end of client send picture method
I/VCoreDaemon( 2089): 1333611267867: removed replies before id 0 from sentReplies of size 0
I/UserApp ( 2089): 1333611267873: Inside UPLOAD_PHOTO!!
I/UserApp ( 2089): 1333611267878: my_gpinfo.isSuccess is now (should be true): true
I/UserApp ( 2089): 1333611267879: Region leader successfully uploaded a new photo taken by a client in region. Region leader now display the new photo on its screen (through StatusActivity)
I/VCoreDaemon( 2089): 1333611267886: Received PROC_REQUEST 10:0 (3,0)->(3,0), replying PROC_REPLY 10:0 (3,0)->(3,0)
I/VCoreDaemon( 2089): 1333611267887: Dispatching Atom PROC_REPLY 10:0 (3,0)->(3,0)
I/Mux     ( 2089): 1333611267889: I got a CSM packet at a leader 
I/NetworkThread( 2089): 1333611267891: Sending UDP payload: 949
I/VCoreDaemon( 2089): 1333611267897: Received PROC_REPLY 10:0 (3,0)->(3,0), handing to UserApp
I/UserApp ( 2089): 1333611267897: Now back in orginitator region's leader, precssing handleDSMReply
I/UserApp ( 2089): 1333611267898: Going to and from remote region took latency = 41
I/UserApp ( 2089): 1333611267898: = orig leader sent packet at 1333611267856 ~ received reply at 1333611267897
I/UserApp ( 2089): 1333611267900: Originator Region=3 Leader (for Client=5001) processes remote region's dsm atom reply and will send Packet reply to Originator Client
I/UserApp ( 2089): 1333611267904: reply packet contains the ACK for UPLOAD_PHOTO
I/UserApp ( 2089): 1333611267904: I (the leader) was also the originator client (id = 5001) so I hand the packet to my mux directly, without UDP
I/StatusActivity( 2089): 1333611267903: inside Packet.SERVER_SHOW_NEWPHOTO. I'm a leader showing my nonleader/myself client's new photo
I/StatusActivity( 2089): 1333611267931: I'm a leader and I SUCCEEDED in saving my client's new photo
I/StatusActivity( 2089): 1333611267941: now showing in UI the new photo I just saved ... 
I/StatusActivity( 2089): 1333611267963: inside Packet.CLIENT_UPLOAD_PHOTO_ACK
I/StatusActivity( 2089): 1333611267963: leader upload new photo latency = 118
I/StatusActivity( 2089): 1333611267964: = leader upload start 1333611267845 ~ stop 1333611267963
I/StatusActivity( 2089): 1333611267966: SUCCESS! Client now knows saving photo on its leader succeeded
I/StatusActivity( 2089): Inside _enableButtons
I/StatusActivity( 2089): areButtonsEnabled --> true
W/InputManagerService(  163): Window already focused, ignoring focus gain of: com.android.internal.view.IInputMethodClient$Stub$Proxy@414de1a0
D/AudioHardware(   82): AudioHardware pcm playback is going to standby.
D/AudioHardware(   82): closePcmOut_l() mPcmOpenCnt: 1
D/dalvikvm(  163): GC_CONCURRENT freed 1064K, 12% free 12552K/14151K, paused 30ms+5ms
I/VCoreDaemon( 2089): 1333611273083: inside sendPacket(Packet p)
I/NetworkThread( 2089): 1333611273092: Sending UDP payload: 406
I/NetworkThread( 2089): 1333611274305: Received UDP payload: 406
I/VCoreDaemon( 2089): 1333611286585: leader to cloud hearbeat...
I/VNC:Cloud( 2089): Request executed: http://hermes5.csail.mit.edu:8212/take/3/0/5001/1333611286587/
D/dalvikvm(  325): GC_CONCURRENT freed 436K, 6% free 9503K/10055K, paused 11ms+2ms
W/NetworkStats(  163): dropping UID delta from unknown iface: iface=wlan0 uid=10067 set=FOREGROUND tag=0x0 rxBytes=31885 rxPackets=5 txBytes=6171 txPackets=3 operations=0
I/NetworkThread( 2089): 1333611296565: Received UDP payload: 5728
I/Mux     ( 2089): 1333611296655: GOT CSM_Msg
I/VCoreDaemon( 2089): 1333611296655: nonce 0 heard from src region (2,0)
I/NetworkThread( 2089): 1333611296662: Received UDP payload: 949
I/Mux     ( 2089): 1333611296672: GOT CSM_Msg
I/VCoreDaemon( 2089): 1333611296672: nonce 1 heard from src region (2,0)
I/VCoreDaemon( 2089): 1333611303091: inside sendPacket(Packet p)
I/NetworkThread( 2089): 1333611303104: Sending UDP payload: 406
I/NetworkThread( 2089): 1333611304259: Received UDP payload: 406
I/VCoreDaemon( 2089): 1333611318897: leader to cloud hearbeat...
I/VNC:Cloud( 2089): Request executed: http://hermes5.csail.mit.edu:8212/take/3/0/5001/1333611318898/
I/StatusActivity( 2089): 1333611324123: HI I'm in ONPAUSE()
D/dalvikvm(  358): GC_CONCURRENT freed 4501K, 38% free 12382K/19911K, paused 3ms+9ms
W/IInputConnectionWrapper( 2089): showStatusIcon on inactive InputConnection
W/InputManagerService(  163): Starting input on non-focused client com.android.internal.view.IInputMethodClient$Stub$Proxy@416c5e88 (uid=10067 pid=2089)
D/dalvikvm(  358): GC_FOR_ALLOC freed 350K, 37% free 12549K/19911K, paused 37ms
D/dalvikvm(  358): GC_FOR_ALLOC freed 14K, 32% free 13551K/19911K, paused 22ms
I/CameraSurfaceView( 2089): inside surfaceDestroyed()
I/CameraHardwareSec(   82): int android::CameraHardwareSec::previewThreadWrapper(): calling mSecCamera->stopPreview() and waiting
D/dalvikvm(  358): GC_FOR_ALLOC freed 1239K, 33% free 13364K/19911K, paused 57ms
I/CameraSurfaceView( 2089): inside surfaceDestroyed()
I/CameraHardwareSec(   82): void android::CameraHardwareSec::stopPreviewInternal() : preview not running, doing nothing
I/CameraHardwareSec(   82): int android::CameraHardwareSec::previewThreadWrapper(): return from wait
I/CameraHardwareSec(   82): int android::CameraHardwareSec::previewThreadWrapper(): exiting
W/SecCamera(   82): int android::SecCamera::stopPreview(): doing nothing because m_flag_camera_start is zero
W/SecCamera(   82): int android::SecCamera::stopRecord(): doing nothing because m_flag_record_start is zero
I/SecCamera(   82): DeinitCamera: m_cam_fd(29)
I/SecCamera(   82): DeinitCamera: m_cam_fd2(30)
E/CameraHardwareSec(   82): preview window is NULL!
I/CameraService(   82): Destroying camera 0
I/CameraHardwareSec(   82): int android::HAL_camera_device_close(hw_device_t*)
I/SecCamera(   82): DeinitCamera : already deinitialized
W/AudioFlinger(   82): session id 41 not found for pid 82
W/AudioFlinger(   82): session id 42 not found for pid 82
D/dalvikvm(  358): GC_CONCURRENT freed 7K, 27% free 14687K/19911K, paused 3ms+9ms
D/dalvikvm(  358): GC_FOR_ALLOC freed 3253K, 34% free 13149K/19911K, paused 28ms
D/dalvikvm(  358): GC_FOR_ALLOC freed 593K, 33% free 13502K/19911K, paused 27ms
D/dalvikvm(  358): GC_FOR_ALLOC freed 1058K, 34% free 13267K/19911K, paused 27ms
I/ActivityManager(  163): No longer want com.android.keychain (pid 2056): hidden #16
I/StatusActivity( 2089): 1333611325285: inside onDestroy()
D/dalvikvm(  358): GC_FOR_ALLOC freed 1K, 30% free 14022K/19911K, paused 32ms
I/Mux     ( 2089): Stop request encountered.
I/dalvikvm-heap(  358): Grow heap (frag case) to 15.432MB for 1742416-byte allocation
D/Mux     ( 2089): Waiting for VCoreDaemon to stop...
I/VCoreDaemon( 2089): Stop request encountered.
I/UserApp ( 2089): 1333611325329: UserApp stopped.
I/VCoreDaemon( 2089): 1333611325330: DSMLayer stopped
I/VCoreDaemon( 2089): 1333611325330: serializing DSMLayer to JSON
W/meterizedTypeHandlerMap( 2089): Overriding the existing type handler for {0}
W/meterizedTypeHandlerMap( 2089): Overriding the existing type handler for {0}
D/dalvikvm(  358): GC_CONCURRENT freed 0K, 22% free 15724K/19911K, paused 1ms+5ms
I/StatusActivity( 2089): 1333611325418: no camera to close
I/StatusActivity( 2089): 1333611325423: close everything else
D/dalvikvm(  358): GC_FOR_ALLOC freed 2461K, 30% free 14027K/19911K, paused 22ms
D/dalvikvm(  358): GC_CONCURRENT freed 675K, 25% free 14943K/19911K, paused 2ms+5ms
I/ActivityManager(  163): Process edu.mit.csail.diplomamatrix (pid 2089) has died.
I/WindowManager(  163): WIN DEATH: Window{416f5478 SurfaceView paused=false}
I/WindowManager(  163): WIN DEATH: Window{416ee7b8 edu.mit.csail.diplomamatrix/edu.mit.csail.diplomamatrix.StatusActivity paused=false}
W/NetworkStats(  163): dropping UID delta from unknown iface: iface=wlan0 uid=10067 set=FOREGROUND tag=0x0 rxBytes=7601 rxPackets=4 txBytes=434 txPackets=1 operations=0
D/AndroidRuntime( 2128): 
D/AndroidRuntime( 2128): >>>>>> AndroidRuntime START com.android.internal.os.RuntimeInit <<<<<<
D/AndroidRuntime( 2128): CheckJNI is OFF
D/AndroidRuntime( 2128): Calling main entry com.android.commands.pm.Pm
W/ActivityManager(  163): No content provider found for permission revoke: file:///data/local/tmp/DIPLOMAMatrix.apk
W/ActivityManager(  163): No content provider found for permission revoke: file:///data/local/tmp/DIPLOMAMatrix.apk
D/dalvikvm(  163): GC_CONCURRENT freed 776K, 12% free 12582K/14151K, paused 2ms+5ms
I/PackageManager(  163): Removing non-system package:edu.mit.csail.diplomamatrix
I/ActivityManager(  163): Force stopping package edu.mit.csail.diplomamatrix uid=10067
I/ActivityManager(  163):   Force finishing activity ActivityRecord{41525e78 edu.mit.csail.diplomamatrix/.StatusActivity}
W/ActivityManager(  163): Duplicate finish request for ActivityRecord{41525e78 edu.mit.csail.diplomamatrix/.StatusActivity}
I/PackageManager(  163): Running dexopt on: edu.mit.csail.diplomamatrix
I/PackageManager(  163): Package edu.mit.csail.diplomamatrix codePath changed from /data/app/edu.mit.csail.diplomamatrix-1.apk to /data/app/edu.mit.csail.diplomamatrix-2.apk; Retaining data and using new
D/dalvikvm( 2139): DexOpt: load 16ms, verify+opt 126ms
I/ActivityManager(  163): Force stopping package edu.mit.csail.diplomamatrix uid=10067
I/ActivityManager(  163):   Force finishing activity ActivityRecord{41525e78 edu.mit.csail.diplomamatrix/.StatusActivity}
W/ActivityManager(  163): Duplicate finish request for ActivityRecord{41525e78 edu.mit.csail.diplomamatrix/.StatusActivity}
W/PackageManager(  163): Code path for pkg : edu.mit.csail.diplomamatrix changing from /data/app/edu.mit.csail.diplomamatrix-1.apk to /data/app/edu.mit.csail.diplomamatrix-2.apk
W/PackageManager(  163): Resource path for pkg : edu.mit.csail.diplomamatrix changing from /data/app/edu.mit.csail.diplomamatrix-1.apk to /data/app/edu.mit.csail.diplomamatrix-2.apk
D/PackageManager(  163): New package installed in /data/app/edu.mit.csail.diplomamatrix-2.apk
I/ActivityManager(  163): Force stopping package edu.mit.csail.diplomamatrix uid=10067
I/ActivityManager(  163):   Force finishing activity ActivityRecord{41525e78 edu.mit.csail.diplomamatrix/.StatusActivity}
W/ActivityManager(  163): Duplicate finish request for ActivityRecord{41525e78 edu.mit.csail.diplomamatrix/.StatusActivity}
D/dalvikvm(  358): GC_EXPLICIT freed 1534K, 33% free 13526K/19911K, paused 5ms+5ms
D/dalvikvm( 1122): GC_EXPLICIT freed 264K, 5% free 9354K/9799K, paused 2ms+2ms
I/RegisteredComponentCache(  345): ComponentInfo: ResolveInfo{4137b5a0 com.android.apps.tag.TagViewer p=0 o=0 m=0x108000}, techs: android.nfc.tech.Ndef, 
D/dalvikvm(  345): GC_CONCURRENT freed 295K, 4% free 9111K/9479K, paused 2ms+10ms
D/dalvikvm(  163): GC_EXPLICIT freed 575K, 12% free 12545K/14151K, paused 2ms+4ms
D/PackageManager(  163): generateServicesMap(android.accounts.AccountAuthenticator): 3 services unchanged
I/RegisteredComponentCache(  345): ComponentInfo: ResolveInfo{4134cbf0 com.android.apps.tag.TagViewer p=0 o=0 m=0x108000}, techs: android.nfc.tech.Ndef, 
I/ActivityManager(  163): Start proc com.android.keychain for broadcast com.android.keychain/.KeyChainBroadcastReceiver: pid=2140 uid=1000 gids={1015, 3002, 3001, 3003, 3007}
D/PackageManager(  163): generateServicesMap(android.content.SyncAdapter): 14 services unchanged
D/BackupManagerService(  163): Received broadcast Intent { act=android.intent.action.PACKAGE_REMOVED dat=package:edu.mit.csail.diplomamatrix flg=0x10000010 (has extras) }
D/PackageManager(  163): generateServicesMap(android.accounts.AccountAuthenticator): 3 services unchanged
D/PackageManager(  163): generateServicesMap(android.content.SyncAdapter): 14 services unchanged
D/BackupManagerService(  163): Received broadcast Intent { act=android.intent.action.PACKAGE_ADDED dat=package:edu.mit.csail.diplomamatrix flg=0x10000010 (has extras) }
V/BackupManagerService(  163): updatePackageParticipantsLocked: edu.mit.csail.diplomamatrix
D/BackupManagerService(  163): Received broadcast Intent { act=android.intent.action.PACKAGE_REPLACED dat=package:edu.mit.csail.diplomamatrix flg=0x10000010 (has extras) }
V/BackupManagerService(  163): updatePackageParticipantsLocked: edu.mit.csail.diplomamatrix
D/dalvikvm(  163): GC_EXPLICIT freed 817K, 11% free 12611K/14151K, paused 3ms+7ms
D/AndroidRuntime( 2128): Shutting down VM
D/dalvikvm( 2128): GC_CONCURRENT freed 100K, 83% free 456K/2560K, paused 0ms+0ms
D/jdwp    ( 2128): Got wake-up signal, bailing out of select
D/dalvikvm( 2128): Debugger has detached; object registry had 1 entries
I/AndroidRuntime( 2128): NOTE: attach of thread 'Binder Thread #3' failed
D/dalvikvm( 1176): GC_CONCURRENT freed 425K, 6% free 9068K/9607K, paused 1ms+2ms
D/dalvikvm(  358): GC_FOR_ALLOC freed 1759K, 37% free 12635K/19911K, paused 27ms
D/dalvikvm(  358): GC_FOR_ALLOC freed 1005K, 37% free 12645K/19911K, paused 25ms
D/dalvikvm(  358): GC_CONCURRENT freed 740K, 35% free 13102K/19911K, paused 2ms+5ms
D/dalvikvm(  358): GC_FOR_ALLOC freed 334K, 36% free 12920K/19911K, paused 43ms
D/dalvikvm(  358): GC_CONCURRENT freed 2K, 29% free 14173K/19911K, paused 2ms+13ms
D/AndroidRuntime( 2161): 
D/AndroidRuntime( 2161): >>>>>> AndroidRuntime START com.android.internal.os.RuntimeInit <<<<<<
D/AndroidRuntime( 2161): CheckJNI is OFF
D/dalvikvm(  358): GC_CONCURRENT freed 1875K, 31% free 13919K/19911K, paused 2ms+11ms
D/AndroidRuntime( 2161): Calling main entry com.android.commands.am.Am
I/ActivityManager(  163): START {act=android.intent.action.MAIN cat=[android.intent.category.LAUNCHER] flg=0x10000000 cmp=edu.mit.csail.diplomamatrix/.StatusActivity} from pid 2161
D/AndroidRuntime( 2161): Shutting down VM
D/dalvikvm( 2161): GC_CONCURRENT freed 102K, 81% free 486K/2560K, paused 0ms+1ms
D/jdwp    ( 2161): Got wake-up signal, bailing out of select
D/dalvikvm( 2161): Debugger has detached; object registry had 1 entries
I/AndroidRuntime( 2161): NOTE: attach of thread 'Binder Thread #3' failed
D/dalvikvm( 2172): Late-enabling CheckJNI
