D/AndroidRuntime( 2662): 
D/AndroidRuntime( 2662): >>>>>> AndroidRuntime START com.android.internal.os.RuntimeInit <<<<<<
D/AndroidRuntime( 2662): CheckJNI is OFF
D/AndroidRuntime( 2662): Calling main entry com.android.commands.am.Am
I/ActivityManager(  163): START {act=android.intent.action.MAIN cat=[android.intent.category.LAUNCHER] flg=0x10000000 cmp=edu.mit.csail.diplomamatrix/.StatusActivity} from pid 2662
D/AndroidRuntime( 2662): Shutting down VM
D/dalvikvm( 2662): GC_CONCURRENT freed 102K, 81% free 486K/2560K, paused 0ms+0ms
D/jdwp    ( 2662): Got wake-up signal, bailing out of select
D/dalvikvm( 2662): Debugger has detached; object registry had 1 entries
I/AndroidRuntime( 2662): NOTE: attach of thread 'Binder Thread #3' failed
D/dalvikvm( 2673): Late-enabling CheckJNI
I/ActivityManager(  163): Start proc edu.mit.csail.diplomamatrix for activity edu.mit.csail.diplomamatrix/.StatusActivity: pid=2673 uid=10067 gids={1006, 1015, 3003}
I/dalvikvm( 2673): Turning on JNI app bug workarounds for target SDK version 4...
I/StatusActivity( 2673): 1333612368126: *** Opened log file for writing ***
I/StatusActivity( 2673): 1333612368128: Android build: Nexus S
I/StatusActivity( 2673): 1333612368129: NET_NAME set to: wlan0
I/StatusActivity( 2673): 1333612368130: starting Mux with id = -1
I/StatusActivity( 2673): 1333612368132: areButtonsEnabled --> true
I/Mux.java( 2673): run() beginning -------------
D/Mux     ( 2673): Mux started
I/NetworkThread( 2673): Initial socket buffer sizes: 110592 receive, 110592 send
I/NetworkThread( 2673): Set socket buffer sizes to: 221184 receive, 221184 send
I/NetworkThread( 2673): started, local IP address:/192.168.5.1
I/Mux.java's nodeId is( 2673): 5001
I/Mux     ( 2673): starting vncDaemon ........
I/VCoreDaemon( 2673): 1333612368142: Started VCoreDaemon with parameters maxRx = 6 , maxRY= 1, minLongitude = -7110102 , minLatitude = 4236349, regionWidth =17
I/Mux     ( 2673): vncDaemon started
I/VCoreDaemon.java( 2673): onStart() about to stateTransition.........................................................................
I/VCoreDaemon( 2673): 1333612368144: started, mId = 5001
I/VCoreDaemon.java( 2673): inside stateTransition ......................................................................................
I/..... VCoreDaemon.java( 2673): out of bounds
I/VCoreDaemon( 2673): 1333612368145: region (-1, -1) out of bounds, dormant
I/..... VCoreDaemon.java( 2673): ends xxxxxxxxxxxxxxxxxxxxxxxxxxxxxxxxxxxxxxxxxxx
D/OpenGLRenderer(  358): Flushing caches (mode 1)
I/StatusActivity( 2673): 1333612368155: *** Application started ***
I/StatusActivity( 2673): 1333612368156: HI I'm in ONRESUME()
I/StatusActivity( 2673): 1333612368160: SAMPLING_DISTANCE : 1, SAMPLING_DURATION : 1000
I/StatusActivity( 2673): 1333612368168: ************ GPS turned OFF *************
V/PhoneStatusBar(  229): setLightsOn(true)
D/OpenGLRenderer(  358): Flushing caches (mode 0)
I/CameraSurfaceView( 2673): inside surfaceCreated()
I/CameraSurfaceView( 2673): opening Camera.open()
I/CameraService(   82): Opening camera 0
I/CameraHardwareSec(   82): int android::HAL_camera_device_open(const hw_module_t*, const char*, hw_device_t**): open camera 0
E/SecCamera(   82): initCamera: m_cam_fd(29), m_jpeg_fd(0)
I/SecCamera(   82): Name of input channel[0] is S5K4ECGX
E/SecCamera(   82): initCamera: m_cam_fd2(30)
I/SecCamera(   82): Name of input channel[0] is S5K4ECGX
I/SecCamera(   82): initCamera : initialized
I/SecCamera(   82): Name of input channel[0] is S5K4ECGX
I/CameraHardwareSec(   82): int android::HAL_camera_device_open(const hw_module_t*, const char*, hw_device_t**): opened camera 0 (0x1e73ef8)
I/AwesomePlayer(   82): setDataSource_l('/system/media/audio/ui/camera_click.ogg')
I/CameraHardwareSec(   82): int android::CameraHardwareSec::previewThreadWrapper(): starting
I/CameraHardwareSec(   82): int android::CameraHardwareSec::previewThreadWrapper(): calling mSecCamera->stopPreview() and waiting
W/SecCamera(   82): int android::SecCamera::stopPreview(): doing nothing because m_flag_camera_start is zero
I/AwesomePlayer(   82): setDataSource_l('/system/media/audio/ui/VideoRecord.ogg')
I/CameraSurfaceView( 2673): opened camera
I/CameraSurfaceView( 2673): inside on surfaceChanged()
W/ActivityManager(  163): Activity destroy timeout for ActivityRecord{4154bc18 edu.mit.csail.diplomamatrix/.StatusActivity}
D/CameraHardwareSec(   82): mPreviewHeap(fd(29), size(518400), width(720), height(480))
I/CameraHardwareSec(   82): int android::CameraHardwareSec::previewThreadWrapper(): return from wait
I/ActivityManager(  163): Displayed edu.mit.csail.diplomamatrix/.StatusActivity: +1s117ms
D/dalvikvm( 2673): GC_CONCURRENT freed 138K, 3% free 9384K/9607K, paused 3ms+2ms
D/dalvikvm( 2673): GC_FOR_ALLOC freed 2K, 3% free 9673K/9927K, paused 14ms
D/dalvikvm( 2673): GC_FOR_ALLOC freed 235K, 6% free 9732K/10247K, paused 13ms
I/NetworkThread( 2673): 1333612429619: Received UDP payload: 406
I/NetworkThread( 2673): 1333612429911: Received UDP payload: 406
I/NetworkThread( 2673): 1333612430209: Received UDP payload: 406
I/NetworkThread( 2673): 1333612430516: Received UDP payload: 406
D/dalvikvm(  325): GC_CONCURRENT freed 419K, 6% free 9502K/10055K, paused 7ms+11ms
D/dalvikvm(  309): GC_CONCURRENT freed 529K, 6% free 10469K/11079K, paused 2ms+3ms
I/VCoreDaemon( 2673): 1333612434185: moving from region (-1,-1), to (2,0)
I/VCoreDaemon.java( 2673): inside stateTransition ......................................................................................
I/..... VCoreDaemon.java( 2673): targetState = JOINING
I/VCoreDaemon( 2673): 1333612434186: sending LEADER_REQUEST
I/VCoreDaemon( 2673): 1333612434187: inside sendPacket(Packet p)
I/NetworkThread( 2673): 1333612434195: Sending UDP payload: 406
I/..... VCoreDaemon.java( 2673): ends xxxxxxxxxxxxxxxxxxxxxxxxxxxxxxxxxxxxxxxxxxx
D/AudioHardware(   82): AudioHardware pcm playback is exiting standby.
D/AudioHardware(   82): openPcmOut_l() mPcmOpenCnt: 0
I/VCoreDaemon( 2673): 1333612434487: sending LEADER_REQUEST
I/VCoreDaemon( 2673): 1333612434488: inside sendPacket(Packet p)
I/NetworkThread( 2673): 1333612434508: Sending UDP payload: 406
I/VCoreDaemon( 2673): 1333612434795: sending LEADER_REQUEST
I/VCoreDaemon( 2673): 1333612434796: inside sendPacket(Packet p)
I/NetworkThread( 2673): 1333612434812: Sending UDP payload: 406
I/VCoreDaemon( 2673): 1333612435100: sending LEADER_REQUEST
I/VCoreDaemon( 2673): 1333612435101: inside sendPacket(Packet p)
I/NetworkThread( 2673): 1333612435118: Sending UDP payload: 406
I/VCoreDaemon( 2673): 1333612435196: LEADER_REQUEST timed out
I/VCoreDaemon.java( 2673): inside stateTransition ......................................................................................
I/..... VCoreDaemon.java( 2673): targetState = LEADER
D/dalvikvm( 2673): GC_CONCURRENT freed 178K, 3% free 10004K/10311K, paused 3ms+3ms
D/AudioHardware(   82): AudioHardware pcm playback is going to standby.
D/AudioHardware(   82): closePcmOut_l() mPcmOpenCnt: 1
I/VNC:Cloud( 2673): Request executed: http://hermes5.csail.mit.edu:8212/take/2/0/5001/1333612435196/
I/VCoreDaemon( 2673): 1333612437553: cloud rejected leadership request or request failed, wait to retry
W/NetworkStats(  163): dropping UID delta from unknown iface: iface=wlan0 uid=10067 set=FOREGROUND tag=0x0 rxBytes=3906 rxPackets=9 txBytes=1736 txPackets=4 operations=0
I/NetworkThread( 2673): 1333612442915: Received UDP payload: 406
I/NetworkThread( 2673): 1333612443171: Received UDP payload: 406
I/NetworkThread( 2673): 1333612443473: Received UDP payload: 406
I/NetworkThread( 2673): 1333612443775: Received UDP payload: 406
I/NetworkThread( 2673): 1333612445609: Received UDP payload: 25252
I/VCoreDaemon( 2673): 1333612447558: been in JOINING state for a while now, start over
I/VCoreDaemon.java( 2673): inside stateTransition ......................................................................................
I/..... VCoreDaemon.java( 2673): targetState = JOINING
I/..... VCoreDaemon.java( 2673): ends xxxxxxxxxxxxxxxxxxxxxxxxxxxxxxxxxxxxxxxxxxx
I/VCoreDaemon( 2673): 1333612447559: sending LEADER_REQUEST
I/VCoreDaemon( 2673): 1333612447560: inside sendPacket(Packet p)
I/NetworkThread( 2673): 1333612447583: Sending UDP payload: 406
I/VCoreDaemon( 2673): 1333612447878: sending LEADER_REQUEST
I/VCoreDaemon( 2673): 1333612447878: inside sendPacket(Packet p)
I/NetworkThread( 2673): 1333612447896: Sending UDP payload: 406
I/VCoreDaemon( 2673): 1333612448183: sending LEADER_REQUEST
I/VCoreDaemon( 2673): 1333612448184: inside sendPacket(Packet p)
I/NetworkThread( 2673): 1333612448200: Sending UDP payload: 406
I/VCoreDaemon( 2673): 1333612448485: sending LEADER_REQUEST
I/VCoreDaemon( 2673): 1333612448486: inside sendPacket(Packet p)
I/NetworkThread( 2673): 1333612448501: Sending UDP payload: 406
I/VCoreDaemon( 2673): 1333612448560: LEADER_REQUEST timed out
I/VCoreDaemon.java( 2673): inside stateTransition ......................................................................................
I/..... VCoreDaemon.java( 2673): targetState = LEADER
I/VNC:Cloud( 2673): Request executed: http://hermes5.csail.mit.edu:8212/take/2/0/5001/1333612448560/
I/VCoreDaemon( 2673): 1333612450671: cloud accepted leadership request, no csm data included.
I/..... VCoreDaemon.java( 2673): targetState = LEADER and create new DSMLayer !!!! :D:D:D:D:D
I/VCoreDaemon( 2673): 1333612450692: *** Starting CSM Layer ***
I/VCoreDaemon( 2673): 1333612450694: *** CSM Layer starting with cache disabled ***
I/VCoreDaemon( 2673): 1333612450694: *** CSM Layer starting with forwarding enabled ***
I/VCoreDaemon( 2673): 1333612450735: DSMLayer starting
I/DSMLayer.java( 2673): starting new UserApp ...............................
I/UserApp ( 2673): 1333612450749: UserApp started.
I/UserApp ( 2673): 1333612450755: UserApp for Camera Diploma initialized and waiting for requests.
D/dalvikvm( 2673): GC_CONCURRENT freed 254K, 4% free 10300K/10631K, paused 2ms+2ms
I/VCoreDaemon( 2673): 1333612451006: inside sendPacket(Packet p)
I/NetworkThread( 2673): 1333612451017: Sending UDP payload: 25252
I/VCoreDaemon( 2673): 1333612451021: now fully up as LEADER (id=5001) of (2,0)
I/..... VCoreDaemon.java( 2673): ends xxxxxxxxxxxxxxxxxxxxxxxxxxxxxxxxxxxxxxxxxxx
I/NetworkThread( 2673): 1333612452663: Received UDP payload: 5354
I/Mux     ( 2673): 1333612452746: GOT CSM_Msg
I/VCoreDaemon( 2673): 1333612452746: nonce 0 heard from src region (1,0)
I/NetworkThread( 2673): 1333612452754: Received UDP payload: 949
I/Mux     ( 2673): 1333612452765: GOT CSM_Msg
I/VCoreDaemon( 2673): 1333612452765: nonce 1 heard from src region (1,0)
D/dalvikvm(  163): JIT code cache reset in 6 ms (1048412 bytes 1/0)
D/dalvikvm(  163): GC_EXPLICIT freed 724K, 11% free 12711K/14151K, paused 3ms+16ms
W/NetworkStats(  163): dropping UID delta from unknown iface: iface=wlan0 uid=10067 set=FOREGROUND tag=0x0 rxBytes=60391 rxPackets=12 txBytes=27016 txPackets=5 operations=0
I/VCoreDaemon( 2673): 1333612458188: inside sendPacket(Packet p)
I/NetworkThread( 2673): 1333612458204: Sending UDP payload: 406
I/StatusActivity( 2673): 1333612460386: canPressButton = TRUE
I/StatusActivity( 2673): 1333612460389: areButtonsEnabled --> false
I/StatusActivity( 2673): 1333612460390: disabling buttons ...
I/StatusActivity( 2673): Inside disableButtonsR
I/StatusActivity( 2673): areButtonsEnabled --> false
I/StatusActivity( 2673): 1333612460390: ** Clicked take picture button **
I/CameraSurfaceView( 2673): inside getCamera()
D/AudioHardware(   82): AudioHardware pcm playback is exiting standby.
D/AudioHardware(   82): openPcmOut_l() mPcmOpenCnt: 0
I/CameraHardwareSec(   82): int android::CameraHardwareSec::previewThreadWrapper(): calling mSecCamera->stopPreview() and waiting
D/dalvikvm( 2673): GC_CONCURRENT freed 472K, 6% free 10242K/10823K, paused 3ms+3ms
I/SecCamera(   82): int android::fimc_v4l2_querybuf(int, android::fimc_buffer*, v4l2_buf_type) :
I/SecCamera(   82): int android::fimc_v4l2_querybuf(int, android::fimc_buffer*, v4l2_buf_type): buffer->start = 0x43cc4000 v4l2_buf.length = 4261248
D/dalvikvm( 2673): GC_FOR_ALLOC freed 6K, 6% free 10236K/10823K, paused 50ms
I/dalvikvm-heap( 2673): Grow heap (frag case) to 10.217MB for 157456-byte allocation
D/dalvikvm( 2673): GC_FOR_ALLOC freed <1K, 6% free 10390K/11015K, paused 15ms
I/CameraHardwareSec(   82): == Camera Sensor Detect S5K4ECGX - Samsung LSI SOC 5M ==
D/JpegEncoder(   82): encode E
D/JpegEncoder(   82): encode X
D/SecCamera(   82): Shutter speed=41647 us, iso=100
D/SecCamera(   82): AV=3, TV=5, SV=5
D/JpegEncoder(   82): makeExif E
D/JpegEncoder(   82): makeExif X
I/SecCamera(   82): int android::SecCamera::endSnapshot() :
I/SecCamera(   82): munmap():virt. addr 0x43cc4000 size = 4261248
D/dalvikvm( 2673): GC_FOR_ALLOC freed 649K, 12% free 9760K/11015K, paused 17ms
I/dalvikvm-heap( 2673): Grow heap (frag case) to 10.373MB for 807445-byte allocation
D/dalvikvm( 2673): GC_CONCURRENT freed <1K, 11% free 10548K/11847K, paused 1ms+2ms
I/StatusActivity( 2673): 1333612461056: inside HandlePictureStorage onPictureTaken()
D/CameraHardwareSec(   82): mPreviewHeap(fd(29), size(518400), width(720), height(480))
I/CameraHardwareSec(   82): int android::CameraHardwareSec::previewThreadWrapper(): return from wait
I/StatusActivity( 2673): 1333612461451: Picture successfully taken, ORIG BYTE LENGTH = 807429
D/dalvikvm( 2673): GC_FOR_ALLOC freed 3K, 11% free 10549K/11847K, paused 40ms
I/dalvikvm-heap( 2673): Grow heap (frag case) to 29.123MB for 19660816-byte allocation
D/dalvikvm( 2673): GC_FOR_ALLOC freed 0K, 5% free 29749K/31111K, paused 15ms
D/dalvikvm( 2673): GC_CONCURRENT freed <1K, 5% free 29749K/31111K, paused 1ms+17ms
I/StatusActivity( 2673): 1333612462250: Our new height x width: 240 x 320
I/StatusActivity( 2673): 1333612462250: Show photo from handle my camera take
I/StatusActivity( 2673): 1333612462252: client making photo packet to send to leader for it to save
I/StatusActivity( 2673): 1333612462264: BYTE SIZE AFTER COMPRESSION: 2537
I/StatusActivity( 2673): 1333612462269: about to send my pic
I/StatusActivity( 2673): 1333612462270: I'm a leader, upload/save new photo packet going to mux directly
I/Mux     ( 2673): 1333612462270: Inside mux Packet.CLIENT_REQUEST
I/Mux     ( 2673): 1333612462270: I'm the leader of requesting client, about to process Packet.CLIENT_REQUEST in userApp
I/UserApp ( 2673): 1333612462270: UserApp handling MY region's client request, will send atom packet to REMOTE region's handleDSMRequest
I/UserApp ( 2673): 1333612462271: request is CLIENT_NEW_PHOTO, so send atom packet to myself (remote region = me)
I/VCoreDaemon( 2673): 1333612462271: Sending PROC_REQUEST 10:0 (2,0)->(2,0)
I/VCoreDaemon( 2673): 1333612462271: Dispatching Atom PROC_REQUEST 10:0 (2,0)->(2,0)
I/Mux     ( 2673): 1333612462273: I got a CSM packet at a leader 
I/NetworkThread( 2673): 1333612462277: Sending UDP payload: 3508
I/StatusActivity( 2673): 1333612462278: end of client send picture method
I/VCoreDaemon( 2673): 1333612462280: removed replies before id 0 from sentReplies of size 0
I/UserApp ( 2673): 1333612462297: Inside UPLOAD_PHOTO!!
I/UserApp ( 2673): 1333612462303: my_gpinfo.isSuccess is now (should be true): true
I/UserApp ( 2673): 1333612462303: Region leader successfully uploaded a new photo taken by a client in region. Region leader now display the new photo on its screen (through StatusActivity)
I/VCoreDaemon( 2673): 1333612462307: Received PROC_REQUEST 10:0 (2,0)->(2,0), replying PROC_REPLY 10:0 (2,0)->(2,0)
I/VCoreDaemon( 2673): 1333612462309: Dispatching Atom PROC_REPLY 10:0 (2,0)->(2,0)
I/Mux     ( 2673): 1333612462312: I got a CSM packet at a leader 
I/NetworkThread( 2673): 1333612462318: Sending UDP payload: 949
I/VCoreDaemon( 2673): 1333612462320: Received PROC_REPLY 10:0 (2,0)->(2,0), handing to UserApp
I/UserApp ( 2673): 1333612462321: Now back in orginitator region's leader, precssing handleDSMReply
I/UserApp ( 2673): 1333612462322: Going to and from remote region took latency = 50
I/UserApp ( 2673): 1333612462322: = orig leader sent packet at 1333612462271 ~ received reply at 1333612462321
I/UserApp ( 2673): 1333612462324: Originator Region=2 Leader (for Client=5001) processes remote region's dsm atom reply and will send Packet reply to Originator Client
I/UserApp ( 2673): 1333612462324: reply packet contains the ACK for UPLOAD_PHOTO
I/UserApp ( 2673): 1333612462325: I (the leader) was also the originator client (id = 5001) so I hand the packet to my mux directly, without UDP
I/StatusActivity( 2673): 1333612462351: inside Packet.SERVER_SHOW_NEWPHOTO. I'm a leader showing my nonleader/myself client's new photo
I/StatusActivity( 2673): 1333612462352: I'm a leader and I SUCCEEDED in saving my client's new photo
I/StatusActivity( 2673): 1333612462361: now showing in UI the new photo I just saved ... 
I/StatusActivity( 2673): 1333612462363: inside Packet.CLIENT_UPLOAD_PHOTO_ACK
I/StatusActivity( 2673): 1333612462364: leader upload new photo latency = 93
I/StatusActivity( 2673): 1333612462364: = leader upload start 1333612462270 ~ stop 1333612462363
I/StatusActivity( 2673): 1333612462365: SUCCESS! Client now knows saving photo on its leader succeeded
I/StatusActivity( 2673): Inside _enableButtons
I/StatusActivity( 2673): areButtonsEnabled --> true
W/InputManagerService(  163): Window already focused, ignoring focus gain of: com.android.internal.view.IInputMethodClient$Stub$Proxy@416ad608
I/NetworkThread( 2673): 1333612462862: Received UDP payload: 406
D/AudioHardware(   82): AudioHardware pcm playback is going to standby.
D/AudioHardware(   82): closePcmOut_l() mPcmOpenCnt: 1
I/VCoreDaemon( 2673): 1333612481025: leader to cloud hearbeat...
I/StatusActivity( 2673): 1333612483167: HI I'm in ONPAUSE()
I/VNC:Cloud( 2673): Request executed: http://hermes5.csail.mit.edu:8212/take/2/0/5001/1333612481026/
W/IInputConnectionWrapper( 2673): showStatusIcon on inactive InputConnection
W/InputManagerService(  163): Starting input on non-focused client com.android.internal.view.IInputMethodClient$Stub$Proxy@41706610 (uid=10067 pid=2673)
I/CameraSurfaceView( 2673): inside surfaceDestroyed()
I/CameraHardwareSec(   82): int android::CameraHardwareSec::previewThreadWrapper(): calling mSecCamera->stopPreview() and waiting
I/CameraSurfaceView( 2673): inside surfaceDestroyed()
I/CameraHardwareSec(   82): void android::CameraHardwareSec::stopPreviewInternal() : preview not running, doing nothing
I/CameraHardwareSec(   82): int android::CameraHardwareSec::previewThreadWrapper(): return from wait
I/CameraHardwareSec(   82): int android::CameraHardwareSec::previewThreadWrapper(): exiting
W/SecCamera(   82): int android::SecCamera::stopPreview(): doing nothing because m_flag_camera_start is zero
W/SecCamera(   82): int android::SecCamera::stopRecord(): doing nothing because m_flag_record_start is zero
I/SecCamera(   82): DeinitCamera: m_cam_fd(29)
I/SecCamera(   82): DeinitCamera: m_cam_fd2(30)
E/CameraHardwareSec(   82): preview window is NULL!
I/CameraService(   82): Destroying camera 0
I/CameraHardwareSec(   82): int android::HAL_camera_device_close(hw_device_t*)
I/SecCamera(   82): DeinitCamera : already deinitialized
W/AudioFlinger(   82): session id 70 not found for pid 82
W/AudioFlinger(   82): session id 71 not found for pid 82
I/ActivityManager(  163): No longer want com.android.keychain (pid 2638): hidden #16
I/StatusActivity( 2673): 1333612483908: inside onDestroy()
I/Mux     ( 2673): Stop request encountered.
D/Mux     ( 2673): Waiting for VCoreDaemon to stop...
I/VCoreDaemon( 2673): Stop request encountered.
I/UserApp ( 2673): 1333612483912: UserApp stopped.
I/VCoreDaemon( 2673): 1333612483913: DSMLayer stopped
I/StatusActivity( 2673): 1333612483913: no camera to close
I/VCoreDaemon( 2673): 1333612483914: serializing DSMLayer to JSON
I/StatusActivity( 2673): 1333612483914: close everything else
W/meterizedTypeHandlerMap( 2673): Overriding the existing type handler for {0}
W/meterizedTypeHandlerMap( 2673): Overriding the existing type handler for {0}
I/ActivityManager(  163): Process edu.mit.csail.diplomamatrix (pid 2673) has died.
I/WindowManager(  163): WIN DEATH: Window{4172f4d8 SurfaceView paused=false}
I/WindowManager(  163): WIN DEATH: Window{416f5478 edu.mit.csail.diplomamatrix/edu.mit.csail.diplomamatrix.StatusActivity paused=false}
W/NetworkStats(  163): dropping UID delta from unknown iface: iface=wlan0 uid=10067 set=FOREGROUND tag=0x0 rxBytes=5381 rxPackets=4 txBytes=4947 txPackets=3 operations=0
D/AndroidRuntime( 2712): 
D/AndroidRuntime( 2712): >>>>>> AndroidRuntime START com.android.internal.os.RuntimeInit <<<<<<
D/AndroidRuntime( 2712): CheckJNI is OFF
D/AndroidRuntime( 2712): Calling main entry com.android.commands.pm.Pm
W/ActivityManager(  163): No content provider found for permission revoke: file:///data/local/tmp/DIPLOMAMatrix.apk
W/ActivityManager(  163): No content provider found for permission revoke: file:///data/local/tmp/DIPLOMAMatrix.apk
I/PackageManager(  163): Removing non-system package:edu.mit.csail.diplomamatrix
I/ActivityManager(  163): Force stopping package edu.mit.csail.diplomamatrix uid=10067
I/ActivityManager(  163):   Force finishing activity ActivityRecord{416a5798 edu.mit.csail.diplomamatrix/.StatusActivity}
W/ActivityManager(  163): Duplicate finish request for ActivityRecord{416a5798 edu.mit.csail.diplomamatrix/.StatusActivity}
D/dalvikvm(  163): GC_CONCURRENT freed 787K, 10% free 12739K/14151K, paused 2ms+5ms
I/PackageManager(  163): Package edu.mit.csail.diplomamatrix codePath changed from /data/app/edu.mit.csail.diplomamatrix-2.apk to /data/app/edu.mit.csail.diplomamatrix-1.apk; Retaining data and using new
I/PackageManager(  163): Running dexopt on: edu.mit.csail.diplomamatrix
D/dalvikvm( 2723): DexOpt: load 20ms, verify+opt 133ms
I/ActivityManager(  163): Force stopping package edu.mit.csail.diplomamatrix uid=10067
I/ActivityManager(  163):   Force finishing activity ActivityRecord{416a5798 edu.mit.csail.diplomamatrix/.StatusActivity}
W/ActivityManager(  163): Duplicate finish request for ActivityRecord{416a5798 edu.mit.csail.diplomamatrix/.StatusActivity}
W/PackageManager(  163): Code path for pkg : edu.mit.csail.diplomamatrix changing from /data/app/edu.mit.csail.diplomamatrix-2.apk to /data/app/edu.mit.csail.diplomamatrix-1.apk
W/PackageManager(  163): Resource path for pkg : edu.mit.csail.diplomamatrix changing from /data/app/edu.mit.csail.diplomamatrix-2.apk to /data/app/edu.mit.csail.diplomamatrix-1.apk
D/PackageManager(  163): New package installed in /data/app/edu.mit.csail.diplomamatrix-1.apk
I/ActivityManager(  163): Force stopping package edu.mit.csail.diplomamatrix uid=10067
I/ActivityManager(  163):   Force finishing activity ActivityRecord{416a5798 edu.mit.csail.diplomamatrix/.StatusActivity}
W/ActivityManager(  163): Duplicate finish request for ActivityRecord{416a5798 edu.mit.csail.diplomamatrix/.StatusActivity}
D/dalvikvm(  358): GC_EXPLICIT freed 754K, 38% free 12368K/19911K, paused 2ms+8ms
D/dalvikvm( 1122): GC_EXPLICIT freed 264K, 5% free 9354K/9799K, paused 3ms+3ms
I/RegisteredComponentCache(  345): ComponentInfo: ResolveInfo{41363f60 com.android.apps.tag.TagViewer p=0 o=0 m=0x108000}, techs: android.nfc.tech.Ndef, 
D/dalvikvm(  163): GC_EXPLICIT freed 571K, 11% free 12665K/14151K, paused 2ms+6ms
D/PackageManager(  163): generateServicesMap(android.accounts.AccountAuthenticator): 3 services unchanged
D/PackageManager(  163): generateServicesMap(android.content.SyncAdapter): 14 services unchanged
D/BackupManagerService(  163): Received broadcast Intent { act=android.intent.action.PACKAGE_REMOVED dat=package:edu.mit.csail.diplomamatrix flg=0x10000010 (has extras) }
D/PackageManager(  163): generateServicesMap(android.accounts.AccountAuthenticator): 3 services unchanged
I/RegisteredComponentCache(  345): ComponentInfo: ResolveInfo{41369028 com.android.apps.tag.TagViewer p=0 o=0 m=0x108000}, techs: android.nfc.tech.Ndef, 
D/PackageManager(  163): generateServicesMap(android.content.SyncAdapter): 14 services unchanged
I/ActivityManager(  163): Start proc com.android.keychain for broadcast com.android.keychain/.KeyChainBroadcastReceiver: pid=2724 uid=1000 gids={1015, 3002, 3001, 3003, 3007}
D/BackupManagerService(  163): Received broadcast Intent { act=android.intent.action.PACKAGE_ADDED dat=package:edu.mit.csail.diplomamatrix flg=0x10000010 (has extras) }
V/BackupManagerService(  163): updatePackageParticipantsLocked: edu.mit.csail.diplomamatrix
D/BackupManagerService(  163): Received broadcast Intent { act=android.intent.action.PACKAGE_REPLACED dat=package:edu.mit.csail.diplomamatrix flg=0x10000010 (has extras) }
V/BackupManagerService(  163): updatePackageParticipantsLocked: edu.mit.csail.diplomamatrix
D/dalvikvm(  163): GC_EXPLICIT freed 676K, 9% free 12903K/14151K, paused 9ms+7ms
D/AndroidRuntime( 2712): Shutting down VM
D/dalvikvm( 2712): GC_CONCURRENT freed 100K, 83% free 456K/2560K, paused 0ms+1ms
D/jdwp    ( 2712): Got wake-up signal, bailing out of select
D/dalvikvm( 2712): Debugger has detached; object registry had 1 entries
I/AndroidRuntime( 2712): NOTE: attach of thread 'Binder Thread #3' failed
D/AndroidRuntime( 2746): 
D/AndroidRuntime( 2746): >>>>>> AndroidRuntime START com.android.internal.os.RuntimeInit <<<<<<
D/AndroidRuntime( 2746): CheckJNI is OFF
D/AndroidRuntime( 2746): Calling main entry com.android.commands.am.Am
I/ActivityManager(  163): START {act=android.intent.action.MAIN cat=[android.intent.category.LAUNCHER] flg=0x10000000 cmp=edu.mit.csail.diplomamatrix/.StatusActivity} from pid 2746
D/AndroidRuntime( 2746): Shutting down VM
D/dalvikvm( 2746): GC_CONCURRENT freed 102K, 81% free 486K/2560K, paused 0ms+0ms
D/jdwp    ( 2746): Got wake-up signal, bailing out of select
D/dalvikvm( 2746): Debugger has detached; object registry had 1 entries
I/AndroidRuntime( 2746): NOTE: attach of thread 'Binder Thread #3' failed
D/dalvikvm( 2757): Late-enabling CheckJNI
I/ActivityManager(  163): Start proc edu.mit.csail.diplomamatrix for activity edu.mit.csail.diplomamatrix/.StatusActivity: pid=2757 uid=10067 gids={1006, 1015, 3003}
I/dalvikvm( 2757): Turning on JNI app bug workarounds for target SDK version 4...
D/dalvikvm( 2757): Debugger has detached; object registry had 1 entries
D/OpenGLRenderer(  358): Flushing caches (mode 1)
I/StatusActivity( 2757): 1333612491944: *** Opened log file for writing ***
I/StatusActivity( 2757): 1333612491944: Android build: Nexus S
I/StatusActivity( 2757): 1333612491946: NET_NAME set to: wlan0
I/StatusActivity( 2757): 1333612491946: starting Mux with id = -1
I/StatusActivity( 2757): 1333612491949: areButtonsEnabled --> true
I/Mux.java( 2757): run() beginning -------------
D/Mux     ( 2757): Mux started
I/StatusActivity( 2757): 1333612491959: *** Application started ***
I/StatusActivity( 2757): 1333612491959: HI I'm in ONRESUME()
I/NetworkThread( 2757): Initial socket buffer sizes: 110592 receive, 110592 send
I/NetworkThread( 2757): Set socket buffer sizes to: 221184 receive, 221184 send
I/NetworkThread( 2757): started, local IP address:/192.168.5.1
I/StatusActivity( 2757): 1333612491965: SAMPLING_DISTANCE : 1, SAMPLING_DURATION : 1000
I/StatusActivity( 2757): 1333612491972: ************ GPS turned OFF *************
I/Mux.java's nodeId is( 2757): 5001
I/Mux     ( 2757): starting vncDaemon ........
I/VCoreDaemon( 2757): 1333612491982: Started VCoreDaemon with parameters maxRx = 6 , maxRY= 1, minLongitude = -7110102 , minLatitude = 4236349, regionWidth =17
I/Mux     ( 2757): vncDaemon started
I/VCoreDaemon.java( 2757): onStart() about to stateTransition.........................................................................
I/VCoreDaemon( 2757): 1333612491992: started, mId = 5001
I/VCoreDaemon.java( 2757): inside stateTransition ......................................................................................
I/..... VCoreDaemon.java( 2757): out of bounds
I/VCoreDaemon( 2757): 1333612491993: region (-1, -1) out of bounds, dormant
I/..... VCoreDaemon.java( 2757): ends xxxxxxxxxxxxxxxxxxxxxxxxxxxxxxxxxxxxxxxxxxx
D/OpenGLRenderer(  358): Flushing caches (mode 0)
V/PhoneStatusBar(  229): setLightsOn(true)
I/CameraSurfaceView( 2757): inside surfaceCreated()
I/CameraSurfaceView( 2757): opening Camera.open()
I/CameraService(   82): Opening camera 0
I/CameraHardwareSec(   82): int android::HAL_camera_device_open(const hw_module_t*, const char*, hw_device_t**): open camera 0
E/SecCamera(   82): initCamera: m_cam_fd(29), m_jpeg_fd(0)
I/SecCamera(   82): Name of input channel[0] is S5K4ECGX
E/SecCamera(   82): initCamera: m_cam_fd2(30)
I/SecCamera(   82): Name of input channel[0] is S5K4ECGX
I/SecCamera(   82): initCamera : initialized
I/SecCamera(   82): Name of input channel[0] is S5K4ECGX
I/CameraHardwareSec(   82): int android::HAL_camera_device_open(const hw_module_t*, const char*, hw_device_t**): opened camera 0 (0x1e73ef8)
I/AwesomePlayer(   82): setDataSource_l('/system/media/audio/ui/camera_click.ogg')
I/CameraHardwareSec(   82): int android::CameraHardwareSec::previewThreadWrapper(): starting
I/CameraHardwareSec(   82): int android::CameraHardwareSec::previewThreadWrapper(): calling mSecCamera->stopPreview() and waiting
W/SecCamera(   82): int android::SecCamera::stopPreview(): doing nothing because m_flag_camera_start is zero
I/AwesomePlayer(   82): setDataSource_l('/system/media/audio/ui/VideoRecord.ogg')
I/CameraSurfaceView( 2757): opened camera
I/CameraSurfaceView( 2757): inside on surfaceChanged()
D/CameraHardwareSec(   82): mPreviewHeap(fd(29), size(518400), width(720), height(480))
I/CameraHardwareSec(   82): int android::CameraHardwareSec::previewThreadWrapper(): return from wait
I/ActivityManager(  163): Displayed edu.mit.csail.diplomamatrix/.StatusActivity: +1s163ms
D/dalvikvm( 2757): GC_CONCURRENT freed 144K, 3% free 9326K/9607K, paused 14ms+20ms
W/ActivityManager(  163): Activity destroy timeout for ActivityRecord{416a5798 edu.mit.csail.diplomamatrix/.StatusActivity}
I/VCoreDaemon( 2757): 1333612496658: moving from region (-1,-1), to (3,0)
I/VCoreDaemon.java( 2757): inside stateTransition ......................................................................................
I/..... VCoreDaemon.java( 2757): targetState = JOINING
I/VCoreDaemon( 2757): 1333612496660: sending LEADER_REQUEST
I/VCoreDaemon( 2757): 1333612496661: inside sendPacket(Packet p)
D/AudioHardware(   82): AudioHardware pcm playback is exiting standby.
D/AudioHardware(   82): openPcmOut_l() mPcmOpenCnt: 0
I/..... VCoreDaemon.java( 2757): ends xxxxxxxxxxxxxxxxxxxxxxxxxxxxxxxxxxxxxxxxxxx
I/NetworkThread( 2757): 1333612496700: Sending UDP payload: 406
I/VCoreDaemon( 2757): 1333612496962: sending LEADER_REQUEST
I/VCoreDaemon( 2757): 1333612496963: inside sendPacket(Packet p)
I/NetworkThread( 2757): 1333612496981: Sending UDP payload: 406
I/VCoreDaemon( 2757): 1333612497272: sending LEADER_REQUEST
I/VCoreDaemon( 2757): 1333612497279: inside sendPacket(Packet p)
I/NetworkThread( 2757): 1333612497289: Sending UDP payload: 406
I/VCoreDaemon( 2757): 1333612497580: sending LEADER_REQUEST
I/VCoreDaemon( 2757): 1333612497580: inside sendPacket(Packet p)
I/NetworkThread( 2757): 1333612497581: Sending UDP payload: 406
I/VCoreDaemon( 2757): 1333612497679: LEADER_REQUEST timed out
I/VCoreDaemon.java( 2757): inside stateTransition ......................................................................................
I/..... VCoreDaemon.java( 2757): targetState = LEADER
D/AudioHardware(   82): AudioHardware pcm playback is going to standby.
D/AudioHardware(   82): closePcmOut_l() mPcmOpenCnt: 1
I/VNC:Cloud( 2757): Request executed: http://hermes5.csail.mit.edu:8212/take/3/0/5001/1333612497680/
I/VCoreDaemon( 2757): 1333612499983: cloud accepted leadership request, no csm data included.
I/..... VCoreDaemon.java( 2757): targetState = LEADER and create new DSMLayer !!!! :D:D:D:D:D
I/VCoreDaemon( 2757): 1333612499986: *** Starting CSM Layer ***
I/VCoreDaemon( 2757): 1333612499988: *** CSM Layer starting with cache disabled ***
I/VCoreDaemon( 2757): 1333612499991: *** CSM Layer starting with forwarding enabled ***
I/VCoreDaemon( 2757): 1333612500075: DSMLayer starting
I/DSMLayer.java( 2757): starting new UserApp ...............................
I/UserApp ( 2757): 1333612500076: UserApp started.
I/UserApp ( 2757): 1333612500076: UserApp for Camera Diploma initialized and waiting for requests.
D/dalvikvm( 2757): GC_CONCURRENT freed 288K, 4% free 9564K/9927K, paused 1ms+4ms
I/VCoreDaemon( 2757): 1333612500372: inside sendPacket(Packet p)
I/NetworkThread( 2757): 1333612500377: Sending UDP payload: 25252
I/VCoreDaemon( 2757): 1333612500383: now fully up as LEADER (id=5001) of (3,0)
I/..... VCoreDaemon.java( 2757): ends xxxxxxxxxxxxxxxxxxxxxxxxxxxxxxxxxxxxxxxxxxx
I/NetworkThread( 2757): 1333612502962: Received UDP payload: 406
I/NetworkThread( 2757): 1333612503208: Received UDP payload: 406
I/NetworkThread( 2757): 1333612503505: Received UDP payload: 406
I/NetworkThread( 2757): 1333612503803: Received UDP payload: 406
W/NetworkStats(  163): dropping UID delta from unknown iface: iface=wlan0 uid=10067 set=FOREGROUND tag=0x0 rxBytes=28752 rxPackets=9 txBytes=27016 txPackets=5 operations=0
D/dalvikvm(  325): GC_CONCURRENT freed 433K, 6% free 9504K/10055K, paused 7ms+2ms
I/NetworkThread( 2757): 1333612515023: Received UDP payload: 6356
I/Mux     ( 2757): 1333612515127: GOT CSM_Msg
I/VCoreDaemon( 2757): 1333612515127: nonce 0 heard from src region (4,0)
I/NetworkThread( 2757): 1333612515130: Received UDP payload: 949
I/Mux     ( 2757): 1333612515138: GOT CSM_Msg
I/VCoreDaemon( 2757): 1333612515138: nonce 1 heard from src region (4,0)
D/dalvikvm( 2757): GC_CONCURRENT freed 444K, 6% free 9566K/10119K, paused 1ms+2ms
I/StatusActivity( 2757): 1333612521731: canPressButton = TRUE
I/StatusActivity( 2757): 1333612521732: areButtonsEnabled --> false
I/StatusActivity( 2757): 1333612521733: disabling buttons ...
I/StatusActivity( 2757): Inside disableButtonsR
I/StatusActivity( 2757): areButtonsEnabled --> false
I/StatusActivity( 2757): 1333612521746: ** Clicked take picture button **
I/CameraSurfaceView( 2757): inside getCamera()
I/CameraHardwareSec(   82): int android::CameraHardwareSec::previewThreadWrapper(): calling mSecCamera->stopPreview() and waiting
D/AudioHardware(   82): AudioHardware pcm playback is exiting standby.
D/AudioHardware(   82): openPcmOut_l() mPcmOpenCnt: 0
I/SecCamera(   82): int android::fimc_v4l2_querybuf(int, android::fimc_buffer*, v4l2_buf_type) :
I/SecCamera(   82): int android::fimc_v4l2_querybuf(int, android::fimc_buffer*, v4l2_buf_type): buffer->start = 0x43da4000 v4l2_buf.length = 4261248
I/VCoreDaemon( 2757): 1333612521994: inside sendPacket(Packet p)
I/NetworkThread( 2757): 1333612521996: Sending UDP payload: 406
I/CameraHardwareSec(   82): == Camera Sensor Detect S5K4ECGX - Samsung LSI SOC 5M ==
D/JpegEncoder(   82): encode E
D/JpegEncoder(   82): encode X
D/SecCamera(   82): Shutter speed=24987 us, iso=50
D/SecCamera(   82): AV=3, TV=5, SV=4
D/JpegEncoder(   82): makeExif E
D/JpegEncoder(   82): makeExif X
I/SecCamera(   82): int android::SecCamera::endSnapshot() :
I/SecCamera(   82): munmap():virt. addr 0x43da4000 size = 4261248
D/dalvikvm( 2757): GC_FOR_ALLOC freed 84K, 4% free 9760K/10119K, paused 19ms
I/dalvikvm-heap( 2757): Grow heap (frag case) to 10.453MB for 891724-byte allocation
D/dalvikvm( 2757): GC_CONCURRENT freed 3K, 4% free 10627K/11015K, paused 1ms+2ms
I/StatusActivity( 2757): 1333612522383: inside HandlePictureStorage onPictureTaken()
D/CameraHardwareSec(   82): mPreviewHeap(fd(29), size(518400), width(720), height(480))
I/CameraHardwareSec(   82): int android::CameraHardwareSec::previewThreadWrapper(): return from wait
I/StatusActivity( 2757): 1333612522755: Picture successfully taken, ORIG BYTE LENGTH = 891708
D/dalvikvm( 2757): GC_FOR_ALLOC freed 3K, 4% free 10628K/11015K, paused 58ms
I/dalvikvm-heap( 2757): Grow heap (frag case) to 29.200MB for 19660816-byte allocation
D/dalvikvm( 2757): GC_FOR_ALLOC freed 0K, 2% free 29828K/30279K, paused 24ms
D/dalvikvm( 2757): GC_CONCURRENT freed <1K, 2% free 29828K/30279K, paused 1ms+10ms
I/StatusActivity( 2757): 1333612523792: Our new height x width: 240 x 320
I/StatusActivity( 2757): 1333612523793: Show photo from handle my camera take
I/StatusActivity( 2757): 1333612523794: client making photo packet to send to leader for it to save
I/StatusActivity( 2757): 1333612523815: BYTE SIZE AFTER COMPRESSION: 2326
I/StatusActivity( 2757): 1333612523822: about to send my pic
I/StatusActivity( 2757): 1333612523822: I'm a leader, upload/save new photo packet going to mux directly
I/Mux     ( 2757): 1333612523823: Inside mux Packet.CLIENT_REQUEST
I/Mux     ( 2757): 1333612523823: I'm the leader of requesting client, about to process Packet.CLIENT_REQUEST in userApp
I/UserApp ( 2757): 1333612523823: UserApp handling MY region's client request, will send atom packet to REMOTE region's handleDSMRequest
I/UserApp ( 2757): 1333612523823: request is CLIENT_NEW_PHOTO, so send atom packet to myself (remote region = me)
I/VCoreDaemon( 2757): 1333612523825: Sending PROC_REQUEST 10:0 (3,0)->(3,0)
I/VCoreDaemon( 2757): 1333612523825: Dispatching Atom PROC_REQUEST 10:0 (3,0)->(3,0)
I/Mux     ( 2757): 1333612523825: I got a CSM packet at a leader 
I/NetworkThread( 2757): 1333612523831: Sending UDP payload: 3297
I/StatusActivity( 2757): 1333612523831: end of client send picture method
I/VCoreDaemon( 2757): 1333612523833: removed replies before id 0 from sentReplies of size 0
I/UserApp ( 2757): 1333612523851: Inside UPLOAD_PHOTO!!
I/UserApp ( 2757): 1333612523856: my_gpinfo.isSuccess is now (should be true): true
I/UserApp ( 2757): 1333612523856: Region leader successfully uploaded a new photo taken by a client in region. Region leader now display the new photo on its screen (through StatusActivity)
I/VCoreDaemon( 2757): 1333612523859: Received PROC_REQUEST 10:0 (3,0)->(3,0), replying PROC_REPLY 10:0 (3,0)->(3,0)
I/VCoreDaemon( 2757): 1333612523862: Dispatching Atom PROC_REPLY 10:0 (3,0)->(3,0)
I/Mux     ( 2757): 1333612523864: I got a CSM packet at a leader 
I/NetworkThread( 2757): 1333612523870: Sending UDP payload: 949
I/VCoreDaemon( 2757): 1333612523882: Received PROC_REPLY 10:0 (3,0)->(3,0), handing to UserApp
I/UserApp ( 2757): 1333612523882: Now back in orginitator region's leader, precssing handleDSMReply
I/UserApp ( 2757): 1333612523883: Going to and from remote region took latency = 58
I/UserApp ( 2757): 1333612523883: = orig leader sent packet at 1333612523824 ~ received reply at 1333612523882
I/UserApp ( 2757): 1333612523887: Originator Region=3 Leader (for Client=5001) processes remote region's dsm atom reply and will send Packet reply to Originator Client
I/UserApp ( 2757): 1333612523887: reply packet contains the ACK for UPLOAD_PHOTO
I/UserApp ( 2757): 1333612523888: I (the leader) was also the originator client (id = 5001) so I hand the packet to my mux directly, without UDP
I/StatusActivity( 2757): 1333612523913: inside Packet.SERVER_SHOW_NEWPHOTO. I'm a leader showing my nonleader/myself client's new photo
I/StatusActivity( 2757): 1333612523915: I'm a leader and I SUCCEEDED in saving my client's new photo
I/StatusActivity( 2757): 1333612523924: now showing in UI the new photo I just saved ... 
I/StatusActivity( 2757): 1333612523925: inside Packet.CLIENT_UPLOAD_PHOTO_ACK
I/StatusActivity( 2757): 1333612523926: leader upload new photo latency = 102
I/StatusActivity( 2757): 1333612523927: = leader upload start 1333612523823 ~ stop 1333612523925
I/StatusActivity( 2757): 1333612523928: SUCCESS! Client now knows saving photo on its leader succeeded
I/StatusActivity( 2757): Inside _enableButtons
I/StatusActivity( 2757): areButtonsEnabled --> true
W/InputManagerService(  163): Window already focused, ignoring focus gain of: com.android.internal.view.IInputMethodClient$Stub$Proxy@415667e0
D/AudioHardware(   82): AudioHardware pcm playback is going to standby.
D/AudioHardware(   82): closePcmOut_l() mPcmOpenCnt: 1
I/NetworkThread( 2757): 1333612528372: Received UDP payload: 406
I/VCoreDaemon( 2757): 1333612530383: leader to cloud hearbeat...
I/VNC:Cloud( 2757): Request executed: http://hermes5.csail.mit.edu:8212/take/3/0/5001/1333612530384/
D/dalvikvm(  163): GC_CONCURRENT freed 1044K, 11% free 12713K/14151K, paused 3ms+5ms
W/NetworkStats(  163): dropping UID delta from unknown iface: iface=wlan0 uid=10067 set=FOREGROUND tag=0x0 rxBytes=12531 rxPackets=6 txBytes=4736 txPackets=3 operations=0
I/VCoreDaemon( 2757): 1333612551995: inside sendPacket(Packet p)
I/NetworkThread( 2757): 1333612552012: Sending UDP payload: 406
D/dalvikvm( 2757): GC_CONCURRENT freed 21034K, 67% free 10847K/32007K, paused 17ms+5ms
D/dalvikvm( 2757): GC_CONCURRENT freed 630K, 67% free 10777K/32007K, paused 2ms+13ms
D/dalvikvm( 2757): GC_CONCURRENT freed 494K, 67% free 10778K/32007K, paused 2ms+4ms
D/dalvikvm( 2757): GC_CONCURRENT freed 534K, 67% free 10791K/32007K, paused 2ms+5ms
D/dalvikvm( 2757): GC_CONCURRENT freed 626K, 67% free 10694K/32007K, paused 2ms+3ms
D/dalvikvm( 2757): GC_CONCURRENT freed 510K, 67% free 10614K/32007K, paused 2ms+14ms
D/dalvikvm( 2757): GC_CONCURRENT freed 265K, 67% free 10849K/32007K, paused 3ms+4ms
D/dalvikvm( 2757): GC_CONCURRENT freed 667K, 67% free 10752K/32007K, paused 3ms+4ms
D/dalvikvm( 2757): GC_CONCURRENT freed 586K, 67% free 10734K/32007K, paused 2ms+4ms
D/dalvikvm( 2757): GC_FOR_ALLOC freed 315K, 67% free 10854K/32007K, paused 28ms
D/dalvikvm( 2757): GC_CONCURRENT freed 455K, 66% free 10893K/32007K, paused 2ms+4ms
D/dalvikvm( 2757): GC_CONCURRENT freed 592K, 66% free 10894K/32007K, paused 2ms+4ms
I/NetworkThread( 2757): 1333612558375: Received UDP payload: 406
I/VCoreDaemon( 2757): 1333612562535: leader to cloud hearbeat...
I/VNC:Cloud( 2757): Request executed: http://hermes5.csail.mit.edu:8212/take/3/0/5001/1333612562536/
D/dalvikvm( 2757): GC_CONCURRENT freed 361K, 66% free 11031K/32007K, paused 33ms+3ms
W/NetworkStats(  163): dropping UID delta from unknown iface: iface=wlan0 uid=10067 set=FOREGROUND tag=0x0 rxBytes=868 rxPackets=2 txBytes=434 txPackets=1 operations=0
D/dalvikvm( 2757): GC_CONCURRENT freed 630K, 66% free 10990K/32007K, paused 2ms+4ms
I/StatusActivity( 2757): 1333612577468: canPressButton = TRUE
I/StatusActivity( 2757): 1333612577469: areButtonsEnabled --> false 
I/StatusActivity( 2757): 1333612577470: ** Clicked getphotos Button from region 4 **
I/StatusActivity( 2757): Inside disableButtonsR
I/StatusActivity( 2757): areButtonsEnabled --> false
I/StatusActivity( 2757): 1333612577489: I'm the Client, and I'm in region: 3 nodID = 5001
I/StatusActivity( 2757): 1333612577493: I'm a leader, my requesting photos packet going to mux directly
I/StatusActivity( 2757): 1333612577493: StatusActivity sent request to get photos for region 4
D/AudioHardware(   82): AudioHardware pcm playback is exiting standby.
D/AudioHardware(   82): openPcmOut_l() mPcmOpenCnt: 0
I/Mux     ( 2757): 1333612577528: Inside mux Packet.CLIENT_REQUEST
I/Mux     ( 2757): 1333612577528: I'm the leader of requesting client, about to process Packet.CLIENT_REQUEST in userApp
I/UserApp ( 2757): 1333612577528: UserApp handling MY region's client request, will send atom packet to REMOTE region's handleDSMRequest
I/UserApp ( 2757): 1333612577529: request is CLIENT_DOWNLOAD_PHOTO, figure out where (remote region) to forward packet
I/UserApp ( 2757): 1333612577530: Sending to region: 4
I/VCoreDaemon( 2757): 1333612577532: Sending PROC_REQUEST 11:0 (3,0)->(4,0)
I/VCoreDaemon( 2757): 1333612577533: Dispatching Atom PROC_REQUEST 11:0 (3,0)->(4,0)
I/Mux     ( 2757): 1333612577599: I got a CSM packet at a leader 
I/NetworkThread( 2757): 1333612577605: Sending UDP payload: 949
I/VCoreDaemon( 2757): 1333612577607: nonce 2 heard from src region (3,0)
I/NetworkThread( 2757): 1333612577748: Received UDP payload: 6356
I/Mux     ( 2757): 1333612577765: GOT CSM_Msg
I/VCoreDaemon( 2757): 1333612577765: Received PROC_REPLY 11:0 (4,0)->(3,0), handing to UserApp
I/UserApp ( 2757): 1333612577765: Now back in orginitator region's leader, precssing handleDSMReply
I/UserApp ( 2757): 1333612577766: Going to and from remote region took latency = 233
I/UserApp ( 2757): 1333612577766: = orig leader sent packet at 1333612577532 ~ received reply at 1333612577765
I/UserApp ( 2757): 1333612577767: Originator Region=3 Leader (for Client=5001) processes remote region's dsm atom reply and will send Packet reply to Originator Client
I/UserApp ( 2757): 1333612577767: reply packet contains the newest photo from the remote region
I/UserApp ( 2757): 1333612577767: I (the leader) was also the originator client (id = 5001) so I hand the packet to my mux directly, without UDP
I/StatusActivity( 2757): 1333612577800: inside Packet.CLIENT_SHOW_REMOTEPHOTOS. Client requested for a photo in a remote region and this is the reply
I/StatusActivity( 2757): 1333612577801: leader download remote photo latency = 283
I/StatusActivity( 2757): 1333612577802: = leader download start 1333612577493 ~ stop 1333612577776
D/dalvikvm( 2757): GC_CONCURRENT freed 1096K, 68% free 10435K/32007K, paused 4ms+4ms
I/StatusActivity( 2757): 1333612577890: Success! Client getting photo from remote region, showing photo...
I/StatusActivity( 2757): Inside _enableButtons
I/StatusActivity( 2757): areButtonsEnabled --> true
D/dalvikvm( 2757): GC_CONCURRENT freed 313K, 67% free 10621K/32007K, paused 2ms+3ms
W/InputManagerService(  163): Window already focused, ignoring focus gain of: com.android.internal.view.IInputMethodClient$Stub$Proxy@41563a20
D/AudioHardware(   82): AudioHardware pcm playback is going to standby.
D/AudioHardware(   82): closePcmOut_l() mPcmOpenCnt: 1
I/StatusActivity( 2757): 1333612580684: canPressButton = TRUE
I/StatusActivity( 2757): 1333612580686: areButtonsEnabled --> false 
I/StatusActivity( 2757): 1333612580693: ** Clicked getphotos Button from region 6 **
I/StatusActivity( 2757): Inside disableButtonsR
I/StatusActivity( 2757): areButtonsEnabled --> false
I/StatusActivity( 2757): 1333612580704: I'm the Client, and I'm in region: 3 nodID = 5001
D/AudioHardware(   82): AudioHardware pcm playback is exiting standby.
D/AudioHardware(   82): openPcmOut_l() mPcmOpenCnt: 0
I/StatusActivity( 2757): 1333612580715: I'm a leader, my requesting photos packet going to mux directly
I/StatusActivity( 2757): 1333612580718: StatusActivity sent request to get photos for region 6
I/Mux     ( 2757): 1333612580740: Inside mux Packet.CLIENT_REQUEST
I/Mux     ( 2757): 1333612580741: I'm the leader of requesting client, about to process Packet.CLIENT_REQUEST in userApp
I/UserApp ( 2757): 1333612580741: UserApp handling MY region's client request, will send atom packet to REMOTE region's handleDSMRequest
I/UserApp ( 2757): 1333612580751: request is CLIENT_DOWNLOAD_PHOTO, figure out where (remote region) to forward packet
I/UserApp ( 2757): 1333612580755: Sending to region: 6
I/VCoreDaemon( 2757): 1333612580756: Sending PROC_REQUEST 11:0 (3,0)->(6,0)
I/VCoreDaemon( 2757): 1333612580798: Dispatching Atom PROC_REQUEST 11:0 (3,0)->(6,0)
I/Mux     ( 2757): 1333612580834: I got a CSM packet at a leader 
I/NetworkThread( 2757): 1333612580835: Sending UDP payload: 949
I/VCoreDaemon( 2757): 1333612580837: nonce 3 heard from src region (3,0)
I/NetworkThread( 2757): 1333612580882: Received UDP payload: 949
I/Mux     ( 2757): 1333612580895: GOT CSM_Msg
I/VCoreDaemon( 2757): 1333612580896: nonce 3 heard from src region (3,0)
I/VCoreDaemon( 2757): 1333612581480: Retrying PROC_REQUEST 11:0 (3,0)->(6,0)
I/VCoreDaemon( 2757): 1333612581481: Dispatching Atom PROC_REQUEST 11:0 (3,0)->(6,0)
I/Mux     ( 2757): 1333612581487: I got a CSM packet at a leader 
I/NetworkThread( 2757): 1333612581491: Sending UDP payload: 949
I/VCoreDaemon( 2757): 1333612581518: nonce 4 heard from src region (3,0)
I/NetworkThread( 2757): 1333612581579: Received UDP payload: 949
I/VCoreDaemon( 2757): 1333612581590: Retrying PROC_REQUEST 11:0 (3,0)->(6,0)
I/VCoreDaemon( 2757): 1333612581590: Dispatching Atom PROC_REQUEST 11:0 (3,0)->(6,0)
I/Mux     ( 2757): 1333612581592: I got a CSM packet at a leader 
I/NetworkThread( 2757): 1333612581602: Sending UDP payload: 949
I/VCoreDaemon( 2757): 1333612581604: nonce 5 heard from src region (3,0)
I/Mux     ( 2757): 1333612581604: GOT CSM_Msg
I/VCoreDaemon( 2757): 1333612581605: nonce 4 heard from src region (3,0)
I/NetworkThread( 2757): 1333612581638: Received UDP payload: 949
I/Mux     ( 2757): 1333612581657: GOT CSM_Msg
I/VCoreDaemon( 2757): 1333612581657: nonce 5 heard from src region (3,0)
I/VCoreDaemon( 2757): 1333612581692: Retrying PROC_REQUEST 11:0 (3,0)->(6,0)
I/VCoreDaemon( 2757): 1333612581692: Dispatching Atom PROC_REQUEST 11:0 (3,0)->(6,0)
I/Mux     ( 2757): 1333612581693: I got a CSM packet at a leader 
I/NetworkThread( 2757): 1333612581694: Sending UDP payload: 949
I/VCoreDaemon( 2757): 1333612581698: nonce 6 heard from src region (3,0)
I/NetworkThread( 2757): 1333612581724: Received UDP payload: 949
I/Mux     ( 2757): 1333612581728: GOT CSM_Msg
I/VCoreDaemon( 2757): 1333612581729: nonce 6 heard from src region (3,0)
I/VCoreDaemon( 2757): 1333612581794: Retrying PROC_REQUEST 11:0 (3,0)->(6,0)
I/VCoreDaemon( 2757): 1333612581794: Dispatching Atom PROC_REQUEST 11:0 (3,0)->(6,0)
I/Mux     ( 2757): 1333612581797: I got a CSM packet at a leader 
I/NetworkThread( 2757): 1333612581799: Sending UDP payload: 949
I/VCoreDaemon( 2757): 1333612581801: nonce 7 heard from src region (3,0)
I/NetworkThread( 2757): 1333612581849: Received UDP payload: 949
I/Mux     ( 2757): 1333612581861: GOT CSM_Msg
I/VCoreDaemon( 2757): 1333612581861: nonce 7 heard from src region (3,0)
I/VCoreDaemon( 2757): 1333612581896: Retrying PROC_REQUEST 11:0 (3,0)->(6,0)
I/VCoreDaemon( 2757): 1333612581896: Dispatching Atom PROC_REQUEST 11:0 (3,0)->(6,0)
I/Mux     ( 2757): 1333612581898: I got a CSM packet at a leader 
I/NetworkThread( 2757): 1333612581900: Sending UDP payload: 949
