--------- beginning of /dev/log/system
I/Vold    (   73): Vold 2.1 (the revenge) firing up
D/Vold    (   73): Volume sdcard state changing -1 (Initializing) -> 0 (No-Media)
D/Vold    (   73): Volume sdcard state changing 0 (No-Media) -> 2 (Pending)
D/Vold    (   73): Volume sdcard state changing 2 (Pending) -> 1 (Idle-Unmounted)
W/Vold    (   73): Duplicate state (1)
W/Vold    (   73): Duplicate state (1)
W/Vold    (   73): Duplicate state (1)
W/Vold    (   73): Duplicate state (1)
I/SystemServer(  163): Entered the Android system server!
I/SystemServer(  163): Entropy Service
I/SystemServer(  163): Power Manager
I/SystemServer(  163): Activity Manager
I/ActivityManager(  163): Memory class: 48
I/SystemServer(  163): Telephony Registry
I/SystemServer(  163): Package Manager
W/PackageParser(  163): No actions in intent filter at /system/app/Bluetooth.apk Binary XML file line #125
W/PackageParser(  163): No actions in intent filter at /system/app/Contacts.apk Binary XML file line #525
W/PackageParser(  163): Unknown element under <manifest>: supports-gl-texture at /system/app/GoogleEarth.apk Binary XML file line #3
I/Installer(  163): connecting...
I/PackageParser(  163): com.googlecode.android.wifi.tether: compat added android.permission.WRITE_EXTERNAL_STORAGE android.permission.READ_PHONE_STATE
I/PackageManager(  163): Time to scan packages: 3.918 seconds
W/PackageManager(  163): Not granting permission android.permission.SEND_DOWNLOAD_COMPLETED_INTENTS to package com.google.android.browser (protectionLevel=2 flags=0x9be45)
W/PackageManager(  163): Unknown permission com.android.vending.permission.UPDATE_MARKET_FAILURE in package com.android.vending.updater
W/PackageManager(  163): Unknown permission android.permission.ADD_SYSTEM_SERVICE in package com.android.phone
W/PackageManager(  163): Unknown permission com.android.smspush.WAPPUSH_MANAGER_BIND in package com.android.phone
W/PackageManager(  163): Unknown permission com.android.vending.billing.IBillingAccountService.BIND2 in package com.google.android.gsf.login
W/PackageManager(  163): Not granting permission android.permission.DEVICE_POWER to package com.google.android.deskclock (protectionLevel=2 flags=0x8be45)
W/PackageManager(  163): Unknown permission android.permission.READ_OWNER_DATA in package com.google.android.setupwizard
W/PackageManager(  163): Unknown permission android.permission.WRITE_OWNER_DATA in package com.google.android.setupwizard
W/PackageManager(  163): Not granting permission com.google.android.gm.permission.READ_GMAIL to package com.google.android.apps.uploader (protectionLevel=2 flags=0x8be45)
W/PackageManager(  163): Unknown permission android.permission.READ_EXTERNAL_STORAGE in package com.android.vending
W/PackageManager(  163): Not granting permission android.permission.SEND_DOWNLOAD_COMPLETED_INTENTS to package com.android.vending (protectionLevel=2 flags=0xabec5)
W/PackageManager(  163): Not granting permission android.permission.ACCOUNT_MANAGER to package com.google.android.music (protectionLevel=2 flags=0x8be65)
W/PackageManager(  163): Unknown permission com.android.providers.im.permission.READ_ONLY in package com.google.android.apps.maps
W/PackageManager(  163): Unknown permission android.permission.READ_EXTERNAL_STORAGE in package com.google.android.videoeditor
W/PackageManager(  163): Unknown permission com.google.android.apps.googlevoice.REMOTE_INTENT in package com.google.android.apps.googlevoice
W/PackageManager(  163): Unknown permission com.google.android.permission.RECEIVE_DATA_MESSAGE in package com.google.android.apps.googlevoice
W/PackageManager(  163): Unknown permission com.google.android.permission.SEND_DATA_MESSAGE in package com.google.android.apps.googlevoice
I/SystemServer(  163): Account Manager
I/SystemServer(  163): Content Manager
I/SystemServer(  163): System Content Providers
I/SystemServer(  163): Lights Service
I/SystemServer(  163): Battery Service
I/SystemServer(  163): Vibrator Service
I/SystemServer(  163): Alarm Manager
I/SystemServer(  163): Init Watchdog
I/SystemServer(  163): Window Manager
I/InputManager(  163): Initializing input manager
W/StatusBarManager(  163): warning: no STATUS_BAR_SERVICE
I/InputManager(  163): Starting input manager
I/SystemServer(  163): Bluetooth Service
I/SystemServer(  163): Input Method Service
W/InputManagerService(  163): Couldn't create dir.: /data/system/inputmethod
I/SystemServer(  163): Accessibility Manager
I/ActivityManager(  163): Config changed: {1.0 0mcc0mnc en_US layoutdir=0 sw320dp w320dp h508dp nrml long port ?uimode ?night finger -keyb/v/h -nav/h s.2}
I/SystemServer(  163): Device Policy
I/SystemServer(  163): Status Bar
I/SystemServer(  163): Clipboard Service
I/SystemServer(  163): NetworkManagement Service
I/SystemServer(  163): Text Service Manager Service
I/SystemServer(  163): NetworkStats Service
I/SystemServer(  163): NetworkPolicy Service
I/SystemServer(  163): Wi-Fi P2pService
I/SystemServer(  163): Wi-Fi Service
I/SystemServer(  163): Connectivity Service
D/ConnectivityService(  163): ConnectivityService starting up
E/ConnectivityService(  163): Ignoring protectedNetwork 10
E/ConnectivityService(  163): Ignoring protectedNetwork 11
E/ConnectivityService(  163): Ignoring protectedNetwork 12
E/MobileDataStateTracker(  163): default: Ignoring feature request because could not acquire PhoneService
E/MobileDataStateTracker(  163): default: Could not enable APN type "default"
D/NetworkManagementService(  163): Registering observer
D/NetworkManagementService(  163): Registering observer
I/WifiService(  163): WifiService starting up with Wi-Fi enabled
I/SystemServer(  163): Throttle Service
I/SystemServer(  163): Mount Service
D/MountService(  163): got storage path: /mnt/sdcard description: USB storage primary: true removable: false emulated: false mtpReserve: 0 allowMassStorage: true maxFileSize: 4294967296
I/SystemServer(  163): Notification Manager
I/SystemServer(  163): Device Storage Monitor
I/SystemServer(  163): Location Manager
I/SystemServer(  163): Country Detector
I/SystemServer(  163): Search Service
I/SystemServer(  163): DropBox Service
I/SystemServer(  163): Wallpaper Service
I/SystemServer(  163): Audio Service
D/VoldCmdListener(   73): volume list
D/MountService(  163): volume state changed for /mnt/sdcard (null -> unmounted)
I/SystemServer(  163): Dock Observer
I/SystemServer(  163): Wired Accessory Observer
I/SystemServer(  163): USB Service
I/SystemServer(  163): UI Mode Manager Service
I/SystemServer(  163): Backup Service
V/BackupManagerService(  163): Initializing package tracking
V/BackupManagerService(  163): No ancestral data
V/BackupManagerService(  163): addPackageParticipantsLocked: null
I/BackupManagerService(  163): New app android never backed up; scheduling
I/BackupManagerService(  163): New app com.android.nfc never backed up; scheduling
I/BackupManagerService(  163): New app com.android.providers.settings never backed up; scheduling
I/BackupManagerService(  163): New app com.android.providers.userdictionary never backed up; scheduling
I/BackupManagerService(  163): New app com.android.sharedstoragebackup never backed up; scheduling
I/BackupManagerService(  163): New app com.android.vending never backed up; scheduling
I/BackupManagerService(  163): New app com.google.android.browser never backed up; scheduling
I/BackupManagerService(  163): New app com.google.android.calendar never backed up; scheduling
I/BackupManagerService(  163): New app com.google.android.gm never backed up; scheduling
I/BackupManagerService(  163): New app com.google.android.inputmethod.latin never backed up; scheduling
I/BackupManagerService(  163): New app org.connectbot never backed up; scheduling
V/BackupManagerService(  163): Registering transport android/com.android.internal.backup.LocalTransport = com.android.internal.backup.LocalTransport@415f6400
V/BackupManagerService(  163): Starting with transport com.google.android.backup/.BackupTransportService
V/BackupManagerService(  163): Binding to Google transport
I/BackupManagerService(  163): Found stale backup journal, scheduling
I/BackupManagerService(  163):   android
I/BackupManagerService(  163):   com.android.nfc
I/BackupManagerService(  163):   com.android.providers.settings
I/BackupManagerService(  163):   com.android.providers.userdictionary
I/BackupManagerService(  163):   com.android.sharedstoragebackup
I/BackupManagerService(  163):   com.android.vending
I/BackupManagerService(  163):   com.google.android.browser
I/BackupManagerService(  163):   com.google.android.calendar
I/BackupManagerService(  163):   com.google.android.gm
I/BackupManagerService(  163):   com.google.android.inputmethod.latin
I/BackupManagerService(  163):   org.connectbot
I/BackupManagerService(  163): Backup enabled => false
I/BackupManagerService(  163): Opting out of backup
I/SystemServer(  163): AppWidget Service
I/SystemServer(  163): Recognition Service
I/SystemServer(  163): DiskStats Service
I/SystemServer(  163): SamplingProfiler Service
I/SystemServer(  163): NetworkTimeUpdateService
D/PowerManagerService(  163): system ready!
I/ActivityManager(  163): System now ready
I/SystemServer(  163): Making services ready
D/SystemServer(  163): Starting service: Intent { cmp=com.android.systemui/.SystemUIService }
I/ActivityManager(  163): Start proc com.android.systemui for service com.android.systemui/.SystemUIService: pid=229 uid=1000 gids={1015, 3002, 3001, 3003, 3007}
D/NetworkManagementService(  163): enabling bandwidth control
D/SystemUIService(  229): loading: class com.android.systemui.statusbar.phone.PhoneStatusBar
D/SystemUIService(  229): running: com.android.systemui.statusbar.phone.PhoneStatusBar@41346238
D/NetworkManagementService(  163): Registering observer
D/NetworkManagementService(  163): Registering observer
I/ActivityManager(  163): Config changed: {1.0 0mcc0mnc en_US layoutdir=0 sw320dp w320dp h508dp nrml long port finger -keyb/v/h -nav/h s.3}
D/NetworkManagementService(  163): rsp <213 00:90:4c:11:22:33 0.0.0.0 0 [down broadcast multicast]>
D/NetworkManagementService(  163): flags <[down broadcast multicast]>
I/StatusBarManagerService(  163): registerStatusBar bar=com.android.internal.statusbar.IStatusBar$Stub$Proxy@4148c188
I/ActivityManager(  163): Start proc com.android.wallpaper for service com.android.wallpaper/.nexus.NexusWallpaper: pid=283 uid=10030 gids={1006}
W/InputManagerService(  163): Ignoring setImeWindowStatus of uid 1000 token: null
D/PhoneStatusBar(  229): disable: < expand icons alerts ticker system_info BACK* HOME* RECENT* CLOCK* >
I/ActivityManager(  163): Start proc android.process.media for broadcast com.android.providers.media/.UsbReceiver: pid=293 uid=10014 gids={1015, 1023, 1024, 2001, 3003, 3007}
I/ActivityManager(  163): Start proc com.google.android.inputmethod.latin for service com.google.android.inputmethod.latin/com.android.inputmethod.latin.LatinIME: pid=309 uid=10028 gids={}
D/StorageNotification(  229): Startup with UMS connection false (media state unmounted)
D/SystemUIService(  229): loading: class com.android.systemui.power.PowerUI
D/SystemUIService(  229): running: com.android.systemui.power.PowerUI@413a9c18
D/NetworkManagementService(  163): Registering observer
I/StorageNotification(  229): UMS connection changed to false (media state unmounted)
W/ThrottleService(  163): unable to find stats for iface rmnet0
I/ActivityManager(  163): Start proc com.android.phone for added application com.android.phone: pid=325 uid=1001 gids={3002, 3001, 3003, 1015}
I/ActivityManager(  163): Start proc com.android.nfc for added application com.android.nfc: pid=345 uid=1027 gids={3002, 3001}
I/ActivityManager(  163): START {act=android.intent.action.MAIN cat=[android.intent.category.HOME] flg=0x10000000 cmp=com.android.launcher/com.android.launcher2.Launcher} from pid 0
I/ActivityManager(  163): Start proc com.android.launcher for activity com.android.launcher/com.android.launcher2.Launcher: pid=358 uid=10029 gids={}
D/WifiService(  163): New client listening to asynchronous messages
I/ActivityManager(  163): Start proc com.android.settings for broadcast com.android.settings/.widget.SettingsAppWidgetProvider: pid=394 uid=1000 gids={1015, 3002, 3001, 3003, 3007}
I/ActivityManager(  163): Start proc com.google.android.inputmethod.latin.dictionarypack for content provider com.google.android.inputmethod.latin.dictionarypack/.DictionaryProvider: pid=410 uid=10027 gids={3003, 1015}
W/ActivityManager(  163): Unable to start service Intent { act=com.android.internal.telephony.IWapPushManager }: not found
I/ActivityManager(  163): Start proc android.process.acore for content provider com.android.providers.userdictionary/.UserDictionaryProvider: pid=426 uid=10000 gids={3003, 1015}
I/ActivityManager(  163): Start proc com.googlecode.android.wifi.tether for broadcast com.googlecode.android.wifi.tether/.WifiStateChangeReceiver: pid=448 uid=10063 gids={3003, 3001, 3002, 1015}
W/ActivityManager(  163): Unable to start service Intent { act=com.android.ussd.IExtendedNetworkService }: not found
I/ActivityManager(  163): Start proc com.google.process.gapps for service com.google.android.location/.NetworkLocationService: pid=477 uid=10011 gids={3003, 1015, 1007, 2001, 3006}
I/StorageNotification(  229): UMS connection changed to true (media state unmounted)
V/BackupManagerService(  163): Connected to Google transport
V/BackupManagerService(  163): Registering transport com.google.android.backup/.BackupTransportService = com.google.android.backup.BackupTransportService$1@416df1e8
I/WifiService(  163): WifiService trying to set country code to us with persist set to true
I/ActivityManager(  163): Config changed: {1.0 310mcc260mnc en_US layoutdir=0 sw320dp w320dp h508dp nrml long port finger -keyb/v/h -nav/h s.4}
I/ActivityManager(  163): Start proc com.android.vending for broadcast com.android.vending/.MarketWidgetProvider: pid=536 uid=10043 gids={3003, 1015}
I/ActivityManager(  163): Start proc com.google.android.deskclock for broadcast com.google.android.deskclock/com.android.alarmclock.AnalogAppWidgetProvider: pid=568 uid=10013 gids={}
D/PowerManagerService(  163): bootCompleted
V/DevicePolicyManagerService(  163): Sending password expiration notifications for action android.intent.action.BOOT_COMPLETED
D/VoldCmdListener(   73): volume mount /mnt/sdcard
I/Vold    (   73): /dev/block/vold/179:3 being considered for volume sdcard
D/Vold    (   73): Volume sdcard state changing 1 (Idle-Unmounted) -> 3 (Checking)
D/MountService(  163): volume state changed for /mnt/sdcard (unmounted -> checking)
I/ActivityManager(  163): Start proc com.android.contacts for broadcast com.android.contacts/.calllog.CallLogReceiver: pid=587 uid=10000 gids={3003, 1015}
V/WiredAccessoryObserver(  163): init()
W/WiredAccessoryObserver(  163): This kernel does not have wired headset support
W/WiredAccessoryObserver(  163): This kernel does not have wired headset support
I/StorageNotification(  229): Media {/mnt/sdcard} state changed from {unmounted} -> {checking}
D/MountService(  163): sendStorageIntent Intent { act=android.intent.action.MEDIA_CHECKING dat=file:///mnt/sdcard (has extras) }
I/ActivityManager(  163): Start proc com.android.providers.calendar for broadcast com.android.providers.calendar/.CalendarReceiver: pid=625 uid=10007 gids={3003, 1015}
I/BootReceiver(  163): Copying /proc/last_kmsg to DropBox (SYSTEM_LAST_KMSG)
I/ActivityManager(  163): Start proc com.google.android.email for broadcast com.google.android.email/com.android.email.service.EmailBroadcastReceiver: pid=645 uid=10015 gids={3003, 1015}
I/ActivityManager(  163): Start proc com.google.android.exchange for service com.google.android.exchange/com.android.exchange.ExchangeService: pid=662 uid=10016 gids={3003, 1015}
I/ActivityManager(  163): Start proc com.google.android.apps.genie.geniewidget for broadcast com.google.android.apps.genie.geniewidget/.miniwidget.MiniWidgetProvider: pid=678 uid=10018 gids={3003, 1015}
I/ActivityManager(  163): Start proc com.google.android.gm for broadcast com.google.android.gm/.MailIntentReceiver: pid=706 uid=10019 gids={3003, 1015}
I/ActivityManager(  163): Start proc com.google.android.partnersetup for broadcast com.google.android.partnersetup/.GooglePartnerSetup: pid=725 uid=10022 gids={3003}
I/ActivityManager(  163): Start proc com.google.android.gsf.login for service com.google.android.gsf.login/com.google.android.gsf.loginservice.GoogleLoginService: pid=738 uid=10011 gids={3003, 1015, 1007, 2001, 3006}
I/ActivityManager(  163): Start proc com.google.android.apps.maps:FriendService for broadcast com.google.android.apps.maps/com.google.googlenav.friend.android.ServiceReceiver: pid=769 uid=10032 gids={3003, 1015}
I/ActivityManager(  163): Start proc com.google.android.apps.maps:NetworkLocationService for service com.google.android.apps.maps/com.google.android.location.internal.server.NetworkLocationService: pid=782 uid=10032 gids={3003, 1015}
I/ActivityManager(  163): Start proc com.android.mms for broadcast com.android.mms/.transaction.MmsSystemEventReceiver: pid=795 uid=10036 gids={3003, 1015}
D/CountryDetectorService(  163): The first listener is added
W/ActivityManager(  163): Permission Denial: receiving Intent { act=android.intent.action.BOOT_COMPLETED flg=0x10 } to com.android.musicfx requires android.permission.RECEIVE_BOOT_COMPLETED due to sender null (uid 1000)
I/ActivityManager(  163): Start proc com.google.android.onetimeinitializer for broadcast com.google.android.onetimeinitializer/.OneTimeInitializerReceiver: pid=819 uid=10040 gids={}
I/ActivityManager(  163): Start proc com.google.android.talk for broadcast com.google.android.talk/.videochat.BootCompleteReceiver: pid=835 uid=10050 gids={3003, 1015, 1006, 3002}
I/ActivityManager(  163): START {flg=0x10000000 cmp=com.google.android.gsf/.update.SystemUpdateInstallDialog} from pid 477
D/ConnectivityService(  163): handleInetConditionChange: no active default network - ignore
I/ActivityManager(  163): START {flg=0x10000000 cmp=com.google.android.gsf/.update.SystemUpdateDownloadDialog} from pid 477
I/ActivityManager(  163): Start proc com.google.android.videos for broadcast com.google.android.videos/com.google.android.youtube.videos.transfer.VideoDownloadService$BootReceiver: pid=856 uid=10053 gids={3003, 1015}
W/ActivityManager(  163): Activity pause timeout for ActivityRecord{41739838 com.google.android.gsf/.update.SystemUpdateInstallDialog}
D/ConnectivityService(  163): ConnectivityChange for mobile: CONNECTED/CONNECTED
I/ActivityManager(  163): Start proc com.android.voicedialer for broadcast com.android.voicedialer/.VoiceDialerReceiver: pid=891 uid=10055 gids={3002}
W/ActivityManager(  163): Permission Denial: receiving Intent { act=android.intent.action.BOOT_COMPLETED flg=0x10 } to com.google.android.youtube requires android.permission.RECEIVE_BOOT_COMPLETED due to sender null (uid 1000)
W/ActivityManager(  163): Permission Denial: receiving Intent { act=android.intent.action.BOOT_COMPLETED flg=0x10 } to com.google.android.youtube requires android.permission.RECEIVE_BOOT_COMPLETED due to sender null (uid 1000)
I/ActivityManager(  163): Start proc com.google.android.apps.googlevoice for broadcast com.google.android.apps.googlevoice/.BootUpReceiver: pid=904 uid=10058 gids={3003, 1015}
I/ActivityManager(  163): No longer want com.googlecode.android.wifi.tether (pid 448): hidden #16
I/ActivityManager(  163): No longer want com.google.android.inputmethod.latin.dictionarypack (pid 410): hidden #16
I/ActivityManager(  163): Start proc com.google.android.calendar for broadcast com.google.android.calendar/com.android.calendar.widget.CalendarAppWidgetService$CalendarFactory: pid=918 uid=10006 gids={3003}
I/ActivityManager(  163): No longer want com.android.contacts (pid 587): hidden #16
I/ActivityManager(  163): No longer want com.android.providers.calendar (pid 625): hidden #16
I/ActivityManager(  163): Start proc com.android.providers.calendar for content provider com.android.providers.calendar/.CalendarProvider2: pid=936 uid=10007 gids={3003, 1015}
I/ActivityManager(  163): No longer want com.google.android.apps.genie.geniewidget (pid 678): hidden #16
I/ActivityManager(  163): Start proc com.google.android.apps.maps:LocationFriendService for broadcast com.google.android.apps.maps/com.google.googlenav.friend.reporting.LocationReportingIntentReceiver: pid=951 uid=10032 gids={3003, 1015}
I/ActivityManager(  163): No longer want com.google.android.gsf.login (pid 738): hidden #16
I/ActivityManager(  163): Start proc com.google.android.music:main for broadcast com.google.android.music/.store.MediaStoreImportService$Receiver: pid=965 uid=10037 gids={3003, 1015}
I/ActivityManager(  163): No longer want com.google.android.partnersetup (pid 725): hidden #16
I/ActivityManager(  163): No longer want android.process.acore (pid 426): hidden #16
I/ActivityManager(  163): No longer want com.android.mms (pid 795): hidden #16
D/CountryDetectorService(  163): No listener is left
I/ActivityManager(  163): Start proc com.google.android.apps.uploader for broadcast com.google.android.apps.uploader/.ConnectivityBroadcastReceiver: pid=990 uid=10034 gids={3003}
I/ActivityManager(  163): Start proc com.google.android.apps.plus for broadcast com.google.android.apps.plus/com.google.android.picasasync.ConnectivityReceiver: pid=1005 uid=10044 gids={3003, 1015, 1006}
I/ActivityManager(  163): No longer want com.google.android.email (pid 645): hidden #16
I/ActivityManager(  163): No longer want com.google.android.exchange (pid 662): hidden #16
I/ActivityManager(  163): No longer want com.google.android.onetimeinitializer (pid 819): hidden #16
I/ActivityManager(  163): No longer want com.google.android.videos (pid 856): hidden #16
I/Vold    (   73): Filesystem check completed OK
I/Vold    (   73): Device /dev/block/vold/179:3, target /mnt/sdcard mounted @ /mnt/secure/staging
D/Vold    (   73): Volume sdcard state changing 3 (Checking) -> 4 (Mounted)
D/MountService(  163): volume state changed for /mnt/sdcard (checking -> mounted)
I/StorageNotification(  229): Media {/mnt/sdcard} state changed from {checking} -> {mounted}
D/MountService(  163): sendStorageIntent Intent { act=android.intent.action.MEDIA_MOUNTED dat=file:///mnt/sdcard (has extras) }
D/VoldCmdListener(   73): asec list
W/PackageManager(  163): Not granting permission android.permission.SEND_DOWNLOAD_COMPLETED_INTENTS to package com.google.android.browser (protectionLevel=2 flags=0x9be45)
W/PackageManager(  163): Unknown permission com.android.vending.permission.UPDATE_MARKET_FAILURE in package com.android.vending.updater
W/PackageManager(  163): Unknown permission android.permission.ADD_SYSTEM_SERVICE in package com.android.phone
W/PackageManager(  163): Unknown permission com.android.smspush.WAPPUSH_MANAGER_BIND in package com.android.phone
W/PackageManager(  163): Unknown permission com.android.vending.billing.IBillingAccountService.BIND2 in package com.google.android.gsf.login
W/PackageManager(  163): Not granting permission android.permission.DEVICE_POWER to package com.google.android.deskclock (protectionLevel=2 flags=0x8be45)
W/PackageManager(  163): Unknown permission android.permission.READ_OWNER_DATA in package com.google.android.setupwizard
W/PackageManager(  163): Unknown permission android.permission.WRITE_OWNER_DATA in package com.google.android.setupwizard
W/PackageManager(  163): Not granting permission com.google.android.gm.permission.READ_GMAIL to package com.google.android.apps.uploader (protectionLevel=2 flags=0x8be45)
W/PackageManager(  163): Unknown permission android.permission.READ_EXTERNAL_STORAGE in package com.android.vending
W/PackageManager(  163): Not granting permission android.permission.SEND_DOWNLOAD_COMPLETED_INTENTS to package com.android.vending (protectionLevel=2 flags=0xabec5)
W/PackageManager(  163): Not granting permission android.permission.ACCOUNT_MANAGER to package com.google.android.music (protectionLevel=2 flags=0x8be65)
W/PackageManager(  163): Unknown permission com.android.providers.im.permission.READ_ONLY in package com.google.android.apps.maps
W/PackageManager(  163): Unknown permission android.permission.READ_EXTERNAL_STORAGE in package com.google.android.videoeditor
W/PackageManager(  163): Unknown permission com.google.android.apps.googlevoice.REMOTE_INTENT in package com.google.android.apps.googlevoice
W/PackageManager(  163): Unknown permission com.google.android.permission.RECEIVE_DATA_MESSAGE in package com.google.android.apps.googlevoice
W/PackageManager(  163): Unknown permission com.google.android.permission.SEND_DATA_MESSAGE in package com.google.android.apps.googlevoice
D/PhoneStatusBar(  229): disable: < expand icons alerts ticker system_info BACK HOME recent* CLOCK >
D/PhoneStatusBar(  229): disable: < expand icons alerts ticker system_info back* home* recent clock* >
I/ActivityManager(  163): START {act=android.intent.action.MAIN cat=[android.intent.category.LAUNCHER] flg=0x10200000 cmp=net.szym.barnacle/.StatusActivity bnds=[0,103][120,253]} from pid 358
I/ActivityManager(  163): Start proc net.szym.barnacle for activity net.szym.barnacle/.StatusActivity: pid=1037 uid=10065 gids={3003}
D/ConnectivityService(  163): handleInetConditionHoldEnd: net=0, condition=100, published condition=0
D/ConnectivityService(  163): ConnectivityChange for WIFI: DISCONNECTED/DISCONNECTED
D/ConnectivityService(  163): Attempting to switch to mobile
D/ConnectivityService(  163): Attempting to switch to BLUETOOTH_TETHER
I/ActivityManager(  163): Start proc com.googlecode.android.wifi.tether for broadcast com.googlecode.android.wifi.tether/.WifiStateChangeReceiver: pid=1060 uid=10063 gids={3003, 3001, 3002, 1015}
D/NetlinkEvent(   76): Unexpected netlink message. type=0x11
I/ActivityManager(  163): No longer want com.android.voicedialer (pid 891): hidden #16
E/ActivityManager(  163): Activity Manager Crash
E/ActivityManager(  163): java.lang.IllegalArgumentException: Unknown URI type: 7
E/ActivityManager(  163): 	at android.net.Uri$1.createFromParcel(Uri.java:1734)
E/ActivityManager(  163): 	at android.net.Uri$1.createFromParcel(Uri.java:1723)
E/ActivityManager(  163): 	at android.content.Intent.readFromParcel(Intent.java:6131)
E/ActivityManager(  163): 	at android.content.Intent.<init>(Intent.java:6126)
E/ActivityManager(  163): 	at android.content.Intent.readFromParcel(Intent.java:6153)
E/ActivityManager(  163): 	at android.content.Intent.<init>(Intent.java:6126)
E/ActivityManager(  163): 	at android.content.Intent$1.createFromParcel(Intent.java:6117)
E/ActivityManager(  163): 	at android.content.Intent$1.createFromParcel(Intent.java:6115)
E/ActivityManager(  163): 	at android.app.ActivityManagerNative.onTransact(ActivityManagerNative.java:298)
E/ActivityManager(  163): 	at com.android.server.am.ActivityManagerService.onTransact(ActivityManagerService.java:1545)
E/ActivityManager(  163): 	at android.os.Binder.execTransact(Binder.java:338)
E/ActivityManager(  163): 	at dalvik.system.NativeStart.run(Native Method)
D/ConnectivityService(  163): handleInetConditionHoldEnd: net=0, condition=100, published condition=100
D/NetworkPolicy(  163): applying policy NetworkPolicy[NetworkTemplate: matchRule=MOBILE_ALL, subscriberId=valid]: cycleDay=15, warningBytes=2147483648, limitBytes=-1, lastSnooze=-1 to ifaces [rmnet0]
D/NetworkPolicy(  163): applying policy NetworkPolicy[NetworkTemplate: matchRule=MOBILE_ALL, subscriberId=valid]: cycleDay=15, warningBytes=2147483648, limitBytes=-1, lastSnooze=-1 to ifaces [rmnet0]
D/NetworkPolicy(  163): applying policy NetworkPolicy[NetworkTemplate: matchRule=MOBILE_ALL, subscriberId=valid]: cycleDay=15, warningBytes=2147483648, limitBytes=-1, lastSnooze=-1 to ifaces [rmnet0]
I/ActivityManager(  163): Start proc com.android.defcontainer for service com.android.defcontainer/.DefaultContainerService: pid=1108 uid=10012 gids={1015, 2001}
W/ActivityManager(  163): No content provider found for permission revoke: file:///data/local/tmp/DIPLOMAMatrix.apk
W/ActivityManager(  163): No content provider found for permission revoke: file:///data/local/tmp/DIPLOMAMatrix.apk
I/ActivityManager(  163): Force stopping package edu.mit.csail.diplomamatrix uid=10067
I/PackageManager(  163): Package edu.mit.csail.diplomamatrix codePath changed from /data/app/edu.mit.csail.diplomamatrix-1.apk to /data/app/edu.mit.csail.diplomamatrix-2.apk; Retaining data and using new
I/ActivityManager(  163): Force stopping package edu.mit.csail.diplomamatrix uid=10067
W/PackageManager(  163): Code path for pkg : edu.mit.csail.diplomamatrix changing from /data/app/edu.mit.csail.diplomamatrix-1.apk to /data/app/edu.mit.csail.diplomamatrix-2.apk
W/PackageManager(  163): Resource path for pkg : edu.mit.csail.diplomamatrix changing from /data/app/edu.mit.csail.diplomamatrix-1.apk to /data/app/edu.mit.csail.diplomamatrix-2.apk
I/ActivityManager(  163): Force stopping package edu.mit.csail.diplomamatrix uid=10067
I/ActivityManager(  163): Start proc android.process.acore for broadcast com.android.providers.contacts/.PackageIntentReceiver: pid=1122 uid=10000 gids={3003, 1015}
D/BackupManagerService(  163): Received broadcast Intent { act=android.intent.action.PACKAGE_REMOVED dat=package:edu.mit.csail.diplomamatrix flg=0x10000010 (has extras) }
D/BackupManagerService(  163): Received broadcast Intent { act=android.intent.action.PACKAGE_ADDED dat=package:edu.mit.csail.diplomamatrix flg=0x10000010 (has extras) }
V/BackupManagerService(  163): updatePackageParticipantsLocked: edu.mit.csail.diplomamatrix
I/ActivityManager(  163): Start proc com.google.android.gallery3d for broadcast com.google.android.gallery3d/com.android.gallery3d.app.PackagesMonitor: pid=1136 uid=10017 gids={3003, 1015}
I/ActivityManager(  163): No longer want com.google.android.apps.googlevoice (pid 904): hidden #16
D/BackupManagerService(  163): Received broadcast Intent { act=android.intent.action.PACKAGE_REPLACED dat=package:edu.mit.csail.diplomamatrix flg=0x10000010 (has extras) }
V/BackupManagerService(  163): updatePackageParticipantsLocked: edu.mit.csail.diplomamatrix
I/ActivityManager(  163): Start proc com.android.keychain for broadcast com.android.keychain/.KeyChainBroadcastReceiver: pid=1149 uid=1000 gids={1015, 3002, 3001, 3003, 3007}
I/ActivityManager(  163): No longer want com.android.vending (pid 536): hidden #16
I/ActivityManager(  163): Start proc com.google.android.apps.maps for broadcast com.google.android.apps.maps/com.google.android.location.internal.NlpPackageUpdateReceiver: pid=1162 uid=10032 gids={3003, 1015}
I/ActivityManager(  163): No longer want com.google.android.deskclock (pid 568): hidden #16
I/ActivityManager(  163): Start proc com.android.musicfx for broadcast com.android.musicfx/.Compatibility$Receiver: pid=1176 uid=10038 gids={3003, 3002}
I/ActivityManager(  163): No longer want com.google.android.gm (pid 706): hidden #16
I/ActivityManager(  163): Start proc com.android.voicedialer for broadcast com.android.voicedialer/.VoiceDialerReceiver: pid=1189 uid=10055 gids={3002}
I/ActivityManager(  163): Start proc com.noshufou.android.su for broadcast com.noshufou.android.su/.UninstallReceiver: pid=1201 uid=10060 gids={3003, 1015}
I/ActivityManager(  163): No longer want com.google.android.apps.maps:FriendService (pid 769): hidden #16
I/ActivityManager(  163): Start proc com.android.vending for broadcast com.android.vending/com.google.android.finsky.receivers.PersistentPackageMonitorReceiver: pid=1213 uid=10043 gids={3003, 1015}
I/ActivityManager(  163): No longer want com.google.android.talk (pid 835): hidden #16
I/ActivityManager(  163): No longer want com.google.android.apps.maps:LocationFriendService (pid 951): hidden #16
I/ActivityManager(  163): Start proc com.google.android.partnersetup for broadcast com.google.android.partnersetup/.RlzPingBroadcastReceiver: pid=1241 uid=10022 gids={3003}
I/ActivityManager(  163): No longer want com.android.providers.calendar (pid 936): hidden #16
I/ActivityManager(  163): Start proc com.google.android.apps.maps:FriendService for broadcast com.google.android.apps.maps/com.google.googlenav.friend.android.ServiceReceiver: pid=1254 uid=10032 gids={3003, 1015}
I/ActivityManager(  163): No longer want com.google.android.calendar (pid 918): hidden #16
I/ActivityManager(  163): Start proc com.google.android.googlequicksearchbox for broadcast com.google.android.googlequicksearchbox/.SourceUpdateReceiver: pid=1267 uid=10023 gids={3003}
I/ActivityManager(  163): No longer want com.google.android.music:main (pid 965): hidden #16
I/ActivityManager(  163): Start proc com.google.android.apps.maps:LocationFriendService for broadcast com.google.android.apps.maps/com.google.googlenav.friend.reporting.LocationReportingIntentReceiver: pid=1281 uid=10032 gids={3003, 1015}
I/ActivityManager(  163): No longer want com.android.settings (pid 394): hidden #16
I/ActivityManager(  163): No longer want com.googlecode.android.wifi.tether (pid 1060): hidden #16
I/ActivityManager(  163): START {act=android.intent.action.MAIN cat=[android.intent.category.LAUNCHER] flg=0x10000000 cmp=edu.mit.csail.diplomamatrix/.StatusActivity} from pid 1302
I/ActivityManager(  163): Start proc edu.mit.csail.diplomamatrix for activity edu.mit.csail.diplomamatrix/.StatusActivity: pid=1312 uid=10067 gids={1006, 1015, 3003}
W/InputManagerService(  163): Starting input on non-focused client com.android.internal.view.IInputMethodClient$Stub$Proxy@41711a68 (uid=10065 pid=1037)
I/ActivityManager(  163): No longer want com.google.android.apps.uploader (pid 990): hidden #16
W/InputManagerService(  163): Window already focused, ignoring focus gain of: com.android.internal.view.IInputMethodClient$Stub$Proxy@416c1e68
W/InputManagerService(  163): Window already focused, ignoring focus gain of: com.android.internal.view.IInputMethodClient$Stub$Proxy@41585c90
W/InputManagerService(  163): Starting input on non-focused client com.android.internal.view.IInputMethodClient$Stub$Proxy@414986b8 (uid=10067 pid=1312)
I/ActivityManager(  163): No longer want com.android.keychain (pid 1149): hidden #16
I/WindowManager(  163): WIN DEATH: Window{41703858 edu.mit.csail.diplomamatrix/edu.mit.csail.diplomamatrix.StatusActivity paused=false}
I/ActivityManager(  163): Process edu.mit.csail.diplomamatrix (pid 1312) has died.
W/WindowManager(  163): Force-removing child win Window{41704688 SurfaceView paused=false} from container Window{41703858 edu.mit.csail.diplomamatrix/edu.mit.csail.diplomamatrix.StatusActivity paused=false}
W/WindowManager(  163): Failed looking up window
W/WindowManager(  163): java.lang.IllegalArgumentException: Requested window android.os.BinderProxy@415701b8 does not exist
W/WindowManager(  163): 	at com.android.server.wm.WindowManagerService.windowForClientLocked(WindowManagerService.java:7156)
W/WindowManager(  163): 	at com.android.server.wm.WindowManagerService.windowForClientLocked(WindowManagerService.java:7147)
W/WindowManager(  163): 	at com.android.server.wm.WindowState$DeathRecipient.binderDied(WindowState.java:1529)
W/WindowManager(  163): 	at android.os.BinderProxy.sendDeathNotice(Binder.java:417)
W/WindowManager(  163): 	at dalvik.system.NativeStart.run(Native Method)
I/WindowManager(  163): WIN DEATH: null
W/ActivityManager(  163): Activity destroy timeout for ActivityRecord{4154bc18 edu.mit.csail.diplomamatrix/.StatusActivity}
I/ActivityManager(  163): START {act=android.intent.action.MAIN cat=[android.intent.category.HOME] flg=0x10200000 cmp=com.android.launcher/com.android.launcher2.Launcher} from pid 163
W/InputManagerService(  163): Starting input on non-focused client com.android.internal.view.IInputMethodClient$Stub$Proxy@41711a68 (uid=10065 pid=1037)
I/ActivityManager(  163): START {act=android.intent.action.MAIN cat=[android.intent.category.LAUNCHER] flg=0x10200000 cmp=edu.mit.csail.diplomamatrix/.StatusActivity} from pid 358
I/ActivityManager(  163): Start proc edu.mit.csail.diplomamatrix for activity edu.mit.csail.diplomamatrix/.StatusActivity: pid=1364 uid=10067 gids={1006, 1015, 3003}
W/InputManagerService(  163): Starting input on non-focused client com.android.internal.view.IInputMethodClient$Stub$Proxy@41712ea0 (uid=10029 pid=358)
W/InputManagerService(  163): Starting input on non-focused client com.android.internal.view.IInputMethodClient$Stub$Proxy@416d4f70 (uid=10067 pid=1364)
I/ActivityManager(  163): Process edu.mit.csail.diplomamatrix (pid 1364) has died.
I/WindowManager(  163): WIN DEATH: Window{416a81f0 edu.mit.csail.diplomamatrix/edu.mit.csail.diplomamatrix.StatusActivity paused=false}
W/WindowManager(  163): Force-removing child win Window{4175c1d0 SurfaceView paused=false} from container Window{416a81f0 edu.mit.csail.diplomamatrix/edu.mit.csail.diplomamatrix.StatusActivity paused=false}
W/ActivityManager(  163): Activity destroy timeout for ActivityRecord{4179ebc0 edu.mit.csail.diplomamatrix/.StatusActivity}
W/ActivityManager(  163): No content provider found for permission revoke: file:///data/local/tmp/DIPLOMAMatrix.apk
W/ActivityManager(  163): No content provider found for permission revoke: file:///data/local/tmp/DIPLOMAMatrix.apk
I/ActivityManager(  163): Force stopping package edu.mit.csail.diplomamatrix uid=10067
I/PackageManager(  163): Package edu.mit.csail.diplomamatrix codePath changed from /data/app/edu.mit.csail.diplomamatrix-2.apk to /data/app/edu.mit.csail.diplomamatrix-1.apk; Retaining data and using new
I/ActivityManager(  163): Force stopping package edu.mit.csail.diplomamatrix uid=10067
W/PackageManager(  163): Code path for pkg : edu.mit.csail.diplomamatrix changing from /data/app/edu.mit.csail.diplomamatrix-2.apk to /data/app/edu.mit.csail.diplomamatrix-1.apk
W/PackageManager(  163): Resource path for pkg : edu.mit.csail.diplomamatrix changing from /data/app/edu.mit.csail.diplomamatrix-2.apk to /data/app/edu.mit.csail.diplomamatrix-1.apk
I/ActivityManager(  163): Force stopping package edu.mit.csail.diplomamatrix uid=10067
I/ActivityManager(  163): Start proc com.android.keychain for broadcast com.android.keychain/.KeyChainBroadcastReceiver: pid=1412 uid=1000 gids={1015, 3002, 3001, 3003, 3007}
D/BackupManagerService(  163): Received broadcast Intent { act=android.intent.action.PACKAGE_REMOVED dat=package:edu.mit.csail.diplomamatrix flg=0x10000010 (has extras) }
D/BackupManagerService(  163): Received broadcast Intent { act=android.intent.action.PACKAGE_ADDED dat=package:edu.mit.csail.diplomamatrix flg=0x10000010 (has extras) }
V/BackupManagerService(  163): updatePackageParticipantsLocked: edu.mit.csail.diplomamatrix
D/BackupManagerService(  163): Received broadcast Intent { act=android.intent.action.PACKAGE_REPLACED dat=package:edu.mit.csail.diplomamatrix flg=0x10000010 (has extras) }
V/BackupManagerService(  163): updatePackageParticipantsLocked: edu.mit.csail.diplomamatrix
I/ActivityManager(  163): START {act=android.intent.action.MAIN cat=[android.intent.category.LAUNCHER] flg=0x10000000 cmp=edu.mit.csail.diplomamatrix/.StatusActivity} from pid 1433
I/ActivityManager(  163): Start proc edu.mit.csail.diplomamatrix for activity edu.mit.csail.diplomamatrix/.StatusActivity: pid=1444 uid=10067 gids={1006, 1015, 3003}
W/InputManagerService(  163): Starting input on non-focused client com.android.internal.view.IInputMethodClient$Stub$Proxy@41712ea0 (uid=10029 pid=358)
W/InputManagerService(  163): Window already focused, ignoring focus gain of: com.android.internal.view.IInputMethodClient$Stub$Proxy@416dcb08
W/InputManagerService(  163): Starting input on non-focused client com.android.internal.view.IInputMethodClient$Stub$Proxy@416f9c28 (uid=10067 pid=1444)
I/ActivityManager(  163): No longer want com.android.keychain (pid 1412): hidden #16
I/WindowManager(  163): WIN DEATH: Window{4171fef8 SurfaceView paused=false}
I/ActivityManager(  163): Process edu.mit.csail.diplomamatrix (pid 1444) has died.
I/WindowManager(  163): WIN DEATH: Window{41710cc8 edu.mit.csail.diplomamatrix/edu.mit.csail.diplomamatrix.StatusActivity paused=false}
W/ActivityManager(  163): Activity destroy timeout for ActivityRecord{4154bc18 edu.mit.csail.diplomamatrix/.StatusActivity}
W/ActivityManager(  163): No content provider found for permission revoke: file:///data/local/tmp/DIPLOMAMatrix.apk
W/ActivityManager(  163): No content provider found for permission revoke: file:///data/local/tmp/DIPLOMAMatrix.apk
I/ActivityManager(  163): Force stopping package edu.mit.csail.diplomamatrix uid=10067
I/PackageManager(  163): Package edu.mit.csail.diplomamatrix codePath changed from /data/app/edu.mit.csail.diplomamatrix-1.apk to /data/app/edu.mit.csail.diplomamatrix-2.apk; Retaining data and using new
I/ActivityManager(  163): Force stopping package edu.mit.csail.diplomamatrix uid=10067
W/PackageManager(  163): Code path for pkg : edu.mit.csail.diplomamatrix changing from /data/app/edu.mit.csail.diplomamatrix-1.apk to /data/app/edu.mit.csail.diplomamatrix-2.apk
W/PackageManager(  163): Resource path for pkg : edu.mit.csail.diplomamatrix changing from /data/app/edu.mit.csail.diplomamatrix-1.apk to /data/app/edu.mit.csail.diplomamatrix-2.apk
I/ActivityManager(  163): Force stopping package edu.mit.csail.diplomamatrix uid=10067
D/BackupManagerService(  163): Received broadcast Intent { act=android.intent.action.PACKAGE_REMOVED dat=package:edu.mit.csail.diplomamatrix flg=0x10000010 (has extras) }
I/ActivityManager(  163): Start proc com.android.keychain for broadcast com.android.keychain/.KeyChainBroadcastReceiver: pid=1498 uid=1000 gids={1015, 3002, 3001, 3003, 3007}
D/BackupManagerService(  163): Received broadcast Intent { act=android.intent.action.PACKAGE_ADDED dat=package:edu.mit.csail.diplomamatrix flg=0x10000010 (has extras) }
V/BackupManagerService(  163): updatePackageParticipantsLocked: edu.mit.csail.diplomamatrix
D/BackupManagerService(  163): Received broadcast Intent { act=android.intent.action.PACKAGE_REPLACED dat=package:edu.mit.csail.diplomamatrix flg=0x10000010 (has extras) }
V/BackupManagerService(  163): updatePackageParticipantsLocked: edu.mit.csail.diplomamatrix
I/ActivityManager(  163): START {act=android.intent.action.MAIN cat=[android.intent.category.LAUNCHER] flg=0x10000000 cmp=edu.mit.csail.diplomamatrix/.StatusActivity} from pid 1519
I/ActivityManager(  163): Start proc edu.mit.csail.diplomamatrix for activity edu.mit.csail.diplomamatrix/.StatusActivity: pid=1530 uid=10067 gids={1006, 1015, 3003}
W/InputManagerService(  163): Starting input on non-focused client com.android.internal.view.IInputMethodClient$Stub$Proxy@41712ea0 (uid=10029 pid=358)
W/InputManagerService(  163): Window already focused, ignoring focus gain of: com.android.internal.view.IInputMethodClient$Stub$Proxy@417146a8
W/InputManagerService(  163): Starting input on non-focused client com.android.internal.view.IInputMethodClient$Stub$Proxy@416e1250 (uid=10067 pid=1530)
I/ActivityManager(  163): No longer want com.android.keychain (pid 1498): hidden #16
I/WindowManager(  163): WIN DEATH: Window{416b4340 edu.mit.csail.diplomamatrix/edu.mit.csail.diplomamatrix.StatusActivity paused=false}
W/WindowManager(  163): Force-removing child win Window{416ecd98 SurfaceView paused=false} from container Window{416b4340 edu.mit.csail.diplomamatrix/edu.mit.csail.diplomamatrix.StatusActivity paused=false}
I/ActivityManager(  163): Process edu.mit.csail.diplomamatrix (pid 1530) has died.
W/ActivityManager(  163): No content provider found for permission revoke: file:///data/local/tmp/DIPLOMAMatrix.apk
W/ActivityManager(  163): No content provider found for permission revoke: file:///data/local/tmp/DIPLOMAMatrix.apk
I/ActivityManager(  163): Force stopping package edu.mit.csail.diplomamatrix uid=10067
I/ActivityManager(  163):   Force finishing activity ActivityRecord{4155a7e0 edu.mit.csail.diplomamatrix/.StatusActivity}
W/ActivityManager(  163): Duplicate finish request for ActivityRecord{4155a7e0 edu.mit.csail.diplomamatrix/.StatusActivity}
I/PackageManager(  163): Package edu.mit.csail.diplomamatrix codePath changed from /data/app/edu.mit.csail.diplomamatrix-2.apk to /data/app/edu.mit.csail.diplomamatrix-1.apk; Retaining data and using new
I/ActivityManager(  163): Force stopping package edu.mit.csail.diplomamatrix uid=10067
I/ActivityManager(  163):   Force finishing activity ActivityRecord{4155a7e0 edu.mit.csail.diplomamatrix/.StatusActivity}
W/ActivityManager(  163): Duplicate finish request for ActivityRecord{4155a7e0 edu.mit.csail.diplomamatrix/.StatusActivity}
W/PackageManager(  163): Code path for pkg : edu.mit.csail.diplomamatrix changing from /data/app/edu.mit.csail.diplomamatrix-2.apk to /data/app/edu.mit.csail.diplomamatrix-1.apk
W/PackageManager(  163): Resource path for pkg : edu.mit.csail.diplomamatrix changing from /data/app/edu.mit.csail.diplomamatrix-2.apk to /data/app/edu.mit.csail.diplomamatrix-1.apk
I/ActivityManager(  163): Force stopping package edu.mit.csail.diplomamatrix uid=10067
I/ActivityManager(  163):   Force finishing activity ActivityRecord{4155a7e0 edu.mit.csail.diplomamatrix/.StatusActivity}
W/ActivityManager(  163): Duplicate finish request for ActivityRecord{4155a7e0 edu.mit.csail.diplomamatrix/.StatusActivity}
D/BackupManagerService(  163): Received broadcast Intent { act=android.intent.action.PACKAGE_REMOVED dat=package:edu.mit.csail.diplomamatrix flg=0x10000010 (has extras) }
I/ActivityManager(  163): Start proc com.android.keychain for broadcast com.android.keychain/.KeyChainBroadcastReceiver: pid=1584 uid=1000 gids={1015, 3002, 3001, 3003, 3007}
D/BackupManagerService(  163): Received broadcast Intent { act=android.intent.action.PACKAGE_ADDED dat=package:edu.mit.csail.diplomamatrix flg=0x10000010 (has extras) }
V/BackupManagerService(  163): updatePackageParticipantsLocked: edu.mit.csail.diplomamatrix
D/BackupManagerService(  163): Received broadcast Intent { act=android.intent.action.PACKAGE_REPLACED dat=package:edu.mit.csail.diplomamatrix flg=0x10000010 (has extras) }
V/BackupManagerService(  163): updatePackageParticipantsLocked: edu.mit.csail.diplomamatrix
I/ActivityManager(  163): START {act=android.intent.action.MAIN cat=[android.intent.category.LAUNCHER] flg=0x10000000 cmp=edu.mit.csail.diplomamatrix/.StatusActivity} from pid 1605
I/ActivityManager(  163): Start proc edu.mit.csail.diplomamatrix for activity edu.mit.csail.diplomamatrix/.StatusActivity: pid=1616 uid=10067 gids={1006, 1015, 3003}
W/InputManagerService(  163): Starting input on non-focused client com.android.internal.view.IInputMethodClient$Stub$Proxy@41712ea0 (uid=10029 pid=358)
W/ActivityManager(  163): Activity destroy timeout for ActivityRecord{4155a7e0 edu.mit.csail.diplomamatrix/.StatusActivity}
W/InputManagerService(  163): Window already focused, ignoring focus gain of: com.android.internal.view.IInputMethodClient$Stub$Proxy@415f9e38
W/InputManagerService(  163): Starting input on non-focused client com.android.internal.view.IInputMethodClient$Stub$Proxy@416be6b0 (uid=10067 pid=1616)
I/ActivityManager(  163): No longer want com.android.keychain (pid 1584): hidden #16
I/WindowManager(  163): WIN DEATH: Window{4171fef8 edu.mit.csail.diplomamatrix/edu.mit.csail.diplomamatrix.StatusActivity paused=false}
W/WindowManager(  163): Force-removing child win Window{417ef730 SurfaceView paused=false} from container Window{4171fef8 edu.mit.csail.diplomamatrix/edu.mit.csail.diplomamatrix.StatusActivity paused=false}
I/ActivityManager(  163): Process edu.mit.csail.diplomamatrix (pid 1616) has died.
W/ActivityManager(  163): No content provider found for permission revoke: file:///data/local/tmp/DIPLOMAMatrix.apk
W/ActivityManager(  163): No content provider found for permission revoke: file:///data/local/tmp/DIPLOMAMatrix.apk
I/ActivityManager(  163): Force stopping package edu.mit.csail.diplomamatrix uid=10067
I/ActivityManager(  163):   Force finishing activity ActivityRecord{4156bb50 edu.mit.csail.diplomamatrix/.StatusActivity}
W/ActivityManager(  163): Duplicate finish request for ActivityRecord{4156bb50 edu.mit.csail.diplomamatrix/.StatusActivity}
I/PackageManager(  163): Package edu.mit.csail.diplomamatrix codePath changed from /data/app/edu.mit.csail.diplomamatrix-1.apk to /data/app/edu.mit.csail.diplomamatrix-2.apk; Retaining data and using new
I/ActivityManager(  163): Force stopping package edu.mit.csail.diplomamatrix uid=10067
I/ActivityManager(  163):   Force finishing activity ActivityRecord{4156bb50 edu.mit.csail.diplomamatrix/.StatusActivity}
W/ActivityManager(  163): Duplicate finish request for ActivityRecord{4156bb50 edu.mit.csail.diplomamatrix/.StatusActivity}
W/PackageManager(  163): Code path for pkg : edu.mit.csail.diplomamatrix changing from /data/app/edu.mit.csail.diplomamatrix-1.apk to /data/app/edu.mit.csail.diplomamatrix-2.apk
W/PackageManager(  163): Resource path for pkg : edu.mit.csail.diplomamatrix changing from /data/app/edu.mit.csail.diplomamatrix-1.apk to /data/app/edu.mit.csail.diplomamatrix-2.apk
I/ActivityManager(  163): Force stopping package edu.mit.csail.diplomamatrix uid=10067
I/ActivityManager(  163):   Force finishing activity ActivityRecord{4156bb50 edu.mit.csail.diplomamatrix/.StatusActivity}
W/ActivityManager(  163): Duplicate finish request for ActivityRecord{4156bb50 edu.mit.csail.diplomamatrix/.StatusActivity}
D/BackupManagerService(  163): Received broadcast Intent { act=android.intent.action.PACKAGE_REMOVED dat=package:edu.mit.csail.diplomamatrix flg=0x10000010 (has extras) }
I/ActivityManager(  163): Start proc com.android.keychain for broadcast com.android.keychain/.KeyChainBroadcastReceiver: pid=1666 uid=1000 gids={1015, 3002, 3001, 3003, 3007}
D/BackupManagerService(  163): Received broadcast Intent { act=android.intent.action.PACKAGE_ADDED dat=package:edu.mit.csail.diplomamatrix flg=0x10000010 (has extras) }
V/BackupManagerService(  163): updatePackageParticipantsLocked: edu.mit.csail.diplomamatrix
