I/ActivityManager(  163): Start proc edu.mit.csail.diplomamatrix for activity edu.mit.csail.diplomamatrix/.StatusActivity: pid=2172 uid=10067 gids={1006, 1015, 3003}
I/dalvikvm( 2172): Turning on JNI app bug workarounds for target SDK version 4...
D/OpenGLRenderer(  358): Flushing caches (mode 1)
I/StatusActivity( 2172): 1333611332238: *** Opened log file for writing ***
I/StatusActivity( 2172): 1333611332239: Android build: Nexus S
I/StatusActivity( 2172): 1333611332240: NET_NAME set to: wlan0
I/StatusActivity( 2172): 1333611332240: starting Mux with id = -1
I/StatusActivity( 2172): 1333611332242: areButtonsEnabled --> true
I/StatusActivity( 2172): 1333611332244: *** Application started ***
I/StatusActivity( 2172): 1333611332244: HI I'm in ONRESUME()
I/StatusActivity( 2172): 1333611332246: SAMPLING_DISTANCE : 1, SAMPLING_DURATION : 1000
I/Mux.java( 2172): run() beginning -------------
D/Mux     ( 2172): Mux started
I/StatusActivity( 2172): 1333611332255: ************ GPS turned OFF *************
I/NetworkThread( 2172): Initial socket buffer sizes: 110592 receive, 110592 send
I/NetworkThread( 2172): Set socket buffer sizes to: 221184 receive, 221184 send
I/NetworkThread( 2172): started, local IP address:/192.168.5.1
I/Mux.java's nodeId is( 2172): 5001
I/Mux     ( 2172): starting vncDaemon ........
I/VCoreDaemon( 2172): 1333611332276: Started VCoreDaemon with parameters maxRx = 6 , maxRY= 1, minLongitude = -7110102 , minLatitude = 4236349, regionWidth =17
I/Mux     ( 2172): vncDaemon started
I/VCoreDaemon.java( 2172): onStart() about to stateTransition.........................................................................
I/VCoreDaemon( 2172): 1333611332282: started, mId = 5001
I/VCoreDaemon.java( 2172): inside stateTransition ......................................................................................
I/..... VCoreDaemon.java( 2172): out of bounds
I/VCoreDaemon( 2172): 1333611332284: region (-1, -1) out of bounds, dormant
I/..... VCoreDaemon.java( 2172): ends xxxxxxxxxxxxxxxxxxxxxxxxxxxxxxxxxxxxxxxxxxx
V/PhoneStatusBar(  229): setLightsOn(true)
D/OpenGLRenderer(  358): Flushing caches (mode 0)
I/CameraSurfaceView( 2172): inside surfaceCreated()
I/CameraSurfaceView( 2172): opening Camera.open()
I/CameraService(   82): Opening camera 0
I/CameraHardwareSec(   82): int android::HAL_camera_device_open(const hw_module_t*, const char*, hw_device_t**): open camera 0
E/SecCamera(   82): initCamera: m_cam_fd(29), m_jpeg_fd(0)
I/SecCamera(   82): Name of input channel[0] is S5K4ECGX
E/SecCamera(   82): initCamera: m_cam_fd2(30)
I/SecCamera(   82): Name of input channel[0] is S5K4ECGX
I/SecCamera(   82): initCamera : initialized
I/SecCamera(   82): Name of input channel[0] is S5K4ECGX
I/CameraHardwareSec(   82): int android::HAL_camera_device_open(const hw_module_t*, const char*, hw_device_t**): opened camera 0 (0x1e73ef8)
I/AwesomePlayer(   82): setDataSource_l('/system/media/audio/ui/camera_click.ogg')
I/CameraHardwareSec(   82): int android::CameraHardwareSec::previewThreadWrapper(): starting
I/CameraHardwareSec(   82): int android::CameraHardwareSec::previewThreadWrapper(): calling mSecCamera->stopPreview() and waiting
W/SecCamera(   82): int android::SecCamera::stopPreview(): doing nothing because m_flag_camera_start is zero
I/AwesomePlayer(   82): setDataSource_l('/system/media/audio/ui/VideoRecord.ogg')
I/CameraSurfaceView( 2172): opened camera
I/CameraSurfaceView( 2172): inside on surfaceChanged()
D/dalvikvm(  358): GC_CONCURRENT freed 865K, 27% free 14617K/19911K, paused 5ms+5ms
D/CameraHardwareSec(   82): mPreviewHeap(fd(29), size(518400), width(720), height(480))
I/CameraHardwareSec(   82): int android::CameraHardwareSec::previewThreadWrapper(): return from wait
I/ActivityManager(  163): Displayed edu.mit.csail.diplomamatrix/.StatusActivity: +1s102ms
W/InputManagerService(  163): Starting input on non-focused client com.android.internal.view.IInputMethodClient$Stub$Proxy@41712ea0 (uid=10029 pid=358)
W/ActivityManager(  163): Activity destroy timeout for ActivityRecord{41525e78 edu.mit.csail.diplomamatrix/.StatusActivity}
I/NetworkThread( 2172): 1333611337773: Received UDP payload: 406
D/dalvikvm( 2172): GC_CONCURRENT freed 160K, 3% free 9339K/9607K, paused 34ms+3ms
I/NetworkThread( 2172): 1333611338035: Received UDP payload: 406
I/NetworkThread( 2172): 1333611338342: Received UDP payload: 406
I/NetworkThread( 2172): 1333611338645: Received UDP payload: 406
I/VCoreDaemon( 2172): 1333611349381: moving from region (-1,-1), to (5,0)
I/VCoreDaemon.java( 2172): inside stateTransition ......................................................................................
I/..... VCoreDaemon.java( 2172): targetState = JOINING
I/VCoreDaemon( 2172): 1333611349382: sending LEADER_REQUEST
I/VCoreDaemon( 2172): 1333611349382: inside sendPacket(Packet p)
I/NetworkThread( 2172): 1333611349392: Sending UDP payload: 406
I/..... VCoreDaemon.java( 2172): ends xxxxxxxxxxxxxxxxxxxxxxxxxxxxxxxxxxxxxxxxxxx
D/AudioHardware(   82): AudioHardware pcm playback is exiting standby.
D/AudioHardware(   82): openPcmOut_l() mPcmOpenCnt: 0
I/VCoreDaemon( 2172): 1333611349683: sending LEADER_REQUEST
I/VCoreDaemon( 2172): 1333611349684: inside sendPacket(Packet p)
I/NetworkThread( 2172): 1333611349701: Sending UDP payload: 406
I/VCoreDaemon( 2172): 1333611349984: sending LEADER_REQUEST
I/VCoreDaemon( 2172): 1333611349985: inside sendPacket(Packet p)
I/NetworkThread( 2172): 1333611349995: Sending UDP payload: 406
I/VCoreDaemon( 2172): 1333611350286: sending LEADER_REQUEST
I/VCoreDaemon( 2172): 1333611350287: inside sendPacket(Packet p)
I/NetworkThread( 2172): 1333611350305: Sending UDP payload: 406
I/VCoreDaemon( 2172): 1333611350393: LEADER_REQUEST timed out
I/VCoreDaemon.java( 2172): inside stateTransition ......................................................................................
I/..... VCoreDaemon.java( 2172): targetState = LEADER
I/NetworkThread( 2172): 1333611351067: Received UDP payload: 25811
D/AudioHardware(   82): AudioHardware pcm playback is going to standby.
D/AudioHardware(   82): closePcmOut_l() mPcmOpenCnt: 1
I/VNC:Cloud( 2172): Request executed: http://hermes5.csail.mit.edu:8212/take/5/0/5001/1333611350393/
I/VCoreDaemon( 2172): 1333611352589: cloud accepted leadership request, no csm data included.
I/..... VCoreDaemon.java( 2172): targetState = LEADER and create new DSMLayer !!!! :D:D:D:D:D
I/VCoreDaemon( 2172): 1333611352598: *** Starting CSM Layer ***
I/VCoreDaemon( 2172): 1333611352601: *** CSM Layer starting with cache disabled ***
I/VCoreDaemon( 2172): 1333611352602: *** CSM Layer starting with forwarding enabled ***
I/VCoreDaemon( 2172): 1333611352657: DSMLayer starting
I/DSMLayer.java( 2172): starting new UserApp ...............................
I/UserApp ( 2172): 1333611352664: UserApp started.
I/UserApp ( 2172): 1333611352670: UserApp for Camera Diploma initialized and waiting for requests.
D/dalvikvm( 2172): GC_CONCURRENT freed 264K, 4% free 9589K/9927K, paused 2ms+3ms
I/VCoreDaemon( 2172): 1333611352916: inside sendPacket(Packet p)
I/NetworkThread( 2172): 1333611352928: Sending UDP payload: 25252
I/VCoreDaemon( 2172): 1333611352941: now fully up as LEADER (id=5001) of (5,0)
I/..... VCoreDaemon.java( 2172): ends xxxxxxxxxxxxxxxxxxxxxxxxxxxxxxxxxxxxxxxxxxx
I/StatusActivity( 2172): 1333611353749: canPressButton = TRUE
I/StatusActivity( 2172): 1333611353751: areButtonsEnabled --> false
I/StatusActivity( 2172): 1333611353754: disabling buttons ...
I/StatusActivity( 2172): Inside disableButtonsR
I/StatusActivity( 2172): areButtonsEnabled --> false
I/StatusActivity( 2172): 1333611353765: ** Clicked take picture button **
I/CameraSurfaceView( 2172): inside getCamera()
D/AudioHardware(   82): AudioHardware pcm playback is exiting standby.
D/AudioHardware(   82): openPcmOut_l() mPcmOpenCnt: 0
I/CameraHardwareSec(   82): int android::CameraHardwareSec::previewThreadWrapper(): calling mSecCamera->stopPreview() and waiting
D/dalvikvm( 2172): GC_FOR_ALLOC freed 367K, 6% free 9587K/10119K, paused 27ms
I/SecCamera(   82): int android::fimc_v4l2_querybuf(int, android::fimc_buffer*, v4l2_buf_type) :
I/SecCamera(   82): int android::fimc_v4l2_querybuf(int, android::fimc_buffer*, v4l2_buf_type): buffer->start = 0x43d84000 v4l2_buf.length = 4261248
I/CameraHardwareSec(   82): == Camera Sensor Detect S5K4ECGX - Samsung LSI SOC 5M ==
D/JpegEncoder(   82): encode E
D/JpegEncoder(   82): encode X
D/SecCamera(   82): Shutter speed=124942 us, iso=400
D/SecCamera(   82): AV=3, TV=3, SV=7
D/JpegEncoder(   82): makeExif E
D/JpegEncoder(   82): makeExif X
I/SecCamera(   82): int android::SecCamera::endSnapshot() :
I/SecCamera(   82): munmap():virt. addr 0x43d84000 size = 4261248
D/dalvikvm( 2172): GC_FOR_ALLOC freed 10K, 4% free 9752K/10119K, paused 17ms
I/dalvikvm-heap( 2172): Grow heap (frag case) to 10.662MB for 1119344-byte allocation
D/dalvikvm( 2172): GC_CONCURRENT freed <1K, 4% free 10845K/11271K, paused 2ms+2ms
I/StatusActivity( 2172): 1333611354636: inside HandlePictureStorage onPictureTaken()
D/CameraHardwareSec(   82): mPreviewHeap(fd(29), size(518400), width(720), height(480))
I/CameraHardwareSec(   82): int android::CameraHardwareSec::previewThreadWrapper(): return from wait
I/StatusActivity( 2172): 1333611355134: Picture successfully taken, ORIG BYTE LENGTH = 1119328
D/dalvikvm( 2172): GC_FOR_ALLOC freed 4K, 4% free 10846K/11271K, paused 62ms
I/dalvikvm-heap( 2172): Grow heap (frag case) to 29.413MB for 19660816-byte allocation
D/dalvikvm( 2172): GC_FOR_ALLOC freed 0K, 2% free 30046K/30535K, paused 14ms
D/dalvikvm( 2172): GC_CONCURRENT freed <1K, 2% free 30046K/30535K, paused 1ms+4ms
I/StatusActivity( 2172): 1333611356008: Our new height x width: 240 x 320
I/StatusActivity( 2172): 1333611356009: Show photo from handle my camera take
I/StatusActivity( 2172): 1333611356015: client making photo packet to send to leader for it to save
I/StatusActivity( 2172): 1333611356038: BYTE SIZE AFTER COMPRESSION: 2750
I/StatusActivity( 2172): 1333611356043: about to send my pic
I/StatusActivity( 2172): 1333611356044: I'm a leader, upload/save new photo packet going to mux directly
I/Mux     ( 2172): 1333611356044: Inside mux Packet.CLIENT_REQUEST
I/Mux     ( 2172): 1333611356044: I'm the leader of requesting client, about to process Packet.CLIENT_REQUEST in userApp
I/UserApp ( 2172): 1333611356045: UserApp handling MY region's client request, will send atom packet to REMOTE region's handleDSMRequest
I/UserApp ( 2172): 1333611356045: request is CLIENT_NEW_PHOTO, so send atom packet to myself (remote region = me)
I/VCoreDaemon( 2172): 1333611356045: Sending PROC_REQUEST 10:0 (5,0)->(5,0)
I/VCoreDaemon( 2172): 1333611356046: Dispatching Atom PROC_REQUEST 10:0 (5,0)->(5,0)
I/Mux     ( 2172): 1333611356046: I got a CSM packet at a leader 
I/NetworkThread( 2172): 1333611356052: Sending UDP payload: 3721
I/StatusActivity( 2172): 1333611356052: end of client send picture method
I/VCoreDaemon( 2172): 1333611356056: removed replies before id 0 from sentReplies of size 0
I/UserApp ( 2172): 1333611356063: Inside UPLOAD_PHOTO!!
I/UserApp ( 2172): 1333611356065: my_gpinfo.isSuccess is now (should be true): true
I/UserApp ( 2172): 1333611356070: Region leader successfully uploaded a new photo taken by a client in region. Region leader now display the new photo on its screen (through StatusActivity)
I/VCoreDaemon( 2172): 1333611356073: Received PROC_REQUEST 10:0 (5,0)->(5,0), replying PROC_REPLY 10:0 (5,0)->(5,0)
I/VCoreDaemon( 2172): 1333611356074: Dispatching Atom PROC_REPLY 10:0 (5,0)->(5,0)
I/Mux     ( 2172): 1333611356075: I got a CSM packet at a leader 
I/NetworkThread( 2172): 1333611356077: Sending UDP payload: 949
I/VCoreDaemon( 2172): 1333611356092: Received PROC_REPLY 10:0 (5,0)->(5,0), handing to UserApp
I/UserApp ( 2172): 1333611356093: Now back in orginitator region's leader, precssing handleDSMReply
I/UserApp ( 2172): 1333611356094: Going to and from remote region took latency = 48
I/UserApp ( 2172): 1333611356094: = orig leader sent packet at 1333611356045 ~ received reply at 1333611356093
I/UserApp ( 2172): 1333611356096: Originator Region=5 Leader (for Client=5001) processes remote region's dsm atom reply and will send Packet reply to Originator Client
I/UserApp ( 2172): 1333611356097: reply packet contains the ACK for UPLOAD_PHOTO
I/UserApp ( 2172): 1333611356099: I (the leader) was also the originator client (id = 5001) so I hand the packet to my mux directly, without UDP
I/StatusActivity( 2172): 1333611356102: inside Packet.SERVER_SHOW_NEWPHOTO. I'm a leader showing my nonleader/myself client's new photo
I/StatusActivity( 2172): 1333611356104: I'm a leader and I SUCCEEDED in saving my client's new photo
I/StatusActivity( 2172): 1333611356113: now showing in UI the new photo I just saved ... 
I/StatusActivity( 2172): 1333611356137: inside Packet.CLIENT_UPLOAD_PHOTO_ACK
I/StatusActivity( 2172): 1333611356137: leader upload new photo latency = 93
I/StatusActivity( 2172): 1333611356138: = leader upload start 1333611356044 ~ stop 1333611356137
I/StatusActivity( 2172): 1333611356140: SUCCESS! Client now knows saving photo on its leader succeeded
I/StatusActivity( 2172): Inside _enableButtons
I/StatusActivity( 2172): areButtonsEnabled --> true
W/InputManagerService(  163): Window already focused, ignoring focus gain of: com.android.internal.view.IInputMethodClient$Stub$Proxy@416beaf0
D/AudioHardware(   82): AudioHardware pcm playback is going to standby.
D/AudioHardware(   82): closePcmOut_l() mPcmOpenCnt: 1
W/NetworkStats(  163): dropping UID delta from unknown iface: iface=wlan0 uid=10067 set=FOREGROUND tag=0x0 rxBytes=59317 rxPackets=12 txBytes=31742 txPackets=7 operations=0
D/dalvikvm(  163): GC_CONCURRENT freed 845K, 12% free 12553K/14151K, paused 3ms+5ms
D/dalvikvm(  163): GC_EXPLICIT freed 113K, 11% free 12659K/14151K, paused 10ms+4ms
D/AudioHardware(   82): AudioHardware pcm playback is exiting standby.
D/AudioHardware(   82): openPcmOut_l() mPcmOpenCnt: 0
I/VCoreDaemon( 2172): 1333611362290: inside sendPacket(Packet p)
I/NetworkThread( 2172): 1333611362296: Sending UDP payload: 406
I/NetworkThread( 2172): 1333611363561: Received UDP payload: 406
D/AudioHardware(   82): AudioHardware pcm playback is going to standby.
D/AudioHardware(   82): closePcmOut_l() mPcmOpenCnt: 1
I/VCoreDaemon( 2172): 1333611382943: leader to cloud hearbeat...
I/VNC:Cloud( 2172): Request executed: http://hermes5.csail.mit.edu:8212/take/5/0/5001/1333611382944/
D/dalvikvm(  325): GC_CONCURRENT freed 424K, 6% free 9505K/10055K, paused 1ms+2ms
W/NetworkStats(  163): dropping UID delta from unknown iface: iface=wlan0 uid=10067 set=FOREGROUND tag=0x0 rxBytes=868 rxPackets=2 txBytes=434 txPackets=1 operations=0
D/AndroidRuntime( 2209): 
D/AndroidRuntime( 2209): >>>>>> AndroidRuntime START com.android.internal.os.RuntimeInit <<<<<<
D/AndroidRuntime( 2209): CheckJNI is OFF
D/AndroidRuntime( 2209): Calling main entry com.android.commands.pm.Pm
D/dalvikvm( 1108): GC_CONCURRENT freed 386K, 6% free 9086K/9607K, paused 2ms+2ms
W/ActivityManager(  163): No content provider found for permission revoke: file:///data/local/tmp/DIPLOMAMatrix.apk
W/ActivityManager(  163): No content provider found for permission revoke: file:///data/local/tmp/DIPLOMAMatrix.apk
I/PackageManager(  163): Removing non-system package:edu.mit.csail.diplomamatrix
I/ActivityManager(  163): Force stopping package edu.mit.csail.diplomamatrix uid=10067
I/ActivityManager(  163): Killing proc 2172:edu.mit.csail.diplomamatrix/10067: force stop
W/ActivityManager(  163): Force removing ActivityRecord{41555298 edu.mit.csail.diplomamatrix/.StatusActivity}: app died, no saved state
E/SurfaceTexture(   79): [SurfaceView] dequeueBuffer: SurfaceTexture has been abandoned!
I/WindowManager(  163): WIN DEATH: Window{416d1a50 edu.mit.csail.diplomamatrix/edu.mit.csail.diplomamatrix.StatusActivity paused=false}
W/WindowManager(  163): Force-removing child win Window{416faec0 SurfaceView paused=false} from container Window{416d1a50 edu.mit.csail.diplomamatrix/edu.mit.csail.diplomamatrix.StatusActivity paused=false}
E/CameraHardwareSec(   82): Could not dequeue gralloc buffer!
I/CameraHardwareSec(   82): int android::CameraHardwareSec::previewThreadWrapper(): calling mSecCamera->stopPreview() and waiting
W/WindowManager(  163): Failed looking up window
W/WindowManager(  163): java.lang.IllegalArgumentException: Requested window android.os.BinderProxy@416ce930 does not exist
W/WindowManager(  163): 	at com.android.server.wm.WindowManagerService.windowForClientLocked(WindowManagerService.java:7156)
W/WindowManager(  163): 	at com.android.server.wm.WindowManagerService.windowForClientLocked(WindowManagerService.java:7147)
W/WindowManager(  163): 	at com.android.server.wm.WindowState$DeathRecipient.binderDied(WindowState.java:1529)
W/WindowManager(  163): 	at android.os.BinderProxy.sendDeathNotice(Binder.java:417)
W/WindowManager(  163): 	at dalvik.system.NativeStart.run(Native Method)
I/WindowManager(  163): WIN DEATH: null
W/GpsLocationProvider(  163): Unneeded remove listener for uid 1000
I/CameraHardwareSec(   82): int android::CameraHardwareSec::previewThreadWrapper(): return from wait
I/CameraHardwareSec(   82): int android::CameraHardwareSec::previewThreadWrapper(): exiting
W/SecCamera(   82): int android::SecCamera::stopPreview(): doing nothing because m_flag_camera_start is zero
W/SecCamera(   82): int android::SecCamera::stopRecord(): doing nothing because m_flag_record_start is zero
I/SecCamera(   82): DeinitCamera: m_cam_fd(29)
I/SecCamera(   82): DeinitCamera: m_cam_fd2(30)
E/CameraHardwareSec(   82): preview window is NULL!
I/CameraService(   82): Destroying camera 0
I/CameraHardwareSec(   82): int android::HAL_camera_device_close(hw_device_t*)
I/SecCamera(   82): DeinitCamera : already deinitialized
W/AudioFlinger(   82): session id 45 not found for pid 82
W/AudioFlinger(   82): session id 46 not found for pid 82
I/PackageManager(  163): Package edu.mit.csail.diplomamatrix codePath changed from /data/app/edu.mit.csail.diplomamatrix-2.apk to /data/app/edu.mit.csail.diplomamatrix-1.apk; Retaining data and using new
I/PackageManager(  163): Running dexopt on: edu.mit.csail.diplomamatrix
W/InputManagerService(  163): Got RemoteException sending setActive(false) notification to pid 2172 uid 10067
D/dalvikvm(  358): GC_FOR_ALLOC freed 3475K, 36% free 12772K/19911K, paused 44ms
D/dalvikvm(  358): GC_FOR_ALLOC freed 370K, 36% free 12921K/19911K, paused 56ms
D/dalvikvm(  358): GC_CONCURRENT freed 4K, 29% free 14177K/19911K, paused 4ms+15ms
D/dalvikvm( 2220): DexOpt: load 47ms, verify+opt 469ms
I/ActivityManager(  163): Force stopping package edu.mit.csail.diplomamatrix uid=10067
W/PackageManager(  163): Code path for pkg : edu.mit.csail.diplomamatrix changing from /data/app/edu.mit.csail.diplomamatrix-2.apk to /data/app/edu.mit.csail.diplomamatrix-1.apk
W/PackageManager(  163): Resource path for pkg : edu.mit.csail.diplomamatrix changing from /data/app/edu.mit.csail.diplomamatrix-2.apk to /data/app/edu.mit.csail.diplomamatrix-1.apk
D/dalvikvm(  163): GC_CONCURRENT freed 851K, 11% free 12613K/14151K, paused 2ms+5ms
D/PackageManager(  163): New package installed in /data/app/edu.mit.csail.diplomamatrix-1.apk
D/dalvikvm(  358): GC_CONCURRENT freed 2520K, 34% free 13327K/19911K, paused 2ms+3ms
I/ActivityManager(  163): Force stopping package edu.mit.csail.diplomamatrix uid=10067
D/dalvikvm(  358): GC_FOR_ALLOC freed 591K, 33% free 13502K/19911K, paused 37ms
D/dalvikvm(  358): GC_EXPLICIT freed 327K, 30% free 13998K/19911K, paused 2ms+6ms
D/dalvikvm(  358): GC_FOR_ALLOC freed 732K, 30% free 14023K/19911K, paused 25ms
I/dalvikvm-heap(  358): Grow heap (frag case) to 15.432MB for 1742416-byte allocation
D/dalvikvm(  358): GC_CONCURRENT freed <1K, 22% free 15724K/19911K, paused 2ms+4ms
D/dalvikvm(  358): GC_FOR_ALLOC freed 2461K, 30% free 14026K/19911K, paused 20ms
D/dalvikvm(  358): GC_CONCURRENT freed 675K, 25% free 14943K/19911K, paused 1ms+5ms
I/RegisteredComponentCache(  345): ComponentInfo: ResolveInfo{4132d0a8 com.android.apps.tag.TagViewer p=0 o=0 m=0x108000}, techs: android.nfc.tech.Ndef, 
D/dalvikvm( 1122): GC_EXPLICIT freed 264K, 5% free 9354K/9799K, paused 24ms+2ms
D/dalvikvm(  163): GC_EXPLICIT freed 328K, 12% free 12530K/14151K, paused 2ms+4ms
I/RegisteredComponentCache(  345): ComponentInfo: ResolveInfo{4132d450 com.android.apps.tag.TagViewer p=0 o=0 m=0x108000}, techs: android.nfc.tech.Ndef, 
D/PackageManager(  163): generateServicesMap(android.accounts.AccountAuthenticator): 3 services unchanged
D/PackageManager(  163): generateServicesMap(android.content.SyncAdapter): 14 services unchanged
D/BackupManagerService(  163): Received broadcast Intent { act=android.intent.action.PACKAGE_REMOVED dat=package:edu.mit.csail.diplomamatrix flg=0x10000010 (has extras) }
D/PackageManager(  163): generateServicesMap(android.accounts.AccountAuthenticator): 3 services unchanged
D/PackageManager(  163): generateServicesMap(android.content.SyncAdapter): 14 services unchanged
D/BackupManagerService(  163): Received broadcast Intent { act=android.intent.action.PACKAGE_ADDED dat=package:edu.mit.csail.diplomamatrix flg=0x10000010 (has extras) }
V/BackupManagerService(  163): updatePackageParticipantsLocked: edu.mit.csail.diplomamatrix
D/dalvikvm( 1136): GC_FOR_ALLOC freed 172K, 7% free 9186K/9799K, paused 43ms
D/BackupManagerService(  163): Received broadcast Intent { act=android.intent.action.PACKAGE_REPLACED dat=package:edu.mit.csail.diplomamatrix flg=0x10000010 (has extras) }
V/BackupManagerService(  163): updatePackageParticipantsLocked: edu.mit.csail.diplomamatrix
D/dalvikvm(  358): GC_CONCURRENT freed 3290K, 32% free 13542K/19911K, paused 2ms+26ms
D/dalvikvm(  163): GC_EXPLICIT freed 692K, 11% free 12717K/14151K, paused 2ms+7ms
D/dalvikvm(  358): GC_FOR_ALLOC freed 1351K, 33% free 13366K/19911K, paused 27ms
D/AndroidRuntime( 2209): Shutting down VM
D/dalvikvm( 2209): GC_CONCURRENT freed 100K, 83% free 456K/2560K, paused 1ms+1ms
D/jdwp    ( 2209): Got wake-up signal, bailing out of select
D/dalvikvm( 2209): Debugger has detached; object registry had 1 entries
I/AndroidRuntime( 2209): NOTE: attach of thread 'Binder Thread #3' failed
D/dalvikvm(  358): GC_CONCURRENT freed 826K, 30% free 13956K/19911K, paused 3ms+5ms
D/dalvikvm(  358): GC_FOR_ALLOC freed 2059K, 39% free 12343K/19911K, paused 25ms
I/dalvikvm-heap(  358): Grow heap (frag case) to 13.357MB for 1286224-byte allocation
D/dalvikvm(  358): GC_FOR_ALLOC freed 5K, 32% free 13593K/19911K, paused 32ms
D/dalvikvm(  358): GC_CONCURRENT freed 8K, 32% free 13653K/19911K, paused 2ms+9ms
D/AndroidRuntime( 2231): 
D/AndroidRuntime( 2231): >>>>>> AndroidRuntime START com.android.internal.os.RuntimeInit <<<<<<
D/AndroidRuntime( 2231): CheckJNI is OFF
D/dalvikvm(  358): GC_CONCURRENT freed 323K, 26% free 14823K/19911K, paused 2ms+4ms
D/dalvikvm(  358): GC_FOR_ALLOC freed 1826K, 30% free 14119K/19911K, paused 54ms
D/AndroidRuntime( 2231): Calling main entry com.android.commands.am.Am
I/ActivityManager(  163): START {act=android.intent.action.MAIN cat=[android.intent.category.LAUNCHER] flg=0x10000000 cmp=edu.mit.csail.diplomamatrix/.StatusActivity} from pid 2231
D/AndroidRuntime( 2231): Shutting down VM
D/dalvikvm( 2231): GC_CONCURRENT freed 102K, 81% free 486K/2560K, paused 1ms+0ms
D/jdwp    ( 2231): Got wake-up signal, bailing out of select
D/dalvikvm( 2231): Debugger has detached; object registry had 1 entries
I/AndroidRuntime( 2231): NOTE: attach of thread 'Binder Thread #3' failed
D/dalvikvm( 2242): Late-enabling CheckJNI
I/ActivityManager(  163): Start proc edu.mit.csail.diplomamatrix for activity edu.mit.csail.diplomamatrix/.StatusActivity: pid=2242 uid=10067 gids={1006, 1015, 3003}
I/dalvikvm( 2242): Turning on JNI app bug workarounds for target SDK version 4...
E/jdwp    ( 2242): Failed sending reply to debugger: Broken pipe
D/dalvikvm( 2242): Debugger has detached; object registry had 1 entries
D/OpenGLRenderer(  358): Flushing caches (mode 1)
I/StatusActivity( 2242): 1333611394357: *** Opened log file for writing ***
I/StatusActivity( 2242): 1333611394358: Android build: Nexus S
I/StatusActivity( 2242): 1333611394359: NET_NAME set to: wlan0
I/StatusActivity( 2242): 1333611394360: starting Mux with id = -1
I/StatusActivity( 2242): 1333611394361: areButtonsEnabled --> true
I/StatusActivity( 2242): 1333611394363: *** Application started ***
I/StatusActivity( 2242): 1333611394364: HI I'm in ONRESUME()
I/StatusActivity( 2242): 1333611394366: SAMPLING_DISTANCE : 1, SAMPLING_DURATION : 1000
I/StatusActivity( 2242): 1333611394375: ************ GPS turned OFF *************
I/Mux.java( 2242): run() beginning -------------
D/Mux     ( 2242): Mux started
I/NetworkThread( 2242): Initial socket buffer sizes: 110592 receive, 110592 send
I/NetworkThread( 2242): Set socket buffer sizes to: 221184 receive, 221184 send
W/GpsLocationProvider(  163): Duplicate add listener for uid 10067
I/NetworkThread( 2242): started, local IP address:/192.168.5.1
I/Mux.java's nodeId is( 2242): 5001
I/Mux     ( 2242): starting vncDaemon ........
I/VCoreDaemon( 2242): 1333611394396: Started VCoreDaemon with parameters maxRx = 6 , maxRY= 1, minLongitude = -7110102 , minLatitude = 4236349, regionWidth =17
I/Mux     ( 2242): vncDaemon started
I/VCoreDaemon.java( 2242): onStart() about to stateTransition.........................................................................
I/VCoreDaemon( 2242): 1333611394402: started, mId = 5001
I/VCoreDaemon.java( 2242): inside stateTransition ......................................................................................
I/..... VCoreDaemon.java( 2242): out of bounds
I/VCoreDaemon( 2242): 1333611394407: region (-1, -1) out of bounds, dormant
I/..... VCoreDaemon.java( 2242): ends xxxxxxxxxxxxxxxxxxxxxxxxxxxxxxxxxxxxxxxxxxx
V/PhoneStatusBar(  229): setLightsOn(true)
D/OpenGLRenderer(  358): Flushing caches (mode 0)
I/CameraSurfaceView( 2242): inside surfaceCreated()
I/CameraSurfaceView( 2242): opening Camera.open()
I/CameraService(   82): Opening camera 0
I/CameraHardwareSec(   82): int android::HAL_camera_device_open(const hw_module_t*, const char*, hw_device_t**): open camera 0
E/SecCamera(   82): initCamera: m_cam_fd(29), m_jpeg_fd(0)
I/SecCamera(   82): Name of input channel[0] is S5K4ECGX
E/SecCamera(   82): initCamera: m_cam_fd2(30)
I/SecCamera(   82): Name of input channel[0] is S5K4ECGX
I/SecCamera(   82): initCamera : initialized
I/SecCamera(   82): Name of input channel[0] is S5K4ECGX
I/CameraHardwareSec(   82): int android::HAL_camera_device_open(const hw_module_t*, const char*, hw_device_t**): opened camera 0 (0x1e73ef8)
I/AwesomePlayer(   82): setDataSource_l('/system/media/audio/ui/camera_click.ogg')
I/CameraHardwareSec(   82): int android::CameraHardwareSec::previewThreadWrapper(): starting
I/CameraHardwareSec(   82): int android::CameraHardwareSec::previewThreadWrapper(): calling mSecCamera->stopPreview() and waiting
W/SecCamera(   82): int android::SecCamera::stopPreview(): doing nothing because m_flag_camera_start is zero
I/AwesomePlayer(   82): setDataSource_l('/system/media/audio/ui/VideoRecord.ogg')
I/CameraSurfaceView( 2242): opened camera
I/CameraSurfaceView( 2242): inside on surfaceChanged()
D/dalvikvm(  358): GC_CONCURRENT freed 165K, 22% free 15553K/19911K, paused 14ms+170ms
D/CameraHardwareSec(   82): mPreviewHeap(fd(29), size(518400), width(720), height(480))
I/CameraHardwareSec(   82): int android::CameraHardwareSec::previewThreadWrapper(): return from wait
I/ActivityManager(  163): Displayed edu.mit.csail.diplomamatrix/.StatusActivity: +1s117ms
W/InputManagerService(  163): Starting input on non-focused client com.android.internal.view.IInputMethodClient$Stub$Proxy@41712ea0 (uid=10029 pid=358)
D/dalvikvm( 2242): GC_CONCURRENT freed 142K, 3% free 9324K/9543K, paused 5ms+2ms
I/VCoreDaemon( 2242): 1333611401886: moving from region (-1,-1), to (3,0)
I/VCoreDaemon.java( 2242): inside stateTransition ......................................................................................
I/..... VCoreDaemon.java( 2242): targetState = JOINING
I/VCoreDaemon( 2242): 1333611401887: sending LEADER_REQUEST
I/VCoreDaemon( 2242): 1333611401888: inside sendPacket(Packet p)
I/..... VCoreDaemon.java( 2242): ends xxxxxxxxxxxxxxxxxxxxxxxxxxxxxxxxxxxxxxxxxxx
I/NetworkThread( 2242): 1333611401903: Sending UDP payload: 406
D/AudioHardware(   82): AudioHardware pcm playback is exiting standby.
D/AudioHardware(   82): openPcmOut_l() mPcmOpenCnt: 0
I/VCoreDaemon( 2242): 1333611402188: sending LEADER_REQUEST
I/VCoreDaemon( 2242): 1333611402189: inside sendPacket(Packet p)
I/NetworkThread( 2242): 1333611402210: Sending UDP payload: 406
I/VCoreDaemon( 2242): 1333611402490: sending LEADER_REQUEST
I/VCoreDaemon( 2242): 1333611402491: inside sendPacket(Packet p)
I/NetworkThread( 2242): 1333611402507: Sending UDP payload: 406
I/VCoreDaemon( 2242): 1333611402792: sending LEADER_REQUEST
I/VCoreDaemon( 2242): 1333611402794: inside sendPacket(Packet p)
I/NetworkThread( 2242): 1333611402816: Sending UDP payload: 406
I/VCoreDaemon( 2242): 1333611402900: LEADER_REQUEST timed out
I/VCoreDaemon.java( 2242): inside stateTransition ......................................................................................
I/..... VCoreDaemon.java( 2242): targetState = LEADER
D/AudioHardware(   82): AudioHardware pcm playback is going to standby.
D/AudioHardware(   82): closePcmOut_l() mPcmOpenCnt: 1
I/VNC:Cloud( 2242): Request executed: http://hermes5.csail.mit.edu:8212/take/3/0/5001/1333611402900/
I/VCoreDaemon( 2242): 1333611405234: cloud accepted leadership request, no csm data included.
I/..... VCoreDaemon.java( 2242): targetState = LEADER and create new DSMLayer !!!! :D:D:D:D:D
I/VCoreDaemon( 2242): 1333611405253: *** Starting CSM Layer ***
I/VCoreDaemon( 2242): 1333611405257: *** CSM Layer starting with cache disabled ***
I/VCoreDaemon( 2242): 1333611405258: *** CSM Layer starting with forwarding enabled ***
I/VCoreDaemon( 2242): 1333611405309: DSMLayer starting
I/DSMLayer.java( 2242): starting new UserApp ...............................
I/UserApp ( 2242): 1333611405316: UserApp started.
I/UserApp ( 2242): 1333611405320: UserApp for Camera Diploma initialized and waiting for requests.
D/dalvikvm( 2242): GC_CONCURRENT freed 231K, 4% free 9600K/9927K, paused 2ms+3ms
I/VCoreDaemon( 2242): 1333611405559: inside sendPacket(Packet p)
I/NetworkThread( 2242): 1333611405567: Sending UDP payload: 25252
I/VCoreDaemon( 2242): 1333611405572: now fully up as LEADER (id=5001) of (3,0)
I/..... VCoreDaemon.java( 2242): ends xxxxxxxxxxxxxxxxxxxxxxxxxxxxxxxxxxxxxxxxxxx
I/NetworkThread( 2242): 1333611407787: Received UDP payload: 406
I/NetworkThread( 2242): 1333611408077: Received UDP payload: 406
I/NetworkThread( 2242): 1333611408381: Received UDP payload: 406
I/NetworkThread( 2242): 1333611408683: Received UDP payload: 406
W/NetworkStats(  163): dropping UID delta from unknown iface: iface=wlan0 uid=10067 set=FOREGROUND tag=0x0 rxBytes=28752 rxPackets=9 txBytes=27016 txPackets=5 operations=0
I/NetworkThread( 2242): 1333611411644: Received UDP payload: 25252
I/StatusActivity( 2242): 1333611411919: canPressButton = TRUE
I/StatusActivity( 2242): 1333611411921: areButtonsEnabled --> false
I/StatusActivity( 2242): 1333611411923: disabling buttons ...
I/StatusActivity( 2242): Inside disableButtonsR
I/StatusActivity( 2242): areButtonsEnabled --> false
I/StatusActivity( 2242): 1333611411930: ** Clicked take picture button **
I/CameraSurfaceView( 2242): inside getCamera()
D/AudioHardware(   82): AudioHardware pcm playback is exiting standby.
D/AudioHardware(   82): openPcmOut_l() mPcmOpenCnt: 0
I/CameraHardwareSec(   82): int android::CameraHardwareSec::previewThreadWrapper(): calling mSecCamera->stopPreview() and waiting
D/dalvikvm( 2242): GC_FOR_ALLOC freed 453K, 6% free 9585K/10119K, paused 16ms
I/SecCamera(   82): int android::fimc_v4l2_querybuf(int, android::fimc_buffer*, v4l2_buf_type) :
I/SecCamera(   82): int android::fimc_v4l2_querybuf(int, android::fimc_buffer*, v4l2_buf_type): buffer->start = 0x43d0c000 v4l2_buf.length = 4261248
I/CameraHardwareSec(   82): == Camera Sensor Detect S5K4ECGX - Samsung LSI SOC 5M ==
D/JpegEncoder(   82): encode E
D/JpegEncoder(   82): encode X
D/SecCamera(   82): Shutter speed=124942 us, iso=400
D/SecCamera(   82): AV=3, TV=3, SV=7
D/JpegEncoder(   82): makeExif E
D/JpegEncoder(   82): makeExif X
I/SecCamera(   82): int android::SecCamera::endSnapshot() :
I/SecCamera(   82): munmap():virt. addr 0x43d0c000 size = 4261248
D/dalvikvm( 2242): GC_FOR_ALLOC freed 10K, 4% free 9749K/10119K, paused 17ms
I/dalvikvm-heap( 2242): Grow heap (frag case) to 10.625MB for 1082617-byte allocation
D/dalvikvm( 2242): GC_FOR_ALLOC freed <1K, 4% free 10806K/11207K, paused 14ms
I/StatusActivity( 2242): 1333611412745: inside HandlePictureStorage onPictureTaken()
D/dalvikvm( 2242): GC_CONCURRENT freed 1K, 4% free 10806K/11207K, paused 1ms+2ms
D/CameraHardwareSec(   82): mPreviewHeap(fd(29), size(518400), width(720), height(480))
I/CameraHardwareSec(   82): int android::CameraHardwareSec::previewThreadWrapper(): return from wait
I/StatusActivity( 2242): 1333611413243: Picture successfully taken, ORIG BYTE LENGTH = 1082601
D/dalvikvm( 2242): GC_FOR_ALLOC freed 3K, 4% free 10807K/11207K, paused 44ms
I/dalvikvm-heap( 2242): Grow heap (frag case) to 29.375MB for 19660816-byte allocation
D/dalvikvm( 2242): GC_FOR_ALLOC freed 0K, 2% free 30007K/30471K, paused 14ms
D/dalvikvm( 2242): GC_CONCURRENT freed <1K, 2% free 30007K/30471K, paused 1ms+3ms
I/StatusActivity( 2242): 1333611414105: Our new height x width: 240 x 320
I/StatusActivity( 2242): 1333611414106: Show photo from handle my camera take
I/StatusActivity( 2242): 1333611414107: client making photo packet to send to leader for it to save
I/StatusActivity( 2242): 1333611414120: BYTE SIZE AFTER COMPRESSION: 2675
I/StatusActivity( 2242): 1333611414125: about to send my pic
I/StatusActivity( 2242): 1333611414125: I'm a leader, upload/save new photo packet going to mux directly
I/Mux     ( 2242): 1333611414126: Inside mux Packet.CLIENT_REQUEST
I/Mux     ( 2242): 1333611414126: I'm the leader of requesting client, about to process Packet.CLIENT_REQUEST in userApp
I/UserApp ( 2242): 1333611414126: UserApp handling MY region's client request, will send atom packet to REMOTE region's handleDSMRequest
I/UserApp ( 2242): 1333611414126: request is CLIENT_NEW_PHOTO, so send atom packet to myself (remote region = me)
I/VCoreDaemon( 2242): 1333611414128: Sending PROC_REQUEST 10:0 (3,0)->(3,0)
I/VCoreDaemon( 2242): 1333611414128: Dispatching Atom PROC_REQUEST 10:0 (3,0)->(3,0)
I/Mux     ( 2242): 1333611414128: I got a CSM packet at a leader 
I/NetworkThread( 2242): 1333611414143: Sending UDP payload: 3646
I/StatusActivity( 2242): 1333611414144: end of client send picture method
I/VCoreDaemon( 2242): 1333611414148: removed replies before id 0 from sentReplies of size 0
I/UserApp ( 2242): 1333611414151: Inside UPLOAD_PHOTO!!
I/UserApp ( 2242): 1333611414158: my_gpinfo.isSuccess is now (should be true): true
I/UserApp ( 2242): 1333611414158: Region leader successfully uploaded a new photo taken by a client in region. Region leader now display the new photo on its screen (through StatusActivity)
I/VCoreDaemon( 2242): 1333611414163: Received PROC_REQUEST 10:0 (3,0)->(3,0), replying PROC_REPLY 10:0 (3,0)->(3,0)
I/VCoreDaemon( 2242): 1333611414163: Dispatching Atom PROC_REPLY 10:0 (3,0)->(3,0)
I/Mux     ( 2242): 1333611414166: I got a CSM packet at a leader 
I/NetworkThread( 2242): 1333611414169: Sending UDP payload: 949
I/VCoreDaemon( 2242): 1333611414173: Received PROC_REPLY 10:0 (3,0)->(3,0), handing to UserApp
I/UserApp ( 2242): 1333611414174: Now back in orginitator region's leader, precssing handleDSMReply
I/UserApp ( 2242): 1333611414174: Going to and from remote region took latency = 48
I/UserApp ( 2242): 1333611414174: = orig leader sent packet at 1333611414126 ~ received reply at 1333611414174
I/UserApp ( 2242): 1333611414177: Originator Region=3 Leader (for Client=5001) processes remote region's dsm atom reply and will send Packet reply to Originator Client
I/UserApp ( 2242): 1333611414179: reply packet contains the ACK for UPLOAD_PHOTO
I/UserApp ( 2242): 1333611414179: I (the leader) was also the originator client (id = 5001) so I hand the packet to my mux directly, without UDP
I/StatusActivity( 2242): 1333611414183: inside Packet.SERVER_SHOW_NEWPHOTO. I'm a leader showing my nonleader/myself client's new photo
I/StatusActivity( 2242): 1333611414186: I'm a leader and I SUCCEEDED in saving my client's new photo
I/StatusActivity( 2242): 1333611414205: now showing in UI the new photo I just saved ... 
I/StatusActivity( 2242): 1333611414209: inside Packet.CLIENT_UPLOAD_PHOTO_ACK
I/StatusActivity( 2242): 1333611414210: leader upload new photo latency = 83
I/StatusActivity( 2242): 1333611414211: = leader upload start 1333611414126 ~ stop 1333611414209
I/StatusActivity( 2242): 1333611414213: SUCCESS! Client now knows saving photo on its leader succeeded
I/StatusActivity( 2242): Inside _enableButtons
I/StatusActivity( 2242): areButtonsEnabled --> true
W/InputManagerService(  163): Window already focused, ignoring focus gain of: com.android.internal.view.IInputMethodClient$Stub$Proxy@416ef890
D/AudioHardware(   82): AudioHardware pcm playback is going to standby.
D/AudioHardware(   82): closePcmOut_l() mPcmOpenCnt: 1
D/dalvikvm(  163): GC_CONCURRENT freed 828K, 11% free 12688K/14151K, paused 36ms+6ms
I/VCoreDaemon( 2242): 1333611424409: inside sendPacket(Packet p)
I/NetworkThread( 2242): 1333611424416: Sending UDP payload: 406
I/NetworkThread( 2242): 1333611425307: Received UDP payload: 406
I/VCoreDaemon( 2242): 1333611435571: leader to cloud hearbeat...
I/VNC:Cloud( 2242): Request executed: http://hermes5.csail.mit.edu:8212/take/3/0/5001/1333611435572/
W/NetworkStats(  163): dropping UID delta from unknown iface: iface=wlan0 uid=10067 set=FOREGROUND tag=0x0 rxBytes=30799 rxPackets=5 txBytes=5085 txPackets=3 operations=0
I/VCoreDaemon( 2242): 1333611454412: inside sendPacket(Packet p)
I/NetworkThread( 2242): 1333611454428: Sending UDP payload: 406
I/NetworkThread( 2242): 1333611455313: Received UDP payload: 406
I/StatusActivity( 2242): 1333611456086: HI I'm in ONPAUSE()
W/IInputConnectionWrapper( 2242): showStatusIcon on inactive InputConnection
W/InputManagerService(  163): Starting input on non-focused client com.android.internal.view.IInputMethodClient$Stub$Proxy@41727860 (uid=10067 pid=2242)
D/dalvikvm(  358): GC_FOR_ALLOC freed 4684K, 37% free 12686K/19911K, paused 33ms
I/CameraSurfaceView( 2242): inside surfaceDestroyed()
I/CameraHardwareSec(   82): int android::CameraHardwareSec::previewThreadWrapper(): calling mSecCamera->stopPreview() and waiting
D/dalvikvm(  358): GC_FOR_ALLOC freed 328K, 33% free 13364K/19911K, paused 45ms
I/CameraSurfaceView( 2242): inside surfaceDestroyed()
I/CameraHardwareSec(   82): void android::CameraHardwareSec::stopPreviewInternal() : preview not running, doing nothing
I/CameraHardwareSec(   82): int android::CameraHardwareSec::previewThreadWrapper(): return from wait
I/CameraHardwareSec(   82): int android::CameraHardwareSec::previewThreadWrapper(): exiting
W/SecCamera(   82): int android::SecCamera::stopPreview(): doing nothing because m_flag_camera_start is zero
W/SecCamera(   82): int android::SecCamera::stopRecord(): doing nothing because m_flag_record_start is zero
I/SecCamera(   82): DeinitCamera: m_cam_fd(29)
I/SecCamera(   82): DeinitCamera: m_cam_fd2(30)
E/CameraHardwareSec(   82): preview window is NULL!
I/CameraService(   82): Destroying camera 0
I/CameraHardwareSec(   82): int android::HAL_camera_device_close(hw_device_t*)
I/SecCamera(   82): DeinitCamera : already deinitialized
W/AudioFlinger(   82): session id 50 not found for pid 82
W/AudioFlinger(   82): session id 51 not found for pid 82
D/dalvikvm(  358): GC_CONCURRENT freed 626K, 30% free 14117K/19911K, paused 2ms+13ms
D/dalvikvm(  358): GC_CONCURRENT freed 163K, 22% free 15549K/19911K, paused 3ms+5ms
D/dalvikvm(  358): GC_FOR_ALLOC freed 4168K, 34% free 13270K/19911K, paused 37ms
D/dalvikvm(  358): GC_FOR_ALLOC freed 3K, 30% free 14023K/19911K, paused 26ms
I/dalvikvm-heap(  358): Grow heap (frag case) to 15.433MB for 1742416-byte allocation
I/ActivityManager(  163): No longer want com.android.keychain (pid 2140): hidden #16
D/dalvikvm(  358): GC_CONCURRENT freed 0K, 22% free 15725K/19911K, paused 2ms+4ms
I/StatusActivity( 2242): 1333611457187: inside onDestroy()
I/Mux     ( 2242): Stop request encountered.
D/Mux     ( 2242): Waiting for VCoreDaemon to stop...
I/VCoreDaemon( 2242): Stop request encountered.
I/UserApp ( 2242): 1333611457227: UserApp stopped.
I/VCoreDaemon( 2242): 1333611457242: DSMLayer stopped
D/dalvikvm(  358): GC_FOR_ALLOC freed 2461K, 30% free 14028K/19911K, paused 24ms
I/VCoreDaemon( 2242): 1333611457248: serializing DSMLayer to JSON
W/meterizedTypeHandlerMap( 2242): Overriding the existing type handler for {0}
I/StatusActivity( 2242): 1333611457278: no camera to close
I/StatusActivity( 2242): 1333611457279: close everything else
W/meterizedTypeHandlerMap( 2242): Overriding the existing type handler for {0}
D/dalvikvm(  358): GC_CONCURRENT freed 675K, 25% free 14944K/19911K, paused 2ms+4ms
I/WindowManager(  163): WIN DEATH: Window{416f5478 edu.mit.csail.diplomamatrix/edu.mit.csail.diplomamatrix.StatusActivity paused=false}
W/WindowManager(  163): Force-removing child win Window{416faec0 SurfaceView paused=false} from container Window{416f5478 edu.mit.csail.diplomamatrix/edu.mit.csail.diplomamatrix.StatusActivity paused=false}
I/ActivityManager(  163): Process edu.mit.csail.diplomamatrix (pid 2242) has died.
W/ActivityManager(  163): Activity destroy timeout for ActivityRecord{415de6d8 edu.mit.csail.diplomamatrix/.StatusActivity}
D/AndroidRuntime( 2284): 
D/AndroidRuntime( 2284): >>>>>> AndroidRuntime START com.android.internal.os.RuntimeInit <<<<<<
D/AndroidRuntime( 2284): CheckJNI is OFF
D/AndroidRuntime( 2284): Calling main entry com.android.commands.pm.Pm
W/ActivityManager(  163): No content provider found for permission revoke: file:///data/local/tmp/DIPLOMAMatrix.apk
W/ActivityManager(  163): No content provider found for permission revoke: file:///data/local/tmp/DIPLOMAMatrix.apk
I/PackageManager(  163): Removing non-system package:edu.mit.csail.diplomamatrix
I/ActivityManager(  163): Force stopping package edu.mit.csail.diplomamatrix uid=10067
D/dalvikvm(  163): GC_CONCURRENT freed 737K, 10% free 12766K/14151K, paused 3ms+6ms
I/PackageManager(  163): Running dexopt on: edu.mit.csail.diplomamatrix
I/PackageManager(  163): Package edu.mit.csail.diplomamatrix codePath changed from /data/app/edu.mit.csail.diplomamatrix-1.apk to /data/app/edu.mit.csail.diplomamatrix-2.apk; Retaining data and using new
D/dalvikvm( 2295): DexOpt: load 16ms, verify+opt 135ms
I/ActivityManager(  163): Force stopping package edu.mit.csail.diplomamatrix uid=10067
W/PackageManager(  163): Code path for pkg : edu.mit.csail.diplomamatrix changing from /data/app/edu.mit.csail.diplomamatrix-1.apk to /data/app/edu.mit.csail.diplomamatrix-2.apk
W/PackageManager(  163): Resource path for pkg : edu.mit.csail.diplomamatrix changing from /data/app/edu.mit.csail.diplomamatrix-1.apk to /data/app/edu.mit.csail.diplomamatrix-2.apk
D/PackageManager(  163): New package installed in /data/app/edu.mit.csail.diplomamatrix-2.apk
I/ActivityManager(  163): Force stopping package edu.mit.csail.diplomamatrix uid=10067
D/dalvikvm(  358): GC_EXPLICIT freed 1592K, 33% free 13502K/19911K, paused 3ms+9ms
D/dalvikvm( 1122): GC_EXPLICIT freed 264K, 5% free 9354K/9799K, paused 2ms+3ms
I/RegisteredComponentCache(  345): ComponentInfo: ResolveInfo{413266e8 com.android.apps.tag.TagViewer p=0 o=0 m=0x108000}, techs: android.nfc.tech.Ndef, 
D/dalvikvm(  163): GC_EXPLICIT freed 536K, 11% free 12656K/14151K, paused 2ms+5ms
D/PackageManager(  163): generateServicesMap(android.accounts.AccountAuthenticator): 3 services unchanged
D/PackageManager(  163): generateServicesMap(android.content.SyncAdapter): 14 services unchanged
D/BackupManagerService(  163): Received broadcast Intent { act=android.intent.action.PACKAGE_REMOVED dat=package:edu.mit.csail.diplomamatrix flg=0x10000010 (has extras) }
I/RegisteredComponentCache(  345): ComponentInfo: ResolveInfo{41330fd8 com.android.apps.tag.TagViewer p=0 o=0 m=0x108000}, techs: android.nfc.tech.Ndef, 
D/PackageManager(  163): generateServicesMap(android.accounts.AccountAuthenticator): 3 services unchanged
D/PackageManager(  163): generateServicesMap(android.content.SyncAdapter): 14 services unchanged
D/BackupManagerService(  163): Received broadcast Intent { act=android.intent.action.PACKAGE_ADDED dat=package:edu.mit.csail.diplomamatrix flg=0x10000010 (has extras) }
V/BackupManagerService(  163): updatePackageParticipantsLocked: edu.mit.csail.diplomamatrix
I/ActivityManager(  163): Start proc com.android.keychain for broadcast com.android.keychain/.KeyChainBroadcastReceiver: pid=2296 uid=1000 gids={1015, 3002, 3001, 3003, 3007}
D/BackupManagerService(  163): Received broadcast Intent { act=android.intent.action.PACKAGE_REPLACED dat=package:edu.mit.csail.diplomamatrix flg=0x10000010 (has extras) }
V/BackupManagerService(  163): updatePackageParticipantsLocked: edu.mit.csail.diplomamatrix
D/dalvikvm(  163): GC_EXPLICIT freed 693K, 10% free 12874K/14151K, paused 14ms+8ms
D/AndroidRuntime( 2284): Shutting down VM
D/dalvikvm( 2284): GC_CONCURRENT freed 100K, 83% free 456K/2560K, paused 0ms+1ms
D/jdwp    ( 2284): Got wake-up signal, bailing out of select
D/dalvikvm( 2284): Debugger has detached; object registry had 1 entries
I/AndroidRuntime( 2284): NOTE: attach of thread 'Binder Thread #3' failed
D/AndroidRuntime( 2318): 
D/AndroidRuntime( 2318): >>>>>> AndroidRuntime START com.android.internal.os.RuntimeInit <<<<<<
D/AndroidRuntime( 2318): CheckJNI is OFF
D/AndroidRuntime( 2318): Calling main entry com.android.commands.am.Am
I/ActivityManager(  163): START {act=android.intent.action.MAIN cat=[android.intent.category.LAUNCHER] flg=0x10000000 cmp=edu.mit.csail.diplomamatrix/.StatusActivity} from pid 2318
D/AndroidRuntime( 2318): Shutting down VM
D/dalvikvm( 2318): GC_CONCURRENT freed 102K, 81% free 486K/2560K, paused 1ms+0ms
D/jdwp    ( 2318): Got wake-up signal, bailing out of select
D/dalvikvm( 2318): Debugger has detached; object registry had 1 entries
I/AndroidRuntime( 2318): NOTE: attach of thread 'Binder Thread #3' failed
D/dalvikvm( 2329): Late-enabling CheckJNI
I/ActivityManager(  163): Start proc edu.mit.csail.diplomamatrix for activity edu.mit.csail.diplomamatrix/.StatusActivity: pid=2329 uid=10067 gids={1006, 1015, 3003}
I/dalvikvm( 2329): Turning on JNI app bug workarounds for target SDK version 4...
D/dalvikvm(   80): GC_EXPLICIT freed 39K, 4% free 9028K/9347K, paused 2ms+2ms
D/dalvikvm(   80): GC_EXPLICIT freed <1K, 4% free 9028K/9347K, paused 2ms+4ms
D/OpenGLRenderer(  358): Flushing caches (mode 1)
D/dalvikvm(   80): GC_EXPLICIT freed <1K, 4% free 9028K/9347K, paused 2ms+8ms
I/StatusActivity( 2329): 1333611488496: *** Opened log file for writing ***
I/StatusActivity( 2329): 1333611488497: Android build: Nexus S
I/StatusActivity( 2329): 1333611488497: NET_NAME set to: wlan0
I/StatusActivity( 2329): 1333611488498: starting Mux with id = -1
I/StatusActivity( 2329): 1333611488508: areButtonsEnabled --> true
I/Mux.java( 2329): run() beginning -------------
D/Mux     ( 2329): Mux started
I/StatusActivity( 2329): 1333611488512: *** Application started ***
I/StatusActivity( 2329): 1333611488514: HI I'm in ONRESUME()
I/StatusActivity( 2329): 1333611488516: SAMPLING_DISTANCE : 1, SAMPLING_DURATION : 1000
I/StatusActivity( 2329): 1333611488534: ************ GPS turned OFF *************
I/NetworkThread( 2329): Initial socket buffer sizes: 110592 receive, 110592 send
I/NetworkThread( 2329): Set socket buffer sizes to: 221184 receive, 221184 send
I/NetworkThread( 2329): started, local IP address:/192.168.5.1
I/Mux.java's nodeId is( 2329): 5001
I/Mux     ( 2329): starting vncDaemon ........
I/VCoreDaemon( 2329): 1333611488549: Started VCoreDaemon with parameters maxRx = 6 , maxRY= 1, minLongitude = -7110102 , minLatitude = 4236349, regionWidth =17
I/Mux     ( 2329): vncDaemon started
I/VCoreDaemon.java( 2329): onStart() about to stateTransition.........................................................................
I/VCoreDaemon( 2329): 1333611488554: started, mId = 5001
I/VCoreDaemon.java( 2329): inside stateTransition ......................................................................................
I/..... VCoreDaemon.java( 2329): out of bounds
I/VCoreDaemon( 2329): 1333611488556: region (-1, -1) out of bounds, dormant
I/..... VCoreDaemon.java( 2329): ends xxxxxxxxxxxxxxxxxxxxxxxxxxxxxxxxxxxxxxxxxxx
V/PhoneStatusBar(  229): setLightsOn(true)
I/CameraSurfaceView( 2329): inside surfaceCreated()
I/CameraSurfaceView( 2329): opening Camera.open()
I/CameraService(   82): Opening camera 0
I/CameraHardwareSec(   82): int android::HAL_camera_device_open(const hw_module_t*, const char*, hw_device_t**): open camera 0
E/SecCamera(   82): initCamera: m_cam_fd(29), m_jpeg_fd(0)
I/SecCamera(   82): Name of input channel[0] is S5K4ECGX
E/SecCamera(   82): initCamera: m_cam_fd2(30)
I/SecCamera(   82): Name of input channel[0] is S5K4ECGX
I/SecCamera(   82): initCamera : initialized
I/SecCamera(   82): Name of input channel[0] is S5K4ECGX
I/CameraHardwareSec(   82): int android::HAL_camera_device_open(const hw_module_t*, const char*, hw_device_t**): opened camera 0 (0x1e73ef8)
I/AwesomePlayer(   82): setDataSource_l('/system/media/audio/ui/camera_click.ogg')
I/CameraHardwareSec(   82): int android::CameraHardwareSec::previewThreadWrapper(): starting
I/CameraHardwareSec(   82): int android::CameraHardwareSec::previewThreadWrapper(): calling mSecCamera->stopPreview() and waiting
