
E/power   (  449): release_wake_lock g_error=2 
D/RPC     (  449): 3000008c:00050000 received CALL.
D/RPC     (  449): 3000008c:00050000 dispatching RPC call (XID 1912, xdr 0x47c358) for callback client 3100008c:00050001.
D/RPC     (  449): 3100008c:327681 sending RPC reply (XID 1912)
D/RPC     (  449): 3000008c:00050000 received CALL.
D/RPC     (  449): 3000008c:00050000 dispatching RPC call (XID 1913, xdr 0x47c358) for callback client 3100008c:00050001.
D/RPC     (  449): 3100008c:327681 sending RPC reply (XID 1913)
D/RPC     (  449): 3000008c:00050000 received CALL.
D/RPC     (  449): 3000008c:00050000 dispatching RPC call (XID 1914, xdr 0x47c358) for callback client 3100008c:00050001.
D/RPC     (  449): 3100008c:327681 sending RPC reply (XID 1914)
D/RPC     (  449): 3000008c:00050000 received CALL.
D/RPC     (  449): 3000008c:00050000 dispatching RPC call (XID 1915, xdr 0x47c358) for callback client 3100008c:00050001.
D/RPC     (  449): 3100008c:327681 sending RPC reply (XID 1915)
D/RPC     (  449): 3000008c:00050000 received CALL.
D/RPC     (  449): 3000008c:00050000 dispatching RPC call (XID 1916, xdr 0x47c358) for callback client 3100008c:00050001.
D/RPC     (  449): 3100008c:327681 sending RPC reply (XID 1916)
E/power   (  449): acquire_wake_lock g_error=2 
E/power   (  449): release_wake_lock g_error=2 
E/power   (  449): acquire_wake_lock g_error=2 
E/power   (  449): release_wake_lock g_error=2 
D/RPC     (  449): 3000008c:00050000 received CALL.
D/RPC     (  449): 3000008c:00050000 dispatching RPC call (XID 1917, xdr 0x47c358) for callback client 3100008c:00050001.
D/RPC     (  449): 3100008c:327681 sending RPC reply (XID 1917)
D/RPC     (  449): 3000008c:00050000 received CALL.
D/RPC     (  449): 3000008c:00050000 dispatching RPC call (XID 1918, xdr 0x47c358) for callback client 3100008c:00050001.
D/RPC     (  449): 3100008c:327681 sending RPC reply (XID 1918)
D/InputTransport(  449): Input channel constructed: name='40916fa8 com.sec.android.app.camera/com.sec.android.app.camera.CropImage (server)', ashmemFd=239, receivePipeFd=305, sendPipeFd=304
D/InputTransport(  449): Input channel constructed: name='40916fa8 com.sec.android.app.camera/com.sec.android.app.camera.CropImage (client)', ashmemFd=256, receivePipeFd=299, sendPipeFd=306
D/InputTransport(  449): Input channel destroyed: name='40916fa8 com.sec.android.app.camera/com.sec.android.app.camera.CropImage (client)', ashmemFd=256, receivePipeFd=299, sendPipeFd=306
D/InputTransport( 2553): Input channel constructed: name='40916fa8 com.sec.android.app.camera/com.sec.android.app.camera.CropImage (client)', ashmemFd=48, receivePipeFd=49, sendPipeFd=50
V/CropImage( 2553): onResume
D/InputTransport(  449): Input channel constructed: name='40958428 com.sec.android.app.camera/com.sec.android.app.camera.CropImage (server)', ashmemFd=256, receivePipeFd=309, sendPipeFd=307
D/InputTransport(  449): Input channel constructed: name='40958428 com.sec.android.app.camera/com.sec.android.app.camera.CropImage (client)', ashmemFd=299, receivePipeFd=306, sendPipeFd=311
D/InputTransport(  449): Input channel destroyed: name='40958428 com.sec.android.app.camera/com.sec.android.app.camera.CropImage (client)', ashmemFd=299, receivePipeFd=306, sendPipeFd=311
D/InputTransport( 2553): Input channel constructed: name='40958428 com.sec.android.app.camera/com.sec.android.app.camera.CropImage (client)', ashmemFd=52, receivePipeFd=53, sendPipeFd=54
D/dalvikvm( 2553): GC_EXTERNAL_ALLOC freed 23K, 39% free 3398K/5511K, external 2170K/2979K, paused 23ms
I/SurfaceFlinger(  449): id=32(1) createSurface 0x5dcb8c for pid 2553 (1x1),1 flag=0, com.sec.android.app.camera/com.sec.android.app.camera.CropImage
I/WindowManager(  449):   CREATE SURFACE Surface(name=com.sec.android.app.camera/com.sec.android.app.camera.CropImage, identity=32, mNativeSurface=0) IN SESSION android.view.SurfaceSession@40787990: pid=2553 format=-2 flags=0x0 / Window{40916fa8 com.sec.android.app.camera/com.sec.android.app.camera.CropImage paused=false}
I/ActivityManager(  449): Displayed com.sec.android.app.camera/.CropImage: +699ms
I/SurfaceFlinger(  449): id=33(2) createSurface 0x2c6e14 for pid 2553 (800x1280),2 flag=400, com.sec.android.app.camera/com.sec.android.app.camera.CropImage
D/Surface ( 2553): Surface is full screen
I/WindowManager(  449):   CREATE SURFACE Surface(name=com.sec.android.app.camera/com.sec.android.app.camera.CropImage, identity=33, mNativeSurface=0) IN SESSION android.view.SurfaceSession@40787990: pid=2553 format=-1 flags=0x400 / Window{40958428 com.sec.android.app.camera/com.sec.android.app.camera.CropImage paused=false}
D/msm8660.gralloc(  449): !@/dev/pmem: allocating pmem size=659456, offset=31563776(0x1e1a000)
I/ViewRoot( 2553): !@FINISH DRAWING : com.sec.android.app.camera/com.sec.android.app.camera.CropImage
I/ViewRoot( 2553): !@finishDrawing is completed : com.sec.android.app.camera/com.sec.android.app.camera.CropImage
I/SurfaceFlinger(  449): id=31 Removed Starting com.sec.android.app.camera idx=6 Map Size=7
D/InputTransport(  449): Input channel destroyed: name='40641128 Starting com.sec.android.app.camera (server)', ashmemFd=308, receivePipeFd=318, sendPipeFd=317
W/WindowManager(  449): Window Window{40641128 Starting com.sec.android.app.camera paused=false} destroyed surface Surface(name=Starting com.sec.android.app.camera, identity=-1, mNativeSurface=0), session Session{409c7c18 uid 1000}
D/msm8660.gralloc(  449): !@/dev/pmem: allocating pmem size=4096000, offset=2048000(0x1f4000)
D/InputTransport(  449): Input channel destroyed: name='40641128 Starting com.sec.android.app.camera (client)', ashmemFd=314, receivePipeFd=315, sendPipeFd=319
D/SurfaceFlinger(  449): remove count:1 destroying Starting com.sec.android.app.camera
I/ViewRoot( 2553): !@FINISH DRAWING : com.sec.android.app.camera/com.sec.android.app.camera.CropImage
I/ViewRoot( 2553): !@finishDrawing is completed : com.sec.android.app.camera/com.sec.android.app.camera.CropImage
D/msm8660.gralloc(  449): !@/dev/pmem: allocating pmem size=659456, offset=12394496(0xbd2000)
D/PowerManagerService(  449): releaseWakeLockLocked flags=0x0 tag=KEEP_SCREEN_ON_FLAG myUID=1000 myPID=449 myTID=618
E/power   (  449): acquire_wake_lock g_error=2 
E/power   (  449): release_wake_lock g_error=2 
D/RPC     (  449): 3000008c:00050000 received CALL.
D/RPC     (  449): 3000008c:00050000 dispatching RPC call (XID 1919, xdr 0x47c358) for callback client 3100008c:00050001.
D/RPC     (  449): 3100008c:327681 sending RPC reply (XID 1919)
I/WindowOrientationListener(  449): orientation = 345 Tilt = 51 -- -1 ,  5 ,  7
D/msm8660.gralloc(  449): !@/dev/pmem: allocating pmem size=4096000, offset=13053952(0xc73000)
D/InputTransport(  449): Input channel destroyed: name='40916fa8 com.sec.android.app.camera/com.sec.android.app.camera.CropImage (server)', ashmemFd=239, receivePipeFd=305, sendPipeFd=304
D/InputTransport( 2553): Input channel destroyed: name='40916fa8 com.sec.android.app.camera/com.sec.android.app.camera.CropImage (client)', ashmemFd=48, receivePipeFd=49, sendPipeFd=50
D/CLIPBOARD( 2402): Hide Clipboard dialog at Starting input: finished by someone else... !
D/CLIPBOARD( 2553): Hide Clipboard dialog at Starting input: finished by someone else... !
W/IInputConnectionWrapper( 2402): showStatusIcon on inactive InputConnection
I/SurfaceFlinger(  449): id=32 Removed com.sec.android.app.camera/com.sec.android.app.camera.CropImage idx=5 Map Size=6
W/WindowManager(  449): Window Window{40916fa8 com.sec.android.app.camera/com.sec.android.app.camera.CropImage paused=false} destroyed surface Surface(name=com.sec.android.app.camera/com.sec.android.app.camera.CropImage, identity=-1, mNativeSurface=0), session Session{40983f90 uid 10102}
D/SurfaceFlinger(  449): remove count:1 destroying com.sec.android.app.camera/com.sec.android.app.camera.CropImage
E/power   (  449): acquire_wake_lock g_error=2 
E/power   (  449): release_wake_lock g_error=2 
E/power   (  449): acquire_wake_lock g_error=2 
D/RPC     (  449): 3000008c:00050000 received CALL.
D/RPC     (  449): 3000008c:00050000 dispatching RPC call (XID 1920, xdr 0x47c358) for callback client 3100008c:00050001.
D/RPC     (  449): 3100008c:327681 sending RPC reply (XID 1920)
D/RPC     (  449): 3000008c:00050000 received CALL.
D/RPC     (  449): 3000008c:00050000 dispatching RPC call (XID 1921, xdr 0x47c358) for callback client 3100008c:00050001.
E/power   (  449): acquire_wake_lock g_error=2 
E/power   (  449): release_wake_lock g_error=2 
E/power   (  449): release_wake_lock g_error=2 
E/power   (  449): acquire_wake_lock g_error=2 
D/RPC     (  449): 3100008c:327681 sending RPC reply (XID 1921)
D/RPC     (  449): 3000008c:00050000 received CALL.
D/RPC     (  449): 3000008c:00050000 dispatching RPC call (XID 1922, xdr 0x47c358) for callback client 3100008c:00050001.
D/RPC     (  449): 3100008c:327681 sending RPC reply (XID 1922)
D/RPC     (  449): 3000008c:00050000 received CALL.
D/RPC     (  449): 3000008c:00050000 dispatching RPC call (XID 1923, xdr 0x47c358) for callback client 3100008c:00050001.
D/RPC     (  449): 3100008c:327681 sending RPC reply (XID 1923)
E/power   (  449): acquire_wake_lock g_error=2 
E/power   (  449): release_wake_lock g_error=2 
E/power   (  449): acquire_wake_lock g_error=2 
E/power   (  449): release_wake_lock g_error=2 
D/RPC     (  449): 3000008c:00050000 received CALL.
D/RPC     (  449): 3000008c:00050000 dispatching RPC call (XID 1924, xdr 0x47c358) for callback client 3100008c:00050001.
D/RPC     (  449): 3100008c:327681 sending RPC reply (XID 1924)
D/RPC     (  449): 3000008c:00050000 received CALL.
D/RPC     (  449): 3000008c:00050000 dispatching RPC call (XID 1925, xdr 0x47c358) for callback client 3100008c:00050001.
D/RPC     (  449): 3100008c:327681 sending RPC reply (XID 1925)
E/power   (  449): acquire_wake_lock g_error=2 
E/power   (  449): release_wake_lock g_error=2 
E/power   (  449): acquire_wake_lock g_error=2 
E/power   (  449): release_wake_lock g_error=2 
E/power   (  449): release_wake_lock g_error=2 
E/power   (  449): acquire_wake_lock g_error=2 
D/RPC     (  449): 3000008c:00050000 received CALL.
D/RPC     (  449): 3000008c:00050000 dispatching RPC call (XID 1926, xdr 0x47c358) for callback client 3100008c:00050001.
D/RPC     (  449): 3100008c:327681 sending RPC reply (XID 1926)
D/RPC     (  449): 3000008c:00050000 received CALL.
D/RPC     (  449): 3000008c:00050000 dispatching RPC call (XID 1927, xdr 0x47c358) for callback client 3100008c:00050001.
D/RPC     (  449): 3100008c:327681 sending RPC reply (XID 1927)
D/RPC     (  449): 3000008c:00050000 received CALL.
E/power   (  449): release_wake_lock g_error=2 
D/RPC     (  449): 3000008c:00050000 dispatching RPC call (XID 1928, xdr 0x47c358) for callback client 3100008c:00050001.
D/RPC     (  449): 3100008c:327681 sending RPC reply (XID 1928)
E/power   (  449): acquire_wake_lock g_error=2 
E/power   (  449): release_wake_lock g_error=2 
D/RPC     (  449): 3000008c:00050000 received CALL.
D/RPC     (  449): 3000008c:00050000 dispatching RPC call (XID 1929, xdr 0x47c358) for callback client 3100008c:00050001.
D/RPC     (  449): 3100008c:327681 sending RPC reply (XID 1929)
I/WindowOrientationListener(  449): orientation = 346 Tilt = 51 -- -1 ,  5 ,  7
E/power   (  449): acquire_wake_lock g_error=2 
E/power   (  449): release_wake_lock g_error=2 
E/power   (  449): acquire_wake_lock g_error=2 
D/RPC     (  449): 3000008c:00050000 received CALL.
D/RPC     (  449): 3000008c:00050000 dispatching RPC call (XID 1930, xdr 0x47c358) for callback client 3100008c:00050001.
D/RPC     (  449): 3100008c:327681 sending RPC reply (XID 1930)
D/RPC     (  449): 3000008c:00050000 received CALL.
D/RPC     (  449): 3000008c:00050000 dispatching RPC call (XID 1931, xdr 0x47c358) for callback client 3100008c:00050001.
E/power   (  449): acquire_wake_lock g_error=2 
E/power   (  449): release_wake_lock g_error=2 
E/power   (  449): release_wake_lock g_error=2 
E/power   (  449): acquire_wake_lock g_error=2 
D/RPC     (  449): 3100008c:327681 sending RPC reply (XID 1931)
D/RPC     (  449): 3000008c:00050000 received CALL.
D/RPC     (  449): 3000008c:00050000 dispatching RPC call (XID 1932, xdr 0x47c358) for callback client 3100008c:00050001.
D/RPC     (  449): 3100008c:327681 sending RPC reply (XID 1932)
D/RPC     (  449): 3000008c:00050000 received CALL.
D/RPC     (  449): 3000008c:00050000 dispatching RPC call (XID 1933, xdr 0x47c358) for callback client 3100008c:00050001.
E/power   (  449): release_wake_lock g_error=2 
E/power   (  449): acquire_wake_lock g_error=2 
E/power   (  449): acquire_wake_lock g_error=2 
E/power   (  449): release_wake_lock g_error=2 
D/RPC     (  449): 3100008c:327681 sending RPC reply (XID 1933)
D/RPC     (  449): 3000008c:00050000 received CALL.
D/RPC     (  449): 3000008c:00050000 dispatching RPC call (XID 1934, xdr 0x47c358) for callback client 3100008c:00050001.
D/RPC     (  449): 3100008c:327681 sending RPC reply (XID 1934)
D/RPC     (  449): 3000008c:00050000 received CALL.
D/RPC     (  449): 3000008c:00050000 dispatching RPC call (XID 1935, xdr 0x47c358) for callback client 3100008c:00050001.
E/power   (  449): acquire_wake_lock g_error=2 
E/power   (  449): release_wake_lock g_error=2 
E/power   (  449): acquire_wake_lock g_error=2 
E/power   (  449): release_wake_lock g_error=2 
E/power   (  449): release_wake_lock g_error=2 
D/RPC     (  449): 3100008c:327681 sending RPC reply (XID 1935)
D/RPC     (  449): 3000008c:00050000 received CALL.
D/RPC     (  449): 3000008c:00050000 dispatching RPC call (XID 1936, xdr 0x47c358) for callback client 3100008c:00050001.
D/RPC     (  449): 3100008c:327681 sending RPC reply (XID 1936)
D/RPC     (  449): 3000008c:00050000 received CALL.
D/RPC     (  449): 3000008c:00050000 dispatching RPC call (XID 1937, xdr 0x47c358) for callback client 3100008c:00050001.
D/RPC     (  449): 3100008c:327681 sending RPC reply (XID 1937)
E/power   (  449): acquire_wake_lock g_error=2 
E/power   (  449): release_wake_lock g_error=2 
D/RPC     (  449): 3000008c:00050000 received CALL.
D/RPC     (  449): 3000008c:00050000 dispatching RPC call (XID 1938, xdr 0x47c358) for callback client 3100008c:00050001.
D/RPC     (  449): 3100008c:327681 sending RPC reply (XID 1938)
E/power   (  449): acquire_wake_lock g_error=2 
D/RPC     (  449): 3000008c:00050000 received CALL.
D/RPC     (  449): 3000008c:00050000 dispatching RPC call (XID 1939, xdr 0x47c358) for callback client 3100008c:00050001.
E/power   (  449): release_wake_lock g_error=2 
D/dalvikvm(  449): GC_EXPLICIT freed 459K, 41% free 8049K/13447K, external 7246K/7456K, paused 139ms
I/WindowOrientationListener(  449): orientation = 344 Tilt = 54 -- -1 ,  5 ,  8
D/RPC     (  449): 3100008c:327681 sending RPC reply (XID 1939)
E/power   (  449): acquire_wake_lock g_error=2 
E/power   (  449): release_wake_lock g_error=2 
E/power   (  449): acquire_wake_lock g_error=2 
D/RPC     (  449): 3000008c:00050000 received CALL.
D/RPC     (  449): 3000008c:00050000 dispatching RPC call (XID 1940, xdr 0x47c358) for callback client 3100008c:00050001.
D/RPC     (  449): 3100008c:327681 sending RPC reply (XID 1940)
E/power   (  449): acquire_wake_lock g_error=2 
E/power   (  449): release_wake_lock g_error=2 
E/power   (  449): release_wake_lock g_error=2 
E/power   (  449): acquire_wake_lock g_error=2 
D/RPC     (  449): 3000008c:00050000 received CALL.
D/RPC     (  449): 3000008c:00050000 dispatching RPC call (XID 1941, xdr 0x47c358) for callback client 3100008c:00050001.
D/RPC     (  449): 3100008c:327681 sending RPC reply (XID 1941)
D/RPC     (  449): 3000008c:00050000 received CALL.
D/RPC     (  449): 3000008c:00050000 dispatching RPC call (XID 1942, xdr 0x47c358) for callback client 3100008c:00050001.
D/RPC     (  449): 3100008c:327681 sending RPC reply (XID 1942)
D/RPC     (  449): 3000008c:00050000 received CALL.
D/RPC     (  449): 3000008c:00050000 dispatching RPC call (XID 1943, xdr 0x47c358) for callback client 3100008c:00050001.
E/power   (  449): release_wake_lock g_error=2 
E/power   (  449): acquire_wake_lock g_error=2 
E/power   (  449): release_wake_lock g_error=2 
E/power   (  449): acquire_wake_lock g_error=2 
D/RPC     (  449): 3100008c:327681 sending RPC reply (XID 1943)
D/RPC     (  449): 3000008c:00050000 received CALL.
D/RPC     (  449): 3000008c:00050000 dispatching RPC call (XID 1944, xdr 0x47c358) for callback client 3100008c:00050001.
D/RPC     (  449): 3100008c:327681 sending RPC reply (XID 1944)
D/RPC     (  449): 3000008c:00050000 received CALL.
D/RPC     (  449): 3000008c:00050000 dispatching RPC call (XID 1945, xdr 0x47c358) for callback client 3100008c:00050001.
E/power   (  449): release_wake_lock g_error=2 
E/power   (  449): acquire_wake_lock g_error=2 
E/power   (  449): acquire_wake_lock g_error=2 
E/power   (  449): release_wake_lock g_error=2 
D/RPC     (  449): 3100008c:327681 sending RPC reply (XID 1945)
D/RPC     (  449): 3000008c:00050000 received CALL.
D/RPC     (  449): 3000008c:00050000 dispatching RPC call (XID 1946, xdr 0x47c358) for callback client 3100008c:00050001.
D/RPC     (  449): 3100008c:327681 sending RPC reply (XID 1946)
D/RPC     (  449): 3000008c:00050000 received CALL.
D/RPC     (  449): 3000008c:00050000 dispatching RPC call (XID 1947, xdr 0x47c358) for callback client 3100008c:00050001.
E/power   (  449): release_wake_lock g_error=2 
E/power   (  449): acquire_wake_lock g_error=2 
E/power   (  449): release_wake_lock g_error=2 
D/RPC     (  449): 3100008c:327681 sending RPC reply (XID 1947)
D/RPC     (  449): 3000008c:00050000 received CALL.
D/RPC     (  449): 3000008c:00050000 dispatching RPC call (XID 1948, xdr 0x47c358) for callback client 3100008c:00050001.
D/RPC     (  449): 3100008c:327681 sending RPC reply (XID 1948)
E/power   (  449): acquire_wake_lock g_error=2 
E/power   (  449): release_wake_lock g_error=2 
D/RPC     (  449): 3000008c:00050000 received CALL.
D/RPC     (  449): 3000008c:00050000 dispatching RPC call (XID 1949, xdr 0x47c358) for callback client 3100008c:00050001.
D/RPC     (  449): 3100008c:327681 sending RPC reply (XID 1949)
I/WindowOrientationListener(  449): orientation = 342 Tilt = 53 -- -1 ,  5 ,  8
E/power   (  449): acquire_wake_lock g_error=2 
E/power   (  449): release_wake_lock g_error=2 
D/RPC     (  449): 3000008c:00050000 received CALL.
D/RPC     (  449): 3000008c:00050000 dispatching RPC call (XID 1950, xdr 0x47c358) for callback client 3100008c:00050001.
D/RPC     (  449): 3100008c:327681 sending RPC reply (XID 1950)
E/power   (  449): acquire_wake_lock g_error=2 
E/power   (  449): acquire_wake_lock g_error=2 
E/power   (  449): release_wake_lock g_error=2 
E/power   (  449): release_wake_lock g_error=2 
D/RPC     (  449): 3000008c:00050000 received CALL.
D/RPC     (  449): 3000008c:00050000 dispatching RPC call (XID 1951, xdr 0x47c358) for callback client 3100008c:00050001.
D/RPC     (  449): 3100008c:327681 sending RPC reply (XID 1951)
D/RPC     (  449): 3000008c:00050000 received CALL.
D/RPC     (  449): 3000008c:00050000 dispatching RPC call (XID 1952, xdr 0x47c358) for callback client 3100008c:00050001.
D/RPC     (  449): 3100008c:327681 sending RPC reply (XID 1952)
E/power   (  449): acquire_wake_lock g_error=2 
E/power   (  449): release_wake_lock g_error=2 
E/power   (  449): acquire_wake_lock g_error=2 
E/power   (  449): release_wake_lock g_error=2 
D/RPC     (  449): 3000008c:00050000 received CALL.
D/RPC     (  449): 3000008c:00050000 dispatching RPC call (XID 1953, xdr 0x47c358) for callback client 3100008c:00050001.
D/RPC     (  449): 3100008c:327681 sending RPC reply (XID 1953)
D/RPC     (  449): 3000008c:00050000 received CALL.
D/RPC     (  449): 3000008c:00050000 dispatching RPC call (XID 1954, xdr 0x47c358) for callback client 3100008c:00050001.
D/RPC     (  449): 3100008c:327681 sending RPC reply (XID 1954)
E/power   (  449): acquire_wake_lock g_error=2 
E/power   (  449): acquire_wake_lock g_error=2 
E/power   (  449): release_wake_lock g_error=2 
D/RPC     (  449): 3000008c:00050000 received CALL.
D/RPC     (  449): 3000008c:00050000 dispatching RPC call (XID 1955, xdr 0x47c358) for callback client 3100008c:00050001.
D/RPC     (  449): 3100008c:327681 sending RPC reply (XID 1955)
D/RPC     (  449): 3000008c:00050000 received CALL.
D/RPC     (  449): 3000008c:00050000 dispatching RPC call (XID 1956, xdr 0x47c358) for callback client 3100008c:00050001.
D/RPC     (  449): 3100008c:327681 sending RPC reply (XID 1956)
E/power   (  449): acquire_wake_lock g_error=2 
E/power   (  449): release_wake_lock g_error=2 
E/power   (  449): release_wake_lock g_error=2 
E/power   (  449): acquire_wake_lock g_error=2 
D/RPC     (  449): 3000008c:00050000 received CALL.
D/RPC     (  449): 3000008c:00050000 dispatching RPC call (XID 1957, xdr 0x47c358) for callback client 3100008c:00050001.
D/RPC     (  449): 3100008c:327681 sending RPC reply (XID 1957)
D/RPC     (  449): 3000008c:00050000 received CALL.
D/RPC     (  449): 3000008c:00050000 dispatching RPC call (XID 1958, xdr 0x47c358) for callback client 3100008c:00050001.
E/power   (  449): release_wake_lock g_error=2 
D/RPC     (  449): 3100008c:327681 sending RPC reply (XID 1958)
E/power   (  449): acquire_wake_lock g_error=2 
E/power   (  449): release_wake_lock g_error=2 
D/RPC     (  449): 3000008c:00050000 received CALL.
D/RPC     (  449): 3000008c:00050000 dispatching RPC call (XID 1959, xdr 0x47c358) for callback client 3100008c:00050001.
D/RPC     (  449): 3100008c:327681 sending RPC reply (XID 1959)
I/WindowOrientationListener(  449): orientation = 341 Tilt = 53 -- -1 ,  5 ,  8
E/power   (  449): acquire_wake_lock g_error=2 
E/power   (  449): release_wake_lock g_error=2 
E/power   (  449): acquire_wake_lock g_error=2 
D/RPC     (  449): 3000008c:00050000 received CALL.
D/RPC     (  449): 3000008c:00050000 dispatching RPC call (XID 1960, xdr 0x47c358) for callback client 3100008c:00050001.
D/RPC     (  449): 3100008c:327681 sending RPC reply (XID 1960)
D/RPC     (  449): 3000008c:00050000 received CALL.
D/RPC     (  449): 3000008c:00050000 dispatching RPC call (XID 1961, xdr 0x47c358) for callback client 3100008c:00050001.
E/power   (  449): acquire_wake_lock g_error=2 
E/power   (  449): release_wake_lock g_error=2 
E/power   (  449): release_wake_lock g_error=2 
E/power   (  449): acquire_wake_lock g_error=2 
D/RPC     (  449): 3100008c:327681 sending RPC reply (XID 1961)
D/RPC     (  449): 3000008c:00050000 received CALL.
D/RPC     (  449): 3000008c:00050000 dispatching RPC call (XID 1962, xdr 0x47c358) for callback client 3100008c:00050001.
D/RPC     (  449): 3100008c:327681 sending RPC reply (XID 1962)
D/RPC     (  449): 3000008c:00050000 received CALL.
D/RPC     (  449): 3000008c:00050000 dispatching RPC call (XID 1963, xdr 0x47c358) for callback client 3100008c:00050001.
E/power   (  449): release_wake_lock g_error=2 
E/power   (  449): acquire_wake_lock g_error=2 
E/power   (  449): release_wake_lock g_error=2 
E/power   (  449): acquire_wake_lock g_error=2 
D/RPC     (  449): 3100008c:327681 sending RPC reply (XID 1963)
D/RPC     (  449): 3000008c:00050000 received CALL.
D/RPC     (  449): 3000008c:00050000 dispatching RPC call (XID 1964, xdr 0x47c358) for callback client 3100008c:00050001.
D/RPC     (  449): 3100008c:327681 sending RPC reply (XID 1964)
D/RPC     (  449): 3000008c:00050000 received CALL.
D/RPC     (  449): 3000008c:00050000 dispatching RPC call (XID 1965, xdr 0x47c358) for callback client 3100008c:00050001.
E/power   (  449): release_wake_lock g_error=2 
E/power   (  449): acquire_wake_lock g_error=2 
E/power   (  449): acquire_wake_lock g_error=2 
E/power   (  449): release_wake_lock g_error=2 
D/RPC     (  449): 3100008c:327681 sending RPC reply (XID 1965)
D/RPC     (  449): 3000008c:00050000 received CALL.
D/RPC     (  449): 3000008c:00050000 dispatching RPC call (XID 1966, xdr 0x47c358) for callback client 3100008c:00050001.
D/RPC     (  449): 3100008c:327681 sending RPC reply (XID 1966)
D/RPC     (  449): 3000008c:00050000 received CALL.
D/RPC     (  449): 3000008c:00050000 dispatching RPC call (XID 1967, xdr 0x47c358) for callback client 3100008c:00050001.
E/power   (  449): release_wake_lock g_error=2 
E/power   (  449): acquire_wake_lock g_error=2 
D/RPC     (  449): 3100008c:327681 sending RPC reply (XID 1967)
D/RPC     (  449): 3000008c:00050000 received CALL.
D/RPC     (  449): 3000008c:00050000 dispatching RPC call (XID 1968, xdr 0x47c358) for callback client 3100008c:00050001.
E/power   (  449): release_wake_lock g_error=2 
D/RPC     (  449): 3100008c:327681 sending RPC reply (XID 1968)
D/dalvikvm( 1629): GC_EXPLICIT freed 307K, 42% free 3398K/5767K, external 1419K/2596K, paused 87ms
E/power   (  449): acquire_wake_lock g_error=2 
E/power   (  449): release_wake_lock g_error=2 
D/RPC     (  449): 3000008c:00050000 received CALL.
D/RPC     (  449): 3000008c:00050000 dispatching RPC call (XID 1969, xdr 0x47c358) for callback client 3100008c:00050001.
D/RPC     (  449): 3100008c:327681 sending RPC reply (XID 1969)
I/WindowOrientationListener(  449): orientation = 339 Tilt = 48 -- -2 ,  5 ,  7
E/power   (  449): acquire_wake_lock g_error=2 
E/power   (  449): release_wake_lock g_error=2 
E/power   (  449): acquire_wake_lock g_error=2 
E/power   (  449): release_wake_lock g_error=2 
E/power   (  449): acquire_wake_lock g_error=2 
D/RPC     (  449): 3000008c:00050000 received CALL.
D/RPC     (  449): 3000008c:00050000 dispatching RPC call (XID 1970, xdr 0x47c358) for callback client 3100008c:00050001.
D/RPC     (  449): 3100008c:327681 sending RPC reply (XID 1970)
D/RPC     (  449): 3000008c:00050000 received CALL.
D/RPC     (  449): 3000008c:00050000 dispatching RPC call (XID 1971, xdr 0x47c358) for callback client 3100008c:00050001.
D/RPC     (  449): 3100008c:327681 sending RPC reply (XID 1971)
D/RPC     (  449): 3000008c:00050000 received CALL.
D/RPC     (  449): 3000008c:00050000 dispatching RPC call (XID 1972, xdr 0x47c358) for callback client 3100008c:00050001.
E/power   (  449): release_wake_lock g_error=2 
E/power   (  449): acquire_wake_lock g_error=2 
E/power   (  449): release_wake_lock g_error=2 
E/power   (  449): acquire_wake_lock g_error=2 
D/RPC     (  449): 3100008c:327681 sending RPC reply (XID 1972)
D/RPC     (  449): 3000008c:00050000 received CALL.
D/RPC     (  449): 3000008c:00050000 dispatching RPC call (XID 1973, xdr 0x47c358) for callback client 3100008c:00050001.
D/RPC     (  449): 3100008c:327681 sending RPC reply (XID 1973)
E/power   (  449): release_wake_lock g_error=2 
E/power   (  449): acquire_wake_lock g_error=2 
E/power   (  449): release_wake_lock g_error=2 
E/power   (  449): acquire_wake_lock g_error=2 
D/RPC     (  449): 3000008c:00050000 received CALL.
D/RPC     (  449): 3000008c:00050000 dispatching RPC call (XID 1974, xdr 0x47c358) for callback client 3100008c:00050001.
D/RPC     (  449): 3100008c:327681 sending RPC reply (XID 1974)
D/RPC     (  449): 3000008c:00050000 received CALL.
D/RPC     (  449): 3000008c:00050000 dispatching RPC call (XID 1975, xdr 0x47c358) for callback client 3100008c:00050001.
D/RPC     (  449): 3100008c:327681 sending RPC reply (XID 1975)
D/RPC     (  449): 3000008c:00050000 received CALL.
D/RPC     (  449): 3000008c:00050000 dispatching RPC call (XID 1976, xdr 0x47c358) for callback client 3100008c:00050001.
E/power   (  449): acquire_wake_lock g_error=2 
E/power   (  449): release_wake_lock g_error=2 
E/power   (  449): release_wake_lock g_error=2 
E/power   (  449): acquire_wake_lock g_error=2 
D/RPC     (  449): 3100008c:327681 sending RPC reply (XID 1976)
D/RPC     (  449): 3000008c:00050000 received CALL.
D/RPC     (  449): 3000008c:00050000 dispatching RPC call (XID 1977, xdr 0x47c358) for callback client 3100008c:00050001.
D/RPC     (  449): 3100008c:327681 sending RPC reply (XID 1977)
D/RPC     (  449): 3000008c:00050000 received CALL.
D/RPC     (  449): 3000008c:00050000 dispatching RPC call (XID 1978, xdr 0x47c358) for callback client 3100008c:00050001.
E/power   (  449): release_wake_lock g_error=2 
D/RPC     (  449): 3100008c:327681 sending RPC reply (XID 1978)
I/InputReader(  449): dispatchTouch::touch event's action is 0, pending(waiting finished signal)=0
I/InputDispatcher(  449): Delivering touch to current input target: action: 0, channel '40958428 com.sec.android.app.camera/com.sec.android.app.camera.CropImage (server)'
I/InputDispatcher(  449): Delivering touch to current input target: action: 0, channel 'PenGestureView (server)'
I/InputReader(  449): dispatchTouch::touch event's action is 1, pending(waiting finished signal)=0
I/InputDispatcher(  449): Delivering touch to current input target: action: 1, channel '40958428 com.sec.android.app.camera/com.sec.android.app.camera.CropImage (server)'
I/InputDispatcher(  449): Delivering touch to current input target: action: 1, channel 'PenGestureView (server)'
V/CropImage( 2553): Crop = no, Return = specified uri
V/AudioPolicyManager(  325): getParamFromPolicy  deviceInt = 0, situationInt = 1, situationVolume = 1.000000
V/AudioPolicyService(  325): startOutput() tid 325
V/AudioPolicyManager(  325): startOutput() output 1, stream 1, session 20
V/AudioPolicyManager(  325): getDeviceForStrategy() from cache strategy 0, device 2
V/AudioPolicyManager(  325): getNewDevice() selected device 2
V/AudioPolicyManager(  325): setOutputDevice() output 1 device 2 delayMs 0
V/AudioPolicyManager(  325): setOutputDevice() setting same device 2 or null device for output 1
E/AudioTrack(  449): Audio track delete
E/AudioTrack(  449): stop 0x5dbde8
E/AudioTrack(  449): Stop complete
E/AudioTrack(  449): Audio track exit start
E/AudioTrack(  449): Audio track exit done
V/AudioPolicyService(  325): releaseOutput() tid 410
V/AudioPolicyManager(  325): releaseOutput() 1
D/msm8660.gralloc(  449): !@/dev/pmem: allocating pmem size=4096000, offset=17149952(0x105b000)
V/AudioHardwareMSM8660(  325): open driver
V/AudioHardwareMSM8660(  325): get config
V/AudioHardwareMSM8660(  325): set config
V/AudioHardwareMSM8660(  325): buffer_size: 4800
V/AudioHardwareMSM8660(  325): buffer_count: 2
V/AudioHardwareMSM8660(  325): channel_count: 2
V/AudioHardwareMSM8660(  325): sample_rate: 44100
D/AudioHardwareMSM8660(  325): write(): dec_id = 1 cur_rx = 2
V/AudioHardwareMSM8660(  325): cur_rx for pcm playback = 2
D/AudioHardwareMSM8660(  325): value of device and enable is 2 1 ALSA dev id:2
V/CropImage( 2553): onPause
I/OrientationDebug(  449): [pwm] in updateOrientationListenerLp()
V/OrientationDebug(  449): in updateOrientationListenerLp(), Screen status=true, current orientation=0, SensorEnabled=false
I/OrientationDebug(  449): [pwm] needSensorRunningLp(), return false #3
E/WindowManager(  449): rotation is : 1
E/SurfaceFlinger(  449): setOrientation rotation effect 1
D/ACDB-LOADER(  325): ACDB -> send_audio_cal, acdb_id = 2, path =  0
D/ACDB-LOADER(  325): ACDB -> send_audtable
D/ACDB-LOADER(  325): ACDB -> ACDB_CMD_GET_AUDPROC_COMMON_TABLE
D/ACDB-LOADER(  325): ACDB -> AUDIO_SET_AUDPROC_CAL
D/ACDB-LOADER(  325): ACDB -> send_audvoltable
D/ACDB-LOADER(  325): ACDB -> ACDB_CMD_GET_AUDPROC_GAIN_DEP_VOLTBL_STEP_COPP
D/ACDB-LOADER(  325): ACDB -> AUDIO_SET_AUDPROC_VOL_CAL
I/WindowManager(  449): Setting rotation to 1, animFlags=1
I/TvOut-Observer(  449): setTvoutOrientation rotation =  1
E/TvOut-Observer(  449): TvoutSetOrientation
I/ActivityManager(  449): Config changed: { scale=1.0 imsi=310/410 loc=en_US touch=3 keys=1/1/2 nav=1/1 orien=2 layout=268435475 uiMode=17 seq=6 FlipFont=0}
D/msm8660.gralloc(  449): !@/dev/pmem: allocating pmem size=6062080, offset=21245952(0x1443000)
V/Camera  ( 2402): --onActivityResult--requestCode: 2001
V/Camera  ( 2402): --onActivityResult--resultCode: -1
V/Camera  ( 2402): --onActivityResult--data: Intent { act=inline-data (has extras) }
I/GLThread( 2402): onPause tid=10
I/WindowOrientationListener(  449): orientation = 333 Tilt = 47 -- -2 ,  6 ,  7
I/Mux     ( 2125): Stop request encountered.
D/Mux     ( 2125): Waiting for VCoreDaemon to stop...
I/VCoreDaemon( 2125): Stop request encountered.
I/UserApp ( 2125): 1331484488942: UserApp stopped.
I/VCoreDaemon( 2125): 1331484488942: DSMLayer stopped
I/VCoreDaemon( 2125): 1331484488943: onStop skipping release leadership to cloud
I/VCoreDaemon( 2125): 1331484488943: DSMLayer stopped
I/VCoreDaemon( 2125): Loop ended, vncDaemon thread exiting
D/LocationManagerService(  449): Location requesting stopped by UID(10123) edu.mit.csail.diplomamatrix, Receiver info:Receiver{40b23450 Listener android.os.BinderProxy@40b23418}mUpdateRecords: {gps=UpdateRecord{40b237c0 mProvider: gps mUid: 10123}}
D/PowerManagerService(  449): releaseWakeLockLocked flags=0x0 tag=StatusActivity myUID=1000 myPID=449 myTID=455
I/ViewRoot(  564): !@FINISH DRAWING : StatusBarExpanded
I/ViewRoot(  564): !@finishDrawing is completed : StatusBarExpanded
D/InputTransport(  449): Input channel destroyed: name='40cb5570 edu.mit.csail.diplomamatrix/edu.mit.csail.diplomamatrix.StatusActivity (server)', ashmemFd=228, receivePipeFd=260, sendPipeFd=258
D/InputTransport( 2125): Input channel destroyed: name='40cb5570 edu.mit.csail.diplomamatrix/edu.mit.csail.diplomamatrix.StatusActivity (client)', ashmemFd=46, receivePipeFd=47, sendPipeFd=48
E/AudioTrack(  449): stop 0x4ec678
V/AudioPolicyService(  325): stopOutput() tid 325
V/AudioPolicyManager(  325): stopOutput() output 1, stream 1, session 20
V/AudioPolicyManager(  325): getNewDevice() selected device 0
V/AudioPolicyManager(  325): setOutputDevice() output 1 device 0 delayMs 0
V/AudioPolicyManager(  325): setOutputDevice() setting same device 0 or null device for output 1
E/AudioTrack(  449): Stop complete
D/msm8660.gralloc(  449): !@/dev/pmem: allocating pmem size=327680, offset=12394496(0xbd2000)
I/ViewRoot(  564): !@FINISH DRAWING : StatusBar
I/ViewRoot(  564): !@finishDrawing is completed : StatusBar
D/msm8660.gralloc(  449): !@/dev/pmem: allocating pmem size=3604480, offset=27308032(0x1a0b000)
I/ViewRoot(  564): !@FINISH DRAWING : StatusBarExpanded
I/ViewRoot(  564): !@finishDrawing is completed : StatusBarExpanded
D/msm8660.gralloc(  449): !@/dev/pmem: allocating pmem size=327680, offset=12722176(0xc22000)
D/PowerManagerService(  449): acquireWakeLock flags=0x20000006 tag=StatusActivity uid=10123 pid=2125   myUID=1000 myPID=449 myTID=641
I/StatusActivity( 2125): 1331484489105: *** Opened log file for writing ***
I/StatusActivity( 2125): about to start mux hqqqqqqqqqqqqqqqqqqq
I/                id = ( 2125): -1
I/StatusActivity( 2125): end to start mux hqqqqqqqqqqqqqq11qqqqq
I/StatusActivity( 2125): about to start benchmark hqqqqqqqqqqqqqqqqqqq
I/bench button null 2:( 2125): mux.vncDaemon == null. :(:(:(
I/StatusActivity( 2125): :( mux not right, can't start benchmark hqqqqqqqqqqqqqqqqqqq
I/StatusActivity( 2125): Camera Handling results!
I/StatusActivity( 2125): 1331484489111: Display on screen:
I/Mux.java( 2125): run() beginning -------------
D/dalvikvm( 2125): GC_EXTERNAL_ALLOC freed 296K, 42% free 3792K/6535K, external 484K/1281K, paused 35ms
D/Mux     ( 2125): Mux started
E/NetworkThread( 2125): Cannot open socketAddress already in use
I/NetworkThread( 2125): started, local IP address:/192.168.5.2
E/Mux     ( 2125): Cannot start server: socket not ok.
D/GpsLocationProvider(  449): stopNavigating
V/GpsLocationProvider(  449): SensorAidingDeactivateAllSensor : No registered sensorManager
D/GpsLocationProvider(  449): SensorAidingDeregister : Exit
V/GpsLocationProvider(  449): reportStatus status: 2
D/GpsLocationProvider(  449): send an intent to notify that the GPS has been enabled or disabled
D/RPC     (  449): 3000008c:00050000 sending call (XID 42).
V/CropImage( 2553): onDestroy
I/SurfaceFlinger(  449): id=33 Removed com.sec.android.app.camera/com.sec.android.app.camera.CropImage idx=3 Map Size=5
D/SurfaceFlinger(  449): remove count:1 destroying com.sec.android.app.camera/com.sec.android.app.camera.CropImage
W/WindowManager(  449): Window Window{40958428 com.sec.android.app.camera/com.sec.android.app.camera.CropImage paused=false} destroyed surface Surface(name=com.sec.android.app.camera/com.sec.android.app.camera.CropImage, identity=-1, mNativeSurface=0), session Session{40983f90 uid 10102}
D/InputTransport( 2553): Input channel destroyed: name='40958428 com.sec.android.app.camera/com.sec.android.app.camera.CropImage (client)', ashmemFd=52, receivePipeFd=53, sendPipeFd=54
E/power   (  449): acquire_wake_lock g_error=2 
E/power   (  449): acquire_wake_lock g_error=2 
E/power   (  449): release_wake_lock g_error=2 
E/power   (  449): release_wake_lock g_error=2 
E/power   (  449): acquire_wake_lock g_error=2 
D/RPC     (  449): 3000008c:00050000 received CALL.
D/RPC     (  449): 3000008c:00050000 waiting for XDR input buffer to be consumed.
D/RPC     (  449): 3000008c:00050000 dispatching RPC call (XID 1979, xdr 0x47c358) for callback client 3100008c:00050001.
D/RPC     (  449): 3000008c:00050000 received REPLY (XID 42), grabbing mutex to wake up client.
D/RPC     (  449): 3000008c:00050000 call success.
D/RPC     (  449): 3100008c:327681 sending RPC reply (XID 1979)
E/power   (  449): release_wake_lock g_error=2 
E/power   (  449): acquire_wake_lock g_error=2 
V/GpsLocationProvider(  449): reportStatus status: 2
E/power   (  449): release_wake_lock g_error=2 
D/RPC     (  449): 3000008c:00050000 received CALL.
D/RPC     (  449): 3000008c:00050000 dispatching RPC call (XID 1980, xdr 0x47c358) for callback client 3100008c:00050001.
D/RPC     (  449): 3100008c:327681 sending RPC reply (XID 1980)
D/RPC     (  449): 3000008c:00050000 received CALL.
D/RPC     (  449): 3000008c:00050000 dispatching RPC call (XID 1981, xdr 0x47c358) for callback client 3100008c:00050001.
D/RPC     (  449): 3100008c:327681 sending RPC reply (XID 1981)
E/power   (  449): acquire_wake_lock g_error=2 
D/RPC     (  449): 3000008c:00050000 received CALL.
V/GpsLocationProvider(  449): reportStatus status: 4
E/power   (  449): release_wake_lock g_error=2 
D/RPC     (  449): 3000008c:00050000 dispatching RPC call (XID 1984, xdr 0x47c358) for callback client 3100008c:00050001.
D/RPC     (  449): 3100008c:327681 sending RPC reply (XID 1984)
D/dalvikvm(  643): GC_EXTERNAL_ALLOC freed 279K, 39% free 4443K/7175K, external 23069K/23113K, paused 40ms
I/StatusActivity( 2125): 1331484489513: Options height x width: 612 x 816
I/StatusActivity( 2125): 1331484489513: GETANDRESIZE BITMAP SIZE: 1997568
I/StatusActivity( 2125): 111111111
D/AndroidRuntime( 2125): Shutting down VM
W/dalvikvm( 2125): threadid=1: thread exiting with uncaught exception (group=0x4001e578)
E/AndroidRuntime( 2125): FATAL EXCEPTION: main
E/AndroidRuntime( 2125): java.lang.RuntimeException: Unable to resume activity {edu.mit.csail.diplomamatrix/edu.mit.csail.diplomamatrix.StatusActivity}: java.lang.RuntimeException: Failure delivering result ResultInfo{who=null, request=111, result=-1, data=null} to activity {edu.mit.csail.diplomamatrix/edu.mit.csail.diplomamatrix.StatusActivity}: java.lang.NullPointerException
E/AndroidRuntime( 2125):        at android.app.ActivityThread.performResumeActivity(ActivityThread.java:2124)
E/AndroidRuntime( 2125):        at android.app.ActivityThread.handleResumeActivity(ActivityThread.java:2139)
E/AndroidRuntime( 2125):        at android.app.ActivityThread.handleLaunchActivity(ActivityThread.java:1672)
E/AndroidRuntime( 2125):        at android.app.ActivityThread.handleRelaunchActivity(ActivityThread.java:2836)
E/AndroidRuntime( 2125):        at android.app.ActivityThread.access$1600(ActivityThread.java:117)
E/AndroidRuntime( 2125):        at android.app.ActivityThread$H.handleMessage(ActivityThread.java:939)
E/AndroidRuntime( 2125):        at android.os.Handler.dispatchMessage(Handler.java:99)
E/AndroidRuntime( 2125):        at android.os.Looper.loop(Looper.java:130)
E/AndroidRuntime( 2125):        at android.app.ActivityThread.main(ActivityThread.java:3691)
E/AndroidRuntime( 2125):        at java.lang.reflect.Method.invokeNative(Native Method)
E/AndroidRuntime( 2125):        at java.lang.reflect.Method.invoke(Method.java:507)
E/AndroidRuntime( 2125):        at com.android.internal.os.ZygoteInit$MethodAndArgsCaller.run(ZygoteInit.java:912)
E/AndroidRuntime( 2125):        at com.android.internal.os.ZygoteInit.main(ZygoteInit.java:670)
E/AndroidRuntime( 2125):        at dalvik.system.NativeStart.main(Native Method)
E/AndroidRuntime( 2125): Caused by: java.lang.RuntimeException: Failure delivering result ResultInfo{who=null, request=111, result=-1, data=null} to activity {edu.mit.csail.diplomamatrix/edu.mit.csail.diplomamatrix.StatusActivity}: java.lang.NullPointerException
E/AndroidRuntime( 2125):        at android.app.ActivityThread.deliverResults(ActivityThread.java:2536)
E/AndroidRuntime( 2125):        at android.app.ActivityThread.performResumeActivity(ActivityThread.java:2111)
E/AndroidRuntime( 2125):        ... 13 more
E/AndroidRuntime( 2125): Caused by: java.lang.NullPointerException
E/AndroidRuntime( 2125):        at edu.mit.csail.diplomamatrix.StatusActivity.onActivityResult(StatusActivity.java:460)
E/AndroidRuntime( 2125):        at android.app.Activity.dispatchActivityResult(Activity.java:3950)
E/AndroidRuntime( 2125):        at android.app.ActivityThread.deliverResults(ActivityThread.java:2532)
E/AndroidRuntime( 2125):        ... 14 more
