D/NetUtils(  152): android_net_utils_resetConnections in env=0xf214c8 clazz=0x64e00001 iface=rmnet0 mask=0x3
D/ConnectivityService(  152): resetConnections(rmnet0, 3)
W/Smack/Packet(  453): notify conn break (IOEx), close connection
I/qtaguid (  453): Failed write_ctrl(u 68) res=-1 errno=22
I/qtaguid (  453): Untagging socket 68 failed errno=-22
W/NetworkManagementSocketTagger(  453): untagSocket(68) failed with errno -22
D/ConnectivityService(  152): handleInetConditionChange: no active default network - ignore
D/ConnectivityService(  152): ConnectivityChange for mobile: CONNECTED/CONNECTED
D/NetworkPolicy(  152): applying policy NetworkPolicy[NetworkTemplate: matchRule=MOBILE_ALL, subscriberId=valid]: cycleDay=15, warningBytes=2147483648, limitBytes=-1, lastSnooze=-1 to ifaces [rmnet0]
D/Tethering(  152): MasterInitialState.processMessage what=3
I/BarnacleService( 1072): log: hq. MSG_NETSCHANGE. about to get getWifiState
I/MediaUploader( 1010): No need to wake up
I/BarnacleService( 1072): log: hq. BarnacleServiceNETSCHANGE: 1 2 proc
E/BarnacleService( 1072): NETSCHANGE: 1 2 proc
I/BarnacleService( 1072): log: hq. wifiState 1 =? WifiManager.WIFI_STATE_DISABLED = 1
I/BarnacleService( 1072): log: hq. INSIDE :) wifi state disabled
I/BarnacleService( 1072): log: ( (state = 2) ?== (STATE_STARTING = 1) ) && ( (process = proc_is_not_null) ?== null ... && checkUplink:
I/BarnacleService( 1072): log: now waiting, becaus  either state != STATE_STARTING or process != null
D/PicasaSyncManager( 1032): active network: NetworkInfo: type: mobile[EDGE], state: CONNECTED/CONNECTED, reason: nwTypeChanged, extra: epc.tmobile.com, roaming: false, failover: false, isAvailable: true
D/PicasaSyncManager( 1032): background data: true
D/Tethering(  152): MasterInitialState.processMessage what=3
I/BarnacleService( 1072): log: hq. MSG_NETSCHANGE. about to get getWifiState
I/BarnacleService( 1072): log: hq. BarnacleServiceNETSCHANGE: 1 2 proc
E/BarnacleService( 1072): NETSCHANGE: 1 2 proc
I/BarnacleService( 1072): log: hq. wifiState 1 =? WifiManager.WIFI_STATE_DISABLED = 1
I/BarnacleService( 1072): log: hq. INSIDE :) wifi state disabled
I/BarnacleService( 1072): log: ( (state = 2) ?== (STATE_STARTING = 1) ) && ( (process = proc_is_not_null) ?== null ... && checkUplink:
I/BarnacleService( 1072): log: now waiting, becaus  either state != STATE_STARTING or process != null
I/MediaUploader( 1010): No need to wake up
D/PicasaSyncManager( 1032): active network: NetworkInfo: type: mobile[EDGE], state: CONNECTED/CONNECTED, reason: nwTypeChanged, extra: epc.tmobile.com, roaming: false, failover: false, isAvailable: true
D/PicasaSyncManager( 1032): background data: true
D/dalvikvm(  152): GC_EXPLICIT freed 876K, 14% free 13355K/15367K, paused 3ms+6ms
D/dalvikvm(  311): GC_EXPLICIT freed 360K, 6% free 9494K/10055K, paused 5ms+67ms
I/GTalkService/c(  453): [AndroidEndpoint@1094469624] connect: acct=1000000, state=CONNECTING
D/dalvikvm(  453): GC_CONCURRENT freed 428K, 6% free 9998K/10631K, paused 2ms+3ms
D/ConnectivityService(  152): handleInetConditionHoldEnd: net=0, condition=100, published condition=0
W/Smack/Packet(  453): notify conn break (IOEx), close connection
D/ConnectivityService(  152): handleInetConditionHoldEnd: net=0, condition=0, published condition=100
I/GTalkService/c(  453): [AndroidEndpoint@1094469624] connect: acct=1000000, state=CONNECTING
D/dalvikvm(  453): GC_CONCURRENT freed 367K, 6% free 10035K/10631K, paused 14ms+3ms
D/ConnectivityService(  152): handleInetConditionHoldEnd: net=0, condition=100, published condition=0
W/Smack/Packet(  453): notify conn break (IOEx), close connection
D/ConnectivityService(  152): handleInetConditionHoldEnd: net=0, condition=0, published condition=100
I/GTalkService/c(  453): [AndroidEndpoint@1094469624] connect: acct=1000000, state=CONNECTING
D/dalvikvm(  453): GC_EXPLICIT freed 265K, 6% free 10048K/10631K, paused 2ms+3ms
D/ConnectivityService(  152): handleInetConditionHoldEnd: net=0, condition=100, published condition=0
W/Smack/Packet(  453): notify conn break (IOEx), close connection
D/ConnectivityService(  152): handleInetConditionHoldEnd: net=0, condition=0, published condition=100
I/GTalkService/c(  453): [AndroidEndpoint@1094469624] connect: acct=1000000, state=CONNECTING
D/ConnectivityService(  152): handleInetConditionHoldEnd: net=0, condition=100, published condition=0
W/Smack/Packet(  453): notify conn break (IOEx), close connection
D/dalvikvm(  218): GC_CONCURRENT freed 369K, 6% free 10554K/11143K, paused 17ms+3ms
D/ConnectivityService(  152): handleInetConditionHoldEnd: net=0, condition=0, published condition=100
I/EventLogService(  453): Aggregate from 1333731825270 (log), 1333731825270 (data)
I/ServiceDumpSys(  453): dumping service [account]
I/GTalkService/c(  453): [AndroidEndpoint@1094469624] connect: acct=1000000, state=CONNECTING
D/dalvikvm(  453): GC_CONCURRENT freed 432K, 6% free 10064K/10631K, paused 1ms+3ms
W/Smack/Packet(  453): notify conn break (IOEx), close connection
E/GTalkService(  453): connectionClosed: no XMPPConnection - That's strange!
D/ConnectivityService(  152): handleInetConditionHoldEnd: net=0, condition=0, published condition=0
I/GTalkService/c(  453): [AndroidEndpoint@1094469624] connect: acct=1000000, state=CONNECTING
W/Smack/Packet(  453): notify conn break (IOEx), close connection
E/GTalkService(  453): connectionClosed: no XMPPConnection - That's strange!
D/ConnectivityService(  152): handleInetConditionHoldEnd: net=0, condition=0, published condition=0
I/CheckinService(  453): Preparing to send checkin request
I/EventLogService(  453): Accumulating logs since 1333733625367
D/dalvikvm(  453): GC_CONCURRENT freed 448K, 6% free 10047K/10631K, paused 2ms+2ms
I/CheckinTask(  453): Sending checkin request (1688 bytes)
E/CheckinTask(  453): SSL error, attempting time correction: javax.net.ssl.SSLException: Connection closed by peer
I/CheckinTask(  453): Server time agrees: delta 198 msec
E/CheckinTask(  453): Checkin failed: https://android.clients.google.com/checkin (request #0): javax.net.ssl.SSLException: Connection closed by peer
I/CheckinService(  453): Preparing to send checkin request
I/EventLogService(  453): Accumulating logs since 1333733951139
I/CheckinTask(  453): Sending checkin request (1688 bytes)
D/dalvikvm(  453): GC_CONCURRENT freed 492K, 7% free 10028K/10695K, paused 14ms+3ms
I/dalvikvm(  341): Jit: resizing JitTable from 4096 to 8192
I/CheckinTask(  453): From server: 199 gservices
D/dalvikvm(  453): GC_CONCURRENT freed 291K, 6% free 10122K/10695K, paused 1ms+2ms
I/GservicesProvider(  453): main update completed
I/ActivityManager(  152): Start proc com.google.android.partnersetup for broadcast com.google.android.partnersetup/.GservicesChangedReceiver: pid=1658 uid=10022 gids={3003}
I/ActivityThread( 1658): Pub com.google.android.partnersetup.rlzprovider: com.google.android.partnersetup.RlzProvider
I/ActivityThread( 1658): Pub com.google.android.partnersetup.rlzappprovider: com.google.android.partnersetup.RlzAppProvider
D/dalvikvm(  152): GC_CONCURRENT freed 935K, 13% free 13407K/15367K, paused 3ms+10ms
I/SystemUpdateService(  453): cancelUpdate (update URL has changed)
I/ActivityManager(  152): Start proc com.google.android.voicesearch for broadcast com.google.android.voicesearch/.GservicesBroadcastReceiver: pid=1676 uid=10056 gids={3002, 3003, 1015}
I/ActivityManager(  152): START {flg=0x10000000 cmp=com.google.android.gsf/.update.SystemUpdateInstallDialog} from pid 453
I/ActivityManager(  152): START {flg=0x10000000 cmp=com.google.android.gsf/.update.SystemUpdateDownloadDialog} from pid 453
I/ActivityThread( 1676): Pub com.google.android.voicesearch: com.google.android.voicesearch.AudioProvider
I/SystemUpdateService(  453): starting download of http://android.clients.google.com/packages/ota/google_crespo/hR7QFEtn.zip
V/SystemUpdateService(  453): retry (wakeup: true) in 21599997 ms
I/CheckinTask(  453): Checkin success: https://android.clients.google.com/checkin (1 requests sent)
I/PersonalizationPrefManagerImpl( 1676): No google account found
D/dalvikvm(  453): GC_CONCURRENT freed 363K, 5% free 10231K/10695K, paused 2ms+4ms
I/VoiceImeLanguageUpdater( 1676): #internalUpdateLanguages #56
I/SystemUpdate.Download(  453): Started a new update download: http://android.clients.google.com/packages/ota/google_crespo/hR7QFEtn.zip (id 13; allowMobile=false)
D/dalvikvm(  152): GC_EXPLICIT freed 287K, 14% free 13329K/15367K, paused 2ms+5ms
V/SystemUpdateService(  453): onPostExecute: false
I/DownloadManager(  265): Initiating request for download 13
W/DownloadManager(  265): Aborting request for download 13: download was requested to not use the current network type
W/ActivityManager(  152): Activity idle timeout for ActivityRecord{4151b490 com.google.android.gsf/.update.SystemUpdateInstallDialog}
I/ActivityManager(  152): No longer want com.android.settings (pid 884): hidden #16
I/GTalkService/c(  453): [AndroidEndpoint@1094469624] connect: acct=1000001, state=CONNECTING
D/dalvikvm(  311): GC_CONCURRENT freed 425K, 6% free 9494K/10055K, paused 2ms+2ms
W/Smack/Packet(  453): notify conn break (IOEx), close connection
D/ConnectivityService(  152): handleInetConditionHoldEnd: net=0, condition=0, published condition=0
I/GTalkService/c(  453): [AndroidEndpoint@1094469624] connect: acct=1000001, state=CONNECTING
D/dalvikvm(  453): GC_CONCURRENT freed 569K, 7% free 10057K/10759K, paused 2ms+3ms
D/ConnectivityService(  152): handleInetConditionHoldEnd: net=0, condition=100, published condition=0
W/Smack/Packet(  453): notify conn break (IOEx), close connection
D/ConnectivityService(  152): handleInetConditionHoldEnd: net=0, condition=0, published condition=100
D/dalvikvm(  152): GC_CONCURRENT freed 901K, 13% free 13393K/15367K, paused 16ms+5ms
I/GTalkService/c(  453): [AndroidEndpoint@1094469624] connect: acct=1000001, state=CONNECTING
D/dalvikvm(  453): GC_CONCURRENT freed 406K, 7% free 10049K/10759K, paused 14ms+2ms
D/ConnectivityService(  152): handleInetConditionHoldEnd: net=0, condition=100, published condition=0
W/Smack/Packet(  453): notify conn break (IOEx), close connection
D/ConnectivityService(  152): handleInetConditionHoldEnd: net=0, condition=0, published condition=100
I/GTalkService/c(  453): [AndroidEndpoint@1094469624] connect: acct=1000001, state=CONNECTING
D/ConnectivityService(  152): handleInetConditionHoldEnd: net=0, condition=100, published condition=0
W/Smack/Packet(  453): notify conn break (IOEx), close connection
D/ConnectivityService(  152): handleInetConditionHoldEnd: net=0, condition=0, published condition=100
I/GTalkService/c(  453): [AndroidEndpoint@1094469624] connect: acct=1000001, state=CONNECTING
D/dalvikvm(  453): GC_CONCURRENT freed 378K, 7% free 10075K/10759K, paused 2ms+4ms
W/Smack/Packet(  453): notify conn break (IOEx), close connection
D/ConnectivityService(  152): handleInetConditionHoldEnd: net=0, condition=0, published condition=0
I/GTalkService/c(  453): [AndroidEndpoint@1094469624] connect: acct=1000001, state=CONNECTING
W/Smack/Packet(  453): notify conn break (IOEx), close connection
D/ConnectivityService(  152): handleInetConditionHoldEnd: net=0, condition=0, published condition=0
I/GTalkService/c(  453): [AndroidEndpoint@1094469624] connect: acct=1000001, state=CONNECTING
D/dalvikvm(  453): GC_CONCURRENT freed 419K, 7% free 10045K/10759K, paused 14ms+3ms
D/ConnectivityService(  152): handleInetConditionHoldEnd: net=0, condition=100, published condition=0
W/Smack/Packet(  453): notify conn break (IOEx), close connection
D/ConnectivityService(  152): handleInetConditionHoldEnd: net=0, condition=0, published condition=100
I/GTalkService/c(  453): [AndroidEndpoint@1094469624] connect: acct=1000001, state=CONNECTING
D/dalvikvm(  453): GC_CONCURRENT freed 389K, 7% free 10057K/10759K, paused 2ms+2ms
D/ConnectivityService(  152): handleInetConditionHoldEnd: net=0, condition=100, published condition=0
W/Smack/Packet(  453): notify conn break (IOEx), close connection
D/ConnectivityService(  152): handleInetConditionHoldEnd: net=0, condition=0, published condition=100
I/GTalkService/c(  453): [AndroidEndpoint@1094469624] connect: acct=1000001, state=CONNECTING
D/ConnectivityService(  152): handleInetConditionHoldEnd: net=0, condition=100, published condition=0
W/Smack/Packet(  453): notify conn break (IOEx), close connection
D/ConnectivityService(  152): handleInetConditionHoldEnd: net=0, condition=0, published condition=100
I/GTalkService/c(  453): [AndroidEndpoint@1094469624] connect: acct=1000001, state=CONNECTING
D/dalvikvm(  453): GC_CONCURRENT freed 383K, 7% free 10081K/10759K, paused 2ms+3ms
D/ConnectivityService(  152): handleInetConditionHoldEnd: net=0, condition=100, published condition=0
W/Smack/Packet(  453): notify conn break (IOEx), close connection
D/ConnectivityService(  152): handleInetConditionHoldEnd: net=0, condition=0, published condition=100
I/GTalkService/c(  453): [AndroidEndpoint@1094469624] connect: acct=1000001, state=CONNECTING
D/ConnectivityService(  152): handleInetConditionHoldEnd: net=0, condition=100, published condition=0
W/Smack/Packet(  453): notify conn break (IOEx), close connection
D/ConnectivityService(  152): handleInetConditionHoldEnd: net=0, condition=0, published condition=100
D/dalvikvm(  218): GC_CONCURRENT freed 391K, 6% free 10547K/11143K, paused 2ms+2ms
D/dalvikvm(  152): GC_CONCURRENT freed 984K, 13% free 13420K/15367K, paused 18ms+5ms
I/GTalkService/c(  453): [AndroidEndpoint@1094469624] connect: acct=1000001, state=CONNECTING
D/dalvikvm(  453): GC_CONCURRENT freed 419K, 7% free 10059K/10759K, paused 14ms+2ms
W/Smack/Packet(  453): notify conn break (IOEx), close connection
E/GTalkService(  453): connectionClosed: no XMPPConnection - That's strange!
D/ConnectivityService(  152): handleInetConditionHoldEnd: net=0, condition=0, published condition=0
I/EventLogService(  453): Aggregate from 1333733982221 (log), 1333733625367 (data)
I/ServiceDumpSys(  453): dumping service [account]
D/dalvikvm(  152): GC_EXPLICIT freed 447K, 14% free 13354K/15367K, paused 20ms+5ms
I/GTalkService/c(  453): [AndroidEndpoint@1094469624] connect: acct=1000001, state=CONNECTING
D/dalvikvm(  453): GC_CONCURRENT freed 397K, 7% free 10054K/10759K, paused 2ms+3ms
D/ConnectivityService(  152): handleInetConditionHoldEnd: net=0, condition=100, published condition=0
W/Smack/Packet(  453): notify conn break (IOEx), close connection
D/ConnectivityService(  152): handleInetConditionHoldEnd: net=0, condition=0, published condition=100
I/GTalkService/c(  453): [AndroidEndpoint@1094469624] connect: acct=1000001, state=CONNECTING
D/ConnectivityService(  152): handleInetConditionHoldEnd: net=0, condition=100, published condition=0
W/Smack/Packet(  453): notify conn break (IOEx), close connection
D/ConnectivityService(  152): handleInetConditionHoldEnd: net=0, condition=0, published condition=100
I/GTalkService/c(  453): [AndroidEndpoint@1094469624] connect: acct=1000001, state=CONNECTING
D/dalvikvm(  453): GC_CONCURRENT freed 389K, 7% free 10058K/10759K, paused 14ms+2ms
D/ConnectivityService(  152): handleInetConditionHoldEnd: net=0, condition=100, published condition=0
W/Smack/Packet(  453): notify conn break (IOEx), close connection
D/ConnectivityService(  152): handleInetConditionHoldEnd: net=0, condition=0, published condition=100
I/GTalkService/c(  453): [AndroidEndpoint@1094469624] connect: acct=1000001, state=CONNECTING
D/dalvikvm(  453): GC_CONCURRENT freed 385K, 7% free 10058K/10759K, paused 2ms+3ms
D/ConnectivityService(  152): handleInetConditionHoldEnd: net=0, condition=100, published condition=0
W/Smack/Packet(  453): notify conn break (IOEx), close connection
D/ConnectivityService(  152): handleInetConditionHoldEnd: net=0, condition=0, published condition=100
I/GTalkService/c(  453): [AndroidEndpoint@1094469624] connect: acct=1000001, state=CONNECTING
D/ConnectivityService(  152): handleInetConditionHoldEnd: net=0, condition=100, published condition=0
W/Smack/Packet(  453): notify conn break (IOEx), close connection
D/ConnectivityService(  152): handleInetConditionHoldEnd: net=0, condition=0, published condition=100
I/GTalkService/c(  453): [AndroidEndpoint@1094469624] connect: acct=1000001, state=CONNECTING
I/ActivityManager(  152): No longer want com.googlecode.android.wifi.tether (pid 1088): hidden #16
D/dalvikvm(  453): GC_CONCURRENT freed 383K, 7% free 10082K/10759K, paused 2ms+3ms
D/dalvikvm(  453): GC_EXPLICIT freed 136K, 7% free 10031K/10759K, paused 17ms+2ms
W/Smack/Packet(  453): notify conn break (IOEx), close connection
D/ConnectivityService(  152): handleInetConditionHoldEnd: net=0, condition=0, published condition=0
I/GTalkService/c(  453): [AndroidEndpoint@1094469624] connect: acct=1000001, state=CONNECTING
D/ConnectivityService(  152): handleInetConditionHoldEnd: net=0, condition=100, published condition=0
W/Smack/Packet(  453): notify conn break (IOEx), close connection
D/ConnectivityService(  152): handleInetConditionHoldEnd: net=0, condition=0, published condition=100
I/GTalkService/c(  453): [AndroidEndpoint@1094469624] connect: acct=1000001, state=CONNECTING
D/dalvikvm(  453): GC_CONCURRENT freed 344K, 7% free 10080K/10759K, paused 2ms+3ms
D/ConnectivityService(  152): handleInetConditionHoldEnd: net=0, condition=100, published condition=0
W/Smack/Packet(  453): notify conn break (IOEx), close connection
D/ConnectivityService(  152): handleInetConditionHoldEnd: net=0, condition=0, published condition=100
D/dalvikvm(  152): GC_CONCURRENT freed 914K, 13% free 13397K/15367K, paused 2ms+5ms
I/GTalkService/c(  453): [AndroidEndpoint@1094469624] connect: acct=1000001, state=CONNECTING
D/ConnectivityService(  152): handleInetConditionHoldEnd: net=0, condition=100, published condition=0
D/dalvikvm(  311): GC_CONCURRENT freed 423K, 6% free 9495K/10055K, paused 2ms+2ms
W/Smack/Packet(  453): notify conn break (IOEx), close connection
D/ConnectivityService(  152): handleInetConditionHoldEnd: net=0, condition=0, published condition=100
I/GTalkService/c(  453): [AndroidEndpoint@1094469624] connect: acct=1000001, state=CONNECTING
D/dalvikvm(  453): GC_CONCURRENT freed 416K, 7% free 10058K/10759K, paused 14ms+3ms
D/ConnectivityService(  152): handleInetConditionHoldEnd: net=0, condition=100, published condition=0
W/Smack/Packet(  453): notify conn break (IOEx), close connection
D/ConnectivityService(  152): handleInetConditionHoldEnd: net=0, condition=0, published condition=100
I/GTalkService/c(  453): [AndroidEndpoint@1094469624] connect: acct=1000001, state=CONNECTING
D/dalvikvm(  453): GC_CONCURRENT freed 387K, 7% free 10065K/10759K, paused 2ms+2ms
W/Smack/Packet(  453): notify conn break (IOEx), close connection
D/ConnectivityService(  152): handleInetConditionHoldEnd: net=0, condition=0, published condition=0
I/GTalkService/c(  453): [AndroidEndpoint@1094469624] connect: acct=1000001, state=CONNECTING
D/ConnectivityService(  152): handleInetConditionHoldEnd: net=0, condition=100, published condition=0
W/Smack/Packet(  453): notify conn break (IOEx), close connection
D/ConnectivityService(  152): handleInetConditionHoldEnd: net=0, condition=0, published condition=100
I/GTalkService/c(  453): [AndroidEndpoint@1094469624] connect: acct=1000001, state=CONNECTING
D/dalvikvm(  453): GC_CONCURRENT freed 383K, 7% free 10079K/10759K, paused 2ms+2ms
D/ConnectivityService(  152): handleInetConditionHoldEnd: net=0, condition=100, published condition=0
W/Smack/Packet(  453): notify conn break (IOEx), close connection
D/ConnectivityService(  152): handleInetConditionHoldEnd: net=0, condition=0, published condition=100
I/GTalkService/c(  453): [AndroidEndpoint@1094469624] connect: acct=1000001, state=CONNECTING
D/ConnectivityService(  152): handleInetConditionHoldEnd: net=0, condition=100, published condition=0
W/Smack/Packet(  453): notify conn break (IOEx), close connection
D/ConnectivityService(  152): handleInetConditionHoldEnd: net=0, condition=0, published condition=100
I/GTalkService/c(  453): [AndroidEndpoint@1094469624] connect: acct=1000001, state=CONNECTING
D/dalvikvm(  453): GC_CONCURRENT freed 415K, 7% free 10057K/10759K, paused 14ms+2ms
W/Smack/Packet(  453): notify conn break (IOEx), close connection
D/ConnectivityService(  152): handleInetConditionHoldEnd: net=0, condition=100, published condition=0
D/ConnectivityService(  152): handleInetConditionHoldEnd: net=0, condition=0, published condition=100
D/dalvikvm(  152): GC_EXPLICIT freed 478K, 14% free 13367K/15367K, paused 20ms+6ms
I/GTalkService/c(  453): [AndroidEndpoint@1094469624] connect: acct=1000001, state=CONNECTING
D/dalvikvm(  453): GC_CONCURRENT freed 385K, 7% free 10065K/10759K, paused 2ms+2ms
D/ConnectivityService(  152): handleInetConditionHoldEnd: net=0, condition=100, published condition=0
W/Smack/Packet(  453): notify conn break (IOEx), close connection
D/ConnectivityService(  152): handleInetConditionHoldEnd: net=0, condition=0, published condition=100
I/GTalkService/c(  453): [AndroidEndpoint@1094469624] connect: acct=1000001, state=CONNECTING
D/ConnectivityService(  152): handleInetConditionHoldEnd: net=0, condition=100, published condition=0
W/Smack/Packet(  453): notify conn break (IOEx), close connection
D/ConnectivityService(  152): handleInetConditionHoldEnd: net=0, condition=0, published condition=100
I/GTalkService/c(  453): [AndroidEndpoint@1094469624] connect: acct=1000001, state=CONNECTING
D/dalvikvm(  453): GC_CONCURRENT freed 384K, 7% free 10077K/10759K, paused 2ms+3ms
D/ConnectivityService(  152): handleInetConditionHoldEnd: net=0, condition=100, published condition=0
W/Smack/Packet(  453): notify conn break (IOEx), close connection
D/ConnectivityService(  152): handleInetConditionHoldEnd: net=0, condition=0, published condition=100
I/GTalkService/c(  453): [AndroidEndpoint@1094469624] connect: acct=1000001, state=CONNECTING
D/ConnectivityService(  152): handleInetConditionHoldEnd: net=0, condition=100, published condition=0
W/Smack/Packet(  453): notify conn break (IOEx), close connection
D/ConnectivityService(  152): handleInetConditionHoldEnd: net=0, condition=0, published condition=100
I/GTalkService/c(  453): [AndroidEndpoint@1094469624] connect: acct=1000001, state=CONNECTING
D/dalvikvm(  453): GC_CONCURRENT freed 416K, 7% free 10055K/10759K, paused 14ms+3ms
D/ConnectivityService(  152): handleInetConditionHoldEnd: net=0, condition=100, published condition=0
W/Smack/Packet(  453): notify conn break (IOEx), close connection
D/ConnectivityService(  152): handleInetConditionHoldEnd: net=0, condition=0, published condition=100
I/GTalkService/c(  453): [AndroidEndpoint@1094469624] connect: acct=1000001, state=CONNECTING
D/dalvikvm(  453): GC_CONCURRENT freed 384K, 7% free 10064K/10759K, paused 2ms+3ms
D/ConnectivityService(  152): handleInetConditionHoldEnd: net=0, condition=100, published condition=0
W/Smack/Packet(  453): notify conn break (IOEx), close connection
D/ConnectivityService(  152): handleInetConditionHoldEnd: net=0, condition=0, published condition=100
I/GTalkService/c(  453): [AndroidEndpoint@1094469624] connect: acct=1000001, state=CONNECTING
D/ConnectivityService(  152): handleInetConditionHoldEnd: net=0, condition=100, published condition=0
W/Smack/Packet(  453): notify conn break (IOEx), close connection
D/ConnectivityService(  152): handleInetConditionHoldEnd: net=0, condition=0, published condition=100
I/GTalkService/c(  453): [AndroidEndpoint@1094469624] connect: acct=1000001, state=CONNECTING
D/dalvikvm(  453): GC_CONCURRENT freed 382K, 7% free 10078K/10759K, paused 2ms+3ms
W/Smack/Packet(  453): notify conn break (IOEx), close connection
D/ConnectivityService(  152): handleInetConditionHoldEnd: net=0, condition=100, published condition=0
D/ConnectivityService(  152): handleInetConditionHoldEnd: net=0, condition=0, published condition=100
I/GTalkService/c(  453): [AndroidEndpoint@1094469624] connect: acct=1000001, state=CONNECTING
D/dalvikvm(  218): GC_CONCURRENT freed 390K, 6% free 10541K/11143K, paused 1ms+3ms
D/ConnectivityService(  152): handleInetConditionHoldEnd: net=0, condition=100, published condition=0
D/dalvikvm(  152): GC_CONCURRENT freed 919K, 13% free 13410K/15367K, paused 2ms+5ms
D/AlarmManagerService(  152): Kernel timezone updated to 240 minutes west of GMT
V/AlarmClock( 1514): AlarmInitReceiver finished
D/SystemClock(  311): Setting time of day to sec=1333737070
D/AlarmManagerService(  152): Kernel timezone updated to 240 minutes west of GMT
D/SystemClock(  311): Setting time of day to sec=1333737098
V/AlarmClock( 1514): AlarmInitReceiver finished
D/dalvikvm(  453): GC_CONCURRENT freed 392K, 7% free 10070K/10759K, paused 2ms+2ms
D/dalvikvm(  311): GC_CONCURRENT freed 429K, 6% free 9495K/10055K, paused 2ms+2ms
I/dalvikvm(  453): Jit: resizing JitTable from 4096 to 8192
I/EventLogService(  453): Aggregate from 1333735425467 (log), 1333735425467 (data)
I/ServiceDumpSys(  453): dumping service [account]
D/dalvikvm(  152): GC_EXPLICIT freed 848K, 13% free 13391K/15367K, paused 2ms+5ms
D/dalvikvm( 1406): GC_CONCURRENT freed 371K, 7% free 10053K/10695K, paused 2ms+2ms
D/dalvikvm( 1406): GC_FOR_ALLOC freed 76K, 7% free 10041K/10695K, paused 16ms
W/Smack/Packet(  453): notify conn break (IOEx), close connection
I/qtaguid (  453): Failed write_ctrl(u 68) res=-1 errno=22
I/qtaguid (  453): Untagging socket 68 failed errno=-22
W/NetworkManagementSocketTagger(  453): untagSocket(68) failed with errno -22
D/ConnectivityService(  152): handleInetConditionHoldEnd: net=0, condition=0, published condition=100
I/GTalkService/c(  453): [AndroidEndpoint@1094469624] connect: acct=1000001, state=CONNECTING
D/dalvikvm(  218): GC_CONCURRENT freed 370K, 6% free 10557K/11143K, paused 1ms+3ms
D/ConnectivityService(  152): handleInetConditionHoldEnd: net=0, condition=100, published condition=0
W/Smack/Packet(  453): notify conn break (IOEx), close connection
D/ConnectivityService(  152): handleInetConditionHoldEnd: net=0, condition=0, published condition=100
I/GTalkService/c(  453): [AndroidEndpoint@1094469624] connect: acct=1000001, state=CONNECTING
D/dalvikvm(  453): GC_CONCURRENT freed 393K, 7% free 10061K/10759K, paused 2ms+3ms
D/ConnectivityService(  152): handleInetConditionHoldEnd: net=0, condition=100, published condition=0
D/dalvikvm(  152): GC_CONCURRENT freed 960K, 13% free 13399K/15367K, paused 16ms+5ms
W/Smack/Packet(  453): notify conn break (IOEx), close connection
D/ConnectivityService(  152): handleInetConditionHoldEnd: net=0, condition=0, published condition=100
I/GTalkService/c(  453): [AndroidEndpoint@1094469624] connect: acct=1000001, state=CONNECTING
D/dalvikvm(  453): GC_CONCURRENT freed 391K, 7% free 10065K/10759K, paused 2ms+3ms
D/ConnectivityService(  152): handleInetConditionHoldEnd: net=0, condition=100, published condition=0
W/Smack/Packet(  453): notify conn break (IOEx), close connection
D/ConnectivityService(  152): handleInetConditionHoldEnd: net=0, condition=0, published condition=100
I/GTalkService/c(  453): [AndroidEndpoint@1094469624] connect: acct=1000001, state=CONNECTING
D/ConnectivityService(  152): handleInetConditionHoldEnd: net=0, condition=100, published condition=0
W/Smack/Packet(  453): notify conn break (IOEx), close connection
D/ConnectivityService(  152): handleInetConditionHoldEnd: net=0, condition=0, published condition=100
I/GTalkService/c(  453): [AndroidEndpoint@1094469624] connect: acct=1000001, state=CONNECTING
D/dalvikvm(  453): GC_CONCURRENT freed 384K, 7% free 10077K/10759K, paused 2ms+3ms
D/ConnectivityService(  152): handleInetConditionHoldEnd: net=0, condition=100, published condition=0
W/Smack/Packet(  453): notify conn break (IOEx), close connection
D/ConnectivityService(  152): handleInetConditionHoldEnd: net=0, condition=0, published condition=100
I/GTalkService/c(  453): [AndroidEndpoint@1094469624] connect: acct=1000001, state=CONNECTING
D/ConnectivityService(  152): handleInetConditionHoldEnd: net=0, condition=100, published condition=0
W/Smack/Packet(  453): notify conn break (IOEx), close connection
D/ConnectivityService(  152): handleInetConditionHoldEnd: net=0, condition=0, published condition=100
I/GTalkService/c(  453): [AndroidEndpoint@1094469624] connect: acct=1000001, state=CONNECTING
D/dalvikvm(  453): GC_CONCURRENT freed 412K, 7% free 10052K/10759K, paused 14ms+3ms
D/ConnectivityService(  152): handleInetConditionHoldEnd: net=0, condition=100, published condition=0
W/Smack/Packet(  453): notify conn break (IOEx), close connection
D/ConnectivityService(  152): handleInetConditionHoldEnd: net=0, condition=0, published condition=100
I/GTalkService/c(  453): [AndroidEndpoint@1094469624] connect: acct=1000001, state=CONNECTING
D/dalvikvm(  453): GC_CONCURRENT freed 383K, 7% free 10056K/10759K, paused 14ms+2ms
D/ConnectivityService(  152): handleInetConditionHoldEnd: net=0, condition=100, published condition=0
W/Smack/Packet(  453): notify conn break (IOEx), close connection
D/ConnectivityService(  152): handleInetConditionHoldEnd: net=0, condition=0, published condition=100
I/GTalkService/c(  453): [AndroidEndpoint@1094469624] connect: acct=1000001, state=CONNECTING
D/ConnectivityService(  152): handleInetConditionHoldEnd: net=0, condition=100, published condition=0
W/Smack/Packet(  453): notify conn break (IOEx), close connection
D/ConnectivityService(  152): handleInetConditionHoldEnd: net=0, condition=0, published condition=100
I/GTalkService/c(  453): [AndroidEndpoint@1094469624] connect: acct=1000001, state=CONNECTING
D/dalvikvm(  453): GC_CONCURRENT freed 386K, 7% free 10075K/10759K, paused 2ms+3ms
D/ConnectivityService(  152): handleInetConditionHoldEnd: net=0, condition=100, published condition=0
W/Smack/Packet(  453): notify conn break (IOEx), close connection
D/ConnectivityService(  152): handleInetConditionHoldEnd: net=0, condition=0, published condition=100
I/GTalkService/c(  453): [AndroidEndpoint@1094469624] connect: acct=1000001, state=CONNECTING
D/ConnectivityService(  152): handleInetConditionHoldEnd: net=0, condition=100, published condition=0
W/Smack/Packet(  453): notify conn break (IOEx), close connection
D/ConnectivityService(  152): handleInetConditionHoldEnd: net=0, condition=0, published condition=100
I/GTalkService/c(  453): [AndroidEndpoint@1094469624] connect: acct=1000001, state=CONNECTING
D/dalvikvm(  453): GC_CONCURRENT freed 411K, 7% free 10052K/10759K, paused 14ms+3ms
D/ConnectivityService(  152): handleInetConditionHoldEnd: net=0, condition=100, published condition=0
W/Smack/Packet(  453): notify conn break (IOEx), close connection
D/ConnectivityService(  152): handleInetConditionHoldEnd: net=0, condition=0, published condition=100
I/GTalkService/c(  453): [AndroidEndpoint@1094469624] connect: acct=1000001, state=CONNECTING
D/dalvikvm(  453): GC_CONCURRENT freed 385K, 7% free 10056K/10759K, paused 14ms+2ms
D/ConnectivityService(  152): handleInetConditionHoldEnd: net=0, condition=100, published condition=0
W/Smack/Packet(  453): notify conn break (IOEx), close connection
D/ConnectivityService(  152): handleInetConditionHoldEnd: net=0, condition=0, published condition=100
I/GTalkService/c(  453): [AndroidEndpoint@1094469624] connect: acct=1000001, state=CONNECTING
D/dalvikvm(  152): GC_CONCURRENT freed 966K, 13% free 13417K/15367K, paused 17ms+8ms
D/dalvikvm(  152): GC_EXPLICIT freed 111K, 14% free 13316K/15367K, paused 14ms+4ms
I/EventLogService(  453): Aggregate from 1333737225620 (log), 1333737225620 (data)
I/ServiceDumpSys(  453): dumping service [account]
D/dalvikvm(  311): GC_CONCURRENT freed 427K, 6% free 9492K/10055K, paused 2ms+3ms
D/ConnectivityService(  152): handleInetConditionHoldEnd: net=0, condition=100, published condition=0
W/Smack/Packet(  453): notify conn break (IOEx), close connection
D/ConnectivityService(  152): handleInetConditionHoldEnd: net=0, condition=0, published condition=100
I/GTalkService/c(  453): [AndroidEndpoint@1094469624] connect: acct=1000001, state=CONNECTING
D/dalvikvm(  453): GC_CONCURRENT freed 395K, 7% free 10061K/10759K, paused 14ms+2ms
D/ConnectivityService(  152): handleInetConditionHoldEnd: net=0, condition=100, published condition=0
W/Smack/Packet(  453): notify conn break (IOEx), close connection
D/ConnectivityService(  152): handleInetConditionHoldEnd: net=0, condition=0, published condition=100
I/GTalkService/c(  453): [AndroidEndpoint@1094469624] connect: acct=1000001, state=CONNECTING
D/dalvikvm(  453): GC_CONCURRENT freed 389K, 7% free 10063K/10759K, paused 2ms+3ms
D/ConnectivityService(  152): handleInetConditionHoldEnd: net=0, condition=100, published condition=0
W/Smack/Packet(  453): notify conn break (IOEx), close connection
D/ConnectivityService(  152): handleInetConditionHoldEnd: net=0, condition=0, published condition=100
I/GTalkService/c(  453): [AndroidEndpoint@1094469624] connect: acct=1000001, state=CONNECTING
D/ConnectivityService(  152): handleInetConditionHoldEnd: net=0, condition=100, published condition=0
W/Smack/Packet(  453): notify conn break (IOEx), close connection
D/ConnectivityService(  152): handleInetConditionHoldEnd: net=0, condition=0, published condition=100
I/GTalkService/c(  453): [AndroidEndpoint@1094469624] connect: acct=1000001, state=CONNECTING
D/dalvikvm(  453): GC_CONCURRENT freed 382K, 7% free 10077K/10759K, paused 1ms+3ms
D/ConnectivityService(  152): handleInetConditionHoldEnd: net=0, condition=100, published condition=0
D/dalvikvm(  152): GC_CONCURRENT freed 863K, 13% free 13405K/15367K, paused 17ms+5ms
D/dalvikvm(  218): GC_CONCURRENT freed 401K, 6% free 10545K/11143K, paused 2ms+3ms
D/AlarmManagerService(  152): Kernel timezone updated to 240 minutes west of GMT
D/SystemClock(  311): Setting time of day to sec=1333740701
V/AlarmClock( 1514): AlarmInitReceiver finished
D/dalvikvm(  152): GC_CONCURRENT freed 985K, 13% free 13395K/15367K, paused 17ms+5ms
I/EventLogService(  453): Aggregate from 1333739025791 (log), 1333739025791 (data)
I/ServiceDumpSys(  453): dumping service [account]
W/Smack/Packet(  453): notify conn break (IOEx), close connection
I/qtaguid (  453): Failed write_ctrl(u 68) res=-1 errno=22
I/qtaguid (  453): Untagging socket 68 failed errno=-22
W/NetworkManagementSocketTagger(  453): untagSocket(68) failed with errno -22
D/ConnectivityService(  152): handleInetConditionHoldEnd: net=0, condition=0, published condition=100
I/GTalkService/c(  453): [AndroidEndpoint@1094469624] connect: acct=1000001, state=CONNECTING
D/dalvikvm(  453): GC_CONCURRENT freed 412K, 7% free 10062K/10759K, paused 2ms+2ms
D/ConnectivityService(  152): handleInetConditionHoldEnd: net=0, condition=100, published condition=0
W/Smack/Packet(  453): notify conn break (IOEx), close connection
D/ConnectivityService(  152): handleInetConditionHoldEnd: net=0, condition=0, published condition=100
I/GTalkService/c(  453): [AndroidEndpoint@1094469624] connect: acct=1000001, state=CONNECTING
W/Smack/Packet(  453): notify conn break (IOEx), close connection
D/ConnectivityService(  152): handleInetConditionHoldEnd: net=0, condition=0, published condition=0
I/GTalkService/c(  453): [AndroidEndpoint@1094469624] connect: acct=1000001, state=CONNECTING
D/dalvikvm(  453): GC_CONCURRENT freed 391K, 7% free 10077K/10759K, paused 2ms+2ms
D/ConnectivityService(  152): handleInetConditionHoldEnd: net=0, condition=100, published condition=0
W/Smack/Packet(  453): notify conn break (IOEx), close connection
D/ConnectivityService(  152): handleInetConditionHoldEnd: net=0, condition=0, published condition=100
I/GTalkService/c(  453): [AndroidEndpoint@1094469624] connect: acct=1000001, state=CONNECTING
D/ConnectivityService(  152): handleInetConditionHoldEnd: net=0, condition=100, published condition=0
W/Smack/Packet(  453): notify conn break (IOEx), close connection
D/ConnectivityService(  152): handleInetConditionHoldEnd: net=0, condition=0, published condition=100
I/GTalkService/c(  453): [AndroidEndpoint@1094469624] connect: acct=1000001, state=CONNECTING
D/dalvikvm(  453): GC_CONCURRENT freed 414K, 7% free 10056K/10759K, paused 14ms+3ms
W/Smack/Packet(  453): notify conn break (IOEx), close connection
D/ConnectivityService(  152): handleInetConditionHoldEnd: net=0, condition=0, published condition=0
I/GTalkService/c(  453): [AndroidEndpoint@1094469624] connect: acct=1000001, state=CONNECTING
D/dalvikvm(  453): GC_CONCURRENT freed 385K, 7% free 10057K/10759K, paused 2ms+3ms
D/ConnectivityService(  152): handleInetConditionHoldEnd: net=0, condition=100, published condition=0
W/Smack/Packet(  453): notify conn break (IOEx), close connection
D/ConnectivityService(  152): handleInetConditionHoldEnd: net=0, condition=0, published condition=100
I/GTalkService/c(  453): [AndroidEndpoint@1094469624] connect: acct=1000001, state=CONNECTING
D/dalvikvm(  152): GC_EXPLICIT freed 731K, 13% free 13391K/15367K, paused 20ms+5ms
D/ConnectivityService(  152): handleInetConditionHoldEnd: net=0, condition=100, published condition=0
W/Smack/Packet(  453): notify conn break (IOEx), close connection
D/ConnectivityService(  152): handleInetConditionHoldEnd: net=0, condition=0, published condition=100
I/GTalkService/c(  453): [AndroidEndpoint@1094469624] connect: acct=1000001, state=CONNECTING
D/dalvikvm(  453): GC_CONCURRENT freed 385K, 7% free 10077K/10759K, paused 2ms+3ms
D/dalvikvm(  453): GC_EXPLICIT freed 146K, 7% free 10031K/10759K, paused 4ms+5ms
D/ConnectivityService(  152): handleInetConditionHoldEnd: net=0, condition=100, published condition=0
W/Smack/Packet(  453): notify conn break (IOEx), close connection
D/ConnectivityService(  152): handleInetConditionHoldEnd: net=0, condition=0, published condition=100
I/GTalkService/c(  453): [AndroidEndpoint@1094469624] connect: acct=1000001, state=CONNECTING
D/ConnectivityService(  152): handleInetConditionHoldEnd: net=0, condition=100, published condition=0
I/CheckinService(  453): Preparing to send checkin request
I/EventLogService(  453): Accumulating logs since 1333740825899
I/CheckinTask(  453): Sending checkin request (1731 bytes)
D/dalvikvm(  453): GC_CONCURRENT freed 332K, 7% free 10094K/10759K, paused 2ms+2ms
I/CheckinTask(  453): Checkin success: https://android.clients.google.com/checkin (1 requests sent)
W/Smack/Packet(  453): notify conn break (IOEx), close connection
D/dalvikvm(  453): GC_CONCURRENT freed 423K, 7% free 10057K/10759K, paused 14ms+3ms
D/ConnectivityService(  152): handleInetConditionHoldEnd: net=0, condition=0, published condition=100
I/GTalkService/c(  453): [AndroidEndpoint@1094469624] connect: acct=1000001, state=CONNECTING
D/ConnectivityService(  152): handleInetConditionHoldEnd: net=0, condition=100, published condition=0
W/Smack/Packet(  453): notify conn break (IOEx), close connection
D/ConnectivityService(  152): handleInetConditionHoldEnd: net=0, condition=0, published condition=100
I/GTalkService/c(  453): [AndroidEndpoint@1094469624] connect: acct=1000001, state=CONNECTING
D/dalvikvm(  453): GC_CONCURRENT freed 386K, 7% free 10095K/10759K, paused 41ms+2ms
D/ConnectivityService(  152): handleInetConditionHoldEnd: net=0, condition=100, published condition=0
W/Smack/Packet(  453): notify conn break (IOEx), close connection
D/ConnectivityService(  152): handleInetConditionHoldEnd: net=0, condition=0, published condition=100
I/GTalkService/c(  453): [AndroidEndpoint@1094469624] connect: acct=1000001, state=CONNECTING
D/ConnectivityService(  152): handleInetConditionHoldEnd: net=0, condition=100, published condition=0
W/Smack/Packet(  453): notify conn break (IOEx), close connection
D/ConnectivityService(  152): handleInetConditionHoldEnd: net=0, condition=0, published condition=100
I/GTalkService/c(  453): [AndroidEndpoint@1094469624] connect: acct=1000001, state=CONNECTING
D/dalvikvm(  453): GC_CONCURRENT freed 422K, 7% free 10079K/10759K, paused 2ms+3ms
D/ConnectivityService(  152): handleInetConditionHoldEnd: net=0, condition=100, published condition=0
W/Smack/Packet(  453): notify conn break (IOEx), close connection
D/ConnectivityService(  152): handleInetConditionHoldEnd: net=0, condition=0, published condition=100
I/GTalkService/c(  453): [AndroidEndpoint@1094469624] connect: acct=1000001, state=CONNECTING
D/ConnectivityService(  152): handleInetConditionHoldEnd: net=0, condition=100, published condition=0
W/Smack/Packet(  453): notify conn break (IOEx), close connection
D/ConnectivityService(  152): handleInetConditionHoldEnd: net=0, condition=0, published condition=100
I/GTalkService/c(  453): [AndroidEndpoint@1094469624] connect: acct=1000001, state=CONNECTING
D/dalvikvm(  453): GC_CONCURRENT freed 415K, 7% free 10058K/10759K, paused 14ms+2ms
D/ConnectivityService(  152): handleInetConditionHoldEnd: net=0, condition=100, published condition=0
W/Smack/Packet(  453): notify conn break (IOEx), close connection
D/ConnectivityService(  152): handleInetConditionHoldEnd: net=0, condition=0, published condition=100
D/dalvikvm(  218): GC_CONCURRENT freed 378K, 6% free 10551K/11143K, paused 2ms+2ms
I/GTalkService/c(  453): [AndroidEndpoint@1094469624] connect: acct=1000001, state=CONNECTING
D/dalvikvm(  453): GC_CONCURRENT freed 385K, 7% free 10065K/10759K, paused 2ms+3ms
D/ConnectivityService(  152): handleInetConditionHoldEnd: net=0, condition=100, published condition=0
W/Smack/Packet(  453): notify conn break (IOEx), close connection
D/ConnectivityService(  152): handleInetConditionHoldEnd: net=0, condition=0, published condition=100
I/GTalkService/c(  453): [AndroidEndpoint@1094469624] connect: acct=1000001, state=CONNECTING
D/ConnectivityService(  152): handleInetConditionHoldEnd: net=0, condition=100, published condition=0
W/Smack/Packet(  453): notify conn break (IOEx), close connection
D/ConnectivityService(  152): handleInetConditionHoldEnd: net=0, condition=0, published condition=100
I/GTalkService/c(  453): [AndroidEndpoint@1094469624] connect: acct=1000001, state=CONNECTING
D/dalvikvm(  453): GC_CONCURRENT freed 382K, 7% free 10079K/10759K, paused 2ms+3ms
D/ConnectivityService(  152): handleInetConditionHoldEnd: net=0, condition=100, published condition=0
W/Smack/Packet(  453): notify conn break (IOEx), close connection
D/ConnectivityService(  152): handleInetConditionHoldEnd: net=0, condition=0, published condition=100
I/GTalkService/c(  453): [AndroidEndpoint@1094469624] connect: acct=1000001, state=CONNECTING
D/ConnectivityService(  152): handleInetConditionHoldEnd: net=0, condition=100, published condition=0
W/Smack/Packet(  453): notify conn break (IOEx), close connection
D/ConnectivityService(  152): handleInetConditionHoldEnd: net=0, condition=0, published condition=100
I/GTalkService/c(  453): [AndroidEndpoint@1094469624] connect: acct=1000001, state=CONNECTING
D/dalvikvm(  453): GC_CONCURRENT freed 413K, 7% free 10053K/10759K, paused 14ms+2ms
W/Smack/Packet(  453): notify conn break (IOEx), close connection
D/ConnectivityService(  152): handleInetConditionHoldEnd: net=0, condition=0, published condition=0
D/dalvikvm(  152): GC_CONCURRENT freed 930K, 13% free 13430K/15367K, paused 15ms+5ms
I/GTalkService/c(  453): [AndroidEndpoint@1094469624] connect: acct=1000001, state=CONNECTING
D/dalvikvm(  453): GC_CONCURRENT freed 385K, 7% free 10059K/10759K, paused 2ms+4ms
D/ConnectivityService(  152): handleInetConditionHoldEnd: net=0, condition=100, published condition=0
W/Smack/Packet(  453): notify conn break (IOEx), close connection
D/ConnectivityService(  152): handleInetConditionHoldEnd: net=0, condition=0, published condition=100
D/dalvikvm(  152): GC_EXPLICIT freed 324K, 14% free 13344K/15367K, paused 3ms+4ms
I/GTalkService/c(  453): [AndroidEndpoint@1094469624] connect: acct=1000001, state=CONNECTING
D/ConnectivityService(  152): handleInetConditionHoldEnd: net=0, condition=100, published condition=0
W/Smack/Packet(  453): notify conn break (IOEx), close connection
D/ConnectivityService(  152): handleInetConditionHoldEnd: net=0, condition=0, published condition=100
I/power   (  152): *** set_screen_state 1
D/PicasaSyncManager( 1032): battery info: false
I/WindowManager(  152): Lock screen displayed!
D/SurfaceFlinger(   78): Screen about to return, flinger = 0xa70918
D/dalvikvm(  218): GC_FOR_ALLOC freed 384K, 8% free 10354K/11143K, paused 39ms
I/StorageNotification(  218): UMS connection changed to false (media state mounted)
D/dalvikvm(  218): GC_FOR_ALLOC freed 195K, 8% free 10339K/11143K, paused 40ms
D/dalvikvm(  218): GC_FOR_ALLOC freed 182K, 8% free 10338K/11143K, paused 21ms
D/dalvikvm(  218): GC_FOR_ALLOC freed 182K, 8% free 10336K/11143K, paused 15ms
D/dalvikvm(  218): GC_FOR_ALLOC freed 180K, 8% free 10336K/11143K, paused 37ms
D/dalvikvm(  218): GC_FOR_ALLOC freed 180K, 8% free 10310K/11143K, paused 24ms
D/dalvikvm(  311): GC_CONCURRENT freed 421K, 6% free 9496K/10055K, paused 9ms+2ms
W/PowerUI (  218): unknown intent: Intent { act=android.intent.action.ACTION_POWER_CONNECTED flg=0x10000010 }
D/PicasaSyncManager( 1032): battery info: true
I/StorageNotification(  218): UMS connection changed to true (media state mounted)
D/dalvikvm(  218): GC_CONCURRENT freed 551K, 9% free 10225K/11143K, paused 3ms+13ms
I/StorageNotification(  218): UMS connection changed to true (media state mounted)
D/dalvikvm(  218): GC_CONCURRENT freed 218K, 7% free 10431K/11143K, paused 3ms+3ms
D/dalvikvm(  218): GC_FOR_ALLOC freed 196K, 8% free 10363K/11143K, paused 15ms
D/dalvikvm(  218): GC_FOR_ALLOC freed 281K, 8% free 10299K/11143K, paused 18ms
D/dalvikvm(  218): GC_FOR_ALLOC freed 329K, 8% free 10270K/11143K, paused 20ms
D/dalvikvm(  218): GC_FOR_ALLOC freed 40K, 7% free 10416K/11143K, paused 22ms
D/dalvikvm(  218): GC_FOR_ALLOC freed 76K, 6% free 10528K/11143K, paused 53ms
I/GTalkService/c(  453): [AndroidEndpoint@1094469624] connect: acct=1000001, state=CONNECTING
D/dalvikvm(  453): GC_CONCURRENT freed 378K, 7% free 10072K/10759K, paused 13ms+3ms
D/ConnectivityService(  152): handleInetConditionHoldEnd: net=0, condition=100, published condition=0
W/Smack/Packet(  453): notify conn break (IOEx), close connection
D/ConnectivityService(  152): handleInetConditionHoldEnd: net=0, condition=0, published condition=100
D/dalvikvm(  152): GC_CONCURRENT freed 977K, 14% free 13330K/15367K, paused 11ms+6ms
D/dalvikvm(  311): GC_CONCURRENT freed 427K, 6% free 9490K/10055K, paused 9ms+2ms
I/EventLogService(  453): Aggregate from 1333741230034 (log), 1333740825899 (data)
I/ServiceDumpSys(  453): dumping service [account]
I/GTalkService/c(  453): [AndroidEndpoint@1094469624] connect: acct=1000001, state=CONNECTING
D/dalvikvm(  453): GC_CONCURRENT freed 424K, 7% free 10061K/10759K, paused 10ms+2ms
D/ConnectivityService(  152): handleInetConditionHoldEnd: net=0, condition=100, published condition=0
W/Smack/Packet(  453): notify conn break (IOEx), close connection
D/ConnectivityService(  152): handleInetConditionHoldEnd: net=0, condition=0, published condition=100
I/GTalkService/c(  453): [AndroidEndpoint@1094469624] connect: acct=1000001, state=CONNECTING
D/ConnectivityService(  152): handleInetConditionHoldEnd: net=0, condition=100, published condition=0
W/Smack/Packet(  453): notify conn break (IOEx), close connection
D/ConnectivityService(  152): handleInetConditionHoldEnd: net=0, condition=0, published condition=100
D/dalvikvm(  311): GC_CONCURRENT freed 427K, 6% free 9490K/10055K, paused 9ms+2ms
D/dalvikvm(  152): GC_CONCURRENT freed 962K, 14% free 13331K/15367K, paused 2ms+6ms
I/GTalkService/c(  453): [AndroidEndpoint@1094469624] connect: acct=1000001, state=CONNECTING
D/dalvikvm(  453): GC_CONCURRENT freed 392K, 7% free 10080K/10759K, paused 10ms+5ms
D/ConnectivityService(  152): handleInetConditionHoldEnd: net=0, condition=100, published condition=0
W/Smack/Packet(  453): notify conn break (IOEx), close connection
D/ConnectivityService(  152): handleInetConditionHoldEnd: net=0, condition=0, published condition=100
I/GTalkService/c(  453): [AndroidEndpoint@1094469624] connect: acct=1000001, state=CONNECTING
D/ConnectivityService(  152): handleInetConditionHoldEnd: net=0, condition=100, published condition=0
W/Smack/Packet(  453): notify conn break (IOEx), close connection
D/ConnectivityService(  152): handleInetConditionHoldEnd: net=0, condition=0, published condition=100
I/GTalkService/c(  453): [AndroidEndpoint@1094469624] connect: acct=1000001, state=CONNECTING
D/dalvikvm(  453): GC_CONCURRENT freed 418K, 7% free 10052K/10759K, paused 8ms+3ms
D/ConnectivityService(  152): handleInetConditionHoldEnd: net=0, condition=100, published condition=0
W/Smack/Packet(  453): notify conn break (IOEx), close connection
D/ConnectivityService(  152): handleInetConditionHoldEnd: net=0, condition=0, published condition=100
I/GTalkService/c(  453): [AndroidEndpoint@1094469624] connect: acct=1000001, state=CONNECTING
D/dalvikvm(  453): GC_CONCURRENT freed 388K, 7% free 10055K/10759K, paused 10ms+5ms
D/ConnectivityService(  152): handleInetConditionHoldEnd: net=0, condition=100, published condition=0
W/Smack/Packet(  453): notify conn break (IOEx), close connection
D/ConnectivityService(  152): handleInetConditionHoldEnd: net=0, condition=0, published condition=100
I/GTalkService/c(  453): [AndroidEndpoint@1094469624] connect: acct=1000001, state=CONNECTING
D/ConnectivityService(  152): handleInetConditionHoldEnd: net=0, condition=100, published condition=0
W/Smack/Packet(  453): notify conn break (IOEx), close connection
D/ConnectivityService(  152): handleInetConditionHoldEnd: net=0, condition=0, published condition=100
D/dalvikvm(  218): GC_CONCURRENT freed 368K, 6% free 10543K/11143K, paused 6ms+2ms
I/GTalkService/c(  453): [AndroidEndpoint@1094469624] connect: acct=1000001, state=CONNECTING
D/dalvikvm(  453): GC_CONCURRENT freed 375K, 7% free 10084K/10759K, paused 2ms+4ms
D/ConnectivityService(  152): handleInetConditionHoldEnd: net=0, condition=100, published condition=0
D/dalvikvm(  311): GC_CONCURRENT freed 427K, 6% free 9490K/10055K, paused 7ms+8ms
D/dalvikvm(  152): GC_CONCURRENT freed 942K, 14% free 13345K/15367K, paused 12ms+5ms
