I/VCoreDaemon( 1302): 1333728371450: location PINPOINTS to region = 4.0, previous 4
I/VCoreDaemon( 1302): 1333728371450: stay at region 4
D/dalvikvm( 1302): GC_CONCURRENT freed 815K, 25% free 11439K/15111K, paused 2ms+3ms
I/StatusActivity( 1302): 1333728372448: .......... GPS onLocationChanged ...... 
I/VCoreDaemon( 1302): 1333728372449: Loc = Location[mProvider=gps,mTime=1333814773000,mLatitude=42.36468547824941,mLongitude=-71.10230707018034,mHasAltitude=true,mAltitude=-18.0,mHasSpeed=true,mSpeed=0.46260622,mHasBearing=true,mBearing=311.4828,mHasAccuracy=true,mAccuracy=10.0,mExtras=Bundle[mParcelledData.dataSize=4]] Previous Region = (4,0)
I/VCoreDaemon( 1302): 1333728372449: GPS x/long:-71.10230707018034, GPS y/lat: 42.36468547824941. Region width in x: 51.96152422706632
I/VCoreDaemon( 1302): 1333728372450: location PINPOINTS to region = 4.0, previous 4
I/VCoreDaemon( 1302): 1333728372450: stay at region 4
D/dalvikvm( 1302): GC_FOR_ALLOC freed 776K, 26% free 11204K/15111K, paused 22ms
I/NetworkThread( 1302): 1333728373102: Received UDP payload: 406
I/StatusActivity( 1302): 1333728373448: .......... GPS onLocationChanged ...... 
I/VCoreDaemon( 1302): 1333728373449: Loc = Location[mProvider=gps,mTime=1333814774000,mLatitude=42.364699253248475,mLongitude=-71.10232529693484,mHasAltitude=true,mAltitude=-18.0,mHasSpeed=true,mSpeed=0.5233392,mHasBearing=true,mBearing=309.22675,mHasAccuracy=true,mAccuracy=10.0,mExtras=Bundle[mParcelledData.dataSize=4]] Previous Region = (4,0)
I/VCoreDaemon( 1302): 1333728373449: GPS x/long:-71.10232529693484, GPS y/lat: 42.364699253248475. Region width in x: 51.96152422706632
I/VCoreDaemon( 1302): 1333728373449: location PINPOINTS to region = 4.0, previous 4
I/VCoreDaemon( 1302): 1333728373449: stay at region 4
D/dalvikvm( 1302): GC_CONCURRENT freed 646K, 26% free 11283K/15111K, paused 3ms+2ms
D/dalvikvm( 1302): GC_CONCURRENT freed 393K, 24% free 11617K/15111K, paused 1ms+2ms
I/StatusActivity( 1302): 1333728374447: .......... GPS onLocationChanged ...... 
I/VCoreDaemon( 1302): 1333728374448: Loc = Location[mProvider=gps,mTime=1333814775000,mLatitude=42.36470493671022,mLongitude=-71.10234091148989,mHasAltitude=true,mAltitude=-16.0,mHasSpeed=true,mSpeed=0.60568947,mHasBearing=true,mBearing=282.73788,mHasAccuracy=true,mAccuracy=10.0,mExtras=Bundle[mParcelledData.dataSize=4]] Previous Region = (4,0)
I/VCoreDaemon( 1302): 1333728374449: GPS x/long:-71.10234091148989, GPS y/lat: 42.36470493671022. Region width in x: 51.96152422706632
I/VCoreDaemon( 1302): 1333728374449: location PINPOINTS to region = 4.0, previous 4
I/VCoreDaemon( 1302): 1333728374449: stay at region 4
D/dalvikvm( 1302): GC_CONCURRENT freed 873K, 24% free 11522K/15111K, paused 1ms+3ms
I/NetworkThread( 1302): 1333728374646: Received UDP payload: 949
I/Mux     ( 1302): 1333728374651: GOT CSM_Msg
I/StatusActivity( 1302): 1333728375447: .......... GPS onLocationChanged ...... 
I/VCoreDaemon( 1302): 1333728375448: Loc = Location[mProvider=gps,mTime=1333814776000,mLatitude=42.36471750506152,mLongitude=-71.1023523587233,mHasAltitude=true,mAltitude=-18.0,mHasSpeed=true,mSpeed=0.65469986,mHasBearing=true,mBearing=322.07224,mHasAccuracy=true,mAccuracy=10.0,mExtras=Bundle[mParcelledData.dataSize=4]] Previous Region = (4,0)
I/VCoreDaemon( 1302): 1333728375449: GPS x/long:-71.1023523587233, GPS y/lat: 42.36471750506152. Region width in x: 51.96152422706632
I/VCoreDaemon( 1302): 1333728375449: location PINPOINTS to region = 4.0, previous 4
I/VCoreDaemon( 1302): 1333728375449: stay at region 4
D/dalvikvm( 1302): GC_CONCURRENT freed 1030K, 26% free 11247K/15111K, paused 2ms+2ms
D/dalvikvm( 1302): GC_CONCURRENT freed 394K, 25% free 11483K/15111K, paused 1ms+3ms
I/StatusActivity( 1302): 1333728376447: .......... GPS onLocationChanged ...... 
I/VCoreDaemon( 1302): 1333728376448: Loc = Location[mProvider=gps,mTime=1333814777000,mLatitude=42.3647303454093,mLongitude=-71.102361641535,mHasAltitude=true,mAltitude=-20.0,mHasSpeed=true,mSpeed=0.6875363,mHasBearing=true,mBearing=331.3295,mHasAccuracy=true,mAccuracy=10.0,mExtras=Bundle[mParcelledData.dataSize=4]] Previous Region = (4,0)
I/VCoreDaemon( 1302): 1333728376448: GPS x/long:-71.102361641535, GPS y/lat: 42.3647303454093. Region width in x: 51.96152422706632
I/VCoreDaemon( 1302): 1333728376448: location PINPOINTS to region = 4.0, previous 4
I/VCoreDaemon( 1302): 1333728376449: stay at region 4
D/dalvikvm( 1302): GC_CONCURRENT freed 772K, 24% free 11524K/15111K, paused 2ms+3ms
I/StatusActivity( 1302): 1333728377446: .......... GPS onLocationChanged ...... 
I/VCoreDaemon( 1302): 1333728377447: Loc = Location[mProvider=gps,mTime=1333814778000,mLatitude=42.36474085744622,mLongitude=-71.10236844275096,mHasAltitude=true,mAltitude=-21.0,mHasSpeed=true,mSpeed=0.7046677,mHasBearing=true,mBearing=334.072,mHasAccuracy=true,mAccuracy=10.0,mExtras=Bundle[mParcelledData.dataSize=4]] Previous Region = (4,0)
I/VCoreDaemon( 1302): 1333728377448: GPS x/long:-71.10236844275096, GPS y/lat: 42.36474085744622. Region width in x: 51.96152422706632
I/VCoreDaemon( 1302): 1333728377448: location PINPOINTS to region = 4.0, previous 4
I/VCoreDaemon( 1302): 1333728377448: stay at region 4
D/dalvikvm( 1302): GC_FOR_ALLOC freed 599K, 24% free 11486K/15111K, paused 17ms
D/dalvikvm( 1302): GC_FOR_ALLOC freed 532K, 25% free 11447K/15111K, paused 29ms
I/NetworkThread( 1302): 1333728378109: Received UDP payload: 406
I/StatusActivity( 1302): 1333728378447: .......... GPS onLocationChanged ...... 
I/VCoreDaemon( 1302): 1333728378448: Loc = Location[mProvider=gps,mTime=1333814779000,mLatitude=42.36474796418139,mLongitude=-71.10237989588416,mHasAltitude=true,mAltitude=-22.0,mHasSpeed=true,mSpeed=0.71351266,mHasBearing=true,mBearing=300.18164,mHasAccuracy=true,mAccuracy=10.0,mExtras=Bundle[mParcelledData.dataSize=4]] Previous Region = (4,0)
I/VCoreDaemon( 1302): 1333728378449: GPS x/long:-71.10237989588416, GPS y/lat: 42.36474796418139. Region width in x: 51.96152422706632
I/VCoreDaemon( 1302): 1333728378449: location PINPOINTS to region = 4.0, previous 4
I/VCoreDaemon( 1302): 1333728378449: stay at region 4
D/dalvikvm( 1302): GC_CONCURRENT freed 645K, 24% free 11527K/15111K, paused 2ms+2ms
D/dalvikvm( 1302): GC_CONCURRENT freed 393K, 22% free 11861K/15111K, paused 2ms+12ms
I/StatusActivity( 1302): 1333728379446: .......... GPS onLocationChanged ...... 
I/VCoreDaemon( 1302): 1333728379447: Loc = Location[mProvider=gps,mTime=1333814780000,mLatitude=42.364754463641304,mLongitude=-71.10239837498081,mHasAltitude=true,mAltitude=-19.0,mHasSpeed=true,mSpeed=0.76177436,mHasBearing=true,mBearing=289.39975,mHasAccuracy=true,mAccuracy=10.0,mExtras=Bundle[mParcelledData.dataSize=4]] Previous Region = (4,0)
I/VCoreDaemon( 1302): 1333728379447: GPS x/long:-71.10239837498081, GPS y/lat: 42.364754463641304. Region width in x: 51.96152422706632
I/VCoreDaemon( 1302): 1333728379447: location PINPOINTS to region = 4.0, previous 4
I/VCoreDaemon( 1302): 1333728379447: stay at region 4
D/dalvikvm( 1302): GC_CONCURRENT freed 873K, 22% free 11863K/15111K, paused 10ms+2ms
I/StatusActivity( 1302): 1333728380450: .......... GPS onLocationChanged ...... 
I/VCoreDaemon( 1302): 1333728380461: Loc = Location[mProvider=gps,mTime=1333814781000,mLatitude=42.36476301013631,mLongitude=-71.10241334380919,mHasAltitude=true,mAltitude=-19.0,mHasSpeed=true,mSpeed=0.80439216,mHasBearing=true,mBearing=306.9683,mHasAccuracy=true,mAccuracy=10.0,mExtras=Bundle[mParcelledData.dataSize=4]] Previous Region = (4,0)
I/VCoreDaemon( 1302): 1333728380461: GPS x/long:-71.10241334380919, GPS y/lat: 42.36476301013631. Region width in x: 51.96152422706632
I/VCoreDaemon( 1302): 1333728380461: location PINPOINTS to region = 4.0, previous 4
I/VCoreDaemon( 1302): 1333728380462: stay at region 4
D/dalvikvm( 1302): GC_CONCURRENT freed 874K, 22% free 11865K/15111K, paused 1ms+3ms
I/StatusActivity( 1302): 1333728381445: .......... GPS onLocationChanged ...... 
I/VCoreDaemon( 1302): 1333728381446: Loc = Location[mProvider=gps,mTime=1333814782000,mLatitude=42.36476958362355,mLongitude=-71.10242636792776,mHasAltitude=true,mAltitude=-20.0,mHasSpeed=true,mSpeed=0.8378775,mHasBearing=true,mBearing=303.14764,mHasAccuracy=true,mAccuracy=10.0,mExtras=Bundle[mParcelledData.dataSize=4]] Previous Region = (4,0)
I/VCoreDaemon( 1302): 1333728381447: GPS x/long:-71.10242636792776, GPS y/lat: 42.36476958362355. Region width in x: 51.96152422706632
I/VCoreDaemon( 1302): 1333728381447: location PINPOINTS to region = 4.0, previous 4
I/VCoreDaemon( 1302): 1333728381447: stay at region 4
D/dalvikvm( 1302): GC_CONCURRENT freed 874K, 22% free 11866K/15111K, paused 2ms+3ms
I/StatusActivity( 1302): 1333728382443: .......... GPS onLocationChanged ...... 
I/VCoreDaemon( 1302): 1333728382444: Loc = Location[mProvider=gps,mTime=1333814783000,mLatitude=42.364779930170556,mLongitude=-71.10243756911092,mHasAltitude=true,mAltitude=-20.0,mHasSpeed=true,mSpeed=0.85476553,mHasBearing=true,mBearing=322.26605,mHasAccuracy=true,mAccuracy=10.0,mExtras=Bundle[mParcelledData.dataSize=4]] Previous Region = (4,0)
I/VCoreDaemon( 1302): 1333728382444: GPS x/long:-71.10243756911092, GPS y/lat: 42.364779930170556. Region width in x: 51.96152422706632
I/VCoreDaemon( 1302): 1333728382445: location PINPOINTS to region = 4.0, previous 4
I/VCoreDaemon( 1302): 1333728382445: stay at region 4
D/dalvikvm( 1302): GC_CONCURRENT freed 874K, 22% free 11867K/15111K, paused 2ms+3ms
I/StatusActivity( 1302): 1333728384443: .......... GPS onLocationChanged ...... 
I/VCoreDaemon( 1302): 1333728384444: Loc = Location[mProvider=gps,mTime=1333814785000,mLatitude=42.36479324767407,mLongitude=-71.10244879984334,mHasAltitude=true,mAltitude=-21.0,mHasSpeed=true,mSpeed=0.8762263,mHasBearing=true,mBearing=324.02185,mHasAccuracy=true,mAccuracy=10.0,mExtras=Bundle[mParcelledData.dataSize=4]] Previous Region = (4,0)
I/VCoreDaemon( 1302): 1333728384444: GPS x/long:-71.10244879984334, GPS y/lat: 42.36479324767407. Region width in x: 51.96152422706632
I/VCoreDaemon( 1302): 1333728384445: location PINPOINTS to region = 4.0, previous 4
I/VCoreDaemon( 1302): 1333728384445: stay at region 4
D/dalvikvm( 1302): GC_CONCURRENT freed 874K, 22% free 11869K/15111K, paused 3ms+3ms
I/StatusActivity( 1302): 1333728386438: .......... GPS onLocationChanged ...... 
I/VCoreDaemon( 1302): 1333728386439: Loc = Location[mProvider=gps,mTime=1333814787000,mLatitude=42.36480325531585,mLongitude=-71.10246455589547,mHasAltitude=true,mAltitude=-19.0,mHasSpeed=true,mSpeed=0.88088626,mHasBearing=true,mBearing=311.9482,mHasAccuracy=true,mAccuracy=10.0,mExtras=Bundle[mParcelledData.dataSize=4]] Previous Region = (4,0)
I/VCoreDaemon( 1302): 1333728386439: GPS x/long:-71.10246455589547, GPS y/lat: 42.36480325531585. Region width in x: 51.96152422706632
I/VCoreDaemon( 1302): 1333728386439: location PINPOINTS to region = 4.0, previous 4
I/VCoreDaemon( 1302): 1333728386439: stay at region 4
D/dalvikvm( 1302): GC_CONCURRENT freed 874K, 22% free 11870K/15111K, paused 2ms+3ms
I/StatusActivity( 1302): 1333728388442: .......... GPS onLocationChanged ...... 
I/VCoreDaemon( 1302): 1333728388444: Loc = Location[mProvider=gps,mTime=1333814789000,mLatitude=42.36481421758154,mLongitude=-71.10247491675341,mHasAltitude=true,mAltitude=-19.0,mHasSpeed=true,mSpeed=0.8641947,mHasBearing=true,mBearing=310.6054,mHasAccuracy=true,mAccuracy=5.0,mExtras=Bundle[mParcelledData.dataSize=4]] Previous Region = (4,0)
I/VCoreDaemon( 1302): 1333728388445: GPS x/long:-71.10247491675341, GPS y/lat: 42.36481421758154. Region width in x: 51.96152422706632
I/VCoreDaemon( 1302): 1333728388445: location PINPOINTS to region = 4.0, previous 4
I/VCoreDaemon( 1302): 1333728388445: stay at region 4
D/dalvikvm( 1302): GC_FOR_ALLOC freed 958K, 25% free 11459K/15111K, paused 21ms
D/dalvikvm( 1302): GC_FOR_ALLOC freed 630K, 25% free 11459K/15111K, paused 19ms
D/dalvikvm( 1302): GC_CONCURRENT freed 829K, 25% free 11398K/15111K, paused 3ms+5ms
I/StatusActivity( 1302): 1333728390470: .......... GPS onLocationChanged ...... 
I/VCoreDaemon( 1302): 1333728390473: Loc = Location[mProvider=gps,mTime=1333814791000,mLatitude=42.36482417144831,mLongitude=-71.10249246879097,mHasAltitude=true,mAltitude=-18.0,mHasSpeed=true,mSpeed=0.86013687,mHasBearing=true,mBearing=291.03146,mHasAccuracy=true,mAccuracy=10.0,mExtras=Bundle[mParcelledData.dataSize=4]] Previous Region = (4,0)
I/VCoreDaemon( 1302): 1333728390473: GPS x/long:-71.10249246879097, GPS y/lat: 42.36482417144831. Region width in x: 51.96152422706632
I/VCoreDaemon( 1302): 1333728390473: location PINPOINTS to region = 4.0, previous 4
I/VCoreDaemon( 1302): 1333728390473: stay at region 4
D/dalvikvm( 1302): GC_CONCURRENT freed 310K, 23% free 11776K/15111K, paused 2ms+3ms
D/dalvikvm( 1302): GC_FOR_ALLOC freed 1104K, 26% free 11263K/15111K, paused 57ms
I/StatusActivity( 1302): 1333728391470: .......... GPS onLocationChanged ...... 
I/VCoreDaemon( 1302): 1333728391471: Loc = Location[mProvider=gps,mTime=1333814792000,mLatitude=42.36483008778337,mLongitude=-71.10250166130977,mHasAltitude=true,mAltitude=-21.0,mHasSpeed=true,mSpeed=0.845403,mHasBearing=true,mBearing=295.77844,mHasAccuracy=true,mAccuracy=10.0,mExtras=Bundle[mParcelledData.dataSize=4]] Previous Region = (4,0)
I/VCoreDaemon( 1302): 1333728391471: GPS x/long:-71.10250166130977, GPS y/lat: 42.36483008778337. Region width in x: 51.96152422706632
I/VCoreDaemon( 1302): 1333728391471: location PINPOINTS to region = 4.0, previous 4
I/VCoreDaemon( 1302): 1333728391471: stay at region 4
D/dalvikvm( 1302): GC_CONCURRENT freed 244K, 23% free 11698K/15111K, paused 1ms+3ms
D/dalvikvm( 1302): GC_CONCURRENT freed 688K, 22% free 11874K/15111K, paused 11ms+3ms
I/NetworkThread( 1302): 1333728392360: Received UDP payload: 406
I/StatusActivity( 1302): 1333728392495: .......... GPS onLocationChanged ...... 
I/VCoreDaemon( 1302): 1333728392496: Loc = Location[mProvider=gps,mTime=1333814793000,mLatitude=42.36483976064716,mLongitude=-71.10251642589259,mHasAltitude=true,mAltitude=-21.0,mHasSpeed=true,mSpeed=0.871295,mHasBearing=true,mBearing=306.91846,mHasAccuracy=true,mAccuracy=10.0,mExtras=Bundle[mParcelledData.dataSize=4]] Previous Region = (4,0)
I/VCoreDaemon( 1302): 1333728392496: GPS x/long:-71.10251642589259, GPS y/lat: 42.36483976064716. Region width in x: 51.96152422706632
I/VCoreDaemon( 1302): 1333728392496: location PINPOINTS to region = 4.0, previous 4
I/VCoreDaemon( 1302): 1333728392497: location is INSIDE BOUNDARY, stay at prev region = (4,0)
D/dalvikvm( 1302): GC_FOR_ALLOC freed 1064K, 23% free 11700K/15111K, paused 31ms
D/dalvikvm( 1302): GC_CONCURRENT freed 395K, 22% free 11934K/15111K, paused 3ms+3ms
D/dalvikvm( 1302): GC_CONCURRENT freed 1259K, 24% free 11600K/15111K, paused 4ms+5ms
I/VCoreDaemon.java( 1302): inside stateTransition ......................................................................................
I/..... VCoreDaemon.java( 1302): targetState = JOINING
I/..... VCoreDaemon.java( 1302): ends xxxxxxxxxxxxxxxxxxxxxxxxxxxxxxxxxxxxxxxxxxx
I/VCoreDaemon( 1302): 1333728394159: sending LEADER_REQUEST
I/VCoreDaemon( 1302): 1333728394160: inside sendPacket(Packet p)
I/NetworkThread( 1302): 1333728394162: Sending UDP payload: 406
I/VCoreDaemon( 1302): 1333728394461: sending LEADER_REQUEST
I/VCoreDaemon( 1302): 1333728394461: inside sendPacket(Packet p)
I/NetworkThread( 1302): 1333728394463: Sending UDP payload: 406
D/dalvikvm( 1302): GC_CONCURRENT freed 1136K, 26% free 11307K/15111K, paused 2ms+3ms
I/StatusActivity( 1302): 1333728394542: .......... GPS onLocationChanged ...... 
I/VCoreDaemon( 1302): 1333728394543: Loc = Location[mProvider=gps,mTime=1333814795000,mLatitude=42.36484963222476,mLongitude=-71.10253384838859,mHasAltitude=true,mAltitude=-23.0,mHasSpeed=true,mSpeed=0.8679086,mHasBearing=true,mBearing=300.8914,mHasAccuracy=true,mAccuracy=10.0,mExtras=Bundle[mParcelledData.dataSize=4]] Previous Region = (4,0)
I/VCoreDaemon( 1302): 1333728394543: GPS x/long:-71.10253384838859, GPS y/lat: 42.36484963222476. Region width in x: 51.96152422706632
I/VCoreDaemon( 1302): 1333728394562: location PINPOINTS to region = 4.0, previous 4
I/VCoreDaemon( 1302): 1333728394563: location is INSIDE BOUNDARY, stay at prev region = (4,0)
D/dalvikvm( 1302): GC_CONCURRENT freed 795K, 26% free 11269K/15111K, paused 2ms+11ms
I/VCoreDaemon( 1302): 1333728394762: sending LEADER_REQUEST
I/VCoreDaemon( 1302): 1333728394762: inside sendPacket(Packet p)
I/NetworkThread( 1302): 1333728394767: Sending UDP payload: 406
D/dalvikvm( 1302): GC_CONCURRENT freed 280K, 23% free 11663K/15111K, paused 3ms+3ms
I/VCoreDaemon( 1302): 1333728395063: sending LEADER_REQUEST
I/VCoreDaemon( 1302): 1333728395064: inside sendPacket(Packet p)
I/NetworkThread( 1302): 1333728395068: Sending UDP payload: 406
I/VCoreDaemon( 1302): 1333728395159: LEADER_REQUEST timed out
I/VCoreDaemon.java( 1302): inside stateTransition ......................................................................................
I/..... VCoreDaemon.java( 1302): targetState = LEADER
I/VNC:Cloud( 1302): Executing makeRequest: http://hermes5.csail.mit.edu:8212/take/4/0/5114/1333728395160/
D/dalvikvm( 1302): GC_CONCURRENT freed 912K, 24% free 11550K/15111K, paused 4ms+3ms
D/dalvikvm( 1302): GC_CONCURRENT freed 1237K, 27% free 11056K/15111K, paused 2ms+2ms
I/StatusActivity( 1302): 1333728395467: .......... GPS onLocationChanged ...... 
I/VCoreDaemon( 1302): 1333728395469: Loc = Location[mProvider=gps,mTime=1333814796000,mLatitude=42.364855490023956,mLongitude=-71.10254377921791,mHasAltitude=true,mAltitude=-24.0,mHasSpeed=true,mSpeed=0.8887432,mHasBearing=true,mBearing=309.03674,mHasAccuracy=true,mAccuracy=10.0,mExtras=Bundle[mParcelledData.dataSize=4]] Previous Region = (4,0)
I/VCoreDaemon( 1302): 1333728395470: GPS x/long:-71.10254377921791, GPS y/lat: 42.364855490023956. Region width in x: 51.96152422706632
I/VCoreDaemon( 1302): 1333728395470: location PINPOINTS to region = 4.0, previous 4
I/VCoreDaemon( 1302): 1333728395471: location is INSIDE BOUNDARY, stay at prev region = (4,0)
I/StatusActivity( 1302): 1333728397471: .......... GPS onLocationChanged ...... 
I/VCoreDaemon( 1302): 1333728397472: Loc = Location[mProvider=gps,mTime=1333814798000,mLatitude=42.36486456291687,mLongitude=-71.10255595964733,mHasAltitude=true,mAltitude=-27.0,mHasSpeed=true,mSpeed=0.36863786,mHasBearing=true,mBearing=320.54166,mHasAccuracy=true,mAccuracy=15.0,mExtras=Bundle[mParcelledData.dataSize=4]] Previous Region = (4,0)
I/VCoreDaemon( 1302): 1333728397472: GPS x/long:-71.10255595964733, GPS y/lat: 42.36486456291687. Region width in x: 51.96152422706632
I/VCoreDaemon( 1302): 1333728397472: location PINPOINTS to region = 4.0, previous 4
I/VCoreDaemon( 1302): 1333728397473: location is INSIDE BOUNDARY, stay at prev region = (4,0)
I/VNC:Cloud( 1302): makeRequest Execute HTTP latency: 2566ms
I/VNC:Cloud( 1302): makeRequest() Cloud response length: 82
I/VNC:Cloud( 1302): Request executed: http://hermes5.csail.mit.edu:8212/take/4/0/5114/1333728395160/
I/VCoreDaemon( 1302): 1333728397795: cloud rejected leadership request or request failed, wait to retry
I/StatusActivity( 1302): 1333728398453: .......... GPS onLocationChanged ...... 
I/VCoreDaemon( 1302): 1333728398454: Loc = Location[mProvider=gps,mTime=1333814799000,mLatitude=42.36487269883573,mLongitude=-71.10256317591369,mHasAltitude=true,mAltitude=-26.0,mHasSpeed=true,mSpeed=0.0,mHasBearing=true,mBearing=313.0483,mHasAccuracy=true,mAccuracy=15.0,mExtras=Bundle[mParcelledData.dataSize=4]] Previous Region = (4,0)
I/VCoreDaemon( 1302): 1333728398455: GPS x/long:-71.10256317591369, GPS y/lat: 42.36487269883573. Region width in x: 51.96152422706632
I/VCoreDaemon( 1302): 1333728398455: location PINPOINTS to region = 5.0, previous 4
I/VCoreDaemon( 1302): 1333728398455: location is INSIDE BOUNDARY, stay at prev region = (4,0)
I/StatusActivity( 1302): 1333728400453: .......... GPS onLocationChanged ...... 
I/VCoreDaemon( 1302): 1333728400454: Loc = Location[mProvider=gps,mTime=1333814801000,mLatitude=42.36487915629336,mLongitude=-71.10257448338018,mHasAltitude=true,mAltitude=-25.0,mHasSpeed=true,mSpeed=0.4280051,mHasBearing=true,mBearing=306.52628,mHasAccuracy=true,mAccuracy=15.0,mExtras=Bundle[mParcelledData.dataSize=4]] Previous Region = (4,0)
I/VCoreDaemon( 1302): 1333728400455: GPS x/long:-71.10257448338018, GPS y/lat: 42.36487915629336. Region width in x: 51.96152422706632
I/VCoreDaemon( 1302): 1333728400455: location PINPOINTS to region = 5.0, previous 4
I/VCoreDaemon( 1302): 1333728400455: location is INSIDE BOUNDARY, stay at prev region = (4,0)
I/StatusActivity( 1302): 1333728401454: .......... GPS onLocationChanged ...... 
I/VCoreDaemon( 1302): 1333728401455: Loc = Location[mProvider=gps,mTime=1333814802000,mLatitude=42.36488574970199,mLongitude=-71.10258296972702,mHasAltitude=true,mAltitude=-23.0,mHasSpeed=true,mSpeed=0.47919908,mHasBearing=true,mBearing=311.80798,mHasAccuracy=true,mAccuracy=20.0,mExtras=Bundle[mParcelledData.dataSize=4]] Previous Region = (4,0)
I/VCoreDaemon( 1302): 1333728401455: GPS x/long:-71.10258296972702, GPS y/lat: 42.36488574970199. Region width in x: 51.96152422706632
I/VCoreDaemon( 1302): 1333728401455: location PINPOINTS to region = 5.0, previous 4
I/VCoreDaemon( 1302): 1333728401456: location is INSIDE BOUNDARY, stay at prev region = (4,0)
W/NetworkStats(  152): dropping UID delta from unknown iface: iface=wlan0 uid=10067 set=FOREGROUND tag=0x0 rxBytes=17882 rxPackets=17 txBytes=6599 txPackets=5 operations=0
D/dalvikvm(  152): GC_CONCURRENT freed 849K, 13% free 12682K/14471K, paused 2ms+6ms
I/StatusActivity( 1302): 1333728403452: .......... GPS onLocationChanged ...... 
I/VCoreDaemon( 1302): 1333728403453: Loc = Location[mProvider=gps,mTime=1333814804000,mLatitude=42.36489669766335,mLongitude=-71.10259768092556,mHasAltitude=true,mAltitude=-24.0,mHasSpeed=true,mSpeed=0.535652,mHasBearing=true,mBearing=312.853,mHasAccuracy=true,mAccuracy=10.0,mExtras=Bundle[mParcelledData.dataSize=4]] Previous Region = (4,0)
I/VCoreDaemon( 1302): 1333728403454: GPS x/long:-71.10259768092556, GPS y/lat: 42.36489669766335. Region width in x: 51.96152422706632
I/VCoreDaemon( 1302): 1333728403454: location PINPOINTS to region = 5.0, previous 4
I/VCoreDaemon( 1302): 1333728403454: location is INSIDE BOUNDARY, stay at prev region = (4,0)
I/StatusActivity( 1302): 1333728405469: .......... GPS onLocationChanged ...... 
I/VCoreDaemon( 1302): 1333728405484: Loc = Location[mProvider=gps,mTime=1333814806000,mLatitude=42.364908141213334,mLongitude=-71.10261091747019,mHasAltitude=true,mAltitude=-22.0,mHasSpeed=true,mSpeed=0.0,mHasBearing=true,mBearing=311.99774,mHasAccuracy=true,mAccuracy=10.0,mExtras=Bundle[mParcelledData.dataSize=4]] Previous Region = (4,0)
I/VCoreDaemon( 1302): 1333728405485: GPS x/long:-71.10261091747019, GPS y/lat: 42.364908141213334. Region width in x: 51.96152422706632
I/VCoreDaemon( 1302): 1333728405486: location PINPOINTS to region = 5.0, previous 4
I/VCoreDaemon( 1302): 1333728405486: location CHANGED TO NEW region = (5,0) from region = (4,0)
I/VCoreDaemon( 1302): 1333728405487: moving from region (4,0), to (5,0)
I/VCoreDaemon.java( 1302): inside stateTransition ......................................................................................
I/..... VCoreDaemon.java( 1302): targetState = JOINING
I/VCoreDaemon( 1302): 1333728405489: sending LEADER_REQUEST
I/VCoreDaemon( 1302): 1333728405489: inside sendPacket(Packet p)
I/NetworkThread( 1302): 1333728405493: Sending UDP payload: 406
I/..... VCoreDaemon.java( 1302): ends xxxxxxxxxxxxxxxxxxxxxxxxxxxxxxxxxxxxxxxxxxx
I/VCoreDaemon( 1302): 1333728405790: sending LEADER_REQUEST
I/VCoreDaemon( 1302): 1333728405791: inside sendPacket(Packet p)
I/NetworkThread( 1302): 1333728405801: Sending UDP payload: 406
I/VCoreDaemon( 1302): 1333728406098: sending LEADER_REQUEST
I/VCoreDaemon( 1302): 1333728406099: inside sendPacket(Packet p)
I/NetworkThread( 1302): 1333728406114: Sending UDP payload: 406
I/VCoreDaemon( 1302): 1333728406400: sending LEADER_REQUEST
I/VCoreDaemon( 1302): 1333728406400: inside sendPacket(Packet p)
I/NetworkThread( 1302): 1333728406406: Sending UDP payload: 406
I/VCoreDaemon( 1302): 1333728406495: LEADER_REQUEST timed out
I/VCoreDaemon.java( 1302): inside stateTransition ......................................................................................
I/..... VCoreDaemon.java( 1302): targetState = LEADER
I/VNC:Cloud( 1302): Executing makeRequest: http://hermes5.csail.mit.edu:8212/take/5/0/5114/1333728406496/
I/StatusActivity( 1302): 1333728407452: .......... GPS onLocationChanged ...... 
I/VCoreDaemon( 1302): 1333728407453: Loc = Location[mProvider=gps,mTime=1333814808000,mLatitude=42.36491824971754,mLongitude=-71.10262760367704,mHasAltitude=true,mAltitude=-23.0,mHasSpeed=true,mSpeed=0.45837745,mHasBearing=true,mBearing=308.9124,mHasAccuracy=true,mAccuracy=10.0,mExtras=Bundle[mParcelledData.dataSize=4]] Previous Region = (5,0)
I/VCoreDaemon( 1302): 1333728407453: GPS x/long:-71.10262760367704, GPS y/lat: 42.36491824971754. Region width in x: 51.96152422706632
I/VCoreDaemon( 1302): 1333728407453: location PINPOINTS to region = 5.0, previous 5
I/VCoreDaemon( 1302): 1333728407453: stay at region 5
I/StatusActivity( 1302): 1333728408453: .......... GPS onLocationChanged ...... 
I/VCoreDaemon( 1302): 1333728408454: Loc = Location[mProvider=gps,mTime=1333814809000,mLatitude=42.364925338479225,mLongitude=-71.10263973575555,mHasAltitude=true,mAltitude=-24.0,mHasSpeed=true,mSpeed=0.0,mHasBearing=true,mBearing=312.10123,mHasAccuracy=true,mAccuracy=10.0,mExtras=Bundle[mParcelledData.dataSize=4]] Previous Region = (5,0)
I/VCoreDaemon( 1302): 1333728408454: GPS x/long:-71.10263973575555, GPS y/lat: 42.364925338479225. Region width in x: 51.96152422706632
I/VCoreDaemon( 1302): 1333728408454: location PINPOINTS to region = 5.0, previous 5
I/VCoreDaemon( 1302): 1333728408454: stay at region 5
I/VNC:Cloud( 1302): makeRequest Execute HTTP latency: 2492ms
I/VNC:Cloud( 1302): makeRequest() Cloud response length: 82
I/VNC:Cloud( 1302): Request executed: http://hermes5.csail.mit.edu:8212/take/5/0/5114/1333728406496/
I/VCoreDaemon( 1302): 1333728409031: cloud rejected leadership request or request failed, wait to retry
I/StatusActivity( 1302): 1333728410452: .......... GPS onLocationChanged ...... 
I/VCoreDaemon( 1302): 1333728410453: Loc = Location[mProvider=gps,mTime=1333814811000,mLatitude=42.364929452522,mLongitude=-71.10266005982919,mHasAltitude=true,mAltitude=-23.0,mHasSpeed=true,mSpeed=0.5100771,mHasBearing=true,mBearing=291.25803,mHasAccuracy=true,mAccuracy=10.0,mExtras=Bundle[mParcelledData.dataSize=4]] Previous Region = (5,0)
I/VCoreDaemon( 1302): 1333728410454: GPS x/long:-71.10266005982919, GPS y/lat: 42.364929452522. Region width in x: 51.96152422706632
I/VCoreDaemon( 1302): 1333728410454: location PINPOINTS to region = 5.0, previous 5
I/VCoreDaemon( 1302): 1333728410454: stay at region 5
I/StatusActivity( 1302): 1333728411452: .......... GPS onLocationChanged ...... 
I/VCoreDaemon( 1302): 1333728411453: Loc = Location[mProvider=gps,mTime=1333814812000,mLatitude=42.36492980671503,mLongitude=-71.10267363896274,mHasAltitude=true,mAltitude=-23.0,mHasSpeed=true,mSpeed=0.5429173,mHasBearing=true,mBearing=267.21497,mHasAccuracy=true,mAccuracy=15.0,mExtras=Bundle[mParcelledData.dataSize=4]] Previous Region = (5,0)
I/VCoreDaemon( 1302): 1333728411453: GPS x/long:-71.10267363896274, GPS y/lat: 42.36492980671503. Region width in x: 51.96152422706632
I/VCoreDaemon( 1302): 1333728411453: location PINPOINTS to region = 5.0, previous 5
I/VCoreDaemon( 1302): 1333728411453: stay at region 5
D/dalvikvm(  740): GC_CONCURRENT freed 451K, 6% free 10047K/10631K, paused 17ms+2ms
W/NetworkStats(  152): dropping UID delta from unknown iface: iface=wlan0 uid=10067 set=FOREGROUND tag=0x0 rxBytes=1736 rxPackets=4 txBytes=1736 txPackets=4 operations=0
I/StatusActivity( 1302): 1333728414453: .......... GPS onLocationChanged ...... 
I/VCoreDaemon( 1302): 1333728414454: Loc = Location[mProvider=gps,mTime=1333814815000,mLatitude=42.36493523751074,mLongitude=-71.10268714444564,mHasAltitude=true,mAltitude=-18.0,mHasSpeed=true,mSpeed=0.41040447,mHasBearing=true,mBearing=282.0167,mHasAccuracy=true,mAccuracy=10.0,mExtras=Bundle[mParcelledData.dataSize=4]] Previous Region = (5,0)
I/VCoreDaemon( 1302): 1333728414455: GPS x/long:-71.10268714444564, GPS y/lat: 42.36493523751074. Region width in x: 51.96152422706632
I/VCoreDaemon( 1302): 1333728414455: location PINPOINTS to region = 5.0, previous 5
I/VCoreDaemon( 1302): 1333728414455: stay at region 5
I/NetworkThread( 1302): 1333728417733: Received UDP payload: 406
I/dalvikvm( 1302): Jit: resizing JitTable from 4096 to 8192
I/StatusActivity( 1302): 1333728418208: canPressButton = false. state is + 1 Can't press button because you're in a transient state (JOINING or HANDING_OFF)
I/StatusActivity( 1302): 1333728418227: can't press any buttons yet, so can't get region
D/AudioHardware(   81): AudioHardware pcm playback is exiting standby.
D/AudioHardware(   81): openPcmOut_l() mPcmOpenCnt: 0
I/VCoreDaemon( 1302): 1333728419048: been in JOINING state for a while now, start over
I/VCoreDaemon.java( 1302): inside stateTransition ......................................................................................
I/..... VCoreDaemon.java( 1302): targetState = JOINING
I/..... VCoreDaemon.java( 1302): ends xxxxxxxxxxxxxxxxxxxxxxxxxxxxxxxxxxxxxxxxxxx
I/VCoreDaemon( 1302): 1333728419048: sending LEADER_REQUEST
I/VCoreDaemon( 1302): 1333728419049: inside sendPacket(Packet p)
I/NetworkThread( 1302): 1333728419056: Sending UDP payload: 406
I/VCoreDaemon( 1302): 1333728419349: sending LEADER_REQUEST
I/VCoreDaemon( 1302): 1333728419350: inside sendPacket(Packet p)
I/NetworkThread( 1302): 1333728419378: Sending UDP payload: 406
I/VCoreDaemon( 1302): 1333728419650: sending LEADER_REQUEST
I/VCoreDaemon( 1302): 1333728419651: inside sendPacket(Packet p)
I/NetworkThread( 1302): 1333728419684: Sending UDP payload: 406
I/VCoreDaemon( 1302): 1333728419953: sending LEADER_REQUEST
I/VCoreDaemon( 1302): 1333728419953: inside sendPacket(Packet p)
I/NetworkThread( 1302): 1333728419973: Sending UDP payload: 406
I/VCoreDaemon( 1302): 1333728420049: LEADER_REQUEST timed out
I/VCoreDaemon.java( 1302): inside stateTransition ......................................................................................
I/..... VCoreDaemon.java( 1302): targetState = LEADER
I/VNC:Cloud( 1302): Executing makeRequest: http://hermes5.csail.mit.edu:8212/take/5/0/5114/1333728420050/
D/AudioHardware(   81): AudioHardware pcm playback is going to standby.
D/AudioHardware(   81): closePcmOut_l() mPcmOpenCnt: 1
I/StatusActivity( 1302): 1333728421453: .......... GPS onLocationChanged ...... 
I/VCoreDaemon( 1302): 1333728421454: Loc = Location[mProvider=gps,mTime=1333814822000,mLatitude=42.364941280277336,mLongitude=-71.10270363621487,mHasAltitude=true,mAltitude=-21.0,mHasSpeed=true,mSpeed=0.06431312,mHasBearing=true,mBearing=301.26373,mHasAccuracy=true,mAccuracy=10.0,mExtras=Bundle[mParcelledData.dataSize=4]] Previous Region = (5,0)
I/VCoreDaemon( 1302): 1333728421454: GPS x/long:-71.10270363621487, GPS y/lat: 42.364941280277336. Region width in x: 51.96152422706632
I/VCoreDaemon( 1302): 1333728421454: location PINPOINTS to region = 5.0, previous 5
I/VCoreDaemon( 1302): 1333728421454: stay at region 5
I/NetworkThread( 1302): 1333728422750: Received UDP payload: 406
I/StatusActivity( 1302): 1333728423454: .......... GPS onLocationChanged ...... 
I/VCoreDaemon( 1302): 1333728423455: Loc = Location[mProvider=gps,mTime=1333814824000,mLatitude=42.36494485719161,mLongitude=-71.10272098895706,mHasAltitude=true,mAltitude=-19.0,mHasSpeed=true,mSpeed=0.19854648,mHasBearing=true,mBearing=278.32468,mHasAccuracy=true,mAccuracy=10.0,mExtras=Bundle[mParcelledData.dataSize=4]] Previous Region = (5,0)
I/VCoreDaemon( 1302): 1333728423455: GPS x/long:-71.10272098895706, GPS y/lat: 42.36494485719161. Region width in x: 51.96152422706632
I/VCoreDaemon( 1302): 1333728423456: location PINPOINTS to region = 5.0, previous 5
I/VCoreDaemon( 1302): 1333728423458: stay at region 5
I/StatusActivity( 1302): 1333728425455: .......... GPS onLocationChanged ...... 
I/VCoreDaemon( 1302): 1333728425456: Loc = Location[mProvider=gps,mTime=1333814826000,mLatitude=42.36495087311766,mLongitude=-71.10273363677463,mHasAltitude=true,mAltitude=-16.0,mHasSpeed=true,mSpeed=0.29435727,mHasBearing=true,mBearing=330.8835,mHasAccuracy=true,mAccuracy=10.0,mExtras=Bundle[mParcelledData.dataSize=4]] Previous Region = (5,0)
I/VCoreDaemon( 1302): 1333728425456: GPS x/long:-71.10273363677463, GPS y/lat: 42.36495087311766. Region width in x: 51.96152422706632
I/VCoreDaemon( 1302): 1333728425456: location PINPOINTS to region = 5.0, previous 5
I/VCoreDaemon( 1302): 1333728425456: stay at region 5
I/VNC:Cloud( 1302): makeRequest Execute HTTP latency: 5487ms
I/VNC:Cloud( 1302): makeRequest() Cloud response length: 82
I/VNC:Cloud( 1302): Request executed: http://hermes5.csail.mit.edu:8212/take/5/0/5114/1333728420050/
I/VCoreDaemon( 1302): 1333728425541: cloud rejected leadership request or request failed, wait to retry
W/NetworkStats(  152): dropping UID delta from unknown iface: iface=wlan0 uid=10067 set=FOREGROUND tag=0x0 rxBytes=2604 rxPackets=6 txBytes=1736 txPackets=4 operations=0
I/StatusActivity( 1302): 1333728427478: .......... GPS onLocationChanged ...... 
I/VCoreDaemon( 1302): 1333728427480: Loc = Location[mProvider=gps,mTime=1333814828000,mLatitude=42.364957169710955,mLongitude=-71.10275252621801,mHasAltitude=true,mAltitude=-15.0,mHasSpeed=true,mSpeed=0.39958104,mHasBearing=true,mBearing=292.5444,mHasAccuracy=true,mAccuracy=10.0,mExtras=Bundle[mParcelledData.dataSize=4]] Previous Region = (5,0)
I/VCoreDaemon( 1302): 1333728427481: GPS x/long:-71.10275252621801, GPS y/lat: 42.364957169710955. Region width in x: 51.96152422706632
I/VCoreDaemon( 1302): 1333728427482: location PINPOINTS to region = 5.0, previous 5
I/VCoreDaemon( 1302): 1333728427482: stay at region 5
I/dalvikvm(  152): Jit: resizing JitTable from 8192 to 16384
D/dalvikvm(  152): GC_CONCURRENT freed 911K, 13% free 12630K/14471K, paused 2ms+5ms
I/NetworkThread( 1302): 1333728427766: Received UDP payload: 406
I/StatusActivity( 1302): 1333728429482: .......... GPS onLocationChanged ...... 
I/VCoreDaemon( 1302): 1333728429483: Loc = Location[mProvider=gps,mTime=1333814830000,mLatitude=42.36496276063659,mLongitude=-71.1027631632916,mHasAltitude=true,mAltitude=-17.0,mHasSpeed=true,mSpeed=0.42763963,mHasBearing=true,mBearing=309.7206,mHasAccuracy=true,mAccuracy=10.0,mExtras=Bundle[mParcelledData.dataSize=4]] Previous Region = (5,0)
I/VCoreDaemon( 1302): 1333728429484: GPS x/long:-71.1027631632916, GPS y/lat: 42.36496276063659. Region width in x: 51.96152422706632
I/VCoreDaemon( 1302): 1333728429484: location PINPOINTS to region = 5.0, previous 5
I/VCoreDaemon( 1302): 1333728429484: stay at region 5
I/NetworkThread( 1302): 1333728432751: Received UDP payload: 406
I/VCoreDaemon( 1302): 1333728435553: been in JOINING state for a while now, start over
I/VCoreDaemon.java( 1302): inside stateTransition ......................................................................................
I/..... VCoreDaemon.java( 1302): targetState = JOINING
I/..... VCoreDaemon.java( 1302): ends xxxxxxxxxxxxxxxxxxxxxxxxxxxxxxxxxxxxxxxxxxx
I/VCoreDaemon( 1302): 1333728435558: sending LEADER_REQUEST
I/VCoreDaemon( 1302): 1333728435558: inside sendPacket(Packet p)
I/NetworkThread( 1302): 1333728435561: Sending UDP payload: 406
I/VCoreDaemon( 1302): 1333728435859: sending LEADER_REQUEST
I/VCoreDaemon( 1302): 1333728435859: inside sendPacket(Packet p)
I/NetworkThread( 1302): 1333728435860: Sending UDP payload: 406
I/NetworkThread( 1302): 1333728436080: Received UDP payload: 30105
I/VCoreDaemon( 1302): 1333728436122: heard LEADER_REPLY from 5108
I/VCoreDaemon.java( 1302): inside stateTransition ......................................................................................
I/..... VCoreDaemon.java( 1302): targetState = NONLEADER
I/VCoreDaemon( 1302): 1333728436123: now NONLEADER (id=5114) following LEADER (id=5108) in (5,0)
I/..... VCoreDaemon.java( 1302): ends xxxxxxxxxxxxxxxxxxxxxxxxxxxxxxxxxxxxxxxxxxx
D/dalvikvm( 1302): GC_CONCURRENT freed 461K, 26% free 11189K/15111K, paused 27ms+3ms
I/NetworkThread( 1302): 1333728436492: Received UDP payload: 30105
I/StatusActivity( 1302): 1333728437438: canPressButton = TRUE
I/StatusActivity( 1302): 1333728437439: areButtonsEnabled --> false 
I/StatusActivity( 1302): 1333728437439: get picture disableButtonsR
I/StatusActivity( 1302): 1333728437439: areButtonsEnabled --> false
D/AudioHardware(   81): AudioHardware pcm playback is exiting standby.
D/AudioHardware(   81): openPcmOut_l() mPcmOpenCnt: 0
I/StatusActivity( 1302): 1333728437511: takeNum=4 takeCamGood=4 takeGoodSave=4 takeBad=0 takeTimedout=0 getNum=7 getGood=3 getBad=0 getTimedout=3
I/StatusActivity( 1302): 1333728437512: ** Clicked getphotos Button from region 5 **
I/StatusActivity( 1302): 1333728437512: I'm the Client, and I'm in region: 5 nodID = 5114
I/StatusActivity( 1302): 1333728437513: I'm a nonleader sending my requesting photos packet to my leader
I/VCoreDaemon( 1302): 1333728437513: inside sendPacket(Packet p)
I/NetworkThread( 1302): 1333728437515: Sending UDP payload: 585
I/StatusActivity( 1302): 1333728437516: StatusActivity sent request to get photos for region 5
I/NetworkThread( 1302): 1333728437593: Received UDP payload: 949
I/Mux     ( 1302): 1333728437596: GOT CSM_Msg
I/NetworkThread( 1302): 1333728437659: Received UDP payload: 4863
I/Mux     ( 1302): 1333728437673: GOT CSM_Msg
I/NetworkThread( 1302): 1333728437702: Received UDP payload: 4516
I/Mux     ( 1302): 1333728437704: Inside mux Packet.SERVER_REPLY
I/Mux     ( 1302): 1333728437704: I have the photo requester id = 5114 about to display photo or receive upload ack
I/NetworkThread( 1302): 1333728437744: Received UDP payload: 406
I/StatusActivity( 1302): 1333728437748: inside Packet.CLIENT_SHOW_REMOTEPHOTOS. Client requested for a photo in a remote region and this is the reply
I/StatusActivity( 1302): 1333728437750: nonleader download remote photo latency = 235
I/StatusActivity( 1302): 1333728437751: = nonleader download start 1333728437513 ~ stop 1333728437748
I/StatusActivity( 1302): 1333728437754: takeNum=4 takeCamGood=4 takeGoodSave=4 takeBad=0 takeTimedout=0 getNum=7 getGood=4 getBad=0 getTimedout=3
I/StatusActivity( 1302): 1333728437755: Success! Client getting photo from remote region, showing photo...
I/StatusActivity( 1302): 1333728437763: Remote photo's length: 3892
D/dalvikvm( 1302): GC_EXPLICIT freed 759K, 30% free 10618K/15111K, paused 3ms+3ms
I/StatusActivity( 1302): Inside _enableButtons
I/StatusActivity( 1302): areButtonsEnabled --> true
W/InputManagerService(  152): Window already focused, ignoring focus gain of: com.android.internal.view.IInputMethodClient$Stub$Proxy@41543be8
I/GTalkService/c(  453): [AndroidEndpoint@1094469624] connect: acct=1000000, state=CONNECTING
D/AudioHardware(   81): AudioHardware pcm playback is going to standby.
D/AudioHardware(   81): closePcmOut_l() mPcmOpenCnt: 1
W/Smack/Packet(  453): notify conn break (IOEx), close connection
D/ConnectivityService(  152): handleInetConditionHoldEnd: net=0, condition=0, published condition=0
I/NetworkThread( 1302): 1333728442760: Received UDP payload: 406
D/dalvikvm(  311): GC_CONCURRENT freed 434K, 6% free 9504K/10055K, paused 3ms+2ms
W/NetworkStats(  152): dropping UID delta from unknown iface: iface=wlan0 uid=10067 set=FOREGROUND tag=0x0 rxBytes=73895 rxPackets=12 txBytes=1481 txPackets=3 operations=0
I/NetworkThread( 1302): 1333728447028: Received UDP payload: 949
I/Mux     ( 1302): 1333728447035: GOT CSM_Msg
I/StatusActivity( 1302): 1333728447115: canPressButton = TRUE
I/StatusActivity( 1302): 1333728447115: areButtonsEnabled --> false 
I/StatusActivity( 1302): 1333728447115: get picture disableButtonsR
I/StatusActivity( 1302): 1333728447116: areButtonsEnabled --> false
D/AudioHardware(   81): AudioHardware pcm playback is exiting standby.
D/AudioHardware(   81): openPcmOut_l() mPcmOpenCnt: 0
I/StatusActivity( 1302): 1333728447147: takeNum=4 takeCamGood=4 takeGoodSave=4 takeBad=0 takeTimedout=0 getNum=8 getGood=4 getBad=0 getTimedout=3
I/StatusActivity( 1302): 1333728447148: ** Clicked getphotos Button from region 0 **
I/StatusActivity( 1302): 1333728447148: I'm the Client, and I'm in region: 5 nodID = 5114
I/StatusActivity( 1302): 1333728447150: I'm a nonleader sending my requesting photos packet to my leader
I/VCoreDaemon( 1302): 1333728447160: inside sendPacket(Packet p)
I/NetworkThread( 1302): 1333728447162: Sending UDP payload: 585
I/StatusActivity( 1302): 1333728447163: StatusActivity sent request to get photos for region 0
I/NetworkThread( 1302): 1333728447189: Received UDP payload: 949
I/Mux     ( 1302): 1333728447250: GOT CSM_Msg
D/dalvikvm( 1302): GC_CONCURRENT freed 410K, 30% free 10623K/15111K, paused 1ms+5ms
I/NetworkThread( 1302): 1333728450040: Received UDP payload: 406
I/NetworkThread( 1302): 1333728450056: Received UDP payload: 770
I/Mux     ( 1302): 1333728450081: GOT CSM_Msg
I/NetworkThread( 1302): 1333728450105: Received UDP payload: 770
I/Mux     ( 1302): 1333728450131: GOT CSM_Msg
D/AudioHardware(   81): AudioHardware pcm playback is going to standby.
D/AudioHardware(   81): closePcmOut_l() mPcmOpenCnt: 1
I/StatusActivity( 1302): inside buttonsEnableProgressTimeoutR. Perhaps no one is in that region. Try again later!
I/StatusActivity( 1302): Inside _enableButtons
I/StatusActivity( 1302): areButtonsEnabled --> true
I/StatusActivity( 1302): takeNum=4 takeCamGood=4 takeGoodSave=4 takeBad=0 takeTimedout=0 getNum=8 getGood=4 getBad=0 getTimedout=4
W/InputManagerService(  152): Window already focused, ignoring focus gain of: com.android.internal.view.IInputMethodClient$Stub$Proxy@414c29a8
I/NetworkThread( 1302): 1333728455049: Received UDP payload: 406
I/StatusActivity( 1302): 1333728460042: canPressButton = TRUE
I/StatusActivity( 1302): 1333728460043: areButtonsEnabled --> false 
I/StatusActivity( 1302): 1333728460043: get picture disableButtonsR
I/StatusActivity( 1302): 1333728460043: areButtonsEnabled --> false
I/NetworkThread( 1302): 1333728460055: Received UDP payload: 406
D/AudioHardware(   81): AudioHardware pcm playback is exiting standby.
D/AudioHardware(   81): openPcmOut_l() mPcmOpenCnt: 0
I/StatusActivity( 1302): 1333728460089: takeNum=4 takeCamGood=4 takeGoodSave=4 takeBad=0 takeTimedout=0 getNum=9 getGood=4 getBad=0 getTimedout=4
I/StatusActivity( 1302): 1333728460090: ** Clicked getphotos Button from region 0 **
I/StatusActivity( 1302): 1333728460090: I'm the Client, and I'm in region: 5 nodID = 5114
I/StatusActivity( 1302): 1333728460091: I'm a nonleader sending my requesting photos packet to my leader
I/VCoreDaemon( 1302): 1333728460092: inside sendPacket(Packet p)
I/NetworkThread( 1302): 1333728460094: Sending UDP payload: 585
I/StatusActivity( 1302): 1333728460095: StatusActivity sent request to get photos for region 0
I/NetworkThread( 1302): 1333728460120: Received UDP payload: 949
I/Mux     ( 1302): 1333728460164: GOT CSM_Msg
I/NetworkThread( 1302): 1333728460922: Received UDP payload: 949
I/Mux     ( 1302): 1333728460968: GOT CSM_Msg
I/NetworkThread( 1302): 1333728461003: Received UDP payload: 949
I/Mux     ( 1302): 1333728461007: GOT CSM_Msg
I/NetworkThread( 1302): 1333728461106: Received UDP payload: 949
I/Mux     ( 1302): 1333728461129: GOT CSM_Msg
I/NetworkThread( 1302): 1333728461248: Received UDP payload: 949
I/Mux     ( 1302): 1333728461340: GOT CSM_Msg
I/NetworkThread( 1302): 1333728461342: Received UDP payload: 949
I/Mux     ( 1302): 1333728461361: GOT CSM_Msg
I/NetworkThread( 1302): 1333728461418: Received UDP payload: 949
I/Mux     ( 1302): 1333728461423: GOT CSM_Msg
I/NetworkThread( 1302): 1333728461521: Received UDP payload: 949
I/Mux     ( 1302): 1333728461525: GOT CSM_Msg
I/NetworkThread( 1302): 1333728461639: Received UDP payload: 949
I/Mux     ( 1302): 1333728461661: GOT CSM_Msg
I/NetworkThread( 1302): 1333728461730: Received UDP payload: 949
I/Mux     ( 1302): 1333728461733: GOT CSM_Msg
I/NetworkThread( 1302): 1333728461836: Received UDP payload: 949
I/Mux     ( 1302): 1333728461859: GOT CSM_Msg
I/NetworkThread( 1302): 1333728461939: Received UDP payload: 949
I/Mux     ( 1302): 1333728461954: GOT CSM_Msg
I/NetworkThread( 1302): 1333728462042: Received UDP payload: 949
I/Mux     ( 1302): 1333728462064: GOT CSM_Msg
I/NetworkThread( 1302): 1333728462142: Received UDP payload: 949
I/Mux     ( 1302): 1333728462173: GOT CSM_Msg
D/dalvikvm( 1302): GC_CONCURRENT freed 404K, 30% free 10632K/15111K, paused 3ms+3ms
I/NetworkThread( 1302): 1333728462257: Received UDP payload: 770
I/Mux     ( 1302): 1333728462261: GOT CSM_Msg
D/AudioHardware(   81): AudioHardware pcm playback is going to standby.
D/AudioHardware(   81): closePcmOut_l() mPcmOpenCnt: 1
D/dalvikvm(  152): GC_CONCURRENT freed 746K, 13% free 12669K/14471K, paused 12ms+7ms
I/NetworkThread( 1302): 1333728464761: Received UDP payload: 949
I/Mux     ( 1302): 1333728464770: GOT CSM_Msg
I/NetworkThread( 1302): 1333728464963: Received UDP payload: 949
I/Mux     ( 1302): 1333728464971: GOT CSM_Msg
I/NetworkThread( 1302): 1333728465061: Received UDP payload: 406
I/NetworkThread( 1302): 1333728465193: Received UDP payload: 949
I/Mux     ( 1302): 1333728465233: GOT CSM_Msg
I/NetworkThread( 1302): 1333728465394: Received UDP payload: 949
I/Mux     ( 1302): 1333728465399: GOT CSM_Msg
I/NetworkThread( 1302): 1333728465702: Received UDP payload: 949
I/Mux     ( 1302): 1333728465706: GOT CSM_Msg
I/StatusActivity( 1302): inside buttonsEnableProgressTimeoutR. Perhaps no one is in that region. Try again later!
I/StatusActivity( 1302): Inside _enableButtons
I/StatusActivity( 1302): areButtonsEnabled --> true
I/StatusActivity( 1302): takeNum=4 takeCamGood=4 takeGoodSave=4 takeBad=0 takeTimedout=0 getNum=9 getGood=4 getBad=0 getTimedout=5
W/InputManagerService(  152): Window already focused, ignoring focus gain of: com.android.internal.view.IInputMethodClient$Stub$Proxy@416cdc08
I/NetworkThread( 1302): 1333728470072: Received UDP payload: 406
I/StatusActivity( 1302): 1333728472481: canPressButton = TRUE
I/StatusActivity( 1302): 1333728472482: areButtonsEnabled --> false 
I/StatusActivity( 1302): 1333728472486: get picture disableButtonsR
I/StatusActivity( 1302): 1333728472487: areButtonsEnabled --> false
D/AudioHardware(   81): AudioHardware pcm playback is exiting standby.
D/AudioHardware(   81): openPcmOut_l() mPcmOpenCnt: 0
I/StatusActivity( 1302): 1333728472517: takeNum=4 takeCamGood=4 takeGoodSave=4 takeBad=0 takeTimedout=0 getNum=10 getGood=4 getBad=0 getTimedout=5
I/StatusActivity( 1302): 1333728472518: ** Clicked getphotos Button from region 3 **
I/StatusActivity( 1302): 1333728472518: I'm the Client, and I'm in region: 5 nodID = 5114
I/StatusActivity( 1302): 1333728472519: I'm a nonleader sending my requesting photos packet to my leader
I/VCoreDaemon( 1302): 1333728472520: inside sendPacket(Packet p)
I/NetworkThread( 1302): 1333728472521: Sending UDP payload: 585
I/StatusActivity( 1302): 1333728472522: StatusActivity sent request to get photos for region 3
I/NetworkThread( 1302): 1333728472585: Received UDP payload: 949
I/Mux     ( 1302): 1333728472589: GOT CSM_Msg
I/NetworkThread( 1302): 1333728473418: Received UDP payload: 949
I/Mux     ( 1302): 1333728473422: GOT CSM_Msg
I/NetworkThread( 1302): 1333728473535: Received UDP payload: 949
I/Mux     ( 1302): 1333728473550: GOT CSM_Msg
I/NetworkThread( 1302): 1333728473586: Received UDP payload: 949
I/Mux     ( 1302): 1333728473593: GOT CSM_Msg
I/NetworkThread( 1302): 1333728473690: Received UDP payload: 949
I/Mux     ( 1302): 1333728473695: GOT CSM_Msg
I/NetworkThread( 1302): 1333728473799: Received UDP payload: 949
I/Mux     ( 1302): 1333728473813: GOT CSM_Msg
I/NetworkThread( 1302): 1333728473889: Received UDP payload: 949
I/Mux     ( 1302): 1333728473899: GOT CSM_Msg
I/NetworkThread( 1302): 1333728473994: Received UDP payload: 949
I/Mux     ( 1302): 1333728474018: GOT CSM_Msg
I/NetworkThread( 1302): 1333728474103: Received UDP payload: 949
I/Mux     ( 1302): 1333728474111: GOT CSM_Msg
I/NetworkThread( 1302): 1333728474196: Received UDP payload: 949
I/Mux     ( 1302): 1333728474200: GOT CSM_Msg
I/NetworkThread( 1302): 1333728474338: Received UDP payload: 949
I/Mux     ( 1302): 1333728474378: GOT CSM_Msg
I/NetworkThread( 1302): 1333728474429: Received UDP payload: 949
I/Mux     ( 1302): 1333728474446: GOT CSM_Msg
D/dalvikvm( 1302): GC_CONCURRENT freed 434K, 30% free 10633K/15111K, paused 3ms+3ms
I/NetworkThread( 1302): 1333728474535: Received UDP payload: 949
I/Mux     ( 1302): 1333728474547: GOT CSM_Msg
I/NetworkThread( 1302): 1333728474676: Received UDP payload: 949
I/Mux     ( 1302): 1333728474693: GOT CSM_Msg
I/NetworkThread( 1302): 1333728474847: Received UDP payload: 770
I/Mux     ( 1302): 1333728474860: GOT CSM_Msg
I/NetworkThread( 1302): 1333728475063: Received UDP payload: 406
D/AudioHardware(   81): AudioHardware pcm playback is going to standby.
D/AudioHardware(   81): closePcmOut_l() mPcmOpenCnt: 1
I/StatusActivity( 1302): inside buttonsEnableProgressTimeoutR. Perhaps no one is in that region. Try again later!
I/StatusActivity( 1302): Inside _enableButtons
I/StatusActivity( 1302): areButtonsEnabled --> true
I/StatusActivity( 1302): takeNum=4 takeCamGood=4 takeGoodSave=4 takeBad=0 takeTimedout=0 getNum=10 getGood=4 getBad=0 getTimedout=6
W/InputManagerService(  152): Window already focused, ignoring focus gain of: com.android.internal.view.IInputMethodClient$Stub$Proxy@416d8af0
I/StatusActivity( 1302): 1333728479458: .......... GPS onLocationChanged ...... 
