--------- beginning of /dev/log/system
I/Vold    (   72): Vold 2.1 (the revenge) firing up
D/Vold    (   72): Volume sdcard state changing -1 (Initializing) -> 0 (No-Media)
D/Vold    (   72): Volume sdcard state changing 0 (No-Media) -> 2 (Pending)
D/Vold    (   72): Volume sdcard state changing 2 (Pending) -> 1 (Idle-Unmounted)
W/Vold    (   72): Duplicate state (1)
W/Vold    (   72): Duplicate state (1)
W/Vold    (   72): Duplicate state (1)
W/Vold    (   72): Duplicate state (1)
I/SystemServer(  152): Entered the Android system server!
I/SystemServer(  152): Entropy Service
I/SystemServer(  152): Power Manager
I/SystemServer(  152): Activity Manager
I/ActivityManager(  152): Memory class: 48
I/SystemServer(  152): Telephony Registry
I/SystemServer(  152): Package Manager
W/PackageParser(  152): No actions in intent filter at /system/app/Bluetooth.apk Binary XML file line #125
W/PackageParser(  152): No actions in intent filter at /system/app/Contacts.apk Binary XML file line #525
W/PackageParser(  152): Unknown element under <manifest>: supports-gl-texture at /system/app/GoogleEarth.apk Binary XML file line #3
I/Installer(  152): connecting...
I/PackageParser(  152): com.googlecode.android.wifi.tether: compat added android.permission.WRITE_EXTERNAL_STORAGE android.permission.READ_PHONE_STATE
I/PackageManager(  152): Time to scan packages: 3.665 seconds
W/PackageManager(  152): Not granting permission android.permission.SEND_DOWNLOAD_COMPLETED_INTENTS to package com.google.android.browser (protectionLevel=2 flags=0x9be45)
W/PackageManager(  152): Unknown permission com.android.vending.permission.UPDATE_MARKET_FAILURE in package com.android.vending.updater
W/PackageManager(  152): Unknown permission android.permission.ADD_SYSTEM_SERVICE in package com.android.phone
W/PackageManager(  152): Unknown permission com.android.smspush.WAPPUSH_MANAGER_BIND in package com.android.phone
W/PackageManager(  152): Unknown permission com.android.vending.billing.IBillingAccountService.BIND2 in package com.google.android.gsf.login
W/PackageManager(  152): Not granting permission android.permission.DEVICE_POWER to package com.google.android.deskclock (protectionLevel=2 flags=0x8be45)
W/PackageManager(  152): Unknown permission android.permission.READ_OWNER_DATA in package com.google.android.setupwizard
W/PackageManager(  152): Unknown permission android.permission.WRITE_OWNER_DATA in package com.google.android.setupwizard
W/PackageManager(  152): Not granting permission com.google.android.gm.permission.READ_GMAIL to package com.google.android.apps.uploader (protectionLevel=2 flags=0x8be45)
W/PackageManager(  152): Unknown permission android.permission.READ_EXTERNAL_STORAGE in package com.android.vending
W/PackageManager(  152): Not granting permission android.permission.SEND_DOWNLOAD_COMPLETED_INTENTS to package com.android.vending (protectionLevel=2 flags=0xabec5)
W/PackageManager(  152): Not granting permission android.permission.ACCOUNT_MANAGER to package com.google.android.music (protectionLevel=2 flags=0x8be65)
W/PackageManager(  152): Unknown permission com.android.providers.im.permission.READ_ONLY in package com.google.android.apps.maps
W/PackageManager(  152): Unknown permission android.permission.READ_EXTERNAL_STORAGE in package com.google.android.videoeditor
W/PackageManager(  152): Unknown permission com.google.android.apps.googlevoice.REMOTE_INTENT in package com.google.android.apps.googlevoice
W/PackageManager(  152): Unknown permission com.google.android.permission.RECEIVE_DATA_MESSAGE in package com.google.android.apps.googlevoice
W/PackageManager(  152): Unknown permission com.google.android.permission.SEND_DATA_MESSAGE in package com.google.android.apps.googlevoice
I/SystemServer(  152): Account Manager
I/SystemServer(  152): Content Manager
I/SystemServer(  152): System Content Providers
I/SystemServer(  152): Lights Service
I/SystemServer(  152): Battery Service
I/SystemServer(  152): Vibrator Service
I/SystemServer(  152): Alarm Manager
I/SystemServer(  152): Init Watchdog
I/SystemServer(  152): Window Manager
I/InputManager(  152): Initializing input manager
W/StatusBarManager(  152): warning: no STATUS_BAR_SERVICE
I/InputManager(  152): Starting input manager
I/SystemServer(  152): Bluetooth Service
I/SystemServer(  152): Input Method Service
W/InputManagerService(  152): Couldn't create dir.: /data/system/inputmethod
I/SystemServer(  152): Accessibility Manager
I/ActivityManager(  152): Config changed: {1.0 0mcc0mnc en_US layoutdir=0 sw320dp w320dp h508dp nrml long port ?uimode ?night finger -keyb/v/h -nav/h s.2}
I/SystemServer(  152): Device Policy
I/SystemServer(  152): Status Bar
I/SystemServer(  152): Clipboard Service
I/SystemServer(  152): NetworkManagement Service
I/SystemServer(  152): Text Service Manager Service
I/SystemServer(  152): NetworkStats Service
I/SystemServer(  152): NetworkPolicy Service
I/SystemServer(  152): Wi-Fi P2pService
I/SystemServer(  152): Wi-Fi Service
I/SystemServer(  152): Connectivity Service
D/ConnectivityService(  152): ConnectivityService starting up
E/ConnectivityService(  152): Ignoring protectedNetwork 10
E/ConnectivityService(  152): Ignoring protectedNetwork 11
E/ConnectivityService(  152): Ignoring protectedNetwork 12
E/MobileDataStateTracker(  152): default: Ignoring feature request because could not acquire PhoneService
E/MobileDataStateTracker(  152): default: Could not enable APN type "default"
D/NetworkManagementService(  152): Registering observer
D/NetworkManagementService(  152): Registering observer
I/WifiService(  152): WifiService starting up with Wi-Fi disabled
I/SystemServer(  152): Throttle Service
I/SystemServer(  152): Mount Service
D/MountService(  152): got storage path: /mnt/sdcard description: USB storage primary: true removable: false emulated: false mtpReserve: 0 allowMassStorage: true maxFileSize: 4294967296
I/SystemServer(  152): Notification Manager
I/SystemServer(  152): Device Storage Monitor
I/SystemServer(  152): Location Manager
I/SystemServer(  152): Country Detector
I/SystemServer(  152): Search Service
I/SystemServer(  152): DropBox Service
I/SystemServer(  152): Wallpaper Service
I/SystemServer(  152): Audio Service
D/VoldCmdListener(   72): volume list
D/MountService(  152): volume state changed for /mnt/sdcard (null -> unmounted)
I/SystemServer(  152): Dock Observer
I/SystemServer(  152): Wired Accessory Observer
I/SystemServer(  152): USB Service
I/SystemServer(  152): UI Mode Manager Service
I/SystemServer(  152): Backup Service
V/BackupManagerService(  152): Initializing package tracking
V/BackupManagerService(  152): No ancestral data
V/BackupManagerService(  152): addPackageParticipantsLocked: null
I/BackupManagerService(  152): New app android never backed up; scheduling
I/BackupManagerService(  152): New app com.android.nfc never backed up; scheduling
I/BackupManagerService(  152): New app com.android.providers.settings never backed up; scheduling
I/BackupManagerService(  152): New app com.android.providers.userdictionary never backed up; scheduling
I/BackupManagerService(  152): New app com.android.sharedstoragebackup never backed up; scheduling
I/BackupManagerService(  152): New app com.android.vending never backed up; scheduling
I/BackupManagerService(  152): New app com.google.android.browser never backed up; scheduling
I/BackupManagerService(  152): New app com.google.android.calendar never backed up; scheduling
I/BackupManagerService(  152): New app com.google.android.gm never backed up; scheduling
I/BackupManagerService(  152): New app com.google.android.inputmethod.latin never backed up; scheduling
I/BackupManagerService(  152): New app org.connectbot never backed up; scheduling
V/BackupManagerService(  152): Registering transport android/com.android.internal.backup.LocalTransport = com.android.internal.backup.LocalTransport@41430420
V/BackupManagerService(  152): Starting with transport com.google.android.backup/.BackupTransportService
V/BackupManagerService(  152): Binding to Google transport
I/BackupManagerService(  152): Found stale backup journal, scheduling
I/BackupManagerService(  152):   android
I/BackupManagerService(  152):   com.android.nfc
I/BackupManagerService(  152):   com.android.providers.settings
I/BackupManagerService(  152):   com.android.providers.userdictionary
I/BackupManagerService(  152):   com.android.sharedstoragebackup
I/BackupManagerService(  152):   com.android.vending
I/BackupManagerService(  152):   com.google.android.browser
I/BackupManagerService(  152):   com.google.android.calendar
I/BackupManagerService(  152):   com.google.android.gm
I/BackupManagerService(  152):   com.google.android.inputmethod.latin
I/BackupManagerService(  152):   org.connectbot
I/BackupManagerService(  152): Backup enabled => false
I/BackupManagerService(  152): Opting out of backup
I/SystemServer(  152): AppWidget Service
I/SystemServer(  152): Recognition Service
I/SystemServer(  152): DiskStats Service
I/SystemServer(  152): SamplingProfiler Service
I/SystemServer(  152): NetworkTimeUpdateService
D/PowerManagerService(  152): system ready!
I/ActivityManager(  152): System now ready
I/SystemServer(  152): Making services ready
D/SystemServer(  152): Starting service: Intent { cmp=com.android.systemui/.SystemUIService }
I/ActivityManager(  152): Start proc com.android.systemui for service com.android.systemui/.SystemUIService: pid=218 uid=1000 gids={1015, 3002, 3001, 3003, 3007}
D/NetworkManagementService(  152): enabling bandwidth control
D/SystemUIService(  218): loading: class com.android.systemui.statusbar.phone.PhoneStatusBar
D/SystemUIService(  218): running: com.android.systemui.statusbar.phone.PhoneStatusBar@4132c238
D/NetworkManagementService(  152): Registering observer
D/NetworkManagementService(  152): Registering observer
I/ActivityManager(  152): Config changed: {1.0 0mcc0mnc en_US layoutdir=0 sw320dp w320dp h508dp nrml long port finger -keyb/v/h -nav/h s.3}
I/ActivityManager(  152): Start proc android.process.media for broadcast com.android.providers.media/.UsbReceiver: pid=265 uid=10014 gids={1015, 1023, 1024, 2001, 3003, 3007}
I/StatusBarManagerService(  152): registerStatusBar bar=com.android.internal.statusbar.IStatusBar$Stub$Proxy@41416768
D/PhoneStatusBar(  218): disable: < expand icons alerts ticker system_info BACK* HOME* RECENT* CLOCK* >
D/StorageNotification(  218): Startup with UMS connection false (media state unmounted)
D/SystemUIService(  218): loading: class com.android.systemui.power.PowerUI
D/SystemUIService(  218): running: com.android.systemui.power.PowerUI@41310ff8
I/StorageNotification(  218): UMS connection changed to false (media state unmounted)
I/ActivityManager(  152): Start proc com.android.wallpaper for service com.android.wallpaper/.nexus.NexusWallpaper: pid=280 uid=10030 gids={1006}
W/InputManagerService(  152): Ignoring setImeWindowStatus of uid 1000 token: null
D/WifiService(  152): New client listening to asynchronous messages
I/ActivityManager(  152): Start proc com.google.android.inputmethod.latin for service com.google.android.inputmethod.latin/com.android.inputmethod.latin.LatinIME: pid=291 uid=10028 gids={}
D/NetworkManagementService(  152): Registering observer
W/ThrottleService(  152): unable to find stats for iface rmnet0
I/ActivityManager(  152): Start proc com.android.phone for added application com.android.phone: pid=311 uid=1001 gids={3002, 3001, 3003, 1015}
I/ActivityManager(  152): Start proc com.android.nfc for added application com.android.nfc: pid=325 uid=1027 gids={3002, 3001}
I/ActivityManager(  152): START {act=android.intent.action.MAIN cat=[android.intent.category.HOME] flg=0x10000000 cmp=com.android.launcher/com.android.launcher2.Launcher} from pid 0
I/ActivityManager(  152): Start proc com.android.launcher for activity com.android.launcher/com.android.launcher2.Launcher: pid=341 uid=10029 gids={}
W/ActivityManager(  152): Unable to start service Intent { act=com.android.internal.telephony.IWapPushManager }: not found
I/ActivityManager(  152): Start proc com.google.android.inputmethod.latin.dictionarypack for content provider com.google.android.inputmethod.latin.dictionarypack/.DictionaryProvider: pid=379 uid=10027 gids={3003, 1015}
I/ActivityManager(  152): Start proc android.process.acore for content provider com.android.providers.userdictionary/.UserDictionaryProvider: pid=396 uid=10000 gids={3003, 1015}
W/ActivityManager(  152): Unable to start service Intent { act=com.android.ussd.IExtendedNetworkService }: not found
I/ActivityManager(  152): Start proc com.google.process.gapps for service com.google.android.location/.NetworkLocationService: pid=453 uid=10011 gids={3003, 1015, 1007, 2001, 3006}
I/ActivityManager(  152): Start proc com.android.settings for broadcast com.android.settings/.widget.SettingsAppWidgetProvider: pid=467 uid=1000 gids={1015, 3002, 3001, 3003, 3007}
I/StorageNotification(  218): UMS connection changed to false (media state unmounted)
V/BackupManagerService(  152): Connected to Google transport
V/BackupManagerService(  152): Registering transport com.google.android.backup/.BackupTransportService = com.google.android.backup.BackupTransportService$1@41675510
I/WifiService(  152): WifiService trying to set country code to us with persist set to true
I/ActivityManager(  152): Config changed: {1.0 310mcc260mnc en_US layoutdir=0 sw320dp w320dp h508dp nrml long port finger -keyb/v/h -nav/h s.4}
I/ActivityManager(  152): Start proc com.android.vending for broadcast com.android.vending/.MarketWidgetProvider: pid=494 uid=10043 gids={3003, 1015}
D/PowerManagerService(  152): bootCompleted
V/DevicePolicyManagerService(  152): Sending password expiration notifications for action android.intent.action.BOOT_COMPLETED
D/VoldCmdListener(   72): volume mount /mnt/sdcard
I/Vold    (   72): /dev/block/vold/179:3 being considered for volume sdcard
D/Vold    (   72): Volume sdcard state changing 1 (Idle-Unmounted) -> 3 (Checking)
D/MountService(  152): volume state changed for /mnt/sdcard (unmounted -> checking)
I/StorageNotification(  218): Media {/mnt/sdcard} state changed from {unmounted} -> {checking}
D/MountService(  152): sendStorageIntent Intent { act=android.intent.action.MEDIA_CHECKING dat=file:///mnt/sdcard (has extras) }
V/WiredAccessoryObserver(  152): init()
W/WiredAccessoryObserver(  152): This kernel does not have wired headset support
W/WiredAccessoryObserver(  152): This kernel does not have wired headset support
I/ActivityManager(  152): Start proc com.google.android.deskclock for broadcast com.google.android.deskclock/com.android.alarmclock.AnalogAppWidgetProvider: pid=552 uid=10013 gids={}
I/ActivityManager(  152): Start proc com.android.contacts for broadcast com.android.contacts/.calllog.CallLogReceiver: pid=565 uid=10000 gids={3003, 1015}
I/ActivityManager(  152): Start proc com.android.providers.calendar for broadcast com.android.providers.calendar/.CalendarReceiver: pid=583 uid=10007 gids={3003, 1015}
I/ActivityManager(  152): Start proc com.google.android.email for broadcast com.google.android.email/com.android.email.service.EmailBroadcastReceiver: pid=600 uid=10015 gids={3003, 1015}
I/ActivityManager(  152): Start proc com.google.android.exchange for service com.google.android.exchange/com.android.exchange.ExchangeService: pid=615 uid=10016 gids={3003, 1015}
I/ActivityManager(  152): Start proc com.google.android.apps.genie.geniewidget for broadcast com.google.android.apps.genie.geniewidget/.miniwidget.MiniWidgetProvider: pid=631 uid=10018 gids={3003, 1015}
I/ActivityManager(  152): Start proc com.google.android.gm for broadcast com.google.android.gm/.MailIntentReceiver: pid=655 uid=10019 gids={3003, 1015}
I/ActivityManager(  152): Start proc com.google.android.partnersetup for broadcast com.google.android.partnersetup/.GooglePartnerSetup: pid=671 uid=10022 gids={3003}
I/ActivityManager(  152): Start proc com.google.android.gsf.login for service com.google.android.gsf.login/com.google.android.gsf.loginservice.GoogleLoginService: pid=688 uid=10011 gids={3003, 1015, 1007, 2001, 3006}
I/ActivityManager(  152): Start proc com.google.android.apps.maps:FriendService for broadcast com.google.android.apps.maps/com.google.googlenav.friend.android.ServiceReceiver: pid=715 uid=10032 gids={3003, 1015}
I/ActivityManager(  152): START {flg=0x10000000 cmp=com.google.android.gsf/.update.SystemUpdateInstallDialog} from pid 453
I/ActivityManager(  152): START {flg=0x10000000 cmp=com.google.android.gsf/.update.SystemUpdateDownloadDialog} from pid 453
I/ActivityManager(  152): Start proc com.google.android.apps.maps:NetworkLocationService for service com.google.android.apps.maps/com.google.android.location.internal.server.NetworkLocationService: pid=740 uid=10032 gids={3003, 1015}
I/ActivityManager(  152): Start proc com.android.mms for broadcast com.android.mms/.transaction.MmsSystemEventReceiver: pid=753 uid=10036 gids={3003, 1015}
D/CountryDetectorService(  152): The first listener is added
W/ActivityManager(  152): Permission Denial: receiving Intent { act=android.intent.action.BOOT_COMPLETED flg=0x10 } to com.android.musicfx requires android.permission.RECEIVE_BOOT_COMPLETED due to sender null (uid 1000)
I/ActivityManager(  152): Start proc com.google.android.onetimeinitializer for broadcast com.google.android.onetimeinitializer/.OneTimeInitializerReceiver: pid=780 uid=10040 gids={}
I/ActivityManager(  152): Start proc com.google.android.talk for broadcast com.google.android.talk/.videochat.BootCompleteReceiver: pid=795 uid=10050 gids={3003, 1015, 1006, 3002}
D/ConnectivityService(  152): handleInetConditionChange: no active default network - ignore
I/ActivityManager(  152): Start proc com.google.android.videos for broadcast com.google.android.videos/com.google.android.youtube.videos.transfer.VideoDownloadService$BootReceiver: pid=819 uid=10053 gids={3003, 1015}
I/ActivityManager(  152): No longer want com.google.android.inputmethod.latin.dictionarypack (pid 379): hidden #16
I/ActivityManager(  152): No longer want com.android.vending (pid 494): hidden #16
I/ActivityManager(  152): Start proc com.android.voicedialer for broadcast com.android.voicedialer/.VoiceDialerReceiver: pid=855 uid=10055 gids={3002}
I/ActivityManager(  152): No longer want com.android.settings (pid 467): hidden #16
W/ActivityManager(  152): Permission Denial: receiving Intent { act=android.intent.action.BOOT_COMPLETED flg=0x10 } to com.google.android.youtube requires android.permission.RECEIVE_BOOT_COMPLETED due to sender null (uid 1000)
I/ActivityManager(  152): No longer want com.android.contacts (pid 565): hidden #16
W/ActivityManager(  152): Permission Denial: receiving Intent { act=android.intent.action.BOOT_COMPLETED flg=0x10 } to com.google.android.youtube requires android.permission.RECEIVE_BOOT_COMPLETED due to sender null (uid 1000)
I/ActivityManager(  152): Start proc com.google.android.apps.googlevoice for broadcast com.google.android.apps.googlevoice/.BootUpReceiver: pid=868 uid=10058 gids={3003, 1015}
I/ActivityManager(  152): Start proc com.android.settings for broadcast com.android.settings/.widget.SettingsAppWidgetProvider: pid=884 uid=1000 gids={1015, 3002, 3001, 3003, 3007}
I/ActivityManager(  152): No longer want com.google.android.apps.genie.geniewidget (pid 631): hidden #16
I/ActivityManager(  152): Start proc com.android.vending for broadcast com.android.vending/.MarketWidgetProvider: pid=898 uid=10043 gids={3003, 1015}
I/ActivityManager(  152): No longer want com.google.android.exchange (pid 615): hidden #16
I/ActivityManager(  152): No longer want com.google.android.gm (pid 655): hidden #16
I/ActivityManager(  152): No longer want com.google.android.partnersetup (pid 671): hidden #16
I/ActivityManager(  152): Start proc com.google.android.gm for broadcast com.google.android.gm/.MailIntentReceiver: pid=928 uid=10019 gids={3003, 1015}
I/ActivityManager(  152): Start proc com.google.android.apps.maps:LocationFriendService for broadcast com.google.android.apps.maps/com.google.googlenav.friend.reporting.LocationReportingIntentReceiver: pid=943 uid=10032 gids={3003, 1015}
I/ActivityManager(  152): No longer want com.google.android.gsf.login (pid 688): hidden #16
D/ConnectivityService(  152): ConnectivityChange for mobile: CONNECTED/CONNECTED
I/ActivityManager(  152): Start proc com.google.android.calendar for broadcast com.google.android.calendar/com.android.calendar.widget.CalendarAppWidgetService$CalendarFactory: pid=960 uid=10006 gids={3003}
I/ActivityManager(  152): No longer want com.google.android.apps.maps:FriendService (pid 715): hidden #16
I/ActivityManager(  152): Start proc com.google.android.apps.maps:FriendService for broadcast com.google.android.apps.maps/com.google.googlenav.friend.android.ServiceReceiver: pid=977 uid=10032 gids={3003, 1015}
I/ActivityManager(  152): No longer want com.google.android.email (pid 600): hidden #16
I/ActivityManager(  152): Start proc com.google.android.music:main for broadcast com.google.android.music/.store.MediaStoreImportService$Receiver: pid=992 uid=10037 gids={3003, 1015}
I/ActivityManager(  152): No longer want android.process.acore (pid 396): hidden #16
I/ActivityManager(  152): No longer want com.android.mms (pid 753): hidden #16
D/CountryDetectorService(  152): No listener is left
I/Vold    (   72): Filesystem check completed OK
I/Vold    (   72): Device /dev/block/vold/179:3, target /mnt/sdcard mounted @ /mnt/secure/staging
D/Vold    (   72): Volume sdcard state changing 3 (Checking) -> 4 (Mounted)
D/MountService(  152): volume state changed for /mnt/sdcard (checking -> mounted)
I/StorageNotification(  218): Media {/mnt/sdcard} state changed from {checking} -> {mounted}
D/MountService(  152): sendStorageIntent Intent { act=android.intent.action.MEDIA_MOUNTED dat=file:///mnt/sdcard (has extras) }
I/ActivityManager(  152): Start proc com.google.android.apps.uploader for broadcast com.google.android.apps.uploader/.ConnectivityBroadcastReceiver: pid=1010 uid=10034 gids={3003}
D/VoldCmdListener(   72): asec list
W/PackageManager(  152): Not granting permission android.permission.SEND_DOWNLOAD_COMPLETED_INTENTS to package com.google.android.browser (protectionLevel=2 flags=0x9be45)
W/PackageManager(  152): Unknown permission com.android.vending.permission.UPDATE_MARKET_FAILURE in package com.android.vending.updater
W/PackageManager(  152): Unknown permission android.permission.ADD_SYSTEM_SERVICE in package com.android.phone
W/PackageManager(  152): Unknown permission com.android.smspush.WAPPUSH_MANAGER_BIND in package com.android.phone
W/PackageManager(  152): Unknown permission com.android.vending.billing.IBillingAccountService.BIND2 in package com.google.android.gsf.login
W/PackageManager(  152): Not granting permission android.permission.DEVICE_POWER to package com.google.android.deskclock (protectionLevel=2 flags=0x8be45)
W/PackageManager(  152): Unknown permission android.permission.READ_OWNER_DATA in package com.google.android.setupwizard
W/PackageManager(  152): Unknown permission android.permission.WRITE_OWNER_DATA in package com.google.android.setupwizard
W/PackageManager(  152): Not granting permission com.google.android.gm.permission.READ_GMAIL to package com.google.android.apps.uploader (protectionLevel=2 flags=0x8be45)
W/PackageManager(  152): Unknown permission android.permission.READ_EXTERNAL_STORAGE in package com.android.vending
W/PackageManager(  152): Not granting permission android.permission.SEND_DOWNLOAD_COMPLETED_INTENTS to package com.android.vending (protectionLevel=2 flags=0xabec5)
W/PackageManager(  152): Not granting permission android.permission.ACCOUNT_MANAGER to package com.google.android.music (protectionLevel=2 flags=0x8be65)
W/PackageManager(  152): Unknown permission com.android.providers.im.permission.READ_ONLY in package com.google.android.apps.maps
W/PackageManager(  152): Unknown permission android.permission.READ_EXTERNAL_STORAGE in package com.google.android.videoeditor
W/PackageManager(  152): Unknown permission com.google.android.apps.googlevoice.REMOTE_INTENT in package com.google.android.apps.googlevoice
W/PackageManager(  152): Unknown permission com.google.android.permission.RECEIVE_DATA_MESSAGE in package com.google.android.apps.googlevoice
W/PackageManager(  152): Unknown permission com.google.android.permission.SEND_DATA_MESSAGE in package com.google.android.apps.googlevoice
I/ActivityManager(  152): Start proc com.google.android.apps.plus for broadcast com.google.android.apps.plus/.service.PackagesMediaMonitor: pid=1032 uid=10044 gids={3003, 1015, 1006}
I/ActivityManager(  152): No longer want com.google.android.onetimeinitializer (pid 780): hidden #16
I/ActivityManager(  152): No longer want com.google.android.videos (pid 819): hidden #16
D/ConnectivityService(  152): handleInetConditionHoldEnd: net=0, condition=100, published condition=0
D/ConnectivityService(  152): handleInetConditionHoldEnd: net=0, condition=0, published condition=100
D/NetworkPolicy(  152): applying policy NetworkPolicy[NetworkTemplate: matchRule=MOBILE_ALL, subscriberId=valid]: cycleDay=15, warningBytes=2147483648, limitBytes=-1, lastSnooze=-1 to ifaces [rmnet0]
D/PhoneStatusBar(  218): disable: < expand icons alerts ticker system_info BACK HOME recent* CLOCK >
D/PhoneStatusBar(  218): disable: < expand icons alerts ticker system_info back* home* recent clock* >
D/ConnectivityService(  152): handleInetConditionHoldEnd: net=0, condition=100, published condition=0
I/ActivityManager(  152): START {act=android.intent.action.MAIN cat=[android.intent.category.LAUNCHER] flg=0x10200000 cmp=net.szym.barnacle/.StatusActivity} from pid 341
I/ActivityManager(  152): Start proc net.szym.barnacle for activity net.szym.barnacle/.StatusActivity: pid=1072 uid=10065 gids={3003}
I/ActivityManager(  152): Start proc com.googlecode.android.wifi.tether for broadcast com.googlecode.android.wifi.tether/.WifiStateChangeReceiver: pid=1088 uid=10063 gids={3003, 3001, 3002, 1015}
I/ActivityManager(  152): No longer want com.android.voicedialer (pid 855): hidden #16
W/InputManagerService(  152): Starting input on non-focused client com.android.internal.view.IInputMethodClient$Stub$Proxy@416d6df8 (uid=10029 pid=341)
D/NetworkManagementService(  152): rsp <213 00:90:4c:11:22:33 0.0.0.0 0 [down broadcast multicast]>
D/NetworkManagementService(  152): flags <[down broadcast multicast]>
D/ConnectivityService(  152): ConnectivityChange for WIFI: DISCONNECTED/DISCONNECTED
D/ConnectivityService(  152): Attempting to switch to mobile
D/ConnectivityService(  152): Attempting to switch to BLUETOOTH_TETHER
D/NetworkPolicy(  152): applying policy NetworkPolicy[NetworkTemplate: matchRule=MOBILE_ALL, subscriberId=valid]: cycleDay=15, warningBytes=2147483648, limitBytes=-1, lastSnooze=-1 to ifaces [rmnet0]
D/NetworkPolicy(  152): applying policy NetworkPolicy[NetworkTemplate: matchRule=MOBILE_ALL, subscriberId=valid]: cycleDay=15, warningBytes=2147483648, limitBytes=-1, lastSnooze=-1 to ifaces [rmnet0]
D/NetlinkEvent(   75): Unexpected netlink message. type=0x11
E/ActivityManager(  152): Activity Manager Crash
E/ActivityManager(  152): java.lang.IllegalArgumentException: Unknown URI type: 7
E/ActivityManager(  152): 	at android.net.Uri$1.createFromParcel(Uri.java:1734)
E/ActivityManager(  152): 	at android.net.Uri$1.createFromParcel(Uri.java:1723)
E/ActivityManager(  152): 	at android.content.Intent.readFromParcel(Intent.java:6131)
E/ActivityManager(  152): 	at android.content.Intent.<init>(Intent.java:6126)
E/ActivityManager(  152): 	at android.content.Intent.readFromParcel(Intent.java:6153)
E/ActivityManager(  152): 	at android.content.Intent.<init>(Intent.java:6126)
E/ActivityManager(  152): 	at android.content.Intent$1.createFromParcel(Intent.java:6117)
E/ActivityManager(  152): 	at android.content.Intent$1.createFromParcel(Intent.java:6115)
E/ActivityManager(  152): 	at android.app.ActivityManagerNative.onTransact(ActivityManagerNative.java:298)
E/ActivityManager(  152): 	at com.android.server.am.ActivityManagerService.onTransact(ActivityManagerService.java:1545)
E/ActivityManager(  152): 	at android.os.Binder.execTransact(Binder.java:338)
E/ActivityManager(  152): 	at dalvik.system.NativeStart.run(Native Method)
D/ConnectivityService(  152): handleInetConditionHoldEnd: net=0, condition=100, published condition=100
D/ConnectivityService(  152): handleInetConditionHoldEnd: net=0, condition=0, published condition=100
D/ConnectivityService(  152): handleInetConditionHoldEnd: net=0, condition=100, published condition=0
D/ConnectivityService(  152): handleInetConditionHoldEnd: net=0, condition=0, published condition=100
D/PhoneStatusBar(  218): disable: < expand icons alerts ticker system_info back home RECENT* clock >
D/PhoneStatusBar(  218): disable: < expand icons alerts ticker system_info BACK* HOME* RECENT CLOCK* >
D/ConnectivityService(  152): handleInetConditionHoldEnd: net=0, condition=100, published condition=0
D/ConnectivityService(  152): handleInetConditionHoldEnd: net=0, condition=0, published condition=100
D/ConnectivityService(  152): handleInetConditionHoldEnd: net=0, condition=100, published condition=0
D/ConnectivityService(  152): handleInetConditionHoldEnd: net=0, condition=0, published condition=100
I/WindowManager(  152): Lock screen displayed!
D/PhoneStatusBar(  218): disable: < expand icons alerts ticker system_info BACK HOME recent* CLOCK >
W/InputManagerService(  152): Window already focused, ignoring focus gain of: com.android.internal.view.IInputMethodClient$Stub$Proxy@4169e6e0
D/PhoneStatusBar(  218): disable: < expand icons alerts ticker system_info back* home* recent clock* >
W/InputManagerService(  152): Starting input on non-focused client com.android.internal.view.IInputMethodClient$Stub$Proxy@41566490 (uid=10065 pid=1072)
I/ActivityManager(  152): No longer want com.google.android.apps.googlevoice (pid 868): hidden #16
D/ConnectivityService(  152): handleInetConditionHoldEnd: net=0, condition=100, published condition=0
D/ConnectivityService(  152): handleInetConditionHoldEnd: net=0, condition=0, published condition=100
D/ConnectivityService(  152): handleInetConditionHoldEnd: net=0, condition=100, published condition=0
D/ConnectivityService(  152): handleInetConditionHoldEnd: net=0, condition=0, published condition=100
D/ConnectivityService(  152): handleInetConditionHoldEnd: net=0, condition=100, published condition=0
D/ConnectivityService(  152): handleInetConditionHoldEnd: net=0, condition=0, published condition=100
D/ConnectivityService(  152): handleInetConditionHoldEnd: net=0, condition=100, published condition=0
D/ConnectivityService(  152): handleInetConditionHoldEnd: net=0, condition=0, published condition=100
I/ActivityManager(  152): START {act=android.intent.action.MAIN cat=[android.intent.category.LAUNCHER] flg=0x10200000 cmp=edu.mit.csail.diplomamatrix/.StatusActivity} from pid 341
I/ActivityManager(  152): Start proc edu.mit.csail.diplomamatrix for activity edu.mit.csail.diplomamatrix/.StatusActivity: pid=1181 uid=10067 gids={1006, 1015, 3003}
W/InputManagerService(  152): Starting input on non-focused client com.android.internal.view.IInputMethodClient$Stub$Proxy@416d6df8 (uid=10029 pid=341)
W/InputManagerService(  152): Starting input on non-focused client com.android.internal.view.IInputMethodClient$Stub$Proxy@41367948 (uid=10067 pid=1181)
I/ActivityManager(  152): No longer want com.google.android.deskclock (pid 552): hidden #16
I/WindowManager(  152): WIN DEATH: Window{4171c060 SurfaceView paused=false}
I/ActivityManager(  152): Process edu.mit.csail.diplomamatrix (pid 1181) has died.
I/WindowManager(  152): WIN DEATH: Window{41622f78 edu.mit.csail.diplomamatrix/edu.mit.csail.diplomamatrix.StatusActivity paused=false}
W/ActivityManager(  152): Activity destroy timeout for ActivityRecord{415dc9f0 edu.mit.csail.diplomamatrix/.StatusActivity}
I/ActivityManager(  152): START {act=android.intent.action.MAIN cat=[android.intent.category.LAUNCHER] flg=0x10200000 cmp=edu.mit.csail.diplomamatrix/.StatusActivity} from pid 341
I/ActivityManager(  152): Start proc edu.mit.csail.diplomamatrix for activity edu.mit.csail.diplomamatrix/.StatusActivity: pid=1220 uid=10067 gids={1006, 1015, 3003}
W/InputManagerService(  152): Starting input on non-focused client com.android.internal.view.IInputMethodClient$Stub$Proxy@416d6df8 (uid=10029 pid=341)
W/InputManagerService(  152): Starting input on non-focused client com.android.internal.view.IInputMethodClient$Stub$Proxy@41732790 (uid=10067 pid=1220)
I/WindowManager(  152): WIN DEATH: Window{416b2858 SurfaceView paused=false}
I/ActivityManager(  152): Process edu.mit.csail.diplomamatrix (pid 1220) has died.
I/WindowManager(  152): WIN DEATH: Window{415e6190 edu.mit.csail.diplomamatrix/edu.mit.csail.diplomamatrix.StatusActivity paused=false}
W/ActivityManager(  152): Activity destroy timeout for ActivityRecord{416c5dd0 edu.mit.csail.diplomamatrix/.StatusActivity}
W/InputManagerService(  152): Window already focused, ignoring focus gain of: com.android.internal.view.IInputMethodClient$Stub$Proxy@4168b5f8
D/ConnectivityService(  152): handleInetConditionHoldEnd: net=0, condition=100, published condition=0
D/ConnectivityService(  152): handleInetConditionHoldEnd: net=0, condition=0, published condition=100
D/ConnectivityService(  152): handleInetConditionHoldEnd: net=0, condition=100, published condition=0
D/ConnectivityService(  152): handleInetConditionHoldEnd: net=0, condition=0, published condition=100
D/ConnectivityService(  152): handleInetConditionHoldEnd: net=0, condition=100, published condition=0
D/ConnectivityService(  152): handleInetConditionHoldEnd: net=0, condition=0, published condition=100
I/ActivityManager(  152): START {act=android.intent.action.MAIN cat=[android.intent.category.LAUNCHER] flg=0x10200000 cmp=edu.mit.haoqili.camera_cloud/.CameraCloud bnds=[360,103][480,253]} from pid 341
I/ActivityManager(  152): Start proc edu.mit.haoqili.camera_cloud for activity edu.mit.haoqili.camera_cloud/.CameraCloud: pid=1267 uid=10066 gids={1006, 1015, 3003}
W/InputManagerService(  152): Starting input on non-focused client com.android.internal.view.IInputMethodClient$Stub$Proxy@41737530 (uid=10066 pid=1267)
I/WindowManager(  152): WIN DEATH: Window{41617158 SurfaceView paused=false}
I/ActivityManager(  152): Process edu.mit.haoqili.camera_cloud (pid 1267) has died.
I/WindowManager(  152): WIN DEATH: Window{415244e8 edu.mit.haoqili.camera_cloud/edu.mit.haoqili.camera_cloud.CameraCloud paused=false}
I/WindowManager(  152): WINDOW DIED Window{415244e8 edu.mit.haoqili.camera_cloud/edu.mit.haoqili.camera_cloud.CameraCloud paused=false}
D/ConnectivityService(  152): handleInetConditionHoldEnd: net=0, condition=100, published condition=0
I/ActivityManager(  152): START {act=android.intent.action.MAIN cat=[android.intent.category.LAUNCHER] flg=0x10200000 cmp=edu.mit.csail.diplomamatrix/.StatusActivity} from pid 341
I/ActivityManager(  152): Start proc edu.mit.csail.diplomamatrix for activity edu.mit.csail.diplomamatrix/.StatusActivity: pid=1302 uid=10067 gids={1006, 1015, 3003}
D/ConnectivityService(  152): handleInetConditionHoldEnd: net=0, condition=0, published condition=100
W/ActivityManager(  152): Activity destroy timeout for ActivityRecord{4171d380 edu.mit.haoqili.camera_cloud/.CameraCloud}
W/InputManagerService(  152): Starting input on non-focused client com.android.internal.view.IInputMethodClient$Stub$Proxy@416d6df8 (uid=10029 pid=341)
D/ConnectivityService(  152): handleInetConditionHoldEnd: net=0, condition=100, published condition=0
W/InputManagerService(  152): Window already focused, ignoring focus gain of: com.android.internal.view.IInputMethodClient$Stub$Proxy@4158dbc8
D/ConnectivityService(  152): handleInetConditionHoldEnd: net=0, condition=0, published condition=100
W/InputManagerService(  152): Window already focused, ignoring focus gain of: com.android.internal.view.IInputMethodClient$Stub$Proxy@41602e50
W/InputManagerService(  152): Window already focused, ignoring focus gain of: com.android.internal.view.IInputMethodClient$Stub$Proxy@416bfd00
W/InputManagerService(  152): Window already focused, ignoring focus gain of: com.android.internal.view.IInputMethodClient$Stub$Proxy@4169c518
D/ConnectivityService(  152): handleInetConditionHoldEnd: net=0, condition=100, published condition=0
D/ConnectivityService(  152): handleInetConditionHoldEnd: net=0, condition=0, published condition=100
W/InputManagerService(  152): Window already focused, ignoring focus gain of: com.android.internal.view.IInputMethodClient$Stub$Proxy@416e33f8
W/InputManagerService(  152): Window already focused, ignoring focus gain of: com.android.internal.view.IInputMethodClient$Stub$Proxy@4168ce68
D/ConnectivityService(  152): handleInetConditionHoldEnd: net=0, condition=100, published condition=0
W/InputManagerService(  152): Window already focused, ignoring focus gain of: com.android.internal.view.IInputMethodClient$Stub$Proxy@4155a8d8
D/ConnectivityService(  152): handleInetConditionHoldEnd: net=0, condition=0, published condition=100
W/InputManagerService(  152): Window already focused, ignoring focus gain of: com.android.internal.view.IInputMethodClient$Stub$Proxy@415b6290
W/InputManagerService(  152): Window already focused, ignoring focus gain of: com.android.internal.view.IInputMethodClient$Stub$Proxy@415fbeb8
--------- beginning of /dev/log/main
I/VNC:Cloud( 1302): Request executed: http://hermes5.csail.mit.edu:8212/take/4/0/5114/1333728334453/
I/VCoreDaemon( 1302): 1333728336784: cloud rejected leadership request or request failed, wait to retry
I/VCoreDaemon( 1302): 1333728336793: heard LEADER_REPLY from 5116
I/VCoreDaemon.java( 1302): inside stateTransition ......................................................................................
I/..... VCoreDaemon.java( 1302): targetState = NONLEADER
I/VCoreDaemon( 1302): 1333728336795: now NONLEADER (id=5114) following LEADER (id=5116) in (4,0)
I/..... VCoreDaemon.java( 1302): ends xxxxxxxxxxxxxxxxxxxxxxxxxxxxxxxxxxxxxxxxxxx
D/dalvikvm( 1302): GC_CONCURRENT freed 813K, 24% free 11488K/15111K, paused 2ms+2ms
I/StatusActivity( 1302): 1333728337436: .......... GPS onLocationChanged ...... 
I/VCoreDaemon( 1302): 1333728337437: Loc = Location[mProvider=gps,mTime=1333814738000,mLatitude=42.364623344645054,mLongitude=-71.10217582689364,mHasAltitude=true,mAltitude=-22.0,mHasSpeed=true,mSpeed=0.0,mHasBearing=true,mBearing=296.25674,mHasAccuracy=true,mAccuracy=10.0,mExtras=Bundle[mParcelledData.dataSize=4]] Previous Region = (4,0)
I/VCoreDaemon( 1302): 1333728337438: GPS x/long:-71.10217582689364, GPS y/lat: 42.364623344645054. Region width in x: 51.96152422706632
I/VCoreDaemon( 1302): 1333728337438: location PINPOINTS to region = 4.0, previous 4
I/VCoreDaemon( 1302): 1333728337448: stay at region 4
D/dalvikvm( 1302): GC_CONCURRENT freed 1290K, 28% free 10950K/15111K, paused 2ms+2ms
D/dalvikvm( 1302): GC_CONCURRENT freed 257K, 26% free 11323K/15111K, paused 2ms+2ms
I/NetworkThread( 1302): 1333728340739: Received UDP payload: 406
D/dalvikvm(  311): GC_CONCURRENT freed 424K, 6% free 9505K/10055K, paused 3ms+2ms
W/NetworkStats(  152): dropping UID delta from unknown iface: iface=wlan0 uid=10067 set=FOREGROUND tag=0x0 rxBytes=121603 rxPackets=86 txBytes=3396 txPackets=7 operations=0
I/NetworkThread( 1302): 1333728345742: Received UDP payload: 406
I/NetworkThread( 1302): 1333728349062: Received UDP payload: 406
I/NetworkThread( 1302): 1333728350740: Received UDP payload: 406
I/StatusActivity( 1302): 1333728352468: .......... GPS onLocationChanged ...... 
I/VCoreDaemon( 1302): 1333728352470: Loc = Location[mProvider=gps,mTime=1333814753000,mLatitude=42.364639340861,mLongitude=-71.1022081832909,mHasAltitude=true,mAltitude=-22.0,mHasSpeed=true,mSpeed=0.0,mHasBearing=true,mBearing=296.25674,mHasAccuracy=true,mAccuracy=10.0,mExtras=Bundle[mParcelledData.dataSize=4]] Previous Region = (4,0)
I/VCoreDaemon( 1302): 1333728352479: GPS x/long:-71.1022081832909, GPS y/lat: 42.364639340861. Region width in x: 51.96152422706632
I/VCoreDaemon( 1302): 1333728352480: location PINPOINTS to region = 4.0, previous 4
I/VCoreDaemon( 1302): 1333728352481: stay at region 4
D/dalvikvm( 1302): GC_CONCURRENT freed 813K, 26% free 11189K/15111K, paused 2ms+2ms
I/StatusActivity( 1302): 1333728353519: .......... GPS onLocationChanged ...... 
I/VCoreDaemon( 1302): 1333728353520: Loc = Location[mProvider=gps,mTime=1333814754000,mLatitude=42.364644419697214,mLongitude=-71.10224941414018,mHasAltitude=true,mAltitude=-21.0,mHasSpeed=true,mSpeed=0.0,mHasBearing=true,mBearing=329.04962,mHasAccuracy=true,mAccuracy=10.0,mExtras=Bundle[mParcelledData.dataSize=4]] Previous Region = (4,0)
I/VCoreDaemon( 1302): 1333728353520: GPS x/long:-71.10224941414018, GPS y/lat: 42.364644419697214. Region width in x: 51.96152422706632
I/VCoreDaemon( 1302): 1333728353520: location PINPOINTS to region = 4.0, previous 4
I/VCoreDaemon( 1302): 1333728353520: stay at region 4
D/dalvikvm(  152): GC_CONCURRENT freed 825K, 13% free 12665K/14471K, paused 5ms+28ms
D/dalvikvm( 1302): GC_CONCURRENT freed 636K, 26% free 11268K/15111K, paused 2ms+2ms
D/dalvikvm( 1302): GC_CONCURRENT freed 393K, 24% free 11602K/15111K, paused 2ms+3ms
I/NetworkThread( 1302): 1333728355743: Received UDP payload: 406
I/StatusActivity( 1302): 1333728358950: canPressButton = TRUE
I/StatusActivity( 1302): 1333728358951: areButtonsEnabled --> false
I/StatusActivity( 1302): 1333728358951: disabling buttons ...
I/StatusActivity( 1302): 1333728358952: took picture disableButtonsR
I/StatusActivity( 1302): 1333728358953: areButtonsEnabled --> false
D/AudioHardware(   81): AudioHardware pcm playback is exiting standby.
D/AudioHardware(   81): openPcmOut_l() mPcmOpenCnt: 0
I/StatusActivity( 1302): 1333728359009: takeNum=4 takeCamGood=3 takeGoodSave=3 takeBad=0 takeTimedout=0 getNum=6 getGood=3 getBad=0 getTimedout=3
I/StatusActivity( 1302): 1333728359009: ** Clicked take picture button **
I/CameraSurfaceView( 1302): inside getCamera()
I/CameraHardwareSec(   81): int android::CameraHardwareSec::previewThreadWrapper(): calling mSecCamera->stopPreview() and waiting
I/SecCamera(   81): int android::fimc_v4l2_querybuf(int, android::fimc_buffer*, v4l2_buf_type) :
I/SecCamera(   81): int android::fimc_v4l2_querybuf(int, android::fimc_buffer*, v4l2_buf_type): buffer->start = 0x43c9b000 v4l2_buf.length = 4261248
I/CameraHardwareSec(   81): == Camera Sensor Detect S5K4ECGX - Samsung LSI SOC 5M ==
D/JpegEncoder(   81): encode E
D/JpegEncoder(   81): encode X
D/SecCamera(   81): Shutter speed=4575 us, iso=50
D/SecCamera(   81): AV=3, TV=8, SV=4
D/JpegEncoder(   81): makeExif E
D/JpegEncoder(   81): makeExif X
I/SecCamera(   81): int android::SecCamera::endSnapshot() :
I/SecCamera(   81): munmap():virt. addr 0x43c9b000 size = 4261248
D/dalvikvm( 1302): GC_FOR_ALLOC freed 1891K, 32% free 10300K/15111K, paused 18ms
I/dalvikvm-heap( 1302): Grow heap (frag case) to 11.706MB for 1651159-byte allocation
D/dalvikvm( 1302): GC_CONCURRENT freed 7K, 22% free 11905K/15111K, paused 1ms+2ms
I/StatusActivity( 1302): 1333728359722: inside HandlePictureStorage onPictureTaken()
I/StatusActivity( 1302): 1333728359722: takeNum=4 takeCamGood=4 takeGoodSave=3 takeBad=0 takeTimedout=0 getNum=6 getGood=3 getBad=0 getTimedout=3
D/CameraHardwareSec(   81): mPreviewHeap(fd(24), size(518400), width(720), height(480))
I/CameraHardwareSec(   81): int android::CameraHardwareSec::previewThreadWrapper(): return from wait
I/StatusActivity( 1302): 1333728360078: Picture successfully taken, ORIG BYTE LENGTH = 1651143
D/dalvikvm( 1302): GC_EXPLICIT freed 2K, 22% free 11906K/15111K, paused 2ms+3ms
I/StatusActivity( 1302): 1333728360315: Our new height x width: 240 x 320
I/StatusActivity( 1302): 1333728360315: Show photo from handle my camera take
I/StatusActivity( 1302): 1333728360316: client making photo packet to send to leader for it to save
I/StatusActivity( 1302): 1333728360345: BYTE SIZE AFTER COMPRESSION: 4228
I/StatusActivity( 1302): 1333728360346: about to send my pic
I/StatusActivity( 1302): 1333728360346: I'm a nonleader sending my new photo packet to my leader
I/VCoreDaemon( 1302): 1333728360347: inside sendPacket(Packet p)
I/NetworkThread( 1302): 1333728360350: Sending UDP payload: 4835
I/StatusActivity( 1302): 1333728360354: end of client send picture method
D/dalvikvm( 1302): GC_CONCURRENT freed 1967K, 29% free 10861K/15111K, paused 2ms+13ms
I/NetworkThread( 1302): 1333728360493: Received UDP payload: 5199
I/Mux     ( 1302): 1333728360508: GOT CSM_Msg
I/NetworkThread( 1302): 1333728360520: Received UDP payload: 949
I/Mux     ( 1302): 1333728360527: GOT CSM_Msg
I/NetworkThread( 1302): 1333728360527: Received UDP payload: 602
I/Mux     ( 1302): 1333728360541: Inside mux Packet.SERVER_REPLY
I/Mux     ( 1302): 1333728360542: I have the photo requester id = 5114 about to display photo or receive upload ack
D/dalvikvm( 1302): GC_CONCURRENT freed 500K, 28% free 10881K/15111K, paused 2ms+2ms
I/StatusActivity( 1302): 1333728360607: inside Packet.CLIENT_UPLOAD_PHOTO_ACK
I/StatusActivity( 1302): 1333728360608: nonleader upload new photo latency = 260
I/StatusActivity( 1302): 1333728360627: = nonleader upload start 1333728360347 ~ stop 1333728360607
I/StatusActivity( 1302): 1333728360638: takeNum=4 takeCamGood=4 takeGoodSave=4 takeBad=0 takeTimedout=0 getNum=6 getGood=3 getBad=0 getTimedout=3
I/StatusActivity( 1302): 1333728360639: SUCCESS! Client now knows saving photo on its leader succeeded
I/StatusActivity( 1302): Inside _enableButtons
I/StatusActivity( 1302): areButtonsEnabled --> true
W/InputManagerService(  152): Window already focused, ignoring focus gain of: com.android.internal.view.IInputMethodClient$Stub$Proxy@414fe150
D/dalvikvm( 1302): GC_CONCURRENT freed 284K, 27% free 11099K/15111K, paused 2ms+5ms
I/StatusActivity( 1302): 1333728361476: .......... GPS onLocationChanged ...... 
I/VCoreDaemon( 1302): 1333728361477: Loc = Location[mProvider=gps,mTime=1333814762000,mLatitude=42.364634865894246,mLongitude=-71.10226108379408,mHasAltitude=true,mAltitude=-21.0,mHasSpeed=true,mSpeed=0.05671172,mHasBearing=true,mBearing=241.66226,mHasAccuracy=true,mAccuracy=10.0,mExtras=Bundle[mParcelledData.dataSize=4]] Previous Region = (4,0)
I/VCoreDaemon( 1302): 1333728361477: GPS x/long:-71.10226108379408, GPS y/lat: 42.364634865894246. Region width in x: 51.96152422706632
I/VCoreDaemon( 1302): 1333728361478: location PINPOINTS to region = 4.0, previous 4
I/VCoreDaemon( 1302): 1333728361478: stay at region 4
D/dalvikvm( 1302): GC_FOR_ALLOC freed 659K, 28% free 11000K/15111K, paused 29ms
D/AudioHardware(   81): AudioHardware pcm playback is going to standby.
D/AudioHardware(   81): closePcmOut_l() mPcmOpenCnt: 1
I/NetworkThread( 1302): 1333728363092: Received UDP payload: 406
I/StatusActivity( 1302): 1333728365447: .......... GPS onLocationChanged ...... 
I/VCoreDaemon( 1302): 1333728365449: Loc = Location[mProvider=gps,mTime=1333814766000,mLatitude=42.364643488548666,mLongitude=-71.10227368115868,mHasAltitude=true,mAltitude=-22.0,mHasSpeed=true,mSpeed=0.13570987,mHasBearing=true,mBearing=336.70422,mHasAccuracy=true,mAccuracy=5.0,mExtras=Bundle[mParcelledData.dataSize=4]] Previous Region = (4,0)
I/VCoreDaemon( 1302): 1333728365449: GPS x/long:-71.10227368115868, GPS y/lat: 42.364643488548666. Region width in x: 51.96152422706632
I/VCoreDaemon( 1302): 1333728365449: location PINPOINTS to region = 4.0, previous 4
I/VCoreDaemon( 1302): 1333728365449: stay at region 4
D/dalvikvm( 1302): GC_FOR_ALLOC freed 79K, 26% free 11276K/15111K, paused 30ms
D/dalvikvm( 1302): GC_CONCURRENT freed 708K, 26% free 11197K/15111K, paused 3ms+2ms
I/StatusActivity( 1302): 1333728368449: .......... GPS onLocationChanged ...... 
I/VCoreDaemon( 1302): 1333728368450: Loc = Location[mProvider=gps,mTime=1333814769000,mLatitude=42.36465271032683,mLongitude=-71.10228367410295,mHasAltitude=true,mAltitude=-18.0,mHasSpeed=true,mSpeed=0.27955317,mHasBearing=true,mBearing=299.9999,mHasAccuracy=true,mAccuracy=10.0,mExtras=Bundle[mParcelledData.dataSize=4]] Previous Region = (4,0)
I/VCoreDaemon( 1302): 1333728368450: GPS x/long:-71.10228367410295, GPS y/lat: 42.36465271032683. Region width in x: 51.96152422706632
I/VCoreDaemon( 1302): 1333728368450: location PINPOINTS to region = 4.0, previous 4
I/VCoreDaemon( 1302): 1333728368451: stay at region 4
D/dalvikvm( 1302): GC_CONCURRENT freed 636K, 26% free 11277K/15111K, paused 2ms+2ms
D/dalvikvm( 1302): GC_CONCURRENT freed 393K, 24% free 11611K/15111K, paused 2ms+3ms
I/StatusActivity( 1302): 1333728370506: .......... GPS onLocationChanged ...... 
I/VCoreDaemon( 1302): 1333728370507: Loc = Location[mProvider=gps,mTime=1333814771000,mLatitude=42.364667778631215,mLongitude=-71.1022890155758,mHasAltitude=true,mAltitude=-20.0,mHasSpeed=true,mSpeed=0.38857818,mHasBearing=true,mBearing=320.74203,mHasAccuracy=true,mAccuracy=5.0,mExtras=Bundle[mParcelledData.dataSize=4]] Previous Region = (4,0)
I/VCoreDaemon( 1302): 1333728370507: GPS x/long:-71.1022890155758, GPS y/lat: 42.364667778631215. Region width in x: 51.96152422706632
I/VCoreDaemon( 1302): 1333728370507: location PINPOINTS to region = 4.0, previous 4
I/VCoreDaemon( 1302): 1333728370508: stay at region 4
D/dalvikvm( 1302): GC_CONCURRENT freed 873K, 24% free 11516K/15111K, paused 1ms+2ms
I/StatusActivity( 1302): 1333728371449: .......... GPS onLocationChanged ...... 
I/VCoreDaemon( 1302): 1333728371450: Loc = Location[mProvider=gps,mTime=1333814772000,mLatitude=42.364677163838856,mLongitude=-71.10229860268797,mHasAltitude=true,mAltitude=-22.0,mHasSpeed=true,mSpeed=0.4403946,mHasBearing=true,mBearing=313.75052,mHasAccuracy=true,mAccuracy=5.0,mExtras=Bundle[mParcelledData.dataSize=4]] Previous Region = (4,0)
I/VCoreDaemon( 1302): 1333728371450: GPS x/long:-71.10229860268797, GPS y/lat: 42.364677163838856. Region width in x: 51.96152422706632
