D/dalvikvm(  218): GC_CONCURRENT freed 389K, 13% free 9966K/11335K, paused 1ms+4ms
I/EventLogService(  453): Aggregate from 1333863235591 (log), 1333863235591 (data)
I/ServiceDumpSys(  453): dumping service [account]
D/dalvikvm(  453): GC_FOR_ALLOC freed 322K, 8% free 9993K/10759K, paused 43ms
D/dalvikvm(  152): GC_CONCURRENT freed 1067K, 11% free 13767K/15367K, paused 3ms+5ms
I/SystemUpdateService(  453): starting download of http://android.clients.google.com/packages/ota/google_crespo/hR7QFEtn.zip
V/SystemUpdateService(  453): retry (wakeup: true) in 21599997 ms
I/SystemUpdate.Download(  453): Started a new update download: http://android.clients.google.com/packages/ota/google_crespo/hR7QFEtn.zip (id 20; allowMobile=false)
V/SystemUpdateService(  453): onPostExecute: false
I/DownloadManager(  265): Initiating request for download 20
W/DownloadManager(  265): Aborting request for download 20: no network connection available
D/dalvikvm(  265): GC_CONCURRENT freed 406K, 6% free 9320K/9863K, paused 2ms+3ms
I/DownloadManager(  265): Initiating request for download 21
W/DownloadManager(  265): Aborting request for download 21: no network connection available
I/EventLogService(  453): Aggregate from 1333865035798 (log), 1333865035798 (data)
I/ServiceDumpSys(  453): dumping service [account]
I/EventLogService(  453): Aggregate from 1333866835942 (log), 1333866835942 (data)
I/ServiceDumpSys(  453): dumping service [account]
I/EventLogService(  453): Aggregate from 1333868636098 (log), 1333868636098 (data)
I/ServiceDumpSys(  453): dumping service [account]
D/dalvikvm(  152): GC_CONCURRENT freed 1082K, 11% free 13769K/15367K, paused 2ms+9ms
I/EventLogService(  453): Aggregate from 1333870436224 (log), 1333870436224 (data)
D/dalvikvm(  453): GC_FOR_ALLOC freed 381K, 8% free 9994K/10759K, paused 17ms
I/ServiceDumpSys(  453): dumping service [account]
I/EventLogService(  453): Aggregate from 1333872236345 (log), 1333872236345 (data)
I/ServiceDumpSys(  453): dumping service [account]
I/EventLogService(  453): Aggregate from 1333874036497 (log), 1333874036497 (data)
I/ServiceDumpSys(  453): dumping service [account]
D/dalvikvm(  218): GC_CONCURRENT freed 390K, 13% free 9970K/11335K, paused 4ms+8ms
D/dalvikvm(  152): GC_CONCURRENT freed 1077K, 11% free 13769K/15367K, paused 4ms+5ms
I/EventLogService(  453): Aggregate from 1333875836626 (log), 1333875836626 (data)
I/ServiceDumpSys(  453): dumping service [account]
I/EventLogService(  453): Aggregate from 1333877636759 (log), 1333877636759 (data)
I/ServiceDumpSys(  453): dumping service [account]
D/dalvikvm(  453): GC_FOR_ALLOC freed 371K, 8% free 9991K/10759K, paused 37ms
D/dalvikvm( 1378): GC_CONCURRENT freed 432K, 6% free 10127K/10695K, paused 16ms+3ms
I/EventLogService(  453): Aggregate from 1333879436880 (log), 1333879436880 (data)
I/ServiceDumpSys(  453): dumping service [account]
D/dalvikvm(  152): GC_CONCURRENT freed 1148K, 11% free 13772K/15367K, paused 2ms+6ms
I/EventLogService(  453): Aggregate from 1333881237021 (log), 1333881237021 (data)
I/ServiceDumpSys(  453): dumping service [account]
I/EventLogService(  453): Aggregate from 1333883037153 (log), 1333883037153 (data)
I/ServiceDumpSys(  453): dumping service [account]
I/EventLogService(  453): Aggregate from 1333884837286 (log), 1333884837286 (data)
I/ServiceDumpSys(  453): dumping service [account]
I/SystemUpdateService(  453): download in progress: [id: 20 compl: false succ: false bytes: 0 reason: 0 fn: null]
I/SystemUpdateService(  453): download took too long; will cancel and retry
D/dalvikvm(  453): GC_FOR_ALLOC freed 376K, 8% free 9994K/10759K, paused 18ms
V/SystemUpdateService(  453): retry (wakeup: true) in 449891 ms
V/SystemUpdateService(  453): onPostExecute: false
I/SystemUpdateService(  453): starting download of http://android.clients.google.com/packages/ota/google_crespo/hR7QFEtn.zip
V/SystemUpdateService(  453): retry (wakeup: true) in 21599998 ms
I/SystemUpdate.Download(  453): Started a new update download: http://android.clients.google.com/packages/ota/google_crespo/hR7QFEtn.zip (id 22; allowMobile=false)
V/SystemUpdateService(  453): onPostExecute: false
I/DownloadManager(  265): Initiating request for download 22
W/DownloadManager(  265): Aborting request for download 22: no network connection available
D/dalvikvm(  152): GC_CONCURRENT freed 1097K, 11% free 13766K/15367K, paused 3ms+5ms
I/EventLogService(  453): Aggregate from 1333886637436 (log), 1333886637436 (data)
I/ServiceDumpSys(  453): dumping service [account]
D/dalvikvm(  218): GC_CONCURRENT freed 395K, 13% free 9970K/11335K, paused 3ms+5ms
I/EventLogService(  453): Aggregate from 1333888437563 (log), 1333888437563 (data)
I/ServiceDumpSys(  453): dumping service [account]
D/dalvikvm(  453): GC_FOR_ALLOC freed 338K, 8% free 9990K/10759K, paused 18ms
D/dalvikvm(  152): GC_EXPLICIT freed 689K, 11% free 13743K/15367K, paused 13ms+5ms
I/EventLogService(  453): Aggregate from 1333890237681 (log), 1333890237681 (data)
I/ServiceDumpSys(  453): dumping service [account]
I/EventLogService(  453): Aggregate from 1333892037846 (log), 1333892037846 (data)
I/ServiceDumpSys(  453): dumping service [account]
I/EventLogService(  453): Aggregate from 1333893837959 (log), 1333893837959 (data)
I/ServiceDumpSys(  453): dumping service [account]
I/EventLogService(  453): Aggregate from 1333895638097 (log), 1333895638097 (data)
I/ServiceDumpSys(  453): dumping service [account]
D/dalvikvm(  152): GC_CONCURRENT freed 1045K, 11% free 13768K/15367K, paused 2ms+6ms
I/EventLogService(  453): Aggregate from 1333897438225 (log), 1333897438225 (data)
D/dalvikvm(  453): GC_CONCURRENT freed 377K, 7% free 10008K/10759K, paused 2ms+2ms
I/ServiceDumpSys(  453): dumping service [account]
D/Finsky  (  898): [1] UpdateCheckReceiver.updateCheckIfNecessary: Force checking for available updates.
D/Finsky  (  898): [1] UpdatesAvailableReceiver.onReceive: Received updates available notification
E/Finsky  (  898): [1] UpdatesAvailableReceiver.onReceive: Could not set up current account / dfe api when receiving an updates available broadcast.
D/dalvikvm(  218): GC_CONCURRENT freed 398K, 13% free 9966K/11335K, paused 2ms+4ms
I/EventLogService(  453): Aggregate from 1333899238369 (log), 1333899238369 (data)
I/ServiceDumpSys(  453): dumping service [account]
I/EventLogService(  453): Aggregate from 1333901038523 (log), 1333901038523 (data)
I/ServiceDumpSys(  453): dumping service [account]
D/dalvikvm(  152): GC_CONCURRENT freed 1115K, 11% free 13780K/15367K, paused 3ms+6ms
I/EventLogService(  453): Aggregate from 1333902838653 (log), 1333902838653 (data)
I/ServiceDumpSys(  453): dumping service [account]
I/EventLogService(  453): Aggregate from 1333904638774 (log), 1333904638774 (data)
I/ServiceDumpSys(  453): dumping service [account]
D/dalvikvm(  453): GC_FOR_ALLOC freed 400K, 8% free 9992K/10759K, paused 21ms
D/dalvikvm(  453): GC_CONCURRENT freed 16K, 8% free 10001K/10759K, paused 2ms+3ms
D/dalvikvm(  311): GC_CONCURRENT freed 429K, 6% free 9490K/10055K, paused 2ms+18ms
I/EventLogService(  453): Aggregate from 1333906438894 (log), 1333906438894 (data)
I/ServiceDumpSys(  453): dumping service [account]
I/SystemUpdateService(  453): download in progress: [id: 22 compl: false succ: false bytes: 0 reason: 0 fn: null]
I/SystemUpdateService(  453): download took too long; will cancel and retry
V/SystemUpdateService(  453): retry (wakeup: true) in 509895 ms
V/SystemUpdateService(  453): onPostExecute: false
D/dalvikvm(  152): GC_CONCURRENT freed 1070K, 11% free 13775K/15367K, paused 2ms+5ms
I/SystemUpdateService(  453): starting download of http://android.clients.google.com/packages/ota/google_crespo/hR7QFEtn.zip
V/SystemUpdateService(  453): retry (wakeup: true) in 21599998 ms
I/SystemUpdate.Download(  453): Started a new update download: http://android.clients.google.com/packages/ota/google_crespo/hR7QFEtn.zip (id 23; allowMobile=false)
V/SystemUpdateService(  453): onPostExecute: false
I/DownloadManager(  265): Initiating request for download 23
W/DownloadManager(  265): Aborting request for download 23: no network connection available
I/EventLogService(  453): Aggregate from 1333908239017 (log), 1333908239017 (data)
D/dalvikvm(  453): GC_FOR_ALLOC freed 334K, 8% free 9992K/10759K, paused 17ms
I/ServiceDumpSys(  453): dumping service [account]
I/EventLogService(  453): Aggregate from 1333910039142 (log), 1333910039142 (data)
I/ServiceDumpSys(  453): dumping service [account]
D/dalvikvm(  218): GC_CONCURRENT freed 394K, 13% free 9971K/11335K, paused 1ms+3ms
I/EventLogService(  453): Aggregate from 1333911839322 (log), 1333911839322 (data)
I/ServiceDumpSys(  453): dumping service [account]
D/dalvikvm(  152): GC_CONCURRENT freed 1056K, 11% free 13789K/15367K, paused 2ms+5ms
I/EventLogService(  453): Aggregate from 1333913639442 (log), 1333913639442 (data)
I/ServiceDumpSys(  453): dumping service [account]
I/EventLogService(  453): Aggregate from 1333915439572 (log), 1333915439572 (data)
I/ServiceDumpSys(  453): dumping service [account]
D/dalvikvm(  453): GC_FOR_ALLOC freed 383K, 8% free 9993K/10759K, paused 21ms
D/dalvikvm(  453): GC_CONCURRENT freed 16K, 8% free 10002K/10759K, paused 2ms+2ms
D/dalvikvm(  453): GC_EXPLICIT freed 24K, 8% free 9977K/10759K, paused 2ms+3ms
I/EventLogService(  453): Aggregate from 1333917239696 (log), 1333917239696 (data)
I/ServiceDumpSys(  453): dumping service [account]
D/dalvikvm(  152): GC_CONCURRENT freed 1197K, 11% free 13785K/15367K, paused 2ms+6ms
I/EventLogService(  453): Aggregate from 1333919039823 (log), 1333919039823 (data)
I/ServiceDumpSys(  453): dumping service [account]
I/EventLogService(  453): Aggregate from 1333920839951 (log), 1333920839951 (data)
I/ServiceDumpSys(  453): dumping service [account]
D/dalvikvm(  218): GC_CONCURRENT freed 391K, 13% free 9971K/11335K, paused 2ms+6ms
I/EventLogService(  453): Aggregate from 1333922640080 (log), 1333922640080 (data)
I/ServiceDumpSys(  453): dumping service [account]
I/power   (  152): *** set_screen_state 1
I/WindowManager(  152): Lock screen displayed!
W/PowerUI (  218): unknown intent: Intent { act=android.intent.action.ACTION_POWER_CONNECTED flg=0x10000010 }
D/PicasaSyncManager( 1032): battery info: true
D/SurfaceFlinger(   78): Screen about to return, flinger = 0xa70918
I/StorageNotification(  218): UMS connection changed to true (media state mounted)
I/StorageNotification(  218): UMS connection changed to true (media state mounted)
D/dalvikvm(  218): GC_CONCURRENT freed 238K, 11% free 10192K/11335K, paused 1ms+22ms
D/dalvikvm(  218): GC_CONCURRENT freed 420K, 11% free 10171K/11335K, paused 2ms+3ms
D/dalvikvm(  265): GC_CONCURRENT freed 418K, 6% free 9308K/9863K, paused 2ms+67ms
D/dalvikvm(  218): GC_FOR_ALLOC freed 336K, 11% free 10174K/11335K, paused 34ms
I/power   (  152): *** set_screen_state 0
D/SurfaceFlinger(   78): About to give-up screen, flinger = 0xa70918
D/dalvikvm(  152): GC_CONCURRENT freed 1189K, 11% free 13789K/15367K, paused 13ms+6ms
I/UsageStats(  152): Deleting usage file : usage-20120219
D/dalvikvm(  152): GC_FOR_ALLOC freed 129K, 10% free 13954K/15367K, paused 45ms
I/dalvikvm-heap(  152): Grow heap (frag case) to 13.804MB for 104992-byte allocation
D/dalvikvm(  152): GC_FOR_ALLOC freed 4K, 10% free 14052K/15495K, paused 39ms
D/dalvikvm(  152): GC_FOR_ALLOC freed <1K, 10% free 14053K/15495K, paused 39ms
I/dalvikvm-heap(  152): Grow heap (frag case) to 13.900MB for 104992-byte allocation
D/dalvikvm(  152): GC_FOR_ALLOC freed <1K, 10% free 14155K/15623K, paused 39ms
V/TransportControlView(  152): Create TCV com.android.internal.widget.TransportControlView@413231e0
I/power   (  152): *** set_screen_state 1
I/WindowManager(  152): Lock screen displayed!
D/SurfaceFlinger(   78): Screen about to return, flinger = 0xa70918
D/PhoneStatusBar(  218): disable: < expand icons alerts ticker system_info BACK HOME recent* CLOCK >
D/AudioHardware(   81): AudioHardware pcm playback is exiting standby.
D/AudioHardware(   81): openPcmOut_l() mPcmOpenCnt: 0
W/InputManagerService(  152): Window already focused, ignoring focus gain of: com.android.internal.view.IInputMethodClient$Stub$Proxy@4161f018
D/PhoneStatusBar(  218): disable: < expand icons alerts ticker system_info back* home* recent clock* >
I/ActivityManager(  152): START {flg=0x10000000 cmp=com.android.systemui/.usb.UsbStorageActivity bnds=[0,119][480,215]} from pid -1
D/dalvikvm(  152): GC_FOR_ALLOC freed 836K, 13% free 13694K/15623K, paused 51ms
W/KeyguardViewMediator(  152): verifyUnlock called when not externally disabled
D/OpenGLRenderer(  341): Flushing caches (mode 1)
D/dalvikvm(  218): GC_FOR_ALLOC freed 165K, 9% free 10351K/11335K, paused 23ms
D/VoldCmdListener(   72): volume shared /mnt/sdcard ums
D/OpenGLRenderer(  341): Flushing caches (mode 0)
D/libEGL  (  218): loaded /system/lib/egl/libGLES_android.so
D/libEGL  (  218): loaded /vendor/lib/egl/libEGL_POWERVR_SGX540_120.so
D/libEGL  (  218): loaded /vendor/lib/egl/libGLESv1_CM_POWERVR_SGX540_120.so
D/libEGL  (  218): loaded /vendor/lib/egl/libGLESv2_POWERVR_SGX540_120.so
D/OpenGLRenderer(  218): Enabling debug mode 0
I/ActivityManager(  152): Displayed com.android.systemui/.usb.UsbStorageActivity: +610ms
D/VoldCmdListener(   72): storage users /mnt/sdcard
I/dalvikvm(  218): Jit: resizing JitTable from 4096 to 8192
I/PackageManager(  152): Updating external media status from mounted to unmounted
D/VoldCmdListener(   72): asec list
I/PackageManager(  152): No secure containers on sdcard
W/InputManagerService(  152): Window already focused, ignoring focus gain of: com.android.internal.view.IInputMethodClient$Stub$Proxy@414e3190
D/dalvikvm(  218): GC_CONCURRENT freed 29K, 6% free 10707K/11335K, paused 4ms+3ms
D/VoldCmdListener(   72): storage users /mnt/sdcard
W/ActivityManager(  152): Killing processes unmount media at adjustment 9
W/ActivityManager(  152): Killing ProcessRecord{415e40d0 1378:com.google.android.apps.maps/10032} (adj 10): unmount media
D/VoldCmdListener(   72): storage users /mnt/sdcard
D/dalvikvm(  152): GC_EXPLICIT freed 1059K, 17% free 13051K/15623K, paused 3ms+9ms
I/PackageManager(  152): Updating external media status from unmounted to unmounted
D/VoldCmdListener(   72): volume unmount /mnt/sdcard force
D/Vold    (   72): Volume sdcard state changing 4 (Mounted) -> 5 (Unmounting)
D/MountService(  152): sendStorageIntent Intent { act=android.intent.action.MEDIA_EJECT dat=file:///mnt/sdcard (has extras) }
I/Vold    (   72): /mnt/secure/staging/.android_secure sucessfully unmounted
I/Vold    (   72): /mnt/secure/asec sucessfully unmounted
I/Vold    (   72): /mnt/secure/staging sucessfully unmounted
I/Vold    (   72): /mnt/sdcard unmounted sucessfully
D/Vold    (   72): Volume sdcard state changing 5 (Unmounting) -> 1 (Idle-Unmounted)
I/PackageManager(  152): Updating external media status from unmounted to unmounted
D/MountService(  152): volume state changed for /mnt/sdcard (mounted -> unmounted)
D/VoldCmdListener(   72): volume share /mnt/sdcard ums
D/Vold    (   72): Volume sdcard state changing 1 (Idle-Unmounted) -> 7 (Shared-Unmounted)
D/MountService(  152): sendStorageIntent Intent { act=android.intent.action.MEDIA_UNMOUNTED dat=file:///mnt/sdcard (has extras) }
D/MediaScannerReceiver(  265): action: android.intent.action.MEDIA_UNMOUNTED path: /mnt/sdcard
W/MountService(  152): Duplicate state transition (unmounted -> unmounted) for /mnt/sdcard
D/MediaScannerReceiver(  265): action: android.intent.action.MEDIA_UNMOUNTED path: /mnt/sdcard
D/MountService(  152): sendStorageIntent Intent { act=android.intent.action.MEDIA_UNMOUNTED dat=file:///mnt/sdcard (has extras) }
D/MountService(  152): volume state changed for /mnt/sdcard (unmounted -> shared)
I/StorageNotification(  218): Media {/mnt/sdcard} state changed from {mounted} -> {unmounted}
D/VoldCmdListener(   72): volume shared /mnt/sdcard ums
D/MountService(  152): sendStorageIntent Intent { act=android.intent.action.MEDIA_SHARED dat=file:///mnt/sdcard (has extras) }
D/dalvikvm(  218): GC_FOR_ALLOC freed 13K, 6% free 10700K/11335K, paused 17ms
I/dalvikvm-heap(  218): Grow heap (frag case) to 10.795MB for 291616-byte allocation
D/dalvikvm(  218): GC_FOR_ALLOC freed 2K, 6% free 10983K/11655K, paused 16ms
I/StorageNotification(  218): Media {/mnt/sdcard} state changed from {unmounted} -> {shared}
D/dalvikvm(  218): GC_FOR_ALLOC freed 469K, 10% free 10519K/11655K, paused 17ms
D/dalvikvm(  218): GC_CONCURRENT freed 191K, 8% free 10814K/11655K, paused 2ms+2ms
D/dalvikvm(  218): GC_FOR_ALLOC freed 10K, 8% free 10803K/11655K, paused 17ms
I/dalvikvm-heap(  218): Grow heap (frag case) to 10.793MB for 184336-byte allocation
D/dalvikvm(  218): GC_FOR_ALLOC freed 0K, 8% free 10983K/11847K, paused 16ms
D/dalvikvm(  218): GC_FOR_ALLOC freed 360K, 10% free 10736K/11847K, paused 19ms
D/dalvikvm(  218): GC_CONCURRENT freed 469K, 10% free 10778K/11847K, paused 3ms+2ms
D/VoldCmdListener(   72): volume unshare /mnt/sdcard ums
E/Vold    (   72): Unable to write to ums lunfile (Device or resource busy)
E/MountService(  152): Failed to share/unshare
E/MountService(  152): com.android.server.NativeDaemonConnectorException: Cmd {volume unshare /mnt/sdcard ums} failed with code 405 : {volume operation failed (Device or resource busy)}
E/MountService(  152): 	at com.android.server.NativeDaemonConnector.doCommandLocked(NativeDaemonConnector.java:281)
E/MountService(  152): 	at com.android.server.NativeDaemonConnector.doCommand(NativeDaemonConnector.java:241)
E/MountService(  152): 	at com.android.server.MountService.doShareUnshareVolume(MountService.java:567)
E/MountService(  152): 	at com.android.server.MountService.setUsbMassStorageEnabled(MountService.java:1332)
E/MountService(  152): 	at android.os.storage.IMountService$Stub.onTransact(IMountService.java:843)
E/MountService(  152): 	at android.os.Binder.execTransact(Binder.java:338)
E/MountService(  152): 	at dalvik.system.NativeStart.run(Native Method)
D/VoldCmdListener(   72): volume mount /mnt/sdcard
E/MountService(  152): Failed to remount /mnt/sdcard after disabling share method ums
D/AudioHardware(   81): AudioHardware pcm playback is going to standby.
D/AudioHardware(   81): closePcmOut_l() mPcmOpenCnt: 1
