D/ConnectivityService(  151): handleInetConditionHoldEnd: net=0, condition=0, published condition=100
D/dalvikvm(  151): GC_CONCURRENT freed 945K, 11% free 13251K/14791K, paused 17ms+5ms
I/StorageNotification(  218): UMS connection changed to false (media state mounted)
D/dalvikvm(  218): GC_FOR_ALLOC freed 555K, 10% free 10358K/11463K, paused 15ms
D/dalvikvm(  218): GC_FOR_ALLOC freed 394K, 10% free 10324K/11463K, paused 15ms
D/dalvikvm(  218): GC_CONCURRENT freed 517K, 11% free 10293K/11463K, paused 1ms+2ms
D/dalvikvm(  218): GC_CONCURRENT freed 514K, 11% free 10233K/11463K, paused 1ms+2ms
I/power   (  151): *** set_screen_state 1
D/PicasaSyncManager(  989): battery info: false
I/WindowManager(  151): Lock screen displayed!
D/SurfaceFlinger(   78): Screen about to return, flinger = 0x1cf0918
I/AudioService(  151):  AudioFocus  abandonAudioFocus() from android.media.AudioManager@41563aa0
D/PhoneStatusBar(  218): disable: < expand icons alerts ticker system_info back* home* RECENT clock* >
D/PhoneStatusBar(  218): disable: < expand icons alerts ticker system_info BACK* HOME* RECENT CLOCK* >
D/AlarmManagerService(  151): Kernel timezone updated to 240 minutes west of GMT
D/dalvikvm(  218): GC_CONCURRENT freed 535K, 12% free 10101K/11463K, paused 5ms+2ms
D/SystemClock(  314): Setting time of day to sec=1333730998
D/dalvikvm(  151): GC_EXPLICIT freed 648K, 12% free 13101K/14791K, paused 3ms+5ms
V/AlarmClock(  562): AlarmInitReceiver finished
D/dalvikvm(  457): GC_EXPLICIT freed 337K, 7% free 10019K/10695K, paused 2ms+3ms
I/GTalkService/c(  457): [AndroidEndpoint@1094652632] connect: acct=1000000, state=CONNECTING
I/power   (  151): *** set_screen_state 0
D/SurfaceFlinger(   78): About to give-up screen, flinger = 0x1cf0918
D/dalvikvm(  151): GC_CONCURRENT freed 403K, 8% free 13691K/14791K, paused 2ms+4ms
D/dalvikvm(  151): GC_FOR_ALLOC freed 42K, 8% free 13856K/14919K, paused 39ms
V/TransportControlView(  151): Create TCV com.android.internal.widget.TransportControlView@417428d0
D/ConnectivityService(  151): handleInetConditionHoldEnd: net=0, condition=100, published condition=0
W/Smack/Packet(  457): notify conn break (IOEx), close connection
D/ConnectivityService(  151): handleInetConditionHoldEnd: net=0, condition=0, published condition=100
D/dalvikvm(  314): GC_CONCURRENT freed 433K, 6% free 9491K/10055K, paused 2ms+2ms
I/power   (  151): *** set_screen_state 1
I/WindowManager(  151): Lock screen displayed!
W/PowerUI (  218): unknown intent: Intent { act=android.intent.action.ACTION_POWER_CONNECTED flg=0x10000010 }
D/PicasaSyncManager(  989): battery info: true
D/SurfaceFlinger(   78): Screen about to return, flinger = 0x1cf0918
I/StorageNotification(  218): UMS connection changed to true (media state mounted)
I/StorageNotification(  218): UMS connection changed to true (media state mounted)
D/dalvikvm(  218): GC_CONCURRENT freed 154K, 10% free 10396K/11463K, paused 2ms+4ms
D/dalvikvm(  218): GC_CONCURRENT freed 380K, 10% free 10412K/11463K, paused 2ms+2ms
D/dalvikvm(  218): GC_CONCURRENT freed 352K, 9% free 10453K/11463K, paused 2ms+10ms
I/power   (  151): *** set_screen_state 0
D/SurfaceFlinger(   78): About to give-up screen, flinger = 0x1cf0918
V/TransportControlView(  151): Create TCV com.android.internal.widget.TransportControlView@41711fb0
I/GTalkService/c(  457): [AndroidEndpoint@1094652632] connect: acct=1000000, state=CONNECTING
D/dalvikvm(  151): JIT code cache reset in 4 ms (1048464 bytes 1/0)
D/dalvikvm(  151): GC_CONCURRENT freed 1579K, 12% free 13395K/15175K, paused 17ms+10ms
D/dalvikvm(  457): GC_CONCURRENT freed 401K, 7% free 10021K/10695K, paused 13ms+2ms
D/ConnectivityService(  151): handleInetConditionHoldEnd: net=0, condition=100, published condition=0
W/Smack/Packet(  457): notify conn break (IOEx), close connection
D/ConnectivityService(  151): handleInetConditionHoldEnd: net=0, condition=0, published condition=100
I/GTalkService/c(  457): [AndroidEndpoint@1094652632] connect: acct=1000000, state=CONNECTING
D/ConnectivityService(  151): handleInetConditionHoldEnd: net=0, condition=100, published condition=0
W/Smack/Packet(  457): notify conn break (IOEx), close connection
D/ConnectivityService(  151): handleInetConditionHoldEnd: net=0, condition=0, published condition=100
I/EventLogService(  457): Aggregate from 1333729975825 (log), 1333729975825 (data)
I/ServiceDumpSys(  457): dumping service [account]
D/dalvikvm(  457): GC_CONCURRENT freed 386K, 7% free 10020K/10695K, paused 2ms+3ms
D/dalvikvm(  218): GC_CONCURRENT freed 307K, 9% free 10531K/11463K, paused 2ms+3ms
I/GTalkService/c(  457): [AndroidEndpoint@1094652632] connect: acct=1000000, state=CONNECTING
W/Smack/Packet(  457): notify conn break (IOEx), close connection
E/GTalkService(  457): connectionClosed: no XMPPConnection - That's strange!
D/ConnectivityService(  151): handleInetConditionHoldEnd: net=0, condition=0, published condition=0
D/dalvikvm(  151): GC_CONCURRENT freed 966K, 12% free 13402K/15175K, paused 16ms+5ms
I/GTalkService/c(  457): [AndroidEndpoint@1094652632] connect: acct=1000000, state=CONNECTING
D/dalvikvm(  457): GC_CONCURRENT freed 394K, 7% free 10046K/10695K, paused 14ms+3ms
D/ConnectivityService(  151): handleInetConditionHoldEnd: net=0, condition=100, published condition=0
W/Smack/Packet(  457): notify conn break (IOEx), close connection
D/ConnectivityService(  151): handleInetConditionHoldEnd: net=0, condition=0, published condition=100
I/GTalkService/c(  457): [AndroidEndpoint@1094652632] connect: acct=1000000, state=CONNECTING
D/ConnectivityService(  151): handleInetConditionHoldEnd: net=0, condition=100, published condition=0
W/Smack/Packet(  457): notify conn break (IOEx), close connection
D/ConnectivityService(  151): handleInetConditionHoldEnd: net=0, condition=0, published condition=100
I/GTalkService/c(  457): [AndroidEndpoint@1094652632] connect: acct=1000000, state=CONNECTING
D/dalvikvm( 1294): GC_FOR_ALLOC freed 355K, 7% free 10045K/10759K, paused 17ms
D/dalvikvm(  457): GC_CONCURRENT freed 383K, 6% free 10059K/10695K, paused 2ms+4ms
D/ConnectivityService(  151): handleInetConditionHoldEnd: net=0, condition=100, published condition=0
W/Smack/Packet(  457): notify conn break (IOEx), close connection
D/ConnectivityService(  151): handleInetConditionHoldEnd: net=0, condition=0, published condition=100
I/GTalkService/c(  457): [AndroidEndpoint@1094652632] connect: acct=1000000, state=CONNECTING
D/ConnectivityService(  151): handleInetConditionHoldEnd: net=0, condition=100, published condition=0
W/Smack/Packet(  457): notify conn break (IOEx), close connection
D/ConnectivityService(  151): handleInetConditionHoldEnd: net=0, condition=0, published condition=100
I/GTalkService/c(  457): [AndroidEndpoint@1094652632] connect: acct=1000000, state=CONNECTING
D/dalvikvm(  151): GC_CONCURRENT freed 953K, 12% free 13437K/15175K, paused 2ms+5ms
D/dalvikvm(  457): GC_CONCURRENT freed 422K, 7% free 10027K/10695K, paused 13ms+3ms
D/ConnectivityService(  151): handleInetConditionHoldEnd: net=0, condition=100, published condition=0
W/Smack/Packet(  457): notify conn break (IOEx), close connection
D/ConnectivityService(  151): handleInetConditionHoldEnd: net=0, condition=0, published condition=100
I/GTalkService/c(  457): [AndroidEndpoint@1094652632] connect: acct=1000000, state=CONNECTING
D/dalvikvm(  457): GC_CONCURRENT freed 390K, 7% free 10038K/10695K, paused 2ms+3ms
D/dalvikvm(  151): GC_EXPLICIT freed 183K, 13% free 13330K/15175K, paused 22ms+4ms
W/Smack/Packet(  457): notify conn break (IOEx), close connection
D/ConnectivityService(  151): handleInetConditionHoldEnd: net=0, condition=0, published condition=0
I/GTalkService/c(  457): [AndroidEndpoint@1094652632] connect: acct=1000000, state=CONNECTING
W/Smack/Packet(  457): notify conn break (IOEx), close connection
D/ConnectivityService(  151): handleInetConditionHoldEnd: net=0, condition=0, published condition=0
I/GTalkService/c(  457): [AndroidEndpoint@1094652632] connect: acct=1000000, state=CONNECTING
D/dalvikvm(  457): GC_CONCURRENT freed 384K, 6% free 10061K/10695K, paused 2ms+3ms
D/ConnectivityService(  151): handleInetConditionHoldEnd: net=0, condition=100, published condition=0
W/Smack/Packet(  457): notify conn break (IOEx), close connection
D/ConnectivityService(  151): handleInetConditionHoldEnd: net=0, condition=0, published condition=100
I/GTalkService/c(  457): [AndroidEndpoint@1094652632] connect: acct=1000000, state=CONNECTING
D/ConnectivityService(  151): handleInetConditionHoldEnd: net=0, condition=100, published condition=0
W/Smack/Packet(  457): notify conn break (IOEx), close connection
D/ConnectivityService(  151): handleInetConditionHoldEnd: net=0, condition=0, published condition=100
I/GTalkService/c(  457): [AndroidEndpoint@1094652632] connect: acct=1000000, state=CONNECTING
D/dalvikvm(  457): GC_CONCURRENT freed 415K, 7% free 10040K/10695K, paused 14ms+2ms
D/ConnectivityService(  151): handleInetConditionHoldEnd: net=0, condition=100, published condition=0
W/Smack/Packet(  457): notify conn break (IOEx), close connection
D/ConnectivityService(  151): handleInetConditionHoldEnd: net=0, condition=0, published condition=100
I/GTalkService/c(  457): [AndroidEndpoint@1094652632] connect: acct=1000000, state=CONNECTING
D/dalvikvm(  457): GC_CONCURRENT freed 384K, 7% free 10047K/10695K, paused 2ms+2ms
D/ConnectivityService(  151): handleInetConditionHoldEnd: net=0, condition=100, published condition=0
W/Smack/Packet(  457): notify conn break (IOEx), close connection
D/ConnectivityService(  151): handleInetConditionHoldEnd: net=0, condition=0, published condition=100
I/GTalkService/c(  457): [AndroidEndpoint@1094652632] connect: acct=1000000, state=CONNECTING
D/ConnectivityService(  151): handleInetConditionHoldEnd: net=0, condition=100, published condition=0
W/Smack/Packet(  457): notify conn break (IOEx), close connection
D/ConnectivityService(  151): handleInetConditionHoldEnd: net=0, condition=0, published condition=100
I/GTalkService/c(  457): [AndroidEndpoint@1094652632] connect: acct=1000000, state=CONNECTING
D/dalvikvm(  457): GC_CONCURRENT freed 383K, 6% free 10061K/10695K, paused 2ms+2ms
D/ConnectivityService(  151): handleInetConditionHoldEnd: net=0, condition=100, published condition=0
W/Smack/Packet(  457): notify conn break (IOEx), close connection
D/ConnectivityService(  151): handleInetConditionHoldEnd: net=0, condition=0, published condition=100
D/dalvikvm(  218): GC_CONCURRENT freed 376K, 9% free 10538K/11463K, paused 28ms+3ms
I/GTalkService/c(  457): [AndroidEndpoint@1094652632] connect: acct=1000000, state=CONNECTING
I/EventLogService(  457): Aggregate from 1333731775928 (log), 1333731775928 (data)
I/ServiceDumpSys(  457): dumping service [account]
D/dalvikvm(  457): GC_CONCURRENT freed 396K, 7% free 10052K/10695K, paused 13ms+3ms
D/ConnectivityService(  151): handleInetConditionHoldEnd: net=0, condition=100, published condition=0
W/Smack/Packet(  457): notify conn break (IOEx), close connection
D/ConnectivityService(  151): handleInetConditionHoldEnd: net=0, condition=0, published condition=100
I/GTalkService/c(  457): [AndroidEndpoint@1094652632] connect: acct=1000000, state=CONNECTING
D/ConnectivityService(  151): handleInetConditionHoldEnd: net=0, condition=100, published condition=0
W/Smack/Packet(  457): notify conn break (IOEx), close connection
D/ConnectivityService(  151): handleInetConditionHoldEnd: net=0, condition=0, published condition=100
D/dalvikvm(  151): GC_CONCURRENT freed 878K, 12% free 13427K/15175K, paused 17ms+5ms
I/CheckinService(  457): Preparing to send checkin request
I/EventLogService(  457): Accumulating logs since 1333733576063
D/dalvikvm(  457): GC_CONCURRENT freed 383K, 6% free 10065K/10695K, paused 2ms+4ms
I/CheckinTask(  457): Sending checkin request (1766 bytes)
D/dalvikvm(  457): GC_CONCURRENT freed 357K, 6% free 10098K/10695K, paused 2ms+2ms
I/CheckinTask(  457): From server: 199 gservices
I/GservicesProvider(  457): main update completed
I/ActivityManager(  151): Start proc com.google.android.partnersetup for broadcast com.google.android.partnersetup/.GservicesChangedReceiver: pid=1521 uid=10022 gids={3003}
I/ActivityThread( 1521): Pub com.google.android.partnersetup.rlzprovider: com.google.android.partnersetup.RlzProvider
I/ActivityThread( 1521): Pub com.google.android.partnersetup.rlzappprovider: com.google.android.partnersetup.RlzAppProvider
I/SystemUpdateService(  457): cancelUpdate (update URL has changed)
I/ActivityManager(  151): Start proc com.google.android.voicesearch for broadcast com.google.android.voicesearch/.GservicesBroadcastReceiver: pid=1539 uid=10056 gids={3002, 3003, 1015}
D/dalvikvm(   79): GC_EXPLICIT freed 38K, 4% free 9028K/9347K, paused 3ms+2ms
D/dalvikvm(   79): GC_EXPLICIT freed <1K, 4% free 9028K/9347K, paused 1ms+2ms
D/dalvikvm(   79): GC_EXPLICIT freed <1K, 4% free 9028K/9347K, paused 2ms+2ms
I/ActivityManager(  151): START {flg=0x10000000 cmp=com.google.android.gsf/.update.SystemUpdateInstallDialog} from pid 457
I/ActivityThread( 1539): Pub com.google.android.voicesearch: com.google.android.voicesearch.AudioProvider
I/ActivityManager(  151): START {flg=0x10000000 cmp=com.google.android.gsf/.update.SystemUpdateDownloadDialog} from pid 457
I/PersonalizationPrefManagerImpl( 1539): No google account found
I/SystemUpdateService(  457): starting download of http://android.clients.google.com/packages/ota/google_crespo/hR7QFEtn.zip
D/dalvikvm(  457): GC_CONCURRENT freed 344K, 5% free 10203K/10695K, paused 2ms+3ms
V/SystemUpdateService(  457): retry (wakeup: true) in 21599939 ms
I/VoiceImeLanguageUpdater( 1539): #internalUpdateLanguages #56
I/CheckinTask(  457): Checkin success: https://android.clients.google.com/checkin (1 requests sent)
I/SystemUpdate.Download(  457): Started a new update download: http://android.clients.google.com/packages/ota/google_crespo/hR7QFEtn.zip (id 18; allowMobile=false)
V/SystemUpdateService(  457): onPostExecute: false
D/dalvikvm(  151): GC_EXPLICIT freed 470K, 12% free 13372K/15175K, paused 3ms+4ms
I/DownloadManager(  265): Initiating request for download 18
W/DownloadManager(  265): Aborting request for download 18: download was requested to not use the current network type
W/ActivityManager(  151): Activity idle timeout for ActivityRecord{41517938 com.google.android.gsf/.update.SystemUpdateInstallDialog}
I/ActivityManager(  151): No longer want com.google.android.music:main (pid 932): hidden #16
I/GTalkService/c(  457): [AndroidEndpoint@1094652632] connect: acct=1000001, state=CONNECTING
D/dalvikvm(  457): GC_CONCURRENT freed 534K, 7% free 10095K/10759K, paused 2ms+4ms
D/ConnectivityService(  151): handleInetConditionHoldEnd: net=0, condition=100, published condition=0
W/Smack/Packet(  457): notify conn break (IOEx), close connection
D/ConnectivityService(  151): handleInetConditionHoldEnd: net=0, condition=0, published condition=100
I/GTalkService/c(  457): [AndroidEndpoint@1094652632] connect: acct=1000001, state=CONNECTING
D/ConnectivityService(  151): handleInetConditionHoldEnd: net=0, condition=100, published condition=0
D/dalvikvm(  151): GC_CONCURRENT freed 1046K, 13% free 13300K/15175K, paused 2ms+5ms
D/AlarmManagerService(  151): Kernel timezone updated to 240 minutes west of GMT
D/dalvikvm(  457): GC_EXPLICIT freed 306K, 7% free 10064K/10759K, paused 2ms+7ms
V/AlarmClock(  562): AlarmInitReceiver finished
D/SystemClock(  314): Setting time of day to sec=1333734618
D/dalvikvm(  916): GC_CONCURRENT freed 272K, 5% free 9198K/9607K, paused 2ms+3ms
D/dalvikvm(  314): GC_CONCURRENT freed 422K, 6% free 9496K/10055K, paused 1ms+2ms
D/dalvikvm(  218): GC_CONCURRENT freed 373K, 8% free 10549K/11463K, paused 3ms+7ms
D/dalvikvm(  151): GC_CONCURRENT freed 949K, 13% free 13311K/15175K, paused 2ms+5ms
I/EventLogService(  457): Aggregate from 1333733946764 (log), 1333733576063 (data)
I/ServiceDumpSys(  457): dumping service [account]
I/ActivityManager(  151): No longer want com.google.android.apps.uploader (pid 974): hidden #16
D/dalvikvm(  151): GC_CONCURRENT freed 988K, 13% free 13283K/15175K, paused 2ms+5ms
W/Smack/Packet(  457): notify conn break (IOEx), close connection
I/qtaguid (  457): Failed write_ctrl(u 71) res=-1 errno=22
I/qtaguid (  457): Untagging socket 71 failed errno=-22
W/NetworkManagementSocketTagger(  457): untagSocket(71) failed with errno -22
D/ConnectivityService(  151): handleInetConditionHoldEnd: net=0, condition=0, published condition=100
I/GTalkService/c(  457): [AndroidEndpoint@1094652632] connect: acct=1000001, state=CONNECTING
D/ConnectivityService(  151): handleInetConditionHoldEnd: net=0, condition=100, published condition=0
W/Smack/Packet(  457): notify conn break (IOEx), close connection
D/ConnectivityService(  151): handleInetConditionHoldEnd: net=0, condition=0, published condition=100
I/GTalkService/c(  457): [AndroidEndpoint@1094652632] connect: acct=1000001, state=CONNECTING
D/dalvikvm(  457): GC_CONCURRENT freed 394K, 7% free 10057K/10759K, paused 14ms+3ms
D/ConnectivityService(  151): handleInetConditionHoldEnd: net=0, condition=100, published condition=0
W/Smack/Packet(  457): notify conn break (IOEx), close connection
D/ConnectivityService(  151): handleInetConditionHoldEnd: net=0, condition=0, published condition=100
I/GTalkService/c(  457): [AndroidEndpoint@1094652632] connect: acct=1000001, state=CONNECTING
D/dalvikvm(  457): GC_CONCURRENT freed 395K, 7% free 10049K/10759K, paused 2ms+4ms
D/ConnectivityService(  151): handleInetConditionHoldEnd: net=0, condition=100, published condition=0
W/Smack/Packet(  457): notify conn break (IOEx), close connection
D/ConnectivityService(  151): handleInetConditionHoldEnd: net=0, condition=0, published condition=100
I/GTalkService/c(  457): [AndroidEndpoint@1094652632] connect: acct=1000001, state=CONNECTING
D/ConnectivityService(  151): handleInetConditionHoldEnd: net=0, condition=100, published condition=0
W/Smack/Packet(  457): notify conn break (IOEx), close connection
D/ConnectivityService(  151): handleInetConditionHoldEnd: net=0, condition=0, published condition=100
I/GTalkService/c(  457): [AndroidEndpoint@1094652632] connect: acct=1000001, state=CONNECTING
D/dalvikvm(  457): GC_CONCURRENT freed 383K, 7% free 10073K/10759K, paused 2ms+3ms
D/ConnectivityService(  151): handleInetConditionHoldEnd: net=0, condition=100, published condition=0
W/Smack/Packet(  457): notify conn break (IOEx), close connection
D/ConnectivityService(  151): handleInetConditionHoldEnd: net=0, condition=0, published condition=100
I/GTalkService/c(  457): [AndroidEndpoint@1094652632] connect: acct=1000001, state=CONNECTING
D/ConnectivityService(  151): handleInetConditionHoldEnd: net=0, condition=100, published condition=0
W/Smack/Packet(  457): notify conn break (IOEx), close connection
D/ConnectivityService(  151): handleInetConditionHoldEnd: net=0, condition=0, published condition=100
I/GTalkService/c(  457): [AndroidEndpoint@1094652632] connect: acct=1000001, state=CONNECTING
D/dalvikvm(  457): GC_CONCURRENT freed 416K, 7% free 10051K/10759K, paused 14ms+2ms
D/ConnectivityService(  151): handleInetConditionHoldEnd: net=0, condition=100, published condition=0
W/Smack/Packet(  457): notify conn break (IOEx), close connection
D/ConnectivityService(  151): handleInetConditionHoldEnd: net=0, condition=0, published condition=100
I/GTalkService/c(  457): [AndroidEndpoint@1094652632] connect: acct=1000001, state=CONNECTING
D/dalvikvm(  457): GC_CONCURRENT freed 387K, 7% free 10059K/10759K, paused 3ms+6ms
D/ConnectivityService(  151): handleInetConditionHoldEnd: net=0, condition=100, published condition=0
W/Smack/Packet(  457): notify conn break (IOEx), close connection
D/ConnectivityService(  151): handleInetConditionHoldEnd: net=0, condition=0, published condition=100
I/GTalkService/c(  457): [AndroidEndpoint@1094652632] connect: acct=1000001, state=CONNECTING
D/ConnectivityService(  151): handleInetConditionHoldEnd: net=0, condition=100, published condition=0
D/dalvikvm(  151): GC_CONCURRENT freed 916K, 13% free 13308K/15175K, paused 17ms+6ms
W/Smack/Packet(  457): notify conn break (IOEx), close connection
D/ConnectivityService(  151): handleInetConditionHoldEnd: net=0, condition=0, published condition=100
D/dalvikvm(  151): GC_EXPLICIT freed 166K, 13% free 13212K/15175K, paused 21ms+5ms
I/GTalkService/c(  457): [AndroidEndpoint@1094652632] connect: acct=1000001, state=CONNECTING
D/dalvikvm(  457): GC_CONCURRENT freed 377K, 7% free 10074K/10759K, paused 2ms+3ms
D/ConnectivityService(  151): handleInetConditionHoldEnd: net=0, condition=100, published condition=0
W/Smack/Packet(  457): notify conn break (IOEx), close connection
D/ConnectivityService(  151): handleInetConditionHoldEnd: net=0, condition=0, published condition=100
I/GTalkService/c(  457): [AndroidEndpoint@1094652632] connect: acct=1000001, state=CONNECTING
D/ConnectivityService(  151): handleInetConditionHoldEnd: net=0, condition=100, published condition=0
W/Smack/Packet(  457): notify conn break (IOEx), close connection
D/ConnectivityService(  151): handleInetConditionHoldEnd: net=0, condition=0, published condition=100
D/dalvikvm(  218): GC_CONCURRENT freed 394K, 9% free 10540K/11463K, paused 13ms+2ms
I/GTalkService/c(  457): [AndroidEndpoint@1094652632] connect: acct=1000001, state=CONNECTING
D/dalvikvm(  457): GC_CONCURRENT freed 422K, 7% free 10050K/10759K, paused 1ms+2ms
D/ConnectivityService(  151): handleInetConditionHoldEnd: net=0, condition=100, published condition=0
W/Smack/Packet(  457): notify conn break (IOEx), close connection
D/ConnectivityService(  151): handleInetConditionHoldEnd: net=0, condition=0, published condition=100
I/dalvikvm(  457): Jit: resizing JitTable from 4096 to 8192
I/GTalkService/c(  457): [AndroidEndpoint@1094652632] connect: acct=1000001, state=CONNECTING
D/dalvikvm(  457): GC_CONCURRENT freed 386K, 7% free 10057K/10759K, paused 2ms+2ms
D/ConnectivityService(  151): handleInetConditionHoldEnd: net=0, condition=100, published condition=0
W/Smack/Packet(  457): notify conn break (IOEx), close connection
D/ConnectivityService(  151): handleInetConditionHoldEnd: net=0, condition=0, published condition=100
I/GTalkService/c(  457): [AndroidEndpoint@1094652632] connect: acct=1000001, state=CONNECTING
D/ConnectivityService(  151): handleInetConditionHoldEnd: net=0, condition=100, published condition=0
W/Smack/Packet(  457): notify conn break (IOEx), close connection
D/ConnectivityService(  151): handleInetConditionHoldEnd: net=0, condition=0, published condition=100
I/GTalkService/c(  457): [AndroidEndpoint@1094652632] connect: acct=1000001, state=CONNECTING
D/dalvikvm(  457): GC_CONCURRENT freed 382K, 7% free 10071K/10759K, paused 2ms+2ms
W/Smack/Packet(  457): notify conn break (IOEx), close connection
E/GTalkService(  457): connectionClosed: no XMPPConnection - That's strange!
D/ConnectivityService(  151): handleInetConditionHoldEnd: net=0, condition=0, published condition=0
I/GTalkService/c(  457): [AndroidEndpoint@1094652632] connect: acct=1000001, state=CONNECTING
D/ConnectivityService(  151): handleInetConditionHoldEnd: net=0, condition=100, published condition=0
W/Smack/Packet(  457): notify conn break (IOEx), close connection
I/qtaguid (  457): Failed write_ctrl(u 71) res=-1 errno=22
I/qtaguid (  457): Untagging socket 71 failed errno=-22
W/NetworkManagementSocketTagger(  457): untagSocket(71) failed with errno -22
D/ConnectivityService(  151): handleInetConditionHoldEnd: net=0, condition=0, published condition=100
I/EventLogService(  457): Aggregate from 1333735376163 (log), 1333735376163 (data)
I/ServiceDumpSys(  457): dumping service [account]
D/dalvikvm(  457): GC_CONCURRENT freed 427K, 7% free 10033K/10759K, paused 2ms+3ms
I/GTalkService/c(  457): [AndroidEndpoint@1094652632] connect: acct=1000001, state=CONNECTING
W/Smack/Packet(  457): notify conn break (IOEx), close connection
D/ConnectivityService(  151): handleInetConditionHoldEnd: net=0, condition=0, published condition=0
D/dalvikvm(  151): GC_CONCURRENT freed 849K, 13% free 13294K/15175K, paused 3ms+6ms
I/GTalkService/c(  457): [AndroidEndpoint@1094652632] connect: acct=1000001, state=CONNECTING
D/dalvikvm(  457): GC_CONCURRENT freed 379K, 7% free 10039K/10759K, paused 1ms+2ms
D/ConnectivityService(  151): handleInetConditionHoldEnd: net=0, condition=100, published condition=0
W/Smack/Packet(  457): notify conn break (IOEx), close connection
D/ConnectivityService(  151): handleInetConditionHoldEnd: net=0, condition=0, published condition=100
I/GTalkService/c(  457): [AndroidEndpoint@1094652632] connect: acct=1000001, state=CONNECTING
D/ConnectivityService(  151): handleInetConditionHoldEnd: net=0, condition=100, published condition=0
W/Smack/Packet(  457): notify conn break (IOEx), close connection
D/ConnectivityService(  151): handleInetConditionHoldEnd: net=0, condition=0, published condition=100
I/GTalkService/c(  457): [AndroidEndpoint@1094652632] connect: acct=1000001, state=CONNECTING
D/dalvikvm(  457): GC_CONCURRENT freed 387K, 7% free 10052K/10759K, paused 14ms+3ms
D/ConnectivityService(  151): handleInetConditionHoldEnd: net=0, condition=100, published condition=0
W/Smack/Packet(  457): notify conn break (IOEx), close connection
D/ConnectivityService(  151): handleInetConditionHoldEnd: net=0, condition=0, published condition=100
I/GTalkService/c(  457): [AndroidEndpoint@1094652632] connect: acct=1000001, state=CONNECTING
D/dalvikvm(  457): GC_CONCURRENT freed 388K, 7% free 10058K/10759K, paused 2ms+2ms
D/ConnectivityService(  151): handleInetConditionHoldEnd: net=0, condition=100, published condition=0
W/Smack/Packet(  457): notify conn break (IOEx), close connection
D/ConnectivityService(  151): handleInetConditionHoldEnd: net=0, condition=0, published condition=100
I/GTalkService/c(  457): [AndroidEndpoint@1094652632] connect: acct=1000001, state=CONNECTING
D/ConnectivityService(  151): handleInetConditionHoldEnd: net=0, condition=100, published condition=0
W/Smack/Packet(  457): notify conn break (IOEx), close connection
D/ConnectivityService(  151): handleInetConditionHoldEnd: net=0, condition=0, published condition=100
I/GTalkService/c(  457): [AndroidEndpoint@1094652632] connect: acct=1000001, state=CONNECTING
D/dalvikvm(  457): GC_CONCURRENT freed 380K, 7% free 10072K/10759K, paused 1ms+3ms
D/dalvikvm(  151): GC_CONCURRENT freed 936K, 13% free 13305K/15175K, paused 5ms+5ms
W/Smack/Packet(  457): notify conn break (IOEx), close connection
D/ConnectivityService(  151): handleInetConditionHoldEnd: net=0, condition=0, published condition=0
I/GTalkService/c(  457): [AndroidEndpoint@1094652632] connect: acct=1000001, state=CONNECTING
W/Smack/Packet(  457): notify conn break (IOEx), close connection
D/ConnectivityService(  151): handleInetConditionHoldEnd: net=0, condition=100, published condition=0
D/ConnectivityService(  151): handleInetConditionHoldEnd: net=0, condition=0, published condition=100
D/AlarmManagerService(  151): Kernel timezone updated to 240 minutes west of GMT
D/SystemClock(  314): Setting time of day to sec=1333738225
D/dalvikvm(  151): GC_EXPLICIT freed 188K, 13% free 13221K/15175K, paused 2ms+5ms
V/AlarmClock(  562): AlarmInitReceiver finished
I/GTalkService/c(  457): [AndroidEndpoint@1094652632] connect: acct=1000001, state=CONNECTING
D/dalvikvm(  457): GC_CONCURRENT freed 421K, 7% free 10042K/10759K, paused 13ms+3ms
W/Smack/Packet(  457): notify conn break (IOEx), close connection
D/ConnectivityService(  151): handleInetConditionHoldEnd: net=0, condition=100, published condition=0
D/ConnectivityService(  151): handleInetConditionHoldEnd: net=0, condition=0, published condition=100
I/GTalkService/c(  457): [AndroidEndpoint@1094652632] connect: acct=1000001, state=CONNECTING
D/dalvikvm(  457): GC_CONCURRENT freed 394K, 7% free 10050K/10759K, paused 2ms+2ms
D/ConnectivityService(  151): handleInetConditionHoldEnd: net=0, condition=100, published condition=0
W/Smack/Packet(  457): notify conn break (IOEx), close connection
D/ConnectivityService(  151): handleInetConditionHoldEnd: net=0, condition=0, published condition=100
I/GTalkService/c(  457): [AndroidEndpoint@1094652632] connect: acct=1000001, state=CONNECTING
D/ConnectivityService(  151): handleInetConditionHoldEnd: net=0, condition=100, published condition=0
W/Smack/Packet(  457): notify conn break (IOEx), close connection
D/ConnectivityService(  151): handleInetConditionHoldEnd: net=0, condition=0, published condition=100
I/GTalkService/c(  457): [AndroidEndpoint@1094652632] connect: acct=1000001, state=CONNECTING
D/dalvikvm(  457): GC_CONCURRENT freed 386K, 7% free 10070K/10759K, paused 2ms+3ms
W/Smack/Packet(  457): notify conn break (IOEx), close connection
D/ConnectivityService(  151): handleInetConditionHoldEnd: net=0, condition=0, published condition=0
D/dalvikvm(  218): GC_CONCURRENT freed 377K, 8% free 10547K/11463K, paused 12ms+3ms
I/GTalkService/c(  457): [AndroidEndpoint@1094652632] connect: acct=1000001, state=CONNECTING
D/ConnectivityService(  151): handleInetConditionHoldEnd: net=0, condition=100, published condition=0
W/Smack/Packet(  457): notify conn break (IOEx), close connection
D/ConnectivityService(  151): handleInetConditionHoldEnd: net=0, condition=0, published condition=100
I/GTalkService/c(  457): [AndroidEndpoint@1094652632] connect: acct=1000001, state=CONNECTING
D/dalvikvm(  457): GC_CONCURRENT freed 414K, 7% free 10050K/10759K, paused 14ms+3ms
D/ConnectivityService(  151): handleInetConditionHoldEnd: net=0, condition=100, published condition=0
W/Smack/Packet(  457): notify conn break (IOEx), close connection
D/ConnectivityService(  151): handleInetConditionHoldEnd: net=0, condition=0, published condition=100
I/GTalkService/c(  457): [AndroidEndpoint@1094652632] connect: acct=1000001, state=CONNECTING
D/dalvikvm(  457): GC_CONCURRENT freed 384K, 7% free 10059K/10759K, paused 2ms+3ms
D/ConnectivityService(  151): handleInetConditionHoldEnd: net=0, condition=100, published condition=0
D/dalvikvm(  151): GC_CONCURRENT freed 853K, 13% free 13293K/15175K, paused 17ms+5ms
I/EventLogService(  457): Aggregate from 1333737176280 (log), 1333737176280 (data)
I/ServiceDumpSys(  457): dumping service [account]
D/dalvikvm(  151): GC_CONCURRENT freed 957K, 13% free 13281K/15175K, paused 2ms+5ms
W/Smack/Packet(  457): notify conn break (IOEx), close connection
I/qtaguid (  457): Failed write_ctrl(u 71) res=-1 errno=22
I/qtaguid (  457): Untagging socket 71 failed errno=-22
W/NetworkManagementSocketTagger(  457): untagSocket(71) failed with errno -22
D/ConnectivityService(  151): handleInetConditionHoldEnd: net=0, condition=0, published condition=100
I/GTalkService/c(  457): [AndroidEndpoint@1094652632] connect: acct=1000001, state=CONNECTING
D/ConnectivityService(  151): handleInetConditionHoldEnd: net=0, condition=100, published condition=0
W/Smack/Packet(  457): notify conn break (IOEx), close connection
D/ConnectivityService(  151): handleInetConditionHoldEnd: net=0, condition=0, published condition=100
I/GTalkService/c(  457): [AndroidEndpoint@1094652632] connect: acct=1000001, state=CONNECTING
D/dalvikvm(  457): GC_CONCURRENT freed 397K, 7% free 10056K/10759K, paused 13ms+3ms
D/ConnectivityService(  151): handleInetConditionHoldEnd: net=0, condition=100, published condition=0
W/Smack/Packet(  457): notify conn break (IOEx), close connection
D/ConnectivityService(  151): handleInetConditionHoldEnd: net=0, condition=0, published condition=100
I/GTalkService/c(  457): [AndroidEndpoint@1094652632] connect: acct=1000001, state=CONNECTING
D/dalvikvm(  457): GC_CONCURRENT freed 389K, 7% free 10059K/10759K, paused 2ms+2ms
D/ConnectivityService(  151): handleInetConditionHoldEnd: net=0, condition=100, published condition=0
W/Smack/Packet(  457): notify conn break (IOEx), close connection
D/ConnectivityService(  151): handleInetConditionHoldEnd: net=0, condition=0, published condition=100
I/GTalkService/c(  457): [AndroidEndpoint@1094652632] connect: acct=1000001, state=CONNECTING
D/ConnectivityService(  151): handleInetConditionHoldEnd: net=0, condition=100, published condition=0
W/Smack/Packet(  457): notify conn break (IOEx), close connection
D/ConnectivityService(  151): handleInetConditionHoldEnd: net=0, condition=0, published condition=100
I/GTalkService/c(  457): [AndroidEndpoint@1094652632] connect: acct=1000001, state=CONNECTING
D/dalvikvm(  457): GC_CONCURRENT freed 380K, 7% free 10073K/10759K, paused 2ms+2ms
W/Smack/Packet(  457): notify conn break (IOEx), close connection
D/ConnectivityService(  151): handleInetConditionHoldEnd: net=0, condition=0, published condition=0
I/GTalkService/c(  457): [AndroidEndpoint@1094652632] connect: acct=1000001, state=CONNECTING
D/ConnectivityService(  151): handleInetConditionHoldEnd: net=0, condition=100, published condition=0
W/Smack/Packet(  457): notify conn break (IOEx), close connection
D/dalvikvm(  151): GC_EXPLICIT freed 740K, 13% free 13273K/15175K, paused 21ms+6ms
D/ConnectivityService(  151): handleInetConditionHoldEnd: net=0, condition=0, published condition=100
I/GTalkService/c(  457): [AndroidEndpoint@1094652632] connect: acct=1000001, state=CONNECTING
D/dalvikvm(  457): GC_CONCURRENT freed 417K, 7% free 10051K/10759K, paused 14ms+3ms
D/dalvikvm(  218): GC_CONCURRENT freed 390K, 9% free 10546K/11463K, paused 1ms+3ms
D/ConnectivityService(  151): handleInetConditionHoldEnd: net=0, condition=100, published condition=0
W/Smack/Packet(  457): notify conn break (IOEx), close connection
D/ConnectivityService(  151): handleInetConditionHoldEnd: net=0, condition=0, published condition=100
I/GTalkService/c(  457): [AndroidEndpoint@1094652632] connect: acct=1000001, state=CONNECTING
D/dalvikvm(  457): GC_CONCURRENT freed 386K, 7% free 10058K/10759K, paused 1ms+2ms
D/ConnectivityService(  151): handleInetConditionHoldEnd: net=0, condition=100, published condition=0
W/Smack/Packet(  457): notify conn break (IOEx), close connection
D/ConnectivityService(  151): handleInetConditionHoldEnd: net=0, condition=0, published condition=100
I/GTalkService/c(  457): [AndroidEndpoint@1094652632] connect: acct=1000001, state=CONNECTING
D/ConnectivityService(  151): handleInetConditionHoldEnd: net=0, condition=100, published condition=0
W/Smack/Packet(  457): notify conn break (IOEx), close connection
D/ConnectivityService(  151): handleInetConditionHoldEnd: net=0, condition=0, published condition=100
I/EventLogService(  457): Aggregate from 1333738976422 (log), 1333738976422 (data)
I/ServiceDumpSys(  457): dumping service [account]
D/dalvikvm( 1294): GC_CONCURRENT freed 375K, 7% free 10056K/10759K, paused 2ms+2ms
I/GTalkService/c(  457): [AndroidEndpoint@1094652632] connect: acct=1000001, state=CONNECTING
D/dalvikvm(  457): GC_CONCURRENT freed 392K, 7% free 10054K/10759K, paused 13ms+3ms
D/ConnectivityService(  151): handleInetConditionHoldEnd: net=0, condition=100, published condition=0
W/Smack/Packet(  457): notify conn break (IOEx), close connection
D/ConnectivityService(  151): handleInetConditionHoldEnd: net=0, condition=0, published condition=100
D/dalvikvm(  314): GC_CONCURRENT freed 417K, 6% free 9501K/10055K, paused 2ms+2ms
D/dalvikvm(  151): GC_CONCURRENT freed 914K, 13% free 13305K/15175K, paused 17ms+6ms
I/CheckinService(  457): Preparing to send checkin request
I/EventLogService(  457): Accumulating logs since 1333740777102
I/CheckinTask(  457): Sending checkin request (1718 bytes)
D/dalvikvm(  457): GC_CONCURRENT freed 410K, 7% free 10037K/10759K, paused 2ms+2ms
I/CheckinTask(  457): Checkin success: https://android.clients.google.com/checkin (1 requests sent)
I/GTalkService/c(  457): [AndroidEndpoint@1094652632] connect: acct=1000001, state=CONNECTING
D/dalvikvm(  457): GC_CONCURRENT freed 403K, 7% free 10023K/10759K, paused 14ms+2ms
D/dalvikvm(  457): GC_EXPLICIT freed 148K, 7% free 10024K/10759K, paused 18ms+3ms
D/ConnectivityService(  151): handleInetConditionHoldEnd: net=0, condition=100, published condition=0
W/Smack/Packet(  457): notify conn break (IOEx), close connection
D/ConnectivityService(  151): handleInetConditionHoldEnd: net=0, condition=0, published condition=100
I/GTalkService/c(  457): [AndroidEndpoint@1094652632] connect: acct=1000001, state=CONNECTING
D/ConnectivityService(  151): handleInetConditionHoldEnd: net=0, condition=100, published condition=0
W/Smack/Packet(  457): notify conn break (IOEx), close connection
D/ConnectivityService(  151): handleInetConditionHoldEnd: net=0, condition=0, published condition=100
D/AlarmManagerService(  151): Kernel timezone updated to 240 minutes west of GMT
D/SystemClock(  314): Setting time of day to sec=1333741828
V/AlarmClock(  562): AlarmInitReceiver finished
D/dalvikvm(  151): GC_CONCURRENT freed 945K, 13% free 13306K/15175K, paused 2ms+5ms
I/GTalkService/c(  457): [AndroidEndpoint@1094652632] connect: acct=1000001, state=CONNECTING
D/dalvikvm(  457): GC_CONCURRENT freed 353K, 7% free 10077K/10759K, paused 1ms+4ms
D/ConnectivityService(  151): handleInetConditionHoldEnd: net=0, condition=100, published condition=0
W/Smack/Packet(  457): notify conn break (IOEx), close connection
D/ConnectivityService(  151): handleInetConditionHoldEnd: net=0, condition=0, published condition=100
I/dalvikvm( 1294): Total arena pages for JIT: 11
I/dalvikvm( 1294): Total arena pages for JIT: 12
I/dalvikvm( 1294): Total arena pages for JIT: 13
I/dalvikvm( 1294): Total arena pages for JIT: 14
I/dalvikvm( 1294): Total arena pages for JIT: 15
I/dalvikvm( 1294): Total arena pages for JIT: 16
I/dalvikvm( 1294): Total arena pages for JIT: 17
D/dalvikvm(  218): GC_CONCURRENT freed 383K, 8% free 10550K/11463K, paused 2ms+2ms
I/GTalkService/c(  457): [AndroidEndpoint@1094652632] connect: acct=1000001, state=CONNECTING
D/ConnectivityService(  151): handleInetConditionHoldEnd: net=0, condition=100, published condition=0
W/Smack/Packet(  457): notify conn break (IOEx), close connection
D/dalvikvm(  457): GC_CONCURRENT freed 416K, 7% free 10045K/10759K, paused 14ms+3ms
D/ConnectivityService(  151): handleInetConditionHoldEnd: net=0, condition=0, published condition=100
I/EventLogService(  457): Aggregate from 1333741175004 (log), 1333740777102 (data)
I/ServiceDumpSys(  457): dumping service [account]
I/GTalkService/c(  457): [AndroidEndpoint@1094652632] connect: acct=1000001, state=CONNECTING
D/ConnectivityService(  151): handleInetConditionHoldEnd: net=0, condition=100, published condition=0
W/Smack/Packet(  457): notify conn break (IOEx), close connection
D/ConnectivityService(  151): handleInetConditionHoldEnd: net=0, condition=0, published condition=100
D/dalvikvm(  151): GC_CONCURRENT freed 960K, 13% free 13296K/15175K, paused 2ms+5ms
I/GTalkService/c(  457): [AndroidEndpoint@1094652632] connect: acct=1000001, state=CONNECTING
D/dalvikvm(  457): GC_CONCURRENT freed 370K, 7% free 10073K/10759K, paused 2ms+3ms
D/dalvikvm(  151): GC_EXPLICIT freed 301K, 13% free 13241K/15175K, paused 2ms+5ms
D/ConnectivityService(  151): handleInetConditionHoldEnd: net=0, condition=100, published condition=0
W/Smack/Packet(  457): notify conn break (IOEx), close connection
D/ConnectivityService(  151): handleInetConditionHoldEnd: net=0, condition=0, published condition=100
I/GTalkService/c(  457): [AndroidEndpoint@1094652632] connect: acct=1000001, state=CONNECTING
D/ConnectivityService(  151): handleInetConditionHoldEnd: net=0, condition=100, published condition=0
W/Smack/Packet(  457): notify conn break (IOEx), close connection
D/dalvikvm(  457): GC_CONCURRENT freed 413K, 7% free 10044K/10759K, paused 2ms+3ms
D/ConnectivityService(  151): handleInetConditionHoldEnd: net=0, condition=0, published condition=100
I/GTalkService/c(  457): [AndroidEndpoint@1094652632] connect: acct=1000001, state=CONNECTING
D/ConnectivityService(  151): handleInetConditionHoldEnd: net=0, condition=100, published condition=0
W/Smack/Packet(  457): notify conn break (IOEx), close connection
D/ConnectivityService(  151): handleInetConditionHoldEnd: net=0, condition=0, published condition=100
I/GTalkService/c(  457): [AndroidEndpoint@1094652632] connect: acct=1000001, state=CONNECTING
D/dalvikvm(  457): GC_CONCURRENT freed 367K, 7% free 10069K/10759K, paused 14ms+3ms
D/ConnectivityService(  151): handleInetConditionHoldEnd: net=0, condition=100, published condition=0
D/dalvikvm(  151): GC_CONCURRENT freed 888K, 13% free 13300K/15175K, paused 2ms+5ms
D/dalvikvm(  218): GC_CONCURRENT freed 388K, 8% free 10547K/11463K, paused 2ms+2ms
I/EventLogService(  457): Aggregate from 1333742577197 (log), 1333742577197 (data)
I/ServiceDumpSys(  457): dumping service [account]
D/dalvikvm(  151): GC_CONCURRENT freed 957K, 13% free 13303K/15175K, paused 16ms+6ms
W/Smack/Packet(  457): notify conn break (IOEx), close connection
I/qtaguid (  457): Failed write_ctrl(u 71) res=-1 errno=22
I/qtaguid (  457): Untagging socket 71 failed errno=-22
W/NetworkManagementSocketTagger(  457): untagSocket(71) failed with errno -22
D/ConnectivityService(  151): handleInetConditionHoldEnd: net=0, condition=0, published condition=100
I/GTalkService/c(  457): [AndroidEndpoint@1094652632] connect: acct=1000001, state=CONNECTING
D/dalvikvm(  457): GC_CONCURRENT freed 389K, 7% free 10066K/10759K, paused 7ms+3ms
D/ConnectivityService(  151): handleInetConditionHoldEnd: net=0, condition=100, published condition=0
W/Smack/Packet(  457): notify conn break (IOEx), close connection
I/qtaguid (  457): Failed write_ctrl(u 71) res=-1 errno=22
I/qtaguid (  457): Untagging socket 71 failed errno=-22
W/NetworkManagementSocketTagger(  457): untagSocket(71) failed with errno -22
D/ConnectivityService(  151): handleInetConditionHoldEnd: net=0, condition=0, published condition=100
I/GTalkService/c(  457): [AndroidEndpoint@1094652632] connect: acct=1000001, state=CONNECTING
D/ConnectivityService(  151): handleInetConditionHoldEnd: net=0, condition=100, published condition=0
W/Smack/Packet(  457): notify conn break (IOEx), close connection
D/ConnectivityService(  151): handleInetConditionHoldEnd: net=0, condition=0, published condition=100
I/GTalkService/c(  457): [AndroidEndpoint@1094652632] connect: acct=1000001, state=CONNECTING
D/dalvikvm(  457): GC_CONCURRENT freed 396K, 7% free 10058K/10759K, paused 14ms+3ms
D/ConnectivityService(  151): handleInetConditionHoldEnd: net=0, condition=100, published condition=0
W/Smack/Packet(  457): notify conn break (IOEx), close connection
D/ConnectivityService(  151): handleInetConditionHoldEnd: net=0, condition=0, published condition=100
I/GTalkService/c(  457): [AndroidEndpoint@1094652632] connect: acct=1000001, state=CONNECTING
D/ConnectivityService(  151): handleInetConditionHoldEnd: net=0, condition=100, published condition=0
W/Smack/Packet(  457): notify conn break (IOEx), close connection
D/ConnectivityService(  151): handleInetConditionHoldEnd: net=0, condition=0, published condition=100
I/GTalkService/c(  457): [AndroidEndpoint@1094652632] connect: acct=1000001, state=CONNECTING
D/dalvikvm(  457): GC_CONCURRENT freed 392K, 7% free 10054K/10759K, paused 13ms+3ms
W/Smack/Packet(  457): notify conn break (IOEx), close connection
D/ConnectivityService(  151): handleInetConditionHoldEnd: net=0, condition=0, published condition=0
D/AlarmManagerService(  151): Kernel timezone updated to 240 minutes west of GMT
D/SystemClock(  314): Setting time of day to sec=1333745433
V/AlarmClock(  562): AlarmInitReceiver finished
D/dalvikvm(  151): GC_CONCURRENT freed 931K, 13% free 13323K/15175K, paused 2ms+6ms
I/GTalkService/c(  457): [AndroidEndpoint@1094652632] connect: acct=1000001, state=CONNECTING
D/dalvikvm(  457): GC_CONCURRENT freed 387K, 7% free 10054K/10759K, paused 2ms+2ms
D/ConnectivityService(  151): handleInetConditionHoldEnd: net=0, condition=100, published condition=0
D/dalvikvm(  314): GC_CONCURRENT freed 418K, 6% free 9498K/10055K, paused 12ms+2ms
D/dalvikvm(  218): GC_CONCURRENT freed 383K, 8% free 10551K/11463K, paused 19ms+3ms
I/EventLogService(  457): Aggregate from 1333744377311 (log), 1333744377311 (data)
I/ServiceDumpSys(  457): dumping service [account]
D/dalvikvm(  151): GC_CONCURRENT freed 974K, 13% free 13300K/15175K, paused 17ms+5ms
D/dalvikvm( 1257): GC_CONCURRENT freed 305K, 5% free 10140K/10567K, paused 2ms+3ms
D/dalvikvm(  151): GC_EXPLICIT freed 858K, 13% free 13303K/15175K, paused 19ms+6ms
W/Smack/Packet(  457): notify conn break (IOEx), close connection
I/qtaguid (  457): Failed write_ctrl(u 71) res=-1 errno=22
I/qtaguid (  457): Untagging socket 71 failed errno=-22
W/NetworkManagementSocketTagger(  457): untagSocket(71) failed with errno -22
D/ConnectivityService(  151): handleInetConditionHoldEnd: net=0, condition=0, published condition=100
I/GTalkService/c(  457): [AndroidEndpoint@1094652632] connect: acct=1000001, state=CONNECTING
D/ConnectivityService(  151): handleInetConditionHoldEnd: net=0, condition=100, published condition=0
W/Smack/Packet(  457): notify conn break (IOEx), close connection
D/ConnectivityService(  151): handleInetConditionHoldEnd: net=0, condition=0, published condition=100
I/GTalkService/c(  457): [AndroidEndpoint@1094652632] connect: acct=1000001, state=CONNECTING
D/dalvikvm(  457): GC_CONCURRENT freed 402K, 7% free 10038K/10759K, paused 2ms+3ms
D/ConnectivityService(  151): handleInetConditionHoldEnd: net=0, condition=100, published condition=0
W/Smack/Packet(  457): notify conn break (IOEx), close connection
D/ConnectivityService(  151): handleInetConditionHoldEnd: net=0, condition=0, published condition=100
I/GTalkService/c(  457): [AndroidEndpoint@1094652632] connect: acct=1000001, state=CONNECTING
D/dalvikvm(  457): GC_CONCURRENT freed 398K, 7% free 10051K/10759K, paused 1ms+2ms
D/ConnectivityService(  151): handleInetConditionHoldEnd: net=0, condition=100, published condition=0
W/Smack/Packet(  457): notify conn break (IOEx), close connection
D/ConnectivityService(  151): handleInetConditionHoldEnd: net=0, condition=0, published condition=100
I/GTalkService/c(  457): [AndroidEndpoint@1094652632] connect: acct=1000001, state=CONNECTING
D/dalvikvm( 1294): GC_CONCURRENT freed 393K, 7% free 10048K/10759K, paused 1ms+2ms
E/GTalkService(  457): connectionClosed: no XMPPConnection - That's strange!
D/ConnectivityService(  151): handleInetConditionHoldEnd: net=0, condition=0, published condition=0
I/GTalkService/c(  457): [AndroidEndpoint@1094652632] connect: acct=1000001, state=CONNECTING
I/dalvikvm( 1294): Total arena pages for JIT: 18
D/dalvikvm(  457): GC_CONCURRENT freed 359K, 7% free 10077K/10759K, paused 2ms+3ms
D/ConnectivityService(  151): handleInetConditionHoldEnd: net=0, condition=100, published condition=0
W/Smack/Packet(  457): notify conn break (IOEx), close connection
D/ConnectivityService(  151): handleInetConditionHoldEnd: net=0, condition=0, published condition=100
I/GTalkService/c(  457): [AndroidEndpoint@1094652632] connect: acct=1000001, state=CONNECTING
D/ConnectivityService(  151): handleInetConditionHoldEnd: net=0, condition=100, published condition=0
W/Smack/Packet(  457): notify conn break (IOEx), close connection
D/ConnectivityService(  151): handleInetConditionHoldEnd: net=0, condition=0, published condition=100
I/GTalkService/c(  457): [AndroidEndpoint@1094652632] connect: acct=1000001, state=CONNECTING
D/dalvikvm(  457): GC_CONCURRENT freed 397K, 7% free 10074K/10759K, paused 2ms+3ms
D/ConnectivityService(  151): handleInetConditionHoldEnd: net=0, condition=100, published condition=0
W/Smack/Packet(  457): notify conn break (IOEx), close connection
D/ConnectivityService(  151): handleInetConditionHoldEnd: net=0, condition=0, published condition=100
D/dalvikvm(  314): GC_CONCURRENT freed 426K, 6% free 9496K/10055K, paused 1ms+2ms
I/GTalkService/c(  457): [AndroidEndpoint@1094652632] connect: acct=1000001, state=CONNECTING
D/ConnectivityService(  151): handleInetConditionHoldEnd: net=0, condition=100, published condition=0
W/Smack/Packet(  457): notify conn break (IOEx), close connection
D/ConnectivityService(  151): handleInetConditionHoldEnd: net=0, condition=0, published condition=100
D/dalvikvm(  151): GC_CONCURRENT freed 936K, 13% free 13317K/15175K, paused 2ms+6ms
D/dalvikvm(  218): GC_CONCURRENT freed 393K, 9% free 10543K/11463K, paused 2ms+3ms
I/GTalkService/c(  457): [AndroidEndpoint@1094652632] connect: acct=1000001, state=CONNECTING
D/dalvikvm(  457): GC_CONCURRENT freed 423K, 7% free 10055K/10759K, paused 15ms+3ms
D/ConnectivityService(  151): handleInetConditionHoldEnd: net=0, condition=100, published condition=0
W/Smack/Packet(  457): notify conn break (IOEx), close connection
D/ConnectivityService(  151): handleInetConditionHoldEnd: net=0, condition=0, published condition=100
I/EventLogService(  457): Aggregate from 1333746177437 (log), 1333746177437 (data)
I/ServiceDumpSys(  457): dumping service [account]
I/GTalkService/c(  457): [AndroidEndpoint@1094652632] connect: acct=1000001, state=CONNECTING
D/dalvikvm(  457): GC_CONCURRENT freed 403K, 7% free 10045K/10759K, paused 2ms+3ms
D/ConnectivityService(  151): handleInetConditionHoldEnd: net=0, condition=100, published condition=0
W/Smack/Packet(  457): notify conn break (IOEx), close connection
D/ConnectivityService(  151): handleInetConditionHoldEnd: net=0, condition=0, published condition=100
I/CheckinService(  457): Preparing to send checkin request
I/EventLogService(  457): Accumulating logs since 1333747977559
I/CheckinTask(  457): Sending checkin request (1634 bytes)
I/GTalkService/c(  457): [AndroidEndpoint@1094652632] connect: acct=1000001, state=CONNECTING
E/CheckinTask(  457): Checkin failed: https://android.clients.google.com/checkin (request #0): java.net.UnknownHostException: Unable to resolve host "android.clients.google.com": No address associated with hostname
D/dalvikvm(  151): GC_CONCURRENT freed 966K, 13% free 13311K/15175K, paused 17ms+5ms
I/CheckinService(  457): Preparing to send checkin request
I/EventLogService(  457): Accumulating logs since 1333748382605
D/dalvikvm(  151): GC_EXPLICIT freed 93K, 13% free 13221K/15175K, paused 2ms+4ms
