I/CameraCloud( 1062): 1333728695242: Picture successfully taken, ORIG BYTE LENGTH = 2099455
D/dalvikvm( 1062): GC_EXPLICIT freed 2K, 26% free 12421K/16775K, paused 16ms+3ms
I/CameraCloud( 1062): 1333728695575: Our new height x width: 240 x 320
I/CameraCloud( 1062): 1333728695575: Show photo from handle my camera take
I/CameraCloud( 1062): 1333728695576: client making photo packet to send to leader
I/CameraCloud( 1062): 1333728695600: BYTE SIZE AFTER COMPRESSION: 4747
I/CameraCloud( 1062): 1333728695600: sending new pic ....
I/CameraCloud( 1062): 1333728695600: Server request to url: http://hermes5.csail.mit.edu:8213/101/2/0/
I/CameraCloud( 1062): 1333728695707: Cloud server request length: 16699
I/CameraCloud( 1062): 1333728695708: about to execute HTTP POST
I/CameraCloud( 1062): 1333728695708: in serverRequest() about to httpclient.execute()
D/AudioHardware(   81): AudioHardware pcm playback is going to standby.
D/AudioHardware(   81): closePcmOut_l() mPcmOpenCnt: 1
D/dalvikvm(  151): GC_CONCURRENT freed 773K, 14% free 12422K/14407K, paused 3ms+6ms
D/dalvikvm(  314): GC_CONCURRENT freed 432K, 6% free 9503K/10055K, paused 19ms+2ms
I/CameraCloud( 1062): 1333728712625: CameraCloud Execute HTTP latency: 16917ms
I/CameraCloud( 1062): 1333728712627: finished executing HTTP POST, get data
I/CameraCloud( 1062): 1333728712628: make input stream reader for data
I/CameraCloud( 1062): 1333728712650: Cloud response length: 18
I/CameraCloud( 1062): 1333728712675: Returning cloud object
I/CameraCloud( 1062): 1333728712678: CameraCloud upload new photo latency = 17078
I/CameraCloud( 1062): 1333728712678: CameraCloud upload start 1333728695600 ~ stop 1333728712678
I/CameraCloud( 1062): 1333728712678: takeNum=9 takeCamGood=9 takeGoodSave=9 takeBad=0 getNum=15 getGood=15 getBad=0
I/CameraCloud( 1062): 1333728712679: SUCCESS! Client now knows saving photo on cloud server succeeded
I/CameraCloud( 1062): 1333728712679: RETURN STATUS: 12
I/CameraCloud( 1062): 1333728712689: Inside _enableButtons
I/CameraCloud( 1062): 1333728712689: areButtonsEnabled --> true
I/CameraCloud( 1062): 1333728712689: end of client send picture method
I/CameraCloud( 1062): 1333728712730: .......... GPS onLocationChanged ...... 
I/CameraCloud( 1062): 1333728712731: Loc = Location[mProvider=gps,mTime=1333815100000,mLatitude=42.366009882129006,mLongitude=-71.09946369172748,mHasAltitude=true,mAltitude=-23.0,mHasSpeed=true,mSpeed=0.0,mHasBearing=true,mBearing=37.7424,mHasAccuracy=true,mAccuracy=35.0,mExtras=Bundle[mParcelledData.dataSize=4]] Previous Region = (2,0)
I/CameraCloud( 1062): 1333728712732: GPS x/long:-71.09946369172748, GPS y/lat: 42.366009882129006. Region width in x: 51.96152422706632
I/CameraCloud( 1062): 1333728712732: location PINPOINTS to region = 2.0, previous 2
I/CameraCloud( 1062): 1333728712732: stay at region 2
I/CameraCloud( 1062): 1333728712733: .......... GPS onLocationChanged ...... 
I/CameraCloud( 1062): 1333728712734: Loc = Location[mProvider=gps,mTime=1333815103000,mLatitude=42.365898116902855,mLongitude=-71.09958619351909,mHasAltitude=true,mAltitude=-23.0,mHasSpeed=true,mSpeed=0.0,mHasBearing=true,mBearing=37.7424,mHasAccuracy=true,mAccuracy=20.0,mExtras=Bundle[mParcelledData.dataSize=4]] Previous Region = (2,0)
I/CameraCloud( 1062): 1333728712734: GPS x/long:-71.09958619351909, GPS y/lat: 42.365898116902855. Region width in x: 51.96152422706632
I/CameraCloud( 1062): 1333728712734: location PINPOINTS to region = 2.0, previous 2
I/CameraCloud( 1062): 1333728712735: stay at region 2
I/CameraCloud( 1062): 1333728712735: .......... GPS onLocationChanged ...... 
I/CameraCloud( 1062): 1333728712736: Loc = Location[mProvider=gps,mTime=1333815105000,mLatitude=42.365806375028114,mLongitude=-71.09969465691691,mHasAltitude=true,mAltitude=-22.0,mHasSpeed=true,mSpeed=0.0,mHasBearing=true,mBearing=37.7424,mHasAccuracy=true,mAccuracy=20.0,mExtras=Bundle[mParcelledData.dataSize=4]] Previous Region = (2,0)
I/CameraCloud( 1062): 1333728712736: GPS x/long:-71.09969465691691, GPS y/lat: 42.365806375028114. Region width in x: 51.96152422706632
I/CameraCloud( 1062): 1333728712737: location PINPOINTS to region = 2.0, previous 2
I/CameraCloud( 1062): 1333728712737: stay at region 2
I/CameraCloud( 1062): 1333728712738: .......... GPS onLocationChanged ...... 
I/CameraCloud( 1062): 1333728712738: Loc = Location[mProvider=gps,mTime=1333815107000,mLatitude=42.36570558965258,mLongitude=-71.09982126327863,mHasAltitude=true,mAltitude=-23.0,mHasSpeed=true,mSpeed=0.0,mHasBearing=true,mBearing=37.7424,mHasAccuracy=true,mAccuracy=15.0,mExtras=Bundle[mParcelledData.dataSize=4]] Previous Region = (2,0)
I/CameraCloud( 1062): 1333728712739: GPS x/long:-71.09982126327863, GPS y/lat: 42.36570558965258. Region width in x: 51.96152422706632
I/CameraCloud( 1062): 1333728712739: location PINPOINTS to region = 2.0, previous 2
I/CameraCloud( 1062): 1333728712739: stay at region 2
I/CameraCloud( 1062): 1333728712740: .......... GPS onLocationChanged ...... 
I/CameraCloud( 1062): 1333728712740: Loc = Location[mProvider=gps,mTime=1333815109000,mLatitude=42.36559662919941,mLongitude=-71.09996677001523,mHasAltitude=true,mAltitude=-23.0,mHasSpeed=true,mSpeed=0.0,mHasBearing=true,mBearing=37.7424,mHasAccuracy=true,mAccuracy=15.0,mExtras=Bundle[mParcelledData.dataSize=4]] Previous Region = (2,0)
I/CameraCloud( 1062): 1333728712741: GPS x/long:-71.09996677001523, GPS y/lat: 42.36559662919941. Region width in x: 51.96152422706632
I/CameraCloud( 1062): 1333728712741: location PINPOINTS to region = 2.0, previous 2
I/CameraCloud( 1062): 1333728712741: stay at region 2
I/CameraCloud( 1062): 1333728712742: .......... GPS onLocationChanged ...... 
I/CameraCloud( 1062): 1333728712742: Loc = Location[mProvider=gps,mTime=1333815111000,mLatitude=42.36547356758442,mLongitude=-71.1001385110307,mHasAltitude=true,mAltitude=-22.0,mHasSpeed=true,mSpeed=0.0,mHasBearing=true,mBearing=37.7424,mHasAccuracy=true,mAccuracy=15.0,mExtras=Bundle[mParcelledData.dataSize=4]] Previous Region = (2,0)
I/CameraCloud( 1062): 1333728712743: GPS x/long:-71.1001385110307, GPS y/lat: 42.36547356758442. Region width in x: 51.96152422706632
I/CameraCloud( 1062): 1333728712743: location PINPOINTS to region = 2.0, previous 2
I/CameraCloud( 1062): 1333728712743: stay at region 2
I/CameraCloud( 1062): 1333728712744: .......... GPS onLocationChanged ...... 
I/CameraCloud( 1062): 1333728712745: Loc = Location[mProvider=gps,mTime=1333815112000,mLatitude=42.36540827827333,mLongitude=-71.10023544106481,mHasAltitude=true,mAltitude=-23.0,mHasSpeed=true,mSpeed=0.0,mHasBearing=true,mBearing=37.7424,mHasAccuracy=true,mAccuracy=15.0,mExtras=Bundle[mParcelledData.dataSize=4]] Previous Region = (2,0)
I/CameraCloud( 1062): 1333728712745: GPS x/long:-71.10023544106481, GPS y/lat: 42.36540827827333. Region width in x: 51.96152422706632
I/CameraCloud( 1062): 1333728712745: location PINPOINTS to region = 2.0, previous 2
I/CameraCloud( 1062): 1333728712745: stay at region 2
I/CameraCloud( 1062): 1333728712755: .......... GPS onLocationChanged ...... 
I/CameraCloud( 1062): 1333728712756: Loc = Location[mProvider=gps,mTime=1333815113000,mLatitude=42.3653410929912,mLongitude=-71.10033133790282,mHasAltitude=true,mAltitude=-23.0,mHasSpeed=true,mSpeed=0.0,mHasBearing=true,mBearing=37.7424,mHasAccuracy=true,mAccuracy=15.0,mExtras=Bundle[mParcelledData.dataSize=4]] Previous Region = (2,0)
I/CameraCloud( 1062): 1333728712757: GPS x/long:-71.10033133790282, GPS y/lat: 42.3653410929912. Region width in x: 51.96152422706632
I/CameraCloud( 1062): 1333728712757: location PINPOINTS to region = 2.0, previous 2
I/CameraCloud( 1062): 1333728712757: stay at region 2
W/InputManagerService(  151): Window already focused, ignoring focus gain of: com.android.internal.view.IInputMethodClient$Stub$Proxy@416dfcb0
I/CameraCloud( 1062): 1333728713475: .......... GPS onLocationChanged ...... 
I/CameraCloud( 1062): 1333728713477: Loc = Location[mProvider=gps,mTime=1333815114000,mLatitude=42.36527684631671,mLongitude=-71.10042138990266,mHasAltitude=true,mAltitude=-23.0,mHasSpeed=true,mSpeed=0.0,mHasBearing=true,mBearing=37.7424,mHasAccuracy=true,mAccuracy=15.0,mExtras=Bundle[mParcelledData.dataSize=4]] Previous Region = (2,0)
I/CameraCloud( 1062): 1333728713478: GPS x/long:-71.10042138990266, GPS y/lat: 42.36527684631671. Region width in x: 51.96152422706632
I/CameraCloud( 1062): 1333728713478: location PINPOINTS to region = 2.0, previous 2
I/CameraCloud( 1062): 1333728713493: stay at region 2
I/CameraCloud( 1062): 1333728715464: .......... GPS onLocationChanged ...... 
I/CameraCloud( 1062): 1333728715465: Loc = Location[mProvider=gps,mTime=1333815116000,mLatitude=42.36514987743248,mLongitude=-71.10056776368654,mHasAltitude=true,mAltitude=-23.0,mHasSpeed=true,mSpeed=0.0,mHasBearing=true,mBearing=37.7424,mHasAccuracy=true,mAccuracy=15.0,mExtras=Bundle[mParcelledData.dataSize=4]] Previous Region = (2,0)
I/CameraCloud( 1062): 1333728715466: GPS x/long:-71.10056776368654, GPS y/lat: 42.36514987743248. Region width in x: 51.96152422706632
I/CameraCloud( 1062): 1333728715466: location PINPOINTS to region = 2.0, previous 2
I/CameraCloud( 1062): 1333728715466: stay at region 2
I/CameraCloud( 1062): 1333728717495: .......... GPS onLocationChanged ...... 
I/CameraCloud( 1062): 1333728717496: Loc = Location[mProvider=gps,mTime=1333815118000,mLatitude=42.365010978675635,mLongitude=-71.10066417037494,mHasAltitude=true,mAltitude=-23.0,mHasSpeed=true,mSpeed=0.0,mHasBearing=true,mBearing=37.7424,mHasAccuracy=true,mAccuracy=15.0,mExtras=Bundle[mParcelledData.dataSize=4]] Previous Region = (2,0)
I/CameraCloud( 1062): 1333728717497: GPS x/long:-71.10066417037494, GPS y/lat: 42.365010978675635. Region width in x: 51.96152422706632
I/CameraCloud( 1062): 1333728717497: location PINPOINTS to region = 2.0, previous 2
I/CameraCloud( 1062): 1333728717498: stay at region 2
I/CameraCloud( 1062): 1333728719464: .......... GPS onLocationChanged ...... 
I/CameraCloud( 1062): 1333728719465: Loc = Location[mProvider=gps,mTime=1333815120000,mLatitude=42.3648722876647,mLongitude=-71.10073009621134,mHasAltitude=true,mAltitude=-22.0,mHasSpeed=true,mSpeed=0.0,mHasBearing=true,mBearing=37.7424,mHasAccuracy=true,mAccuracy=15.0,mExtras=Bundle[mParcelledData.dataSize=4]] Previous Region = (2,0)
I/CameraCloud( 1062): 1333728719466: GPS x/long:-71.10073009621134, GPS y/lat: 42.3648722876647. Region width in x: 51.96152422706632
I/CameraCloud( 1062): 1333728719466: location PINPOINTS to region = 2.0, previous 2
I/CameraCloud( 1062): 1333728719467: stay at region 2
I/CameraCloud( 1062): 1333728721560: canPressButton = TRUE
I/CameraCloud( 1062): 1333728721560: areButtonsEnabled --> false
I/CameraCloud( 1062): 1333728721561: disabling buttons ...
I/CameraCloud( 1062): 1333728721562: new pic disableButtons XXX
I/CameraCloud( 1062): 1333728721567: areButtonsEnabled --> false
D/AudioHardware(   81): AudioHardware pcm playback is exiting standby.
D/AudioHardware(   81): openPcmOut_l() mPcmOpenCnt: 0
I/CameraCloud( 1062): 1333728721627: takeNum=10 takeCamGood=9 takeGoodSave=9 takeBad=0 getNum=15 getGood=15 getBad=0
I/CameraCloud( 1062): 1333728721628: ** Clicked take picture button **
I/CameraSurfaceView( 1062): inside getCamera()
I/CameraHardwareSec(   81): int android::CameraHardwareSec::previewThreadWrapper(): calling mSecCamera->stopPreview() and waiting
I/SecCamera(   81): int android::fimc_v4l2_querybuf(int, android::fimc_buffer*, v4l2_buf_type) :
I/SecCamera(   81): int android::fimc_v4l2_querybuf(int, android::fimc_buffer*, v4l2_buf_type): buffer->start = 0x44240000 v4l2_buf.length = 4261248
I/CameraHardwareSec(   81): == Camera Sensor Detect S5K4ECGX - Samsung LSI SOC 5M ==
D/JpegEncoder(   81): encode E
D/JpegEncoder(   81): encode X
D/SecCamera(   81): Shutter speed=2942 us, iso=50
D/SecCamera(   81): AV=3, TV=8, SV=4
D/JpegEncoder(   81): makeExif E
D/JpegEncoder(   81): makeExif X
I/SecCamera(   81): int android::SecCamera::endSnapshot() :
I/SecCamera(   81): munmap():virt. addr 0x44240000 size = 4261248
D/dalvikvm( 1062): GC_FOR_ALLOC freed 2963K, 38% free 10433K/16775K, paused 25ms
I/dalvikvm-heap( 1062): Grow heap (frag case) to 12.385MB for 2227835-byte allocation
D/dalvikvm( 1062): GC_CONCURRENT freed 35K, 26% free 12572K/16775K, paused 3ms+2ms
I/CameraCloud( 1062): 1333728722413: inside HandlePictureStorage onPictureTaken()
I/CameraCloud( 1062): 1333728722414: takeNum=10 takeCamGood=10 takeGoodSave=9 takeBad=0 getNum=15 getGood=15 getBad=0
D/CameraHardwareSec(   81): mPreviewHeap(fd(35), size(518400), width(720), height(480))
I/CameraHardwareSec(   81): int android::CameraHardwareSec::previewThreadWrapper(): return from wait
I/CameraCloud( 1062): 1333728722826: Picture successfully taken, ORIG BYTE LENGTH = 2227819
D/dalvikvm( 1062): GC_EXPLICIT freed 2K, 26% free 12573K/16775K, paused 17ms+3ms
I/CameraCloud( 1062): 1333728723128: Our new height x width: 240 x 320
I/CameraCloud( 1062): 1333728723128: Show photo from handle my camera take
I/CameraCloud( 1062): 1333728723128: client making photo packet to send to leader
I/CameraCloud( 1062): 1333728723152: BYTE SIZE AFTER COMPRESSION: 4901
I/CameraCloud( 1062): 1333728723153: sending new pic ....
I/CameraCloud( 1062): 1333728723153: Server request to url: http://hermes5.csail.mit.edu:8213/101/2/0/
I/CameraCloud( 1062): 1333728723266: Cloud server request length: 17301
I/CameraCloud( 1062): 1333728723266: about to execute HTTP POST
I/CameraCloud( 1062): 1333728723267: in serverRequest() about to httpclient.execute()
D/AudioHardware(   81): AudioHardware pcm playback is going to standby.
D/AudioHardware(   81): closePcmOut_l() mPcmOpenCnt: 1
D/dalvikvm(  151): GC_CONCURRENT freed 740K, 14% free 12412K/14407K, paused 10ms+15ms
I/GTalkService/c(  457): [AndroidEndpoint@1094652632] connect: acct=1000000, state=CONNECTING
E/GTalkService(  457): connectionClosed: no XMPPConnection - That's strange!
I/CameraCloud( 1062): 1333728738792: CameraCloud Execute HTTP latency: 15525ms
I/CameraCloud( 1062): 1333728738793: finished executing HTTP POST, get data
I/CameraCloud( 1062): 1333728738793: make input stream reader for data
I/CameraCloud( 1062): 1333728738793: Cloud response length: 18
I/CameraCloud( 1062): 1333728738794: Returning cloud object
I/CameraCloud( 1062): 1333728738796: CameraCloud upload new photo latency = 15643
I/CameraCloud( 1062): 1333728738796: CameraCloud upload start 1333728723153 ~ stop 1333728738796
I/CameraCloud( 1062): 1333728738797: takeNum=10 takeCamGood=10 takeGoodSave=10 takeBad=0 getNum=15 getGood=15 getBad=0
I/CameraCloud( 1062): 1333728738797: SUCCESS! Client now knows saving photo on cloud server succeeded
I/CameraCloud( 1062): 1333728738797: RETURN STATUS: 12
I/CameraCloud( 1062): 1333728738798: Inside _enableButtons
I/CameraCloud( 1062): 1333728738808: areButtonsEnabled --> true
I/CameraCloud( 1062): 1333728738808: end of client send picture method
W/InputManagerService(  151): Window already focused, ignoring focus gain of: com.android.internal.view.IInputMethodClient$Stub$Proxy@416f6398
I/CameraCloud( 1062): 1333728740146: canPressButton = TRUE
I/CameraCloud( 1062): 1333728740147: areButtonsEnabled --> false 
I/CameraCloud( 1062): 1333728740152: Inside get photo disableButtons XXX
D/AudioHardware(   81): AudioHardware pcm playback is exiting standby.
D/AudioHardware(   81): openPcmOut_l() mPcmOpenCnt: 0
I/CameraCloud( 1062): 1333728740215: takeNum=10 takeCamGood=10 takeGoodSave=10 takeBad=0 getNum=16 getGood=15 getBad=0
I/CameraCloud( 1062): 1333728740216: ** Clicked getphotos Button from region 5 **
I/CameraCloud( 1062): 1333728740216: Trying to get photo from server, about to call serverRequest()
I/CameraCloud( 1062): 1333728740217: Server request to url: http://hermes5.csail.mit.edu:8213/102/5/0/
I/CameraCloud( 1062): 1333728740262: Cloud server request length: 12
I/CameraCloud( 1062): 1333728740263: about to execute HTTP POST
I/CameraCloud( 1062): 1333728740263: in serverRequest() about to httpclient.execute()
D/ConnectivityService(  151): handleInetConditionHoldEnd: net=0, condition=0, published condition=0
I/CameraCloud( 1062): 1333728742613: CameraCloud Execute HTTP latency: 2350ms
I/CameraCloud( 1062): 1333728742614: finished executing HTTP POST, get data
I/CameraCloud( 1062): 1333728742615: make input stream reader for data
I/CameraCloud( 1062): 1333728742615: Cloud response length: 22432
I/CameraCloud( 1062): 1333728742616: Returning cloud object
D/AudioHardware(   81): AudioHardware pcm playback is going to standby.
D/AudioHardware(   81): closePcmOut_l() mPcmOpenCnt: 1
I/CameraCloud( 1062): 1333728744251: CameraCloud download photo latency = 4035
I/CameraCloud( 1062): 1333728744251: CameraCloud download start 1333728740216 ~ stop 1333728744251
I/CameraCloud( 1062): 1333728744252: takeNum=10 takeCamGood=10 takeGoodSave=10 takeBad=0 getNum=16 getGood=16 getBad=0
I/CameraCloud( 1062): 1333728744252: Success! Client getting photo from cloud server, showing photo...
I/CameraCloud( 1062): 1333728744253: Remote photo's length: 2391
D/dalvikvm( 1062): GC_EXPLICIT freed 3087K, 38% free 10465K/16775K, paused 1ms+3ms
I/CameraCloud( 1062): 1333728744309: Done with Get photos button for region 5
I/CameraCloud( 1062): 1333728744309: Inside _enableButtons
I/CameraCloud( 1062): 1333728744310: areButtonsEnabled --> true
W/InputManagerService(  151): Window already focused, ignoring focus gain of: com.android.internal.view.IInputMethodClient$Stub$Proxy@416d8170
I/CameraCloud( 1062): 1333728749348: canPressButton = TRUE
I/CameraCloud( 1062): 1333728749349: areButtonsEnabled --> false 
I/CameraCloud( 1062): 1333728749349: Inside get photo disableButtons XXX
D/AudioHardware(   81): AudioHardware pcm playback is exiting standby.
D/AudioHardware(   81): openPcmOut_l() mPcmOpenCnt: 0
I/CameraCloud( 1062): 1333728749410: takeNum=10 takeCamGood=10 takeGoodSave=10 takeBad=0 getNum=17 getGood=16 getBad=0
I/CameraCloud( 1062): 1333728749411: ** Clicked getphotos Button from region 4 **
I/CameraCloud( 1062): 1333728749411: Trying to get photo from server, about to call serverRequest()
I/CameraCloud( 1062): 1333728749411: Server request to url: http://hermes5.csail.mit.edu:8213/102/4/0/
I/CameraCloud( 1062): 1333728749414: Cloud server request length: 12
I/CameraCloud( 1062): 1333728749414: about to execute HTTP POST
I/CameraCloud( 1062): 1333728749414: in serverRequest() about to httpclient.execute()
D/dalvikvm( 1062): GC_CONCURRENT freed 421K, 38% free 10446K/16775K, paused 23ms+2ms
I/CameraCloud( 1062): 1333728751146: CameraCloud Execute HTTP latency: 1732ms
I/CameraCloud( 1062): 1333728751148: finished executing HTTP POST, get data
I/CameraCloud( 1062): 1333728751149: make input stream reader for data
I/CameraCloud( 1062): 1333728751170: Cloud response length: 43722
I/CameraCloud( 1062): 1333728751181: Returning cloud object
D/AudioHardware(   81): AudioHardware pcm playback is going to standby.
D/AudioHardware(   81): closePcmOut_l() mPcmOpenCnt: 1
I/CameraCloud( 1062): 1333728756840: CameraCloud download photo latency = 7429
I/CameraCloud( 1062): 1333728756841: CameraCloud download start 1333728749411 ~ stop 1333728756840
I/CameraCloud( 1062): 1333728756841: takeNum=10 takeCamGood=10 takeGoodSave=10 takeBad=0 getNum=17 getGood=17 getBad=0
I/CameraCloud( 1062): 1333728756842: Success! Client getting photo from cloud server, showing photo...
I/CameraCloud( 1062): 1333728756842: Remote photo's length: 4588
D/dalvikvm( 1062): GC_EXPLICIT freed 157K, 38% free 10440K/16775K, paused 2ms+3ms
I/CameraCloud( 1062): 1333728756901: Done with Get photos button for region 4
I/CameraCloud( 1062): 1333728756901: Inside _enableButtons
I/CameraCloud( 1062): 1333728756902: areButtonsEnabled --> true
W/InputManagerService(  151): Window already focused, ignoring focus gain of: com.android.internal.view.IInputMethodClient$Stub$Proxy@41395e48
I/CameraCloud( 1062): 1333728759535: canPressButton = TRUE
I/CameraCloud( 1062): 1333728759536: areButtonsEnabled --> false 
I/CameraCloud( 1062): 1333728759536: Inside get photo disableButtons XXX
D/AudioHardware(   81): AudioHardware pcm playback is exiting standby.
D/AudioHardware(   81): openPcmOut_l() mPcmOpenCnt: 0
I/CameraCloud( 1062): 1333728759568: takeNum=10 takeCamGood=10 takeGoodSave=10 takeBad=0 getNum=18 getGood=17 getBad=0
I/CameraCloud( 1062): 1333728759569: ** Clicked getphotos Button from region 3 **
I/CameraCloud( 1062): 1333728759569: Trying to get photo from server, about to call serverRequest()
I/CameraCloud( 1062): 1333728759570: Server request to url: http://hermes5.csail.mit.edu:8213/102/3/0/
I/CameraCloud( 1062): 1333728759572: Cloud server request length: 12
I/CameraCloud( 1062): 1333728759573: about to execute HTTP POST
I/CameraCloud( 1062): 1333728759573: in serverRequest() about to httpclient.execute()
D/dalvikvm( 1062): GC_CONCURRENT freed 392K, 38% free 10450K/16775K, paused 3ms+5ms
I/CameraCloud( 1062): 1333728762561: CameraCloud Execute HTTP latency: 2988ms
I/CameraCloud( 1062): 1333728762562: finished executing HTTP POST, get data
I/CameraCloud( 1062): 1333728762562: make input stream reader for data
I/CameraCloud( 1062): 1333728762563: Cloud response length: 42767
I/CameraCloud( 1062): 1333728762564: Returning cloud object
D/AudioHardware(   81): AudioHardware pcm playback is going to standby.
D/AudioHardware(   81): closePcmOut_l() mPcmOpenCnt: 1
D/dalvikvm(  151): GC_CONCURRENT freed 692K, 14% free 12448K/14407K, paused 2ms+6ms
I/CameraCloud( 1062): 1333728768745: CameraCloud download photo latency = 9176
I/CameraCloud( 1062): 1333728768746: CameraCloud download start 1333728759569 ~ stop 1333728768745
I/CameraCloud( 1062): 1333728768746: takeNum=10 takeCamGood=10 takeGoodSave=10 takeBad=0 getNum=18 getGood=18 getBad=0
I/CameraCloud( 1062): 1333728768746: Success! Client getting photo from cloud server, showing photo...
I/CameraCloud( 1062): 1333728768746: Remote photo's length: 4489
D/dalvikvm( 1062): GC_EXPLICIT freed 155K, 38% free 10444K/16775K, paused 2ms+3ms
I/CameraCloud( 1062): 1333728768801: Done with Get photos button for region 3
I/CameraCloud( 1062): 1333728768801: Inside _enableButtons
I/CameraCloud( 1062): 1333728768801: areButtonsEnabled --> true
I/CameraCloud( 1062): 1333728768870: canPressButton = TRUE
I/CameraCloud( 1062): 1333728768870: areButtonsEnabled --> false 
I/CameraCloud( 1062): 1333728768870: Inside get photo disableButtons XXX
D/AudioHardware(   81): AudioHardware pcm playback is exiting standby.
D/AudioHardware(   81): openPcmOut_l() mPcmOpenCnt: 0
I/CameraCloud( 1062): 1333728768897: takeNum=10 takeCamGood=10 takeGoodSave=10 takeBad=0 getNum=19 getGood=18 getBad=0
I/CameraCloud( 1062): 1333728768898: ** Clicked getphotos Button from region 2 **
I/CameraCloud( 1062): 1333728768898: Trying to get photo from server, about to call serverRequest()
I/CameraCloud( 1062): 1333728768899: Server request to url: http://hermes5.csail.mit.edu:8213/102/2/0/
I/CameraCloud( 1062): 1333728768900: Cloud server request length: 12
I/CameraCloud( 1062): 1333728768901: about to execute HTTP POST
I/CameraCloud( 1062): 1333728768901: in serverRequest() about to httpclient.execute()
D/dalvikvm( 1062): GC_CONCURRENT freed 360K, 38% free 10486K/16775K, paused 4ms+2ms
D/AudioHardware(   81): AudioHardware pcm playback is going to standby.
D/AudioHardware(   81): closePcmOut_l() mPcmOpenCnt: 1
I/CameraCloud( 1062): 1333728772732: CameraCloud Execute HTTP latency: 3831ms
I/CameraCloud( 1062): 1333728772734: finished executing HTTP POST, get data
I/CameraCloud( 1062): 1333728772735: make input stream reader for data
I/CameraCloud( 1062): 1333728772737: Cloud response length: 46703
I/CameraCloud( 1062): 1333728772765: Returning cloud object
I/CameraCloud( 1062): 1333728776100: CameraCloud download photo latency = 7202
I/CameraCloud( 1062): 1333728776101: CameraCloud download start 1333728768898 ~ stop 1333728776100
I/CameraCloud( 1062): 1333728776101: takeNum=10 takeCamGood=10 takeGoodSave=10 takeBad=0 getNum=19 getGood=19 getBad=0
I/CameraCloud( 1062): 1333728776102: Success! Client getting photo from cloud server, showing photo...
I/CameraCloud( 1062): 1333728776102: Remote photo's length: 4901
D/dalvikvm( 1062): GC_EXPLICIT freed 153K, 38% free 10485K/16775K, paused 2ms+3ms
I/CameraCloud( 1062): 1333728776165: Done with Get photos button for region 2
I/CameraCloud( 1062): 1333728776166: Inside _enableButtons
I/CameraCloud( 1062): 1333728776166: areButtonsEnabled --> true
W/InputManagerService(  151): Window already focused, ignoring focus gain of: com.android.internal.view.IInputMethodClient$Stub$Proxy@415816a0
W/InputManagerService(  151): Window already focused, ignoring focus gain of: com.android.internal.view.IInputMethodClient$Stub$Proxy@415c1070
I/CameraCloud( 1062): 1333728779219: canPressButton = TRUE
I/CameraCloud( 1062): 1333728779220: areButtonsEnabled --> false 
I/CameraCloud( 1062): 1333728779223: Inside get photo disableButtons XXX
D/AudioHardware(   81): AudioHardware pcm playback is exiting standby.
D/AudioHardware(   81): openPcmOut_l() mPcmOpenCnt: 0
I/CameraCloud( 1062): 1333728779269: takeNum=10 takeCamGood=10 takeGoodSave=10 takeBad=0 getNum=20 getGood=19 getBad=0
I/CameraCloud( 1062): 1333728779269: ** Clicked getphotos Button from region 1 **
I/CameraCloud( 1062): 1333728779269: Trying to get photo from server, about to call serverRequest()
I/CameraCloud( 1062): 1333728779270: Server request to url: http://hermes5.csail.mit.edu:8213/102/1/0/
I/CameraCloud( 1062): 1333728779272: Cloud server request length: 12
I/CameraCloud( 1062): 1333728779272: about to execute HTTP POST
I/CameraCloud( 1062): 1333728779272: in serverRequest() about to httpclient.execute()
D/dalvikvm(  218): GC_CONCURRENT freed 444K, 6% free 10313K/10887K, paused 2ms+5ms
D/dalvikvm( 1062): GC_CONCURRENT freed 425K, 38% free 10462K/16775K, paused 5ms+3ms
D/AudioHardware(   81): AudioHardware pcm playback is going to standby.
D/AudioHardware(   81): closePcmOut_l() mPcmOpenCnt: 1
I/CameraCloud( 1062): 1333728782753: CameraCloud Execute HTTP latency: 3481ms
I/CameraCloud( 1062): 1333728782754: finished executing HTTP POST, get data
I/CameraCloud( 1062): 1333728782756: make input stream reader for data
I/CameraCloud( 1062): 1333728782772: Cloud response length: 46498
I/CameraCloud( 1062): 1333728782786: Returning cloud object
D/dalvikvm( 1294): GC_CONCURRENT freed 374K, 7% free 10040K/10759K, paused 3ms+13ms
I/CameraCloud( 1062): 1333728787964: CameraCloud download photo latency = 8694
I/CameraCloud( 1062): 1333728787965: CameraCloud download start 1333728779270 ~ stop 1333728787964
I/CameraCloud( 1062): 1333728787965: takeNum=10 takeCamGood=10 takeGoodSave=10 takeBad=0 getNum=20 getGood=20 getBad=0
I/CameraCloud( 1062): 1333728787966: Success! Client getting photo from cloud server, showing photo...
I/CameraCloud( 1062): 1333728787966: Remote photo's length: 4886
D/dalvikvm( 1062): GC_EXPLICIT freed 165K, 38% free 10452K/16775K, paused 3ms+14ms
I/CameraCloud( 1062): 1333728788029: Done with Get photos button for region 1
I/CameraCloud( 1062): 1333728788029: Inside _enableButtons
I/CameraCloud( 1062): 1333728788030: areButtonsEnabled --> true
W/InputManagerService(  151): Window already focused, ignoring focus gain of: com.android.internal.view.IInputMethodClient$Stub$Proxy@416a0158
I/CameraCloud( 1062): 1333728789722: canPressButton = TRUE
I/CameraCloud( 1062): 1333728789724: areButtonsEnabled --> false 
I/CameraCloud( 1062): 1333728789725: Inside get photo disableButtons XXX
D/AudioHardware(   81): AudioHardware pcm playback is exiting standby.
D/AudioHardware(   81): openPcmOut_l() mPcmOpenCnt: 0
I/CameraCloud( 1062): 1333728789836: takeNum=10 takeCamGood=10 takeGoodSave=10 takeBad=0 getNum=21 getGood=20 getBad=0
I/CameraCloud( 1062): 1333728789837: ** Clicked getphotos Button from region 0 **
I/CameraCloud( 1062): 1333728789837: Trying to get photo from server, about to call serverRequest()
I/CameraCloud( 1062): 1333728789838: Server request to url: http://hermes5.csail.mit.edu:8213/102/0/0/
I/CameraCloud( 1062): 1333728789849: Cloud server request length: 12
I/CameraCloud( 1062): 1333728789850: about to execute HTTP POST
I/CameraCloud( 1062): 1333728789850: in serverRequest() about to httpclient.execute()
D/dalvikvm( 1062): GC_CONCURRENT freed 393K, 38% free 10462K/16775K, paused 24ms+2ms
I/CameraCloud( 1062): 1333728792215: CameraCloud Execute HTTP latency: 2365ms
I/CameraCloud( 1062): 1333728792216: finished executing HTTP POST, get data
I/CameraCloud( 1062): 1333728792216: make input stream reader for data
I/CameraCloud( 1062): 1333728792217: Cloud response length: 28450
I/CameraCloud( 1062): 1333728792219: Returning cloud object
D/AudioHardware(   81): AudioHardware pcm playback is going to standby.
D/AudioHardware(   81): closePcmOut_l() mPcmOpenCnt: 1
I/CameraCloud( 1062): 1333728796360: CameraCloud download photo latency = 6523
I/CameraCloud( 1062): 1333728796361: CameraCloud download start 1333728789837 ~ stop 1333728796360
I/CameraCloud( 1062): 1333728796361: takeNum=10 takeCamGood=10 takeGoodSave=10 takeBad=0 getNum=21 getGood=21 getBad=0
I/CameraCloud( 1062): 1333728796362: Success! Client getting photo from cloud server, showing photo...
I/CameraCloud( 1062): 1333728796362: Remote photo's length: 3015
D/dalvikvm( 1062): GC_EXPLICIT freed 116K, 38% free 10454K/16775K, paused 2ms+13ms
I/CameraCloud( 1062): 1333728796424: Done with Get photos button for region 0
I/CameraCloud( 1062): 1333728796424: Inside _enableButtons
I/CameraCloud( 1062): 1333728796424: areButtonsEnabled --> true
W/InputManagerService(  151): Window already focused, ignoring focus gain of: com.android.internal.view.IInputMethodClient$Stub$Proxy@4166e4f0
I/CameraCloud( 1062): 1333728800037: canPressButton = TRUE
I/CameraCloud( 1062): 1333728800038: areButtonsEnabled --> false 
I/CameraCloud( 1062): 1333728800039: Inside get photo disableButtons XXX
D/AudioHardware(   81): AudioHardware pcm playback is exiting standby.
D/AudioHardware(   81): openPcmOut_l() mPcmOpenCnt: 0
I/CameraCloud( 1062): 1333728800097: takeNum=10 takeCamGood=10 takeGoodSave=10 takeBad=0 getNum=22 getGood=21 getBad=0
I/CameraCloud( 1062): 1333728800098: ** Clicked getphotos Button from region 3 **
I/CameraCloud( 1062): 1333728800098: Trying to get photo from server, about to call serverRequest()
I/CameraCloud( 1062): 1333728800098: Server request to url: http://hermes5.csail.mit.edu:8213/102/3/0/
I/CameraCloud( 1062): 1333728800112: Cloud server request length: 12
I/CameraCloud( 1062): 1333728800153: about to execute HTTP POST
I/CameraCloud( 1062): 1333728800153: in serverRequest() about to httpclient.execute()
D/dalvikvm( 1062): GC_CONCURRENT freed 391K, 38% free 10466K/16775K, paused 26ms+2ms
I/CameraCloud( 1062): 1333728802504: CameraCloud Execute HTTP latency: 2351ms
I/CameraCloud( 1062): 1333728802504: finished executing HTTP POST, get data
I/CameraCloud( 1062): 1333728802505: make input stream reader for data
I/CameraCloud( 1062): 1333728802505: Cloud response length: 42767
I/CameraCloud( 1062): 1333728802506: Returning cloud object
D/AudioHardware(   81): AudioHardware pcm playback is going to standby.
D/AudioHardware(   81): closePcmOut_l() mPcmOpenCnt: 1
I/CameraCloud( 1062): 1333728809582: CameraCloud download photo latency = 9484
I/CameraCloud( 1062): 1333728809583: CameraCloud download start 1333728800098 ~ stop 1333728809582
I/CameraCloud( 1062): 1333728809584: takeNum=10 takeCamGood=10 takeGoodSave=10 takeBad=0 getNum=22 getGood=22 getBad=0
I/CameraCloud( 1062): 1333728809584: Success! Client getting photo from cloud server, showing photo...
I/CameraCloud( 1062): 1333728809585: Remote photo's length: 4489
D/dalvikvm( 1062): GC_EXPLICIT freed 155K, 38% free 10460K/16775K, paused 4ms+3ms
I/CameraCloud( 1062): 1333728809661: Done with Get photos button for region 3
I/CameraCloud( 1062): 1333728809661: Inside _enableButtons
I/CameraCloud( 1062): 1333728809661: areButtonsEnabled --> true
W/InputManagerService(  151): Window already focused, ignoring focus gain of: com.android.internal.view.IInputMethodClient$Stub$Proxy@415b54a8
D/dalvikvm(  151): GC_CONCURRENT freed 730K, 14% free 12451K/14407K, paused 2ms+16ms
I/CameraCloud( 1062): 1333728812513: .......... GPS onLocationChanged ...... 
I/CameraCloud( 1062): 1333728812514: Loc = Location[mProvider=gps,mTime=1333815213000,mLatitude=42.36378010669878,mLongitude=-71.10137728405678,mHasAltitude=true,mAltitude=-22.0,mHasSpeed=true,mSpeed=0.0,mHasBearing=true,mBearing=37.7424,mHasAccuracy=true,mAccuracy=40.0,mExtras=Bundle[mParcelledData.dataSize=4]] Previous Region = (2,0)
I/CameraCloud( 1062): 1333728812514: GPS x/long:-71.10137728405678, GPS y/lat: 42.36378010669878. Region width in x: 51.96152422706632
I/CameraCloud( 1062): 1333728812515: location PINPOINTS to region = 2.0, previous 2
I/CameraCloud( 1062): 1333728812515: stay at region 2
D/dalvikvm(  314): GC_CONCURRENT freed 423K, 6% free 9503K/10055K, paused 2ms+2ms
D/dalvikvm(  151): GC_EXPLICIT freed 206K, 15% free 12355K/14407K, paused 2ms+5ms
I/CameraCloud( 1062): 1333728819416: canPressButton = TRUE
I/CameraCloud( 1062): 1333728819416: areButtonsEnabled --> false
I/CameraCloud( 1062): 1333728819417: disabling buttons ...
I/CameraCloud( 1062): 1333728819418: new pic disableButtons XXX
I/CameraCloud( 1062): 1333728819418: areButtonsEnabled --> false
D/AudioHardware(   81): AudioHardware pcm playback is exiting standby.
D/AudioHardware(   81): openPcmOut_l() mPcmOpenCnt: 0
I/CameraCloud( 1062): 1333728819535: takeNum=11 takeCamGood=10 takeGoodSave=10 takeBad=0 getNum=22 getGood=22 getBad=0
I/CameraCloud( 1062): 1333728819535: ** Clicked take picture button **
I/CameraSurfaceView( 1062): inside getCamera()
I/CameraHardwareSec(   81): int android::CameraHardwareSec::previewThreadWrapper(): calling mSecCamera->stopPreview() and waiting
I/SecCamera(   81): int android::fimc_v4l2_querybuf(int, android::fimc_buffer*, v4l2_buf_type) :
I/SecCamera(   81): int android::fimc_v4l2_querybuf(int, android::fimc_buffer*, v4l2_buf_type): buffer->start = 0x44192000 v4l2_buf.length = 4261248
I/CameraHardwareSec(   81): == Camera Sensor Detect S5K4ECGX - Samsung LSI SOC 5M ==
D/JpegEncoder(   81): encode E
D/JpegEncoder(   81): encode X
D/SecCamera(   81): Shutter speed=2187 us, iso=50
D/SecCamera(   81): AV=3, TV=9, SV=4
D/JpegEncoder(   81): makeExif E
D/JpegEncoder(   81): makeExif X
I/SecCamera(   81): int android::SecCamera::endSnapshot() :
I/SecCamera(   81): munmap():virt. addr 0x44192000 size = 4261248
D/dalvikvm( 1062): GC_FOR_ALLOC freed 393K, 38% free 10438K/16775K, paused 18ms
I/dalvikvm-heap( 1062): Grow heap (frag case) to 11.956MB for 1772442-byte allocation
D/dalvikvm( 1062): GC_CONCURRENT freed 7K, 28% free 12162K/16775K, paused 2ms+2ms
I/CameraCloud( 1062): 1333728820251: inside HandlePictureStorage onPictureTaken()
I/CameraCloud( 1062): 1333728820251: takeNum=11 takeCamGood=11 takeGoodSave=10 takeBad=0 getNum=22 getGood=22 getBad=0
D/CameraHardwareSec(   81): mPreviewHeap(fd(35), size(518400), width(720), height(480))
I/CameraHardwareSec(   81): int android::CameraHardwareSec::previewThreadWrapper(): return from wait
I/CameraCloud( 1062): 1333728820607: Picture successfully taken, ORIG BYTE LENGTH = 1772426
D/dalvikvm( 1062): GC_EXPLICIT freed 2K, 28% free 12162K/16775K, paused 9ms+3ms
I/CameraCloud( 1062): 1333728820875: Our new height x width: 240 x 320
I/CameraCloud( 1062): 1333728820875: Show photo from handle my camera take
I/CameraCloud( 1062): 1333728820876: client making photo packet to send to leader
I/CameraCloud( 1062): 1333728820900: BYTE SIZE AFTER COMPRESSION: 4553
I/CameraCloud( 1062): 1333728820900: sending new pic ....
I/CameraCloud( 1062): 1333728820901: Server request to url: http://hermes5.csail.mit.edu:8213/101/2/0/
I/CameraCloud( 1062): 1333728821014: Cloud server request length: 15927
I/CameraCloud( 1062): 1333728821014: about to execute HTTP POST
I/CameraCloud( 1062): 1333728821015: in serverRequest() about to httpclient.execute()
D/AudioHardware(   81): AudioHardware pcm playback is going to standby.
D/AudioHardware(   81): closePcmOut_l() mPcmOpenCnt: 1
D/dalvikvm(  151): GC_CONCURRENT freed 664K, 14% free 12408K/14407K, paused 3ms+5ms
I/CameraCloud( 1062): 1333728855577: CameraCloud Execute HTTP latency: 34562ms
I/CameraCloud( 1062): 1333728855578: finished executing HTTP POST, get data
I/CameraCloud( 1062): 1333728855579: make input stream reader for data
I/CameraCloud( 1062): 1333728855580: Cloud response length: 18
I/CameraCloud( 1062): 1333728855580: Returning cloud object
I/CameraCloud( 1062): 1333728855594: CameraCloud upload new photo latency = 34693
I/CameraCloud( 1062): 1333728855596: CameraCloud upload start 1333728820901 ~ stop 1333728855594
I/CameraCloud( 1062): 1333728855597: takeNum=11 takeCamGood=11 takeGoodSave=11 takeBad=0 getNum=22 getGood=22 getBad=0
I/CameraCloud( 1062): 1333728855597: SUCCESS! Client now knows saving photo on cloud server succeeded
I/CameraCloud( 1062): 1333728855598: RETURN STATUS: 12
I/CameraCloud( 1062): 1333728855598: Inside _enableButtons
I/CameraCloud( 1062): 1333728855599: areButtonsEnabled --> true
I/CameraCloud( 1062): 1333728855600: end of client send picture method
I/CameraCloud( 1062): 1333728855654: .......... GPS onLocationChanged ...... 
I/CameraCloud( 1062): 1333728855654: Loc = Location[mProvider=gps,mTime=1333815224000,mLatitude=42.36395940858881,mLongitude=-71.10120092467433,mHasAltitude=true,mAltitude=-34.0,mHasSpeed=true,mSpeed=0.0,mHasBearing=true,mBearing=37.7424,mHasAccuracy=true,mAccuracy=30.0,mExtras=Bundle[mParcelledData.dataSize=4]] Previous Region = (2,0)
I/CameraCloud( 1062): 1333728855655: GPS x/long:-71.10120092467433, GPS y/lat: 42.36395940858881. Region width in x: 51.96152422706632
I/CameraCloud( 1062): 1333728855655: location PINPOINTS to region = 2.0, previous 2
I/CameraCloud( 1062): 1333728855656: stay at region 2
I/CameraCloud( 1062): 1333728855656: .......... GPS onLocationChanged ...... 
I/CameraCloud( 1062): 1333728855657: Loc = Location[mProvider=gps,mTime=1333815252000,mLatitude=42.363949498758736,mLongitude=-71.10106976948676,mHasAltitude=true,mAltitude=-22.0,mHasSpeed=true,mSpeed=0.0,mHasBearing=true,mBearing=37.7424,mHasAccuracy=true,mAccuracy=15.0,mExtras=Bundle[mParcelledData.dataSize=4]] Previous Region = (2,0)
I/CameraCloud( 1062): 1333728855657: GPS x/long:-71.10106976948676, GPS y/lat: 42.363949498758736. Region width in x: 51.96152422706632
I/CameraCloud( 1062): 1333728855657: location PINPOINTS to region = 1.0, previous 2
I/CameraCloud( 1062): 1333728855658: location is INSIDE BOUNDARY, stay at prev region = (2,0)
W/InputManagerService(  151): Window already focused, ignoring focus gain of: com.android.internal.view.IInputMethodClient$Stub$Proxy@4166a1c8
I/CameraCloud( 1062): 1333728866483: .......... GPS onLocationChanged ...... 
I/CameraCloud( 1062): 1333728866485: Loc = Location[mProvider=gps,mTime=1333815267000,mLatitude=42.36396239690826,mLongitude=-71.10093429383406,mHasAltitude=true,mAltitude=-23.0,mHasSpeed=true,mSpeed=0.0,mHasBearing=true,mBearing=37.7424,mHasAccuracy=true,mAccuracy=15.0,mExtras=Bundle[mParcelledData.dataSize=4]] Previous Region = (2,0)
I/CameraCloud( 1062): 1333728866485: GPS x/long:-71.10093429383406, GPS y/lat: 42.36396239690826. Region width in x: 51.96152422706632
I/CameraCloud( 1062): 1333728866486: location PINPOINTS to region = 1.0, previous 2
I/CameraCloud( 1062): 1333728866487: location CHANGED TO NEW region = (1,0) from region = (2,0)
I/CameraCloud( 1062): 1333728866490: moving from region (2,0), to (1,0)
D/dalvikvm(  151): GC_CONCURRENT freed 735K, 14% free 12419K/14407K, paused 3ms+5ms
I/CameraCloud( 1062): 1333728867251: HI I'm in ONPAUSE()
W/InputManagerService(  151): Starting input on non-focused client com.android.internal.view.IInputMethodClient$Stub$Proxy@4156cb00 (uid=10066 pid=1062)
I/CameraSurfaceView( 1062): inside surfaceDestroyed()
I/CameraHardwareSec(   81): int android::CameraHardwareSec::previewThreadWrapper(): calling mSecCamera->stopPreview() and waiting
I/CameraSurfaceView( 1062): inside surfaceDestroyed()
I/CameraHardwareSec(   81): void android::CameraHardwareSec::stopPreviewInternal() : preview not running, doing nothing
I/CameraHardwareSec(   81): int android::CameraHardwareSec::previewThreadWrapper(): return from wait
I/CameraHardwareSec(   81): int android::CameraHardwareSec::previewThreadWrapper(): exiting
W/SecCamera(   81): int android::SecCamera::stopPreview(): doing nothing because m_flag_camera_start is zero
W/SecCamera(   81): int android::SecCamera::stopRecord(): doing nothing because m_flag_record_start is zero
I/SecCamera(   81): DeinitCamera: m_cam_fd(35)
I/SecCamera(   81): DeinitCamera: m_cam_fd2(36)
E/CameraHardwareSec(   81): preview window is NULL!
I/CameraService(   81): Destroying camera 0
I/CameraHardwareSec(   81): int android::HAL_camera_device_close(hw_device_t*)
I/SecCamera(   81): DeinitCamera : already deinitialized
W/AudioFlinger(   81): session id 8 not found for pid 81
W/AudioFlinger(   81): session id 9 not found for pid 81
I/ActivityManager(  151): No longer want com.google.android.talk (pid 766): hidden #16
I/CameraCloud( 1062): 1333728867992: inside onDestroy()
I/CameraCloud( 1062): 1333728867995: no camera to close
I/CameraCloud( 1062): 1333728867995: close everything else
D/dalvikvm(  218): GC_FOR_ALLOC freed 300K, 8% free 10103K/10887K, paused 20ms
D/dalvikvm(  218): GC_FOR_ALLOC freed 183K, 8% free 10096K/10887K, paused 18ms
D/dalvikvm(  218): GC_FOR_ALLOC freed 159K, 8% free 10096K/10887K, paused 17ms
D/dalvikvm(  218): GC_FOR_ALLOC freed 135K, 8% free 10096K/10887K, paused 15ms
D/dalvikvm(  218): GC_FOR_ALLOC freed 172K, 8% free 10096K/10887K, paused 16ms
I/WindowManager(  151): WIN DEATH: Window{416fd0a8 SurfaceView paused=false}
I/ActivityManager(  151): Process edu.mit.haoqili.camera_cloud (pid 1062) has died.
I/WindowManager(  151): WIN DEATH: Window{416fbce0 edu.mit.haoqili.camera_cloud/edu.mit.haoqili.camera_cloud.CameraCloud paused=false}
W/ActivityManager(  151): Activity destroy timeout for ActivityRecord{416afed8 edu.mit.haoqili.camera_cloud/.CameraCloud}
I/GPS     (  151): gps_engine_status_update: called release_wakelock_cb
I/power   (  151): *** set_screen_state 0
D/SurfaceFlinger(   78): About to give-up screen, flinger = 0x1cf0918
D/NfcService(  329): NFC-C OFF, disconnect
D/dalvikvm(  151): GC_CONCURRENT freed 322K, 11% free 12944K/14407K, paused 3ms+4ms
V/TransportControlView(  151): Create TCV com.android.internal.widget.TransportControlView@416f7f70
D/PhoneStatusBar(  218): disable: < expand icons alerts ticker system_info back home RECENT* clock >
D/AudioHardware(   81): AudioHardware pcm playback is exiting standby.
D/AudioHardware(   81): openPcmOut_l() mPcmOpenCnt: 0
D/PhoneStatusBar(  218): disable: < expand icons alerts ticker system_info BACK* HOME* RECENT CLOCK* >
D/AudioHardware(   81): AudioHardware pcm playback is going to standby.
D/AudioHardware(   81): closePcmOut_l() mPcmOpenCnt: 1
I/GTalkService/c(  457): [AndroidEndpoint@1094652632] connect: acct=1000000, state=CONNECTING
D/dalvikvm(  457): GC_CONCURRENT freed 421K, 6% free 10072K/10631K, paused 14ms+3ms
D/ConnectivityService(  151): handleInetConditionHoldEnd: net=0, condition=100, published condition=0
W/Smack/Packet(  457): notify conn break (IOEx), close connection
D/ConnectivityService(  151): handleInetConditionHoldEnd: net=0, condition=0, published condition=100
D/dalvikvm(  314): GC_CONCURRENT freed 428K, 6% free 9504K/10055K, paused 6ms+2ms
I/GTalkService/c(  457): [AndroidEndpoint@1094652632] connect: acct=1000000, state=CONNECTING
D/ConnectivityService(  151): handleInetConditionHoldEnd: net=0, condition=100, published condition=0
W/Smack/Packet(  457): notify conn break (IOEx), close connection
D/ConnectivityService(  151): handleInetConditionHoldEnd: net=0, condition=0, published condition=100
I/GTalkService/c(  457): [AndroidEndpoint@1094652632] connect: acct=1000000, state=CONNECTING
D/dalvikvm(  457): GC_CONCURRENT freed 454K, 6% free 10076K/10631K, paused 1ms+3ms
D/ConnectivityService(  151): handleInetConditionHoldEnd: net=0, condition=100, published condition=0
W/Smack/Packet(  457): notify conn break (IOEx), close connection
D/dalvikvm(  151): GC_CONCURRENT freed 548K, 9% free 13254K/14407K, paused 19ms+4ms
D/ConnectivityService(  151): handleInetConditionHoldEnd: net=0, condition=0, published condition=100
I/System.out( 1294): [INFO:1127251]: c: Running flush
I/System.out( 1294): [INFO:1127252]: c: Sending payload [bytes=364]
D/AlarmManagerService(  151): Kernel timezone updated to 240 minutes west of GMT
V/AlarmClock(  562): AlarmInitReceiver finished
D/SystemClock(  314): Setting time of day to sec=1333729671
I/System.out( 1294): [INFO:1132252]: c: Running delayed flush
I/System.out( 1294): [INFO:1132264]: c: Running flush
D/dalvikvm( 1294): GC_CONCURRENT freed 411K, 7% free 10058K/10759K, paused 2ms+2ms
I/System.out( 1294): [INFO:1134872]: c: Response [http=200,length=20]
I/System.out( 1294): [INFO:1134877]: c: Read id 3, status code 200
D/AlarmManagerService(  151): Kernel timezone updated to 240 minutes west of GMT
D/SystemClock(  314): Setting time of day to sec=1333729786
V/AlarmClock(  562): AlarmInitReceiver finished
I/GTalkService/c(  457): [AndroidEndpoint@1094652632] connect: acct=1000000, state=CONNECTING
D/ConnectivityService(  151): handleInetConditionHoldEnd: net=0, condition=100, published condition=0
W/Smack/Packet(  457): notify conn break (IOEx), close connection
D/ConnectivityService(  151): handleInetConditionHoldEnd: net=0, condition=0, published condition=100
I/power   (  151): *** set_screen_state 1
W/PowerUI (  218): unknown intent: Intent { act=android.intent.action.ACTION_POWER_CONNECTED flg=0x10000010 }
D/PicasaSyncManager(  989): battery info: true
I/WindowManager(  151): Lock screen displayed!
D/dalvikvm(  218): GC_CONCURRENT freed 391K, 7% free 10142K/10887K, paused 7ms+3ms
D/dalvikvm(  151): GC_EXPLICIT freed 938K, 9% free 13113K/14407K, paused 3ms+5ms
D/SurfaceFlinger(   78): Screen about to return, flinger = 0x1cf0918
I/StorageNotification(  218): UMS connection changed to true (media state mounted)
I/StorageNotification(  218): UMS connection changed to true (media state mounted)
D/dalvikvm(  218): GC_FOR_ALLOC freed 55K, 7% free 10194K/10887K, paused 20ms
I/dalvikvm-heap(  218): Grow heap (frag case) to 10.195MB for 180496-byte allocation
D/dalvikvm(  218): GC_FOR_ALLOC freed 8K, 7% free 10362K/11079K, paused 29ms
D/dalvikvm(  218): GC_FOR_ALLOC freed 14K, 7% free 10409K/11079K, paused 15ms
I/dalvikvm-heap(  218): Grow heap (frag case) to 10.408MB for 184336-byte allocation
D/dalvikvm(  218): GC_FOR_ALLOC freed 8K, 7% free 10580K/11271K, paused 15ms
D/dalvikvm(  218): GC_FOR_ALLOC freed 358K, 10% free 10222K/11271K, paused 32ms
D/dalvikvm(  218): GC_CONCURRENT freed 150K, 7% free 10483K/11271K, paused 2ms+3ms
D/dalvikvm(  218): GC_FOR_ALLOC freed 103K, 8% free 10402K/11271K, paused 31ms
I/dalvikvm-heap(  218): Grow heap (frag case) to 10.404MB for 186256-byte allocation
D/dalvikvm(  218): GC_FOR_ALLOC freed <1K, 8% free 10584K/11463K, paused 24ms
I/power   (  151): *** set_screen_state 0
D/SurfaceFlinger(   78): About to give-up screen, flinger = 0x1cf0918
D/dalvikvm(  151): GC_FOR_ALLOC freed 177K, 8% free 13305K/14407K, paused 47ms
I/dalvikvm-heap(  151): Grow heap (frag case) to 13.169MB for 104992-byte allocation
D/dalvikvm(  151): GC_FOR_ALLOC freed 9K, 8% free 13398K/14535K, paused 38ms
D/dalvikvm(  151): GC_FOR_ALLOC freed <1K, 8% free 13400K/14535K, paused 38ms
I/dalvikvm-heap(  151): Grow heap (frag case) to 13.262MB for 104992-byte allocation
D/dalvikvm(  151): GC_FOR_ALLOC freed 1K, 8% free 13501K/14663K, paused 37ms
D/dalvikvm(  151): GC_FOR_ALLOC freed <1K, 8% free 13501K/14663K, paused 37ms
I/dalvikvm-heap(  151): Grow heap (frag case) to 13.361MB for 104992-byte allocation
D/dalvikvm(  151): GC_FOR_ALLOC freed <1K, 9% free 13604K/14791K, paused 37ms
V/TransportControlView(  151): Create TCV com.android.internal.widget.TransportControlView@416a4bc8
I/EventLogService(  457): Aggregate from 1333728175681 (log), 1333728175681 (data)
I/ServiceDumpSys(  457): dumping service [account]
D/dalvikvm(  314): GC_CONCURRENT freed 428K, 6% free 9505K/10055K, paused 2ms+2ms
D/AlarmManagerService(  151): Kernel timezone updated to 240 minutes west of GMT
D/SystemClock(  314): Setting time of day to sec=1333730140
V/AlarmClock(  562): AlarmInitReceiver finished
D/dalvikvm(  457): GC_CONCURRENT freed 468K, 7% free 10026K/10695K, paused 2ms+3ms
I/GTalkService/c(  457): [AndroidEndpoint@1094652632] connect: acct=1000000, state=CONNECTING
D/ConnectivityService(  151): handleInetConditionHoldEnd: net=0, condition=100, published condition=0
W/Smack/Packet(  457): notify conn break (IOEx), close connection
D/ConnectivityService(  151): handleInetConditionHoldEnd: net=0, condition=0, published condition=100
D/dalvikvm(  151): GC_CONCURRENT freed 1400K, 11% free 13257K/14791K, paused 4ms+5ms
I/GTalkService/c(  457): [AndroidEndpoint@1094652632] connect: acct=1000000, state=CONNECTING
D/dalvikvm(  457): GC_CONCURRENT freed 411K, 7% free 10042K/10695K, paused 2ms+2ms
D/ConnectivityService(  151): handleInetConditionHoldEnd: net=0, condition=100, published condition=0
W/Smack/Packet(  457): notify conn break (IOEx), close connection
D/ConnectivityService(  151): handleInetConditionHoldEnd: net=0, condition=0, published condition=100
I/GTalkService/c(  457): [AndroidEndpoint@1094652632] connect: acct=1000000, state=CONNECTING
D/dalvikvm(  314): GC_CONCURRENT freed 428K, 6% free 9503K/10055K, paused 13ms+2ms
D/dalvikvm(  314): GC_EXPLICIT freed 47K, 6% free 9488K/10055K, paused 2ms+2ms
D/ConnectivityService(  151): handleInetConditionHoldEnd: net=0, condition=100, published condition=0
W/Smack/Packet(  457): notify conn break (IOEx), close connection
