--------- beginning of /dev/log/system
I/Vold    (   72): Vold 2.1 (the revenge) firing up
D/Vold    (   72): Volume sdcard state changing -1 (Initializing) -> 0 (No-Media)
D/Vold    (   72): Volume sdcard state changing 0 (No-Media) -> 2 (Pending)
D/Vold    (   72): Volume sdcard state changing 2 (Pending) -> 1 (Idle-Unmounted)
W/Vold    (   72): Duplicate state (1)
W/Vold    (   72): Duplicate state (1)
W/Vold    (   72): Duplicate state (1)
W/Vold    (   72): Duplicate state (1)
I/SystemServer(  151): Entered the Android system server!
I/SystemServer(  151): Entropy Service
I/SystemServer(  151): Power Manager
I/SystemServer(  151): Activity Manager
I/ActivityManager(  151): Memory class: 48
I/SystemServer(  151): Telephony Registry
I/SystemServer(  151): Package Manager
W/PackageParser(  151): No actions in intent filter at /system/app/Bluetooth.apk Binary XML file line #125
W/PackageParser(  151): No actions in intent filter at /system/app/Contacts.apk Binary XML file line #525
W/PackageParser(  151): Unknown element under <manifest>: supports-gl-texture at /system/app/GoogleEarth.apk Binary XML file line #3
I/Installer(  151): connecting...
I/PackageParser(  151): com.googlecode.android.wifi.tether: compat added android.permission.WRITE_EXTERNAL_STORAGE android.permission.READ_PHONE_STATE
I/PackageManager(  151): Time to scan packages: 3.752 seconds
W/PackageManager(  151): Not granting permission android.permission.SEND_DOWNLOAD_COMPLETED_INTENTS to package com.google.android.browser (protectionLevel=2 flags=0x9be45)
W/PackageManager(  151): Unknown permission com.android.vending.permission.UPDATE_MARKET_FAILURE in package com.android.vending.updater
W/PackageManager(  151): Unknown permission android.permission.ADD_SYSTEM_SERVICE in package com.android.phone
W/PackageManager(  151): Unknown permission com.android.smspush.WAPPUSH_MANAGER_BIND in package com.android.phone
W/PackageManager(  151): Unknown permission com.android.vending.billing.IBillingAccountService.BIND2 in package com.google.android.gsf.login
W/PackageManager(  151): Not granting permission android.permission.DEVICE_POWER to package com.google.android.deskclock (protectionLevel=2 flags=0x8be45)
W/PackageManager(  151): Unknown permission android.permission.READ_OWNER_DATA in package com.google.android.setupwizard
W/PackageManager(  151): Unknown permission android.permission.WRITE_OWNER_DATA in package com.google.android.setupwizard
W/PackageManager(  151): Not granting permission com.google.android.gm.permission.READ_GMAIL to package com.google.android.apps.uploader (protectionLevel=2 flags=0x8be45)
W/PackageManager(  151): Unknown permission android.permission.READ_EXTERNAL_STORAGE in package com.android.vending
W/PackageManager(  151): Not granting permission android.permission.SEND_DOWNLOAD_COMPLETED_INTENTS to package com.android.vending (protectionLevel=2 flags=0xabec5)
W/PackageManager(  151): Not granting permission android.permission.ACCOUNT_MANAGER to package com.google.android.music (protectionLevel=2 flags=0x8be65)
W/PackageManager(  151): Unknown permission com.android.providers.im.permission.READ_ONLY in package com.google.android.apps.maps
W/PackageManager(  151): Unknown permission android.permission.READ_EXTERNAL_STORAGE in package com.google.android.videoeditor
W/PackageManager(  151): Unknown permission com.google.android.apps.googlevoice.REMOTE_INTENT in package com.google.android.apps.googlevoice
W/PackageManager(  151): Unknown permission com.google.android.permission.RECEIVE_DATA_MESSAGE in package com.google.android.apps.googlevoice
W/PackageManager(  151): Unknown permission com.google.android.permission.SEND_DATA_MESSAGE in package com.google.android.apps.googlevoice
I/SystemServer(  151): Account Manager
I/SystemServer(  151): Content Manager
I/SystemServer(  151): System Content Providers
I/SystemServer(  151): Lights Service
I/SystemServer(  151): Battery Service
I/SystemServer(  151): Vibrator Service
I/SystemServer(  151): Alarm Manager
I/SystemServer(  151): Init Watchdog
I/SystemServer(  151): Window Manager
I/InputManager(  151): Initializing input manager
W/StatusBarManager(  151): warning: no STATUS_BAR_SERVICE
I/InputManager(  151): Starting input manager
I/SystemServer(  151): Bluetooth Service
I/SystemServer(  151): Input Method Service
W/InputManagerService(  151): Couldn't create dir.: /data/system/inputmethod
I/SystemServer(  151): Accessibility Manager
I/ActivityManager(  151): Config changed: {1.0 0mcc0mnc en_US layoutdir=0 sw320dp w320dp h508dp nrml long port ?uimode ?night finger -keyb/v/h -nav/h s.2}
I/SystemServer(  151): Device Policy
I/SystemServer(  151): Status Bar
I/SystemServer(  151): Clipboard Service
I/SystemServer(  151): NetworkManagement Service
I/SystemServer(  151): Text Service Manager Service
I/SystemServer(  151): NetworkStats Service
I/SystemServer(  151): NetworkPolicy Service
I/SystemServer(  151): Wi-Fi P2pService
I/SystemServer(  151): Wi-Fi Service
I/SystemServer(  151): Connectivity Service
D/ConnectivityService(  151): ConnectivityService starting up
E/ConnectivityService(  151): Ignoring protectedNetwork 10
E/ConnectivityService(  151): Ignoring protectedNetwork 11
E/ConnectivityService(  151): Ignoring protectedNetwork 12
E/MobileDataStateTracker(  151): default: Ignoring feature request because could not acquire PhoneService
E/MobileDataStateTracker(  151): default: Could not enable APN type "default"
D/NetworkManagementService(  151): Registering observer
D/NetworkManagementService(  151): Registering observer
I/WifiService(  151): WifiService starting up with Wi-Fi disabled
I/SystemServer(  151): Throttle Service
I/SystemServer(  151): Mount Service
D/MountService(  151): got storage path: /mnt/sdcard description: USB storage primary: true removable: false emulated: false mtpReserve: 0 allowMassStorage: true maxFileSize: 4294967296
I/SystemServer(  151): Notification Manager
I/SystemServer(  151): Device Storage Monitor
I/SystemServer(  151): Location Manager
I/SystemServer(  151): Country Detector
I/SystemServer(  151): Search Service
I/SystemServer(  151): DropBox Service
I/SystemServer(  151): Wallpaper Service
I/SystemServer(  151): Audio Service
D/VoldCmdListener(   72): volume list
D/MountService(  151): volume state changed for /mnt/sdcard (null -> unmounted)
I/SystemServer(  151): Dock Observer
I/SystemServer(  151): Wired Accessory Observer
I/SystemServer(  151): USB Service
I/SystemServer(  151): UI Mode Manager Service
I/SystemServer(  151): Backup Service
V/BackupManagerService(  151): Initializing package tracking
V/BackupManagerService(  151): No ancestral data
V/BackupManagerService(  151): addPackageParticipantsLocked: null
I/BackupManagerService(  151): New app android never backed up; scheduling
I/BackupManagerService(  151): New app com.android.nfc never backed up; scheduling
I/BackupManagerService(  151): New app com.android.providers.settings never backed up; scheduling
I/BackupManagerService(  151): New app com.android.providers.userdictionary never backed up; scheduling
I/BackupManagerService(  151): New app com.android.sharedstoragebackup never backed up; scheduling
I/BackupManagerService(  151): New app com.android.vending never backed up; scheduling
I/BackupManagerService(  151): New app com.google.android.browser never backed up; scheduling
I/BackupManagerService(  151): New app com.google.android.calendar never backed up; scheduling
I/BackupManagerService(  151): New app com.google.android.gm never backed up; scheduling
I/BackupManagerService(  151): New app com.google.android.inputmethod.latin never backed up; scheduling
I/BackupManagerService(  151): New app org.connectbot never backed up; scheduling
V/BackupManagerService(  151): Registering transport android/com.android.internal.backup.LocalTransport = com.android.internal.backup.LocalTransport@413e5ff8
V/BackupManagerService(  151): Starting with transport com.google.android.backup/.BackupTransportService
V/BackupManagerService(  151): Binding to Google transport
I/BackupManagerService(  151): Found stale backup journal, scheduling
I/BackupManagerService(  151):   android
I/BackupManagerService(  151):   com.android.nfc
I/BackupManagerService(  151):   com.android.providers.settings
I/BackupManagerService(  151):   com.android.providers.userdictionary
I/BackupManagerService(  151):   com.android.sharedstoragebackup
I/BackupManagerService(  151):   com.android.vending
I/BackupManagerService(  151):   com.google.android.browser
I/BackupManagerService(  151):   com.google.android.calendar
I/BackupManagerService(  151):   com.google.android.gm
I/BackupManagerService(  151):   com.google.android.inputmethod.latin
I/BackupManagerService(  151):   org.connectbot
I/BackupManagerService(  151): Backup enabled => false
I/BackupManagerService(  151): Opting out of backup
I/SystemServer(  151): AppWidget Service
I/SystemServer(  151): Recognition Service
I/SystemServer(  151): DiskStats Service
I/SystemServer(  151): SamplingProfiler Service
I/SystemServer(  151): NetworkTimeUpdateService
D/PowerManagerService(  151): system ready!
I/ActivityManager(  151): System now ready
I/SystemServer(  151): Making services ready
D/SystemServer(  151): Starting service: Intent { cmp=com.android.systemui/.SystemUIService }
I/ActivityManager(  151): Start proc com.android.systemui for service com.android.systemui/.SystemUIService: pid=218 uid=1000 gids={1015, 3002, 3001, 3003, 3007}
D/NetworkManagementService(  151): enabling bandwidth control
D/SystemUIService(  218): loading: class com.android.systemui.statusbar.phone.PhoneStatusBar
D/SystemUIService(  218): running: com.android.systemui.statusbar.phone.PhoneStatusBar@4133a238
D/NetworkManagementService(  151): Registering observer
D/NetworkManagementService(  151): Registering observer
I/ActivityManager(  151): Config changed: {1.0 0mcc0mnc en_US layoutdir=0 sw320dp w320dp h508dp nrml long port finger -keyb/v/h -nav/h s.3}
I/ActivityManager(  151): Start proc android.process.media for broadcast com.android.providers.media/.UsbReceiver: pid=265 uid=10014 gids={1015, 1023, 1024, 2001, 3003, 3007}
I/StatusBarManagerService(  151): registerStatusBar bar=com.android.internal.statusbar.IStatusBar$Stub$Proxy@41376e60
D/PhoneStatusBar(  218): disable: < expand icons alerts ticker system_info BACK* HOME* RECENT* CLOCK* >
D/StorageNotification(  218): Startup with UMS connection false (media state unmounted)
I/StorageNotification(  218): UMS connection changed to false (media state unmounted)
D/SystemUIService(  218): loading: class com.android.systemui.power.PowerUI
D/SystemUIService(  218): running: com.android.systemui.power.PowerUI@4131df80
I/ActivityManager(  151): Start proc com.android.wallpaper for service com.android.wallpaper/.nexus.NexusWallpaper: pid=281 uid=10030 gids={1006}
W/InputManagerService(  151): Ignoring setImeWindowStatus of uid 1000 token: null
I/ActivityManager(  151): Start proc com.google.android.inputmethod.latin for service com.google.android.inputmethod.latin/com.android.inputmethod.latin.LatinIME: pid=294 uid=10028 gids={}
D/NetworkManagementService(  151): Registering observer
W/ThrottleService(  151): unable to find stats for iface rmnet0
I/ActivityManager(  151): Start proc com.android.phone for added application com.android.phone: pid=314 uid=1001 gids={3002, 3001, 3003, 1015}
I/ActivityManager(  151): Start proc com.android.nfc for added application com.android.nfc: pid=329 uid=1027 gids={3002, 3001}
I/ActivityManager(  151): START {act=android.intent.action.MAIN cat=[android.intent.category.HOME] flg=0x10000000 cmp=com.android.launcher/com.android.launcher2.Launcher} from pid 0
D/WifiService(  151): New client listening to asynchronous messages
I/ActivityManager(  151): Start proc com.android.launcher for activity com.android.launcher/com.android.launcher2.Launcher: pid=341 uid=10029 gids={}
W/ActivityManager(  151): Unable to start service Intent { act=com.android.internal.telephony.IWapPushManager }: not found
I/ActivityManager(  151): Start proc com.google.android.inputmethod.latin.dictionarypack for content provider com.google.android.inputmethod.latin.dictionarypack/.DictionaryProvider: pid=393 uid=10027 gids={3003, 1015}
I/ActivityManager(  151): Start proc android.process.acore for content provider com.android.providers.contacts/.CallLogProvider: pid=402 uid=10000 gids={3003, 1015}
W/ActivityManager(  151): Unable to start service Intent { act=com.android.ussd.IExtendedNetworkService }: not found
I/ActivityManager(  151): Start proc com.google.process.gapps for service com.google.android.location/.NetworkLocationService: pid=457 uid=10011 gids={3003, 1015, 1007, 2001, 3006}
I/ActivityManager(  151): Start proc com.android.settings for broadcast com.android.settings/.widget.SettingsAppWidgetProvider: pid=470 uid=1000 gids={1015, 3002, 3001, 3003, 3007}
I/StorageNotification(  218): UMS connection changed to false (media state unmounted)
V/BackupManagerService(  151): Connected to Google transport
V/BackupManagerService(  151): Registering transport com.google.android.backup/.BackupTransportService = com.google.android.backup.BackupTransportService$1@41688570
D/PowerManagerService(  151): bootCompleted
V/DevicePolicyManagerService(  151): Sending password expiration notifications for action android.intent.action.BOOT_COMPLETED
D/VoldCmdListener(   72): volume mount /mnt/sdcard
I/Vold    (   72): /dev/block/vold/179:3 being considered for volume sdcard
D/Vold    (   72): Volume sdcard state changing 1 (Idle-Unmounted) -> 3 (Checking)
D/MountService(  151): volume state changed for /mnt/sdcard (unmounted -> checking)
I/StorageNotification(  218): Media {/mnt/sdcard} state changed from {unmounted} -> {checking}
D/MountService(  151): sendStorageIntent Intent { act=android.intent.action.MEDIA_CHECKING dat=file:///mnt/sdcard (has extras) }
I/ActivityManager(  151): Start proc com.android.contacts for broadcast com.android.contacts/.calllog.CallLogReceiver: pid=504 uid=10000 gids={3003, 1015}
V/WiredAccessoryObserver(  151): init()
W/WiredAccessoryObserver(  151): This kernel does not have wired headset support
W/WiredAccessoryObserver(  151): This kernel does not have wired headset support
I/WifiService(  151): WifiService trying to set country code to us with persist set to true
I/ActivityManager(  151): Config changed: {1.0 310mcc260mnc en_US layoutdir=0 sw320dp w320dp h508dp nrml long port finger -keyb/v/h -nav/h s.4}
I/ActivityManager(  151): Start proc com.android.providers.calendar for broadcast com.android.providers.calendar/.CalendarReceiver: pid=548 uid=10007 gids={3003, 1015}
I/ActivityManager(  151): Start proc com.google.android.deskclock for broadcast com.google.android.deskclock/com.android.deskclock.AlarmInitReceiver: pid=562 uid=10013 gids={}
I/ActivityManager(  151): Start proc com.google.android.email for broadcast com.google.android.email/com.android.email.service.EmailBroadcastReceiver: pid=577 uid=10015 gids={3003, 1015}
I/ActivityManager(  151): Start proc com.google.android.exchange for service com.google.android.exchange/com.android.exchange.ExchangeService: pid=592 uid=10016 gids={3003, 1015}
I/ActivityManager(  151): Start proc com.google.android.apps.genie.geniewidget for broadcast com.google.android.apps.genie.geniewidget/.miniwidget.MiniWidgetProvider: pid=609 uid=10018 gids={3003, 1015}
I/ActivityManager(  151): Start proc com.google.android.gm for broadcast com.google.android.gm/.MailIntentReceiver: pid=629 uid=10019 gids={3003, 1015}
I/ActivityManager(  151): Start proc com.google.android.partnersetup for broadcast com.google.android.partnersetup/.GooglePartnerSetup: pid=655 uid=10022 gids={3003}
I/ActivityManager(  151): Start proc com.google.android.gsf.login for service com.google.android.gsf.login/com.google.android.gsf.loginservice.GoogleLoginService: pid=667 uid=10011 gids={3003, 1015, 1007, 2001, 3006}
I/ActivityManager(  151): Start proc com.google.android.apps.maps:FriendService for broadcast com.google.android.apps.maps/com.google.googlenav.friend.android.ServiceReceiver: pid=695 uid=10032 gids={3003, 1015}
I/ActivityManager(  151): Start proc com.google.android.apps.maps:NetworkLocationService for service com.google.android.apps.maps/com.google.android.location.internal.server.NetworkLocationService: pid=710 uid=10032 gids={3003, 1015}
I/ActivityManager(  151): Start proc com.android.mms for broadcast com.android.mms/.transaction.MmsSystemEventReceiver: pid=724 uid=10036 gids={3003, 1015}
I/ActivityManager(  151): START {flg=0x10000000 cmp=com.google.android.gsf/.update.SystemUpdateInstallDialog} from pid 457
I/ActivityManager(  151): START {flg=0x10000000 cmp=com.google.android.gsf/.update.SystemUpdateDownloadDialog} from pid 457
D/CountryDetectorService(  151): The first listener is added
D/PhoneStatusBar(  218): disable: < expand icons alerts ticker system_info BACK HOME recent* CLOCK >
D/PhoneStatusBar(  218): disable: < expand icons alerts ticker system_info back* home* recent clock* >
W/ActivityManager(  151): Permission Denial: receiving Intent { act=android.intent.action.BOOT_COMPLETED flg=0x10 } to com.android.musicfx requires android.permission.RECEIVE_BOOT_COMPLETED due to sender null (uid 1000)
I/ActivityManager(  151): Start proc com.google.android.onetimeinitializer for broadcast com.google.android.onetimeinitializer/.OneTimeInitializerReceiver: pid=751 uid=10040 gids={}
I/ActivityManager(  151): Start proc com.google.android.talk for broadcast com.google.android.talk/.videochat.BootCompleteReceiver: pid=766 uid=10050 gids={3003, 1015, 1006, 3002}
D/ConnectivityService(  151): handleInetConditionChange: no active default network - ignore
I/ActivityManager(  151): Start proc com.google.android.videos for broadcast com.google.android.videos/com.google.android.youtube.videos.transfer.VideoDownloadService$BootReceiver: pid=791 uid=10053 gids={3003, 1015}
I/ActivityManager(  151): Start proc com.android.voicedialer for broadcast com.android.voicedialer/.VoiceDialerReceiver: pid=826 uid=10055 gids={3002}
W/ActivityManager(  151): Permission Denial: receiving Intent { act=android.intent.action.BOOT_COMPLETED flg=0x10 } to com.google.android.youtube requires android.permission.RECEIVE_BOOT_COMPLETED due to sender null (uid 1000)
W/ActivityManager(  151): Permission Denial: receiving Intent { act=android.intent.action.BOOT_COMPLETED flg=0x10 } to com.google.android.youtube requires android.permission.RECEIVE_BOOT_COMPLETED due to sender null (uid 1000)
I/ActivityManager(  151): Start proc com.google.android.apps.googlevoice for broadcast com.google.android.apps.googlevoice/.BootUpReceiver: pid=839 uid=10058 gids={3003, 1015}
I/ActivityManager(  151): Start proc com.android.vending for broadcast com.android.vending/.MarketWidgetProvider: pid=853 uid=10043 gids={3003, 1015}
I/ActivityManager(  151): No longer want com.google.android.inputmethod.latin.dictionarypack (pid 393): hidden #16
I/ActivityManager(  151): No longer want com.android.contacts (pid 504): hidden #16
I/ActivityManager(  151): Start proc com.google.android.calendar for broadcast com.google.android.calendar/com.android.calendar.widget.CalendarAppWidgetService$CalendarFactory: pid=887 uid=10006 gids={3003}
I/ActivityManager(  151): No longer want com.android.providers.calendar (pid 548): hidden #16
I/ActivityManager(  151): Start proc com.google.android.apps.maps:LocationFriendService for broadcast com.google.android.apps.maps/com.google.googlenav.friend.reporting.LocationReportingIntentReceiver: pid=903 uid=10032 gids={3003, 1015}
I/ActivityManager(  151): Start proc com.android.providers.calendar for content provider com.android.providers.calendar/.CalendarProvider2: pid=916 uid=10007 gids={3003, 1015}
I/ActivityManager(  151): No longer want com.google.android.apps.genie.geniewidget (pid 609): hidden #16
I/ActivityManager(  151): Start proc com.google.android.music:main for broadcast com.google.android.music/.store.MediaStoreImportService$Receiver: pid=932 uid=10037 gids={3003, 1015}
I/ActivityManager(  151): No longer want com.google.android.partnersetup (pid 655): hidden #16
I/ActivityManager(  151): No longer want com.google.android.gsf.login (pid 667): hidden #16
I/ActivityManager(  151): No longer want android.process.acore (pid 402): hidden #16
I/ActivityManager(  151): No longer want com.android.mms (pid 724): hidden #16
D/CountryDetectorService(  151): No listener is left
I/ActivityManager(  151): No longer want com.google.android.email (pid 577): hidden #16
I/ActivityManager(  151): Kill com.google.android.exchange (pid 592): provider com.android.email.provider.EmailProvider in dying process com.google.android.email
I/ActivityManager(  151): Process com.google.android.exchange (pid 592) has died.
W/ActivityManager(  151): Scheduling restart of crashed service com.google.android.exchange/com.android.exchange.ExchangeService in 5000ms
D/ConnectivityService(  151): ConnectivityChange for mobile: CONNECTED/CONNECTED
I/Vold    (   72): Filesystem check completed OK
I/Vold    (   72): Device /dev/block/vold/179:3, target /mnt/sdcard mounted @ /mnt/secure/staging
D/Vold    (   72): Volume sdcard state changing 3 (Checking) -> 4 (Mounted)
D/MountService(  151): volume state changed for /mnt/sdcard (checking -> mounted)
I/StorageNotification(  218): Media {/mnt/sdcard} state changed from {checking} -> {mounted}
D/MountService(  151): sendStorageIntent Intent { act=android.intent.action.MEDIA_MOUNTED dat=file:///mnt/sdcard (has extras) }
I/ActivityManager(  151): Start proc com.google.android.apps.uploader for broadcast com.google.android.apps.uploader/.ConnectivityBroadcastReceiver: pid=974 uid=10034 gids={3003}
D/VoldCmdListener(   72): asec list
W/PackageManager(  151): Not granting permission android.permission.SEND_DOWNLOAD_COMPLETED_INTENTS to package com.google.android.browser (protectionLevel=2 flags=0x9be45)
W/PackageManager(  151): Unknown permission com.android.vending.permission.UPDATE_MARKET_FAILURE in package com.android.vending.updater
W/PackageManager(  151): Unknown permission android.permission.ADD_SYSTEM_SERVICE in package com.android.phone
W/PackageManager(  151): Unknown permission com.android.smspush.WAPPUSH_MANAGER_BIND in package com.android.phone
W/PackageManager(  151): Unknown permission com.android.vending.billing.IBillingAccountService.BIND2 in package com.google.android.gsf.login
W/PackageManager(  151): Not granting permission android.permission.DEVICE_POWER to package com.google.android.deskclock (protectionLevel=2 flags=0x8be45)
W/PackageManager(  151): Unknown permission android.permission.READ_OWNER_DATA in package com.google.android.setupwizard
W/PackageManager(  151): Unknown permission android.permission.WRITE_OWNER_DATA in package com.google.android.setupwizard
W/PackageManager(  151): Not granting permission com.google.android.gm.permission.READ_GMAIL to package com.google.android.apps.uploader (protectionLevel=2 flags=0x8be45)
W/PackageManager(  151): Unknown permission android.permission.READ_EXTERNAL_STORAGE in package com.android.vending
W/PackageManager(  151): Not granting permission android.permission.SEND_DOWNLOAD_COMPLETED_INTENTS to package com.android.vending (protectionLevel=2 flags=0xabec5)
W/PackageManager(  151): Not granting permission android.permission.ACCOUNT_MANAGER to package com.google.android.music (protectionLevel=2 flags=0x8be65)
W/PackageManager(  151): Unknown permission com.android.providers.im.permission.READ_ONLY in package com.google.android.apps.maps
W/PackageManager(  151): Unknown permission android.permission.READ_EXTERNAL_STORAGE in package com.google.android.videoeditor
W/PackageManager(  151): Unknown permission com.google.android.apps.googlevoice.REMOTE_INTENT in package com.google.android.apps.googlevoice
W/PackageManager(  151): Unknown permission com.google.android.permission.RECEIVE_DATA_MESSAGE in package com.google.android.apps.googlevoice
W/PackageManager(  151): Unknown permission com.google.android.permission.SEND_DATA_MESSAGE in package com.google.android.apps.googlevoice
I/ActivityManager(  151): Start proc com.google.android.apps.plus for broadcast com.google.android.apps.plus/.service.PackagesMediaMonitor: pid=989 uid=10044 gids={3003, 1015, 1006}
I/ActivityManager(  151): No longer want com.google.android.onetimeinitializer (pid 751): hidden #16
I/ActivityManager(  151): No longer want com.google.android.videos (pid 791): hidden #16
I/ActivityManager(  151): Start proc com.google.android.exchange for service com.google.android.exchange/com.android.exchange.ExchangeService: pid=1014 uid=10016 gids={3003, 1015}
I/ActivityManager(  151): Start proc com.google.android.email for service com.google.android.email/com.android.email.service.AccountService: pid=1028 uid=10015 gids={3003, 1015}
I/ActivityManager(  151): No longer want com.android.voicedialer (pid 826): hidden #16
I/ActivityManager(  151): No longer want com.google.android.apps.googlevoice (pid 839): hidden #16
D/ConnectivityService(  151): handleInetConditionHoldEnd: net=0, condition=0, published condition=0
I/ActivityManager(  151): START {act=android.intent.action.MAIN cat=[android.intent.category.LAUNCHER] flg=0x10200000 cmp=edu.mit.haoqili.camera_cloud/.CameraCloud} from pid 341
I/ActivityManager(  151): Start proc edu.mit.haoqili.camera_cloud for activity edu.mit.haoqili.camera_cloud/.CameraCloud: pid=1062 uid=10066 gids={1006, 1015, 3003}
W/InputManagerService(  151): Starting input on non-focused client com.android.internal.view.IInputMethodClient$Stub$Proxy@415c11f0 (uid=10029 pid=341)
D/ConnectivityService(  151): handleInetConditionHoldEnd: net=0, condition=100, published condition=0
D/NetworkPolicy(  151): applying policy NetworkPolicy[NetworkTemplate: matchRule=MOBILE_ALL, subscriberId=valid]: cycleDay=15, warningBytes=2147483648, limitBytes=-1, lastSnooze=-1 to ifaces [rmnet0]
D/ConnectivityService(  151): handleInetConditionHoldEnd: net=0, condition=0, published condition=100
D/PhoneStatusBar(  218): disable: < expand icons alerts ticker system_info back home RECENT* clock >
D/PhoneStatusBar(  218): disable: < expand icons alerts ticker system_info BACK* HOME* RECENT CLOCK* >
D/ConnectivityService(  151): handleInetConditionHoldEnd: net=0, condition=100, published condition=0
D/ConnectivityService(  151): handleInetConditionHoldEnd: net=0, condition=0, published condition=100
D/ConnectivityService(  151): handleInetConditionHoldEnd: net=0, condition=100, published condition=0
D/ConnectivityService(  151): handleInetConditionHoldEnd: net=0, condition=0, published condition=100
D/ConnectivityService(  151): handleInetConditionHoldEnd: net=0, condition=100, published condition=0
D/ConnectivityService(  151): handleInetConditionHoldEnd: net=0, condition=0, published condition=100
D/ConnectivityService(  151): handleInetConditionHoldEnd: net=0, condition=100, published condition=0
I/WindowManager(  151): Lock screen displayed!
D/PhoneStatusBar(  218): disable: < expand icons alerts ticker system_info BACK HOME recent* CLOCK >
W/InputManagerService(  151): Window already focused, ignoring focus gain of: com.android.internal.view.IInputMethodClient$Stub$Proxy@41543be0
D/PhoneStatusBar(  218): disable: < expand icons alerts ticker system_info back* home* recent clock* >
D/ConnectivityService(  151): handleInetConditionHoldEnd: net=0, condition=0, published condition=100
D/ConnectivityService(  151): handleInetConditionHoldEnd: net=0, condition=100, published condition=0
D/ConnectivityService(  151): handleInetConditionHoldEnd: net=0, condition=0, published condition=100
D/ConnectivityService(  151): handleInetConditionHoldEnd: net=0, condition=100, published condition=0
D/ConnectivityService(  151): handleInetConditionHoldEnd: net=0, condition=0, published condition=100
D/ConnectivityService(  151): handleInetConditionHoldEnd: net=0, condition=100, published condition=0
D/ConnectivityService(  151): handleInetConditionHoldEnd: net=0, condition=0, published condition=100
D/ConnectivityService(  151): handleInetConditionHoldEnd: net=0, condition=100, published condition=0
D/ConnectivityService(  151): handleInetConditionHoldEnd: net=0, condition=0, published condition=100
D/ConnectivityService(  151): handleInetConditionHoldEnd: net=0, condition=100, published condition=0
D/ConnectivityService(  151): handleInetConditionHoldEnd: net=0, condition=0, published condition=100
D/ConnectivityService(  151): handleInetConditionHoldEnd: net=0, condition=100, published condition=0
D/ConnectivityService(  151): handleInetConditionHoldEnd: net=0, condition=0, published condition=100
D/ConnectivityService(  151): handleInetConditionHoldEnd: net=0, condition=0, published condition=0
D/ConnectivityService(  151): handleInetConditionHoldEnd: net=0, condition=100, published condition=0
D/ConnectivityService(  151): handleInetConditionHoldEnd: net=0, condition=0, published condition=100
D/ConnectivityService(  151): handleInetConditionHoldEnd: net=0, condition=100, published condition=0
D/ConnectivityService(  151): handleInetConditionHoldEnd: net=0, condition=0, published condition=100
D/ConnectivityService(  151): handleInetConditionHoldEnd: net=0, condition=100, published condition=0
D/ConnectivityService(  151): handleInetConditionHoldEnd: net=0, condition=0, published condition=100
D/ConnectivityService(  151): handleInetConditionHoldEnd: net=0, condition=100, published condition=0
D/ConnectivityService(  151): handleInetConditionHoldEnd: net=0, condition=0, published condition=100
D/ConnectivityService(  151): handleInetConditionHoldEnd: net=0, condition=100, published condition=0
D/ConnectivityService(  151): handleInetConditionHoldEnd: net=0, condition=0, published condition=100
D/ConnectivityService(  151): handleInetConditionHoldEnd: net=0, condition=100, published condition=0
D/ConnectivityService(  151): handleInetConditionHoldEnd: net=0, condition=0, published condition=100
D/ConnectivityService(  151): handleInetConditionHoldEnd: net=0, condition=0, published condition=0
D/ConnectivityService(  151): handleInetConditionHoldEnd: net=0, condition=100, published condition=0
D/ConnectivityService(  151): handleInetConditionHoldEnd: net=0, condition=0, published condition=100
D/ConnectivityService(  151): handleInetConditionHoldEnd: net=0, condition=100, published condition=0
D/ConnectivityService(  151): handleInetConditionHoldEnd: net=0, condition=0, published condition=100
D/ConnectivityService(  151): handleInetConditionHoldEnd: net=0, condition=100, published condition=0
D/ConnectivityService(  151): handleInetConditionHoldEnd: net=0, condition=0, published condition=100
D/ConnectivityService(  151): handleInetConditionHoldEnd: net=0, condition=100, published condition=0
D/ConnectivityService(  151): handleInetConditionHoldEnd: net=0, condition=0, published condition=100
D/ConnectivityService(  151): handleInetConditionHoldEnd: net=0, condition=100, published condition=0
D/ConnectivityService(  151): handleInetConditionHoldEnd: net=0, condition=0, published condition=100
D/ConnectivityService(  151): handleInetConditionHoldEnd: net=0, condition=100, published condition=0
D/ConnectivityService(  151): handleInetConditionHoldEnd: net=0, condition=0, published condition=100
D/ConnectivityService(  151): handleInetConditionHoldEnd: net=0, condition=100, published condition=0
D/ConnectivityService(  151): handleInetConditionHoldEnd: net=0, condition=0, published condition=100
D/ConnectivityService(  151): handleInetConditionHoldEnd: net=0, condition=0, published condition=0
D/ConnectivityService(  151): handleInetConditionHoldEnd: net=0, condition=100, published condition=0
D/ConnectivityService(  151): handleInetConditionHoldEnd: net=0, condition=0, published condition=100
D/ConnectivityService(  151): handleInetConditionHoldEnd: net=0, condition=0, published condition=0
W/InputManagerService(  151): Window already focused, ignoring focus gain of: com.android.internal.view.IInputMethodClient$Stub$Proxy@416f3690
W/InputManagerService(  151): Window already focused, ignoring focus gain of: com.android.internal.view.IInputMethodClient$Stub$Proxy@416f4320
D/ConnectivityService(  151): handleInetConditionHoldEnd: net=0, condition=100, published condition=0
D/ConnectivityService(  151): handleInetConditionHoldEnd: net=0, condition=0, published condition=100
W/InputManagerService(  151): Window already focused, ignoring focus gain of: com.android.internal.view.IInputMethodClient$Stub$Proxy@4135f570
W/InputManagerService(  151): Window already focused, ignoring focus gain of: com.android.internal.view.IInputMethodClient$Stub$Proxy@414d65b0
W/InputManagerService(  151): Window already focused, ignoring focus gain of: com.android.internal.view.IInputMethodClient$Stub$Proxy@4168dbd8
W/InputManagerService(  151): Window already focused, ignoring focus gain of: com.android.internal.view.IInputMethodClient$Stub$Proxy@41574ee0
W/InputManagerService(  151): Window already focused, ignoring focus gain of: com.android.internal.view.IInputMethodClient$Stub$Proxy@41725640
W/InputManagerService(  151): Window already focused, ignoring focus gain of: com.android.internal.view.IInputMethodClient$Stub$Proxy@416e4328
W/InputManagerService(  151): Window already focused, ignoring focus gain of: com.android.internal.view.IInputMethodClient$Stub$Proxy@41690110
D/ConnectivityService(  151): handleInetConditionHoldEnd: net=0, condition=0, published condition=0
W/InputManagerService(  151): Window already focused, ignoring focus gain of: com.android.internal.view.IInputMethodClient$Stub$Proxy@414a8120
W/InputManagerService(  151): Window already focused, ignoring focus gain of: com.android.internal.view.IInputMethodClient$Stub$Proxy@41749c80
--------- beginning of /dev/log/main
I/CameraCloud( 1062): 1333728292487: GPS x/long:-71.10134584276736, GPS y/lat: 42.3640821503511. Region width in x: 51.96152422706632
I/CameraCloud( 1062): 1333728292487: location PINPOINTS to region = 2.0, previous 2
I/CameraCloud( 1062): 1333728292487: stay at region 2
I/CameraCloud( 1062): 1333728292488: .......... GPS onLocationChanged ...... 
I/CameraCloud( 1062): 1333728292500: Loc = Location[mProvider=gps,mTime=1333814668000,mLatitude=42.36408495615166,mLongitude=-71.10132179669732,mHasAltitude=true,mAltitude=-23.0,mHasSpeed=true,mSpeed=0.0,mHasBearing=true,mBearing=91.69489,mHasAccuracy=true,mAccuracy=15.0,mExtras=Bundle[mParcelledData.dataSize=4]] Previous Region = (2,0)
I/CameraCloud( 1062): 1333728292500: GPS x/long:-71.10132179669732, GPS y/lat: 42.36408495615166. Region width in x: 51.96152422706632
I/CameraCloud( 1062): 1333728292501: location PINPOINTS to region = 2.0, previous 2
I/CameraCloud( 1062): 1333728292501: stay at region 2
I/CameraCloud( 1062): 1333728292502: .......... GPS onLocationChanged ...... 
I/CameraCloud( 1062): 1333728292502: Loc = Location[mProvider=gps,mTime=1333814670000,mLatitude=42.364095821013,mLongitude=-71.10131072790024,mHasAltitude=true,mAltitude=-22.0,mHasSpeed=true,mSpeed=0.0,mHasBearing=true,mBearing=91.69489,mHasAccuracy=true,mAccuracy=15.0,mExtras=Bundle[mParcelledData.dataSize=4]] Previous Region = (2,0)
I/CameraCloud( 1062): 1333728292503: GPS x/long:-71.10131072790024, GPS y/lat: 42.364095821013. Region width in x: 51.96152422706632
I/CameraCloud( 1062): 1333728292503: location PINPOINTS to region = 2.0, previous 2
I/CameraCloud( 1062): 1333728292503: stay at region 2
I/CameraCloud( 1062): 1333728292504: .......... GPS onLocationChanged ...... 
I/CameraCloud( 1062): 1333728292505: Loc = Location[mProvider=gps,mTime=1333814673000,mLatitude=42.364108476829934,mLongitude=-71.10130751337248,mHasAltitude=true,mAltitude=-22.0,mHasSpeed=true,mSpeed=0.3148892,mHasBearing=true,mBearing=15.205223,mHasAccuracy=true,mAccuracy=20.0,mExtras=Bundle[mParcelledData.dataSize=4]] Previous Region = (2,0)
I/CameraCloud( 1062): 1333728292505: GPS x/long:-71.10130751337248, GPS y/lat: 42.364108476829934. Region width in x: 51.96152422706632
I/CameraCloud( 1062): 1333728292505: location PINPOINTS to region = 2.0, previous 2
I/CameraCloud( 1062): 1333728292506: stay at region 2
I/CameraCloud( 1062): 1333728292506: .......... GPS onLocationChanged ...... 
I/CameraCloud( 1062): 1333728292507: Loc = Location[mProvider=gps,mTime=1333814676000,mLatitude=42.364099071560375,mLongitude=-71.1013321703592,mHasAltitude=true,mAltitude=-23.0,mHasSpeed=true,mSpeed=0.3761307,mHasBearing=true,mBearing=255.17403,mHasAccuracy=true,mAccuracy=20.0,mExtras=Bundle[mParcelledData.dataSize=4]] Previous Region = (2,0)
I/CameraCloud( 1062): 1333728292507: GPS x/long:-71.1013321703592, GPS y/lat: 42.364099071560375. Region width in x: 51.96152422706632
I/CameraCloud( 1062): 1333728292507: location PINPOINTS to region = 2.0, previous 2
I/CameraCloud( 1062): 1333728292508: stay at region 2
I/CameraCloud( 1062): 1333728292508: .......... GPS onLocationChanged ...... 
I/CameraCloud( 1062): 1333728292509: Loc = Location[mProvider=gps,mTime=1333814678000,mLatitude=42.36409183297149,mLongitude=-71.10134450878067,mHasAltitude=true,mAltitude=-22.0,mHasSpeed=true,mSpeed=0.39103636,mHasBearing=true,mBearing=243.93433,mHasAccuracy=true,mAccuracy=20.0,mExtras=Bundle[mParcelledData.dataSize=4]] Previous Region = (2,0)
I/CameraCloud( 1062): 1333728292509: GPS x/long:-71.10134450878067, GPS y/lat: 42.36409183297149. Region width in x: 51.96152422706632
I/CameraCloud( 1062): 1333728292509: location PINPOINTS to region = 2.0, previous 2
I/CameraCloud( 1062): 1333728292510: stay at region 2
I/CameraCloud( 1062): 1333728292510: .......... GPS onLocationChanged ...... 
I/CameraCloud( 1062): 1333728292511: Loc = Location[mProvider=gps,mTime=1333814680000,mLatitude=42.364083610533065,mLongitude=-71.10135705985581,mHasAltitude=true,mAltitude=-23.0,mHasSpeed=true,mSpeed=0.41491103,mHasBearing=true,mBearing=237.40721,mHasAccuracy=true,mAccuracy=20.0,mExtras=Bundle[mParcelledData.dataSize=4]] Previous Region = (2,0)
I/CameraCloud( 1062): 1333728292512: GPS x/long:-71.10135705985581, GPS y/lat: 42.364083610533065. Region width in x: 51.96152422706632
I/CameraCloud( 1062): 1333728292512: location PINPOINTS to region = 2.0, previous 2
I/CameraCloud( 1062): 1333728292512: stay at region 2
I/CameraCloud( 1062): 1333728292513: .......... GPS onLocationChanged ...... 
I/CameraCloud( 1062): 1333728292514: Loc = Location[mProvider=gps,mTime=1333814681000,mLatitude=42.36407812117686,mLongitude=-71.10137045461944,mHasAltitude=true,mAltitude=-23.0,mHasSpeed=true,mSpeed=0.45802018,mHasBearing=true,mBearing=239.7288,mHasAccuracy=true,mAccuracy=20.0,mExtras=Bundle[mParcelledData.dataSize=4]] Previous Region = (2,0)
I/CameraCloud( 1062): 1333728292514: GPS x/long:-71.10137045461944, GPS y/lat: 42.36407812117686. Region width in x: 51.96152422706632
I/CameraCloud( 1062): 1333728292514: location PINPOINTS to region = 2.0, previous 2
I/CameraCloud( 1062): 1333728292515: stay at region 2
I/CameraCloud( 1062): 1333728292515: .......... GPS onLocationChanged ...... 
I/CameraCloud( 1062): 1333728292516: Loc = Location[mProvider=gps,mTime=1333814682000,mLatitude=42.36407169519843,mLongitude=-71.1013864651922,mHasAltitude=true,mAltitude=-22.0,mHasSpeed=true,mSpeed=0.5053918,mHasBearing=true,mBearing=239.20313,mHasAccuracy=true,mAccuracy=20.0,mExtras=Bundle[mParcelledData.dataSize=4]] Previous Region = (2,0)
I/CameraCloud( 1062): 1333728292516: GPS x/long:-71.1013864651922, GPS y/lat: 42.36407169519843. Region width in x: 51.96152422706632
I/CameraCloud( 1062): 1333728292517: location PINPOINTS to region = 2.0, previous 2
I/CameraCloud( 1062): 1333728292517: stay at region 2
I/CameraCloud( 1062): 1333728292517: .......... GPS onLocationChanged ...... 
I/CameraCloud( 1062): 1333728292518: Loc = Location[mProvider=gps,mTime=1333814683000,mLatitude=42.36405780980144,mLongitude=-71.1014092479927,mHasAltitude=true,mAltitude=-22.0,mHasSpeed=true,mSpeed=0.5723625,mHasBearing=true,mBearing=232.41179,mHasAccuracy=true,mAccuracy=20.0,mExtras=Bundle[mParcelledData.dataSize=4]] Previous Region = (2,0)
I/CameraCloud( 1062): 1333728292518: GPS x/long:-71.1014092479927, GPS y/lat: 42.36405780980144. Region width in x: 51.96152422706632
I/CameraCloud( 1062): 1333728292519: location PINPOINTS to region = 2.0, previous 2
I/CameraCloud( 1062): 1333728292519: stay at region 2
I/CameraCloud( 1062): 1333728292520: .......... GPS onLocationChanged ...... 
I/CameraCloud( 1062): 1333728292520: Loc = Location[mProvider=gps,mTime=1333814687000,mLatitude=42.36400866366604,mLongitude=-71.10148048987601,mHasAltitude=true,mAltitude=-22.0,mHasSpeed=true,mSpeed=0.79898864,mHasBearing=true,mBearing=224.68196,mHasAccuracy=true,mAccuracy=25.0,mExtras=Bundle[mParcelledData.dataSize=4]] Previous Region = (2,0)
I/CameraCloud( 1062): 1333728292521: GPS x/long:-71.10148048987601, GPS y/lat: 42.36400866366604. Region width in x: 51.96152422706632
I/CameraCloud( 1062): 1333728292521: location PINPOINTS to region = 2.0, previous 2
I/CameraCloud( 1062): 1333728292521: stay at region 2
I/CameraCloud( 1062): 1333728292522: .......... GPS onLocationChanged ...... 
I/CameraCloud( 1062): 1333728292532: Loc = Location[mProvider=gps,mTime=1333814688000,mLatitude=42.3639953409619,mLongitude=-71.10150308467267,mHasAltitude=true,mAltitude=-22.0,mHasSpeed=true,mSpeed=0.87194175,mHasBearing=true,mBearing=227.13637,mHasAccuracy=true,mAccuracy=25.0,mExtras=Bundle[mParcelledData.dataSize=4]] Previous Region = (2,0)
I/CameraCloud( 1062): 1333728292532: GPS x/long:-71.10150308467267, GPS y/lat: 42.3639953409619. Region width in x: 51.96152422706632
I/CameraCloud( 1062): 1333728292533: location PINPOINTS to region = 2.0, previous 2
I/CameraCloud( 1062): 1333728292533: stay at region 2
I/CameraCloud( 1062): 1333728292534: .......... GPS onLocationChanged ...... 
I/CameraCloud( 1062): 1333728292534: Loc = Location[mProvider=gps,mTime=1333814689000,mLatitude=42.36398248325715,mLongitude=-71.10152576284815,mHasAltitude=true,mAltitude=-23.0,mHasSpeed=true,mSpeed=0.94265753,mHasBearing=true,mBearing=228.97432,mHasAccuracy=true,mAccuracy=25.0,mExtras=Bundle[mParcelledData.dataSize=4]] Previous Region = (2,0)
I/CameraCloud( 1062): 1333728292535: GPS x/long:-71.10152576284815, GPS y/lat: 42.36398248325715. Region width in x: 51.96152422706632
I/CameraCloud( 1062): 1333728292535: location PINPOINTS to region = 2.0, previous 2
I/CameraCloud( 1062): 1333728292535: stay at region 2
I/CameraCloud( 1062): 1333728292536: .......... GPS onLocationChanged ...... 
I/CameraCloud( 1062): 1333728292537: Loc = Location[mProvider=gps,mTime=1333814690000,mLatitude=42.36397003855439,mLongitude=-71.10155295131325,mHasAltitude=true,mAltitude=-23.0,mHasSpeed=true,mSpeed=1.014784,mHasBearing=true,mBearing=235.97423,mHasAccuracy=true,mAccuracy=25.0,mExtras=Bundle[mParcelledData.dataSize=4]] Previous Region = (2,0)
I/CameraCloud( 1062): 1333728292537: GPS x/long:-71.10155295131325, GPS y/lat: 42.36397003855439. Region width in x: 51.96152422706632
I/CameraCloud( 1062): 1333728292538: location PINPOINTS to region = 2.0, previous 2
I/CameraCloud( 1062): 1333728292538: stay at region 2
I/CameraCloud( 1062): 1333728292538: .......... GPS onLocationChanged ...... 
I/CameraCloud( 1062): 1333728292539: Loc = Location[mProvider=gps,mTime=1333814691000,mLatitude=42.36395665938101,mLongitude=-71.10158459022513,mHasAltitude=true,mAltitude=-23.0,mHasSpeed=true,mSpeed=0.0,mHasBearing=true,mBearing=232.67784,mHasAccuracy=true,mAccuracy=30.0,mExtras=Bundle[mParcelledData.dataSize=4]] Previous Region = (2,0)
I/CameraCloud( 1062): 1333728292540: GPS x/long:-71.10158459022513, GPS y/lat: 42.36395665938101. Region width in x: 51.96152422706632
I/CameraCloud( 1062): 1333728292540: location PINPOINTS to region = 2.0, previous 2
I/CameraCloud( 1062): 1333728292540: stay at region 2
I/CameraCloud( 1062): 1333728292541: .......... GPS onLocationChanged ...... 
I/CameraCloud( 1062): 1333728292541: Loc = Location[mProvider=gps,mTime=1333814692000,mLatitude=42.363944760139965,mLongitude=-71.10160935737944,mHasAltitude=true,mAltitude=-23.0,mHasSpeed=true,mSpeed=1.1335827,mHasBearing=true,mBearing=232.41342,mHasAccuracy=true,mAccuracy=25.0,mExtras=Bundle[mParcelledData.dataSize=4]] Previous Region = (2,0)
I/CameraCloud( 1062): 1333728292542: GPS x/long:-71.10160935737944, GPS y/lat: 42.363944760139965. Region width in x: 51.96152422706632
I/CameraCloud( 1062): 1333728292542: location PINPOINTS to region = 2.0, previous 2
I/CameraCloud( 1062): 1333728292543: stay at region 2
W/InputManagerService(  151): Window already focused, ignoring focus gain of: com.android.internal.view.IInputMethodClient$Stub$Proxy@415b9128
I/CameraCloud( 1062): 1333728294446: .......... GPS onLocationChanged ...... 
I/CameraCloud( 1062): 1333728294447: Loc = Location[mProvider=gps,mTime=1333814695000,mLatitude=42.36391376737266,mLongitude=-71.10167287187397,mHasAltitude=true,mAltitude=-22.0,mHasSpeed=true,mSpeed=1.2743651,mHasBearing=true,mBearing=232.77034,mHasAccuracy=true,mAccuracy=30.0,mExtras=Bundle[mParcelledData.dataSize=4]] Previous Region = (2,0)
I/CameraCloud( 1062): 1333728294447: GPS x/long:-71.10167287187397, GPS y/lat: 42.36391376737266. Region width in x: 51.96152422706632
I/CameraCloud( 1062): 1333728294448: location PINPOINTS to region = 2.0, previous 2
I/CameraCloud( 1062): 1333728294448: stay at region 2
D/dalvikvm( 1062): GC_CONCURRENT freed 2635K, 22% free 10230K/12999K, paused 2ms+4ms
I/CameraCloud( 1062): 1333728295496: .......... GPS onLocationChanged ...... 
I/CameraCloud( 1062): 1333728295497: Loc = Location[mProvider=gps,mTime=1333814696000,mLatitude=42.36390290680785,mLongitude=-71.10169482579258,mHasAltitude=true,mAltitude=-22.0,mHasSpeed=true,mSpeed=1.3214432,mHasBearing=true,mBearing=233.04434,mHasAccuracy=true,mAccuracy=25.0,mExtras=Bundle[mParcelledData.dataSize=4]] Previous Region = (2,0)
I/CameraCloud( 1062): 1333728295497: GPS x/long:-71.10169482579258, GPS y/lat: 42.36390290680785. Region width in x: 51.96152422706632
I/CameraCloud( 1062): 1333728295498: location PINPOINTS to region = 2.0, previous 2
I/CameraCloud( 1062): 1333728295498: stay at region 2
D/dalvikvm(  151): GC_CONCURRENT freed 686K, 14% free 12415K/14407K, paused 12ms+19ms
I/CameraCloud( 1062): 1333728296444: .......... GPS onLocationChanged ...... 
I/CameraCloud( 1062): 1333728296445: Loc = Location[mProvider=gps,mTime=1333814697000,mLatitude=42.363892090322274,mLongitude=-71.10171764445595,mHasAltitude=true,mAltitude=-22.0,mHasSpeed=true,mSpeed=1.3679638,mHasBearing=true,mBearing=233.8416,mHasAccuracy=true,mAccuracy=25.0,mExtras=Bundle[mParcelledData.dataSize=4]] Previous Region = (2,0)
I/CameraCloud( 1062): 1333728296446: GPS x/long:-71.10171764445595, GPS y/lat: 42.363892090322274. Region width in x: 51.96152422706632
I/CameraCloud( 1062): 1333728296446: location PINPOINTS to region = 2.0, previous 2
I/CameraCloud( 1062): 1333728296446: stay at region 2
I/CameraCloud( 1062): 1333728297470: .......... GPS onLocationChanged ...... 
I/CameraCloud( 1062): 1333728297471: Loc = Location[mProvider=gps,mTime=1333814698000,mLatitude=42.36388110677189,mLongitude=-71.10174097585899,mHasAltitude=true,mAltitude=-22.0,mHasSpeed=true,mSpeed=1.4133402,mHasBearing=true,mBearing=234.22923,mHasAccuracy=true,mAccuracy=25.0,mExtras=Bundle[mParcelledData.dataSize=4]] Previous Region = (2,0)
I/CameraCloud( 1062): 1333728297471: GPS x/long:-71.10174097585899, GPS y/lat: 42.36388110677189. Region width in x: 51.96152422706632
I/CameraCloud( 1062): 1333728297472: location PINPOINTS to region = 2.0, previous 2
I/CameraCloud( 1062): 1333728297472: stay at region 2
I/CameraCloud( 1062): 1333728299443: .......... GPS onLocationChanged ...... 
I/CameraCloud( 1062): 1333728299444: Loc = Location[mProvider=gps,mTime=1333814700000,mLatitude=42.36385830179009,mLongitude=-71.10178605880532,mHasAltitude=true,mAltitude=-22.0,mHasSpeed=true,mSpeed=1.5002732,mHasBearing=true,mBearing=234.51088,mHasAccuracy=true,mAccuracy=30.0,mExtras=Bundle[mParcelledData.dataSize=4]] Previous Region = (2,0)
I/CameraCloud( 1062): 1333728299444: GPS x/long:-71.10178605880532, GPS y/lat: 42.36385830179009. Region width in x: 51.96152422706632
I/CameraCloud( 1062): 1333728299445: location PINPOINTS to region = 2.0, previous 2
I/CameraCloud( 1062): 1333728299445: stay at region 2
I/CameraCloud( 1062): 1333728300440: .......... GPS onLocationChanged ...... 
I/CameraCloud( 1062): 1333728300441: Loc = Location[mProvider=gps,mTime=1333814701000,mLatitude=42.363842981592406,mLongitude=-71.10180738852542,mHasAltitude=true,mAltitude=-23.0,mHasSpeed=true,mSpeed=1.5569278,mHasBearing=true,mBearing=231.23915,mHasAccuracy=true,mAccuracy=30.0,mExtras=Bundle[mParcelledData.dataSize=4]] Previous Region = (2,0)
I/CameraCloud( 1062): 1333728300441: GPS x/long:-71.10180738852542, GPS y/lat: 42.363842981592406. Region width in x: 51.96152422706632
I/CameraCloud( 1062): 1333728300441: location PINPOINTS to region = 2.0, previous 2
I/CameraCloud( 1062): 1333728300442: stay at region 2
I/CameraCloud( 1062): 1333728301591: canPressButton = TRUE
I/CameraCloud( 1062): 1333728301591: areButtonsEnabled --> false 
I/CameraCloud( 1062): 1333728301592: Inside get photo disableButtons XXX
D/AudioHardware(   81): AudioHardware pcm playback is exiting standby.
D/AudioHardware(   81): openPcmOut_l() mPcmOpenCnt: 0
I/CameraCloud( 1062): 1333728301665: takeNum=5 takeCamGood=5 takeGoodSave=5 takeBad=0 getNum=8 getGood=7 getBad=0
I/CameraCloud( 1062): 1333728301665: ** Clicked getphotos Button from region 5 **
I/CameraCloud( 1062): 1333728301666: Trying to get photo from server, about to call serverRequest()
I/CameraCloud( 1062): 1333728301666: Server request to url: http://hermes5.csail.mit.edu:8213/102/5/0/
I/CameraCloud( 1062): 1333728301668: Cloud server request length: 12
I/CameraCloud( 1062): 1333728301668: about to execute HTTP POST
I/CameraCloud( 1062): 1333728301669: in serverRequest() about to httpclient.execute()
