D/dalvikvm(  218): GC_FOR_ALLOC freed 364K, 10% free 10325K/11463K, paused 22ms
D/dalvikvm(  218): GC_FOR_ALLOC freed 360K, 11% free 10308K/11463K, paused 19ms
D/dalvikvm(  218): GC_CONCURRENT freed 539K, 11% free 10260K/11463K, paused 1ms+4ms
D/dalvikvm( 2202): GC_FOR_ALLOC freed 165K, 3% free 9297K/9543K, paused 18ms
D/dalvikvm( 2202): GC_FOR_ALLOC freed 18K, 3% free 9679K/9927K, paused 15ms
D/dalvikvm( 2202): GC_CONCURRENT freed 13K, 2% free 10137K/10311K, paused 2ms+2ms
D/Camera  ( 2202): app passed NULL surface
V/camera  ( 2202): Preview size is 640x480
V/camera  ( 2202): startPreview
E/CameraHardwareSec(   81): preview window is NULL!
I/CameraHardwareSec(   81): virtual android::status_t android::CameraHardwareSec::startPreview() : deferring
D/libEGL  ( 2202): loaded /system/lib/egl/libGLES_android.so
D/libEGL  ( 2202): loaded /vendor/lib/egl/libEGL_POWERVR_SGX540_120.so
D/libEGL  ( 2202): loaded /vendor/lib/egl/libGLESv1_CM_POWERVR_SGX540_120.so
D/libEGL  ( 2202): loaded /vendor/lib/egl/libGLESv2_POWERVR_SGX540_120.so
D/OpenGLRenderer( 2202): Enabling debug mode 0
V/camera  ( 2202): surfaceChanged. w=480. h=640
D/CameraHardwareSec(   81): mPreviewHeap(fd(25), size(460800), width(640), height(480))
I/CameraHardwareSec(   81): int android::CameraHardwareSec::previewThreadWrapper(): return from wait
I/ActivityManager(  151): Displayed com.google.android.camera/com.android.camera.Camera: +2s665ms (total +5h13m6s914ms)
D/CameraStorage( 2202): External storage state=mounted
D/AudioHardware(   81): AudioHardware pcm playback is going to standby.
D/AudioHardware(   81): closePcmOut_l() mPcmOpenCnt: 1
I/Thumbnail( 2202): Fail to load bitmap. java.io.FileNotFoundException: /data/data/com.google.android.camera/files/last_thumb: open failed: ENOENT (No such file or directory)
D/PicasaSyncManager(  989): battery info: true
W/PowerUI (  218): unknown intent: Intent { act=android.intent.action.ACTION_POWER_CONNECTED flg=0x10000010 }
I/StorageNotification(  218): UMS connection changed to true (media state mounted)
D/dalvikvm(  218): GC_CONCURRENT freed 287K, 10% free 10418K/11463K, paused 2ms+3ms
I/StorageNotification(  218): UMS connection changed to true (media state mounted)
D/dalvikvm(  218): GC_FOR_ALLOC freed 408K, 11% free 10304K/11463K, paused 25ms
D/dalvikvm(  218): GC_CONCURRENT freed 446K, 10% free 10359K/11463K, paused 2ms+3ms
D/dalvikvm(  218): GC_FOR_ALLOC freed 318K, 10% free 10405K/11463K, paused 15ms
I/ActivityManager(  151): START {act=android.intent.action.MAIN cat=[android.intent.category.HOME] flg=0x10200000 cmp=com.android.launcher/com.android.launcher2.Launcher} from pid 151
V/camera  ( 2202): stopPreview
I/CameraHardwareSec(   81): int android::CameraHardwareSec::previewThreadWrapper(): calling mSecCamera->stopPreview() and waiting
I/CameraHardwareSec(   81): void android::CameraHardwareSec::stopPreviewInternal() : preview not running, doing nothing
I/CameraHardwareSec(   81): void android::CameraHardwareSec::stopPreviewInternal() : preview not running, doing nothing
I/CameraHardwareSec(   81): int android::CameraHardwareSec::previewThreadWrapper(): return from wait
I/CameraHardwareSec(   81): int android::CameraHardwareSec::previewThreadWrapper(): exiting
W/SecCamera(   81): int android::SecCamera::stopPreview(): doing nothing because m_flag_camera_start is zero
W/SecCamera(   81): int android::SecCamera::stopRecord(): doing nothing because m_flag_record_start is zero
I/SecCamera(   81): DeinitCamera: m_cam_fd(25)
I/SecCamera(   81): DeinitCamera: m_cam_fd2(28)
E/CameraHardwareSec(   81): preview window is NULL!
I/CameraService(   81): Destroying camera 0
I/CameraHardwareSec(   81): int android::HAL_camera_device_close(hw_device_t*)
I/SecCamera(   81): DeinitCamera : already deinitialized
W/AudioFlinger(   81): session id 51 not found for pid 81
W/AudioFlinger(   81): session id 52 not found for pid 81
D/OpenGLRenderer( 2202): Flushing caches (mode 0)
D/OpenGLRenderer( 2202): Flushing caches (mode 1)
W/InputManagerService(  151): Window already focused, ignoring focus gain of: com.android.internal.view.IInputMethodClient$Stub$Proxy@4167b848
I/ActivityManager(  151): START {flg=0x10000000 cmp=com.android.systemui/.usb.UsbStorageActivity bnds=[0,119][480,215]} from pid -1
D/AudioHardware(   81): AudioHardware pcm playback is exiting standby.
D/AudioHardware(   81): openPcmOut_l() mPcmOpenCnt: 0
D/dalvikvm(  151): GC_FOR_ALLOC freed 1227K, 16% free 12873K/15175K, paused 49ms
W/KeyguardViewMediator(  151): verifyUnlock called when not externally disabled
D/OpenGLRenderer(  341): Flushing caches (mode 1)
D/dalvikvm(  218): GC_FOR_ALLOC freed 154K, 8% free 10583K/11463K, paused 25ms
I/dalvikvm-heap(  218): Grow heap (frag case) to 10.681MB for 291616-byte allocation
D/dalvikvm(  218): GC_FOR_ALLOC freed 10K, 8% free 10858K/11783K, paused 19ms
D/VoldCmdListener(   72): volume shared /mnt/sdcard ums
D/OpenGLRenderer(  341): Flushing caches (mode 0)
D/libEGL  (  218): loaded /system/lib/egl/libGLES_android.so
D/libEGL  (  218): loaded /vendor/lib/egl/libEGL_POWERVR_SGX540_120.so
D/libEGL  (  218): loaded /vendor/lib/egl/libGLESv1_CM_POWERVR_SGX540_120.so
D/libEGL  (  218): loaded /vendor/lib/egl/libGLESv2_POWERVR_SGX540_120.so
D/OpenGLRenderer(  218): Enabling debug mode 0
I/ActivityManager(  151): Displayed com.android.systemui/.usb.UsbStorageActivity: +509ms
D/VoldCmdListener(   72): storage users /mnt/sdcard
I/PackageManager(  151): Updating external media status from mounted to unmounted
D/VoldCmdListener(   72): asec list
I/PackageManager(  151): No secure containers on sdcard
W/InputManagerService(  151): Window already focused, ignoring focus gain of: com.android.internal.view.IInputMethodClient$Stub$Proxy@41586320
D/VoldCmdListener(   72): storage users /mnt/sdcard
W/ActivityManager(  151): Killing processes unmount media at adjustment 9
W/ActivityManager(  151): Killing ProcessRecord{41759f38 1257:com.google.android.apps.maps/10032} (adj 10): unmount media
D/VoldCmdListener(   72): storage users /mnt/sdcard
D/dalvikvm(  151): GC_EXPLICIT freed 367K, 15% free 12944K/15175K, paused 3ms+7ms
I/PackageManager(  151): Updating external media status from unmounted to unmounted
D/VoldCmdListener(   72): volume unmount /mnt/sdcard force
D/Vold    (   72): Volume sdcard state changing 4 (Mounted) -> 5 (Unmounting)
D/MountService(  151): sendStorageIntent Intent { act=android.intent.action.MEDIA_EJECT dat=file:///mnt/sdcard (has extras) }
I/Vold    (   72): /mnt/secure/staging/.android_secure sucessfully unmounted
I/Vold    (   72): /mnt/secure/asec sucessfully unmounted
I/Vold    (   72): /mnt/secure/staging sucessfully unmounted
I/Vold    (   72): /mnt/sdcard unmounted sucessfully
I/PackageManager(  151): Updating external media status from unmounted to unmounted
D/Vold    (   72): Volume sdcard state changing 5 (Unmounting) -> 1 (Idle-Unmounted)
D/MountService(  151): volume state changed for /mnt/sdcard (mounted -> unmounted)
D/VoldCmdListener(   72): volume share /mnt/sdcard ums
D/Vold    (   72): Volume sdcard state changing 1 (Idle-Unmounted) -> 7 (Shared-Unmounted)
D/MountService(  151): sendStorageIntent Intent { act=android.intent.action.MEDIA_UNMOUNTED dat=file:///mnt/sdcard (has extras) }
W/MountService(  151): Duplicate state transition (unmounted -> unmounted) for /mnt/sdcard
D/MountService(  151): sendStorageIntent Intent { act=android.intent.action.MEDIA_UNMOUNTED dat=file:///mnt/sdcard (has extras) }
D/MountService(  151): volume state changed for /mnt/sdcard (unmounted -> shared)
D/MediaScannerReceiver(  265): action: android.intent.action.MEDIA_UNMOUNTED path: /mnt/sdcard
D/MediaScannerReceiver(  265): action: android.intent.action.MEDIA_UNMOUNTED path: /mnt/sdcard
D/MountService(  151): sendStorageIntent Intent { act=android.intent.action.MEDIA_SHARED dat=file:///mnt/sdcard (has extras) }
I/StorageNotification(  218): Media {/mnt/sdcard} state changed from {mounted} -> {unmounted}
D/VoldCmdListener(   72): volume shared /mnt/sdcard ums
D/dalvikvm(  218): GC_FOR_ALLOC freed 22K, 8% free 10940K/11783K, paused 20ms
I/dalvikvm-heap(  218): Grow heap (frag case) to 11.030MB for 291616-byte allocation
D/dalvikvm(  218): GC_FOR_ALLOC freed 5K, 8% free 11220K/12103K, paused 17ms
I/StorageNotification(  218): Media {/mnt/sdcard} state changed from {unmounted} -> {shared}
D/dalvikvm(  218): GC_FOR_ALLOC freed 493K, 9% free 11044K/12103K, paused 16ms
D/AudioHardware(   81): AudioHardware pcm playback is going to standby.
D/AudioHardware(   81): closePcmOut_l() mPcmOpenCnt: 1
