D/BackupManagerService(  163): Received broadcast Intent { act=android.intent.action.PACKAGE_REPLACED dat=package:edu.mit.csail.diplomamatrix flg=0x10000010 (has extras) }
V/BackupManagerService(  163): updatePackageParticipantsLocked: edu.mit.csail.diplomamatrix
I/ActivityManager(  163): START {act=android.intent.action.MAIN cat=[android.intent.category.LAUNCHER] flg=0x10000000 cmp=edu.mit.csail.diplomamatrix/.StatusActivity} from pid 1687
I/ActivityManager(  163): Start proc edu.mit.csail.diplomamatrix for activity edu.mit.csail.diplomamatrix/.StatusActivity: pid=1698 uid=10067 gids={1006, 1015, 3003}
W/InputManagerService(  163): Starting input on non-focused client com.android.internal.view.IInputMethodClient$Stub$Proxy@41712ea0 (uid=10029 pid=358)
W/ActivityManager(  163): Activity destroy timeout for ActivityRecord{4156bb50 edu.mit.csail.diplomamatrix/.StatusActivity}
W/InputManagerService(  163): Window already focused, ignoring focus gain of: com.android.internal.view.IInputMethodClient$Stub$Proxy@415a23c0
W/ActivityManager(  163): No content provider found for permission revoke: file:///data/local/tmp/DIPLOMAMatrix.apk
W/ActivityManager(  163): No content provider found for permission revoke: file:///data/local/tmp/DIPLOMAMatrix.apk
I/ActivityManager(  163): Force stopping package edu.mit.csail.diplomamatrix uid=10067
I/ActivityManager(  163): Killing proc 1698:edu.mit.csail.diplomamatrix/10067: force stop
W/ActivityManager(  163): Force removing ActivityRecord{41525e78 edu.mit.csail.diplomamatrix/.StatusActivity}: app died, no saved state
I/WindowManager(  163): WIN DEATH: Window{4158dea8 edu.mit.csail.diplomamatrix/edu.mit.csail.diplomamatrix.StatusActivity paused=false}
W/WindowManager(  163): Force-removing child win Window{416b4340 SurfaceView paused=false} from container Window{4158dea8 edu.mit.csail.diplomamatrix/edu.mit.csail.diplomamatrix.StatusActivity paused=false}
W/WindowManager(  163): Failed looking up window
W/WindowManager(  163): java.lang.IllegalArgumentException: Requested window android.os.BinderProxy@415d1498 does not exist
W/WindowManager(  163): 	at com.android.server.wm.WindowManagerService.windowForClientLocked(WindowManagerService.java:7156)
W/WindowManager(  163): 	at com.android.server.wm.WindowManagerService.windowForClientLocked(WindowManagerService.java:7147)
W/WindowManager(  163): 	at com.android.server.wm.WindowState$DeathRecipient.binderDied(WindowState.java:1529)
W/WindowManager(  163): 	at android.os.BinderProxy.sendDeathNotice(Binder.java:417)
W/WindowManager(  163): 	at dalvik.system.NativeStart.run(Native Method)
I/WindowManager(  163): WIN DEATH: null
I/PackageManager(  163): Package edu.mit.csail.diplomamatrix codePath changed from /data/app/edu.mit.csail.diplomamatrix-2.apk to /data/app/edu.mit.csail.diplomamatrix-1.apk; Retaining data and using new
W/InputManagerService(  163): Got RemoteException sending setActive(false) notification to pid 1698 uid 10067
I/ActivityManager(  163): Force stopping package edu.mit.csail.diplomamatrix uid=10067
W/PackageManager(  163): Code path for pkg : edu.mit.csail.diplomamatrix changing from /data/app/edu.mit.csail.diplomamatrix-2.apk to /data/app/edu.mit.csail.diplomamatrix-1.apk
W/PackageManager(  163): Resource path for pkg : edu.mit.csail.diplomamatrix changing from /data/app/edu.mit.csail.diplomamatrix-2.apk to /data/app/edu.mit.csail.diplomamatrix-1.apk
I/ActivityManager(  163): Force stopping package edu.mit.csail.diplomamatrix uid=10067
D/BackupManagerService(  163): Received broadcast Intent { act=android.intent.action.PACKAGE_REMOVED dat=package:edu.mit.csail.diplomamatrix flg=0x10000010 (has extras) }
D/BackupManagerService(  163): Received broadcast Intent { act=android.intent.action.PACKAGE_ADDED dat=package:edu.mit.csail.diplomamatrix flg=0x10000010 (has extras) }
V/BackupManagerService(  163): updatePackageParticipantsLocked: edu.mit.csail.diplomamatrix
D/BackupManagerService(  163): Received broadcast Intent { act=android.intent.action.PACKAGE_REPLACED dat=package:edu.mit.csail.diplomamatrix flg=0x10000010 (has extras) }
V/BackupManagerService(  163): updatePackageParticipantsLocked: edu.mit.csail.diplomamatrix
I/ActivityManager(  163): START {act=android.intent.action.MAIN cat=[android.intent.category.LAUNCHER] flg=0x10000000 cmp=edu.mit.csail.diplomamatrix/.StatusActivity} from pid 1756
I/ActivityManager(  163): Start proc edu.mit.csail.diplomamatrix for activity edu.mit.csail.diplomamatrix/.StatusActivity: pid=1766 uid=10067 gids={1006, 1015, 3003}
W/InputManagerService(  163): Starting input on non-focused client com.android.internal.view.IInputMethodClient$Stub$Proxy@41712ea0 (uid=10029 pid=358)
W/InputManagerService(  163): Window already focused, ignoring focus gain of: com.android.internal.view.IInputMethodClient$Stub$Proxy@41495a68
W/InputManagerService(  163): Starting input on non-focused client com.android.internal.view.IInputMethodClient$Stub$Proxy@416dccc8 (uid=10067 pid=1766)
I/ActivityManager(  163): No longer want com.android.keychain (pid 1666): hidden #16
I/ActivityManager(  163): Process edu.mit.csail.diplomamatrix (pid 1766) has died.
I/WindowManager(  163): WIN DEATH: Window{416f5478 SurfaceView paused=false}
I/WindowManager(  163): WIN DEATH: Window{416efd70 edu.mit.csail.diplomamatrix/edu.mit.csail.diplomamatrix.StatusActivity paused=false}
W/ActivityManager(  163): No content provider found for permission revoke: file:///data/local/tmp/DIPLOMAMatrix.apk
W/ActivityManager(  163): No content provider found for permission revoke: file:///data/local/tmp/DIPLOMAMatrix.apk
I/ActivityManager(  163): Force stopping package edu.mit.csail.diplomamatrix uid=10067
I/ActivityManager(  163):   Force finishing activity ActivityRecord{41525e78 edu.mit.csail.diplomamatrix/.StatusActivity}
W/ActivityManager(  163): Duplicate finish request for ActivityRecord{41525e78 edu.mit.csail.diplomamatrix/.StatusActivity}
I/PackageManager(  163): Package edu.mit.csail.diplomamatrix codePath changed from /data/app/edu.mit.csail.diplomamatrix-1.apk to /data/app/edu.mit.csail.diplomamatrix-2.apk; Retaining data and using new
I/ActivityManager(  163): Force stopping package edu.mit.csail.diplomamatrix uid=10067
I/ActivityManager(  163):   Force finishing activity ActivityRecord{41525e78 edu.mit.csail.diplomamatrix/.StatusActivity}
W/ActivityManager(  163): Duplicate finish request for ActivityRecord{41525e78 edu.mit.csail.diplomamatrix/.StatusActivity}
W/PackageManager(  163): Code path for pkg : edu.mit.csail.diplomamatrix changing from /data/app/edu.mit.csail.diplomamatrix-1.apk to /data/app/edu.mit.csail.diplomamatrix-2.apk
W/PackageManager(  163): Resource path for pkg : edu.mit.csail.diplomamatrix changing from /data/app/edu.mit.csail.diplomamatrix-1.apk to /data/app/edu.mit.csail.diplomamatrix-2.apk
I/ActivityManager(  163): Force stopping package edu.mit.csail.diplomamatrix uid=10067
I/ActivityManager(  163):   Force finishing activity ActivityRecord{41525e78 edu.mit.csail.diplomamatrix/.StatusActivity}
W/ActivityManager(  163): Duplicate finish request for ActivityRecord{41525e78 edu.mit.csail.diplomamatrix/.StatusActivity}
D/BackupManagerService(  163): Received broadcast Intent { act=android.intent.action.PACKAGE_REMOVED dat=package:edu.mit.csail.diplomamatrix flg=0x10000010 (has extras) }
I/ActivityManager(  163): Start proc com.android.keychain for broadcast com.android.keychain/.KeyChainBroadcastReceiver: pid=1819 uid=1000 gids={1015, 3002, 3001, 3003, 3007}
D/BackupManagerService(  163): Received broadcast Intent { act=android.intent.action.PACKAGE_ADDED dat=package:edu.mit.csail.diplomamatrix flg=0x10000010 (has extras) }
V/BackupManagerService(  163): updatePackageParticipantsLocked: edu.mit.csail.diplomamatrix
D/BackupManagerService(  163): Received broadcast Intent { act=android.intent.action.PACKAGE_REPLACED dat=package:edu.mit.csail.diplomamatrix flg=0x10000010 (has extras) }
V/BackupManagerService(  163): updatePackageParticipantsLocked: edu.mit.csail.diplomamatrix
I/ActivityManager(  163): START {act=android.intent.action.MAIN cat=[android.intent.category.LAUNCHER] flg=0x10000000 cmp=edu.mit.csail.diplomamatrix/.StatusActivity} from pid 1840
I/ActivityManager(  163): Start proc edu.mit.csail.diplomamatrix for activity edu.mit.csail.diplomamatrix/.StatusActivity: pid=1851 uid=10067 gids={1006, 1015, 3003}
W/InputManagerService(  163): Starting input on non-focused client com.android.internal.view.IInputMethodClient$Stub$Proxy@41712ea0 (uid=10029 pid=358)
W/ActivityManager(  163): Activity destroy timeout for ActivityRecord{41525e78 edu.mit.csail.diplomamatrix/.StatusActivity}
W/InputManagerService(  163): Starting input on non-focused client com.android.internal.view.IInputMethodClient$Stub$Proxy@4150c568 (uid=10067 pid=1851)
I/ActivityManager(  163): No longer want com.android.keychain (pid 1819): hidden #16
I/ActivityManager(  163): Process edu.mit.csail.diplomamatrix (pid 1851) has died.
I/WindowManager(  163): WIN DEATH: Window{416d1a50 edu.mit.csail.diplomamatrix/edu.mit.csail.diplomamatrix.StatusActivity paused=false}
W/WindowManager(  163): Force-removing child win Window{41711218 SurfaceView paused=false} from container Window{416d1a50 edu.mit.csail.diplomamatrix/edu.mit.csail.diplomamatrix.StatusActivity paused=false}
W/ActivityManager(  163): No content provider found for permission revoke: file:///data/local/tmp/DIPLOMAMatrix.apk
W/ActivityManager(  163): No content provider found for permission revoke: file:///data/local/tmp/DIPLOMAMatrix.apk
I/ActivityManager(  163): Force stopping package edu.mit.csail.diplomamatrix uid=10067
I/ActivityManager(  163):   Force finishing activity ActivityRecord{4154bc18 edu.mit.csail.diplomamatrix/.StatusActivity}
W/ActivityManager(  163): Duplicate finish request for ActivityRecord{4154bc18 edu.mit.csail.diplomamatrix/.StatusActivity}
I/PackageManager(  163): Package edu.mit.csail.diplomamatrix codePath changed from /data/app/edu.mit.csail.diplomamatrix-2.apk to /data/app/edu.mit.csail.diplomamatrix-1.apk; Retaining data and using new
I/ActivityManager(  163): Force stopping package edu.mit.csail.diplomamatrix uid=10067
I/ActivityManager(  163):   Force finishing activity ActivityRecord{4154bc18 edu.mit.csail.diplomamatrix/.StatusActivity}
W/ActivityManager(  163): Duplicate finish request for ActivityRecord{4154bc18 edu.mit.csail.diplomamatrix/.StatusActivity}
W/PackageManager(  163): Code path for pkg : edu.mit.csail.diplomamatrix changing from /data/app/edu.mit.csail.diplomamatrix-2.apk to /data/app/edu.mit.csail.diplomamatrix-1.apk
W/PackageManager(  163): Resource path for pkg : edu.mit.csail.diplomamatrix changing from /data/app/edu.mit.csail.diplomamatrix-2.apk to /data/app/edu.mit.csail.diplomamatrix-1.apk
I/ActivityManager(  163): Force stopping package edu.mit.csail.diplomamatrix uid=10067
I/ActivityManager(  163):   Force finishing activity ActivityRecord{4154bc18 edu.mit.csail.diplomamatrix/.StatusActivity}
W/ActivityManager(  163): Duplicate finish request for ActivityRecord{4154bc18 edu.mit.csail.diplomamatrix/.StatusActivity}
D/BackupManagerService(  163): Received broadcast Intent { act=android.intent.action.PACKAGE_REMOVED dat=package:edu.mit.csail.diplomamatrix flg=0x10000010 (has extras) }
I/ActivityManager(  163): Start proc com.android.keychain for broadcast com.android.keychain/.KeyChainBroadcastReceiver: pid=1898 uid=1000 gids={1015, 3002, 3001, 3003, 3007}
D/BackupManagerService(  163): Received broadcast Intent { act=android.intent.action.PACKAGE_ADDED dat=package:edu.mit.csail.diplomamatrix flg=0x10000010 (has extras) }
V/BackupManagerService(  163): updatePackageParticipantsLocked: edu.mit.csail.diplomamatrix
D/BackupManagerService(  163): Received broadcast Intent { act=android.intent.action.PACKAGE_REPLACED dat=package:edu.mit.csail.diplomamatrix flg=0x10000010 (has extras) }
V/BackupManagerService(  163): updatePackageParticipantsLocked: edu.mit.csail.diplomamatrix
I/ActivityManager(  163): START {act=android.intent.action.MAIN cat=[android.intent.category.LAUNCHER] flg=0x10000000 cmp=edu.mit.csail.diplomamatrix/.StatusActivity} from pid 1920
I/ActivityManager(  163): Start proc edu.mit.csail.diplomamatrix for activity edu.mit.csail.diplomamatrix/.StatusActivity: pid=1931 uid=10067 gids={1006, 1015, 3003}
W/InputManagerService(  163): Starting input on non-focused client com.android.internal.view.IInputMethodClient$Stub$Proxy@41712ea0 (uid=10029 pid=358)
W/ActivityManager(  163): Activity destroy timeout for ActivityRecord{4154bc18 edu.mit.csail.diplomamatrix/.StatusActivity}
W/InputManagerService(  163): Starting input on non-focused client com.android.internal.view.IInputMethodClient$Stub$Proxy@415dcab0 (uid=10067 pid=1931)
I/ActivityManager(  163): No longer want com.android.keychain (pid 1898): hidden #16
I/ActivityManager(  163): Process edu.mit.csail.diplomamatrix (pid 1931) has died.
I/WindowManager(  163): WIN DEATH: Window{417270b8 SurfaceView paused=false}
I/WindowManager(  163): WIN DEATH: Window{416f5478 edu.mit.csail.diplomamatrix/edu.mit.csail.diplomamatrix.StatusActivity paused=false}
W/ActivityManager(  163): Activity destroy timeout for ActivityRecord{41525e78 edu.mit.csail.diplomamatrix/.StatusActivity}
W/ActivityManager(  163): No content provider found for permission revoke: file:///data/local/tmp/DIPLOMAMatrix.apk
W/ActivityManager(  163): No content provider found for permission revoke: file:///data/local/tmp/DIPLOMAMatrix.apk
I/ActivityManager(  163): Force stopping package edu.mit.csail.diplomamatrix uid=10067
I/PackageManager(  163): Package edu.mit.csail.diplomamatrix codePath changed from /data/app/edu.mit.csail.diplomamatrix-1.apk to /data/app/edu.mit.csail.diplomamatrix-2.apk; Retaining data and using new
I/ActivityManager(  163): Force stopping package edu.mit.csail.diplomamatrix uid=10067
W/PackageManager(  163): Code path for pkg : edu.mit.csail.diplomamatrix changing from /data/app/edu.mit.csail.diplomamatrix-1.apk to /data/app/edu.mit.csail.diplomamatrix-2.apk
W/PackageManager(  163): Resource path for pkg : edu.mit.csail.diplomamatrix changing from /data/app/edu.mit.csail.diplomamatrix-1.apk to /data/app/edu.mit.csail.diplomamatrix-2.apk
I/ActivityManager(  163): Force stopping package edu.mit.csail.diplomamatrix uid=10067
D/BackupManagerService(  163): Received broadcast Intent { act=android.intent.action.PACKAGE_REMOVED dat=package:edu.mit.csail.diplomamatrix flg=0x10000010 (has extras) }
I/ActivityManager(  163): Start proc com.android.keychain for broadcast com.android.keychain/.KeyChainBroadcastReceiver: pid=1977 uid=1000 gids={1015, 3002, 3001, 3003, 3007}
D/BackupManagerService(  163): Received broadcast Intent { act=android.intent.action.PACKAGE_ADDED dat=package:edu.mit.csail.diplomamatrix flg=0x10000010 (has extras) }
V/BackupManagerService(  163): updatePackageParticipantsLocked: edu.mit.csail.diplomamatrix
D/BackupManagerService(  163): Received broadcast Intent { act=android.intent.action.PACKAGE_REPLACED dat=package:edu.mit.csail.diplomamatrix flg=0x10000010 (has extras) }
V/BackupManagerService(  163): updatePackageParticipantsLocked: edu.mit.csail.diplomamatrix
I/ActivityManager(  163): START {act=android.intent.action.MAIN cat=[android.intent.category.LAUNCHER] flg=0x10000000 cmp=edu.mit.csail.diplomamatrix/.StatusActivity} from pid 1999
I/ActivityManager(  163): Start proc edu.mit.csail.diplomamatrix for activity edu.mit.csail.diplomamatrix/.StatusActivity: pid=2010 uid=10067 gids={1006, 1015, 3003}
W/InputManagerService(  163): Starting input on non-focused client com.android.internal.view.IInputMethodClient$Stub$Proxy@41712ea0 (uid=10029 pid=358)
W/InputManagerService(  163): Starting input on non-focused client com.android.internal.view.IInputMethodClient$Stub$Proxy@416c2df0 (uid=10067 pid=2010)
I/ActivityManager(  163): No longer want com.android.keychain (pid 1977): hidden #16
I/WindowManager(  163): WIN DEATH: Window{416d1a50 edu.mit.csail.diplomamatrix/edu.mit.csail.diplomamatrix.StatusActivity paused=false}
W/WindowManager(  163): Force-removing child win Window{41783740 SurfaceView paused=false} from container Window{416d1a50 edu.mit.csail.diplomamatrix/edu.mit.csail.diplomamatrix.StatusActivity paused=false}
I/ActivityManager(  163): Process edu.mit.csail.diplomamatrix (pid 2010) has died.
W/ActivityManager(  163): No content provider found for permission revoke: file:///data/local/tmp/DIPLOMAMatrix.apk
W/ActivityManager(  163): No content provider found for permission revoke: file:///data/local/tmp/DIPLOMAMatrix.apk
I/ActivityManager(  163): Force stopping package edu.mit.csail.diplomamatrix uid=10067
I/ActivityManager(  163):   Force finishing activity ActivityRecord{4154bc18 edu.mit.csail.diplomamatrix/.StatusActivity}
W/ActivityManager(  163): Duplicate finish request for ActivityRecord{4154bc18 edu.mit.csail.diplomamatrix/.StatusActivity}
I/PackageManager(  163): Package edu.mit.csail.diplomamatrix codePath changed from /data/app/edu.mit.csail.diplomamatrix-2.apk to /data/app/edu.mit.csail.diplomamatrix-1.apk; Retaining data and using new
I/ActivityManager(  163): Force stopping package edu.mit.csail.diplomamatrix uid=10067
I/ActivityManager(  163):   Force finishing activity ActivityRecord{4154bc18 edu.mit.csail.diplomamatrix/.StatusActivity}
W/ActivityManager(  163): Duplicate finish request for ActivityRecord{4154bc18 edu.mit.csail.diplomamatrix/.StatusActivity}
W/PackageManager(  163): Code path for pkg : edu.mit.csail.diplomamatrix changing from /data/app/edu.mit.csail.diplomamatrix-2.apk to /data/app/edu.mit.csail.diplomamatrix-1.apk
W/PackageManager(  163): Resource path for pkg : edu.mit.csail.diplomamatrix changing from /data/app/edu.mit.csail.diplomamatrix-2.apk to /data/app/edu.mit.csail.diplomamatrix-1.apk
I/ActivityManager(  163): Force stopping package edu.mit.csail.diplomamatrix uid=10067
I/ActivityManager(  163):   Force finishing activity ActivityRecord{4154bc18 edu.mit.csail.diplomamatrix/.StatusActivity}
W/ActivityManager(  163): Duplicate finish request for ActivityRecord{4154bc18 edu.mit.csail.diplomamatrix/.StatusActivity}
D/BackupManagerService(  163): Received broadcast Intent { act=android.intent.action.PACKAGE_REMOVED dat=package:edu.mit.csail.diplomamatrix flg=0x10000010 (has extras) }
D/BackupManagerService(  163): Received broadcast Intent { act=android.intent.action.PACKAGE_ADDED dat=package:edu.mit.csail.diplomamatrix flg=0x10000010 (has extras) }
V/BackupManagerService(  163): updatePackageParticipantsLocked: edu.mit.csail.diplomamatrix
I/ActivityManager(  163): Start proc com.android.keychain for broadcast com.android.keychain/.KeyChainBroadcastReceiver: pid=2056 uid=1000 gids={1015, 3002, 3001, 3003, 3007}
D/BackupManagerService(  163): Received broadcast Intent { act=android.intent.action.PACKAGE_REPLACED dat=package:edu.mit.csail.diplomamatrix flg=0x10000010 (has extras) }
V/BackupManagerService(  163): updatePackageParticipantsLocked: edu.mit.csail.diplomamatrix
W/ActivityManager(  163): Activity destroy timeout for ActivityRecord{4154bc18 edu.mit.csail.diplomamatrix/.StatusActivity}
I/ActivityManager(  163): START {act=android.intent.action.MAIN cat=[android.intent.category.LAUNCHER] flg=0x10000000 cmp=edu.mit.csail.diplomamatrix/.StatusActivity} from pid 2078
I/ActivityManager(  163): Start proc edu.mit.csail.diplomamatrix for activity edu.mit.csail.diplomamatrix/.StatusActivity: pid=2089 uid=10067 gids={1006, 1015, 3003}
W/InputManagerService(  163): Starting input on non-focused client com.android.internal.view.IInputMethodClient$Stub$Proxy@41712ea0 (uid=10029 pid=358)
W/InputManagerService(  163): Window already focused, ignoring focus gain of: com.android.internal.view.IInputMethodClient$Stub$Proxy@414de1a0
W/InputManagerService(  163): Starting input on non-focused client com.android.internal.view.IInputMethodClient$Stub$Proxy@416c5e88 (uid=10067 pid=2089)
I/ActivityManager(  163): No longer want com.android.keychain (pid 2056): hidden #16
I/ActivityManager(  163): Process edu.mit.csail.diplomamatrix (pid 2089) has died.
I/WindowManager(  163): WIN DEATH: Window{416f5478 SurfaceView paused=false}
I/WindowManager(  163): WIN DEATH: Window{416ee7b8 edu.mit.csail.diplomamatrix/edu.mit.csail.diplomamatrix.StatusActivity paused=false}
W/ActivityManager(  163): No content provider found for permission revoke: file:///data/local/tmp/DIPLOMAMatrix.apk
W/ActivityManager(  163): No content provider found for permission revoke: file:///data/local/tmp/DIPLOMAMatrix.apk
I/ActivityManager(  163): Force stopping package edu.mit.csail.diplomamatrix uid=10067
I/ActivityManager(  163):   Force finishing activity ActivityRecord{41525e78 edu.mit.csail.diplomamatrix/.StatusActivity}
W/ActivityManager(  163): Duplicate finish request for ActivityRecord{41525e78 edu.mit.csail.diplomamatrix/.StatusActivity}
I/PackageManager(  163): Package edu.mit.csail.diplomamatrix codePath changed from /data/app/edu.mit.csail.diplomamatrix-1.apk to /data/app/edu.mit.csail.diplomamatrix-2.apk; Retaining data and using new
I/ActivityManager(  163): Force stopping package edu.mit.csail.diplomamatrix uid=10067
I/ActivityManager(  163):   Force finishing activity ActivityRecord{41525e78 edu.mit.csail.diplomamatrix/.StatusActivity}
W/ActivityManager(  163): Duplicate finish request for ActivityRecord{41525e78 edu.mit.csail.diplomamatrix/.StatusActivity}
W/PackageManager(  163): Code path for pkg : edu.mit.csail.diplomamatrix changing from /data/app/edu.mit.csail.diplomamatrix-1.apk to /data/app/edu.mit.csail.diplomamatrix-2.apk
W/PackageManager(  163): Resource path for pkg : edu.mit.csail.diplomamatrix changing from /data/app/edu.mit.csail.diplomamatrix-1.apk to /data/app/edu.mit.csail.diplomamatrix-2.apk
I/ActivityManager(  163): Force stopping package edu.mit.csail.diplomamatrix uid=10067
I/ActivityManager(  163):   Force finishing activity ActivityRecord{41525e78 edu.mit.csail.diplomamatrix/.StatusActivity}
W/ActivityManager(  163): Duplicate finish request for ActivityRecord{41525e78 edu.mit.csail.diplomamatrix/.StatusActivity}
I/ActivityManager(  163): Start proc com.android.keychain for broadcast com.android.keychain/.KeyChainBroadcastReceiver: pid=2140 uid=1000 gids={1015, 3002, 3001, 3003, 3007}
D/BackupManagerService(  163): Received broadcast Intent { act=android.intent.action.PACKAGE_REMOVED dat=package:edu.mit.csail.diplomamatrix flg=0x10000010 (has extras) }
D/BackupManagerService(  163): Received broadcast Intent { act=android.intent.action.PACKAGE_ADDED dat=package:edu.mit.csail.diplomamatrix flg=0x10000010 (has extras) }
V/BackupManagerService(  163): updatePackageParticipantsLocked: edu.mit.csail.diplomamatrix
D/BackupManagerService(  163): Received broadcast Intent { act=android.intent.action.PACKAGE_REPLACED dat=package:edu.mit.csail.diplomamatrix flg=0x10000010 (has extras) }
V/BackupManagerService(  163): updatePackageParticipantsLocked: edu.mit.csail.diplomamatrix
I/ActivityManager(  163): START {act=android.intent.action.MAIN cat=[android.intent.category.LAUNCHER] flg=0x10000000 cmp=edu.mit.csail.diplomamatrix/.StatusActivity} from pid 2161
I/ActivityManager(  163): Start proc edu.mit.csail.diplomamatrix for activity edu.mit.csail.diplomamatrix/.StatusActivity: pid=2172 uid=10067 gids={1006, 1015, 3003}
W/InputManagerService(  163): Starting input on non-focused client com.android.internal.view.IInputMethodClient$Stub$Proxy@41712ea0 (uid=10029 pid=358)
W/ActivityManager(  163): Activity destroy timeout for ActivityRecord{41525e78 edu.mit.csail.diplomamatrix/.StatusActivity}
W/InputManagerService(  163): Window already focused, ignoring focus gain of: com.android.internal.view.IInputMethodClient$Stub$Proxy@416beaf0
W/ActivityManager(  163): No content provider found for permission revoke: file:///data/local/tmp/DIPLOMAMatrix.apk
W/ActivityManager(  163): No content provider found for permission revoke: file:///data/local/tmp/DIPLOMAMatrix.apk
I/ActivityManager(  163): Force stopping package edu.mit.csail.diplomamatrix uid=10067
I/ActivityManager(  163): Killing proc 2172:edu.mit.csail.diplomamatrix/10067: force stop
W/ActivityManager(  163): Force removing ActivityRecord{41555298 edu.mit.csail.diplomamatrix/.StatusActivity}: app died, no saved state
I/WindowManager(  163): WIN DEATH: Window{416d1a50 edu.mit.csail.diplomamatrix/edu.mit.csail.diplomamatrix.StatusActivity paused=false}
W/WindowManager(  163): Force-removing child win Window{416faec0 SurfaceView paused=false} from container Window{416d1a50 edu.mit.csail.diplomamatrix/edu.mit.csail.diplomamatrix.StatusActivity paused=false}
W/WindowManager(  163): Failed looking up window
W/WindowManager(  163): java.lang.IllegalArgumentException: Requested window android.os.BinderProxy@416ce930 does not exist
W/WindowManager(  163): 	at com.android.server.wm.WindowManagerService.windowForClientLocked(WindowManagerService.java:7156)
W/WindowManager(  163): 	at com.android.server.wm.WindowManagerService.windowForClientLocked(WindowManagerService.java:7147)
W/WindowManager(  163): 	at com.android.server.wm.WindowState$DeathRecipient.binderDied(WindowState.java:1529)
W/WindowManager(  163): 	at android.os.BinderProxy.sendDeathNotice(Binder.java:417)
W/WindowManager(  163): 	at dalvik.system.NativeStart.run(Native Method)
I/WindowManager(  163): WIN DEATH: null
I/PackageManager(  163): Package edu.mit.csail.diplomamatrix codePath changed from /data/app/edu.mit.csail.diplomamatrix-2.apk to /data/app/edu.mit.csail.diplomamatrix-1.apk; Retaining data and using new
W/InputManagerService(  163): Got RemoteException sending setActive(false) notification to pid 2172 uid 10067
I/ActivityManager(  163): Force stopping package edu.mit.csail.diplomamatrix uid=10067
W/PackageManager(  163): Code path for pkg : edu.mit.csail.diplomamatrix changing from /data/app/edu.mit.csail.diplomamatrix-2.apk to /data/app/edu.mit.csail.diplomamatrix-1.apk
W/PackageManager(  163): Resource path for pkg : edu.mit.csail.diplomamatrix changing from /data/app/edu.mit.csail.diplomamatrix-2.apk to /data/app/edu.mit.csail.diplomamatrix-1.apk
I/ActivityManager(  163): Force stopping package edu.mit.csail.diplomamatrix uid=10067
D/BackupManagerService(  163): Received broadcast Intent { act=android.intent.action.PACKAGE_REMOVED dat=package:edu.mit.csail.diplomamatrix flg=0x10000010 (has extras) }
D/BackupManagerService(  163): Received broadcast Intent { act=android.intent.action.PACKAGE_ADDED dat=package:edu.mit.csail.diplomamatrix flg=0x10000010 (has extras) }
V/BackupManagerService(  163): updatePackageParticipantsLocked: edu.mit.csail.diplomamatrix
D/BackupManagerService(  163): Received broadcast Intent { act=android.intent.action.PACKAGE_REPLACED dat=package:edu.mit.csail.diplomamatrix flg=0x10000010 (has extras) }
V/BackupManagerService(  163): updatePackageParticipantsLocked: edu.mit.csail.diplomamatrix
I/ActivityManager(  163): START {act=android.intent.action.MAIN cat=[android.intent.category.LAUNCHER] flg=0x10000000 cmp=edu.mit.csail.diplomamatrix/.StatusActivity} from pid 2231
I/ActivityManager(  163): Start proc edu.mit.csail.diplomamatrix for activity edu.mit.csail.diplomamatrix/.StatusActivity: pid=2242 uid=10067 gids={1006, 1015, 3003}
W/InputManagerService(  163): Starting input on non-focused client com.android.internal.view.IInputMethodClient$Stub$Proxy@41712ea0 (uid=10029 pid=358)
W/InputManagerService(  163): Window already focused, ignoring focus gain of: com.android.internal.view.IInputMethodClient$Stub$Proxy@416ef890
W/InputManagerService(  163): Starting input on non-focused client com.android.internal.view.IInputMethodClient$Stub$Proxy@41727860 (uid=10067 pid=2242)
I/ActivityManager(  163): No longer want com.android.keychain (pid 2140): hidden #16
I/WindowManager(  163): WIN DEATH: Window{416f5478 edu.mit.csail.diplomamatrix/edu.mit.csail.diplomamatrix.StatusActivity paused=false}
W/WindowManager(  163): Force-removing child win Window{416faec0 SurfaceView paused=false} from container Window{416f5478 edu.mit.csail.diplomamatrix/edu.mit.csail.diplomamatrix.StatusActivity paused=false}
I/ActivityManager(  163): Process edu.mit.csail.diplomamatrix (pid 2242) has died.
W/ActivityManager(  163): Activity destroy timeout for ActivityRecord{415de6d8 edu.mit.csail.diplomamatrix/.StatusActivity}
W/ActivityManager(  163): No content provider found for permission revoke: file:///data/local/tmp/DIPLOMAMatrix.apk
W/ActivityManager(  163): No content provider found for permission revoke: file:///data/local/tmp/DIPLOMAMatrix.apk
I/ActivityManager(  163): Force stopping package edu.mit.csail.diplomamatrix uid=10067
I/PackageManager(  163): Package edu.mit.csail.diplomamatrix codePath changed from /data/app/edu.mit.csail.diplomamatrix-1.apk to /data/app/edu.mit.csail.diplomamatrix-2.apk; Retaining data and using new
I/ActivityManager(  163): Force stopping package edu.mit.csail.diplomamatrix uid=10067
W/PackageManager(  163): Code path for pkg : edu.mit.csail.diplomamatrix changing from /data/app/edu.mit.csail.diplomamatrix-1.apk to /data/app/edu.mit.csail.diplomamatrix-2.apk
W/PackageManager(  163): Resource path for pkg : edu.mit.csail.diplomamatrix changing from /data/app/edu.mit.csail.diplomamatrix-1.apk to /data/app/edu.mit.csail.diplomamatrix-2.apk
I/ActivityManager(  163): Force stopping package edu.mit.csail.diplomamatrix uid=10067
D/BackupManagerService(  163): Received broadcast Intent { act=android.intent.action.PACKAGE_REMOVED dat=package:edu.mit.csail.diplomamatrix flg=0x10000010 (has extras) }
D/BackupManagerService(  163): Received broadcast Intent { act=android.intent.action.PACKAGE_ADDED dat=package:edu.mit.csail.diplomamatrix flg=0x10000010 (has extras) }
V/BackupManagerService(  163): updatePackageParticipantsLocked: edu.mit.csail.diplomamatrix
I/ActivityManager(  163): Start proc com.android.keychain for broadcast com.android.keychain/.KeyChainBroadcastReceiver: pid=2296 uid=1000 gids={1015, 3002, 3001, 3003, 3007}
D/BackupManagerService(  163): Received broadcast Intent { act=android.intent.action.PACKAGE_REPLACED dat=package:edu.mit.csail.diplomamatrix flg=0x10000010 (has extras) }
V/BackupManagerService(  163): updatePackageParticipantsLocked: edu.mit.csail.diplomamatrix
I/ActivityManager(  163): START {act=android.intent.action.MAIN cat=[android.intent.category.LAUNCHER] flg=0x10000000 cmp=edu.mit.csail.diplomamatrix/.StatusActivity} from pid 2318
I/ActivityManager(  163): Start proc edu.mit.csail.diplomamatrix for activity edu.mit.csail.diplomamatrix/.StatusActivity: pid=2329 uid=10067 gids={1006, 1015, 3003}
W/InputManagerService(  163): Window already focused, ignoring focus gain of: com.android.internal.view.IInputMethodClient$Stub$Proxy@4132f6d8
W/InputManagerService(  163): Starting input on non-focused client com.android.internal.view.IInputMethodClient$Stub$Proxy@416f5708 (uid=10067 pid=2329)
I/ActivityManager(  163): No longer want com.android.keychain (pid 2296): hidden #16
I/ActivityManager(  163): Process edu.mit.csail.diplomamatrix (pid 2329) has died.
I/WindowManager(  163): WIN DEATH: Window{415ebd80 edu.mit.csail.diplomamatrix/edu.mit.csail.diplomamatrix.StatusActivity paused=false}
W/WindowManager(  163): Force-removing child win Window{416edc60 SurfaceView paused=false} from container Window{415ebd80 edu.mit.csail.diplomamatrix/edu.mit.csail.diplomamatrix.StatusActivity paused=false}
W/ActivityManager(  163): No content provider found for permission revoke: file:///data/local/tmp/DIPLOMAMatrix.apk
W/ActivityManager(  163): No content provider found for permission revoke: file:///data/local/tmp/DIPLOMAMatrix.apk
I/ActivityManager(  163): Force stopping package edu.mit.csail.diplomamatrix uid=10067
I/ActivityManager(  163):   Force finishing activity ActivityRecord{416a52b8 edu.mit.csail.diplomamatrix/.StatusActivity}
W/ActivityManager(  163): Duplicate finish request for ActivityRecord{416a52b8 edu.mit.csail.diplomamatrix/.StatusActivity}
I/PackageManager(  163): Package edu.mit.csail.diplomamatrix codePath changed from /data/app/edu.mit.csail.diplomamatrix-2.apk to /data/app/edu.mit.csail.diplomamatrix-1.apk; Retaining data and using new
I/ActivityManager(  163): Force stopping package edu.mit.csail.diplomamatrix uid=10067
I/ActivityManager(  163):   Force finishing activity ActivityRecord{416a52b8 edu.mit.csail.diplomamatrix/.StatusActivity}
W/ActivityManager(  163): Duplicate finish request for ActivityRecord{416a52b8 edu.mit.csail.diplomamatrix/.StatusActivity}
W/PackageManager(  163): Code path for pkg : edu.mit.csail.diplomamatrix changing from /data/app/edu.mit.csail.diplomamatrix-2.apk to /data/app/edu.mit.csail.diplomamatrix-1.apk
W/PackageManager(  163): Resource path for pkg : edu.mit.csail.diplomamatrix changing from /data/app/edu.mit.csail.diplomamatrix-2.apk to /data/app/edu.mit.csail.diplomamatrix-1.apk
I/ActivityManager(  163): Force stopping package edu.mit.csail.diplomamatrix uid=10067
I/ActivityManager(  163):   Force finishing activity ActivityRecord{416a52b8 edu.mit.csail.diplomamatrix/.StatusActivity}
W/ActivityManager(  163): Duplicate finish request for ActivityRecord{416a52b8 edu.mit.csail.diplomamatrix/.StatusActivity}
D/BackupManagerService(  163): Received broadcast Intent { act=android.intent.action.PACKAGE_REMOVED dat=package:edu.mit.csail.diplomamatrix flg=0x10000010 (has extras) }
I/ActivityManager(  163): Start proc com.android.keychain for broadcast com.android.keychain/.KeyChainBroadcastReceiver: pid=2380 uid=1000 gids={1015, 3002, 3001, 3003, 3007}
D/BackupManagerService(  163): Received broadcast Intent { act=android.intent.action.PACKAGE_ADDED dat=package:edu.mit.csail.diplomamatrix flg=0x10000010 (has extras) }
V/BackupManagerService(  163): updatePackageParticipantsLocked: edu.mit.csail.diplomamatrix
D/BackupManagerService(  163): Received broadcast Intent { act=android.intent.action.PACKAGE_REPLACED dat=package:edu.mit.csail.diplomamatrix flg=0x10000010 (has extras) }
V/BackupManagerService(  163): updatePackageParticipantsLocked: edu.mit.csail.diplomamatrix
I/ActivityManager(  163): START {act=android.intent.action.MAIN cat=[android.intent.category.LAUNCHER] flg=0x10000000 cmp=edu.mit.csail.diplomamatrix/.StatusActivity} from pid 2402
I/ActivityManager(  163): Start proc edu.mit.csail.diplomamatrix for activity edu.mit.csail.diplomamatrix/.StatusActivity: pid=2413 uid=10067 gids={1006, 1015, 3003}
W/ActivityManager(  163): Activity destroy timeout for ActivityRecord{416a52b8 edu.mit.csail.diplomamatrix/.StatusActivity}
W/InputManagerService(  163): Window already focused, ignoring focus gain of: com.android.internal.view.IInputMethodClient$Stub$Proxy@41452f18
--------- beginning of /dev/log/main
I/VNC:Cloud( 2413): Request executed: http://hermes5.csail.mit.edu:8212/take/2/0/5001/1333611680841/
W/NetworkStats(  163): dropping UID delta from unknown iface: iface=wlan0 uid=10067 set=FOREGROUND tag=0x0 rxBytes=868 rxPackets=2 txBytes=434 txPackets=1 operations=0
D/dalvikvm(  325): GC_CONCURRENT freed 452K, 6% free 9503K/10055K, paused 1ms+6ms
I/VCoreDaemon( 2413): 1333611691243: inside sendPacket(Packet p)
I/NetworkThread( 2413): 1333611691258: Sending UDP payload: 406
I/NetworkThread( 2413): 1333611701959: Received UDP payload: 406
D/dalvikvm( 2413): GC_CONCURRENT freed 21765K, 69% free 10168K/32071K, paused 6ms+3ms
I/VCoreDaemon( 2413): 1333611712098: leader to cloud hearbeat...
I/VNC:Cloud( 2413): Request executed: http://hermes5.csail.mit.edu:8212/take/2/0/5001/1333611712098/
I/VCoreDaemon( 2413): 1333611721245: inside sendPacket(Packet p)
I/NetworkThread( 2413): 1333611721260: Sending UDP payload: 406
W/NetworkStats(  163): dropping UID delta from unknown iface: iface=wlan0 uid=10067 set=FOREGROUND tag=0x0 rxBytes=1302 rxPackets=3 txBytes=868 txPackets=2 operations=0
D/dalvikvm(  163): GC_CONCURRENT freed 870K, 11% free 12689K/14151K, paused 10ms+4ms
I/NetworkThread( 2413): 1333611731963: Received UDP payload: 406
I/VCoreDaemon( 2413): 1333611744263: leader to cloud hearbeat...
I/VNC:Cloud( 2413): Request executed: http://hermes5.csail.mit.edu:8212/take/2/0/5001/1333611744263/
W/NetworkStats(  163): dropping UID delta from unknown iface: iface=wlan0 uid=10067 set=FOREGROUND tag=0x0 rxBytes=434 rxPackets=1 txBytes=0 txPackets=0 operations=0
I/VCoreDaemon( 2413): 1333611751250: inside sendPacket(Packet p)
I/NetworkThread( 2413): 1333611751251: Sending UDP payload: 406
W/NetworkStats(  163): dropping UID delta from unknown iface: iface=wlan0 uid=10067 set=FOREGROUND tag=0x0 rxBytes=434 rxPackets=1 txBytes=434 txPackets=1 operations=0
D/dalvikvm( 2413): GC_CONCURRENT freed 415K, 69% free 10141K/32071K, paused 4ms+3ms
D/AndroidRuntime( 2450): 
D/AndroidRuntime( 2450): >>>>>> AndroidRuntime START com.android.internal.os.RuntimeInit <<<<<<
D/AndroidRuntime( 2450): CheckJNI is OFF
D/AndroidRuntime( 2450): Calling main entry com.android.commands.pm.Pm
W/ActivityManager(  163): No content provider found for permission revoke: file:///data/local/tmp/DIPLOMAMatrix.apk
W/ActivityManager(  163): No content provider found for permission revoke: file:///data/local/tmp/DIPLOMAMatrix.apk
I/PackageManager(  163): Removing non-system package:edu.mit.csail.diplomamatrix
I/ActivityManager(  163): Force stopping package edu.mit.csail.diplomamatrix uid=10067
I/ActivityManager(  163): Killing proc 2413:edu.mit.csail.diplomamatrix/10067: force stop
W/ActivityManager(  163): Force removing ActivityRecord{415dabb8 edu.mit.csail.diplomamatrix/.StatusActivity}: app died, no saved state
E/JavaBinder(  163): !!! FAILED BINDER TRANSACTION !!!
E/JavaBinder(  163): !!! FAILED BINDER TRANSACTION !!!
E/JavaBinder(  309): !!! FAILED BINDER TRANSACTION !!!
W/InputManagerService(  163): Got RemoteException sending setActive(false) notification to pid 2413 uid 10067
I/WindowManager(  163): WIN DEATH: Window{416d1a50 edu.mit.csail.diplomamatrix/edu.mit.csail.diplomamatrix.StatusActivity paused=false}
W/WindowManager(  163): Force-removing child win Window{416edea8 SurfaceView paused=false} from container Window{416d1a50 edu.mit.csail.diplomamatrix/edu.mit.csail.diplomamatrix.StatusActivity paused=false}
W/WindowManager(  163): Failed looking up window
W/WindowManager(  163): java.lang.IllegalArgumentException: Requested window android.os.BinderProxy@416c4f38 does not exist
W/WindowManager(  163): 	at com.android.server.wm.WindowManagerService.windowForClientLocked(WindowManagerService.java:7156)
W/WindowManager(  163): 	at com.android.server.wm.WindowManagerService.windowForClientLocked(WindowManagerService.java:7147)
W/WindowManager(  163): 	at com.android.server.wm.WindowState$DeathRecipient.binderDied(WindowState.java:1529)
W/WindowManager(  163): 	at android.os.BinderProxy.sendDeathNotice(Binder.java:417)
W/WindowManager(  163): 	at dalvik.system.NativeStart.run(Native Method)
I/WindowManager(  163): WIN DEATH: null
W/GpsLocationProvider(  163): Unneeded remove listener for uid 1000
E/SurfaceTexture(   79): [SurfaceView] dequeueBuffer: SurfaceTexture has been abandoned!
E/CameraHardwareSec(   82): Could not dequeue gralloc buffer!
I/CameraHardwareSec(   82): int android::CameraHardwareSec::previewThreadWrapper(): calling mSecCamera->stopPreview() and waiting
I/CameraHardwareSec(   82): int android::CameraHardwareSec::previewThreadWrapper(): return from wait
I/CameraHardwareSec(   82): int android::CameraHardwareSec::previewThreadWrapper(): exiting
W/SecCamera(   82): int android::SecCamera::stopPreview(): doing nothing because m_flag_camera_start is zero
W/SecCamera(   82): int android::SecCamera::stopRecord(): doing nothing because m_flag_record_start is zero
I/SecCamera(   82): DeinitCamera: m_cam_fd(29)
I/SecCamera(   82): DeinitCamera: m_cam_fd2(30)
E/CameraHardwareSec(   82): preview window is NULL!
I/CameraService(   82): Destroying camera 0
I/CameraHardwareSec(   82): int android::HAL_camera_device_close(hw_device_t*)
I/SecCamera(   82): DeinitCamera : already deinitialized
W/AudioFlinger(   82): session id 58 not found for pid 82
W/AudioFlinger(   82): session id 59 not found for pid 82
I/PackageManager(  163): Running dexopt on: edu.mit.csail.diplomamatrix
I/PackageManager(  163): Package edu.mit.csail.diplomamatrix codePath changed from /data/app/edu.mit.csail.diplomamatrix-1.apk to /data/app/edu.mit.csail.diplomamatrix-2.apk; Retaining data and using new
D/dalvikvm( 2463): DexOpt: load 22ms, verify+opt 160ms
I/ActivityManager(  163): Force stopping package edu.mit.csail.diplomamatrix uid=10067
W/PackageManager(  163): Code path for pkg : edu.mit.csail.diplomamatrix changing from /data/app/edu.mit.csail.diplomamatrix-1.apk to /data/app/edu.mit.csail.diplomamatrix-2.apk
W/PackageManager(  163): Resource path for pkg : edu.mit.csail.diplomamatrix changing from /data/app/edu.mit.csail.diplomamatrix-1.apk to /data/app/edu.mit.csail.diplomamatrix-2.apk
D/dalvikvm(  163): GC_CONCURRENT freed 868K, 11% free 12623K/14151K, paused 7ms+5ms
D/PackageManager(  163): New package installed in /data/app/edu.mit.csail.diplomamatrix-2.apk
I/ActivityManager(  163): Force stopping package edu.mit.csail.diplomamatrix uid=10067
D/dalvikvm(  358): GC_EXPLICIT freed 798K, 38% free 12369K/19911K, paused 3ms+9ms
D/dalvikvm( 1122): GC_EXPLICIT freed 264K, 5% free 9354K/9799K, paused 3ms+3ms
I/RegisteredComponentCache(  345): ComponentInfo: ResolveInfo{41331ce8 com.android.apps.tag.TagViewer p=0 o=0 m=0x108000}, techs: android.nfc.tech.Ndef, 
D/dalvikvm( 1136): GC_FOR_ALLOC freed 172K, 7% free 9186K/9799K, paused 26ms
D/dalvikvm(  163): GC_EXPLICIT freed 382K, 12% free 12552K/14151K, paused 4ms+4ms
D/PackageManager(  163): generateServicesMap(android.accounts.AccountAuthenticator): 3 services unchanged
D/PackageManager(  163): generateServicesMap(android.content.SyncAdapter): 14 services unchanged
D/BackupManagerService(  163): Received broadcast Intent { act=android.intent.action.PACKAGE_REMOVED dat=package:edu.mit.csail.diplomamatrix flg=0x10000010 (has extras) }
D/PackageManager(  163): generateServicesMap(android.accounts.AccountAuthenticator): 3 services unchanged
I/RegisteredComponentCache(  345): ComponentInfo: ResolveInfo{41334188 com.android.apps.tag.TagViewer p=0 o=0 m=0x108000}, techs: android.nfc.tech.Ndef, 
D/PackageManager(  163): generateServicesMap(android.content.SyncAdapter): 14 services unchanged
D/BackupManagerService(  163): Received broadcast Intent { act=android.intent.action.PACKAGE_ADDED dat=package:edu.mit.csail.diplomamatrix flg=0x10000010 (has extras) }
V/BackupManagerService(  163): updatePackageParticipantsLocked: edu.mit.csail.diplomamatrix
D/BackupManagerService(  163): Received broadcast Intent { act=android.intent.action.PACKAGE_REPLACED dat=package:edu.mit.csail.diplomamatrix flg=0x10000010 (has extras) }
V/BackupManagerService(  163): updatePackageParticipantsLocked: edu.mit.csail.diplomamatrix
D/dalvikvm(  163): GC_EXPLICIT freed 680K, 10% free 12757K/14151K, paused 27ms+8ms
D/AndroidRuntime( 2450): Shutting down VM
D/dalvikvm( 2450): GC_CONCURRENT freed 100K, 83% free 456K/2560K, paused 1ms+0ms
D/jdwp    ( 2450): Got wake-up signal, bailing out of select
D/dalvikvm( 2450): Debugger has detached; object registry had 1 entries
I/AndroidRuntime( 2450): NOTE: attach of thread 'Binder Thread #3' failed
D/AndroidRuntime( 2474): 
D/AndroidRuntime( 2474): >>>>>> AndroidRuntime START com.android.internal.os.RuntimeInit <<<<<<
D/AndroidRuntime( 2474): CheckJNI is OFF
D/AndroidRuntime( 2474): Calling main entry com.android.commands.am.Am
I/ActivityManager(  163): START {act=android.intent.action.MAIN cat=[android.intent.category.LAUNCHER] flg=0x10000000 cmp=edu.mit.csail.diplomamatrix/.StatusActivity} from pid 2474
D/AndroidRuntime( 2474): Shutting down VM
D/dalvikvm( 2474): GC_CONCURRENT freed 102K, 81% free 486K/2560K, paused 0ms+1ms
D/jdwp    ( 2474): Got wake-up signal, bailing out of select
D/dalvikvm( 2474): Debugger has detached; object registry had 1 entries
I/AndroidRuntime( 2474): NOTE: attach of thread 'Binder Thread #3' failed
D/dalvikvm( 2485): Late-enabling CheckJNI
I/ActivityManager(  163): Start proc edu.mit.csail.diplomamatrix for activity edu.mit.csail.diplomamatrix/.StatusActivity: pid=2485 uid=10067 gids={1006, 1015, 3003}
I/dalvikvm( 2485): Turning on JNI app bug workarounds for target SDK version 4...
D/dalvikvm( 2485): Debugger has detached; object registry had 1 entries
D/OpenGLRenderer(  358): Flushing caches (mode 1)
I/StatusActivity( 2485): 1333611764903: *** Opened log file for writing ***
I/StatusActivity( 2485): 1333611764903: Android build: Nexus S
I/StatusActivity( 2485): 1333611764904: NET_NAME set to: wlan0
I/StatusActivity( 2485): 1333611764904: starting Mux with id = -1
I/StatusActivity( 2485): 1333611764906: areButtonsEnabled --> true
I/StatusActivity( 2485): 1333611764911: *** Application started ***
I/StatusActivity( 2485): 1333611764912: HI I'm in ONRESUME()
I/StatusActivity( 2485): 1333611764914: SAMPLING_DISTANCE : 1, SAMPLING_DURATION : 1000
I/Mux.java( 2485): run() beginning -------------
D/Mux     ( 2485): Mux started
I/StatusActivity( 2485): 1333611764921: ************ GPS turned OFF *************
I/NetworkThread( 2485): Initial socket buffer sizes: 110592 receive, 110592 send
I/NetworkThread( 2485): Set socket buffer sizes to: 221184 receive, 221184 send
I/NetworkThread( 2485): started, local IP address:/192.168.5.1
I/Mux.java's nodeId is( 2485): 5001
I/Mux     ( 2485): starting vncDaemon ........
I/VCoreDaemon( 2485): 1333611764944: Started VCoreDaemon with parameters maxRx = 6 , maxRY= 1, minLongitude = -7110102 , minLatitude = 4236349, regionWidth =17
W/GpsLocationProvider(  163): Duplicate add listener for uid 10067
I/Mux     ( 2485): vncDaemon started
I/VCoreDaemon.java( 2485): onStart() about to stateTransition.........................................................................
I/VCoreDaemon( 2485): 1333611764951: started, mId = 5001
I/VCoreDaemon.java( 2485): inside stateTransition ......................................................................................
I/..... VCoreDaemon.java( 2485): out of bounds
I/VCoreDaemon( 2485): 1333611764953: region (-1, -1) out of bounds, dormant
I/..... VCoreDaemon.java( 2485): ends xxxxxxxxxxxxxxxxxxxxxxxxxxxxxxxxxxxxxxxxxxx
V/PhoneStatusBar(  229): setLightsOn(true)
D/OpenGLRenderer(  358): Flushing caches (mode 0)
I/CameraSurfaceView( 2485): inside surfaceCreated()
I/CameraSurfaceView( 2485): opening Camera.open()
I/CameraService(   82): Opening camera 0
I/CameraHardwareSec(   82): int android::HAL_camera_device_open(const hw_module_t*, const char*, hw_device_t**): open camera 0
E/SecCamera(   82): initCamera: m_cam_fd(29), m_jpeg_fd(0)
I/SecCamera(   82): Name of input channel[0] is S5K4ECGX
E/SecCamera(   82): initCamera: m_cam_fd2(30)
I/SecCamera(   82): Name of input channel[0] is S5K4ECGX
I/SecCamera(   82): initCamera : initialized
I/SecCamera(   82): Name of input channel[0] is S5K4ECGX
I/CameraHardwareSec(   82): int android::HAL_camera_device_open(const hw_module_t*, const char*, hw_device_t**): opened camera 0 (0x1e73ef8)
I/AwesomePlayer(   82): setDataSource_l('/system/media/audio/ui/camera_click.ogg')
I/CameraHardwareSec(   82): int android::CameraHardwareSec::previewThreadWrapper(): starting
I/CameraHardwareSec(   82): int android::CameraHardwareSec::previewThreadWrapper(): calling mSecCamera->stopPreview() and waiting
W/SecCamera(   82): int android::SecCamera::stopPreview(): doing nothing because m_flag_camera_start is zero
I/AwesomePlayer(   82): setDataSource_l('/system/media/audio/ui/VideoRecord.ogg')
I/CameraSurfaceView( 2485): opened camera
I/CameraSurfaceView( 2485): inside on surfaceChanged()
D/CameraHardwareSec(   82): mPreviewHeap(fd(29), size(518400), width(720), height(480))
I/CameraHardwareSec(   82): int android::CameraHardwareSec::previewThreadWrapper(): return from wait
I/ActivityManager(  163): Displayed edu.mit.csail.diplomamatrix/.StatusActivity: +1s160ms
D/dalvikvm(  325): GC_CONCURRENT freed 420K, 6% free 9502K/10055K, paused 10ms+2ms
I/VCoreDaemon( 2485): 1333611773218: moving from region (-1,-1), to (1,0)
I/VCoreDaemon.java( 2485): inside stateTransition ......................................................................................
I/..... VCoreDaemon.java( 2485): targetState = JOINING
I/VCoreDaemon( 2485): 1333611773222: sending LEADER_REQUEST
I/VCoreDaemon( 2485): 1333611773222: inside sendPacket(Packet p)
D/AudioHardware(   82): AudioHardware pcm playback is exiting standby.
D/AudioHardware(   82): openPcmOut_l() mPcmOpenCnt: 0
I/..... VCoreDaemon.java( 2485): ends xxxxxxxxxxxxxxxxxxxxxxxxxxxxxxxxxxxxxxxxxxx
I/NetworkThread( 2485): 1333611773283: Sending UDP payload: 406
D/dalvikvm( 2485): GC_CONCURRENT freed 162K, 3% free 9347K/9607K, paused 2ms+2ms
I/VCoreDaemon( 2485): 1333611773522: sending LEADER_REQUEST
I/VCoreDaemon( 2485): 1333611773523: inside sendPacket(Packet p)
I/NetworkThread( 2485): 1333611773531: Sending UDP payload: 406
I/VCoreDaemon( 2485): 1333611773829: sending LEADER_REQUEST
I/VCoreDaemon( 2485): 1333611773829: inside sendPacket(Packet p)
I/NetworkThread( 2485): 1333611773830: Sending UDP payload: 406
I/VCoreDaemon( 2485): 1333611774134: sending LEADER_REQUEST
I/VCoreDaemon( 2485): 1333611774135: inside sendPacket(Packet p)
I/NetworkThread( 2485): 1333611774150: Sending UDP payload: 406
I/VCoreDaemon( 2485): 1333611774250: LEADER_REQUEST timed out
I/VCoreDaemon.java( 2485): inside stateTransition ......................................................................................
I/..... VCoreDaemon.java( 2485): targetState = LEADER
D/AudioHardware(   82): AudioHardware pcm playback is going to standby.
D/AudioHardware(   82): closePcmOut_l() mPcmOpenCnt: 1
I/VNC:Cloud( 2485): Request executed: http://hermes5.csail.mit.edu:8212/take/1/0/5001/1333611774251/
I/VCoreDaemon( 2485): 1333611776649: cloud accepted leadership request, no csm data included.
