I/dalvikvm-heap( 3263): Grow heap (frag case) to 10.272MB for 915237-byte allocation
D/dalvikvm( 3263): GC_CONCURRENT freed <1K, 4% free 10445K/10823K, paused 1ms+2ms
I/StatusActivity( 3263): 1333615866403: inside HandlePictureStorage onPictureTaken()
D/CameraHardwareSec(   82): mPreviewHeap(fd(29), size(518400), width(720), height(480))
I/CameraHardwareSec(   82): int android::CameraHardwareSec::previewThreadWrapper(): return from wait
I/StatusActivity( 3263): 1333615866765: Picture successfully taken, ORIG BYTE LENGTH = 915221
D/dalvikvm( 3263): GC_FOR_ALLOC freed 1K, 4% free 10446K/10823K, paused 57ms
I/dalvikvm-heap( 3263): Grow heap (frag case) to 29.023MB for 19660816-byte allocation
D/dalvikvm( 3263): GC_CONCURRENT freed 0K, 2% free 29646K/30087K, paused 2ms+3ms
I/StatusActivity( 3263): 1333615867777: Our new height x width: 240 x 320
I/StatusActivity( 3263): 1333615867778: Show photo from handle my camera take
I/StatusActivity( 3263): 1333615867779: client making photo packet to send to leader for it to save
I/StatusActivity( 3263): 1333615867792: BYTE SIZE AFTER COMPRESSION: 2157
I/StatusActivity( 3263): 1333615867797: about to send my pic
I/StatusActivity( 3263): 1333615867798: I'm a nonleader sending my new photo packet to my leader
I/VCoreDaemon( 3263): 1333615867798: inside sendPacket(Packet p)
I/NetworkThread( 3263): 1333615867810: Sending UDP payload: 2764
I/StatusActivity( 3263): 1333615867813: end of client send picture method
D/AndroidRuntime( 3263): Shutting down VM
W/dalvikvm( 3263): threadid=1: thread exiting with uncaught exception (group=0x40a491f8)
E/AndroidRuntime( 3263): FATAL EXCEPTION: main
E/AndroidRuntime( 3263): java.lang.RuntimeException: Canvas: trying to use a recycled bitmap android.graphics.Bitmap@4135edd8
E/AndroidRuntime( 3263): 	at android.graphics.Canvas.throwIfRecycled(Canvas.java:1038)
E/AndroidRuntime( 3263): 	at android.graphics.Canvas.drawBitmap(Canvas.java:1142)
E/AndroidRuntime( 3263): 	at android.graphics.drawable.BitmapDrawable.draw(BitmapDrawable.java:393)
E/AndroidRuntime( 3263): 	at android.widget.ImageView.onDraw(ImageView.java:910)
E/AndroidRuntime( 3263): 	at android.view.View.draw(View.java:10978)
E/AndroidRuntime( 3263): 	at android.view.ViewGroup.drawChild(ViewGroup.java:2887)
E/AndroidRuntime( 3263): 	at android.view.ViewGroup.dispatchDraw(ViewGroup.java:2489)
E/AndroidRuntime( 3263): 	at android.view.ViewGroup.drawChild(ViewGroup.java:2885)
E/AndroidRuntime( 3263): 	at android.view.ViewGroup.dispatchDraw(ViewGroup.java:2489)
E/AndroidRuntime( 3263): 	at android.view.ViewGroup.drawChild(ViewGroup.java:2885)
E/AndroidRuntime( 3263): 	at android.view.ViewGroup.dispatchDraw(ViewGroup.java:2489)
E/AndroidRuntime( 3263): 	at android.view.View.draw(View.java:10981)
E/AndroidRuntime( 3263): 	at android.view.ViewGroup.drawChild(ViewGroup.java:2887)
E/AndroidRuntime( 3263): 	at android.view.ViewGroup.dispatchDraw(ViewGroup.java:2489)
E/AndroidRuntime( 3263): 	at android.view.ViewGroup.drawChild(ViewGroup.java:2885)
E/AndroidRuntime( 3263): 	at android.view.ViewGroup.dispatchDraw(ViewGroup.java:2489)
E/AndroidRuntime( 3263): 	at android.view.ViewGroup.drawChild(ViewGroup.java:2885)
E/AndroidRuntime( 3263): 	at android.view.ViewGroup.dispatchDraw(ViewGroup.java:2489)
E/AndroidRuntime( 3263): 	at android.view.View.draw(View.java:10981)
E/AndroidRuntime( 3263): 	at android.widget.FrameLayout.draw(FrameLayout.java:450)
E/AndroidRuntime( 3263): 	at com.android.internal.policy.impl.PhoneWindow$DecorView.draw(PhoneWindow.java:2126)
E/AndroidRuntime( 3263): 	at android.view.ViewRootImpl.draw(ViewRootImpl.java:2026)
E/AndroidRuntime( 3263): 	at android.view.ViewRootImpl.performTraversals(ViewRootImpl.java:1634)
E/AndroidRuntime( 3263): 	at android.view.ViewRootImpl.handleMessage(ViewRootImpl.java:2442)
E/AndroidRuntime( 3263): 	at android.os.Handler.dispatchMessage(Handler.java:99)
E/AndroidRuntime( 3263): 	at android.os.Looper.loop(Looper.java:137)
E/AndroidRuntime( 3263): 	at android.app.ActivityThread.main(ActivityThread.java:4424)
E/AndroidRuntime( 3263): 	at java.lang.reflect.Method.invokeNative(Native Method)
E/AndroidRuntime( 3263): 	at java.lang.reflect.Method.invoke(Method.java:511)
E/AndroidRuntime( 3263): 	at com.android.internal.os.ZygoteInit$MethodAndArgsCaller.run(ZygoteInit.java:784)
E/AndroidRuntime( 3263): 	at com.android.internal.os.ZygoteInit.main(ZygoteInit.java:551)
E/AndroidRuntime( 3263): 	at dalvik.system.NativeStart.main(Native Method)
W/ActivityManager(  163):   Force finishing activity edu.mit.csail.diplomamatrix/.StatusActivity
I/NetworkThread( 3263): 1333615867928: Received UDP payload: 3128
I/Mux     ( 3263): 1333615867950: GOT CSM_Msg
I/NetworkThread( 3263): 1333615867982: Received UDP payload: 949
I/Mux     ( 3263): 1333615867991: GOT CSM_Msg
I/NetworkThread( 3263): 1333615867992: Received UDP payload: 602
I/Mux     ( 3263): 1333615867995: Inside mux Packet.SERVER_REPLY
I/Mux     ( 3263): 1333615867995: I have the photo requester id = 5001 about to display photo or receive upload ack
W/ActivityManager(  163): Activity pause timeout for ActivityRecord{41525e78 edu.mit.csail.diplomamatrix/.StatusActivity}
D/AudioHardware(   82): AudioHardware pcm playback is going to standby.
D/AudioHardware(   82): closePcmOut_l() mPcmOpenCnt: 1
I/ActivityManager(  163): No longer want android.process.media (pid 3002): hidden #16
W/ActivityManager(  163): Scheduling restart of crashed service com.android.providers.downloads/.DownloadService in 5000ms
I/Process ( 3263): Sending signal. PID: 3263 SIG: 9
D/AudioHardware(   82): AudioHardware pcm playback is exiting standby.
D/AudioHardware(   82): openPcmOut_l() mPcmOpenCnt: 0
I/LatinIME(  309): InputType.TYPE_NULL is specified
W/LatinIME(  309): Unexpected input class: inputType=0x00000000 imeOptions=0x00000000
D/dalvikvm(  163): GC_CONCURRENT freed 765K, 14% free 12800K/14791K, paused 3ms+13ms
D/dalvikvm(  309): GC_CONCURRENT freed 366K, 6% free 10504K/11079K, paused 2ms+7ms
W/InputDispatcher(  163): channel '41555430 edu.mit.csail.diplomamatrix/edu.mit.csail.diplomamatrix.StatusActivity (server)' ~ Consumer closed input channel or an error occurred.  events=0x8
E/InputDispatcher(  163): channel '41555430 edu.mit.csail.diplomamatrix/edu.mit.csail.diplomamatrix.StatusActivity (server)' ~ Channel is unrecoverably broken and will be disposed!
W/InputDispatcher(  163): Attempted to unregister already unregistered input channel '41555430 edu.mit.csail.diplomamatrix/edu.mit.csail.diplomamatrix.StatusActivity (server)'
I/WindowManager(  163): WINDOW DIED Window{41555430 edu.mit.csail.diplomamatrix/edu.mit.csail.diplomamatrix.StatusActivity paused=false}
W/WindowManager(  163): Force-removing child win Window{41562f28 SurfaceView paused=false} from container Window{41555430 edu.mit.csail.diplomamatrix/edu.mit.csail.diplomamatrix.StatusActivity paused=false}
I/ActivityManager(  163): Process edu.mit.csail.diplomamatrix (pid 3263) has died.
W/InputDispatcher(  163): channel '415add60 edu.mit.csail.diplomamatrix/edu.mit.csail.diplomamatrix.StatusActivity (server)' ~ Consumer closed input channel or an error occurred.  events=0x8
E/InputDispatcher(  163): channel '415add60 edu.mit.csail.diplomamatrix/edu.mit.csail.diplomamatrix.StatusActivity (server)' ~ Channel is unrecoverably broken and will be disposed!
W/InputDispatcher(  163): Attempted to unregister already unregistered input channel '415add60 edu.mit.csail.diplomamatrix/edu.mit.csail.diplomamatrix.StatusActivity (server)'
I/WindowManager(  163): WINDOW DIED Window{415add60 edu.mit.csail.diplomamatrix/edu.mit.csail.diplomamatrix.StatusActivity paused=false}
W/WindowManager(  163): Failed looking up window
W/WindowManager(  163): java.lang.IllegalArgumentException: Requested window android.os.BinderProxy@41540240 does not exist
W/WindowManager(  163): 	at com.android.server.wm.WindowManagerService.windowForClientLocked(WindowManagerService.java:7156)
W/WindowManager(  163): 	at com.android.server.wm.WindowManagerService.windowForClientLocked(WindowManagerService.java:7147)
W/WindowManager(  163): 	at com.android.server.wm.WindowState$DeathRecipient.binderDied(WindowState.java:1529)
W/WindowManager(  163): 	at android.os.BinderProxy.sendDeathNotice(Binder.java:417)
W/WindowManager(  163): 	at dalvik.system.NativeStart.run(Native Method)
I/WindowManager(  163): WIN DEATH: null
W/WindowManager(  163): Failed looking up window
W/WindowManager(  163): java.lang.IllegalArgumentException: Requested window android.os.BinderProxy@41718f58 does not exist
W/WindowManager(  163): 	at com.android.server.wm.WindowManagerService.windowForClientLocked(WindowManagerService.java:7156)
W/WindowManager(  163): 	at com.android.server.wm.WindowManagerService.windowForClientLocked(WindowManagerService.java:7147)
W/WindowManager(  163): 	at com.android.server.wm.WindowState$DeathRecipient.binderDied(WindowState.java:1529)
W/WindowManager(  163): 	at android.os.BinderProxy.sendDeathNotice(Binder.java:417)
W/WindowManager(  163): 	at com.android.server.SystemServer.init1(Native Method)
W/WindowManager(  163): 	at com.android.server.SystemServer.main(SystemServer.java:808)
W/WindowManager(  163): 	at java.lang.reflect.Method.invokeNative(Native Method)
W/WindowManager(  163): 	at java.lang.reflect.Method.invoke(Method.java:511)
W/WindowManager(  163): 	at com.android.internal.os.ZygoteInit$MethodAndArgsCaller.run(ZygoteInit.java:784)
W/WindowManager(  163): 	at com.android.internal.os.ZygoteInit.main(ZygoteInit.java:551)
W/WindowManager(  163): 	at dalvik.system.NativeStart.main(Native Method)
I/WindowManager(  163): WIN DEATH: null
W/WindowManager(  163): Failed looking up window
W/WindowManager(  163): java.lang.IllegalArgumentException: Requested window android.os.BinderProxy@41516df8 does not exist
W/WindowManager(  163): 	at com.android.server.wm.WindowManagerService.windowForClientLocked(WindowManagerService.java:7156)
W/WindowManager(  163): 	at com.android.server.wm.WindowManagerService.windowForClientLocked(WindowManagerService.java:7147)
W/WindowManager(  163): 	at com.android.server.wm.WindowState$DeathRecipient.binderDied(WindowState.java:1529)
W/WindowManager(  163): 	at android.os.BinderProxy.sendDeathNotice(Binder.java:417)
W/WindowManager(  163): 	at dalvik.system.NativeStart.run(Native Method)
I/WindowManager(  163): WIN DEATH: null
I/CameraHardwareSec(   82): int android::CameraHardwareSec::previewThreadWrapper(): calling mSecCamera->stopPreview() and waiting
W/GpsLocationProvider(  163): Unneeded remove listener for uid 1000
I/CameraHardwareSec(   82): int android::CameraHardwareSec::previewThreadWrapper(): return from wait
I/CameraHardwareSec(   82): int android::CameraHardwareSec::previewThreadWrapper(): exiting
W/SecCamera(   82): int android::SecCamera::stopPreview(): doing nothing because m_flag_camera_start is zero
W/SecCamera(   82): int android::SecCamera::stopRecord(): doing nothing because m_flag_record_start is zero
I/SecCamera(   82): DeinitCamera: m_cam_fd(29)
I/SecCamera(   82): DeinitCamera: m_cam_fd2(30)
E/CameraHardwareSec(   82): preview window is NULL!
I/CameraService(   82): Destroying camera 0
I/CameraHardwareSec(   82): int android::HAL_camera_device_close(hw_device_t*)
I/SecCamera(   82): DeinitCamera : already deinitialized
W/AudioFlinger(   82): session id 109 not found for pid 82
W/AudioFlinger(   82): session id 110 not found for pid 82
D/AudioHardware(   82): AudioHardware pcm playback is going to standby.
D/AudioHardware(   82): closePcmOut_l() mPcmOpenCnt: 1
I/ActivityManager(  163): Start proc android.process.media for service com.android.providers.downloads/.DownloadService: pid=3294 uid=10014 gids={1015, 1023, 1024, 2001, 3003, 3007}
I/ActivityThread( 3294): Pub media: com.android.providers.media.MediaProvider
I/ActivityThread( 3294): Pub downloads: com.android.providers.downloads.DownloadProvider
I/ActivityThread( 3294): Pub drm: com.android.providers.drm.DrmProvider
I/DownloadManager( 3294): in removeSpuriousFiles
D/dalvikvm(  163): GC_EXPLICIT freed 225K, 14% free 12726K/14791K, paused 2ms+5ms
I/DownloadManager( 3294): in removeSpuriousFiles, preserving file /data/data/com.android.providers.downloads/cache/metadata.json
I/DownloadManager( 3294): in removeSpuriousFiles, preserving file /data/data/com.android.providers.downloads/cache/en_general.htm
W/ActivityManager(  163): Activity destroy timeout for ActivityRecord{41525e78 edu.mit.csail.diplomamatrix/.StatusActivity}
D/dalvikvm(  325): GC_CONCURRENT freed 429K, 6% free 9491K/10055K, paused 3ms+2ms
D/dalvikvm( 1037): Debugger has detached; object registry had 1 entries
D/PicasaSyncManager( 1005): battery info: false
D/dalvikvm(  229): GC_FOR_ALLOC freed 493K, 9% free 10820K/11783K, paused 17ms
I/StorageNotification(  229): UMS connection changed to false (media state mounted)
D/dalvikvm(  229): GC_FOR_ALLOC freed 228K, 9% free 10774K/11783K, paused 16ms
D/dalvikvm(  229): GC_FOR_ALLOC freed 182K, 9% free 10774K/11783K, paused 16ms
D/dalvikvm(  229): GC_FOR_ALLOC freed 182K, 9% free 10772K/11783K, paused 16ms
D/dalvikvm(  229): GC_FOR_ALLOC freed 180K, 9% free 10772K/11783K, paused 15ms
D/dalvikvm(  229): GC_FOR_ALLOC freed 180K, 9% free 10751K/11783K, paused 22ms
D/dalvikvm(  229): GC_FOR_ALLOC freed 159K, 9% free 10751K/11783K, paused 19ms
D/dalvikvm(  229): GC_FOR_ALLOC freed 159K, 10% free 10697K/11783K, paused 15ms
W/PowerUI (  229): unknown intent: Intent { act=android.intent.action.ACTION_POWER_CONNECTED flg=0x10000010 }
D/PicasaSyncManager( 1005): battery info: true
I/StorageNotification(  229): UMS connection changed to true (media state mounted)
D/dalvikvm(  229): GC_FOR_ALLOC freed 531K, 11% free 10591K/11783K, paused 23ms
I/StorageNotification(  229): UMS connection changed to true (media state mounted)
D/dalvikvm(  229): GC_FOR_ALLOC freed 46K, 8% free 10859K/11783K, paused 21ms
I/dalvikvm-heap(  229): Grow heap (frag case) to 10.848MB for 184336-byte allocation
D/dalvikvm(  229): GC_FOR_ALLOC freed 13K, 8% free 11026K/11975K, paused 16ms
D/dalvikvm(  229): GC_FOR_ALLOC freed 353K, 10% free 10791K/11975K, paused 17ms
D/dalvikvm(  229): GC_FOR_ALLOC freed 504K, 11% free 10676K/11975K, paused 19ms
D/dalvikvm(  229): GC_CONCURRENT freed 80K, 8% free 11036K/11975K, paused 3ms+4ms
