I/dalvikvm-heap( 2890): Grow heap (frag case) to 29.093MB for 19660816-byte allocation
D/dalvikvm( 2890): GC_CONCURRENT freed 0K, 2% free 29718K/30151K, paused 1ms+8ms
I/StatusActivity( 2890): 1333613060960: Our new height x width: 240 x 320
I/StatusActivity( 2890): 1333613060961: Show photo from handle my camera take
I/StatusActivity( 2890): 1333613060961: client making photo packet to send to leader for it to save
I/StatusActivity( 2890): 1333613060988: BYTE SIZE AFTER COMPRESSION: 2946
I/StatusActivity( 2890): 1333613060994: about to send my pic
I/StatusActivity( 2890): 1333613060995: I'm a nonleader sending my new photo packet to my leader
I/VCoreDaemon( 2890): 1333613060995: inside sendPacket(Packet p)
I/NetworkThread( 2890): 1333613060997: Sending UDP payload: 3553
I/StatusActivity( 2890): 1333613060999: end of client send picture method
I/NetworkThread( 2890): 1333613061095: Received UDP payload: 3917
I/Mux     ( 2890): 1333613061130: GOT CSM_Msg
I/NetworkThread( 2890): 1333613061135: Received UDP payload: 949
I/Mux     ( 2890): 1333613061163: GOT CSM_Msg
I/NetworkThread( 2890): 1333613061170: Received UDP payload: 602
I/Mux     ( 2890): 1333613061188: Inside mux Packet.SERVER_REPLY
I/Mux     ( 2890): 1333613061188: I have the photo requester id = 5001 about to display photo or receive upload ack
I/StatusActivity( 2890): 1333613061188: inside Packet.CLIENT_UPLOAD_PHOTO_ACK
I/StatusActivity( 2890): 1333613061189: nonleader upload new photo latency = 193
I/StatusActivity( 2890): 1333613061189: = nonleader upload start 1333613060995 ~ stop 1333613061188
I/StatusActivity( 2890): 1333613061190: SUCCESS! Client now knows saving photo on its leader succeeded
I/StatusActivity( 2890): Inside _enableButtons
I/StatusActivity( 2890): areButtonsEnabled --> true
I/NetworkThread( 2890): 1333613061205: Received UDP payload: 4462
I/Mux     ( 2890): 1333613061233: GOT CSM_Msg
I/NetworkThread( 2890): 1333613061234: Received UDP payload: 949
W/InputManagerService(  163): Window already focused, ignoring focus gain of: com.android.internal.view.IInputMethodClient$Stub$Proxy@416b5880
I/Mux     ( 2890): 1333613061262: GOT CSM_Msg
D/AudioHardware(   82): AudioHardware pcm playback is going to standby.
D/AudioHardware(   82): closePcmOut_l() mPcmOpenCnt: 1
I/StatusActivity( 2890): 1333613068759: canPressButton = TRUE
I/StatusActivity( 2890): 1333613068760: areButtonsEnabled --> false
I/StatusActivity( 2890): 1333613068761: disabling buttons ...
I/StatusActivity( 2890): Inside disableButtonsR
I/StatusActivity( 2890): areButtonsEnabled --> false
I/StatusActivity( 2890): 1333613068769: ** Clicked take picture button **
I/CameraSurfaceView( 2890): inside getCamera()
I/CameraHardwareSec(   82): int android::CameraHardwareSec::previewThreadWrapper(): calling mSecCamera->stopPreview() and waiting
D/AudioHardware(   82): AudioHardware pcm playback is exiting standby.
D/AudioHardware(   82): openPcmOut_l() mPcmOpenCnt: 0
I/SecCamera(   82): int android::fimc_v4l2_querybuf(int, android::fimc_buffer*, v4l2_buf_type) :
I/SecCamera(   82): int android::fimc_v4l2_querybuf(int, android::fimc_buffer*, v4l2_buf_type): buffer->start = 0x43bcf000 v4l2_buf.length = 4261248
I/CameraHardwareSec(   82): == Camera Sensor Detect S5K4ECGX - Samsung LSI SOC 5M ==
D/JpegEncoder(   82): encode E
D/JpegEncoder(   82): encode X
D/SecCamera(   82): Shutter speed=16657 us, iso=50
D/SecCamera(   82): AV=3, TV=6, SV=4
D/JpegEncoder(   82): makeExif E
D/JpegEncoder(   82): makeExif X
I/StatusActivity( 2890): 1333613069388: inside HandlePictureStorage onPictureTaken()
D/CameraHardwareSec(   82): Waiting for picture thread to complete.
I/SecCamera(   82): int android::SecCamera::endSnapshot() :
I/SecCamera(   82): munmap():virt. addr 0x43bcf000 size = 4261248
D/CameraHardwareSec(   82): mPreviewHeap(fd(31), size(518400), width(720), height(480))
I/CameraHardwareSec(   82): int android::CameraHardwareSec::previewThreadWrapper(): return from wait
I/StatusActivity( 2890): 1333613069779: Picture successfully taken, ORIG BYTE LENGTH = 996065
D/dalvikvm( 2890): GC_FOR_ALLOC freed 20408K, 66% free 10852K/31495K, paused 56ms
I/dalvikvm-heap( 2890): Grow heap (frag case) to 29.418MB for 19660816-byte allocation
D/dalvikvm( 2890): GC_CONCURRENT freed 9K, 5% free 30042K/31495K, paused 2ms+7ms
I/StatusActivity( 2890): 1333613070788: Our new height x width: 240 x 320
I/StatusActivity( 2890): 1333613070789: Show photo from handle my camera take
I/StatusActivity( 2890): 1333613070790: client making photo packet to send to leader for it to save
I/StatusActivity( 2890): 1333613070813: BYTE SIZE AFTER COMPRESSION: 2744
I/StatusActivity( 2890): 1333613070814: about to send my pic
I/StatusActivity( 2890): 1333613070814: I'm a nonleader sending my new photo packet to my leader
I/VCoreDaemon( 2890): 1333613070815: inside sendPacket(Packet p)
I/NetworkThread( 2890): 1333613070816: Sending UDP payload: 3351
I/StatusActivity( 2890): 1333613070818: end of client send picture method
I/NetworkThread( 2890): 1333613070913: Received UDP payload: 4705
I/Mux     ( 2890): 1333613070926: GOT CSM_Msg
I/NetworkThread( 2890): 1333613070945: Received UDP payload: 949
I/Mux     ( 2890): 1333613070956: GOT CSM_Msg
I/NetworkThread( 2890): 1333613070972: Received UDP payload: 949
I/Mux     ( 2890): 1333613070980: GOT CSM_Msg
I/NetworkThread( 2890): 1333613070982: Received UDP payload: 602
I/Mux     ( 2890): 1333613070985: Inside mux Packet.SERVER_REPLY
I/Mux     ( 2890): 1333613070985: I have the photo requester id = 5001 about to display photo or receive upload ack
I/StatusActivity( 2890): 1333613070986: inside Packet.CLIENT_UPLOAD_PHOTO_ACK
I/StatusActivity( 2890): 1333613070986: nonleader upload new photo latency = 171
I/StatusActivity( 2890): 1333613070987: = nonleader upload start 1333613070815 ~ stop 1333613070986
I/StatusActivity( 2890): 1333613070988: SUCCESS! Client now knows saving photo on its leader succeeded
I/StatusActivity( 2890): Inside _enableButtons
I/StatusActivity( 2890): areButtonsEnabled --> true
W/InputManagerService(  163): Window already focused, ignoring focus gain of: com.android.internal.view.IInputMethodClient$Stub$Proxy@4155ec98
D/AudioHardware(   82): AudioHardware pcm playback is going to standby.
D/AudioHardware(   82): closePcmOut_l() mPcmOpenCnt: 1
I/StatusActivity( 2890): 1333613079337: canPressButton = TRUE
I/StatusActivity( 2890): 1333613079338: areButtonsEnabled --> false
I/StatusActivity( 2890): 1333613079341: disabling buttons ...
I/StatusActivity( 2890): Inside disableButtonsR
I/StatusActivity( 2890): areButtonsEnabled --> false
D/AudioHardware(   82): AudioHardware pcm playback is exiting standby.
D/AudioHardware(   82): openPcmOut_l() mPcmOpenCnt: 0
I/StatusActivity( 2890): 1333613079374: ** Clicked take picture button **
I/CameraSurfaceView( 2890): inside getCamera()
I/CameraHardwareSec(   82): int android::CameraHardwareSec::previewThreadWrapper(): calling mSecCamera->stopPreview() and waiting
I/SecCamera(   82): int android::fimc_v4l2_querybuf(int, android::fimc_buffer*, v4l2_buf_type) :
I/SecCamera(   82): int android::fimc_v4l2_querybuf(int, android::fimc_buffer*, v4l2_buf_type): buffer->start = 0x43b79000 v4l2_buf.length = 4261248
I/CameraHardwareSec(   82): == Camera Sensor Detect S5K4ECGX - Samsung LSI SOC 5M ==
D/JpegEncoder(   82): encode E
D/JpegEncoder(   82): encode X
D/SecCamera(   82): Shutter speed=58305 us, iso=100
D/SecCamera(   82): AV=3, TV=4, SV=5
D/JpegEncoder(   82): makeExif E
D/JpegEncoder(   82): makeExif X
I/SecCamera(   82): int android::SecCamera::endSnapshot() :
I/SecCamera(   82): munmap():virt. addr 0x43b79000 size = 4261248
D/dalvikvm( 2890): GC_FOR_ALLOC freed 20649K, 69% free 9883K/31495K, paused 23ms
I/dalvikvm-heap( 2890): Grow heap (frag case) to 10.642MB for 964409-byte allocation
D/dalvikvm( 2890): GC_CONCURRENT freed 9K, 66% free 10815K/31495K, paused 1ms+3ms
I/StatusActivity( 2890): 1333613080102: inside HandlePictureStorage onPictureTaken()
D/CameraHardwareSec(   82): mPreviewHeap(fd(31), size(518400), width(720), height(480))
I/CameraHardwareSec(   82): int android::CameraHardwareSec::previewThreadWrapper(): return from wait
I/StatusActivity( 2890): 1333613080622: Picture successfully taken, ORIG BYTE LENGTH = 964393
D/dalvikvm( 2890): GC_FOR_ALLOC freed 1K, 66% free 10816K/31495K, paused 56ms
I/dalvikvm-heap( 2890): Grow heap (frag case) to 29.383MB for 19660816-byte allocation
D/dalvikvm( 2890): GC_CONCURRENT freed 0K, 5% free 30016K/31495K, paused 1ms+7ms
I/StatusActivity( 2890): 1333613081473: Our new height x width: 240 x 320
I/StatusActivity( 2890): 1333613081474: Show photo from handle my camera take
I/StatusActivity( 2890): 1333613081475: client making photo packet to send to leader for it to save
I/StatusActivity( 2890): 1333613081491: BYTE SIZE AFTER COMPRESSION: 2831
I/StatusActivity( 2890): 1333613081493: about to send my pic
I/StatusActivity( 2890): 1333613081493: I'm a nonleader sending my new photo packet to my leader
I/VCoreDaemon( 2890): 1333613081494: inside sendPacket(Packet p)
I/NetworkThread( 2890): 1333613081496: Sending UDP payload: 3438
I/StatusActivity( 2890): 1333613081498: end of client send picture method
I/NetworkThread( 2890): 1333613081600: Received UDP payload: 3802
I/Mux     ( 2890): 1333613081608: GOT CSM_Msg
I/NetworkThread( 2890): 1333613081609: Received UDP payload: 949
I/Mux     ( 2890): 1333613081645: GOT CSM_Msg
I/NetworkThread( 2890): 1333613081651: Received UDP payload: 602
I/Mux     ( 2890): 1333613081654: Inside mux Packet.SERVER_REPLY
I/Mux     ( 2890): 1333613081655: I have the photo requester id = 5001 about to display photo or receive upload ack
I/StatusActivity( 2890): 1333613081655: inside Packet.CLIENT_UPLOAD_PHOTO_ACK
I/StatusActivity( 2890): 1333613081656: nonleader upload new photo latency = 161
I/StatusActivity( 2890): 1333613081656: = nonleader upload start 1333613081494 ~ stop 1333613081655
I/StatusActivity( 2890): 1333613081658: SUCCESS! Client now knows saving photo on its leader succeeded
I/StatusActivity( 2890): Inside _enableButtons
I/StatusActivity( 2890): areButtonsEnabled --> true
W/InputManagerService(  163): Window already focused, ignoring focus gain of: com.android.internal.view.IInputMethodClient$Stub$Proxy@41788aa8
I/NetworkThread( 2890): 1333613082041: Received UDP payload: 5132
I/Mux     ( 2890): 1333613082072: GOT CSM_Msg
I/NetworkThread( 2890): 1333613082099: Received UDP payload: 949
I/Mux     ( 2890): 1333613082106: GOT CSM_Msg
D/AudioHardware(   82): AudioHardware pcm playback is going to standby.
D/AudioHardware(   82): closePcmOut_l() mPcmOpenCnt: 1
I/StatusActivity( 2890): 1333613086716: canPressButton = TRUE
I/StatusActivity( 2890): 1333613086718: areButtonsEnabled --> false
I/StatusActivity( 2890): 1333613086721: disabling buttons ...
I/StatusActivity( 2890): Inside disableButtonsR
I/StatusActivity( 2890): areButtonsEnabled --> false
D/AudioHardware(   82): AudioHardware pcm playback is exiting standby.
D/AudioHardware(   82): openPcmOut_l() mPcmOpenCnt: 0
I/StatusActivity( 2890): 1333613086752: ** Clicked take picture button **
I/CameraSurfaceView( 2890): inside getCamera()
I/CameraHardwareSec(   82): int android::CameraHardwareSec::previewThreadWrapper(): calling mSecCamera->stopPreview() and waiting
I/SecCamera(   82): int android::fimc_v4l2_querybuf(int, android::fimc_buffer*, v4l2_buf_type) :
I/SecCamera(   82): int android::fimc_v4l2_querybuf(int, android::fimc_buffer*, v4l2_buf_type): buffer->start = 0x43c07000 v4l2_buf.length = 4261248
I/CameraHardwareSec(   82): == Camera Sensor Detect S5K4ECGX - Samsung LSI SOC 5M ==
D/JpegEncoder(   82): encode E
D/JpegEncoder(   82): encode X
D/SecCamera(   82): Shutter speed=41647 us, iso=100
D/SecCamera(   82): AV=3, TV=5, SV=5
D/JpegEncoder(   82): makeExif E
D/JpegEncoder(   82): makeExif X
I/SecCamera(   82): int android::SecCamera::endSnapshot() :
I/SecCamera(   82): munmap():virt. addr 0x43c07000 size = 4261248
D/dalvikvm( 2890): GC_FOR_ALLOC freed 20640K, 69% free 9888K/31495K, paused 23ms
I/dalvikvm-heap( 2890): Grow heap (frag case) to 10.654MB for 971944-byte allocation
D/dalvikvm( 2890): GC_CONCURRENT freed 9K, 66% free 10827K/31495K, paused 2ms+4ms
I/StatusActivity( 2890): 1333613087442: inside HandlePictureStorage onPictureTaken()
D/CameraHardwareSec(   82): mPreviewHeap(fd(31), size(518400), width(720), height(480))
I/CameraHardwareSec(   82): int android::CameraHardwareSec::previewThreadWrapper(): return from wait
I/StatusActivity( 2890): 1333613087948: Picture successfully taken, ORIG BYTE LENGTH = 971928
D/dalvikvm( 2890): GC_FOR_ALLOC freed 1K, 66% free 10828K/31495K, paused 49ms
I/dalvikvm-heap( 2890): Grow heap (frag case) to 29.395MB for 19660816-byte allocation
D/dalvikvm( 2890): GC_CONCURRENT freed 0K, 5% free 30028K/31495K, paused 1ms+18ms
I/StatusActivity( 2890): 1333613088927: Our new height x width: 240 x 320
I/StatusActivity( 2890): 1333613088927: Show photo from handle my camera take
I/StatusActivity( 2890): 1333613088928: client making photo packet to send to leader for it to save
I/StatusActivity( 2890): 1333613088942: BYTE SIZE AFTER COMPRESSION: 2863
I/StatusActivity( 2890): 1333613088942: about to send my pic
I/StatusActivity( 2890): 1333613088943: I'm a nonleader sending my new photo packet to my leader
I/VCoreDaemon( 2890): 1333613088944: inside sendPacket(Packet p)
I/NetworkThread( 2890): 1333613088953: Sending UDP payload: 3470
I/StatusActivity( 2890): 1333613088957: end of client send picture method
I/NetworkThread( 2890): 1333613089134: Received UDP payload: 3834
I/Mux     ( 2890): 1333613089176: GOT CSM_Msg
I/NetworkThread( 2890): 1333613089178: Received UDP payload: 949
I/Mux     ( 2890): 1333613089185: GOT CSM_Msg
I/NetworkThread( 2890): 1333613089187: Received UDP payload: 602
I/Mux     ( 2890): 1333613089190: Inside mux Packet.SERVER_REPLY
I/Mux     ( 2890): 1333613089190: I have the photo requester id = 5001 about to display photo or receive upload ack
I/StatusActivity( 2890): 1333613089191: inside Packet.CLIENT_UPLOAD_PHOTO_ACK
I/StatusActivity( 2890): 1333613089191: nonleader upload new photo latency = 247
I/StatusActivity( 2890): 1333613089192: = nonleader upload start 1333613088944 ~ stop 1333613089191
I/StatusActivity( 2890): 1333613089193: SUCCESS! Client now knows saving photo on its leader succeeded
I/StatusActivity( 2890): Inside _enableButtons
I/StatusActivity( 2890): areButtonsEnabled --> true
W/InputManagerService(  163): Window already focused, ignoring focus gain of: com.android.internal.view.IInputMethodClient$Stub$Proxy@41763720
D/AudioHardware(   82): AudioHardware pcm playback is going to standby.
D/AudioHardware(   82): closePcmOut_l() mPcmOpenCnt: 1
I/NetworkThread( 2890): 1333613089929: Received UDP payload: 406
I/NetworkThread( 2890): 1333613090406: Received UDP payload: 5174
I/Mux     ( 2890): 1333613090449: GOT CSM_Msg
I/NetworkThread( 2890): 1333613090451: Received UDP payload: 949
I/Mux     ( 2890): 1333613090456: GOT CSM_Msg
I/StatusActivity( 2890): 1333613097456: canPressButton = TRUE
I/StatusActivity( 2890): 1333613097457: areButtonsEnabled --> false
I/StatusActivity( 2890): 1333613097459: disabling buttons ...
I/StatusActivity( 2890): Inside disableButtonsR
I/StatusActivity( 2890): areButtonsEnabled --> false
I/StatusActivity( 2890): 1333613097481: ** Clicked take picture button **
I/CameraSurfaceView( 2890): inside getCamera()
D/AudioHardware(   82): AudioHardware pcm playback is exiting standby.
D/AudioHardware(   82): openPcmOut_l() mPcmOpenCnt: 0
I/CameraHardwareSec(   82): int android::CameraHardwareSec::previewThreadWrapper(): calling mSecCamera->stopPreview() and waiting
I/SecCamera(   82): int android::fimc_v4l2_querybuf(int, android::fimc_buffer*, v4l2_buf_type) :
I/SecCamera(   82): int android::fimc_v4l2_querybuf(int, android::fimc_buffer*, v4l2_buf_type): buffer->start = 0x43bb9000 v4l2_buf.length = 4261248
I/CameraHardwareSec(   82): == Camera Sensor Detect S5K4ECGX - Samsung LSI SOC 5M ==
D/JpegEncoder(   82): encode E
D/JpegEncoder(   82): encode X
D/SecCamera(   82): Shutter speed=66635 us, iso=100
D/SecCamera(   82): AV=3, TV=4, SV=5
D/JpegEncoder(   82): makeExif E
D/JpegEncoder(   82): makeExif X
I/SecCamera(   82): int android::SecCamera::endSnapshot() :
I/SecCamera(   82): munmap():virt. addr 0x43bb9000 size = 4261248
D/dalvikvm( 2890): GC_FOR_ALLOC freed 20658K, 69% free 9892K/31495K, paused 23ms
I/dalvikvm-heap( 2890): Grow heap (frag case) to 10.590MB for 900679-byte allocation
D/dalvikvm( 2890): GC_CONCURRENT freed 9K, 66% free 10762K/31495K, paused 2ms+3ms
I/StatusActivity( 2890): 1333613098235: inside HandlePictureStorage onPictureTaken()
D/CameraHardwareSec(   82): mPreviewHeap(fd(31), size(518400), width(720), height(480))
I/CameraHardwareSec(   82): int android::CameraHardwareSec::previewThreadWrapper(): return from wait
I/StatusActivity( 2890): 1333613098638: Picture successfully taken, ORIG BYTE LENGTH = 900663
D/dalvikvm( 2890): GC_FOR_ALLOC freed 1K, 66% free 10763K/31495K, paused 59ms
I/dalvikvm-heap( 2890): Grow heap (frag case) to 29.332MB for 19660816-byte allocation
D/dalvikvm( 2890): GC_CONCURRENT freed 0K, 5% free 29963K/31495K, paused 1ms+4ms
I/StatusActivity( 2890): 1333613099458: Our new height x width: 240 x 320
I/StatusActivity( 2890): 1333613099459: Show photo from handle my camera take
I/StatusActivity( 2890): 1333613099459: client making photo packet to send to leader for it to save
I/StatusActivity( 2890): 1333613099481: BYTE SIZE AFTER COMPRESSION: 2250
I/StatusActivity( 2890): 1333613099482: about to send my pic
I/StatusActivity( 2890): 1333613099483: I'm a nonleader sending my new photo packet to my leader
I/VCoreDaemon( 2890): 1333613099484: inside sendPacket(Packet p)
I/NetworkThread( 2890): 1333613099485: Sending UDP payload: 2857
I/StatusActivity( 2890): 1333613099487: end of client send picture method
I/NetworkThread( 2890): 1333613099574: Received UDP payload: 3221
I/Mux     ( 2890): 1333613099581: GOT CSM_Msg
I/NetworkThread( 2890): 1333613099583: Received UDP payload: 949
I/Mux     ( 2890): 1333613099622: GOT CSM_Msg
I/NetworkThread( 2890): 1333613099624: Received UDP payload: 602
I/Mux     ( 2890): 1333613099627: Inside mux Packet.SERVER_REPLY
I/Mux     ( 2890): 1333613099627: I have the photo requester id = 5001 about to display photo or receive upload ack
I/StatusActivity( 2890): 1333613099627: inside Packet.CLIENT_UPLOAD_PHOTO_ACK
I/StatusActivity( 2890): 1333613099628: nonleader upload new photo latency = 143
I/StatusActivity( 2890): 1333613099628: = nonleader upload start 1333613099484 ~ stop 1333613099627
I/StatusActivity( 2890): 1333613099629: SUCCESS! Client now knows saving photo on its leader succeeded
I/StatusActivity( 2890): Inside _enableButtons
I/StatusActivity( 2890): areButtonsEnabled --> true
W/InputManagerService(  163): Window already focused, ignoring focus gain of: com.android.internal.view.IInputMethodClient$Stub$Proxy@41781f78
D/AudioHardware(   82): AudioHardware pcm playback is going to standby.
D/AudioHardware(   82): closePcmOut_l() mPcmOpenCnt: 1
I/NetworkThread( 2890): 1333613101251: Received UDP payload: 6246
I/Mux     ( 2890): 1333613101273: GOT CSM_Msg
I/NetworkThread( 2890): 1333613101274: Received UDP payload: 949
I/Mux     ( 2890): 1333613101289: GOT CSM_Msg
I/StatusActivity( 2890): 1333613114377: canPressButton = TRUE
I/StatusActivity( 2890): 1333613114379: areButtonsEnabled --> false
I/StatusActivity( 2890): 1333613114380: disabling buttons ...
I/StatusActivity( 2890): Inside disableButtonsR
I/StatusActivity( 2890): areButtonsEnabled --> false
I/StatusActivity( 2890): 1333613114389: ** Clicked take picture button **
I/CameraSurfaceView( 2890): inside getCamera()
D/AudioHardware(   82): AudioHardware pcm playback is exiting standby.
D/AudioHardware(   82): openPcmOut_l() mPcmOpenCnt: 0
I/CameraHardwareSec(   82): int android::CameraHardwareSec::previewThreadWrapper(): calling mSecCamera->stopPreview() and waiting
I/SecCamera(   82): int android::fimc_v4l2_querybuf(int, android::fimc_buffer*, v4l2_buf_type) :
I/SecCamera(   82): int android::fimc_v4l2_querybuf(int, android::fimc_buffer*, v4l2_buf_type): buffer->start = 0x43be1000 v4l2_buf.length = 4261248
I/CameraHardwareSec(   82): == Camera Sensor Detect S5K4ECGX - Samsung LSI SOC 5M ==
D/JpegEncoder(   82): encode E
D/JpegEncoder(   82): encode X
D/SecCamera(   82): Shutter speed=33317 us, iso=100
D/SecCamera(   82): AV=3, TV=5, SV=5
D/JpegEncoder(   82): makeExif E
D/JpegEncoder(   82): makeExif X
I/SecCamera(   82): int android::SecCamera::endSnapshot() :
I/SecCamera(   82): munmap():virt. addr 0x43be1000 size = 4261248
D/dalvikvm( 2890): GC_FOR_ALLOC freed 20575K, 69% free 9897K/31495K, paused 23ms
I/dalvikvm-heap( 2890): Grow heap (frag case) to 10.669MB for 977919-byte allocation
D/dalvikvm( 2890): GC_CONCURRENT freed 9K, 66% free 10843K/31495K, paused 2ms+3ms
I/StatusActivity( 2890): 1333613115062: inside HandlePictureStorage onPictureTaken()
D/CameraHardwareSec(   82): mPreviewHeap(fd(31), size(518400), width(720), height(480))
I/CameraHardwareSec(   82): int android::CameraHardwareSec::previewThreadWrapper(): return from wait
I/StatusActivity( 2890): 1333613115552: Picture successfully taken, ORIG BYTE LENGTH = 977903
D/dalvikvm( 2890): GC_FOR_ALLOC freed 1K, 66% free 10843K/31495K, paused 53ms
I/dalvikvm-heap( 2890): Grow heap (frag case) to 29.411MB for 19660816-byte allocation
D/dalvikvm( 2890): GC_CONCURRENT freed 0K, 5% free 30043K/31495K, paused 1ms+7ms
I/NetworkThread( 2890): 1333613116481: Received UDP payload: 5066
I/Mux     ( 2890): 1333613116487: GOT CSM_Msg
I/NetworkThread( 2890): 1333613116489: Received UDP payload: 949
I/Mux     ( 2890): 1333613116500: GOT CSM_Msg
I/StatusActivity( 2890): 1333613116555: Our new height x width: 240 x 320
I/StatusActivity( 2890): 1333613116556: Show photo from handle my camera take
I/StatusActivity( 2890): 1333613116557: client making photo packet to send to leader for it to save
I/StatusActivity( 2890): 1333613116570: BYTE SIZE AFTER COMPRESSION: 2812
I/StatusActivity( 2890): 1333613116571: about to send my pic
I/StatusActivity( 2890): 1333613116572: I'm a nonleader sending my new photo packet to my leader
I/VCoreDaemon( 2890): 1333613116572: inside sendPacket(Packet p)
I/NetworkThread( 2890): 1333613116573: Sending UDP payload: 3419
I/StatusActivity( 2890): 1333613116575: end of client send picture method
I/NetworkThread( 2890): 1333613116666: Received UDP payload: 3783
I/Mux     ( 2890): 1333613116671: GOT CSM_Msg
I/NetworkThread( 2890): 1333613116674: Received UDP payload: 949
I/Mux     ( 2890): 1333613116681: GOT CSM_Msg
I/NetworkThread( 2890): 1333613116684: Received UDP payload: 602
I/Mux     ( 2890): 1333613116698: Inside mux Packet.SERVER_REPLY
I/Mux     ( 2890): 1333613116699: I have the photo requester id = 5001 about to display photo or receive upload ack
I/StatusActivity( 2890): 1333613116700: inside Packet.CLIENT_UPLOAD_PHOTO_ACK
I/StatusActivity( 2890): 1333613116700: nonleader upload new photo latency = 128
I/StatusActivity( 2890): 1333613116700: = nonleader upload start 1333613116572 ~ stop 1333613116700
I/StatusActivity( 2890): 1333613116702: SUCCESS! Client now knows saving photo on its leader succeeded
I/StatusActivity( 2890): Inside _enableButtons
I/StatusActivity( 2890): areButtonsEnabled --> true
W/InputManagerService(  163): Window already focused, ignoring focus gain of: com.android.internal.view.IInputMethodClient$Stub$Proxy@417e9998
D/AudioHardware(   82): AudioHardware pcm playback is going to standby.
D/AudioHardware(   82): closePcmOut_l() mPcmOpenCnt: 1
I/NetworkThread( 2890): 1333613124426: Received UDP payload: 406
I/StatusActivity( 2890): 1333613124833: canPressButton = TRUE
I/StatusActivity( 2890): 1333613124834: areButtonsEnabled --> false
I/StatusActivity( 2890): 1333613124837: disabling buttons ...
I/StatusActivity( 2890): Inside disableButtonsR
I/StatusActivity( 2890): areButtonsEnabled --> false
I/StatusActivity( 2890): 1333613124851: ** Clicked take picture button **
I/CameraSurfaceView( 2890): inside getCamera()
D/AudioHardware(   82): AudioHardware pcm playback is exiting standby.
D/AudioHardware(   82): openPcmOut_l() mPcmOpenCnt: 0
I/CameraHardwareSec(   82): int android::CameraHardwareSec::previewThreadWrapper(): calling mSecCamera->stopPreview() and waiting
I/SecCamera(   82): int android::fimc_v4l2_querybuf(int, android::fimc_buffer*, v4l2_buf_type) :
I/SecCamera(   82): int android::fimc_v4l2_querybuf(int, android::fimc_buffer*, v4l2_buf_type): buffer->start = 0x43b89000 v4l2_buf.length = 4261248
I/CameraHardwareSec(   82): == Camera Sensor Detect S5K4ECGX - Samsung LSI SOC 5M ==
D/JpegEncoder(   82): encode E
D/JpegEncoder(   82): encode X
D/SecCamera(   82): Shutter speed=49975 us, iso=100
D/SecCamera(   82): AV=3, TV=4, SV=5
D/JpegEncoder(   82): makeExif E
D/JpegEncoder(   82): makeExif X
I/SecCamera(   82): int android::SecCamera::endSnapshot() :
I/SecCamera(   82): munmap():virt. addr 0x43b89000 size = 4261248
D/dalvikvm( 2890): GC_FOR_ALLOC freed 20663K, 69% free 9902K/31495K, paused 24ms
I/dalvikvm-heap( 2890): Grow heap (frag case) to 10.812MB for 1123221-byte allocation
D/dalvikvm( 2890): GC_CONCURRENT freed 9K, 66% free 10989K/31495K, paused 1ms+3ms
I/StatusActivity( 2890): 1333613125555: inside HandlePictureStorage onPictureTaken()
D/CameraHardwareSec(   82): mPreviewHeap(fd(31), size(518400), width(720), height(480))
I/CameraHardwareSec(   82): int android::CameraHardwareSec::previewThreadWrapper(): return from wait
I/StatusActivity( 2890): 1333613126045: Picture successfully taken, ORIG BYTE LENGTH = 1123205
D/dalvikvm( 2890): GC_FOR_ALLOC freed 1K, 66% free 10990K/31495K, paused 56ms
I/dalvikvm-heap( 2890): Forcing collection of SoftReferences for 19660816-byte allocation
D/dalvikvm( 2890): GC_BEFORE_OOM freed 9K, 66% free 10980K/31495K, paused 28ms
E/dalvikvm-heap( 2890): Out of memory on a 19660816-byte allocation.
I/dalvikvm( 2890): "main" prio=5 tid=1 RUNNABLE
I/dalvikvm( 2890):   | group="main" sCount=0 dsCount=0 obj=0x40a4a460 self=0x1ae828
I/dalvikvm( 2890):   | sysTid=2890 nice=0 sched=0/0 cgrp=default handle=1074513032
I/dalvikvm( 2890):   | schedstat=( 0 0 0 ) utm=504 stm=34 core=0
I/dalvikvm( 2890):   at android.graphics.BitmapFactory.nativeDecodeByteArray(Native Method)
I/dalvikvm( 2890):   at android.graphics.BitmapFactory.decodeByteArray(BitmapFactory.java:424)
I/dalvikvm( 2890):   at android.graphics.BitmapFactory.decodeByteArray(BitmapFactory.java:441)
I/dalvikvm( 2890):   at edu.mit.csail.diplomamatrix.StatusActivity._bytesToBitmap(StatusActivity.java:799)
I/dalvikvm( 2890):   at edu.mit.csail.diplomamatrix.StatusActivity$HandlePictureStorage.onPictureTaken(StatusActivity.java:676)
I/dalvikvm( 2890):   at android.hardware.Camera$EventHandler.handleMessage(Camera.java:687)
I/dalvikvm( 2890):   at android.os.Handler.dispatchMessage(Handler.java:99)
I/dalvikvm( 2890):   at android.os.Looper.loop(Looper.java:137)
I/dalvikvm( 2890):   at android.app.ActivityThread.main(ActivityThread.java:4424)
I/dalvikvm( 2890):   at java.lang.reflect.Method.invokeNative(Native Method)
I/dalvikvm( 2890):   at java.lang.reflect.Method.invoke(Method.java:511)
I/dalvikvm( 2890):   at com.android.internal.os.ZygoteInit$MethodAndArgsCaller.run(ZygoteInit.java:784)
I/dalvikvm( 2890):   at com.android.internal.os.ZygoteInit.main(ZygoteInit.java:551)
I/dalvikvm( 2890):   at dalvik.system.NativeStart.main(Native Method)
I/dalvikvm( 2890): 
D/skia    ( 2890): --- decoder->decode returned false
D/AndroidRuntime( 2890): Shutting down VM
W/dalvikvm( 2890): threadid=1: thread exiting with uncaught exception (group=0x40a491f8)
E/AndroidRuntime( 2890): FATAL EXCEPTION: main
E/AndroidRuntime( 2890): java.lang.OutOfMemoryError
E/AndroidRuntime( 2890): 	at android.graphics.BitmapFactory.nativeDecodeByteArray(Native Method)
E/AndroidRuntime( 2890): 	at android.graphics.BitmapFactory.decodeByteArray(BitmapFactory.java:424)
E/AndroidRuntime( 2890): 	at android.graphics.BitmapFactory.decodeByteArray(BitmapFactory.java:441)
E/AndroidRuntime( 2890): 	at edu.mit.csail.diplomamatrix.StatusActivity._bytesToBitmap(StatusActivity.java:799)
E/AndroidRuntime( 2890): 	at edu.mit.csail.diplomamatrix.StatusActivity$HandlePictureStorage.onPictureTaken(StatusActivity.java:676)
E/AndroidRuntime( 2890): 	at android.hardware.Camera$EventHandler.handleMessage(Camera.java:687)
E/AndroidRuntime( 2890): 	at android.os.Handler.dispatchMessage(Handler.java:99)
E/AndroidRuntime( 2890): 	at android.os.Looper.loop(Looper.java:137)
E/AndroidRuntime( 2890): 	at android.app.ActivityThread.main(ActivityThread.java:4424)
E/AndroidRuntime( 2890): 	at java.lang.reflect.Method.invokeNative(Native Method)
E/AndroidRuntime( 2890): 	at java.lang.reflect.Method.invoke(Method.java:511)
E/AndroidRuntime( 2890): 	at com.android.internal.os.ZygoteInit$MethodAndArgsCaller.run(ZygoteInit.java:784)
E/AndroidRuntime( 2890): 	at com.android.internal.os.ZygoteInit.main(ZygoteInit.java:551)
E/AndroidRuntime( 2890): 	at dalvik.system.NativeStart.main(Native Method)
W/ActivityManager(  163):   Force finishing activity edu.mit.csail.diplomamatrix/.StatusActivity
D/dalvikvm(  163): GC_FOR_ALLOC freed 678K, 10% free 12827K/14151K, paused 75ms
W/ActivityManager(  163): Activity pause timeout for ActivityRecord{415dafc8 edu.mit.csail.diplomamatrix/.StatusActivity}
I/NetworkThread( 2890): 1333613127427: Received UDP payload: 6997
I/Mux     ( 2890): 1333613127457: GOT CSM_Msg
I/NetworkThread( 2890): 1333613127457: Received UDP payload: 949
I/Mux     ( 2890): 1333613127467: GOT CSM_Msg
D/AudioHardware(   82): AudioHardware pcm playback is going to standby.
D/AudioHardware(   82): closePcmOut_l() mPcmOpenCnt: 1
I/StatusActivity( 2890): inside buttonsEnableProgressTimeoutR. OH NO! Your photo (save/get) request TIMED OUT. Try again later!
I/StatusActivity( 2890): Inside _enableButtons
I/StatusActivity( 2890): areButtonsEnabled --> true
I/Process ( 2890): Sending signal. PID: 2890 SIG: 9
D/AudioHardware(   82): AudioHardware pcm playback is exiting standby.
D/AudioHardware(   82): openPcmOut_l() mPcmOpenCnt: 0
I/LatinIME(  309): InputType.TYPE_NULL is specified
W/LatinIME(  309): Unexpected input class: inputType=0x00000000 imeOptions=0x00000000
I/WindowManager(  163): WIN DEATH: Window{415b6138 Toast paused=false}
I/ActivityManager(  163): Process edu.mit.csail.diplomamatrix (pid 2890) has died.
W/GpsLocationProvider(  163): Unneeded remove listener for uid 1000
I/WindowManager(  163): WIN DEATH: Window{4172f4d8 SurfaceView paused=false}
I/WindowManager(  163): WIN DEATH: Window{415f6e80 edu.mit.csail.diplomamatrix/edu.mit.csail.diplomamatrix.StatusActivity paused=false}
E/SurfaceTexture(   79): [SurfaceView] queueBuffer: SurfaceTexture has been abandoned!
E/SurfaceTextureClient(   82): queueBuffer: error queuing buffer to SurfaceTexture, -19
E/CameraHardwareSec(   82): Could not enqueue gralloc buffer!
I/CameraHardwareSec(   82): int android::CameraHardwareSec::previewThreadWrapper(): calling mSecCamera->stopPreview() and waiting
I/CameraHardwareSec(   82): int android::CameraHardwareSec::previewThreadWrapper(): return from wait
I/CameraHardwareSec(   82): int android::CameraHardwareSec::previewThreadWrapper(): exiting
W/SecCamera(   82): int android::SecCamera::stopPreview(): doing nothing because m_flag_camera_start is zero
W/SecCamera(   82): int android::SecCamera::stopRecord(): doing nothing because m_flag_record_start is zero
I/SecCamera(   82): DeinitCamera: m_cam_fd(31)
I/SecCamera(   82): DeinitCamera: m_cam_fd2(32)
E/CameraHardwareSec(   82): preview window is NULL!
I/CameraService(   82): Destroying camera 0
I/CameraHardwareSec(   82): int android::HAL_camera_device_close(hw_device_t*)
I/SecCamera(   82): DeinitCamera : already deinitialized
W/AudioFlinger(   82): session id 89 not found for pid 82
W/AudioFlinger(   82): session id 90 not found for pid 82
W/NotificationService(  163): Object died trying to hide notification android.app.ITransientNotification$Stub$Proxy@415e9f00 in package edu.mit.csail.diplomamatrix
W/ActivityManager(  163): setProcessForeground called on unknown pid: 2890
W/ActivityManager(  163): Activity destroy timeout for ActivityRecord{415dafc8 edu.mit.csail.diplomamatrix/.StatusActivity}
D/AudioHardware(   82): AudioHardware pcm playback is going to standby.
D/AudioHardware(   82): closePcmOut_l() mPcmOpenCnt: 1
D/dalvikvm(  325): GC_CONCURRENT freed 419K, 6% free 9503K/10055K, paused 7ms+2ms
W/NetworkStats(  163): dropping UID delta from unknown iface: iface=wlan0 uid=0 set=DEFAULT tag=0x0 rxBytes=3038 rxPackets=7 txBytes=0 txPackets=0 operations=0
W/NetworkStats(  163): dropping UID delta from unknown iface: iface=wlan0 uid=10067 set=DEFAULT tag=0x0 rxBytes=16137 rxPackets=11 txBytes=434 txPackets=1 operations=0
W/NetworkStats(  163): dropping UID delta from unknown iface: iface=wlan0 uid=10067 set=FOREGROUND tag=0x0 rxBytes=330455 rxPackets=73 txBytes=29280 txPackets=14 operations=0
D/dalvikvm(  163): GC_CONCURRENT freed 916K, 10% free 12759K/14151K, paused 4ms+5ms
I/power   (  163): *** set_screen_state 0
D/SurfaceFlinger(   79): About to give-up screen, flinger = 0xd3e918
D/dalvikvm(  163): GC_FOR_ALLOC freed 154K, 9% free 12970K/14151K, paused 48ms
I/dalvikvm-heap(  163): Grow heap (frag case) to 12.842MB for 104992-byte allocation
D/dalvikvm(  163): GC_FOR_ALLOC freed 6K, 9% free 13066K/14279K, paused 39ms
D/NfcService(  345): NFC-C OFF, disconnect
D/dalvikvm(  163): GC_FOR_ALLOC freed 2K, 9% free 13071K/14279K, paused 51ms
I/dalvikvm-heap(  163): Grow heap (frag case) to 12.941MB for 104992-byte allocation
D/dalvikvm(  163): GC_FOR_ALLOC freed 2K, 9% free 13171K/14407K, paused 38ms
D/dalvikvm(  163): GC_FOR_ALLOC freed <1K, 9% free 13171K/14407K, paused 38ms
I/dalvikvm-heap(  163): Grow heap (frag case) to 13.040MB for 104992-byte allocation
D/dalvikvm(  163): GC_FOR_ALLOC freed <1K, 9% free 13274K/14535K, paused 38ms
D/dalvikvm(  163): GC_FOR_ALLOC freed <1K, 8% free 13378K/14535K, paused 39ms
I/dalvikvm-heap(  163): Grow heap (frag case) to 13.242MB for 104992-byte allocation
D/dalvikvm(  163): GC_FOR_ALLOC freed 1K, 9% free 13480K/14663K, paused 39ms
V/TransportControlView(  163): Create TCV com.android.internal.widget.TransportControlView@415fabd8
D/PhoneStatusBar(  229): disable: < expand icons alerts ticker system_info back home RECENT* clock >
D/PhoneStatusBar(  229): disable: < expand icons alerts ticker system_info BACK* HOME* RECENT CLOCK* >
D/dalvikvm(  163): GC_EXPLICIT freed 90K, 8% free 13533K/14663K, paused 2ms+5ms
W/NetworkStats(  163): dropping UID delta from unknown iface: iface=wlan0 uid=0 set=DEFAULT tag=0x0 rxBytes=434 rxPackets=1 txBytes=0 txPackets=0 operations=0
D/dalvikvm( 1162): GC_CONCURRENT freed 310K, 4% free 9993K/10375K, paused 2ms+2ms
I/ActivityManager(  163): Start proc com.google.android.calendar for broadcast com.google.android.calendar/com.android.calendar.widget.CalendarAppWidgetService$CalendarFactory: pid=2956 uid=10006 gids={3003}
I/ActivityManager(  163): Start proc com.google.android.deskclock for broadcast com.google.android.deskclock/com.android.deskclock.AlarmInitReceiver: pid=2971 uid=10013 gids={}
I/ActivityManager(  163): Start proc com.android.providers.calendar for content provider com.android.providers.calendar/.CalendarProvider2: pid=2983 uid=10007 gids={3003, 1015}
I/ActivityManager(  163): No longer want com.google.android.gallery3d (pid 1136): hidden #16
I/ActivityManager(  163): No longer want com.google.android.partnersetup (pid 1241): hidden #16
D/AlarmManagerService(  163): Kernel timezone updated to 240 minutes west of GMT
D/dalvikvm(  325): GC_CONCURRENT freed 422K, 6% free 9511K/10055K, paused 14ms+2ms
I/ActivityThread( 2956): Pub com.google.android.calendar.CalendarRecentSuggestionsProvider: com.android.calendar.CalendarRecentSuggestionsProvider
I/ActivityThread( 2971): Pub com.android.deskclock: com.android.deskclock.AlarmProvider
I/ActivityThread( 2983): Pub com.android.calendar: com.android.providers.calendar.CalendarProvider2
D/dalvikvm(  477): GC_EXPLICIT freed 165K, 7% free 9932K/10631K, paused 3ms+3ms
V/AlarmClock( 2971): AlarmInitReceiver finished
D/SystemClock(  325): Setting time of day to sec=1333613587
I/CalendarProvider2( 2983): Sending notification intent: Intent { act=android.intent.action.PROVIDER_CHANGED dat=content://com.android.calendar }
W/ContentResolver( 2983): Failed to get type for: content://com.android.calendar (Unknown URL content://com.android.calendar)
I/EventLogService(  477): Aggregate from 1333611795861 (log), 1333611795861 (data)
I/ServiceDumpSys(  477): dumping service [account]
I/ActivityManager(  163): No longer want android.process.media (pid 2515): hidden #16
W/ActivityManager(  163): Scheduling restart of crashed service com.android.providers.downloads/.DownloadService in 5000ms
D/dalvikvm(  163): GC_FOR_ALLOC freed 960K, 10% free 13435K/14791K, paused 42ms
I/ActivityManager(  163): Start proc android.process.media for service com.android.providers.downloads/.DownloadService: pid=3002 uid=10014 gids={1015, 1023, 1024, 2001, 3003, 3007}
I/ActivityThread( 3002): Pub media: com.android.providers.media.MediaProvider
I/ActivityThread( 3002): Pub downloads: com.android.providers.downloads.DownloadProvider
I/ActivityThread( 3002): Pub drm: com.android.providers.drm.DrmProvider
I/DownloadManager( 3002): in removeSpuriousFiles
I/DownloadManager( 3002): in removeSpuriousFiles, preserving file /data/data/com.android.providers.downloads/cache/metadata.json
I/DownloadManager( 3002): in removeSpuriousFiles, preserving file /data/data/com.android.providers.downloads/cache/en_general.htm
D/dalvikvm(  229): GC_CONCURRENT freed 570K, 6% free 11082K/11783K, paused 2ms+4ms
I/power   (  163): *** set_screen_state 1
I/WindowManager(  163): Lock screen displayed!
D/SurfaceFlinger(   79): Screen about to return, flinger = 0xd3e918
D/PhoneStatusBar(  229): disable: < expand icons alerts ticker system_info BACK HOME recent* CLOCK >
W/InputManagerService(  163): Window already focused, ignoring focus gain of: com.android.internal.view.IInputMethodClient$Stub$Proxy@4151be08
D/PhoneStatusBar(  229): disable: < expand icons alerts ticker system_info back* home* recent clock* >
D/NfcService(  345): NFC-C ON
W/NetworkStats(  163): dropping UID delta from unknown iface: iface=wlan0 uid=0 set=DEFAULT tag=0x0 rxBytes=434 rxPackets=1 txBytes=0 txPackets=0 operations=0
D/AndroidRuntime( 3026): 
D/AndroidRuntime( 3026): >>>>>> AndroidRuntime START com.android.internal.os.RuntimeInit <<<<<<
D/AndroidRuntime( 3026): CheckJNI is OFF
D/AndroidRuntime( 3026): Calling main entry com.android.commands.pm.Pm
W/ActivityManager(  163): No content provider found for permission revoke: file:///data/local/tmp/DIPLOMAMatrix.apk
W/ActivityManager(  163): No content provider found for permission revoke: file:///data/local/tmp/DIPLOMAMatrix.apk
D/dalvikvm(  163): GC_CONCURRENT freed 937K, 9% free 13493K/14791K, paused 3ms+5ms
I/PackageManager(  163): Removing non-system package:edu.mit.csail.diplomamatrix
I/ActivityManager(  163): Force stopping package edu.mit.csail.diplomamatrix uid=10067
I/PackageManager(  163): Package edu.mit.csail.diplomamatrix codePath changed from /data/app/edu.mit.csail.diplomamatrix-2.apk to /data/app/edu.mit.csail.diplomamatrix-1.apk; Retaining data and using new
I/PackageManager(  163): Running dexopt on: edu.mit.csail.diplomamatrix
D/dalvikvm( 3037): DexOpt: load 16ms, verify+opt 138ms
I/ActivityManager(  163): Force stopping package edu.mit.csail.diplomamatrix uid=10067
W/PackageManager(  163): Code path for pkg : edu.mit.csail.diplomamatrix changing from /data/app/edu.mit.csail.diplomamatrix-2.apk to /data/app/edu.mit.csail.diplomamatrix-1.apk
W/PackageManager(  163): Resource path for pkg : edu.mit.csail.diplomamatrix changing from /data/app/edu.mit.csail.diplomamatrix-2.apk to /data/app/edu.mit.csail.diplomamatrix-1.apk
D/PackageManager(  163): New package installed in /data/app/edu.mit.csail.diplomamatrix-1.apk
I/ActivityManager(  163): Force stopping package edu.mit.csail.diplomamatrix uid=10067
D/dalvikvm(  358): GC_EXPLICIT freed 1747K, 38% free 12372K/19911K, paused 4ms+4ms
I/RegisteredComponentCache(  345): ComponentInfo: ResolveInfo{4133ac50 com.android.apps.tag.TagViewer p=0 o=0 m=0x108000}, techs: android.nfc.tech.Ndef, 
D/dalvikvm( 1122): GC_EXPLICIT freed 264K, 5% free 9354K/9799K, paused 2ms+3ms
D/dalvikvm(  163): GC_EXPLICIT freed 1308K, 15% free 12718K/14791K, paused 2ms+6ms
D/PackageManager(  163): generateServicesMap(android.accounts.AccountAuthenticator): 3 services unchanged
D/PackageManager(  163): generateServicesMap(android.content.SyncAdapter): 14 services unchanged
D/BackupManagerService(  163): Received broadcast Intent { act=android.intent.action.PACKAGE_REMOVED dat=package:edu.mit.csail.diplomamatrix flg=0x10000010 (has extras) }
D/PackageManager(  163): generateServicesMap(android.accounts.AccountAuthenticator): 3 services unchanged
I/RegisteredComponentCache(  345): ComponentInfo: ResolveInfo{4131ede0 com.android.apps.tag.TagViewer p=0 o=0 m=0x108000}, techs: android.nfc.tech.Ndef, 
D/PackageManager(  163): generateServicesMap(android.content.SyncAdapter): 14 services unchanged
I/ActivityManager(  163): Start proc com.google.android.gallery3d for broadcast com.google.android.gallery3d/com.android.gallery3d.app.PackagesMonitor: pid=3038 uid=10017 gids={3003, 1015}
D/BackupManagerService(  163): Received broadcast Intent { act=android.intent.action.PACKAGE_ADDED dat=package:edu.mit.csail.diplomamatrix flg=0x10000010 (has extras) }
V/BackupManagerService(  163): updatePackageParticipantsLocked: edu.mit.csail.diplomamatrix
I/ActivityThread( 3038): Pub com.google.android.gallery3d.GooglePhotoProvider: com.google.android.picasasync.PicasaContentProvider
D/dalvikvm( 3038): GC_CONCURRENT freed 420K, 6% free 9113K/9607K, paused 2ms+11ms
D/BackupManagerService(  163): Received broadcast Intent { act=android.intent.action.PACKAGE_REPLACED dat=package:edu.mit.csail.diplomamatrix flg=0x10000010 (has extras) }
V/BackupManagerService(  163): updatePackageParticipantsLocked: edu.mit.csail.diplomamatrix
I/ActivityThread( 3038): Pub com.google.android.gallery3d.provider: com.android.gallery3d.provider.GalleryProvider
D/dalvikvm( 3038): GC_CONCURRENT freed 409K, 5% free 9249K/9735K, paused 2ms+3ms
I/ActivityManager(  163): Start proc com.android.keychain for broadcast com.android.keychain/.KeyChainBroadcastReceiver: pid=3051 uid=1000 gids={1015, 3002, 3001, 3003, 3007}
I/ActivityManager(  163): Start proc com.google.android.partnersetup for broadcast com.google.android.partnersetup/.RlzPingBroadcastReceiver: pid=3065 uid=10022 gids={3003}
I/ActivityThread( 3065): Pub com.google.android.partnersetup.rlzprovider: com.google.android.partnersetup.RlzProvider
I/ActivityThread( 3065): Pub com.google.android.partnersetup.rlzappprovider: com.google.android.partnersetup.RlzAppProvider
D/dalvikvm(  163): GC_EXPLICIT freed 852K, 14% free 12792K/14791K, paused 3ms+13ms
I/ActivityManager(  163): No longer want com.google.android.apps.maps:LocationFriendService (pid 1281): hidden #16
E/JavaBinder(  163): !!! FAILED BINDER TRANSACTION !!!
W/ActivityManager(  163): Exception when sending broadcast to ComponentInfo{com.google.android.apps.maps/com.google.googlenav.friend.reporting.LocationReportingIntentReceiver}
W/ActivityManager(  163): android.os.TransactionTooLargeException
W/ActivityManager(  163): 	at android.os.BinderProxy.transact(Native Method)
W/ActivityManager(  163): 	at android.app.ApplicationThreadProxy.scheduleReceiver(ApplicationThreadNative.java:722)
W/ActivityManager(  163): 	at com.android.server.am.ActivityManagerService.processCurBroadcastLocked(ActivityManagerService.java:12727)
W/ActivityManager(  163): 	at com.android.server.am.ActivityManagerService.processNextBroadcast(ActivityManagerService.java:13126)
W/ActivityManager(  163): 	at com.android.server.am.ActivityManagerService.finishReceiver(ActivityManagerService.java:12566)
W/ActivityManager(  163): 	at android.app.ActivityManagerNative.onTransact(ActivityManagerNative.java:336)
W/ActivityManager(  163): 	at com.android.server.am.ActivityManagerService.onTransact(ActivityManagerService.java:1545)
W/ActivityManager(  163): 	at android.os.Binder.execTransact(Binder.java:338)
W/ActivityManager(  163): 	at dalvik.system.NativeStart.run(Native Method)
I/ActivityManager(  163): Start proc com.google.android.apps.maps:LocationFriendService for broadcast com.google.android.apps.maps/com.google.googlenav.friend.reporting.LocationReportingIntentReceiver: pid=3077 uid=10032 gids={3003, 1015}
I/dalvikvm( 3077): Turning on JNI app bug workarounds for target SDK version 13...
I/ActivityManager(  163): No longer want com.google.android.deskclock (pid 2971): hidden #16
D/dalvikvm( 3077): GC_CONCURRENT freed 175K, 3% free 9358K/9607K, paused 3ms+2ms
D/AndroidRuntime( 3026): Shutting down VM
D/dalvikvm( 3026): GC_CONCURRENT freed 100K, 83% free 456K/2560K, paused 1ms+2ms
D/jdwp    ( 3026): Got wake-up signal, bailing out of select
D/dalvikvm( 3026): Debugger has detached; object registry had 1 entries
I/AndroidRuntime( 3026): NOTE: attach of thread 'Binder Thread #3' failed
D/AndroidRuntime( 3097): 
D/AndroidRuntime( 3097): >>>>>> AndroidRuntime START com.android.internal.os.RuntimeInit <<<<<<
D/AndroidRuntime( 3097): CheckJNI is OFF
D/AndroidRuntime( 3097): Calling main entry com.android.commands.am.Am
I/ActivityManager(  163): START {act=android.intent.action.MAIN cat=[android.intent.category.LAUNCHER] flg=0x10000000 cmp=edu.mit.csail.diplomamatrix/.StatusActivity} from pid 3097
D/AndroidRuntime( 3097): Shutting down VM
D/dalvikvm( 3097): GC_CONCURRENT freed 102K, 81% free 486K/2560K, paused 0ms+0ms
D/jdwp    ( 3097): Got wake-up signal, bailing out of select
D/dalvikvm( 3097): Debugger has detached; object registry had 1 entries
I/AndroidRuntime( 3097): NOTE: attach of thread 'Binder Thread #3' failed
D/dalvikvm( 3109): Late-enabling CheckJNI
I/ActivityManager(  163): Start proc edu.mit.csail.diplomamatrix for activity edu.mit.csail.diplomamatrix/.StatusActivity: pid=3109 uid=10067 gids={1006, 1015, 3003}
I/dalvikvm( 3109): Turning on JNI app bug workarounds for target SDK version 4...
D/dalvikvm(   80): GC_EXPLICIT freed 38K, 4% free 9028K/9347K, paused 2ms+2ms
D/OpenGLRenderer(  358): Flushing caches (mode 1)
D/dalvikvm(   80): GC_EXPLICIT freed <1K, 4% free 9028K/9347K, paused 1ms+1ms
D/dalvikvm(   80): GC_EXPLICIT freed <1K, 4% free 9028K/9347K, paused 1ms+2ms
I/StatusActivity( 3109): 1333613964155: *** Opened log file for writing ***
I/StatusActivity( 3109): 1333613964156: Android build: Nexus S
I/StatusActivity( 3109): 1333613964156: NET_NAME set to: wlan0
I/StatusActivity( 3109): 1333613964157: starting Mux with id = -1
I/StatusActivity( 3109): 1333613964159: areButtonsEnabled --> true
I/Mux.java( 3109): run() beginning -------------
D/Mux     ( 3109): Mux started
I/NetworkThread( 3109): Initial socket buffer sizes: 110592 receive, 110592 send
I/NetworkThread( 3109): Set socket buffer sizes to: 221184 receive, 221184 send
I/NetworkThread( 3109): started, local IP address:/192.168.5.1
I/StatusActivity( 3109): 1333613964177: *** Application started ***
I/StatusActivity( 3109): 1333613964177: HI I'm in ONRESUME()
I/StatusActivity( 3109): 1333613964180: SAMPLING_DISTANCE : 1, SAMPLING_DURATION : 1000
W/GpsLocationProvider(  163): Duplicate add listener for uid 10067
I/Mux.java's nodeId is( 3109): 5001
I/Mux     ( 3109): starting vncDaemon ........
I/VCoreDaemon( 3109): 1333613964190: Started VCoreDaemon with parameters maxRx = 6 , maxRY= 1, minLongitude = -7110102 , minLatitude = 4236349, regionWidth =17
I/Mux     ( 3109): vncDaemon started
I/VCoreDaemon.java( 3109): onStart() about to stateTransition.........................................................................
I/VCoreDaemon( 3109): 1333613964193: started, mId = 5001
I/VCoreDaemon.java( 3109): inside stateTransition ......................................................................................
I/..... VCoreDaemon.java( 3109): out of bounds
I/VCoreDaemon( 3109): 1333613964194: region (-1, -1) out of bounds, dormant
I/..... VCoreDaemon.java( 3109): ends xxxxxxxxxxxxxxxxxxxxxxxxxxxxxxxxxxxxxxxxxxx
I/StatusActivity( 3109): 1333613964198: ************ GPS turned OFF *************
D/OpenGLRenderer(  358): Flushing caches (mode 0)
V/PhoneStatusBar(  229): setLightsOn(true)
I/CameraSurfaceView( 3109): inside surfaceCreated()
I/CameraSurfaceView( 3109): opening Camera.open()
I/CameraService(   82): Opening camera 0
I/CameraHardwareSec(   82): int android::HAL_camera_device_open(const hw_module_t*, const char*, hw_device_t**): open camera 0
E/SecCamera(   82): initCamera: m_cam_fd(29), m_jpeg_fd(0)
I/SecCamera(   82): Name of input channel[0] is S5K4ECGX
E/SecCamera(   82): initCamera: m_cam_fd2(30)
I/SecCamera(   82): Name of input channel[0] is S5K4ECGX
I/SecCamera(   82): initCamera : initialized
I/SecCamera(   82): Name of input channel[0] is S5K4ECGX
I/CameraHardwareSec(   82): int android::HAL_camera_device_open(const hw_module_t*, const char*, hw_device_t**): opened camera 0 (0x1e6e750)
I/AwesomePlayer(   82): setDataSource_l('/system/media/audio/ui/camera_click.ogg')
I/CameraHardwareSec(   82): int android::CameraHardwareSec::previewThreadWrapper(): starting
I/CameraHardwareSec(   82): int android::CameraHardwareSec::previewThreadWrapper(): calling mSecCamera->stopPreview() and waiting
W/SecCamera(   82): int android::SecCamera::stopPreview(): doing nothing because m_flag_camera_start is zero
I/AwesomePlayer(   82): setDataSource_l('/system/media/audio/ui/VideoRecord.ogg')
I/CameraSurfaceView( 3109): opened camera
I/CameraSurfaceView( 3109): inside on surfaceChanged()
D/CameraHardwareSec(   82): mPreviewHeap(fd(29), size(518400), width(720), height(480))
