I/SML     (21817): V1.1112.5.1 [smlPhoneStatus.java Line:71] [onServiceStateChanged] onServiceStateChanged bRoming =false
D/DATA    (  589): [DSST(0)] pollstate() : reason = data network state changed
D/DATA    (  589): [DSST(0)] Poll ServiceState done: oldSS=[0 home null null null  UMTS CSS not supported -1 -1RoamInd: -1DefRoamInd: -1EmergOnly: false] newSS=[0 home null null null  UMTS CSS not supported -1 -1RoamInd: -1DefRoamInd: -1EmergOnly: false]
D/DATA    (  589): [DSST(0)] pollstate() : reason = data network state changed
V/DATA    (  589): [DCT(0) ] onDataCallListChanged:
V/DATA    (  589): [DCT(0) ] ---dc state list---
V/DATA    (  589): [DCT(0) ] DataCallState: { cid: 0, active: 2, type: , apn: pta, address: 10.8.248.107 }
V/DATA    (  589): [DCT(0) ] ---dc list---
V/DATA    (  589): [DCT(0) ] cid = 0, state = DcActiveState, bearerType = IP, ipaddress = 10.8.248.107, gw=10.8.248.105, dns=[172.26.38.1, 172.26.38.2]
D/DATA    (  589): [DSST(0)] Poll ServiceState done: oldSS=[0 home null null null  UMTS CSS not supported -1 -1RoamInd: -1DefRoamInd: -1EmergOnly: false] newSS=[0 home null null null  UMTS CSS not supported -1 -1RoamInd: -1DefRoamInd: -1EmergOnly: false]
D/dalvikvm(  589): GC_CONCURRENT freed 404K, 37% free 4421K/6983K, external 0K/1280K, paused 6ms+3ms
I/VNC:Cloud(23407): Request executed: http://hermes5.csail.mit.edu:8212/take/1/0/5012/1333615484922/
I/VCoreDaemon(23407): 1333615486887: inside sendPacket(Packet p)
I/NetworkThread(23407): 1333615486900: Sending UDP payload: 406
D/BatteryService(  445): update start
D/BatteryService(  445): updateBattery level:7 scale:100 status:2 health:2 present:true voltage: 3602 temperature: 369 technology: Li-ion AC powered:false USB powered:true icon:17302237
D/UiModeManager(  445): updateConfigurationLocked: mDockState=0; mCarMode=false; mNightMode=0; uiMode=17
D/DATA    (  589): [DSST(0)] pollstate() : reason = data network state changed
D/DATA    (  589): [DSST(0)] Poll ServiceState done: oldSS=[0 home null null null  UMTS CSS not supported -1 -1RoamInd: -1DefRoamInd: -1EmergOnly: false] newSS=[0 home null null null  UMTS CSS not supported -1 -1RoamInd: -1DefRoamInd: -1EmergOnly: false]
D/DATA    (  589): [DSST(0)] pollstate() : reason = data network state changed
D/DATA    (  589): [DSST(0)] Poll ServiceState done: oldSS=[0 home null null null  UMTS CSS not supported -1 -1RoamInd: -1DefRoamInd: -1EmergOnly: false] newSS=[0 home null null null  HSPA CSS not supported -1 -1RoamInd: -1DefRoamInd: -1EmergOnly: false]
I/TelephonyRegistry(  445): notifyServiceState: 0 home AT&T AT&T 310410  HSPA CSS not supported -1 -1RoamInd: -1DefRoamInd: -1EmergOnly: false
I/GlobalActions(  445): inAirplaneModefalse mAirplaneStateOff serviceState.getState()0
W/EDM     (  445):  >>> CallingPolicyService.mPhoneListener.new PhoneStateListener() {...}.onServiceStateChanged()
W/EDM     (  445): >>> CallingPolicyService.loadSettings()
W/EDM     (  445): >>> CallingPolicyService.getAdminIdByLastChange()
W/EDM     (  445): >>> CallingPolicyService.getLastChangeId()
W/EDM     (  445): CallingPolicyService.getAdminIdByLastChange() adminId : -1
D/DATA    (  589): mMasterDataEnabled=true,isUsePacketData=true
D/FlightSettingButton(  559): EVENT_SERVICE_STATE_CHANGED received
E/FlightSettingButton(  559): updateStatus : 0
D/DATA    (  589): mMasterDataEnabled=true,isUsePacketData=true
I/TelephonyRegistry(  445): notifyDataConnection: anyState=2,default/INET,apnTypeState=2,iface=rmnet_sdio0,ip=10.8.248.107,gw=10.8.248.105,isDataConnectivityPossible=true,networkType=10,reason=radioTechnologyChanged
D/MobileDataStateTracker(  445): replacing old mInterfaceName (rmnet_sdio0) with rmnet_sdio0 for hipri
D/DATA    (  589):  notifyDataConnection Pass INET6 >>> Fix me later please!!
D/DATA    (  589): mMasterDataEnabled=true,isUsePacketData=true
D/DATA    (  589):  notifyDataConnection Pass INET6 >>> Fix me later please!!
D/DATA    (  589): mMasterDataEnabled=true,isUsePacketData=true
I/TelephonyRegistry(  445): notifyDataConnection: anyState=2,mms/INET,apnTypeState=2,iface=rmnet_sdio0,ip=10.8.248.107,gw=10.8.248.105,isDataConnectivityPossible=true,networkType=10,reason=radioTechnologyChanged
I/TelephonyRegistry(  445): notifyDataConnection: anyState=2,supl/INET,apnTypeState=2,iface=rmnet_sdio0,ip=10.8.248.107,gw=10.8.248.105,isDataConnectivityPossible=true,networkType=10,reason=radioTechnologyChanged
D/DATA    (  589):  notifyDataConnection Pass INET6 >>> Fix me later please!!
D/DATA    (  589): mMasterDataEnabled=true,isUsePacketData=true
D/DATA    (  589):  notifyDataConnection Pass INET6 >>> Fix me later please!!
D/DATA    (  589): mMasterDataEnabled=true,isUsePacketData=true
D/DATA    (  589):  notifyDataConnection Pass INET6 >>> Fix me later please!!
V/DATA    (  589): [DCT(0) ] onUpdateDataConnections: reason=radioTechnologyChanged
V/DATA    (  589): [DCT(0) ] ---dc list---
V/DATA    (  589): [DCT(0) ] cid = 0, state = DcActiveState, bearerType = IP, ipaddress = 10.8.248.107, gw=10.8.248.105, dns=[172.26.38.1, 172.26.38.2]
V/DATA    (  589): [DCT(0) ] ---ds list---
I/TelephonyRegistry(  445): notifyDataConnection: anyState=2,dun/INET,apnTypeState=0,iface=null,ip=null,gw=null,isDataConnectivityPossible=true,networkType=10,reason=radioTechnologyChanged
I/TelephonyRegistry(  445): notifyDataConnection: anyState=2,hipri/INET,apnTypeState=2,iface=rmnet_sdio0,ip=10.8.248.107,gw=10.8.248.105,isDataConnectivityPossible=true,networkType=10,reason=radioTechnologyChanged
D/MobileDataStateTracker(  445): default Received state= CONNECTED, old= CONNECTED, reason= radioTechnologyChanged, apnTypeList= default
V/DATA    (  589): [DCT(0) ] ds= SERVICE_TYPE_DEFAULT, enabled = true, active = v4:CONNECTED(0) v6:IDLE
V/DATA    (  589): [DCT(0) ] ds= SERVICE_TYPE_MMS, enabled = false, active = v4:CONNECTED(0) v6:IDLE
V/DATA    (  589): [DCT(0) ] ds= SERVICE_TYPE_SUPL, enabled = false, active = v4:CONNECTED(0) v6:IDLE
V/DATA    (  589): [DCT(0) ] ds= SERVICE_TYPE_DUN, enabled = false, active = v4:IDLE v6:IDLE
V/DATA    (  589): [DCT(0) ] ds= SERVICE_TYPE_HIPRI, enabled = false, active = v4:CONNECTED(0) v6:IDLE
D/DATA    (  589): mMasterDataEnabled=true,isUsePacketData=true
I/DATA    (  589): [DCT(0) ] Ready for data : 
I/DATA    (  589): [DCT(0) ]    getDesiredPowerState() = true
I/DATA    (  589): [DCT(0) ]    mCm.getRadioState() = RADIO_ON
I/DATA    (  589): [DCT(0) ]    [DataRadioTech = RADIO_TECH_HSPA, data network state = 0, mMasterDataEnabled = true, is Roaming = false, dataOnRoamingEnable = false, isPsRestricted = false, desiredPowerState  = true, mSIMRecords = true/310410, cdmaSubSource = 1/, mRuimRecords = , checks = true/true]
V/DATA    (  589): [DCT(0) ] trySetupDataCall : ds=SERVICE_TYPE_DEFAULT, ipv=INET6, reason=radioTechnologyChanged
W/DATA    (  589): [DCT(0) ] no working data profile available to establish service type SERVICE_TYPE_DEFAULTon INET6
D/DATA    (  589):  notifyDataConnection Pass INET6 >>> Fix me later please!!
V/DATA    (  589): [DCT(0) ] intent received :android.intent.action.ANY_DATA_STATE
D/DATA    (  589): NETWORK_STATE_CHANGED_ACTION : data_call = 49
D/PhoneApp(  589): CONNECTED - hideDataDisconnectedRoaming()
V/DATA    (  589): [DCT(0) ] onDataCallListChanged:
V/DATA    (  589): [DCT(0) ] ---dc state list---
V/DATA    (  589): [DCT(0) ] DataCallState: { cid: 0, active: 2, type: , apn: pta, address: 10.8.248.107 }
V/DATA    (  589): [DCT(0) ] ---dc list---
V/DATA    (  589): [DCT(0) ] cid = 0, state = DcActiveState, bearerType = IP, ipaddress = 10.8.248.107, gw=10.8.248.105, dns=[172.26.38.1, 172.26.38.2]
V/AlarmManager(  445): Adding alarm Alarm{40a86630 type 2 com.google.android.location} at 1
D/MobileDataStateTracker(  445): replacing old mInterfaceName (rmnet_sdio0) with rmnet_sdio0 for mms
V/DATA    (  589): [DCT(0) ] intent received :android.intent.action.ANY_DATA_STATE
D/DATA    (  589): NETWORK_STATE_CHANGED_ACTION : data_call = 49
D/PhoneApp(  589): CONNECTED - hideDataDisconnectedRoaming()
D/MobileDataStateTracker(  445): replacing old mInterfaceName (rmnet_sdio0) with rmnet_sdio0 for supl
V/DATA    (  589): [DCT(0) ] intent received :android.intent.action.ANY_DATA_STATE
D/DATA    (  589): NETWORK_STATE_CHANGED_ACTION : data_call = 49
D/PhoneApp(  589): CONNECTED - hideDataDisconnectedRoaming()
V/DATA    (  589): [DCT(0) ] intent received :android.intent.action.ANY_DATA_STATE
D/DATA    (  589): NETWORK_STATE_CHANGED_ACTION : data_call = 49
V/DATA    (  589): [DCT(0) ] intent received :android.intent.action.ANY_DATA_STATE
D/DATA    (  589): NETWORK_STATE_CHANGED_ACTION : data_call = 49
D/PhoneApp(  589): CONNECTED - hideDataDisconnectedRoaming()
V/AlarmManager(  445): Adding alarm Alarm{4098a4d0 type 2 com.google.android.apps.maps} at 5
I/SML     (21817): V1.1112.5.1 [smlPhoneStatus.java Line:70] [onServiceStateChanged] onServiceStateChanged nNetwork =10
I/SML     (21817): V1.1112.5.1 [smlPhoneStatus.java Line:71] [onServiceStateChanged] onServiceStateChanged bRoming =false
D/dalvikvm(23365): GC_EXPLICIT freed 49K, 41% free 3372K/5639K, external 0K/0K, paused 64ms
E/AlarmManagerService(  445): android_server_AlarmManagerService_set to type=1, 1333684800.000000000
V/AlarmManager(  445): sending alarm Alarm{40ce2500 type 1 android}
E/AlarmManagerService(  445): android_server_AlarmManagerService_set to type=1, 1333615560.000000000
V/AlarmManager(  445): Adding alarm Alarm{40a77928 type 1 android} at 0
D/DATA    (  589): [DSST(0)] pollstate() : reason = data network state changed
V/DATA    (  589): [DCT(0) ] onDataCallListChanged:
V/DATA    (  589): [DCT(0) ] ---dc state list---
V/DATA    (  589): [DCT(0) ] DataCallState: { cid: 0, active: 1, type: , apn: pta, address: 10.8.248.107 }
V/DATA    (  589): [DCT(0) ] ---dc list---
V/DATA    (  589): [DCT(0) ] cid = 0, state = DcActiveState, bearerType = IP, ipaddress = 10.8.248.107, gw=10.8.248.105, dns=[172.26.38.1, 172.26.38.2]
D/DATA    (  589): [DSST(0)] Poll ServiceState done: oldSS=[0 home null null null  HSPA CSS not supported -1 -1RoamInd: -1DefRoamInd: -1EmergOnly: false] newSS=[0 home null null null  HSPA CSS not supported -1 -1RoamInd: -1DefRoamInd: -1EmergOnly: false]
D/dalvikvm(22626): GC_EXPLICIT freed 17K, 42% free 3141K/5379K, external 0K/0K, paused 74ms
I/VCoreDaemon(23407): 1333615516887: leader to cloud hearbeat...
D/DATA    (  589): [DSST(0)] pollstate() : reason = data network state changed
D/DATA    (  589): [DSST(0)] Poll ServiceState done: oldSS=[0 home null null null  HSPA CSS not supported -1 -1RoamInd: -1DefRoamInd: -1EmergOnly: false] newSS=[0 home null null null  UMTS CSS not supported -1 -1RoamInd: -1DefRoamInd: -1EmergOnly: false]
I/GlobalActions(  445): inAirplaneModefalse mAirplaneStateOff serviceState.getState()0
I/TelephonyRegistry(  445): notifyServiceState: 0 home AT&T AT&T 310410  UMTS CSS not supported -1 -1RoamInd: -1DefRoamInd: -1EmergOnly: false
W/EDM     (  445):  >>> CallingPolicyService.mPhoneListener.new PhoneStateListener() {...}.onServiceStateChanged()
W/EDM     (  445): >>> CallingPolicyService.loadSettings()
W/EDM     (  445): >>> CallingPolicyService.getAdminIdByLastChange()
W/EDM     (  445): >>> CallingPolicyService.getLastChangeId()
W/EDM     (  445): CallingPolicyService.getAdminIdByLastChange() adminId : -1
D/DATA    (  589): mMasterDataEnabled=true,isUsePacketData=true
D/DATA    (  589): mMasterDataEnabled=true,isUsePacketData=true
I/TelephonyRegistry(  445): notifyDataConnection: anyState=2,default/INET,apnTypeState=2,iface=rmnet_sdio0,ip=10.8.248.107,gw=10.8.248.105,isDataConnectivityPossible=true,networkType=3,reason=radioTechnologyChanged
D/MobileDataStateTracker(  445): replacing old mInterfaceName (rmnet_sdio0) with rmnet_sdio0 for hipri
D/DATA    (  589):  notifyDataConnection Pass INET6 >>> Fix me later please!!
D/FlightSettingButton(  559): EVENT_SERVICE_STATE_CHANGED received
E/FlightSettingButton(  559): updateStatus : 0
D/DATA    (  589): mMasterDataEnabled=true,isUsePacketData=true
D/DATA    (  589):  notifyDataConnection Pass INET6 >>> Fix me later please!!
I/TelephonyRegistry(  445): notifyDataConnection: anyState=2,mms/INET,apnTypeState=2,iface=rmnet_sdio0,ip=10.8.248.107,gw=10.8.248.105,isDataConnectivityPossible=true,networkType=3,reason=radioTechnologyChanged
D/DATA    (  589): mMasterDataEnabled=true,isUsePacketData=true
D/DATA    (  589):  notifyDataConnection Pass INET6 >>> Fix me later please!!
D/DATA    (  589): mMasterDataEnabled=true,isUsePacketData=true
D/DATA    (  589):  notifyDataConnection Pass INET6 >>> Fix me later please!!
D/DATA    (  589): mMasterDataEnabled=true,isUsePacketData=true
D/DATA    (  589):  notifyDataConnection Pass INET6 >>> Fix me later please!!
I/TelephonyRegistry(  445): notifyDataConnection: anyState=2,supl/INET,apnTypeState=2,iface=rmnet_sdio0,ip=10.8.248.107,gw=10.8.248.105,isDataConnectivityPossible=true,networkType=3,reason=radioTechnologyChanged
I/TelephonyRegistry(  445): notifyDataConnection: anyState=2,dun/INET,apnTypeState=0,iface=null,ip=null,gw=null,isDataConnectivityPossible=true,networkType=3,reason=radioTechnologyChanged
I/TelephonyRegistry(  445): notifyDataConnection: anyState=2,hipri/INET,apnTypeState=2,iface=rmnet_sdio0,ip=10.8.248.107,gw=10.8.248.105,isDataConnectivityPossible=true,networkType=3,reason=radioTechnologyChanged
V/DATA    (  589): [DCT(0) ] onUpdateDataConnections: reason=radioTechnologyChanged
V/DATA    (  589): [DCT(0) ] ---dc list---
V/DATA    (  589): [DCT(0) ] cid = 0, state = DcActiveState, bearerType = IP, ipaddress = 10.8.248.107, gw=10.8.248.105, dns=[172.26.38.1, 172.26.38.2]
D/MobileDataStateTracker(  445): default Received state= CONNECTED, old= CONNECTED, reason= radioTechnologyChanged, apnTypeList= default
V/DATA    (  589): [DCT(0) ] ---ds list---
V/DATA    (  589): [DCT(0) ] ds= SERVICE_TYPE_DEFAULT, enabled = true, active = v4:CONNECTED(0) v6:IDLE
V/DATA    (  589): [DCT(0) ] ds= SERVICE_TYPE_MMS, enabled = false, active = v4:CONNECTED(0) v6:IDLE
V/DATA    (  589): [DCT(0) ] ds= SERVICE_TYPE_SUPL, enabled = false, active = v4:CONNECTED(0) v6:IDLE
V/DATA    (  589): [DCT(0) ] ds= SERVICE_TYPE_DUN, enabled = false, active = v4:IDLE v6:IDLE
V/DATA    (  589): [DCT(0) ] ds= SERVICE_TYPE_HIPRI, enabled = false, active = v4:CONNECTED(0) v6:IDLE
D/DATA    (  589): mMasterDataEnabled=true,isUsePacketData=true
I/DATA    (  589): [DCT(0) ] Ready for data : 
I/DATA    (  589): [DCT(0) ]    getDesiredPowerState() = true
I/DATA    (  589): [DCT(0) ]    mCm.getRadioState() = RADIO_ON
I/DATA    (  589): [DCT(0) ]    [DataRadioTech = RADIO_TECH_UMTS, data network state = 0, mMasterDataEnabled = true, is Roaming = false, dataOnRoamingEnable = false, isPsRestricted = false, desiredPowerState  = true, mSIMRecords = true/310410, cdmaSubSource = 1/, mRuimRecords = , checks = true/true]
V/DATA    (  589): [DCT(0) ] trySetupDataCall : ds=SERVICE_TYPE_DEFAULT, ipv=INET6, reason=radioTechnologyChanged
W/DATA    (  589): [DCT(0) ] no working data profile available to establish service type SERVICE_TYPE_DEFAULTon INET6
D/DATA    (  589):  notifyDataConnection Pass INET6 >>> Fix me later please!!
V/DATA    (  589): [DCT(0) ] intent received :android.intent.action.ANY_DATA_STATE
D/DATA    (  589): NETWORK_STATE_CHANGED_ACTION : data_call = 49
D/PhoneApp(  589): CONNECTED - hideDataDisconnectedRoaming()
V/AlarmManager(  445): Adding alarm Alarm{40cafa98 type 2 com.google.android.location} at 1
D/MobileDataStateTracker(  445): replacing old mInterfaceName (rmnet_sdio0) with rmnet_sdio0 for mms
V/DATA    (  589): [DCT(0) ] intent received :android.intent.action.ANY_DATA_STATE
D/DATA    (  589): NETWORK_STATE_CHANGED_ACTION : data_call = 49
D/PhoneApp(  589): CONNECTED - hideDataDisconnectedRoaming()
D/MobileDataStateTracker(  445): replacing old mInterfaceName (rmnet_sdio0) with rmnet_sdio0 for supl
V/DATA    (  589): [DCT(0) ] intent received :android.intent.action.ANY_DATA_STATE
D/DATA    (  589): NETWORK_STATE_CHANGED_ACTION : data_call = 49
D/PhoneApp(  589): CONNECTED - hideDataDisconnectedRoaming()
V/DATA    (  589): [DCT(0) ] intent received :android.intent.action.ANY_DATA_STATE
D/DATA    (  589): NETWORK_STATE_CHANGED_ACTION : data_call = 49
V/DATA    (  589): [DCT(0) ] intent received :android.intent.action.ANY_DATA_STATE
D/DATA    (  589): NETWORK_STATE_CHANGED_ACTION : data_call = 49
D/PhoneApp(  589): CONNECTED - hideDataDisconnectedRoaming()
I/SML     (21817): V1.1112.5.1 [smlPhoneStatus.java Line:70] [onServiceStateChanged] onServiceStateChanged nNetwork =3
I/SML     (21817): V1.1112.5.1 [smlPhoneStatus.java Line:71] [onServiceStateChanged] onServiceStateChanged bRoming =false
V/AlarmManager(  445): Adding alarm Alarm{40a29350 type 2 com.google.android.apps.maps} at 5
D/DATA    (  589): [DSST(0)] pollstate() : reason = data network state changed
D/DATA    (  589): [DSST(0)] Poll ServiceState done: oldSS=[0 home null null null  UMTS CSS not supported -1 -1RoamInd: -1DefRoamInd: -1EmergOnly: false] newSS=[0 home null null null  UMTS CSS not supported -1 -1RoamInd: -1DefRoamInd: -1EmergOnly: false]
D/DATA    (  589): [DSST(0)] pollstate() : reason = data network state changed
V/DATA    (  589): [DCT(0) ] onDataCallListChanged:
V/DATA    (  589): [DCT(0) ] ---dc state list---
V/DATA    (  589): [DCT(0) ] DataCallState: { cid: 0, active: 2, type: , apn: pta, address: 10.8.248.107 }
V/DATA    (  589): [DCT(0) ] ---dc list---
V/DATA    (  589): [DCT(0) ] cid = 0, state = DcActiveState, bearerType = IP, ipaddress = 10.8.248.107, gw=10.8.248.105, dns=[172.26.38.1, 172.26.38.2]
D/DATA    (  589): [DSST(0)] Poll ServiceState done: oldSS=[0 home null null null  UMTS CSS not supported -1 -1RoamInd: -1DefRoamInd: -1EmergOnly: false] newSS=[0 home null null null  UMTS CSS not supported -1 -1RoamInd: -1DefRoamInd: -1EmergOnly: false]
I/VNC:Cloud(23407): Request executed: http://hermes5.csail.mit.edu:8212/take/1/0/5012/1333615516888/
I/VCoreDaemon(23407): 1333615518820: inside sendPacket(Packet p)
I/NetworkThread(23407): 1333615518837: Sending UDP payload: 406
D/DATA    (  589): [DSST(0)] pollstate() : reason = data network state changed
D/DATA    (  589): [DSST(0)] Poll ServiceState done: oldSS=[0 home null null null  UMTS CSS not supported -1 -1RoamInd: -1DefRoamInd: -1EmergOnly: false] newSS=[0 home null null null  UMTS CSS not supported -1 -1RoamInd: -1DefRoamInd: -1EmergOnly: false]
D/DATA    (  589): [DSST(0)] pollstate() : reason = data network state changed
D/DATA    (  589): [DSST(0)] Poll ServiceState done: oldSS=[0 home null null null  UMTS CSS not supported -1 -1RoamInd: -1DefRoamInd: -1EmergOnly: false] newSS=[0 home null null null  HSPA CSS not supported -1 -1RoamInd: -1DefRoamInd: -1EmergOnly: false]
I/GlobalActions(  445): inAirplaneModefalse mAirplaneStateOff serviceState.getState()0
W/EDM     (  445):  >>> CallingPolicyService.mPhoneListener.new PhoneStateListener() {...}.onServiceStateChanged()
W/EDM     (  445): >>> CallingPolicyService.loadSettings()
W/EDM     (  445): >>> CallingPolicyService.getAdminIdByLastChange()
W/EDM     (  445): >>> CallingPolicyService.getLastChangeId()
W/EDM     (  445): CallingPolicyService.getAdminIdByLastChange() adminId : -1
I/TelephonyRegistry(  445): notifyServiceState: 0 home AT&T AT&T 310410  HSPA CSS not supported -1 -1RoamInd: -1DefRoamInd: -1EmergOnly: false
D/FlightSettingButton(  559): EVENT_SERVICE_STATE_CHANGED received
E/FlightSettingButton(  559): updateStatus : 0
D/DATA    (  589): mMasterDataEnabled=true,isUsePacketData=true
D/DATA    (  589): mMasterDataEnabled=true,isUsePacketData=true
I/TelephonyRegistry(  445): notifyDataConnection: anyState=2,default/INET,apnTypeState=2,iface=rmnet_sdio0,ip=10.8.248.107,gw=10.8.248.105,isDataConnectivityPossible=true,networkType=10,reason=radioTechnologyChanged
D/MobileDataStateTracker(  445): replacing old mInterfaceName (rmnet_sdio0) with rmnet_sdio0 for hipri
D/DATA    (  589):  notifyDataConnection Pass INET6 >>> Fix me later please!!
D/DATA    (  589): mMasterDataEnabled=true,isUsePacketData=true
D/DATA    (  589):  notifyDataConnection Pass INET6 >>> Fix me later please!!
D/DATA    (  589): mMasterDataEnabled=true,isUsePacketData=true
D/DATA    (  589):  notifyDataConnection Pass INET6 >>> Fix me later please!!
D/DATA    (  589): mMasterDataEnabled=true,isUsePacketData=true
I/TelephonyRegistry(  445): notifyDataConnection: anyState=2,mms/INET,apnTypeState=2,iface=rmnet_sdio0,ip=10.8.248.107,gw=10.8.248.105,isDataConnectivityPossible=true,networkType=10,reason=radioTechnologyChanged
I/TelephonyRegistry(  445): notifyDataConnection: anyState=2,supl/INET,apnTypeState=2,iface=rmnet_sdio0,ip=10.8.248.107,gw=10.8.248.105,isDataConnectivityPossible=true,networkType=10,reason=radioTechnologyChanged
I/TelephonyRegistry(  445): notifyDataConnection: anyState=2,dun/INET,apnTypeState=0,iface=null,ip=null,gw=null,isDataConnectivityPossible=true,networkType=10,reason=radioTechnologyChanged
D/DATA    (  589):  notifyDataConnection Pass INET6 >>> Fix me later please!!
D/DATA    (  589): mMasterDataEnabled=true,isUsePacketData=true
D/DATA    (  589):  notifyDataConnection Pass INET6 >>> Fix me later please!!
V/DATA    (  589): [DCT(0) ] onDataCallListChanged:
V/DATA    (  589): [DCT(0) ] ---dc state list---
V/DATA    (  589): [DCT(0) ] DataCallState: { cid: 0, active: 2, type: , apn: pta, address: 10.8.248.107 }
V/DATA    (  589): [DCT(0) ] ---dc list---
V/DATA    (  589): [DCT(0) ] cid = 0, state = DcActiveState, bearerType = IP, ipaddress = 10.8.248.107, gw=10.8.248.105, dns=[172.26.38.1, 172.26.38.2]
V/DATA    (  589): [DCT(0) ] onUpdateDataConnections: reason=radioTechnologyChanged
V/DATA    (  589): [DCT(0) ] ---dc list---
V/DATA    (  589): [DCT(0) ] cid = 0, state = DcActiveState, bearerType = IP, ipaddress = 10.8.248.107, gw=10.8.248.105, dns=[172.26.38.1, 172.26.38.2]
V/DATA    (  589): [DCT(0) ] ---ds list---
V/DATA    (  589): [DCT(0) ] ds= SERVICE_TYPE_DEFAULT, enabled = true, active = v4:CONNECTED(0) v6:IDLE
I/TelephonyRegistry(  445): notifyDataConnection: anyState=2,hipri/INET,apnTypeState=2,iface=rmnet_sdio0,ip=10.8.248.107,gw=10.8.248.105,isDataConnectivityPossible=true,networkType=10,reason=radioTechnologyChanged
V/DATA    (  589): [DCT(0) ] ds= SERVICE_TYPE_MMS, enabled = false, active = v4:CONNECTED(0) v6:IDLE
V/DATA    (  589): [DCT(0) ] ds= SERVICE_TYPE_SUPL, enabled = false, active = v4:CONNECTED(0) v6:IDLE
V/DATA    (  589): [DCT(0) ] ds= SERVICE_TYPE_DUN, enabled = false, active = v4:IDLE v6:IDLE
V/DATA    (  589): [DCT(0) ] ds= SERVICE_TYPE_HIPRI, enabled = false, active = v4:CONNECTED(0) v6:IDLE
D/DATA    (  589): mMasterDataEnabled=true,isUsePacketData=true
I/DATA    (  589): [DCT(0) ] Ready for data : 
I/DATA    (  589): [DCT(0) ]    getDesiredPowerState() = true
I/DATA    (  589): [DCT(0) ]    mCm.getRadioState() = RADIO_ON
I/DATA    (  589): [DCT(0) ]    [DataRadioTech = RADIO_TECH_HSPA, data network state = 0, mMasterDataEnabled = true, is Roaming = false, dataOnRoamingEnable = false, isPsRestricted = false, desiredPowerState  = true, mSIMRecords = true/310410, cdmaSubSource = 1/, mRuimRecords = , checks = true/true]
V/DATA    (  589): [DCT(0) ] trySetupDataCall : ds=SERVICE_TYPE_DEFAULT, ipv=INET6, reason=radioTechnologyChanged
W/DATA    (  589): [DCT(0) ] no working data profile available to establish service type SERVICE_TYPE_DEFAULTon INET6
D/DATA    (  589):  notifyDataConnection Pass INET6 >>> Fix me later please!!
D/MobileDataStateTracker(  445): default Received state= CONNECTED, old= CONNECTED, reason= radioTechnologyChanged, apnTypeList= default
V/DATA    (  589): [DCT(0) ] intent received :android.intent.action.ANY_DATA_STATE
D/DATA    (  589): NETWORK_STATE_CHANGED_ACTION : data_call = 49
D/PhoneApp(  589): CONNECTED - hideDataDisconnectedRoaming()
V/AlarmManager(  445): Adding alarm Alarm{40ab1b68 type 2 com.google.android.location} at 1
D/MobileDataStateTracker(  445): replacing old mInterfaceName (rmnet_sdio0) with rmnet_sdio0 for mms
V/DATA    (  589): [DCT(0) ] intent received :android.intent.action.ANY_DATA_STATE
D/DATA    (  589): NETWORK_STATE_CHANGED_ACTION : data_call = 49
D/PhoneApp(  589): CONNECTED - hideDataDisconnectedRoaming()
D/MobileDataStateTracker(  445): replacing old mInterfaceName (rmnet_sdio0) with rmnet_sdio0 for supl
V/DATA    (  589): [DCT(0) ] intent received :android.intent.action.ANY_DATA_STATE
D/DATA    (  589): NETWORK_STATE_CHANGED_ACTION : data_call = 49
D/PhoneApp(  589): CONNECTED - hideDataDisconnectedRoaming()
V/DATA    (  589): [DCT(0) ] intent received :android.intent.action.ANY_DATA_STATE
D/DATA    (  589): NETWORK_STATE_CHANGED_ACTION : data_call = 49
V/DATA    (  589): [DCT(0) ] intent received :android.intent.action.ANY_DATA_STATE
D/DATA    (  589): NETWORK_STATE_CHANGED_ACTION : data_call = 49
D/PhoneApp(  589): CONNECTED - hideDataDisconnectedRoaming()
D/dalvikvm(  589): GC_CONCURRENT freed 486K, 37% free 4424K/6983K, external 0K/1280K, paused 3ms+3ms
V/AlarmManager(  445): Adding alarm Alarm{40d7dec8 type 2 com.google.android.apps.maps} at 5
I/SML     (21817): V1.1112.5.1 [smlPhoneStatus.java Line:70] [onServiceStateChanged] onServiceStateChanged nNetwork =10
I/SML     (21817): V1.1112.5.1 [smlPhoneStatus.java Line:71] [onServiceStateChanged] onServiceStateChanged bRoming =false
D/dalvikvm(21817): GC_CONCURRENT freed 525K, 45% free 3220K/5831K, external 0K/0K, paused 1ms+2ms
D/BatteryService(  445): update start
D/BatteryService(  445): updateBattery level:7 scale:100 status:2 health:2 present:true voltage: 3625 temperature: 370 technology: Li-ion AC powered:false USB powered:true icon:17302237
D/UiModeManager(  445): updateConfigurationLocked: mDockState=0; mCarMode=false; mNightMode=0; uiMode=17
D/DATA    (  589): [DSST(0)] pollstate() : reason = data network state changed
V/DATA    (  589): [DCT(0) ] onDataCallListChanged:
V/DATA    (  589): [DCT(0) ] ---dc state list---
V/DATA    (  589): [DCT(0) ] DataCallState: { cid: 0, active: 1, type: , apn: pta, address: 10.8.248.107 }
V/DATA    (  589): [DCT(0) ] ---dc list---
V/DATA    (  589): [DCT(0) ] cid = 0, state = DcActiveState, bearerType = IP, ipaddress = 10.8.248.107, gw=10.8.248.105, dns=[172.26.38.1, 172.26.38.2]
D/DATA    (  589): [DSST(0)] Poll ServiceState done: oldSS=[0 home null null null  HSPA CSS not supported -1 -1RoamInd: -1DefRoamInd: -1EmergOnly: false] newSS=[0 home null null null  HSPA CSS not supported -1 -1RoamInd: -1DefRoamInd: -1EmergOnly: false]
D/dalvikvm(23407): GC_CONCURRENT freed 1183K, 56% free 4291K/9543K, external 2738K/4187K, paused 5ms+3ms
I/VCoreDaemon(23407): 1333615548820: leader to cloud hearbeat...
D/DATA    (  589): [DSST(0)] pollstate() : reason = data network state changed
D/DATA    (  589): [DSST(0)] Poll ServiceState done: oldSS=[0 home null null null  HSPA CSS not supported -1 -1RoamInd: -1DefRoamInd: -1EmergOnly: false] newSS=[0 home null null null  UMTS CSS not supported -1 -1RoamInd: -1DefRoamInd: -1EmergOnly: false]
I/GlobalActions(  445): inAirplaneModefalse mAirplaneStateOff serviceState.getState()0
I/TelephonyRegistry(  445): notifyServiceState: 0 home AT&T AT&T 310410  UMTS CSS not supported -1 -1RoamInd: -1DefRoamInd: -1EmergOnly: false
W/EDM     (  445):  >>> CallingPolicyService.mPhoneListener.new PhoneStateListener() {...}.onServiceStateChanged()
W/EDM     (  445): >>> CallingPolicyService.loadSettings()
W/EDM     (  445): >>> CallingPolicyService.getAdminIdByLastChange()
W/EDM     (  445): >>> CallingPolicyService.getLastChangeId()
W/EDM     (  445): CallingPolicyService.getAdminIdByLastChange() adminId : -1
D/DATA    (  589): mMasterDataEnabled=true,isUsePacketData=true
D/DATA    (  589): mMasterDataEnabled=true,isUsePacketData=true
I/TelephonyRegistry(  445): notifyDataConnection: anyState=2,default/INET,apnTypeState=2,iface=rmnet_sdio0,ip=10.8.248.107,gw=10.8.248.105,isDataConnectivityPossible=true,networkType=3,reason=radioTechnologyChanged
D/DATA    (  589):  notifyDataConnection Pass INET6 >>> Fix me later please!!
D/DATA    (  589): mMasterDataEnabled=true,isUsePacketData=true
D/MobileDataStateTracker(  445): replacing old mInterfaceName (rmnet_sdio0) with rmnet_sdio0 for hipri
D/DATA    (  589):  notifyDataConnection Pass INET6 >>> Fix me later please!!
D/DATA    (  589): mMasterDataEnabled=true,isUsePacketData=true
D/FlightSettingButton(  559): EVENT_SERVICE_STATE_CHANGED received
E/FlightSettingButton(  559): updateStatus : 0
I/TelephonyRegistry(  445): notifyDataConnection: anyState=2,mms/INET,apnTypeState=2,iface=rmnet_sdio0,ip=10.8.248.107,gw=10.8.248.105,isDataConnectivityPossible=true,networkType=3,reason=radioTechnologyChanged
I/TelephonyRegistry(  445): notifyDataConnection: anyState=2,supl/INET,apnTypeState=2,iface=rmnet_sdio0,ip=10.8.248.107,gw=10.8.248.105,isDataConnectivityPossible=true,networkType=3,reason=radioTechnologyChanged
D/DATA    (  589):  notifyDataConnection Pass INET6 >>> Fix me later please!!
D/DATA    (  589): mMasterDataEnabled=true,isUsePacketData=true
D/DATA    (  589):  notifyDataConnection Pass INET6 >>> Fix me later please!!
D/DATA    (  589): mMasterDataEnabled=true,isUsePacketData=true
D/DATA    (  589):  notifyDataConnection Pass INET6 >>> Fix me later please!!
I/TelephonyRegistry(  445): notifyDataConnection: anyState=2,dun/INET,apnTypeState=0,iface=null,ip=null,gw=null,isDataConnectivityPossible=true,networkType=3,reason=radioTechnologyChanged
I/TelephonyRegistry(  445): notifyDataConnection: anyState=2,hipri/INET,apnTypeState=2,iface=rmnet_sdio0,ip=10.8.248.107,gw=10.8.248.105,isDataConnectivityPossible=true,networkType=3,reason=radioTechnologyChanged
V/DATA    (  589): [DCT(0) ] onUpdateDataConnections: reason=radioTechnologyChanged
V/DATA    (  589): [DCT(0) ] ---dc list---
V/DATA    (  589): [DCT(0) ] cid = 0, state = DcActiveState, bearerType = IP, ipaddress = 10.8.248.107, gw=10.8.248.105, dns=[172.26.38.1, 172.26.38.2]
V/DATA    (  589): [DCT(0) ] ---ds list---
V/DATA    (  589): [DCT(0) ] ds= SERVICE_TYPE_DEFAULT, enabled = true, active = v4:CONNECTED(0) v6:IDLE
V/DATA    (  589): [DCT(0) ] ds= SERVICE_TYPE_MMS, enabled = false, active = v4:CONNECTED(0) v6:IDLE
V/DATA    (  589): [DCT(0) ] ds= SERVICE_TYPE_SUPL, enabled = false, active = v4:CONNECTED(0) v6:IDLE
V/DATA    (  589): [DCT(0) ] ds= SERVICE_TYPE_DUN, enabled = false, active = v4:IDLE v6:IDLE
V/DATA    (  589): [DCT(0) ] ds= SERVICE_TYPE_HIPRI, enabled = false, active = v4:CONNECTED(0) v6:IDLE
D/DATA    (  589): mMasterDataEnabled=true,isUsePacketData=true
I/DATA    (  589): [DCT(0) ] Ready for data : 
I/DATA    (  589): [DCT(0) ]    getDesiredPowerState() = true
I/DATA    (  589): [DCT(0) ]    mCm.getRadioState() = RADIO_ON
I/DATA    (  589): [DCT(0) ]    [DataRadioTech = RADIO_TECH_UMTS, data network state = 0, mMasterDataEnabled = true, is Roaming = false, dataOnRoamingEnable = false, isPsRestricted = false, desiredPowerState  = true, mSIMRecords = true/310410, cdmaSubSource = 1/, mRuimRecords = , checks = true/true]
V/DATA    (  589): [DCT(0) ] trySetupDataCall : ds=SERVICE_TYPE_DEFAULT, ipv=INET6, reason=radioTechnologyChanged
W/DATA    (  589): [DCT(0) ] no working data profile available to establish service type SERVICE_TYPE_DEFAULTon INET6
D/DATA    (  589):  notifyDataConnection Pass INET6 >>> Fix me later please!!
D/MobileDataStateTracker(  445): default Received state= CONNECTED, old= CONNECTED, reason= radioTechnologyChanged, apnTypeList= default
V/AlarmManager(  445): Adding alarm Alarm{40a61a80 type 2 com.google.android.location} at 1
V/DATA    (  589): [DCT(0) ] intent received :android.intent.action.ANY_DATA_STATE
D/DATA    (  589): NETWORK_STATE_CHANGED_ACTION : data_call = 49
D/PhoneApp(  589): CONNECTED - hideDataDisconnectedRoaming()
D/MobileDataStateTracker(  445): replacing old mInterfaceName (rmnet_sdio0) with rmnet_sdio0 for mms
V/DATA    (  589): [DCT(0) ] intent received :android.intent.action.ANY_DATA_STATE
D/DATA    (  589): NETWORK_STATE_CHANGED_ACTION : data_call = 49
D/PhoneApp(  589): CONNECTED - hideDataDisconnectedRoaming()
D/MobileDataStateTracker(  445): replacing old mInterfaceName (rmnet_sdio0) with rmnet_sdio0 for supl
V/DATA    (  589): [DCT(0) ] intent received :android.intent.action.ANY_DATA_STATE
D/DATA    (  589): NETWORK_STATE_CHANGED_ACTION : data_call = 49
D/PhoneApp(  589): CONNECTED - hideDataDisconnectedRoaming()
V/DATA    (  589): [DCT(0) ] intent received :android.intent.action.ANY_DATA_STATE
D/DATA    (  589): NETWORK_STATE_CHANGED_ACTION : data_call = 49
V/DATA    (  589): [DCT(0) ] intent received :android.intent.action.ANY_DATA_STATE
D/DATA    (  589): NETWORK_STATE_CHANGED_ACTION : data_call = 49
D/PhoneApp(  589): CONNECTED - hideDataDisconnectedRoaming()
I/SML     (21817): V1.1112.5.1 [smlPhoneStatus.java Line:70] [onServiceStateChanged] onServiceStateChanged nNetwork =3
I/SML     (21817): V1.1112.5.1 [smlPhoneStatus.java Line:71] [onServiceStateChanged] onServiceStateChanged bRoming =false
V/AlarmManager(  445): Adding alarm Alarm{40af3020 type 2 com.google.android.apps.maps} at 5
D/DATA    (  589): [DSST(0)] pollstate() : reason = data network state changed
D/DATA    (  589): [DSST(0)] Poll ServiceState done: oldSS=[0 home null null null  UMTS CSS not supported -1 -1RoamInd: -1DefRoamInd: -1EmergOnly: false] newSS=[0 home null null null  UMTS CSS not supported -1 -1RoamInd: -1DefRoamInd: -1EmergOnly: false]
D/DATA    (  589): [DSST(0)] pollstate() : reason = data network state changed
V/DATA    (  589): [DCT(0) ] onDataCallListChanged:
V/DATA    (  589): [DCT(0) ] ---dc state list---
V/DATA    (  589): [DCT(0) ] DataCallState: { cid: 0, active: 2, type: , apn: pta, address: 10.8.248.107 }
V/DATA    (  589): [DCT(0) ] ---dc list---
V/DATA    (  589): [DCT(0) ] cid = 0, state = DcActiveState, bearerType = IP, ipaddress = 10.8.248.107, gw=10.8.248.105, dns=[172.26.38.1, 172.26.38.2]
D/DATA    (  589): [DSST(0)] Poll ServiceState done: oldSS=[0 home null null null  UMTS CSS not supported -1 -1RoamInd: -1DefRoamInd: -1EmergOnly: false] newSS=[0 home null null null  UMTS CSS not supported -1 -1RoamInd: -1DefRoamInd: -1EmergOnly: false]
I/VNC:Cloud(23407): Request executed: http://hermes5.csail.mit.edu:8212/take/1/0/5012/1333615548821/
I/VCoreDaemon(23407): 1333615550870: inside sendPacket(Packet p)
I/NetworkThread(23407): 1333615550897: Sending UDP payload: 406
D/DATA    (  589): [DSST(0)] pollstate() : reason = data network state changed
D/DATA    (  589): [DSST(0)] Poll ServiceState done: oldSS=[0 home null null null  UMTS CSS not supported -1 -1RoamInd: -1DefRoamInd: -1EmergOnly: false] newSS=[0 home null null null  UMTS CSS not supported -1 -1RoamInd: -1DefRoamInd: -1EmergOnly: false]
D/DATA    (  589): [DSST(0)] pollstate() : reason = data network state changed
D/DATA    (  589): [DSST(0)] Poll ServiceState done: oldSS=[0 home null null null  UMTS CSS not supported -1 -1RoamInd: -1DefRoamInd: -1EmergOnly: false] newSS=[0 home null null null  HSPA CSS not supported -1 -1RoamInd: -1DefRoamInd: -1EmergOnly: false]
I/GlobalActions(  445): inAirplaneModefalse mAirplaneStateOff serviceState.getState()0
I/TelephonyRegistry(  445): notifyServiceState: 0 home AT&T AT&T 310410  HSPA CSS not supported -1 -1RoamInd: -1DefRoamInd: -1EmergOnly: false
W/EDM     (  445):  >>> CallingPolicyService.mPhoneListener.new PhoneStateListener() {...}.onServiceStateChanged()
W/EDM     (  445): >>> CallingPolicyService.loadSettings()
W/EDM     (  445): >>> CallingPolicyService.getAdminIdByLastChange()
W/EDM     (  445): >>> CallingPolicyService.getLastChangeId()
W/EDM     (  445): CallingPolicyService.getAdminIdByLastChange() adminId : -1
D/FlightSettingButton(  559): EVENT_SERVICE_STATE_CHANGED received
E/FlightSettingButton(  559): updateStatus : 0
D/DATA    (  589): mMasterDataEnabled=true,isUsePacketData=true
D/DATA    (  589): mMasterDataEnabled=true,isUsePacketData=true
I/TelephonyRegistry(  445): notifyDataConnection: anyState=2,default/INET,apnTypeState=2,iface=rmnet_sdio0,ip=10.8.248.107,gw=10.8.248.105,isDataConnectivityPossible=true,networkType=10,reason=radioTechnologyChanged
D/MobileDataStateTracker(  445): replacing old mInterfaceName (rmnet_sdio0) with rmnet_sdio0 for hipri
D/DATA    (  589):  notifyDataConnection Pass INET6 >>> Fix me later please!!
D/DATA    (  589): mMasterDataEnabled=true,isUsePacketData=true
D/DATA    (  589):  notifyDataConnection Pass INET6 >>> Fix me later please!!
D/DATA    (  589): mMasterDataEnabled=true,isUsePacketData=true
D/DATA    (  589):  notifyDataConnection Pass INET6 >>> Fix me later please!!
D/DATA    (  589): mMasterDataEnabled=true,isUsePacketData=true
I/TelephonyRegistry(  445): notifyDataConnection: anyState=2,mms/INET,apnTypeState=2,iface=rmnet_sdio0,ip=10.8.248.107,gw=10.8.248.105,isDataConnectivityPossible=true,networkType=10,reason=radioTechnologyChanged
I/TelephonyRegistry(  445): notifyDataConnection: anyState=2,supl/INET,apnTypeState=2,iface=rmnet_sdio0,ip=10.8.248.107,gw=10.8.248.105,isDataConnectivityPossible=true,networkType=10,reason=radioTechnologyChanged
D/DATA    (  589):  notifyDataConnection Pass INET6 >>> Fix me later please!!
D/DATA    (  589): mMasterDataEnabled=true,isUsePacketData=true
D/DATA    (  589):  notifyDataConnection Pass INET6 >>> Fix me later please!!
I/TelephonyRegistry(  445): notifyDataConnection: anyState=2,dun/INET,apnTypeState=0,iface=null,ip=null,gw=null,isDataConnectivityPossible=true,networkType=10,reason=radioTechnologyChanged
I/TelephonyRegistry(  445): notifyDataConnection: anyState=2,hipri/INET,apnTypeState=2,iface=rmnet_sdio0,ip=10.8.248.107,gw=10.8.248.105,isDataConnectivityPossible=true,networkType=10,reason=radioTechnologyChanged
V/DATA    (  589): [DCT(0) ] onUpdateDataConnections: reason=radioTechnologyChanged
V/DATA    (  589): [DCT(0) ] ---dc list---
V/DATA    (  589): [DCT(0) ] cid = 0, state = DcActiveState, bearerType = IP, ipaddress = 10.8.248.107, gw=10.8.248.105, dns=[172.26.38.1, 172.26.38.2]
V/DATA    (  589): [DCT(0) ] ---ds list---
V/DATA    (  589): [DCT(0) ] ds= SERVICE_TYPE_DEFAULT, enabled = true, active = v4:CONNECTED(0) v6:IDLE
V/DATA    (  589): [DCT(0) ] ds= SERVICE_TYPE_MMS, enabled = false, active = v4:CONNECTED(0) v6:IDLE
V/DATA    (  589): [DCT(0) ] ds= SERVICE_TYPE_SUPL, enabled = false, active = v4:CONNECTED(0) v6:IDLE
V/DATA    (  589): [DCT(0) ] ds= SERVICE_TYPE_DUN, enabled = false, active = v4:IDLE v6:IDLE
V/DATA    (  589): [DCT(0) ] ds= SERVICE_TYPE_HIPRI, enabled = false, active = v4:CONNECTED(0) v6:IDLE
D/DATA    (  589): mMasterDataEnabled=true,isUsePacketData=true
I/DATA    (  589): [DCT(0) ] Ready for data : 
I/DATA    (  589): [DCT(0) ]    getDesiredPowerState() = true
I/DATA    (  589): [DCT(0) ]    mCm.getRadioState() = RADIO_ON
I/DATA    (  589): [DCT(0) ]    [DataRadioTech = RADIO_TECH_HSPA, data network state = 0, mMasterDataEnabled = true, is Roaming = false, dataOnRoamingEnable = false, isPsRestricted = false, desiredPowerState  = true, mSIMRecords = true/310410, cdmaSubSource = 1/, mRuimRecords = , checks = true/true]
V/DATA    (  589): [DCT(0) ] trySetupDataCall : ds=SERVICE_TYPE_DEFAULT, ipv=INET6, reason=radioTechnologyChanged
W/DATA    (  589): [DCT(0) ] no working data profile available to establish service type SERVICE_TYPE_DEFAULTon INET6
D/DATA    (  589):  notifyDataConnection Pass INET6 >>> Fix me later please!!
D/MobileDataStateTracker(  445): default Received state= CONNECTED, old= CONNECTED, reason= radioTechnologyChanged, apnTypeList= default
V/DATA    (  589): [DCT(0) ] onDataCallListChanged:
V/DATA    (  589): [DCT(0) ] ---dc state list---
V/DATA    (  589): [DCT(0) ] DataCallState: { cid: 0, active: 2, type: , apn: pta, address: 10.8.248.107 }
V/DATA    (  589): [DCT(0) ] ---dc list---
V/DATA    (  589): [DCT(0) ] cid = 0, state = DcActiveState, bearerType = IP, ipaddress = 10.8.248.107, gw=10.8.248.105, dns=[172.26.38.1, 172.26.38.2]
V/DATA    (  589): [DCT(0) ] intent received :android.intent.action.ANY_DATA_STATE
D/DATA    (  589): NETWORK_STATE_CHANGED_ACTION : data_call = 49
D/PhoneApp(  589): CONNECTED - hideDataDisconnectedRoaming()
V/AlarmManager(  445): Adding alarm Alarm{40d39558 type 2 com.google.android.location} at 1
D/MobileDataStateTracker(  445): replacing old mInterfaceName (rmnet_sdio0) with rmnet_sdio0 for mms
V/DATA    (  589): [DCT(0) ] intent received :android.intent.action.ANY_DATA_STATE
D/DATA    (  589): NETWORK_STATE_CHANGED_ACTION : data_call = 49
D/PhoneApp(  589): CONNECTED - hideDataDisconnectedRoaming()
D/MobileDataStateTracker(  445): replacing old mInterfaceName (rmnet_sdio0) with rmnet_sdio0 for supl
V/DATA    (  589): [DCT(0) ] intent received :android.intent.action.ANY_DATA_STATE
D/DATA    (  589): NETWORK_STATE_CHANGED_ACTION : data_call = 49
D/PhoneApp(  589): CONNECTED - hideDataDisconnectedRoaming()
V/DATA    (  589): [DCT(0) ] intent received :android.intent.action.ANY_DATA_STATE
D/DATA    (  589): NETWORK_STATE_CHANGED_ACTION : data_call = 49
V/DATA    (  589): [DCT(0) ] intent received :android.intent.action.ANY_DATA_STATE
D/DATA    (  589): NETWORK_STATE_CHANGED_ACTION : data_call = 49
D/PhoneApp(  589): CONNECTED - hideDataDisconnectedRoaming()
I/SML     (21817): V1.1112.5.1 [smlPhoneStatus.java Line:70] [onServiceStateChanged] onServiceStateChanged nNetwork =10
I/SML     (21817): V1.1112.5.1 [smlPhoneStatus.java Line:71] [onServiceStateChanged] onServiceStateChanged bRoming =false
V/AlarmManager(  445): Adding alarm Alarm{40ba2d08 type 2 com.google.android.apps.maps} at 5
E/AlarmManagerService(  445): android_server_AlarmManagerService_set to type=1, 1333684800.000000000
V/AlarmManager(  445): sending alarm Alarm{40a77928 type 1 android}
E/AlarmManagerService(  445): android_server_AlarmManagerService_set to type=1, 1333615620.000000000
V/AlarmManager(  445): Adding alarm Alarm{40aac2e8 type 1 android} at 0
D/DATA    (  589): [DSST(0)] pollstate() : reason = data network state changed
V/DATA    (  589): [DCT(0) ] onDataCallListChanged:
V/DATA    (  589): [DCT(0) ] ---dc state list---
V/DATA    (  589): [DCT(0) ] DataCallState: { cid: 0, active: 1, type: , apn: pta, address: 10.8.248.107 }
V/DATA    (  589): [DCT(0) ] ---dc list---
V/DATA    (  589): [DCT(0) ] cid = 0, state = DcActiveState, bearerType = IP, ipaddress = 10.8.248.107, gw=10.8.248.105, dns=[172.26.38.1, 172.26.38.2]
D/DATA    (  589): [DSST(0)] Poll ServiceState done: oldSS=[0 home null null null  HSPA CSS not supported -1 -1RoamInd: -1DefRoamInd: -1EmergOnly: false] newSS=[0 home null null null  HSPA CSS not supported -1 -1RoamInd: -1DefRoamInd: -1EmergOnly: false]
D/dalvikvm(  589): GC_CONCURRENT freed 408K, 37% free 4430K/6983K, external 0K/1280K, paused 5ms+3ms
D/BatteryService(  445): update start
D/BatteryService(  445): updateBattery level:6 scale:100 status:2 health:2 present:true voltage: 3648 temperature: 371 technology: Li-ion AC powered:false USB powered:true icon:17302237
D/UiModeManager(  445): updateConfigurationLocked: mDockState=0; mCarMode=false; mNightMode=0; uiMode=17
I/VCoreDaemon(23407): 1333615580870: leader to cloud hearbeat...
D/DATA    (  589): [DSST(0)] pollstate() : reason = data network state changed
D/DATA    (  589): [DSST(0)] Poll ServiceState done: oldSS=[0 home null null null  HSPA CSS not supported -1 -1RoamInd: -1DefRoamInd: -1EmergOnly: false] newSS=[0 home null null null  UMTS CSS not supported -1 -1RoamInd: -1DefRoamInd: -1EmergOnly: false]
I/GlobalActions(  445): inAirplaneModefalse mAirplaneStateOff serviceState.getState()0
I/TelephonyRegistry(  445): notifyServiceState: 0 home AT&T AT&T 310410  UMTS CSS not supported -1 -1RoamInd: -1DefRoamInd: -1EmergOnly: false
W/EDM     (  445):  >>> CallingPolicyService.mPhoneListener.new PhoneStateListener() {...}.onServiceStateChanged()
W/EDM     (  445): >>> CallingPolicyService.loadSettings()
W/EDM     (  445): >>> CallingPolicyService.getAdminIdByLastChange()
W/EDM     (  445): >>> CallingPolicyService.getLastChangeId()
W/EDM     (  445): CallingPolicyService.getAdminIdByLastChange() adminId : -1
D/DATA    (  589): mMasterDataEnabled=true,isUsePacketData=true
D/DATA    (  589): mMasterDataEnabled=true,isUsePacketData=true
I/TelephonyRegistry(  445): notifyDataConnection: anyState=2,default/INET,apnTypeState=2,iface=rmnet_sdio0,ip=10.8.248.107,gw=10.8.248.105,isDataConnectivityPossible=true,networkType=3,reason=radioTechnologyChanged
D/FlightSettingButton(  559): EVENT_SERVICE_STATE_CHANGED received
E/FlightSettingButton(  559): updateStatus : 0
D/MobileDataStateTracker(  445): replacing old mInterfaceName (rmnet_sdio0) with rmnet_sdio0 for hipri
D/DATA    (  589):  notifyDataConnection Pass INET6 >>> Fix me later please!!
D/DATA    (  589): mMasterDataEnabled=true,isUsePacketData=true
D/DATA    (  589):  notifyDataConnection Pass INET6 >>> Fix me later please!!
I/TelephonyRegistry(  445): notifyDataConnection: anyState=2,mms/INET,apnTypeState=2,iface=rmnet_sdio0,ip=10.8.248.107,gw=10.8.248.105,isDataConnectivityPossible=true,networkType=3,reason=radioTechnologyChanged
D/DATA    (  589): mMasterDataEnabled=true,isUsePacketData=true
D/DATA    (  589):  notifyDataConnection Pass INET6 >>> Fix me later please!!
D/DATA    (  589): mMasterDataEnabled=true,isUsePacketData=true
D/DATA    (  589):  notifyDataConnection Pass INET6 >>> Fix me later please!!
I/TelephonyRegistry(  445): notifyDataConnection: anyState=2,supl/INET,apnTypeState=2,iface=rmnet_sdio0,ip=10.8.248.107,gw=10.8.248.105,isDataConnectivityPossible=true,networkType=3,reason=radioTechnologyChanged
I/TelephonyRegistry(  445): notifyDataConnection: anyState=2,dun/INET,apnTypeState=0,iface=null,ip=null,gw=null,isDataConnectivityPossible=true,networkType=3,reason=radioTechnologyChanged
D/DATA    (  589): mMasterDataEnabled=true,isUsePacketData=true
D/DATA    (  589):  notifyDataConnection Pass INET6 >>> Fix me later please!!
I/TelephonyRegistry(  445): notifyDataConnection: anyState=2,hipri/INET,apnTypeState=2,iface=rmnet_sdio0,ip=10.8.248.107,gw=10.8.248.105,isDataConnectivityPossible=true,networkType=3,reason=radioTechnologyChanged
D/MobileDataStateTracker(  445): default Received state= CONNECTED, old= CONNECTED, reason= radioTechnologyChanged, apnTypeList= default
V/DATA    (  589): [DCT(0) ] onUpdateDataConnections: reason=radioTechnologyChanged
V/DATA    (  589): [DCT(0) ] ---dc list---
V/DATA    (  589): [DCT(0) ] cid = 0, state = DcActiveState, bearerType = IP, ipaddress = 10.8.248.107, gw=10.8.248.105, dns=[172.26.38.1, 172.26.38.2]
V/DATA    (  589): [DCT(0) ] ---ds list---
V/DATA    (  589): [DCT(0) ] ds= SERVICE_TYPE_DEFAULT, enabled = true, active = v4:CONNECTED(0) v6:IDLE
V/DATA    (  589): [DCT(0) ] ds= SERVICE_TYPE_MMS, enabled = false, active = v4:CONNECTED(0) v6:IDLE
V/DATA    (  589): [DCT(0) ] ds= SERVICE_TYPE_SUPL, enabled = false, active = v4:CONNECTED(0) v6:IDLE
V/DATA    (  589): [DCT(0) ] ds= SERVICE_TYPE_DUN, enabled = false, active = v4:IDLE v6:IDLE
V/DATA    (  589): [DCT(0) ] ds= SERVICE_TYPE_HIPRI, enabled = false, active = v4:CONNECTED(0) v6:IDLE
D/DATA    (  589): mMasterDataEnabled=true,isUsePacketData=true
I/DATA    (  589): [DCT(0) ] Ready for data : 
I/DATA    (  589): [DCT(0) ]    getDesiredPowerState() = true
I/DATA    (  589): [DCT(0) ]    mCm.getRadioState() = RADIO_ON
I/DATA    (  589): [DCT(0) ]    [DataRadioTech = RADIO_TECH_UMTS, data network state = 0, mMasterDataEnabled = true, is Roaming = false, dataOnRoamingEnable = false, isPsRestricted = false, desiredPowerState  = true, mSIMRecords = true/310410, cdmaSubSource = 1/, mRuimRecords = , checks = true/true]
V/DATA    (  589): [DCT(0) ] trySetupDataCall : ds=SERVICE_TYPE_DEFAULT, ipv=INET6, reason=radioTechnologyChanged
W/DATA    (  589): [DCT(0) ] no working data profile available to establish service type SERVICE_TYPE_DEFAULTon INET6
D/DATA    (  589):  notifyDataConnection Pass INET6 >>> Fix me later please!!
V/DATA    (  589): [DCT(0) ] intent received :android.intent.action.ANY_DATA_STATE
D/DATA    (  589): NETWORK_STATE_CHANGED_ACTION : data_call = 49
D/PhoneApp(  589): CONNECTED - hideDataDisconnectedRoaming()
V/AlarmManager(  445): Adding alarm Alarm{40a8c268 type 2 com.google.android.location} at 1
D/MobileDataStateTracker(  445): replacing old mInterfaceName (rmnet_sdio0) with rmnet_sdio0 for mms
V/DATA    (  589): [DCT(0) ] intent received :android.intent.action.ANY_DATA_STATE
D/DATA    (  589): NETWORK_STATE_CHANGED_ACTION : data_call = 49
I/SML     (21817): V1.1112.5.1 [smlPhoneStatus.java Line:70] [onServiceStateChanged] onServiceStateChanged nNetwork =3
D/PhoneApp(  589): CONNECTED - hideDataDisconnectedRoaming()
D/MobileDataStateTracker(  445): replacing old mInterfaceName (rmnet_sdio0) with rmnet_sdio0 for supl
I/SML     (21817): V1.1112.5.1 [smlPhoneStatus.java Line:71] [onServiceStateChanged] onServiceStateChanged bRoming =false
V/DATA    (  589): [DCT(0) ] intent received :android.intent.action.ANY_DATA_STATE
D/DATA    (  589): NETWORK_STATE_CHANGED_ACTION : data_call = 49
D/PhoneApp(  589): CONNECTED - hideDataDisconnectedRoaming()
V/DATA    (  589): [DCT(0) ] intent received :android.intent.action.ANY_DATA_STATE
D/DATA    (  589): NETWORK_STATE_CHANGED_ACTION : data_call = 49
V/DATA    (  589): [DCT(0) ] intent received :android.intent.action.ANY_DATA_STATE
D/DATA    (  589): NETWORK_STATE_CHANGED_ACTION : data_call = 49
D/PhoneApp(  589): CONNECTED - hideDataDisconnectedRoaming()
D/dalvikvm(  445): GC_CONCURRENT freed 2015K, 40% free 8405K/13895K, external 7207K/9000K, paused 3ms+6ms
V/AlarmManager(  445): Adding alarm Alarm{40d998d0 type 2 com.google.android.apps.maps} at 5
D/DATA    (  589): [DSST(0)] pollstate() : reason = data network state changed
D/DATA    (  589): [DSST(0)] Poll ServiceState done: oldSS=[0 home null null null  UMTS CSS not supported -1 -1RoamInd: -1DefRoamInd: -1EmergOnly: false] newSS=[0 home null null null  UMTS CSS not supported -1 -1RoamInd: -1DefRoamInd: -1EmergOnly: false]
D/DATA    (  589): [DSST(0)] pollstate() : reason = data network state changed
V/DATA    (  589): [DCT(0) ] onDataCallListChanged:
