D/BatteryService(  445): updateBattery level:7 scale:100 status:2 health:2 present:true voltage: 3710 temperature: 356 technology: Li-ion AC powered:false USB powered:true icon:17302237
D/UiModeManager(  445): updateConfigurationLocked: mDockState=0; mCarMode=false; mNightMode=0; uiMode=17
V/AlarmManager(  445): sending alarm Alarm{40c88ea8 type 1 android}
I/ActivityManager(  445): No longer want com.sec.phone (pid 14859): hidden #21
I/ActivityManager(  445): No longer want com.sec.android.app.factorytest (pid 14852): hidden #22
V/AlarmManager(  445): Adding alarm Alarm{40a76360 type 1 android} at 0
W/ActivityManager(  445): Scheduling restart of crashed service com.sec.phone/.SecPhoneService in 5000ms
W/ActivityManager(  445): Scheduling restart of crashed service com.sec.android.app.factorytest/com.sec.android.app.rilsupport.RilSupportService in 14998ms
I/ActivityManager(  445): Start proc com.sec.phone for service com.sec.phone/.SecPhoneService: pid=23035 uid=10035 gids={3003}
D/BatteryService(  445): update start
D/BatteryService(  445): updateBattery level:7 scale:100 status:2 health:2 present:true voltage: 3697 temperature: 355 technology: Li-ion AC powered:false USB powered:true icon:17302237
D/UiModeManager(  445): updateConfigurationLocked: mDockState=0; mCarMode=false; mNightMode=0; uiMode=17
I/ActivityManager(  445): Start proc com.sec.android.app.factorytest for service com.sec.android.app.factorytest/com.sec.android.app.rilsupport.RilSupportService: pid=23046 uid=1000 gids={3003, 1015, 2001, 3002, 3001, 1001, 1006}
D/BatteryService(  445): update start
D/BatteryService(  445): updateBattery level:8 scale:100 status:2 health:2 present:true voltage: 3706 temperature: 353 technology: Li-ion AC powered:false USB powered:true icon:17302237
D/UiModeManager(  445): updateConfigurationLocked: mDockState=0; mCarMode=false; mNightMode=0; uiMode=17
V/AlarmManager(  445): sending alarm Alarm{40a76360 type 1 android}
V/AlarmManager(  445): Adding alarm Alarm{40b0da80 type 1 android} at 0
D/PowerManagerService(  445): reactivateScreenLocksLocked mProxIgnoredBecauseScreenTurnedOff=true
D/PowerManagerService(  445): Screen__On : acquireWakeLock flags=0x1000001a tag=keyguard uid=1000 pid=445   myUID=1000 myPID=445 myTID=496
I/PowerManagerService(  445): Ulight 0->7|0
D/PowerManagerService(  445): setLightBrightness : mButtonLight : 129
D/PowerManagerService(  445): enableLightSensor true
D/PowerManagerService(  445): sendNotificationLocked on=true
D/PowerManagerService(  445): mNotificationTask : on
D/LightsService(  445): BKL : 6
V/WindowManager(  445): Setting event dispatching to true
D/LightsService(  445): BKL : 12
D/LightsService(  445): BKL : 19
D/LocationManagerService(  445): gps location requested by UID(10124) edu.mit.csail.diplomamatrix, 
D/LightsService(  445): BKL : 25
D/LightsService(  445): BKL : 32
D/LightsService(  445): BKL : 38
D/LightsService(  445): BKL : 45
D/LightsService(  445): BKL : 51
D/LightsService(  445): BKL : 58
D/PowerManagerService(  445): onSensorChanged: light value: 1000
D/PowerManagerService(  445): lightSensorChangedLocked 1000
D/PowerManagerService(  445): lcdValue 129
D/PowerManagerService(  445): buttonValue 0
D/PowerManagerService(  445): keyboardValue 0
D/PowerManagerService(  445): lightSensorChangedLocked : mKeyboardLight : 0
D/LightsService(  445): BKL : 64
D/LightsService(  445): BKL : 70
D/LightsService(  445): BKL : 77
D/LightsService(  445): BKL : 83
D/LightsService(  445): BKL : 90
D/LightsService(  445): BKL : 96
D/LightsService(  445): BKL : 103
D/LightsService(  445): BKL : 109
D/LightsService(  445): BKL : 116
D/LightsService(  445): BKL : 122
D/LightsService(  445): BKL : 128
D/LightsService(  445): BKL : 129
I/PowerManagerService(  445): Light Animator Finished curIntValue=129
E/PowerManagerService(  445): CurLock p:2 mPS:7
W/PowerManagerService(  445): type=SCREEN_DIM_WAKE_LOCK           'StatusActivity' active (minState=1) activeT=838373
W/PowerManagerService(  445): type=PARTIAL_WAKE_LOCK              'BarnacleService' active (minState=0) activeT=478099
D/PowerManagerService(  445): releaseWakeLockLocked flags=0x0 tag=keyguard myUID=1000 myPID=445 myTID=496
I/PowerManagerService(  445): Ulight 7->1|0
D/PowerManagerService(  445): setLightBrightness : mButtonLight : 0
D/LightsService(  445): BKL : 124
D/LightsService(  445): BKL : 120
D/LightsService(  445): BKL : 115
D/LightsService(  445): BKL : 111
D/LightsService(  445): BKL : 107
D/LightsService(  445): BKL : 102
D/LightsService(  445): BKL : 98
D/LightsService(  445): BKL : 94
D/LightsService(  445): BKL : 89
D/LightsService(  445): BKL : 85
D/LightsService(  445): BKL : 81
D/LightsService(  445): BKL : 76
D/LightsService(  445): BKL : 72
D/LightsService(  445): BKL : 67
D/LightsService(  445): BKL : 63
D/LightsService(  445): BKL : 59
D/LightsService(  445): BKL : 54
D/LightsService(  445): BKL : 50
D/LightsService(  445): BKL : 46
D/LightsService(  445): BKL : 41
D/LightsService(  445): BKL : 37
D/LightsService(  445): BKL : 33
D/LightsService(  445): BKL : 28
D/LightsService(  445): BKL : 24
D/LightsService(  445): BKL : 20
I/PowerManagerService(  445): Light Animator Finished curIntValue=20
D/BatteryService(  445): update start
D/BatteryService(  445): updateBattery level:8 scale:100 status:2 health:2 present:true voltage: 3698 temperature: 352 technology: Li-ion AC powered:false USB powered:true icon:17302237
D/UiModeManager(  445): updateConfigurationLocked: mDockState=0; mCarMode=false; mNightMode=0; uiMode=17
D/PowerManagerService(  445): reactivateScreenLocksLocked mProxIgnoredBecauseScreenTurnedOff=false
D/PowerManagerService(  445): acquireWakeLock flags=0x1000001a tag=keyguard uid=1000 pid=445   myUID=1000 myPID=445 myTID=496
I/PowerManagerService(  445): Ulight 1->7|0
D/PowerManagerService(  445): setLightBrightness : mButtonLight : 129
D/LightsService(  445): BKL : 25
D/LightsService(  445): BKL : 30
D/LightsService(  445): BKL : 36
D/LightsService(  445): BKL : 41
D/PowerManagerService(  445): acquireWakeLock flags=0x1000001a tag=keyguard uid=1000 pid=445   myUID=1000 myPID=445 myTID=496
D/PowerManagerService(  445): acquireWakeLock flags=0x1000001a tag=keyguard uid=1000 pid=445   myUID=1000 myPID=445 myTID=496
D/LightsService(  445): BKL : 47
D/LightsService(  445): BKL : 52
D/LightsService(  445): BKL : 58
D/LightsService(  445): BKL : 63
D/LightsService(  445): BKL : 69
D/LightsService(  445): BKL : 74
D/PowerManagerService(  445): acquireWakeLock flags=0x1000001a tag=keyguard uid=1000 pid=445   myUID=1000 myPID=445 myTID=496
D/PowerManagerService(  445): acquireWakeLock flags=0x1000001a tag=keyguard uid=1000 pid=445   myUID=1000 myPID=445 myTID=496
D/PowerManagerService(  445): acquireWakeLock flags=0x1000001a tag=keyguard uid=1000 pid=445   myUID=1000 myPID=445 myTID=496
D/LightsService(  445): BKL : 79
D/LightsService(  445): BKL : 85
D/PowerManagerService(  445): acquireWakeLock flags=0x1000001a tag=keyguard uid=1000 pid=445   myUID=1000 myPID=445 myTID=496
D/PowerManagerService(  445): acquireWakeLock flags=0x1000001a tag=keyguard uid=1000 pid=445   myUID=1000 myPID=445 myTID=496
D/LightsService(  445): BKL : 90
D/LightsService(  445): BKL : 96
D/LightsService(  445): BKL : 101
D/PowerManagerService(  445): acquireWakeLock flags=0x1000001a tag=keyguard uid=1000 pid=445   myUID=1000 myPID=445 myTID=496
D/PowerManagerService(  445): acquireWakeLock flags=0x1000001a tag=keyguard uid=1000 pid=445   myUID=1000 myPID=445 myTID=496
D/LightsService(  445): BKL : 107
D/LightsService(  445): BKL : 112
D/PowerManagerService(  445): acquireWakeLock flags=0x1000001a tag=keyguard uid=1000 pid=445   myUID=1000 myPID=445 myTID=496
D/PowerManagerService(  445): acquireWakeLock flags=0x1000001a tag=keyguard uid=1000 pid=445   myUID=1000 myPID=445 myTID=496
D/PowerManagerService(  445): acquireWakeLock flags=0x1000001a tag=keyguard uid=1000 pid=445   myUID=1000 myPID=445 myTID=496
D/LightsService(  445): BKL : 118
D/PowerManagerService(  445): acquireWakeLock flags=0x1000001a tag=keyguard uid=1000 pid=445   myUID=1000 myPID=445 myTID=496
D/LightsService(  445): BKL : 123
D/LightsService(  445): BKL : 128
D/PowerManagerService(  445): acquireWakeLock flags=0x1000001a tag=keyguard uid=1000 pid=445   myUID=1000 myPID=445 myTID=496
D/PowerManagerService(  445): acquireWakeLock flags=0x1000001a tag=keyguard uid=1000 pid=445   myUID=1000 myPID=445 myTID=496
D/PowerManagerService(  445): acquireWakeLock flags=0x1000001a tag=keyguard uid=1000 pid=445   myUID=1000 myPID=445 myTID=496
D/LightsService(  445): BKL : 129
I/PowerManagerService(  445): Light Animator Finished curIntValue=129
D/PowerManagerService(  445): acquireWakeLock flags=0x1000001a tag=keyguard uid=1000 pid=445   myUID=1000 myPID=445 myTID=496
D/PowerManagerService(  445): acquireWakeLock flags=0x1000001a tag=keyguard uid=1000 pid=445   myUID=1000 myPID=445 myTID=496
D/PowerManagerService(  445): acquireWakeLock flags=0x1000001a tag=keyguard uid=1000 pid=445   myUID=1000 myPID=445 myTID=496
D/PowerManagerService(  445): acquireWakeLock flags=0x1000001a tag=keyguard uid=1000 pid=445   myUID=1000 myPID=445 myTID=496
D/PowerManagerService(  445): acquireWakeLock flags=0x1000001a tag=keyguard uid=1000 pid=445   myUID=1000 myPID=445 myTID=496
D/PowerManagerService(  445): acquireWakeLock flags=0x1000001a tag=keyguard uid=1000 pid=445   myUID=1000 myPID=445 myTID=496
D/PowerManagerService(  445): acquireWakeLock flags=0x1000001a tag=keyguard uid=1000 pid=445   myUID=1000 myPID=445 myTID=496
D/PowerManagerService(  445): acquireWakeLock flags=0x1000001a tag=keyguard uid=1000 pid=445   myUID=1000 myPID=445 myTID=496
D/PowerManagerService(  445): acquireWakeLock flags=0x1000001a tag=keyguard uid=1000 pid=445   myUID=1000 myPID=445 myTID=496
D/PowerManagerService(  445): acquireWakeLock flags=0x1000001a tag=keyguard uid=1000 pid=445   myUID=1000 myPID=445 myTID=496
D/PowerManagerService(  445): acquireWakeLock flags=0x1000001a tag=keyguard uid=1000 pid=445   myUID=1000 myPID=445 myTID=496
D/PowerManagerService(  445): acquireWakeLock flags=0x1000001a tag=keyguard uid=1000 pid=445   myUID=1000 myPID=445 myTID=496
D/PowerManagerService(  445): enableUserActivity true
D/PowerManagerService(  445): releaseWakeLockLocked flags=0x0 tag=keyguard myUID=1000 myPID=445 myTID=496
I/PowerManagerService(  445): Ulight 7->3|0
D/PowerManagerService(  445): setLightBrightness : mButtonLight : 0
W/InputManagerService(  445): Window already focused, ignoring focus gain of: com.android.internal.view.IInputMethodClient$Stub$Proxy@40d37920
D/PowerManagerService(  445): acquireWakeLock flags=0x1000001a tag=keyguard uid=1000 pid=445   myUID=1000 myPID=445 myTID=496
I/PowerManagerService(  445): Ulight 3->7|0
D/PowerManagerService(  445): setLightBrightness : mButtonLight : 129
D/PowerManagerService(  445): acquireWakeLock flags=0x1000001a tag=keyguard uid=1000 pid=445   myUID=1000 myPID=445 myTID=496
D/PowerManagerService(  445): acquireWakeLock flags=0x1000001a tag=keyguard uid=1000 pid=445   myUID=1000 myPID=445 myTID=496
W/WindowManager(  445): Window Window{409f5d08 Keyguard paused=false} destroyed surface Surface(name=Keyguard, identity=-1, mNativeSurface=0), session Session{409f3c70 uid 1000}
D/PowerManagerService(  445): acquireWakeLock flags=0x1000001a tag=keyguard uid=1000 pid=445   myUID=1000 myPID=445 myTID=496
D/PowerManagerService(  445): acquireWakeLock flags=0x1000001a tag=keyguard uid=1000 pid=445   myUID=1000 myPID=445 myTID=496
D/PowerManagerService(  445): acquireWakeLock flags=0x1000001a tag=keyguard uid=1000 pid=445   myUID=1000 myPID=445 myTID=496
D/PowerManagerService(  445): acquireWakeLock flags=0x1000001a tag=keyguard uid=1000 pid=445   myUID=1000 myPID=445 myTID=496
D/PowerManagerService(  445): acquireWakeLock flags=0x1000001a tag=keyguard uid=1000 pid=445   myUID=1000 myPID=445 myTID=496
D/PowerManagerService(  445): acquireWakeLock flags=0x1000001a tag=keyguard uid=1000 pid=445   myUID=1000 myPID=445 myTID=496
I/WindowManager(  445):   CREATE SURFACE Surface(name=InputMethod, identity=235, mNativeSurface=0) IN SESSION android.view.SurfaceSession@40973530: pid=582 format=-2 flags=0x0 / Window{409cccb8 InputMethod paused=false}
V/AlarmManager(  445): sending alarm Alarm{40b0da80 type 1 android}
V/AlarmManager(  445): Adding alarm Alarm{409bb7f8 type 1 android} at 0
D/PowerManagerService(  445): releaseWakeLockLocked flags=0x0 tag=keyguard myUID=1000 myPID=445 myTID=496
I/PowerManagerService(  445): Ulight 7->3|0
D/PowerManagerService(  445): setLightBrightness : mButtonLight : 0
I/TelephonyRegistry(  445): notifyServiceState: 0 home AT&T AT&T 310410  UMTS CSS not supported -1 -1RoamInd: -1DefRoamInd: -1EmergOnly: false
I/TelephonyRegistry(  445): notifyDataConnection: anyState=2,default/INET,apnTypeState=2,iface=rmnet_sdio0,ip=10.8.248.107,gw=10.8.248.105,isDataConnectivityPossible=true,networkType=3,reason=radioTechnologyChanged
I/TelephonyRegistry(  445): notifyDataConnection: anyState=2,mms/INET,apnTypeState=2,iface=rmnet_sdio0,ip=10.8.248.107,gw=10.8.248.105,isDataConnectivityPossible=true,networkType=3,reason=radioTechnologyChanged
I/TelephonyRegistry(  445): notifyDataConnection: anyState=2,supl/INET,apnTypeState=2,iface=rmnet_sdio0,ip=10.8.248.107,gw=10.8.248.105,isDataConnectivityPossible=true,networkType=3,reason=radioTechnologyChanged
I/TelephonyRegistry(  445): notifyDataConnection: anyState=2,dun/INET,apnTypeState=0,iface=null,ip=null,gw=null,isDataConnectivityPossible=true,networkType=3,reason=radioTechnologyChanged
I/TelephonyRegistry(  445): notifyDataConnection: anyState=2,hipri/INET,apnTypeState=2,iface=rmnet_sdio0,ip=10.8.248.107,gw=10.8.248.105,isDataConnectivityPossible=true,networkType=3,reason=radioTechnologyChanged
V/AlarmManager(  445): Adding alarm Alarm{40cebf68 type 2 com.google.android.location} at 1
V/AlarmManager(  445): Adding alarm Alarm{40cc1df0 type 2 com.google.android.apps.maps} at 5
D/BatteryService(  445): update start
D/BatteryService(  445): updateBattery level:8 scale:100 status:2 health:2 present:true voltage: 3626 temperature: 352 technology: Li-ion AC powered:false USB powered:true icon:17302237
D/UiModeManager(  445): updateConfigurationLocked: mDockState=0; mCarMode=false; mNightMode=0; uiMode=17
W/PowerManagerService(  445): Timer 0x3->0x3|0x1
I/TelephonyRegistry(  445): notifyServiceState: 0 home AT&T AT&T 310410  HSPA CSS not supported -1 -1RoamInd: -1DefRoamInd: -1EmergOnly: false
I/TelephonyRegistry(  445): notifyDataConnection: anyState=2,default/INET,apnTypeState=2,iface=rmnet_sdio0,ip=10.8.248.107,gw=10.8.248.105,isDataConnectivityPossible=true,networkType=10,reason=radioTechnologyChanged
I/TelephonyRegistry(  445): notifyDataConnection: anyState=2,mms/INET,apnTypeState=2,iface=rmnet_sdio0,ip=10.8.248.107,gw=10.8.248.105,isDataConnectivityPossible=true,networkType=10,reason=radioTechnologyChanged
I/TelephonyRegistry(  445): notifyDataConnection: anyState=2,supl/INET,apnTypeState=2,iface=rmnet_sdio0,ip=10.8.248.107,gw=10.8.248.105,isDataConnectivityPossible=true,networkType=10,reason=radioTechnologyChanged
I/TelephonyRegistry(  445): notifyDataConnection: anyState=2,dun/INET,apnTypeState=0,iface=null,ip=null,gw=null,isDataConnectivityPossible=true,networkType=10,reason=radioTechnologyChanged
I/TelephonyRegistry(  445): notifyDataConnection: anyState=2,hipri/INET,apnTypeState=2,iface=rmnet_sdio0,ip=10.8.248.107,gw=10.8.248.105,isDataConnectivityPossible=true,networkType=10,reason=radioTechnologyChanged
V/AlarmManager(  445): Adding alarm Alarm{40ce5e08 type 2 com.google.android.location} at 1
V/AlarmManager(  445): Adding alarm Alarm{40a1feb0 type 2 com.google.android.apps.maps} at 5
I/TelephonyRegistry(  445): notifyServiceState: 0 home AT&T AT&T 310410  UMTS CSS not supported -1 -1RoamInd: -1DefRoamInd: -1EmergOnly: false
I/TelephonyRegistry(  445): notifyDataConnection: anyState=2,default/INET,apnTypeState=2,iface=rmnet_sdio0,ip=10.8.248.107,gw=10.8.248.105,isDataConnectivityPossible=true,networkType=3,reason=radioTechnologyChanged
I/TelephonyRegistry(  445): notifyDataConnection: anyState=2,mms/INET,apnTypeState=2,iface=rmnet_sdio0,ip=10.8.248.107,gw=10.8.248.105,isDataConnectivityPossible=true,networkType=3,reason=radioTechnologyChanged
I/TelephonyRegistry(  445): notifyDataConnection: anyState=2,supl/INET,apnTypeState=2,iface=rmnet_sdio0,ip=10.8.248.107,gw=10.8.248.105,isDataConnectivityPossible=true,networkType=3,reason=radioTechnologyChanged
I/TelephonyRegistry(  445): notifyDataConnection: anyState=2,dun/INET,apnTypeState=0,iface=null,ip=null,gw=null,isDataConnectivityPossible=true,networkType=3,reason=radioTechnologyChanged
I/TelephonyRegistry(  445): notifyDataConnection: anyState=2,hipri/INET,apnTypeState=2,iface=rmnet_sdio0,ip=10.8.248.107,gw=10.8.248.105,isDataConnectivityPossible=true,networkType=3,reason=radioTechnologyChanged
V/AlarmManager(  445): Adding alarm Alarm{40d0f8f8 type 2 com.google.android.location} at 1
V/AlarmManager(  445): Adding alarm Alarm{40ce5848 type 2 com.google.android.apps.maps} at 5
W/WindowManager(  445): Window Window{409cccb8 InputMethod paused=false} destroyed surface Surface(name=InputMethod, identity=-1, mNativeSurface=0), session Session{409cc970 uid 10109}
I/TelephonyRegistry(  445): notifyServiceState: 0 home AT&T AT&T 310410  HSPA CSS not supported -1 -1RoamInd: -1DefRoamInd: -1EmergOnly: false
I/TelephonyRegistry(  445): notifyDataConnection: anyState=2,default/INET,apnTypeState=2,iface=rmnet_sdio0,ip=10.8.248.107,gw=10.8.248.105,isDataConnectivityPossible=true,networkType=10,reason=radioTechnologyChanged
I/TelephonyRegistry(  445): notifyDataConnection: anyState=2,mms/INET,apnTypeState=2,iface=rmnet_sdio0,ip=10.8.248.107,gw=10.8.248.105,isDataConnectivityPossible=true,networkType=10,reason=radioTechnologyChanged
I/TelephonyRegistry(  445): notifyDataConnection: anyState=2,supl/INET,apnTypeState=2,iface=rmnet_sdio0,ip=10.8.248.107,gw=10.8.248.105,isDataConnectivityPossible=true,networkType=10,reason=radioTechnologyChanged
I/TelephonyRegistry(  445): notifyDataConnection: anyState=2,dun/INET,apnTypeState=0,iface=null,ip=null,gw=null,isDataConnectivityPossible=true,networkType=10,reason=radioTechnologyChanged
I/TelephonyRegistry(  445): notifyDataConnection: anyState=2,hipri/INET,apnTypeState=2,iface=rmnet_sdio0,ip=10.8.248.107,gw=10.8.248.105,isDataConnectivityPossible=true,networkType=10,reason=radioTechnologyChanged
V/AlarmManager(  445): Adding alarm Alarm{40d37cc8 type 2 com.google.android.location} at 1
V/AlarmManager(  445): Adding alarm Alarm{409b6e68 type 2 com.google.android.apps.maps} at 5
W/PowerManagerService(  445): Timer 0x3->0x3|0x1
I/PowerManagerService(  445): Ulight 3->7|0
D/PowerManagerService(  445): setLightBrightness : mButtonLight : 129
I/Launcher(  642): onRestart. Launcher: 4061f548
I/Launcher(  642): onResume. Launcher: 4061f548, mIsNewIntent: false
E/WallpaperService(  445): setDimensionHints ! w=800
I/WindowManager(  445):   CREATE SURFACE Surface(name=SurfaceView, identity=236, mNativeSurface=0) IN SESSION android.view.SurfaceSession@406c7840: pid=642 format=1 flags=0x0 / Window{40d90fa0 SurfaceView paused=false}
I/WindowManager(  445):   CREATE SURFACE Surface(name=com.sec.android.app.twlauncher/com.sec.android.app.twlauncher.Launcher, identity=237, mNativeSurface=0) IN SESSION android.view.SurfaceSession@406c7840: pid=642 format=-2 flags=0x400 / Window{40d82d20 com.sec.android.app.twlauncher/com.sec.android.app.twlauncher.Launcher paused=false}
W/WindowManager(  445): Window Window{40b95b78 edu.mit.csail.diplomamatrix/edu.mit.csail.diplomamatrix.StatusActivity paused=false} destroyed surface Surface(name=edu.mit.csail.diplomamatrix/edu.mit.csail.diplomamatrix.StatusActivity, identity=-1, mNativeSurface=0), session Session{40a0bb60 uid 10124}
W/WindowManager(  445): Window Window{40ce2fd0 SurfaceView paused=false} destroyed surface Surface(name=SurfaceView, identity=-1, mNativeSurface=0), session Session{40a0bb60 uid 10124}
I/ActivityManager(  445): No longer want com.google.android.apps.maps:FriendService (pid 22137): hidden #21
D/LocationManagerService(  445): Location requesting stopped by UID(10124) edu.mit.csail.diplomamatrix, Receiver info:Receiver{40a33ce0 Listener android.os.BinderProxy@4097baf8}mUpdateRecords: {gps=UpdateRecord{40cdef50 mProvider: gps mUid: 10124}}
D/PowerManagerService(  445): releaseWakeLockLocked flags=0x0 tag=StatusActivity myUID=1000 myPID=445 myTID=597
I/ActivityManager(  445): Process edu.mit.csail.diplomamatrix (pid 22152) has died.
I/WindowManager(  445): WIN DEATH: Window{40b95b78 edu.mit.csail.diplomamatrix/edu.mit.csail.diplomamatrix.StatusActivity paused=false}
I/WindowManager(  445): WIN DEATH: Window{40ce2fd0 SurfaceView paused=false}
W/PowerManagerService(  445): Timer 0x7->0x3|0x0
I/PowerManagerService(  445): Ulight 7->3|0
D/PowerManagerService(  445): setLightBrightness : mButtonLight : 0
I/ActivityManager(  445): Start proc com.android.defcontainer for service com.android.defcontainer/.DefaultContainerService: pid=23333 uid=10096 gids={1015, 2001}
D/VoldCmdListener(  317): volume aseced /mnt/sdcard/external_sd
D/MountService(  445): getAsecVolumeState :: result = unmounted
D/VoldCmdListener(  317): volume aseced /mnt/sdcard/external_sd
D/MountService(  445): getAsecVolumeState :: result = unmounted
W/ActivityManager(  445): No content provider found for: 
W/ActivityManager(  445): No content provider found for: 
I/ActivityManager(  445): Force stopping package edu.mit.csail.diplomamatrix uid=10124
I/ActivityManager(  445):   Force finishing activity HistoryRecord{40aa1348 edu.mit.csail.diplomamatrix/.StatusActivity}
W/ActivityManager(  445): Duplicate finish request for HistoryRecord{40aa1348 edu.mit.csail.diplomamatrix/.StatusActivity}
I/PackageManager(  445): Package edu.mit.csail.diplomamatrix codePath changed from /data/app/edu.mit.csail.diplomamatrix-1.apk to /data/app/edu.mit.csail.diplomamatrix-2.apk; Retaining data and using new
I/PackageManager(  445): Unpacking native libraries for /data/app/edu.mit.csail.diplomamatrix-2.apk
I/ActivityManager(  445): Force stopping package edu.mit.csail.diplomamatrix uid=10124
I/ActivityManager(  445):   Force finishing activity HistoryRecord{40aa1348 edu.mit.csail.diplomamatrix/.StatusActivity}
W/ActivityManager(  445): Duplicate finish request for HistoryRecord{40aa1348 edu.mit.csail.diplomamatrix/.StatusActivity}
W/PackageManager(  445): Code path for pkg : edu.mit.csail.diplomamatrix changing from /data/app/edu.mit.csail.diplomamatrix-1.apk to /data/app/edu.mit.csail.diplomamatrix-2.apk
W/PackageManager(  445): Resource path for pkg : edu.mit.csail.diplomamatrix changing from /data/app/edu.mit.csail.diplomamatrix-1.apk to /data/app/edu.mit.csail.diplomamatrix-2.apk
I/ActivityManager(  445): Force stopping package edu.mit.csail.diplomamatrix uid=10124
I/ActivityManager(  445):   Force finishing activity HistoryRecord{40aa1348 edu.mit.csail.diplomamatrix/.StatusActivity}
W/ActivityManager(  445): Duplicate finish request for HistoryRecord{40aa1348 edu.mit.csail.diplomamatrix/.StatusActivity}
D/Launcher.LauncherModel(  642): application intent received: android.intent.action.PACKAGE_REMOVED, replacing=true
D/Launcher.LauncherModel(  642):   --> package:edu.mit.csail.diplomamatrix
D/Launcher.LauncherModel(  642): application intent received: android.intent.action.PACKAGE_ADDED, replacing=true
D/Launcher.LauncherModel(  642):   --> package:edu.mit.csail.diplomamatrix
I/ActivityManager(  445): Start proc com.android.vending for broadcast com.android.vending/com.google.android.finsky.receivers.PersistentPackageMonitorReceiver: pid=23365 uid=10055 gids={3003, 1015}
D/Launcher.LauncherModel(  642): updatePackageUi. mApplicationsAdapter: 1080460088
I/DebugDb (  642): Update app info -1 com.sec.android.app.twlauncher.ApplicationInfo aaDIPLOMAMatrix -1 1 9 57|-1|-1|-1|-1|0 com.sec.android.app.twlauncher.ApplicationInfo@4053bda8
V/AlarmManager(  445): Adding alarm Alarm{40a0d790 type 3 com.android.vending} at 1
I/ActivityManager(  445): No longer want com.qik.lite.android (pid 22162): hidden #21
I/ActivityManager(  445): Start proc com.svox.pico for broadcast com.svox.pico/.VoiceDataInstallerReceiver: pid=23397 uid=10052 gids={}
D/BatteryService(  445): update start
D/BatteryService(  445): updateBattery level:8 scale:100 status:2 health:2 present:true voltage: 3653 temperature: 355 technology: Li-ion AC powered:false USB powered:true icon:17302237
D/UiModeManager(  445): updateConfigurationLocked: mDockState=0; mCarMode=false; mNightMode=0; uiMode=17
I/ActivityManager(  445): Starting: Intent { act=android.intent.action.MAIN cat=[android.intent.category.LAUNCHER] flg=0x10000000 cmp=edu.mit.csail.diplomamatrix/.StatusActivity } from pid 23378
I/Launcher(  642): onPause. Launcher: 4061f548
I/WindowManager(  445):   CREATE SURFACE Surface(name=Starting edu.mit.csail.diplomamatrix, identity=238, mNativeSurface=0) IN SESSION android.view.SurfaceSession@4083fd68: pid=445 format=-1 flags=0x0 / Window{40c8f420 Starting edu.mit.csail.diplomamatrix paused=false}
I/ActivityManager(  445): Start proc edu.mit.csail.diplomamatrix for activity edu.mit.csail.diplomamatrix/.StatusActivity: pid=23407 uid=10124 gids={1006, 1015, 3003}
W/ActivityManager(  445): Activity destroy timeout for HistoryRecord{40aa1348 edu.mit.csail.diplomamatrix/.StatusActivity}
I/ActivityManager(  445): No longer want com.google.android.googlequicksearchbox (pid 22171): hidden #21
I/ActivityManager(  445): Start proc com.google.android.partnersetup for broadcast com.google.android.partnersetup/.AppInstalledReceiver: pid=23415 uid=10082 gids={3003}
I/ActivityManager(  445): No longer want com.google.android.apps.maps:LocationFriendService (pid 22183): hidden #21
I/ActivityManager(  445): Start proc com.google.android.apps.maps:FriendService for broadcast com.google.android.apps.maps/com.google.googlenav.friend.android.ServiceReceiver: pid=23422 uid=10072 gids={3003, 1015}
W/WindowManager(  445): Window Window{40d82d20 com.sec.android.app.twlauncher/com.sec.android.app.twlauncher.Launcher paused=false} destroyed surface Surface(name=com.sec.android.app.twlauncher/com.sec.android.app.twlauncher.Launcher, identity=-1, mNativeSurface=0), session Session{4098c180 uid 10003}
W/WindowManager(  445): Window Window{40d90fa0 SurfaceView paused=false} destroyed surface Surface(name=SurfaceView, identity=-1, mNativeSurface=0), session Session{4098c180 uid 10003}
D/PowerManagerService(  445): acquireWakeLock flags=0x20000006 tag=StatusActivity uid=10124 pid=23407   myUID=1000 myPID=445 myTID=623
D/LocationManagerService(  445): gps location requested by UID(10124) edu.mit.csail.diplomamatrix, 
I/WindowManager(  445):   CREATE SURFACE Surface(name=edu.mit.csail.diplomamatrix/edu.mit.csail.diplomamatrix.StatusActivity, identity=239, mNativeSurface=0) IN SESSION android.view.SurfaceSession@40be8078: pid=23407 format=-3 flags=0x0 / Window{40aafbd0 edu.mit.csail.diplomamatrix/edu.mit.csail.diplomamatrix.StatusActivity paused=false}
I/WindowManager(  445):   CREATE SURFACE Surface(name=SurfaceView, identity=240, mNativeSurface=0) IN SESSION android.view.SurfaceSession@40be8078: pid=23407 format=4 flags=0x200 / Window{40ce0f88 SurfaceView paused=false}
V/AlarmManager(  445): Adding alarm Alarm{40d3ae90 type 2 com.google.android.apps.maps} at 0
I/ActivityManager(  445): Start proc com.qik.lite.android for broadcast com.qik.lite.android/com.qik.android.upgrade.OnUpgradeReceiver: pid=23441 uid=10113 gids={1006, 3003, 1015, 3002, 3001}
I/ActivityManager(  445): No longer want com.sec.android.app.FileTransferManager (pid 22543): hidden #21
I/ActivityManager(  445): Start proc com.google.android.googlequicksearchbox for broadcast com.google.android.googlequicksearchbox/.CorporaUpdateReceiver: pid=23448 uid=10081 gids={3003}
I/ActivityManager(  445): No longer want com.android.settings (pid 22505): hidden #21
I/ActivityManager(  445): Start proc com.google.android.apps.maps:LocationFriendService for broadcast com.google.android.apps.maps/com.google.googlenav.friend.reporting.LocationReportingIntentReceiver: pid=23457 uid=10072 gids={3003, 1015}
I/ActivityManager(  445): No longer want com.tecace.tetheringmanager (pid 22498): hidden #21
I/ActivityManager(  445): No longer want com.sec.android.app.popupuireceiver (pid 22801): hidden #21
I/Launcher(  642): onStop. Launcher: 4061f548
W/WindowManager(  445): Window Window{40c8f420 Starting edu.mit.csail.diplomamatrix paused=false} destroyed surface Surface(name=Starting edu.mit.csail.diplomamatrix, identity=-1, mNativeSurface=0), session Session{409f3c70 uid 1000}
V/AlarmManager(  445): sending alarm Alarm{409bb7f8 type 1 android}
V/AlarmManager(  445): Adding alarm Alarm{40abbf38 type 1 android} at 0
D/BatteryService(  445): update start
D/BatteryService(  445): updateBattery level:8 scale:100 status:2 health:2 present:true voltage: 3662 temperature: 356 technology: Li-ion AC powered:false USB powered:true icon:17302237
D/UiModeManager(  445): updateConfigurationLocked: mDockState=0; mCarMode=false; mNightMode=0; uiMode=17
V/AlarmManager(  445): sending alarm Alarm{40abbf38 type 1 android}
I/ActivityManager(  445): No longer want com.facebook.katana (pid 14621): hidden #21
I/ActivityManager(  445): No longer want com.sdgtl.mediahub.dla.att (pid 16498): hidden #22
V/AlarmManager(  445): Adding alarm Alarm{4096d1d8 type 1 android} at 0
W/ActivityManager(  445): Scheduling restart of crashed service com.sdgtl.mediahub.dla.att/.network.DownloadManager2 in 5000ms
W/ActivityManager(  445): Scheduling restart of crashed service com.facebook.katana/.service.UploadManager in 14997ms
I/ActivityManager(  445): Start proc com.sdgtl.mediahub.dla.att for service com.sdgtl.mediahub.dla.att/.network.DownloadManager2: pid=23524 uid=10070 gids={3003, 1015}
D/BatteryService(  445): update start
D/BatteryService(  445): updateBattery level:8 scale:100 status:2 health:2 present:true voltage: 3667 temperature: 356 technology: Li-ion AC powered:false USB powered:true icon:17302237
D/UiModeManager(  445): updateConfigurationLocked: mDockState=0; mCarMode=false; mNightMode=0; uiMode=17
I/ActivityManager(  445): Start proc com.facebook.katana for service com.facebook.katana/.service.UploadManager: pid=23533 uid=10119 gids={3003, 1015}
D/BatteryService(  445): update start
D/BatteryService(  445): updateBattery level:7 scale:100 status:2 health:2 present:true voltage: 3672 temperature: 357 technology: Li-ion AC powered:false USB powered:true icon:17302237
D/UiModeManager(  445): updateConfigurationLocked: mDockState=0; mCarMode=false; mNightMode=0; uiMode=17
V/AlarmManager(  445): sending alarm Alarm{4096d1d8 type 1 android}
V/AlarmManager(  445): Adding alarm Alarm{409919a0 type 1 android} at 0
V/AlarmManager(  445): sending alarm Alarm{40af06b0 type 3 android}
V/AlarmManager(  445): Adding alarm Alarm{40d77860 type 3 android} at 1
D/BatteryService(  445): update start
V/AlarmManager(  445): Adding alarm Alarm{40a06260 type 0 com.google.android.gsf} at 0
V/AlarmManager(  445): sending alarm Alarm{40a06260 type 0 com.google.android.gsf}
V/AlarmManager(  445): pending wakeup alarm com.google.android.gsf
V/AlarmManager(  445): Adding alarm Alarm{40d60b48 type 0 com.google.android.gsf} at 0
I/PowerManagerService(  445): Ulight 3->7|0
D/PowerManagerService(  445): setLightBrightness : mButtonLight : 129
I/WindowManager(  445):   CREATE SURFACE Surface(name=InputMethod, identity=241, mNativeSurface=0) IN SESSION android.view.SurfaceSession@40973530: pid=582 format=-2 flags=0x0 / Window{409cccb8 InputMethod paused=false}
W/PowerManagerService(  445): Timer 0x7->0x3|0x1
I/PowerManagerService(  445): Ulight 7->3|0
D/PowerManagerService(  445): setLightBrightness : mButtonLight : 0
I/TelephonyRegistry(  445): notifyServiceState: 0 home AT&T AT&T 310410  UMTS CSS not supported -1 -1RoamInd: -1DefRoamInd: -1EmergOnly: false
I/TelephonyRegistry(  445): notifyDataConnection: anyState=2,default/INET,apnTypeState=2,iface=rmnet_sdio0,ip=10.8.248.107,gw=10.8.248.105,isDataConnectivityPossible=true,networkType=3,reason=radioTechnologyChanged
I/TelephonyRegistry(  445): notifyDataConnection: anyState=2,mms/INET,apnTypeState=2,iface=rmnet_sdio0,ip=10.8.248.107,gw=10.8.248.105,isDataConnectivityPossible=true,networkType=3,reason=radioTechnologyChanged
I/TelephonyRegistry(  445): notifyDataConnection: anyState=2,supl/INET,apnTypeState=2,iface=rmnet_sdio0,ip=10.8.248.107,gw=10.8.248.105,isDataConnectivityPossible=true,networkType=3,reason=radioTechnologyChanged
I/TelephonyRegistry(  445): notifyDataConnection: anyState=2,dun/INET,apnTypeState=0,iface=null,ip=null,gw=null,isDataConnectivityPossible=true,networkType=3,reason=radioTechnologyChanged
I/TelephonyRegistry(  445): notifyDataConnection: anyState=2,hipri/INET,apnTypeState=2,iface=rmnet_sdio0,ip=10.8.248.107,gw=10.8.248.105,isDataConnectivityPossible=true,networkType=3,reason=radioTechnologyChanged
V/AlarmManager(  445): Adding alarm Alarm{4094a320 type 2 com.google.android.location} at 1
V/AlarmManager(  445): Adding alarm Alarm{40d94ed0 type 2 com.google.android.apps.maps} at 5
W/WindowManager(  445): Window Window{409cccb8 InputMethod paused=false} destroyed surface Surface(name=InputMethod, identity=-1, mNativeSurface=0), session Session{409cc970 uid 10109}
I/TelephonyRegistry(  445): notifyServiceState: 0 home AT&T AT&T 310410  HSPA CSS not supported -1 -1RoamInd: -1DefRoamInd: -1EmergOnly: false
I/TelephonyRegistry(  445): notifyDataConnection: anyState=2,default/INET,apnTypeState=2,iface=rmnet_sdio0,ip=10.8.248.107,gw=10.8.248.105,isDataConnectivityPossible=true,networkType=10,reason=radioTechnologyChanged
I/TelephonyRegistry(  445): notifyDataConnection: anyState=2,mms/INET,apnTypeState=2,iface=rmnet_sdio0,ip=10.8.248.107,gw=10.8.248.105,isDataConnectivityPossible=true,networkType=10,reason=radioTechnologyChanged
I/TelephonyRegistry(  445): notifyDataConnection: anyState=2,supl/INET,apnTypeState=2,iface=rmnet_sdio0,ip=10.8.248.107,gw=10.8.248.105,isDataConnectivityPossible=true,networkType=10,reason=radioTechnologyChanged
I/TelephonyRegistry(  445): notifyDataConnection: anyState=2,dun/INET,apnTypeState=0,iface=null,ip=null,gw=null,isDataConnectivityPossible=true,networkType=10,reason=radioTechnologyChanged
I/TelephonyRegistry(  445): notifyDataConnection: anyState=2,hipri/INET,apnTypeState=2,iface=rmnet_sdio0,ip=10.8.248.107,gw=10.8.248.105,isDataConnectivityPossible=true,networkType=10,reason=radioTechnologyChanged
V/AlarmManager(  445): Adding alarm Alarm{406259b8 type 2 com.google.android.location} at 1
V/AlarmManager(  445): Adding alarm Alarm{40c02f98 type 2 com.google.android.location} at 1
V/AlarmManager(  445): Adding alarm Alarm{40cb21d0 type 2 com.google.android.apps.maps} at 5
V/AlarmManager(  445): Adding alarm Alarm{40ba0fc0 type 2 com.google.android.apps.maps} at 5
V/AlarmManager(  445): Adding alarm Alarm{40a25ee8 type 1 android} at 0
W/PowerManagerService(  445): Timer 0x3->0x3|0x1
I/ActivityManager(  445): No longer want com.sec.android.daemonapp.accuweather (pid 22848): hidden #21
V/AlarmManager(  445): Adding alarm Alarm{40aa6228 type 0 com.google.android.gsf} at 0
I/TelephonyRegistry(  445): notifyServiceState: 0 home AT&T AT&T 310410  UMTS CSS not supported -1 -1RoamInd: -1DefRoamInd: -1EmergOnly: false
I/TelephonyRegistry(  445): notifyDataConnection: anyState=2,default/INET,apnTypeState=2,iface=rmnet_sdio0,ip=10.8.248.107,gw=10.8.248.105,isDataConnectivityPossible=true,networkType=3,reason=radioTechnologyChanged
I/TelephonyRegistry(  445): notifyDataConnection: anyState=2,mms/INET,apnTypeState=2,iface=rmnet_sdio0,ip=10.8.248.107,gw=10.8.248.105,isDataConnectivityPossible=true,networkType=3,reason=radioTechnologyChanged
I/TelephonyRegistry(  445): notifyDataConnection: anyState=2,supl/INET,apnTypeState=2,iface=rmnet_sdio0,ip=10.8.248.107,gw=10.8.248.105,isDataConnectivityPossible=true,networkType=3,reason=radioTechnologyChanged
I/TelephonyRegistry(  445): notifyDataConnection: anyState=2,dun/INET,apnTypeState=0,iface=null,ip=null,gw=null,isDataConnectivityPossible=true,networkType=3,reason=radioTechnologyChanged
I/TelephonyRegistry(  445): notifyDataConnection: anyState=2,hipri/INET,apnTypeState=2,iface=rmnet_sdio0,ip=10.8.248.107,gw=10.8.248.105,isDataConnectivityPossible=true,networkType=3,reason=radioTechnologyChanged
I/ActivityManager(  445): Start proc com.sec.android.app.popupuireceiver for broadcast com.sec.android.app.popupuireceiver/.PopupuiReceiver: pid=23721 uid=1000 gids={3003, 1015, 2001, 3002, 3001, 1001, 1006}
V/AlarmManager(  445): Adding alarm Alarm{40b2e2d0 type 2 com.google.android.location} at 1
V/AlarmManager(  445): Adding alarm Alarm{40d86dc8 type 2 com.google.android.apps.maps} at 5
V/AlarmManager(  445): Adding alarm Alarm{408c1b20 type 2 com.google.android.location} at 1
V/AlarmManager(  445): Adding alarm Alarm{4090c198 type 2 com.google.android.apps.maps} at 5
V/AlarmManager(  445): Adding alarm Alarm{40a15c58 type 0 com.google.android.gsf} at 2
I/TelephonyRegistry(  445): notifyServiceState: 0 home AT&T AT&T 310410  HSPA CSS not supported -1 -1RoamInd: -1DefRoamInd: -1EmergOnly: false
I/TelephonyRegistry(  445): notifyDataConnection: anyState=2,default/INET,apnTypeState=2,iface=rmnet_sdio0,ip=10.8.248.107,gw=10.8.248.105,isDataConnectivityPossible=true,networkType=10,reason=radioTechnologyChanged
I/TelephonyRegistry(  445): notifyDataConnection: anyState=2,mms/INET,apnTypeState=2,iface=rmnet_sdio0,ip=10.8.248.107,gw=10.8.248.105,isDataConnectivityPossible=true,networkType=10,reason=radioTechnologyChanged
I/TelephonyRegistry(  445): notifyDataConnection: anyState=2,supl/INET,apnTypeState=2,iface=rmnet_sdio0,ip=10.8.248.107,gw=10.8.248.105,isDataConnectivityPossible=true,networkType=10,reason=radioTechnologyChanged
I/TelephonyRegistry(  445): notifyDataConnection: anyState=2,dun/INET,apnTypeState=0,iface=null,ip=null,gw=null,isDataConnectivityPossible=true,networkType=10,reason=radioTechnologyChanged
I/TelephonyRegistry(  445): notifyDataConnection: anyState=2,hipri/INET,apnTypeState=2,iface=rmnet_sdio0,ip=10.8.248.107,gw=10.8.248.105,isDataConnectivityPossible=true,networkType=10,reason=radioTechnologyChanged
V/AlarmManager(  445): Adding alarm Alarm{40d35e70 type 2 com.google.android.location} at 1
V/AlarmManager(  445): Adding alarm Alarm{40d4c308 type 2 com.google.android.apps.maps} at 5
V/AlarmManager(  445): sending alarm Alarm{40a25ee8 type 1 android}
V/AlarmManager(  445): Adding alarm Alarm{40a2ab50 type 1 android} at 0
I/PowerManagerService(  445): Ulight 3->7|0
D/PowerManagerService(  445): setLightBrightness : mButtonLight : 129
I/WindowManager(  445):   CREATE SURFACE Surface(name=edu.mit.csail.diplomamatrix/edu.mit.csail.diplomamatrix.StatusActivity, identity=242, mNativeSurface=0) IN SESSION android.view.SurfaceSession@40be8078: pid=23407 format=-2 flags=0x0 / Window{40d2a288 edu.mit.csail.diplomamatrix/edu.mit.csail.diplomamatrix.StatusActivity paused=false}
V/AlarmManager(  445): Adding alarm Alarm{40cb5608 type 0 com.android.providers.calendar} at 1
--------- beginning of /dev/log/main
I/StatusActivity(23407): areButtonsEnabled --> true
D/InputTransport(  445): Input channel constructed: name='40c02600 Toast (server)', ashmemFd=201, receivePipeFd=310, sendPipeFd=309
D/InputTransport(  445): Input channel constructed: name='40c02600 Toast (client)', ashmemFd=245, receivePipeFd=281, sendPipeFd=314
D/InputTransport(  445): Input channel destroyed: name='40c02600 Toast (client)', ashmemFd=245, receivePipeFd=281, sendPipeFd=314
D/InputTransport(23407): Input channel constructed: name='40c02600 Toast (client)', ashmemFd=60, receivePipeFd=61, sendPipeFd=66
I/WindowManager(  445): mAppToken is null , so we can't use SF_BYPASS
I/SurfaceFlinger(  445): id=243(4) createSurface 0x8da0a4 for pid 23407 (1x1),1 flag=0, Toast
W/InputManagerService(  445): Window already focused, ignoring focus gain of: com.android.internal.view.IInputMethodClient$Stub$Proxy@40b21bf0
I/WindowManager(  445):   CREATE SURFACE Surface(name=Toast, identity=243, mNativeSurface=0) IN SESSION android.view.SurfaceSession@40be8078: pid=23407 format=-3 flags=0x0 / Window{40c02600 Toast paused=false}
D/PowerManagerService(  445): acquireWakeLock flags=0xa tag=KEEP_SCREEN_ON_FLAG uid=1000 pid=445   myUID=1000 myPID=445 myTID=628
D/msm8660.gralloc(  445): !@/dev/pmem: allocating pmem size=258048, offset=33988608(0x206a000)
I/ViewRoot(23407): !@FINISH DRAWING : Toast
I/ViewRoot(23407): !@finishDrawing is completed : Toast
I/SurfaceFlinger(  445): id=242 Removed edu.mit.csail.diplomamatrix/edu.mit.csail.diplomamatrix.StatusActivity idx=5 Map Size=6
W/WindowManager(  445): Window Window{40d2a288 edu.mit.csail.diplomamatrix/edu.mit.csail.diplomamatrix.StatusActivity paused=false} destroyed surface Surface(name=edu.mit.csail.diplomamatrix/edu.mit.csail.diplomamatrix.StatusActivity, identity=-1, mNativeSurface=0), session Session{40b9df88 uid 10124}
D/SurfaceFlinger(  445): remove count:1 destroying edu.mit.csail.diplomamatrix/edu.mit.csail.diplomamatrix.StatusActivity
I/WindowOrientationListener(  445): orientation = 330 Tilt = 59 -- -2 ,  4 ,  8
D/BatteryService(  445): update start
D/BatteryService(  445): updateBattery level:7 scale:100 status:2 health:2 present:true voltage: 3617 temperature: 358 technology: Li-ion AC powered:false USB powered:true icon:17302237
D/UiModeManager(  445): updateConfigurationLocked: mDockState=0; mCarMode=false; mNightMode=0; uiMode=17
D/InputTransport(  445): Input channel constructed: name='40ac13c0 Toast (server)', ashmemFd=203, receivePipeFd=315, sendPipeFd=314
D/InputTransport(  445): Input channel constructed: name='40ac13c0 Toast (client)', ashmemFd=244, receivePipeFd=281, sendPipeFd=316
D/InputTransport(  445): Input channel destroyed: name='40ac13c0 Toast (client)', ashmemFd=244, receivePipeFd=281, sendPipeFd=316
D/InputTransport(23407): Input channel constructed: name='40ac13c0 Toast (client)', ashmemFd=68, receivePipeFd=69, sendPipeFd=70
D/InputTransport(  445): Input channel destroyed: name='40c02600 Toast (server)', ashmemFd=201, receivePipeFd=310, sendPipeFd=309
D/InputTransport(23407): Input channel destroyed: name='40c02600 Toast (client)', ashmemFd=60, receivePipeFd=61, sendPipeFd=66
I/WindowManager(  445): mAppToken is null , so we can't use SF_BYPASS
I/SurfaceFlinger(  445): id=244(5) createSurface 0x8c7dd4 for pid 23407 (1x1),1 flag=0, Toast
I/WindowManager(  445):   CREATE SURFACE Surface(name=Toast, identity=244, mNativeSurface=0) IN SESSION android.view.SurfaceSession@40be8078: pid=23407 format=-3 flags=0x0 / Window{40ac13c0 Toast paused=false}
D/msm8660.gralloc(  445): !@/dev/pmem: allocating pmem size=147456, offset=32669696(0x1f28000)
I/ViewRoot(23407): !@FINISH DRAWING : Toast
I/ViewRoot(23407): !@finishDrawing is completed : Toast
I/SurfaceFlinger(  445): id=243 Removed Toast idx=6 Map Size=6
W/WindowManager(  445): Window Window{40c02600 Toast paused=false} destroyed surface Surface(name=Toast, identity=-1, mNativeSurface=0), session Session{40b9df88 uid 10124}
D/SurfaceFlinger(  445): remove count:1 destroying Toast
I/WindowOrientationListener(  445): orientation = 354 Tilt = 63 -- -1 ,  4 ,  8
I/InputReader(  445): dispatchTouch::touch event's action is 0, pending(waiting finished signal)=0
I/InputDispatcher(  445): Delivering touch to current input target: action: 0, channel '40ac13c0 Toast (server)'
I/InputDispatcher(  445): Delivering touch to current input target: action: 0, channel '40aafbd0 edu.mit.csail.diplomamatrix/edu.mit.csail.diplomamatrix.StatusActivity (server)'
I/InputDispatcher(  445): Delivering touch to current input target: action: 0, channel 'PenGestureView (server)'
D/InputTransport(23407): Input channel destroyed: name='40ac13c0 Toast (client)', ashmemFd=68, receivePipeFd=69, sendPipeFd=70
I/InputReader(  445): dispatchTouch::touch event's action is 1, pending(waiting finished signal)=0
D/InputTransport(  445): Input channel destroyed: name='40ac13c0 Toast (server)', ashmemFd=203, receivePipeFd=315, sendPipeFd=314
I/InputDispatcher(  445): Delivering touch to current input target: action: 1, channel '40aafbd0 edu.mit.csail.diplomamatrix/edu.mit.csail.diplomamatrix.StatusActivity (server)'
I/InputDispatcher(  445): Delivering touch to current input target: action: 1, channel 'PenGestureView (server)'
I/SurfaceFlinger(  445): id=244 Removed Toast idx=6 Map Size=5
W/WindowManager(  445): Window Window{40ac13c0 Toast paused=false} destroyed surface Surface(name=Toast, identity=-1, mNativeSurface=0), session Session{40b9df88 uid 10124}
D/PowerManagerService(  445): releaseWakeLockLocked flags=0x0 tag=KEEP_SCREEN_ON_FLAG myUID=1000 myPID=445 myTID=495
D/SurfaceFlinger(  445): remove count:1 destroying Toast
I/WindowOrientationListener(  445): orientation = 2 Tilt = 51 -- 1 ,  5 ,  7
D/PowerManagerService(  445): onSensorChanged: light value: 70
I/WindowOrientationListener(  445): orientation = 2 Tilt = 55 -- 0 ,  5 ,  8
D/PowerManagerService(  445): lightSensorChangedLocked 70
D/PowerManagerService(  445): lcdValue 92
D/PowerManagerService(  445): buttonValue 0
D/PowerManagerService(  445): keyboardValue 0
D/PowerManagerService(  445): lightSensorChangedLocked : mKeyboardLight : 0
D/LightsService(  445): BKL : 127
D/LightsService(  445): BKL : 125
D/LightsService(  445): BKL : 123
D/LightsService(  445): BKL : 121
D/LightsService(  445): BKL : 119
D/LightsService(  445): BKL : 117
D/LightsService(  445): BKL : 116
D/LightsService(  445): BKL : 114
D/LightsService(  445): BKL : 112
D/LightsService(  445): BKL : 110
D/LightsService(  445): BKL : 108
D/LightsService(  445): BKL : 106
D/LightsService(  445): BKL : 104
D/LightsService(  445): BKL : 103
D/LightsService(  445): BKL : 101
D/LightsService(  445): BKL : 99
D/LightsService(  445): BKL : 97
D/LightsService(  445): BKL : 95
D/LightsService(  445): BKL : 93
D/LightsService(  445): BKL : 92
I/PowerManagerService(  445): Light Animator Finished curIntValue=92
D/dalvikvm(22812): GC_EXPLICIT freed 131K, 41% free 3236K/5447K, external 0K/0K, paused 62ms
W/PowerManagerService(  445): Timer 0x7->0x3|0x1
I/PowerManagerService(  445): Ulight 7->3|0
D/PowerManagerService(  445): setLightBrightness : mButtonLight : 0
D/PowerManagerService(  445): onSensorChanged: light value: 1000
D/PowerManagerService(  445): lightSensorChangedLocked 1000
D/PowerManagerService(  445): lcdValue 129
D/PowerManagerService(  445): buttonValue 0
D/PowerManagerService(  445): keyboardValue 0
D/PowerManagerService(  445): lightSensorChangedLocked : mKeyboardLight : 0
D/LightsService(  445): BKL : 93
D/LightsService(  445): BKL : 95
D/LightsService(  445): BKL : 97
D/LightsService(  445): BKL : 99
D/LightsService(  445): BKL : 101
D/LightsService(  445): BKL : 103
D/LightsService(  445): BKL : 104
D/LightsService(  445): BKL : 106
D/LightsService(  445): BKL : 108
D/LightsService(  445): BKL : 110
I/VCoreDaemon(23407): 1333615096145: inside sendPacket(Packet p)
I/NetworkThread(23407): 1333615096149: Sending UDP payload: 406
D/LightsService(  445): BKL : 112
D/LightsService(  445): BKL : 114
D/LightsService(  445): BKL : 116
D/LightsService(  445): BKL : 117
D/LightsService(  445): BKL : 119
D/LightsService(  445): BKL : 121
D/dalvikvm(10448): GC_EXPLICIT freed 23K, 39% free 3402K/5575K, external 0K/0K, paused 43ms
D/LightsService(  445): BKL : 123
D/LightsService(  445): BKL : 125
D/LightsService(  445): BKL : 127
D/LightsService(  445): BKL : 128
D/LightsService(  445): BKL : 129
I/PowerManagerService(  445): Light Animator Finished curIntValue=129
I/VCoreDaemon(23407): 1333615100495: leader to cloud hearbeat...
D/DATA    (  589): [DSST(0)] pollstate() : reason = data network state changed
D/DATA    (  589): [DSST(0)] Poll ServiceState done: oldSS=[0 home null null null  HSPA CSS not supported -1 -1RoamInd: -1DefRoamInd: -1EmergOnly: false] newSS=[0 home null null null  UMTS CSS not supported -1 -1RoamInd: -1DefRoamInd: -1EmergOnly: false]
I/GlobalActions(  445): inAirplaneModefalse mAirplaneStateOff serviceState.getState()0
W/EDM     (  445):  >>> CallingPolicyService.mPhoneListener.new PhoneStateListener() {...}.onServiceStateChanged()
W/EDM     (  445): >>> CallingPolicyService.loadSettings()
W/EDM     (  445): >>> CallingPolicyService.getAdminIdByLastChange()
W/EDM     (  445): >>> CallingPolicyService.getLastChangeId()
I/TelephonyRegistry(  445): notifyServiceState: 0 home AT&T AT&T 310410  UMTS CSS not supported -1 -1RoamInd: -1DefRoamInd: -1EmergOnly: false
W/EDM     (  445): CallingPolicyService.getAdminIdByLastChange() adminId : -1
D/DATA    (  589): mMasterDataEnabled=true,isUsePacketData=true
I/SML     (21817): V1.1112.5.1 [smlPhoneStatus.java Line:70] [onServiceStateChanged] onServiceStateChanged nNetwork =3
D/FlightSettingButton(  559): EVENT_SERVICE_STATE_CHANGED received
E/FlightSettingButton(  559): updateStatus : 0
I/SML     (21817): V1.1112.5.1 [smlPhoneStatus.java Line:71] [onServiceStateChanged] onServiceStateChanged bRoming =false
D/DATA    (  589): mMasterDataEnabled=true,isUsePacketData=true
I/TelephonyRegistry(  445): notifyDataConnection: anyState=2,default/INET,apnTypeState=2,iface=rmnet_sdio0,ip=10.8.248.107,gw=10.8.248.105,isDataConnectivityPossible=true,networkType=3,reason=radioTechnologyChanged
D/DATA    (  589):  notifyDataConnection Pass INET6 >>> Fix me later please!!
D/DATA    (  589): mMasterDataEnabled=true,isUsePacketData=true
D/DATA    (  589):  notifyDataConnection Pass INET6 >>> Fix me later please!!
D/DATA    (  589): mMasterDataEnabled=true,isUsePacketData=true
I/TelephonyRegistry(  445): notifyDataConnection: anyState=2,mms/INET,apnTypeState=2,iface=rmnet_sdio0,ip=10.8.248.107,gw=10.8.248.105,isDataConnectivityPossible=true,networkType=3,reason=radioTechnologyChanged
D/MobileDataStateTracker(  445): replacing old mInterfaceName (rmnet_sdio0) with rmnet_sdio0 for hipri
