I/TelephonyRegistry(  445): notifyDataConnection: anyState=2,hipri/INET,apnTypeState=2,iface=rmnet_sdio0,ip=10.8.248.107,gw=10.8.248.105,isDataConnectivityPossible=true,networkType=3,reason=radioTechnologyChanged
V/DATA    (  589): [DCT(0) ] onUpdateDataConnections: reason=radioTechnologyChanged
V/DATA    (  589): [DCT(0) ] ---dc list---
V/DATA    (  589): [DCT(0) ] cid = 0, state = DcActiveState, bearerType = IP, ipaddress = 10.8.248.107, gw=10.8.248.105, dns=[172.26.38.1, 172.26.38.2]
V/DATA    (  589): [DCT(0) ] ---ds list---
V/DATA    (  589): [DCT(0) ] ds= SERVICE_TYPE_DEFAULT, enabled = true, active = v4:CONNECTED(0) v6:IDLE
V/DATA    (  589): [DCT(0) ] ds= SERVICE_TYPE_MMS, enabled = false, active = v4:CONNECTED(0) v6:IDLE
V/DATA    (  589): [DCT(0) ] ds= SERVICE_TYPE_SUPL, enabled = false, active = v4:CONNECTED(0) v6:IDLE
V/DATA    (  589): [DCT(0) ] ds= SERVICE_TYPE_DUN, enabled = false, active = v4:IDLE v6:IDLE
V/DATA    (  589): [DCT(0) ] ds= SERVICE_TYPE_HIPRI, enabled = false, active = v4:CONNECTED(0) v6:IDLE
D/DATA    (  589): mMasterDataEnabled=true,isUsePacketData=true
I/DATA    (  589): [DCT(0) ] Ready for data : 
I/DATA    (  589): [DCT(0) ]    getDesiredPowerState() = true
I/DATA    (  589): [DCT(0) ]    mCm.getRadioState() = RADIO_ON
I/DATA    (  589): [DCT(0) ]    [DataRadioTech = RADIO_TECH_UMTS, data network state = 0, mMasterDataEnabled = true, is Roaming = false, dataOnRoamingEnable = false, isPsRestricted = false, desiredPowerState  = true, mSIMRecords = true/310410, cdmaSubSource = 1/, mRuimRecords = , checks = true/true]
V/DATA    (  589): [DCT(0) ] trySetupDataCall : ds=SERVICE_TYPE_DEFAULT, ipv=INET6, reason=radioTechnologyChanged
W/DATA    (  589): [DCT(0) ] no working data profile available to establish service type SERVICE_TYPE_DEFAULTon INET6
D/DATA    (  589):  notifyDataConnection Pass INET6 >>> Fix me later please!!
D/PhoneApp(  589): CONNECTED - hideDataDisconnectedRoaming()
D/MobileDataStateTracker(  445): replacing old mInterfaceName (rmnet_sdio0) with rmnet_sdio0 for mms
V/AlarmManager(  445): Adding alarm Alarm{40b256b8 type 2 com.google.android.location} at 1
V/DATA    (  589): [DCT(0) ] intent received :android.intent.action.ANY_DATA_STATE
D/DATA    (  589): NETWORK_STATE_CHANGED_ACTION : data_call = 49
D/PhoneApp(  589): CONNECTED - hideDataDisconnectedRoaming()
D/MobileDataStateTracker(  445): replacing old mInterfaceName (rmnet_sdio0) with rmnet_sdio0 for supl
V/DATA    (  589): [DCT(0) ] intent received :android.intent.action.ANY_DATA_STATE
D/DATA    (  589): NETWORK_STATE_CHANGED_ACTION : data_call = 49
D/PhoneApp(  589): CONNECTED - hideDataDisconnectedRoaming()
V/DATA    (  589): [DCT(0) ] intent received :android.intent.action.ANY_DATA_STATE
D/DATA    (  589): NETWORK_STATE_CHANGED_ACTION : data_call = 49
V/DATA    (  589): [DCT(0) ] intent received :android.intent.action.ANY_DATA_STATE
D/DATA    (  589): NETWORK_STATE_CHANGED_ACTION : data_call = 49
D/PhoneApp(  589): CONNECTED - hideDataDisconnectedRoaming()
I/SML     (21817): V1.1112.5.1 [smlPhoneStatus.java Line:70] [onServiceStateChanged] onServiceStateChanged nNetwork =3
I/SML     (21817): V1.1112.5.1 [smlPhoneStatus.java Line:71] [onServiceStateChanged] onServiceStateChanged bRoming =false
V/AlarmManager(  445): Adding alarm Alarm{40a45330 type 2 com.google.android.apps.maps} at 5
D/DATA    (  589): [DSST(0)] pollstate() : reason = data network state changed
D/DATA    (  589): [DSST(0)] Poll ServiceState done: oldSS=[0 home null null null  UMTS CSS not supported -1 -1RoamInd: -1DefRoamInd: -1EmergOnly: false] newSS=[0 home null null null  UMTS CSS not supported -1 -1RoamInd: -1DefRoamInd: -1EmergOnly: false]
D/DATA    (  589): [DSST(0)] pollstate() : reason = data network state changed
V/DATA    (  589): [DCT(0) ] onDataCallListChanged:
V/DATA    (  589): [DCT(0) ] ---dc state list---
V/DATA    (  589): [DCT(0) ] DataCallState: { cid: 0, active: 2, type: , apn: pta, address: 10.8.248.107 }
V/DATA    (  589): [DCT(0) ] ---dc list---
V/DATA    (  589): [DCT(0) ] cid = 0, state = DcActiveState, bearerType = IP, ipaddress = 10.8.248.107, gw=10.8.248.105, dns=[172.26.38.1, 172.26.38.2]
D/DATA    (  589): [DSST(0)] Poll ServiceState done: oldSS=[0 home null null null  UMTS CSS not supported -1 -1RoamInd: -1DefRoamInd: -1EmergOnly: false] newSS=[0 home null null null  UMTS CSS not supported -1 -1RoamInd: -1DefRoamInd: -1EmergOnly: false]
I/VNC:Cloud(23407): Request executed: http://hermes5.csail.mit.edu:8212/take/1/0/5012/1333615196556/
E/AlarmManagerService(  445): android_server_AlarmManagerService_set to type=1, 1333684800.000000000
V/AlarmManager(  445): sending alarm Alarm{409bf7c8 type 1 android}
E/AlarmManagerService(  445): android_server_AlarmManagerService_set to type=1, 1333615260.000000000
V/AlarmManager(  445): Adding alarm Alarm{40d2be38 type 1 android} at 0
D/DATA    (  589): [DSST(0)] pollstate() : reason = data network state changed
D/DATA    (  589): [DSST(0)] Poll ServiceState done: oldSS=[0 home null null null  UMTS CSS not supported -1 -1RoamInd: -1DefRoamInd: -1EmergOnly: false] newSS=[0 home null null null  UMTS CSS not supported -1 -1RoamInd: -1DefRoamInd: -1EmergOnly: false]
D/DATA    (  589): [DSST(0)] pollstate() : reason = data network state changed
D/DATA    (  589): [DSST(0)] Poll ServiceState done: oldSS=[0 home null null null  UMTS CSS not supported -1 -1RoamInd: -1DefRoamInd: -1EmergOnly: false] newSS=[0 home null null null  HSPA CSS not supported -1 -1RoamInd: -1DefRoamInd: -1EmergOnly: false]
I/GlobalActions(  445): inAirplaneModefalse mAirplaneStateOff serviceState.getState()0
W/EDM     (  445):  >>> CallingPolicyService.mPhoneListener.new PhoneStateListener() {...}.onServiceStateChanged()
W/EDM     (  445): >>> CallingPolicyService.loadSettings()
W/EDM     (  445): >>> CallingPolicyService.getAdminIdByLastChange()
W/EDM     (  445): >>> CallingPolicyService.getLastChangeId()
I/TelephonyRegistry(  445): notifyServiceState: 0 home AT&T AT&T 310410  HSPA CSS not supported -1 -1RoamInd: -1DefRoamInd: -1EmergOnly: false
W/EDM     (  445): CallingPolicyService.getAdminIdByLastChange() adminId : -1
D/DATA    (  589): mMasterDataEnabled=true,isUsePacketData=true
D/FlightSettingButton(  559): EVENT_SERVICE_STATE_CHANGED received
E/FlightSettingButton(  559): updateStatus : 0
D/DATA    (  589): mMasterDataEnabled=true,isUsePacketData=true
I/TelephonyRegistry(  445): notifyDataConnection: anyState=2,default/INET,apnTypeState=2,iface=rmnet_sdio0,ip=10.8.248.107,gw=10.8.248.105,isDataConnectivityPossible=true,networkType=10,reason=radioTechnologyChanged
D/MobileDataStateTracker(  445): replacing old mInterfaceName (rmnet_sdio0) with rmnet_sdio0 for hipri
D/DATA    (  589):  notifyDataConnection Pass INET6 >>> Fix me later please!!
D/DATA    (  589): mMasterDataEnabled=true,isUsePacketData=true
I/TelephonyRegistry(  445): notifyDataConnection: anyState=2,mms/INET,apnTypeState=2,iface=rmnet_sdio0,ip=10.8.248.107,gw=10.8.248.105,isDataConnectivityPossible=true,networkType=10,reason=radioTechnologyChanged
D/DATA    (  589):  notifyDataConnection Pass INET6 >>> Fix me later please!!
D/DATA    (  589): mMasterDataEnabled=true,isUsePacketData=true
D/DATA    (  589):  notifyDataConnection Pass INET6 >>> Fix me later please!!
D/DATA    (  589): mMasterDataEnabled=true,isUsePacketData=true
D/DATA    (  589):  notifyDataConnection Pass INET6 >>> Fix me later please!!
D/DATA    (  589): mMasterDataEnabled=true,isUsePacketData=true
I/TelephonyRegistry(  445): notifyDataConnection: anyState=2,supl/INET,apnTypeState=2,iface=rmnet_sdio0,ip=10.8.248.107,gw=10.8.248.105,isDataConnectivityPossible=true,networkType=10,reason=radioTechnologyChanged
I/TelephonyRegistry(  445): notifyDataConnection: anyState=2,dun/INET,apnTypeState=0,iface=null,ip=null,gw=null,isDataConnectivityPossible=true,networkType=10,reason=radioTechnologyChanged
D/MobileDataStateTracker(  445): default Received state= CONNECTED, old= CONNECTED, reason= radioTechnologyChanged, apnTypeList= default
I/TelephonyRegistry(  445): notifyDataConnection: anyState=2,hipri/INET,apnTypeState=2,iface=rmnet_sdio0,ip=10.8.248.107,gw=10.8.248.105,isDataConnectivityPossible=true,networkType=10,reason=radioTechnologyChanged
D/DATA    (  589):  notifyDataConnection Pass INET6 >>> Fix me later please!!
V/DATA    (  589): [DCT(0) ] intent received :android.intent.action.ANY_DATA_STATE
D/DATA    (  589): NETWORK_STATE_CHANGED_ACTION : data_call = 49
V/DATA    (  589): [DCT(0) ] onUpdateDataConnections: reason=radioTechnologyChanged
V/DATA    (  589): [DCT(0) ] ---dc list---
V/DATA    (  589): [DCT(0) ] cid = 0, state = DcActiveState, bearerType = IP, ipaddress = 10.8.248.107, gw=10.8.248.105, dns=[172.26.38.1, 172.26.38.2]
V/DATA    (  589): [DCT(0) ] ---ds list---
V/DATA    (  589): [DCT(0) ] ds= SERVICE_TYPE_DEFAULT, enabled = true, active = v4:CONNECTED(0) v6:IDLE
V/DATA    (  589): [DCT(0) ] ds= SERVICE_TYPE_MMS, enabled = false, active = v4:CONNECTED(0) v6:IDLE
V/DATA    (  589): [DCT(0) ] ds= SERVICE_TYPE_SUPL, enabled = false, active = v4:CONNECTED(0) v6:IDLE
V/DATA    (  589): [DCT(0) ] ds= SERVICE_TYPE_DUN, enabled = false, active = v4:IDLE v6:IDLE
V/DATA    (  589): [DCT(0) ] ds= SERVICE_TYPE_HIPRI, enabled = false, active = v4:CONNECTED(0) v6:IDLE
D/DATA    (  589): mMasterDataEnabled=true,isUsePacketData=true
I/DATA    (  589): [DCT(0) ] Ready for data : 
I/DATA    (  589): [DCT(0) ]    getDesiredPowerState() = true
I/DATA    (  589): [DCT(0) ]    mCm.getRadioState() = RADIO_ON
I/DATA    (  589): [DCT(0) ]    [DataRadioTech = RADIO_TECH_HSPA, data network state = 0, mMasterDataEnabled = true, is Roaming = false, dataOnRoamingEnable = false, isPsRestricted = false, desiredPowerState  = true, mSIMRecords = true/310410, cdmaSubSource = 1/, mRuimRecords = , checks = true/true]
V/DATA    (  589): [DCT(0) ] trySetupDataCall : ds=SERVICE_TYPE_DEFAULT, ipv=INET6, reason=radioTechnologyChanged
W/DATA    (  589): [DCT(0) ] no working data profile available to establish service type SERVICE_TYPE_DEFAULTon INET6
D/DATA    (  589):  notifyDataConnection Pass INET6 >>> Fix me later please!!
D/PhoneApp(  589): CONNECTED - hideDataDisconnectedRoaming()
V/DATA    (  589): [DCT(0) ] onDataCallListChanged:
V/DATA    (  589): [DCT(0) ] ---dc state list---
V/DATA    (  589): [DCT(0) ] DataCallState: { cid: 0, active: 2, type: , apn: pta, address: 10.8.248.107 }
V/DATA    (  589): [DCT(0) ] ---dc list---
V/DATA    (  589): [DCT(0) ] cid = 0, state = DcActiveState, bearerType = IP, ipaddress = 10.8.248.107, gw=10.8.248.105, dns=[172.26.38.1, 172.26.38.2]
D/MobileDataStateTracker(  445): replacing old mInterfaceName (rmnet_sdio0) with rmnet_sdio0 for mms
V/DATA    (  589): [DCT(0) ] intent received :android.intent.action.ANY_DATA_STATE
D/DATA    (  589): NETWORK_STATE_CHANGED_ACTION : data_call = 49
D/PhoneApp(  589): CONNECTED - hideDataDisconnectedRoaming()
V/AlarmManager(  445): Adding alarm Alarm{40aa8a18 type 2 com.google.android.location} at 1
D/MobileDataStateTracker(  445): replacing old mInterfaceName (rmnet_sdio0) with rmnet_sdio0 for supl
V/DATA    (  589): [DCT(0) ] intent received :android.intent.action.ANY_DATA_STATE
D/DATA    (  589): NETWORK_STATE_CHANGED_ACTION : data_call = 49
D/PhoneApp(  589): CONNECTED - hideDataDisconnectedRoaming()
V/DATA    (  589): [DCT(0) ] intent received :android.intent.action.ANY_DATA_STATE
D/DATA    (  589): NETWORK_STATE_CHANGED_ACTION : data_call = 49
V/DATA    (  589): [DCT(0) ] intent received :android.intent.action.ANY_DATA_STATE
D/DATA    (  589): NETWORK_STATE_CHANGED_ACTION : data_call = 49
D/PhoneApp(  589): CONNECTED - hideDataDisconnectedRoaming()
I/SML     (21817): V1.1112.5.1 [smlPhoneStatus.java Line:70] [onServiceStateChanged] onServiceStateChanged nNetwork =10
I/SML     (21817): V1.1112.5.1 [smlPhoneStatus.java Line:71] [onServiceStateChanged] onServiceStateChanged bRoming =false
V/AlarmManager(  445): Adding alarm Alarm{40b2dad0 type 2 com.google.android.apps.maps} at 5
D/BatteryService(  445): update start
D/BatteryService(  445): updateBattery level:7 scale:100 status:2 health:2 present:true voltage: 3625 temperature: 362 technology: Li-ion AC powered:false USB powered:true icon:17302237
D/UiModeManager(  445): updateConfigurationLocked: mDockState=0; mCarMode=false; mNightMode=0; uiMode=17
D/DATA    (  589): [DSST(0)] pollstate() : reason = data network state changed
V/DATA    (  589): [DCT(0) ] onDataCallListChanged:
V/DATA    (  589): [DCT(0) ] ---dc state list---
V/DATA    (  589): [DCT(0) ] DataCallState: { cid: 0, active: 1, type: , apn: pta, address: 10.8.248.107 }
V/DATA    (  589): [DCT(0) ] ---dc list---
V/DATA    (  589): [DCT(0) ] cid = 0, state = DcActiveState, bearerType = IP, ipaddress = 10.8.248.107, gw=10.8.248.105, dns=[172.26.38.1, 172.26.38.2]
D/DATA    (  589): [DSST(0)] Poll ServiceState done: oldSS=[0 home null null null  HSPA CSS not supported -1 -1RoamInd: -1DefRoamInd: -1EmergOnly: false] newSS=[0 home null null null  HSPA CSS not supported -1 -1RoamInd: -1DefRoamInd: -1EmergOnly: false]
D/dalvikvm(  589): GC_CONCURRENT freed 403K, 37% free 4428K/6983K, external 0K/1280K, paused 6ms+3ms
I/VCoreDaemon(23407): 1333615216159: inside sendPacket(Packet p)
I/NetworkThread(23407): 1333615216179: Sending UDP payload: 406
I/VCoreDaemon(23407): 1333615228579: leader to cloud hearbeat...
D/DATA    (  589): [DSST(0)] pollstate() : reason = data network state changed
D/DATA    (  589): [DSST(0)] Poll ServiceState done: oldSS=[0 home null null null  HSPA CSS not supported -1 -1RoamInd: -1DefRoamInd: -1EmergOnly: false] newSS=[0 home null null null  UMTS CSS not supported -1 -1RoamInd: -1DefRoamInd: -1EmergOnly: false]
I/GlobalActions(  445): inAirplaneModefalse mAirplaneStateOff serviceState.getState()0
I/TelephonyRegistry(  445): notifyServiceState: 0 home AT&T AT&T 310410  UMTS CSS not supported -1 -1RoamInd: -1DefRoamInd: -1EmergOnly: false
W/EDM     (  445):  >>> CallingPolicyService.mPhoneListener.new PhoneStateListener() {...}.onServiceStateChanged()
W/EDM     (  445): >>> CallingPolicyService.loadSettings()
W/EDM     (  445): >>> CallingPolicyService.getAdminIdByLastChange()
W/EDM     (  445): >>> CallingPolicyService.getLastChangeId()
W/EDM     (  445): CallingPolicyService.getAdminIdByLastChange() adminId : -1
D/DATA    (  589): mMasterDataEnabled=true,isUsePacketData=true
D/DATA    (  589): mMasterDataEnabled=true,isUsePacketData=true
I/TelephonyRegistry(  445): notifyDataConnection: anyState=2,default/INET,apnTypeState=2,iface=rmnet_sdio0,ip=10.8.248.107,gw=10.8.248.105,isDataConnectivityPossible=true,networkType=3,reason=radioTechnologyChanged
D/MobileDataStateTracker(  445): replacing old mInterfaceName (rmnet_sdio0) with rmnet_sdio0 for hipri
D/FlightSettingButton(  559): EVENT_SERVICE_STATE_CHANGED received
E/FlightSettingButton(  559): updateStatus : 0
D/DATA    (  589):  notifyDataConnection Pass INET6 >>> Fix me later please!!
D/DATA    (  589): mMasterDataEnabled=true,isUsePacketData=true
I/TelephonyRegistry(  445): notifyDataConnection: anyState=2,mms/INET,apnTypeState=2,iface=rmnet_sdio0,ip=10.8.248.107,gw=10.8.248.105,isDataConnectivityPossible=true,networkType=3,reason=radioTechnologyChanged
D/DATA    (  589):  notifyDataConnection Pass INET6 >>> Fix me later please!!
D/DATA    (  589): mMasterDataEnabled=true,isUsePacketData=true
D/DATA    (  589):  notifyDataConnection Pass INET6 >>> Fix me later please!!
D/DATA    (  589): mMasterDataEnabled=true,isUsePacketData=true
D/DATA    (  589):  notifyDataConnection Pass INET6 >>> Fix me later please!!
D/DATA    (  589): mMasterDataEnabled=true,isUsePacketData=true
I/TelephonyRegistry(  445): notifyDataConnection: anyState=2,supl/INET,apnTypeState=2,iface=rmnet_sdio0,ip=10.8.248.107,gw=10.8.248.105,isDataConnectivityPossible=true,networkType=3,reason=radioTechnologyChanged
I/TelephonyRegistry(  445): notifyDataConnection: anyState=2,dun/INET,apnTypeState=0,iface=null,ip=null,gw=null,isDataConnectivityPossible=true,networkType=3,reason=radioTechnologyChanged
I/TelephonyRegistry(  445): notifyDataConnection: anyState=2,hipri/INET,apnTypeState=2,iface=rmnet_sdio0,ip=10.8.248.107,gw=10.8.248.105,isDataConnectivityPossible=true,networkType=3,reason=radioTechnologyChanged
D/DATA    (  589):  notifyDataConnection Pass INET6 >>> Fix me later please!!
V/DATA    (  589): [DCT(0) ] onUpdateDataConnections: reason=radioTechnologyChanged
V/DATA    (  589): [DCT(0) ] ---dc list---
V/DATA    (  589): [DCT(0) ] cid = 0, state = DcActiveState, bearerType = IP, ipaddress = 10.8.248.107, gw=10.8.248.105, dns=[172.26.38.1, 172.26.38.2]
V/DATA    (  589): [DCT(0) ] ---ds list---
V/DATA    (  589): [DCT(0) ] ds= SERVICE_TYPE_DEFAULT, enabled = true, active = v4:CONNECTED(0) v6:IDLE
V/DATA    (  589): [DCT(0) ] ds= SERVICE_TYPE_MMS, enabled = false, active = v4:CONNECTED(0) v6:IDLE
V/DATA    (  589): [DCT(0) ] ds= SERVICE_TYPE_SUPL, enabled = false, active = v4:CONNECTED(0) v6:IDLE
V/DATA    (  589): [DCT(0) ] ds= SERVICE_TYPE_DUN, enabled = false, active = v4:IDLE v6:IDLE
V/DATA    (  589): [DCT(0) ] ds= SERVICE_TYPE_HIPRI, enabled = false, active = v4:CONNECTED(0) v6:IDLE
D/DATA    (  589): mMasterDataEnabled=true,isUsePacketData=true
I/DATA    (  589): [DCT(0) ] Ready for data : 
I/DATA    (  589): [DCT(0) ]    getDesiredPowerState() = true
I/DATA    (  589): [DCT(0) ]    mCm.getRadioState() = RADIO_ON
I/DATA    (  589): [DCT(0) ]    [DataRadioTech = RADIO_TECH_UMTS, data network state = 0, mMasterDataEnabled = true, is Roaming = false, dataOnRoamingEnable = false, isPsRestricted = false, desiredPowerState  = true, mSIMRecords = true/310410, cdmaSubSource = 1/, mRuimRecords = , checks = true/true]
V/DATA    (  589): [DCT(0) ] trySetupDataCall : ds=SERVICE_TYPE_DEFAULT, ipv=INET6, reason=radioTechnologyChanged
W/DATA    (  589): [DCT(0) ] no working data profile available to establish service type SERVICE_TYPE_DEFAULTon INET6
D/DATA    (  589):  notifyDataConnection Pass INET6 >>> Fix me later please!!
D/MobileDataStateTracker(  445): default Received state= CONNECTED, old= CONNECTED, reason= radioTechnologyChanged, apnTypeList= default
V/DATA    (  589): [DCT(0) ] intent received :android.intent.action.ANY_DATA_STATE
D/DATA    (  589): NETWORK_STATE_CHANGED_ACTION : data_call = 49
D/PhoneApp(  589): CONNECTED - hideDataDisconnectedRoaming()
V/AlarmManager(  445): Adding alarm Alarm{40b92a60 type 2 com.google.android.location} at 1
D/MobileDataStateTracker(  445): replacing old mInterfaceName (rmnet_sdio0) with rmnet_sdio0 for mms
V/DATA    (  589): [DCT(0) ] intent received :android.intent.action.ANY_DATA_STATE
D/DATA    (  589): NETWORK_STATE_CHANGED_ACTION : data_call = 49
D/PhoneApp(  589): CONNECTED - hideDataDisconnectedRoaming()
D/MobileDataStateTracker(  445): replacing old mInterfaceName (rmnet_sdio0) with rmnet_sdio0 for supl
V/DATA    (  589): [DCT(0) ] intent received :android.intent.action.ANY_DATA_STATE
D/DATA    (  589): NETWORK_STATE_CHANGED_ACTION : data_call = 49
D/PhoneApp(  589): CONNECTED - hideDataDisconnectedRoaming()
V/DATA    (  589): [DCT(0) ] intent received :android.intent.action.ANY_DATA_STATE
D/DATA    (  589): NETWORK_STATE_CHANGED_ACTION : data_call = 49
V/DATA    (  589): [DCT(0) ] intent received :android.intent.action.ANY_DATA_STATE
D/DATA    (  589): NETWORK_STATE_CHANGED_ACTION : data_call = 49
D/PhoneApp(  589): CONNECTED - hideDataDisconnectedRoaming()
I/SML     (21817): V1.1112.5.1 [smlPhoneStatus.java Line:70] [onServiceStateChanged] onServiceStateChanged nNetwork =3
I/SML     (21817): V1.1112.5.1 [smlPhoneStatus.java Line:71] [onServiceStateChanged] onServiceStateChanged bRoming =false
V/AlarmManager(  445): Adding alarm Alarm{40ba1c58 type 2 com.google.android.apps.maps} at 5
D/DATA    (  589): [DSST(0)] pollstate() : reason = data network state changed
D/DATA    (  589): [DSST(0)] Poll ServiceState done: oldSS=[0 home null null null  UMTS CSS not supported -1 -1RoamInd: -1DefRoamInd: -1EmergOnly: false] newSS=[0 home null null null  UMTS CSS not supported -1 -1RoamInd: -1DefRoamInd: -1EmergOnly: false]
D/DATA    (  589): [DSST(0)] pollstate() : reason = data network state changed
V/DATA    (  589): [DCT(0) ] onDataCallListChanged:
V/DATA    (  589): [DCT(0) ] ---dc state list---
V/DATA    (  589): [DCT(0) ] DataCallState: { cid: 0, active: 2, type: , apn: pta, address: 10.8.248.107 }
V/DATA    (  589): [DCT(0) ] ---dc list---
V/DATA    (  589): [DCT(0) ] cid = 0, state = DcActiveState, bearerType = IP, ipaddress = 10.8.248.107, gw=10.8.248.105, dns=[172.26.38.1, 172.26.38.2]
D/DATA    (  589): [DSST(0)] Poll ServiceState done: oldSS=[0 home null null null  UMTS CSS not supported -1 -1RoamInd: -1DefRoamInd: -1EmergOnly: false] newSS=[0 home null null null  UMTS CSS not supported -1 -1RoamInd: -1DefRoamInd: -1EmergOnly: false]
I/VNC:Cloud(23407): Request executed: http://hermes5.csail.mit.edu:8212/take/1/0/5012/1333615228580/
D/DATA    (  589): [DSST(0)] pollstate() : reason = data network state changed
D/DATA    (  589): [DSST(0)] Poll ServiceState done: oldSS=[0 home null null null  UMTS CSS not supported -1 -1RoamInd: -1DefRoamInd: -1EmergOnly: false] newSS=[0 home null null null  UMTS CSS not supported -1 -1RoamInd: -1DefRoamInd: -1EmergOnly: false]
D/DATA    (  589): [DSST(0)] pollstate() : reason = data network state changed
D/DATA    (  589): [DSST(0)] Poll ServiceState done: oldSS=[0 home null null null  UMTS CSS not supported -1 -1RoamInd: -1DefRoamInd: -1EmergOnly: false] newSS=[0 home null null null  HSPA CSS not supported -1 -1RoamInd: -1DefRoamInd: -1EmergOnly: false]
I/TelephonyRegistry(  445): notifyServiceState: 0 home AT&T AT&T 310410  HSPA CSS not supported -1 -1RoamInd: -1DefRoamInd: -1EmergOnly: false
I/GlobalActions(  445): inAirplaneModefalse mAirplaneStateOff serviceState.getState()0
W/EDM     (  445):  >>> CallingPolicyService.mPhoneListener.new PhoneStateListener() {...}.onServiceStateChanged()
W/EDM     (  445): >>> CallingPolicyService.loadSettings()
W/EDM     (  445): >>> CallingPolicyService.getAdminIdByLastChange()
W/EDM     (  445): >>> CallingPolicyService.getLastChangeId()
W/EDM     (  445): CallingPolicyService.getAdminIdByLastChange() adminId : -1
D/FlightSettingButton(  559): EVENT_SERVICE_STATE_CHANGED received
E/FlightSettingButton(  559): updateStatus : 0
D/DATA    (  589): mMasterDataEnabled=true,isUsePacketData=true
D/DATA    (  589): mMasterDataEnabled=true,isUsePacketData=true
I/TelephonyRegistry(  445): notifyDataConnection: anyState=2,default/INET,apnTypeState=2,iface=rmnet_sdio0,ip=10.8.248.107,gw=10.8.248.105,isDataConnectivityPossible=true,networkType=10,reason=radioTechnologyChanged
D/MobileDataStateTracker(  445): replacing old mInterfaceName (rmnet_sdio0) with rmnet_sdio0 for hipri
D/DATA    (  589):  notifyDataConnection Pass INET6 >>> Fix me later please!!
D/DATA    (  589): mMasterDataEnabled=true,isUsePacketData=true
D/DATA    (  589):  notifyDataConnection Pass INET6 >>> Fix me later please!!
I/TelephonyRegistry(  445): notifyDataConnection: anyState=2,mms/INET,apnTypeState=2,iface=rmnet_sdio0,ip=10.8.248.107,gw=10.8.248.105,isDataConnectivityPossible=true,networkType=10,reason=radioTechnologyChanged
D/DATA    (  589): mMasterDataEnabled=true,isUsePacketData=true
D/DATA    (  589):  notifyDataConnection Pass INET6 >>> Fix me later please!!
D/DATA    (  589): mMasterDataEnabled=true,isUsePacketData=true
D/DATA    (  589):  notifyDataConnection Pass INET6 >>> Fix me later please!!
I/TelephonyRegistry(  445): notifyDataConnection: anyState=2,supl/INET,apnTypeState=2,iface=rmnet_sdio0,ip=10.8.248.107,gw=10.8.248.105,isDataConnectivityPossible=true,networkType=10,reason=radioTechnologyChanged
I/TelephonyRegistry(  445): notifyDataConnection: anyState=2,dun/INET,apnTypeState=0,iface=null,ip=null,gw=null,isDataConnectivityPossible=true,networkType=10,reason=radioTechnologyChanged
D/DATA    (  589): mMasterDataEnabled=true,isUsePacketData=true
D/DATA    (  589):  notifyDataConnection Pass INET6 >>> Fix me later please!!
I/TelephonyRegistry(  445): notifyDataConnection: anyState=2,hipri/INET,apnTypeState=2,iface=rmnet_sdio0,ip=10.8.248.107,gw=10.8.248.105,isDataConnectivityPossible=true,networkType=10,reason=radioTechnologyChanged
V/DATA    (  589): [DCT(0) ] onUpdateDataConnections: reason=radioTechnologyChanged
V/DATA    (  589): [DCT(0) ] ---dc list---
D/MobileDataStateTracker(  445): default Received state= CONNECTED, old= CONNECTED, reason= radioTechnologyChanged, apnTypeList= default
V/DATA    (  589): [DCT(0) ] cid = 0, state = DcActiveState, bearerType = IP, ipaddress = 10.8.248.107, gw=10.8.248.105, dns=[172.26.38.1, 172.26.38.2]
V/DATA    (  589): [DCT(0) ] ---ds list---
V/DATA    (  589): [DCT(0) ] ds= SERVICE_TYPE_DEFAULT, enabled = true, active = v4:CONNECTED(0) v6:IDLE
V/DATA    (  589): [DCT(0) ] ds= SERVICE_TYPE_MMS, enabled = false, active = v4:CONNECTED(0) v6:IDLE
V/DATA    (  589): [DCT(0) ] ds= SERVICE_TYPE_SUPL, enabled = false, active = v4:CONNECTED(0) v6:IDLE
V/DATA    (  589): [DCT(0) ] ds= SERVICE_TYPE_DUN, enabled = false, active = v4:IDLE v6:IDLE
V/DATA    (  589): [DCT(0) ] ds= SERVICE_TYPE_HIPRI, enabled = false, active = v4:CONNECTED(0) v6:IDLE
D/DATA    (  589): mMasterDataEnabled=true,isUsePacketData=true
I/DATA    (  589): [DCT(0) ] Ready for data : 
I/DATA    (  589): [DCT(0) ]    getDesiredPowerState() = true
I/DATA    (  589): [DCT(0) ]    mCm.getRadioState() = RADIO_ON
I/DATA    (  589): [DCT(0) ]    [DataRadioTech = RADIO_TECH_HSPA, data network state = 0, mMasterDataEnabled = true, is Roaming = false, dataOnRoamingEnable = false, isPsRestricted = false, desiredPowerState  = true, mSIMRecords = true/310410, cdmaSubSource = 1/, mRuimRecords = , checks = true/true]
V/DATA    (  589): [DCT(0) ] trySetupDataCall : ds=SERVICE_TYPE_DEFAULT, ipv=INET6, reason=radioTechnologyChanged
W/DATA    (  589): [DCT(0) ] no working data profile available to establish service type SERVICE_TYPE_DEFAULTon INET6
D/DATA    (  589):  notifyDataConnection Pass INET6 >>> Fix me later please!!
V/DATA    (  589): [DCT(0) ] intent received :android.intent.action.ANY_DATA_STATE
D/DATA    (  589): NETWORK_STATE_CHANGED_ACTION : data_call = 49
D/PhoneApp(  589): CONNECTED - hideDataDisconnectedRoaming()
D/MobileDataStateTracker(  445): replacing old mInterfaceName (rmnet_sdio0) with rmnet_sdio0 for mms
V/DATA    (  589): [DCT(0) ] onDataCallListChanged:
V/DATA    (  589): [DCT(0) ] ---dc state list---
V/DATA    (  589): [DCT(0) ] DataCallState: { cid: 0, active: 2, type: , apn: pta, address: 10.8.248.107 }
V/DATA    (  589): [DCT(0) ] ---dc list---
V/DATA    (  589): [DCT(0) ] cid = 0, state = DcActiveState, bearerType = IP, ipaddress = 10.8.248.107, gw=10.8.248.105, dns=[172.26.38.1, 172.26.38.2]
V/DATA    (  589): [DCT(0) ] intent received :android.intent.action.ANY_DATA_STATE
D/DATA    (  589): NETWORK_STATE_CHANGED_ACTION : data_call = 49
D/PhoneApp(  589): CONNECTED - hideDataDisconnectedRoaming()
V/AlarmManager(  445): Adding alarm Alarm{40a28088 type 2 com.google.android.location} at 1
D/MobileDataStateTracker(  445): replacing old mInterfaceName (rmnet_sdio0) with rmnet_sdio0 for supl
V/DATA    (  589): [DCT(0) ] intent received :android.intent.action.ANY_DATA_STATE
D/DATA    (  589): NETWORK_STATE_CHANGED_ACTION : data_call = 49
D/PhoneApp(  589): CONNECTED - hideDataDisconnectedRoaming()
I/SML     (21817): V1.1112.5.1 [smlPhoneStatus.java Line:70] [onServiceStateChanged] onServiceStateChanged nNetwork =10
I/SML     (21817): V1.1112.5.1 [smlPhoneStatus.java Line:71] [onServiceStateChanged] onServiceStateChanged bRoming =false
V/DATA    (  589): [DCT(0) ] intent received :android.intent.action.ANY_DATA_STATE
D/DATA    (  589): NETWORK_STATE_CHANGED_ACTION : data_call = 49
V/DATA    (  589): [DCT(0) ] intent received :android.intent.action.ANY_DATA_STATE
D/DATA    (  589): NETWORK_STATE_CHANGED_ACTION : data_call = 49
D/PhoneApp(  589): CONNECTED - hideDataDisconnectedRoaming()
V/AlarmManager(  445): Adding alarm Alarm{40d07398 type 2 com.google.android.apps.maps} at 5
D/dalvikvm(  445): GC_CONCURRENT freed 1988K, 40% free 8399K/13895K, external 7207K/9000K, paused 2ms+8ms
D/DATA    (  589): [DSST(0)] pollstate() : reason = data network state changed
V/DATA    (  589): [DCT(0) ] onDataCallListChanged:
V/DATA    (  589): [DCT(0) ] ---dc state list---
V/DATA    (  589): [DCT(0) ] DataCallState: { cid: 0, active: 1, type: , apn: pta, address: 10.8.248.107 }
V/DATA    (  589): [DCT(0) ] ---dc list---
V/DATA    (  589): [DCT(0) ] cid = 0, state = DcActiveState, bearerType = IP, ipaddress = 10.8.248.107, gw=10.8.248.105, dns=[172.26.38.1, 172.26.38.2]
D/DATA    (  589): [DSST(0)] Poll ServiceState done: oldSS=[0 home null null null  HSPA CSS not supported -1 -1RoamInd: -1DefRoamInd: -1EmergOnly: false] newSS=[0 home null null null  HSPA CSS not supported -1 -1RoamInd: -1DefRoamInd: -1EmergOnly: false]
I/VCoreDaemon(23407): 1333615246167: inside sendPacket(Packet p)
I/NetworkThread(23407): 1333615246172: Sending UDP payload: 406
D/BatteryService(  445): update start
D/BatteryService(  445): updateBattery level:7 scale:100 status:2 health:2 present:true voltage: 3640 temperature: 363 technology: Li-ion AC powered:false USB powered:true icon:17302237
D/UiModeManager(  445): updateConfigurationLocked: mDockState=0; mCarMode=false; mNightMode=0; uiMode=17
E/AlarmManagerService(  445): android_server_AlarmManagerService_set to type=1, 1333684800.000000000
V/AlarmManager(  445): sending alarm Alarm{40d2be38 type 1 android}
E/AlarmManagerService(  445): android_server_AlarmManagerService_set to type=1, 1333615320.000000000
V/AlarmManager(  445): Adding alarm Alarm{40be9220 type 1 android} at 0
I/VCoreDaemon(23407): 1333615260556: leader to cloud hearbeat...
D/DATA    (  589): [DSST(0)] pollstate() : reason = data network state changed
D/DATA    (  589): [DSST(0)] Poll ServiceState done: oldSS=[0 home null null null  HSPA CSS not supported -1 -1RoamInd: -1DefRoamInd: -1EmergOnly: false] newSS=[0 home null null null  UMTS CSS not supported -1 -1RoamInd: -1DefRoamInd: -1EmergOnly: false]
I/TelephonyRegistry(  445): notifyServiceState: 0 home AT&T AT&T 310410  UMTS CSS not supported -1 -1RoamInd: -1DefRoamInd: -1EmergOnly: false
I/GlobalActions(  445): inAirplaneModefalse mAirplaneStateOff serviceState.getState()0
W/EDM     (  445):  >>> CallingPolicyService.mPhoneListener.new PhoneStateListener() {...}.onServiceStateChanged()
W/EDM     (  445): >>> CallingPolicyService.loadSettings()
W/EDM     (  445): >>> CallingPolicyService.getAdminIdByLastChange()
W/EDM     (  445): >>> CallingPolicyService.getLastChangeId()
W/EDM     (  445): CallingPolicyService.getAdminIdByLastChange() adminId : -1
D/DATA    (  589): mMasterDataEnabled=true,isUsePacketData=true
D/FlightSettingButton(  559): EVENT_SERVICE_STATE_CHANGED received
E/FlightSettingButton(  559): updateStatus : 0
D/DATA    (  589): mMasterDataEnabled=true,isUsePacketData=true
D/MobileDataStateTracker(  445): replacing old mInterfaceName (rmnet_sdio0) with rmnet_sdio0 for hipri
I/TelephonyRegistry(  445): notifyDataConnection: anyState=2,default/INET,apnTypeState=2,iface=rmnet_sdio0,ip=10.8.248.107,gw=10.8.248.105,isDataConnectivityPossible=true,networkType=3,reason=radioTechnologyChanged
D/DATA    (  589):  notifyDataConnection Pass INET6 >>> Fix me later please!!
D/DATA    (  589): mMasterDataEnabled=true,isUsePacketData=true
D/DATA    (  589):  notifyDataConnection Pass INET6 >>> Fix me later please!!
I/TelephonyRegistry(  445): notifyDataConnection: anyState=2,mms/INET,apnTypeState=2,iface=rmnet_sdio0,ip=10.8.248.107,gw=10.8.248.105,isDataConnectivityPossible=true,networkType=3,reason=radioTechnologyChanged
D/DATA    (  589): mMasterDataEnabled=true,isUsePacketData=true
D/DATA    (  589):  notifyDataConnection Pass INET6 >>> Fix me later please!!
D/DATA    (  589): mMasterDataEnabled=true,isUsePacketData=true
D/DATA    (  589):  notifyDataConnection Pass INET6 >>> Fix me later please!!
I/TelephonyRegistry(  445): notifyDataConnection: anyState=2,supl/INET,apnTypeState=2,iface=rmnet_sdio0,ip=10.8.248.107,gw=10.8.248.105,isDataConnectivityPossible=true,networkType=3,reason=radioTechnologyChanged
I/TelephonyRegistry(  445): notifyDataConnection: anyState=2,dun/INET,apnTypeState=0,iface=null,ip=null,gw=null,isDataConnectivityPossible=true,networkType=3,reason=radioTechnologyChanged
D/DATA    (  589): mMasterDataEnabled=true,isUsePacketData=true
D/MobileDataStateTracker(  445): default Received state= CONNECTED, old= CONNECTED, reason= radioTechnologyChanged, apnTypeList= default
I/TelephonyRegistry(  445): notifyDataConnection: anyState=2,hipri/INET,apnTypeState=2,iface=rmnet_sdio0,ip=10.8.248.107,gw=10.8.248.105,isDataConnectivityPossible=true,networkType=3,reason=radioTechnologyChanged
D/DATA    (  589):  notifyDataConnection Pass INET6 >>> Fix me later please!!
V/DATA    (  589): [DCT(0) ] intent received :android.intent.action.ANY_DATA_STATE
D/DATA    (  589): NETWORK_STATE_CHANGED_ACTION : data_call = 49
V/DATA    (  589): [DCT(0) ] onUpdateDataConnections: reason=radioTechnologyChanged
V/DATA    (  589): [DCT(0) ] ---dc list---
V/DATA    (  589): [DCT(0) ] cid = 0, state = DcActiveState, bearerType = IP, ipaddress = 10.8.248.107, gw=10.8.248.105, dns=[172.26.38.1, 172.26.38.2]
V/DATA    (  589): [DCT(0) ] ---ds list---
V/DATA    (  589): [DCT(0) ] ds= SERVICE_TYPE_DEFAULT, enabled = true, active = v4:CONNECTED(0) v6:IDLE
V/DATA    (  589): [DCT(0) ] ds= SERVICE_TYPE_MMS, enabled = false, active = v4:CONNECTED(0) v6:IDLE
V/DATA    (  589): [DCT(0) ] ds= SERVICE_TYPE_SUPL, enabled = false, active = v4:CONNECTED(0) v6:IDLE
V/DATA    (  589): [DCT(0) ] ds= SERVICE_TYPE_DUN, enabled = false, active = v4:IDLE v6:IDLE
V/DATA    (  589): [DCT(0) ] ds= SERVICE_TYPE_HIPRI, enabled = false, active = v4:CONNECTED(0) v6:IDLE
D/DATA    (  589): mMasterDataEnabled=true,isUsePacketData=true
I/DATA    (  589): [DCT(0) ] Ready for data : 
I/DATA    (  589): [DCT(0) ]    getDesiredPowerState() = true
I/DATA    (  589): [DCT(0) ]    mCm.getRadioState() = RADIO_ON
I/DATA    (  589): [DCT(0) ]    [DataRadioTech = RADIO_TECH_UMTS, data network state = 0, mMasterDataEnabled = true, is Roaming = false, dataOnRoamingEnable = false, isPsRestricted = false, desiredPowerState  = true, mSIMRecords = true/310410, cdmaSubSource = 1/, mRuimRecords = , checks = true/true]
V/DATA    (  589): [DCT(0) ] trySetupDataCall : ds=SERVICE_TYPE_DEFAULT, ipv=INET6, reason=radioTechnologyChanged
W/DATA    (  589): [DCT(0) ] no working data profile available to establish service type SERVICE_TYPE_DEFAULTon INET6
D/DATA    (  589):  notifyDataConnection Pass INET6 >>> Fix me later please!!
D/PhoneApp(  589): CONNECTED - hideDataDisconnectedRoaming()
D/MobileDataStateTracker(  445): replacing old mInterfaceName (rmnet_sdio0) with rmnet_sdio0 for mms
V/DATA    (  589): [DCT(0) ] intent received :android.intent.action.ANY_DATA_STATE
D/DATA    (  589): NETWORK_STATE_CHANGED_ACTION : data_call = 49
D/PhoneApp(  589): CONNECTED - hideDataDisconnectedRoaming()
I/SML     (21817): V1.1112.5.1 [smlPhoneStatus.java Line:70] [onServiceStateChanged] onServiceStateChanged nNetwork =3
V/AlarmManager(  445): Adding alarm Alarm{4093f138 type 2 com.google.android.location} at 1
D/MobileDataStateTracker(  445): replacing old mInterfaceName (rmnet_sdio0) with rmnet_sdio0 for supl
V/DATA    (  589): [DCT(0) ] intent received :android.intent.action.ANY_DATA_STATE
D/DATA    (  589): NETWORK_STATE_CHANGED_ACTION : data_call = 49
D/PhoneApp(  589): CONNECTED - hideDataDisconnectedRoaming()
V/DATA    (  589): [DCT(0) ] intent received :android.intent.action.ANY_DATA_STATE
D/DATA    (  589): NETWORK_STATE_CHANGED_ACTION : data_call = 49
D/dalvikvm(  589): GC_CONCURRENT freed 449K, 37% free 4421K/6983K, external 0K/1280K, paused 2ms+2ms
V/DATA    (  589): [DCT(0) ] intent received :android.intent.action.ANY_DATA_STATE
D/DATA    (  589): NETWORK_STATE_CHANGED_ACTION : data_call = 49
D/PhoneApp(  589): CONNECTED - hideDataDisconnectedRoaming()
I/SML     (21817): V1.1112.5.1 [smlPhoneStatus.java Line:71] [onServiceStateChanged] onServiceStateChanged bRoming =false
V/AlarmManager(  445): Adding alarm Alarm{409b9428 type 2 com.google.android.apps.maps} at 5
D/DATA    (  589): [DSST(0)] pollstate() : reason = data network state changed
D/DATA    (  589): [DSST(0)] Poll ServiceState done: oldSS=[0 home null null null  UMTS CSS not supported -1 -1RoamInd: -1DefRoamInd: -1EmergOnly: false] newSS=[0 home null null null  UMTS CSS not supported -1 -1RoamInd: -1DefRoamInd: -1EmergOnly: false]
D/DATA    (  589): [DSST(0)] pollstate() : reason = data network state changed
V/DATA    (  589): [DCT(0) ] onDataCallListChanged:
V/DATA    (  589): [DCT(0) ] ---dc state list---
V/DATA    (  589): [DCT(0) ] DataCallState: { cid: 0, active: 2, type: , apn: pta, address: 10.8.248.107 }
V/DATA    (  589): [DCT(0) ] ---dc list---
V/DATA    (  589): [DCT(0) ] cid = 0, state = DcActiveState, bearerType = IP, ipaddress = 10.8.248.107, gw=10.8.248.105, dns=[172.26.38.1, 172.26.38.2]
D/DATA    (  589): [DSST(0)] Poll ServiceState done: oldSS=[0 home null null null  UMTS CSS not supported -1 -1RoamInd: -1DefRoamInd: -1EmergOnly: false] newSS=[0 home null null null  UMTS CSS not supported -1 -1RoamInd: -1DefRoamInd: -1EmergOnly: false]
I/VNC:Cloud(23407): Request executed: http://hermes5.csail.mit.edu:8212/take/1/0/5012/1333615260557/
D/DATA    (  589): [DSST(0)] pollstate() : reason = data network state changed
D/DATA    (  589): [DSST(0)] Poll ServiceState done: oldSS=[0 home null null null  UMTS CSS not supported -1 -1RoamInd: -1DefRoamInd: -1EmergOnly: false] newSS=[0 home null null null  UMTS CSS not supported -1 -1RoamInd: -1DefRoamInd: -1EmergOnly: false]
D/dalvikvm(22626): GC_EXPLICIT freed 17K, 42% free 3141K/5379K, external 0K/0K, paused 58ms
D/DATA    (  589): [DSST(0)] pollstate() : reason = data network state changed
D/DATA    (  589): [DSST(0)] Poll ServiceState done: oldSS=[0 home null null null  UMTS CSS not supported -1 -1RoamInd: -1DefRoamInd: -1EmergOnly: false] newSS=[0 home null null null  HSPA CSS not supported -1 -1RoamInd: -1DefRoamInd: -1EmergOnly: false]
I/GlobalActions(  445): inAirplaneModefalse mAirplaneStateOff serviceState.getState()0
I/TelephonyRegistry(  445): notifyServiceState: 0 home AT&T AT&T 310410  HSPA CSS not supported -1 -1RoamInd: -1DefRoamInd: -1EmergOnly: false
W/EDM     (  445):  >>> CallingPolicyService.mPhoneListener.new PhoneStateListener() {...}.onServiceStateChanged()
W/EDM     (  445): >>> CallingPolicyService.loadSettings()
W/EDM     (  445): >>> CallingPolicyService.getAdminIdByLastChange()
W/EDM     (  445): >>> CallingPolicyService.getLastChangeId()
W/EDM     (  445): CallingPolicyService.getAdminIdByLastChange() adminId : -1
D/FlightSettingButton(  559): EVENT_SERVICE_STATE_CHANGED received
E/FlightSettingButton(  559): updateStatus : 0
D/DATA    (  589): mMasterDataEnabled=true,isUsePacketData=true
D/DATA    (  589): mMasterDataEnabled=true,isUsePacketData=true
I/TelephonyRegistry(  445): notifyDataConnection: anyState=2,default/INET,apnTypeState=2,iface=rmnet_sdio0,ip=10.8.248.107,gw=10.8.248.105,isDataConnectivityPossible=true,networkType=10,reason=radioTechnologyChanged
D/DATA    (  589):  notifyDataConnection Pass INET6 >>> Fix me later please!!
D/DATA    (  589): mMasterDataEnabled=true,isUsePacketData=true
D/MobileDataStateTracker(  445): replacing old mInterfaceName (rmnet_sdio0) with rmnet_sdio0 for hipri
D/DATA    (  589):  notifyDataConnection Pass INET6 >>> Fix me later please!!
I/TelephonyRegistry(  445): notifyDataConnection: anyState=2,mms/INET,apnTypeState=2,iface=rmnet_sdio0,ip=10.8.248.107,gw=10.8.248.105,isDataConnectivityPossible=true,networkType=10,reason=radioTechnologyChanged
D/DATA    (  589): mMasterDataEnabled=true,isUsePacketData=true
D/DATA    (  589):  notifyDataConnection Pass INET6 >>> Fix me later please!!
D/DATA    (  589): mMasterDataEnabled=true,isUsePacketData=true
D/DATA    (  589):  notifyDataConnection Pass INET6 >>> Fix me later please!!
D/DATA    (  589): mMasterDataEnabled=true,isUsePacketData=true
I/TelephonyRegistry(  445): notifyDataConnection: anyState=2,supl/INET,apnTypeState=2,iface=rmnet_sdio0,ip=10.8.248.107,gw=10.8.248.105,isDataConnectivityPossible=true,networkType=10,reason=radioTechnologyChanged
I/TelephonyRegistry(  445): notifyDataConnection: anyState=2,dun/INET,apnTypeState=0,iface=null,ip=null,gw=null,isDataConnectivityPossible=true,networkType=10,reason=radioTechnologyChanged
D/DATA    (  589):  notifyDataConnection Pass INET6 >>> Fix me later please!!
V/DATA    (  589): [DCT(0) ] onDataCallListChanged:
V/DATA    (  589): [DCT(0) ] ---dc state list---
V/DATA    (  589): [DCT(0) ] DataCallState: { cid: 0, active: 2, type: , apn: pta, address: 10.8.248.107 }
V/DATA    (  589): [DCT(0) ] ---dc list---
I/TelephonyRegistry(  445): notifyDataConnection: anyState=2,hipri/INET,apnTypeState=2,iface=rmnet_sdio0,ip=10.8.248.107,gw=10.8.248.105,isDataConnectivityPossible=true,networkType=10,reason=radioTechnologyChanged
V/DATA    (  589): [DCT(0) ] cid = 0, state = DcActiveState, bearerType = IP, ipaddress = 10.8.248.107, gw=10.8.248.105, dns=[172.26.38.1, 172.26.38.2]
V/DATA    (  589): [DCT(0) ] onUpdateDataConnections: reason=radioTechnologyChanged
V/DATA    (  589): [DCT(0) ] ---dc list---
V/DATA    (  589): [DCT(0) ] cid = 0, state = DcActiveState, bearerType = IP, ipaddress = 10.8.248.107, gw=10.8.248.105, dns=[172.26.38.1, 172.26.38.2]
V/DATA    (  589): [DCT(0) ] ---ds list---
V/DATA    (  589): [DCT(0) ] ds= SERVICE_TYPE_DEFAULT, enabled = true, active = v4:CONNECTED(0) v6:IDLE
V/DATA    (  589): [DCT(0) ] ds= SERVICE_TYPE_MMS, enabled = false, active = v4:CONNECTED(0) v6:IDLE
V/DATA    (  589): [DCT(0) ] ds= SERVICE_TYPE_SUPL, enabled = false, active = v4:CONNECTED(0) v6:IDLE
D/MobileDataStateTracker(  445): default Received state= CONNECTED, old= CONNECTED, reason= radioTechnologyChanged, apnTypeList= default
V/DATA    (  589): [DCT(0) ] ds= SERVICE_TYPE_DUN, enabled = false, active = v4:IDLE v6:IDLE
V/DATA    (  589): [DCT(0) ] ds= SERVICE_TYPE_HIPRI, enabled = false, active = v4:CONNECTED(0) v6:IDLE
D/DATA    (  589): mMasterDataEnabled=true,isUsePacketData=true
I/DATA    (  589): [DCT(0) ] Ready for data : 
I/DATA    (  589): [DCT(0) ]    getDesiredPowerState() = true
I/DATA    (  589): [DCT(0) ]    mCm.getRadioState() = RADIO_ON
I/DATA    (  589): [DCT(0) ]    [DataRadioTech = RADIO_TECH_HSPA, data network state = 0, mMasterDataEnabled = true, is Roaming = false, dataOnRoamingEnable = false, isPsRestricted = false, desiredPowerState  = true, mSIMRecords = true/310410, cdmaSubSource = 1/, mRuimRecords = , checks = true/true]
V/DATA    (  589): [DCT(0) ] trySetupDataCall : ds=SERVICE_TYPE_DEFAULT, ipv=INET6, reason=radioTechnologyChanged
W/DATA    (  589): [DCT(0) ] no working data profile available to establish service type SERVICE_TYPE_DEFAULTon INET6
D/DATA    (  589):  notifyDataConnection Pass INET6 >>> Fix me later please!!
V/DATA    (  589): [DCT(0) ] intent received :android.intent.action.ANY_DATA_STATE
D/DATA    (  589): NETWORK_STATE_CHANGED_ACTION : data_call = 49
D/PhoneApp(  589): CONNECTED - hideDataDisconnectedRoaming()
V/AlarmManager(  445): Adding alarm Alarm{40cd0568 type 2 com.google.android.location} at 1
D/MobileDataStateTracker(  445): replacing old mInterfaceName (rmnet_sdio0) with rmnet_sdio0 for mms
V/DATA    (  589): [DCT(0) ] intent received :android.intent.action.ANY_DATA_STATE
D/DATA    (  589): NETWORK_STATE_CHANGED_ACTION : data_call = 49
D/PhoneApp(  589): CONNECTED - hideDataDisconnectedRoaming()
D/MobileDataStateTracker(  445): replacing old mInterfaceName (rmnet_sdio0) with rmnet_sdio0 for supl
V/DATA    (  589): [DCT(0) ] intent received :android.intent.action.ANY_DATA_STATE
D/DATA    (  589): NETWORK_STATE_CHANGED_ACTION : data_call = 49
D/PhoneApp(  589): CONNECTED - hideDataDisconnectedRoaming()
V/DATA    (  589): [DCT(0) ] intent received :android.intent.action.ANY_DATA_STATE
D/DATA    (  589): NETWORK_STATE_CHANGED_ACTION : data_call = 49
V/DATA    (  589): [DCT(0) ] intent received :android.intent.action.ANY_DATA_STATE
D/DATA    (  589): NETWORK_STATE_CHANGED_ACTION : data_call = 49
D/PhoneApp(  589): CONNECTED - hideDataDisconnectedRoaming()
I/SML     (21817): V1.1112.5.1 [smlPhoneStatus.java Line:70] [onServiceStateChanged] onServiceStateChanged nNetwork =10
I/SML     (21817): V1.1112.5.1 [smlPhoneStatus.java Line:71] [onServiceStateChanged] onServiceStateChanged bRoming =false
V/AlarmManager(  445): Adding alarm Alarm{40ab8168 type 2 com.google.android.apps.maps} at 5
I/VCoreDaemon(23407): 1333615276168: inside sendPacket(Packet p)
I/NetworkThread(23407): 1333615276171: Sending UDP payload: 406
D/DATA    (  589): [DSST(0)] pollstate() : reason = data network state changed
V/DATA    (  589): [DCT(0) ] onDataCallListChanged:
V/DATA    (  589): [DCT(0) ] ---dc state list---
V/DATA    (  589): [DCT(0) ] DataCallState: { cid: 0, active: 1, type: , apn: pta, address: 10.8.248.107 }
V/DATA    (  589): [DCT(0) ] ---dc list---
V/DATA    (  589): [DCT(0) ] cid = 0, state = DcActiveState, bearerType = IP, ipaddress = 10.8.248.107, gw=10.8.248.105, dns=[172.26.38.1, 172.26.38.2]
D/DATA    (  589): [DSST(0)] Poll ServiceState done: oldSS=[0 home null null null  HSPA CSS not supported -1 -1RoamInd: -1DefRoamInd: -1EmergOnly: false] newSS=[0 home null null null  HSPA CSS not supported -1 -1RoamInd: -1DefRoamInd: -1EmergOnly: false]
D/BatteryService(  445): update start
D/BatteryService(  445): updateBattery level:7 scale:100 status:2 health:2 present:true voltage: 3656 temperature: 364 technology: Li-ion AC powered:false USB powered:true icon:17302237
D/UiModeManager(  445): updateConfigurationLocked: mDockState=0; mCarMode=false; mNightMode=0; uiMode=17
I/VCoreDaemon(23407): 1333615292589: leader to cloud hearbeat...
D/DATA    (  589): [DSST(0)] pollstate() : reason = data network state changed
D/DATA    (  589): [DSST(0)] Poll ServiceState done: oldSS=[0 home null null null  HSPA CSS not supported -1 -1RoamInd: -1DefRoamInd: -1EmergOnly: false] newSS=[0 home null null null  UMTS CSS not supported -1 -1RoamInd: -1DefRoamInd: -1EmergOnly: false]
I/GlobalActions(  445): inAirplaneModefalse mAirplaneStateOff serviceState.getState()0
W/EDM     (  445):  >>> CallingPolicyService.mPhoneListener.new PhoneStateListener() {...}.onServiceStateChanged()
W/EDM     (  445): >>> CallingPolicyService.loadSettings()
W/EDM     (  445): >>> CallingPolicyService.getAdminIdByLastChange()
W/EDM     (  445): >>> CallingPolicyService.getLastChangeId()
I/TelephonyRegistry(  445): notifyServiceState: 0 home AT&T AT&T 310410  UMTS CSS not supported -1 -1RoamInd: -1DefRoamInd: -1EmergOnly: false
W/EDM     (  445): CallingPolicyService.getAdminIdByLastChange() adminId : -1
D/FlightSettingButton(  559): EVENT_SERVICE_STATE_CHANGED received
E/FlightSettingButton(  559): updateStatus : 0
D/DATA    (  589): mMasterDataEnabled=true,isUsePacketData=true
D/DATA    (  589): mMasterDataEnabled=true,isUsePacketData=true
I/TelephonyRegistry(  445): notifyDataConnection: anyState=2,default/INET,apnTypeState=2,iface=rmnet_sdio0,ip=10.8.248.107,gw=10.8.248.105,isDataConnectivityPossible=true,networkType=3,reason=radioTechnologyChanged
D/MobileDataStateTracker(  445): replacing old mInterfaceName (rmnet_sdio0) with rmnet_sdio0 for hipri
D/DATA    (  589):  notifyDataConnection Pass INET6 >>> Fix me later please!!
D/DATA    (  589): mMasterDataEnabled=true,isUsePacketData=true
D/DATA    (  589):  notifyDataConnection Pass INET6 >>> Fix me later please!!
D/DATA    (  589): mMasterDataEnabled=true,isUsePacketData=true
I/TelephonyRegistry(  445): notifyDataConnection: anyState=2,mms/INET,apnTypeState=2,iface=rmnet_sdio0,ip=10.8.248.107,gw=10.8.248.105,isDataConnectivityPossible=true,networkType=3,reason=radioTechnologyChanged
I/TelephonyRegistry(  445): notifyDataConnection: anyState=2,supl/INET,apnTypeState=2,iface=rmnet_sdio0,ip=10.8.248.107,gw=10.8.248.105,isDataConnectivityPossible=true,networkType=3,reason=radioTechnologyChanged
D/DATA    (  589):  notifyDataConnection Pass INET6 >>> Fix me later please!!
D/DATA    (  589): mMasterDataEnabled=true,isUsePacketData=true
D/DATA    (  589):  notifyDataConnection Pass INET6 >>> Fix me later please!!
D/DATA    (  589): mMasterDataEnabled=true,isUsePacketData=true
I/TelephonyRegistry(  445): notifyDataConnection: anyState=2,dun/INET,apnTypeState=0,iface=null,ip=null,gw=null,isDataConnectivityPossible=true,networkType=3,reason=radioTechnologyChanged
D/DATA    (  589):  notifyDataConnection Pass INET6 >>> Fix me later please!!
V/DATA    (  589): [DCT(0) ] onUpdateDataConnections: reason=radioTechnologyChanged
V/DATA    (  589): [DCT(0) ] ---dc list---
V/DATA    (  589): [DCT(0) ] cid = 0, state = DcActiveState, bearerType = IP, ipaddress = 10.8.248.107, gw=10.8.248.105, dns=[172.26.38.1, 172.26.38.2]
I/TelephonyRegistry(  445): notifyDataConnection: anyState=2,hipri/INET,apnTypeState=2,iface=rmnet_sdio0,ip=10.8.248.107,gw=10.8.248.105,isDataConnectivityPossible=true,networkType=3,reason=radioTechnologyChanged
V/DATA    (  589): [DCT(0) ] ---ds list---
V/DATA    (  589): [DCT(0) ] ds= SERVICE_TYPE_DEFAULT, enabled = true, active = v4:CONNECTED(0) v6:IDLE
V/DATA    (  589): [DCT(0) ] ds= SERVICE_TYPE_MMS, enabled = false, active = v4:CONNECTED(0) v6:IDLE
V/DATA    (  589): [DCT(0) ] ds= SERVICE_TYPE_SUPL, enabled = false, active = v4:CONNECTED(0) v6:IDLE
V/DATA    (  589): [DCT(0) ] ds= SERVICE_TYPE_DUN, enabled = false, active = v4:IDLE v6:IDLE
V/DATA    (  589): [DCT(0) ] ds= SERVICE_TYPE_HIPRI, enabled = false, active = v4:CONNECTED(0) v6:IDLE
D/DATA    (  589): mMasterDataEnabled=true,isUsePacketData=true
I/DATA    (  589): [DCT(0) ] Ready for data : 
I/DATA    (  589): [DCT(0) ]    getDesiredPowerState() = true
I/DATA    (  589): [DCT(0) ]    mCm.getRadioState() = RADIO_ON
