V/AlarmManager(  445): Adding alarm Alarm{40a0ef80 type 2 com.google.android.location} at 1
D/MobileDataStateTracker(  445): replacing old mInterfaceName (rmnet_sdio0) with rmnet_sdio0 for mms
V/DATA    (  589): [DCT(0) ] intent received :android.intent.action.ANY_DATA_STATE
D/DATA    (  589): NETWORK_STATE_CHANGED_ACTION : data_call = 49
D/PhoneApp(  589): CONNECTED - hideDataDisconnectedRoaming()
D/MobileDataStateTracker(  445): replacing old mInterfaceName (rmnet_sdio0) with rmnet_sdio0 for supl
V/DATA    (  589): [DCT(0) ] intent received :android.intent.action.ANY_DATA_STATE
D/DATA    (  589): NETWORK_STATE_CHANGED_ACTION : data_call = 49
D/PhoneApp(  589): CONNECTED - hideDataDisconnectedRoaming()
V/DATA    (  589): [DCT(0) ] intent received :android.intent.action.ANY_DATA_STATE
D/DATA    (  589): NETWORK_STATE_CHANGED_ACTION : data_call = 49
V/DATA    (  589): [DCT(0) ] intent received :android.intent.action.ANY_DATA_STATE
D/DATA    (  589): NETWORK_STATE_CHANGED_ACTION : data_call = 49
D/PhoneApp(  589): CONNECTED - hideDataDisconnectedRoaming()
I/SML     (21817): V1.1112.5.1 [smlPhoneStatus.java Line:70] [onServiceStateChanged] onServiceStateChanged nNetwork =3
I/SML     (21817): V1.1112.5.1 [smlPhoneStatus.java Line:71] [onServiceStateChanged] onServiceStateChanged bRoming =false
V/AlarmManager(  445): Adding alarm Alarm{40d42340 type 2 com.google.android.apps.maps} at 5
D/DATA    (  589): [DSST(0)] pollstate() : reason = data network state changed
D/DATA    (  589): [DSST(0)] Poll ServiceState done: oldSS=[0 home null null null  UMTS CSS not supported -1 -1RoamInd: -1DefRoamInd: -1EmergOnly: false] newSS=[0 home null null null  UMTS CSS not supported -1 -1RoamInd: -1DefRoamInd: -1EmergOnly: false]
D/DATA    (  589): [DSST(0)] pollstate() : reason = data network state changed
V/DATA    (  589): [DCT(0) ] onDataCallListChanged:
V/DATA    (  589): [DCT(0) ] ---dc state list---
V/DATA    (  589): [DCT(0) ] DataCallState: { cid: 0, active: 2, type: , apn: pta, address: 10.8.248.107 }
V/DATA    (  589): [DCT(0) ] ---dc list---
V/DATA    (  589): [DCT(0) ] cid = 0, state = DcActiveState, bearerType = IP, ipaddress = 10.8.248.107, gw=10.8.248.105, dns=[172.26.38.1, 172.26.38.2]
D/DATA    (  589): [DSST(0)] Poll ServiceState done: oldSS=[0 home null null null  UMTS CSS not supported -1 -1RoamInd: -1DefRoamInd: -1EmergOnly: false] newSS=[0 home null null null  UMTS CSS not supported -1 -1RoamInd: -1DefRoamInd: -1EmergOnly: false]
I/VNC:Cloud(23407): Request executed: http://hermes5.csail.mit.edu:8212/take/1/0/5012/1333615388896/
D/DATA    (  589): [DSST(0)] pollstate() : reason = data network state changed
D/DATA    (  589): [DSST(0)] Poll ServiceState done: oldSS=[0 home null null null  UMTS CSS not supported -1 -1RoamInd: -1DefRoamInd: -1EmergOnly: false] newSS=[0 home null null null  UMTS CSS not supported -1 -1RoamInd: -1DefRoamInd: -1EmergOnly: false]
D/DATA    (  589): [DSST(0)] pollstate() : reason = data network state changed
D/DATA    (  589): [DSST(0)] Poll ServiceState done: oldSS=[0 home null null null  UMTS CSS not supported -1 -1RoamInd: -1DefRoamInd: -1EmergOnly: false] newSS=[0 home null null null  HSPA CSS not supported -1 -1RoamInd: -1DefRoamInd: -1EmergOnly: false]
I/GlobalActions(  445): inAirplaneModefalse mAirplaneStateOff serviceState.getState()0
W/EDM     (  445):  >>> CallingPolicyService.mPhoneListener.new PhoneStateListener() {...}.onServiceStateChanged()
W/EDM     (  445): >>> CallingPolicyService.loadSettings()
W/EDM     (  445): >>> CallingPolicyService.getAdminIdByLastChange()
W/EDM     (  445): >>> CallingPolicyService.getLastChangeId()
W/EDM     (  445): CallingPolicyService.getAdminIdByLastChange() adminId : -1
I/TelephonyRegistry(  445): notifyServiceState: 0 home AT&T AT&T 310410  HSPA CSS not supported -1 -1RoamInd: -1DefRoamInd: -1EmergOnly: false
D/FlightSettingButton(  559): EVENT_SERVICE_STATE_CHANGED received
E/FlightSettingButton(  559): updateStatus : 0
D/DATA    (  589): mMasterDataEnabled=true,isUsePacketData=true
D/DATA    (  589): mMasterDataEnabled=true,isUsePacketData=true
I/TelephonyRegistry(  445): notifyDataConnection: anyState=2,default/INET,apnTypeState=2,iface=rmnet_sdio0,ip=10.8.248.107,gw=10.8.248.105,isDataConnectivityPossible=true,networkType=10,reason=radioTechnologyChanged
D/MobileDataStateTracker(  445): replacing old mInterfaceName (rmnet_sdio0) with rmnet_sdio0 for hipri
D/DATA    (  589):  notifyDataConnection Pass INET6 >>> Fix me later please!!
D/DATA    (  589): mMasterDataEnabled=true,isUsePacketData=true
D/DATA    (  589):  notifyDataConnection Pass INET6 >>> Fix me later please!!
D/DATA    (  589): mMasterDataEnabled=true,isUsePacketData=true
D/DATA    (  589):  notifyDataConnection Pass INET6 >>> Fix me later please!!
D/DATA    (  589): mMasterDataEnabled=true,isUsePacketData=true
D/DATA    (  589):  notifyDataConnection Pass INET6 >>> Fix me later please!!
I/TelephonyRegistry(  445): notifyDataConnection: anyState=2,mms/INET,apnTypeState=2,iface=rmnet_sdio0,ip=10.8.248.107,gw=10.8.248.105,isDataConnectivityPossible=true,networkType=10,reason=radioTechnologyChanged
I/TelephonyRegistry(  445): notifyDataConnection: anyState=2,supl/INET,apnTypeState=2,iface=rmnet_sdio0,ip=10.8.248.107,gw=10.8.248.105,isDataConnectivityPossible=true,networkType=10,reason=radioTechnologyChanged
I/TelephonyRegistry(  445): notifyDataConnection: anyState=2,dun/INET,apnTypeState=0,iface=null,ip=null,gw=null,isDataConnectivityPossible=true,networkType=10,reason=radioTechnologyChanged
D/DATA    (  589): mMasterDataEnabled=true,isUsePacketData=true
D/DATA    (  589):  notifyDataConnection Pass INET6 >>> Fix me later please!!
V/DATA    (  589): [DCT(0) ] onUpdateDataConnections: reason=radioTechnologyChanged
V/DATA    (  589): [DCT(0) ] ---dc list---
V/DATA    (  589): [DCT(0) ] cid = 0, state = DcActiveState, bearerType = IP, ipaddress = 10.8.248.107, gw=10.8.248.105, dns=[172.26.38.1, 172.26.38.2]
V/DATA    (  589): [DCT(0) ] ---ds list---
V/DATA    (  589): [DCT(0) ] ds= SERVICE_TYPE_DEFAULT, enabled = true, active = v4:CONNECTED(0) v6:IDLE
V/DATA    (  589): [DCT(0) ] ds= SERVICE_TYPE_MMS, enabled = false, active = v4:CONNECTED(0) v6:IDLE
V/DATA    (  589): [DCT(0) ] ds= SERVICE_TYPE_SUPL, enabled = false, active = v4:CONNECTED(0) v6:IDLE
V/DATA    (  589): [DCT(0) ] ds= SERVICE_TYPE_DUN, enabled = false, active = v4:IDLE v6:IDLE
V/DATA    (  589): [DCT(0) ] ds= SERVICE_TYPE_HIPRI, enabled = false, active = v4:CONNECTED(0) v6:IDLE
D/DATA    (  589): mMasterDataEnabled=true,isUsePacketData=true
I/DATA    (  589): [DCT(0) ] Ready for data : 
I/DATA    (  589): [DCT(0) ]    getDesiredPowerState() = true
I/DATA    (  589): [DCT(0) ]    mCm.getRadioState() = RADIO_ON
I/TelephonyRegistry(  445): notifyDataConnection: anyState=2,hipri/INET,apnTypeState=2,iface=rmnet_sdio0,ip=10.8.248.107,gw=10.8.248.105,isDataConnectivityPossible=true,networkType=10,reason=radioTechnologyChanged
I/DATA    (  589): [DCT(0) ]    [DataRadioTech = RADIO_TECH_HSPA, data network state = 0, mMasterDataEnabled = true, is Roaming = false, dataOnRoamingEnable = false, isPsRestricted = false, desiredPowerState  = true, mSIMRecords = true/310410, cdmaSubSource = 1/, mRuimRecords = , checks = true/true]
V/DATA    (  589): [DCT(0) ] trySetupDataCall : ds=SERVICE_TYPE_DEFAULT, ipv=INET6, reason=radioTechnologyChanged
W/DATA    (  589): [DCT(0) ] no working data profile available to establish service type SERVICE_TYPE_DEFAULTon INET6
D/DATA    (  589):  notifyDataConnection Pass INET6 >>> Fix me later please!!
D/MobileDataStateTracker(  445): default Received state= CONNECTED, old= CONNECTED, reason= radioTechnologyChanged, apnTypeList= default
V/DATA    (  589): [DCT(0) ] intent received :android.intent.action.ANY_DATA_STATE
D/DATA    (  589): NETWORK_STATE_CHANGED_ACTION : data_call = 49
D/PhoneApp(  589): CONNECTED - hideDataDisconnectedRoaming()
V/AlarmManager(  445): Adding alarm Alarm{40c02dd8 type 2 com.google.android.location} at 1
D/MobileDataStateTracker(  445): replacing old mInterfaceName (rmnet_sdio0) with rmnet_sdio0 for mms
V/DATA    (  589): [DCT(0) ] intent received :android.intent.action.ANY_DATA_STATE
D/DATA    (  589): NETWORK_STATE_CHANGED_ACTION : data_call = 49
D/PhoneApp(  589): CONNECTED - hideDataDisconnectedRoaming()
D/MobileDataStateTracker(  445): replacing old mInterfaceName (rmnet_sdio0) with rmnet_sdio0 for supl
V/DATA    (  589): [DCT(0) ] onDataCallListChanged:
V/DATA    (  589): [DCT(0) ] ---dc state list---
V/DATA    (  589): [DCT(0) ] DataCallState: { cid: 0, active: 2, type: , apn: pta, address: 10.8.248.107 }
V/DATA    (  589): [DCT(0) ] ---dc list---
V/DATA    (  589): [DCT(0) ] cid = 0, state = DcActiveState, bearerType = IP, ipaddress = 10.8.248.107, gw=10.8.248.105, dns=[172.26.38.1, 172.26.38.2]
V/DATA    (  589): [DCT(0) ] intent received :android.intent.action.ANY_DATA_STATE
D/DATA    (  589): NETWORK_STATE_CHANGED_ACTION : data_call = 49
D/PhoneApp(  589): CONNECTED - hideDataDisconnectedRoaming()
V/DATA    (  589): [DCT(0) ] intent received :android.intent.action.ANY_DATA_STATE
D/DATA    (  589): NETWORK_STATE_CHANGED_ACTION : data_call = 49
V/DATA    (  589): [DCT(0) ] intent received :android.intent.action.ANY_DATA_STATE
D/DATA    (  589): NETWORK_STATE_CHANGED_ACTION : data_call = 49
D/PhoneApp(  589): CONNECTED - hideDataDisconnectedRoaming()
I/SML     (21817): V1.1112.5.1 [smlPhoneStatus.java Line:70] [onServiceStateChanged] onServiceStateChanged nNetwork =10
I/SML     (21817): V1.1112.5.1 [smlPhoneStatus.java Line:71] [onServiceStateChanged] onServiceStateChanged bRoming =false
V/AlarmManager(  445): Adding alarm Alarm{40d236b0 type 2 com.google.android.apps.maps} at 5
I/VCoreDaemon(23407): 1333615396173: inside sendPacket(Packet p)
I/NetworkThread(23407): 1333615396178: Sending UDP payload: 406
D/DATA    (  589): [DSST(0)] pollstate() : reason = data network state changed
V/DATA    (  589): [DCT(0) ] onDataCallListChanged:
V/DATA    (  589): [DCT(0) ] ---dc state list---
V/DATA    (  589): [DCT(0) ] DataCallState: { cid: 0, active: 1, type: , apn: pta, address: 10.8.248.107 }
V/DATA    (  589): [DCT(0) ] ---dc list---
V/DATA    (  589): [DCT(0) ] cid = 0, state = DcActiveState, bearerType = IP, ipaddress = 10.8.248.107, gw=10.8.248.105, dns=[172.26.38.1, 172.26.38.2]
D/DATA    (  589): [DSST(0)] Poll ServiceState done: oldSS=[0 home null null null  HSPA CSS not supported -1 -1RoamInd: -1DefRoamInd: -1EmergOnly: false] newSS=[0 home null null null  HSPA CSS not supported -1 -1RoamInd: -1DefRoamInd: -1EmergOnly: false]
D/BatteryService(  445): update start
D/BatteryService(  445): updateBattery level:7 scale:100 status:2 health:2 present:true voltage: 3646 temperature: 367 technology: Li-ion AC powered:false USB powered:true icon:17302237
D/UiModeManager(  445): updateConfigurationLocked: mDockState=0; mCarMode=false; mNightMode=0; uiMode=17
I/VCoreDaemon(23407): 1333615420869: leader to cloud hearbeat...
D/DATA    (  589): [DSST(0)] pollstate() : reason = data network state changed
D/DATA    (  589): [DSST(0)] Poll ServiceState done: oldSS=[0 home null null null  HSPA CSS not supported -1 -1RoamInd: -1DefRoamInd: -1EmergOnly: false] newSS=[0 home null null null  UMTS CSS not supported -1 -1RoamInd: -1DefRoamInd: -1EmergOnly: false]
I/GlobalActions(  445): inAirplaneModefalse mAirplaneStateOff serviceState.getState()0
W/EDM     (  445):  >>> CallingPolicyService.mPhoneListener.new PhoneStateListener() {...}.onServiceStateChanged()
W/EDM     (  445): >>> CallingPolicyService.loadSettings()
W/EDM     (  445): >>> CallingPolicyService.getAdminIdByLastChange()
W/EDM     (  445): >>> CallingPolicyService.getLastChangeId()
I/TelephonyRegistry(  445): notifyServiceState: 0 home AT&T AT&T 310410  UMTS CSS not supported -1 -1RoamInd: -1DefRoamInd: -1EmergOnly: false
W/EDM     (  445): CallingPolicyService.getAdminIdByLastChange() adminId : -1
D/FlightSettingButton(  559): EVENT_SERVICE_STATE_CHANGED received
E/FlightSettingButton(  559): updateStatus : 0
D/DATA    (  589): mMasterDataEnabled=true,isUsePacketData=true
D/DATA    (  589): mMasterDataEnabled=true,isUsePacketData=true
I/TelephonyRegistry(  445): notifyDataConnection: anyState=2,default/INET,apnTypeState=2,iface=rmnet_sdio0,ip=10.8.248.107,gw=10.8.248.105,isDataConnectivityPossible=true,networkType=3,reason=radioTechnologyChanged
D/MobileDataStateTracker(  445): replacing old mInterfaceName (rmnet_sdio0) with rmnet_sdio0 for hipri
D/DATA    (  589):  notifyDataConnection Pass INET6 >>> Fix me later please!!
D/DATA    (  589): mMasterDataEnabled=true,isUsePacketData=true
D/DATA    (  589):  notifyDataConnection Pass INET6 >>> Fix me later please!!
D/DATA    (  589): mMasterDataEnabled=true,isUsePacketData=true
I/TelephonyRegistry(  445): notifyDataConnection: anyState=2,mms/INET,apnTypeState=2,iface=rmnet_sdio0,ip=10.8.248.107,gw=10.8.248.105,isDataConnectivityPossible=true,networkType=3,reason=radioTechnologyChanged
D/DATA    (  589):  notifyDataConnection Pass INET6 >>> Fix me later please!!
D/DATA    (  589): mMasterDataEnabled=true,isUsePacketData=true
D/DATA    (  589):  notifyDataConnection Pass INET6 >>> Fix me later please!!
I/TelephonyRegistry(  445): notifyDataConnection: anyState=2,supl/INET,apnTypeState=2,iface=rmnet_sdio0,ip=10.8.248.107,gw=10.8.248.105,isDataConnectivityPossible=true,networkType=3,reason=radioTechnologyChanged
I/TelephonyRegistry(  445): notifyDataConnection: anyState=2,dun/INET,apnTypeState=0,iface=null,ip=null,gw=null,isDataConnectivityPossible=true,networkType=3,reason=radioTechnologyChanged
D/MobileDataStateTracker(  445): default Received state= CONNECTED, old= CONNECTED, reason= radioTechnologyChanged, apnTypeList= default
D/DATA    (  589): mMasterDataEnabled=true,isUsePacketData=true
I/TelephonyRegistry(  445): notifyDataConnection: anyState=2,hipri/INET,apnTypeState=2,iface=rmnet_sdio0,ip=10.8.248.107,gw=10.8.248.105,isDataConnectivityPossible=true,networkType=3,reason=radioTechnologyChanged
D/DATA    (  589):  notifyDataConnection Pass INET6 >>> Fix me later please!!
V/DATA    (  589): [DCT(0) ] intent received :android.intent.action.ANY_DATA_STATE
D/DATA    (  589): NETWORK_STATE_CHANGED_ACTION : data_call = 49
V/DATA    (  589): [DCT(0) ] onUpdateDataConnections: reason=radioTechnologyChanged
V/DATA    (  589): [DCT(0) ] ---dc list---
V/DATA    (  589): [DCT(0) ] cid = 0, state = DcActiveState, bearerType = IP, ipaddress = 10.8.248.107, gw=10.8.248.105, dns=[172.26.38.1, 172.26.38.2]
V/DATA    (  589): [DCT(0) ] ---ds list---
V/DATA    (  589): [DCT(0) ] ds= SERVICE_TYPE_DEFAULT, enabled = true, active = v4:CONNECTED(0) v6:IDLE
V/DATA    (  589): [DCT(0) ] ds= SERVICE_TYPE_MMS, enabled = false, active = v4:CONNECTED(0) v6:IDLE
V/DATA    (  589): [DCT(0) ] ds= SERVICE_TYPE_SUPL, enabled = false, active = v4:CONNECTED(0) v6:IDLE
V/DATA    (  589): [DCT(0) ] ds= SERVICE_TYPE_DUN, enabled = false, active = v4:IDLE v6:IDLE
V/DATA    (  589): [DCT(0) ] ds= SERVICE_TYPE_HIPRI, enabled = false, active = v4:CONNECTED(0) v6:IDLE
D/DATA    (  589): mMasterDataEnabled=true,isUsePacketData=true
I/DATA    (  589): [DCT(0) ] Ready for data : 
I/DATA    (  589): [DCT(0) ]    getDesiredPowerState() = true
I/DATA    (  589): [DCT(0) ]    mCm.getRadioState() = RADIO_ON
I/DATA    (  589): [DCT(0) ]    [DataRadioTech = RADIO_TECH_UMTS, data network state = 0, mMasterDataEnabled = true, is Roaming = false, dataOnRoamingEnable = false, isPsRestricted = false, desiredPowerState  = true, mSIMRecords = true/310410, cdmaSubSource = 1/, mRuimRecords = , checks = true/true]
V/DATA    (  589): [DCT(0) ] trySetupDataCall : ds=SERVICE_TYPE_DEFAULT, ipv=INET6, reason=radioTechnologyChanged
W/DATA    (  589): [DCT(0) ] no working data profile available to establish service type SERVICE_TYPE_DEFAULTon INET6
D/DATA    (  589):  notifyDataConnection Pass INET6 >>> Fix me later please!!
D/PhoneApp(  589): CONNECTED - hideDataDisconnectedRoaming()
V/AlarmManager(  445): Adding alarm Alarm{40a60400 type 2 com.google.android.location} at 1
D/MobileDataStateTracker(  445): replacing old mInterfaceName (rmnet_sdio0) with rmnet_sdio0 for mms
V/DATA    (  589): [DCT(0) ] intent received :android.intent.action.ANY_DATA_STATE
D/DATA    (  589): NETWORK_STATE_CHANGED_ACTION : data_call = 49
D/PhoneApp(  589): CONNECTED - hideDataDisconnectedRoaming()
D/MobileDataStateTracker(  445): replacing old mInterfaceName (rmnet_sdio0) with rmnet_sdio0 for supl
D/dalvikvm(  589): GC_CONCURRENT freed 429K, 37% free 4421K/6983K, external 0K/1280K, paused 3ms+2ms
V/DATA    (  589): [DCT(0) ] intent received :android.intent.action.ANY_DATA_STATE
D/DATA    (  589): NETWORK_STATE_CHANGED_ACTION : data_call = 49
D/PhoneApp(  589): CONNECTED - hideDataDisconnectedRoaming()
V/DATA    (  589): [DCT(0) ] intent received :android.intent.action.ANY_DATA_STATE
D/DATA    (  589): NETWORK_STATE_CHANGED_ACTION : data_call = 49
V/DATA    (  589): [DCT(0) ] intent received :android.intent.action.ANY_DATA_STATE
D/DATA    (  589): NETWORK_STATE_CHANGED_ACTION : data_call = 49
D/PhoneApp(  589): CONNECTED - hideDataDisconnectedRoaming()
I/SML     (21817): V1.1112.5.1 [smlPhoneStatus.java Line:70] [onServiceStateChanged] onServiceStateChanged nNetwork =3
I/SML     (21817): V1.1112.5.1 [smlPhoneStatus.java Line:71] [onServiceStateChanged] onServiceStateChanged bRoming =false
V/AlarmManager(  445): Adding alarm Alarm{409ceeb8 type 2 com.google.android.apps.maps} at 5
D/DATA    (  589): [DSST(0)] pollstate() : reason = data network state changed
D/DATA    (  589): [DSST(0)] Poll ServiceState done: oldSS=[0 home null null null  UMTS CSS not supported -1 -1RoamInd: -1DefRoamInd: -1EmergOnly: false] newSS=[0 home null null null  UMTS CSS not supported -1 -1RoamInd: -1DefRoamInd: -1EmergOnly: false]
D/DATA    (  589): [DSST(0)] pollstate() : reason = data network state changed
V/DATA    (  589): [DCT(0) ] onDataCallListChanged:
V/DATA    (  589): [DCT(0) ] ---dc state list---
V/DATA    (  589): [DCT(0) ] DataCallState: { cid: 0, active: 2, type: , apn: pta, address: 10.8.248.107 }
V/DATA    (  589): [DCT(0) ] ---dc list---
V/DATA    (  589): [DCT(0) ] cid = 0, state = DcActiveState, bearerType = IP, ipaddress = 10.8.248.107, gw=10.8.248.105, dns=[172.26.38.1, 172.26.38.2]
D/DATA    (  589): [DSST(0)] Poll ServiceState done: oldSS=[0 home null null null  UMTS CSS not supported -1 -1RoamInd: -1DefRoamInd: -1EmergOnly: false] newSS=[0 home null null null  UMTS CSS not supported -1 -1RoamInd: -1DefRoamInd: -1EmergOnly: false]
I/VNC:Cloud(23407): Request executed: http://hermes5.csail.mit.edu:8212/take/1/0/5012/1333615420870/
I/VCoreDaemon(23407): 1333615426175: inside sendPacket(Packet p)
I/NetworkThread(23407): 1333615426179: Sending UDP payload: 406
D/DATA    (  589): [DSST(0)] pollstate() : reason = data network state changed
D/DATA    (  589): [DSST(0)] Poll ServiceState done: oldSS=[0 home null null null  UMTS CSS not supported -1 -1RoamInd: -1DefRoamInd: -1EmergOnly: false] newSS=[0 home null null null  UMTS CSS not supported -1 -1RoamInd: -1DefRoamInd: -1EmergOnly: false]
D/DATA    (  589): [DSST(0)] pollstate() : reason = data network state changed
D/DATA    (  589): [DSST(0)] Poll ServiceState done: oldSS=[0 home null null null  UMTS CSS not supported -1 -1RoamInd: -1DefRoamInd: -1EmergOnly: false] newSS=[0 home null null null  HSPA CSS not supported -1 -1RoamInd: -1DefRoamInd: -1EmergOnly: false]
I/TelephonyRegistry(  445): notifyServiceState: 0 home AT&T AT&T 310410  HSPA CSS not supported -1 -1RoamInd: -1DefRoamInd: -1EmergOnly: false
I/GlobalActions(  445): inAirplaneModefalse mAirplaneStateOff serviceState.getState()0
W/EDM     (  445):  >>> CallingPolicyService.mPhoneListener.new PhoneStateListener() {...}.onServiceStateChanged()
W/EDM     (  445): >>> CallingPolicyService.loadSettings()
W/EDM     (  445): >>> CallingPolicyService.getAdminIdByLastChange()
W/EDM     (  445): >>> CallingPolicyService.getLastChangeId()
W/EDM     (  445): CallingPolicyService.getAdminIdByLastChange() adminId : -1
D/DATA    (  589): mMasterDataEnabled=true,isUsePacketData=true
D/FlightSettingButton(  559): EVENT_SERVICE_STATE_CHANGED received
E/FlightSettingButton(  559): updateStatus : 0
D/DATA    (  589): mMasterDataEnabled=true,isUsePacketData=true
I/TelephonyRegistry(  445): notifyDataConnection: anyState=2,default/INET,apnTypeState=2,iface=rmnet_sdio0,ip=10.8.248.107,gw=10.8.248.105,isDataConnectivityPossible=true,networkType=10,reason=radioTechnologyChanged
D/MobileDataStateTracker(  445): replacing old mInterfaceName (rmnet_sdio0) with rmnet_sdio0 for hipri
D/DATA    (  589):  notifyDataConnection Pass INET6 >>> Fix me later please!!
D/DATA    (  589): mMasterDataEnabled=true,isUsePacketData=true
D/DATA    (  589):  notifyDataConnection Pass INET6 >>> Fix me later please!!
D/DATA    (  589): mMasterDataEnabled=true,isUsePacketData=true
I/TelephonyRegistry(  445): notifyDataConnection: anyState=2,mms/INET,apnTypeState=2,iface=rmnet_sdio0,ip=10.8.248.107,gw=10.8.248.105,isDataConnectivityPossible=true,networkType=10,reason=radioTechnologyChanged
I/TelephonyRegistry(  445): notifyDataConnection: anyState=2,supl/INET,apnTypeState=2,iface=rmnet_sdio0,ip=10.8.248.107,gw=10.8.248.105,isDataConnectivityPossible=true,networkType=10,reason=radioTechnologyChanged
D/DATA    (  589):  notifyDataConnection Pass INET6 >>> Fix me later please!!
D/DATA    (  589): mMasterDataEnabled=true,isUsePacketData=true
D/DATA    (  589):  notifyDataConnection Pass INET6 >>> Fix me later please!!
D/DATA    (  589): mMasterDataEnabled=true,isUsePacketData=true
D/DATA    (  589):  notifyDataConnection Pass INET6 >>> Fix me later please!!
I/TelephonyRegistry(  445): notifyDataConnection: anyState=2,dun/INET,apnTypeState=0,iface=null,ip=null,gw=null,isDataConnectivityPossible=true,networkType=10,reason=radioTechnologyChanged
I/TelephonyRegistry(  445): notifyDataConnection: anyState=2,hipri/INET,apnTypeState=2,iface=rmnet_sdio0,ip=10.8.248.107,gw=10.8.248.105,isDataConnectivityPossible=true,networkType=10,reason=radioTechnologyChanged
V/DATA    (  589): [DCT(0) ] onUpdateDataConnections: reason=radioTechnologyChanged
D/MobileDataStateTracker(  445): default Received state= CONNECTED, old= CONNECTED, reason= radioTechnologyChanged, apnTypeList= default
V/DATA    (  589): [DCT(0) ] ---dc list---
V/DATA    (  589): [DCT(0) ] cid = 0, state = DcActiveState, bearerType = IP, ipaddress = 10.8.248.107, gw=10.8.248.105, dns=[172.26.38.1, 172.26.38.2]
V/DATA    (  589): [DCT(0) ] ---ds list---
V/DATA    (  589): [DCT(0) ] ds= SERVICE_TYPE_DEFAULT, enabled = true, active = v4:CONNECTED(0) v6:IDLE
V/DATA    (  589): [DCT(0) ] ds= SERVICE_TYPE_MMS, enabled = false, active = v4:CONNECTED(0) v6:IDLE
V/DATA    (  589): [DCT(0) ] ds= SERVICE_TYPE_SUPL, enabled = false, active = v4:CONNECTED(0) v6:IDLE
V/DATA    (  589): [DCT(0) ] ds= SERVICE_TYPE_DUN, enabled = false, active = v4:IDLE v6:IDLE
V/DATA    (  589): [DCT(0) ] ds= SERVICE_TYPE_HIPRI, enabled = false, active = v4:CONNECTED(0) v6:IDLE
D/DATA    (  589): mMasterDataEnabled=true,isUsePacketData=true
I/DATA    (  589): [DCT(0) ] Ready for data : 
I/DATA    (  589): [DCT(0) ]    getDesiredPowerState() = true
I/DATA    (  589): [DCT(0) ]    mCm.getRadioState() = RADIO_ON
I/DATA    (  589): [DCT(0) ]    [DataRadioTech = RADIO_TECH_HSPA, data network state = 0, mMasterDataEnabled = true, is Roaming = false, dataOnRoamingEnable = false, isPsRestricted = false, desiredPowerState  = true, mSIMRecords = true/310410, cdmaSubSource = 1/, mRuimRecords = , checks = true/true]
V/DATA    (  589): [DCT(0) ] trySetupDataCall : ds=SERVICE_TYPE_DEFAULT, ipv=INET6, reason=radioTechnologyChanged
W/DATA    (  589): [DCT(0) ] no working data profile available to establish service type SERVICE_TYPE_DEFAULTon INET6
D/DATA    (  589):  notifyDataConnection Pass INET6 >>> Fix me later please!!
V/AlarmManager(  445): Adding alarm Alarm{40c9aa30 type 2 com.google.android.location} at 1
V/DATA    (  589): [DCT(0) ] intent received :android.intent.action.ANY_DATA_STATE
D/DATA    (  589): NETWORK_STATE_CHANGED_ACTION : data_call = 49
D/PhoneApp(  589): CONNECTED - hideDataDisconnectedRoaming()
V/DATA    (  589): [DCT(0) ] onDataCallListChanged:
V/DATA    (  589): [DCT(0) ] ---dc state list---
V/DATA    (  589): [DCT(0) ] DataCallState: { cid: 0, active: 2, type: , apn: pta, address: 10.8.248.107 }
V/DATA    (  589): [DCT(0) ] ---dc list---
V/DATA    (  589): [DCT(0) ] cid = 0, state = DcActiveState, bearerType = IP, ipaddress = 10.8.248.107, gw=10.8.248.105, dns=[172.26.38.1, 172.26.38.2]
D/MobileDataStateTracker(  445): replacing old mInterfaceName (rmnet_sdio0) with rmnet_sdio0 for mms
V/DATA    (  589): [DCT(0) ] intent received :android.intent.action.ANY_DATA_STATE
D/DATA    (  589): NETWORK_STATE_CHANGED_ACTION : data_call = 49
D/PhoneApp(  589): CONNECTED - hideDataDisconnectedRoaming()
D/MobileDataStateTracker(  445): replacing old mInterfaceName (rmnet_sdio0) with rmnet_sdio0 for supl
V/DATA    (  589): [DCT(0) ] intent received :android.intent.action.ANY_DATA_STATE
D/DATA    (  589): NETWORK_STATE_CHANGED_ACTION : data_call = 49
D/PhoneApp(  589): CONNECTED - hideDataDisconnectedRoaming()
V/DATA    (  589): [DCT(0) ] intent received :android.intent.action.ANY_DATA_STATE
D/DATA    (  589): NETWORK_STATE_CHANGED_ACTION : data_call = 49
V/DATA    (  589): [DCT(0) ] intent received :android.intent.action.ANY_DATA_STATE
D/DATA    (  589): NETWORK_STATE_CHANGED_ACTION : data_call = 49
D/PhoneApp(  589): CONNECTED - hideDataDisconnectedRoaming()
I/SML     (21817): V1.1112.5.1 [smlPhoneStatus.java Line:70] [onServiceStateChanged] onServiceStateChanged nNetwork =10
I/SML     (21817): V1.1112.5.1 [smlPhoneStatus.java Line:71] [onServiceStateChanged] onServiceStateChanged bRoming =false
V/AlarmManager(  445): Adding alarm Alarm{40a5a030 type 2 com.google.android.apps.maps} at 5
D/DATA    (  589): [DSST(0)] pollstate() : reason = data network state changed
V/DATA    (  589): [DCT(0) ] onDataCallListChanged:
V/DATA    (  589): [DCT(0) ] ---dc state list---
V/DATA    (  589): [DCT(0) ] DataCallState: { cid: 0, active: 1, type: , apn: pta, address: 10.8.248.107 }
V/DATA    (  589): [DCT(0) ] ---dc list---
V/DATA    (  589): [DCT(0) ] cid = 0, state = DcActiveState, bearerType = IP, ipaddress = 10.8.248.107, gw=10.8.248.105, dns=[172.26.38.1, 172.26.38.2]
D/DATA    (  589): [DSST(0)] Poll ServiceState done: oldSS=[0 home null null null  HSPA CSS not supported -1 -1RoamInd: -1DefRoamInd: -1EmergOnly: false] newSS=[0 home null null null  HSPA CSS not supported -1 -1RoamInd: -1DefRoamInd: -1EmergOnly: false]
E/AlarmManagerService(  445): android_server_AlarmManagerService_set to type=1, 1333684800.000000000
V/AlarmManager(  445): sending alarm Alarm{40c1bf10 type 1 android}
E/AlarmManagerService(  445): android_server_AlarmManagerService_set to type=1, 1333615500.000000000
V/AlarmManager(  445): Adding alarm Alarm{40ce2500 type 1 android} at 0
D/BatteryService(  445): update start
D/BatteryService(  445): updateBattery level:7 scale:100 status:2 health:2 present:true voltage: 3651 temperature: 369 technology: Li-ion AC powered:false USB powered:true icon:17302237
D/UiModeManager(  445): updateConfigurationLocked: mDockState=0; mCarMode=false; mNightMode=0; uiMode=17
D/dalvikvm(23407): GC_CONCURRENT freed 1646K, 56% free 4292K/9543K, external 2738K/4187K, paused 5ms+3ms
I/VCoreDaemon(23407): 1333615452842: leader to cloud hearbeat...
D/DATA    (  589): [DSST(0)] pollstate() : reason = data network state changed
D/DATA    (  589): [DSST(0)] Poll ServiceState done: oldSS=[0 home null null null  HSPA CSS not supported -1 -1RoamInd: -1DefRoamInd: -1EmergOnly: false] newSS=[0 home null null null  UMTS CSS not supported -1 -1RoamInd: -1DefRoamInd: -1EmergOnly: false]
I/GlobalActions(  445): inAirplaneModefalse mAirplaneStateOff serviceState.getState()0
W/EDM     (  445):  >>> CallingPolicyService.mPhoneListener.new PhoneStateListener() {...}.onServiceStateChanged()
W/EDM     (  445): >>> CallingPolicyService.loadSettings()
W/EDM     (  445): >>> CallingPolicyService.getAdminIdByLastChange()
W/EDM     (  445): >>> CallingPolicyService.getLastChangeId()
W/EDM     (  445): CallingPolicyService.getAdminIdByLastChange() adminId : -1
I/TelephonyRegistry(  445): notifyServiceState: 0 home AT&T AT&T 310410  UMTS CSS not supported -1 -1RoamInd: -1DefRoamInd: -1EmergOnly: false
D/FlightSettingButton(  559): EVENT_SERVICE_STATE_CHANGED received
E/FlightSettingButton(  559): updateStatus : 0
D/DATA    (  589): mMasterDataEnabled=true,isUsePacketData=true
D/DATA    (  589): mMasterDataEnabled=true,isUsePacketData=true
I/TelephonyRegistry(  445): notifyDataConnection: anyState=2,default/INET,apnTypeState=2,iface=rmnet_sdio0,ip=10.8.248.107,gw=10.8.248.105,isDataConnectivityPossible=true,networkType=3,reason=radioTechnologyChanged
D/MobileDataStateTracker(  445): replacing old mInterfaceName (rmnet_sdio0) with rmnet_sdio0 for hipri
D/DATA    (  589):  notifyDataConnection Pass INET6 >>> Fix me later please!!
D/DATA    (  589): mMasterDataEnabled=true,isUsePacketData=true
D/DATA    (  589):  notifyDataConnection Pass INET6 >>> Fix me later please!!
D/DATA    (  589): mMasterDataEnabled=true,isUsePacketData=true
I/TelephonyRegistry(  445): notifyDataConnection: anyState=2,mms/INET,apnTypeState=2,iface=rmnet_sdio0,ip=10.8.248.107,gw=10.8.248.105,isDataConnectivityPossible=true,networkType=3,reason=radioTechnologyChanged
D/DATA    (  589):  notifyDataConnection Pass INET6 >>> Fix me later please!!
D/DATA    (  589): mMasterDataEnabled=true,isUsePacketData=true
D/DATA    (  589):  notifyDataConnection Pass INET6 >>> Fix me later please!!
D/DATA    (  589): mMasterDataEnabled=true,isUsePacketData=true
I/TelephonyRegistry(  445): notifyDataConnection: anyState=2,supl/INET,apnTypeState=2,iface=rmnet_sdio0,ip=10.8.248.107,gw=10.8.248.105,isDataConnectivityPossible=true,networkType=3,reason=radioTechnologyChanged
I/TelephonyRegistry(  445): notifyDataConnection: anyState=2,dun/INET,apnTypeState=0,iface=null,ip=null,gw=null,isDataConnectivityPossible=true,networkType=3,reason=radioTechnologyChanged
D/DATA    (  589):  notifyDataConnection Pass INET6 >>> Fix me later please!!
I/TelephonyRegistry(  445): notifyDataConnection: anyState=2,hipri/INET,apnTypeState=2,iface=rmnet_sdio0,ip=10.8.248.107,gw=10.8.248.105,isDataConnectivityPossible=true,networkType=3,reason=radioTechnologyChanged
D/MobileDataStateTracker(  445): default Received state= CONNECTED, old= CONNECTED, reason= radioTechnologyChanged, apnTypeList= default
V/DATA    (  589): [DCT(0) ] onUpdateDataConnections: reason=radioTechnologyChanged
V/DATA    (  589): [DCT(0) ] ---dc list---
V/DATA    (  589): [DCT(0) ] cid = 0, state = DcActiveState, bearerType = IP, ipaddress = 10.8.248.107, gw=10.8.248.105, dns=[172.26.38.1, 172.26.38.2]
V/DATA    (  589): [DCT(0) ] ---ds list---
V/DATA    (  589): [DCT(0) ] ds= SERVICE_TYPE_DEFAULT, enabled = true, active = v4:CONNECTED(0) v6:IDLE
V/DATA    (  589): [DCT(0) ] ds= SERVICE_TYPE_MMS, enabled = false, active = v4:CONNECTED(0) v6:IDLE
V/DATA    (  589): [DCT(0) ] ds= SERVICE_TYPE_SUPL, enabled = false, active = v4:CONNECTED(0) v6:IDLE
V/DATA    (  589): [DCT(0) ] ds= SERVICE_TYPE_DUN, enabled = false, active = v4:IDLE v6:IDLE
V/DATA    (  589): [DCT(0) ] ds= SERVICE_TYPE_HIPRI, enabled = false, active = v4:CONNECTED(0) v6:IDLE
D/DATA    (  589): mMasterDataEnabled=true,isUsePacketData=true
I/DATA    (  589): [DCT(0) ] Ready for data : 
I/DATA    (  589): [DCT(0) ]    getDesiredPowerState() = true
I/DATA    (  589): [DCT(0) ]    mCm.getRadioState() = RADIO_ON
I/DATA    (  589): [DCT(0) ]    [DataRadioTech = RADIO_TECH_UMTS, data network state = 0, mMasterDataEnabled = true, is Roaming = false, dataOnRoamingEnable = false, isPsRestricted = false, desiredPowerState  = true, mSIMRecords = true/310410, cdmaSubSource = 1/, mRuimRecords = , checks = true/true]
V/DATA    (  589): [DCT(0) ] trySetupDataCall : ds=SERVICE_TYPE_DEFAULT, ipv=INET6, reason=radioTechnologyChanged
W/DATA    (  589): [DCT(0) ] no working data profile available to establish service type SERVICE_TYPE_DEFAULTon INET6
D/DATA    (  589):  notifyDataConnection Pass INET6 >>> Fix me later please!!
V/DATA    (  589): [DCT(0) ] intent received :android.intent.action.ANY_DATA_STATE
D/DATA    (  589): NETWORK_STATE_CHANGED_ACTION : data_call = 49
D/PhoneApp(  589): CONNECTED - hideDataDisconnectedRoaming()
V/AlarmManager(  445): Adding alarm Alarm{40a6e858 type 2 com.google.android.location} at 1
D/MobileDataStateTracker(  445): replacing old mInterfaceName (rmnet_sdio0) with rmnet_sdio0 for mms
V/DATA    (  589): [DCT(0) ] intent received :android.intent.action.ANY_DATA_STATE
D/DATA    (  589): NETWORK_STATE_CHANGED_ACTION : data_call = 49
D/PhoneApp(  589): CONNECTED - hideDataDisconnectedRoaming()
D/MobileDataStateTracker(  445): replacing old mInterfaceName (rmnet_sdio0) with rmnet_sdio0 for supl
V/DATA    (  589): [DCT(0) ] intent received :android.intent.action.ANY_DATA_STATE
D/DATA    (  589): NETWORK_STATE_CHANGED_ACTION : data_call = 49
D/PhoneApp(  589): CONNECTED - hideDataDisconnectedRoaming()
I/SML     (21817): V1.1112.5.1 [smlPhoneStatus.java Line:70] [onServiceStateChanged] onServiceStateChanged nNetwork =3
V/DATA    (  589): [DCT(0) ] intent received :android.intent.action.ANY_DATA_STATE
D/DATA    (  589): NETWORK_STATE_CHANGED_ACTION : data_call = 49
V/DATA    (  589): [DCT(0) ] intent received :android.intent.action.ANY_DATA_STATE
D/DATA    (  589): NETWORK_STATE_CHANGED_ACTION : data_call = 49
D/PhoneApp(  589): CONNECTED - hideDataDisconnectedRoaming()
I/SML     (21817): V1.1112.5.1 [smlPhoneStatus.java Line:71] [onServiceStateChanged] onServiceStateChanged bRoming =false
V/AlarmManager(  445): Adding alarm Alarm{4099a1b8 type 2 com.google.android.apps.maps} at 5
D/DATA    (  589): [DSST(0)] pollstate() : reason = data network state changed
D/DATA    (  589): [DSST(0)] Poll ServiceState done: oldSS=[0 home null null null  UMTS CSS not supported -1 -1RoamInd: -1DefRoamInd: -1EmergOnly: false] newSS=[0 home null null null  UMTS CSS not supported -1 -1RoamInd: -1DefRoamInd: -1EmergOnly: false]
D/dalvikvm(  589): GC_CONCURRENT freed 390K, 37% free 4422K/6983K, external 0K/1280K, paused 3ms+2ms
D/DATA    (  589): [DSST(0)] pollstate() : reason = data network state changed
V/DATA    (  589): [DCT(0) ] onDataCallListChanged:
V/DATA    (  589): [DCT(0) ] ---dc state list---
V/DATA    (  589): [DCT(0) ] DataCallState: { cid: 0, active: 2, type: , apn: pta, address: 10.8.248.107 }
V/DATA    (  589): [DCT(0) ] ---dc list---
V/DATA    (  589): [DCT(0) ] cid = 0, state = DcActiveState, bearerType = IP, ipaddress = 10.8.248.107, gw=10.8.248.105, dns=[172.26.38.1, 172.26.38.2]
D/DATA    (  589): [DSST(0)] Poll ServiceState done: oldSS=[0 home null null null  UMTS CSS not supported -1 -1RoamInd: -1DefRoamInd: -1EmergOnly: false] newSS=[0 home null null null  UMTS CSS not supported -1 -1RoamInd: -1DefRoamInd: -1EmergOnly: false]
I/VNC:Cloud(23407): Request executed: http://hermes5.csail.mit.edu:8212/take/1/0/5012/1333615452843/
I/VCoreDaemon(23407): 1333615456182: inside sendPacket(Packet p)
I/NetworkThread(23407): 1333615456207: Sending UDP payload: 406
D/DATA    (  589): [DSST(0)] pollstate() : reason = data network state changed
D/DATA    (  589): [DSST(0)] Poll ServiceState done: oldSS=[0 home null null null  UMTS CSS not supported -1 -1RoamInd: -1DefRoamInd: -1EmergOnly: false] newSS=[0 home null null null  UMTS CSS not supported -1 -1RoamInd: -1DefRoamInd: -1EmergOnly: false]
D/DATA    (  589): [DSST(0)] pollstate() : reason = data network state changed
D/DATA    (  589): [DSST(0)] Poll ServiceState done: oldSS=[0 home null null null  UMTS CSS not supported -1 -1RoamInd: -1DefRoamInd: -1EmergOnly: false] newSS=[0 home null null null  HSPA CSS not supported -1 -1RoamInd: -1DefRoamInd: -1EmergOnly: false]
I/TelephonyRegistry(  445): notifyServiceState: 0 home AT&T AT&T 310410  HSPA CSS not supported -1 -1RoamInd: -1DefRoamInd: -1EmergOnly: false
I/GlobalActions(  445): inAirplaneModefalse mAirplaneStateOff serviceState.getState()0
W/EDM     (  445):  >>> CallingPolicyService.mPhoneListener.new PhoneStateListener() {...}.onServiceStateChanged()
W/EDM     (  445): >>> CallingPolicyService.loadSettings()
W/EDM     (  445): >>> CallingPolicyService.getAdminIdByLastChange()
W/EDM     (  445): >>> CallingPolicyService.getLastChangeId()
W/EDM     (  445): CallingPolicyService.getAdminIdByLastChange() adminId : -1
D/DATA    (  589): mMasterDataEnabled=true,isUsePacketData=true
D/FlightSettingButton(  559): EVENT_SERVICE_STATE_CHANGED received
E/FlightSettingButton(  559): updateStatus : 0
D/DATA    (  589): mMasterDataEnabled=true,isUsePacketData=true
I/TelephonyRegistry(  445): notifyDataConnection: anyState=2,default/INET,apnTypeState=2,iface=rmnet_sdio0,ip=10.8.248.107,gw=10.8.248.105,isDataConnectivityPossible=true,networkType=10,reason=radioTechnologyChanged
D/DATA    (  589):  notifyDataConnection Pass INET6 >>> Fix me later please!!
D/DATA    (  589): mMasterDataEnabled=true,isUsePacketData=true
D/DATA    (  589):  notifyDataConnection Pass INET6 >>> Fix me later please!!
D/MobileDataStateTracker(  445): replacing old mInterfaceName (rmnet_sdio0) with rmnet_sdio0 for hipri
I/TelephonyRegistry(  445): notifyDataConnection: anyState=2,mms/INET,apnTypeState=2,iface=rmnet_sdio0,ip=10.8.248.107,gw=10.8.248.105,isDataConnectivityPossible=true,networkType=10,reason=radioTechnologyChanged
D/DATA    (  589): mMasterDataEnabled=true,isUsePacketData=true
D/DATA    (  589):  notifyDataConnection Pass INET6 >>> Fix me later please!!
D/DATA    (  589): mMasterDataEnabled=true,isUsePacketData=true
I/TelephonyRegistry(  445): notifyDataConnection: anyState=2,supl/INET,apnTypeState=2,iface=rmnet_sdio0,ip=10.8.248.107,gw=10.8.248.105,isDataConnectivityPossible=true,networkType=10,reason=radioTechnologyChanged
D/DATA    (  589):  notifyDataConnection Pass INET6 >>> Fix me later please!!
D/DATA    (  589): mMasterDataEnabled=true,isUsePacketData=true
D/DATA    (  589):  notifyDataConnection Pass INET6 >>> Fix me later please!!
I/TelephonyRegistry(  445): notifyDataConnection: anyState=2,dun/INET,apnTypeState=0,iface=null,ip=null,gw=null,isDataConnectivityPossible=true,networkType=10,reason=radioTechnologyChanged
I/TelephonyRegistry(  445): notifyDataConnection: anyState=2,hipri/INET,apnTypeState=2,iface=rmnet_sdio0,ip=10.8.248.107,gw=10.8.248.105,isDataConnectivityPossible=true,networkType=10,reason=radioTechnologyChanged
D/MobileDataStateTracker(  445): default Received state= CONNECTED, old= CONNECTED, reason= radioTechnologyChanged, apnTypeList= default
V/DATA    (  589): [DCT(0) ] onUpdateDataConnections: reason=radioTechnologyChanged
V/DATA    (  589): [DCT(0) ] ---dc list---
V/DATA    (  589): [DCT(0) ] cid = 0, state = DcActiveState, bearerType = IP, ipaddress = 10.8.248.107, gw=10.8.248.105, dns=[172.26.38.1, 172.26.38.2]
V/DATA    (  589): [DCT(0) ] ---ds list---
V/DATA    (  589): [DCT(0) ] ds= SERVICE_TYPE_DEFAULT, enabled = true, active = v4:CONNECTED(0) v6:IDLE
V/DATA    (  589): [DCT(0) ] ds= SERVICE_TYPE_MMS, enabled = false, active = v4:CONNECTED(0) v6:IDLE
V/DATA    (  589): [DCT(0) ] ds= SERVICE_TYPE_SUPL, enabled = false, active = v4:CONNECTED(0) v6:IDLE
V/DATA    (  589): [DCT(0) ] ds= SERVICE_TYPE_DUN, enabled = false, active = v4:IDLE v6:IDLE
V/DATA    (  589): [DCT(0) ] ds= SERVICE_TYPE_HIPRI, enabled = false, active = v4:CONNECTED(0) v6:IDLE
D/DATA    (  589): mMasterDataEnabled=true,isUsePacketData=true
I/DATA    (  589): [DCT(0) ] Ready for data : 
I/DATA    (  589): [DCT(0) ]    getDesiredPowerState() = true
I/DATA    (  589): [DCT(0) ]    mCm.getRadioState() = RADIO_ON
I/DATA    (  589): [DCT(0) ]    [DataRadioTech = RADIO_TECH_HSPA, data network state = 0, mMasterDataEnabled = true, is Roaming = false, dataOnRoamingEnable = false, isPsRestricted = false, desiredPowerState  = true, mSIMRecords = true/310410, cdmaSubSource = 1/, mRuimRecords = , checks = true/true]
V/DATA    (  589): [DCT(0) ] trySetupDataCall : ds=SERVICE_TYPE_DEFAULT, ipv=INET6, reason=radioTechnologyChanged
W/DATA    (  589): [DCT(0) ] no working data profile available to establish service type SERVICE_TYPE_DEFAULTon INET6
D/DATA    (  589):  notifyDataConnection Pass INET6 >>> Fix me later please!!
V/DATA    (  589): [DCT(0) ] onDataCallListChanged:
V/DATA    (  589): [DCT(0) ] ---dc state list---
V/DATA    (  589): [DCT(0) ] DataCallState: { cid: 0, active: 2, type: , apn: pta, address: 10.8.248.107 }
V/DATA    (  589): [DCT(0) ] ---dc list---
V/DATA    (  589): [DCT(0) ] cid = 0, state = DcActiveState, bearerType = IP, ipaddress = 10.8.248.107, gw=10.8.248.105, dns=[172.26.38.1, 172.26.38.2]
V/DATA    (  589): [DCT(0) ] intent received :android.intent.action.ANY_DATA_STATE
D/DATA    (  589): NETWORK_STATE_CHANGED_ACTION : data_call = 49
D/PhoneApp(  589): CONNECTED - hideDataDisconnectedRoaming()
V/AlarmManager(  445): Adding alarm Alarm{4096bf28 type 2 com.google.android.location} at 1
D/MobileDataStateTracker(  445): replacing old mInterfaceName (rmnet_sdio0) with rmnet_sdio0 for mms
V/DATA    (  589): [DCT(0) ] intent received :android.intent.action.ANY_DATA_STATE
D/DATA    (  589): NETWORK_STATE_CHANGED_ACTION : data_call = 49
D/PhoneApp(  589): CONNECTED - hideDataDisconnectedRoaming()
I/SML     (21817): V1.1112.5.1 [smlPhoneStatus.java Line:70] [onServiceStateChanged] onServiceStateChanged nNetwork =10
I/SML     (21817): V1.1112.5.1 [smlPhoneStatus.java Line:71] [onServiceStateChanged] onServiceStateChanged bRoming =false
D/MobileDataStateTracker(  445): replacing old mInterfaceName (rmnet_sdio0) with rmnet_sdio0 for supl
V/DATA    (  589): [DCT(0) ] intent received :android.intent.action.ANY_DATA_STATE
D/DATA    (  589): NETWORK_STATE_CHANGED_ACTION : data_call = 49
D/PhoneApp(  589): CONNECTED - hideDataDisconnectedRoaming()
V/DATA    (  589): [DCT(0) ] intent received :android.intent.action.ANY_DATA_STATE
D/DATA    (  589): NETWORK_STATE_CHANGED_ACTION : data_call = 49
V/AlarmManager(  445): Adding alarm Alarm{40b8ded8 type 2 com.google.android.apps.maps} at 5
V/DATA    (  589): [DCT(0) ] intent received :android.intent.action.ANY_DATA_STATE
D/DATA    (  589): NETWORK_STATE_CHANGED_ACTION : data_call = 49
D/PhoneApp(  589): CONNECTED - hideDataDisconnectedRoaming()
D/dalvikvm(  445): GC_CONCURRENT freed 2042K, 40% free 8406K/13895K, external 7207K/9000K, paused 2ms+6ms
D/DATA    (  589): [DSST(0)] pollstate() : reason = data network state changed
V/DATA    (  589): [DCT(0) ] onDataCallListChanged:
V/DATA    (  589): [DCT(0) ] ---dc state list---
V/DATA    (  589): [DCT(0) ] DataCallState: { cid: 0, active: 1, type: , apn: pta, address: 10.8.248.107 }
V/DATA    (  589): [DCT(0) ] ---dc list---
V/DATA    (  589): [DCT(0) ] cid = 0, state = DcActiveState, bearerType = IP, ipaddress = 10.8.248.107, gw=10.8.248.105, dns=[172.26.38.1, 172.26.38.2]
D/DATA    (  589): [DSST(0)] Poll ServiceState done: oldSS=[0 home null null null  HSPA CSS not supported -1 -1RoamInd: -1DefRoamInd: -1EmergOnly: false] newSS=[0 home null null null  HSPA CSS not supported -1 -1RoamInd: -1DefRoamInd: -1EmergOnly: false]
I/VCoreDaemon(23407): 1333615484920: leader to cloud hearbeat...
E/AlarmManagerService(  445): android_server_AlarmManagerService_set to type=3, 15025.662000000
V/AlarmManager(  445): Adding alarm Alarm{40a0d790 type 3 com.android.vending} at 6
V/AlarmManager(  445): sending alarm Alarm{40a0d790 type 3 com.android.vending}
D/DATA    (  589): [DSST(0)] pollstate() : reason = data network state changed
D/DATA    (  589): [DSST(0)] Poll ServiceState done: oldSS=[0 home null null null  HSPA CSS not supported -1 -1RoamInd: -1DefRoamInd: -1EmergOnly: false] newSS=[0 home null null null  UMTS CSS not supported -1 -1RoamInd: -1DefRoamInd: -1EmergOnly: false]
I/GlobalActions(  445): inAirplaneModefalse mAirplaneStateOff serviceState.getState()0
W/EDM     (  445):  >>> CallingPolicyService.mPhoneListener.new PhoneStateListener() {...}.onServiceStateChanged()
W/EDM     (  445): >>> CallingPolicyService.loadSettings()
W/EDM     (  445): >>> CallingPolicyService.getAdminIdByLastChange()
W/EDM     (  445): >>> CallingPolicyService.getLastChangeId()
I/TelephonyRegistry(  445): notifyServiceState: 0 home AT&T AT&T 310410  UMTS CSS not supported -1 -1RoamInd: -1DefRoamInd: -1EmergOnly: false
W/EDM     (  445): CallingPolicyService.getAdminIdByLastChange() adminId : -1
D/DATA    (  589): mMasterDataEnabled=true,isUsePacketData=true
D/FlightSettingButton(  559): EVENT_SERVICE_STATE_CHANGED received
E/FlightSettingButton(  559): updateStatus : 0
D/DATA    (  589): mMasterDataEnabled=true,isUsePacketData=true
I/TelephonyRegistry(  445): notifyDataConnection: anyState=2,default/INET,apnTypeState=2,iface=rmnet_sdio0,ip=10.8.248.107,gw=10.8.248.105,isDataConnectivityPossible=true,networkType=3,reason=radioTechnologyChanged
D/DATA    (  589):  notifyDataConnection Pass INET6 >>> Fix me later please!!
D/DATA    (  589): mMasterDataEnabled=true,isUsePacketData=true
D/MobileDataStateTracker(  445): replacing old mInterfaceName (rmnet_sdio0) with rmnet_sdio0 for hipri
D/DATA    (  589):  notifyDataConnection Pass INET6 >>> Fix me later please!!
D/DATA    (  589): mMasterDataEnabled=true,isUsePacketData=true
D/DATA    (  589):  notifyDataConnection Pass INET6 >>> Fix me later please!!
D/DATA    (  589): mMasterDataEnabled=true,isUsePacketData=true
I/TelephonyRegistry(  445): notifyDataConnection: anyState=2,mms/INET,apnTypeState=2,iface=rmnet_sdio0,ip=10.8.248.107,gw=10.8.248.105,isDataConnectivityPossible=true,networkType=3,reason=radioTechnologyChanged
I/TelephonyRegistry(  445): notifyDataConnection: anyState=2,supl/INET,apnTypeState=2,iface=rmnet_sdio0,ip=10.8.248.107,gw=10.8.248.105,isDataConnectivityPossible=true,networkType=3,reason=radioTechnologyChanged
D/DATA    (  589):  notifyDataConnection Pass INET6 >>> Fix me later please!!
D/DATA    (  589): mMasterDataEnabled=true,isUsePacketData=true
I/TelephonyRegistry(  445): notifyDataConnection: anyState=2,dun/INET,apnTypeState=0,iface=null,ip=null,gw=null,isDataConnectivityPossible=true,networkType=3,reason=radioTechnologyChanged
D/MobileDataStateTracker(  445): default Received state= CONNECTED, old= CONNECTED, reason= radioTechnologyChanged, apnTypeList= default
D/DATA    (  589):  notifyDataConnection Pass INET6 >>> Fix me later please!!
V/DATA    (  589): [DCT(0) ] intent received :android.intent.action.ANY_DATA_STATE
I/TelephonyRegistry(  445): notifyDataConnection: anyState=2,hipri/INET,apnTypeState=2,iface=rmnet_sdio0,ip=10.8.248.107,gw=10.8.248.105,isDataConnectivityPossible=true,networkType=3,reason=radioTechnologyChanged
D/DATA    (  589): NETWORK_STATE_CHANGED_ACTION : data_call = 49
V/DATA    (  589): [DCT(0) ] onUpdateDataConnections: reason=radioTechnologyChanged
V/DATA    (  589): [DCT(0) ] ---dc list---
V/DATA    (  589): [DCT(0) ] cid = 0, state = DcActiveState, bearerType = IP, ipaddress = 10.8.248.107, gw=10.8.248.105, dns=[172.26.38.1, 172.26.38.2]
V/DATA    (  589): [DCT(0) ] ---ds list---
V/DATA    (  589): [DCT(0) ] ds= SERVICE_TYPE_DEFAULT, enabled = true, active = v4:CONNECTED(0) v6:IDLE
V/DATA    (  589): [DCT(0) ] ds= SERVICE_TYPE_MMS, enabled = false, active = v4:CONNECTED(0) v6:IDLE
V/DATA    (  589): [DCT(0) ] ds= SERVICE_TYPE_SUPL, enabled = false, active = v4:CONNECTED(0) v6:IDLE
V/DATA    (  589): [DCT(0) ] ds= SERVICE_TYPE_DUN, enabled = false, active = v4:IDLE v6:IDLE
V/DATA    (  589): [DCT(0) ] ds= SERVICE_TYPE_HIPRI, enabled = false, active = v4:CONNECTED(0) v6:IDLE
D/DATA    (  589): mMasterDataEnabled=true,isUsePacketData=true
I/DATA    (  589): [DCT(0) ] Ready for data : 
I/DATA    (  589): [DCT(0) ]    getDesiredPowerState() = true
I/DATA    (  589): [DCT(0) ]    mCm.getRadioState() = RADIO_ON
I/DATA    (  589): [DCT(0) ]    [DataRadioTech = RADIO_TECH_UMTS, data network state = 0, mMasterDataEnabled = true, is Roaming = false, dataOnRoamingEnable = false, isPsRestricted = false, desiredPowerState  = true, mSIMRecords = true/310410, cdmaSubSource = 1/, mRuimRecords = , checks = true/true]
V/DATA    (  589): [DCT(0) ] trySetupDataCall : ds=SERVICE_TYPE_DEFAULT, ipv=INET6, reason=radioTechnologyChanged
W/DATA    (  589): [DCT(0) ] no working data profile available to establish service type SERVICE_TYPE_DEFAULTon INET6
D/DATA    (  589):  notifyDataConnection Pass INET6 >>> Fix me later please!!
D/PhoneApp(  589): CONNECTED - hideDataDisconnectedRoaming()
D/MobileDataStateTracker(  445): replacing old mInterfaceName (rmnet_sdio0) with rmnet_sdio0 for mms
V/AlarmManager(  445): Adding alarm Alarm{40d334f0 type 2 com.google.android.location} at 1
V/DATA    (  589): [DCT(0) ] intent received :android.intent.action.ANY_DATA_STATE
D/DATA    (  589): NETWORK_STATE_CHANGED_ACTION : data_call = 49
D/PhoneApp(  589): CONNECTED - hideDataDisconnectedRoaming()
D/MobileDataStateTracker(  445): replacing old mInterfaceName (rmnet_sdio0) with rmnet_sdio0 for supl
V/DATA    (  589): [DCT(0) ] intent received :android.intent.action.ANY_DATA_STATE
D/DATA    (  589): NETWORK_STATE_CHANGED_ACTION : data_call = 49
D/PhoneApp(  589): CONNECTED - hideDataDisconnectedRoaming()
V/DATA    (  589): [DCT(0) ] intent received :android.intent.action.ANY_DATA_STATE
D/DATA    (  589): NETWORK_STATE_CHANGED_ACTION : data_call = 49
V/DATA    (  589): [DCT(0) ] intent received :android.intent.action.ANY_DATA_STATE
D/DATA    (  589): NETWORK_STATE_CHANGED_ACTION : data_call = 49
D/PhoneApp(  589): CONNECTED - hideDataDisconnectedRoaming()
V/AlarmManager(  445): Adding alarm Alarm{40b2e500 type 2 com.google.android.apps.maps} at 5
I/SML     (21817): V1.1112.5.1 [smlPhoneStatus.java Line:70] [onServiceStateChanged] onServiceStateChanged nNetwork =3
