I/NetworkThread( 2757): 1333612582019: Sending UDP payload: 949
I/VCoreDaemon( 2757): 1333612582023: nonce 9 heard from src region (3,0)
I/NetworkThread( 2757): 1333612582066: Received UDP payload: 949
I/Mux     ( 2757): 1333612582089: GOT CSM_Msg
I/VCoreDaemon( 2757): 1333612582089: nonce 9 heard from src region (3,0)
I/VCoreDaemon( 2757): 1333612582099: Retrying PROC_REQUEST 11:0 (3,0)->(6,0)
I/VCoreDaemon( 2757): 1333612582100: Dispatching Atom PROC_REQUEST 11:0 (3,0)->(6,0)
I/Mux     ( 2757): 1333612582101: I got a CSM packet at a leader 
I/NetworkThread( 2757): 1333612582103: Sending UDP payload: 949
I/VCoreDaemon( 2757): 1333612582106: nonce 10 heard from src region (3,0)
I/NetworkThread( 2757): 1333612582144: Received UDP payload: 949
I/Mux     ( 2757): 1333612582160: GOT CSM_Msg
I/VCoreDaemon( 2757): 1333612582160: nonce 10 heard from src region (3,0)
I/VCoreDaemon( 2757): 1333612582201: Retrying PROC_REQUEST 11:0 (3,0)->(6,0)
I/VCoreDaemon( 2757): 1333612582201: Dispatching Atom PROC_REQUEST 11:0 (3,0)->(6,0)
I/Mux     ( 2757): 1333612582203: I got a CSM packet at a leader 
I/NetworkThread( 2757): 1333612582207: Sending UDP payload: 949
I/VCoreDaemon( 2757): 1333612582234: nonce 11 heard from src region (3,0)
I/NetworkThread( 2757): 1333612582273: Received UDP payload: 949
I/Mux     ( 2757): 1333612582292: GOT CSM_Msg
I/VCoreDaemon( 2757): 1333612582292: nonce 11 heard from src region (3,0)
I/VCoreDaemon( 2757): 1333612582302: Retrying PROC_REQUEST 11:0 (3,0)->(6,0)
I/VCoreDaemon( 2757): 1333612582303: Dispatching Atom PROC_REQUEST 11:0 (3,0)->(6,0)
I/Mux     ( 2757): 1333612582304: I got a CSM packet at a leader 
I/NetworkThread( 2757): 1333612582306: Sending UDP payload: 949
I/VCoreDaemon( 2757): 1333612582321: nonce 12 heard from src region (3,0)
I/NetworkThread( 2757): 1333612582353: Received UDP payload: 949
I/Mux     ( 2757): 1333612582362: GOT CSM_Msg
I/VCoreDaemon( 2757): 1333612582362: nonce 12 heard from src region (3,0)
D/dalvikvm( 2757): GC_CONCURRENT freed 432K, 67% free 10661K/32007K, paused 2ms+9ms
I/VCoreDaemon( 2757): 1333612582404: Retrying PROC_REQUEST 11:0 (3,0)->(6,0)
I/VCoreDaemon( 2757): 1333612582405: Dispatching Atom PROC_REQUEST 11:0 (3,0)->(6,0)
I/Mux     ( 2757): 1333612582405: I got a CSM packet at a leader 
I/NetworkThread( 2757): 1333612582420: Sending UDP payload: 949
I/VCoreDaemon( 2757): 1333612582424: nonce 13 heard from src region (3,0)
I/NetworkThread( 2757): 1333612582495: Received UDP payload: 949
I/Mux     ( 2757): 1333612582500: GOT CSM_Msg
I/VCoreDaemon( 2757): 1333612582501: nonce 13 heard from src region (3,0)
I/VCoreDaemon( 2757): 1333612582521: Retrying PROC_REQUEST 11:0 (3,0)->(6,0)
I/VCoreDaemon( 2757): 1333612582521: Dispatching Atom PROC_REQUEST 11:0 (3,0)->(6,0)
I/Mux     ( 2757): 1333612582522: I got a CSM packet at a leader 
I/NetworkThread( 2757): 1333612582527: Sending UDP payload: 949
I/VCoreDaemon( 2757): 1333612582528: nonce 14 heard from src region (3,0)
I/NetworkThread( 2757): 1333612582619: Received UDP payload: 949
I/VCoreDaemon( 2757): 1333612582623: Retrying PROC_REQUEST 11:0 (3,0)->(6,0)
I/VCoreDaemon( 2757): 1333612582623: Dispatching Atom PROC_REQUEST 11:0 (3,0)->(6,0)
I/Mux     ( 2757): 1333612582629: I got a CSM packet at a leader 
I/NetworkThread( 2757): 1333612582637: Sending UDP payload: 949
I/VCoreDaemon( 2757): 1333612582638: nonce 15 heard from src region (3,0)
I/Mux     ( 2757): 1333612582639: GOT CSM_Msg
I/VCoreDaemon( 2757): 1333612582640: nonce 14 heard from src region (3,0)
I/NetworkThread( 2757): 1333612582671: Received UDP payload: 949
I/Mux     ( 2757): 1333612582689: GOT CSM_Msg
I/VCoreDaemon( 2757): 1333612582692: nonce 15 heard from src region (3,0)
I/VCoreDaemon( 2757): 1333612582724: Retrying PROC_REQUEST 11:0 (3,0)->(6,0)
I/VCoreDaemon( 2757): 1333612582725: Dispatching Atom PROC_REQUEST 11:0 (3,0)->(6,0)
I/Mux     ( 2757): 1333612582726: I got a CSM packet at a leader 
I/NetworkThread( 2757): 1333612582728: Sending UDP payload: 949
I/VCoreDaemon( 2757): 1333612582730: nonce 16 heard from src region (3,0)
I/NetworkThread( 2757): 1333612582767: Received UDP payload: 949
I/Mux     ( 2757): 1333612582785: GOT CSM_Msg
I/VCoreDaemon( 2757): 1333612582785: nonce 16 heard from src region (3,0)
I/VCoreDaemon( 2757): 1333612582827: Retrying PROC_REQUEST 11:0 (3,0)->(6,0)
I/VCoreDaemon( 2757): 1333612582827: Dispatching Atom PROC_REQUEST 11:0 (3,0)->(6,0)
I/Mux     ( 2757): 1333612582828: I got a CSM packet at a leader 
I/NetworkThread( 2757): 1333612582831: Sending UDP payload: 949
I/VCoreDaemon( 2757): 1333612582833: nonce 17 heard from src region (3,0)
I/NetworkThread( 2757): 1333612582871: Received UDP payload: 949
I/Mux     ( 2757): 1333612582892: GOT CSM_Msg
I/VCoreDaemon( 2757): 1333612582892: nonce 17 heard from src region (3,0)
I/VCoreDaemon( 2757): 1333612582928: Request timed out, send failure PROC_REPLY 11:0 (6,0)->(3,0)
I/VCoreDaemon( 2757): 1333612582929: Dispatching Atom PROC_REPLY 11:0 (6,0)->(3,0)
I/Mux     ( 2757): 1333612582929: I got a CSM packet at a leader 
I/NetworkThread( 2757): 1333612582932: Sending UDP payload: 770
I/VCoreDaemon( 2757): 1333612582936: Received PROC_REPLY 11:0 (6,0)->(3,0), handing to UserApp
I/NetworkThread( 2757): 1333612582972: Received UDP payload: 770
I/Mux     ( 2757): 1333612582991: GOT CSM_Msg
I/VCoreDaemon( 2757): 1333612582991: Received DUPLICATE PROC_REPLY 11:0 (6,0)->(3,0)
D/AudioHardware(   82): AudioHardware pcm playback is going to standby.
D/AudioHardware(   82): closePcmOut_l() mPcmOpenCnt: 1
I/StatusActivity( 2757): inside buttonsEnableProgressTimeoutR. OH NO! Your photo (save/get) request TIMED OUT. Try again later!
I/StatusActivity( 2757): Inside _enableButtons
I/StatusActivity( 2757): areButtonsEnabled --> true
W/InputManagerService(  163): Window already focused, ignoring focus gain of: com.android.internal.view.IInputMethodClient$Stub$Proxy@417c8010
I/NetworkThread( 2757): 1333612588376: Received UDP payload: 406
I/VCoreDaemon( 2757): 1333612594796: leader to cloud hearbeat...
I/VNC:Cloud( 2757): Request executed: http://hermes5.csail.mit.edu:8212/take/3/0/5001/1333612594797/
W/NetworkStats(  163): dropping UID delta from unknown iface: iface=wlan0 uid=10067 set=FOREGROUND tag=0x0 rxBytes=39135 rxPackets=36 txBytes=16864 txPackets=18 operations=0
D/dalvikvm( 2757): GC_CONCURRENT freed 424K, 67% free 10656K/32007K, paused 8ms+3ms
I/StatusActivity( 2757): 1333612609170: HI I'm in ONPAUSE()
W/IInputConnectionWrapper( 2757): showStatusIcon on inactive InputConnection
W/InputManagerService(  163): Starting input on non-focused client com.android.internal.view.IInputMethodClient$Stub$Proxy@416c2a00 (uid=10067 pid=2757)
I/CameraSurfaceView( 2757): inside surfaceDestroyed()
I/CameraHardwareSec(   82): int android::CameraHardwareSec::previewThreadWrapper(): calling mSecCamera->stopPreview() and waiting
I/CameraSurfaceView( 2757): inside surfaceDestroyed()
I/CameraHardwareSec(   82): void android::CameraHardwareSec::stopPreviewInternal() : preview not running, doing nothing
I/CameraHardwareSec(   82): int android::CameraHardwareSec::previewThreadWrapper(): return from wait
I/CameraHardwareSec(   82): int android::CameraHardwareSec::previewThreadWrapper(): exiting
W/SecCamera(   82): int android::SecCamera::stopPreview(): doing nothing because m_flag_camera_start is zero
W/SecCamera(   82): int android::SecCamera::stopRecord(): doing nothing because m_flag_record_start is zero
I/SecCamera(   82): DeinitCamera: m_cam_fd(29)
I/SecCamera(   82): DeinitCamera: m_cam_fd2(30)
E/CameraHardwareSec(   82): preview window is NULL!
I/CameraService(   82): Destroying camera 0
I/CameraHardwareSec(   82): int android::HAL_camera_device_close(hw_device_t*)
I/SecCamera(   82): DeinitCamera : already deinitialized
W/AudioFlinger(   82): session id 74 not found for pid 82
W/AudioFlinger(   82): session id 75 not found for pid 82
D/dalvikvm(  163): GC_CONCURRENT freed 797K, 11% free 12715K/14151K, paused 6ms+5ms
I/ActivityManager(  163): No longer want com.android.keychain (pid 2724): hidden #16
I/StatusActivity( 2757): 1333612609870: inside onDestroy()
I/Mux     ( 2757): Stop request encountered.
D/Mux     ( 2757): Waiting for VCoreDaemon to stop...
I/VCoreDaemon( 2757): Stop request encountered.
I/UserApp ( 2757): 1333612609873: UserApp stopped.
I/VCoreDaemon( 2757): 1333612609873: DSMLayer stopped
I/VCoreDaemon( 2757): 1333612609874: serializing DSMLayer to JSON
I/StatusActivity( 2757): 1333612609877: no camera to close
W/meterizedTypeHandlerMap( 2757): Overriding the existing type handler for {0}
I/StatusActivity( 2757): 1333612609878: close everything else
W/meterizedTypeHandlerMap( 2757): Overriding the existing type handler for {0}
I/ActivityManager(  163): Process edu.mit.csail.diplomamatrix (pid 2757) has died.
I/WindowManager(  163): WIN DEATH: Window{415ebd80 SurfaceView paused=false}
I/WindowManager(  163): WIN DEATH: Window{415e5f88 edu.mit.csail.diplomamatrix/edu.mit.csail.diplomamatrix.StatusActivity paused=false}
D/AndroidRuntime( 2800): 
D/AndroidRuntime( 2800): >>>>>> AndroidRuntime START com.android.internal.os.RuntimeInit <<<<<<
D/AndroidRuntime( 2800): CheckJNI is OFF
D/AndroidRuntime( 2800): Calling main entry com.android.commands.pm.Pm
W/ActivityManager(  163): No content provider found for permission revoke: file:///data/local/tmp/DIPLOMAMatrix.apk
W/ActivityManager(  163): No content provider found for permission revoke: file:///data/local/tmp/DIPLOMAMatrix.apk
I/PackageManager(  163): Removing non-system package:edu.mit.csail.diplomamatrix
I/ActivityManager(  163): Force stopping package edu.mit.csail.diplomamatrix uid=10067
I/ActivityManager(  163):   Force finishing activity ActivityRecord{41525e78 edu.mit.csail.diplomamatrix/.StatusActivity}
W/ActivityManager(  163): Duplicate finish request for ActivityRecord{41525e78 edu.mit.csail.diplomamatrix/.StatusActivity}
I/PackageManager(  163): Running dexopt on: edu.mit.csail.diplomamatrix
I/PackageManager(  163): Package edu.mit.csail.diplomamatrix codePath changed from /data/app/edu.mit.csail.diplomamatrix-1.apk to /data/app/edu.mit.csail.diplomamatrix-2.apk; Retaining data and using new
D/dalvikvm( 2811): DexOpt: load 21ms, verify+opt 135ms
I/ActivityManager(  163): Force stopping package edu.mit.csail.diplomamatrix uid=10067
I/ActivityManager(  163):   Force finishing activity ActivityRecord{41525e78 edu.mit.csail.diplomamatrix/.StatusActivity}
W/ActivityManager(  163): Duplicate finish request for ActivityRecord{41525e78 edu.mit.csail.diplomamatrix/.StatusActivity}
W/PackageManager(  163): Code path for pkg : edu.mit.csail.diplomamatrix changing from /data/app/edu.mit.csail.diplomamatrix-1.apk to /data/app/edu.mit.csail.diplomamatrix-2.apk
W/PackageManager(  163): Resource path for pkg : edu.mit.csail.diplomamatrix changing from /data/app/edu.mit.csail.diplomamatrix-1.apk to /data/app/edu.mit.csail.diplomamatrix-2.apk
D/PackageManager(  163): New package installed in /data/app/edu.mit.csail.diplomamatrix-2.apk
I/ActivityManager(  163): Force stopping package edu.mit.csail.diplomamatrix uid=10067
I/ActivityManager(  163):   Force finishing activity ActivityRecord{41525e78 edu.mit.csail.diplomamatrix/.StatusActivity}
W/ActivityManager(  163): Duplicate finish request for ActivityRecord{41525e78 edu.mit.csail.diplomamatrix/.StatusActivity}
D/dalvikvm(  358): GC_EXPLICIT freed 754K, 38% free 12368K/19911K, paused 3ms+8ms
D/dalvikvm( 1122): GC_EXPLICIT freed 264K, 5% free 9354K/9799K, paused 1ms+2ms
I/RegisteredComponentCache(  345): ComponentInfo: ResolveInfo{413701b8 com.android.apps.tag.TagViewer p=0 o=0 m=0x108000}, techs: android.nfc.tech.Ndef, 
D/dalvikvm(  163): GC_EXPLICIT freed 764K, 11% free 12704K/14151K, paused 3ms+7ms
D/PackageManager(  163): generateServicesMap(android.accounts.AccountAuthenticator): 3 services unchanged
D/PackageManager(  163): generateServicesMap(android.content.SyncAdapter): 14 services unchanged
D/BackupManagerService(  163): Received broadcast Intent { act=android.intent.action.PACKAGE_REMOVED dat=package:edu.mit.csail.diplomamatrix flg=0x10000010 (has extras) }
D/PackageManager(  163): generateServicesMap(android.accounts.AccountAuthenticator): 3 services unchanged
D/PackageManager(  163): generateServicesMap(android.content.SyncAdapter): 14 services unchanged
I/RegisteredComponentCache(  345): ComponentInfo: ResolveInfo{41379278 com.android.apps.tag.TagViewer p=0 o=0 m=0x108000}, techs: android.nfc.tech.Ndef, 
I/ActivityManager(  163): Start proc com.android.keychain for broadcast com.android.keychain/.KeyChainBroadcastReceiver: pid=2812 uid=1000 gids={1015, 3002, 3001, 3003, 3007}
D/BackupManagerService(  163): Received broadcast Intent { act=android.intent.action.PACKAGE_ADDED dat=package:edu.mit.csail.diplomamatrix flg=0x10000010 (has extras) }
V/BackupManagerService(  163): updatePackageParticipantsLocked: edu.mit.csail.diplomamatrix
D/dalvikvm(   80): GC_EXPLICIT freed 39K, 4% free 9028K/9347K, paused 1ms+10ms
D/dalvikvm(   80): GC_EXPLICIT freed <1K, 4% free 9028K/9347K, paused 2ms+2ms
D/dalvikvm(   80): GC_EXPLICIT freed <1K, 4% free 9028K/9347K, paused 5ms+2ms
D/BackupManagerService(  163): Received broadcast Intent { act=android.intent.action.PACKAGE_REPLACED dat=package:edu.mit.csail.diplomamatrix flg=0x10000010 (has extras) }
V/BackupManagerService(  163): updatePackageParticipantsLocked: edu.mit.csail.diplomamatrix
D/dalvikvm(  163): GC_EXPLICIT freed 709K, 9% free 12917K/14151K, paused 31ms+7ms
D/AndroidRuntime( 2800): Shutting down VM
D/dalvikvm( 2800): GC_CONCURRENT freed 100K, 83% free 456K/2560K, paused 0ms+0ms
D/jdwp    ( 2800): Got wake-up signal, bailing out of select
D/dalvikvm( 2800): Debugger has detached; object registry had 1 entries
I/AndroidRuntime( 2800): NOTE: attach of thread 'Binder Thread #3' failed
D/AndroidRuntime( 2832): 
D/AndroidRuntime( 2832): >>>>>> AndroidRuntime START com.android.internal.os.RuntimeInit <<<<<<
D/AndroidRuntime( 2832): CheckJNI is OFF
D/AndroidRuntime( 2832): Calling main entry com.android.commands.am.Am
I/ActivityManager(  163): START {act=android.intent.action.MAIN cat=[android.intent.category.LAUNCHER] flg=0x10000000 cmp=edu.mit.csail.diplomamatrix/.StatusActivity} from pid 2832
D/AndroidRuntime( 2832): Shutting down VM
D/dalvikvm( 2832): GC_CONCURRENT freed 102K, 81% free 486K/2560K, paused 0ms+0ms
D/jdwp    ( 2832): Got wake-up signal, bailing out of select
D/dalvikvm( 2832): Debugger has detached; object registry had 1 entries
I/AndroidRuntime( 2832): NOTE: attach of thread 'Binder Thread #3' failed
D/dalvikvm( 2843): Late-enabling CheckJNI
I/ActivityManager(  163): Start proc edu.mit.csail.diplomamatrix for activity edu.mit.csail.diplomamatrix/.StatusActivity: pid=2843 uid=10067 gids={1006, 1015, 3003}
I/dalvikvm( 2843): Turning on JNI app bug workarounds for target SDK version 4...
I/StatusActivity( 2843): 1333612616877: *** Opened log file for writing ***
I/StatusActivity( 2843): 1333612616878: Android build: Nexus S
I/StatusActivity( 2843): 1333612616878: NET_NAME set to: wlan0
I/StatusActivity( 2843): 1333612616882: starting Mux with id = -1
D/OpenGLRenderer(  358): Flushing caches (mode 1)
I/StatusActivity( 2843): 1333612616884: areButtonsEnabled --> true
I/StatusActivity( 2843): 1333612616887: *** Application started ***
I/StatusActivity( 2843): 1333612616888: HI I'm in ONRESUME()
I/StatusActivity( 2843): 1333612616890: SAMPLING_DISTANCE : 1, SAMPLING_DURATION : 1000
I/Mux.java( 2843): run() beginning -------------
I/StatusActivity( 2843): 1333612616895: ************ GPS turned OFF *************
D/Mux     ( 2843): Mux started
I/NetworkThread( 2843): Initial socket buffer sizes: 110592 receive, 110592 send
I/NetworkThread( 2843): Set socket buffer sizes to: 221184 receive, 221184 send
I/NetworkThread( 2843): started, local IP address:/192.168.5.1
I/Mux.java's nodeId is( 2843): 5001
I/Mux     ( 2843): starting vncDaemon ........
I/VCoreDaemon( 2843): 1333612616920: Started VCoreDaemon with parameters maxRx = 6 , maxRY= 1, minLongitude = -7110102 , minLatitude = 4236349, regionWidth =17
I/Mux     ( 2843): vncDaemon started
I/VCoreDaemon.java( 2843): onStart() about to stateTransition.........................................................................
I/VCoreDaemon( 2843): 1333612616925: started, mId = 5001
I/VCoreDaemon.java( 2843): inside stateTransition ......................................................................................
I/..... VCoreDaemon.java( 2843): out of bounds
I/VCoreDaemon( 2843): 1333612616928: region (-1, -1) out of bounds, dormant
I/..... VCoreDaemon.java( 2843): ends xxxxxxxxxxxxxxxxxxxxxxxxxxxxxxxxxxxxxxxxxxx
V/PhoneStatusBar(  229): setLightsOn(true)
D/OpenGLRenderer(  358): Flushing caches (mode 0)
I/CameraSurfaceView( 2843): inside surfaceCreated()
I/CameraSurfaceView( 2843): opening Camera.open()
I/CameraService(   82): Opening camera 0
I/CameraHardwareSec(   82): int android::HAL_camera_device_open(const hw_module_t*, const char*, hw_device_t**): open camera 0
E/SecCamera(   82): initCamera: m_cam_fd(29), m_jpeg_fd(0)
I/SecCamera(   82): Name of input channel[0] is S5K4ECGX
E/SecCamera(   82): initCamera: m_cam_fd2(30)
I/SecCamera(   82): Name of input channel[0] is S5K4ECGX
I/SecCamera(   82): initCamera : initialized
I/SecCamera(   82): Name of input channel[0] is S5K4ECGX
I/CameraHardwareSec(   82): int android::HAL_camera_device_open(const hw_module_t*, const char*, hw_device_t**): opened camera 0 (0x1e73ef8)
I/AwesomePlayer(   82): setDataSource_l('/system/media/audio/ui/camera_click.ogg')
I/CameraHardwareSec(   82): int android::CameraHardwareSec::previewThreadWrapper(): starting
I/CameraHardwareSec(   82): int android::CameraHardwareSec::previewThreadWrapper(): calling mSecCamera->stopPreview() and waiting
W/SecCamera(   82): int android::SecCamera::stopPreview(): doing nothing because m_flag_camera_start is zero
I/AwesomePlayer(   82): setDataSource_l('/system/media/audio/ui/VideoRecord.ogg')
I/CameraSurfaceView( 2843): opened camera
I/CameraSurfaceView( 2843): inside on surfaceChanged()
D/CameraHardwareSec(   82): mPreviewHeap(fd(29), size(518400), width(720), height(480))
I/CameraHardwareSec(   82): int android::CameraHardwareSec::previewThreadWrapper(): return from wait
I/ActivityManager(  163): Displayed edu.mit.csail.diplomamatrix/.StatusActivity: +1s158ms
W/ActivityManager(  163): Activity destroy timeout for ActivityRecord{41525e78 edu.mit.csail.diplomamatrix/.StatusActivity}
D/dalvikvm(  325): GC_CONCURRENT freed 419K, 6% free 9502K/10055K, paused 14ms+2ms
I/NetworkThread( 2843): 1333612682935: Received UDP payload: 406
D/dalvikvm( 2843): GC_CONCURRENT freed 135K, 3% free 9338K/9607K, paused 2ms+2ms
I/NetworkThread( 2843): 1333612683203: Received UDP payload: 406
I/NetworkThread( 2843): 1333612683507: Received UDP payload: 406
I/NetworkThread( 2843): 1333612683820: Received UDP payload: 406
I/NetworkThread( 2843): 1333612686976: Received UDP payload: 25252
I/NetworkThread( 2843): 1333612691797: Received UDP payload: 6382
I/Mux     ( 2843): 1333612691854: GOT CSM_Msg
I/NetworkThread( 2843): 1333612691863: Received UDP payload: 949
I/Mux     ( 2843): 1333612691873: GOT CSM_Msg
I/NetworkThread( 2843): 1333612701220: Received UDP payload: 406
I/NetworkThread( 2843): 1333612731255: Received UDP payload: 406
I/NetworkThread( 2843): 1333612761224: Received UDP payload: 406
I/NetworkThread( 2843): 1333612791223: Received UDP payload: 406
I/NetworkThread( 2843): 1333612821227: Received UDP payload: 406
I/VCoreDaemon( 2843): 1333612830889: moving from region (-1,-1), to (1,0)
I/VCoreDaemon.java( 2843): inside stateTransition ......................................................................................
I/..... VCoreDaemon.java( 2843): targetState = JOINING
I/VCoreDaemon( 2843): 1333612830897: sending LEADER_REQUEST
I/VCoreDaemon( 2843): 1333612830897: inside sendPacket(Packet p)
D/AudioHardware(   82): AudioHardware pcm playback is exiting standby.
D/AudioHardware(   82): openPcmOut_l() mPcmOpenCnt: 0
I/..... VCoreDaemon.java( 2843): ends xxxxxxxxxxxxxxxxxxxxxxxxxxxxxxxxxxxxxxxxxxx
I/NetworkThread( 2843): 1333612830937: Sending UDP payload: 406
I/VCoreDaemon( 2843): 1333612831198: sending LEADER_REQUEST
I/VCoreDaemon( 2843): 1333612831200: inside sendPacket(Packet p)
I/NetworkThread( 2843): 1333612831216: Sending UDP payload: 406
I/NetworkThread( 2843): 1333612831480: Received UDP payload: 31462
I/VCoreDaemon( 2843): 1333612831501: sending LEADER_REQUEST
I/VCoreDaemon( 2843): 1333612831501: inside sendPacket(Packet p)
I/NetworkThread( 2843): 1333612831541: Sending UDP payload: 406
I/VCoreDaemon( 2843): 1333612831542: heard LEADER_REPLY from 5012
I/VCoreDaemon.java( 2843): inside stateTransition ......................................................................................
I/..... VCoreDaemon.java( 2843): targetState = NONLEADER
I/VCoreDaemon( 2843): 1333612831542: now NONLEADER (id=5001) following LEADER (id=5012) in (1,0)
I/..... VCoreDaemon.java( 2843): ends xxxxxxxxxxxxxxxxxxxxxxxxxxxxxxxxxxxxxxxxxxx
I/NetworkThread( 2843): 1333612831809: Received UDP payload: 31462
I/NetworkThread( 2843): 1333612832116: Received UDP payload: 31462
I/StatusActivity( 2843): 1333612833885: canPressButton = TRUE
I/StatusActivity( 2843): 1333612833894: areButtonsEnabled --> false
I/StatusActivity( 2843): 1333612833903: disabling buttons ...
I/StatusActivity( 2843): Inside disableButtonsR
I/StatusActivity( 2843): areButtonsEnabled --> false
I/StatusActivity( 2843): 1333612833949: ** Clicked take picture button **
I/CameraSurfaceView( 2843): inside getCamera()
I/CameraHardwareSec(   82): int android::CameraHardwareSec::previewThreadWrapper(): calling mSecCamera->stopPreview() and waiting
I/SecCamera(   82): int android::fimc_v4l2_querybuf(int, android::fimc_buffer*, v4l2_buf_type) :
I/SecCamera(   82): int android::fimc_v4l2_querybuf(int, android::fimc_buffer*, v4l2_buf_type): buffer->start = 0x43bbd000 v4l2_buf.length = 4261248
D/dalvikvm( 2843): GC_CONCURRENT freed 367K, 5% free 9393K/9863K, paused 3ms+3ms
D/dalvikvm( 2843): GC_FOR_ALLOC freed 4K, 5% free 9389K/9863K, paused 14ms
I/dalvikvm-heap( 2843): Grow heap (frag case) to 9.390MB for 157456-byte allocation
D/dalvikvm( 2843): GC_FOR_ALLOC freed 0K, 6% free 9542K/10055K, paused 15ms
I/CameraHardwareSec(   82): == Camera Sensor Detect S5K4ECGX - Samsung LSI SOC 5M ==
D/JpegEncoder(   82): encode E
D/JpegEncoder(   82): encode X
D/SecCamera(   82): Shutter speed=24987 us, iso=100
D/SecCamera(   82): AV=3, TV=5, SV=5
D/JpegEncoder(   82): makeExif E
D/JpegEncoder(   82): makeExif X
I/SecCamera(   82): int android::SecCamera::endSnapshot() :
I/SecCamera(   82): munmap():virt. addr 0x43bbd000 size = 4261248
D/dalvikvm( 2843): GC_FOR_ALLOC freed 3K, 5% free 9555K/10055K, paused 16ms
I/dalvikvm-heap( 2843): Grow heap (frag case) to 10.316MB for 957435-byte allocation
D/dalvikvm( 2843): GC_CONCURRENT freed <1K, 5% free 10490K/11015K, paused 2ms+2ms
I/StatusActivity( 2843): 1333612834532: inside HandlePictureStorage onPictureTaken()
D/CameraHardwareSec(   82): mPreviewHeap(fd(29), size(518400), width(720), height(480))
I/CameraHardwareSec(   82): int android::CameraHardwareSec::previewThreadWrapper(): return from wait
I/StatusActivity( 2843): 1333612834892: Picture successfully taken, ORIG BYTE LENGTH = 957419
D/dalvikvm( 2843): GC_FOR_ALLOC freed 1K, 5% free 10491K/11015K, paused 42ms
I/dalvikvm-heap( 2843): Grow heap (frag case) to 29.066MB for 19660816-byte allocation
D/dalvikvm( 2843): GC_CONCURRENT freed 0K, 2% free 29691K/30279K, paused 2ms+4ms
I/StatusActivity( 2843): 1333612835871: Our new height x width: 240 x 320
I/StatusActivity( 2843): 1333612835872: Show photo from handle my camera take
I/StatusActivity( 2843): 1333612835873: client making photo packet to send to leader for it to save
I/StatusActivity( 2843): 1333612835886: BYTE SIZE AFTER COMPRESSION: 2322
I/StatusActivity( 2843): 1333612835912: about to send my pic
I/StatusActivity( 2843): 1333612835912: I'm a nonleader sending my new photo packet to my leader
I/VCoreDaemon( 2843): 1333612835913: inside sendPacket(Packet p)
I/NetworkThread( 2843): 1333612835915: Sending UDP payload: 2929
I/StatusActivity( 2843): 1333612835917: end of client send picture method
I/NetworkThread( 2843): 1333612836032: Received UDP payload: 3293
I/Mux     ( 2843): 1333612836052: GOT CSM_Msg
I/NetworkThread( 2843): 1333612836054: Received UDP payload: 949
I/Mux     ( 2843): 1333612836079: GOT CSM_Msg
I/NetworkThread( 2843): 1333612836082: Received UDP payload: 602
I/Mux     ( 2843): 1333612836087: Inside mux Packet.SERVER_REPLY
I/Mux     ( 2843): 1333612836087: I have the photo requester id = 5001 about to display photo or receive upload ack
I/StatusActivity( 2843): 1333612836104: inside Packet.CLIENT_UPLOAD_PHOTO_ACK
I/StatusActivity( 2843): 1333612836105: nonleader upload new photo latency = 191
I/StatusActivity( 2843): 1333612836106: = nonleader upload start 1333612835913 ~ stop 1333612836104
I/StatusActivity( 2843): 1333612836110: SUCCESS! Client now knows saving photo on its leader succeeded
D/dalvikvm(  163): GC_EXPLICIT freed 1037K, 11% free 12704K/14151K, paused 2ms+15ms
I/StatusActivity( 2843): Inside _enableButtons
I/StatusActivity( 2843): areButtonsEnabled --> true
W/InputManagerService(  163): Window already focused, ignoring focus gain of: com.android.internal.view.IInputMethodClient$Stub$Proxy@41713390
D/AudioHardware(   82): AudioHardware pcm playback is going to standby.
D/AudioHardware(   82): closePcmOut_l() mPcmOpenCnt: 1
I/StatusActivity( 2843): 1333612846443: canPressButton = TRUE
I/StatusActivity( 2843): 1333612846443: areButtonsEnabled --> false
I/StatusActivity( 2843): 1333612846444: disabling buttons ...
I/StatusActivity( 2843): 1333612846444: ** Clicked take picture button **
I/CameraSurfaceView( 2843): inside getCamera()
I/StatusActivity( 2843): Inside disableButtonsR
I/StatusActivity( 2843): areButtonsEnabled --> false
I/CameraHardwareSec(   82): int android::CameraHardwareSec::previewThreadWrapper(): calling mSecCamera->stopPreview() and waiting
D/AudioHardware(   82): AudioHardware pcm playback is exiting standby.
D/AudioHardware(   82): openPcmOut_l() mPcmOpenCnt: 0
I/SecCamera(   82): int android::fimc_v4l2_querybuf(int, android::fimc_buffer*, v4l2_buf_type) :
I/SecCamera(   82): int android::fimc_v4l2_querybuf(int, android::fimc_buffer*, v4l2_buf_type): buffer->start = 0x43bdf000 v4l2_buf.length = 4261248
I/CameraHardwareSec(   82): == Camera Sensor Detect S5K4ECGX - Samsung LSI SOC 5M ==
D/JpegEncoder(   82): encode E
D/JpegEncoder(   82): encode X
D/SecCamera(   82): Shutter speed=24987 us, iso=50
D/SecCamera(   82): AV=3, TV=5, SV=4
D/JpegEncoder(   82): makeExif E
D/JpegEncoder(   82): makeExif X
I/StatusActivity( 2843): 1333612847037: inside HandlePictureStorage onPictureTaken()
D/CameraHardwareSec(   82): Waiting for picture thread to complete.
I/SecCamera(   82): int android::SecCamera::endSnapshot() :
I/SecCamera(   82): munmap():virt. addr 0x43bdf000 size = 4261248
D/CameraHardwareSec(   82): mPreviewHeap(fd(29), size(518400), width(720), height(480))
I/CameraHardwareSec(   82): int android::CameraHardwareSec::previewThreadWrapper(): return from wait
I/StatusActivity( 2843): 1333612847452: Picture successfully taken, ORIG BYTE LENGTH = 933691
D/dalvikvm( 2843): GC_FOR_ALLOC freed 20325K, 66% free 10796K/31559K, paused 59ms
I/dalvikvm-heap( 2843): Grow heap (frag case) to 29.364MB for 19660816-byte allocation
D/dalvikvm( 2843): GC_CONCURRENT freed 11K, 5% free 29984K/31559K, paused 7ms+10ms
I/StatusActivity( 2843): 1333612848414: Our new height x width: 240 x 320
I/StatusActivity( 2843): 1333612848414: Show photo from handle my camera take
I/StatusActivity( 2843): 1333612848415: client making photo packet to send to leader for it to save
I/StatusActivity( 2843): 1333612848427: BYTE SIZE AFTER COMPRESSION: 2828
I/StatusActivity( 2843): 1333612848441: about to send my pic
I/StatusActivity( 2843): 1333612848442: I'm a nonleader sending my new photo packet to my leader
I/VCoreDaemon( 2843): 1333612848444: inside sendPacket(Packet p)
I/NetworkThread( 2843): 1333612848446: Sending UDP payload: 3435
I/StatusActivity( 2843): 1333612848447: end of client send picture method
I/NetworkThread( 2843): 1333612848627: Received UDP payload: 3799
I/Mux     ( 2843): 1333612848682: GOT CSM_Msg
I/NetworkThread( 2843): 1333612848689: Received UDP payload: 949
I/Mux     ( 2843): 1333612848707: GOT CSM_Msg
I/NetworkThread( 2843): 1333612848707: Received UDP payload: 602
I/Mux     ( 2843): 1333612848712: Inside mux Packet.SERVER_REPLY
I/Mux     ( 2843): 1333612848713: I have the photo requester id = 5001 about to display photo or receive upload ack
I/StatusActivity( 2843): 1333612848717: inside Packet.CLIENT_UPLOAD_PHOTO_ACK
I/StatusActivity( 2843): 1333612848718: nonleader upload new photo latency = 273
I/StatusActivity( 2843): 1333612848718: = nonleader upload start 1333612848444 ~ stop 1333612848717
I/StatusActivity( 2843): 1333612848720: SUCCESS! Client now knows saving photo on its leader succeeded
I/StatusActivity( 2843): Inside _enableButtons
I/StatusActivity( 2843): areButtonsEnabled --> true
W/InputManagerService(  163): Window already focused, ignoring focus gain of: com.android.internal.view.IInputMethodClient$Stub$Proxy@415326a0
D/AudioHardware(   82): AudioHardware pcm playback is going to standby.
D/AudioHardware(   82): closePcmOut_l() mPcmOpenCnt: 1
I/NetworkThread( 2843): 1333612850306: Received UDP payload: 4275
I/Mux     ( 2843): 1333612850385: GOT CSM_Msg
I/NetworkThread( 2843): 1333612850403: Received UDP payload: 949
I/Mux     ( 2843): 1333612850414: GOT CSM_Msg
I/NetworkThread( 2843): 1333612851228: Received UDP payload: 406
I/StatusActivity( 2843): 1333612856202: canPressButton = TRUE
I/StatusActivity( 2843): 1333612856205: areButtonsEnabled --> false
I/StatusActivity( 2843): 1333612856214: disabling buttons ...
D/AudioHardware(   82): AudioHardware pcm playback is exiting standby.
D/AudioHardware(   82): openPcmOut_l() mPcmOpenCnt: 0
I/StatusActivity( 2843): Inside disableButtonsR
I/StatusActivity( 2843): areButtonsEnabled --> false
I/StatusActivity( 2843): 1333612856250: ** Clicked take picture button **
I/CameraSurfaceView( 2843): inside getCamera()
I/CameraHardwareSec(   82): int android::CameraHardwareSec::previewThreadWrapper(): calling mSecCamera->stopPreview() and waiting
I/SecCamera(   82): int android::fimc_v4l2_querybuf(int, android::fimc_buffer*, v4l2_buf_type) :
I/SecCamera(   82): int android::fimc_v4l2_querybuf(int, android::fimc_buffer*, v4l2_buf_type): buffer->start = 0x43bda000 v4l2_buf.length = 4261248
I/CameraHardwareSec(   82): == Camera Sensor Detect S5K4ECGX - Samsung LSI SOC 5M ==
D/JpegEncoder(   82): encode E
D/JpegEncoder(   82): encode X
D/SecCamera(   82): Shutter speed=16657 us, iso=100
D/SecCamera(   82): AV=3, TV=6, SV=5
D/JpegEncoder(   82): makeExif E
D/JpegEncoder(   82): makeExif X
I/SecCamera(   82): int android::SecCamera::endSnapshot() :
I/SecCamera(   82): munmap():virt. addr 0x43bda000 size = 4261248
D/dalvikvm( 2843): GC_FOR_ALLOC freed 20625K, 69% free 9889K/31559K, paused 22ms
I/dalvikvm-heap( 2843): Grow heap (frag case) to 10.589MB for 902301-byte allocation
D/dalvikvm( 2843): GC_CONCURRENT freed 13K, 66% free 10757K/31559K, paused 1ms+3ms
I/StatusActivity( 2843): 1333612856879: inside HandlePictureStorage onPictureTaken()
D/CameraHardwareSec(   82): mPreviewHeap(fd(29), size(518400), width(720), height(480))
I/CameraHardwareSec(   82): int android::CameraHardwareSec::previewThreadWrapper(): return from wait
I/StatusActivity( 2843): 1333612857232: Picture successfully taken, ORIG BYTE LENGTH = 902285
D/dalvikvm( 2843): GC_FOR_ALLOC freed 1K, 66% free 10758K/31559K, paused 46ms
I/dalvikvm-heap( 2843): Forcing collection of SoftReferences for 19660816-byte allocation
D/dalvikvm( 2843): GC_BEFORE_OOM freed 9K, 66% free 10748K/31559K, paused 28ms
E/dalvikvm-heap( 2843): Out of memory on a 19660816-byte allocation.
I/dalvikvm( 2843): "main" prio=5 tid=1 RUNNABLE
I/dalvikvm( 2843):   | group="main" sCount=0 dsCount=0 obj=0x40a4a460 self=0x1ae828
I/dalvikvm( 2843):   | sysTid=2843 nice=0 sched=0/0 cgrp=default handle=1074513032
I/dalvikvm( 2843):   | schedstat=( 0 0 0 ) utm=217 stm=17 core=0
I/dalvikvm( 2843):   at android.graphics.BitmapFactory.nativeDecodeByteArray(Native Method)
I/dalvikvm( 2843):   at android.graphics.BitmapFactory.decodeByteArray(BitmapFactory.java:424)
I/dalvikvm( 2843):   at android.graphics.BitmapFactory.decodeByteArray(BitmapFactory.java:441)
I/dalvikvm( 2843):   at edu.mit.csail.diplomamatrix.StatusActivity._bytesToBitmap(StatusActivity.java:799)
I/dalvikvm( 2843):   at edu.mit.csail.diplomamatrix.StatusActivity$HandlePictureStorage.onPictureTaken(StatusActivity.java:676)
I/dalvikvm( 2843):   at android.hardware.Camera$EventHandler.handleMessage(Camera.java:687)
I/dalvikvm( 2843):   at android.os.Handler.dispatchMessage(Handler.java:99)
I/dalvikvm( 2843):   at android.os.Looper.loop(Looper.java:137)
I/dalvikvm( 2843):   at android.app.ActivityThread.main(ActivityThread.java:4424)
I/dalvikvm( 2843):   at java.lang.reflect.Method.invokeNative(Native Method)
I/dalvikvm( 2843):   at java.lang.reflect.Method.invoke(Method.java:511)
I/dalvikvm( 2843):   at com.android.internal.os.ZygoteInit$MethodAndArgsCaller.run(ZygoteInit.java:784)
I/dalvikvm( 2843):   at com.android.internal.os.ZygoteInit.main(ZygoteInit.java:551)
I/dalvikvm( 2843):   at dalvik.system.NativeStart.main(Native Method)
I/dalvikvm( 2843): 
D/skia    ( 2843): --- decoder->decode returned false
D/AndroidRuntime( 2843): Shutting down VM
W/dalvikvm( 2843): threadid=1: thread exiting with uncaught exception (group=0x40a491f8)
E/AndroidRuntime( 2843): FATAL EXCEPTION: main
E/AndroidRuntime( 2843): java.lang.OutOfMemoryError
E/AndroidRuntime( 2843): 	at android.graphics.BitmapFactory.nativeDecodeByteArray(Native Method)
E/AndroidRuntime( 2843): 	at android.graphics.BitmapFactory.decodeByteArray(BitmapFactory.java:424)
E/AndroidRuntime( 2843): 	at android.graphics.BitmapFactory.decodeByteArray(BitmapFactory.java:441)
E/AndroidRuntime( 2843): 	at edu.mit.csail.diplomamatrix.StatusActivity._bytesToBitmap(StatusActivity.java:799)
E/AndroidRuntime( 2843): 	at edu.mit.csail.diplomamatrix.StatusActivity$HandlePictureStorage.onPictureTaken(StatusActivity.java:676)
E/AndroidRuntime( 2843): 	at android.hardware.Camera$EventHandler.handleMessage(Camera.java:687)
E/AndroidRuntime( 2843): 	at android.os.Handler.dispatchMessage(Handler.java:99)
E/AndroidRuntime( 2843): 	at android.os.Looper.loop(Looper.java:137)
E/AndroidRuntime( 2843): 	at android.app.ActivityThread.main(ActivityThread.java:4424)
E/AndroidRuntime( 2843): 	at java.lang.reflect.Method.invokeNative(Native Method)
E/AndroidRuntime( 2843): 	at java.lang.reflect.Method.invoke(Method.java:511)
E/AndroidRuntime( 2843): 	at com.android.internal.os.ZygoteInit$MethodAndArgsCaller.run(ZygoteInit.java:784)
E/AndroidRuntime( 2843): 	at com.android.internal.os.ZygoteInit.main(ZygoteInit.java:551)
E/AndroidRuntime( 2843): 	at dalvik.system.NativeStart.main(Native Method)
W/ActivityManager(  163):   Force finishing activity edu.mit.csail.diplomamatrix/.StatusActivity
W/ActivityManager(  163): Activity pause timeout for ActivityRecord{41578690 edu.mit.csail.diplomamatrix/.StatusActivity}
I/ActivityManager(  163): No longer want com.android.keychain (pid 2812): hidden #16
I/NetworkThread( 2843): 1333612858696: Received UDP payload: 4092
I/Mux     ( 2843): 1333612858738: GOT CSM_Msg
I/NetworkThread( 2843): 1333612858738: Received UDP payload: 949
I/Mux     ( 2843): 1333612858768: GOT CSM_Msg
D/AudioHardware(   82): AudioHardware pcm playback is going to standby.
D/AudioHardware(   82): closePcmOut_l() mPcmOpenCnt: 1
I/StatusActivity( 2843): inside buttonsEnableProgressTimeoutR. OH NO! Your photo (save/get) request TIMED OUT. Try again later!
I/StatusActivity( 2843): Inside _enableButtons
I/StatusActivity( 2843): areButtonsEnabled --> true
W/ActivityManager(  163): Activity destroy timeout for ActivityRecord{41578690 edu.mit.csail.diplomamatrix/.StatusActivity}
I/NetworkThread( 2843): 1333612881231: Received UDP payload: 406
I/NetworkThread( 2843): 1333612909758: Received UDP payload: 406
I/VCoreDaemon( 2843): 1333612909780: heard LEADER_ELECT from node 5012, responding LEADER_NOMINATE
I/VCoreDaemon( 2843): 1333612909781: inside sendPacket(Packet p)
I/NetworkThread( 2843): 1333612909789: Sending UDP payload: 406
I/NetworkThread( 2843): 1333612911661: Received UDP payload: 406
I/NetworkThread( 2843): 1333612944201: Received UDP payload: 406
D/dalvikvm(  325): GC_CONCURRENT freed 424K, 6% free 9504K/10055K, paused 3ms+2ms
I/NetworkThread( 2843): 1333612976441: Received UDP payload: 406
I/NetworkThread( 2843): 1333613027784: Received UDP payload: 406
I/Process ( 2843): Sending signal. PID: 2843 SIG: 9
D/AudioHardware(   82): AudioHardware pcm playback is exiting standby.
D/AudioHardware(   82): openPcmOut_l() mPcmOpenCnt: 0
I/WindowManager(  163): WIN DEATH: Window{416b8bc8 edu.mit.csail.diplomamatrix/edu.mit.csail.diplomamatrix.StatusActivity paused=false}
W/WindowManager(  163): Force-removing child win Window{416d1a50 SurfaceView paused=false} from container Window{416b8bc8 edu.mit.csail.diplomamatrix/edu.mit.csail.diplomamatrix.StatusActivity paused=false}
I/ActivityManager(  163): Process edu.mit.csail.diplomamatrix (pid 2843) has died.
W/WindowManager(  163): Failed looking up window
W/WindowManager(  163): java.lang.IllegalArgumentException: Requested window android.os.BinderProxy@414b7030 does not exist
W/WindowManager(  163): 	at com.android.server.wm.WindowManagerService.windowForClientLocked(WindowManagerService.java:7156)
W/WindowManager(  163): 	at com.android.server.wm.WindowManagerService.windowForClientLocked(WindowManagerService.java:7147)
W/WindowManager(  163): 	at com.android.server.wm.WindowState$DeathRecipient.binderDied(WindowState.java:1529)
W/WindowManager(  163): 	at android.os.BinderProxy.sendDeathNotice(Binder.java:417)
W/WindowManager(  163): 	at dalvik.system.NativeStart.run(Native Method)
I/WindowManager(  163): WIN DEATH: null
W/GpsLocationProvider(  163): Unneeded remove listener for uid 1000
E/SurfaceTexture(   79): [SurfaceView] dequeueBuffer: SurfaceTexture has been abandoned!
E/CameraHardwareSec(   82): Could not dequeue gralloc buffer!
I/CameraHardwareSec(   82): int android::CameraHardwareSec::previewThreadWrapper(): calling mSecCamera->stopPreview() and waiting
I/CameraHardwareSec(   82): int android::CameraHardwareSec::previewThreadWrapper(): return from wait
I/CameraHardwareSec(   82): int android::CameraHardwareSec::previewThreadWrapper(): exiting
W/SecCamera(   82): int android::SecCamera::stopPreview(): doing nothing because m_flag_camera_start is zero
W/SecCamera(   82): int android::SecCamera::stopRecord(): doing nothing because m_flag_record_start is zero
I/SecCamera(   82): DeinitCamera: m_cam_fd(29)
I/SecCamera(   82): DeinitCamera: m_cam_fd2(30)
E/CameraHardwareSec(   82): preview window is NULL!
I/CameraService(   82): Destroying camera 0
I/CameraHardwareSec(   82): int android::HAL_camera_device_close(hw_device_t*)
I/SecCamera(   82): DeinitCamera : already deinitialized
W/AudioFlinger(   82): session id 80 not found for pid 82
W/AudioFlinger(   82): session id 81 not found for pid 82
D/dalvikvm(  358): GC_FOR_ALLOC freed 840K, 38% free 12450K/19911K, paused 33ms
D/dalvikvm(  358): GC_FOR_ALLOC freed 390K, 38% free 12507K/19911K, paused 21ms
D/dalvikvm(  358): GC_CONCURRENT freed 54K, 32% free 13616K/19911K, paused 3ms+5ms
D/dalvikvm(  358): GC_FOR_ALLOC freed 1172K, 37% free 12740K/19911K, paused 27ms
I/dalvikvm-heap(  358): Grow heap (frag case) to 13.745MB for 1286224-byte allocation
D/dalvikvm(  358): GC_FOR_ALLOC freed 1K, 30% free 13994K/19911K, paused 21ms
D/dalvikvm(  358): GC_FOR_ALLOC freed 68K, 27% free 14596K/19911K, paused 42ms
D/dalvikvm(  358): GC_CONCURRENT freed 1415K, 25% free 14953K/19911K, paused 2ms+5ms
D/dalvikvm(  358): GC_FOR_ALLOC freed 3585K, 34% free 13198K/19911K, paused 29ms
D/dalvikvm(  358): GC_FOR_ALLOC freed 734K, 33% free 13377K/19911K, paused 28ms
I/dalvikvm-heap(  358): Grow heap (frag case) to 14.801MB for 1742416-byte allocation
D/dalvikvm(  358): GC_FOR_ALLOC freed <1K, 25% free 15078K/19911K, paused 21ms
D/dalvikvm(  358): GC_CONCURRENT freed 8K, 25% free 15121K/19911K, paused 2ms+7ms
D/dalvikvm(  358): GC_FOR_ALLOC freed 2494K, 32% free 13551K/19911K, paused 21ms
D/dalvikvm(  358): GC_FOR_ALLOC freed 4K, 25% free 15059K/19911K, paused 24ms
D/dalvikvm(  358): GC_CONCURRENT freed 12K, 23% free 15418K/19911K, paused 2ms+6ms
D/dalvikvm(  358): GC_CONCURRENT freed 3378K, 30% free 13979K/19911K, paused 2ms+6ms
D/dalvikvm(  358): GC_CONCURRENT freed 607K, 25% free 15003K/19911K, paused 3ms+11ms
D/dalvikvm(  358): GC_CONCURRENT freed 1751K, 25% free 15125K/19911K, paused 2ms+8ms
D/dalvikvm(  358): GC_FOR_ALLOC freed 2913K, 31% free 13918K/19911K, paused 26ms
D/dalvikvm(  358): GC_FOR_ALLOC freed 3K, 27% free 14672K/19911K, paused 26ms
D/dalvikvm(  358): GC_CONCURRENT freed 842K, 22% free 15623K/19911K, paused 2ms+5ms
D/dalvikvm(  358): GC_FOR_ALLOC freed 1728K, 27% free 14566K/19911K, paused 21ms
D/dalvikvm(  358): GC_CONCURRENT freed 2888K, 33% free 13524K/19911K, paused 2ms+5ms
D/AudioHardware(   82): AudioHardware pcm playback is going to standby.
D/AudioHardware(   82): closePcmOut_l() mPcmOpenCnt: 1
I/ActivityManager(  163): START {act=android.intent.action.MAIN cat=[android.intent.category.LAUNCHER] flg=0x10200000 cmp=edu.mit.csail.diplomamatrix/.StatusActivity bnds=[120,556][240,706]} from pid 358
D/AudioHardware(   82): AudioHardware pcm playback is exiting standby.
D/AudioHardware(   82): openPcmOut_l() mPcmOpenCnt: 0
D/dalvikvm(  163): GC_FOR_ALLOC freed 514K, 10% free 12796K/14151K, paused 83ms
D/dalvikvm( 2890): Late-enabling CheckJNI
I/ActivityManager(  163): Start proc edu.mit.csail.diplomamatrix for activity edu.mit.csail.diplomamatrix/.StatusActivity: pid=2890 uid=10067 gids={1006, 1015, 3003}
I/dalvikvm( 2890): Turning on JNI app bug workarounds for target SDK version 4...
D/OpenGLRenderer(  358): Flushing caches (mode 1)
I/StatusActivity( 2890): 1333613048537: *** Opened log file for writing ***
I/StatusActivity( 2890): 1333613048538: Android build: Nexus S
I/StatusActivity( 2890): 1333613048538: NET_NAME set to: wlan0
I/StatusActivity( 2890): 1333613048538: starting Mux with id = -1
I/StatusActivity( 2890): 1333613048542: areButtonsEnabled --> true
I/Mux.java( 2890): run() beginning -------------
D/Mux     ( 2890): Mux started
I/NetworkThread( 2890): Initial socket buffer sizes: 110592 receive, 110592 send
I/NetworkThread( 2890): Set socket buffer sizes to: 221184 receive, 221184 send
I/NetworkThread( 2890): started, local IP address:/192.168.5.1
I/Mux.java's nodeId is( 2890): 5001
I/Mux     ( 2890): starting vncDaemon ........
I/VCoreDaemon( 2890): 1333613048552: Started VCoreDaemon with parameters maxRx = 6 , maxRY= 1, minLongitude = -7110102 , minLatitude = 4236349, regionWidth =17
I/Mux     ( 2890): vncDaemon started
I/VCoreDaemon.java( 2890): onStart() about to stateTransition.........................................................................
I/VCoreDaemon( 2890): 1333613048555: started, mId = 5001
I/VCoreDaemon.java( 2890): inside stateTransition ......................................................................................
I/..... VCoreDaemon.java( 2890): out of bounds
I/VCoreDaemon( 2890): 1333613048555: region (-1, -1) out of bounds, dormant
I/..... VCoreDaemon.java( 2890): ends xxxxxxxxxxxxxxxxxxxxxxxxxxxxxxxxxxxxxxxxxxx
I/StatusActivity( 2890): 1333613048558: *** Application started ***
I/StatusActivity( 2890): 1333613048559: HI I'm in ONRESUME()
W/GpsLocationProvider(  163): Duplicate add listener for uid 10067
I/StatusActivity( 2890): 1333613048562: SAMPLING_DISTANCE : 1, SAMPLING_DURATION : 1000
I/StatusActivity( 2890): 1333613048569: ************ GPS turned OFF *************
V/PhoneStatusBar(  229): setLightsOn(true)
D/OpenGLRenderer(  358): Flushing caches (mode 0)
I/CameraSurfaceView( 2890): inside surfaceCreated()
I/CameraSurfaceView( 2890): opening Camera.open()
I/CameraService(   82): Opening camera 0
I/CameraHardwareSec(   82): int android::HAL_camera_device_open(const hw_module_t*, const char*, hw_device_t**): open camera 0
E/SecCamera(   82): initCamera: m_cam_fd(31), m_jpeg_fd(0)
I/SecCamera(   82): Name of input channel[0] is S5K4ECGX
E/SecCamera(   82): initCamera: m_cam_fd2(32)
I/SecCamera(   82): Name of input channel[0] is S5K4ECGX
I/SecCamera(   82): initCamera : initialized
I/SecCamera(   82): Name of input channel[0] is S5K4ECGX
I/CameraHardwareSec(   82): int android::HAL_camera_device_open(const hw_module_t*, const char*, hw_device_t**): opened camera 0 (0x1e6e750)
I/AwesomePlayer(   82): setDataSource_l('/system/media/audio/ui/camera_click.ogg')
I/CameraHardwareSec(   82): int android::CameraHardwareSec::previewThreadWrapper(): starting
I/CameraHardwareSec(   82): int android::CameraHardwareSec::previewThreadWrapper(): calling mSecCamera->stopPreview() and waiting
W/SecCamera(   82): int android::SecCamera::stopPreview(): doing nothing because m_flag_camera_start is zero
I/AwesomePlayer(   82): setDataSource_l('/system/media/audio/ui/VideoRecord.ogg')
I/CameraSurfaceView( 2890): opened camera
I/CameraSurfaceView( 2890): inside on surfaceChanged()
D/CameraHardwareSec(   82): mPreviewHeap(fd(31), size(518400), width(720), height(480))
I/CameraHardwareSec(   82): int android::CameraHardwareSec::previewThreadWrapper(): return from wait
I/ActivityManager(  163): Displayed edu.mit.csail.diplomamatrix/.StatusActivity: +1s164ms
D/AudioHardware(   82): AudioHardware pcm playback is going to standby.
D/AudioHardware(   82): closePcmOut_l() mPcmOpenCnt: 1
D/dalvikvm(  309): GC_CONCURRENT freed 459K, 6% free 10439K/11079K, paused 2ms+5ms
I/VCoreDaemon( 2890): 1333613053496: moving from region (-1,-1), to (1,0)
I/VCoreDaemon.java( 2890): inside stateTransition ......................................................................................
I/..... VCoreDaemon.java( 2890): targetState = JOINING
I/VCoreDaemon( 2890): 1333613053498: sending LEADER_REQUEST
I/VCoreDaemon( 2890): 1333613053499: inside sendPacket(Packet p)
D/AudioHardware(   82): AudioHardware pcm playback is exiting standby.
D/AudioHardware(   82): openPcmOut_l() mPcmOpenCnt: 0
I/..... VCoreDaemon.java( 2890): ends xxxxxxxxxxxxxxxxxxxxxxxxxxxxxxxxxxxxxxxxxxx
I/NetworkThread( 2890): 1333613053598: Sending UDP payload: 406
D/dalvikvm( 2890): GC_CONCURRENT freed 160K, 3% free 9344K/9607K, paused 4ms+4ms
I/VCoreDaemon( 2890): 1333613053800: sending LEADER_REQUEST
I/VCoreDaemon( 2890): 1333613053800: inside sendPacket(Packet p)
I/NetworkThread( 2890): 1333613053802: Sending UDP payload: 406
I/VCoreDaemon( 2890): 1333613054113: sending LEADER_REQUEST
I/VCoreDaemon( 2890): 1333613054114: inside sendPacket(Packet p)
I/NetworkThread( 2890): 1333613054126: Received UDP payload: 29172
I/NetworkThread( 2890): 1333613054132: Sending UDP payload: 406
I/VCoreDaemon( 2890): 1333613054143: heard LEADER_REPLY from 5012
I/VCoreDaemon.java( 2890): inside stateTransition ......................................................................................
I/..... VCoreDaemon.java( 2890): targetState = NONLEADER
I/VCoreDaemon( 2890): 1333613054143: now NONLEADER (id=5001) following LEADER (id=5012) in (1,0)
I/..... VCoreDaemon.java( 2890): ends xxxxxxxxxxxxxxxxxxxxxxxxxxxxxxxxxxxxxxxxxxx
I/NetworkThread( 2890): 1333613054422: Received UDP payload: 29172
I/NetworkThread( 2890): 1333613054707: Received UDP payload: 29172
D/AudioHardware(   82): AudioHardware pcm playback is going to standby.
D/AudioHardware(   82): closePcmOut_l() mPcmOpenCnt: 1
I/StatusActivity( 2890): 1333613058920: canPressButton = TRUE
I/StatusActivity( 2890): 1333613058921: areButtonsEnabled --> false
I/StatusActivity( 2890): 1333613058922: disabling buttons ...
I/StatusActivity( 2890): Inside disableButtonsR
I/StatusActivity( 2890): areButtonsEnabled --> false
I/StatusActivity( 2890): 1333613058931: ** Clicked take picture button **
I/CameraSurfaceView( 2890): inside getCamera()
D/AudioHardware(   82): AudioHardware pcm playback is exiting standby.
D/AudioHardware(   82): openPcmOut_l() mPcmOpenCnt: 0
I/CameraHardwareSec(   82): int android::CameraHardwareSec::previewThreadWrapper(): calling mSecCamera->stopPreview() and waiting
I/SecCamera(   82): int android::fimc_v4l2_querybuf(int, android::fimc_buffer*, v4l2_buf_type) :
I/SecCamera(   82): int android::fimc_v4l2_querybuf(int, android::fimc_buffer*, v4l2_buf_type): buffer->start = 0x43c89000 v4l2_buf.length = 4261248
I/CameraHardwareSec(   82): == Camera Sensor Detect S5K4ECGX - Samsung LSI SOC 5M ==
D/JpegEncoder(   82): encode E
D/JpegEncoder(   82): encode X
D/SecCamera(   82): Shutter speed=24987 us, iso=50
D/SecCamera(   82): AV=3, TV=5, SV=4
D/JpegEncoder(   82): makeExif E
D/JpegEncoder(   82): makeExif X
I/SecCamera(   82): int android::SecCamera::endSnapshot() :
I/SecCamera(   82): munmap():virt. addr 0x43c89000 size = 4261248
D/dalvikvm( 2890): GC_FOR_ALLOC freed 169K, 4% free 9551K/9863K, paused 16ms
I/dalvikvm-heap( 2890): Grow heap (frag case) to 10.344MB for 991612-byte allocation
D/dalvikvm( 2890): GC_CONCURRENT freed 2K, 4% free 10517K/10887K, paused 2ms+2ms
I/StatusActivity( 2890): 1333613059621: inside HandlePictureStorage onPictureTaken()
I/NetworkThread( 2890): 1333613059703: Received UDP payload: 406
D/CameraHardwareSec(   82): mPreviewHeap(fd(31), size(518400), width(720), height(480))
I/CameraHardwareSec(   82): int android::CameraHardwareSec::previewThreadWrapper(): return from wait
I/StatusActivity( 2890): 1333613059990: Picture successfully taken, ORIG BYTE LENGTH = 991596
D/dalvikvm( 2890): GC_FOR_ALLOC freed 10K, 4% free 10518K/10887K, paused 47ms
