I/GlobalActions(  445): inAirplaneModefalse mAirplaneStateOff serviceState.getState()0
D/DATA    (  589): mMasterDataEnabled=true,isUsePacketData=true
D/DATA    (  589): mMasterDataEnabled=true,isUsePacketData=true
I/TelephonyRegistry(  445): notifyDataConnection: anyState=2,default/INET,apnTypeState=2,iface=rmnet_sdio0,ip=10.8.248.107,gw=10.8.248.105,isDataConnectivityPossible=true,networkType=13,reason=radioTechnologyChanged
D/DATA    (  589):  notifyDataConnection Pass INET6 >>> Fix me later please!!
D/DATA    (  589): mMasterDataEnabled=true,isUsePacketData=true
D/DATA    (  589):  notifyDataConnection Pass INET6 >>> Fix me later please!!
D/DATA    (  589): mMasterDataEnabled=true,isUsePacketData=true
D/DATA    (  589):  notifyDataConnection Pass INET6 >>> Fix me later please!!
D/DATA    (  589): mMasterDataEnabled=true,isUsePacketData=true
D/DATA    (  589):  notifyDataConnection Pass INET6 >>> Fix me later please!!
D/DATA    (  589): mMasterDataEnabled=true,isUsePacketData=true
I/TelephonyRegistry(  445): notifyDataConnection: anyState=2,mms/INET,apnTypeState=2,iface=rmnet_sdio0,ip=10.8.248.107,gw=10.8.248.105,isDataConnectivityPossible=true,networkType=13,reason=radioTechnologyChanged
I/TelephonyRegistry(  445): notifyDataConnection: anyState=2,supl/INET,apnTypeState=2,iface=rmnet_sdio0,ip=10.8.248.107,gw=10.8.248.105,isDataConnectivityPossible=true,networkType=13,reason=radioTechnologyChanged
I/TelephonyRegistry(  445): notifyDataConnection: anyState=2,dun/INET,apnTypeState=0,iface=null,ip=null,gw=null,isDataConnectivityPossible=true,networkType=13,reason=radioTechnologyChanged
I/TelephonyRegistry(  445): notifyDataConnection: anyState=2,hipri/INET,apnTypeState=2,iface=rmnet_sdio0,ip=10.8.248.107,gw=10.8.248.105,isDataConnectivityPossible=true,networkType=13,reason=radioTechnologyChanged
D/DATA    (  589):  notifyDataConnection Pass INET6 >>> Fix me later please!!
V/DATA    (  589): [DCT(0) ] onUpdateDataConnections: reason=radioTechnologyChanged
V/DATA    (  589): [DCT(0) ] ---dc list---
V/DATA    (  589): [DCT(0) ] cid = 0, state = DcActiveState, bearerType = IP, ipaddress = 10.8.248.107, gw=10.8.248.105, dns=[172.26.38.1, 172.26.38.2]
V/DATA    (  589): [DCT(0) ] ---ds list---
V/DATA    (  589): [DCT(0) ] ds= SERVICE_TYPE_DEFAULT, enabled = true, active = v4:CONNECTED(0) v6:IDLE
V/DATA    (  589): [DCT(0) ] ds= SERVICE_TYPE_MMS, enabled = false, active = v4:CONNECTED(0) v6:IDLE
V/DATA    (  589): [DCT(0) ] ds= SERVICE_TYPE_SUPL, enabled = false, active = v4:CONNECTED(0) v6:IDLE
V/DATA    (  589): [DCT(0) ] ds= SERVICE_TYPE_DUN, enabled = false, active = v4:IDLE v6:IDLE
V/DATA    (  589): [DCT(0) ] ds= SERVICE_TYPE_HIPRI, enabled = false, active = v4:CONNECTED(0) v6:IDLE
D/DATA    (  589): mMasterDataEnabled=true,isUsePacketData=true
I/DATA    (  589): [DCT(0) ] Ready for data : 
I/DATA    (  589): [DCT(0) ]    getDesiredPowerState() = true
I/DATA    (  589): [DCT(0) ]    mCm.getRadioState() = RADIO_ON
I/DATA    (  589): [DCT(0) ]    [DataRadioTech = RADIO_TECH_LTE, data network state = 0, mMasterDataEnabled = true, is Roaming = false, dataOnRoamingEnable = false, isPsRestricted = false, desiredPowerState  = true, mSIMRecords = true/310410, cdmaSubSource = 1/, mRuimRecords = , checks = true/true]
V/DATA    (  589): [DCT(0) ] trySetupDataCall : ds=SERVICE_TYPE_DEFAULT, ipv=INET6, reason=radioTechnologyChanged
W/DATA    (  589): [DCT(0) ] no working data profile available to establish service type SERVICE_TYPE_DEFAULTon INET6
D/DATA    (  589):  notifyDataConnection Pass INET6 >>> Fix me later please!!
V/AlarmManager(  445): Adding alarm Alarm{409c1d28 type 2 com.google.android.location} at 1
I/Zygote  (28725): Zygote: pid 28725 has CALL PRIVILEGED permission, then set capability for CAP_SYS_ADMIN (21)
V/AlarmManager(  445): Adding alarm Alarm{40d77c48 type 2 com.google.android.location} at 1
D/PopupuiReceiver(28725): Intent popup :android.intent.action.NITZ_SET_TIME
D/zeroshuttle(28725): PopupuiReceiver.java: ACTION_NITZ_SET_TIME+ 
D/zeroshuttle(28725): PopupuiReceiver.java: QUIT_NITZ_ACTION- 
D/PopupuiReceiver(28725): Intent popup :android.intent.action.NETWORK_SET_TIMEZONE
D/zeroshuttle(28725): PopupuiReceiver.java : get the NETWORK_SET_TIME into the 'gsm.operator.numeric' + 
D/zeroshuttle(28725): PopupuiReceiver.java : Read system property not null ++ : 310
D/zeroshuttle(28725): PopupuiReceiver.java : SAME to -111 mccstrcmp
I/DrmEventService(  445): processDrmRequest status issuccess
I/DrmEventService(  445): handleDbOperation : TIME_CLOCK_UPDATE  secure clock  ret is  0
I/DrmEventService(  445): calling handleDbOperation : TIME_CLOCK_UPDATE 
I/DrmEventService(  445): handleDbOperation case 6
I/DrmEventService(  445): handleDbOperation processDrmRequest 
I/DrmManagerClientImpl(Native)(  445): DrmManagerClientImpl::processDrmRequest::calling managerservice
I/DrmManager(Native)(  324): DrmManager::processDrmRequest  eneterd
I/DrmManager(Native)(  324): DrmManager::processDrmRequest calling IDrmEngine
I/DrmEventService(  445): processDrmRequest status issuccess
I/DrmEventService(  445): handleDbOperation : TIME_CLOCK_UPDATE  secure clock for PR  ret is 0
W/EDM     (  445):  >>> CallingPolicyService.mPhoneListener.new PhoneStateListener() {...}.onServiceStateChanged()
W/EDM     (  445): >>> CallingPolicyService.loadSettings()
W/EDM     (  445): >>> CallingPolicyService.getAdminIdByLastChange()
W/EDM     (  445): >>> CallingPolicyService.getLastChangeId()
W/EDM     (  445): CallingPolicyService.getAdminIdByLastChange() adminId : -1
I/ActivityManager(  445): Start proc com.android.providers.calendar for broadcast com.android.providers.calendar/.TimeChangeReceiver: pid=28743 uid=10046 gids={3003, 1015}
I/ActivityManager(  445): No longer want com.sec.android.provider.badge (pid 28203): hidden #21
I/ActivityThread(28743): Pub com.android.calendar: com.android.providers.calendar.CalendarProvider2
I/Database(28743): sqlite returned: error code = 0, msg = Recovered 43 frames from WAL file /data/data/com.android.providers.calendar/databases/calendar.db-wal
E/com.samsung.app( 7061): [MSC_Accu]>>> WeatherService.java:55 [0:0] action : android.intent.action.TIME_SET
D/CalendarProvider2(28743): Querying for the tasks accounts
I/SML     (25736): V1.1112.5.1 [smlPhoneStatus.java Line:70] [onServiceStateChanged] onServiceStateChanged nNetwork =13
I/SML     (25736): V1.1112.5.1 [smlPhoneStatus.java Line:71] [onServiceStateChanged] onServiceStateChanged bRoming =false
D/CalendarAppWidgetProviderAgenda(28743): timeUpdated : 
I/ActivityManager(  445): No longer want com.sec.android.app.FileTransferManager (pid 28315): hidden #21
E/AlarmManagerService(  445): android_server_AlarmManagerService_set to type=0, 1333616848.407000000
I/SML     (25736): V1.1112.5.1 [smlPhoneStatus.java Line:70] [onServiceStateChanged] onServiceStateChanged nNetwork =13
I/SML     (25736): V1.1112.5.1 [smlPhoneStatus.java Line:71] [onServiceStateChanged] onServiceStateChanged bRoming =false
V/AlarmManager(  445): Adding alarm Alarm{40b9f720 type 0 com.google.android.gsf} at 0
D/AlarmReceiver(10448): onReceive() : Intent { act=android.intent.action.TIME_SET flg=0x20000000 cmp=com.sec.android.app.clockpackage/.alarm.AlarmReceiver }
D/AlarmReceiver(10448): updateAlarmAsNewTime queried 0 items
D/AlarmReceiver(10448): ACTION_TIME_CHANGED:: updateAlarmAsNewTime returns 0
V/AlarmManager(  445): Adding alarm Alarm{40a2c9f8 type 2 com.google.android.apps.maps} at 5
D/AlarmProvider(10448): enableNextAlert next alarm : null
D/TAG     (10448): mPendingIntent == null am.cancel
V/AlarmManager(  445): Adding alarm Alarm{40cf60a0 type 2 com.google.android.apps.maps} at 5
V/AlarmManager(  445): Adding alarm Alarm{40a3e640 type 0 com.google.android.gsf} at 2
I/ActivityManager(  445): Start proc com.sec.android.widgetapp.buddiesnow for broadcast com.sec.android.widgetapp.buddiesnow/.BuddiesWidget: pid=28766 uid=10003 gids={3003, 1015, 3002}
D/Calendar(28743): missed alarms found: 0
I/Zygote  (28766): Zygote: pid 28766 has CALL PRIVILEGED permission, then set capability for CAP_SYS_ADMIN (21)
D/dalvikvm(  323): GC_EXPLICIT freed 12K, 43% free 3113K/5379K, external 0K/0K, paused 31ms
D/dalvikvm(  323): GC_EXPLICIT freed <1K, 43% free 3113K/5379K, external 0K/0K, paused 29ms
D/dalvikvm(  323): GC_EXPLICIT freed <1K, 43% free 3113K/5379K, external 0K/0K, paused 25ms
I/ActivityManager(  445): Start proc com.sec.android.daemonapp.accuweather for broadcast com.sec.android.daemonapp.accuweather/.AccuWeatherDaemonService: pid=28775 uid=10112 gids={3003}
I/ActivityManager(  445): No longer want com.android.settings (pid 27033): hidden #21
E/com.samsung.app(28775): [MSC_Accu]>>> AccuWeatherDaemonService.java:51 [0:0] Act
E/com.samsung.app(28775): [MSC_Accu]>>> AccuWeatherDaemonService.java:56 [0:0] Act : android.intent.action.TIME_SET
E/com.samsung.app(28775): [MSC_Accu]>>> AccuWeatherDaemonService.java:60 [0:0] Pakenull
E/com.samsung.app(28775): [MSC_Accu]>>> AccuWeatherDaemonService.java:70 [0:0] SerStus:1,ASerStus:0,Tmp:0,AtRfr:0
D/MobileDataStateTracker(  445): replacing old mInterfaceName (rmnet_sdio0) with rmnet_sdio0 for hipri
I/ActivityManager(  445): No longer want com.android.defcontainer (pid 28557): hidden #21
D/MobileDataStateTracker(  445): default Received state= CONNECTED, old= CONNECTED, reason= radioTechnologyChanged, apnTypeList= default
V/DATA    (  589): [DCT(0) ] intent received :android.intent.action.ANY_DATA_STATE
D/DATA    (  589): NETWORK_STATE_CHANGED_ACTION : data_call = 49
D/PhoneApp(  589): CONNECTED - hideDataDisconnectedRoaming()
D/CircleMissedEventWidget(  445): received MISSED_EVENT intent !! 
D/MobileDataStateTracker(  445): replacing old mInterfaceName (rmnet_sdio0) with rmnet_sdio0 for mms
V/DATA    (  589): [DCT(0) ] intent received :android.intent.action.ANY_DATA_STATE
D/DATA    (  589): NETWORK_STATE_CHANGED_ACTION : data_call = 49
D/PhoneApp(  589): CONNECTED - hideDataDisconnectedRoaming()
D/CircleMissedEventWidget(  445): received MISSED_EVENT intent !! 
D/MobileDataStateTracker(  445): replacing old mInterfaceName (rmnet_sdio0) with rmnet_sdio0 for supl
V/DATA    (  589): [DCT(0) ] intent received :android.intent.action.ANY_DATA_STATE
D/DATA    (  589): NETWORK_STATE_CHANGED_ACTION : data_call = 49
D/PhoneApp(  589): CONNECTED - hideDataDisconnectedRoaming()
D/CircleMissedEventWidget(  445): received MISSED_EVENT intent !! 
V/DATA    (  589): [DCT(0) ] intent received :android.intent.action.ANY_DATA_STATE
D/DATA    (  589): NETWORK_STATE_CHANGED_ACTION : data_call = 49
V/DATA    (  589): [DCT(0) ] intent received :android.intent.action.ANY_DATA_STATE
D/DATA    (  589): NETWORK_STATE_CHANGED_ACTION : data_call = 49
D/PhoneApp(  589): CONNECTED - hideDataDisconnectedRoaming()
E/com.samsung.app( 7061): [MSC_Accu]>>> WeatherWidgetProvider.java:354 [0:0] onReceive@ com.sec.android.widgetapp.weatherclock.action.APPWIDGET_UPDATE
D/CircleMissedEventWidget(  445): received MISSED_EVENT intent !! 
E/com.samsung.app( 7061): [MSC_Accu]>>> WidgetIdManager.java:53 [0:0] AccuWeatherClockWidgetID_Length
E/com.samsung.app( 7061): [MSC_Accu]>>> WidgetIdManager.java:54 [0:0] getPrefIDs@lngth:1
E/com.samsung.app( 7061): [MSC_Accu]>>> WidgetIdManager.java:60 [0:0] getPrefIDs@Ids1:4
E/com.samsung.app( 7061): [MSC_Accu]>>> WeatherWidgetProvider.java:1943 [0:0] mHandler is null!!
E/com.samsung.app( 7061): [MSC_Accu]>>> WeatherWidgetProvider.java:347 [0:0] refreshhandler is null!!
E/com.samsung.app( 7061): [MSC_Accu]>>> WeatherWidgetProvider.java:469 [0:0] onReceive : com.sec.android.widgetapp.weatherclock.action.APPWIDGET_UPDATE :: 4
E/com.samsung.app( 7061): [MSC_Accu]>>> WeatherWidgetProvider.java:1853 [0:0] cityId:348735 GMT-5
E/com.samsung.app( 7061): [MSC_Accu]>>> WeatherWidgetProvider.java:1418 [0:0] WthrDt:4 2130903110 false
E/com.samsung.app( 7061): [MSC_Accu]>>> WeatherWidgetProvider.java:1430 [0:0] mWthrCnt:1
E/com.samsung.app( 7061): [MSC_Accu]>>> WeatherWidgetProvider.java:2075 [0:0] mainLayoutId:6
D/dalvikvm(  445): GC_CONCURRENT freed 1921K, 39% free 8589K/13895K, external 22469K/23560K, paused 2ms+6ms
E/com.samsung.app( 7061): [MSC_Accu]>>> WeatherWidgetProvider.java:1536 [0:0] WthrTdyIcnImg:0
E/com.samsung.app( 7061): [MSC_Accu]>>> WeatherWidgetProvider.java:1657 [0:0] ApWdgId:4
V/DATA    (  589): [DCT(0) ] onDataCallListChanged:
V/DATA    (  589): [DCT(0) ] ---dc state list---
V/DATA    (  589): [DCT(0) ] DataCallState: { cid: 0, active: 1, type: , apn: pta, address: 10.8.248.107 }
V/DATA    (  589): [DCT(0) ] ---dc list---
V/DATA    (  589): [DCT(0) ] cid = 0, state = DcActiveState, bearerType = IP, ipaddress = 10.8.248.107, gw=10.8.248.105, dns=[172.26.38.1, 172.26.38.2]
D/DATA    (  589): [DSST(0)] pollstate() : reason = data network state changed
D/DATA    (  589): [DSST(0)] Poll ServiceState done: oldSS=[0 home null null null  LTE CSS not supported -1 -1RoamInd: -1DefRoamInd: -1EmergOnly: false] newSS=[0 home null null null  LTE CSS not supported -1 -1RoamInd: -1DefRoamInd: -1EmergOnly: false]
V/AlarmManager(  445): Adding alarm Alarm{40b09a68 type 2 com.google.android.location} at 1
V/AlarmManager(  445): Adding alarm Alarm{40b05d98 type 2 com.google.android.apps.maps} at 5
V/AlarmManager(  445): Adding alarm Alarm{4089d400 type 1 android} at 0
I/TelephonyRegistry(  445): notifyServiceState: 0 home AT&T AT&T 310410  UMTS CSS not supported -1 -1RoamInd: -1DefRoamInd: -1EmergOnly: false
I/TelephonyRegistry(  445): notifyDataConnection: anyState=2,default/INET,apnTypeState=2,iface=rmnet_sdio0,ip=10.8.248.107,gw=10.8.248.105,isDataConnectivityPossible=true,networkType=3,reason=radioTechnologyChanged
V/AlarmManager(  445): Adding alarm Alarm{40c88fc8 type 0 com.google.android.gsf} at 0
I/TelephonyRegistry(  445): notifyDataConnection: anyState=2,mms/INET,apnTypeState=2,iface=rmnet_sdio0,ip=10.8.248.107,gw=10.8.248.105,isDataConnectivityPossible=true,networkType=3,reason=radioTechnologyChanged
I/TelephonyRegistry(  445): notifyDataConnection: anyState=2,supl/INET,apnTypeState=2,iface=rmnet_sdio0,ip=10.8.248.107,gw=10.8.248.105,isDataConnectivityPossible=true,networkType=3,reason=radioTechnologyChanged
I/TelephonyRegistry(  445): notifyDataConnection: anyState=2,dun/INET,apnTypeState=0,iface=null,ip=null,gw=null,isDataConnectivityPossible=true,networkType=3,reason=radioTechnologyChanged
I/TelephonyRegistry(  445): notifyDataConnection: anyState=2,hipri/INET,apnTypeState=2,iface=rmnet_sdio0,ip=10.8.248.107,gw=10.8.248.105,isDataConnectivityPossible=true,networkType=3,reason=radioTechnologyChanged
D/AlarmReceiver(10448): mHandler.postDelayed(new Runnable() {
V/AlarmManager(  445): Adding alarm Alarm{40a2a460 type 2 com.google.android.location} at 1
I/TelephonyRegistry(  445): notifyServiceState: 0 home AT&T AT&T 310410  UMTS CSS not supported -1 -1RoamInd: -1DefRoamInd: -1EmergOnly: false
V/AlarmManager(  445): Adding alarm Alarm{40d64a90 type 2 com.google.android.location} at 1
V/AlarmManager(  445): Adding alarm Alarm{40cfae10 type 2 com.google.android.apps.maps} at 5
V/AlarmManager(  445): Adding alarm Alarm{40be7fc0 type 0 com.google.android.gsf} at 2
V/AlarmManager(  445): Adding alarm Alarm{40d145a0 type 2 com.google.android.apps.maps} at 5
D/DATA    (  589): [DSST(0)] pollstate() : reason = data network state changed
D/PopupuiReceiver(28725): Intent popup :android.intent.action.NITZ_SET_TIME
D/zeroshuttle(28725): PopupuiReceiver.java: ACTION_NITZ_SET_TIME+ 
D/zeroshuttle(28725): PopupuiReceiver.java: QUIT_NITZ_ACTION- 
V/AlarmManager(  445): Adding alarm Alarm{40d7e890 type 2 com.google.android.location} at 1
V/AlarmManager(  445): Adding alarm Alarm{40916090 type 2 com.google.android.apps.maps} at 5
D/AlarmManagerService(  445): Kernel timezone updated to 240 minutes west of GMT
D/PopupuiReceiver(28725): Intent popup :android.intent.action.NETWORK_SET_TIMEZONE
D/zeroshuttle(28725): PopupuiReceiver.java : get the NETWORK_SET_TIME into the 'gsm.operator.numeric' + 
D/zeroshuttle(28725): PopupuiReceiver.java : Read system property not null ++ : 310
D/zeroshuttle(28725): PopupuiReceiver.java : SAME to -111 mccstrcmp
D/SystemClock(  589): Setting time of day to sec=1333616298
D/SystemClock(  589): Trying to open a file
E/AlarmManagerService(  445): android_server_AlarmManagerService_set to type=1, 1333616340.000000000
I/DrmEventService(  445): userUpdatedTimeReceiver intent is recievedandroid.intent.action.TIME_SET
I/DrmEventService(  445): autoEnable = 1
I/DrmEventService(  445): timeFormat before setting = 12
I/DrmEventService(  445): nowTimeFormat before setting = 12
I/DrmEventService(  445): timeFormat after setting = 12
I/DrmEventService(  445): nowTimeFormat after setting = 12
I/DrmEventService(  445): userUpdatedTimeReceiver time format is not changed check if it is NITZ Update
I/DrmEventService(  445): This is a NITZ update.So no need to update delta
I/DrmEventService(  445): nitZReceiver intent is recievedandroid.intent.action.NETWORK_SET_TIME
I/DrmEventService(  445): handleNitztimeUpdation
I/DrmEventService(  445): date is :: year2012month4day5hour8minute58second18
I/DrmEventService(  445): calling handleDbOperation : TIME_CLOCK_UPDATE 
I/DrmEventService(  445): handleDbOperation case 6
I/DrmEventService(  445): handleDbOperation processDrmRequest 
I/DrmManagerClientImpl(Native)(  445): DrmManagerClientImpl::processDrmRequest::calling managerservice
I/DrmManager(Native)(  324): DrmManager::processDrmRequest  eneterd
I/DrmManager(Native)(  324): DrmManager::processDrmRequest calling IDrmEngine
D/DATA    (  589): [DSST(0)] Poll ServiceState done: oldSS=[0 home null null null  LTE CSS not supported -1 -1RoamInd: -1DefRoamInd: -1EmergOnly: false] newSS=[0 home null null null  UMTS CSS not supported -1 -1RoamInd: -1DefRoamInd: -1EmergOnly: false]
D/FlightSettingButton(  559): EVENT_SERVICE_STATE_CHANGED received
E/FlightSettingButton(  559): updateStatus : 0
D/DATA    (  589): [DSST(0)] pollstate() : reason = data network state changed
D/DATA    (  589): mMasterDataEnabled=true,isUsePacketData=true
D/DATA    (  589): mMasterDataEnabled=true,isUsePacketData=true
D/CalendarAppWidgetProviderAgenda(28743): timeUpdated : 
D/DATA    (  589):  notifyDataConnection Pass INET6 >>> Fix me later please!!
I/GlobalActions(  445): inAirplaneModefalse mAirplaneStateOff serviceState.getState()0
D/dalvikvm(  589): GC_CONCURRENT freed 412K, 37% free 4428K/6983K, external 0K/1280K, paused 3ms+3ms
I/DrmEventService(  445): processDrmRequest status issuccess
I/DrmEventService(  445): handleDbOperation : TIME_CLOCK_UPDATE  secure clock  ret is  0
I/DrmEventService(  445): calling handleDbOperation : TIME_CLOCK_UPDATE 
I/DrmEventService(  445): handleDbOperation case 6
I/DrmEventService(  445): handleDbOperation processDrmRequest 
I/DrmManagerClientImpl(Native)(  445): DrmManagerClientImpl::processDrmRequest::calling managerservice
I/DrmManager(Native)(  324): DrmManager::processDrmRequest  eneterd
I/DrmManager(Native)(  324): DrmManager::processDrmRequest calling IDrmEngine
E/AlarmManagerService(  445): android_server_AlarmManagerService_set to type=0, 1333616848.407000000
I/DrmEventService(  445): processDrmRequest status issuccess
I/DrmEventService(  445): handleDbOperation : TIME_CLOCK_UPDATE  secure clock for PR  ret is 0
W/EDM     (  445):  >>> CallingPolicyService.mPhoneListener.new PhoneStateListener() {...}.onServiceStateChanged()
W/EDM     (  445): >>> CallingPolicyService.loadSettings()
W/EDM     (  445): >>> CallingPolicyService.getAdminIdByLastChange()
W/EDM     (  445): >>> CallingPolicyService.getLastChangeId()
W/EDM     (  445): CallingPolicyService.getAdminIdByLastChange() adminId : -1
D/DATA    (  589): mMasterDataEnabled=true,isUsePacketData=true
D/AlarmReceiver(10448): onReceive() : Intent { act=android.intent.action.TIME_SET flg=0x20000000 cmp=com.sec.android.app.clockpackage/.alarm.AlarmReceiver }
D/DATA    (  589):  notifyDataConnection Pass INET6 >>> Fix me later please!!
D/DATA    (  589): mMasterDataEnabled=true,isUsePacketData=true
D/AlarmReceiver(10448): updateAlarmAsNewTime queried 0 items
D/DATA    (  589):  notifyDataConnection Pass INET6 >>> Fix me later please!!
D/DATA    (  589): mMasterDataEnabled=true,isUsePacketData=true
D/AlarmReceiver(10448): ACTION_TIME_CHANGED:: updateAlarmAsNewTime returns 0
D/DATA    (  589):  notifyDataConnection Pass INET6 >>> Fix me later please!!
D/DATA    (  589): mMasterDataEnabled=true,isUsePacketData=true
D/AlarmProvider(10448): enableNextAlert next alarm : null
D/TAG     (10448): mPendingIntent == null am.cancel
D/DATA    (  589):  notifyDataConnection Pass INET6 >>> Fix me later please!!
D/DATA    (  589): [DSST(0)] pollstate() : reason = data network state changed
V/DATA    (  589): [DCT(0) ] onUpdateDataConnections: reason=radioTechnologyChanged
V/DATA    (  589): [DCT(0) ] ---dc list---
I/SML     (25736): V1.1112.5.1 [smlPhoneStatus.java Line:70] [onServiceStateChanged] onServiceStateChanged nNetwork =3
I/SML     (25736): V1.1112.5.1 [smlPhoneStatus.java Line:71] [onServiceStateChanged] onServiceStateChanged bRoming =false
V/DATA    (  589): [DCT(0) ] cid = 0, state = DcActiveState, bearerType = IP, ipaddress = 10.8.248.107, gw=10.8.248.105, dns=[172.26.38.1, 172.26.38.2]
V/DATA    (  589): [DCT(0) ] ---ds list---
V/DATA    (  589): [DCT(0) ] ds= SERVICE_TYPE_DEFAULT, enabled = true, active = v4:CONNECTED(0) v6:IDLE
V/DATA    (  589): [DCT(0) ] ds= SERVICE_TYPE_MMS, enabled = false, active = v4:CONNECTED(0) v6:IDLE
V/DATA    (  589): [DCT(0) ] ds= SERVICE_TYPE_SUPL, enabled = false, active = v4:CONNECTED(0) v6:IDLE
V/DATA    (  589): [DCT(0) ] ds= SERVICE_TYPE_DUN, enabled = false, active = v4:IDLE v6:IDLE
V/DATA    (  589): [DCT(0) ] ds= SERVICE_TYPE_HIPRI, enabled = false, active = v4:CONNECTED(0) v6:IDLE
D/DATA    (  589): mMasterDataEnabled=true,isUsePacketData=true
I/DATA    (  589): [DCT(0) ] Ready for data : 
I/DATA    (  589): [DCT(0) ]    getDesiredPowerState() = true
I/DATA    (  589): [DCT(0) ]    mCm.getRadioState() = RADIO_ON
I/DATA    (  589): [DCT(0) ]    [DataRadioTech = RADIO_TECH_UMTS, data network state = 0, mMasterDataEnabled = true, is Roaming = false, dataOnRoamingEnable = false, isPsRestricted = false, desiredPowerState  = true, mSIMRecords = true/310410, cdmaSubSource = 1/, mRuimRecords = , checks = true/true]
V/DATA    (  589): [DCT(0) ] trySetupDataCall : ds=SERVICE_TYPE_DEFAULT, ipv=INET6, reason=radioTechnologyChanged
W/DATA    (  589): [DCT(0) ] no working data profile available to establish service type SERVICE_TYPE_DEFAULTon INET6
D/DATA    (  589):  notifyDataConnection Pass INET6 >>> Fix me later please!!
E/com.samsung.app(28775): [MSC_Accu]>>> AccuWeatherDaemonService.java:51 [0:0] Act
E/com.samsung.app(28775): [MSC_Accu]>>> AccuWeatherDaemonService.java:56 [0:0] Act : android.intent.action.TIME_SET
E/com.samsung.app(28775): [MSC_Accu]>>> AccuWeatherDaemonService.java:70 [0:0] SerStus:1,ASerStus:0,Tmp:0,AtRfr:0
E/com.samsung.app( 7061): [MSC_Accu]>>> WeatherService.java:55 [0:0] action : android.intent.action.TIME_SET
D/MobileDataStateTracker(  445): replacing old mInterfaceName (rmnet_sdio0) with rmnet_sdio0 for hipri
I/GlobalActions(  445): inAirplaneModefalse mAirplaneStateOff serviceState.getState()0
D/DATA    (  589): [DSST(0)] Poll ServiceState done: oldSS=[0 home null null null  UMTS CSS not supported -1 -1RoamInd: -1DefRoamInd: -1EmergOnly: false] newSS=[0 home null null null  UMTS CSS not supported -1 -1RoamInd: -1DefRoamInd: -1EmergOnly: false]
W/EDM     (  445):  >>> CallingPolicyService.mPhoneListener.new PhoneStateListener() {...}.onServiceStateChanged()
W/EDM     (  445): >>> CallingPolicyService.loadSettings()
W/EDM     (  445): >>> CallingPolicyService.getAdminIdByLastChange()
W/EDM     (  445): >>> CallingPolicyService.getLastChangeId()
W/EDM     (  445): CallingPolicyService.getAdminIdByLastChange() adminId : -1
D/FlightSettingButton(  559): EVENT_SERVICE_STATE_CHANGED received
E/FlightSettingButton(  559): updateStatus : 0
I/SML     (25736): V1.1112.5.1 [smlPhoneStatus.java Line:70] [onServiceStateChanged] onServiceStateChanged nNetwork =3
I/SML     (25736): V1.1112.5.1 [smlPhoneStatus.java Line:71] [onServiceStateChanged] onServiceStateChanged bRoming =false
D/MobileDataStateTracker(  445): default Received state= CONNECTED, old= CONNECTED, reason= radioTechnologyChanged, apnTypeList= default
V/DATA    (  589): [DCT(0) ] intent received :android.intent.action.ANY_DATA_STATE
D/DATA    (  589): NETWORK_STATE_CHANGED_ACTION : data_call = 49
D/PhoneApp(  589): CONNECTED - hideDataDisconnectedRoaming()
D/CircleMissedEventWidget(  445): received MISSED_EVENT intent !! 
D/MobileDataStateTracker(  445): replacing old mInterfaceName (rmnet_sdio0) with rmnet_sdio0 for mms
V/DATA    (  589): [DCT(0) ] intent received :android.intent.action.ANY_DATA_STATE
D/DATA    (  589): NETWORK_STATE_CHANGED_ACTION : data_call = 49
D/PhoneApp(  589): CONNECTED - hideDataDisconnectedRoaming()
D/CircleMissedEventWidget(  445): received MISSED_EVENT intent !! 
D/MobileDataStateTracker(  445): replacing old mInterfaceName (rmnet_sdio0) with rmnet_sdio0 for supl
V/DATA    (  589): [DCT(0) ] intent received :android.intent.action.ANY_DATA_STATE
D/DATA    (  589): NETWORK_STATE_CHANGED_ACTION : data_call = 49
D/PhoneApp(  589): CONNECTED - hideDataDisconnectedRoaming()
D/CircleMissedEventWidget(  445): received MISSED_EVENT intent !! 
V/DATA    (  589): [DCT(0) ] intent received :android.intent.action.ANY_DATA_STATE
D/DATA    (  589): NETWORK_STATE_CHANGED_ACTION : data_call = 49
V/DATA    (  589): [DCT(0) ] intent received :android.intent.action.ANY_DATA_STATE
D/DATA    (  589): NETWORK_STATE_CHANGED_ACTION : data_call = 49
D/PhoneApp(  589): CONNECTED - hideDataDisconnectedRoaming()
E/com.samsung.app( 7061): [MSC_Accu]>>> WeatherWidgetProvider.java:354 [0:0] onReceive@ com.sec.android.widgetapp.weatherclock.action.APPWIDGET_UPDATE
E/com.samsung.app( 7061): [MSC_Accu]>>> WidgetIdManager.java:53 [0:0] AccuWeatherClockWidgetID_Length
E/com.samsung.app( 7061): [MSC_Accu]>>> WidgetIdManager.java:54 [0:0] getPrefIDs@lngth:1
E/com.samsung.app( 7061): [MSC_Accu]>>> WidgetIdManager.java:60 [0:0] getPrefIDs@Ids1:4
E/com.samsung.app( 7061): [MSC_Accu]>>> WeatherWidgetProvider.java:347 [0:0] refreshhandler is null!!
E/com.samsung.app( 7061): [MSC_Accu]>>> WeatherWidgetProvider.java:469 [0:0] onReceive : com.sec.android.widgetapp.weatherclock.action.APPWIDGET_UPDATE :: 4
D/CircleMissedEventWidget(  445): received MISSED_EVENT intent !! 
E/com.samsung.app( 7061): [MSC_Accu]>>> WeatherWidgetProvider.java:1853 [0:0] cityId:348735 GMT-5
E/com.samsung.app( 7061): [MSC_Accu]>>> WeatherWidgetProvider.java:1418 [0:0] WthrDt:4 2130903110 false
E/com.samsung.app( 7061): [MSC_Accu]>>> WeatherWidgetProvider.java:1430 [0:0] mWthrCnt:1
E/com.samsung.app( 7061): [MSC_Accu]>>> WeatherWidgetProvider.java:2075 [0:0] mainLayoutId:6
E/com.samsung.app( 7061): [MSC_Accu]>>> WeatherWidgetProvider.java:1536 [0:0] WthrTdyIcnImg:0
D/dalvikvm( 7061): GC_CONCURRENT freed 333K, 43% free 3436K/5959K, external 0K/0K, paused 1ms+2ms
E/com.samsung.app( 7061): [MSC_Accu]>>> WeatherWidgetProvider.java:1657 [0:0] ApWdgId:4
D/DATA    (  589): [DSST(0)] pollstate() : reason = data network state changed
D/DATA    (  589): [DSST(0)] Poll ServiceState done: oldSS=[0 home null null null  UMTS CSS not supported -1 -1RoamInd: -1DefRoamInd: -1EmergOnly: false] newSS=[0 home null null null  UMTS CSS not supported -1 -1RoamInd: -1DefRoamInd: -1EmergOnly: false]
D/SystemClock(  589): File Open Failed
D/DATA    (  589): [DSST(0)] pollstate() : reason = data network state changed
D/DATA    (  589): [DSST(0)] Poll ServiceState done: oldSS=[0 home null null null  UMTS CSS not supported -1 -1RoamInd: -1DefRoamInd: -1EmergOnly: false] newSS=[0 home null null null  UMTS CSS not supported -1 -1RoamInd: -1DefRoamInd: -1EmergOnly: false]
D/DATA    (  589): [DSST(0)] pollstate() : reason = data network state changed
D/PopupuiReceiver(28725): Intent popup :android.intent.action.NITZ_SET_TIME
D/zeroshuttle(28725): PopupuiReceiver.java: ACTION_NITZ_SET_TIME+ 
D/zeroshuttle(28725): PopupuiReceiver.java: QUIT_NITZ_ACTION- 
D/AlarmManagerService(  445): Kernel timezone updated to 240 minutes west of GMT
D/PopupuiReceiver(28725): Intent popup :android.intent.action.NETWORK_SET_TIMEZONE
D/zeroshuttle(28725): PopupuiReceiver.java : get the NETWORK_SET_TIME into the 'gsm.operator.numeric' + 
D/zeroshuttle(28725): PopupuiReceiver.java : Read system property not null ++ : 310
D/zeroshuttle(28725): PopupuiReceiver.java : SAME to -111 mccstrcmp
D/SystemClock(  589): Setting time of day to sec=1333616301
D/SystemClock(  589): Trying to open a file
D/SystemClock(  589): File Open Failed
E/AlarmManagerService(  445): android_server_AlarmManagerService_set to type=1, 1333616340.000000000
V/AlarmManager(  445): Adding alarm Alarm{40cacfb0 type 1 android} at 0
I/DrmEventService(  445): userUpdatedTimeReceiver intent is recievedandroid.intent.action.TIME_SET
I/DrmEventService(  445): autoEnable = 1
I/DrmEventService(  445): timeFormat before setting = 12
I/DrmEventService(  445): nowTimeFormat before setting = 12
I/DrmEventService(  445): timeFormat after setting = 12
I/DrmEventService(  445): nowTimeFormat after setting = 12
I/DrmEventService(  445): userUpdatedTimeReceiver time format is not changed check if it is NITZ Update
I/DrmEventService(  445): This is a NITZ update.So no need to update delta
D/CalendarAppWidgetProviderAgenda(28743): timeUpdated : 
I/DrmEventService(  445): nitZReceiver intent is recievedandroid.intent.action.NETWORK_SET_TIME
I/DrmEventService(  445): handleNitztimeUpdation
I/DrmEventService(  445): date is :: year2012month4day5hour8minute58second21
I/DrmEventService(  445): calling handleDbOperation : TIME_CLOCK_UPDATE 
I/DrmEventService(  445): handleDbOperation case 6
I/DrmEventService(  445): handleDbOperation processDrmRequest 
I/DrmManagerClientImpl(Native)(  445): DrmManagerClientImpl::processDrmRequest::calling managerservice
E/AlarmManagerService(  445): android_server_AlarmManagerService_set to type=0, 1333616848.407000000
I/DrmManager(Native)(  324): DrmManager::processDrmRequest  eneterd
I/DrmManager(Native)(  324): DrmManager::processDrmRequest calling IDrmEngine
V/AlarmManager(  445): Adding alarm Alarm{40b0df18 type 0 com.google.android.gsf} at 0
D/DATA    (  589): [DSST(0)] Poll ServiceState done: oldSS=[0 home null null null  UMTS CSS not supported -1 -1RoamInd: -1DefRoamInd: -1EmergOnly: false] newSS=[0 home null null null  UMTS CSS not supported -1 -1RoamInd: -1DefRoamInd: -1EmergOnly: false]
V/AlarmManager(  445): Adding alarm Alarm{40aa2c88 type 2 com.google.android.location} at 1
E/com.samsung.app( 7061): [MSC_Accu]>>> WeatherService.java:55 [0:0] action : android.intent.action.TIME_SET
D/AlarmReceiver(10448): onReceive() : Intent { act=android.intent.action.TIME_SET flg=0x20000000 cmp=com.sec.android.app.clockpackage/.alarm.AlarmReceiver }
D/AlarmReceiver(10448): updateAlarmAsNewTime queried 0 items
D/AlarmReceiver(10448): ACTION_TIME_CHANGED:: updateAlarmAsNewTime returns 0
D/DATA    (  589): [DSST(0)] pollstate() : reason = data network state changed
D/AlarmProvider(10448): enableNextAlert next alarm : null
D/TAG     (10448): mPendingIntent == null am.cancel
E/com.samsung.app(28775): [MSC_Accu]>>> AccuWeatherDaemonService.java:51 [0:0] Act
E/com.samsung.app(28775): [MSC_Accu]>>> AccuWeatherDaemonService.java:56 [0:0] Act : android.intent.action.TIME_SET
E/com.samsung.app(28775): [MSC_Accu]>>> AccuWeatherDaemonService.java:70 [0:0] SerStus:1,ASerStus:0,Tmp:0,AtRfr:0
D/DATA    (  589): [DSST(0)] Poll ServiceState done: oldSS=[0 home null null null  UMTS CSS not supported -1 -1RoamInd: -1DefRoamInd: -1EmergOnly: false] newSS=[0 home null null null  UMTS CSS not supported -1 -1RoamInd: -1DefRoamInd: -1EmergOnly: false]
I/DrmEventService(  445): processDrmRequest status issuccess
I/DrmEventService(  445): handleDbOperation : TIME_CLOCK_UPDATE  secure clock  ret is  0
I/DrmEventService(  445): calling handleDbOperation : TIME_CLOCK_UPDATE 
I/DrmEventService(  445): handleDbOperation case 6
I/DrmEventService(  445): handleDbOperation processDrmRequest 
I/DrmManagerClientImpl(Native)(  445): DrmManagerClientImpl::processDrmRequest::calling managerservice
I/DrmManager(Native)(  324): DrmManager::processDrmRequest  eneterd
I/DrmManager(Native)(  324): DrmManager::processDrmRequest calling IDrmEngine
I/DrmEventService(  445): processDrmRequest status issuccess
I/DrmEventService(  445): handleDbOperation : TIME_CLOCK_UPDATE  secure clock for PR  ret is 0
V/AlarmManager(  445): Adding alarm Alarm{40b10388 type 2 com.google.android.apps.maps} at 5
E/com.samsung.app( 7061): [MSC_Accu]>>> WeatherWidgetProvider.java:354 [0:0] onReceive@ com.sec.android.widgetapp.weatherclock.action.APPWIDGET_UPDATE
E/com.samsung.app( 7061): [MSC_Accu]>>> WidgetIdManager.java:53 [0:0] AccuWeatherClockWidgetID_Length
E/com.samsung.app( 7061): [MSC_Accu]>>> WidgetIdManager.java:54 [0:0] getPrefIDs@lngth:1
E/com.samsung.app( 7061): [MSC_Accu]>>> WidgetIdManager.java:60 [0:0] getPrefIDs@Ids1:4
E/com.samsung.app( 7061): [MSC_Accu]>>> WeatherWidgetProvider.java:347 [0:0] refreshhandler is null!!
E/com.samsung.app( 7061): [MSC_Accu]>>> WeatherWidgetProvider.java:469 [0:0] onReceive : com.sec.android.widgetapp.weatherclock.action.APPWIDGET_UPDATE :: 4
V/AlarmManager(  445): Adding alarm Alarm{40cf5f28 type 0 com.google.android.gsf} at 2
E/com.samsung.app( 7061): [MSC_Accu]>>> WeatherWidgetProvider.java:1853 [0:0] cityId:348735 GMT-5
E/com.samsung.app( 7061): [MSC_Accu]>>> WeatherWidgetProvider.java:1418 [0:0] WthrDt:4 2130903110 false
E/com.samsung.app( 7061): [MSC_Accu]>>> WeatherWidgetProvider.java:1430 [0:0] mWthrCnt:1
E/com.samsung.app( 7061): [MSC_Accu]>>> WeatherWidgetProvider.java:2075 [0:0] mainLayoutId:6
E/com.samsung.app( 7061): [MSC_Accu]>>> WeatherWidgetProvider.java:1536 [0:0] WthrTdyIcnImg:0
E/com.samsung.app( 7061): [MSC_Accu]>>> WeatherWidgetProvider.java:1657 [0:0] ApWdgId:4
D/DATA    (  589): [DSST(0)] pollstate() : reason = data network state changed
D/DATA    (  589): [DSST(0)] Poll ServiceState done: oldSS=[0 home null null null  UMTS CSS not supported -1 -1RoamInd: -1DefRoamInd: -1EmergOnly: false] newSS=[0 home null null null  UMTS CSS not supported -1 -1RoamInd: -1DefRoamInd: -1EmergOnly: false]
D/DATA    (  589): [DSST(0)] pollstate() : reason = data network state changed
D/DATA    (  589): [DSST(0)] Poll ServiceState done: oldSS=[0 home null null null  UMTS CSS not supported -1 -1RoamInd: -1DefRoamInd: -1EmergOnly: false] newSS=[0 home null null null  UMTS CSS not supported -1 -1RoamInd: -1DefRoamInd: -1EmergOnly: false]
D/AlarmReceiver(10448): mHandler.postDelayed(new Runnable() {
D/DATA    (  589): [DSST(0)] pollstate() : reason = data network state changed
D/DATA    (  589): [DSST(0)] Poll ServiceState done: oldSS=[0 home null null null  UMTS CSS not supported -1 -1RoamInd: -1DefRoamInd: -1EmergOnly: false] newSS=[0 home null null null  UMTS CSS not supported -1 -1RoamInd: -1DefRoamInd: -1EmergOnly: false]
V/AlarmManager(  445): Adding alarm Alarm{40ca93c8 type 2 com.google.android.location} at 1
V/AlarmManager(  445): Adding alarm Alarm{4090aee8 type 2 com.google.android.apps.maps} at 5
D/DATA    (  589): [DSST(0)] pollstate() : reason = data network state changed
D/DATA    (  589): [DSST(0)] Poll ServiceState done: oldSS=[0 home null null null  UMTS CSS not supported -1 -1RoamInd: -1DefRoamInd: -1EmergOnly: false] newSS=[0 home null null null  UMTS CSS not supported -1 -1RoamInd: -1DefRoamInd: -1EmergOnly: false]
V/AlarmManager(  445): Adding alarm Alarm{40caf580 type 1 android} at 0
V/AlarmManager(  445): Adding alarm Alarm{40d6a7d8 type 0 com.google.android.gsf} at 0
D/AlarmReceiver(10448): mHandler.postDelayed(new Runnable() {
V/AlarmManager(  445): Adding alarm Alarm{40c13538 type 2 com.google.android.location} at 1
V/AlarmManager(  445): Adding alarm Alarm{40b0d960 type 2 com.google.android.apps.maps} at 5
D/DATA    (  589): [DSST(0)] pollstate() : reason = data network state changed
V/AlarmManager(  445): Adding alarm Alarm{40a55038 type 0 com.google.android.gsf} at 2
D/DATA    (  589): [DSST(0)] pollstate() : reason = data network state changed
V/AlarmManager(  445): Adding alarm Alarm{409a0988 type 0 com.android.providers.calendar} at 1
D/PopupuiReceiver(28725): Intent popup :android.intent.action.NITZ_SET_TIME
D/zeroshuttle(28725): PopupuiReceiver.java: ACTION_NITZ_SET_TIME+ 
D/zeroshuttle(28725): PopupuiReceiver.java: QUIT_NITZ_ACTION- 
D/AlarmManagerService(  445): Kernel timezone updated to 240 minutes west of GMT
D/PopupuiReceiver(28725): Intent popup :android.intent.action.NETWORK_SET_TIMEZONE
D/zeroshuttle(28725): PopupuiReceiver.java : get the NETWORK_SET_TIME into the 'gsm.operator.numeric' + 
D/zeroshuttle(28725): PopupuiReceiver.java : Read system property not null ++ : 310
D/zeroshuttle(28725): PopupuiReceiver.java : SAME to -111 mccstrcmp
D/SystemClock(  589): Setting time of day to sec=1333616304
D/SystemClock(  589): Trying to open a file
E/AlarmManagerService(  445): android_server_AlarmManagerService_set to type=1, 1333616340.000000000
I/DrmEventService(  445): userUpdatedTimeReceiver intent is recievedandroid.intent.action.TIME_SET
I/DrmEventService(  445): autoEnable = 1
I/DrmEventService(  445): timeFormat before setting = 12
I/DrmEventService(  445): nowTimeFormat before setting = 12
I/DrmEventService(  445): timeFormat after setting = 12
I/DrmEventService(  445): nowTimeFormat after setting = 12
I/DrmEventService(  445): userUpdatedTimeReceiver time format is not changed check if it is NITZ Update
I/DrmEventService(  445): This is a NITZ update.So no need to update delta
D/CalendarAppWidgetProviderAgenda(28743): timeUpdated : 
I/DrmEventService(  445): nitZReceiver intent is recievedandroid.intent.action.NETWORK_SET_TIME
I/DrmEventService(  445): handleNitztimeUpdation
I/DrmEventService(  445): date is :: year2012month4day5hour8minute58second24
I/DrmEventService(  445): calling handleDbOperation : TIME_CLOCK_UPDATE 
I/DrmEventService(  445): handleDbOperation case 6
I/DrmEventService(  445): handleDbOperation processDrmRequest 
I/DrmManagerClientImpl(Native)(  445): DrmManagerClientImpl::processDrmRequest::calling managerservice
I/DrmManager(Native)(  324): DrmManager::processDrmRequest  eneterd
I/DrmManager(Native)(  324): DrmManager::processDrmRequest calling IDrmEngine
E/AlarmManagerService(  445): android_server_AlarmManagerService_set to type=0, 1333616848.407000000
D/DATA    (  589): [DSST(0)] Poll ServiceState done: oldSS=[0 home null null null  UMTS CSS not supported -1 -1RoamInd: -1DefRoamInd: -1EmergOnly: false] newSS=[0 home null null null  UMTS CSS not supported -1 -1RoamInd: -1DefRoamInd: -1EmergOnly: false]
D/AlarmReceiver(10448): onReceive() : Intent { act=android.intent.action.TIME_SET flg=0x20000000 cmp=com.sec.android.app.clockpackage/.alarm.AlarmReceiver }
D/DATA    (  589): [DSST(0)] pollstate() : reason = data network state changed
D/AlarmReceiver(10448): updateAlarmAsNewTime queried 0 items
D/AlarmReceiver(10448): ACTION_TIME_CHANGED:: updateAlarmAsNewTime returns 0
D/AlarmProvider(10448): enableNextAlert next alarm : null
D/TAG     (10448): mPendingIntent == null am.cancel
E/com.samsung.app(28775): [MSC_Accu]>>> AccuWeatherDaemonService.java:51 [0:0] Act
E/com.samsung.app(28775): [MSC_Accu]>>> AccuWeatherDaemonService.java:56 [0:0] Act : android.intent.action.TIME_SET
E/com.samsung.app(28775): [MSC_Accu]>>> AccuWeatherDaemonService.java:70 [0:0] SerStus:1,ASerStus:0,Tmp:0,AtRfr:0
D/DATA    (  589): [DSST(0)] Poll ServiceState done: oldSS=[0 home null null null  UMTS CSS not supported -1 -1RoamInd: -1DefRoamInd: -1EmergOnly: false] newSS=[0 home null null null  UMTS CSS not supported -1 -1RoamInd: -1DefRoamInd: -1EmergOnly: false]
I/DrmEventService(  445): processDrmRequest status issuccess
I/DrmEventService(  445): handleDbOperation : TIME_CLOCK_UPDATE  secure clock  ret is  0
I/DrmEventService(  445): calling handleDbOperation : TIME_CLOCK_UPDATE 
I/DrmEventService(  445): handleDbOperation case 6
I/DrmEventService(  445): handleDbOperation processDrmRequest 
I/DrmManagerClientImpl(Native)(  445): DrmManagerClientImpl::processDrmRequest::calling managerservice
I/DrmManager(Native)(  324): DrmManager::processDrmRequest  eneterd
I/DrmManager(Native)(  324): DrmManager::processDrmRequest calling IDrmEngine
I/DrmEventService(  445): processDrmRequest status issuccess
I/DrmEventService(  445): handleDbOperation : TIME_CLOCK_UPDATE  secure clock for PR  ret is 0
E/com.samsung.app( 7061): [MSC_Accu]>>> WeatherService.java:55 [0:0] action : android.intent.action.TIME_SET
E/com.samsung.app( 7061): [MSC_Accu]>>> WeatherWidgetProvider.java:354 [0:0] onReceive@ com.sec.android.widgetapp.weatherclock.action.APPWIDGET_UPDATE
E/com.samsung.app( 7061): [MSC_Accu]>>> WidgetIdManager.java:53 [0:0] AccuWeatherClockWidgetID_Length
D/DATA    (  589): [DSST(0)] pollstate() : reason = data network state changed
E/com.samsung.app( 7061): [MSC_Accu]>>> WidgetIdManager.java:54 [0:0] getPrefIDs@lngth:1
E/com.samsung.app( 7061): [MSC_Accu]>>> WidgetIdManager.java:60 [0:0] getPrefIDs@Ids1:4
E/com.samsung.app( 7061): [MSC_Accu]>>> WeatherWidgetProvider.java:347 [0:0] refreshhandler is null!!
E/com.samsung.app( 7061): [MSC_Accu]>>> WeatherWidgetProvider.java:469 [0:0] onReceive : com.sec.android.widgetapp.weatherclock.action.APPWIDGET_UPDATE :: 4
E/com.samsung.app( 7061): [MSC_Accu]>>> WeatherWidgetProvider.java:1853 [0:0] cityId:348735 GMT-5
E/com.samsung.app( 7061): [MSC_Accu]>>> WeatherWidgetProvider.java:1418 [0:0] WthrDt:4 2130903110 false
E/com.samsung.app( 7061): [MSC_Accu]>>> WeatherWidgetProvider.java:1430 [0:0] mWthrCnt:1
D/DATA    (  589): [DSST(0)] Poll ServiceState done: oldSS=[0 home null null null  UMTS CSS not supported -1 -1RoamInd: -1DefRoamInd: -1EmergOnly: false] newSS=[0 home null null null  UMTS CSS not supported -1 -1RoamInd: -1DefRoamInd: -1EmergOnly: false]
E/com.samsung.app( 7061): [MSC_Accu]>>> WeatherWidgetProvider.java:2075 [0:0] mainLayoutId:6
E/com.samsung.app( 7061): [MSC_Accu]>>> WeatherWidgetProvider.java:1536 [0:0] WthrTdyIcnImg:0
D/dalvikvm( 7061): GC_CONCURRENT freed 444K, 42% free 3473K/5959K, external 0K/0K, paused 2ms+3ms
E/com.samsung.app( 7061): [MSC_Accu]>>> WeatherWidgetProvider.java:1657 [0:0] ApWdgId:4
D/SystemClock(  589): File Open Failed
D/DATA    (  589): [DSST(0)] pollstate() : reason = data network state changed
D/DATA    (  589): [DSST(0)] Poll ServiceState done: oldSS=[0 home null null null  UMTS CSS not supported -1 -1RoamInd: -1DefRoamInd: -1EmergOnly: false] newSS=[0 home null null null  HSPA CSS not supported -1 -1RoamInd: -1DefRoamInd: -1EmergOnly: false]
I/GlobalActions(  445): inAirplaneModefalse mAirplaneStateOff serviceState.getState()0
D/DATA    (  589): mMasterDataEnabled=true,isUsePacketData=true
I/TelephonyRegistry(  445): notifyServiceState: 0 home AT&T AT&T 310410  HSPA CSS not supported -1 -1RoamInd: -1DefRoamInd: -1EmergOnly: false
W/EDM     (  445):  >>> CallingPolicyService.mPhoneListener.new PhoneStateListener() {...}.onServiceStateChanged()
W/EDM     (  445): >>> CallingPolicyService.loadSettings()
W/EDM     (  445): >>> CallingPolicyService.getAdminIdByLastChange()
W/EDM     (  445): >>> CallingPolicyService.getLastChangeId()
W/EDM     (  445): CallingPolicyService.getAdminIdByLastChange() adminId : -1
D/DATA    (  589): mMasterDataEnabled=true,isUsePacketData=true
D/DATA    (  589):  notifyDataConnection Pass INET6 >>> Fix me later please!!
I/TelephonyRegistry(  445): notifyDataConnection: anyState=2,default/INET,apnTypeState=2,iface=rmnet_sdio0,ip=10.8.248.107,gw=10.8.248.105,isDataConnectivityPossible=true,networkType=10,reason=radioTechnologyChanged
D/DATA    (  589): mMasterDataEnabled=true,isUsePacketData=true
D/DATA    (  589):  notifyDataConnection Pass INET6 >>> Fix me later please!!
I/TelephonyRegistry(  445): notifyDataConnection: anyState=2,mms/INET,apnTypeState=2,iface=rmnet_sdio0,ip=10.8.248.107,gw=10.8.248.105,isDataConnectivityPossible=true,networkType=10,reason=radioTechnologyChanged
D/DATA    (  589): mMasterDataEnabled=true,isUsePacketData=true
D/DATA    (  589):  notifyDataConnection Pass INET6 >>> Fix me later please!!
D/MobileDataStateTracker(  445): replacing old mInterfaceName (rmnet_sdio0) with rmnet_sdio0 for hipri
D/DATA    (  589): mMasterDataEnabled=true,isUsePacketData=true
I/TelephonyRegistry(  445): notifyDataConnection: anyState=2,supl/INET,apnTypeState=2,iface=rmnet_sdio0,ip=10.8.248.107,gw=10.8.248.105,isDataConnectivityPossible=true,networkType=10,reason=radioTechnologyChanged
D/DATA    (  589):  notifyDataConnection Pass INET6 >>> Fix me later please!!
D/FlightSettingButton(  559): EVENT_SERVICE_STATE_CHANGED received
E/FlightSettingButton(  559): updateStatus : 0
I/TelephonyRegistry(  445): notifyDataConnection: anyState=2,dun/INET,apnTypeState=0,iface=null,ip=null,gw=null,isDataConnectivityPossible=true,networkType=10,reason=radioTechnologyChanged
I/SML     (25736): V1.1112.5.1 [smlPhoneStatus.java Line:70] [onServiceStateChanged] onServiceStateChanged nNetwork =10
I/SML     (25736): V1.1112.5.1 [smlPhoneStatus.java Line:71] [onServiceStateChanged] onServiceStateChanged bRoming =false
D/DATA    (  589): mMasterDataEnabled=true,isUsePacketData=true
D/MobileDataStateTracker(  445): default Received state= CONNECTED, old= CONNECTED, reason= radioTechnologyChanged, apnTypeList= default
I/TelephonyRegistry(  445): notifyDataConnection: anyState=2,hipri/INET,apnTypeState=2,iface=rmnet_sdio0,ip=10.8.248.107,gw=10.8.248.105,isDataConnectivityPossible=true,networkType=10,reason=radioTechnologyChanged
D/DATA    (  589):  notifyDataConnection Pass INET6 >>> Fix me later please!!
V/DATA    (  589): [DCT(0) ] intent received :android.intent.action.ANY_DATA_STATE
D/DATA    (  589): NETWORK_STATE_CHANGED_ACTION : data_call = 49
V/DATA    (  589): [DCT(0) ] onUpdateDataConnections: reason=radioTechnologyChanged
V/DATA    (  589): [DCT(0) ] ---dc list---
V/DATA    (  589): [DCT(0) ] cid = 0, state = DcActiveState, bearerType = IP, ipaddress = 10.8.248.107, gw=10.8.248.105, dns=[172.26.38.1, 172.26.38.2]
V/DATA    (  589): [DCT(0) ] ---ds list---
V/DATA    (  589): [DCT(0) ] ds= SERVICE_TYPE_DEFAULT, enabled = true, active = v4:CONNECTED(0) v6:IDLE
V/DATA    (  589): [DCT(0) ] ds= SERVICE_TYPE_MMS, enabled = false, active = v4:CONNECTED(0) v6:IDLE
V/DATA    (  589): [DCT(0) ] ds= SERVICE_TYPE_SUPL, enabled = false, active = v4:CONNECTED(0) v6:IDLE
V/DATA    (  589): [DCT(0) ] ds= SERVICE_TYPE_DUN, enabled = false, active = v4:IDLE v6:IDLE
V/DATA    (  589): [DCT(0) ] ds= SERVICE_TYPE_HIPRI, enabled = false, active = v4:CONNECTED(0) v6:IDLE
D/DATA    (  589): mMasterDataEnabled=true,isUsePacketData=true
I/DATA    (  589): [DCT(0) ] Ready for data : 
I/DATA    (  589): [DCT(0) ]    getDesiredPowerState() = true
I/DATA    (  589): [DCT(0) ]    mCm.getRadioState() = RADIO_ON
I/DATA    (  589): [DCT(0) ]    [DataRadioTech = RADIO_TECH_HSPA, data network state = 0, mMasterDataEnabled = true, is Roaming = false, dataOnRoamingEnable = false, isPsRestricted = false, desiredPowerState  = true, mSIMRecords = true/310410, cdmaSubSource = 1/, mRuimRecords = , checks = true/true]
V/DATA    (  589): [DCT(0) ] trySetupDataCall : ds=SERVICE_TYPE_DEFAULT, ipv=INET6, reason=radioTechnologyChanged
W/DATA    (  589): [DCT(0) ] no working data profile available to establish service type SERVICE_TYPE_DEFAULTon INET6
D/DATA    (  589):  notifyDataConnection Pass INET6 >>> Fix me later please!!
D/PhoneApp(  589): CONNECTED - hideDataDisconnectedRoaming()
D/CircleMissedEventWidget(  445): received MISSED_EVENT intent !! 
D/dalvikvm(  589): GC_CONCURRENT freed 438K, 37% free 4424K/6983K, external 0K/1280K, paused 2ms+4ms
D/MobileDataStateTracker(  445): replacing old mInterfaceName (rmnet_sdio0) with rmnet_sdio0 for mms
V/DATA    (  589): [DCT(0) ] intent received :android.intent.action.ANY_DATA_STATE
D/DATA    (  589): NETWORK_STATE_CHANGED_ACTION : data_call = 49
D/PhoneApp(  589): CONNECTED - hideDataDisconnectedRoaming()
D/CircleMissedEventWidget(  445): received MISSED_EVENT intent !! 
V/AlarmManager(  445): Adding alarm Alarm{40a25f18 type 2 com.google.android.location} at 1
V/AlarmManager(  445): Adding alarm Alarm{40b25880 type 2 com.google.android.apps.maps} at 5
D/MobileDataStateTracker(  445): replacing old mInterfaceName (rmnet_sdio0) with rmnet_sdio0 for supl
V/DATA    (  589): [DCT(0) ] intent received :android.intent.action.ANY_DATA_STATE
D/DATA    (  589): NETWORK_STATE_CHANGED_ACTION : data_call = 49
D/PhoneApp(  589): CONNECTED - hideDataDisconnectedRoaming()
D/CircleMissedEventWidget(  445): received MISSED_EVENT intent !! 
V/DATA    (  589): [DCT(0) ] intent received :android.intent.action.ANY_DATA_STATE
D/DATA    (  589): NETWORK_STATE_CHANGED_ACTION : data_call = 49
V/DATA    (  589): [DCT(0) ] intent received :android.intent.action.ANY_DATA_STATE
D/DATA    (  589): NETWORK_STATE_CHANGED_ACTION : data_call = 49
D/PhoneApp(  589): CONNECTED - hideDataDisconnectedRoaming()
D/CircleMissedEventWidget(  445): received MISSED_EVENT intent !! 
D/AlarmReceiver(10448): mHandler.postDelayed(new Runnable() {
V/AlarmManager(  445): Adding alarm Alarm{40a59eb0 type 0 com.android.providers.calendar} at 1
D/dalvikvm(10448): GC_EXPLICIT freed 41K, 39% free 3425K/5575K, external 0K/0K, paused 60ms
D/dalvikvm( 7885): GC_EXPLICIT freed 138K, 39% free 4442K/7175K, external 0K/0K, paused 97ms
D/dalvikvm( 7667): GC_EXPLICIT freed 35K, 42% free 3165K/5379K, external 0K/0K, paused 58ms
D/dalvikvm( 7061): GC_EXPLICIT freed 177K, 44% free 3366K/5959K, external 0K/0K, paused 74ms
D/dalvikvm( 7674): GC_EXPLICIT freed 11K, 43% free 3245K/5639K, external 4K/1284K, paused 58ms
D/BatteryService(  445): update start
