I/UserApp (29042): 1333616366894: Originator Region=1 Leader (for Client=5001) processes remote region's dsm atom reply and will send Packet reply to Originator Client
I/UserApp (29042): 1333616366895: reply packet contains the ACK for UPLOAD_PHOTO
I/UserApp (29042): 1333616366896: I (the leader) was not the originator client (which id = 5001) so I use UDP to send packet back to my nonleader
I/VCoreDaemon(29042): 1333616366897: inside sendPacket(Packet p)
I/NetworkThread(29042): 1333616366899: Sending UDP payload: 602
D/DATA    (  589): [DSST(0)] pollstate() : reason = data network state changed
V/DATA    (  589): [DCT(0) ] onDataCallListChanged:
V/DATA    (  589): [DCT(0) ] ---dc state list---
V/DATA    (  589): [DCT(0) ] DataCallState: { cid: 0, active: 1, type: , apn: pta, address: 10.8.248.107 }
V/DATA    (  589): [DCT(0) ] ---dc list---
V/DATA    (  589): [DCT(0) ] cid = 0, state = DcActiveState, bearerType = IP, ipaddress = 10.8.248.107, gw=10.8.248.105, dns=[172.26.38.1, 172.26.38.2]
D/DATA    (  589): [DSST(0)] Poll ServiceState done: oldSS=[0 home null null null  HSPA CSS not supported -1 -1RoamInd: -1DefRoamInd: -1EmergOnly: false] newSS=[0 home null null null  HSPA CSS not supported -1 -1RoamInd: -1DefRoamInd: -1EmergOnly: false]
D/dalvikvm(  589): GC_CONCURRENT freed 395K, 37% free 4422K/6983K, external 0K/1280K, paused 6ms+2ms
D/DATA    (  589): [DSST(0)] pollstate() : reason = data network state changed
D/DATA    (  589): [DSST(0)] Poll ServiceState done: oldSS=[0 home null null null  HSPA CSS not supported -1 -1RoamInd: -1DefRoamInd: -1EmergOnly: false] newSS=[0 home null null null  HSPA CSS not supported -1 -1RoamInd: -1DefRoamInd: -1EmergOnly: false]
V/AlarmManager(  445): Adding alarm Alarm{4099aec8 type 2 com.google.android.location} at 1
V/AlarmManager(  445): Adding alarm Alarm{40a22200 type 2 com.google.android.apps.maps} at 5
D/BatteryService(  445): update start
D/BatteryService(  445): updateBattery level:5 scale:100 status:2 health:2 present:true voltage: 3618 temperature: 366 technology: Li-ion AC powered:false USB powered:true icon:17302237
D/UiModeManager(  445): updateConfigurationLocked: mDockState=0; mCarMode=false; mNightMode=0; uiMode=17
D/DATA    (  589): [DSST(0)] pollstate() : reason = data network state changed
D/DATA    (  589): [DSST(0)] Poll ServiceState done: oldSS=[0 home null null null  HSPA CSS not supported -1 -1RoamInd: -1DefRoamInd: -1EmergOnly: false] newSS=[0 home null null null  HSPA CSS not supported -1 -1RoamInd: -1DefRoamInd: -1EmergOnly: false]
V/AlarmManager(  445): Adding alarm Alarm{40aba070 type 1 android} at 0
D/DATA    (  589): [DSST(0)] pollstate() : reason = data network state changed
D/DATA    (  589): [DSST(0)] pollstate() : reason = data network state changed
V/AlarmManager(  445): Adding alarm Alarm{40aa58f8 type 0 com.google.android.gsf} at 0
D/DATA    (  589): [DSST(0)] pollstate() : reason = data network state changed
D/PopupuiReceiver(28725): Intent popup :android.intent.action.NITZ_SET_TIME
D/zeroshuttle(28725): PopupuiReceiver.java: ACTION_NITZ_SET_TIME+ 
D/zeroshuttle(28725): PopupuiReceiver.java: QUIT_NITZ_ACTION- 
D/AlarmManagerService(  445): Kernel timezone updated to 240 minutes west of GMT
D/PopupuiReceiver(28725): Intent popup :android.intent.action.NETWORK_SET_TIMEZONE
D/zeroshuttle(28725): PopupuiReceiver.java : get the NETWORK_SET_TIME into the 'gsm.operator.numeric' + 
D/zeroshuttle(28725): PopupuiReceiver.java : Read system property not null ++ : 310
D/zeroshuttle(28725): PopupuiReceiver.java : SAME to -111 mccstrcmp
D/SystemClock(  589): Setting time of day to sec=1333616372
D/SystemClock(  589): Trying to open a file
E/AlarmManagerService(  445): android_server_AlarmManagerService_set to type=1, 1333616400.000000000
I/DrmEventService(  445): userUpdatedTimeReceiver intent is recievedandroid.intent.action.TIME_SET
I/DrmEventService(  445): autoEnable = 1
I/DrmEventService(  445): timeFormat before setting = 12
I/DrmEventService(  445): nowTimeFormat before setting = 12
I/DrmEventService(  445): timeFormat after setting = 12
I/DrmEventService(  445): nowTimeFormat after setting = 12
I/DrmEventService(  445): userUpdatedTimeReceiver time format is not changed check if it is NITZ Update
I/DrmEventService(  445): This is a NITZ update.So no need to update delta
I/DrmEventService(  445): nitZReceiver intent is recievedandroid.intent.action.NETWORK_SET_TIME
I/DrmEventService(  445): handleNitztimeUpdation
I/DrmEventService(  445): date is :: year2012month4day5hour8minute59second32
I/DrmEventService(  445): calling handleDbOperation : TIME_CLOCK_UPDATE 
I/DrmEventService(  445): handleDbOperation case 6
I/DrmEventService(  445): handleDbOperation processDrmRequest 
I/DrmManagerClientImpl(Native)(  445): DrmManagerClientImpl::processDrmRequest::calling managerservice
I/DrmManager(Native)(  324): DrmManager::processDrmRequest  eneterd
I/DrmManager(Native)(  324): DrmManager::processDrmRequest calling IDrmEngine
D/CalendarAppWidgetProviderAgenda(28743): timeUpdated : 
D/DATA    (  589): [DSST(0)] pollstate() : reason = data network state changed
E/AlarmManagerService(  445): android_server_AlarmManagerService_set to type=0, 1333616848.407000000
D/AlarmReceiver(10448): onReceive() : Intent { act=android.intent.action.TIME_SET flg=0x20000000 cmp=com.sec.android.app.clockpackage/.alarm.AlarmReceiver }
D/AlarmReceiver(10448): updateAlarmAsNewTime queried 0 items
D/AlarmReceiver(10448): ACTION_TIME_CHANGED:: updateAlarmAsNewTime returns 0
D/AlarmProvider(10448): enableNextAlert next alarm : null
D/TAG     (10448): mPendingIntent == null am.cancel
E/com.samsung.app( 7061): [MSC_Accu]>>> WeatherService.java:55 [0:0] action : android.intent.action.TIME_SET
E/com.samsung.app(28775): [MSC_Accu]>>> AccuWeatherDaemonService.java:51 [0:0] Act
E/com.samsung.app(28775): [MSC_Accu]>>> AccuWeatherDaemonService.java:56 [0:0] Act : android.intent.action.TIME_SET
D/SystemClock(  589): File Open Failed
E/com.samsung.app(28775): [MSC_Accu]>>> AccuWeatherDaemonService.java:70 [0:0] SerStus:1,ASerStus:0,Tmp:0,AtRfr:0
E/com.samsung.app( 7061): [MSC_Accu]>>> WeatherWidgetProvider.java:354 [0:0] onReceive@ com.sec.android.widgetapp.weatherclock.action.APPWIDGET_UPDATE
E/com.samsung.app( 7061): [MSC_Accu]>>> WidgetIdManager.java:53 [0:0] AccuWeatherClockWidgetID_Length
E/com.samsung.app( 7061): [MSC_Accu]>>> WidgetIdManager.java:54 [0:0] getPrefIDs@lngth:1
E/com.samsung.app( 7061): [MSC_Accu]>>> WidgetIdManager.java:60 [0:0] getPrefIDs@Ids1:4
E/com.samsung.app( 7061): [MSC_Accu]>>> WeatherWidgetProvider.java:347 [0:0] refreshhandler is null!!
E/com.samsung.app( 7061): [MSC_Accu]>>> WeatherWidgetProvider.java:469 [0:0] onReceive : com.sec.android.widgetapp.weatherclock.action.APPWIDGET_UPDATE :: 4
I/DrmEventService(  445): processDrmRequest status issuccess
I/DrmEventService(  445): handleDbOperation : TIME_CLOCK_UPDATE  secure clock  ret is  0
I/DrmEventService(  445): calling handleDbOperation : TIME_CLOCK_UPDATE 
I/DrmEventService(  445): handleDbOperation case 6
I/DrmEventService(  445): handleDbOperation processDrmRequest 
I/DrmManagerClientImpl(Native)(  445): DrmManagerClientImpl::processDrmRequest::calling managerservice
I/DrmManager(Native)(  324): DrmManager::processDrmRequest  eneterd
I/DrmManager(Native)(  324): DrmManager::processDrmRequest calling IDrmEngine
I/DrmEventService(  445): processDrmRequest status issuccess
I/DrmEventService(  445): handleDbOperation : TIME_CLOCK_UPDATE  secure clock for PR  ret is 0
D/DATA    (  589): [DSST(0)] pollstate() : reason = data network state changed
E/com.samsung.app( 7061): [MSC_Accu]>>> WeatherWidgetProvider.java:1853 [0:0] cityId:348735 GMT-5
E/com.samsung.app( 7061): [MSC_Accu]>>> WeatherWidgetProvider.java:1418 [0:0] WthrDt:4 2130903110 false
V/AlarmManager(  445): Adding alarm Alarm{40d4fd80 type 0 com.google.android.gsf} at 2
E/com.samsung.app( 7061): [MSC_Accu]>>> WeatherWidgetProvider.java:1430 [0:0] mWthrCnt:1
D/DATA    (  589): [DSST(0)] Poll ServiceState done: oldSS=[0 home null null null  HSPA CSS not supported -1 -1RoamInd: -1DefRoamInd: -1EmergOnly: false] newSS=[0 home null null null  UMTS CSS not supported -1 -1RoamInd: -1DefRoamInd: -1EmergOnly: false]
I/TelephonyRegistry(  445): notifyServiceState: 0 home AT&T AT&T 310410  UMTS CSS not supported -1 -1RoamInd: -1DefRoamInd: -1EmergOnly: false
I/GlobalActions(  445): inAirplaneModefalse mAirplaneStateOff serviceState.getState()0
W/EDM     (  445):  >>> CallingPolicyService.mPhoneListener.new PhoneStateListener() {...}.onServiceStateChanged()
W/EDM     (  445): >>> CallingPolicyService.loadSettings()
W/EDM     (  445): >>> CallingPolicyService.getAdminIdByLastChange()
W/EDM     (  445): >>> CallingPolicyService.getLastChangeId()
E/com.samsung.app( 7061): [MSC_Accu]>>> WeatherWidgetProvider.java:2075 [0:0] mainLayoutId:6
W/EDM     (  445): CallingPolicyService.getAdminIdByLastChange() adminId : -1
D/FlightSettingButton(  559): EVENT_SERVICE_STATE_CHANGED received
E/FlightSettingButton(  559): updateStatus : 0
D/DATA    (  589): mMasterDataEnabled=true,isUsePacketData=true
D/DATA    (  589): mMasterDataEnabled=true,isUsePacketData=true
I/SML     (25736): V1.1112.5.1 [smlPhoneStatus.java Line:70] [onServiceStateChanged] onServiceStateChanged nNetwork =3
D/DATA    (  589):  notifyDataConnection Pass INET6 >>> Fix me later please!!
D/DATA    (  589): mMasterDataEnabled=true,isUsePacketData=true
V/AlarmManager(  445): Adding alarm Alarm{40b943b0 type 2 com.google.android.location} at 1
I/TelephonyRegistry(  445): notifyDataConnection: anyState=2,default/INET,apnTypeState=2,iface=rmnet_sdio0,ip=10.8.248.107,gw=10.8.248.105,isDataConnectivityPossible=true,networkType=3,reason=radioTechnologyChanged
D/DATA    (  589):  notifyDataConnection Pass INET6 >>> Fix me later please!!
D/DATA    (  589): mMasterDataEnabled=true,isUsePacketData=true
D/DATA    (  589):  notifyDataConnection Pass INET6 >>> Fix me later please!!
I/TelephonyRegistry(  445): notifyDataConnection: anyState=2,mms/INET,apnTypeState=2,iface=rmnet_sdio0,ip=10.8.248.107,gw=10.8.248.105,isDataConnectivityPossible=true,networkType=3,reason=radioTechnologyChanged
I/TelephonyRegistry(  445): notifyDataConnection: anyState=2,supl/INET,apnTypeState=2,iface=rmnet_sdio0,ip=10.8.248.107,gw=10.8.248.105,isDataConnectivityPossible=true,networkType=3,reason=radioTechnologyChanged
D/DATA    (  589): mMasterDataEnabled=true,isUsePacketData=true
D/DATA    (  589):  notifyDataConnection Pass INET6 >>> Fix me later please!!
D/DATA    (  589): mMasterDataEnabled=true,isUsePacketData=true
I/SML     (25736): V1.1112.5.1 [smlPhoneStatus.java Line:71] [onServiceStateChanged] onServiceStateChanged bRoming =false
D/DATA    (  589):  notifyDataConnection Pass INET6 >>> Fix me later please!!
V/DATA    (  589): [DCT(0) ] onUpdateDataConnections: reason=radioTechnologyChanged
V/DATA    (  589): [DCT(0) ] ---dc list---
V/DATA    (  589): [DCT(0) ] cid = 0, state = DcActiveState, bearerType = IP, ipaddress = 10.8.248.107, gw=10.8.248.105, dns=[172.26.38.1, 172.26.38.2]
V/DATA    (  589): [DCT(0) ] ---ds list---
V/DATA    (  589): [DCT(0) ] ds= SERVICE_TYPE_DEFAULT, enabled = true, active = v4:CONNECTED(0) v6:IDLE
V/DATA    (  589): [DCT(0) ] ds= SERVICE_TYPE_MMS, enabled = false, active = v4:CONNECTED(0) v6:IDLE
V/DATA    (  589): [DCT(0) ] ds= SERVICE_TYPE_SUPL, enabled = false, active = v4:CONNECTED(0) v6:IDLE
V/DATA    (  589): [DCT(0) ] ds= SERVICE_TYPE_DUN, enabled = false, active = v4:IDLE v6:IDLE
V/DATA    (  589): [DCT(0) ] ds= SERVICE_TYPE_HIPRI, enabled = false, active = v4:CONNECTED(0) v6:IDLE
D/DATA    (  589): mMasterDataEnabled=true,isUsePacketData=true
I/TelephonyRegistry(  445): notifyDataConnection: anyState=2,dun/INET,apnTypeState=0,iface=null,ip=null,gw=null,isDataConnectivityPossible=true,networkType=3,reason=radioTechnologyChanged
I/TelephonyRegistry(  445): notifyDataConnection: anyState=2,hipri/INET,apnTypeState=2,iface=rmnet_sdio0,ip=10.8.248.107,gw=10.8.248.105,isDataConnectivityPossible=true,networkType=3,reason=radioTechnologyChanged
I/DATA    (  589): [DCT(0) ] Ready for data : 
I/DATA    (  589): [DCT(0) ]    getDesiredPowerState() = true
I/DATA    (  589): [DCT(0) ]    mCm.getRadioState() = RADIO_ON
I/DATA    (  589): [DCT(0) ]    [DataRadioTech = RADIO_TECH_UMTS, data network state = 0, mMasterDataEnabled = true, is Roaming = false, dataOnRoamingEnable = false, isPsRestricted = false, desiredPowerState  = true, mSIMRecords = true/310410, cdmaSubSource = 1/, mRuimRecords = , checks = true/true]
V/DATA    (  589): [DCT(0) ] trySetupDataCall : ds=SERVICE_TYPE_DEFAULT, ipv=INET6, reason=radioTechnologyChanged
W/DATA    (  589): [DCT(0) ] no working data profile available to establish service type SERVICE_TYPE_DEFAULTon INET6
D/DATA    (  589):  notifyDataConnection Pass INET6 >>> Fix me later please!!
V/AlarmManager(  445): Adding alarm Alarm{409b2f48 type 2 com.google.android.location} at 1
V/AlarmManager(  445): Adding alarm Alarm{409b35b0 type 2 com.google.android.apps.maps} at 5
E/com.samsung.app( 7061): [MSC_Accu]>>> WeatherWidgetProvider.java:1536 [0:0] WthrTdyIcnImg:0
V/AlarmManager(  445): Adding alarm Alarm{40a74fb0 type 2 com.google.android.apps.maps} at 5
E/com.samsung.app( 7061): [MSC_Accu]>>> WeatherWidgetProvider.java:1657 [0:0] ApWdgId:4
D/MobileDataStateTracker(  445): replacing old mInterfaceName (rmnet_sdio0) with rmnet_sdio0 for hipri
D/MobileDataStateTracker(  445): default Received state= CONNECTED, old= CONNECTED, reason= radioTechnologyChanged, apnTypeList= default
V/DATA    (  589): [DCT(0) ] intent received :android.intent.action.ANY_DATA_STATE
D/DATA    (  589): NETWORK_STATE_CHANGED_ACTION : data_call = 49
D/PhoneApp(  589): CONNECTED - hideDataDisconnectedRoaming()
D/MobileDataStateTracker(  445): replacing old mInterfaceName (rmnet_sdio0) with rmnet_sdio0 for mms
V/DATA    (  589): [DCT(0) ] intent received :android.intent.action.ANY_DATA_STATE
D/DATA    (  589): NETWORK_STATE_CHANGED_ACTION : data_call = 49
D/PhoneApp(  589): CONNECTED - hideDataDisconnectedRoaming()
D/MobileDataStateTracker(  445): replacing old mInterfaceName (rmnet_sdio0) with rmnet_sdio0 for supl
V/DATA    (  589): [DCT(0) ] intent received :android.intent.action.ANY_DATA_STATE
D/DATA    (  589): NETWORK_STATE_CHANGED_ACTION : data_call = 49
D/PhoneApp(  589): CONNECTED - hideDataDisconnectedRoaming()
V/DATA    (  589): [DCT(0) ] intent received :android.intent.action.ANY_DATA_STATE
D/DATA    (  589): NETWORK_STATE_CHANGED_ACTION : data_call = 49
V/DATA    (  589): [DCT(0) ] intent received :android.intent.action.ANY_DATA_STATE
D/DATA    (  589): NETWORK_STATE_CHANGED_ACTION : data_call = 49
D/PhoneApp(  589): CONNECTED - hideDataDisconnectedRoaming()
D/DATA    (  589): [DSST(0)] pollstate() : reason = data network state changed
D/DATA    (  589): [DSST(0)] Poll ServiceState done: oldSS=[0 home null null null  UMTS CSS not supported -1 -1RoamInd: -1DefRoamInd: -1EmergOnly: false] newSS=[0 home null null null  HSPA CSS not supported -1 -1RoamInd: -1DefRoamInd: -1EmergOnly: false]
I/GlobalActions(  445): inAirplaneModefalse mAirplaneStateOff serviceState.getState()0
W/EDM     (  445):  >>> CallingPolicyService.mPhoneListener.new PhoneStateListener() {...}.onServiceStateChanged()
W/EDM     (  445): >>> CallingPolicyService.loadSettings()
W/EDM     (  445): >>> CallingPolicyService.getAdminIdByLastChange()
W/EDM     (  445): >>> CallingPolicyService.getLastChangeId()
W/EDM     (  445): CallingPolicyService.getAdminIdByLastChange() adminId : -1
I/TelephonyRegistry(  445): notifyServiceState: 0 home AT&T AT&T 310410  HSPA CSS not supported -1 -1RoamInd: -1DefRoamInd: -1EmergOnly: false
D/FlightSettingButton(  559): EVENT_SERVICE_STATE_CHANGED received
E/FlightSettingButton(  559): updateStatus : 0
D/DATA    (  589): mMasterDataEnabled=true,isUsePacketData=true
I/SML     (25736): V1.1112.5.1 [smlPhoneStatus.java Line:70] [onServiceStateChanged] onServiceStateChanged nNetwork =10
D/DATA    (  589): mMasterDataEnabled=true,isUsePacketData=true
D/DATA    (  589):  notifyDataConnection Pass INET6 >>> Fix me later please!!
D/DATA    (  589): mMasterDataEnabled=true,isUsePacketData=true
D/MobileDataStateTracker(  445): replacing old mInterfaceName (rmnet_sdio0) with rmnet_sdio0 for hipri
I/TelephonyRegistry(  445): notifyDataConnection: anyState=2,default/INET,apnTypeState=2,iface=rmnet_sdio0,ip=10.8.248.107,gw=10.8.248.105,isDataConnectivityPossible=true,networkType=10,reason=radioTechnologyChanged
I/TelephonyRegistry(  445): notifyDataConnection: anyState=2,mms/INET,apnTypeState=2,iface=rmnet_sdio0,ip=10.8.248.107,gw=10.8.248.105,isDataConnectivityPossible=true,networkType=10,reason=radioTechnologyChanged
D/DATA    (  589):  notifyDataConnection Pass INET6 >>> Fix me later please!!
D/DATA    (  589): mMasterDataEnabled=true,isUsePacketData=true
I/SML     (25736): V1.1112.5.1 [smlPhoneStatus.java Line:71] [onServiceStateChanged] onServiceStateChanged bRoming =false
D/DATA    (  589):  notifyDataConnection Pass INET6 >>> Fix me later please!!
D/DATA    (  589): mMasterDataEnabled=true,isUsePacketData=true
D/DATA    (  589):  notifyDataConnection Pass INET6 >>> Fix me later please!!
I/TelephonyRegistry(  445): notifyDataConnection: anyState=2,supl/INET,apnTypeState=2,iface=rmnet_sdio0,ip=10.8.248.107,gw=10.8.248.105,isDataConnectivityPossible=true,networkType=10,reason=radioTechnologyChanged
I/TelephonyRegistry(  445): notifyDataConnection: anyState=2,dun/INET,apnTypeState=0,iface=null,ip=null,gw=null,isDataConnectivityPossible=true,networkType=10,reason=radioTechnologyChanged
D/DATA    (  589): mMasterDataEnabled=true,isUsePacketData=true
D/DATA    (  589):  notifyDataConnection Pass INET6 >>> Fix me later please!!
V/DATA    (  589): [DCT(0) ] onUpdateDataConnections: reason=radioTechnologyChanged
V/DATA    (  589): [DCT(0) ] ---dc list---
V/DATA    (  589): [DCT(0) ] cid = 0, state = DcActiveState, bearerType = IP, ipaddress = 10.8.248.107, gw=10.8.248.105, dns=[172.26.38.1, 172.26.38.2]
V/DATA    (  589): [DCT(0) ] ---ds list---
V/DATA    (  589): [DCT(0) ] ds= SERVICE_TYPE_DEFAULT, enabled = true, active = v4:CONNECTED(0) v6:IDLE
V/DATA    (  589): [DCT(0) ] ds= SERVICE_TYPE_MMS, enabled = false, active = v4:CONNECTED(0) v6:IDLE
V/DATA    (  589): [DCT(0) ] ds= SERVICE_TYPE_SUPL, enabled = false, active = v4:CONNECTED(0) v6:IDLE
V/DATA    (  589): [DCT(0) ] ds= SERVICE_TYPE_DUN, enabled = false, active = v4:IDLE v6:IDLE
I/TelephonyRegistry(  445): notifyDataConnection: anyState=2,hipri/INET,apnTypeState=2,iface=rmnet_sdio0,ip=10.8.248.107,gw=10.8.248.105,isDataConnectivityPossible=true,networkType=10,reason=radioTechnologyChanged
V/DATA    (  589): [DCT(0) ] ds= SERVICE_TYPE_HIPRI, enabled = false, active = v4:CONNECTED(0) v6:IDLE
D/DATA    (  589): mMasterDataEnabled=true,isUsePacketData=true
I/DATA    (  589): [DCT(0) ] Ready for data : 
I/DATA    (  589): [DCT(0) ]    getDesiredPowerState() = true
I/DATA    (  589): [DCT(0) ]    mCm.getRadioState() = RADIO_ON
I/DATA    (  589): [DCT(0) ]    [DataRadioTech = RADIO_TECH_HSPA, data network state = 0, mMasterDataEnabled = true, is Roaming = false, dataOnRoamingEnable = false, isPsRestricted = false, desiredPowerState  = true, mSIMRecords = true/310410, cdmaSubSource = 1/, mRuimRecords = , checks = true/true]
V/DATA    (  589): [DCT(0) ] trySetupDataCall : ds=SERVICE_TYPE_DEFAULT, ipv=INET6, reason=radioTechnologyChanged
W/DATA    (  589): [DCT(0) ] no working data profile available to establish service type SERVICE_TYPE_DEFAULTon INET6
D/DATA    (  589):  notifyDataConnection Pass INET6 >>> Fix me later please!!
D/MobileDataStateTracker(  445): default Received state= CONNECTED, old= CONNECTED, reason= radioTechnologyChanged, apnTypeList= default
V/AlarmManager(  445): Adding alarm Alarm{40cf8df8 type 2 com.google.android.location} at 1
V/AlarmManager(  445): Adding alarm Alarm{40cf9290 type 2 com.google.android.apps.maps} at 5
V/DATA    (  589): [DCT(0) ] intent received :android.intent.action.ANY_DATA_STATE
D/DATA    (  589): NETWORK_STATE_CHANGED_ACTION : data_call = 49
D/PhoneApp(  589): CONNECTED - hideDataDisconnectedRoaming()
D/MobileDataStateTracker(  445): replacing old mInterfaceName (rmnet_sdio0) with rmnet_sdio0 for mms
V/DATA    (  589): [DCT(0) ] intent received :android.intent.action.ANY_DATA_STATE
D/DATA    (  589): NETWORK_STATE_CHANGED_ACTION : data_call = 49
D/PhoneApp(  589): CONNECTED - hideDataDisconnectedRoaming()
D/MobileDataStateTracker(  445): replacing old mInterfaceName (rmnet_sdio0) with rmnet_sdio0 for supl
V/DATA    (  589): [DCT(0) ] intent received :android.intent.action.ANY_DATA_STATE
D/DATA    (  589): NETWORK_STATE_CHANGED_ACTION : data_call = 49
D/PhoneApp(  589): CONNECTED - hideDataDisconnectedRoaming()
V/DATA    (  589): [DCT(0) ] intent received :android.intent.action.ANY_DATA_STATE
D/DATA    (  589): NETWORK_STATE_CHANGED_ACTION : data_call = 49
I/NetworkThread(29042): 1333616372975: Received UDP payload: 406
I/VCoreDaemon(29042): 1333616372985: heard LEADER_REQUEST from node 5001, responding LEADER_REPLY
D/dalvikvm(  445): GC_CONCURRENT freed 1922K, 38% free 8714K/13895K, external 22699K/26254K, paused 4ms+10ms
V/DATA    (  589): [DCT(0) ] intent received :android.intent.action.ANY_DATA_STATE
D/DATA    (  589): NETWORK_STATE_CHANGED_ACTION : data_call = 49
D/PhoneApp(  589): CONNECTED - hideDataDisconnectedRoaming()
I/VCoreDaemon(29042): 1333616373153: inside sendPacket(Packet p)
I/NetworkThread(29042): 1333616373156: Sending UDP payload: 28715
D/dalvikvm(29042): GC_CONCURRENT freed 493K, 42% free 3880K/6599K, external 1352K/2593K, paused 4ms+3ms
I/NetworkThread(29042): 1333616373285: Received UDP payload: 406
I/VCoreDaemon(29042): 1333616373290: heard LEADER_REQUEST from node 5001, responding LEADER_REPLY
I/VCoreDaemon(29042): 1333616373423: inside sendPacket(Packet p)
I/NetworkThread(29042): 1333616373430: Sending UDP payload: 28715
I/VCoreDaemon(29042): 1333616374532: inside sendPacket(Packet p)
I/NetworkThread(29042): 1333616374537: Sending UDP payload: 406
D/AlarmReceiver(10448): mHandler.postDelayed(new Runnable() {
W/ActivityManager(  445): Activity destroy timeout for HistoryRecord{408f7458 edu.mit.csail.diplomamatrix/.StatusActivity}
V/AlarmManager(  445): Adding alarm Alarm{40a100f0 type 0 com.android.providers.calendar} at 1
D/dalvikvm(21950): GC_EXPLICIT freed 12K, 42% free 3140K/5379K, external 0K/0K, paused 67ms
I/VCoreDaemon(29042): 1333616382795: leader to cloud hearbeat...
D/DATA    (  589): [DSST(0)] pollstate() : reason = data network state changed
D/DATA    (  589): [DSST(0)] Poll ServiceState done: oldSS=[0 home null null null  HSPA CSS not supported -1 -1RoamInd: -1DefRoamInd: -1EmergOnly: false] newSS=[0 home null null null  UMTS CSS not supported -1 -1RoamInd: -1DefRoamInd: -1EmergOnly: false]
I/TelephonyRegistry(  445): notifyServiceState: 0 home AT&T AT&T 310410  UMTS CSS not supported -1 -1RoamInd: -1DefRoamInd: -1EmergOnly: false
I/GlobalActions(  445): inAirplaneModefalse mAirplaneStateOff serviceState.getState()0
W/EDM     (  445):  >>> CallingPolicyService.mPhoneListener.new PhoneStateListener() {...}.onServiceStateChanged()
W/EDM     (  445): >>> CallingPolicyService.loadSettings()
W/EDM     (  445): >>> CallingPolicyService.getAdminIdByLastChange()
W/EDM     (  445): >>> CallingPolicyService.getLastChangeId()
W/EDM     (  445): CallingPolicyService.getAdminIdByLastChange() adminId : -1
D/DATA    (  589): mMasterDataEnabled=true,isUsePacketData=true
D/FlightSettingButton(  559): EVENT_SERVICE_STATE_CHANGED received
E/FlightSettingButton(  559): updateStatus : 0
D/DATA    (  589): mMasterDataEnabled=true,isUsePacketData=true
I/TelephonyRegistry(  445): notifyDataConnection: anyState=2,default/INET,apnTypeState=2,iface=rmnet_sdio0,ip=10.8.248.107,gw=10.8.248.105,isDataConnectivityPossible=true,networkType=3,reason=radioTechnologyChanged
D/DATA    (  589):  notifyDataConnection Pass INET6 >>> Fix me later please!!
D/DATA    (  589): mMasterDataEnabled=true,isUsePacketData=true
D/DATA    (  589):  notifyDataConnection Pass INET6 >>> Fix me later please!!
D/DATA    (  589): mMasterDataEnabled=true,isUsePacketData=true
D/DATA    (  589):  notifyDataConnection Pass INET6 >>> Fix me later please!!
D/DATA    (  589): mMasterDataEnabled=true,isUsePacketData=true
I/TelephonyRegistry(  445): notifyDataConnection: anyState=2,mms/INET,apnTypeState=2,iface=rmnet_sdio0,ip=10.8.248.107,gw=10.8.248.105,isDataConnectivityPossible=true,networkType=3,reason=radioTechnologyChanged
I/TelephonyRegistry(  445): notifyDataConnection: anyState=2,supl/INET,apnTypeState=2,iface=rmnet_sdio0,ip=10.8.248.107,gw=10.8.248.105,isDataConnectivityPossible=true,networkType=3,reason=radioTechnologyChanged
I/SML     (25736): V1.1112.5.1 [smlPhoneStatus.java Line:70] [onServiceStateChanged] onServiceStateChanged nNetwork =3
D/DATA    (  589):  notifyDataConnection Pass INET6 >>> Fix me later please!!
I/SML     (25736): V1.1112.5.1 [smlPhoneStatus.java Line:71] [onServiceStateChanged] onServiceStateChanged bRoming =false
D/DATA    (  589): mMasterDataEnabled=true,isUsePacketData=true
D/MobileDataStateTracker(  445): replacing old mInterfaceName (rmnet_sdio0) with rmnet_sdio0 for hipri
I/TelephonyRegistry(  445): notifyDataConnection: anyState=2,dun/INET,apnTypeState=0,iface=null,ip=null,gw=null,isDataConnectivityPossible=true,networkType=3,reason=radioTechnologyChanged
D/DATA    (  589):  notifyDataConnection Pass INET6 >>> Fix me later please!!
I/TelephonyRegistry(  445): notifyDataConnection: anyState=2,hipri/INET,apnTypeState=2,iface=rmnet_sdio0,ip=10.8.248.107,gw=10.8.248.105,isDataConnectivityPossible=true,networkType=3,reason=radioTechnologyChanged
V/DATA    (  589): [DCT(0) ] onUpdateDataConnections: reason=radioTechnologyChanged
V/DATA    (  589): [DCT(0) ] ---dc list---
V/DATA    (  589): [DCT(0) ] cid = 0, state = DcActiveState, bearerType = IP, ipaddress = 10.8.248.107, gw=10.8.248.105, dns=[172.26.38.1, 172.26.38.2]
V/DATA    (  589): [DCT(0) ] ---ds list---
V/DATA    (  589): [DCT(0) ] ds= SERVICE_TYPE_DEFAULT, enabled = true, active = v4:CONNECTED(0) v6:IDLE
V/DATA    (  589): [DCT(0) ] ds= SERVICE_TYPE_MMS, enabled = false, active = v4:CONNECTED(0) v6:IDLE
V/DATA    (  589): [DCT(0) ] ds= SERVICE_TYPE_SUPL, enabled = false, active = v4:CONNECTED(0) v6:IDLE
V/DATA    (  589): [DCT(0) ] ds= SERVICE_TYPE_DUN, enabled = false, active = v4:IDLE v6:IDLE
V/DATA    (  589): [DCT(0) ] ds= SERVICE_TYPE_HIPRI, enabled = false, active = v4:CONNECTED(0) v6:IDLE
D/DATA    (  589): mMasterDataEnabled=true,isUsePacketData=true
I/DATA    (  589): [DCT(0) ] Ready for data : 
I/DATA    (  589): [DCT(0) ]    getDesiredPowerState() = true
I/DATA    (  589): [DCT(0) ]    mCm.getRadioState() = RADIO_ON
I/DATA    (  589): [DCT(0) ]    [DataRadioTech = RADIO_TECH_UMTS, data network state = 0, mMasterDataEnabled = true, is Roaming = false, dataOnRoamingEnable = false, isPsRestricted = false, desiredPowerState  = true, mSIMRecords = true/310410, cdmaSubSource = 1/, mRuimRecords = , checks = true/true]
V/DATA    (  589): [DCT(0) ] trySetupDataCall : ds=SERVICE_TYPE_DEFAULT, ipv=INET6, reason=radioTechnologyChanged
W/DATA    (  589): [DCT(0) ] no working data profile available to establish service type SERVICE_TYPE_DEFAULTon INET6
D/DATA    (  589):  notifyDataConnection Pass INET6 >>> Fix me later please!!
V/AlarmManager(  445): Adding alarm Alarm{40ad46d8 type 2 com.google.android.location} at 1
D/MobileDataStateTracker(  445): default Received state= CONNECTED, old= CONNECTED, reason= radioTechnologyChanged, apnTypeList= default
V/DATA    (  589): [DCT(0) ] intent received :android.intent.action.ANY_DATA_STATE
D/DATA    (  589): NETWORK_STATE_CHANGED_ACTION : data_call = 49
D/PhoneApp(  589): CONNECTED - hideDataDisconnectedRoaming()
V/AlarmManager(  445): Adding alarm Alarm{40ad5248 type 2 com.google.android.apps.maps} at 5
D/MobileDataStateTracker(  445): replacing old mInterfaceName (rmnet_sdio0) with rmnet_sdio0 for mms
V/DATA    (  589): [DCT(0) ] intent received :android.intent.action.ANY_DATA_STATE
D/DATA    (  589): NETWORK_STATE_CHANGED_ACTION : data_call = 49
D/PhoneApp(  589): CONNECTED - hideDataDisconnectedRoaming()
D/MobileDataStateTracker(  445): replacing old mInterfaceName (rmnet_sdio0) with rmnet_sdio0 for supl
V/DATA    (  589): [DCT(0) ] intent received :android.intent.action.ANY_DATA_STATE
D/DATA    (  589): NETWORK_STATE_CHANGED_ACTION : data_call = 49
D/PhoneApp(  589): CONNECTED - hideDataDisconnectedRoaming()
V/DATA    (  589): [DCT(0) ] intent received :android.intent.action.ANY_DATA_STATE
D/DATA    (  589): NETWORK_STATE_CHANGED_ACTION : data_call = 49
V/DATA    (  589): [DCT(0) ] intent received :android.intent.action.ANY_DATA_STATE
D/DATA    (  589): NETWORK_STATE_CHANGED_ACTION : data_call = 49
D/PhoneApp(  589): CONNECTED - hideDataDisconnectedRoaming()
D/DATA    (  589): [DSST(0)] pollstate() : reason = data network state changed
D/DATA    (  589): [DSST(0)] Poll ServiceState done: oldSS=[0 home null null null  UMTS CSS not supported -1 -1RoamInd: -1DefRoamInd: -1EmergOnly: false] newSS=[0 home null null null  UMTS CSS not supported -1 -1RoamInd: -1DefRoamInd: -1EmergOnly: false]
I/rmt_storage(  357): rmt_storage write event
I/rmt_storage(  357): rmt_storage events processing done
I/rmt_storage(  357): unblock rmt_storage client thread
I/rmt_storage(  357): rmt_storage fop(1): bytes transferred = 785920
I/rmt_storage(  357): rmt_storage fop(1): bytes transferred = 512
D/DATA    (  589): [DSST(0)] pollstate() : reason = data network state changed
V/DATA    (  589): [DCT(0) ] onDataCallListChanged:
V/DATA    (  589): [DCT(0) ] ---dc state list---
V/DATA    (  589): [DCT(0) ] DataCallState: { cid: 0, active: 2, type: , apn: pta, address: 10.8.248.107 }
V/DATA    (  589): [DCT(0) ] ---dc list---
V/DATA    (  589): [DCT(0) ] cid = 0, state = DcActiveState, bearerType = IP, ipaddress = 10.8.248.107, gw=10.8.248.105, dns=[172.26.38.1, 172.26.38.2]
D/DATA    (  589): [DSST(0)] Poll ServiceState done: oldSS=[0 home null null null  UMTS CSS not supported -1 -1RoamInd: -1DefRoamInd: -1EmergOnly: false] newSS=[0 home null null null  UMTS CSS not supported -1 -1RoamInd: -1DefRoamInd: -1EmergOnly: false]
D/dalvikvm(  589): GC_CONCURRENT freed 430K, 37% free 4422K/6983K, external 0K/1280K, paused 11ms+3ms
D/dalvikvm(29042): GC_FOR_MALLOC freed 608K, 43% free 3773K/6599K, external 1352K/2593K, paused 60ms
I/VNC:Cloud(29042): Request executed: http://hermes5.csail.mit.edu:8212/take/1/0/5012/1333616382796/
D/DATA    (  589): [DSST(0)] pollstate() : reason = data network state changed
D/DATA    (  589): [DSST(0)] Poll ServiceState done: oldSS=[0 home null null null  UMTS CSS not supported -1 -1RoamInd: -1DefRoamInd: -1EmergOnly: false] newSS=[0 home null null null  UMTS CSS not supported -1 -1RoamInd: -1DefRoamInd: -1EmergOnly: false]
D/dalvikvm(27025): GC_EXPLICIT freed 33K, 43% free 3151K/5447K, external 0K/0K, paused 61ms
D/DATA    (  589): [DSST(0)] pollstate() : reason = data network state changed
D/DATA    (  589): [DSST(0)] Poll ServiceState done: oldSS=[0 home null null null  UMTS CSS not supported -1 -1RoamInd: -1DefRoamInd: -1EmergOnly: false] newSS=[0 home null null null  HSPA CSS not supported -1 -1RoamInd: -1DefRoamInd: -1EmergOnly: false]
I/TelephonyRegistry(  445): notifyServiceState: 0 home AT&T AT&T 310410  HSPA CSS not supported -1 -1RoamInd: -1DefRoamInd: -1EmergOnly: false
I/GlobalActions(  445): inAirplaneModefalse mAirplaneStateOff serviceState.getState()0
W/EDM     (  445):  >>> CallingPolicyService.mPhoneListener.new PhoneStateListener() {...}.onServiceStateChanged()
W/EDM     (  445): >>> CallingPolicyService.loadSettings()
W/EDM     (  445): >>> CallingPolicyService.getAdminIdByLastChange()
W/EDM     (  445): >>> CallingPolicyService.getLastChangeId()
W/EDM     (  445): CallingPolicyService.getAdminIdByLastChange() adminId : -1
D/FlightSettingButton(  559): EVENT_SERVICE_STATE_CHANGED received
E/FlightSettingButton(  559): updateStatus : 0
D/DATA    (  589): mMasterDataEnabled=true,isUsePacketData=true
D/DATA    (  589): mMasterDataEnabled=true,isUsePacketData=true
I/TelephonyRegistry(  445): notifyDataConnection: anyState=2,default/INET,apnTypeState=2,iface=rmnet_sdio0,ip=10.8.248.107,gw=10.8.248.105,isDataConnectivityPossible=true,networkType=10,reason=radioTechnologyChanged
D/MobileDataStateTracker(  445): replacing old mInterfaceName (rmnet_sdio0) with rmnet_sdio0 for hipri
D/DATA    (  589):  notifyDataConnection Pass INET6 >>> Fix me later please!!
D/DATA    (  589): mMasterDataEnabled=true,isUsePacketData=true
I/TelephonyRegistry(  445): notifyDataConnection: anyState=2,mms/INET,apnTypeState=2,iface=rmnet_sdio0,ip=10.8.248.107,gw=10.8.248.105,isDataConnectivityPossible=true,networkType=10,reason=radioTechnologyChanged
D/DATA    (  589):  notifyDataConnection Pass INET6 >>> Fix me later please!!
D/DATA    (  589): mMasterDataEnabled=true,isUsePacketData=true
I/TelephonyRegistry(  445): notifyDataConnection: anyState=2,supl/INET,apnTypeState=2,iface=rmnet_sdio0,ip=10.8.248.107,gw=10.8.248.105,isDataConnectivityPossible=true,networkType=10,reason=radioTechnologyChanged
D/DATA    (  589):  notifyDataConnection Pass INET6 >>> Fix me later please!!
D/DATA    (  589): mMasterDataEnabled=true,isUsePacketData=true
D/DATA    (  589):  notifyDataConnection Pass INET6 >>> Fix me later please!!
D/DATA    (  589): mMasterDataEnabled=true,isUsePacketData=true
I/TelephonyRegistry(  445): notifyDataConnection: anyState=2,dun/INET,apnTypeState=0,iface=null,ip=null,gw=null,isDataConnectivityPossible=true,networkType=10,reason=radioTechnologyChanged
D/DATA    (  589):  notifyDataConnection Pass INET6 >>> Fix me later please!!
V/DATA    (  589): [DCT(0) ] onUpdateDataConnections: reason=radioTechnologyChanged
V/DATA    (  589): [DCT(0) ] ---dc list---
V/DATA    (  589): [DCT(0) ] cid = 0, state = DcActiveState, bearerType = IP, ipaddress = 10.8.248.107, gw=10.8.248.105, dns=[172.26.38.1, 172.26.38.2]
V/DATA    (  589): [DCT(0) ] ---ds list---
V/DATA    (  589): [DCT(0) ] ds= SERVICE_TYPE_DEFAULT, enabled = true, active = v4:CONNECTED(0) v6:IDLE
V/DATA    (  589): [DCT(0) ] ds= SERVICE_TYPE_MMS, enabled = false, active = v4:CONNECTED(0) v6:IDLE
V/DATA    (  589): [DCT(0) ] ds= SERVICE_TYPE_SUPL, enabled = false, active = v4:CONNECTED(0) v6:IDLE
V/DATA    (  589): [DCT(0) ] ds= SERVICE_TYPE_DUN, enabled = false, active = v4:IDLE v6:IDLE
V/DATA    (  589): [DCT(0) ] ds= SERVICE_TYPE_HIPRI, enabled = false, active = v4:CONNECTED(0) v6:IDLE
D/DATA    (  589): mMasterDataEnabled=true,isUsePacketData=true
I/DATA    (  589): [DCT(0) ] Ready for data : 
I/TelephonyRegistry(  445): notifyDataConnection: anyState=2,hipri/INET,apnTypeState=2,iface=rmnet_sdio0,ip=10.8.248.107,gw=10.8.248.105,isDataConnectivityPossible=true,networkType=10,reason=radioTechnologyChanged
D/MobileDataStateTracker(  445): default Received state= CONNECTED, old= CONNECTED, reason= radioTechnologyChanged, apnTypeList= default
I/DATA    (  589): [DCT(0) ]    getDesiredPowerState() = true
I/DATA    (  589): [DCT(0) ]    mCm.getRadioState() = RADIO_ON
I/DATA    (  589): [DCT(0) ]    [DataRadioTech = RADIO_TECH_HSPA, data network state = 0, mMasterDataEnabled = true, is Roaming = false, dataOnRoamingEnable = false, isPsRestricted = false, desiredPowerState  = true, mSIMRecords = true/310410, cdmaSubSource = 1/, mRuimRecords = , checks = true/true]
V/DATA    (  589): [DCT(0) ] trySetupDataCall : ds=SERVICE_TYPE_DEFAULT, ipv=INET6, reason=radioTechnologyChanged
W/DATA    (  589): [DCT(0) ] no working data profile available to establish service type SERVICE_TYPE_DEFAULTon INET6
D/DATA    (  589):  notifyDataConnection Pass INET6 >>> Fix me later please!!
V/DATA    (  589): [DCT(0) ] onDataCallListChanged:
V/DATA    (  589): [DCT(0) ] ---dc state list---
V/DATA    (  589): [DCT(0) ] DataCallState: { cid: 0, active: 2, type: , apn: pta, address: 10.8.248.107 }
V/DATA    (  589): [DCT(0) ] ---dc list---
V/DATA    (  589): [DCT(0) ] cid = 0, state = DcActiveState, bearerType = IP, ipaddress = 10.8.248.107, gw=10.8.248.105, dns=[172.26.38.1, 172.26.38.2]
V/DATA    (  589): [DCT(0) ] intent received :android.intent.action.ANY_DATA_STATE
D/DATA    (  589): NETWORK_STATE_CHANGED_ACTION : data_call = 49
D/PhoneApp(  589): CONNECTED - hideDataDisconnectedRoaming()
V/AlarmManager(  445): Adding alarm Alarm{40d27408 type 2 com.google.android.location} at 1
D/MobileDataStateTracker(  445): replacing old mInterfaceName (rmnet_sdio0) with rmnet_sdio0 for mms
V/DATA    (  589): [DCT(0) ] intent received :android.intent.action.ANY_DATA_STATE
D/DATA    (  589): NETWORK_STATE_CHANGED_ACTION : data_call = 49
D/PhoneApp(  589): CONNECTED - hideDataDisconnectedRoaming()
D/MobileDataStateTracker(  445): replacing old mInterfaceName (rmnet_sdio0) with rmnet_sdio0 for supl
V/DATA    (  589): [DCT(0) ] intent received :android.intent.action.ANY_DATA_STATE
D/DATA    (  589): NETWORK_STATE_CHANGED_ACTION : data_call = 49
D/PhoneApp(  589): CONNECTED - hideDataDisconnectedRoaming()
V/DATA    (  589): [DCT(0) ] intent received :android.intent.action.ANY_DATA_STATE
D/DATA    (  589): NETWORK_STATE_CHANGED_ACTION : data_call = 49
V/DATA    (  589): [DCT(0) ] intent received :android.intent.action.ANY_DATA_STATE
D/DATA    (  589): NETWORK_STATE_CHANGED_ACTION : data_call = 49
D/PhoneApp(  589): CONNECTED - hideDataDisconnectedRoaming()
I/SML     (25736): V1.1112.5.1 [smlPhoneStatus.java Line:70] [onServiceStateChanged] onServiceStateChanged nNetwork =10
I/SML     (25736): V1.1112.5.1 [smlPhoneStatus.java Line:71] [onServiceStateChanged] onServiceStateChanged bRoming =false
V/AlarmManager(  445): Adding alarm Alarm{40b28b30 type 2 com.google.android.apps.maps} at 5
D/dalvikvm(28693): GC_EXPLICIT freed 194K, 42% free 3145K/5379K, external 0K/0K, paused 67ms
D/dalvikvm( 7644): GC_EXPLICIT freed 53K, 41% free 3230K/5447K, external 0K/0K, paused 66ms
D/DATA    (  589): [DSST(0)] pollstate() : reason = data network state changed
V/DATA    (  589): [DCT(0) ] onDataCallListChanged:
V/DATA    (  589): [DCT(0) ] ---dc state list---
V/DATA    (  589): [DCT(0) ] DataCallState: { cid: 0, active: 1, type: , apn: pta, address: 10.8.248.107 }
V/DATA    (  589): [DCT(0) ] ---dc list---
V/DATA    (  589): [DCT(0) ] cid = 0, state = DcActiveState, bearerType = IP, ipaddress = 10.8.248.107, gw=10.8.248.105, dns=[172.26.38.1, 172.26.38.2]
D/DATA    (  589): [DSST(0)] Poll ServiceState done: oldSS=[0 home null null null  HSPA CSS not supported -1 -1RoamInd: -1DefRoamInd: -1EmergOnly: false] newSS=[0 home null null null  HSPA CSS not supported -1 -1RoamInd: -1DefRoamInd: -1EmergOnly: false]
E/AlarmManagerService(  445): android_server_AlarmManagerService_set to type=1, 1333684800.000000000
E/AlarmManagerService(  445): android_server_AlarmManagerService_set to type=1, 1333616460.000000000
V/AlarmManager(  445): sending alarm Alarm{40aba070 type 1 android}
V/AlarmManager(  445): Adding alarm Alarm{40c14ac8 type 1 android} at 0
D/dalvikvm(  642): GC_EXTERNAL_ALLOC freed 155K, 47% free 4542K/8455K, external 22755K/22928K, paused 46ms
