I/DebugPlacement(  642): SyncGrid 1 7 com.sec.android.app.twlauncher.ApplicationInfo Facebook -1 1 7 54|-1|-1|-1|-1|0 com.sec.android.app.twlauncher.ApplicationInfo@40608608 Exists
I/DebugPlacement(  642): SyncGrid 1 7 com.sec.android.app.twlauncher.ApplicationInfo Featured Apps -1 1 7 43|-1|-1|-1|-1|0 com.sec.android.app.twlauncher.ApplicationInfo@40630418 Exists
I/DebugPlacement(  642): SyncGrid 0 5 com.sec.android.app.twlauncher.ApplicationInfo Gallery -1 0 5 10|-1|-1|-1|-1|0 com.sec.android.app.twlauncher.ApplicationInfo@40635d08 Exists
I/DebugPlacement(  642): SyncGrid 0 4 com.sec.android.app.twlauncher.ApplicationInfo Gmail -1 0 4 9|-1|-1|-1|-1|0 com.sec.android.app.twlauncher.ApplicationInfo@405f0950 Exists
I/DebugPlacement(  642): SyncGrid 0 6 com.sec.android.app.twlauncher.ApplicationInfo Google Search -1 0 6 11|-1|-1|-1|-1|0 com.sec.android.app.twlauncher.ApplicationInfo@40565ab8 Exists
I/DebugPlacement(  642): SyncGrid 0 13 com.sec.android.app.twlauncher.ApplicationInfo Kies air -1 0 13 18|-1|-1|-1|-1|0 com.sec.android.app.twlauncher.ApplicationInfo@40642f88 Exists
I/DebugPlacement(  642): SyncGrid 0 15 com.sec.android.app.twlauncher.ApplicationInfo Latitude -1 0 15 20|-1|-1|-1|-1|0 com.sec.android.app.twlauncher.ApplicationInfo@40581c38 Exists
I/DebugPlacement(  642): SyncGrid 1 7 com.sec.android.app.twlauncher.ApplicationInfo Live TV -1 1 7 50|-1|-1|-1|-1|0 com.sec.android.app.twlauncher.ApplicationInfo@405e2100 Exists
I/DebugPlacement(  642): SyncGrid 0 3 com.sec.android.app.twlauncher.ApplicationInfo Maps -1 0 3 8|-1|-1|-1|-1|0 com.sec.android.app.twlauncher.ApplicationInfo@4065b6f8 Exists
I/DebugPlacement(  642): SyncGrid 0 7 com.sec.android.app.twlauncher.ApplicationInfo Market -1 0 7 12|-1|-1|-1|-1|0 com.sec.android.app.twlauncher.ApplicationInfo@40692980 Exists
I/DebugPlacement(  642): SyncGrid 1 7 com.sec.android.app.twlauncher.ApplicationInfo Media Hub -1 1 7 46|-1|-1|-1|-1|0 com.sec.android.app.twlauncher.ApplicationInfo@405a0c68 Exists
I/DebugPlacement(  642): SyncGrid 1 7 com.sec.android.app.twlauncher.ApplicationInfo Messages -1 1 7 52|-1|-1|-1|-1|0 com.sec.android.app.twlauncher.ApplicationInfo@4054b2e8 Exists
I/DebugPlacement(  642): SyncGrid 0 19 com.sec.android.app.twlauncher.ApplicationInfo Messaging -1 0 19 24|-1|-1|-1|-1|0 com.sec.android.app.twlauncher.ApplicationInfo@405bf1f8 Exists
I/DebugPlacement(  642): SyncGrid 0 21 com.sec.android.app.twlauncher.ApplicationInfo Mini Diary -1 0 21 26|-1|-1|-1|-1|0 com.sec.android.app.twlauncher.ApplicationInfo@405f1610 Exists
I/DebugPlacement(  642): SyncGrid 1 7 com.sec.android.app.twlauncher.ApplicationInfo Movies -1 1 7 55|-1|-1|-1|-1|0 com.sec.android.app.twlauncher.ApplicationInfo@4065d9a0 Exists
I/DebugPlacement(  642): SyncGrid 1 7 com.sec.android.app.twlauncher.ApplicationInfo Music -1 1 7 39|-1|-1|-1|-1|0 com.sec.android.app.twlauncher.ApplicationInfo@40627820 Exists
I/DebugPlacement(  642): SyncGrid 0 1 com.sec.android.app.twlauncher.ApplicationInfo Music Player -1 0 1 6|-1|-1|-1|-1|0 com.sec.android.app.twlauncher.ApplicationInfo@4065b630 Exists
I/DebugPlacement(  642): SyncGrid 0 10 com.sec.android.app.twlauncher.ApplicationInfo My Files -1 0 10 15|-1|-1|-1|-1|0 com.sec.android.app.twlauncher.ApplicationInfo@40626e28 Exists
I/DebugPlacement(  642): SyncGrid 1 7 com.sec.android.app.twlauncher.ApplicationInfo myAT&T -1 1 7 49|-1|-1|-1|-1|0 com.sec.android.app.twlauncher.ApplicationInfo@4051e720 Exists
I/DebugPlacement(  642): SyncGrid 0 17 com.sec.android.app.twlauncher.ApplicationInfo Navigation -1 0 17 22|-1|-1|-1|-1|0 com.sec.android.app.twlauncher.ApplicationInfo@4055c748 Exists
I/DebugPlacement(  642): SyncGrid 1 2 com.sec.android.app.twlauncher.ApplicationInfo News & Weather -1 1 2 32|-1|-1|-1|-1|0 com.sec.android.app.twlauncher.ApplicationInfo@405f0ea0 Exists
I/DebugPlacement(  642): SyncGrid 0 16 com.sec.android.app.twlauncher.ApplicationInfo Places -1 0 16 21|-1|-1|-1|-1|0 com.sec.android.app.twlauncher.ApplicationInfo@4057e488 Exists
I/DebugPlacement(  642): SyncGrid 1 4 com.sec.android.app.twlauncher.ApplicationInfo Polaris Office -1 1 4 34|-1|-1|-1|-1|0 com.sec.android.app.twlauncher.ApplicationInfo@4054a908 Exists
I/DebugPlacement(  642): SyncGrid 1 7 com.sec.android.app.twlauncher.ApplicationInfo Qik Lite -1 1 7 48|-1|-1|-1|-1|0 com.sec.android.app.twlauncher.ApplicationInfo@405ba320 Exists
I/DebugPlacement(  642): SyncGrid 0 20 com.sec.android.app.twlauncher.ApplicationInfo S Memo -1 0 20 25|-1|-1|-1|-1|0 com.sec.android.app.twlauncher.ApplicationInfo@405fcb88 Exists
I/DebugPlacement(  642): SyncGrid 1 7 com.sec.android.app.twlauncher.ApplicationInfo Samsung Apps -1 1 7 45|-1|-1|-1|-1|0 com.sec.android.app.twlauncher.ApplicationInfo@40571310 Exists
I/DebugPlacement(  642): SyncGrid 0 9 com.sec.android.app.twlauncher.ApplicationInfo Settings -1 0 9 14|-1|-1|-1|-1|0 com.sec.android.app.twlauncher.ApplicationInfo@40693118 Exists
I/DebugPlacement(  642): SyncGrid 0 8 com.sec.android.app.twlauncher.ApplicationInfo Social Hub -1 0 8 13|-1|-1|-1|-1|0 com.sec.android.app.twlauncher.ApplicationInfo@4057b2c0 Exists
I/DebugPlacement(  642): SyncGrid 1 7 com.sec.android.app.twlauncher.ApplicationInfo Superuser -1 1 7 41|-1|-1|-1|-1|0 com.sec.android.app.twlauncher.ApplicationInfo@4063ffc8 Exists
I/DebugPlacement(  642): SyncGrid 0 14 com.sec.android.app.twlauncher.ApplicationInfo Talk -1 0 14 19|-1|-1|-1|-1|0 com.sec.android.app.twlauncher.ApplicationInfo@4065dc48 Exists
I/DebugPlacement(  642): SyncGrid 1 3 com.sec.android.app.twlauncher.ApplicationInfo Task Manager -1 1 3 33|-1|-1|-1|-1|0 com.sec.android.app.twlauncher.ApplicationInfo@40621498 Exists
I/DebugPlacement(  642): SyncGrid 0 11 com.sec.android.app.twlauncher.ApplicationInfo Videos -1 0 11 16|-1|-1|-1|-1|0 com.sec.android.app.twlauncher.ApplicationInfo@405f7ed0 Exists
I/DebugPlacement(  642): SyncGrid 0 22 com.sec.android.app.twlauncher.ApplicationInfo Voice Recorder -1 0 22 27|-1|-1|-1|-1|0 com.sec.android.app.twlauncher.ApplicationInfo@406363d0 Exists
I/DebugPlacement(  642): SyncGrid 0 24 com.sec.android.app.twlauncher.ApplicationInfo Voice Search -1 0 24 29|-1|-1|-1|-1|0 com.sec.android.app.twlauncher.ApplicationInfo@406430a8 Exists
I/DebugPlacement(  642): SyncGrid 0 23 com.sec.android.app.twlauncher.ApplicationInfo Voice talk -1 0 23 28|-1|-1|-1|-1|0 com.sec.android.app.twlauncher.ApplicationInfo@4065de78 Exists
I/DebugPlacement(  642): SyncGrid 1 6 com.sec.android.app.twlauncher.ApplicationInfo YouTube -1 1 6 36|-1|-1|-1|-1|0 com.sec.android.app.twlauncher.ApplicationInfo@406512e8 Exists
I/DebugPlacement(  642): SyncGrid 1 7 com.sec.android.app.twlauncher.ApplicationInfo YPmobile -1 1 7 38|-1|-1|-1|-1|0 com.sec.android.app.twlauncher.ApplicationInfo@406632f0 Exists
I/ActivityManager(  445): No longer want com.google.android.apps.maps:FriendService (pid 23422): hidden #21
I/DebugPlacement(  642): View = com.sec.android.app.twlauncher.MenuItemView@406ad828 tag = com.sec.android.app.twlauncher.ApplicationInfo Web -1 -1 3 4|-1|-1|-1|-1|0 com.sec.android.app.twlauncher.ApplicationInfo@40586f28 Owner = com.sec.android.app.twlauncher.AppShortcutZone@406418f8
E/MediaDownloader( 7069): onStartCommand installed----------------------------------------------------------------
I/ActivityManager(  445): Start proc com.svox.pico for broadcast com.svox.pico/.VoiceDataInstallerReceiver: pid=28615 uid=10052 gids={}
I/DebugPlacement(  642): View = com.sec.android.app.twlauncher.MenuItemView@4081fae8 tag = com.sec.android.app.twlauncher.ApplicationInfo Email -1 -1 2 3|-1|-1|-1|-1|0 com.sec.android.app.twlauncher.ApplicationInfo@405f0dd8 Owner = com.sec.android.app.twlauncher.AppShortcutZone@406418f8
I/DebugPlacement(  642): View = com.sec.android.app.twlauncher.MenuItemView@4071a3d0 tag = com.sec.android.app.twlauncher.ApplicationInfo Calendar -1 -1 1 2|-1|-1|-1|-1|0 com.sec.android.app.twlauncher.ApplicationInfo@40660ad8 Owner = com.sec.android.app.twlauncher.AppShortcutZone@406418f8
I/DebugPlacement(  642): View = com.sec.android.app.twlauncher.MenuItemView@40718f70 tag = com.sec.android.app.twlauncher.ApplicationInfo Phone -1 -1 0 1|-1|-1|-1|-1|0 com.sec.android.app.twlauncher.ApplicationInfo@40667a88 Owner = com.sec.android.app.twlauncher.AppShortcutZone@406418f8
I/DebugDb (  642): UpdateDBTask Begin Saving to DB
I/DebugFolder(  642): Save Folder Data To DB
D/dalvikvm(  323): GC_EXPLICIT freed 11K, 43% free 3113K/5379K, external 0K/0K, paused 83ms
I/ActivityThread(28615): Pub com.svox.pico.providers.SettingsProvider: com.svox.pico.providers.SettingsProvider
D/dalvikvm(  323): GC_EXPLICIT freed <1K, 43% free 3113K/5379K, external 0K/0K, paused 75ms
D/AndroidRuntime(28614): 
D/AndroidRuntime(28614): >>>>>> AndroidRuntime START com.android.internal.os.RuntimeInit <<<<<<
D/AndroidRuntime(28614): CheckJNI is OFF
D/AndroidRuntime(28614): setted country_code = USA
D/AndroidRuntime(28614): setted sales_code = ATT
D/AndroidRuntime(28614): found sales_code tag = <ATT>, </ATT> 
D/dalvikvm(28614): creating instr width table
D/dalvikvm(  323): GC_EXPLICIT freed <1K, 43% free 3113K/5379K, external 0K/0K, paused 56ms
D/LibQmg_native(28614): register_android_app_LibQmg
D/DeviceEncryption(28614): JNI: register_android_deviceencryption_DeviceEncryptionManager
I/ActivityManager(  445): No longer want com.qik.lite.android (pid 23441): hidden #21
D/GTalkService(  658): handlePackageInstalled: re-initialize providers
D/GTalkService(  658): [RawStanzaProvidersMgr] ##### searchProvidersFromIntent
D/GTalkService(  658): [RawStanzaProvidersMgr] no intent receivers found
I/ActivityManager(  445): Start proc com.google.android.partnersetup for broadcast com.google.android.partnersetup/.AppInstalledReceiver: pid=28627 uid=10082 gids={3003}
D/AndroidRuntime(28614): Calling main entry com.android.commands.am.Am
D/dalvikvm(  642): GC_EXTERNAL_ALLOC freed 818K, 45% free 4668K/8455K, external 22301K/22303K, paused 89ms
I/ActivityThread(28627): Pub com.google.android.partnersetup.rlzprovider: com.google.android.partnersetup.RlzProvider
I/ActivityThread(28627): Pub com.google.android.partnersetup.rlzappprovider: com.google.android.partnersetup.RlzAppProvider
I/DebugDb (  642): UpdateDBTask End Saving to DB true
I/DebugDb (  642): UpdateDBTask Close DB
I/DebugDb (  642): Update app info -1 com.sec.android.app.twlauncher.ApplicationInfo aaDIPLOMAMatrix -1 1 9 57|-1|-1|-1|-1|0 com.sec.android.app.twlauncher.ApplicationInfo@4053bda8
I/ActivityManager(  445): Starting: Intent { act=android.intent.action.MAIN cat=[android.intent.category.LAUNCHER] flg=0x10000000 cmp=edu.mit.csail.diplomamatrix/.StatusActivity } from pid 28614
I/ActivityManager(  445): No longer want com.google.android.googlequicksearchbox (pid 23448): hidden #21
D/AndroidRuntime(28614): Shutting down VM
D/dalvikvm(28614): GC_CONCURRENT freed 107K, 66% free 349K/1024K, external 0K/0K, paused 0ms+1ms
D/jdwp    (28614): Got wake-up signal, bailing out of select
D/dalvikvm(28614): Debugger has detached; object registry had 1 entries
E/MediaDownloader( 7069): onStartCommand installed----------------------------------------------------------------
V/LauncherAppWidgetHostView(  642): dispatchSaveInstanceState: widgetid=1 vid=-1
V/LauncherAppWidgetHostView(  642): dispatchSaveInstanceState: widgetid=2 vid=-1
V/LauncherAppWidgetHostView(  642): dispatchSaveInstanceState: widgetid=4 vid=-1
V/LauncherAppWidgetHostView(  642): dispatchSaveInstanceState: widgetid=3 vid=-1
V/LauncherAppWidgetHostView(  642): dispatchSaveInstanceState: widgetid=5 vid=-1
V/LauncherAppWidgetHostView(  642): dispatchSaveInstanceState: widgetid=6 vid=-1
D/InputTransport(  445): Input channel constructed: name='40aacaa8 Starting edu.mit.csail.diplomamatrix (server)', ashmemFd=323, receivePipeFd=338, sendPipeFd=331
D/InputTransport(  445): Input channel constructed: name='40aacaa8 Starting edu.mit.csail.diplomamatrix (client)', ashmemFd=326, receivePipeFd=327, sendPipeFd=339
I/ActivityManager(  445): Start proc com.google.android.apps.maps:FriendService for broadcast com.google.android.apps.maps/com.google.googlenav.friend.android.ServiceReceiver: pid=28637 uid=10072 gids={3003, 1015}
I/SurfaceFlinger(  445): id=258(34) createSurface 0x8d9d44 for pid 445 (1x1),2 flag=0, Starting edu.mit.csail.diplomamatrix
D/Finsky  (28567): [22] DownloadRecords.initializeAndPrune: Pruned 0 old downloads from the cursor.
I/WindowManager(  445):   CREATE SURFACE Surface(name=Starting edu.mit.csail.diplomamatrix, identity=258, mNativeSurface=0) IN SESSION android.view.SurfaceSession@4083fd68: pid=445 format=-1 flags=0x0 / Window{40aacaa8 Starting edu.mit.csail.diplomamatrix paused=false}
I/Launcher(  642): onPause. Launcher: 4061f548
D/msm8660.gralloc(  445): !@/dev/pmem: allocating pmem size=4096000, offset=2048000(0x1f4000)
D/GLSurfaceViewGroup(  642): Skipped drawing due to suspendDrawingUntilResume()
I/ActivityManager(  445): Start proc edu.mit.csail.diplomamatrix for activity edu.mit.csail.diplomamatrix/.StatusActivity: pid=28643 uid=10124 gids={1006, 1015, 3003}
I/ViewRoot(  445): !@FINISH DRAWING : Starting edu.mit.csail.diplomamatrix
I/ViewRoot(  445): !@finishDrawing is completed : Starting edu.mit.csail.diplomamatrix
D/dalvikvm(28643): Debugger has detached; object registry had 1 entries
D/dalvikvm(28643): GC_EXTERNAL_ALLOC freed 48K, 42% free 3127K/5379K, external 0K/0K, paused 24ms
D/dalvikvm(28637): GC_CONCURRENT freed 136K, 39% free 3483K/5639K, external 0K/0K, paused 2ms+2ms
D/PowerManagerService(  445): acquireWakeLock flags=0x20000006 tag=StatusActivity uid=10124 pid=28643   myUID=1000 myPID=445 myTID=628
I/StatusActivity(28643): 1333616244466: *** Opened log file for writing ***
I/StatusActivity(28643): 1333616244467: Android build: SAMSUNG-SGH-I717
I/StatusActivity(28643): 1333616244467: NET_NAME set to: eth0
I/StatusActivity(28643): 1333616244468: starting Mux with id = -1
I/StatusActivity(28643): 1333616244469: areButtonsEnabled --> true
I/Mux.java(28643): run() beginning -------------
I/StatusActivity(28643): 1333616244470: *** Application started ***
I/StatusActivity(28643): 1333616244471: HI I'm in ONRESUME()
D/Mux     (28643): Mux started
I/NetworkThread(28643): Initial socket buffer sizes: 110592 receive, 110592 send
D/LocationManagerService(  445): gps location requested by UID(10124) edu.mit.csail.diplomamatrix, 
I/NetworkThread(28643): Set socket buffer sizes to: 221184 receive, 221184 send
I/NetworkThread(28643): started, local IP address:/192.168.5.12
I/Mux.java's nodeId is(28643): 5012
I/Mux     (28643): starting vncDaemon ........
I/VCoreDaemon(28643): 1333616244476: Started VCoreDaemon with parameters maxRx = 6 , maxRY= 1, minLongitude = -7110102 , minLatitude = 4236349, regionWidth =17
I/Mux     (28643): vncDaemon started
I/VCoreDaemon.java(28643): onStart() about to stateTransition.........................................................................
I/VCoreDaemon(28643): 1333616244477: started, mId = 5012
I/VCoreDaemon.java(28643): inside stateTransition ......................................................................................
I/..... VCoreDaemon.java(28643): out of bounds
I/VCoreDaemon(28643): 1333616244478: region (-1, -1) out of bounds, dormant
I/..... VCoreDaemon.java(28643): ends xxxxxxxxxxxxxxxxxxxxxxxxxxxxxxxxxxxxxxxxxxx
W/GpsLocationProvider(  445): Duplicate add listener for uid 10124
I/StatusActivity(28643): 1333616244487: SAMPLING_DISTANCE : 1, SAMPLING_DURATION : 1000
D/InputTransport(  445): Input channel constructed: name='40b27f18 edu.mit.csail.diplomamatrix/edu.mit.csail.diplomamatrix.StatusActivity (server)', ashmemFd=363, receivePipeFd=367, sendPipeFd=366
D/InputTransport(  445): Input channel constructed: name='40b27f18 edu.mit.csail.diplomamatrix/edu.mit.csail.diplomamatrix.StatusActivity (client)', ashmemFd=364, receivePipeFd=365, sendPipeFd=368
D/InputTransport(  445): Input channel destroyed: name='40b27f18 edu.mit.csail.diplomamatrix/edu.mit.csail.diplomamatrix.StatusActivity (client)', ashmemFd=364, receivePipeFd=365, sendPipeFd=368
D/InputTransport(28643): Input channel constructed: name='40b27f18 edu.mit.csail.diplomamatrix/edu.mit.csail.diplomamatrix.StatusActivity (client)', ashmemFd=50, receivePipeFd=51, sendPipeFd=52
I/StatusActivity(28643): 1333616244491: ************ GPS turned OFF *************
I/SurfaceFlinger(  445): id=259(1) createSurface 0x574b1c for pid 28643 (1x1),1 flag=0, edu.mit.csail.diplomamatrix/edu.mit.csail.diplomamatrix.StatusActivity
I/WindowManager(  445):   CREATE SURFACE Surface(name=edu.mit.csail.diplomamatrix/edu.mit.csail.diplomamatrix.StatusActivity, identity=259, mNativeSurface=0) IN SESSION android.view.SurfaceSession@40d33338: pid=28643 format=-3 flags=0x0 / Window{40b27f18 edu.mit.csail.diplomamatrix/edu.mit.csail.diplomamatrix.StatusActivity paused=false}
D/msm8660.gralloc(  445): !@/dev/pmem: allocating pmem size=4096000, offset=46903296(0x2cbb000)
I/SurfaceFlinger(  445): id=260(2) createSurface for pid 28643 (220x220),4 flag=200, SurfaceView
E/Surface (28643): Surface::init token -2 identity 260
I/WindowManager(  445):   CREATE SURFACE Surface(name=SurfaceView, identity=260, mNativeSurface=0) IN SESSION android.view.SurfaceSession@40d33338: pid=28643 format=4 flags=0x200 / Window{40cd1388 SurfaceView paused=false}
I/CameraSurfaceView(28643): inside surfaceCreated()
I/CameraSurfaceView(28643): opening Camera.open()
I/QualcommCameraHardware(  325): Found a matching camera info for ID 0
I/QualcommCameraHardware(  325): HAL_getCameraInfo: facing = 0, orientation = 90
I/SecCameraCoreManager(  325): SecCameraCoreManager created: pid=325, cameraId=0
I/QualcommCameraHardware(  325): openCameraHardware: call createInstance
I/QualcommCameraHardware(  325): openCameraHardware:Valid camera ID 0
I/QualcommCameraHardware(  325): openCameraHardware:camera mode 1
I/QualcommCameraHardware(  325): HAL_openCameraHardware: HAL_currentSnapshotMode = 4
I/QualcommCameraHardware(  325): createInstance: E
I/QualcommCameraHardware(  325): QualcommCameraHardware constructor E
V/QualcommCameraHardware(  325): MMCameraDL: E
V/QualcommCameraHardware(  325): Open MM camera DL libeomcamera loaded at 0xb0010ca8 
V/QualcommCameraHardware(  325): MMCameraDL: X
V/QualcommCameraHardware(  325):  Storing the current target type as 4 
V/QualcommCameraHardware(  325):  Storing the current target type as 4 
V/QualcommCameraHardware(  325):  ### mDisEnabled = 0 , mVpeEnabled = 1!!! ###
V/QualcommCameraHardware(  325): constructor EX
I/QualcommCameraHardware(  325): createInstance: created hardware=0x64e88
V/QualcommCameraHardware(  325): startCamera E
V/QualcommCameraHardware(  325): loading liboemcamera at 0xb0010ca8
V/QualcommCameraHardware(  325):  openCamera : E
D/dalvikvm(28637): GC_CONCURRENT freed 116K, 36% free 3933K/6087K, external 0K/0K, paused 1ms+3ms
E/AlarmManagerService(  445): android_server_AlarmManagerService_set to type=2, 17124.424000000
V/AlarmManager(  445): Adding alarm Alarm{409aaba0 type 2 com.google.android.apps.maps} at 0
V/QualcommCameraHardware(  325):  openCamera : X
V/QualcommCameraHardware(  325): startCamera X
I/QualcommCameraHardware(  325): initDefaultParameters E
V/QualcommCameraHardware(  325): DISABLE DIS
V/QualcommCameraHardware(  325):  type:main - previewSizeCount = 8 
V/QualcommCameraHardware(  325):  type:main - zoom set = mMaxZoom :30, zoomSupported:1 
I/QualcommCameraHardware(  325): initDefaultParameters: setting num-snaps-per-shutter to 1
V/QualcommCameraHardware(  325): requested preview frame rate is 30
V/QualcommCameraHardware(  325): setFrameRate: 30 (14000-30000)
V/QualcommCameraHardware(  325): native_set_ext_config E (cmd = 10)
E/QualcommCameraHardware(  325): setPreviewSize (mVtMode=0) : requested preview size 640 x 480
I/QualcommCameraHardware(  325): setRecordSize: preview dimensions: 640x480
V/QualcommCameraHardware(  325): No Record Size requested, use the preview dimensions
I/QualcommCameraHardware(  325): setRecordSize: video dimensions: 640x480
V/QualcommCameraHardware(  325): requested picture size 3264 x 2448
E/QualcommCameraHardware(  325): setPictureFormat : jpeg 
V/QualcommCameraHardware(  325): requested jpeg thumbnail size 320 x 240
V/QualcommCameraHardware(  325):  setSceneMode E : auto
V/QualcommCameraHardware(  325): setWhiteBalance E : auto
V/QualcommCameraHardware(  325):  setFlash E : off 
V/QualcommCameraHardware(  325): WDR(Auto Contrast) E: -1, ord_wdr = -1
V/QualcommCameraHardware(  325): setParameters X: success
V/QualcommCameraHardware(  325):  Using Overlay : YES 
V/QualcommCameraHardware(  325): native_get_ext_config 2222E (cmd = 33)
V/QualcommCameraHardware(  325): setExifFixAttribute X
I/QualcommCameraHardware(  325): initDefaultParameters X
I/QualcommCameraHardware(  325): createInstance: X
I/SecCameraCoreManager(  325): set saturation to 0.0
I/ShotCommon(  325): ShotCommon created: pid=325
V/QualcommCameraHardware(  325): getParameters: EX
I/ShotCommon(  325): Preview width(640), height(480)
I/ShotCommon(  325): Preview color format [yuv420sp]
I/ShotCommon(  325): Picture width(3264), height(2448)
I/ShotCommon(  325): Picture color format [jpeg]
V/QualcommCameraHardware(  325):  Using Overlay : YES 
I/ShotCommon(  325): mUseOverlay = 1
I/ShotSingle(  325): ShotSingle created: pid=325
I/QualcommCameraHardware(  325): Found a matching camera info for ID 0
I/QualcommCameraHardware(  325): HAL_getCameraInfo: facing = 0, orientation = 90
V/QualcommCameraHardware(  325):  Using Overlay : YES 
E/CameraService(  325): Sendcommand 90, 0 
I/CameraSurfaceView(28643): opened camera
V/QualcommCameraHardware(  325): getParameters: EX
V/QualcommCameraHardware(  325):  Overlay object NULL. returning 
V/MediaPlayerService(  325): Client(79) constructor
V/MediaPlayerService(  325): Create new client(79) from pid 325, url=/system/media/audio/ui/Shutter_01.ogg, connId=79, audioSessionId=121
V/MediaPlayerService(  325): setDataSource(/system/media/audio/ui/Shutter_01.ogg)
D/MediaPlayerService(  325): getPlayerType. Ln=1124
V/MediaPlayerService(  325): player type = 4
D/MediaPlayerService(  325): createPlayer. type=4
D/MediaPlayerService(  325):  create StagefrightPlayer
V/AudioSink(  325): AudioOutput(121)
V/MediaPlayerService(  325):  setDataSource
I/StagefrightPlayer(  325): setDataSource('/system/media/audio/ui/Shutter_01.ogg')
V/MediaPlayerService(  325): [79] setAudioStreamType(7)
V/MediaPlayerService(  325): [79] prepareAsync
V/AwesomePlayer(  325): prepareAsync_l
D/FileSource(  325): FileSource::FileSource(const char *filename):: filename/system/media/audio/ui/Shutter_01.ogg
D/FileSource(  325): FileSource::FileSource(const char *filename)::Length is 38, Size is : 38
D/FileSource(  325): FileSource::FileSource(const char *filename)::mFilename is /system/media/audio/ui/Shutter_01.ogg
I/MediaExtractor(  325): ***************************MediaExtractor::Create() In
I/MediaExtractor(  325): *************************Autodetected media content as 'application/ogg' with confidence 0.60
V/AwesomePlayer(  325): mBitrate = -1 bits/sec
V/AwesomePlayer(  325): mime = audio/vorbis
I/OMXCodec(  325): Successfully allocated software codec 'VorbisDecoder'
V/MediaPlayerService(  325): Client::notify In
V/MediaPlayerService(  325): [79] notify (0x91728, 5, 0, 0)
V/MediaPlayerService(  325): Client::notify In
V/MediaPlayerService(  325): [79] notify (0x91728, 1, 0, 0)
V/MediaPlayerService(  325): Client(80) constructor
V/MediaPlayerService(  325): Create new client(80) from pid 325, url=/system/media/audio/ui/Cam_Start.ogg, connId=80, audioSessionId=122
V/MediaPlayerService(  325): setDataSource(/system/media/audio/ui/Cam_Start.ogg)
D/MediaPlayerService(  325): getPlayerType. Ln=1124
V/MediaPlayerService(  325): player type = 4
D/MediaPlayerService(  325): createPlayer. type=4
D/MediaPlayerService(  325):  create StagefrightPlayer
V/AudioSink(  325): AudioOutput(122)
V/MediaPlayerService(  325):  setDataSource
I/StagefrightPlayer(  325): setDataSource('/system/media/audio/ui/Cam_Start.ogg')
V/MediaPlayerService(  325): [80] setAudioStreamType(7)
V/MediaPlayerService(  325): [80] prepareAsync
V/AwesomePlayer(  325): prepareAsync_l
I/ActivityManager(  445): Start proc com.qik.lite.android for broadcast com.qik.lite.android/com.qik.android.upgrade.OnUpgradeReceiver: pid=28663 uid=10113 gids={1006, 3003, 1015, 3002, 3001}
I/ActivityManager(  445): No longer want com.google.android.music:main (pid 27062): hidden #21
D/FileSource(  325): FileSource::FileSource(const char *filename):: filename/system/media/audio/ui/Cam_Start.ogg
D/FileSource(  325): FileSource::FileSource(const char *filename)::Length is 37, Size is : 37
D/FileSource(  325): FileSource::FileSource(const char *filename)::mFilename is /system/media/audio/ui/Cam_Start.ogg
I/MediaExtractor(  325): ***************************MediaExtractor::Create() In
I/MediaExtractor(  325): *************************Autodetected media content as 'application/ogg' with confidence 0.60
V/AwesomePlayer(  325): mBitrate = -1 bits/sec
V/AwesomePlayer(  325): mime = audio/vorbis
I/OMXCodec(  325): Successfully allocated software codec 'VorbisDecoder'
V/MediaPlayerService(  325): Client::notify In
V/MediaPlayerService(  325): [80] notify (0x4a7f8, 5, 0, 0)
V/MediaPlayerService(  325): Client::notify In
V/MediaPlayerService(  325): [80] notify (0x4a7f8, 1, 0, 0)
V/MediaPlayerService(  325): Client(81) constructor
V/MediaPlayerService(  325): Create new client(81) from pid 325, url=/system/media/audio/ui/Cam_Stop.ogg, connId=81, audioSessionId=123
V/MediaPlayerService(  325): setDataSource(/system/media/audio/ui/Cam_Stop.ogg)
D/MediaPlayerService(  325): getPlayerType. Ln=1124
V/MediaPlayerService(  325): player type = 4
D/MediaPlayerService(  325): createPlayer. type=4
D/MediaPlayerService(  325):  create StagefrightPlayer
V/AudioSink(  325): AudioOutput(123)
V/MediaPlayerService(  325):  setDataSource
I/StagefrightPlayer(  325): setDataSource('/system/media/audio/ui/Cam_Stop.ogg')
V/MediaPlayerService(  325): [81] setAudioStreamType(7)
V/MediaPlayerService(  325): [81] prepareAsync
V/AwesomePlayer(  325): prepareAsync_l
D/FileSource(  325): FileSource::FileSource(const char *filename):: filename/system/media/audio/ui/Cam_Stop.ogg
D/FileSource(  325): FileSource::FileSource(const char *filename)::Length is 36, Size is : 36
D/FileSource(  325): FileSource::FileSource(const char *filename)::mFilename is /system/media/audio/ui/Cam_Stop.ogg
I/MediaExtractor(  325): ***************************MediaExtractor::Create() In
I/MediaExtractor(  325): *************************Autodetected media content as 'application/ogg' with confidence 0.60
V/AwesomePlayer(  325): mBitrate = -1 bits/sec
V/AwesomePlayer(  325): mime = audio/vorbis
I/OMXCodec(  325): Successfully allocated software codec 'VorbisDecoder'
V/MediaPlayerService(  325): Client::notify In
V/MediaPlayerService(  325): [81] notify (0x726e8, 5, 0, 0)
V/MediaPlayerService(  325): Client::notify In
V/MediaPlayerService(  325): [81] notify (0x726e8, 1, 0, 0)
I/Overlay (  445): createOverlay w=640, h=480,format=265
D/OverlayLIB(  445): unsigned int overlay::getOverlayConfig(unsigned int, bool, bool): HDMI not connected...
W/Overlay (  445): createOverlay: creating overlay with format3D: 0x0, curState: 1,format=265
D/Overlay (  445): isCamera true
I/OverlayLIB(  445): startControlChannel w=640, h=480, f=109
E/CameraService(  325): OVERLAY CREATED....
V/QualcommCameraHardware(  325):  Valid overlay object 
I/CameraSurfaceView(28643): inside on surfaceChanged()
V/QualcommCameraHardware(  325): getParameters: EX
D/SecCameraCoreManager(  325): virtual android::status_t android::SecCameraCoreManager::startPreview():start IT Policy checking thread
E/ShotSingle(  325): startPreview - mUseOverlay(1)
V/QualcommCameraHardware(  325): getParameters: EX
V/QualcommCameraHardware(  325): getParameters: EX
V/QualcommCameraHardware(  325): startPreview E
V/QualcommCameraHardware(  325): in startPreviewInternal : E
V/QualcommCameraHardware(  325): initPreview E: preview size=640x480 videosize = 640 x 480
I/QualcommCameraHardware(  325): initPreview : preview size=640x480 videosize = 640 x 480
V/QualcommCameraHardware(  325): mDimension.prev_format = 1
V/QualcommCameraHardware(  325): mDimension.display_luma_width = 640
V/QualcommCameraHardware(  325): mDimension.display_luma_height = 480
V/QualcommCameraHardware(  325): mDimension.display_chroma_width = 640
V/QualcommCameraHardware(  325): mDimension.display_chroma_height = 480
V/QualcommCameraHardware(  325): CAMERA_PARM_DIMENSION
E/mm-camera(  325): vfe_util_get_sensor_info: mode=3
E/mm-camera(  325): m5mo_video_config, sfd = 47
E/com.samsung.app( 7061): [MSC_Accu]>>> WeatherWidgetProvider.java:354 [0:0] onReceive@ sec.android.intent.action.HOME_PAUSE
W/CABLDaemon(  359): ----- HSIC Params -----
W/CABLDaemon(  359): 	 hue: 0
W/CABLDaemon(  359): 	 sat: 0.000000
W/CABLDaemon(  359): 	 intensity: 0
W/CABLDaemon(  359): 	 contrast: 0.000000
E/QCAbl   (  359): display_pp_conv_set_hsic_cfg() Values: Hue=0 Saturation=0.000000 Intensity=0 Contrast=0.000000
E/QCAbl   (  359): hsc_matrix[0][0]=1.000000  hsc_matrix[0][1]=0.000000 hsc_matrix[0][2]=0.000000  
E/QCAbl   (  359): hsc_matrix[1][0]=0.000000  hsc_matrix[1][1]=1.000000 hsc_matrix[1][2]=0.000000  
E/QCAbl   (  359): hsc_matrix[2][0]=0.000000  hsc_matrix[2][1]=0.000000 hsc_matrix[2][2]=1.000000  
E/QCAbl   (  359): rec601_rgb2yuv[0][0]=0.256800  rec601_rgb2yuv[0][1]=0.504100 rec601_rgb2yuv[0][2]=0.097900  
E/QCAbl   (  359): rec601_rgb2yuv[1][0]=-0.148200  rec601_rgb2yuv[1][1]=-0.291000 rec601_rgb2yuv[1][2]=0.439200  
E/QCAbl   (  359): rec601_rgb2yuv[2][0]=0.439200  rec601_rgb2yuv[2][1]=-0.367800 rec601_rgb2yuv[2][2]=-0.071400  
E/QCAbl   (  359): hsc_matrix*rec601_rgb2yuv[0][0]=0.256800  hsc_matrix*rec601_rgb2yuv[0][1]=0.504100 hsc_matrix*rec601_rgb2yuv[0][2]=0.097900  
E/QCAbl   (  359): hsc_matrix*rec601_rgb2yuv[1][0]=-0.148200  hsc_matrix*rec601_rgb2yuv[1][1]=-0.291000 hsc_matrix*rec601_rgb2yuv[1][2]=0.439200  
E/QCAbl   (  359): hsc_matrix*rec601_rgb2yuv[2][0]=0.439200  hsc_matrix*rec601_rgb2yuv[2][1]=-0.367800 hsc_matrix*rec601_rgb2yuv[2][2]=-0.071400  
E/QCAbl   (  359): rec601_yuv2rgb[0][0]=1.164400  rec601_yuv2rgb[0][1]=0.000000 rec601_yuv2rgb[0][2]=1.596000  
E/QCAbl   (  359): rec601_yuv2rgb[1][0]=1.164400  rec601_yuv2rgb[1][1]=-0.391800 rec601_yuv2rgb[1][2]=-0.813000  
E/QCAbl   (  359): rec601_yuv2rgb[2][0]=1.164400  rec601_yuv2rgb[2][1]=2.017200 rec601_yuv2rgb[2][2]=0.000000  
E/QCAbl   (  359): rec601_yuv2rgb*hsc_matrix*rec601_rgb2yuv[0][0]=0.999981  rec601_yuv2rgb*hsc_matrix*rec601_rgb2yuv[0][1]=-0.000035 rec601_yuv2rgb*hsc_matrix*rec601_rgb2yuv[0][2]=0.000040  
E/QCAbl   (  359): rec601_yuv2rgb*hsc_matrix*rec601_rgb2yuv[1][0]=0.000013  rec601_yuv2rgb*hsc_matrix*rec601_rgb2yuv[1][1]=1.000009 rec601_yuv2rgb*hsc_matrix*rec601_rgb2yuv[1][2]=-0.000036  
E/QCAbl   (  359): rec601_yuv2rgb*hsc_matrix*rec601_rgb2yuv[2][0]=0.000069  rec601_yuv2rgb*hsc_matrix*rec601_rgb2yuv[2][1]=-0.000031 rec601_yuv2rgb*hsc_matrix*rec601_rgb2yuv[2][2]=0.999949  
E/QCAbl   (  359): cc_matrix[0][0]=1.000000  cc_matrix[0][1]=0.000000 cc_matrix[0][2]=0.000000  
E/QCAbl   (  359): cc_matrix[1][0]=0.000000  cc_matrix[1][1]=1.000000 cc_matrix[1][2]=0.000000  
E/QCAbl   (  359): cc_matrix[2][0]=0.000000  cc_matrix[2][1]=0.000000 cc_matrix[2][2]=1.000000  
E/QCAbl   (  359): cc_matrix*rec601_yuv2rgb*hsc_matrix*rec601_rgb2yuv[0][0]=0.999981  cc_matrix*rec601_yuv2rgb*hsc_matrix*rec601_rgb2yuv[0][1]=-0.000035 cc_matrix*rec601_yuv2rgb*hsc_matrix*rec601_rgb2yuv[0][2]=0.000040  
E/QCAbl   (  359): cc_matrix*rec601_yuv2rgb*hsc_matrix*rec601_rgb2yuv[1][0]=0.000013  cc_matrix*rec601_yuv2rgb*hsc_matrix*rec601_rgb2yuv[1][1]=1.000009 cc_matrix*rec601_yuv2rgb*hsc_matrix*rec601_rgb2yuv[1][2]=-0.000036  
E/QCAbl   (  359): cc_matrix*rec601_yuv2rgb*hsc_matrix*rec601_rgb2yuv[2][0]=0.000069  cc_matrix*rec601_yuv2rgb*hsc_matrix*rec601_rgb2yuv[2][1]=-0.000031 cc_matrix*rec601_yuv2rgb*hsc_matrix*rec601_rgb2yuv[2][2]=0.999949  
E/QCAbl   (  359): pre_lv[0]=0
E/com.samsung.app( 7061): [MSC_Accu]>>> WidgetIdManager.java:53 [0:0] AccuWeatherClockWidgetID_Length
E/QCAbl   (  359): post_lv[0]=0
E/QCAbl   (  359): pre_lv[1]=255
E/QCAbl   (  359): post_lv[1]=255
E/QCAbl   (  359): pre_lv[2]=0
E/QCAbl   (  359): post_lv[2]=0
E/QCAbl   (  359): pre_lv[3]=255
E/QCAbl   (  359): post_lv[3]=255
E/QCAbl   (  359): pre_lv[4]=0
E/QCAbl   (  359): post_lv[4]=0
E/QCAbl   (  359): pre_lv[5]=255
E/QCAbl   (  359): post_lv[5]=255
E/QCAbl   (  359): mv[0][0]=0x200  mv[0][1]=0x0 mv[0][2]=0x0  
E/QCAbl   (  359): pre_bv[0]=0
E/QCAbl   (  359): post_bv[0]=0
E/QCAbl   (  359): mv[1][0]=0x0  mv[1][1]=0x200 mv[1][2]=0x0  
E/QCAbl   (  359): pre_bv[1]=0
E/QCAbl   (  359): post_bv[1]=0
E/QCAbl   (  359): mv[2][0]=0x0  mv[2][1]=0x0 mv[2][2]=0x200  
E/QCAbl   (  359): pre_bv[2]=0
E/QCAbl   (  359): post_bv[2]=0
E/QCAbl   (  359): Calling the MSMFB_MDP_PP ioctl
E/QCAbl   (  359): ioctl MSMFB_MDP_PP returned 0
E/com.samsung.app( 7061): [MSC_Accu]>>> WidgetIdManager.java:54 [0:0] getPrefIDs@lngth:1
E/com.samsung.app( 7061): [MSC_Accu]>>> WidgetIdManager.java:60 [0:0] getPrefIDs@Ids1:4
E/com.samsung.app( 7061): [MSC_Accu]>>> WeatherWidgetProvider.java:347 [0:0] refreshhandler is null!!
E/com.samsung.app( 7644): [MSC]>>> StockClock_Integration.java:235 [0:0] onReceive sec.android.intent.action.HOME_PAUSE
E/com.samsung.app( 7644): [MSC]>>> StockClock_Integration.java:241 [0:0] onReceive : no stock widget!!!
I/PhotoAppWidgetProvider( 7674): onReceive
I/PhotoAppWidgetProvider( 7674): PauseSlideShow
D/PhotoAppWidgetProvider( 7674): onReceive End
I/ActivityManager(  445): Start proc com.google.android.googlequicksearchbox for broadcast com.google.android.googlequicksearchbox/.CorporaUpdateReceiver: pid=28673 uid=10081 gids={3003}
I/ActivityManager(  445): No longer want com.google.android.apps.maps:LocationFriendService (pid 23457): hidden #21
I/ActivityThread(28673): Pub com.google.android.googlequicksearchbox.google: com.google.android.googlequicksearchbox.google.GoogleSuggestionProvider
I/ActivityThread(28673): Pub com.google.android.googlequicksearchbox.shortcuts: com.google.android.googlequicksearchbox.ShortcutsProvider
D/dalvikvm(  658): GC_CONCURRENT freed 399K, 40% free 3920K/6471K, external 0K/1280K, paused 1ms+2ms
I/ActivityManager(  445): Start proc com.google.android.apps.maps:LocationFriendService for broadcast com.google.android.apps.maps/com.google.googlenav.friend.reporting.LocationReportingIntentReceiver: pid=28682 uid=10072 gids={3003, 1015}
I/ActivityManager(  445): No longer want com.sec.android.widgetapp.digitalclock (pid 22626): hidden #21
W/ActivityManager(  445): Scheduling restart of crashed service com.sec.android.widgetapp.digitalclock/.DigitalClockService in 5000ms
D/dalvikvm(28682): GC_CONCURRENT freed 139K, 39% free 3479K/5639K, external 0K/0K, paused 2ms+2ms
D/dalvikvm(28682): GC_CONCURRENT freed 110K, 36% free 3875K/6023K, external 0K/0K, paused 1ms+2ms
I/QualcommCameraHardware(  325): constructing MemPool preview backed by pmem pool /dev/pmem_adsp: 4 frames @ 460800 bytes, buffer size 460800
V/QualcommCameraHardware(  325): pmem pool /dev/pmem_adsp ioctl(fd = 64, PMEM_GET_SIZE) is 1851392
D/QualcommCameraHardware(  325): mBufferSize=460800, mAlignedBufferSize=462848
D/QualcommCameraHardware(  325): num_buffers = 4
V/QualcommCameraHardware(  325): register_buf:  reg = 0 buffer = 0x42342000
V/QualcommCameraHardware(  325): register_buf:  reg = 0 buffer = 0x423b3000
V/QualcommCameraHardware(  325): register_buf:  reg = 0 buffer = 0x42424000
V/QualcommCameraHardware(  325): register_buf:  reg = 0 buffer = 0x42495000
I/QualcommCameraHardware(  325): PmemPool: (preview) X 
V/QualcommCameraHardware(  325): setDIS E
V/QualcommCameraHardware(  325): mDisEnabled = 0
V/QualcommCameraHardware(  325): setDIS X (1)
V/QualcommCameraHardware(  325): initREcord E
I/QualcommCameraHardware(  325): initRecord: mDimension.video_width = 640 mDimension.video_height = 480
V/QualcommCameraHardware(  325): mRecordFrameSize = 460800
I/QualcommCameraHardware(  325): constructing MemPool record backed by pmem pool /dev/pmem_smipool: 9 frames @ 460800 bytes, buffer size 460800
V/QualcommCameraHardware(  325): pmem pool /dev/pmem_smipool ioctl(fd = 66, PMEM_GET_SIZE) is 4165632
D/QualcommCameraHardware(  325): mBufferSize=460800, mAlignedBufferSize=462848
D/QualcommCameraHardware(  325): num_buffers = 9
V/QualcommCameraHardware(  325):  pmempool creating video buffers : active 1 
V/QualcommCameraHardware(  325): register_buf:  reg = 0 buffer = 0x42506000
V/QualcommCameraHardware(  325):  pmempool creating video buffers : active 1 
V/QualcommCameraHardware(  325): register_buf:  reg = 0 buffer = 0x42577000
V/QualcommCameraHardware(  325):  pmempool creating video buffers : active 1 
V/QualcommCameraHardware(  325): register_buf:  reg = 0 buffer = 0x425e8000
V/QualcommCameraHardware(  325):  pmempool creating video buffers : active 0 
V/QualcommCameraHardware(  325): register_buf:  reg = 0 buffer = 0x42659000
V/QualcommCameraHardware(  325):  pmempool creating video buffers : active 0 
V/QualcommCameraHardware(  325): register_buf:  reg = 0 buffer = 0x426ca000
V/QualcommCameraHardware(  325):  pmempool creating video buffers : active 0 
V/QualcommCameraHardware(  325): register_buf:  reg = 0 buffer = 0x4273b000
V/QualcommCameraHardware(  325):  pmempool creating video buffers : active 0 
V/QualcommCameraHardware(  325): register_buf:  reg = 0 buffer = 0x427ac000
V/QualcommCameraHardware(  325):  pmempool creating video buffers : active 0 
V/QualcommCameraHardware(  325): register_buf:  reg = 0 buffer = 0x4281d000
V/QualcommCameraHardware(  325):  pmempool creating video buffers : active 1 
V/QualcommCameraHardware(  325): register_buf:  reg = 0 buffer = 0x4288e000
I/QualcommCameraHardware(  325): PmemPool: (record) X 
V/QualcommCameraHardware(  325): initRecord :  record heap , video buffers  buffer=1112563712 fd=66 y_off=0 cbcr_off=307200 
V/QualcommCameraHardware(  325): initRecord :  record heap , video buffers  buffer=1113026560 fd=66 y_off=0 cbcr_off=307200 
V/QualcommCameraHardware(  325): initRecord :  record heap , video buffers  buffer=1113489408 fd=66 y_off=0 cbcr_off=307200 
V/QualcommCameraHardware(  325): initRecord :  record heap , video buffers  buffer=1113952256 fd=66 y_off=0 cbcr_off=307200 
V/QualcommCameraHardware(  325): initRecord :  record heap , video buffers  buffer=1114415104 fd=66 y_off=0 cbcr_off=307200 
V/QualcommCameraHardware(  325): initRecord :  record heap , video buffers  buffer=1114877952 fd=66 y_off=0 cbcr_off=307200 
V/QualcommCameraHardware(  325): initRecord :  record heap , video buffers  buffer=1115340800 fd=66 y_off=0 cbcr_off=307200 
V/QualcommCameraHardware(  325): initRecord :  record heap , video buffers  buffer=1115803648 fd=66 y_off=0 cbcr_off=307200 
V/QualcommCameraHardware(  325): initRecord :  record heap , video buffers  buffer=1116266496 fd=66 y_off=0 cbcr_off=307200 
V/QualcommCameraHardware(  325): cam_frame_flush_video: in n = 0
V/QualcommCameraHardware(  325): cam_frame_flush_video: out n = 0
V/QualcommCameraHardware(  325): initREcord X
I/QualcommCameraHardware(  325): preview_thread E
V/QualcommCameraHardware(  325): initPreview X: 1
E/QualcommCameraHardware(  325): Calling CAMERA_OPS_STREAMING_VIDEO
D/QualcommCameraHardware(  325): frame_thread E
V/QualcommCameraHardware(  325): runFrameThread E
E/mm-camera(  325): cam_set_vtmode : Enter with vtmode - (0)
E/mm-camera(  325): postproc_set_key: Sending IOCTL_PICT_PP: PP_KEY = 0 4
E/mm-camera(  325): cam_set_vtCameraID : Enter with vtCameraID - (0)
E/mm-camera(  325): cam_set_vtOrientation : Enter with Orientation - (0)
E/mm-camera(  325): cam_set_vtDimension : Enter : width-(0), height-(0)
E/mm-camera(  325): vfe_reset_vfe: vfe_util_sendcmd:3(rc = 1) 
E/CAM_FD  (  325): Sensor Mode HFR off
E/mm-camera(  325): vfe_util_get_sensor_info: mode=3
I/ActivityManager(  445): No longer want com.sec.android.widgetapp.buddiesnow (pid 22840): hidden #21
V/QualcommCameraHardware(  325): startPreviewInternal X
E/QualcommCameraHardware(  325): ignoring preview callback--1
I/ViewRoot(28643): !@FINISH DRAWING : edu.mit.csail.diplomamatrix/edu.mit.csail.diplomamatrix.StatusActivity
I/ActivityManager(  445): Displayed edu.mit.csail.diplomamatrix/.StatusActivity: +948ms
I/GLThread(  642): noticed surfaceView surface lost tid=15
W/EglHelper(  642): destroySurface()  tid=15
I/ViewRoot(28643): !@finishDrawing is completed : edu.mit.csail.diplomamatrix/edu.mit.csail.diplomamatrix.StatusActivity
I/SurfaceFlinger(  445): id=251 Removed SurfaceView idx=3 Map Size=9
I/SurfaceFlinger(  445): id=252 Removed com.sec.android.app.twlauncher/com.sec.android.app.twlauncher.Launcher idx=1 Map Size=8
W/WindowManager(  445): Window Window{40d90fa0 SurfaceView paused=false} destroyed surface Surface(name=SurfaceView, identity=-1, mNativeSurface=0), session Session{4098c180 uid 10003}
W/WindowManager(  445): Window Window{40d82d20 com.sec.android.app.twlauncher/com.sec.android.app.twlauncher.Launcher paused=false} destroyed surface Surface(name=com.sec.android.app.twlauncher/com.sec.android.app.twlauncher.Launcher, identity=-1, mNativeSurface=0), session Session{4098c180 uid 10003}
D/SurfaceFlinger(  445): remove count:1 destroying SurfaceView
D/msm8660.gralloc(  445): !@/dev/pmem: allocating pmem size=4096000, offset=12394496(0xbd2000)
D/SurfaceFlinger(  445): remove count:1 destroying com.sec.android.app.twlauncher/com.sec.android.app.twlauncher.Launcher
E/QualcommCameraHardware(  325): ignoring preview callback--0
I/ViewRoot(28643): !@FINISH DRAWING : edu.mit.csail.diplomamatrix/edu.mit.csail.diplomamatrix.StatusActivity
I/ViewRoot(28643): !@finishDrawing is completed : edu.mit.csail.diplomamatrix/edu.mit.csail.diplomamatrix.StatusActivity
I/GLThread(  642): onPause tid=15
I/Main thread(  642): onPause waiting for mPaused.
I/GLThread(  642): mPaused is now true tid=15
I/Launcher(  642): onStop. Launcher: 4061f548
D/QualcommCameraHardware(  325):  receivePreviewFrame : first frame queued, display heap being deallocated
I/ActivityManager(  445): Start proc com.sec.android.widgetapp.digitalclock for service com.sec.android.widgetapp.digitalclock/.DigitalClockService: pid=28693 uid=10095 gids={}
D/DigitalClock(28693): DigitalClockAppWidgetService.onCreate
E/AlarmManagerService(  445): android_server_AlarmManagerService_set to type=1, 1333616270.156000000
I/TetheringManagerService(27025): Running time = 100 seconds
V/AlarmManager(  445): Adding alarm Alarm{40b19dd0 type 1 com.tecace.tetheringmanager} at 0
V/AlarmManager(  445): sending alarm Alarm{40b19dd0 type 1 com.tecace.tetheringmanager}
D/BatteryService(  445): update start
D/BatteryService(  445): updateBattery level:5 scale:100 status:2 health:2 present:true voltage: 3671 temperature: 368 technology: Li-ion AC powered:false USB powered:true icon:17302237
D/UiModeManager(  445): updateConfigurationLocked: mDockState=0; mCarMode=false; mNightMode=0; uiMode=17
D/dalvikvm(  642): GC_EXPLICIT freed 435K, 48% free 4405K/8455K, external 21245K/22329K, paused 63ms
D/dalvikvm(22089): GC_EXPLICIT freed 14K, 42% free 3160K/5379K, external 36K/1300K, paused 85ms
D/dalvikvm(  685): GC_EXPLICIT freed 228K, 41% free 3405K/5767K, external 0K/0K, paused 71ms
E/AlarmManagerService(  445): android_server_AlarmManagerService_set to type=1, 1333616280.000000000
V/AlarmManager(  445): Adding alarm Alarm{40b19dd0 type 1 com.tecace.tetheringmanager} at 1
V/AlarmManager(  445): sending alarm Alarm{40b19dd0 type 1 com.tecace.tetheringmanager}
I/TetheringManagerService(27025): Running time = 120 seconds
I/TetheringManagerService(27025): Tethering time expired = 6
I/TetheringManagerService(27025): Service self stopped
I/TetheringManagerService(27025): Service is destroyed
I/TetheringManagerService(27025): Service restricted for SIM fail or airplane mode or factory mode unused timeout
I/ActivityManager(  445): No longer want com.att.featuredapps.handset (pid 22657): hidden #21
W/ActivityManager(  445): Scheduling restart of crashed service com.att.featuredapps.handset/com.att.featuredapps.widget.WidgetViewUpdaterService in 5000ms
I/ActivityManager(  445): Start proc com.att.featuredapps.handset for service com.att.featuredapps.handset/com.att.featuredapps.widget.WidgetViewUpdaterService: pid=28705 uid=10008 gids={3003, 1015}
I/ActivityThread(28705): Pub com.att.featuredapps.promowidget2: com.att.featuredapps.providers.ApplicationProvider
I/ActivityThread(28705): Pub com.att.featuredapps.promowidget: com.att.featuredapps.providers.PromotionProvider
D/com.att.featuredapps.PromoApplication(28705): Download Path: /mnt/sdcard/promo/
I/com.att.featuredapps.PromoApplication(28705): Locale detected: en-US
I/com.att.featuredapps.PromoApplication(28705): Found download directory for promotions: /mnt/sdcard/promo, Result =false
I/System.out(28705): PACKAGE NAME: com.att.featuredapps
D/dalvikvm( 7069): GC_EXPLICIT freed 20K, 42% free 3138K/5379K, external 0K/0K, paused 123ms
E/AlarmManagerService(  445): android_server_AlarmManagerService_set to type=1, 1333684800.000000000
V/AlarmManager(  445): sending alarm Alarm{40b181d0 type 1 android}
E/AlarmManagerService(  445): android_server_AlarmManagerService_set to type=1, 1333616340.000000000
V/AlarmManager(  445): Adding alarm Alarm{4096d3f8 type 1 android} at 0
D/dalvikvm( 1706): GC_EXPLICIT freed 10K, 35% free 4514K/6855K, external 0K/0K, paused 77ms
D/dalvikvm( 7644): GC_EXPLICIT freed 53K, 41% free 3230K/5447K, external 0K/0K, paused 66ms
D/BatteryService(  445): update start
D/BatteryService(  445): updateBattery level:5 scale:100 status:2 health:2 present:true voltage: 3667 temperature: 367 technology: Li-ion AC powered:false USB powered:true icon:17302237
D/UiModeManager(  445): updateConfigurationLocked: mDockState=0; mCarMode=false; mNightMode=0; uiMode=17
D/DATA    (  589): [DSST(0)] pollstate() : reason = data network state changed
D/DATA    (  589): [DSST(0)] Poll ServiceState done: oldSS=[0 home null null null  HSPA CSS not supported -1 -1RoamInd: -1DefRoamInd: -1EmergOnly: false] newSS=[0 home null null null  HSPA CSS not supported -1 -1RoamInd: -1DefRoamInd: -1EmergOnly: false]
V/AlarmManager(  445): Adding alarm Alarm{40abb728 type 2 com.google.android.location} at 1
V/AlarmManager(  445): Adding alarm Alarm{409ab908 type 2 com.google.android.apps.maps} at 5
D/DATA    (  589): [DSST(0)] pollstate() : reason = data network state changed
V/DATA    (  589): [DCT(0) ] onDataCallListChanged:
V/DATA    (  589): [DCT(0) ] ---dc state list---
V/DATA    (  589): [DCT(0) ] DataCallState: { cid: 0, active: 2, type: , apn: pta, address: 10.8.248.107 }
V/DATA    (  589): [DCT(0) ] ---dc list---
V/DATA    (  589): [DCT(0) ] cid = 0, state = DcActiveState, bearerType = IP, ipaddress = 10.8.248.107, gw=10.8.248.105, dns=[172.26.38.1, 172.26.38.2]
I/TelephonyRegistry(  445): notifyServiceState: 0 home AT&T AT&T 310410  HSPA CSS not supported -1 -1RoamInd: -1DefRoamInd: -1EmergOnly: false
I/GlobalActions(  445): inAirplaneModefalse mAirplaneStateOff serviceState.getState()0
W/EDM     (  445):  >>> CallingPolicyService.mPhoneListener.new PhoneStateListener() {...}.onServiceStateChanged()
W/EDM     (  445): >>> CallingPolicyService.loadSettings()
W/EDM     (  445): >>> CallingPolicyService.getAdminIdByLastChange()
W/EDM     (  445): >>> CallingPolicyService.getLastChangeId()
W/EDM     (  445): CallingPolicyService.getAdminIdByLastChange() adminId : -1
D/FlightSettingButton(  559): EVENT_SERVICE_STATE_CHANGED received
E/FlightSettingButton(  559): updateStatus : 0
I/ActivityManager(  445): Start proc com.sec.android.app.popupuireceiver for broadcast com.sec.android.app.popupuireceiver/.PopupuiReceiver: pid=28725 uid=1000 gids={3003, 1015, 2001, 3002, 3001, 1001, 1006}
D/AlarmManagerService(  445): Kernel timezone updated to 240 minutes west of GMT
D/SystemClock(  589): Setting time of day to sec=1333616295
D/SystemClock(  589): Trying to open a file
D/SystemClock(  589): File Open Failed
E/AlarmManagerService(  445): android_server_AlarmManagerService_set to type=1, 1333616340.000000000
V/AlarmManager(  445): Adding alarm Alarm{40d92bf8 type 1 android} at 0
I/DrmEventService(  445): userUpdatedTimeReceiver intent is recievedandroid.intent.action.TIME_SET
I/DrmEventService(  445): autoEnable = 1
I/DrmEventService(  445): timeFormat before setting = 12
I/DrmEventService(  445): nowTimeFormat before setting = 12
I/DrmEventService(  445): timeFormat after setting = 12
I/DrmEventService(  445): nowTimeFormat after setting = 12
I/DrmEventService(  445): userUpdatedTimeReceiver time format is not changed check if it is NITZ Update
I/DrmEventService(  445): This is a NITZ update.So no need to update delta
I/DrmEventService(  445): nitZReceiver intent is recievedandroid.intent.action.NETWORK_SET_TIME
I/DrmEventService(  445): handleNitztimeUpdation
I/DrmEventService(  445): date is :: year2012month4day5hour8minute58second15
I/DrmEventService(  445): calling handleDbOperation : TIME_CLOCK_UPDATE 
I/DrmEventService(  445): handleDbOperation case 6
I/DrmEventService(  445): handleDbOperation processDrmRequest 
I/DrmManagerClientImpl(Native)(  445): DrmManagerClientImpl::processDrmRequest::calling managerservice
I/DrmManager(Native)(  324): DrmManager::processDrmRequest  eneterd
I/DrmManager(Native)(  324): DrmManager::processDrmRequest calling IDrmEngine
D/DATA    (  589): [DSST(0)] Poll ServiceState done: oldSS=[0 home null null null  HSPA CSS not supported -1 -1RoamInd: -1DefRoamInd: -1EmergOnly: false] newSS=[0 home null null null  LTE CSS not supported -1 -1RoamInd: -1DefRoamInd: -1EmergOnly: false]
I/TelephonyRegistry(  445): notifyServiceState: 0 home AT&T AT&T 310410  LTE CSS not supported -1 -1RoamInd: -1DefRoamInd: -1EmergOnly: false
D/FlightSettingButton(  559): EVENT_SERVICE_STATE_CHANGED received
E/FlightSettingButton(  559): updateStatus : 0
