D/BatteryService(  445): updateBattery level:5 scale:100 status:2 health:2 present:true voltage: 3671 temperature: 366 technology: Li-ion AC powered:false USB powered:true icon:17302237
D/UiModeManager(  445): updateConfigurationLocked: mDockState=0; mCarMode=false; mNightMode=0; uiMode=17
D/InputReader(  445): Input event: value=1
I/ScreenCaptureAction(  445): updateHomeKeyPressed(), pressed = true
D/RestrictionPolicy(  445): isHomeKeyEnabled :true
I/InputDispatcher(  445): Delivering key to current input target: action: 0, channel '409f5d08 Keyguard (server)'
I/InputDispatcher(  445): Delivering key to current input target: action: 0, channel 'PenGestureView (server)'
D/PowerManagerService(  445): acquireWakeLock flags=0x1000001a tag=keyguard uid=1000 pid=445   myUID=1000 myPID=445 myTID=496
I/PowerManagerService(  445): Ulight 3->7|0
D/PowerManagerService(  445): setLightBrightness : mButtonLight : 129
D/InputReader(  445): Input event: value=0
I/ScreenCaptureAction(  445): updateHomeKeyPressed(), pressed = false
D/RestrictionPolicy(  445): isHomeKeyEnabled :true
I/InputDispatcher(  445): Delivering key to current input target: action: 1, channel '409f5d08 Keyguard (server)'
I/InputDispatcher(  445): Delivering key to current input target: action: 1, channel 'PenGestureView (server)'
D/InputReader(  445): Input event: value=1
I/ScreenCaptureAction(  445): updateHomeKeyPressed(), pressed = true
D/RestrictionPolicy(  445): isHomeKeyEnabled :true
I/InputDispatcher(  445): Delivering key to current input target: action: 0, channel '409f5d08 Keyguard (server)'
I/InputDispatcher(  445): Delivering key to current input target: action: 0, channel 'PenGestureView (server)'
D/PowerManagerService(  445): acquireWakeLock flags=0x1000001a tag=keyguard uid=1000 pid=445   myUID=1000 myPID=445 myTID=496
D/InputReader(  445): Input event: value=0
I/ScreenCaptureAction(  445): updateHomeKeyPressed(), pressed = false
D/RestrictionPolicy(  445): isHomeKeyEnabled :true
I/InputDispatcher(  445): Delivering key to current input target: action: 1, channel '409f5d08 Keyguard (server)'
I/InputDispatcher(  445): Delivering key to current input target: action: 1, channel 'PenGestureView (server)'
D/InputReader(  445): Input event: value=1
I/ScreenCaptureAction(  445): updateHomeKeyPressed(), pressed = true
D/RestrictionPolicy(  445): isHomeKeyEnabled :true
I/InputDispatcher(  445): Delivering key to current input target: action: 0, channel '409f5d08 Keyguard (server)'
I/InputDispatcher(  445): Delivering key to current input target: action: 0, channel 'PenGestureView (server)'
D/PowerManagerService(  445): acquireWakeLock flags=0x1000001a tag=keyguard uid=1000 pid=445   myUID=1000 myPID=445 myTID=496
D/InputReader(  445): Input event: value=0
I/ScreenCaptureAction(  445): updateHomeKeyPressed(), pressed = false
D/RestrictionPolicy(  445): isHomeKeyEnabled :true
I/InputDispatcher(  445): Delivering key to current input target: action: 1, channel '409f5d08 Keyguard (server)'
I/InputDispatcher(  445): Delivering key to current input target: action: 1, channel 'PenGestureView (server)'
I/InputReader(  445): dispatchTouch::touch event's action is 0, pending(waiting finished signal)=0
I/InputDispatcher(  445): Delivering touch to current input target: action: 0, channel '409f5d08 Keyguard (server)'
I/InputDispatcher(  445): Delivering touch to current input target: action: 0, channel 'PenGestureView (server)'
D/dalvikvm(  445): GC_EXTERNAL_ALLOC freed 1260K, 39% free 8551K/13895K, external 22410K/23560K, paused 88ms
I/InputReader(  445): dispatchTouch::touch event's action is 1, pending(waiting finished signal)=1
D/CircleLockScreen(  445): Image = 0
D/CircleLockScreen(  445): circleUnlockAnimation value : 0.0
D/PowerManagerService(  445): acquireWakeLock flags=0x1000001a tag=keyguard uid=1000 pid=445   myUID=1000 myPID=445 myTID=496
I/InputDispatcher(  445): Dropped event because of pending overdue app switch.
D/InputDispatcher(  445): [DROP] initialize cntPair(sender-receiver): 3
I/InputDispatcher(  445): Delivering touch to current input target: action: 3, channel 'PenGestureView (server)'
I/InputDispatcher(  445): Dropped event because of pending overdue app switch.
D/InputDispatcher(  445): [DROP] initialize cntPair(sender-receiver): 3
D/CircleLockScreen(  445): circleUnlockAnimation value : 0.8959879104644408
D/CircleLockScreen(  445): Image = 16
D/PowerManagerService(  445): acquireWakeLock flags=0x1000001a tag=keyguard uid=1000 pid=445   myUID=1000 myPID=445 myTID=496
I/InputDispatcher(  445): Delivering touch to current input target: action: 3, channel '409f5d08 Keyguard (server)'
D/KeyguardViewMediator(  445): keyguardDone(true)
D/KeyguardViewMediator(  445): handleKeyguardDone
D/KeyguardViewMediator(  445): handleHide
D/KeyguardViewMediator(  445): adjustUserActivityLocked mShowing: false mHidden: false
E/KeyguardViewMediator(  445): Phone is boot completed. so can broadcast
D/PowerManagerService(  445): enableUserActivity true
D/PowerManagerService(  445): releaseWakeLockLocked flags=0x0 tag=keyguard myUID=1000 myPID=445 myTID=496
I/PowerManagerService(  445): Ulight 7->3|0
D/PowerManagerService(  445): setLightBrightness : mButtonLight : 0
I/OrientationDebug(  445): [pwm] in updateOrientationListenerLp()
V/OrientationDebug(  445): in updateOrientationListenerLp(), Screen status=true, current orientation=-1, SensorEnabled=false
I/OrientationDebug(  445): [pwm] needSensorRunningLp(), return false #3
I/Launcher(  642): ACTION_USER_PRESENT mIsActive=false mMenuManager.isOpened()=false
E/WindowManager(  445): rotation is : 0
D/InputTransport(  445): Input channel destroyed: name='40aacaa8 Starting edu.mit.csail.diplomamatrix (server)', ashmemFd=323, receivePipeFd=338, sendPipeFd=331
D/InputTransport(  445): Input channel destroyed: name='40aacaa8 Starting edu.mit.csail.diplomamatrix (client)', ashmemFd=326, receivePipeFd=327, sendPipeFd=339
I/OrientationDebug(  445): [pwm] in updateOrientationListenerLp()
V/OrientationDebug(  445): in updateOrientationListenerLp(), Screen status=true, current orientation=5, SensorEnabled=false
I/OrientationDebug(  445): [pwm] needSensorRunningLp(), return false #3
E/WindowManager(  445): rotation is : 0
E/MTPRx   (27073): In MtpReceiverandroid.intent.action.USER_PRESENT
I/AxT9IME (  582): AxT9IME::onStartInputView() restarting : false
I/AxT9IME (  582): AxT9IME::onStartInputView() EditorClass : 1
I/AxT9IME (  582): AxT9IME::onStartInputView() EditorFlag : 0
W/InputManagerService(  445): Got RemoteException sending setActive(false) notification to pid 26255 uid 10124
I/AxT9IME (  582): AxT9IME::onStartInputView() EditorVariation : 0
I/AxT9IME (  582): AxT9IME::onStartInputView() imeOption : 0
I/AxT9IME (  582): AxT9IME::onStartInputView() privateImeOptions : null
D/DIOTEK  (  582): ./../engine/rel/source/libhwr/api_impl.cc(97) DHWRInkClear: obj: 0x00169260
D/DIOTEK  (  582): ./../engine/rel/source/libhwr/api_impl.cc(109) DHWRInkClear: out
I/SurfaceFlinger(  445): id=255 Removed Keyguard idx=8 Map Size=7
D/DIOTEK  (  582): ./../engine/rel/source/libhwr/api_impl.cc(97) DHWRInkClear: obj: 0x00169260
D/DIOTEK  (  582): ./../engine/rel/source/libhwr/api_impl.cc(109) DHWRInkClear: out
I/OrientationDebug(  445): [pwm] in updateOrientationListenerLp()
V/OrientationDebug(  445): in updateOrientationListenerLp(), Screen status=true, current orientation=-1, SensorEnabled=false
I/OrientationDebug(  445): [pwm] needSensorRunningLp(), return false #3
E/WindowManager(  445): rotation is : 0
W/WindowManager(  445): Window Window{409f5d08 Keyguard paused=false} destroyed surface Surface(name=Keyguard, identity=-1, mNativeSurface=0), session Session{409f3c70 uid 1000}
D/Keyboard(  582): islockscreenmaking isLockScreenViewMaking() = false
V/Keyboard(  582): islockscreenmaking keyboard's display metrics:DisplayMetrics{density=2.0, width=800, height=1280, scaledDensity=2.0, xdpi=286.19717, ydpi=285.193}
D/CLIPBOARD(28643): Hide Clipboard dialog at Starting input: finished by someone else... !
D/SurfaceFlinger(  445): remove count:1 destroying Keyguard
E/AxT9IME (  582): WordSymbInit: 1
E/AxT9IME (  582): WordSymbInit: 1
E/AxT9IME (  582): Invalid Language = Korean
D/DioHWR  (  582): Try to LoadLibrary.
D/DioWP   (  582): LoadLibrary  from /system/lib/libDWP.so
D/dalvikvm(  582): No JNI_OnLoad found in /system/lib/libDWP.so 0x4051c8e0, skipping init
E/AxT9IME (  582): ERROR : currentKeyboard is null in restoreShiftInputMode()!!!
D/Keyboard(  582): islockscreenmaking isLockScreenViewMaking() = false
V/Keyboard(  582): islockscreenmaking keyboard's display metrics:DisplayMetrics{density=2.0, width=800, height=1280, scaledDensity=2.0, xdpi=286.19717, ydpi=285.193}
I/DIOTEK  (  582): ./../engine/rel/source/libhwr/api_impl.cc(307) DHWRSetWritingArea: left:0, top:0, right:0, bottom:0, sizeRate:40
E/AxT9IME (  582): SelLstBuild:sStatus = 4
E/AxT9IME (  582): mAWLinguistic.SelLstBuild:wStatus = 4
E/AxT9IME (  582): mAWLinguistic.SelLstPostShift:wStatus= 34
I/SurfaceFlinger(  445): id=258 Removed Starting edu.mit.csail.diplomamatrix idx=3 Map Size=6
W/WindowManager(  445): Window Window{40aacaa8 Starting edu.mit.csail.diplomamatrix paused=false} destroyed surface Surface(name=Starting edu.mit.csail.diplomamatrix, identity=-1, mNativeSurface=0), session Session{409f3c70 uid 1000}
D/SurfaceFlinger(  445): remove count:1 destroying Starting edu.mit.csail.diplomamatrix
D/dalvikvm(  582): GC_EXTERNAL_ALLOC freed 217K, 32% free 5159K/7559K, external 13547K/13562K, paused 51ms
E/AxT9IME (  582): SelLstBuild:sStatus = 4
E/AxT9IME (  582): mAWLinguistic.SelLstBuild:wStatus = 4
E/AxT9IME (  582): mAWLinguistic.SelLstPostShift:wStatus= 34
I/SurfaceFlinger(  445): id=250 Removed InputMethod idx=3 Map Size=5
W/WindowManager(  445): Window Window{409cccb8 InputMethod paused=false} destroyed surface Surface(name=InputMethod, identity=-1, mNativeSurface=0), session Session{409cc970 uid 10109}
D/CircleLockScreen(  445): onPause()
D/GlassLockScreenMusicWidget(  445): onPause()
D/CircleMissedEventWidget(  445): onPause()
D/CircleLockScreen(  445): cleanUp()
D/WallpaperWidget(  445): cleanUp()
D/GlassLockScreenMusicWidget(  445): cleanUp()
D/CircleMissedEventWidget(  445): cleanUp()
D/SurfaceFlinger(  445): remove count:1 destroying InputMethod
D/InputReader(  445): Input event: value=1
I/PowerManagerService(  445): Ulight 3->7|0
D/PowerManagerService(  445): setLightBrightness : mButtonLight : 129
V/AudioPolicyManager(  325): getParamFromPolicy  deviceInt = 0, situationInt = 1, situationVolume = 1.000000
I/InputDispatcher(  445): Delivering key to current input target: action: 0, channel '40b27f18 edu.mit.csail.diplomamatrix/edu.mit.csail.diplomamatrix.StatusActivity (server)'
I/InputDispatcher(  445): Delivering key to current input target: action: 0, channel 'PenGestureView (server)'
V/AudioPolicyService(  325): startOutput() tid 325
V/AudioPolicyManager(  325): startOutput() output 1, stream 1, session 124
V/AudioPolicyManager(  325): getDeviceForStrategy() from cache strategy 0, device 2
V/AudioPolicyManager(  325): getNewDevice() selected device 2
V/AudioPolicyManager(  325): setOutputDevice() output 1 device 2 delayMs 0
V/AudioPolicyManager(  325): setOutputDevice() setting same device 2 or null device for output 1
E/AudioTrack(  445): Audio track delete
E/AudioTrack(  445): stop 0x1d36c8
E/AudioTrack(  445): Stop complete
E/AudioTrack(  445): Audio track exit start
E/AudioTrack(  445): Audio track exit done
V/AudioPolicyService(  325): releaseOutput() tid 524
V/AudioPolicyManager(  325): releaseOutput() 1
I/StatusActivity(28643): 1333616337052: HI I'm in ONPAUSE()
V/AudioHardwareMSM8660(  325): open driver
I/InputDispatcher(  445): Delivering key to current input target: action: 1, channel '40b27f18 edu.mit.csail.diplomamatrix/edu.mit.csail.diplomamatrix.StatusActivity (server)'
I/OrientationDebug(  445): [pwm] in updateOrientationListenerLp()
V/OrientationDebug(  445): in updateOrientationListenerLp(), Screen status=true, current orientation=1, SensorEnabled=false
I/OrientationDebug(  445): [pwm] needSensorRunningLp(), return false #3
E/WindowManager(  445): rotation is : 0
V/AudioHardwareMSM8660(  325): get config
V/AudioHardwareMSM8660(  325): set config
V/AudioHardwareMSM8660(  325): buffer_size: 4800
V/AudioHardwareMSM8660(  325): buffer_count: 2
V/AudioHardwareMSM8660(  325): channel_count: 2
V/AudioHardwareMSM8660(  325): sample_rate: 44100
D/AudioHardwareMSM8660(  325): write(): dec_id = 1 cur_rx = 2
V/AudioHardwareMSM8660(  325): cur_rx for pcm playback = 2
D/AudioHardwareMSM8660(  325): value of device and enable is 2 1 ALSA dev id:2
I/GLThread(  642): onResume tid=15
I/Main thread(  642): onResume waiting for !mPaused.
I/GLThread(  642): mPaused is now false tid=15
D/Launcher(  642): It's image wallpaper. suggestDesiredDimensions(800 , 1280 )
I/Launcher(  642): onRestart. Launcher: 4061f548
I/Launcher(  642): onResume. Launcher: 4061f548, mIsNewIntent: false
E/WallpaperService(  445): setDimensionHints ! w=800
I/ApplicationUsage(  445): Updating Usage Statistics in DB @ 1333616337131
I/SurfaceFlinger(  445): id=261(57) createSurface 0x5f431c for pid 642 (800x1230),1 flag=0, SurfaceView
E/com.samsung.app( 7061): [MSC_Accu]>>> WeatherWidgetProvider.java:354 [0:0] onReceive@ sec.android.intent.action.HOME_RESUME
I/WindowManager(  445):   CREATE SURFACE Surface(name=SurfaceView, identity=261, mNativeSurface=0) IN SESSION android.view.SurfaceSession@406c7840: pid=642 format=1 flags=0x0 / Window{40d90fa0 SurfaceView paused=false}
D/ACDB-LOADER(  325): ACDB -> send_audio_cal, acdb_id = 2, path =  0
D/ACDB-LOADER(  325): ACDB -> send_audtable
D/ACDB-LOADER(  325): ACDB -> ACDB_CMD_GET_AUDPROC_COMMON_TABLE
D/ACDB-LOADER(  325): ACDB -> AUDIO_SET_AUDPROC_CAL
D/ACDB-LOADER(  325): ACDB -> send_audvoltable
D/ACDB-LOADER(  325): ACDB -> ACDB_CMD_GET_AUDPROC_GAIN_DEP_VOLTBL_STEP_COPP
D/ACDB-LOADER(  325): ACDB -> AUDIO_SET_AUDPROC_VOL_CAL
E/com.samsung.app( 7061): [MSC_Accu]>>> WidgetIdManager.java:53 [0:0] AccuWeatherClockWidgetID_Length
E/com.samsung.app( 7061): [MSC_Accu]>>> WidgetIdManager.java:54 [0:0] getPrefIDs@lngth:1
E/com.samsung.app( 7061): [MSC_Accu]>>> WidgetIdManager.java:60 [0:0] getPrefIDs@Ids1:4
I/GLThread(  642): noticed surfaceView surface acquired tid=15
W/GLThread(  642): egl createSurface
W/EglHelper(  642): createSurface()  tid=15
I/Main thread(  642): onWindowResize waiting for render complete from tid=15
D/msm8660.gralloc(  445): !@/dev/pmem: allocating pmem size=3993600, offset=32669696(0x1f28000)
W/AudioFlinger(  325): write blocked for 97 msecs, 26 delayed writes, thread 0x32948
W/GLThread(  642): onSurfaceChanged(800, 1230)
I/GLThread(  642): noticing that we want render notification tid=15
W/GLThread(  642): onSurfaceChanged(800, 1230)
I/Main thread(  642): onWindowResize waiting for render complete from tid=15
D/InputReader(  445): Input event: value=0
E/com.samsung.app( 7644): [MSC]>>> StockClock_Integration.java:235 [0:0] onReceive sec.android.intent.action.HOME_RESUME
E/com.samsung.app( 7644): [MSC]>>> StockClock_Integration.java:241 [0:0] onReceive : no stock widget!!!
I/PhotoAppWidgetProvider( 7674): onReceive
I/PhotoAppWidgetProvider( 7674): RestartSlideShow
D/PhotoDatabaseHelper( 7674): getWidgetIdList query count : 0
D/PhotoAppWidgetProvider( 7674): onReceive End
D/msm8660.gralloc(  445): !@/dev/pmem: allocating pmem size=3993600, offset=2048000(0x1f4000)
I/GLThread(  642): sending render notification tid=15
I/SurfaceFlinger(  445): id=262(58) createSurface 0x596f24 for pid 642 (800x1280),1 flag=400, com.sec.android.app.twlauncher/com.sec.android.app.twlauncher.Launcher
I/InputDispatcher(  445): Delivering key to current input target: action: 1, channel '40d82d20 com.sec.android.app.twlauncher/com.sec.android.app.twlauncher.Launcher (server)'
I/InputDispatcher(  445): Delivering key to current input target: action: 1, channel 'PenGestureView (server)'
I/WindowManager(  445):   CREATE SURFACE Surface(name=com.sec.android.app.twlauncher/com.sec.android.app.twlauncher.Launcher, identity=262, mNativeSurface=0) IN SESSION android.view.SurfaceSession@406c7840: pid=642 format=-2 flags=0x400 / Window{40d82d20 com.sec.android.app.twlauncher/com.sec.android.app.twlauncher.Launcher paused=false}
D/Surface (  642): Surface is full screen
D/DigitalClock(28693): DigitalClockAppWidget.onReceive : ACTION_HOME_RESUME is called!!
E/AudioTrack(  445): stop 0x30a5b0
V/AudioPolicyService(  325): stopOutput() tid 525
V/AudioPolicyManager(  325): stopOutput() output 1, stream 1, session 124
V/AudioPolicyManager(  325): getNewDevice() selected device 0
V/AudioPolicyManager(  325): setOutputDevice() output 1 device 0 delayMs 0
V/AudioPolicyManager(  325): setOutputDevice() setting same device 0 or null device for output 1
E/AudioTrack(  445): Stop complete
D/dalvikvm(28643): GC_CONCURRENT freed 128K, 39% free 3415K/5575K, external 1234K/1288K, paused 1ms+2ms
D/dalvikvm(  642): GC_EXTERNAL_ALLOC freed 361K, 48% free 4446K/8455K, external 22287K/22303K, paused 153ms
I/Launcher(  642): onWindowFocusChanged(true)
D/CLIPBOARD(28643): Hide Clipboard dialog at Starting input: finished by someone else... !
D/msm8660.gralloc(  445): !@/dev/pmem: allocating pmem size=4096000, offset=38711296(0x24eb000)
I/ViewRoot(  642): !@FINISH DRAWING : com.sec.android.app.twlauncher/com.sec.android.app.twlauncher.Launcher
I/CameraSurfaceView(28643): inside surfaceDestroyed()
V/QualcommCameraHardware(  325):  Overlay object NULL. returning 
I/ViewRoot(  642): !@finishDrawing is completed : com.sec.android.app.twlauncher/com.sec.android.app.twlauncher.Launcher
D/SecCameraCoreManager(  325): virtual void android::SecCameraCoreManager::stopPreview():stop IT Policy checking thread
I/Overlay (  445): destroyOverlay 
V/QualcommCameraHardware(  325): stopPreview: E
I/QualcommCameraHardware(  325): stopPreviewInternal E: 1
V/QualcommCameraHardware(  325): cancelAutoFocusDefault E (cancel : 414608)
V/QualcommCameraHardware(  325): native_set_ext_config E (cmd = 11)
V/QualcommCameraHardware(  325): cancelAutoFocusDefault X: 1
E/mm-camera(  325): vfe_stop_vfe: vfe_util_sendcmd:3(rc = 1) 
I/QualcommCameraHardware(  325): deinitPreview E
I/QualcommCameraHardware(  325): deinitPreview X
V/QualcommCameraHardware(  325): in stopPreviewInternal: making mVideoThreadExit 1
V/QualcommCameraHardware(  325): cam_frame_flush_video: in n = 0
V/QualcommCameraHardware(  325): cam_frame_flush_video: out n = 0
I/QualcommCameraHardware(  325): stopPreviewInternal X: 0
V/QualcommCameraHardware(  325): stopPreview: X
I/QualcommCameraHardware(  325): preview_thread X
I/QualcommCameraHardware(  325): ~PmemPool: preview E
V/QualcommCameraHardware(  325): register_buf:  reg = 1 buffer = 0x42342000
V/QualcommCameraHardware(  325): register_buf:  reg = 1 buffer = 0x423b3000
V/QualcommCameraHardware(  325): register_buf:  reg = 1 buffer = 0x42424000
V/QualcommCameraHardware(  325): register_buf:  reg = 1 buffer = 0x42495000
I/QualcommCameraHardware(  325): ~PmemPool: preview X
V/QualcommCameraHardware(  325): destroying MemPool preview
V/QualcommCameraHardware(  325): destroying MemPool preview completed
I/QualcommCameraHardware(  325): ~PmemPool: record E
V/QualcommCameraHardware(  325): register_buf:  reg = 1 buffer = 0x42506000
V/QualcommCameraHardware(  325): register_buf:  reg = 1 buffer = 0x42577000
V/QualcommCameraHardware(  325): register_buf:  reg = 1 buffer = 0x425e8000
V/QualcommCameraHardware(  325): register_buf:  reg = 1 buffer = 0x42659000
V/QualcommCameraHardware(  325): register_buf:  reg = 1 buffer = 0x426ca000
V/QualcommCameraHardware(  325): register_buf:  reg = 1 buffer = 0x4273b000
V/QualcommCameraHardware(  325): register_buf:  reg = 1 buffer = 0x427ac000
V/QualcommCameraHardware(  325): register_buf:  reg = 1 buffer = 0x4281d000
V/QualcommCameraHardware(  325): register_buf:  reg = 1 buffer = 0x4288e000
I/QualcommCameraHardware(  325): ~PmemPool: record X
V/QualcommCameraHardware(  325): destroying MemPool record
I/CameraSurfaceView(28643): inside surfaceDestroyed()
D/CameraService(  325): disconnect E (pid 28643)
V/QualcommCameraHardware(  325): stopPreview: E
I/QualcommCameraHardware(  325): stopPreviewInternal E: 0
I/QualcommCameraHardware(  325): stopPreviewInternal X: 0
V/QualcommCameraHardware(  325): stopPreview: X
I/QualcommCameraHardware(  325): cancelPicture: E
I/QualcommCameraHardware(  325): cancelPicture: setting mSnapshotCancel to true
I/QualcommCameraHardware(  325): cancelPicture: X: 0
D/SecCameraCoreManager(  325): virtual void android::SecCameraCoreManager::release(): release IT policy checking thread
I/QualcommCameraHardware(  325): release E
I/QualcommCameraHardware(  325): release: mCameraRunning = 0
V/QualcommCameraHardware(  325): deinitRaw E
V/QualcommCameraHardware(  325): deinitRaw X
V/QualcommCameraHardware(  325): deinitRawSnapshot E
V/QualcommCameraHardware(  325): deinitRawSnapshot X
I/QualcommCameraHardware(  325): release: clearing resources done.
V/QualcommCameraHardware(  325): release : Clearing the mThumbnailHeap and mDisplayHeap
I/QualcommCameraHardware(  325): release 1: before LINK_mm_camera_deinit.
E/CAM_FD  (  325): cam_conf: CAMERA_EXIT
I/QualcommCameraHardware(  325): release 2: after LINK_mm_camera_deinit.
I/QualcommCameraHardware(  325): release 3: after LINK_mm_camera_deinit.
I/QualcommCameraHardware(  325): release 4: after LINK_mm_camera_deinit.
I/QualcommCameraHardware(  325): release 5: after LINK_mm_camera_deinit.
I/QualcommCameraHardware(  325): release 6: after LINK_mm_camera_deinit.
V/QualcommCameraHardware(  325): destroying MemPool record completed
I/QualcommCameraHardware(  325): release X: mCameraRunning = 0, mFrameThreadRunning = 1
V/QualcommCameraHardware(  325): runFrameThread X
I/QualcommCameraHardware(  325): mVideoThreadRunning = 0, mSnapshotThreadRunning = 0, mJpegThreadRunning = 0
I/QualcommCameraHardware(  325): camframe_timeout_flag = 0, mAutoFocusThreadRunning = 0
D/QualcommCameraHardware(  325): frame_thread X
I/SecCameraCoreManager(  325): SecCameraCoreManager destroyed: pid=325
I/SecCameraCoreManager(  325): set saturation to 0.17
I/ShotSingle(  325): ShotSingle destroyed: pid=325
I/ShotCommon(  325): ShotCommon destroyed: pid=325
I/QualcommCameraHardware(  325): ~QualcommCameraHardware E
V/QualcommCameraHardware(  325): ~MMCameraDL: E
D/dalvikvm(  642): GC_EXTERNAL_ALLOC freed 105K, 48% free 4427K/8455K, external 22238K/22661K, paused 88ms
V/QualcommCameraHardware(  325): closed MM Camera DL 
V/QualcommCameraHardware(  325): ~MMCameraDL: X
I/QualcommCameraHardware(  325): ~QualcommCameraHardware X
D/CameraService(  325): CameraService::removeClient E (pid 28643)
D/CameraService(  325): CameraService::removeClient X (pid 28643)
D/CameraService(  325): disconnect X (pid 28643)
D/CameraService(  325): Client::~Client E (pid 325, this 0xb8c00)
D/CameraService(  325): disconnect E (pid 325)
V/MediaPlayerService(  325): disconnect(79) from pid 325
D/StagefrightPlayer(  325): reset
D/StagefrightPlayer(  325): reset over
D/StagefrightPlayer(  325): reset
D/StagefrightPlayer(  325): reset over
V/MediaPlayerService(  325): Client(79) destructor pid = 325
V/AudioSink(  325): close
V/MediaPlayerService(  325): disconnect(79) from pid 325
V/MediaPlayerService(  325): disconnect(80) from pid 325
D/StagefrightPlayer(  325): reset
D/StagefrightPlayer(  325): reset over
D/StagefrightPlayer(  325): reset
D/StagefrightPlayer(  325): reset over
V/MediaPlayerService(  325): Client(80) destructor pid = 325
V/AudioSink(  325): close
V/MediaPlayerService(  325): disconnect(80) from pid 325
V/MediaPlayerService(  325): disconnect(81) from pid 325
D/StagefrightPlayer(  325): reset
D/StagefrightPlayer(  325): reset over
D/StagefrightPlayer(  325): reset
D/StagefrightPlayer(  325): reset over
V/MediaPlayerService(  325): Client(81) destructor pid = 325
V/AudioSink(  325): close
V/MediaPlayerService(  325): disconnect(81) from pid 325
D/CameraService(  325): Client::~Client X (pid 325, this 0xb8c00)
I/SurfaceFlinger(  445): id=259 Removed edu.mit.csail.diplomamatrix/edu.mit.csail.diplomamatrix.StatusActivity idx=5 Map Size=6
I/SurfaceFlinger(  445): id=260 Removed SurfaceView idx=4 Map Size=6
W/WindowManager(  445): Window Window{40b27f18 edu.mit.csail.diplomamatrix/edu.mit.csail.diplomamatrix.StatusActivity paused=false} destroyed surface Surface(name=edu.mit.csail.diplomamatrix/edu.mit.csail.diplomamatrix.StatusActivity, identity=-1, mNativeSurface=0), session Session{40cd6a00 uid 10124}
W/WindowManager(  445): Window Window{40cd1388 SurfaceView paused=false} destroyed surface Surface(name=SurfaceView, identity=-1, mNativeSurface=0), session Session{40cd6a00 uid 10124}
D/msm8660.gralloc(  445): !@/dev/pmem: allocating pmem size=4096000, offset=42807296(0x28d3000)
D/SurfaceFlinger(  445): remove count:1 destroying edu.mit.csail.diplomamatrix/edu.mit.csail.diplomamatrix.StatusActivity
D/msm8660.gralloc(  445): !@/dev/pmem: allocating pmem size=4096000, offset=10346496(0x9de000)
W/CABLDaemon(  359): ----- HSIC Params -----
W/CABLDaemon(  359): 	 hue: 0
W/CABLDaemon(  359): 	 sat: 0.170000
W/CABLDaemon(  359): 	 intensity: 0
W/CABLDaemon(  359): 	 contrast: 0.000000
E/QCAbl   (  359): display_pp_conv_set_hsic_cfg() Values: Hue=0 Saturation=0.170000 Intensity=0 Contrast=0.000000
E/QCAbl   (  359): hsc_matrix[0][0]=1.000000  hsc_matrix[0][1]=0.000000 hsc_matrix[0][2]=0.000000  
E/QCAbl   (  359): hsc_matrix[1][0]=0.000000  hsc_matrix[1][1]=1.170000 hsc_matrix[1][2]=0.000000  
E/QCAbl   (  359): hsc_matrix[2][0]=0.000000  hsc_matrix[2][1]=0.000000 hsc_matrix[2][2]=1.170000  
E/QCAbl   (  359): rec601_rgb2yuv[0][0]=0.256800  rec601_rgb2yuv[0][1]=0.504100 rec601_rgb2yuv[0][2]=0.097900  
E/QCAbl   (  359): rec601_rgb2yuv[1][0]=-0.148200  rec601_rgb2yuv[1][1]=-0.291000 rec601_rgb2yuv[1][2]=0.439200  
E/QCAbl   (  359): rec601_rgb2yuv[2][0]=0.439200  rec601_rgb2yuv[2][1]=-0.367800 rec601_rgb2yuv[2][2]=-0.071400  
E/QCAbl   (  359): hsc_matrix*rec601_rgb2yuv[0][0]=0.256800  hsc_matrix*rec601_rgb2yuv[0][1]=0.504100 hsc_matrix*rec601_rgb2yuv[0][2]=0.097900  
E/QCAbl   (  359): hsc_matrix*rec601_rgb2yuv[1][0]=-0.173394  hsc_matrix*rec601_rgb2yuv[1][1]=-0.340470 hsc_matrix*rec601_rgb2yuv[1][2]=0.513864  
E/QCAbl   (  359): hsc_matrix*rec601_rgb2yuv[2][0]=0.513864  hsc_matrix*rec601_rgb2yuv[2][1]=-0.430326 hsc_matrix*rec601_rgb2yuv[2][2]=-0.083538  
E/QCAbl   (  359): rec601_yuv2rgb[0][0]=1.164400  rec601_yuv2rgb[0][1]=0.000000 rec601_yuv2rgb[0][2]=1.596000  
E/QCAbl   (  359): rec601_yuv2rgb[1][0]=1.164400  rec601_yuv2rgb[1][1]=-0.391800 rec601_yuv2rgb[1][2]=-0.813000  
E/QCAbl   (  359): rec601_yuv2rgb[2][0]=1.164400  rec601_yuv2rgb[2][1]=2.017200 rec601_yuv2rgb[2][2]=0.000000  
E/QCAbl   (  359): rec601_yuv2rgb*hsc_matrix*rec601_rgb2yuv[0][0]=1.119145  rec601_yuv2rgb*hsc_matrix*rec601_rgb2yuv[0][1]=-0.099826 rec601_yuv2rgb*hsc_matrix*rec601_rgb2yuv[0][2]=-0.019332  
E/QCAbl   (  359): rec601_yuv2rgb*hsc_matrix*rec601_rgb2yuv[1][0]=-0.050818  rec601_yuv2rgb*hsc_matrix*rec601_rgb2yuv[1][1]=1.070225 rec601_yuv2rgb*hsc_matrix*rec601_rgb2yuv[1][2]=-0.019421  
E/QCAbl   (  359): rec601_yuv2rgb*hsc_matrix*rec601_rgb2yuv[2][0]=-0.050752  rec601_yuv2rgb*hsc_matrix*rec601_rgb2yuv[2][1]=-0.099822 rec601_yuv2rgb*hsc_matrix*rec601_rgb2yuv[2][2]=1.150561  
E/QCAbl   (  359): cc_matrix[0][0]=1.000000  cc_matrix[0][1]=0.000000 cc_matrix[0][2]=0.000000  
E/QCAbl   (  359): cc_matrix[1][0]=0.000000  cc_matrix[1][1]=1.000000 cc_matrix[1][2]=0.000000  
E/QCAbl   (  359): cc_matrix[2][0]=0.000000  cc_matrix[2][1]=0.000000 cc_matrix[2][2]=1.000000  
E/QCAbl   (  359): cc_matrix*rec601_yuv2rgb*hsc_matrix*rec601_rgb2yuv[0][0]=1.119145  cc_matrix*rec601_yuv2rgb*hsc_matrix*rec601_rgb2yuv[0][1]=-0.099826 cc_matrix*rec601_yuv2rgb*hsc_matrix*rec601_rgb2yuv[0][2]=-0.019332  
E/QCAbl   (  359): cc_matrix*rec601_yuv2rgb*hsc_matrix*rec601_rgb2yuv[1][0]=-0.050818  cc_matrix*rec601_yuv2rgb*hsc_matrix*rec601_rgb2yuv[1][1]=1.070225 cc_matrix*rec601_yuv2rgb*hsc_matrix*rec601_rgb2yuv[1][2]=-0.019421  
E/QCAbl   (  359): cc_matrix*rec601_yuv2rgb*hsc_matrix*rec601_rgb2yuv[2][0]=-0.050752  cc_matrix*rec601_yuv2rgb*hsc_matrix*rec601_rgb2yuv[2][1]=-0.099822 cc_matrix*rec601_yuv2rgb*hsc_matrix*rec601_rgb2yuv[2][2]=1.150561  
E/QCAbl   (  359): pre_lv[0]=0
E/QCAbl   (  359): post_lv[0]=0
E/QCAbl   (  359): pre_lv[1]=255
E/QCAbl   (  359): post_lv[1]=255
E/QCAbl   (  359): pre_lv[2]=0
E/QCAbl   (  359): post_lv[2]=0
E/QCAbl   (  359): pre_lv[3]=255
E/QCAbl   (  359): post_lv[3]=255
E/QCAbl   (  359): pre_lv[4]=0
E/QCAbl   (  359): post_lv[4]=0
E/QCAbl   (  359): pre_lv[5]=255
E/QCAbl   (  359): post_lv[5]=255
E/QCAbl   (  359): mv[0][0]=0x23d  mv[0][1]=0xffffffcd mv[0][2]=0xfffffff6  
E/QCAbl   (  359): pre_bv[0]=0
E/QCAbl   (  359): post_bv[0]=0
E/QCAbl   (  359): mv[1][0]=0xffffffe6  mv[1][1]=0x224 mv[1][2]=0xfffffff6  
E/QCAbl   (  359): pre_bv[1]=0
E/QCAbl   (  359): post_bv[1]=0
E/QCAbl   (  359): mv[2][0]=0xffffffe6  mv[2][1]=0xffffffcd mv[2][2]=0x24d  
E/QCAbl   (  359): pre_bv[2]=0
E/QCAbl   (  359): post_bv[2]=0
E/QCAbl   (  359): Calling the MSMFB_MDP_PP ioctl
E/QCAbl   (  359): ioctl MSMFB_MDP_PP returned 0
I/ApplicationUsage(  445): Done Updating Usage Statistics in DB @ 1333616338471
D/Buddies--------------------------->(28766): Service:OnReceive ACTION_HOME_RESUME called
I/StatusActivity(28643): 1333616338472: inside onDestroy()
I/Mux     (28643): Stop request encountered.
I/VCoreDaemon(28643): Stop request encountered.
D/Mux     (28643): Waiting for VCoreDaemon to stop...
I/VCoreDaemon(28643): Loop ended, vncDaemon thread exiting
I/ActivityManager(  445): No longer want com.noshufou.android.su (pid 28374): hidden #21
D/LocationManagerService(  445): Location requesting stopped by UID(10124) edu.mit.csail.diplomamatrix, Receiver info:Receiver{40d124b8 Listener android.os.BinderProxy@40d78fc8}mUpdateRecords: {gps=UpdateRecord{40972490 mProvider: gps mUid: 10124}}
I/StatusActivity(28643): 1333616338489: no camera to close
I/StatusActivity(28643): 1333616338489: close everything else
D/PowerManagerService(  445): releaseWakeLockLocked flags=0x0 tag=StatusActivity myUID=1000 myPID=445 myTID=604
D/InputTransport(  445): Input channel destroyed: name='40b27f18 edu.mit.csail.diplomamatrix/edu.mit.csail.diplomamatrix.StatusActivity (server)', ashmemFd=363, receivePipeFd=367, sendPipeFd=366
I/ActivityManager(  445): Process edu.mit.csail.diplomamatrix (pid 28643) has died.
I/WindowManager(  445): WIN DEATH: Window{40cd1388 SurfaceView paused=false}
I/WindowManager(  445): WIN DEATH: Window{40b27f18 edu.mit.csail.diplomamatrix/edu.mit.csail.diplomamatrix.StatusActivity paused=false}
D/KeyguardViewMediator(  445): handleTimeout
D/AudioHardwareMSM8660(  325): AudioStreamOutMSM72xx::standby()
D/AudioHardwareMSM8660(  325): Deroute pcm stream
D/AudioHardwareMSM8660(  325): value of device and enable is 2 0 ALSA dev id:2
E/AlarmManagerService(  445): android_server_AlarmManagerService_set to type=1, 1333684800.000000000
V/AlarmManager(  445): sending alarm Alarm{40caf580 type 1 android}
E/AlarmManagerService(  445): android_server_AlarmManagerService_set to type=1, 1333616400.000000000
V/AlarmManager(  445): Adding alarm Alarm{40b21408 type 1 android} at 0
D/AndroidRuntime(29026): 
D/AndroidRuntime(29026): >>>>>> AndroidRuntime START com.android.internal.os.RuntimeInit <<<<<<
D/AndroidRuntime(29026): CheckJNI is OFF
D/AndroidRuntime(29026): setted country_code = USA
D/AndroidRuntime(29026): setted sales_code = ATT
D/AndroidRuntime(29026): found sales_code tag = <ATT>, </ATT> 
D/dalvikvm(29026): creating instr width table
D/LibQmg_native(29026): register_android_app_LibQmg
D/DeviceEncryption(29026): JNI: register_android_deviceencryption_DeviceEncryptionManager
D/AndroidRuntime(29026): Calling main entry com.android.commands.pm.Pm
D/AndroidRuntime(29026): Shutting down VM
D/dalvikvm(29026): GC_CONCURRENT freed 104K, 69% free 319K/1024K, external 0K/0K, paused 0ms+1ms
D/dalvikvm(29026): Debugger has detached; object registry had 1 entries
I/AndroidRuntime(29026): NOTE: attach of thread 'Binder Thread #1' failed
D/AndroidRuntime(29034): 
D/AndroidRuntime(29034): >>>>>> AndroidRuntime START com.android.internal.os.RuntimeInit <<<<<<
D/AndroidRuntime(29034): CheckJNI is OFF
D/AndroidRuntime(29034): setted country_code = USA
D/AndroidRuntime(29034): setted sales_code = ATT
D/AndroidRuntime(29034): found sales_code tag = <ATT>, </ATT> 
D/dalvikvm(29034): creating instr width table
D/LibQmg_native(29034): register_android_app_LibQmg
D/DeviceEncryption(29034): JNI: register_android_deviceencryption_DeviceEncryptionManager
D/AndroidRuntime(29034): Calling main entry com.android.commands.am.Am
V/LauncherAppWidgetHostView(  642): dispatchSaveInstanceState: widgetid=1 vid=-1
V/LauncherAppWidgetHostView(  642): dispatchSaveInstanceState: widgetid=2 vid=-1
V/LauncherAppWidgetHostView(  642): dispatchSaveInstanceState: widgetid=4 vid=-1
V/LauncherAppWidgetHostView(  642): dispatchSaveInstanceState: widgetid=3 vid=-1
V/LauncherAppWidgetHostView(  642): dispatchSaveInstanceState: widgetid=5 vid=-1
V/LauncherAppWidgetHostView(  642): dispatchSaveInstanceState: widgetid=6 vid=-1
I/ActivityManager(  445): Starting: Intent { act=android.intent.action.MAIN cat=[android.intent.category.LAUNCHER] flg=0x10000000 cmp=edu.mit.csail.diplomamatrix/.StatusActivity } from pid 29034
I/Launcher(  642): onPause. Launcher: 4061f548
D/InputTransport(  445): Input channel constructed: name='408f8250 Starting edu.mit.csail.diplomamatrix (server)', ashmemFd=118, receivePipeFd=259, sendPipeFd=250
D/InputTransport(  445): Input channel constructed: name='408f8250 Starting edu.mit.csail.diplomamatrix (client)', ashmemFd=199, receivePipeFd=248, sendPipeFd=264
I/SurfaceFlinger(  445): id=263(35) createSurface 0x844dd4 for pid 445 (1x1),2 flag=0, Starting edu.mit.csail.diplomamatrix
I/WindowManager(  445):   CREATE SURFACE Surface(name=Starting edu.mit.csail.diplomamatrix, identity=263, mNativeSurface=0) IN SESSION android.view.SurfaceSession@4083fd68: pid=445 format=-1 flags=0x0 / Window{408f8250 Starting edu.mit.csail.diplomamatrix paused=false}
D/msm8660.gralloc(  445): !@/dev/pmem: allocating pmem size=4096000, offset=14442496(0xdc6000)
D/AndroidRuntime(29034): Shutting down VM
D/dalvikvm(29034): GC_CONCURRENT freed 106K, 66% free 349K/1024K, external 0K/0K, paused 0ms+0ms
D/dalvikvm(29034): Debugger has detached; object registry had 1 entries
I/ViewRoot(  445): !@FINISH DRAWING : Starting edu.mit.csail.diplomamatrix
I/ViewRoot(  445): !@finishDrawing is completed : Starting edu.mit.csail.diplomamatrix
I/AndroidRuntime(29034): NOTE: attach of thread 'Binder Thread #2' failed
D/dalvikvm(  642): GC_EXTERNAL_ALLOC freed 149K, 48% free 4417K/8455K, external 22740K/23153K, paused 90ms
E/com.samsung.app( 7061): [MSC_Accu]>>> WeatherWidgetProvider.java:354 [0:0] onReceive@ sec.android.intent.action.HOME_PAUSE
E/com.samsung.app( 7061): [MSC_Accu]>>> WidgetIdManager.java:53 [0:0] AccuWeatherClockWidgetID_Length
E/com.samsung.app( 7061): [MSC_Accu]>>> WidgetIdManager.java:54 [0:0] getPrefIDs@lngth:1
E/com.samsung.app( 7061): [MSC_Accu]>>> WidgetIdManager.java:60 [0:0] getPrefIDs@Ids1:4
E/com.samsung.app( 7061): [MSC_Accu]>>> WeatherWidgetProvider.java:347 [0:0] refreshhandler is null!!
E/com.samsung.app( 7644): [MSC]>>> StockClock_Integration.java:235 [0:0] onReceive sec.android.intent.action.HOME_PAUSE
E/com.samsung.app( 7644): [MSC]>>> StockClock_Integration.java:241 [0:0] onReceive : no stock widget!!!
I/PhotoAppWidgetProvider( 7674): onReceive
I/PhotoAppWidgetProvider( 7674): PauseSlideShow
D/PhotoAppWidgetProvider( 7674): onReceive End
D/GLSurfaceViewGroup(  642): Skipped drawing due to suspendDrawingUntilResume()
I/ActivityManager(  445): Start proc edu.mit.csail.diplomamatrix for activity edu.mit.csail.diplomamatrix/.StatusActivity: pid=29042 uid=10124 gids={1006, 1015, 3003}
I/OrientationDebug(  445): [pwm] in updateOrientationListenerLp()
V/OrientationDebug(  445): in updateOrientationListenerLp(), Screen status=true, current orientation=-1, SensorEnabled=false
I/OrientationDebug(  445): [pwm] needSensorRunningLp(), return false #3
E/WindowManager(  445): rotation is : 0
D/dalvikvm(29042): Debugger has detached; object registry had 1 entries
I/Launcher(  642): onWindowFocusChanged(false)
D/dalvikvm(29042): GC_EXTERNAL_ALLOC freed 47K, 42% free 3127K/5379K, external 0K/0K, paused 94ms
W/PowerManagerService(  445): Timer 0x7->0x3|0x0
I/PowerManagerService(  445): Ulight 7->3|0
D/PowerManagerService(  445): setLightBrightness : mButtonLight : 0
D/PowerManagerService(  445): acquireWakeLock flags=0x20000006 tag=StatusActivity uid=10124 pid=29042   myUID=1000 myPID=445 myTID=631
I/StatusActivity(29042): 1333616344679: *** Opened log file for writing ***
I/StatusActivity(29042): 1333616344680: Android build: SAMSUNG-SGH-I717
I/StatusActivity(29042): 1333616344680: NET_NAME set to: eth0
I/StatusActivity(29042): 1333616344681: starting Mux with id = -1
I/StatusActivity(29042): 1333616344684: areButtonsEnabled --> true
I/StatusActivity(29042): 1333616344686: *** Application started ***
I/StatusActivity(29042): 1333616344687: HI I'm in ONRESUME()
I/StatusActivity(29042): 1333616344691: SAMPLING_DISTANCE : 1, SAMPLING_DURATION : 1000
D/LocationManagerService(  445): gps location requested by UID(10124) edu.mit.csail.diplomamatrix, 
D/InputTransport(  445): Input channel constructed: name='409702d0 edu.mit.csail.diplomamatrix/edu.mit.csail.diplomamatrix.StatusActivity (server)', ashmemFd=309, receivePipeFd=317, sendPipeFd=316
D/InputTransport(  445): Input channel constructed: name='409702d0 edu.mit.csail.diplomamatrix/edu.mit.csail.diplomamatrix.StatusActivity (client)', ashmemFd=310, receivePipeFd=314, sendPipeFd=318
D/InputTransport(  445): Input channel destroyed: name='409702d0 edu.mit.csail.diplomamatrix/edu.mit.csail.diplomamatrix.StatusActivity (client)', ashmemFd=310, receivePipeFd=314, sendPipeFd=318
D/InputTransport(29042): Input channel constructed: name='409702d0 edu.mit.csail.diplomamatrix/edu.mit.csail.diplomamatrix.StatusActivity (client)', ashmemFd=43, receivePipeFd=44, sendPipeFd=45
I/StatusActivity(29042): 1333616344695: ************ GPS turned OFF *************
I/Mux.java(29042): run() beginning -------------
D/Mux     (29042): Mux started
I/NetworkThread(29042): Initial socket buffer sizes: 110592 receive, 110592 send
I/NetworkThread(29042): Set socket buffer sizes to: 221184 receive, 221184 send
I/NetworkThread(29042): started, local IP address:/192.168.5.12
I/Mux.java's nodeId is(29042): 5012
I/Mux     (29042): starting vncDaemon ........
I/VCoreDaemon(29042): 1333616344712: Started VCoreDaemon with parameters maxRx = 6 , maxRY= 1, minLongitude = -7110102 , minLatitude = 4236349, regionWidth =17
I/Mux     (29042): vncDaemon started
I/VCoreDaemon.java(29042): onStart() about to stateTransition.........................................................................
I/SurfaceFlinger(  445): id=264(1) createSurface 0x4b59bc for pid 29042 (1x1),1 flag=0, edu.mit.csail.diplomamatrix/edu.mit.csail.diplomamatrix.StatusActivity
I/VCoreDaemon(29042): 1333616344713: started, mId = 5012
I/VCoreDaemon.java(29042): inside stateTransition ......................................................................................
I/..... VCoreDaemon.java(29042): out of bounds
I/VCoreDaemon(29042): 1333616344715: region (-1, -1) out of bounds, dormant
I/..... VCoreDaemon.java(29042): ends xxxxxxxxxxxxxxxxxxxxxxxxxxxxxxxxxxxxxxxxxxx
I/WindowManager(  445):   CREATE SURFACE Surface(name=edu.mit.csail.diplomamatrix/edu.mit.csail.diplomamatrix.StatusActivity, identity=264, mNativeSurface=0) IN SESSION android.view.SurfaceSession@405c7988: pid=29042 format=-3 flags=0x0 / Window{409702d0 edu.mit.csail.diplomamatrix/edu.mit.csail.diplomamatrix.StatusActivity paused=false}
I/GLThread(  642): noticed surfaceView surface lost tid=15
W/EglHelper(  642): destroySurface()  tid=15
I/SurfaceFlinger(  445): id=261 Removed SurfaceView idx=3 Map Size=7
D/SurfaceFlinger(  445): remove count:1 destroying SurfaceView
W/WindowManager(  445): Window Window{40d90fa0 SurfaceView paused=false} destroyed surface Surface(name=SurfaceView, identity=-1, mNativeSurface=0), session Session{4098c180 uid 10003}
I/SurfaceFlinger(  445): id=262 Removed com.sec.android.app.twlauncher/com.sec.android.app.twlauncher.Launcher idx=2 Map Size=6
D/SurfaceFlinger(  445): remove count:1 destroying com.sec.android.app.twlauncher/com.sec.android.app.twlauncher.Launcher
W/WindowManager(  445): Window Window{40d82d20 com.sec.android.app.twlauncher/com.sec.android.app.twlauncher.Launcher paused=false} destroyed surface Surface(name=com.sec.android.app.twlauncher/com.sec.android.app.twlauncher.Launcher, identity=-1, mNativeSurface=0), session Session{4098c180 uid 10003}
I/GLThread(  642): onPause tid=15
I/Main thread(  642): onPause waiting for mPaused.
I/GLThread(  642): mPaused is now true tid=15
D/GLSurfaceViewGroup(  642): Skipped drawing due to suspendDrawingUntilResume()
I/Launcher(  642): onStop. Launcher: 4061f548
D/msm8660.gralloc(  445): !@/dev/pmem: allocating pmem size=4096000, offset=2048000(0x1f4000)
I/SurfaceFlinger(  445): id=265(2) createSurface for pid 29042 (220x220),4 flag=200, SurfaceView
I/WindowManager(  445):   CREATE SURFACE Surface(name=SurfaceView, identity=265, mNativeSurface=0) IN SESSION android.view.SurfaceSession@405c7988: pid=29042 format=4 flags=0x200 / Window{40a4dcc0 SurfaceView paused=false}
E/Surface (29042): Surface::init token -2 identity 265
I/CameraSurfaceView(29042): inside surfaceCreated()
I/CameraSurfaceView(29042): opening Camera.open()
I/QualcommCameraHardware(  325): Found a matching camera info for ID 0
I/QualcommCameraHardware(  325): HAL_getCameraInfo: facing = 0, orientation = 90
I/SecCameraCoreManager(  325): SecCameraCoreManager created: pid=325, cameraId=0
I/QualcommCameraHardware(  325): openCameraHardware: call createInstance
I/QualcommCameraHardware(  325): openCameraHardware:Valid camera ID 0
I/QualcommCameraHardware(  325): openCameraHardware:camera mode 1
I/QualcommCameraHardware(  325): HAL_openCameraHardware: HAL_currentSnapshotMode = 4
I/QualcommCameraHardware(  325): createInstance: E
I/QualcommCameraHardware(  325): QualcommCameraHardware constructor E
V/QualcommCameraHardware(  325): MMCameraDL: E
V/QualcommCameraHardware(  325): Open MM camera DL libeomcamera loaded at 0xb0010ca8 
V/QualcommCameraHardware(  325): MMCameraDL: X
V/QualcommCameraHardware(  325):  Storing the current target type as 4 
V/QualcommCameraHardware(  325):  Storing the current target type as 4 
V/QualcommCameraHardware(  325):  ### mDisEnabled = 0 , mVpeEnabled = 1!!! ###
V/QualcommCameraHardware(  325): constructor EX
I/QualcommCameraHardware(  325): createInstance: created hardware=0x64e88
V/QualcommCameraHardware(  325): startCamera E
V/QualcommCameraHardware(  325): loading liboemcamera at 0xb0010ca8
V/QualcommCameraHardware(  325):  openCamera : E
V/QualcommCameraHardware(  325):  openCamera : X
V/QualcommCameraHardware(  325): startCamera X
I/QualcommCameraHardware(  325): initDefaultParameters E
V/QualcommCameraHardware(  325): DISABLE DIS
V/QualcommCameraHardware(  325):  type:main - previewSizeCount = 8 
V/QualcommCameraHardware(  325):  type:main - zoom set = mMaxZoom :30, zoomSupported:1 
I/QualcommCameraHardware(  325): initDefaultParameters: setting num-snaps-per-shutter to 1
V/QualcommCameraHardware(  325): requested preview frame rate is 30
V/QualcommCameraHardware(  325): setFrameRate: 30 (14000-30000)
V/QualcommCameraHardware(  325): native_set_ext_config E (cmd = 10)
E/QualcommCameraHardware(  325): setPreviewSize (mVtMode=0) : requested preview size 640 x 480
I/QualcommCameraHardware(  325): setRecordSize: preview dimensions: 640x480
V/QualcommCameraHardware(  325): No Record Size requested, use the preview dimensions
I/QualcommCameraHardware(  325): setRecordSize: video dimensions: 640x480
V/QualcommCameraHardware(  325): requested picture size 3264 x 2448
E/QualcommCameraHardware(  325): setPictureFormat : jpeg 
V/QualcommCameraHardware(  325): requested jpeg thumbnail size 320 x 240
V/QualcommCameraHardware(  325):  setSceneMode E : auto
V/QualcommCameraHardware(  325): setWhiteBalance E : auto
V/QualcommCameraHardware(  325):  setFlash E : off 
V/QualcommCameraHardware(  325): WDR(Auto Contrast) E: -1, ord_wdr = -1
V/QualcommCameraHardware(  325): setParameters X: success
V/QualcommCameraHardware(  325):  Using Overlay : YES 
V/QualcommCameraHardware(  325): native_get_ext_config 2222E (cmd = 33)
V/QualcommCameraHardware(  325): setExifFixAttribute X
I/QualcommCameraHardware(  325): initDefaultParameters X
I/QualcommCameraHardware(  325): createInstance: X
I/SecCameraCoreManager(  325): set saturation to 0.0
I/ShotCommon(  325): ShotCommon created: pid=325
V/QualcommCameraHardware(  325): getParameters: EX
I/ShotCommon(  325): Preview width(640), height(480)
I/ShotCommon(  325): Preview color format [yuv420sp]
I/ShotCommon(  325): Picture width(3264), height(2448)
I/ShotCommon(  325): Picture color format [jpeg]
V/QualcommCameraHardware(  325):  Using Overlay : YES 
I/ShotCommon(  325): mUseOverlay = 1
I/ShotSingle(  325): ShotSingle created: pid=325
I/QualcommCameraHardware(  325): Found a matching camera info for ID 0
I/QualcommCameraHardware(  325): HAL_getCameraInfo: facing = 0, orientation = 90
V/QualcommCameraHardware(  325):  Using Overlay : YES 
V/MediaPlayerService(  325): Client(82) constructor
V/MediaPlayerService(  325): Create new client(82) from pid 325, url=/system/media/audio/ui/Shutter_01.ogg, connId=82, audioSessionId=125
V/MediaPlayerService(  325): setDataSource(/system/media/audio/ui/Shutter_01.ogg)
D/MediaPlayerService(  325): getPlayerType. Ln=1124
V/MediaPlayerService(  325): player type = 4
E/CameraService(  325): Sendcommand 90, 0 
D/MediaPlayerService(  325): createPlayer. type=4
D/MediaPlayerService(  325):  create StagefrightPlayer
I/CameraSurfaceView(29042): opened camera
V/QualcommCameraHardware(  325): getParameters: EX
V/QualcommCameraHardware(  325):  Overlay object NULL. returning 
V/AudioSink(  325): AudioOutput(125)
V/MediaPlayerService(  325):  setDataSource
I/StagefrightPlayer(  325): setDataSource('/system/media/audio/ui/Shutter_01.ogg')
V/MediaPlayerService(  325): [82] setAudioStreamType(7)
V/MediaPlayerService(  325): [82] prepareAsync
V/AwesomePlayer(  325): prepareAsync_l
D/FileSource(  325): FileSource::FileSource(const char *filename):: filename/system/media/audio/ui/Shutter_01.ogg
D/FileSource(  325): FileSource::FileSource(const char *filename)::Length is 38, Size is : 38
D/FileSource(  325): FileSource::FileSource(const char *filename)::mFilename is /system/media/audio/ui/Shutter_01.ogg
I/MediaExtractor(  325): ***************************MediaExtractor::Create() In
I/MediaExtractor(  325): *************************Autodetected media content as 'application/ogg' with confidence 0.60
V/AwesomePlayer(  325): mBitrate = -1 bits/sec
V/AwesomePlayer(  325): mime = audio/vorbis
I/OMXCodec(  325): Successfully allocated software codec 'VorbisDecoder'
V/MediaPlayerService(  325): Client::notify In
V/MediaPlayerService(  325): [82] notify (0xb8cb0, 5, 0, 0)
V/MediaPlayerService(  325): Client::notify In
V/MediaPlayerService(  325): [82] notify (0xb8cb0, 1, 0, 0)
V/MediaPlayerService(  325): Client(83) constructor
V/MediaPlayerService(  325): Create new client(83) from pid 325, url=/system/media/audio/ui/Cam_Start.ogg, connId=83, audioSessionId=126
V/MediaPlayerService(  325): setDataSource(/system/media/audio/ui/Cam_Start.ogg)
D/MediaPlayerService(  325): getPlayerType. Ln=1124
V/MediaPlayerService(  325): player type = 4
D/MediaPlayerService(  325): createPlayer. type=4
D/MediaPlayerService(  325):  create StagefrightPlayer
V/AudioSink(  325): AudioOutput(126)
V/MediaPlayerService(  325):  setDataSource
I/StagefrightPlayer(  325): setDataSource('/system/media/audio/ui/Cam_Start.ogg')
V/MediaPlayerService(  325): [83] setAudioStreamType(7)
V/MediaPlayerService(  325): [83] prepareAsync
V/AwesomePlayer(  325): prepareAsync_l
D/FileSource(  325): FileSource::FileSource(const char *filename):: filename/system/media/audio/ui/Cam_Start.ogg
D/FileSource(  325): FileSource::FileSource(const char *filename)::Length is 37, Size is : 37
D/FileSource(  325): FileSource::FileSource(const char *filename)::mFilename is /system/media/audio/ui/Cam_Start.ogg
I/MediaExtractor(  325): ***************************MediaExtractor::Create() In
I/MediaExtractor(  325): *************************Autodetected media content as 'application/ogg' with confidence 0.60
V/AwesomePlayer(  325): mBitrate = -1 bits/sec
V/AwesomePlayer(  325): mime = audio/vorbis
I/OMXCodec(  325): Successfully allocated software codec 'VorbisDecoder'
V/MediaPlayerService(  325): Client::notify In
V/MediaPlayerService(  325): [83] notify (0x4a7c0, 5, 0, 0)
V/MediaPlayerService(  325): Client::notify In
V/MediaPlayerService(  325): [83] notify (0x4a7c0, 1, 0, 0)
V/MediaPlayerService(  325): Client(84) constructor
V/MediaPlayerService(  325): Create new client(84) from pid 325, url=/system/media/audio/ui/Cam_Stop.ogg, connId=84, audioSessionId=127
V/MediaPlayerService(  325): setDataSource(/system/media/audio/ui/Cam_Stop.ogg)
D/MediaPlayerService(  325): getPlayerType. Ln=1124
V/MediaPlayerService(  325): player type = 4
D/MediaPlayerService(  325): createPlayer. type=4
D/MediaPlayerService(  325):  create StagefrightPlayer
V/AudioSink(  325): AudioOutput(127)
V/MediaPlayerService(  325):  setDataSource
I/StagefrightPlayer(  325): setDataSource('/system/media/audio/ui/Cam_Stop.ogg')
V/MediaPlayerService(  325): [84] setAudioStreamType(7)
V/MediaPlayerService(  325): [84] prepareAsync
V/AwesomePlayer(  325): prepareAsync_l
D/FileSource(  325): FileSource::FileSource(const char *filename):: filename/system/media/audio/ui/Cam_Stop.ogg
