--------- beginning of /dev/log/main
D/AndroidRuntime( 3329): 
D/AndroidRuntime( 3329): >>>>>> AndroidRuntime START com.android.internal.os.RuntimeInit <<<<<<
D/AndroidRuntime( 3329): CheckJNI is OFF
D/AndroidRuntime( 3329): Calling main entry com.android.commands.pm.Pm
--------- beginning of /dev/log/system
W/ActivityManager(  163): No content provider found for permission revoke: file:///data/local/tmp/DIPLOMAMatrix.apk
W/ActivityManager(  163): No content provider found for permission revoke: file:///data/local/tmp/DIPLOMAMatrix.apk
D/dalvikvm(  163): GC_CONCURRENT freed 793K, 14% free 12787K/14791K, paused 2ms+5ms
I/PackageManager(  163): Removing non-system package:edu.mit.csail.diplomamatrix
I/ActivityManager(  163): Force stopping package edu.mit.csail.diplomamatrix uid=10067
I/PackageManager(  163): Package edu.mit.csail.diplomamatrix codePath changed from /data/app/edu.mit.csail.diplomamatrix-1.apk to /data/app/edu.mit.csail.diplomamatrix-2.apk; Retaining data and using new
I/PackageManager(  163): Running dexopt on: edu.mit.csail.diplomamatrix
D/dalvikvm( 3340): DexOpt: load 16ms, verify+opt 133ms
I/ActivityManager(  163): Force stopping package edu.mit.csail.diplomamatrix uid=10067
W/PackageManager(  163): Code path for pkg : edu.mit.csail.diplomamatrix changing from /data/app/edu.mit.csail.diplomamatrix-1.apk to /data/app/edu.mit.csail.diplomamatrix-2.apk
W/PackageManager(  163): Resource path for pkg : edu.mit.csail.diplomamatrix changing from /data/app/edu.mit.csail.diplomamatrix-1.apk to /data/app/edu.mit.csail.diplomamatrix-2.apk
D/PackageManager(  163): New package installed in /data/app/edu.mit.csail.diplomamatrix-2.apk
I/ActivityManager(  163): Force stopping package edu.mit.csail.diplomamatrix uid=10067
D/dalvikvm(  358): GC_EXPLICIT freed 767K, 38% free 12535K/19911K, paused 4ms+5ms
I/RegisteredComponentCache(  345): ComponentInfo: ResolveInfo{41373dc0 com.android.apps.tag.TagViewer p=0 o=0 m=0x108000}, techs: android.nfc.tech.Ndef, 
D/dalvikvm( 1122): GC_EXPLICIT freed 264K, 5% free 9354K/9799K, paused 32ms+3ms
D/dalvikvm(  163): GC_EXPLICIT freed 586K, 14% free 12735K/14791K, paused 2ms+5ms
D/PackageManager(  163): generateServicesMap(android.accounts.AccountAuthenticator): 3 services unchanged
D/PackageManager(  163): generateServicesMap(android.content.SyncAdapter): 14 services unchanged
D/BackupManagerService(  163): Received broadcast Intent { act=android.intent.action.PACKAGE_REMOVED dat=package:edu.mit.csail.diplomamatrix flg=0x10000010 (has extras) }
D/PackageManager(  163): generateServicesMap(android.accounts.AccountAuthenticator): 3 services unchanged
D/PackageManager(  163): generateServicesMap(android.content.SyncAdapter): 14 services unchanged
I/RegisteredComponentCache(  345): ComponentInfo: ResolveInfo{41376a00 com.android.apps.tag.TagViewer p=0 o=0 m=0x108000}, techs: android.nfc.tech.Ndef, 
D/BackupManagerService(  163): Received broadcast Intent { act=android.intent.action.PACKAGE_ADDED dat=package:edu.mit.csail.diplomamatrix flg=0x10000010 (has extras) }
V/BackupManagerService(  163): updatePackageParticipantsLocked: edu.mit.csail.diplomamatrix
D/dalvikvm( 3038): GC_FOR_ALLOC freed 254K, 7% free 9186K/9863K, paused 51ms
D/BackupManagerService(  163): Received broadcast Intent { act=android.intent.action.PACKAGE_REPLACED dat=package:edu.mit.csail.diplomamatrix flg=0x10000010 (has extras) }
V/BackupManagerService(  163): updatePackageParticipantsLocked: edu.mit.csail.diplomamatrix
D/dalvikvm(  163): GC_EXPLICIT freed 892K, 14% free 12774K/14791K, paused 3ms+10ms
D/dalvikvm( 1176): GC_CONCURRENT freed 415K, 6% free 9078K/9607K, paused 2ms+7ms
D/AndroidRuntime( 3329): Shutting down VM
D/dalvikvm( 3329): GC_CONCURRENT freed 100K, 83% free 456K/2560K, paused 0ms+1ms
D/jdwp    ( 3329): Got wake-up signal, bailing out of select
D/dalvikvm( 3329): Debugger has detached; object registry had 1 entries
I/AndroidRuntime( 3329): NOTE: attach of thread 'Binder Thread #3' failed
D/AndroidRuntime( 3351): 
D/AndroidRuntime( 3351): >>>>>> AndroidRuntime START com.android.internal.os.RuntimeInit <<<<<<
D/AndroidRuntime( 3351): CheckJNI is OFF
D/AndroidRuntime( 3351): Calling main entry com.android.commands.am.Am
I/ActivityManager(  163): START {act=android.intent.action.MAIN cat=[android.intent.category.LAUNCHER] flg=0x10000000 cmp=edu.mit.csail.diplomamatrix/.StatusActivity} from pid 3351
D/AndroidRuntime( 3351): Shutting down VM
D/dalvikvm( 3351): GC_CONCURRENT freed 102K, 81% free 486K/2560K, paused 0ms+0ms
D/jdwp    ( 3351): Got wake-up signal, bailing out of select
D/dalvikvm( 3351): Debugger has detached; object registry had 1 entries
I/AndroidRuntime( 3351): NOTE: attach of thread 'Binder Thread #3' failed
D/dalvikvm( 3362): Late-enabling CheckJNI
I/ActivityManager(  163): Start proc edu.mit.csail.diplomamatrix for activity edu.mit.csail.diplomamatrix/.StatusActivity: pid=3362 uid=10067 gids={1006, 1015, 3003}
I/dalvikvm( 3362): Turning on JNI app bug workarounds for target SDK version 4...
D/dalvikvm( 3362): Debugger has detached; object registry had 1 entries
D/OpenGLRenderer(  358): Flushing caches (mode 1)
I/StatusActivity( 3362): 1333616242461: *** Opened log file for writing ***
I/StatusActivity( 3362): 1333616242462: Android build: Nexus S
I/StatusActivity( 3362): 1333616242463: NET_NAME set to: wlan0
I/StatusActivity( 3362): 1333616242463: starting Mux with id = -1
I/StatusActivity( 3362): 1333616242467: areButtonsEnabled --> true
I/Mux.java( 3362): run() beginning -------------
D/Mux     ( 3362): Mux started
I/NetworkThread( 3362): Initial socket buffer sizes: 110592 receive, 110592 send
I/NetworkThread( 3362): Set socket buffer sizes to: 221184 receive, 221184 send
I/NetworkThread( 3362): started, local IP address:/192.168.5.1
I/Mux.java's nodeId is( 3362): 5001
I/Mux     ( 3362): starting vncDaemon ........
I/VCoreDaemon( 3362): 1333616242476: Started VCoreDaemon with parameters maxRx = 6 , maxRY= 1, minLongitude = -7110102 , minLatitude = 4236349, regionWidth =17
I/Mux     ( 3362): vncDaemon started
I/VCoreDaemon.java( 3362): onStart() about to stateTransition.........................................................................
I/VCoreDaemon( 3362): 1333616242477: started, mId = 5001
I/VCoreDaemon.java( 3362): inside stateTransition ......................................................................................
I/..... VCoreDaemon.java( 3362): out of bounds
I/VCoreDaemon( 3362): 1333616242478: region (-1, -1) out of bounds, dormant
I/..... VCoreDaemon.java( 3362): ends xxxxxxxxxxxxxxxxxxxxxxxxxxxxxxxxxxxxxxxxxxx
I/StatusActivity( 3362): 1333616242480: *** Application started ***
I/StatusActivity( 3362): 1333616242480: HI I'm in ONRESUME()
I/StatusActivity( 3362): 1333616242483: SAMPLING_DISTANCE : 1, SAMPLING_DURATION : 1000
W/GpsLocationProvider(  163): Duplicate add listener for uid 10067
I/StatusActivity( 3362): 1333616242492: ************ GPS turned OFF *************
V/PhoneStatusBar(  229): setLightsOn(true)
D/OpenGLRenderer(  358): Flushing caches (mode 0)
I/CameraSurfaceView( 3362): inside surfaceCreated()
I/CameraSurfaceView( 3362): opening Camera.open()
I/CameraService(   82): Opening camera 0
I/CameraHardwareSec(   82): int android::HAL_camera_device_open(const hw_module_t*, const char*, hw_device_t**): open camera 0
E/SecCamera(   82): initCamera: m_cam_fd(29), m_jpeg_fd(0)
I/SecCamera(   82): Name of input channel[0] is S5K4ECGX
E/SecCamera(   82): initCamera: m_cam_fd2(30)
I/SecCamera(   82): Name of input channel[0] is S5K4ECGX
I/SecCamera(   82): initCamera : initialized
I/SecCamera(   82): Name of input channel[0] is S5K4ECGX
I/CameraHardwareSec(   82): int android::HAL_camera_device_open(const hw_module_t*, const char*, hw_device_t**): opened camera 0 (0x1e73ef8)
I/AwesomePlayer(   82): setDataSource_l('/system/media/audio/ui/camera_click.ogg')
I/CameraHardwareSec(   82): int android::CameraHardwareSec::previewThreadWrapper(): starting
I/CameraHardwareSec(   82): int android::CameraHardwareSec::previewThreadWrapper(): calling mSecCamera->stopPreview() and waiting
W/SecCamera(   82): int android::SecCamera::stopPreview(): doing nothing because m_flag_camera_start is zero
I/AwesomePlayer(   82): setDataSource_l('/system/media/audio/ui/VideoRecord.ogg')
I/CameraSurfaceView( 3362): opened camera
I/CameraSurfaceView( 3362): inside on surfaceChanged()
D/CameraHardwareSec(   82): mPreviewHeap(fd(29), size(518400), width(720), height(480))
I/CameraHardwareSec(   82): int android::CameraHardwareSec::previewThreadWrapper(): return from wait
I/ActivityManager(  163): Displayed edu.mit.csail.diplomamatrix/.StatusActivity: +1s138ms
W/NetworkStats(  163): dropping UID delta from unknown iface: iface=wlan0 uid=0 set=DEFAULT tag=0x0 rxBytes=14756 rxPackets=34 txBytes=0 txPackets=0 operations=0
W/NetworkStats(  163): dropping UID delta from unknown iface: iface=wlan0 uid=10067 set=FOREGROUND tag=0x0 rxBytes=124974 rxPackets=22 txBytes=7337 txPackets=6 operations=0
I/StatusActivity( 3362): 1333616326665: HI I'm in ONPAUSE()
W/InputManagerService(  163): Starting input on non-focused client com.android.internal.view.IInputMethodClient$Stub$Proxy@4135bc50 (uid=10067 pid=3362)
I/CameraSurfaceView( 3362): inside surfaceDestroyed()
I/CameraHardwareSec(   82): int android::CameraHardwareSec::previewThreadWrapper(): calling mSecCamera->stopPreview() and waiting
I/CameraSurfaceView( 3362): inside surfaceDestroyed()
I/CameraHardwareSec(   82): void android::CameraHardwareSec::stopPreviewInternal() : preview not running, doing nothing
I/CameraHardwareSec(   82): int android::CameraHardwareSec::previewThreadWrapper(): return from wait
I/CameraHardwareSec(   82): int android::CameraHardwareSec::previewThreadWrapper(): exiting
W/SecCamera(   82): int android::SecCamera::stopPreview(): doing nothing because m_flag_camera_start is zero
W/SecCamera(   82): int android::SecCamera::stopRecord(): doing nothing because m_flag_record_start is zero
I/SecCamera(   82): DeinitCamera: m_cam_fd(29)
I/SecCamera(   82): DeinitCamera: m_cam_fd2(30)
E/CameraHardwareSec(   82): preview window is NULL!
I/CameraService(   82): Destroying camera 0
I/CameraHardwareSec(   82): int android::HAL_camera_device_close(hw_device_t*)
I/SecCamera(   82): DeinitCamera : already deinitialized
W/AudioFlinger(   82): session id 114 not found for pid 82
W/AudioFlinger(   82): session id 115 not found for pid 82
I/StatusActivity( 3362): 1333616327355: inside onDestroy()
I/Mux     ( 3362): Stop request encountered.
D/Mux     ( 3362): Waiting for VCoreDaemon to stop...
I/VCoreDaemon( 3362): Stop request encountered.
I/VCoreDaemon( 3362): Loop ended, vncDaemon thread exiting
I/StatusActivity( 3362): 1333616327387: no camera to close
I/StatusActivity( 3362): 1333616327389: close everything else
I/ActivityManager(  163): Process edu.mit.csail.diplomamatrix (pid 3362) has died.
I/WindowManager(  163): WIN DEATH: Window{41782068 edu.mit.csail.diplomamatrix/edu.mit.csail.diplomamatrix.StatusActivity paused=false}
W/WindowManager(  163): Force-removing child win Window{417068f0 SurfaceView paused=false} from container Window{41782068 edu.mit.csail.diplomamatrix/edu.mit.csail.diplomamatrix.StatusActivity paused=false}
W/WindowManager(  163): Failed looking up window
W/WindowManager(  163): java.lang.IllegalArgumentException: Requested window android.os.BinderProxy@416d37b8 does not exist
W/WindowManager(  163): 	at com.android.server.wm.WindowManagerService.windowForClientLocked(WindowManagerService.java:7156)
W/WindowManager(  163): 	at com.android.server.wm.WindowManagerService.windowForClientLocked(WindowManagerService.java:7147)
W/WindowManager(  163): 	at com.android.server.wm.WindowState$DeathRecipient.binderDied(WindowState.java:1529)
W/WindowManager(  163): 	at android.os.BinderProxy.sendDeathNotice(Binder.java:417)
W/WindowManager(  163): 	at dalvik.system.NativeStart.run(Native Method)
I/WindowManager(  163): WIN DEATH: null
W/ActivityManager(  163): Activity destroy timeout for ActivityRecord{415ec990 edu.mit.csail.diplomamatrix/.StatusActivity}
D/AndroidRuntime( 3398): 
D/AndroidRuntime( 3398): >>>>>> AndroidRuntime START com.android.internal.os.RuntimeInit <<<<<<
D/AndroidRuntime( 3398): CheckJNI is OFF
D/AndroidRuntime( 3398): Calling main entry com.android.commands.pm.Pm
D/AndroidRuntime( 3398): Shutting down VM
D/dalvikvm( 3398): GC_CONCURRENT freed 101K, 82% free 464K/2560K, paused 1ms+0ms
D/dalvikvm( 3398): Debugger has detached; object registry had 1 entries
I/AndroidRuntime( 3398): NOTE: attach of thread 'Binder Thread #3' failed
D/AndroidRuntime( 3411): 
D/AndroidRuntime( 3411): >>>>>> AndroidRuntime START com.android.internal.os.RuntimeInit <<<<<<
D/AndroidRuntime( 3411): CheckJNI is OFF
D/AndroidRuntime( 3411): Calling main entry com.android.commands.am.Am
I/ActivityManager(  163): START {act=android.intent.action.MAIN cat=[android.intent.category.LAUNCHER] flg=0x10000000 cmp=edu.mit.csail.diplomamatrix/.StatusActivity} from pid 3411
D/AndroidRuntime( 3411): Shutting down VM
D/dalvikvm( 3411): GC_CONCURRENT freed 102K, 81% free 486K/2560K, paused 1ms+0ms
D/jdwp    ( 3411): Got wake-up signal, bailing out of select
D/dalvikvm( 3411): Debugger has detached; object registry had 1 entries
I/AndroidRuntime( 3411): NOTE: attach of thread 'Binder Thread #3' failed
D/dalvikvm( 3422): Late-enabling CheckJNI
I/ActivityManager(  163): Start proc edu.mit.csail.diplomamatrix for activity edu.mit.csail.diplomamatrix/.StatusActivity: pid=3422 uid=10067 gids={1006, 1015, 3003}
I/dalvikvm( 3422): Turning on JNI app bug workarounds for target SDK version 4...
D/OpenGLRenderer(  358): Flushing caches (mode 1)
D/dalvikvm(  163): GC_CONCURRENT freed 712K, 13% free 12891K/14791K, paused 7ms+6ms
I/StatusActivity( 3422): 1333616343175: *** Opened log file for writing ***
I/StatusActivity( 3422): 1333616343176: Android build: Nexus S
I/StatusActivity( 3422): 1333616343177: NET_NAME set to: wlan0
I/StatusActivity( 3422): 1333616343177: starting Mux with id = -1
D/OpenGLRenderer(  358): Flushing caches (mode 0)
I/StatusActivity( 3422): 1333616343179: areButtonsEnabled --> true
I/StatusActivity( 3422): 1333616343181: *** Application started ***
I/StatusActivity( 3422): 1333616343181: HI I'm in ONRESUME()
I/StatusActivity( 3422): 1333616343184: SAMPLING_DISTANCE : 1, SAMPLING_DURATION : 1000
I/Mux.java( 3422): run() beginning -------------
D/Mux     ( 3422): Mux started
I/StatusActivity( 3422): 1333616343194: ************ GPS turned OFF *************
I/NetworkThread( 3422): Initial socket buffer sizes: 110592 receive, 110592 send
I/NetworkThread( 3422): Set socket buffer sizes to: 221184 receive, 221184 send
I/NetworkThread( 3422): started, local IP address:/192.168.5.1
I/Mux.java's nodeId is( 3422): 5001
I/Mux     ( 3422): starting vncDaemon ........
I/VCoreDaemon( 3422): 1333616343227: Started VCoreDaemon with parameters maxRx = 6 , maxRY= 1, minLongitude = -7110102 , minLatitude = 4236349, regionWidth =17
I/Mux     ( 3422): vncDaemon started
I/VCoreDaemon.java( 3422): onStart() about to stateTransition.........................................................................
I/VCoreDaemon( 3422): 1333616343233: started, mId = 5001
I/VCoreDaemon.java( 3422): inside stateTransition ......................................................................................
I/..... VCoreDaemon.java( 3422): out of bounds
I/VCoreDaemon( 3422): 1333616343235: region (-1, -1) out of bounds, dormant
I/..... VCoreDaemon.java( 3422): ends xxxxxxxxxxxxxxxxxxxxxxxxxxxxxxxxxxxxxxxxxxx
V/PhoneStatusBar(  229): setLightsOn(true)
I/CameraSurfaceView( 3422): inside surfaceCreated()
I/CameraSurfaceView( 3422): opening Camera.open()
I/CameraService(   82): Opening camera 0
I/CameraHardwareSec(   82): int android::HAL_camera_device_open(const hw_module_t*, const char*, hw_device_t**): open camera 0
E/SecCamera(   82): initCamera: m_cam_fd(29), m_jpeg_fd(0)
I/SecCamera(   82): Name of input channel[0] is S5K4ECGX
E/SecCamera(   82): initCamera: m_cam_fd2(30)
I/SecCamera(   82): Name of input channel[0] is S5K4ECGX
I/SecCamera(   82): initCamera : initialized
I/SecCamera(   82): Name of input channel[0] is S5K4ECGX
I/CameraHardwareSec(   82): int android::HAL_camera_device_open(const hw_module_t*, const char*, hw_device_t**): opened camera 0 (0x1e73ef8)
I/AwesomePlayer(   82): setDataSource_l('/system/media/audio/ui/camera_click.ogg')
I/CameraHardwareSec(   82): int android::CameraHardwareSec::previewThreadWrapper(): starting
I/CameraHardwareSec(   82): int android::CameraHardwareSec::previewThreadWrapper(): calling mSecCamera->stopPreview() and waiting
W/SecCamera(   82): int android::SecCamera::stopPreview(): doing nothing because m_flag_camera_start is zero
I/AwesomePlayer(   82): setDataSource_l('/system/media/audio/ui/VideoRecord.ogg')
I/CameraSurfaceView( 3422): opened camera
I/CameraSurfaceView( 3422): inside on surfaceChanged()
D/CameraHardwareSec(   82): mPreviewHeap(fd(29), size(518400), width(720), height(480))
I/CameraHardwareSec(   82): int android::CameraHardwareSec::previewThreadWrapper(): return from wait
I/ActivityManager(  163): Displayed edu.mit.csail.diplomamatrix/.StatusActivity: +1s359ms
I/NetworkThread( 3422): 1333616349098: Received UDP payload: 406
D/dalvikvm( 3422): GC_CONCURRENT freed 161K, 3% free 9338K/9607K, paused 12ms+2ms
I/NetworkThread( 3422): 1333616349363: Received UDP payload: 406
I/VCoreDaemon( 3422): 1333616349562: moving from region (-1,-1), to (1,0)
I/VCoreDaemon.java( 3422): inside stateTransition ......................................................................................
I/..... VCoreDaemon.java( 3422): targetState = JOINING
I/VCoreDaemon( 3422): 1333616349567: sending LEADER_REQUEST
I/VCoreDaemon( 3422): 1333616349568: inside sendPacket(Packet p)
D/AudioHardware(   82): AudioHardware pcm playback is exiting standby.
D/AudioHardware(   82): openPcmOut_l() mPcmOpenCnt: 0
I/..... VCoreDaemon.java( 3422): ends xxxxxxxxxxxxxxxxxxxxxxxxxxxxxxxxxxxxxxxxxxx
I/NetworkThread( 3422): 1333616349610: Sending UDP payload: 406
I/NetworkThread( 3422): 1333616349660: Received UDP payload: 406
I/VCoreDaemon( 3422): 1333616349872: sending LEADER_REQUEST
I/VCoreDaemon( 3422): 1333616349872: inside sendPacket(Packet p)
I/NetworkThread( 3422): 1333616349893: Sending UDP payload: 406
I/NetworkThread( 3422): 1333616349961: Received UDP payload: 406
I/VCoreDaemon( 3422): 1333616350173: sending LEADER_REQUEST
I/VCoreDaemon( 3422): 1333616350174: inside sendPacket(Packet p)
I/NetworkThread( 3422): 1333616350194: Sending UDP payload: 406
I/VCoreDaemon( 3422): 1333616350477: sending LEADER_REQUEST
I/VCoreDaemon( 3422): 1333616350478: inside sendPacket(Packet p)
I/NetworkThread( 3422): 1333616350493: Sending UDP payload: 406
I/VCoreDaemon( 3422): 1333616350582: LEADER_REQUEST timed out
I/VCoreDaemon.java( 3422): inside stateTransition ......................................................................................
I/..... VCoreDaemon.java( 3422): targetState = LEADER
D/AudioHardware(   82): AudioHardware pcm playback is going to standby.
D/AudioHardware(   82): closePcmOut_l() mPcmOpenCnt: 1
I/VNC:Cloud( 3422): Request executed: http://hermes5.csail.mit.edu:8212/take/1/0/5001/1333616350583/
I/VCoreDaemon( 3422): 1333616352896: cloud rejected leadership request or request failed, wait to retry
I/NetworkThread( 3422): 1333616353363: Received UDP payload: 25811
I/VCoreDaemon( 3422): 1333616353388: heard LEADER_REPLY from 5012
I/VCoreDaemon.java( 3422): inside stateTransition ......................................................................................
I/..... VCoreDaemon.java( 3422): targetState = NONLEADER
I/VCoreDaemon( 3422): 1333616353424: now NONLEADER (id=5001) following LEADER (id=5012) in (1,0)
I/..... VCoreDaemon.java( 3422): ends xxxxxxxxxxxxxxxxxxxxxxxxxxxxxxxxxxxxxxxxxxx
I/NetworkThread( 3422): 1333616353632: Received UDP payload: 25269
D/dalvikvm( 3422): GC_CONCURRENT freed 262K, 4% free 9470K/9863K, paused 22ms+2ms
I/NetworkThread( 3422): 1333616353895: Received UDP payload: 25269
D/dalvikvm(  325): GC_CONCURRENT freed 445K, 6% free 9491K/10055K, paused 7ms+3ms
W/NetworkStats(  163): dropping UID delta from unknown iface: iface=wlan0 uid=10067 set=FOREGROUND tag=0x0 rxBytes=79905 rxPackets=11 txBytes=1736 txPackets=4 operations=0
I/StatusActivity( 3422): 1333616358654: canPressButton = TRUE
I/StatusActivity( 3422): 1333616358656: areButtonsEnabled --> false
I/StatusActivity( 3422): 1333616358667: disabling buttons ...
D/AudioHardware(   82): AudioHardware pcm playback is exiting standby.
D/AudioHardware(   82): openPcmOut_l() mPcmOpenCnt: 0
I/StatusActivity( 3422): Inside disableButtonsR
I/StatusActivity( 3422): areButtonsEnabled --> false
I/StatusActivity( 3422): 1333616358699: ** Clicked take picture button **
I/CameraSurfaceView( 3422): inside getCamera()
I/CameraHardwareSec(   82): int android::CameraHardwareSec::previewThreadWrapper(): calling mSecCamera->stopPreview() and waiting
I/SecCamera(   82): int android::fimc_v4l2_querybuf(int, android::fimc_buffer*, v4l2_buf_type) :
I/SecCamera(   82): int android::fimc_v4l2_querybuf(int, android::fimc_buffer*, v4l2_buf_type): buffer->start = 0x43c86000 v4l2_buf.length = 4261248
I/CameraHardwareSec(   82): == Camera Sensor Detect S5K4ECGX - Samsung LSI SOC 5M ==
D/JpegEncoder(   82): encode E
D/JpegEncoder(   82): encode X
D/SecCamera(   82): Shutter speed=24987 us, iso=100
D/SecCamera(   82): AV=3, TV=5, SV=5
D/JpegEncoder(   82): makeExif E
D/JpegEncoder(   82): makeExif X
I/SecCamera(   82): int android::SecCamera::endSnapshot() :
I/SecCamera(   82): munmap():virt. addr 0x43c86000 size = 4261248
D/dalvikvm( 3422): GC_FOR_ALLOC freed 103K, 5% free 9620K/10055K, paused 16ms
I/dalvikvm-heap( 3422): Grow heap (frag case) to 10.344MB for 921344-byte allocation
D/dalvikvm( 3422): GC_CONCURRENT freed 1K, 5% free 10518K/11015K, paused 1ms+2ms
I/StatusActivity( 3422): 1333616359323: inside HandlePictureStorage onPictureTaken()
D/CameraHardwareSec(   82): mPreviewHeap(fd(29), size(518400), width(720), height(480))
I/CameraHardwareSec(   82): int android::CameraHardwareSec::previewThreadWrapper(): return from wait
I/StatusActivity( 3422): 1333616359695: Picture successfully taken, ORIG BYTE LENGTH = 921328
D/dalvikvm( 3422): GC_FOR_ALLOC freed 1K, 5% free 10519K/11015K, paused 61ms
I/dalvikvm-heap( 3422): Grow heap (frag case) to 29.093MB for 19660816-byte allocation
D/dalvikvm( 3422): GC_CONCURRENT freed 0K, 2% free 29719K/30279K, paused 1ms+6ms
I/StatusActivity( 3422): 1333616360721: Our new height x width: 240 x 320
I/StatusActivity( 3422): 1333616360723: Show photo from handle my camera take
I/StatusActivity( 3422): 1333616360724: client making photo packet to send to leader for it to save
I/StatusActivity( 3422): 1333616360736: BYTE SIZE AFTER COMPRESSION: 2394
I/StatusActivity( 3422): 1333616360741: about to send my pic
I/StatusActivity( 3422): 1333616360742: I'm a nonleader sending my new photo packet to my leader
I/VCoreDaemon( 3422): 1333616360742: inside sendPacket(Packet p)
I/NetworkThread( 3422): 1333616360754: Sending UDP payload: 3001
I/StatusActivity( 3422): 1333616360757: end of client send picture method
I/NetworkThread( 3422): 1333616360909: Received UDP payload: 3365
I/Mux     ( 3422): 1333616360940: GOT CSM_Msg
I/NetworkThread( 3422): 1333616360974: Received UDP payload: 949
I/Mux     ( 3422): 1333616361003: GOT CSM_Msg
I/NetworkThread( 3422): 1333616361009: Received UDP payload: 602
I/Mux     ( 3422): 1333616361024: Inside mux Packet.SERVER_REPLY
I/Mux     ( 3422): 1333616361025: I have the photo requester id = 5001 about to display photo or receive upload ack
I/StatusActivity( 3422): 1333616361026: inside Packet.CLIENT_UPLOAD_PHOTO_ACK
I/StatusActivity( 3422): 1333616361027: nonleader upload new photo latency = 284
I/StatusActivity( 3422): 1333616361027: = nonleader upload start 1333616360742 ~ stop 1333616361026
I/StatusActivity( 3422): 1333616361028: SUCCESS! Client now knows saving photo on its leader succeeded
I/StatusActivity( 3422): Inside _enableButtons
I/StatusActivity( 3422): areButtonsEnabled --> true
W/InputManagerService(  163): Window already focused, ignoring focus gain of: com.android.internal.view.IInputMethodClient$Stub$Proxy@415a23c0
D/AudioHardware(   82): AudioHardware pcm playback is going to standby.
D/AudioHardware(   82): closePcmOut_l() mPcmOpenCnt: 1
I/StatusActivity( 3422): 1333616364681: canPressButton = TRUE
I/StatusActivity( 3422): 1333616364681: areButtonsEnabled --> false
I/StatusActivity( 3422): 1333616364682: disabling buttons ...
I/StatusActivity( 3422): Inside disableButtonsR
I/StatusActivity( 3422): areButtonsEnabled --> false
I/StatusActivity( 3422): 1333616364691: ** Clicked take picture button **
I/CameraSurfaceView( 3422): inside getCamera()
I/CameraHardwareSec(   82): int android::CameraHardwareSec::previewThreadWrapper(): calling mSecCamera->stopPreview() and waiting
D/AudioHardware(   82): AudioHardware pcm playback is exiting standby.
D/AudioHardware(   82): openPcmOut_l() mPcmOpenCnt: 0
I/SecCamera(   82): int android::fimc_v4l2_querybuf(int, android::fimc_buffer*, v4l2_buf_type) :
I/SecCamera(   82): int android::fimc_v4l2_querybuf(int, android::fimc_buffer*, v4l2_buf_type): buffer->start = 0x43c79000 v4l2_buf.length = 4261248
I/CameraHardwareSec(   82): == Camera Sensor Detect S5K4ECGX - Samsung LSI SOC 5M ==
D/JpegEncoder(   82): encode E
D/JpegEncoder(   82): encode X
D/SecCamera(   82): Shutter speed=24987 us, iso=100
D/SecCamera(   82): AV=3, TV=5, SV=5
D/JpegEncoder(   82): makeExif E
D/JpegEncoder(   82): makeExif X
I/StatusActivity( 3422): 1333616365337: inside HandlePictureStorage onPictureTaken()
D/CameraHardwareSec(   82): Waiting for picture thread to complete.
I/SecCamera(   82): int android::SecCamera::endSnapshot() :
I/SecCamera(   82): munmap():virt. addr 0x43c79000 size = 4261248
D/CameraHardwareSec(   82): mPreviewHeap(fd(29), size(518400), width(720), height(480))
I/CameraHardwareSec(   82): int android::CameraHardwareSec::previewThreadWrapper(): return from wait
I/StatusActivity( 3422): 1333616365809: Picture successfully taken, ORIG BYTE LENGTH = 914183
D/dalvikvm( 3422): GC_FOR_ALLOC freed 20293K, 66% free 10841K/31495K, paused 90ms
I/dalvikvm-heap( 3422): Grow heap (frag case) to 29.408MB for 19660816-byte allocation
D/dalvikvm( 3422): GC_CONCURRENT freed 9K, 5% free 30031K/31495K, paused 2ms+6ms
I/StatusActivity( 3422): 1333616366842: Our new height x width: 240 x 320
I/StatusActivity( 3422): 1333616366842: Show photo from handle my camera take
I/StatusActivity( 3422): 1333616366843: client making photo packet to send to leader for it to save
I/StatusActivity( 3422): 1333616366865: BYTE SIZE AFTER COMPRESSION: 2664
I/StatusActivity( 3422): 1333616366866: about to send my pic
I/StatusActivity( 3422): 1333616366867: I'm a nonleader sending my new photo packet to my leader
I/VCoreDaemon( 3422): 1333616366868: inside sendPacket(Packet p)
I/NetworkThread( 3422): 1333616366869: Sending UDP payload: 3271
I/StatusActivity( 3422): 1333616366871: end of client send picture method
I/NetworkThread( 3422): 1333616366989: Received UDP payload: 3635
I/Mux     ( 3422): 1333616367011: GOT CSM_Msg
I/NetworkThread( 3422): 1333616367015: Received UDP payload: 949
I/Mux     ( 3422): 1333616367046: GOT CSM_Msg
I/NetworkThread( 3422): 1333616367068: Received UDP payload: 602
I/Mux     ( 3422): 1333616367072: Inside mux Packet.SERVER_REPLY
I/Mux     ( 3422): 1333616367072: I have the photo requester id = 5001 about to display photo or receive upload ack
I/StatusActivity( 3422): 1333616367073: inside Packet.CLIENT_UPLOAD_PHOTO_ACK
I/StatusActivity( 3422): 1333616367073: nonleader upload new photo latency = 205
I/StatusActivity( 3422): 1333616367074: = nonleader upload start 1333616366868 ~ stop 1333616367073
I/StatusActivity( 3422): 1333616367075: SUCCESS! Client now knows saving photo on its leader succeeded
I/StatusActivity( 3422): Inside _enableButtons
I/StatusActivity( 3422): areButtonsEnabled --> true
W/InputManagerService(  163): Window already focused, ignoring focus gain of: com.android.internal.view.IInputMethodClient$Stub$Proxy@41550ea8
D/AudioHardware(   82): AudioHardware pcm playback is going to standby.
D/AudioHardware(   82): closePcmOut_l() mPcmOpenCnt: 1
I/StatusActivity( 3422): 1333616373087: canPressButton = TRUE
I/StatusActivity( 3422): 1333616373090: areButtonsEnabled --> false
I/StatusActivity( 3422): 1333616373097: disabling buttons ...
I/StatusActivity( 3422): Inside disableButtonsR
I/StatusActivity( 3422): areButtonsEnabled --> false
D/AudioHardware(   82): AudioHardware pcm playback is exiting standby.
D/AudioHardware(   82): openPcmOut_l() mPcmOpenCnt: 0
I/StatusActivity( 3422): 1333616373123: ** Clicked take picture button **
I/CameraSurfaceView( 3422): inside getCamera()
I/CameraHardwareSec(   82): int android::CameraHardwareSec::previewThreadWrapper(): calling mSecCamera->stopPreview() and waiting
I/SecCamera(   82): int android::fimc_v4l2_querybuf(int, android::fimc_buffer*, v4l2_buf_type) :
I/SecCamera(   82): int android::fimc_v4l2_querybuf(int, android::fimc_buffer*, v4l2_buf_type): buffer->start = 0x43b75000 v4l2_buf.length = 4261248
I/VCoreDaemon.java( 3422): inside stateTransition ......................................................................................
I/..... VCoreDaemon.java( 3422): targetState = JOINING
I/..... VCoreDaemon.java( 3422): ends xxxxxxxxxxxxxxxxxxxxxxxxxxxxxxxxxxxxxxxxxxx
I/VCoreDaemon( 3422): 1333616373252: sending LEADER_REQUEST
I/VCoreDaemon( 3422): 1333616373253: inside sendPacket(Packet p)
I/NetworkThread( 3422): 1333616373255: Sending UDP payload: 406
I/CameraHardwareSec(   82): == Camera Sensor Detect S5K4ECGX - Samsung LSI SOC 5M ==
I/VCoreDaemon( 3422): 1333616373553: sending LEADER_REQUEST
I/VCoreDaemon( 3422): 1333616373553: inside sendPacket(Packet p)
I/NetworkThread( 3422): 1333616373555: Sending UDP payload: 406
D/JpegEncoder(   82): encode E
D/JpegEncoder(   82): encode X
D/SecCamera(   82): Shutter speed=24987 us, iso=100
D/SecCamera(   82): AV=3, TV=5, SV=5
D/JpegEncoder(   82): makeExif E
D/JpegEncoder(   82): makeExif X
I/SecCamera(   82): int android::SecCamera::endSnapshot() :
I/SecCamera(   82): munmap():virt. addr 0x43b75000 size = 4261248
D/dalvikvm( 3422): GC_FOR_ALLOC freed 20561K, 69% free 9953K/31495K, paused 24ms
I/dalvikvm-heap( 3422): Grow heap (frag case) to 10.699MB for 951971-byte allocation
D/dalvikvm( 3422): GC_CONCURRENT freed 9K, 66% free 10873K/31495K, paused 2ms+3ms
I/NetworkThread( 3422): 1333616373762: Received UDP payload: 28715
I/StatusActivity( 3422): 1333616373765: inside HandlePictureStorage onPictureTaken()
I/VCoreDaemon( 3422): 1333616373771: heard LEADER_REPLY from 5012
I/VCoreDaemon.java( 3422): inside stateTransition ......................................................................................
I/..... VCoreDaemon.java( 3422): targetState = NONLEADER
I/VCoreDaemon( 3422): 1333616373771: now NONLEADER (id=5001) following LEADER (id=5012) in (1,0)
I/..... VCoreDaemon.java( 3422): ends xxxxxxxxxxxxxxxxxxxxxxxxxxxxxxxxxxxxxxxxxxx
I/NetworkThread( 3422): 1333616374023: Received UDP payload: 28715
D/CameraHardwareSec(   82): mPreviewHeap(fd(29), size(518400), width(720), height(480))
I/CameraHardwareSec(   82): int android::CameraHardwareSec::previewThreadWrapper(): return from wait
I/StatusActivity( 3422): 1333616374242: Picture successfully taken, ORIG BYTE LENGTH = 951955
D/dalvikvm( 3422): GC_FOR_ALLOC freed 77K, 66% free 10874K/31495K, paused 87ms
I/dalvikvm-heap( 3422): Forcing collection of SoftReferences for 19660816-byte allocation
D/dalvikvm( 3422): GC_BEFORE_OOM freed 9K, 66% free 10864K/31495K, paused 54ms
E/dalvikvm-heap( 3422): Out of memory on a 19660816-byte allocation.
I/dalvikvm( 3422): "main" prio=5 tid=1 RUNNABLE
I/dalvikvm( 3422):   | group="main" sCount=0 dsCount=0 obj=0x40a4a460 self=0x1ae828
I/dalvikvm( 3422):   | sysTid=3422 nice=0 sched=0/0 cgrp=default handle=1074513032
I/dalvikvm( 3422):   | schedstat=( 0 0 0 ) utm=207 stm=12 core=0
I/dalvikvm( 3422):   at android.graphics.BitmapFactory.nativeDecodeByteArray(Native Method)
I/dalvikvm( 3422):   at android.graphics.BitmapFactory.decodeByteArray(BitmapFactory.java:424)
I/dalvikvm( 3422):   at android.graphics.BitmapFactory.decodeByteArray(BitmapFactory.java:441)
I/dalvikvm( 3422):   at edu.mit.csail.diplomamatrix.StatusActivity._bytesToBitmap(StatusActivity.java:810)
I/dalvikvm( 3422):   at edu.mit.csail.diplomamatrix.StatusActivity$HandlePictureStorage.onPictureTaken(StatusActivity.java:683)
I/dalvikvm( 3422):   at android.hardware.Camera$EventHandler.handleMessage(Camera.java:687)
I/dalvikvm( 3422):   at android.os.Handler.dispatchMessage(Handler.java:99)
I/dalvikvm( 3422):   at android.os.Looper.loop(Looper.java:137)
I/dalvikvm( 3422):   at android.app.ActivityThread.main(ActivityThread.java:4424)
I/dalvikvm( 3422):   at java.lang.reflect.Method.invokeNative(Native Method)
I/dalvikvm( 3422):   at java.lang.reflect.Method.invoke(Method.java:511)
I/dalvikvm( 3422):   at com.android.internal.os.ZygoteInit$MethodAndArgsCaller.run(ZygoteInit.java:784)
I/dalvikvm( 3422):   at com.android.internal.os.ZygoteInit.main(ZygoteInit.java:551)
I/dalvikvm( 3422):   at dalvik.system.NativeStart.main(Native Method)
I/dalvikvm( 3422): 
D/skia    ( 3422): --- decoder->decode returned false
I/StatusActivity( 3422): 1333616374406: #*######################################################
I/StatusActivity( 3422): 1333616374407: Out of memorynull
W/System.err( 3422): java.lang.OutOfMemoryError
W/System.err( 3422): 	at android.graphics.BitmapFactory.nativeDecodeByteArray(Native Method)
W/System.err( 3422): 	at android.graphics.BitmapFactory.decodeByteArray(BitmapFactory.java:424)
W/System.err( 3422): 	at android.graphics.BitmapFactory.decodeByteArray(BitmapFactory.java:441)
W/System.err( 3422): 	at edu.mit.csail.diplomamatrix.StatusActivity._bytesToBitmap(StatusActivity.java:810)
W/System.err( 3422): 	at edu.mit.csail.diplomamatrix.StatusActivity$HandlePictureStorage.onPictureTaken(StatusActivity.java:683)
W/System.err( 3422): 	at android.hardware.Camera$EventHandler.handleMessage(Camera.java:687)
W/System.err( 3422): 	at android.os.Handler.dispatchMessage(Handler.java:99)
W/System.err( 3422): 	at android.os.Looper.loop(Looper.java:137)
W/System.err( 3422): 	at android.app.ActivityThread.main(ActivityThread.java:4424)
W/System.err( 3422): 	at java.lang.reflect.Method.invokeNative(Native Method)
W/System.err( 3422): 	at java.lang.reflect.Method.invoke(Method.java:511)
W/System.err( 3422): 	at com.android.internal.os.ZygoteInit$MethodAndArgsCaller.run(ZygoteInit.java:784)
W/System.err( 3422): 	at com.android.internal.os.ZygoteInit.main(ZygoteInit.java:551)
W/System.err( 3422): 	at dalvik.system.NativeStart.main(Native Method)
D/AndroidRuntime( 3422): Shutting down VM
W/dalvikvm( 3422): threadid=1: thread exiting with uncaught exception (group=0x40a491f8)
E/AndroidRuntime( 3422): FATAL EXCEPTION: main
E/AndroidRuntime( 3422): java.lang.NullPointerException
E/AndroidRuntime( 3422): 	at edu.mit.csail.diplomamatrix.StatusActivity._bytesResizeBitmap(StatusActivity.java:778)
E/AndroidRuntime( 3422): 	at edu.mit.csail.diplomamatrix.StatusActivity$HandlePictureStorage.onPictureTaken(StatusActivity.java:684)
E/AndroidRuntime( 3422): 	at android.hardware.Camera$EventHandler.handleMessage(Camera.java:687)
E/AndroidRuntime( 3422): 	at android.os.Handler.dispatchMessage(Handler.java:99)
E/AndroidRuntime( 3422): 	at android.os.Looper.loop(Looper.java:137)
E/AndroidRuntime( 3422): 	at android.app.ActivityThread.main(ActivityThread.java:4424)
E/AndroidRuntime( 3422): 	at java.lang.reflect.Method.invokeNative(Native Method)
E/AndroidRuntime( 3422): 	at java.lang.reflect.Method.invoke(Method.java:511)
E/AndroidRuntime( 3422): 	at com.android.internal.os.ZygoteInit$MethodAndArgsCaller.run(ZygoteInit.java:784)
E/AndroidRuntime( 3422): 	at com.android.internal.os.ZygoteInit.main(ZygoteInit.java:551)
E/AndroidRuntime( 3422): 	at dalvik.system.NativeStart.main(Native Method)
W/ActivityManager(  163):   Force finishing activity edu.mit.csail.diplomamatrix/.StatusActivity
I/NetworkThread( 3422): 1333616374830: Received UDP payload: 406
W/ActivityManager(  163): Activity pause timeout for ActivityRecord{4171a2e0 edu.mit.csail.diplomamatrix/.StatusActivity}
I/LatinIME(  309): InputType.TYPE_NULL is specified
W/LatinIME(  309): Unexpected input class: inputType=0x00000000 imeOptions=0x00000000
I/Process ( 3422): Sending signal. PID: 3422 SIG: 9
I/ActivityManager(  163): Process edu.mit.csail.diplomamatrix (pid 3422) has died.
I/WindowManager(  163): WIN DEATH: Window{416cd120 SurfaceView paused=false}
I/WindowManager(  163): WIN DEATH: Window{4172f4c8 edu.mit.csail.diplomamatrix/edu.mit.csail.diplomamatrix.StatusActivity paused=false}
I/WindowManager(  163): WIN DEATH: Window{417085e0 edu.mit.csail.diplomamatrix/edu.mit.csail.diplomamatrix.StatusActivity paused=false}
W/GpsLocationProvider(  163): Unneeded remove listener for uid 1000
E/SurfaceTexture(   79): [SurfaceView] dequeueBuffer: SurfaceTexture has been abandoned!
E/CameraHardwareSec(   82): Could not dequeue gralloc buffer!
I/CameraHardwareSec(   82): int android::CameraHardwareSec::previewThreadWrapper(): calling mSecCamera->stopPreview() and waiting
D/dalvikvm(  163): GC_CONCURRENT freed 1037K, 14% free 12820K/14791K, paused 3ms+11ms
I/CameraHardwareSec(   82): int android::CameraHardwareSec::previewThreadWrapper(): return from wait
I/CameraHardwareSec(   82): int android::CameraHardwareSec::previewThreadWrapper(): exiting
W/SecCamera(   82): int android::SecCamera::stopPreview(): doing nothing because m_flag_camera_start is zero
W/SecCamera(   82): int android::SecCamera::stopRecord(): doing nothing because m_flag_record_start is zero
I/SecCamera(   82): DeinitCamera: m_cam_fd(29)
I/SecCamera(   82): DeinitCamera: m_cam_fd2(30)
E/CameraHardwareSec(   82): preview window is NULL!
I/CameraService(   82): Destroying camera 0
I/CameraHardwareSec(   82): int android::HAL_camera_device_close(hw_device_t*)
I/SecCamera(   82): DeinitCamera : already deinitialized
W/AudioFlinger(   82): session id 116 not found for pid 82
W/AudioFlinger(   82): session id 117 not found for pid 82
D/AudioHardware(   82): AudioHardware pcm playback is going to standby.
D/AudioHardware(   82): closePcmOut_l() mPcmOpenCnt: 1
W/ActivityManager(  163): Activity destroy timeout for ActivityRecord{4171a2e0 edu.mit.csail.diplomamatrix/.StatusActivity}
