D/SecCamera(   82): Shutter speed=24987 us, iso=100
D/SecCamera(   82): AV=3, TV=5, SV=5
D/JpegEncoder(   82): makeExif E
D/JpegEncoder(   82): makeExif X
I/StatusActivity( 3727): 1333617329211: inside HandlePictureStorage onPictureTaken()
D/CameraHardwareSec(   82): Waiting for picture thread to complete.
I/SecCamera(   82): int android::SecCamera::endSnapshot() :
I/SecCamera(   82): munmap():virt. addr 0x43bbc000 size = 4261248
D/CameraHardwareSec(   82): mPreviewHeap(fd(29), size(518400), width(720), height(480))
I/CameraHardwareSec(   82): int android::CameraHardwareSec::previewThreadWrapper(): return from wait
I/StatusActivity( 3727): 1333617329632: Picture successfully taken, ORIG BYTE LENGTH = 909168
D/dalvikvm( 3727): GC_FOR_ALLOC freed 20331K, 66% free 10769K/31239K, paused 91ms
I/dalvikvm-heap( 3727): Grow heap (frag case) to 29.337MB for 19660816-byte allocation
D/dalvikvm( 3727): GC_CONCURRENT freed 9K, 5% free 29959K/31239K, paused 1ms+6ms
I/StatusActivity( 3727): 1333617330608: Our new height x width: 240 x 320
I/StatusActivity( 3727): 1333617330609: Show photo from handle my camera take
I/StatusActivity( 3727): 1333617330610: client making photo packet to send to leader for it to save
I/StatusActivity( 3727): 1333617330636: BYTE SIZE AFTER COMPRESSION: 2667
I/StatusActivity( 3727): 1333617330637: about to send my pic
I/StatusActivity( 3727): 1333617330638: I'm a nonleader sending my new photo packet to my leader
I/VCoreDaemon( 3727): 1333617330639: inside sendPacket(Packet p)
I/NetworkThread( 3727): 1333617330640: Sending UDP payload: 3274
I/StatusActivity( 3727): 1333617330642: end of client send picture method
I/NetworkThread( 3727): 1333617330756: Received UDP payload: 3638
I/Mux     ( 3727): 1333617330777: GOT CSM_Msg
I/NetworkThread( 3727): 1333617330796: Received UDP payload: 949
I/Mux     ( 3727): 1333617330801: GOT CSM_Msg
I/NetworkThread( 3727): 1333617330804: Received UDP payload: 602
I/Mux     ( 3727): 1333617330807: Inside mux Packet.SERVER_REPLY
I/Mux     ( 3727): 1333617330807: I have the photo requester id = 5001 about to display photo or receive upload ack
I/StatusActivity( 3727): 1333617330808: inside Packet.CLIENT_UPLOAD_PHOTO_ACK
I/StatusActivity( 3727): 1333617330808: nonleader upload new photo latency = 169
I/StatusActivity( 3727): 1333617330808: = nonleader upload start 1333617330639 ~ stop 1333617330808
I/StatusActivity( 3727): 1333617330809: SUCCESS! Client now knows saving photo on its leader succeeded
I/StatusActivity( 3727): Inside _enableButtons
I/StatusActivity( 3727): areButtonsEnabled --> true
W/InputManagerService(  163): Window already focused, ignoring focus gain of: com.android.internal.view.IInputMethodClient$Stub$Proxy@41543e40
D/AudioHardware(   82): AudioHardware pcm playback is going to standby.
D/AudioHardware(   82): closePcmOut_l() mPcmOpenCnt: 1
I/NetworkThread( 3727): 1333617336745: Received UDP payload: 406
I/VCoreDaemon( 3727): 1333617336801: heard LEADER_ELECT from node 5012, responding LEADER_NOMINATE
I/VCoreDaemon( 3727): 1333617336803: inside sendPacket(Packet p)
I/NetworkThread( 3727): 1333617336804: Sending UDP payload: 406
I/StatusActivity( 3727): 1333617340308: canPressButton = TRUE
I/StatusActivity( 3727): 1333617340317: areButtonsEnabled --> false
I/StatusActivity( 3727): 1333617340317: disabling buttons ...
I/StatusActivity( 3727): Inside disableButtonsR
I/StatusActivity( 3727): areButtonsEnabled --> false
I/StatusActivity( 3727): 1333617340326: ** Clicked take picture button **
I/CameraSurfaceView( 3727): inside getCamera()
D/AudioHardware(   82): AudioHardware pcm playback is exiting standby.
D/AudioHardware(   82): openPcmOut_l() mPcmOpenCnt: 0
I/CameraHardwareSec(   82): int android::CameraHardwareSec::previewThreadWrapper(): calling mSecCamera->stopPreview() and waiting
I/SecCamera(   82): int android::fimc_v4l2_querybuf(int, android::fimc_buffer*, v4l2_buf_type) :
I/SecCamera(   82): int android::fimc_v4l2_querybuf(int, android::fimc_buffer*, v4l2_buf_type): buffer->start = 0x43bb6000 v4l2_buf.length = 4261248
I/CameraHardwareSec(   82): == Camera Sensor Detect S5K4ECGX - Samsung LSI SOC 5M ==
D/JpegEncoder(   82): encode E
D/JpegEncoder(   82): encode X
D/SecCamera(   82): Shutter speed=24987 us, iso=100
D/SecCamera(   82): AV=3, TV=5, SV=5
D/JpegEncoder(   82): makeExif E
D/JpegEncoder(   82): makeExif X
I/SecCamera(   82): int android::SecCamera::endSnapshot() :
I/SecCamera(   82): munmap():virt. addr 0x43bb6000 size = 4261248
D/dalvikvm( 3727): GC_FOR_ALLOC freed 20560K, 69% free 9886K/31239K, paused 23ms
I/dalvikvm-heap( 3727): Grow heap (frag case) to 10.657MB for 977283-byte allocation
D/dalvikvm( 3727): GC_CONCURRENT freed 9K, 66% free 10830K/31239K, paused 2ms+3ms
I/StatusActivity( 3727): 1333617341019: inside HandlePictureStorage onPictureTaken()
D/CameraHardwareSec(   82): mPreviewHeap(fd(29), size(518400), width(720), height(480))
I/CameraHardwareSec(   82): int android::CameraHardwareSec::previewThreadWrapper(): return from wait
I/StatusActivity( 3727): 1333617341499: Picture successfully taken, ORIG BYTE LENGTH = 977267
D/dalvikvm( 3727): GC_FOR_ALLOC freed 1K, 66% free 10831K/31239K, paused 46ms
I/dalvikvm-heap( 3727): Forcing collection of SoftReferences for 19660816-byte allocation
D/dalvikvm( 3727): GC_BEFORE_OOM freed 9K, 66% free 10821K/31239K, paused 29ms
E/dalvikvm-heap( 3727): Out of memory on a 19660816-byte allocation.
I/dalvikvm( 3727): "main" prio=5 tid=1 RUNNABLE
I/dalvikvm( 3727):   | group="main" sCount=0 dsCount=0 obj=0x40a4a460 self=0x1ae828
I/dalvikvm( 3727):   | sysTid=3727 nice=0 sched=0/0 cgrp=default handle=1074513032
I/dalvikvm( 3727):   | schedstat=( 0 0 0 ) utm=210 stm=16 core=0
I/dalvikvm( 3727):   at android.graphics.BitmapFactory.nativeDecodeByteArray(Native Method)
I/dalvikvm( 3727):   at android.graphics.BitmapFactory.decodeByteArray(BitmapFactory.java:424)
I/dalvikvm( 3727):   at android.graphics.BitmapFactory.decodeByteArray(BitmapFactory.java:441)
I/dalvikvm( 3727):   at edu.mit.csail.diplomamatrix.StatusActivity._bytesToBitmap(StatusActivity.java:825)
I/dalvikvm( 3727):   at edu.mit.csail.diplomamatrix.StatusActivity$HandlePictureStorage.onPictureTaken(StatusActivity.java:692)
I/dalvikvm( 3727):   at android.hardware.Camera$EventHandler.handleMessage(Camera.java:687)
I/dalvikvm( 3727):   at android.os.Handler.dispatchMessage(Handler.java:99)
I/dalvikvm( 3727):   at android.os.Looper.loop(Looper.java:137)
I/dalvikvm( 3727):   at android.app.ActivityThread.main(ActivityThread.java:4424)
I/dalvikvm( 3727):   at java.lang.reflect.Method.invokeNative(Native Method)
I/dalvikvm( 3727):   at java.lang.reflect.Method.invoke(Method.java:511)
I/dalvikvm( 3727):   at com.android.internal.os.ZygoteInit$MethodAndArgsCaller.run(ZygoteInit.java:784)
I/dalvikvm( 3727):   at com.android.internal.os.ZygoteInit.main(ZygoteInit.java:551)
I/dalvikvm( 3727):   at dalvik.system.NativeStart.main(Native Method)
I/dalvikvm( 3727): 
D/skia    ( 3727): --- decoder->decode returned false
I/StatusActivity( 3727): 1333617341600: #*######################################################
I/StatusActivity( 3727): 1333617341601: Out of memorynull
W/System.err( 3727): java.lang.OutOfMemoryError
W/System.err( 3727): 	at android.graphics.BitmapFactory.nativeDecodeByteArray(Native Method)
W/System.err( 3727): 	at android.graphics.BitmapFactory.decodeByteArray(BitmapFactory.java:424)
W/System.err( 3727): 	at android.graphics.BitmapFactory.decodeByteArray(BitmapFactory.java:441)
W/System.err( 3727): 	at edu.mit.csail.diplomamatrix.StatusActivity._bytesToBitmap(StatusActivity.java:825)
W/System.err( 3727): 	at edu.mit.csail.diplomamatrix.StatusActivity$HandlePictureStorage.onPictureTaken(StatusActivity.java:692)
W/System.err( 3727): 	at android.hardware.Camera$EventHandler.handleMessage(Camera.java:687)
W/System.err( 3727): 	at android.os.Handler.dispatchMessage(Handler.java:99)
W/System.err( 3727): 	at android.os.Looper.loop(Looper.java:137)
W/System.err( 3727): 	at android.app.ActivityThread.main(ActivityThread.java:4424)
W/System.err( 3727): 	at java.lang.reflect.Method.invokeNative(Native Method)
W/System.err( 3727): 	at java.lang.reflect.Method.invoke(Method.java:511)
W/System.err( 3727): 	at com.android.internal.os.ZygoteInit$MethodAndArgsCaller.run(ZygoteInit.java:784)
W/System.err( 3727): 	at com.android.internal.os.ZygoteInit.main(ZygoteInit.java:551)
W/System.err( 3727): 	at dalvik.system.NativeStart.main(Native Method)
D/AndroidRuntime( 3727): Shutting down VM
W/dalvikvm( 3727): threadid=1: thread exiting with uncaught exception (group=0x40a491f8)
E/AndroidRuntime( 3727): FATAL EXCEPTION: main
E/AndroidRuntime( 3727): java.lang.NullPointerException
E/AndroidRuntime( 3727): 	at edu.mit.csail.diplomamatrix.StatusActivity._bytesResizeBitmap(StatusActivity.java:793)
E/AndroidRuntime( 3727): 	at edu.mit.csail.diplomamatrix.StatusActivity$HandlePictureStorage.onPictureTaken(StatusActivity.java:693)
E/AndroidRuntime( 3727): 	at android.hardware.Camera$EventHandler.handleMessage(Camera.java:687)
E/AndroidRuntime( 3727): 	at android.os.Handler.dispatchMessage(Handler.java:99)
E/AndroidRuntime( 3727): 	at android.os.Looper.loop(Looper.java:137)
E/AndroidRuntime( 3727): 	at android.app.ActivityThread.main(ActivityThread.java:4424)
E/AndroidRuntime( 3727): 	at java.lang.reflect.Method.invokeNative(Native Method)
E/AndroidRuntime( 3727): 	at java.lang.reflect.Method.invoke(Method.java:511)
E/AndroidRuntime( 3727): 	at com.android.internal.os.ZygoteInit$MethodAndArgsCaller.run(ZygoteInit.java:784)
E/AndroidRuntime( 3727): 	at com.android.internal.os.ZygoteInit.main(ZygoteInit.java:551)
E/AndroidRuntime( 3727): 	at dalvik.system.NativeStart.main(Native Method)
W/ActivityManager(  163):   Force finishing activity edu.mit.csail.diplomamatrix/.StatusActivity
W/ActivityManager(  163): Activity pause timeout for ActivityRecord{413e5280 edu.mit.csail.diplomamatrix/.StatusActivity}
I/ActivityManager(  163): No longer want com.google.android.calendar (pid 3620): hidden #16
D/AudioHardware(   82): AudioHardware pcm playback is going to standby.
D/AudioHardware(   82): closePcmOut_l() mPcmOpenCnt: 1
I/StatusActivity( 3727): inside buttonsEnableProgressTimeoutR. OH NO! Your photo (save/get) request TIMED OUT. Try again later!
I/StatusActivity( 3727): Inside _enableButtons
I/StatusActivity( 3727): areButtonsEnabled --> true
W/ActivityManager(  163): Activity destroy timeout for ActivityRecord{413e5280 edu.mit.csail.diplomamatrix/.StatusActivity}
I/NetworkThread( 3727): 1333617357788: Received UDP payload: 406
I/NetworkThread( 3727): 1333617387830: Received UDP payload: 406
I/NetworkThread( 3727): 1333617417797: Received UDP payload: 406
I/NetworkThread( 3727): 1333617447799: Received UDP payload: 406
I/NetworkThread( 3727): 1333617477825: Received UDP payload: 406
I/NetworkThread( 3727): 1333617507820: Received UDP payload: 406
I/Process ( 3727): Sending signal. PID: 3727 SIG: 9
D/AudioHardware(   82): AudioHardware pcm playback is exiting standby.
D/AudioHardware(   82): openPcmOut_l() mPcmOpenCnt: 0
I/LatinIME(  309): InputType.TYPE_NULL is specified
W/LatinIME(  309): Unexpected input class: inputType=0x00000000 imeOptions=0x00000000
I/ActivityManager(  163): Process edu.mit.csail.diplomamatrix (pid 3727) has died.
I/WindowManager(  163): WIN DEATH: Window{415ebb38 edu.mit.csail.diplomamatrix/edu.mit.csail.diplomamatrix.StatusActivity paused=false}
W/WindowManager(  163): Force-removing child win Window{416d1a50 SurfaceView paused=false} from container Window{415ebb38 edu.mit.csail.diplomamatrix/edu.mit.csail.diplomamatrix.StatusActivity paused=false}
E/SurfaceTexture(   79): [SurfaceView] queueBuffer: SurfaceTexture has been abandoned!
E/SurfaceTextureClient(   82): queueBuffer: error queuing buffer to SurfaceTexture, -19
E/CameraHardwareSec(   82): Could not enqueue gralloc buffer!
I/CameraHardwareSec(   82): int android::CameraHardwareSec::previewThreadWrapper(): calling mSecCamera->stopPreview() and waiting
W/GpsLocationProvider(  163): Unneeded remove listener for uid 1000
W/WindowManager(  163): Failed looking up window
W/WindowManager(  163): java.lang.IllegalArgumentException: Requested window android.os.BinderProxy@41702040 does not exist
W/WindowManager(  163): 	at com.android.server.wm.WindowManagerService.windowForClientLocked(WindowManagerService.java:7156)
W/WindowManager(  163): 	at com.android.server.wm.WindowManagerService.windowForClientLocked(WindowManagerService.java:7147)
W/WindowManager(  163): 	at com.android.server.wm.WindowState$DeathRecipient.binderDied(WindowState.java:1529)
W/WindowManager(  163): 	at android.os.BinderProxy.sendDeathNotice(Binder.java:417)
W/WindowManager(  163): 	at dalvik.system.NativeStart.run(Native Method)
I/WindowManager(  163): WIN DEATH: null
I/CameraHardwareSec(   82): int android::CameraHardwareSec::previewThreadWrapper(): return from wait
I/CameraHardwareSec(   82): int android::CameraHardwareSec::previewThreadWrapper(): exiting
W/SecCamera(   82): int android::SecCamera::stopPreview(): doing nothing because m_flag_camera_start is zero
W/SecCamera(   82): int android::SecCamera::stopRecord(): doing nothing because m_flag_record_start is zero
I/SecCamera(   82): DeinitCamera: m_cam_fd(29)
I/SecCamera(   82): DeinitCamera: m_cam_fd2(30)
E/CameraHardwareSec(   82): preview window is NULL!
I/CameraService(   82): Destroying camera 0
I/CameraHardwareSec(   82): int android::HAL_camera_device_close(hw_device_t*)
I/SecCamera(   82): DeinitCamera : already deinitialized
W/AudioFlinger(   82): session id 134 not found for pid 82
W/AudioFlinger(   82): session id 135 not found for pid 82
I/ActivityManager(  163): START {act=android.intent.action.MAIN cat=[android.intent.category.LAUNCHER] flg=0x10200000 cmp=edu.mit.csail.diplomamatrix/.StatusActivity bnds=[120,556][240,706]} from pid 358
D/dalvikvm( 3767): Late-enabling CheckJNI
I/ActivityManager(  163): Start proc edu.mit.csail.diplomamatrix for activity edu.mit.csail.diplomamatrix/.StatusActivity: pid=3767 uid=10067 gids={1006, 1015, 3003}
I/dalvikvm( 3767): Turning on JNI app bug workarounds for target SDK version 4...
D/dalvikvm(  163): GC_CONCURRENT freed 629K, 13% free 12946K/14791K, paused 4ms+7ms
I/StatusActivity( 3767): 1333617527217: *** Opened log file for writing ***
I/StatusActivity( 3767): 1333617527218: Android build: Nexus S
I/StatusActivity( 3767): 1333617527218: NET_NAME set to: wlan0
I/StatusActivity( 3767): 1333617527219: starting Mux with id = -1
D/OpenGLRenderer(  358): Flushing caches (mode 1)
I/StatusActivity( 3767): 1333617527222: areButtonsEnabled --> true
I/StatusActivity( 3767): 1333617527224: *** Application started ***
I/StatusActivity( 3767): 1333617527224: HI I'm in ONRESUME()
I/StatusActivity( 3767): 1333617527226: SAMPLING_DISTANCE : 1, SAMPLING_DURATION : 1000
I/Mux.java( 3767): run() beginning -------------
D/Mux     ( 3767): Mux started
I/StatusActivity( 3767): 1333617527238: ************ GPS turned OFF *************
I/NetworkThread( 3767): Initial socket buffer sizes: 110592 receive, 110592 send
I/NetworkThread( 3767): Set socket buffer sizes to: 221184 receive, 221184 send
I/NetworkThread( 3767): started, local IP address:/192.168.5.1
I/Mux.java's nodeId is( 3767): 5001
I/Mux     ( 3767): starting vncDaemon ........
I/VCoreDaemon( 3767): 1333617527252: Started VCoreDaemon with parameters maxRx = 6 , maxRY= 1, minLongitude = -7110102 , minLatitude = 4236349, regionWidth =17
I/Mux     ( 3767): vncDaemon started
I/VCoreDaemon.java( 3767): onStart() about to stateTransition.........................................................................
I/VCoreDaemon( 3767): 1333617527258: started, mId = 5001
I/VCoreDaemon.java( 3767): inside stateTransition ......................................................................................
I/..... VCoreDaemon.java( 3767): out of bounds
I/VCoreDaemon( 3767): 1333617527260: region (-1, -1) out of bounds, dormant
I/..... VCoreDaemon.java( 3767): ends xxxxxxxxxxxxxxxxxxxxxxxxxxxxxxxxxxxxxxxxxxx
W/GpsLocationProvider(  163): Duplicate add listener for uid 10067
V/PhoneStatusBar(  229): setLightsOn(true)
D/OpenGLRenderer(  358): Flushing caches (mode 0)
I/CameraSurfaceView( 3767): inside surfaceCreated()
I/CameraSurfaceView( 3767): opening Camera.open()
I/CameraService(   82): Opening camera 0
I/CameraHardwareSec(   82): int android::HAL_camera_device_open(const hw_module_t*, const char*, hw_device_t**): open camera 0
E/SecCamera(   82): initCamera: m_cam_fd(29), m_jpeg_fd(0)
I/SecCamera(   82): Name of input channel[0] is S5K4ECGX
E/SecCamera(   82): initCamera: m_cam_fd2(30)
I/SecCamera(   82): Name of input channel[0] is S5K4ECGX
I/SecCamera(   82): initCamera : initialized
I/SecCamera(   82): Name of input channel[0] is S5K4ECGX
I/CameraHardwareSec(   82): int android::HAL_camera_device_open(const hw_module_t*, const char*, hw_device_t**): opened camera 0 (0x1e73ef8)
I/AwesomePlayer(   82): setDataSource_l('/system/media/audio/ui/camera_click.ogg')
I/CameraHardwareSec(   82): int android::CameraHardwareSec::previewThreadWrapper(): starting
I/CameraHardwareSec(   82): int android::CameraHardwareSec::previewThreadWrapper(): calling mSecCamera->stopPreview() and waiting
W/SecCamera(   82): int android::SecCamera::stopPreview(): doing nothing because m_flag_camera_start is zero
I/AwesomePlayer(   82): setDataSource_l('/system/media/audio/ui/VideoRecord.ogg')
I/CameraSurfaceView( 3767): opened camera
I/CameraSurfaceView( 3767): inside on surfaceChanged()
D/CameraHardwareSec(   82): mPreviewHeap(fd(29), size(518400), width(720), height(480))
I/CameraHardwareSec(   82): int android::CameraHardwareSec::previewThreadWrapper(): return from wait
I/ActivityManager(  163): Displayed edu.mit.csail.diplomamatrix/.StatusActivity: +1s205ms
D/AudioHardware(   82): AudioHardware pcm playback is going to standby.
D/AudioHardware(   82): closePcmOut_l() mPcmOpenCnt: 1
D/dalvikvm(  309): GC_CONCURRENT freed 412K, 6% free 10462K/11079K, paused 2ms+3ms
I/VCoreDaemon( 3767): 1333617532280: moving from region (-1,-1), to (2,0)
I/VCoreDaemon.java( 3767): inside stateTransition ......................................................................................
I/..... VCoreDaemon.java( 3767): targetState = JOINING
I/VCoreDaemon( 3767): 1333617532285: sending LEADER_REQUEST
I/VCoreDaemon( 3767): 1333617532285: inside sendPacket(Packet p)
D/AudioHardware(   82): AudioHardware pcm playback is exiting standby.
D/AudioHardware(   82): openPcmOut_l() mPcmOpenCnt: 0
I/..... VCoreDaemon.java( 3767): ends xxxxxxxxxxxxxxxxxxxxxxxxxxxxxxxxxxxxxxxxxxx
I/NetworkThread( 3767): 1333617532305: Sending UDP payload: 406
D/dalvikvm( 3767): GC_CONCURRENT freed 165K, 3% free 9346K/9607K, paused 2ms+11ms
I/VCoreDaemon( 3767): 1333617532586: sending LEADER_REQUEST
I/VCoreDaemon( 3767): 1333617532586: inside sendPacket(Packet p)
I/NetworkThread( 3767): 1333617532612: Sending UDP payload: 406
I/VCoreDaemon( 3767): 1333617532890: sending LEADER_REQUEST
I/VCoreDaemon( 3767): 1333617532891: inside sendPacket(Packet p)
I/NetworkThread( 3767): 1333617532908: Sending UDP payload: 406
I/VCoreDaemon( 3767): 1333617533192: sending LEADER_REQUEST
I/VCoreDaemon( 3767): 1333617533193: inside sendPacket(Packet p)
I/NetworkThread( 3767): 1333617533204: Sending UDP payload: 406
I/VCoreDaemon( 3767): 1333617533314: LEADER_REQUEST timed out
I/VCoreDaemon.java( 3767): inside stateTransition ......................................................................................
I/..... VCoreDaemon.java( 3767): targetState = LEADER
D/AudioHardware(   82): AudioHardware pcm playback is going to standby.
D/AudioHardware(   82): closePcmOut_l() mPcmOpenCnt: 1
I/VNC:Cloud( 3767): Request executed: http://hermes5.csail.mit.edu:8212/take/2/0/5001/1333617533315/
I/VCoreDaemon( 3767): 1333617535750: cloud accepted leadership request, no csm data included.
I/..... VCoreDaemon.java( 3767): targetState = LEADER and create new DSMLayer !!!! :D:D:D:D:D
I/VCoreDaemon( 3767): 1333617535752: *** Starting CSM Layer ***
I/VCoreDaemon( 3767): 1333617535754: *** CSM Layer starting with cache disabled ***
I/VCoreDaemon( 3767): 1333617535757: *** CSM Layer starting with forwarding enabled ***
I/VCoreDaemon( 3767): 1333617535772: DSMLayer starting
I/DSMLayer.java( 3767): starting new UserApp ...............................
I/UserApp ( 3767): 1333617535775: UserApp started.
I/UserApp ( 3767): 1333617535778: UserApp for Camera Diploma initialized and waiting for requests.
D/dalvikvm( 3767): GC_CONCURRENT freed 243K, 4% free 9585K/9927K, paused 2ms+3ms
I/VCoreDaemon( 3767): 1333617536016: inside sendPacket(Packet p)
I/NetworkThread( 3767): 1333617536020: Sending UDP payload: 25252
I/VCoreDaemon( 3767): 1333617536026: now fully up as LEADER (id=5001) of (2,0)
I/..... VCoreDaemon.java( 3767): ends xxxxxxxxxxxxxxxxxxxxxxxxxxxxxxxxxxxxxxxxxxx
I/NetworkThread( 3767): 1333617537807: Received UDP payload: 406
W/NetworkStats(  163): dropping UID delta from unknown iface: iface=wlan0 uid=0 set=DEFAULT tag=0x0 rxBytes=7812 rxPackets=18 txBytes=0 txPackets=0 operations=0
W/NetworkStats(  163): dropping UID delta from unknown iface: iface=wlan0 uid=10067 set=DEFAULT tag=0x0 rxBytes=2604 rxPackets=6 txBytes=0 txPackets=0 operations=0
W/NetworkStats(  163): dropping UID delta from unknown iface: iface=wlan0 uid=10067 set=FOREGROUND tag=0x0 rxBytes=155373 rxPackets=28 txBytes=34947 txPackets=11 operations=0
I/NetworkThread( 3767): 1333617540760: Received UDP payload: 423
W/NetworkStats(  163): dropping UID delta from unknown iface: iface=wlan0 uid=10067 set=FOREGROUND tag=0x0 rxBytes=451 rxPackets=1 txBytes=0 txPackets=0 operations=0
D/dalvikvm(  325): GC_CONCURRENT freed 426K, 6% free 9492K/10055K, paused 2ms+3ms
I/NetworkThread( 3767): 1333617543854: Received UDP payload: 406
I/VCoreDaemon( 3767): 1333617543907: heard LEADER_REQUEST from node 5012, responding LEADER_REPLY
D/dalvikvm( 3767): GC_CONCURRENT freed 409K, 6% free 9602K/10183K, paused 2ms+2ms
I/VCoreDaemon( 3767): 1333617544078: inside sendPacket(Packet p)
I/NetworkThread( 3767): 1333617544080: Sending UDP payload: 25269
I/NetworkThread( 3767): 1333617544173: Received UDP payload: 406
I/VCoreDaemon( 3767): 1333617544207: heard LEADER_REQUEST from node 5012, responding LEADER_REPLY
I/VCoreDaemon( 3767): 1333617544328: inside sendPacket(Packet p)
I/NetworkThread( 3767): 1333617544332: Sending UDP payload: 25269
I/NetworkThread( 3767): 1333617549775: Received UDP payload: 4008
I/Mux     ( 3767): 1333617549823: Inside mux Packet.CLIENT_REQUEST
I/Mux     ( 3767): 1333617549824: I'm the leader of requesting client, about to process Packet.CLIENT_REQUEST in userApp
I/UserApp ( 3767): 1333617549824: UserApp handling MY region's client request, will send atom packet to REMOTE region's handleDSMRequest
I/UserApp ( 3767): 1333617549825: request is CLIENT_NEW_PHOTO, so send atom packet to myself (remote region = me)
I/VCoreDaemon( 3767): 1333617549835: Sending PROC_REQUEST 10:0 (2,0)->(2,0)
I/VCoreDaemon( 3767): 1333617549836: Dispatching Atom PROC_REQUEST 10:0 (2,0)->(2,0)
I/Mux     ( 3767): 1333617549839: I got a CSM packet at a leader 
I/NetworkThread( 3767): 1333617549843: Sending UDP payload: 4372
I/VCoreDaemon( 3767): 1333617549858: removed replies before id 0 from sentReplies of size 0
I/UserApp ( 3767): 1333617549880: Inside UPLOAD_PHOTO!!
I/UserApp ( 3767): 1333617549882: my_gpinfo.isSuccess is now (should be true): true
I/UserApp ( 3767): 1333617549882: Region leader successfully uploaded a new photo taken by a client in region. Region leader now display the new photo on its screen (through StatusActivity)
I/StatusActivity( 3767): 1333617549885: inside Packet.SERVER_SHOW_NEWPHOTO. I'm a leader showing my nonleader/myself client's new photo
I/StatusActivity( 3767): 1333617549889: I'm a leader and I SUCCEEDED in saving my client's new photo
I/VCoreDaemon( 3767): 1333617549895: Received PROC_REQUEST 10:0 (2,0)->(2,0), replying PROC_REPLY 10:0 (2,0)->(2,0)
I/VCoreDaemon( 3767): 1333617549896: Dispatching Atom PROC_REPLY 10:0 (2,0)->(2,0)
I/Mux     ( 3767): 1333617549897: I got a CSM packet at a leader 
I/NetworkThread( 3767): 1333617549902: Sending UDP payload: 949
I/VCoreDaemon( 3767): 1333617549920: Received PROC_REPLY 10:0 (2,0)->(2,0), handing to UserApp
I/UserApp ( 3767): 1333617549921: Now back in orginitator region's leader, precssing handleDSMReply
I/UserApp ( 3767): 1333617549921: Going to and from remote region took latency = 88
I/UserApp ( 3767): 1333617549921: = orig leader sent packet at 1333617549833 ~ received reply at 1333617549921
I/UserApp ( 3767): 1333617549922: Originator Region=2 Leader (for Client=5012) processes remote region's dsm atom reply and will send Packet reply to Originator Client
I/UserApp ( 3767): 1333617549922: reply packet contains the ACK for UPLOAD_PHOTO
I/UserApp ( 3767): 1333617549922: I (the leader) was not the originator client (which id = 5012) so I use UDP to send packet back to my nonleader
I/VCoreDaemon( 3767): 1333617549923: inside sendPacket(Packet p)
I/NetworkThread( 3767): 1333617549926: Sending UDP payload: 602
D/dalvikvm( 3767): GC_CONCURRENT freed 544K, 7% free 9604K/10247K, paused 2ms+3ms
D/dalvikvm( 3767): GC_FOR_ALLOC freed 23K, 7% free 9580K/10247K, paused 15ms
I/dalvikvm-heap( 3767): Grow heap (frag case) to 9.903MB for 499408-byte allocation
D/dalvikvm( 3767): GC_FOR_ALLOC freed 0K, 7% free 10068K/10759K, paused 25ms
I/StatusActivity( 3767): 1333617549994: now showing in UI the new photo I just saved ... 
I/NetworkThread( 3767): 1333617555931: Received UDP payload: 3937
I/Mux     ( 3767): 1333617555977: Inside mux Packet.CLIENT_REQUEST
I/Mux     ( 3767): 1333617555979: I'm the leader of requesting client, about to process Packet.CLIENT_REQUEST in userApp
I/UserApp ( 3767): 1333617555980: UserApp handling MY region's client request, will send atom packet to REMOTE region's handleDSMRequest
I/UserApp ( 3767): 1333617555980: request is CLIENT_NEW_PHOTO, so send atom packet to myself (remote region = me)
I/VCoreDaemon( 3767): 1333617556019: Sending PROC_REQUEST 10:1 (2,0)->(2,0)
I/VCoreDaemon( 3767): 1333617556020: Dispatching Atom PROC_REQUEST 10:1 (2,0)->(2,0)
I/Mux     ( 3767): 1333617556021: I got a CSM packet at a leader 
I/NetworkThread( 3767): 1333617556025: Sending UDP payload: 4301
I/VCoreDaemon( 3767): 1333617556030: removed replies before id 1 from sentReplies of size 0
I/UserApp ( 3767): 1333617556031: Inside UPLOAD_PHOTO!!
I/UserApp ( 3767): 1333617556033: my_gpinfo.isSuccess is now (should be true): true
I/UserApp ( 3767): 1333617556033: Region leader successfully uploaded a new photo taken by a client in region. Region leader now display the new photo on its screen (through StatusActivity)
I/StatusActivity( 3767): 1333617556034: inside Packet.SERVER_SHOW_NEWPHOTO. I'm a leader showing my nonleader/myself client's new photo
I/StatusActivity( 3767): 1333617556036: I'm a leader and I SUCCEEDED in saving my client's new photo
D/dalvikvm( 3767): GC_FOR_ALLOC freed 122K, 7% free 10078K/10759K, paused 15ms
I/dalvikvm-heap( 3767): Grow heap (frag case) to 10.389MB for 499408-byte allocation
D/dalvikvm( 3767): GC_FOR_ALLOC freed 3K, 7% free 10562K/11271K, paused 18ms
I/VCoreDaemon( 3767): 1333617556116: Received PROC_REQUEST 10:1 (2,0)->(2,0), replying PROC_REPLY 10:1 (2,0)->(2,0)
I/VCoreDaemon( 3767): 1333617556117: Dispatching Atom PROC_REPLY 10:1 (2,0)->(2,0)
I/Mux     ( 3767): 1333617556118: I got a CSM packet at a leader 
I/StatusActivity( 3767): 1333617556119: now showing in UI the new photo I just saved ... 
I/NetworkThread( 3767): 1333617556132: Sending UDP payload: 949
I/VCoreDaemon( 3767): 1333617556141: Received PROC_REPLY 10:1 (2,0)->(2,0), handing to UserApp
I/UserApp ( 3767): 1333617556142: Now back in orginitator region's leader, precssing handleDSMReply
I/UserApp ( 3767): 1333617556143: Going to and from remote region took latency = 150
I/UserApp ( 3767): 1333617556145: = orig leader sent packet at 1333617555992 ~ received reply at 1333617556142
I/UserApp ( 3767): 1333617556161: Originator Region=2 Leader (for Client=5012) processes remote region's dsm atom reply and will send Packet reply to Originator Client
I/UserApp ( 3767): 1333617556162: reply packet contains the ACK for UPLOAD_PHOTO
I/UserApp ( 3767): 1333617556162: I (the leader) was not the originator client (which id = 5012) so I use UDP to send packet back to my nonleader
I/VCoreDaemon( 3767): 1333617556162: inside sendPacket(Packet p)
I/NetworkThread( 3767): 1333617556163: Sending UDP payload: 602
D/dalvikvm( 3767): GC_CONCURRENT freed 511K, 11% free 10088K/11271K, paused 2ms+2ms
I/VCoreDaemon( 3767): 1333617557261: inside sendPacket(Packet p)
I/NetworkThread( 3767): 1333617557271: Sending UDP payload: 406
I/NetworkThread( 3767): 1333617561249: Received UDP payload: 3657
I/Mux     ( 3767): 1333617561252: Inside mux Packet.CLIENT_REQUEST
I/Mux     ( 3767): 1333617561252: I'm the leader of requesting client, about to process Packet.CLIENT_REQUEST in userApp
I/UserApp ( 3767): 1333617561252: UserApp handling MY region's client request, will send atom packet to REMOTE region's handleDSMRequest
I/UserApp ( 3767): 1333617561252: request is CLIENT_NEW_PHOTO, so send atom packet to myself (remote region = me)
I/VCoreDaemon( 3767): 1333617561252: Sending PROC_REQUEST 10:2 (2,0)->(2,0)
I/VCoreDaemon( 3767): 1333617561253: Dispatching Atom PROC_REQUEST 10:2 (2,0)->(2,0)
I/Mux     ( 3767): 1333617561253: I got a CSM packet at a leader 
I/NetworkThread( 3767): 1333617561255: Sending UDP payload: 4021
I/VCoreDaemon( 3767): 1333617561259: removed replies before id 2 from sentReplies of size 0
I/UserApp ( 3767): 1333617561261: Inside UPLOAD_PHOTO!!
I/UserApp ( 3767): 1333617561266: my_gpinfo.isSuccess is now (should be true): true
I/UserApp ( 3767): 1333617561275: Region leader successfully uploaded a new photo taken by a client in region. Region leader now display the new photo on its screen (through StatusActivity)
I/StatusActivity( 3767): 1333617561277: inside Packet.SERVER_SHOW_NEWPHOTO. I'm a leader showing my nonleader/myself client's new photo
I/StatusActivity( 3767): 1333617561279: I'm a leader and I SUCCEEDED in saving my client's new photo
D/dalvikvm( 3767): GC_FOR_ALLOC freed 129K, 11% free 10082K/11271K, paused 19ms
I/VCoreDaemon( 3767): 1333617561301: Received PROC_REQUEST 10:2 (2,0)->(2,0), replying PROC_REPLY 10:2 (2,0)->(2,0)
I/VCoreDaemon( 3767): 1333617561324: Dispatching Atom PROC_REPLY 10:2 (2,0)->(2,0)
I/Mux     ( 3767): 1333617561324: I got a CSM packet at a leader 
I/NetworkThread( 3767): 1333617561334: Sending UDP payload: 949
I/VCoreDaemon( 3767): 1333617561337: Received PROC_REPLY 10:2 (2,0)->(2,0), handing to UserApp
I/UserApp ( 3767): 1333617561338: Now back in orginitator region's leader, precssing handleDSMReply
I/UserApp ( 3767): 1333617561338: Going to and from remote region took latency = 86
I/UserApp ( 3767): 1333617561339: = orig leader sent packet at 1333617561252 ~ received reply at 1333617561338
D/dalvikvm( 3767): GC_CONCURRENT freed 22K, 7% free 10571K/11271K, paused 2ms+2ms
I/StatusActivity( 3767): 1333617561360: now showing in UI the new photo I just saved ... 
I/UserApp ( 3767): 1333617561363: Originator Region=2 Leader (for Client=5012) processes remote region's dsm atom reply and will send Packet reply to Originator Client
I/UserApp ( 3767): 1333617561364: reply packet contains the ACK for UPLOAD_PHOTO
I/UserApp ( 3767): 1333617561364: I (the leader) was not the originator client (which id = 5012) so I use UDP to send packet back to my nonleader
I/VCoreDaemon( 3767): 1333617561364: inside sendPacket(Packet p)
I/NetworkThread( 3767): 1333617561366: Sending UDP payload: 602
I/VCoreDaemon( 3767): 1333617566024: leader to cloud hearbeat...
I/NetworkThread( 3767): 1333617566682: Received UDP payload: 4112
I/Mux     ( 3767): 1333617566756: Inside mux Packet.CLIENT_REQUEST
I/Mux     ( 3767): 1333617566757: I'm the leader of requesting client, about to process Packet.CLIENT_REQUEST in userApp
I/UserApp ( 3767): 1333617566758: UserApp handling MY region's client request, will send atom packet to REMOTE region's handleDSMRequest
I/UserApp ( 3767): 1333617566758: request is CLIENT_NEW_PHOTO, so send atom packet to myself (remote region = me)
I/VCoreDaemon( 3767): 1333617566765: Sending PROC_REQUEST 10:3 (2,0)->(2,0)
I/VCoreDaemon( 3767): 1333617566766: Dispatching Atom PROC_REQUEST 10:3 (2,0)->(2,0)
I/Mux     ( 3767): 1333617566766: I got a CSM packet at a leader 
I/NetworkThread( 3767): 1333617566772: Sending UDP payload: 4476
I/VCoreDaemon( 3767): 1333617566777: removed replies before id 3 from sentReplies of size 0
I/UserApp ( 3767): 1333617566779: Inside UPLOAD_PHOTO!!
I/UserApp ( 3767): 1333617566781: my_gpinfo.isSuccess is now (should be true): true
I/UserApp ( 3767): 1333617566782: Region leader successfully uploaded a new photo taken by a client in region. Region leader now display the new photo on its screen (through StatusActivity)
I/StatusActivity( 3767): 1333617566783: inside Packet.SERVER_SHOW_NEWPHOTO. I'm a leader showing my nonleader/myself client's new photo
I/StatusActivity( 3767): 1333617566784: I'm a leader and I SUCCEEDED in saving my client's new photo
D/dalvikvm( 3767): GC_FOR_ALLOC freed 618K, 11% free 10095K/11271K, paused 26ms
I/VCoreDaemon( 3767): 1333617566813: Received PROC_REQUEST 10:3 (2,0)->(2,0), replying PROC_REPLY 10:3 (2,0)->(2,0)
I/VCoreDaemon( 3767): 1333617566829: Dispatching Atom PROC_REPLY 10:3 (2,0)->(2,0)
I/Mux     ( 3767): 1333617566830: I got a CSM packet at a leader 
I/NetworkThread( 3767): 1333617566832: Sending UDP payload: 949
I/VCoreDaemon( 3767): 1333617566838: Received PROC_REPLY 10:3 (2,0)->(2,0), handing to UserApp
I/UserApp ( 3767): 1333617566839: Now back in orginitator region's leader, precssing handleDSMReply
I/UserApp ( 3767): 1333617566840: Going to and from remote region took latency = 74
I/UserApp ( 3767): 1333617566840: = orig leader sent packet at 1333617566765 ~ received reply at 1333617566839
D/dalvikvm( 3767): GC_CONCURRENT freed 23K, 7% free 10584K/11271K, paused 2ms+3ms
I/UserApp ( 3767): 1333617566858: Originator Region=2 Leader (for Client=5012) processes remote region's dsm atom reply and will send Packet reply to Originator Client
I/UserApp ( 3767): 1333617566858: reply packet contains the ACK for UPLOAD_PHOTO
I/UserApp ( 3767): 1333617566858: I (the leader) was not the originator client (which id = 5012) so I use UDP to send packet back to my nonleader
I/VCoreDaemon( 3767): 1333617566858: inside sendPacket(Packet p)
I/StatusActivity( 3767): 1333617566864: now showing in UI the new photo I just saved ... 
I/NetworkThread( 3767): 1333617566870: Sending UDP payload: 602
I/VNC:Cloud( 3767): Request executed: http://hermes5.csail.mit.edu:8212/take/2/0/5001/1333617566026/
I/NetworkThread( 3767): 1333617571403: Received UDP payload: 4712
I/Mux     ( 3767): 1333617571433: Inside mux Packet.CLIENT_REQUEST
I/Mux     ( 3767): 1333617571434: I'm the leader of requesting client, about to process Packet.CLIENT_REQUEST in userApp
I/UserApp ( 3767): 1333617571439: UserApp handling MY region's client request, will send atom packet to REMOTE region's handleDSMRequest
I/UserApp ( 3767): 1333617571440: request is CLIENT_NEW_PHOTO, so send atom packet to myself (remote region = me)
I/VCoreDaemon( 3767): 1333617571442: Sending PROC_REQUEST 10:4 (2,0)->(2,0)
I/VCoreDaemon( 3767): 1333617571463: Dispatching Atom PROC_REQUEST 10:4 (2,0)->(2,0)
I/Mux     ( 3767): 1333617571465: I got a CSM packet at a leader 
I/NetworkThread( 3767): 1333617571468: Sending UDP payload: 5076
I/VCoreDaemon( 3767): 1333617571470: removed replies before id 4 from sentReplies of size 0
I/UserApp ( 3767): 1333617571471: Inside UPLOAD_PHOTO!!
I/UserApp ( 3767): 1333617571473: my_gpinfo.isSuccess is now (should be true): true
I/UserApp ( 3767): 1333617571474: Region leader successfully uploaded a new photo taken by a client in region. Region leader now display the new photo on its screen (through StatusActivity)
I/StatusActivity( 3767): 1333617571474: inside Packet.SERVER_SHOW_NEWPHOTO. I'm a leader showing my nonleader/myself client's new photo
I/StatusActivity( 3767): 1333617571476: I'm a leader and I SUCCEEDED in saving my client's new photo
D/dalvikvm( 3767): GC_FOR_ALLOC freed 639K, 11% free 10125K/11271K, paused 16ms
I/VCoreDaemon( 3767): 1333617571495: Received PROC_REQUEST 10:4 (2,0)->(2,0), replying PROC_REPLY 10:4 (2,0)->(2,0)
I/VCoreDaemon( 3767): 1333617571495: Dispatching Atom PROC_REPLY 10:4 (2,0)->(2,0)
I/Mux     ( 3767): 1333617571496: I got a CSM packet at a leader 
I/NetworkThread( 3767): 1333617571518: Sending UDP payload: 949
I/VCoreDaemon( 3767): 1333617571523: Received PROC_REPLY 10:4 (2,0)->(2,0), handing to UserApp
I/UserApp ( 3767): 1333617571525: Now back in orginitator region's leader, precssing handleDSMReply
I/UserApp ( 3767): 1333617571525: Going to and from remote region took latency = 85
I/UserApp ( 3767): 1333617571525: = orig leader sent packet at 1333617571440 ~ received reply at 1333617571525
D/dalvikvm( 3767): GC_CONCURRENT freed 52K, 7% free 10584K/11271K, paused 2ms+2ms
I/UserApp ( 3767): 1333617571546: Originator Region=2 Leader (for Client=5012) processes remote region's dsm atom reply and will send Packet reply to Originator Client
I/UserApp ( 3767): 1333617571546: reply packet contains the ACK for UPLOAD_PHOTO
I/UserApp ( 3767): 1333617571546: I (the leader) was not the originator client (which id = 5012) so I use UDP to send packet back to my nonleader
I/VCoreDaemon( 3767): 1333617571546: inside sendPacket(Packet p)
I/StatusActivity( 3767): 1333617571549: now showing in UI the new photo I just saved ... 
I/NetworkThread( 3767): 1333617571552: Sending UDP payload: 602
W/NetworkStats(  163): dropping UID delta from unknown iface: iface=wlan0 uid=10067 set=FOREGROUND tag=0x0 rxBytes=102883 rxPackets=25 txBytes=81449 txPackets=18 operations=0
I/NetworkThread( 3767): 1333617576608: Received UDP payload: 4059
I/Mux     ( 3767): 1333617576628: Inside mux Packet.CLIENT_REQUEST
I/Mux     ( 3767): 1333617576629: I'm the leader of requesting client, about to process Packet.CLIENT_REQUEST in userApp
I/UserApp ( 3767): 1333617576630: UserApp handling MY region's client request, will send atom packet to REMOTE region's handleDSMRequest
I/UserApp ( 3767): 1333617576646: request is CLIENT_NEW_PHOTO, so send atom packet to myself (remote region = me)
I/VCoreDaemon( 3767): 1333617576663: Sending PROC_REQUEST 10:5 (2,0)->(2,0)
I/VCoreDaemon( 3767): 1333617576664: Dispatching Atom PROC_REQUEST 10:5 (2,0)->(2,0)
I/Mux     ( 3767): 1333617576666: I got a CSM packet at a leader 
I/NetworkThread( 3767): 1333617576670: Sending UDP payload: 4423
I/VCoreDaemon( 3767): 1333617576671: removed replies before id 5 from sentReplies of size 0
I/UserApp ( 3767): 1333617576673: Inside UPLOAD_PHOTO!!
I/UserApp ( 3767): 1333617576675: my_gpinfo.isSuccess is now (should be true): true
I/UserApp ( 3767): 1333617576675: Region leader successfully uploaded a new photo taken by a client in region. Region leader now display the new photo on its screen (through StatusActivity)
I/StatusActivity( 3767): 1333617576676: inside Packet.SERVER_SHOW_NEWPHOTO. I'm a leader showing my nonleader/myself client's new photo
I/StatusActivity( 3767): 1333617576677: I'm a leader and I SUCCEEDED in saving my client's new photo
D/dalvikvm( 3767): GC_FOR_ALLOC freed 619K, 11% free 10101K/11271K, paused 26ms
I/VCoreDaemon( 3767): 1333617576707: Received PROC_REQUEST 10:5 (2,0)->(2,0), replying PROC_REPLY 10:5 (2,0)->(2,0)
I/VCoreDaemon( 3767): 1333617576708: Dispatching Atom PROC_REPLY 10:5 (2,0)->(2,0)
I/Mux     ( 3767): 1333617576724: I got a CSM packet at a leader 
I/NetworkThread( 3767): 1333617576726: Sending UDP payload: 949
I/VCoreDaemon( 3767): 1333617576727: Received PROC_REPLY 10:5 (2,0)->(2,0), handing to UserApp
I/UserApp ( 3767): 1333617576728: Now back in orginitator region's leader, precssing handleDSMReply
I/UserApp ( 3767): 1333617576729: Going to and from remote region took latency = 81
I/UserApp ( 3767): 1333617576730: = orig leader sent packet at 1333617576647 ~ received reply at 1333617576728
D/dalvikvm( 3767): GC_CONCURRENT freed 27K, 7% free 10585K/11271K, paused 2ms+2ms
I/UserApp ( 3767): 1333617576750: Originator Region=2 Leader (for Client=5012) processes remote region's dsm atom reply and will send Packet reply to Originator Client
I/UserApp ( 3767): 1333617576751: reply packet contains the ACK for UPLOAD_PHOTO
I/UserApp ( 3767): 1333617576751: I (the leader) was not the originator client (which id = 5012) so I use UDP to send packet back to my nonleader
I/VCoreDaemon( 3767): 1333617576751: inside sendPacket(Packet p)
I/NetworkThread( 3767): 1333617576753: Sending UDP payload: 602
I/StatusActivity( 3767): 1333617576759: now showing in UI the new photo I just saved ... 
I/NetworkThread( 3767): 1333617581326: Received UDP payload: 5095
I/Mux     ( 3767): 1333617581381: Inside mux Packet.CLIENT_REQUEST
I/Mux     ( 3767): 1333617581382: I'm the leader of requesting client, about to process Packet.CLIENT_REQUEST in userApp
I/UserApp ( 3767): 1333617581383: UserApp handling MY region's client request, will send atom packet to REMOTE region's handleDSMRequest
I/UserApp ( 3767): 1333617581383: request is CLIENT_NEW_PHOTO, so send atom packet to myself (remote region = me)
I/VCoreDaemon( 3767): 1333617581391: Sending PROC_REQUEST 10:6 (2,0)->(2,0)
I/VCoreDaemon( 3767): 1333617581392: Dispatching Atom PROC_REQUEST 10:6 (2,0)->(2,0)
I/Mux     ( 3767): 1333617581393: I got a CSM packet at a leader 
I/NetworkThread( 3767): 1333617581397: Sending UDP payload: 5459
I/VCoreDaemon( 3767): 1333617581408: removed replies before id 6 from sentReplies of size 0
I/UserApp ( 3767): 1333617581410: Inside UPLOAD_PHOTO!!
I/UserApp ( 3767): 1333617581412: my_gpinfo.isSuccess is now (should be true): true
I/UserApp ( 3767): 1333617581413: Region leader successfully uploaded a new photo taken by a client in region. Region leader now display the new photo on its screen (through StatusActivity)
I/StatusActivity( 3767): 1333617581414: inside Packet.SERVER_SHOW_NEWPHOTO. I'm a leader showing my nonleader/myself client's new photo
I/StatusActivity( 3767): 1333617581416: I'm a leader and I SUCCEEDED in saving my client's new photo
D/dalvikvm( 3767): GC_FOR_ALLOC freed 618K, 11% free 10111K/11271K, paused 17ms
I/VCoreDaemon( 3767): 1333617581448: Received PROC_REQUEST 10:6 (2,0)->(2,0), replying PROC_REPLY 10:6 (2,0)->(2,0)
I/VCoreDaemon( 3767): 1333617581448: Dispatching Atom PROC_REPLY 10:6 (2,0)->(2,0)
I/Mux     ( 3767): 1333617581448: I got a CSM packet at a leader 
I/NetworkThread( 3767): 1333617581450: Sending UDP payload: 949
I/VCoreDaemon( 3767): 1333617581455: Received PROC_REPLY 10:6 (2,0)->(2,0), handing to UserApp
I/UserApp ( 3767): 1333617581456: Now back in orginitator region's leader, precssing handleDSMReply
I/UserApp ( 3767): 1333617581456: Going to and from remote region took latency = 65
I/UserApp ( 3767): 1333617581456: = orig leader sent packet at 1333617581391 ~ received reply at 1333617581456
D/dalvikvm( 3767): GC_CONCURRENT freed 23K, 6% free 10599K/11271K, paused 2ms+2ms
I/UserApp ( 3767): 1333617581488: Originator Region=2 Leader (for Client=5012) processes remote region's dsm atom reply and will send Packet reply to Originator Client
I/UserApp ( 3767): 1333617581488: reply packet contains the ACK for UPLOAD_PHOTO
I/UserApp ( 3767): 1333617581488: I (the leader) was not the originator client (which id = 5012) so I use UDP to send packet back to my nonleader
I/VCoreDaemon( 3767): 1333617581488: inside sendPacket(Packet p)
I/StatusActivity( 3767): 1333617581490: now showing in UI the new photo I just saved ... 
I/NetworkThread( 3767): 1333617581494: Sending UDP payload: 602
I/NetworkThread( 3767): 1333617586858: Received UDP payload: 5277
I/Mux     ( 3767): 1333617586883: Inside mux Packet.CLIENT_REQUEST
I/Mux     ( 3767): 1333617586885: I'm the leader of requesting client, about to process Packet.CLIENT_REQUEST in userApp
I/UserApp ( 3767): 1333617586885: UserApp handling MY region's client request, will send atom packet to REMOTE region's handleDSMRequest
I/UserApp ( 3767): 1333617586885: request is CLIENT_NEW_PHOTO, so send atom packet to myself (remote region = me)
I/VCoreDaemon( 3767): 1333617586886: Sending PROC_REQUEST 10:7 (2,0)->(2,0)
I/VCoreDaemon( 3767): 1333617586886: Dispatching Atom PROC_REQUEST 10:7 (2,0)->(2,0)
I/Mux     ( 3767): 1333617586887: I got a CSM packet at a leader 
I/NetworkThread( 3767): 1333617586901: Sending UDP payload: 5641
I/VCoreDaemon( 3767): 1333617586903: removed replies before id 7 from sentReplies of size 0
I/UserApp ( 3767): 1333617586905: Inside UPLOAD_PHOTO!!
I/UserApp ( 3767): 1333617586907: my_gpinfo.isSuccess is now (should be true): true
I/UserApp ( 3767): 1333617586908: Region leader successfully uploaded a new photo taken by a client in region. Region leader now display the new photo on its screen (through StatusActivity)
I/StatusActivity( 3767): 1333617586908: inside Packet.SERVER_SHOW_NEWPHOTO. I'm a leader showing my nonleader/myself client's new photo
I/StatusActivity( 3767): 1333617586910: I'm a leader and I SUCCEEDED in saving my client's new photo
D/dalvikvm( 3767): GC_FOR_ALLOC freed 635K, 11% free 10118K/11271K, paused 16ms
I/VCoreDaemon( 3767): 1333617586928: Received PROC_REQUEST 10:7 (2,0)->(2,0), replying PROC_REPLY 10:7 (2,0)->(2,0)
I/VCoreDaemon( 3767): 1333617586929: Dispatching Atom PROC_REPLY 10:7 (2,0)->(2,0)
I/Mux     ( 3767): 1333617586929: I got a CSM packet at a leader 
I/NetworkThread( 3767): 1333617586946: Sending UDP payload: 949
I/VCoreDaemon( 3767): 1333617586948: Received PROC_REPLY 10:7 (2,0)->(2,0), handing to UserApp
I/UserApp ( 3767): 1333617586948: Now back in orginitator region's leader, precssing handleDSMReply
I/UserApp ( 3767): 1333617586958: Going to and from remote region took latency = 62
I/UserApp ( 3767): 1333617586962: = orig leader sent packet at 1333617586886 ~ received reply at 1333617586948
D/dalvikvm( 3767): GC_CONCURRENT freed 27K, 6% free 10602K/11271K, paused 1ms+2ms
I/UserApp ( 3767): 1333617586981: Originator Region=2 Leader (for Client=5012) processes remote region's dsm atom reply and will send Packet reply to Originator Client
I/StatusActivity( 3767): 1333617586982: now showing in UI the new photo I just saved ... 
I/UserApp ( 3767): 1333617586981: reply packet contains the ACK for UPLOAD_PHOTO
I/UserApp ( 3767): 1333617586984: I (the leader) was not the originator client (which id = 5012) so I use UDP to send packet back to my nonleader
I/VCoreDaemon( 3767): 1333617586984: inside sendPacket(Packet p)
I/NetworkThread( 3767): 1333617586986: Sending UDP payload: 602
I/VCoreDaemon( 3767): 1333617587262: inside sendPacket(Packet p)
I/NetworkThread( 3767): 1333617587274: Sending UDP payload: 406
I/NetworkThread( 3767): 1333617591656: Received UDP payload: 5470
I/Mux     ( 3767): 1333617591701: Inside mux Packet.CLIENT_REQUEST
I/Mux     ( 3767): 1333617591701: I'm the leader of requesting client, about to process Packet.CLIENT_REQUEST in userApp
I/UserApp ( 3767): 1333617591702: UserApp handling MY region's client request, will send atom packet to REMOTE region's handleDSMRequest
I/UserApp ( 3767): 1333617591703: request is CLIENT_NEW_PHOTO, so send atom packet to myself (remote region = me)
I/VCoreDaemon( 3767): 1333617591714: Sending PROC_REQUEST 10:8 (2,0)->(2,0)
I/VCoreDaemon( 3767): 1333617591724: Dispatching Atom PROC_REQUEST 10:8 (2,0)->(2,0)
I/Mux     ( 3767): 1333617591725: I got a CSM packet at a leader 
I/NetworkThread( 3767): 1333617591730: Sending UDP payload: 5834
I/VCoreDaemon( 3767): 1333617591732: removed replies before id 8 from sentReplies of size 0
I/UserApp ( 3767): 1333617591733: Inside UPLOAD_PHOTO!!
I/UserApp ( 3767): 1333617591736: my_gpinfo.isSuccess is now (should be true): true
I/UserApp ( 3767): 1333617591736: Region leader successfully uploaded a new photo taken by a client in region. Region leader now display the new photo on its screen (through StatusActivity)
I/StatusActivity( 3767): 1333617591737: inside Packet.SERVER_SHOW_NEWPHOTO. I'm a leader showing my nonleader/myself client's new photo
I/StatusActivity( 3767): 1333617591738: I'm a leader and I SUCCEEDED in saving my client's new photo
D/dalvikvm( 3767): GC_FOR_ALLOC freed 634K, 11% free 10124K/11271K, paused 17ms
I/VCoreDaemon( 3767): 1333617591757: Received PROC_REQUEST 10:8 (2,0)->(2,0), replying PROC_REPLY 10:8 (2,0)->(2,0)
I/VCoreDaemon( 3767): 1333617591757: Dispatching Atom PROC_REPLY 10:8 (2,0)->(2,0)
I/Mux     ( 3767): 1333617591758: I got a CSM packet at a leader 
I/NetworkThread( 3767): 1333617591784: Sending UDP payload: 949
I/VCoreDaemon( 3767): 1333617591786: Received PROC_REPLY 10:8 (2,0)->(2,0), handing to UserApp
I/UserApp ( 3767): 1333617591786: Now back in orginitator region's leader, precssing handleDSMReply
I/UserApp ( 3767): 1333617591787: Going to and from remote region took latency = 83
I/UserApp ( 3767): 1333617591789: = orig leader sent packet at 1333617591703 ~ received reply at 1333617591786
D/dalvikvm( 3767): GC_CONCURRENT freed 27K, 6% free 10608K/11271K, paused 1ms+2ms
I/UserApp ( 3767): 1333617591810: Originator Region=2 Leader (for Client=5012) processes remote region's dsm atom reply and will send Packet reply to Originator Client
I/UserApp ( 3767): 1333617591811: reply packet contains the ACK for UPLOAD_PHOTO
I/UserApp ( 3767): 1333617591811: I (the leader) was not the originator client (which id = 5012) so I use UDP to send packet back to my nonleader
I/VCoreDaemon( 3767): 1333617591811: inside sendPacket(Packet p)
I/NetworkThread( 3767): 1333617591812: Sending UDP payload: 602
I/StatusActivity( 3767): 1333617591813: now showing in UI the new photo I just saved ... 
I/NetworkThread( 3767): 1333617597657: Received UDP payload: 4689
