I/VCoreDaemon( 3767): 1333617679059: removed replies before id 25 from sentReplies of size 0
I/UserApp ( 3767): 1333617679063: Inside UPLOAD_PHOTO!!
I/UserApp ( 3767): 1333617679067: my_gpinfo.isSuccess is now (should be true): true
I/UserApp ( 3767): 1333617679067: Region leader successfully uploaded a new photo taken by a client in region. Region leader now display the new photo on its screen (through StatusActivity)
I/VCoreDaemon( 3767): 1333617679082: Received PROC_REQUEST 10:25 (2,0)->(2,0), replying PROC_REPLY 10:25 (2,0)->(2,0)
I/VCoreDaemon( 3767): 1333617679083: Dispatching Atom PROC_REPLY 10:25 (2,0)->(2,0)
I/Mux     ( 3767): 1333617679084: I got a CSM packet at a leader 
I/NetworkThread( 3767): 1333617679088: Sending UDP payload: 949
I/VCoreDaemon( 3767): 1333617679090: Received PROC_REPLY 10:25 (2,0)->(2,0), handing to UserApp
I/UserApp ( 3767): 1333617679091: Now back in orginitator region's leader, precssing handleDSMReply
I/UserApp ( 3767): 1333617679094: Going to and from remote region took latency = 38
I/UserApp ( 3767): 1333617679094: = orig leader sent packet at 1333617679053 ~ received reply at 1333617679091
I/UserApp ( 3767): 1333617679096: Originator Region=2 Leader (for Client=5012) processes remote region's dsm atom reply and will send Packet reply to Originator Client
I/UserApp ( 3767): 1333617679096: reply packet contains the ACK for UPLOAD_PHOTO
I/UserApp ( 3767): 1333617679096: I (the leader) was not the originator client (which id = 5012) so I use UDP to send packet back to my nonleader
I/VCoreDaemon( 3767): 1333617679097: inside sendPacket(Packet p)
I/StatusActivity( 3767): 1333617679093: inside Packet.SERVER_SHOW_NEWPHOTO. I'm a leader showing my nonleader/myself client's new photo
I/StatusActivity( 3767): 1333617679100: I'm a leader and I SUCCEEDED in saving my client's new photo
D/dalvikvm( 3767): GC_FOR_ALLOC freed 149K, 14% free 10211K/11783K, paused 15ms
I/NetworkThread( 3767): 1333617679128: Sending UDP payload: 602
I/StatusActivity( 3767): 1333617679170: now showing in UI the new photo I just saved ... 
D/dalvikvm( 3767): GC_CONCURRENT freed 497K, 14% free 10213K/11783K, paused 3ms+11ms
I/NetworkThread( 3767): 1333617683522: Received UDP payload: 4937
I/Mux     ( 3767): 1333617683569: Inside mux Packet.CLIENT_REQUEST
I/Mux     ( 3767): 1333617683570: I'm the leader of requesting client, about to process Packet.CLIENT_REQUEST in userApp
I/UserApp ( 3767): 1333617683571: UserApp handling MY region's client request, will send atom packet to REMOTE region's handleDSMRequest
I/UserApp ( 3767): 1333617683576: request is CLIENT_NEW_PHOTO, so send atom packet to myself (remote region = me)
I/VCoreDaemon( 3767): 1333617683586: Sending PROC_REQUEST 10:26 (2,0)->(2,0)
I/VCoreDaemon( 3767): 1333617683592: Dispatching Atom PROC_REQUEST 10:26 (2,0)->(2,0)
I/Mux     ( 3767): 1333617683607: I got a CSM packet at a leader 
I/NetworkThread( 3767): 1333617683612: Sending UDP payload: 5301
I/VCoreDaemon( 3767): 1333617683615: removed replies before id 26 from sentReplies of size 0
I/UserApp ( 3767): 1333617683620: Inside UPLOAD_PHOTO!!
I/UserApp ( 3767): 1333617683622: my_gpinfo.isSuccess is now (should be true): true
I/UserApp ( 3767): 1333617683623: Region leader successfully uploaded a new photo taken by a client in region. Region leader now display the new photo on its screen (through StatusActivity)
I/VCoreDaemon( 3767): 1333617683627: Received PROC_REQUEST 10:26 (2,0)->(2,0), replying PROC_REPLY 10:26 (2,0)->(2,0)
I/VCoreDaemon( 3767): 1333617683627: Dispatching Atom PROC_REPLY 10:26 (2,0)->(2,0)
I/Mux     ( 3767): 1333617683628: I got a CSM packet at a leader 
I/NetworkThread( 3767): 1333617683631: Sending UDP payload: 949
I/StatusActivity( 3767): 1333617683635: inside Packet.SERVER_SHOW_NEWPHOTO. I'm a leader showing my nonleader/myself client's new photo
I/VCoreDaemon( 3767): 1333617683637: Received PROC_REPLY 10:26 (2,0)->(2,0), handing to UserApp
I/UserApp ( 3767): 1333617683637: Now back in orginitator region's leader, precssing handleDSMReply
I/UserApp ( 3767): 1333617683638: Going to and from remote region took latency = 57
I/UserApp ( 3767): 1333617683639: = orig leader sent packet at 1333617683580 ~ received reply at 1333617683637
I/UserApp ( 3767): 1333617683641: Originator Region=2 Leader (for Client=5012) processes remote region's dsm atom reply and will send Packet reply to Originator Client
I/StatusActivity( 3767): 1333617683640: I'm a leader and I SUCCEEDED in saving my client's new photo
I/UserApp ( 3767): 1333617683642: reply packet contains the ACK for UPLOAD_PHOTO
D/dalvikvm( 3767): GC_FOR_ALLOC freed 152K, 14% free 10219K/11783K, paused 26ms
I/UserApp ( 3767): 1333617683671: I (the leader) was not the originator client (which id = 5012) so I use UDP to send packet back to my nonleader
I/VCoreDaemon( 3767): 1333617683671: inside sendPacket(Packet p)
I/NetworkThread( 3767): 1333617683672: Sending UDP payload: 602
I/StatusActivity( 3767): 1333617683702: now showing in UI the new photo I just saved ... 
D/dalvikvm( 3767): GC_CONCURRENT freed 5K, 10% free 10713K/11783K, paused 2ms+2ms
I/NetworkThread( 3767): 1333617688269: Received UDP payload: 5176
I/Mux     ( 3767): 1333617688284: Inside mux Packet.CLIENT_REQUEST
I/Mux     ( 3767): 1333617688284: I'm the leader of requesting client, about to process Packet.CLIENT_REQUEST in userApp
I/UserApp ( 3767): 1333617688284: UserApp handling MY region's client request, will send atom packet to REMOTE region's handleDSMRequest
I/UserApp ( 3767): 1333617688284: request is CLIENT_NEW_PHOTO, so send atom packet to myself (remote region = me)
I/VCoreDaemon( 3767): 1333617688285: Sending PROC_REQUEST 10:27 (2,0)->(2,0)
I/VCoreDaemon( 3767): 1333617688285: Dispatching Atom PROC_REQUEST 10:27 (2,0)->(2,0)
I/Mux     ( 3767): 1333617688285: I got a CSM packet at a leader 
I/NetworkThread( 3767): 1333617688292: Sending UDP payload: 5540
I/VCoreDaemon( 3767): 1333617688294: removed replies before id 27 from sentReplies of size 0
I/UserApp ( 3767): 1333617688298: Inside UPLOAD_PHOTO!!
I/UserApp ( 3767): 1333617688314: my_gpinfo.isSuccess is now (should be true): true
I/UserApp ( 3767): 1333617688314: Region leader successfully uploaded a new photo taken by a client in region. Region leader now display the new photo on its screen (through StatusActivity)
I/VCoreDaemon( 3767): 1333617688317: Received PROC_REQUEST 10:27 (2,0)->(2,0), replying PROC_REPLY 10:27 (2,0)->(2,0)
I/VCoreDaemon( 3767): 1333617688318: Dispatching Atom PROC_REPLY 10:27 (2,0)->(2,0)
I/Mux     ( 3767): 1333617688318: I got a CSM packet at a leader 
I/NetworkThread( 3767): 1333617688321: Sending UDP payload: 949
I/VCoreDaemon( 3767): 1333617688326: Received PROC_REPLY 10:27 (2,0)->(2,0), handing to UserApp
I/UserApp ( 3767): 1333617688327: Now back in orginitator region's leader, precssing handleDSMReply
I/UserApp ( 3767): 1333617688327: Going to and from remote region took latency = 43
I/UserApp ( 3767): 1333617688327: = orig leader sent packet at 1333617688284 ~ received reply at 1333617688327
I/UserApp ( 3767): 1333617688329: Originator Region=2 Leader (for Client=5012) processes remote region's dsm atom reply and will send Packet reply to Originator Client
I/UserApp ( 3767): 1333617688329: reply packet contains the ACK for UPLOAD_PHOTO
I/UserApp ( 3767): 1333617688329: I (the leader) was not the originator client (which id = 5012) so I use UDP to send packet back to my nonleader
I/VCoreDaemon( 3767): 1333617688329: inside sendPacket(Packet p)
I/StatusActivity( 3767): 1333617688332: inside Packet.SERVER_SHOW_NEWPHOTO. I'm a leader showing my nonleader/myself client's new photo
I/StatusActivity( 3767): 1333617688335: I'm a leader and I SUCCEEDED in saving my client's new photo
I/NetworkThread( 3767): 1333617688336: Sending UDP payload: 602
D/dalvikvm( 3767): GC_FOR_ALLOC freed 657K, 14% free 10226K/11783K, paused 16ms
I/StatusActivity( 3767): 1333617688390: now showing in UI the new photo I just saved ... 
D/dalvikvm( 3767): GC_CONCURRENT freed 493K, 14% free 10227K/11783K, paused 2ms+2ms
I/NetworkThread( 3767): 1333617694039: Received UDP payload: 4121
I/Mux     ( 3767): 1333617694042: Inside mux Packet.CLIENT_REQUEST
I/Mux     ( 3767): 1333617694042: I'm the leader of requesting client, about to process Packet.CLIENT_REQUEST in userApp
I/UserApp ( 3767): 1333617694042: UserApp handling MY region's client request, will send atom packet to REMOTE region's handleDSMRequest
I/UserApp ( 3767): 1333617694043: request is CLIENT_NEW_PHOTO, so send atom packet to myself (remote region = me)
I/VCoreDaemon( 3767): 1333617694043: Sending PROC_REQUEST 10:28 (2,0)->(2,0)
I/VCoreDaemon( 3767): 1333617694044: Dispatching Atom PROC_REQUEST 10:28 (2,0)->(2,0)
I/Mux     ( 3767): 1333617694045: I got a CSM packet at a leader 
I/NetworkThread( 3767): 1333617694047: Sending UDP payload: 4485
I/VCoreDaemon( 3767): 1333617694051: removed replies before id 28 from sentReplies of size 0
I/UserApp ( 3767): 1333617694057: Inside UPLOAD_PHOTO!!
I/UserApp ( 3767): 1333617694059: my_gpinfo.isSuccess is now (should be true): true
I/UserApp ( 3767): 1333617694059: Region leader successfully uploaded a new photo taken by a client in region. Region leader now display the new photo on its screen (through StatusActivity)
I/VCoreDaemon( 3767): 1333617694066: Received PROC_REQUEST 10:28 (2,0)->(2,0), replying PROC_REPLY 10:28 (2,0)->(2,0)
I/VCoreDaemon( 3767): 1333617694066: Dispatching Atom PROC_REPLY 10:28 (2,0)->(2,0)
I/Mux     ( 3767): 1333617694068: I got a CSM packet at a leader 
I/NetworkThread( 3767): 1333617694072: Sending UDP payload: 949
I/VCoreDaemon( 3767): 1333617694074: Received PROC_REPLY 10:28 (2,0)->(2,0), handing to UserApp
I/UserApp ( 3767): 1333617694076: Now back in orginitator region's leader, precssing handleDSMReply
I/UserApp ( 3767): 1333617694076: Going to and from remote region took latency = 33
I/UserApp ( 3767): 1333617694077: = orig leader sent packet at 1333617694043 ~ received reply at 1333617694076
I/UserApp ( 3767): 1333617694080: Originator Region=2 Leader (for Client=5012) processes remote region's dsm atom reply and will send Packet reply to Originator Client
I/UserApp ( 3767): 1333617694081: reply packet contains the ACK for UPLOAD_PHOTO
I/UserApp ( 3767): 1333617694082: I (the leader) was not the originator client (which id = 5012) so I use UDP to send packet back to my nonleader
I/VCoreDaemon( 3767): 1333617694083: inside sendPacket(Packet p)
I/NetworkThread( 3767): 1333617694085: Sending UDP payload: 602
I/StatusActivity( 3767): 1333617694088: inside Packet.SERVER_SHOW_NEWPHOTO. I'm a leader showing my nonleader/myself client's new photo
I/StatusActivity( 3767): 1333617694090: I'm a leader and I SUCCEEDED in saving my client's new photo
D/dalvikvm( 3767): GC_FOR_ALLOC freed 162K, 14% free 10229K/11783K, paused 18ms
I/StatusActivity( 3767): 1333617694163: now showing in UI the new photo I just saved ... 
D/dalvikvm( 3767): GC_CONCURRENT freed 496K, 14% free 10227K/11783K, paused 2ms+2ms
I/VCoreDaemon( 3767): 1333617694795: leader to cloud hearbeat...
I/VNC:Cloud( 3767): Request executed: http://hermes5.csail.mit.edu:8212/take/2/0/5001/1333617694802/
I/NetworkThread( 3767): 1333617700263: Received UDP payload: 4011
I/Mux     ( 3767): 1333617700286: Inside mux Packet.CLIENT_REQUEST
I/Mux     ( 3767): 1333617700286: I'm the leader of requesting client, about to process Packet.CLIENT_REQUEST in userApp
I/UserApp ( 3767): 1333617700287: UserApp handling MY region's client request, will send atom packet to REMOTE region's handleDSMRequest
I/UserApp ( 3767): 1333617700288: request is CLIENT_NEW_PHOTO, so send atom packet to myself (remote region = me)
I/VCoreDaemon( 3767): 1333617700296: Sending PROC_REQUEST 10:29 (2,0)->(2,0)
I/VCoreDaemon( 3767): 1333617700298: Dispatching Atom PROC_REQUEST 10:29 (2,0)->(2,0)
I/Mux     ( 3767): 1333617700298: I got a CSM packet at a leader 
I/NetworkThread( 3767): 1333617700313: Sending UDP payload: 4375
I/VCoreDaemon( 3767): 1333617700317: removed replies before id 29 from sentReplies of size 0
I/UserApp ( 3767): 1333617700320: Inside UPLOAD_PHOTO!!
I/UserApp ( 3767): 1333617700325: my_gpinfo.isSuccess is now (should be true): true
I/UserApp ( 3767): 1333617700325: Region leader successfully uploaded a new photo taken by a client in region. Region leader now display the new photo on its screen (through StatusActivity)
I/VCoreDaemon( 3767): 1333617700327: Received PROC_REQUEST 10:29 (2,0)->(2,0), replying PROC_REPLY 10:29 (2,0)->(2,0)
I/VCoreDaemon( 3767): 1333617700330: Dispatching Atom PROC_REPLY 10:29 (2,0)->(2,0)
I/Mux     ( 3767): 1333617700332: I got a CSM packet at a leader 
I/StatusActivity( 3767): 1333617700332: inside Packet.SERVER_SHOW_NEWPHOTO. I'm a leader showing my nonleader/myself client's new photo
I/StatusActivity( 3767): 1333617700335: I'm a leader and I SUCCEEDED in saving my client's new photo
D/dalvikvm( 3767): GC_FOR_ALLOC freed 151K, 13% free 10262K/11783K, paused 15ms
I/NetworkThread( 3767): 1333617700375: Sending UDP payload: 949
I/VCoreDaemon( 3767): 1333617700392: Received PROC_REPLY 10:29 (2,0)->(2,0), handing to UserApp
I/UserApp ( 3767): 1333617700392: Now back in orginitator region's leader, precssing handleDSMReply
I/UserApp ( 3767): 1333617700392: Going to and from remote region took latency = 104
I/UserApp ( 3767): 1333617700393: = orig leader sent packet at 1333617700288 ~ received reply at 1333617700392
I/UserApp ( 3767): 1333617700394: Originator Region=2 Leader (for Client=5012) processes remote region's dsm atom reply and will send Packet reply to Originator Client
I/UserApp ( 3767): 1333617700394: reply packet contains the ACK for UPLOAD_PHOTO
I/UserApp ( 3767): 1333617700394: I (the leader) was not the originator client (which id = 5012) so I use UDP to send packet back to my nonleader
I/VCoreDaemon( 3767): 1333617700394: inside sendPacket(Packet p)
I/NetworkThread( 3767): 1333617700396: Sending UDP payload: 602
I/StatusActivity( 3767): 1333617700413: now showing in UI the new photo I just saved ... 
D/dalvikvm( 3767): GC_CONCURRENT freed 537K, 14% free 10236K/11783K, paused 1ms+4ms
W/NetworkStats(  163): dropping UID delta from unknown iface: iface=wlan0 uid=10067 set=FOREGROUND tag=0x0 rxBytes=64068 rxPackets=25 txBytes=38164 txPackets=19 operations=0
I/NetworkThread( 3767): 1333617705363: Received UDP payload: 3990
I/Mux     ( 3767): 1333617705405: Inside mux Packet.CLIENT_REQUEST
I/Mux     ( 3767): 1333617705406: I'm the leader of requesting client, about to process Packet.CLIENT_REQUEST in userApp
I/UserApp ( 3767): 1333617705407: UserApp handling MY region's client request, will send atom packet to REMOTE region's handleDSMRequest
I/UserApp ( 3767): 1333617705415: request is CLIENT_NEW_PHOTO, so send atom packet to myself (remote region = me)
I/VCoreDaemon( 3767): 1333617705423: Sending PROC_REQUEST 10:30 (2,0)->(2,0)
I/VCoreDaemon( 3767): 1333617705428: Dispatching Atom PROC_REQUEST 10:30 (2,0)->(2,0)
I/Mux     ( 3767): 1333617705450: I got a CSM packet at a leader 
I/NetworkThread( 3767): 1333617705455: Sending UDP payload: 4354
I/VCoreDaemon( 3767): 1333617705457: removed replies before id 30 from sentReplies of size 0
I/UserApp ( 3767): 1333617705459: Inside UPLOAD_PHOTO!!
I/UserApp ( 3767): 1333617705463: my_gpinfo.isSuccess is now (should be true): true
I/UserApp ( 3767): 1333617705464: Region leader successfully uploaded a new photo taken by a client in region. Region leader now display the new photo on its screen (through StatusActivity)
I/VCoreDaemon( 3767): 1333617705467: Received PROC_REQUEST 10:30 (2,0)->(2,0), replying PROC_REPLY 10:30 (2,0)->(2,0)
I/VCoreDaemon( 3767): 1333617705468: Dispatching Atom PROC_REPLY 10:30 (2,0)->(2,0)
I/Mux     ( 3767): 1333617705470: I got a CSM packet at a leader 
I/NetworkThread( 3767): 1333617705472: Sending UDP payload: 949
I/StatusActivity( 3767): 1333617705475: inside Packet.SERVER_SHOW_NEWPHOTO. I'm a leader showing my nonleader/myself client's new photo
I/VCoreDaemon( 3767): 1333617705477: Received PROC_REPLY 10:30 (2,0)->(2,0), handing to UserApp
I/UserApp ( 3767): 1333617705479: Now back in orginitator region's leader, precssing handleDSMReply
I/UserApp ( 3767): 1333617705479: Going to and from remote region took latency = 59
I/UserApp ( 3767): 1333617705479: = orig leader sent packet at 1333617705420 ~ received reply at 1333617705479
I/UserApp ( 3767): 1333617705481: Originator Region=2 Leader (for Client=5012) processes remote region's dsm atom reply and will send Packet reply to Originator Client
I/StatusActivity( 3767): 1333617705481: I'm a leader and I SUCCEEDED in saving my client's new photo
D/dalvikvm( 3767): GC_FOR_ALLOC freed 152K, 14% free 10238K/11783K, paused 26ms
I/UserApp ( 3767): 1333617705510: reply packet contains the ACK for UPLOAD_PHOTO
I/UserApp ( 3767): 1333617705511: I (the leader) was not the originator client (which id = 5012) so I use UDP to send packet back to my nonleader
I/VCoreDaemon( 3767): 1333617705511: inside sendPacket(Packet p)
I/NetworkThread( 3767): 1333617705512: Sending UDP payload: 602
I/StatusActivity( 3767): 1333617705543: now showing in UI the new photo I just saved ... 
D/dalvikvm( 3767): GC_CONCURRENT freed 6K, 9% free 10731K/11783K, paused 1ms+2ms
I/VCoreDaemon( 3767): 1333617707269: inside sendPacket(Packet p)
I/NetworkThread( 3767): 1333617707281: Sending UDP payload: 406
I/VCoreDaemon( 3767): 1333617727058: leader to cloud hearbeat...
I/VNC:Cloud( 3767): Request executed: http://hermes5.csail.mit.edu:8212/take/2/0/5001/1333617727064/
W/NetworkStats(  163): dropping UID delta from unknown iface: iface=wlan0 uid=10067 set=FOREGROUND tag=0x0 rxBytes=10441 rxPackets=5 txBytes=6423 txPackets=4 operations=0
D/dalvikvm(  163): GC_CONCURRENT freed 921K, 14% free 12740K/14791K, paused 16ms+4ms
I/VCoreDaemon( 3767): 1333617737270: inside sendPacket(Packet p)
I/NetworkThread( 3767): 1333617737283: Sending UDP payload: 406
I/VCoreDaemon( 3767): 1333617759232: leader to cloud hearbeat...
I/VNC:Cloud( 3767): Request executed: http://hermes5.csail.mit.edu:8212/take/2/0/5001/1333617759235/
D/dalvikvm( 3767): GC_CONCURRENT freed 876K, 13% free 10300K/11783K, paused 1ms+3ms
D/dalvikvm( 3767): GC_CONCURRENT freed 76K, 10% free 10717K/11783K, paused 2ms+3ms
D/dalvikvm( 3767): GC_CONCURRENT freed 176K, 7% free 11011K/11783K, paused 2ms+3ms
D/dalvikvm( 3767): GC_FOR_ALLOC freed 296K, 8% free 10916K/11783K, paused 19ms
D/dalvikvm( 3767): GC_FOR_ALLOC freed 241K, 8% free 10877K/11783K, paused 16ms
D/dalvikvm( 3767): GC_FOR_ALLOC freed 297K, 8% free 10875K/11783K, paused 19ms
D/dalvikvm( 3767): GC_FOR_ALLOC freed 295K, 8% free 10916K/11783K, paused 38ms
D/dalvikvm( 3767): GC_FOR_ALLOC freed 396K, 8% free 10875K/11783K, paused 21ms
I/NetworkThread( 3767): 1333617763606: Received UDP payload: 6206
I/Mux     ( 3767): 1333617763609: Inside mux Packet.CLIENT_REQUEST
I/Mux     ( 3767): 1333617763609: I'm the leader of requesting client, about to process Packet.CLIENT_REQUEST in userApp
I/UserApp ( 3767): 1333617763609: UserApp handling MY region's client request, will send atom packet to REMOTE region's handleDSMRequest
I/UserApp ( 3767): 1333617763609: request is CLIENT_NEW_PHOTO, so send atom packet to myself (remote region = me)
I/VCoreDaemon( 3767): 1333617763610: Sending PROC_REQUEST 10:31 (2,0)->(2,0)
I/VCoreDaemon( 3767): 1333617763612: Dispatching Atom PROC_REQUEST 10:31 (2,0)->(2,0)
I/Mux     ( 3767): 1333617763612: I got a CSM packet at a leader 
I/NetworkThread( 3767): 1333617763615: Sending UDP payload: 6570
I/VCoreDaemon( 3767): 1333617763619: removed replies before id 31 from sentReplies of size 0
I/UserApp ( 3767): 1333617763622: Inside UPLOAD_PHOTO!!
I/UserApp ( 3767): 1333617763630: my_gpinfo.isSuccess is now (should be true): true
I/UserApp ( 3767): 1333617763630: Region leader successfully uploaded a new photo taken by a client in region. Region leader now display the new photo on its screen (through StatusActivity)
I/VCoreDaemon( 3767): 1333617763634: Received PROC_REQUEST 10:31 (2,0)->(2,0), replying PROC_REPLY 10:31 (2,0)->(2,0)
I/VCoreDaemon( 3767): 1333617763637: Dispatching Atom PROC_REPLY 10:31 (2,0)->(2,0)
I/Mux     ( 3767): 1333617763637: I got a CSM packet at a leader 
I/NetworkThread( 3767): 1333617763640: Sending UDP payload: 949
I/VCoreDaemon( 3767): 1333617763645: Received PROC_REPLY 10:31 (2,0)->(2,0), handing to UserApp
I/UserApp ( 3767): 1333617763645: Now back in orginitator region's leader, precssing handleDSMReply
I/UserApp ( 3767): 1333617763647: Going to and from remote region took latency = 36
I/UserApp ( 3767): 1333617763647: = orig leader sent packet at 1333617763609 ~ received reply at 1333617763645
I/UserApp ( 3767): 1333617763660: Originator Region=2 Leader (for Client=5012) processes remote region's dsm atom reply and will send Packet reply to Originator Client
I/UserApp ( 3767): 1333617763663: reply packet contains the ACK for UPLOAD_PHOTO
I/UserApp ( 3767): 1333617763665: I (the leader) was not the originator client (which id = 5012) so I use UDP to send packet back to my nonleader
I/VCoreDaemon( 3767): 1333617763665: inside sendPacket(Packet p)
D/dalvikvm( 3767): GC_FOR_ALLOC freed 414K, 8% free 10930K/11783K, paused 16ms
I/NetworkThread( 3767): 1333617763687: Sending UDP payload: 602
D/dalvikvm( 3767): GC_FOR_ALLOC freed 337K, 8% free 10928K/11783K, paused 24ms
I/StatusActivity( 3767): 1333617763725: inside Packet.SERVER_SHOW_NEWPHOTO. I'm a leader showing my nonleader/myself client's new photo
I/StatusActivity( 3767): 1333617763727: I'm a leader and I SUCCEEDED in saving my client's new photo
D/dalvikvm( 3767): GC_FOR_ALLOC freed 5K, 7% free 11033K/11783K, paused 17ms
I/dalvikvm-heap( 3767): Grow heap (frag case) to 11.322MB for 499408-byte allocation
D/dalvikvm( 3767): GC_FOR_ALLOC freed <1K, 7% free 11521K/12295K, paused 24ms
I/StatusActivity( 3767): 1333617763778: now showing in UI the new photo I just saved ... 
D/dalvikvm( 3767): GC_FOR_ALLOC freed 941K, 13% free 10924K/12487K, paused 16ms
D/dalvikvm( 3767): GC_FOR_ALLOC freed 503K, 13% free 10924K/12487K, paused 22ms
D/dalvikvm( 3767): GC_CONCURRENT freed 671K, 13% free 10883K/12487K, paused 3ms+3ms
D/dalvikvm( 3767): GC_CONCURRENT freed 496K, 13% free 10959K/12487K, paused 2ms+3ms
D/dalvikvm( 3767): GC_CONCURRENT freed 455K, 12% free 11038K/12487K, paused 3ms+2ms
D/dalvikvm( 3767): GC_CONCURRENT freed 612K, 12% free 11078K/12487K, paused 2ms+4ms
I/VCoreDaemon( 3767): 1333617767272: inside sendPacket(Packet p)
I/NetworkThread( 3767): 1333617767277: Sending UDP payload: 406
D/dalvikvm(  325): GC_CONCURRENT freed 428K, 6% free 9490K/10055K, paused 2ms+7ms
W/NetworkStats(  163): dropping UID delta from unknown iface: iface=wlan0 uid=10067 set=FOREGROUND tag=0x0 rxBytes=15307 rxPackets=6 txBytes=9073 txPackets=5 operations=0
I/VCoreDaemon( 3767): 1333617791349: leader to cloud hearbeat...
I/VNC:Cloud( 3767): Request executed: http://hermes5.csail.mit.edu:8212/take/2/0/5001/1333617791350/
D/dalvikvm( 3767): GC_CONCURRENT freed 489K, 11% free 11147K/12487K, paused 7ms+2ms
I/VCoreDaemon( 3767): 1333617797276: inside sendPacket(Packet p)
I/NetworkThread( 3767): 1333617797315: Sending UDP payload: 406
W/NetworkStats(  163): dropping UID delta from unknown iface: iface=wlan0 uid=10067 set=FOREGROUND tag=0x0 rxBytes=434 rxPackets=1 txBytes=434 txPackets=1 operations=0
I/VCoreDaemon( 3767): 1333617823596: leader to cloud hearbeat...
I/VNC:Cloud( 3767): Request executed: http://hermes5.csail.mit.edu:8212/take/2/0/5001/1333617823603/
I/VCoreDaemon( 3767): 1333617827277: inside sendPacket(Packet p)
I/NetworkThread( 3767): 1333617827286: Sending UDP payload: 406
D/dalvikvm(  163): JIT code cache reset in 4 ms (1048544 bytes 2/0)
D/dalvikvm(  163): GC_EXPLICIT freed 577K, 15% free 12713K/14791K, paused 3ms+20ms
W/NetworkStats(  163): dropping UID delta from unknown iface: iface=wlan0 uid=10067 set=FOREGROUND tag=0x0 rxBytes=434 rxPackets=1 txBytes=434 txPackets=1 operations=0
I/VCoreDaemon( 3767): 1333617855825: leader to cloud hearbeat...
I/VNC:Cloud( 3767): Request executed: http://hermes5.csail.mit.edu:8212/take/2/0/5001/1333617855826/
I/VCoreDaemon( 3767): 1333617857992: inside sendPacket(Packet p)
I/NetworkThread( 3767): 1333617858031: Sending UDP payload: 406
W/NetworkStats(  163): dropping UID delta from unknown iface: iface=wlan0 uid=10067 set=FOREGROUND tag=0x0 rxBytes=434 rxPackets=1 txBytes=434 txPackets=1 operations=0
D/dalvikvm( 3767): GC_CONCURRENT freed 555K, 11% free 11172K/12487K, paused 6ms+2ms
I/VCoreDaemon( 3767): 1333617887990: leader to cloud hearbeat...
D/dalvikvm(  325): GC_CONCURRENT freed 433K, 6% free 9490K/10055K, paused 9ms+2ms
I/VNC:Cloud( 3767): Request executed: http://hermes5.csail.mit.edu:8212/take/2/0/5001/1333617887991/
I/VCoreDaemon( 3767): 1333617890199: inside sendPacket(Packet p)
I/NetworkThread( 3767): 1333617890212: Sending UDP payload: 406
W/NetworkStats(  163): dropping UID delta from unknown iface: iface=wlan0 uid=10067 set=FOREGROUND tag=0x0 rxBytes=434 rxPackets=1 txBytes=434 txPackets=1 operations=0
I/NetworkThread( 3767): 1333617910842: Received UDP payload: 406
I/NetworkThread( 3767): 1333617911146: Received UDP payload: 406
I/NetworkThread( 3767): 1333617911447: Received UDP payload: 406
I/NetworkThread( 3767): 1333617911750: Received UDP payload: 406
D/dalvikvm(  163): GC_CONCURRENT freed 878K, 14% free 12738K/14791K, paused 2ms+7ms
I/NetworkThread( 3767): 1333617913250: Received UDP payload: 7287
I/VCoreDaemon( 3767): 1333617915274: moving from region (2,0), to (1,0)
I/VCoreDaemon.java( 3767): inside stateTransition ......................................................................................
D/AudioHardware(   82): AudioHardware pcm playback is exiting standby.
D/AudioHardware(   82): openPcmOut_l() mPcmOpenCnt: 0
I/..... VCoreDaemon.java( 3767): targetState = HANDING_OFF
I/VCoreDaemon( 3767): 1333617915300: Trying to hand off leadership
I/..... VCoreDaemon.java( 3767): ends xxxxxxxxxxxxxxxxxxxxxxxxxxxxxxxxxxxxxxxxxxx
I/VCoreDaemon( 3767): 1333617915301: broadcasting LEADER_ELECT to old (2,0)
I/VCoreDaemon( 3767): 1333617915302: inside sendPacket(Packet p)
I/NetworkThread( 3767): 1333617915304: Sending UDP payload: 423
I/UserApp ( 3767): 1333617915706: UserApp stopped.
I/VCoreDaemon( 3767): 1333617915707: DSMLayer stopped
I/VCoreDaemon( 3767): 1333617915716: serializing DSMLayer to JSON
W/meterizedTypeHandlerMap( 3767): Overriding the existing type handler for {0}
W/meterizedTypeHandlerMap( 3767): Overriding the existing type handler for {0}
D/dalvikvm( 3767): GC_CONCURRENT freed 666K, 11% free 11148K/12487K, paused 2ms+2ms
D/dalvikvm( 3767): GC_CONCURRENT freed 601K, 11% free 11199K/12487K, paused 2ms+3ms
D/dalvikvm( 3767): GC_CONCURRENT freed 525K, 10% free 11355K/12487K, paused 1ms+3ms
D/dalvikvm( 3767): GC_CONCURRENT freed 884K, 11% free 11230K/12487K, paused 2ms+2ms
I/VNC:Cloud( 3767): Executing request: http://hermes5.csail.mit.edu:8212/upload/2/0/5001/1333617916438/
D/AudioHardware(   82): AudioHardware pcm playback is going to standby.
D/AudioHardware(   82): closePcmOut_l() mPcmOpenCnt: 1
I/VNC:Cloud( 3767): Request executed: http://hermes5.csail.mit.edu:8212/release/2/0/5001/1333617922172/
I/VNC:Cloud( 3767): in Cloud releaseLeadership
I/VNC:Cloud( 3767): org.apache.http.conn.EofSensorInputStream@4156b8f8
I/VCoreDaemon( 3767): 1333617922425: old region empty, uploaded state to cloud in 6706ms as json 22072 bytes
I/VCoreDaemon.java( 3767): inside stateTransition ......................................................................................
I/..... VCoreDaemon.java( 3767): targetState = JOINING
I/..... VCoreDaemon.java( 3767): ends xxxxxxxxxxxxxxxxxxxxxxxxxxxxxxxxxxxxxxxxxxx
I/VCoreDaemon( 3767): 1333617922432: sending LEADER_REQUEST
I/VCoreDaemon( 3767): 1333617922433: inside sendPacket(Packet p)
I/NetworkThread( 3767): 1333617922435: Sending UDP payload: 406
I/NetworkThread( 3767): 1333617922627: Received UDP payload: 7304
I/VCoreDaemon( 3767): 1333617922664: heard LEADER_REPLY from 5012
I/VCoreDaemon.java( 3767): inside stateTransition ......................................................................................
I/..... VCoreDaemon.java( 3767): targetState = NONLEADER
I/VCoreDaemon( 3767): 1333617922665: DSMLayer stopped
I/VCoreDaemon( 3767): 1333617922676: now NONLEADER (id=5001) following LEADER (id=5012) in (1,0)
I/..... VCoreDaemon.java( 3767): ends xxxxxxxxxxxxxxxxxxxxxxxxxxxxxxxxxxxxxxxxxxx
W/NetworkStats(  163): dropping UID delta from unknown iface: iface=wlan0 uid=10067 set=FOREGROUND tag=0x0 rxBytes=17268 rxPackets=8 txBytes=885 txPackets=2 operations=0
I/NetworkThread( 3767): 1333617927930: Received UDP payload: 406
I/StatusActivity( 3767): 1333617928749: canPressButton = TRUE
I/StatusActivity( 3767): 1333617928752: areButtonsEnabled --> false
I/StatusActivity( 3767): 1333617928753: disabling buttons ...
I/StatusActivity( 3767): Inside disableButtonsR
I/StatusActivity( 3767): areButtonsEnabled --> false
I/StatusActivity( 3767): 1333617928760: ** Clicked take picture button **
I/CameraSurfaceView( 3767): inside getCamera()
D/AudioHardware(   82): AudioHardware pcm playback is exiting standby.
D/AudioHardware(   82): openPcmOut_l() mPcmOpenCnt: 0
I/CameraHardwareSec(   82): int android::CameraHardwareSec::previewThreadWrapper(): calling mSecCamera->stopPreview() and waiting
D/dalvikvm( 3767): GC_CONCURRENT freed 784K, 12% free 11064K/12487K, paused 2ms+2ms
I/SecCamera(   82): int android::fimc_v4l2_querybuf(int, android::fimc_buffer*, v4l2_buf_type) :
I/SecCamera(   82): int android::fimc_v4l2_querybuf(int, android::fimc_buffer*, v4l2_buf_type): buffer->start = 0x43caa000 v4l2_buf.length = 4261248
I/dalvikvm( 3767): Jit: resizing JitTable from 4096 to 8192
I/CameraHardwareSec(   82): == Camera Sensor Detect S5K4ECGX - Samsung LSI SOC 5M ==
D/JpegEncoder(   82): encode E
D/JpegEncoder(   82): encode X
D/SecCamera(   82): Shutter speed=124942 us, iso=400
D/SecCamera(   82): AV=3, TV=3, SV=7
D/JpegEncoder(   82): makeExif E
D/JpegEncoder(   82): makeExif X
I/SecCamera(   82): int android::SecCamera::endSnapshot() :
I/SecCamera(   82): munmap():virt. addr 0x43caa000 size = 4261248
D/dalvikvm( 3767): GC_FOR_ALLOC freed 58K, 11% free 11176K/12487K, paused 18ms
I/dalvikvm-heap( 3767): Grow heap (frag case) to 11.968MB for 1030623-byte allocation
D/dalvikvm( 3767): GC_CONCURRENT freed <1K, 10% free 12182K/13511K, paused 2ms+2ms
I/StatusActivity( 3767): 1333617929569: inside HandlePictureStorage onPictureTaken()
D/CameraHardwareSec(   82): mPreviewHeap(fd(29), size(518400), width(720), height(480))
I/CameraHardwareSec(   82): int android::CameraHardwareSec::previewThreadWrapper(): return from wait
I/StatusActivity( 3767): 1333617930077: Picture successfully taken, ORIG BYTE LENGTH = 1030607
D/dalvikvm( 3767): GC_FOR_ALLOC freed 1K, 10% free 12183K/13511K, paused 57ms
I/dalvikvm-heap( 3767): Grow heap (frag case) to 30.718MB for 19660816-byte allocation
D/dalvikvm( 3767): GC_CONCURRENT freed 0K, 5% free 31383K/32775K, paused 1ms+6ms
I/StatusActivity( 3767): 1333617930922: Our new height x width: 240 x 320
I/StatusActivity( 3767): 1333617930923: Show photo from handle my camera take
I/StatusActivity( 3767): 1333617930924: client making photo packet to send to leader for it to save
I/StatusActivity( 3767): 1333617930936: BYTE SIZE AFTER COMPRESSION: 2182
I/StatusActivity( 3767): 1333617930939: about to send my pic
I/StatusActivity( 3767): 1333617930943: I'm a nonleader sending my new photo packet to my leader
I/VCoreDaemon( 3767): 1333617930944: inside sendPacket(Packet p)
I/NetworkThread( 3767): 1333617930946: Sending UDP payload: 2789
I/StatusActivity( 3767): 1333617930947: end of client send picture method
I/NetworkThread( 3767): 1333617931066: Received UDP payload: 3153
I/Mux     ( 3767): 1333617931082: GOT CSM_Msg
I/NetworkThread( 3767): 1333617931084: Received UDP payload: 949
I/Mux     ( 3767): 1333617931102: GOT CSM_Msg
I/NetworkThread( 3767): 1333617931104: Received UDP payload: 602
I/Mux     ( 3767): 1333617931109: Inside mux Packet.SERVER_REPLY
I/Mux     ( 3767): 1333617931109: I have the photo requester id = 5001 about to display photo or receive upload ack
I/StatusActivity( 3767): 1333617931109: inside Packet.CLIENT_UPLOAD_PHOTO_ACK
I/StatusActivity( 3767): 1333617931110: nonleader upload new photo latency = 165
I/StatusActivity( 3767): 1333617931110: = nonleader upload start 1333617930944 ~ stop 1333617931109
I/StatusActivity( 3767): 1333617931112: SUCCESS! Client now knows saving photo on its leader succeeded
I/StatusActivity( 3767): Inside _enableButtons
I/StatusActivity( 3767): areButtonsEnabled --> true
W/InputManagerService(  163): Window already focused, ignoring focus gain of: com.android.internal.view.IInputMethodClient$Stub$Proxy@416bf4b8
D/AudioHardware(   82): AudioHardware pcm playback is going to standby.
D/AudioHardware(   82): closePcmOut_l() mPcmOpenCnt: 1
I/StatusActivity( 3767): 1333617934030: canPressButton = TRUE
I/StatusActivity( 3767): 1333617934030: areButtonsEnabled --> false
I/StatusActivity( 3767): 1333617934031: disabling buttons ...
I/StatusActivity( 3767): Inside disableButtonsR
I/StatusActivity( 3767): areButtonsEnabled --> false
I/StatusActivity( 3767): 1333617934043: ** Clicked take picture button **
I/CameraSurfaceView( 3767): inside getCamera()
D/AudioHardware(   82): AudioHardware pcm playback is exiting standby.
D/AudioHardware(   82): openPcmOut_l() mPcmOpenCnt: 0
I/CameraHardwareSec(   82): int android::CameraHardwareSec::previewThreadWrapper(): calling mSecCamera->stopPreview() and waiting
I/SecCamera(   82): int android::fimc_v4l2_querybuf(int, android::fimc_buffer*, v4l2_buf_type) :
I/SecCamera(   82): int android::fimc_v4l2_querybuf(int, android::fimc_buffer*, v4l2_buf_type): buffer->start = 0x43c31000 v4l2_buf.length = 4261248
I/CameraHardwareSec(   82): == Camera Sensor Detect S5K4ECGX - Samsung LSI SOC 5M ==
D/JpegEncoder(   82): encode E
D/JpegEncoder(   82): encode X
D/SecCamera(   82): Shutter speed=24987 us, iso=100
D/SecCamera(   82): AV=3, TV=5, SV=5
D/JpegEncoder(   82): makeExif E
D/JpegEncoder(   82): makeExif X
I/SecCamera(   82): int android::SecCamera::endSnapshot() :
I/SecCamera(   82): munmap():virt. addr 0x43c31000 size = 4261248
D/dalvikvm( 3767): GC_FOR_ALLOC freed 20859K, 67% free 11017K/32775K, paused 25ms
I/dalvikvm-heap( 3767): Grow heap (frag case) to 11.682MB for 893030-byte allocation
D/dalvikvm( 3767): GC_CONCURRENT freed 8K, 64% free 11881K/32775K, paused 2ms+3ms
I/StatusActivity( 3767): 1333617934698: inside HandlePictureStorage onPictureTaken()
D/CameraHardwareSec(   82): mPreviewHeap(fd(29), size(518400), width(720), height(480))
I/CameraHardwareSec(   82): int android::CameraHardwareSec::previewThreadWrapper(): return from wait
I/StatusActivity( 3767): 1333617935057: Picture successfully taken, ORIG BYTE LENGTH = 893014
D/dalvikvm( 3767): GC_FOR_ALLOC freed 1K, 64% free 11882K/32775K, paused 50ms
I/dalvikvm-heap( 3767): Grow heap (frag case) to 30.424MB for 19660816-byte allocation
D/dalvikvm( 3767): GC_CONCURRENT freed 0K, 6% free 31082K/32775K, paused 2ms+7ms
I/StatusActivity( 3767): 1333617936068: Our new height x width: 240 x 320
I/StatusActivity( 3767): 1333617936069: Show photo from handle my camera take
I/StatusActivity( 3767): 1333617936070: client making photo packet to send to leader for it to save
I/StatusActivity( 3767): 1333617936082: BYTE SIZE AFTER COMPRESSION: 2400
I/StatusActivity( 3767): 1333617936083: about to send my pic
I/StatusActivity( 3767): 1333617936084: I'm a nonleader sending my new photo packet to my leader
I/VCoreDaemon( 3767): 1333617936084: inside sendPacket(Packet p)
I/NetworkThread( 3767): 1333617936086: Sending UDP payload: 3007
I/StatusActivity( 3767): 1333617936087: end of client send picture method
I/NetworkThread( 3767): 1333617936191: Received UDP payload: 3371
I/Mux     ( 3767): 1333617936217: GOT CSM_Msg
I/NetworkThread( 3767): 1333617936237: Received UDP payload: 949
I/Mux     ( 3767): 1333617936250: GOT CSM_Msg
I/NetworkThread( 3767): 1333617936252: Received UDP payload: 602
I/Mux     ( 3767): 1333617936272: Inside mux Packet.SERVER_REPLY
I/Mux     ( 3767): 1333617936272: I have the photo requester id = 5001 about to display photo or receive upload ack
I/StatusActivity( 3767): 1333617936273: inside Packet.CLIENT_UPLOAD_PHOTO_ACK
I/StatusActivity( 3767): 1333617936273: nonleader upload new photo latency = 189
I/StatusActivity( 3767): 1333617936273: = nonleader upload start 1333617936084 ~ stop 1333617936273
I/StatusActivity( 3767): 1333617936274: SUCCESS! Client now knows saving photo on its leader succeeded
I/StatusActivity( 3767): Inside _enableButtons
I/StatusActivity( 3767): areButtonsEnabled --> true
W/InputManagerService(  163): Window already focused, ignoring focus gain of: com.android.internal.view.IInputMethodClient$Stub$Proxy@415f5c40
D/AudioHardware(   82): AudioHardware pcm playback is going to standby.
D/AudioHardware(   82): closePcmOut_l() mPcmOpenCnt: 1
I/StatusActivity( 3767): 1333617938954: canPressButton = TRUE
I/StatusActivity( 3767): 1333617938955: areButtonsEnabled --> false
I/StatusActivity( 3767): 1333617938955: disabling buttons ...
I/StatusActivity( 3767): 1333617938955: ** Clicked take picture button **
I/CameraSurfaceView( 3767): inside getCamera()
I/StatusActivity( 3767): Inside disableButtonsR
I/StatusActivity( 3767): areButtonsEnabled --> false
I/CameraHardwareSec(   82): int android::CameraHardwareSec::previewThreadWrapper(): calling mSecCamera->stopPreview() and waiting
D/AudioHardware(   82): AudioHardware pcm playback is exiting standby.
D/AudioHardware(   82): openPcmOut_l() mPcmOpenCnt: 0
I/SecCamera(   82): int android::fimc_v4l2_querybuf(int, android::fimc_buffer*, v4l2_buf_type) :
I/SecCamera(   82): int android::fimc_v4l2_querybuf(int, android::fimc_buffer*, v4l2_buf_type): buffer->start = 0x43b82000 v4l2_buf.length = 4261248
I/CameraHardwareSec(   82): == Camera Sensor Detect S5K4ECGX - Samsung LSI SOC 5M ==
D/JpegEncoder(   82): encode E
D/JpegEncoder(   82): encode X
D/SecCamera(   82): Shutter speed=24987 us, iso=100
D/SecCamera(   82): AV=3, TV=5, SV=5
D/JpegEncoder(   82): makeExif E
D/JpegEncoder(   82): makeExif X
I/SecCamera(   82): int android::SecCamera::endSnapshot() :
I/SecCamera(   82): munmap():virt. addr 0x43b82000 size = 4261248
D/dalvikvm( 3767): GC_FOR_ALLOC freed 20525K, 67% free 11023K/32775K, paused 24ms
I/dalvikvm-heap( 3767): Grow heap (frag case) to 11.966MB for 1185569-byte allocation
D/dalvikvm( 3767): GC_CONCURRENT freed 9K, 63% free 12171K/32775K, paused 2ms+4ms
I/StatusActivity( 3767): 1333617939621: inside HandlePictureStorage onPictureTaken()
D/CameraHardwareSec(   82): mPreviewHeap(fd(29), size(518400), width(720), height(480))
I/CameraHardwareSec(   82): int android::CameraHardwareSec::previewThreadWrapper(): return from wait
I/StatusActivity( 3767): 1333617940081: Picture successfully taken, ORIG BYTE LENGTH = 1185553
D/dalvikvm( 3767): GC_FOR_ALLOC freed 1K, 63% free 12172K/32775K, paused 51ms
I/dalvikvm-heap( 3767): Forcing collection of SoftReferences for 19660816-byte allocation
D/dalvikvm( 3767): GC_BEFORE_OOM freed 9K, 63% free 12162K/32775K, paused 42ms
E/dalvikvm-heap( 3767): Out of memory on a 19660816-byte allocation.
I/dalvikvm( 3767): "main" prio=5 tid=1 RUNNABLE
I/dalvikvm( 3767):   | group="main" sCount=0 dsCount=0 obj=0x40a4a460 self=0x1ae828
I/dalvikvm( 3767):   | sysTid=3767 nice=0 sched=0/0 cgrp=default handle=1074513032
I/dalvikvm( 3767):   | schedstat=( 0 0 0 ) utm=1036 stm=64 core=0
I/dalvikvm( 3767):   at android.graphics.BitmapFactory.nativeDecodeByteArray(Native Method)
I/dalvikvm( 3767):   at android.graphics.BitmapFactory.decodeByteArray(BitmapFactory.java:424)
I/dalvikvm( 3767):   at android.graphics.BitmapFactory.decodeByteArray(BitmapFactory.java:441)
I/dalvikvm( 3767):   at edu.mit.csail.diplomamatrix.StatusActivity._bytesToBitmap(StatusActivity.java:825)
I/dalvikvm( 3767):   at edu.mit.csail.diplomamatrix.StatusActivity$HandlePictureStorage.onPictureTaken(StatusActivity.java:692)
I/dalvikvm( 3767):   at android.hardware.Camera$EventHandler.handleMessage(Camera.java:687)
I/dalvikvm( 3767):   at android.os.Handler.dispatchMessage(Handler.java:99)
I/dalvikvm( 3767):   at android.os.Looper.loop(Looper.java:137)
I/dalvikvm( 3767):   at android.app.ActivityThread.main(ActivityThread.java:4424)
I/dalvikvm( 3767):   at java.lang.reflect.Method.invokeNative(Native Method)
I/dalvikvm( 3767):   at java.lang.reflect.Method.invoke(Method.java:511)
I/dalvikvm( 3767):   at com.android.internal.os.ZygoteInit$MethodAndArgsCaller.run(ZygoteInit.java:784)
I/dalvikvm( 3767):   at com.android.internal.os.ZygoteInit.main(ZygoteInit.java:551)
I/dalvikvm( 3767):   at dalvik.system.NativeStart.main(Native Method)
I/dalvikvm( 3767): 
D/skia    ( 3767): --- decoder->decode returned false
I/StatusActivity( 3767): 1333617940186: #*######################################################
I/StatusActivity( 3767): 1333617940187: Out of memorynull
W/System.err( 3767): java.lang.OutOfMemoryError
W/System.err( 3767): 	at android.graphics.BitmapFactory.nativeDecodeByteArray(Native Method)
W/System.err( 3767): 	at android.graphics.BitmapFactory.decodeByteArray(BitmapFactory.java:424)
W/System.err( 3767): 	at android.graphics.BitmapFactory.decodeByteArray(BitmapFactory.java:441)
W/System.err( 3767): 	at edu.mit.csail.diplomamatrix.StatusActivity._bytesToBitmap(StatusActivity.java:825)
W/System.err( 3767): 	at edu.mit.csail.diplomamatrix.StatusActivity$HandlePictureStorage.onPictureTaken(StatusActivity.java:692)
W/System.err( 3767): 	at android.hardware.Camera$EventHandler.handleMessage(Camera.java:687)
W/System.err( 3767): 	at android.os.Handler.dispatchMessage(Handler.java:99)
W/System.err( 3767): 	at android.os.Looper.loop(Looper.java:137)
W/System.err( 3767): 	at android.app.ActivityThread.main(ActivityThread.java:4424)
W/System.err( 3767): 	at java.lang.reflect.Method.invokeNative(Native Method)
W/System.err( 3767): 	at java.lang.reflect.Method.invoke(Method.java:511)
W/System.err( 3767): 	at com.android.internal.os.ZygoteInit$MethodAndArgsCaller.run(ZygoteInit.java:784)
W/System.err( 3767): 	at com.android.internal.os.ZygoteInit.main(ZygoteInit.java:551)
W/System.err( 3767): 	at dalvik.system.NativeStart.main(Native Method)
D/AndroidRuntime( 3767): Shutting down VM
W/dalvikvm( 3767): threadid=1: thread exiting with uncaught exception (group=0x40a491f8)
E/AndroidRuntime( 3767): FATAL EXCEPTION: main
E/AndroidRuntime( 3767): java.lang.NullPointerException
E/AndroidRuntime( 3767): 	at edu.mit.csail.diplomamatrix.StatusActivity._bytesResizeBitmap(StatusActivity.java:793)
E/AndroidRuntime( 3767): 	at edu.mit.csail.diplomamatrix.StatusActivity$HandlePictureStorage.onPictureTaken(StatusActivity.java:693)
E/AndroidRuntime( 3767): 	at android.hardware.Camera$EventHandler.handleMessage(Camera.java:687)
E/AndroidRuntime( 3767): 	at android.os.Handler.dispatchMessage(Handler.java:99)
E/AndroidRuntime( 3767): 	at android.os.Looper.loop(Looper.java:137)
E/AndroidRuntime( 3767): 	at android.app.ActivityThread.main(ActivityThread.java:4424)
E/AndroidRuntime( 3767): 	at java.lang.reflect.Method.invokeNative(Native Method)
E/AndroidRuntime( 3767): 	at java.lang.reflect.Method.invoke(Method.java:511)
E/AndroidRuntime( 3767): 	at com.android.internal.os.ZygoteInit$MethodAndArgsCaller.run(ZygoteInit.java:784)
E/AndroidRuntime( 3767): 	at com.android.internal.os.ZygoteInit.main(ZygoteInit.java:551)
E/AndroidRuntime( 3767): 	at dalvik.system.NativeStart.main(Native Method)
W/ActivityManager(  163):   Force finishing activity edu.mit.csail.diplomamatrix/.StatusActivity
W/ActivityManager(  163): Activity pause timeout for ActivityRecord{417b2e80 edu.mit.csail.diplomamatrix/.StatusActivity}
I/ActivityManager(  163): No longer want android.process.media (pid 3294): hidden #16
W/ActivityManager(  163): Scheduling restart of crashed service com.android.providers.downloads/.DownloadService in 5000ms
D/AudioHardware(   82): AudioHardware pcm playback is going to standby.
D/AudioHardware(   82): closePcmOut_l() mPcmOpenCnt: 1
I/StatusActivity( 3767): inside buttonsEnableProgressTimeoutR. OH NO! Your photo (save/get) request TIMED OUT. Try again later!
I/StatusActivity( 3767): Inside _enableButtons
I/StatusActivity( 3767): areButtonsEnabled --> true
I/ActivityManager(  163): Start proc android.process.media for service com.android.providers.downloads/.DownloadService: pid=3805 uid=10014 gids={1015, 1023, 1024, 2001, 3003, 3007}
I/ActivityThread( 3805): Pub media: com.android.providers.media.MediaProvider
I/ActivityThread( 3805): Pub downloads: com.android.providers.downloads.DownloadProvider
I/ActivityThread( 3805): Pub drm: com.android.providers.drm.DrmProvider
I/DownloadManager( 3805): in removeSpuriousFiles
I/DownloadManager( 3805): in removeSpuriousFiles, preserving file /data/data/com.android.providers.downloads/cache/metadata.json
I/DownloadManager( 3805): in removeSpuriousFiles, preserving file /data/data/com.android.providers.downloads/cache/en_general.htm
W/ActivityManager(  163): Activity destroy timeout for ActivityRecord{417b2e80 edu.mit.csail.diplomamatrix/.StatusActivity}
