--------- beginning of /dev/log/main
D/AudioHardware(   82): AudioHardware pcm playback is going to standby.
D/AudioHardware(   82): closePcmOut_l() mPcmOpenCnt: 1
D/dalvikvm(  325): GC_CONCURRENT freed 451K, 6% free 9493K/10055K, paused 4ms+2ms
D/AndroidRuntime( 3833): 
D/AndroidRuntime( 3833): >>>>>> AndroidRuntime START com.android.internal.os.RuntimeInit <<<<<<
D/AndroidRuntime( 3833): CheckJNI is OFF
D/AndroidRuntime( 3833): Calling main entry com.android.commands.pm.Pm
--------- beginning of /dev/log/system
W/ActivityManager(  163): No content provider found for permission revoke: file:///data/local/tmp/DIPLOMAMatrix.apk
W/ActivityManager(  163): No content provider found for permission revoke: file:///data/local/tmp/DIPLOMAMatrix.apk
I/PackageManager(  163): Removing non-system package:edu.mit.csail.diplomamatrix
I/ActivityManager(  163): Force stopping package edu.mit.csail.diplomamatrix uid=10067
I/PackageManager(  163): Package edu.mit.csail.diplomamatrix codePath changed from /data/app/edu.mit.csail.diplomamatrix-1.apk to /data/app/edu.mit.csail.diplomamatrix-2.apk; Retaining data and using new
I/PackageManager(  163): Running dexopt on: edu.mit.csail.diplomamatrix
D/dalvikvm( 3844): DexOpt: load 16ms, verify+opt 136ms
I/ActivityManager(  163): Force stopping package edu.mit.csail.diplomamatrix uid=10067
W/PackageManager(  163): Code path for pkg : edu.mit.csail.diplomamatrix changing from /data/app/edu.mit.csail.diplomamatrix-1.apk to /data/app/edu.mit.csail.diplomamatrix-2.apk
W/PackageManager(  163): Resource path for pkg : edu.mit.csail.diplomamatrix changing from /data/app/edu.mit.csail.diplomamatrix-1.apk to /data/app/edu.mit.csail.diplomamatrix-2.apk
D/PackageManager(  163): New package installed in /data/app/edu.mit.csail.diplomamatrix-2.apk
I/ActivityManager(  163): Force stopping package edu.mit.csail.diplomamatrix uid=10067
D/dalvikvm(  358): GC_EXPLICIT freed 126K, 38% free 12414K/19911K, paused 4ms+5ms
D/dalvikvm( 1122): GC_EXPLICIT freed 264K, 5% free 9354K/9799K, paused 3ms+4ms
I/RegisteredComponentCache(  345): ComponentInfo: ResolveInfo{41373530 com.android.apps.tag.TagViewer p=0 o=0 m=0x108000}, techs: android.nfc.tech.Ndef, 
D/dalvikvm(  163): GC_EXPLICIT freed 794K, 14% free 12776K/14791K, paused 3ms+7ms
D/PackageManager(  163): generateServicesMap(android.accounts.AccountAuthenticator): 3 services unchanged
D/PackageManager(  163): generateServicesMap(android.content.SyncAdapter): 14 services unchanged
D/BackupManagerService(  163): Received broadcast Intent { act=android.intent.action.PACKAGE_REMOVED dat=package:edu.mit.csail.diplomamatrix flg=0x10000010 (has extras) }
D/PackageManager(  163): generateServicesMap(android.accounts.AccountAuthenticator): 3 services unchanged
D/PackageManager(  163): generateServicesMap(android.content.SyncAdapter): 14 services unchanged
I/RegisteredComponentCache(  345): ComponentInfo: ResolveInfo{41375ac8 com.android.apps.tag.TagViewer p=0 o=0 m=0x108000}, techs: android.nfc.tech.Ndef, 
D/BackupManagerService(  163): Received broadcast Intent { act=android.intent.action.PACKAGE_ADDED dat=package:edu.mit.csail.diplomamatrix flg=0x10000010 (has extras) }
V/BackupManagerService(  163): updatePackageParticipantsLocked: edu.mit.csail.diplomamatrix
D/dalvikvm( 3681): GC_FOR_ALLOC freed 163K, 7% free 9185K/9799K, paused 38ms
D/BackupManagerService(  163): Received broadcast Intent { act=android.intent.action.PACKAGE_REPLACED dat=package:edu.mit.csail.diplomamatrix flg=0x10000010 (has extras) }
V/BackupManagerService(  163): updatePackageParticipantsLocked: edu.mit.csail.diplomamatrix
D/dalvikvm(  163): GC_CONCURRENT freed 744K, 13% free 12973K/14791K, paused 3ms+6ms
D/dalvikvm( 1005): GC_CONCURRENT freed 435K, 6% free 9565K/10119K, paused 2ms+7ms
D/dalvikvm(  163): GC_EXPLICIT freed 314K, 15% free 12712K/14791K, paused 2ms+4ms
D/AndroidRuntime( 3833): Shutting down VM
D/dalvikvm( 3833): GC_CONCURRENT freed 100K, 83% free 456K/2560K, paused 1ms+1ms
D/jdwp    ( 3833): Got wake-up signal, bailing out of select
D/dalvikvm( 3833): Debugger has detached; object registry had 1 entries
I/AndroidRuntime( 3833): NOTE: attach of thread 'Binder Thread #3' failed
D/AndroidRuntime( 3855): 
D/AndroidRuntime( 3855): >>>>>> AndroidRuntime START com.android.internal.os.RuntimeInit <<<<<<
D/AndroidRuntime( 3855): CheckJNI is OFF
D/AndroidRuntime( 3855): Calling main entry com.android.commands.am.Am
I/ActivityManager(  163): START {act=android.intent.action.MAIN cat=[android.intent.category.LAUNCHER] flg=0x10000000 cmp=edu.mit.csail.diplomamatrix/.StatusActivity} from pid 3855
D/AndroidRuntime( 3855): Shutting down VM
D/dalvikvm( 3855): GC_CONCURRENT freed 102K, 81% free 486K/2560K, paused 1ms+0ms
D/jdwp    ( 3855): Got wake-up signal, bailing out of select
D/dalvikvm( 3855): Debugger has detached; object registry had 1 entries
I/AndroidRuntime( 3855): NOTE: attach of thread 'Binder Thread #3' failed
D/dalvikvm( 3866): Late-enabling CheckJNI
I/ActivityManager(  163): Start proc edu.mit.csail.diplomamatrix for activity edu.mit.csail.diplomamatrix/.StatusActivity: pid=3866 uid=10067 gids={1006, 1015, 3003}
I/dalvikvm( 3866): Turning on JNI app bug workarounds for target SDK version 4...
I/StatusActivity( 3866): 1333617985060: *** Opened log file for writing ***
I/StatusActivity( 3866): 1333617985061: Android build: Nexus S
I/StatusActivity( 3866): 1333617985062: NET_NAME set to: wlan0
I/StatusActivity( 3866): 1333617985062: starting Mux with id = -1
I/StatusActivity( 3866): 1333617985067: areButtonsEnabled --> true
I/StatusActivity( 3866): 1333617985071: *** Application started ***
I/StatusActivity( 3866): 1333617985072: HI I'm in ONRESUME()
I/StatusActivity( 3866): 1333617985074: SAMPLING_DISTANCE : 1, SAMPLING_DURATION : 1000
I/Mux.java( 3866): run() beginning -------------
D/Mux     ( 3866): Mux started
I/StatusActivity( 3866): 1333617985087: ************ GPS turned OFF *************
I/NetworkThread( 3866): Initial socket buffer sizes: 110592 receive, 110592 send
I/NetworkThread( 3866): Set socket buffer sizes to: 221184 receive, 221184 send
I/NetworkThread( 3866): started, local IP address:/192.168.5.1
I/Mux.java's nodeId is( 3866): 5001
I/Mux     ( 3866): starting vncDaemon ........
I/VCoreDaemon( 3866): 1333617985104: Started VCoreDaemon with parameters maxRx = 6 , maxRY= 1, minLongitude = -7110102 , minLatitude = 4236349, regionWidth =17
I/Mux     ( 3866): vncDaemon started
I/VCoreDaemon.java( 3866): onStart() about to stateTransition.........................................................................
I/VCoreDaemon( 3866): 1333617985110: started, mId = 5001
I/VCoreDaemon.java( 3866): inside stateTransition ......................................................................................
I/..... VCoreDaemon.java( 3866): out of bounds
I/VCoreDaemon( 3866): 1333617985112: region (-1, -1) out of bounds, dormant
I/..... VCoreDaemon.java( 3866): ends xxxxxxxxxxxxxxxxxxxxxxxxxxxxxxxxxxxxxxxxxxx
W/GpsLocationProvider(  163): Duplicate add listener for uid 10067
V/PhoneStatusBar(  229): setLightsOn(true)
D/OpenGLRenderer(  358): Flushing caches (mode 1)
D/OpenGLRenderer(  358): Flushing caches (mode 0)
I/CameraSurfaceView( 3866): inside surfaceCreated()
I/CameraSurfaceView( 3866): opening Camera.open()
I/CameraService(   82): Opening camera 0
I/CameraHardwareSec(   82): int android::HAL_camera_device_open(const hw_module_t*, const char*, hw_device_t**): open camera 0
E/SecCamera(   82): initCamera: m_cam_fd(29), m_jpeg_fd(0)
I/SecCamera(   82): Name of input channel[0] is S5K4ECGX
E/SecCamera(   82): initCamera: m_cam_fd2(30)
I/SecCamera(   82): Name of input channel[0] is S5K4ECGX
I/SecCamera(   82): initCamera : initialized
I/SecCamera(   82): Name of input channel[0] is S5K4ECGX
I/CameraHardwareSec(   82): int android::HAL_camera_device_open(const hw_module_t*, const char*, hw_device_t**): opened camera 0 (0x1e73ef8)
I/CameraHardwareSec(   82): int android::CameraHardwareSec::previewThreadWrapper(): starting
I/CameraHardwareSec(   82): int android::CameraHardwareSec::previewThreadWrapper(): calling mSecCamera->stopPreview() and waiting
W/SecCamera(   82): int android::SecCamera::stopPreview(): doing nothing because m_flag_camera_start is zero
I/AwesomePlayer(   82): setDataSource_l('/system/media/audio/ui/camera_click.ogg')
I/AwesomePlayer(   82): setDataSource_l('/system/media/audio/ui/VideoRecord.ogg')
I/CameraSurfaceView( 3866): opened camera
I/CameraSurfaceView( 3866): inside on surfaceChanged()
D/CameraHardwareSec(   82): mPreviewHeap(fd(29), size(518400), width(720), height(480))
I/CameraHardwareSec(   82): int android::CameraHardwareSec::previewThreadWrapper(): return from wait
I/ActivityManager(  163): Displayed edu.mit.csail.diplomamatrix/.StatusActivity: +1s263ms
I/NetworkThread( 3866): 1333617998395: Received UDP payload: 406
D/dalvikvm( 3866): GC_CONCURRENT freed 146K, 3% free 9341K/9607K, paused 29ms+3ms
I/NetworkThread( 3866): 1333617998686: Received UDP payload: 406
I/NetworkThread( 3866): 1333617998983: Received UDP payload: 406
I/NetworkThread( 3866): 1333617999287: Received UDP payload: 406
D/dalvikvm(  309): GC_CONCURRENT freed 413K, 6% free 10462K/11079K, paused 2ms+11ms
I/NetworkThread( 3866): 1333618000655: Received UDP payload: 25252
I/VCoreDaemon( 3866): 1333618003015: moving from region (-1,-1), to (1,0)
I/VCoreDaemon.java( 3866): inside stateTransition ......................................................................................
I/..... VCoreDaemon.java( 3866): targetState = JOINING
I/VCoreDaemon( 3866): 1333618003016: sending LEADER_REQUEST
I/VCoreDaemon( 3866): 1333618003016: inside sendPacket(Packet p)
I/..... VCoreDaemon.java( 3866): ends xxxxxxxxxxxxxxxxxxxxxxxxxxxxxxxxxxxxxxxxxxx
I/NetworkThread( 3866): 1333618003036: Sending UDP payload: 406
D/AudioHardware(   82): AudioHardware pcm playback is exiting standby.
D/AudioHardware(   82): openPcmOut_l() mPcmOpenCnt: 0
I/VCoreDaemon( 3866): 1333618003317: sending LEADER_REQUEST
I/VCoreDaemon( 3866): 1333618003318: inside sendPacket(Packet p)
I/NetworkThread( 3866): 1333618003338: Sending UDP payload: 406
I/NetworkThread( 3866): 1333618003513: Received UDP payload: 25269
I/VCoreDaemon( 3866): 1333618003567: heard LEADER_REPLY from 5012
I/VCoreDaemon.java( 3866): inside stateTransition ......................................................................................
I/..... VCoreDaemon.java( 3866): targetState = NONLEADER
I/VCoreDaemon( 3866): 1333618003587: now NONLEADER (id=5001) following LEADER (id=5012) in (1,0)
I/..... VCoreDaemon.java( 3866): ends xxxxxxxxxxxxxxxxxxxxxxxxxxxxxxxxxxxxxxxxxxx
I/NetworkThread( 3866): 1333618003780: Received UDP payload: 25269
D/AudioHardware(   82): AudioHardware pcm playback is going to standby.
D/AudioHardware(   82): closePcmOut_l() mPcmOpenCnt: 1
I/StatusActivity( 3866): 1333618006754: canPressButton = TRUE
I/StatusActivity( 3866): 1333618006758: areButtonsEnabled --> false
I/StatusActivity( 3866): 1333618006758: disabling buttons ...
I/StatusActivity( 3866): Inside disableButtonsR
I/StatusActivity( 3866): areButtonsEnabled --> false
I/StatusActivity( 3866): 1333618006763: ** Clicked take picture button **
I/CameraSurfaceView( 3866): inside getCamera()
I/CameraHardwareSec(   82): int android::CameraHardwareSec::previewThreadWrapper(): calling mSecCamera->stopPreview() and waiting
D/AudioHardware(   82): AudioHardware pcm playback is exiting standby.
D/AudioHardware(   82): openPcmOut_l() mPcmOpenCnt: 0
I/SecCamera(   82): int android::fimc_v4l2_querybuf(int, android::fimc_buffer*, v4l2_buf_type) :
I/SecCamera(   82): int android::fimc_v4l2_querybuf(int, android::fimc_buffer*, v4l2_buf_type): buffer->start = 0x43c2f000 v4l2_buf.length = 4261248
D/dalvikvm( 3866): GC_CONCURRENT freed 211K, 4% free 9556K/9927K, paused 3ms+5ms
I/CameraHardwareSec(   82): == Camera Sensor Detect S5K4ECGX - Samsung LSI SOC 5M ==
D/JpegEncoder(   82): encode E
D/JpegEncoder(   82): encode X
D/SecCamera(   82): Shutter speed=24987 us, iso=100
D/SecCamera(   82): AV=3, TV=5, SV=5
D/JpegEncoder(   82): makeExif E
D/JpegEncoder(   82): makeExif X
I/SecCamera(   82): int android::SecCamera::endSnapshot() :
I/SecCamera(   82): munmap():virt. addr 0x43c2f000 size = 4261248
D/dalvikvm( 3866): GC_FOR_ALLOC freed 5K, 4% free 9551K/9927K, paused 16ms
I/dalvikvm-heap( 3866): Grow heap (frag case) to 10.322MB for 968725-byte allocation
D/dalvikvm( 3866): GC_CONCURRENT freed <1K, 4% free 10497K/10887K, paused 1ms+2ms
I/StatusActivity( 3866): 1333618007385: inside HandlePictureStorage onPictureTaken()
D/CameraHardwareSec(   82): mPreviewHeap(fd(29), size(518400), width(720), height(480))
I/CameraHardwareSec(   82): int android::CameraHardwareSec::previewThreadWrapper(): return from wait
I/StatusActivity( 3866): 1333618007749: Picture successfully taken, ORIG BYTE LENGTH = 968709
D/dalvikvm( 3866): GC_FOR_ALLOC freed 1K, 4% free 10498K/10887K, paused 45ms
I/dalvikvm-heap( 3866): Grow heap (frag case) to 29.073MB for 19660816-byte allocation
D/dalvikvm( 3866): GC_CONCURRENT freed 0K, 2% free 29698K/30151K, paused 1ms+8ms
I/StatusActivity( 3866): 1333618008708: Our new height x width: 240 x 320
I/StatusActivity( 3866): 1333618008710: Show photo from handle my camera take
I/StatusActivity( 3866): 1333618008711: client making photo packet to send to leader for it to save
I/StatusActivity( 3866): 1333618008728: BYTE SIZE AFTER COMPRESSION: 3454
I/StatusActivity( 3866): 1333618008743: about to send my pic
I/StatusActivity( 3866): 1333618008744: I'm a nonleader sending my new photo packet to my leader
I/VCoreDaemon( 3866): 1333618008744: inside sendPacket(Packet p)
I/NetworkThread( 3866): 1333618008746: Sending UDP payload: 4061
I/StatusActivity( 3866): 1333618008749: end of client send picture method
I/NetworkThread( 3866): 1333618008887: Received UDP payload: 4425
I/Mux     ( 3866): 1333618008927: GOT CSM_Msg
I/NetworkThread( 3866): 1333618008932: Received UDP payload: 949
I/Mux     ( 3866): 1333618008961: GOT CSM_Msg
I/NetworkThread( 3866): 1333618008965: Received UDP payload: 602
I/Mux     ( 3866): 1333618008979: Inside mux Packet.SERVER_REPLY
I/Mux     ( 3866): 1333618008979: I have the photo requester id = 5001 about to display photo or receive upload ack
I/StatusActivity( 3866): 1333618008980: inside Packet.CLIENT_UPLOAD_PHOTO_ACK
I/StatusActivity( 3866): 1333618008980: nonleader upload new photo latency = 236
I/StatusActivity( 3866): 1333618008981: = nonleader upload start 1333618008744 ~ stop 1333618008980
I/StatusActivity( 3866): 1333618008982: SUCCESS! Client now knows saving photo on its leader succeeded
I/StatusActivity( 3866): Inside _enableButtons
I/StatusActivity( 3866): areButtonsEnabled --> true
W/InputManagerService(  163): Window already focused, ignoring focus gain of: com.android.internal.view.IInputMethodClient$Stub$Proxy@416bb218
D/AudioHardware(   82): AudioHardware pcm playback is going to standby.
D/AudioHardware(   82): closePcmOut_l() mPcmOpenCnt: 1
I/StatusActivity( 3866): 1333618012883: canPressButton = TRUE
I/StatusActivity( 3866): 1333618012885: areButtonsEnabled --> false
I/StatusActivity( 3866): 1333618012908: disabling buttons ...
I/StatusActivity( 3866): Inside disableButtonsR
I/StatusActivity( 3866): areButtonsEnabled --> false
D/AudioHardware(   82): AudioHardware pcm playback is exiting standby.
D/AudioHardware(   82): openPcmOut_l() mPcmOpenCnt: 0
I/StatusActivity( 3866): 1333618012922: ** Clicked take picture button **
I/CameraSurfaceView( 3866): inside getCamera()
I/CameraHardwareSec(   82): int android::CameraHardwareSec::previewThreadWrapper(): calling mSecCamera->stopPreview() and waiting
I/SecCamera(   82): int android::fimc_v4l2_querybuf(int, android::fimc_buffer*, v4l2_buf_type) :
I/SecCamera(   82): int android::fimc_v4l2_querybuf(int, android::fimc_buffer*, v4l2_buf_type): buffer->start = 0x43bbb000 v4l2_buf.length = 4261248
I/CameraHardwareSec(   82): == Camera Sensor Detect S5K4ECGX - Samsung LSI SOC 5M ==
D/JpegEncoder(   82): encode E
D/JpegEncoder(   82): encode X
D/SecCamera(   82): Shutter speed=58305 us, iso=100
D/SecCamera(   82): AV=3, TV=4, SV=5
D/JpegEncoder(   82): makeExif E
D/JpegEncoder(   82): makeExif X
I/StatusActivity( 3866): 1333618013667: inside HandlePictureStorage onPictureTaken()
D/CameraHardwareSec(   82): Waiting for picture thread to complete.
I/SecCamera(   82): int android::SecCamera::endSnapshot() :
I/SecCamera(   82): munmap():virt. addr 0x43bbb000 size = 4261248
D/CameraHardwareSec(   82): mPreviewHeap(fd(29), size(518400), width(720), height(480))
I/CameraHardwareSec(   82): int android::CameraHardwareSec::previewThreadWrapper(): return from wait
I/StatusActivity( 3866): 1333618014186: Picture successfully taken, ORIG BYTE LENGTH = 1082675
D/dalvikvm( 3866): GC_FOR_ALLOC freed 20349K, 66% free 10938K/31559K, paused 48ms
I/dalvikvm-heap( 3866): Grow heap (frag case) to 29.502MB for 19660816-byte allocation
D/dalvikvm( 3866): GC_CONCURRENT freed 9K, 5% free 30128K/31559K, paused 1ms+3ms
I/StatusActivity( 3866): 1333618014989: Our new height x width: 240 x 320
I/StatusActivity( 3866): 1333618014990: Show photo from handle my camera take
I/StatusActivity( 3866): 1333618014991: client making photo packet to send to leader for it to save
I/StatusActivity( 3866): 1333618015003: BYTE SIZE AFTER COMPRESSION: 3385
I/StatusActivity( 3866): 1333618015004: about to send my pic
I/StatusActivity( 3866): 1333618015005: I'm a nonleader sending my new photo packet to my leader
I/VCoreDaemon( 3866): 1333618015005: inside sendPacket(Packet p)
I/NetworkThread( 3866): 1333618015006: Sending UDP payload: 3992
I/StatusActivity( 3866): 1333618015008: end of client send picture method
I/VCoreDaemon.java( 3866): inside stateTransition ......................................................................................
I/..... VCoreDaemon.java( 3866): targetState = JOINING
I/..... VCoreDaemon.java( 3866): ends xxxxxxxxxxxxxxxxxxxxxxxxxxxxxxxxxxxxxxxxxxx
I/VCoreDaemon( 3866): 1333618015124: sending LEADER_REQUEST
I/VCoreDaemon( 3866): 1333618015125: inside sendPacket(Packet p)
I/NetworkThread( 3866): 1333618015159: Sending UDP payload: 406
I/NetworkThread( 3866): 1333618015171: Received UDP payload: 4356
I/Mux     ( 3866): 1333618015184: GOT CSM_Msg
I/NetworkThread( 3866): 1333618015196: Received UDP payload: 949
I/Mux     ( 3866): 1333618015199: GOT CSM_Msg
I/NetworkThread( 3866): 1333618015240: Received UDP payload: 602
I/Mux     ( 3866): 1333618015245: Inside mux Packet.SERVER_REPLY
I/Mux     ( 3866): 1333618015245: I have the photo requester id = 5001 about to display photo or receive upload ack
I/StatusActivity( 3866): 1333618015246: inside Packet.CLIENT_UPLOAD_PHOTO_ACK
I/StatusActivity( 3866): 1333618015247: nonleader upload new photo latency = 241
I/StatusActivity( 3866): 1333618015248: = nonleader upload start 1333618015005 ~ stop 1333618015246
I/StatusActivity( 3866): 1333618015250: SUCCESS! Client now knows saving photo on its leader succeeded
I/StatusActivity( 3866): Inside _enableButtons
I/StatusActivity( 3866): areButtonsEnabled --> true
W/InputManagerService(  163): Window already focused, ignoring focus gain of: com.android.internal.view.IInputMethodClient$Stub$Proxy@415f66b8
I/VCoreDaemon( 3866): 1333618015427: sending LEADER_REQUEST
I/VCoreDaemon( 3866): 1333618015427: inside sendPacket(Packet p)
I/NetworkThread( 3866): 1333618015432: Sending UDP payload: 406
I/NetworkThread( 3866): 1333618015721: Received UDP payload: 29436
I/VCoreDaemon( 3866): 1333618015728: sending LEADER_REQUEST
I/VCoreDaemon( 3866): 1333618015728: inside sendPacket(Packet p)
I/NetworkThread( 3866): 1333618015800: Sending UDP payload: 406
I/VCoreDaemon( 3866): 1333618015801: heard LEADER_REPLY from 5012
I/VCoreDaemon.java( 3866): inside stateTransition ......................................................................................
I/..... VCoreDaemon.java( 3866): targetState = NONLEADER
I/VCoreDaemon( 3866): 1333618015801: now NONLEADER (id=5001) following LEADER (id=5012) in (1,0)
I/..... VCoreDaemon.java( 3866): ends xxxxxxxxxxxxxxxxxxxxxxxxxxxxxxxxxxxxxxxxxxx
D/AudioHardware(   82): AudioHardware pcm playback is going to standby.
D/AudioHardware(   82): closePcmOut_l() mPcmOpenCnt: 1
I/NetworkThread( 3866): 1333618016030: Received UDP payload: 29436
I/NetworkThread( 3866): 1333618016315: Received UDP payload: 29436
I/NetworkThread( 3866): 1333618016323: Received UDP payload: 406
I/NetworkThread( 3866): 1333618025801: Received UDP payload: 406
I/VCoreDaemon( 3866): 1333618025866: heard LEADER_ELECT from node 5012, responding LEADER_NOMINATE
I/VCoreDaemon( 3866): 1333618025866: inside sendPacket(Packet p)
I/NetworkThread( 3866): 1333618025868: Sending UDP payload: 406
I/StatusActivity( 3866): 1333618030931: canPressButton = TRUE
I/StatusActivity( 3866): 1333618030932: areButtonsEnabled --> false
I/StatusActivity( 3866): 1333618030933: disabling buttons ...
I/StatusActivity( 3866): Inside disableButtonsR
I/StatusActivity( 3866): areButtonsEnabled --> false
I/StatusActivity( 3866): 1333618030949: ** Clicked take picture button **
I/CameraSurfaceView( 3866): inside getCamera()
D/AudioHardware(   82): AudioHardware pcm playback is exiting standby.
D/AudioHardware(   82): openPcmOut_l() mPcmOpenCnt: 0
I/CameraHardwareSec(   82): int android::CameraHardwareSec::previewThreadWrapper(): calling mSecCamera->stopPreview() and waiting
I/SecCamera(   82): int android::fimc_v4l2_querybuf(int, android::fimc_buffer*, v4l2_buf_type) :
I/SecCamera(   82): int android::fimc_v4l2_querybuf(int, android::fimc_buffer*, v4l2_buf_type): buffer->start = 0x43b6c000 v4l2_buf.length = 4261248
I/CameraHardwareSec(   82): == Camera Sensor Detect S5K4ECGX - Samsung LSI SOC 5M ==
D/JpegEncoder(   82): encode E
D/JpegEncoder(   82): encode X
D/SecCamera(   82): Shutter speed=33317 us, iso=100
D/SecCamera(   82): AV=3, TV=5, SV=5
D/JpegEncoder(   82): makeExif E
D/JpegEncoder(   82): makeExif X
I/SecCamera(   82): int android::SecCamera::endSnapshot() :
I/SecCamera(   82): munmap():virt. addr 0x43b6c000 size = 4261248
D/dalvikvm( 3866): GC_FOR_ALLOC freed 20882K, 69% free 9887K/31559K, paused 24ms
I/dalvikvm-heap( 3866): Grow heap (frag case) to 10.799MB for 1125713-byte allocation
D/dalvikvm( 3866): GC_CONCURRENT freed 9K, 66% free 10976K/31559K, paused 1ms+3ms
I/StatusActivity( 3866): 1333618031656: inside HandlePictureStorage onPictureTaken()
D/CameraHardwareSec(   82): mPreviewHeap(fd(29), size(518400), width(720), height(480))
I/CameraHardwareSec(   82): int android::CameraHardwareSec::previewThreadWrapper(): return from wait
I/StatusActivity( 3866): 1333618032120: Picture successfully taken, ORIG BYTE LENGTH = 1125697
D/dalvikvm( 3866): GC_FOR_ALLOC freed 1K, 66% free 10977K/31559K, paused 60ms
I/dalvikvm-heap( 3866): Forcing collection of SoftReferences for 19660816-byte allocation
D/dalvikvm( 3866): GC_BEFORE_OOM freed 9K, 66% free 10967K/31559K, paused 43ms
E/dalvikvm-heap( 3866): Out of memory on a 19660816-byte allocation.
I/dalvikvm( 3866): "main" prio=5 tid=1 RUNNABLE
I/dalvikvm( 3866):   | group="main" sCount=0 dsCount=0 obj=0x40a4a460 self=0x1ae828
I/dalvikvm( 3866):   | sysTid=3866 nice=0 sched=0/0 cgrp=default handle=1074513032
I/dalvikvm( 3866):   | schedstat=( 0 0 0 ) utm=208 stm=12 core=0
I/dalvikvm( 3866):   at android.graphics.BitmapFactory.nativeDecodeByteArray(Native Method)
I/dalvikvm( 3866):   at android.graphics.BitmapFactory.decodeByteArray(BitmapFactory.java:424)
I/dalvikvm( 3866):   at android.graphics.BitmapFactory.decodeByteArray(BitmapFactory.java:441)
I/dalvikvm( 3866):   at edu.mit.csail.diplomamatrix.StatusActivity._bytesToBitmap(StatusActivity.java:825)
I/dalvikvm( 3866):   at edu.mit.csail.diplomamatrix.StatusActivity$HandlePictureStorage.onPictureTaken(StatusActivity.java:692)
I/dalvikvm( 3866):   at android.hardware.Camera$EventHandler.handleMessage(Camera.java:687)
I/dalvikvm( 3866):   at android.os.Handler.dispatchMessage(Handler.java:99)
I/dalvikvm( 3866):   at android.os.Looper.loop(Looper.java:137)
I/dalvikvm( 3866):   at android.app.ActivityThread.main(ActivityThread.java:4424)
I/dalvikvm( 3866):   at java.lang.reflect.Method.invokeNative(Native Method)
I/dalvikvm( 3866):   at java.lang.reflect.Method.invoke(Method.java:511)
I/dalvikvm( 3866):   at com.android.internal.os.ZygoteInit$MethodAndArgsCaller.run(ZygoteInit.java:784)
I/dalvikvm( 3866):   at com.android.internal.os.ZygoteInit.main(ZygoteInit.java:551)
I/dalvikvm( 3866):   at dalvik.system.NativeStart.main(Native Method)
I/dalvikvm( 3866): 
D/skia    ( 3866): --- decoder->decode returned false
I/StatusActivity( 3866): 1333618032255: #*######################################################
I/StatusActivity( 3866): 1333618032255: Out of memory localized message: null
W/System.err( 3866): java.lang.OutOfMemoryError
W/System.err( 3866): 	at android.graphics.BitmapFactory.nativeDecodeByteArray(Native Method)
W/System.err( 3866): 	at android.graphics.BitmapFactory.decodeByteArray(BitmapFactory.java:424)
W/System.err( 3866): 	at android.graphics.BitmapFactory.decodeByteArray(BitmapFactory.java:441)
W/System.err( 3866): 	at edu.mit.csail.diplomamatrix.StatusActivity._bytesToBitmap(StatusActivity.java:825)
W/System.err( 3866): 	at edu.mit.csail.diplomamatrix.StatusActivity$HandlePictureStorage.onPictureTaken(StatusActivity.java:692)
W/System.err( 3866): 	at android.hardware.Camera$EventHandler.handleMessage(Camera.java:687)
W/System.err( 3866): 	at android.os.Handler.dispatchMessage(Handler.java:99)
W/System.err( 3866): 	at android.os.Looper.loop(Looper.java:137)
W/System.err( 3866): 	at android.app.ActivityThread.main(ActivityThread.java:4424)
W/System.err( 3866): 	at java.lang.reflect.Method.invokeNative(Native Method)
W/System.err( 3866): 	at java.lang.reflect.Method.invoke(Method.java:511)
W/System.err( 3866): 	at com.android.internal.os.ZygoteInit$MethodAndArgsCaller.run(ZygoteInit.java:784)
W/System.err( 3866): 	at com.android.internal.os.ZygoteInit.main(ZygoteInit.java:551)
W/System.err( 3866): 	at dalvik.system.NativeStart.main(Native Method)
D/dalvikvm( 3866): GC_FOR_ALLOC freed 9K, 66% free 10973K/31559K, paused 34ms
I/dalvikvm-heap( 3866): Forcing collection of SoftReferences for 19660816-byte allocation
D/dalvikvm( 3866): GC_BEFORE_OOM freed 0K, 66% free 10973K/31559K, paused 54ms
E/dalvikvm-heap( 3866): Out of memory on a 19660816-byte allocation.
I/dalvikvm( 3866): "main" prio=5 tid=1 RUNNABLE
I/dalvikvm( 3866):   | group="main" sCount=0 dsCount=0 obj=0x40a4a460 self=0x1ae828
I/dalvikvm( 3866):   | sysTid=3866 nice=0 sched=0/0 cgrp=default handle=1074513032
I/dalvikvm( 3866):   | schedstat=( 0 0 0 ) utm=213 stm=12 core=0
I/dalvikvm( 3866):   at android.graphics.BitmapFactory.nativeDecodeByteArray(Native Method)
I/dalvikvm( 3866):   at android.graphics.BitmapFactory.decodeByteArray(BitmapFactory.java:424)
I/dalvikvm( 3866):   at android.graphics.BitmapFactory.decodeByteArray(BitmapFactory.java:441)
I/dalvikvm( 3866):   at edu.mit.csail.diplomamatrix.StatusActivity._bytesToBitmap(StatusActivity.java:830)
I/dalvikvm( 3866):   at edu.mit.csail.diplomamatrix.StatusActivity$HandlePictureStorage.onPictureTaken(StatusActivity.java:692)
I/dalvikvm( 3866):   at android.hardware.Camera$EventHandler.handleMessage(Camera.java:687)
I/dalvikvm( 3866):   at android.os.Handler.dispatchMessage(Handler.java:99)
I/dalvikvm( 3866):   at android.os.Looper.loop(Looper.java:137)
I/dalvikvm( 3866):   at android.app.ActivityThread.main(ActivityThread.java:4424)
I/dalvikvm( 3866):   at java.lang.reflect.Method.invokeNative(Native Method)
I/dalvikvm( 3866):   at java.lang.reflect.Method.invoke(Method.java:511)
I/dalvikvm( 3866):   at com.android.internal.os.ZygoteInit$MethodAndArgsCaller.run(ZygoteInit.java:784)
I/dalvikvm( 3866):   at com.android.internal.os.ZygoteInit.main(ZygoteInit.java:551)
I/dalvikvm( 3866):   at dalvik.system.NativeStart.main(Native Method)
I/dalvikvm( 3866): 
D/skia    ( 3866): --- decoder->decode returned false
D/AndroidRuntime( 3866): Shutting down VM
W/dalvikvm( 3866): threadid=1: thread exiting with uncaught exception (group=0x40a491f8)
E/AndroidRuntime( 3866): FATAL EXCEPTION: main
E/AndroidRuntime( 3866): java.lang.OutOfMemoryError
E/AndroidRuntime( 3866): 	at android.graphics.BitmapFactory.nativeDecodeByteArray(Native Method)
E/AndroidRuntime( 3866): 	at android.graphics.BitmapFactory.decodeByteArray(BitmapFactory.java:424)
E/AndroidRuntime( 3866): 	at android.graphics.BitmapFactory.decodeByteArray(BitmapFactory.java:441)
E/AndroidRuntime( 3866): 	at edu.mit.csail.diplomamatrix.StatusActivity._bytesToBitmap(StatusActivity.java:830)
E/AndroidRuntime( 3866): 	at edu.mit.csail.diplomamatrix.StatusActivity$HandlePictureStorage.onPictureTaken(StatusActivity.java:692)
E/AndroidRuntime( 3866): 	at android.hardware.Camera$EventHandler.handleMessage(Camera.java:687)
E/AndroidRuntime( 3866): 	at android.os.Handler.dispatchMessage(Handler.java:99)
E/AndroidRuntime( 3866): 	at android.os.Looper.loop(Looper.java:137)
E/AndroidRuntime( 3866): 	at android.app.ActivityThread.main(ActivityThread.java:4424)
E/AndroidRuntime( 3866): 	at java.lang.reflect.Method.invokeNative(Native Method)
E/AndroidRuntime( 3866): 	at java.lang.reflect.Method.invoke(Method.java:511)
E/AndroidRuntime( 3866): 	at com.android.internal.os.ZygoteInit$MethodAndArgsCaller.run(ZygoteInit.java:784)
E/AndroidRuntime( 3866): 	at com.android.internal.os.ZygoteInit.main(ZygoteInit.java:551)
E/AndroidRuntime( 3866): 	at dalvik.system.NativeStart.main(Native Method)
W/ActivityManager(  163):   Force finishing activity edu.mit.csail.diplomamatrix/.StatusActivity
W/ActivityManager(  163): Activity pause timeout for ActivityRecord{41525e78 edu.mit.csail.diplomamatrix/.StatusActivity}
D/AudioHardware(   82): AudioHardware pcm playback is going to standby.
D/AudioHardware(   82): closePcmOut_l() mPcmOpenCnt: 1
I/StatusActivity( 3866): inside buttonsEnableProgressTimeoutR. OH NO! Your photo (save/get) request TIMED OUT. Try again later!
I/StatusActivity( 3866): Inside _enableButtons
I/StatusActivity( 3866): areButtonsEnabled --> true
D/dalvikvm(  163): GC_EXPLICIT freed 662K, 14% free 12847K/14791K, paused 2ms+6ms
W/ActivityManager(  163): Activity destroy timeout for ActivityRecord{41525e78 edu.mit.csail.diplomamatrix/.StatusActivity}
I/NetworkThread( 3866): 1333618046325: Received UDP payload: 406
W/NetworkStats(  163): dropping UID delta from unknown iface: iface=wlan0 uid=10067 set=DEFAULT tag=0x0 rxBytes=868 rxPackets=2 txBytes=0 txPackets=0 operations=0
W/NetworkStats(  163): dropping UID delta from unknown iface: iface=wlan0 uid=10067 set=FOREGROUND tag=0x0 rxBytes=205714 rxPackets=35 txBytes=16565 txPackets=10 operations=0
I/NetworkThread( 3866): 1333618076323: Received UDP payload: 406
