--------- beginning of /dev/log/main
D/AndroidRuntime( 3915): 
D/AndroidRuntime( 3915): >>>>>> AndroidRuntime START com.android.internal.os.RuntimeInit <<<<<<
D/AndroidRuntime( 3915): CheckJNI is OFF
D/AndroidRuntime( 3915): Calling main entry com.android.commands.pm.Pm
--------- beginning of /dev/log/system
W/ActivityManager(  163): No content provider found for permission revoke: file:///data/local/tmp/DIPLOMAMatrix.apk
W/ActivityManager(  163): No content provider found for permission revoke: file:///data/local/tmp/DIPLOMAMatrix.apk
I/PackageManager(  163): Removing non-system package:edu.mit.csail.diplomamatrix
I/ActivityManager(  163): Force stopping package edu.mit.csail.diplomamatrix uid=10067
I/PackageManager(  163): Package edu.mit.csail.diplomamatrix codePath changed from /data/app/edu.mit.csail.diplomamatrix-2.apk to /data/app/edu.mit.csail.diplomamatrix-1.apk; Retaining data and using new
I/PackageManager(  163): Running dexopt on: edu.mit.csail.diplomamatrix
D/dalvikvm(  163): GC_CONCURRENT freed 744K, 14% free 12810K/14791K, paused 3ms+6ms
D/dalvikvm( 3926): DexOpt: load 17ms, verify+opt 136ms
I/ActivityManager(  163): Force stopping package edu.mit.csail.diplomamatrix uid=10067
W/PackageManager(  163): Code path for pkg : edu.mit.csail.diplomamatrix changing from /data/app/edu.mit.csail.diplomamatrix-2.apk to /data/app/edu.mit.csail.diplomamatrix-1.apk
W/PackageManager(  163): Resource path for pkg : edu.mit.csail.diplomamatrix changing from /data/app/edu.mit.csail.diplomamatrix-2.apk to /data/app/edu.mit.csail.diplomamatrix-1.apk
D/PackageManager(  163): New package installed in /data/app/edu.mit.csail.diplomamatrix-1.apk
I/ActivityManager(  163): Force stopping package edu.mit.csail.diplomamatrix uid=10067
D/dalvikvm(  358): GC_EXPLICIT freed 715K, 38% free 12536K/19911K, paused 8ms+8ms
D/dalvikvm( 1122): GC_EXPLICIT freed 264K, 5% free 9354K/9799K, paused 2ms+4ms
I/RegisteredComponentCache(  345): ComponentInfo: ResolveInfo{413780e0 com.android.apps.tag.TagViewer p=0 o=0 m=0x108000}, techs: android.nfc.tech.Ndef, 
D/dalvikvm(  163): GC_EXPLICIT freed 448K, 15% free 12714K/14791K, paused 3ms+5ms
D/PackageManager(  163): generateServicesMap(android.accounts.AccountAuthenticator): 3 services unchanged
D/PackageManager(  163): generateServicesMap(android.content.SyncAdapter): 14 services unchanged
D/BackupManagerService(  163): Received broadcast Intent { act=android.intent.action.PACKAGE_REMOVED dat=package:edu.mit.csail.diplomamatrix flg=0x10000010 (has extras) }
D/PackageManager(  163): generateServicesMap(android.accounts.AccountAuthenticator): 3 services unchanged
I/RegisteredComponentCache(  345): ComponentInfo: ResolveInfo{4137a680 com.android.apps.tag.TagViewer p=0 o=0 m=0x108000}, techs: android.nfc.tech.Ndef, 
D/PackageManager(  163): generateServicesMap(android.content.SyncAdapter): 14 services unchanged
D/BackupManagerService(  163): Received broadcast Intent { act=android.intent.action.PACKAGE_ADDED dat=package:edu.mit.csail.diplomamatrix flg=0x10000010 (has extras) }
V/BackupManagerService(  163): updatePackageParticipantsLocked: edu.mit.csail.diplomamatrix
D/dalvikvm( 1213): GC_CONCURRENT freed 386K, 6% free 9341K/9863K, paused 1ms+5ms
D/BackupManagerService(  163): Received broadcast Intent { act=android.intent.action.PACKAGE_REPLACED dat=package:edu.mit.csail.diplomamatrix flg=0x10000010 (has extras) }
V/BackupManagerService(  163): updatePackageParticipantsLocked: edu.mit.csail.diplomamatrix
D/dalvikvm(  163): GC_CONCURRENT freed 674K, 13% free 12965K/14791K, paused 4ms+6ms
D/dalvikvm(  163): GC_EXPLICIT freed 346K, 15% free 12688K/14791K, paused 9ms+7ms
D/AndroidRuntime( 3915): Shutting down VM
D/dalvikvm( 3915): GC_CONCURRENT freed 100K, 83% free 456K/2560K, paused 1ms+1ms
D/jdwp    ( 3915): Got wake-up signal, bailing out of select
D/dalvikvm( 3915): Debugger has detached; object registry had 1 entries
I/AndroidRuntime( 3915): NOTE: attach of thread 'Binder Thread #3' failed
D/AndroidRuntime( 3937): 
D/AndroidRuntime( 3937): >>>>>> AndroidRuntime START com.android.internal.os.RuntimeInit <<<<<<
D/AndroidRuntime( 3937): CheckJNI is OFF
D/AndroidRuntime( 3937): Calling main entry com.android.commands.am.Am
I/ActivityManager(  163): START {act=android.intent.action.MAIN cat=[android.intent.category.LAUNCHER] flg=0x10000000 cmp=edu.mit.csail.diplomamatrix/.StatusActivity} from pid 3937
D/AndroidRuntime( 3937): Shutting down VM
D/dalvikvm( 3937): GC_CONCURRENT freed 102K, 81% free 486K/2560K, paused 0ms+0ms
D/jdwp    ( 3937): Got wake-up signal, bailing out of select
D/dalvikvm( 3937): Debugger has detached; object registry had 1 entries
I/AndroidRuntime( 3937): NOTE: attach of thread 'Binder Thread #3' failed
D/dalvikvm( 3948): Late-enabling CheckJNI
I/ActivityManager(  163): Start proc edu.mit.csail.diplomamatrix for activity edu.mit.csail.diplomamatrix/.StatusActivity: pid=3948 uid=10067 gids={1006, 1015, 3003}
I/dalvikvm( 3948): Turning on JNI app bug workarounds for target SDK version 4...
D/OpenGLRenderer(  358): Flushing caches (mode 1)
I/StatusActivity( 3948): 1333618829998: *** Opened log file for writing ***
I/StatusActivity( 3948): 1333618829998: Android build: Nexus S
I/StatusActivity( 3948): 1333618829999: NET_NAME set to: wlan0
I/StatusActivity( 3948): 1333618829999: starting Mux with id = -1
I/StatusActivity( 3948): 1333618830003: areButtonsEnabled --> true
I/StatusActivity( 3948): 1333618830005: *** Application started ***
I/StatusActivity( 3948): 1333618830007: HI I'm in ONRESUME()
I/StatusActivity( 3948): 1333618830009: SAMPLING_DISTANCE : 1, SAMPLING_DURATION : 1000
I/Mux.java( 3948): run() beginning -------------
D/Mux     ( 3948): Mux started
I/StatusActivity( 3948): 1333618830024: ************ GPS turned OFF *************
I/NetworkThread( 3948): Initial socket buffer sizes: 110592 receive, 110592 send
I/NetworkThread( 3948): Set socket buffer sizes to: 221184 receive, 221184 send
I/NetworkThread( 3948): started, local IP address:/192.168.5.1
W/GpsLocationProvider(  163): Duplicate add listener for uid 10067
I/Mux.java's nodeId is( 3948): 5001
I/Mux     ( 3948): starting vncDaemon ........
I/VCoreDaemon( 3948): 1333618830033: Started VCoreDaemon with parameters maxRx = 6 , maxRY= 1, minLongitude = -7110102 , minLatitude = 4236349, regionWidth =17
I/Mux     ( 3948): vncDaemon started
I/VCoreDaemon.java( 3948): onStart() about to stateTransition.........................................................................
I/VCoreDaemon( 3948): 1333618830042: started, mId = 5001
I/VCoreDaemon.java( 3948): inside stateTransition ......................................................................................
I/..... VCoreDaemon.java( 3948): out of bounds
I/VCoreDaemon( 3948): 1333618830047: region (-1, -1) out of bounds, dormant
I/..... VCoreDaemon.java( 3948): ends xxxxxxxxxxxxxxxxxxxxxxxxxxxxxxxxxxxxxxxxxxx
V/PhoneStatusBar(  229): setLightsOn(true)
D/OpenGLRenderer(  358): Flushing caches (mode 0)
I/CameraSurfaceView( 3948): inside surfaceCreated()
I/CameraSurfaceView( 3948): opening Camera.open()
I/CameraService(   82): Opening camera 0
I/CameraHardwareSec(   82): int android::HAL_camera_device_open(const hw_module_t*, const char*, hw_device_t**): open camera 0
E/SecCamera(   82): initCamera: m_cam_fd(29), m_jpeg_fd(0)
I/SecCamera(   82): Name of input channel[0] is S5K4ECGX
E/SecCamera(   82): initCamera: m_cam_fd2(30)
I/SecCamera(   82): Name of input channel[0] is S5K4ECGX
I/SecCamera(   82): initCamera : initialized
I/SecCamera(   82): Name of input channel[0] is S5K4ECGX
I/CameraHardwareSec(   82): int android::HAL_camera_device_open(const hw_module_t*, const char*, hw_device_t**): opened camera 0 (0x1e73ef8)
I/CameraHardwareSec(   82): int android::CameraHardwareSec::previewThreadWrapper(): starting
I/CameraHardwareSec(   82): int android::CameraHardwareSec::previewThreadWrapper(): calling mSecCamera->stopPreview() and waiting
W/SecCamera(   82): int android::SecCamera::stopPreview(): doing nothing because m_flag_camera_start is zero
I/AwesomePlayer(   82): setDataSource_l('/system/media/audio/ui/camera_click.ogg')
I/AwesomePlayer(   82): setDataSource_l('/system/media/audio/ui/VideoRecord.ogg')
I/CameraSurfaceView( 3948): opened camera
I/CameraSurfaceView( 3948): inside on surfaceChanged()
D/CameraHardwareSec(   82): mPreviewHeap(fd(29), size(518400), width(720), height(480))
I/CameraHardwareSec(   82): int android::CameraHardwareSec::previewThreadWrapper(): return from wait
I/ActivityManager(  163): Displayed edu.mit.csail.diplomamatrix/.StatusActivity: +1s185ms
D/dalvikvm( 3948): GC_CONCURRENT freed 137K, 3% free 9331K/9543K, paused 3ms+2ms
I/VCoreDaemon( 3948): 1333618836887: moving from region (-1,-1), to (1,0)
I/VCoreDaemon.java( 3948): inside stateTransition ......................................................................................
I/..... VCoreDaemon.java( 3948): targetState = JOINING
I/VCoreDaemon( 3948): 1333618836891: sending LEADER_REQUEST
I/VCoreDaemon( 3948): 1333618836894: inside sendPacket(Packet p)
I/..... VCoreDaemon.java( 3948): ends xxxxxxxxxxxxxxxxxxxxxxxxxxxxxxxxxxxxxxxxxxx
D/AudioHardware(   82): AudioHardware pcm playback is exiting standby.
D/AudioHardware(   82): openPcmOut_l() mPcmOpenCnt: 0
I/NetworkThread( 3948): 1333618836939: Sending UDP payload: 406
I/VCoreDaemon( 3948): 1333618837201: sending LEADER_REQUEST
I/VCoreDaemon( 3948): 1333618837202: inside sendPacket(Packet p)
I/NetworkThread( 3948): 1333618837216: Sending UDP payload: 406
I/VCoreDaemon( 3948): 1333618837503: sending LEADER_REQUEST
I/VCoreDaemon( 3948): 1333618837504: inside sendPacket(Packet p)
I/NetworkThread( 3948): 1333618837515: Sending UDP payload: 406
I/VCoreDaemon( 3948): 1333618837805: sending LEADER_REQUEST
I/VCoreDaemon( 3948): 1333618837807: inside sendPacket(Packet p)
I/NetworkThread( 3948): 1333618837825: Sending UDP payload: 406
I/VCoreDaemon( 3948): 1333618837919: LEADER_REQUEST timed out
I/VCoreDaemon.java( 3948): inside stateTransition ......................................................................................
I/..... VCoreDaemon.java( 3948): targetState = LEADER
D/AudioHardware(   82): AudioHardware pcm playback is going to standby.
D/AudioHardware(   82): closePcmOut_l() mPcmOpenCnt: 1
I/VNC:Cloud( 3948): Request executed: http://hermes5.csail.mit.edu:8212/take/1/0/5001/1333618837919/
I/VCoreDaemon( 3948): 1333618840190: cloud rejected leadership request or request failed, wait to retry
I/NetworkThread( 3948): 1333618840748: Received UDP payload: 406
I/NetworkThread( 3948): 1333618841035: Received UDP payload: 406
I/NetworkThread( 3948): 1333618841338: Received UDP payload: 406
I/NetworkThread( 3948): 1333618841638: Received UDP payload: 406
I/NetworkThread( 3948): 1333618843042: Received UDP payload: 25252
I/VCoreDaemon( 3948): 1333618843047: heard LEADER_REPLY from 5012
I/VCoreDaemon.java( 3948): inside stateTransition ......................................................................................
I/..... VCoreDaemon.java( 3948): targetState = NONLEADER
I/VCoreDaemon( 3948): 1333618843047: now NONLEADER (id=5001) following LEADER (id=5012) in (1,0)
I/..... VCoreDaemon.java( 3948): ends xxxxxxxxxxxxxxxxxxxxxxxxxxxxxxxxxxxxxxxxxxx
W/NetworkStats(  163): dropping UID delta from unknown iface: iface=wlan0 uid=0 set=DEFAULT tag=0x0 rxBytes=5642 rxPackets=13 txBytes=0 txPackets=0 operations=0
W/NetworkStats(  163): dropping UID delta from unknown iface: iface=wlan0 uid=10067 set=FOREGROUND tag=0x0 rxBytes=28752 rxPackets=9 txBytes=1736 txPackets=4 operations=0
I/StatusActivity( 3948): 1333618848847: canPressButton = TRUE
I/StatusActivity( 3948): 1333618848851: areButtonsEnabled --> false
I/StatusActivity( 3948): 1333618848888: disabling buttons ...
I/StatusActivity( 3948): Inside disableButtonsR
I/StatusActivity( 3948): areButtonsEnabled --> false
D/AudioHardware(   82): AudioHardware pcm playback is exiting standby.
D/AudioHardware(   82): openPcmOut_l() mPcmOpenCnt: 0
I/StatusActivity( 3948): 1333618848894: ** Clicked take picture button **
I/CameraSurfaceView( 3948): inside getCamera()
I/CameraHardwareSec(   82): int android::CameraHardwareSec::previewThreadWrapper(): calling mSecCamera->stopPreview() and waiting
I/SecCamera(   82): int android::fimc_v4l2_querybuf(int, android::fimc_buffer*, v4l2_buf_type) :
I/SecCamera(   82): int android::fimc_v4l2_querybuf(int, android::fimc_buffer*, v4l2_buf_type): buffer->start = 0x43cfa000 v4l2_buf.length = 4261248
D/dalvikvm( 3948): GC_CONCURRENT freed 293K, 4% free 9480K/9863K, paused 7ms+4ms
I/CameraHardwareSec(   82): == Camera Sensor Detect S5K4ECGX - Samsung LSI SOC 5M ==
D/JpegEncoder(   82): encode E
D/JpegEncoder(   82): encode X
D/SecCamera(   82): Shutter speed=24987 us, iso=100
D/SecCamera(   82): AV=3, TV=5, SV=5
D/JpegEncoder(   82): makeExif E
D/JpegEncoder(   82): makeExif X
I/SecCamera(   82): int android::SecCamera::endSnapshot() :
I/SecCamera(   82): munmap():virt. addr 0x43cfa000 size = 4261248
D/dalvikvm( 3948): GC_FOR_ALLOC freed 31K, 5% free 9619K/10055K, paused 16ms
I/dalvikvm-heap( 3948): Grow heap (frag case) to 10.550MB for 1138476-byte allocation
D/dalvikvm( 3948): GC_CONCURRENT freed <1K, 5% free 10730K/11207K, paused 3ms+2ms
I/StatusActivity( 3948): 1333618849508: inside HandlePictureStorage onPictureTaken()
D/CameraHardwareSec(   82): mPreviewHeap(fd(29), size(518400), width(720), height(480))
I/CameraHardwareSec(   82): int android::CameraHardwareSec::previewThreadWrapper(): return from wait
I/StatusActivity( 3948): 1333618849978: Picture successfully taken, ORIG BYTE LENGTH = 1138460
D/dalvikvm( 3948): GC_FOR_ALLOC freed 1K, 5% free 10731K/11207K, paused 38ms
I/dalvikvm-heap( 3948): Grow heap (frag case) to 29.300MB for 19660816-byte allocation
D/dalvikvm( 3948): GC_CONCURRENT freed 0K, 2% free 29931K/30471K, paused 2ms+8ms
I/StatusActivity( 3948): 1333618850985: Our new height x width: 240 x 320
I/StatusActivity( 3948): 1333618850986: Show photo from handle my camera take
I/StatusActivity( 3948): 1333618850987: client making photo packet to send to leader for it to save
I/StatusActivity( 3948): 1333618851010: BYTE SIZE AFTER COMPRESSION: 3986
I/StatusActivity( 3948): 1333618851015: about to send my pic
I/StatusActivity( 3948): 1333618851016: I'm a nonleader sending my new photo packet to my leader
I/VCoreDaemon( 3948): 1333618851016: inside sendPacket(Packet p)
I/NetworkThread( 3948): 1333618851018: Sending UDP payload: 4593
I/StatusActivity( 3948): 1333618851021: end of client send picture method
I/NetworkThread( 3948): 1333618851213: Received UDP payload: 4957
I/Mux     ( 3948): 1333618851255: GOT CSM_Msg
I/NetworkThread( 3948): 1333618851272: Received UDP payload: 949
I/Mux     ( 3948): 1333618851277: GOT CSM_Msg
I/NetworkThread( 3948): 1333618851281: Received UDP payload: 602
I/Mux     ( 3948): 1333618851284: Inside mux Packet.SERVER_REPLY
I/Mux     ( 3948): 1333618851284: I have the photo requester id = 5001 about to display photo or receive upload ack
I/StatusActivity( 3948): 1333618851285: inside Packet.CLIENT_UPLOAD_PHOTO_ACK
I/StatusActivity( 3948): 1333618851285: nonleader upload new photo latency = 269
I/StatusActivity( 3948): 1333618851285: = nonleader upload start 1333618851016 ~ stop 1333618851285
I/StatusActivity( 3948): 1333618851288: SUCCESS! Client now knows saving photo on its leader succeeded
I/StatusActivity( 3948): Inside _enableButtons
I/StatusActivity( 3948): areButtonsEnabled --> true
W/InputManagerService(  163): Window already focused, ignoring focus gain of: com.android.internal.view.IInputMethodClient$Stub$Proxy@416e8468
D/AudioHardware(   82): AudioHardware pcm playback is going to standby.
D/AudioHardware(   82): closePcmOut_l() mPcmOpenCnt: 1
I/StatusActivity( 3948): 1333618854580: canPressButton = TRUE
I/StatusActivity( 3948): 1333618854582: areButtonsEnabled --> false
I/StatusActivity( 3948): 1333618854588: disabling buttons ...
I/StatusActivity( 3948): Inside disableButtonsR
I/StatusActivity( 3948): areButtonsEnabled --> false
D/AudioHardware(   82): AudioHardware pcm playback is exiting standby.
D/AudioHardware(   82): openPcmOut_l() mPcmOpenCnt: 0
I/StatusActivity( 3948): 1333618854617: ** Clicked take picture button **
I/CameraSurfaceView( 3948): inside getCamera()
I/CameraHardwareSec(   82): int android::CameraHardwareSec::previewThreadWrapper(): calling mSecCamera->stopPreview() and waiting
I/SecCamera(   82): int android::fimc_v4l2_querybuf(int, android::fimc_buffer*, v4l2_buf_type) :
I/SecCamera(   82): int android::fimc_v4l2_querybuf(int, android::fimc_buffer*, v4l2_buf_type): buffer->start = 0x43d04000 v4l2_buf.length = 4261248
I/CameraHardwareSec(   82): == Camera Sensor Detect S5K4ECGX - Samsung LSI SOC 5M ==
D/JpegEncoder(   82): encode E
D/JpegEncoder(   82): encode X
D/SecCamera(   82): Shutter speed=24987 us, iso=50
D/SecCamera(   82): AV=3, TV=5, SV=4
D/JpegEncoder(   82): makeExif E
D/JpegEncoder(   82): makeExif X
I/StatusActivity( 3948): 1333618855203: inside HandlePictureStorage onPictureTaken()
D/CameraHardwareSec(   82): Waiting for picture thread to complete.
I/SecCamera(   82): int android::SecCamera::endSnapshot() :
I/SecCamera(   82): munmap():virt. addr 0x43d04000 size = 4261248
D/CameraHardwareSec(   82): mPreviewHeap(fd(29), size(518400), width(720), height(480))
I/CameraHardwareSec(   82): int android::CameraHardwareSec::previewThreadWrapper(): return from wait
I/StatusActivity( 3948): 1333618855616: Picture successfully taken, ORIG BYTE LENGTH = 986480
D/dalvikvm( 3948): GC_FOR_ALLOC freed 20514K, 66% free 10916K/31815K, paused 73ms
I/dalvikvm-heap( 3948): Grow heap (frag case) to 29.481MB for 19660816-byte allocation
D/dalvikvm( 3948): GC_CONCURRENT freed 8K, 6% free 30107K/31815K, paused 1ms+21ms
I/StatusActivity( 3948): 1333618856642: Our new height x width: 240 x 320
I/StatusActivity( 3948): 1333618856643: Show photo from handle my camera take
I/StatusActivity( 3948): 1333618856644: client making photo packet to send to leader for it to save
I/StatusActivity( 3948): 1333618856657: BYTE SIZE AFTER COMPRESSION: 2805
I/StatusActivity( 3948): 1333618856658: about to send my pic
I/StatusActivity( 3948): 1333618856659: I'm a nonleader sending my new photo packet to my leader
I/VCoreDaemon( 3948): 1333618856659: inside sendPacket(Packet p)
I/NetworkThread( 3948): 1333618856660: Sending UDP payload: 3412
I/StatusActivity( 3948): 1333618856662: end of client send picture method
I/NetworkThread( 3948): 1333618856778: Received UDP payload: 3776
I/Mux     ( 3948): 1333618856789: GOT CSM_Msg
I/NetworkThread( 3948): 1333618856810: Received UDP payload: 949
I/Mux     ( 3948): 1333618856829: GOT CSM_Msg
I/NetworkThread( 3948): 1333618856847: Received UDP payload: 602
I/Mux     ( 3948): 1333618856856: Inside mux Packet.SERVER_REPLY
I/Mux     ( 3948): 1333618856856: I have the photo requester id = 5001 about to display photo or receive upload ack
I/StatusActivity( 3948): 1333618856857: inside Packet.CLIENT_UPLOAD_PHOTO_ACK
I/StatusActivity( 3948): 1333618856858: nonleader upload new photo latency = 198
I/StatusActivity( 3948): 1333618856858: = nonleader upload start 1333618856659 ~ stop 1333618856857
I/StatusActivity( 3948): 1333618856859: SUCCESS! Client now knows saving photo on its leader succeeded
I/StatusActivity( 3948): Inside _enableButtons
I/StatusActivity( 3948): areButtonsEnabled --> true
W/InputManagerService(  163): Window already focused, ignoring focus gain of: com.android.internal.view.IInputMethodClient$Stub$Proxy@41588c58
D/AudioHardware(   82): AudioHardware pcm playback is going to standby.
D/AudioHardware(   82): closePcmOut_l() mPcmOpenCnt: 1
I/StatusActivity( 3948): 1333618859948: canPressButton = TRUE
I/StatusActivity( 3948): 1333618859954: areButtonsEnabled --> false
I/StatusActivity( 3948): 1333618859960: disabling buttons ...
D/AudioHardware(   82): AudioHardware pcm playback is exiting standby.
D/AudioHardware(   82): openPcmOut_l() mPcmOpenCnt: 0
I/StatusActivity( 3948): Inside disableButtonsR
I/StatusActivity( 3948): areButtonsEnabled --> false
I/StatusActivity( 3948): 1333618859989: ** Clicked take picture button **
I/CameraSurfaceView( 3948): inside getCamera()
I/VCoreDaemon.java( 3948): inside stateTransition ......................................................................................
I/..... VCoreDaemon.java( 3948): targetState = JOINING
I/..... VCoreDaemon.java( 3948): ends xxxxxxxxxxxxxxxxxxxxxxxxxxxxxxxxxxxxxxxxxxx
I/VCoreDaemon( 3948): 1333618860065: sending LEADER_REQUEST
I/VCoreDaemon( 3948): 1333618860065: inside sendPacket(Packet p)
I/CameraHardwareSec(   82): int android::CameraHardwareSec::previewThreadWrapper(): calling mSecCamera->stopPreview() and waiting
I/NetworkThread( 3948): 1333618860103: Sending UDP payload: 406
I/SecCamera(   82): int android::fimc_v4l2_querybuf(int, android::fimc_buffer*, v4l2_buf_type) :
I/SecCamera(   82): int android::fimc_v4l2_querybuf(int, android::fimc_buffer*, v4l2_buf_type): buffer->start = 0x43c4f000 v4l2_buf.length = 4261248
I/VCoreDaemon( 3948): 1333618860365: sending LEADER_REQUEST
I/VCoreDaemon( 3948): 1333618860369: inside sendPacket(Packet p)
I/NetworkThread( 3948): 1333618860421: Sending UDP payload: 406
I/CameraHardwareSec(   82): == Camera Sensor Detect S5K4ECGX - Samsung LSI SOC 5M ==
I/VCoreDaemon( 3948): 1333618860673: sending LEADER_REQUEST
I/VCoreDaemon( 3948): 1333618860673: inside sendPacket(Packet p)
I/NetworkThread( 3948): 1333618860674: Sending UDP payload: 406
I/NetworkThread( 3948): 1333618860696: Received UDP payload: 29471
I/VCoreDaemon( 3948): 1333618860699: heard LEADER_REPLY from 5012
I/VCoreDaemon.java( 3948): inside stateTransition ......................................................................................
I/..... VCoreDaemon.java( 3948): targetState = NONLEADER
I/VCoreDaemon( 3948): 1333618860700: now NONLEADER (id=5001) following LEADER (id=5012) in (1,0)
I/..... VCoreDaemon.java( 3948): ends xxxxxxxxxxxxxxxxxxxxxxxxxxxxxxxxxxxxxxxxxxx
D/JpegEncoder(   82): encode E
D/JpegEncoder(   82): encode X
D/SecCamera(   82): Shutter speed=66635 us, iso=100
D/SecCamera(   82): AV=3, TV=4, SV=5
D/JpegEncoder(   82): makeExif E
D/JpegEncoder(   82): makeExif X
I/SecCamera(   82): int android::SecCamera::endSnapshot() :
I/SecCamera(   82): munmap():virt. addr 0x43c4f000 size = 4261248
D/dalvikvm( 3948): GC_FOR_ALLOC freed 20679K, 69% free 9959K/31815K, paused 24ms
I/dalvikvm-heap( 3948): Grow heap (frag case) to 10.758MB for 1007615-byte allocation
D/dalvikvm( 3948): GC_CONCURRENT freed 9K, 66% free 10933K/31815K, paused 1ms+4ms
I/StatusActivity( 3948): 1333618860822: inside HandlePictureStorage onPictureTaken()
I/NetworkThread( 3948): 1333618860987: Received UDP payload: 28856
I/NetworkThread( 3948): 1333618861269: Received UDP payload: 29471
D/CameraHardwareSec(   82): mPreviewHeap(fd(29), size(518400), width(720), height(480))
I/CameraHardwareSec(   82): int android::CameraHardwareSec::previewThreadWrapper(): return from wait
I/StatusActivity( 3948): 1333618861303: Picture successfully taken, ORIG BYTE LENGTH = 1007599
D/dalvikvm( 3948): GC_FOR_ALLOC freed 42K, 66% free 10969K/31815K, paused 75ms
I/dalvikvm-heap( 3948): Forcing collection of SoftReferences for 19660816-byte allocation
D/dalvikvm( 3948): GC_BEFORE_OOM freed 9K, 66% free 10959K/31815K, paused 31ms
E/dalvikvm-heap( 3948): Out of memory on a 19660816-byte allocation.
I/dalvikvm( 3948): "main" prio=5 tid=1 RUNNABLE
I/dalvikvm( 3948):   | group="main" sCount=0 dsCount=0 obj=0x40a4a460 self=0x1ae828
I/dalvikvm( 3948):   | sysTid=3948 nice=0 sched=0/0 cgrp=default handle=1074513032
I/dalvikvm( 3948):   | schedstat=( 0 0 0 ) utm=203 stm=15 core=0
I/dalvikvm( 3948):   at android.graphics.BitmapFactory.nativeDecodeByteArray(Native Method)
I/dalvikvm( 3948):   at android.graphics.BitmapFactory.decodeByteArray(BitmapFactory.java:424)
I/dalvikvm( 3948):   at android.graphics.BitmapFactory.decodeByteArray(BitmapFactory.java:441)
I/dalvikvm( 3948):   at edu.mit.csail.diplomamatrix.StatusActivity$HandlePictureStorage.onPictureTaken(StatusActivity.java:698)
I/dalvikvm( 3948):   at android.hardware.Camera$EventHandler.handleMessage(Camera.java:687)
I/dalvikvm( 3948):   at android.os.Handler.dispatchMessage(Handler.java:99)
I/dalvikvm( 3948):   at android.os.Looper.loop(Looper.java:137)
I/dalvikvm( 3948):   at android.app.ActivityThread.main(ActivityThread.java:4424)
I/dalvikvm( 3948):   at java.lang.reflect.Method.invokeNative(Native Method)
I/dalvikvm( 3948):   at java.lang.reflect.Method.invoke(Method.java:511)
I/dalvikvm( 3948):   at com.android.internal.os.ZygoteInit$MethodAndArgsCaller.run(ZygoteInit.java:784)
I/dalvikvm( 3948):   at com.android.internal.os.ZygoteInit.main(ZygoteInit.java:551)
I/dalvikvm( 3948):   at dalvik.system.NativeStart.main(Native Method)
I/dalvikvm( 3948): 
D/skia    ( 3948): --- decoder->decode returned false
D/AndroidRuntime( 3948): Shutting down VM
W/dalvikvm( 3948): threadid=1: thread exiting with uncaught exception (group=0x40a491f8)
E/AndroidRuntime( 3948): FATAL EXCEPTION: main
E/AndroidRuntime( 3948): java.lang.OutOfMemoryError
E/AndroidRuntime( 3948): 	at android.graphics.BitmapFactory.nativeDecodeByteArray(Native Method)
E/AndroidRuntime( 3948): 	at android.graphics.BitmapFactory.decodeByteArray(BitmapFactory.java:424)
E/AndroidRuntime( 3948): 	at android.graphics.BitmapFactory.decodeByteArray(BitmapFactory.java:441)
E/AndroidRuntime( 3948): 	at edu.mit.csail.diplomamatrix.StatusActivity$HandlePictureStorage.onPictureTaken(StatusActivity.java:698)
E/AndroidRuntime( 3948): 	at android.hardware.Camera$EventHandler.handleMessage(Camera.java:687)
E/AndroidRuntime( 3948): 	at android.os.Handler.dispatchMessage(Handler.java:99)
E/AndroidRuntime( 3948): 	at android.os.Looper.loop(Looper.java:137)
E/AndroidRuntime( 3948): 	at android.app.ActivityThread.main(ActivityThread.java:4424)
E/AndroidRuntime( 3948): 	at java.lang.reflect.Method.invokeNative(Native Method)
E/AndroidRuntime( 3948): 	at java.lang.reflect.Method.invoke(Method.java:511)
E/AndroidRuntime( 3948): 	at com.android.internal.os.ZygoteInit$MethodAndArgsCaller.run(ZygoteInit.java:784)
E/AndroidRuntime( 3948): 	at com.android.internal.os.ZygoteInit.main(ZygoteInit.java:551)
E/AndroidRuntime( 3948): 	at dalvik.system.NativeStart.main(Native Method)
W/ActivityManager(  163):   Force finishing activity edu.mit.csail.diplomamatrix/.StatusActivity
D/dalvikvm(  163): GC_CONCURRENT freed 691K, 13% free 12915K/14791K, paused 3ms+19ms
I/NetworkThread( 3948): 1333618861586: Received UDP payload: 406
W/ActivityManager(  163): Activity pause timeout for ActivityRecord{41585dc0 edu.mit.csail.diplomamatrix/.StatusActivity}
D/AudioHardware(   82): AudioHardware pcm playback is going to standby.
D/AudioHardware(   82): closePcmOut_l() mPcmOpenCnt: 1
I/StatusActivity( 3948): inside buttonsEnableProgressTimeoutR. OH NO! Your photo (save/get) request TIMED OUT. Try again later!
I/StatusActivity( 3948): Inside _enableButtons
I/StatusActivity( 3948): areButtonsEnabled --> true
W/ActivityManager(  163): Activity destroy timeout for ActivityRecord{41585dc0 edu.mit.csail.diplomamatrix/.StatusActivity}
I/NetworkThread( 3948): 1333618891618: Received UDP payload: 406
I/NetworkThread( 3948): 1333618921590: Received UDP payload: 406
I/NetworkThread( 3948): 1333618951591: Received UDP payload: 406
