I/CameraHardwareSec(   81): int android::HAL_camera_device_open(const hw_module_t*, const char*, hw_device_t**): open camera 0
E/SecCamera(   81): initCamera: m_cam_fd(31), m_jpeg_fd(0)
I/SecCamera(   81): Name of input channel[0] is S5K4ECGX
E/SecCamera(   81): initCamera: m_cam_fd2(32)
I/SecCamera(   81): Name of input channel[0] is S5K4ECGX
I/SecCamera(   81): initCamera : initialized
I/SecCamera(   81): Name of input channel[0] is S5K4ECGX
I/CameraHardwareSec(   81): int android::HAL_camera_device_open(const hw_module_t*, const char*, hw_device_t**): opened camera 0 (0xabc388)
I/CameraHardwareSec(   81): int android::CameraHardwareSec::previewThreadWrapper(): starting
I/CameraHardwareSec(   81): int android::CameraHardwareSec::previewThreadWrapper(): calling mSecCamera->stopPreview() and waiting
W/SecCamera(   81): int android::SecCamera::stopPreview(): doing nothing because m_flag_camera_start is zero
D/dalvikvm(  148): GC_CONCURRENT freed 559K, 9% free 12782K/14023K, paused 4ms+5ms
I/AwesomePlayer(   81): setDataSource_l('/system/media/audio/ui/camera_click.ogg')
I/AwesomePlayer(   81): setDataSource_l('/system/media/audio/ui/VideoRecord.ogg')
I/CameraSurfaceView( 1699): opened camera
I/CameraSurfaceView( 1699): inside on surfaceChanged()
D/OpenGLRenderer(  343): Flushing caches (mode 0)
W/ActivityManager(  148): Activity pause timeout for ActivityRecord{41759a60 edu.mit.csail.diplomamatrix/.StatusActivity}
D/CameraHardwareSec(   81): mPreviewHeap(fd(31), size(518400), width(720), height(480))
I/CameraHardwareSec(   81): int android::CameraHardwareSec::previewThreadWrapper(): return from wait
I/CameraSurfaceView( 1699): inside surfaceDestroyed()
I/CameraHardwareSec(   81): int android::CameraHardwareSec::previewThreadWrapper(): calling mSecCamera->stopPreview() and waiting
I/CameraSurfaceView( 1699): inside surfaceDestroyed()
I/CameraHardwareSec(   81): void android::CameraHardwareSec::stopPreviewInternal() : preview not running, doing nothing
I/CameraHardwareSec(   81): int android::CameraHardwareSec::previewThreadWrapper(): return from wait
I/CameraHardwareSec(   81): int android::CameraHardwareSec::previewThreadWrapper(): exiting
W/SecCamera(   81): int android::SecCamera::stopPreview(): doing nothing because m_flag_camera_start is zero
W/SecCamera(   81): int android::SecCamera::stopRecord(): doing nothing because m_flag_record_start is zero
I/SecCamera(   81): DeinitCamera: m_cam_fd(31)
I/SecCamera(   81): DeinitCamera: m_cam_fd2(32)
E/CameraHardwareSec(   81): preview window is NULL!
I/CameraService(   81): Destroying camera 0
I/CameraHardwareSec(   81): int android::HAL_camera_device_close(hw_device_t*)
I/SecCamera(   81): DeinitCamera : already deinitialized
W/AudioFlinger(   81): session id 41 not found for pid 81
W/AudioFlinger(   81): session id 42 not found for pid 81
I/CameraSurfaceView( 1699): inside surfaceCreated()
I/CameraSurfaceView( 1699): opening Camera.open()
I/CameraService(   81): Opening camera 0
I/CameraHardwareSec(   81): int android::HAL_camera_device_open(const hw_module_t*, const char*, hw_device_t**): open camera 0
E/SecCamera(   81): initCamera: m_cam_fd(31), m_jpeg_fd(0)
I/SecCamera(   81): Name of input channel[0] is S5K4ECGX
E/SecCamera(   81): initCamera: m_cam_fd2(32)
I/SecCamera(   81): Name of input channel[0] is S5K4ECGX
I/SecCamera(   81): initCamera : initialized
I/SecCamera(   81): Name of input channel[0] is S5K4ECGX
I/CameraHardwareSec(   81): int android::HAL_camera_device_open(const hw_module_t*, const char*, hw_device_t**): opened camera 0 (0xabc388)
I/AwesomePlayer(   81): setDataSource_l('/system/media/audio/ui/camera_click.ogg')
I/CameraHardwareSec(   81): int android::CameraHardwareSec::previewThreadWrapper(): starting
I/CameraHardwareSec(   81): int android::CameraHardwareSec::previewThreadWrapper(): calling mSecCamera->stopPreview() and waiting
W/SecCamera(   81): int android::SecCamera::stopPreview(): doing nothing because m_flag_camera_start is zero
I/AwesomePlayer(   81): setDataSource_l('/system/media/audio/ui/VideoRecord.ogg')
I/CameraSurfaceView( 1699): opened camera
D/Camera  ( 1699): app passed NULL surface
I/StatusActivity( 1699): 1333620259402: HI I'm in ONPAUSE()
I/StatusActivity( 1699): 1333620259407: inside onDestroy()
I/StatusActivity( 1699): 1333620259412: closing camera in Status Activity
I/CameraHardwareSec(   81): void android::CameraHardwareSec::stopPreviewInternal() : preview not running, doing nothing
I/CameraHardwareSec(   81): void android::CameraHardwareSec::stopPreviewInternal() : preview not running, doing nothing
I/CameraHardwareSec(   81): int android::CameraHardwareSec::previewThreadWrapper(): return from wait
I/CameraHardwareSec(   81): int android::CameraHardwareSec::previewThreadWrapper(): exiting
W/SecCamera(   81): int android::SecCamera::stopPreview(): doing nothing because m_flag_camera_start is zero
W/SecCamera(   81): int android::SecCamera::stopRecord(): doing nothing because m_flag_record_start is zero
I/SecCamera(   81): DeinitCamera: m_cam_fd(31)
I/SecCamera(   81): DeinitCamera: m_cam_fd2(32)
I/CameraService(   81): Destroying camera 0
I/CameraHardwareSec(   81): int android::HAL_camera_device_close(hw_device_t*)
I/SecCamera(   81): DeinitCamera : already deinitialized
I/StatusActivity( 1699): 1333620259415: close everything else
W/AudioFlinger(   81): session id 43 not found for pid 81
W/AudioFlinger(   81): session id 44 not found for pid 81
E/JavaBinder( 1699): Unknown binder error code. 0xfffffff7
I/Process ( 1699): Sending signal. PID: 1699 SIG: 9
E/AndroidRuntime( 1699): Error reporting crash
E/AndroidRuntime( 1699): android.os.RemoteException: Unknown binder error code. 0xfffffff7
E/AndroidRuntime( 1699): 	at android.os.BinderProxy.transact(Native Method)
E/AndroidRuntime( 1699): 	at android.app.ActivityManagerProxy.handleApplicationCrash(ActivityManagerNative.java:2867)
E/AndroidRuntime( 1699): 	at com.android.internal.os.RuntimeInit$UncaughtHandler.uncaughtException(RuntimeInit.java:72)
E/AndroidRuntime( 1699): 	at java.lang.ThreadGroup.uncaughtException(ThreadGroup.java:693)
E/AndroidRuntime( 1699): 	at java.lang.ThreadGroup.uncaughtException(ThreadGroup.java:690)
I/ActivityManager(  148): Process edu.mit.csail.diplomamatrix (pid 1699) has died.
I/WindowManager(  148): WIN DEATH: Window{416b4738 edu.mit.csail.diplomamatrix/edu.mit.csail.diplomamatrix.StatusActivity paused=false}
W/WindowManager(  148): Force-removing child win Window{41775f28 SurfaceView paused=false} from container Window{416b4738 edu.mit.csail.diplomamatrix/edu.mit.csail.diplomamatrix.StatusActivity paused=false}
W/InputManagerService(  148): Window already focused, ignoring focus gain of: com.android.internal.view.IInputMethodClient$Stub$Proxy@416b2780
I/ActivityManager(  148): START {act=android.intent.action.MAIN cat=[android.intent.category.LAUNCHER] flg=0x10200000 cmp=edu.mit.csail.diplomamatrix/.StatusActivity bnds=[69,389][180,512]} from pid 343
W/Smack/Packet(  456): notify conn break (IOEx), close connection
D/dalvikvm( 1736): Late-enabling CheckJNI
I/ActivityManager(  148): Start proc edu.mit.csail.diplomamatrix for activity edu.mit.csail.diplomamatrix/.StatusActivity: pid=1736 uid=10067 gids={1006, 1015, 3003}
I/dalvikvm( 1736): Turning on JNI app bug workarounds for target SDK version 4...
D/OpenGLRenderer(  343): Flushing caches (mode 1)
I/StatusActivity( 1736): 1333620260487: *** Opened log file for writing ***
I/StatusActivity( 1736): 1333620260488: Android build: Nexus S
I/StatusActivity( 1736): 1333620260489: NET_NAME set to: wlan0
I/StatusActivity( 1736): 1333620260489: starting Mux with id = -1
I/StatusActivity( 1736): 1333620260491: areButtonsEnabled --> true
I/StatusActivity( 1736): 1333620260494: *** Application started ***
I/StatusActivity( 1736): 1333620260494: HI I'm in ONRESUME()
I/StatusActivity( 1736): 1333620260498: SAMPLING_DISTANCE : 1, SAMPLING_DURATION : 1000
I/Mux.java( 1736): run() beginning -------------
D/Mux     ( 1736): Mux started
E/NetworkThread( 1736): can't determine local IP address: java.lang.NullPointerException
W/dalvikvm( 1736): threadid=11: thread exiting with uncaught exception (group=0x40a381f8)
E/AndroidRuntime( 1736): FATAL EXCEPTION: Thread-195
E/AndroidRuntime( 1736): java.lang.NullPointerException
E/AndroidRuntime( 1736): 	at edu.mit.csail.diplomamatrix.NetworkThread.closeSocket(NetworkThread.java:100)
E/AndroidRuntime( 1736): 	at edu.mit.csail.diplomamatrix.NetworkThread.<init>(NetworkThread.java:69)
E/AndroidRuntime( 1736): 	at edu.mit.csail.diplomamatrix.Mux.onStart(Mux.java:153)
E/AndroidRuntime( 1736): 	at edu.mit.csail.diplomamatrix.Mux.run(Mux.java:249)
I/StatusActivity( 1736): 1333620260508: ************ GPS turned OFF *************
W/ActivityManager(  148):   Force finishing activity edu.mit.csail.diplomamatrix/.StatusActivity
D/OpenGLRenderer(  343): Flushing caches (mode 0)
I/CameraSurfaceView( 1736): inside surfaceCreated()
I/CameraSurfaceView( 1736): opening Camera.open()
I/CameraService(   81): Opening camera 0
I/CameraHardwareSec(   81): int android::HAL_camera_device_open(const hw_module_t*, const char*, hw_device_t**): open camera 0
E/SecCamera(   81): initCamera: m_cam_fd(31), m_jpeg_fd(0)
I/SecCamera(   81): Name of input channel[0] is S5K4ECGX
E/SecCamera(   81): initCamera: m_cam_fd2(32)
I/SecCamera(   81): Name of input channel[0] is S5K4ECGX
I/SecCamera(   81): initCamera : initialized
I/SecCamera(   81): Name of input channel[0] is S5K4ECGX
I/CameraHardwareSec(   81): int android::HAL_camera_device_open(const hw_module_t*, const char*, hw_device_t**): opened camera 0 (0xad6fc8)
I/CameraHardwareSec(   81): int android::CameraHardwareSec::previewThreadWrapper(): starting
I/CameraHardwareSec(   81): int android::CameraHardwareSec::previewThreadWrapper(): calling mSecCamera->stopPreview() and waiting
W/SecCamera(   81): int android::SecCamera::stopPreview(): doing nothing because m_flag_camera_start is zero
I/AwesomePlayer(   81): setDataSource_l('/system/media/audio/ui/camera_click.ogg')
I/AwesomePlayer(   81): setDataSource_l('/system/media/audio/ui/VideoRecord.ogg')
I/CameraSurfaceView( 1736): opened camera
I/CameraSurfaceView( 1736): inside on surfaceChanged()
W/ActivityManager(  148): Activity pause timeout for ActivityRecord{413caf58 edu.mit.csail.diplomamatrix/.StatusActivity}
D/CameraHardwareSec(   81): mPreviewHeap(fd(31), size(518400), width(720), height(480))
I/CameraHardwareSec(   81): int android::CameraHardwareSec::previewThreadWrapper(): return from wait
I/CameraSurfaceView( 1736): inside surfaceDestroyed()
I/CameraHardwareSec(   81): int android::CameraHardwareSec::previewThreadWrapper(): calling mSecCamera->stopPreview() and waiting
I/CameraSurfaceView( 1736): inside surfaceDestroyed()
I/CameraHardwareSec(   81): void android::CameraHardwareSec::stopPreviewInternal() : preview not running, doing nothing
I/CameraHardwareSec(   81): int android::CameraHardwareSec::previewThreadWrapper(): return from wait
I/CameraHardwareSec(   81): int android::CameraHardwareSec::previewThreadWrapper(): exiting
W/SecCamera(   81): int android::SecCamera::stopPreview(): doing nothing because m_flag_camera_start is zero
W/SecCamera(   81): int android::SecCamera::stopRecord(): doing nothing because m_flag_record_start is zero
I/SecCamera(   81): DeinitCamera: m_cam_fd(31)
I/SecCamera(   81): DeinitCamera: m_cam_fd2(32)
E/CameraHardwareSec(   81): preview window is NULL!
I/CameraService(   81): Destroying camera 0
I/CameraHardwareSec(   81): int android::HAL_camera_device_close(hw_device_t*)
I/SecCamera(   81): DeinitCamera : already deinitialized
W/AudioFlinger(   81): session id 46 not found for pid 81
W/AudioFlinger(   81): session id 47 not found for pid 81
I/CameraSurfaceView( 1736): inside surfaceCreated()
I/CameraSurfaceView( 1736): opening Camera.open()
I/CameraService(   81): Opening camera 0
I/CameraHardwareSec(   81): int android::HAL_camera_device_open(const hw_module_t*, const char*, hw_device_t**): open camera 0
E/SecCamera(   81): initCamera: m_cam_fd(31), m_jpeg_fd(0)
I/SecCamera(   81): Name of input channel[0] is S5K4ECGX
E/SecCamera(   81): initCamera: m_cam_fd2(32)
I/SecCamera(   81): Name of input channel[0] is S5K4ECGX
I/SecCamera(   81): initCamera : initialized
I/SecCamera(   81): Name of input channel[0] is S5K4ECGX
I/CameraHardwareSec(   81): int android::HAL_camera_device_open(const hw_module_t*, const char*, hw_device_t**): opened camera 0 (0xace3b8)
I/AwesomePlayer(   81): setDataSource_l('/system/media/audio/ui/camera_click.ogg')
I/CameraHardwareSec(   81): int android::CameraHardwareSec::previewThreadWrapper(): starting
I/CameraHardwareSec(   81): int android::CameraHardwareSec::previewThreadWrapper(): calling mSecCamera->stopPreview() and waiting
W/SecCamera(   81): int android::SecCamera::stopPreview(): doing nothing because m_flag_camera_start is zero
I/AwesomePlayer(   81): setDataSource_l('/system/media/audio/ui/VideoRecord.ogg')
I/CameraSurfaceView( 1736): opened camera
D/Camera  ( 1736): app passed NULL surface
I/StatusActivity( 1736): 1333620261775: HI I'm in ONPAUSE()
I/StatusActivity( 1736): 1333620261781: inside onDestroy()
I/StatusActivity( 1736): 1333620261783: closing camera in Status Activity
I/CameraHardwareSec(   81): void android::CameraHardwareSec::stopPreviewInternal() : preview not running, doing nothing
I/CameraHardwareSec(   81): void android::CameraHardwareSec::stopPreviewInternal() : preview not running, doing nothing
I/CameraHardwareSec(   81): int android::CameraHardwareSec::previewThreadWrapper(): return from wait
I/CameraHardwareSec(   81): int android::CameraHardwareSec::previewThreadWrapper(): exiting
W/SecCamera(   81): int android::SecCamera::stopPreview(): doing nothing because m_flag_camera_start is zero
W/SecCamera(   81): int android::SecCamera::stopRecord(): doing nothing because m_flag_record_start is zero
I/SecCamera(   81): DeinitCamera: m_cam_fd(31)
I/SecCamera(   81): DeinitCamera: m_cam_fd2(32)
I/CameraService(   81): Destroying camera 0
I/CameraHardwareSec(   81): int android::HAL_camera_device_close(hw_device_t*)
I/SecCamera(   81): DeinitCamera : already deinitialized
I/StatusActivity( 1736): 1333620261786: close everything else
W/AudioFlinger(   81): session id 48 not found for pid 81
W/AudioFlinger(   81): session id 49 not found for pid 81
E/JavaBinder( 1736): Unknown binder error code. 0xfffffff7
I/Process ( 1736): Sending signal. PID: 1736 SIG: 9
E/AndroidRuntime( 1736): Error reporting crash
E/AndroidRuntime( 1736): android.os.RemoteException: Unknown binder error code. 0xfffffff7
E/AndroidRuntime( 1736): 	at android.os.BinderProxy.transact(Native Method)
E/AndroidRuntime( 1736): 	at android.app.ActivityManagerProxy.handleApplicationCrash(ActivityManagerNative.java:2867)
E/AndroidRuntime( 1736): 	at com.android.internal.os.RuntimeInit$UncaughtHandler.uncaughtException(RuntimeInit.java:72)
E/AndroidRuntime( 1736): 	at java.lang.ThreadGroup.uncaughtException(ThreadGroup.java:693)
E/AndroidRuntime( 1736): 	at java.lang.ThreadGroup.uncaughtException(ThreadGroup.java:690)
I/WindowManager(  148): WIN DEATH: Window{4171ff10 SurfaceView paused=false}
I/ActivityManager(  148): Process edu.mit.csail.diplomamatrix (pid 1736) has died.
I/WindowManager(  148): WIN DEATH: Window{41752ea8 edu.mit.csail.diplomamatrix/edu.mit.csail.diplomamatrix.StatusActivity paused=false}
W/InputManagerService(  148): Window already focused, ignoring focus gain of: com.android.internal.view.IInputMethodClient$Stub$Proxy@414e6aa8
D/AudioHardware(   81): AudioHardware pcm playback is going to standby.
D/AudioHardware(   81): closePcmOut_l() mPcmOpenCnt: 1
D/ConnectivityService(  148): handleInetConditionHoldEnd: net=0, condition=0, published condition=100
D/dalvikvm(  343): GC_CONCURRENT freed 4923K, 39% free 12503K/20487K, paused 7ms+5ms
I/ActivityManager(  148): START {act=android.intent.action.MAIN cat=[android.intent.category.LAUNCHER] flg=0x10200000 cmp=net.szym.barnacle/.StatusActivity bnds=[0,103][120,253]} from pid 343
D/AudioHardware(   81): AudioHardware pcm playback is exiting standby.
D/AudioHardware(   81): openPcmOut_l() mPcmOpenCnt: 0
D/dalvikvm(  148): GC_FOR_ALLOC freed 617K, 9% free 12795K/14023K, paused 84ms
D/OpenGLRenderer(  343): Flushing caches (mode 0)
V/PhoneStatusBar(  219): setLightsOn(true)
D/OpenGLRenderer(  343): Flushing caches (mode 1)
W/myBarnacleApp( 1415): serviceStarted
I/BarnacleService( 1415): log: Starting...
D/dalvikvm( 1415): GC_CONCURRENT freed 2965K, 24% free 9964K/13063K, paused 2ms+9ms
I/BarnacleService( 1415): log: hq. MSG_NETSCHANGE. about to get getWifiState
I/BarnacleService( 1415): log: hq. BarnacleServiceNETSCHANGE: 1 1 null
E/BarnacleService( 1415): NETSCHANGE: 1 1 null
I/BarnacleService( 1415): log: hq. wifiState 1 =? WifiManager.WIFI_STATE_DISABLED = 1
I/BarnacleService( 1415): log: hq. INSIDE :) wifi state disabled
I/BarnacleService( 1415): log: ( (state = 1) ?== (STATE_STARTING = 1) ) && ( (process = proc_is_null) ?== null ... && checkUplink:
I/BarnacleService( 1415): log: hq. :D:D:D:D in state == STATE STARTING and no proccess and checkuplink :D:D:D
I/BarnacleService( 1415): log: Data network is ready
I/BarnacleService( 1415): log: .ini file prepared
I/BarnacleService( 1415): log: hq. :):):):):) :D:D:D:D:D:D about to startProcess()
I/BarnacleService( 1415): log: hq==============
I/BarnacleService( 1415): BarnacleService: startProcess()
I/BarnacleService( 1415): log: hq     pb = new ProcessBuilder
I/BarnacleService( 1415): log: hq     ./File_SCRIPT
I/BarnacleService( 1415): log: hq     pb.start()
I/BarnacleService( 1415): log: hq     new Thread 0 OUTPUT
I/BarnacleService( 1415): log: hq     new Thread 1 ERROR
I/BarnacleService( 1415): log: hq     threads 0 start
I/BarnacleService( 1415): log: hq     threads 1 start
E/ActivityManager(  148): Activity Manager Crash
E/ActivityManager(  148): java.lang.IllegalArgumentException: Unknown URI type: 7
E/ActivityManager(  148): 	at android.net.Uri$1.createFromParcel(Uri.java:1734)
E/ActivityManager(  148): 	at android.net.Uri$1.createFromParcel(Uri.java:1723)
E/ActivityManager(  148): 	at android.content.Intent.readFromParcel(Intent.java:6131)
E/ActivityManager(  148): 	at android.content.Intent.<init>(Intent.java:6126)
E/ActivityManager(  148): 	at android.content.Intent.readFromParcel(Intent.java:6153)
E/ActivityManager(  148): 	at android.content.Intent.<init>(Intent.java:6126)
E/ActivityManager(  148): 	at android.content.Intent$1.createFromParcel(Intent.java:6117)
E/ActivityManager(  148): 	at android.content.Intent$1.createFromParcel(Intent.java:6115)
E/ActivityManager(  148): 	at android.app.ActivityManagerNative.onTransact(ActivityManagerNative.java:298)
E/ActivityManager(  148): 	at com.android.server.am.ActivityManagerService.onTransact(ActivityManagerService.java:1545)
E/ActivityManager(  148): 	at android.os.Binder.execTransact(Binder.java:338)
E/ActivityManager(  148): 	at dalvik.system.NativeStart.run(Native Method)
D/su      ( 1776): 10065 net.szym.barnacle executing 0 /data/data/net.szym.barnacle/files/run using shell /system/bin/sh : sh
I/BarnacleService( 1415): log: hq. MSG_NETSCHANGE. about to get getWifiState
I/BarnacleService( 1415): log: hq. BarnacleServiceNETSCHANGE: 1 1 proc
E/BarnacleService( 1415): NETSCHANGE: 1 1 proc
I/BarnacleService( 1415): log: hq. wifiState 1 =? WifiManager.WIFI_STATE_DISABLED = 1
I/BarnacleService( 1415): log: hq. INSIDE :) wifi state disabled
I/BarnacleService( 1415): log: ( (state = 1) ?== (STATE_STARTING = 1) ) && ( (process = proc_is_not_null) ?== null ... && checkUplink:
I/BarnacleService( 1415): log: now waiting, becaus  either state != STATE_STARTING or process != null
W/ActivityManager(  148): Activity destroy timeout for ActivityRecord{41759a60 edu.mit.csail.diplomamatrix/.StatusActivity}
I/BarnacleService( 1415): log: hq. MSG_NETSCHANGE. about to get getWifiState
I/BarnacleService( 1415): log: hq. BarnacleServiceNETSCHANGE: 1 1 proc
E/BarnacleService( 1415): NETSCHANGE: 1 1 proc
I/BarnacleService( 1415): log: hq. wifiState 1 =? WifiManager.WIFI_STATE_DISABLED = 1
I/BarnacleService( 1415): log: hq. INSIDE :) wifi state disabled
I/BarnacleService( 1415): log: ( (state = 1) ?== (STATE_STARTING = 1) ) && ( (process = proc_is_not_null) ?== null ... && checkUplink:
I/BarnacleService( 1415): log: now waiting, becaus  either state != STATE_STARTING or process != null
I/ActivityManager(  148): START {act=android.intent.action.MAIN cat=[android.intent.category.HOME] flg=0x10200000 cmp=com.android.launcher/com.android.launcher2.Launcher} from pid 148
I/BarnacleService( 1415): log: WIFI: driver loaded
D/barnacle( 1795): WIFI: Could not set freq: Invalid argument
D/barnacle( 1795): WIFI: Could not set freq: Invalid argument
D/barnacle( 1795): WIFI: WLEXT assoc
I/BarnacleService( 1415): log: Running...
W/myBarnacleApp( 1415): processStarted
D/dalvikvm(  219): GC_CONCURRENT freed 379K, 9% free 10482K/11463K, paused 2ms+6ms
W/InputManagerService(  148): Starting input on non-focused client com.android.internal.view.IInputMethodClient$Stub$Proxy@414c6090 (uid=10065 pid=1415)
W/ActivityManager(  148): Activity destroy timeout for ActivityRecord{413caf58 edu.mit.csail.diplomamatrix/.StatusActivity}
D/AudioHardware(   81): AudioHardware pcm playback is going to standby.
D/AudioHardware(   81): closePcmOut_l() mPcmOpenCnt: 1
I/dalvikvm(  343): Jit: resizing JitTable from 4096 to 8192
I/GTalkService/c(  456): [AndroidEndpoint@1094639968] connect: acct=1000000, state=CONNECTING
I/ActivityManager(  148): START {act=android.intent.action.MAIN cat=[android.intent.category.LAUNCHER] flg=0x10200000 cmp=edu.mit.csail.diplomamatrix/.StatusActivity bnds=[120,556][240,706]} from pid 343
D/AudioHardware(   81): AudioHardware pcm playback is exiting standby.
D/AudioHardware(   81): openPcmOut_l() mPcmOpenCnt: 0
D/dalvikvm(  148): GC_FOR_ALLOC freed 567K, 10% free 12643K/14023K, paused 45ms
D/dalvikvm( 1797): Late-enabling CheckJNI
I/ActivityManager(  148): Start proc edu.mit.csail.diplomamatrix for activity edu.mit.csail.diplomamatrix/.StatusActivity: pid=1797 uid=10067 gids={1006, 1015, 3003}
I/dalvikvm( 1797): Turning on JNI app bug workarounds for target SDK version 4...
I/StatusActivity( 1797): 1333620274588: *** Opened log file for writing ***
I/StatusActivity( 1797): 1333620274589: Android build: Nexus S
I/StatusActivity( 1797): 1333620274590: NET_NAME set to: wlan0
I/StatusActivity( 1797): 1333620274590: starting Mux with id = -1
I/StatusActivity( 1797): 1333620274591: areButtonsEnabled --> true
I/StatusActivity( 1797): 1333620274594: *** Application started ***
I/StatusActivity( 1797): 1333620274594: HI I'm in ONRESUME()
I/StatusActivity( 1797): 1333620274596: SAMPLING_DISTANCE : 1, SAMPLING_DURATION : 1000
I/Mux.java( 1797): run() beginning -------------
D/Mux     ( 1797): Mux started
I/StatusActivity( 1797): 1333620274609: ************ GPS turned OFF *************
I/NetworkThread( 1797): Initial socket buffer sizes: 110592 receive, 110592 send
I/NetworkThread( 1797): Set socket buffer sizes to: 221184 receive, 221184 send
I/NetworkThread( 1797): started, local IP address:/192.168.5.15
I/Mux.java's nodeId is( 1797): 5015
I/Mux     ( 1797): starting vncDaemon ........
I/VCoreDaemon( 1797): 1333620274628: Started VCoreDaemon with parameters maxRx = 6 , maxRY= 1, minLongitude = -7110102 , minLatitude = 4236349, regionWidth =17
D/OpenGLRenderer(  343): Flushing caches (mode 1)
I/Mux     ( 1797): vncDaemon started
I/VCoreDaemon.java( 1797): onStart() about to stateTransition.........................................................................
I/VCoreDaemon( 1797): 1333620274640: started, mId = 5015
I/VCoreDaemon.java( 1797): inside stateTransition ......................................................................................
I/..... VCoreDaemon.java( 1797): out of bounds
I/VCoreDaemon( 1797): 1333620274641: region (-1, -1) out of bounds, dormant
I/..... VCoreDaemon.java( 1797): ends xxxxxxxxxxxxxxxxxxxxxxxxxxxxxxxxxxxxxxxxxxx
V/PhoneStatusBar(  219): setLightsOn(true)
D/OpenGLRenderer(  343): Flushing caches (mode 0)
I/CameraSurfaceView( 1797): inside surfaceCreated()
I/CameraSurfaceView( 1797): opening Camera.open()
I/CameraService(   81): Opening camera 0
I/CameraHardwareSec(   81): int android::HAL_camera_device_open(const hw_module_t*, const char*, hw_device_t**): open camera 0
E/SecCamera(   81): initCamera: m_cam_fd(31), m_jpeg_fd(0)
I/SecCamera(   81): Name of input channel[0] is S5K4ECGX
E/SecCamera(   81): initCamera: m_cam_fd2(32)
I/SecCamera(   81): Name of input channel[0] is S5K4ECGX
I/SecCamera(   81): initCamera : initialized
I/SecCamera(   81): Name of input channel[0] is S5K4ECGX
I/CameraHardwareSec(   81): int android::HAL_camera_device_open(const hw_module_t*, const char*, hw_device_t**): opened camera 0 (0xabc2f0)
I/CameraHardwareSec(   81): int android::CameraHardwareSec::previewThreadWrapper(): starting
I/CameraHardwareSec(   81): int android::CameraHardwareSec::previewThreadWrapper(): calling mSecCamera->stopPreview() and waiting
W/SecCamera(   81): int android::SecCamera::stopPreview(): doing nothing because m_flag_camera_start is zero
I/AwesomePlayer(   81): setDataSource_l('/system/media/audio/ui/camera_click.ogg')
I/AwesomePlayer(   81): setDataSource_l('/system/media/audio/ui/VideoRecord.ogg')
I/CameraSurfaceView( 1797): opened camera
I/CameraSurfaceView( 1797): inside on surfaceChanged()
D/dalvikvm(  456): GC_CONCURRENT freed 444K, 6% free 9985K/10567K, paused 8ms+8ms
D/CameraHardwareSec(   81): mPreviewHeap(fd(31), size(518400), width(720), height(480))
I/CameraHardwareSec(   81): int android::CameraHardwareSec::previewThreadWrapper(): return from wait
I/ActivityManager(  148): Displayed edu.mit.csail.diplomamatrix/.StatusActivity: +1s365ms (total +17s808ms)
D/ConnectivityService(  148): handleInetConditionHoldEnd: net=0, condition=100, published condition=0
D/dalvikvm( 1797): GC_CONCURRENT freed 138K, 3% free 9329K/9543K, paused 5ms+14ms
D/dalvikvm(  293): GC_CONCURRENT freed 421K, 5% free 10469K/11015K, paused 11ms+2ms
D/AudioHardware(   81): AudioHardware pcm playback is going to standby.
D/AudioHardware(   81): closePcmOut_l() mPcmOpenCnt: 1
D/dalvikvm(  314): GC_CONCURRENT freed 437K, 6% free 9503K/10055K, paused 26ms+2ms
W/NetworkStats(  148): dropping UID delta from unknown iface: iface=wlan0 uid=0 set=DEFAULT tag=0x0 rxBytes=0 rxPackets=0 txBytes=384 txPackets=6 operations=0
I/VCoreDaemon( 1797): 1333620280673: moving from region (-1,-1), to (2,0)
I/VCoreDaemon.java( 1797): inside stateTransition ......................................................................................
I/..... VCoreDaemon.java( 1797): targetState = JOINING
I/VCoreDaemon( 1797): 1333620280674: sending LEADER_REQUEST
I/VCoreDaemon( 1797): 1333620280674: inside sendPacket(Packet p)
I/..... VCoreDaemon.java( 1797): ends xxxxxxxxxxxxxxxxxxxxxxxxxxxxxxxxxxxxxxxxxxx
I/NetworkThread( 1797): 1333620280702: Sending UDP payload: 406
D/AudioHardware(   81): AudioHardware pcm playback is exiting standby.
D/AudioHardware(   81): openPcmOut_l() mPcmOpenCnt: 0
I/VCoreDaemon( 1797): 1333620280975: sending LEADER_REQUEST
I/VCoreDaemon( 1797): 1333620280976: inside sendPacket(Packet p)
I/NetworkThread( 1797): 1333620281009: Sending UDP payload: 406
I/VCoreDaemon( 1797): 1333620281277: sending LEADER_REQUEST
I/VCoreDaemon( 1797): 1333620281278: inside sendPacket(Packet p)
I/NetworkThread( 1797): 1333620281285: Sending UDP payload: 406
I/NetworkThread( 1797): 1333620281370: Received UDP payload: 10236
I/VCoreDaemon( 1797): 1333620281402: heard LEADER_REPLY from 5001
I/VCoreDaemon.java( 1797): inside stateTransition ......................................................................................
I/..... VCoreDaemon.java( 1797): targetState = NONLEADER
I/VCoreDaemon( 1797): 1333620281403: now NONLEADER (id=5015) following LEADER (id=5001) in (2,0)
I/..... VCoreDaemon.java( 1797): ends xxxxxxxxxxxxxxxxxxxxxxxxxxxxxxxxxxxxxxxxxxx
I/NetworkThread( 1797): 1333620281479: Received UDP payload: 10236
I/NetworkThread( 1797): 1333620281581: Received UDP payload: 10236
D/AudioHardware(   81): AudioHardware pcm playback is going to standby.
D/AudioHardware(   81): closePcmOut_l() mPcmOpenCnt: 1
I/StatusActivity( 1797): 1333620287463: canPressButton = TRUE
I/StatusActivity( 1797): 1333620287474: areButtonsEnabled --> false
I/StatusActivity( 1797): 1333620287478: disabling buttons ...
I/StatusActivity( 1797): Inside disableButtonsR
I/StatusActivity( 1797): areButtonsEnabled --> false
I/StatusActivity( 1797): 1333620287491: ** Clicked take picture button **
I/CameraSurfaceView( 1797): inside getCamera()
I/CameraHardwareSec(   81): int android::CameraHardwareSec::previewThreadWrapper(): calling mSecCamera->stopPreview() and waiting
D/AudioHardware(   81): AudioHardware pcm playback is exiting standby.
D/AudioHardware(   81): openPcmOut_l() mPcmOpenCnt: 0
I/SecCamera(   81): int android::fimc_v4l2_querybuf(int, android::fimc_buffer*, v4l2_buf_type) :
I/SecCamera(   81): int android::fimc_v4l2_querybuf(int, android::fimc_buffer*, v4l2_buf_type): buffer->start = 0x43db5000 v4l2_buf.length = 4261248
I/CameraHardwareSec(   81): == Camera Sensor Detect S5K4ECGX - Samsung LSI SOC 5M ==
D/JpegEncoder(   81): encode E
D/JpegEncoder(   81): encode X
D/SecCamera(   81): Shutter speed=24987 us, iso=100
D/SecCamera(   81): AV=3, TV=5, SV=5
D/JpegEncoder(   81): makeExif E
D/JpegEncoder(   81): makeExif X
I/SecCamera(   81): int android::SecCamera::endSnapshot() :
I/SecCamera(   81): munmap():virt. addr 0x43db5000 size = 4261248
D/dalvikvm( 1797): GC_FOR_ALLOC freed 155K, 4% free 9554K/9863K, paused 16ms
I/dalvikvm-heap( 1797): Grow heap (frag case) to 10.327MB for 970786-byte allocation
D/dalvikvm( 1797): GC_CONCURRENT freed 2K, 3% free 10499K/10823K, paused 1ms+2ms
I/StatusActivity( 1797): 1333620288170: inside HandlePictureStorage onPictureTaken()
D/CameraHardwareSec(   81): mPreviewHeap(fd(31), size(518400), width(720), height(480))
I/CameraHardwareSec(   81): int android::CameraHardwareSec::previewThreadWrapper(): return from wait
I/StatusActivity( 1797): 1333620288545: Picture successfully taken, ORIG BYTE LENGTH = 970770
D/dalvikvm( 1797): GC_FOR_ALLOC freed 1K, 3% free 10500K/10823K, paused 59ms
I/dalvikvm-heap( 1797): Grow heap (frag case) to 29.075MB for 19660816-byte allocation
D/dalvikvm( 1797): GC_CONCURRENT freed 0K, 2% free 29700K/30087K, paused 1ms+7ms
I/StatusActivity( 1797): 1333620289516: Our new height x width: 240 x 320
I/StatusActivity( 1797): 1333620289517: Show photo from handle my camera take
I/StatusActivity( 1797): 1333620289517: client making photo packet to send to leader for it to save
I/StatusActivity( 1797): 1333620289544: BYTE SIZE AFTER COMPRESSION: 3580
I/StatusActivity( 1797): 1333620289548: about to send my pic
I/StatusActivity( 1797): 1333620289549: I'm a nonleader sending my new photo packet to my leader
I/VCoreDaemon( 1797): 1333620289549: inside sendPacket(Packet p)
I/NetworkThread( 1797): 1333620289551: Sending UDP payload: 4187
I/StatusActivity( 1797): 1333620289562: end of client send picture method
I/NetworkThread( 1797): 1333620289745: Received UDP payload: 4551
I/Mux     ( 1797): 1333620289779: GOT CSM_Msg
I/NetworkThread( 1797): 1333620289840: Received UDP payload: 949
I/Mux     ( 1797): 1333620289866: GOT CSM_Msg
I/NetworkThread( 1797): 1333620289869: Received UDP payload: 602
I/Mux     ( 1797): 1333620289873: Inside mux Packet.SERVER_REPLY
I/Mux     ( 1797): 1333620289873: I have the photo requester id = 5015 about to display photo or receive upload ack
I/StatusActivity( 1797): 1333620289873: inside Packet.CLIENT_UPLOAD_PHOTO_ACK
I/StatusActivity( 1797): 1333620289874: nonleader upload new photo latency = 324
I/StatusActivity( 1797): 1333620289875: = nonleader upload start 1333620289549 ~ stop 1333620289873
I/StatusActivity( 1797): 1333620289876: SUCCESS! Client now knows saving photo on its leader succeeded
I/StatusActivity( 1797): Inside _enableButtons
I/StatusActivity( 1797): areButtonsEnabled --> true
W/InputManagerService(  148): Window already focused, ignoring focus gain of: com.android.internal.view.IInputMethodClient$Stub$Proxy@4177b740
D/AudioHardware(   81): AudioHardware pcm playback is going to standby.
D/AudioHardware(   81): closePcmOut_l() mPcmOpenCnt: 1
I/StatusActivity( 1797): 1333620292448: canPressButton = TRUE
I/StatusActivity( 1797): 1333620292464: areButtonsEnabled --> false
I/StatusActivity( 1797): 1333620292469: disabling buttons ...
I/StatusActivity( 1797): Inside disableButtonsR
I/StatusActivity( 1797): areButtonsEnabled --> false
D/AudioHardware(   81): AudioHardware pcm playback is exiting standby.
D/AudioHardware(   81): openPcmOut_l() mPcmOpenCnt: 0
I/StatusActivity( 1797): 1333620292501: ** Clicked take picture button **
I/CameraSurfaceView( 1797): inside getCamera()
I/CameraHardwareSec(   81): int android::CameraHardwareSec::previewThreadWrapper(): calling mSecCamera->stopPreview() and waiting
I/SecCamera(   81): int android::fimc_v4l2_querybuf(int, android::fimc_buffer*, v4l2_buf_type) :
I/SecCamera(   81): int android::fimc_v4l2_querybuf(int, android::fimc_buffer*, v4l2_buf_type): buffer->start = 0x43d3c000 v4l2_buf.length = 4261248
I/CameraHardwareSec(   81): == Camera Sensor Detect S5K4ECGX - Samsung LSI SOC 5M ==
D/JpegEncoder(   81): encode E
D/JpegEncoder(   81): encode X
D/SecCamera(   81): Shutter speed=41647 us, iso=100
D/SecCamera(   81): AV=3, TV=5, SV=5
D/JpegEncoder(   81): makeExif E
D/JpegEncoder(   81): makeExif X
I/StatusActivity( 1797): 1333620293095: inside HandlePictureStorage onPictureTaken()
D/CameraHardwareSec(   81): Waiting for picture thread to complete.
I/SecCamera(   81): int android::SecCamera::endSnapshot() :
I/SecCamera(   81): munmap():virt. addr 0x43d3c000 size = 4261248
D/CameraHardwareSec(   81): mPreviewHeap(fd(31), size(518400), width(720), height(480))
I/CameraHardwareSec(   81): int android::CameraHardwareSec::previewThreadWrapper(): return from wait
I/StatusActivity( 1797): 1333620293511: Picture successfully taken, ORIG BYTE LENGTH = 1107412
D/dalvikvm( 1797): GC_FOR_ALLOC freed 20347K, 66% free 10967K/31495K, paused 64ms
I/dalvikvm-heap( 1797): Grow heap (frag case) to 29.531MB for 19660816-byte allocation
D/dalvikvm( 1797): GC_CONCURRENT freed 8K, 5% free 30158K/31495K, paused 1ms+9ms
I/StatusActivity( 1797): 1333620294365: Our new height x width: 240 x 320
I/StatusActivity( 1797): 1333620294365: Show photo from handle my camera take
I/StatusActivity( 1797): 1333620294366: client making photo packet to send to leader for it to save
I/StatusActivity( 1797): 1333620294377: BYTE SIZE AFTER COMPRESSION: 4003
I/StatusActivity( 1797): 1333620294378: about to send my pic
I/StatusActivity( 1797): 1333620294379: I'm a nonleader sending my new photo packet to my leader
I/VCoreDaemon( 1797): 1333620294379: inside sendPacket(Packet p)
I/NetworkThread( 1797): 1333620294380: Sending UDP payload: 4610
I/StatusActivity( 1797): 1333620294381: end of client send picture method
I/NetworkThread( 1797): 1333620294557: Received UDP payload: 4974
I/Mux     ( 1797): 1333620294598: GOT CSM_Msg
I/NetworkThread( 1797): 1333620294628: Received UDP payload: 949
I/Mux     ( 1797): 1333620294651: GOT CSM_Msg
I/NetworkThread( 1797): 1333620294657: Received UDP payload: 602
I/Mux     ( 1797): 1333620294664: Inside mux Packet.SERVER_REPLY
I/Mux     ( 1797): 1333620294664: I have the photo requester id = 5015 about to display photo or receive upload ack
I/StatusActivity( 1797): 1333620294664: inside Packet.CLIENT_UPLOAD_PHOTO_ACK
I/StatusActivity( 1797): 1333620294665: nonleader upload new photo latency = 285
I/StatusActivity( 1797): 1333620294665: = nonleader upload start 1333620294379 ~ stop 1333620294664
I/StatusActivity( 1797): 1333620294667: SUCCESS! Client now knows saving photo on its leader succeeded
I/StatusActivity( 1797): Inside _enableButtons
I/StatusActivity( 1797): areButtonsEnabled --> true
W/InputManagerService(  148): Window already focused, ignoring focus gain of: com.android.internal.view.IInputMethodClient$Stub$Proxy@41687830
W/Smack/Packet(  456): notify conn break (IOEx), close connection
D/AudioHardware(   81): AudioHardware pcm playback is going to standby.
D/AudioHardware(   81): closePcmOut_l() mPcmOpenCnt: 1
I/NetworkThread( 1797): 1333620296964: Received UDP payload: 406
I/StatusActivity( 1797): 1333620297149: canPressButton = TRUE
I/StatusActivity( 1797): 1333620297149: areButtonsEnabled --> false
I/StatusActivity( 1797): 1333620297149: disabling buttons ...
I/StatusActivity( 1797): Inside disableButtonsR
I/StatusActivity( 1797): areButtonsEnabled --> false
I/StatusActivity( 1797): 1333620297164: ** Clicked take picture button **
I/CameraSurfaceView( 1797): inside getCamera()
D/AudioHardware(   81): AudioHardware pcm playback is exiting standby.
D/AudioHardware(   81): openPcmOut_l() mPcmOpenCnt: 0
I/CameraHardwareSec(   81): int android::CameraHardwareSec::previewThreadWrapper(): calling mSecCamera->stopPreview() and waiting
I/SecCamera(   81): int android::fimc_v4l2_querybuf(int, android::fimc_buffer*, v4l2_buf_type) :
I/SecCamera(   81): int android::fimc_v4l2_querybuf(int, android::fimc_buffer*, v4l2_buf_type): buffer->start = 0x43dd4000 v4l2_buf.length = 4261248
I/CameraHardwareSec(   81): == Camera Sensor Detect S5K4ECGX - Samsung LSI SOC 5M ==
D/JpegEncoder(   81): encode E
D/JpegEncoder(   81): encode X
D/SecCamera(   81): Shutter speed=59977 us, iso=100
D/SecCamera(   81): AV=3, TV=4, SV=5
D/JpegEncoder(   81): makeExif E
D/JpegEncoder(   81): makeExif X
I/SecCamera(   81): int android::SecCamera::endSnapshot() :
I/SecCamera(   81): munmap():virt. addr 0x43dd4000 size = 4261248
D/dalvikvm( 1797): GC_FOR_ALLOC freed 20758K, 69% free 9891K/31495K, paused 23ms
I/dalvikvm-heap( 1797): Grow heap (frag case) to 10.666MB for 980656-byte allocation
D/dalvikvm( 1797): GC_CONCURRENT freed 9K, 66% free 10839K/31495K, paused 2ms+3ms
I/StatusActivity( 1797): 1333620297905: inside HandlePictureStorage onPictureTaken()
D/ConnectivityService(  148): handleInetConditionHoldEnd: net=0, condition=0, published condition=100
D/CameraHardwareSec(   81): mPreviewHeap(fd(31), size(518400), width(720), height(480))
I/CameraHardwareSec(   81): int android::CameraHardwareSec::previewThreadWrapper(): return from wait
I/StatusActivity( 1797): 1333620298414: Picture successfully taken, ORIG BYTE LENGTH = 980640
D/dalvikvm( 1797): GC_FOR_ALLOC freed 1K, 66% free 10839K/31495K, paused 66ms
I/dalvikvm-heap( 1797): Grow heap (frag case) to 29.406MB for 19660816-byte allocation
D/dalvikvm( 1797): GC_CONCURRENT freed 0K, 5% free 30039K/31495K, paused 2ms+7ms
I/StatusActivity( 1797): 1333620299334: Our new height x width: 240 x 320
I/StatusActivity( 1797): 1333620299334: Show photo from handle my camera take
I/StatusActivity( 1797): 1333620299334: client making photo packet to send to leader for it to save
I/StatusActivity( 1797): 1333620299348: BYTE SIZE AFTER COMPRESSION: 3095
I/StatusActivity( 1797): 1333620299349: about to send my pic
I/StatusActivity( 1797): 1333620299349: I'm a nonleader sending my new photo packet to my leader
I/VCoreDaemon( 1797): 1333620299359: inside sendPacket(Packet p)
I/NetworkThread( 1797): 1333620299360: Sending UDP payload: 3702
I/StatusActivity( 1797): 1333620299362: end of client send picture method
I/NetworkThread( 1797): 1333620299450: Received UDP payload: 4066
I/Mux     ( 1797): 1333620299459: GOT CSM_Msg
I/NetworkThread( 1797): 1333620299478: Received UDP payload: 949
I/Mux     ( 1797): 1333620299486: GOT CSM_Msg
I/NetworkThread( 1797): 1333620299492: Received UDP payload: 602
I/Mux     ( 1797): 1333620299495: Inside mux Packet.SERVER_REPLY
I/Mux     ( 1797): 1333620299495: I have the photo requester id = 5015 about to display photo or receive upload ack
I/StatusActivity( 1797): 1333620299497: inside Packet.CLIENT_UPLOAD_PHOTO_ACK
I/StatusActivity( 1797): 1333620299497: nonleader upload new photo latency = 138
I/StatusActivity( 1797): 1333620299497: = nonleader upload start 1333620299359 ~ stop 1333620299497
I/StatusActivity( 1797): 1333620299498: SUCCESS! Client now knows saving photo on its leader succeeded
I/StatusActivity( 1797): Inside _enableButtons
I/StatusActivity( 1797): areButtonsEnabled --> true
W/InputManagerService(  148): Window already focused, ignoring focus gain of: com.android.internal.view.IInputMethodClient$Stub$Proxy@41758780
W/NetworkStats(  148): dropping UID delta from unknown iface: iface=wlan0 uid=10067 set=FOREGROUND tag=0x0 rxBytes=63607 rxPackets=19 txBytes=13885 txPackets=6 operations=0
D/dalvikvm(  148): GC_CONCURRENT freed 763K, 10% free 12697K/14023K, paused 3ms+25ms
D/AudioHardware(   81): AudioHardware pcm playback is going to standby.
D/AudioHardware(   81): closePcmOut_l() mPcmOpenCnt: 1
D/dalvikvm(  148): GC_EXPLICIT freed 197K, 11% free 12581K/14023K, paused 10ms+4ms
I/StatusActivity( 1797): 1333620302299: canPressButton = TRUE
I/StatusActivity( 1797): 1333620302413: areButtonsEnabled --> false
I/StatusActivity( 1797): 1333620302413: disabling buttons ...
I/StatusActivity( 1797): Inside disableButtonsR
I/StatusActivity( 1797): areButtonsEnabled --> false
I/StatusActivity( 1797): 1333620302418: ** Clicked take picture button **
I/CameraSurfaceView( 1797): inside getCamera()
I/CameraHardwareSec(   81): int android::CameraHardwareSec::previewThreadWrapper(): calling mSecCamera->stopPreview() and waiting
D/AudioHardware(   81): AudioHardware pcm playback is exiting standby.
D/AudioHardware(   81): openPcmOut_l() mPcmOpenCnt: 0
I/SecCamera(   81): int android::fimc_v4l2_querybuf(int, android::fimc_buffer*, v4l2_buf_type) :
I/SecCamera(   81): int android::fimc_v4l2_querybuf(int, android::fimc_buffer*, v4l2_buf_type): buffer->start = 0x43d98000 v4l2_buf.length = 4261248
I/CameraHardwareSec(   81): == Camera Sensor Detect S5K4ECGX - Samsung LSI SOC 5M ==
D/JpegEncoder(   81): encode E
D/JpegEncoder(   81): encode X
D/SecCamera(   81): Shutter speed=69980 us, iso=100
D/SecCamera(   81): AV=3, TV=4, SV=5
D/JpegEncoder(   81): makeExif E
D/JpegEncoder(   81): makeExif X
I/SecCamera(   81): int android::SecCamera::endSnapshot() :
I/SecCamera(   81): munmap():virt. addr 0x43d98000 size = 4261248
D/dalvikvm( 1797): GC_FOR_ALLOC freed 20617K, 69% free 9895K/31495K, paused 22ms
I/dalvikvm-heap( 1797): Grow heap (frag case) to 10.821MB for 1138975-byte allocation
D/dalvikvm( 1797): GC_CONCURRENT freed 11K, 66% free 10996K/31495K, paused 1ms+3ms
I/StatusActivity( 1797): 1333620303135: inside HandlePictureStorage onPictureTaken()
D/CameraHardwareSec(   81): mPreviewHeap(fd(31), size(518400), width(720), height(480))
I/CameraHardwareSec(   81): int android::CameraHardwareSec::previewThreadWrapper(): return from wait
I/StatusActivity( 1797): 1333620303636: Picture successfully taken, ORIG BYTE LENGTH = 1138959
D/dalvikvm( 1797): GC_FOR_ALLOC freed 1K, 66% free 10996K/31495K, paused 58ms
I/dalvikvm-heap( 1797): Forcing collection of SoftReferences for 19660816-byte allocation
D/dalvikvm( 1797): GC_BEFORE_OOM freed 9K, 66% free 10986K/31495K, paused 30ms
E/dalvikvm-heap( 1797): Out of memory on a 19660816-byte allocation.
I/dalvikvm( 1797): "main" prio=5 tid=1 RUNNABLE
I/dalvikvm( 1797):   | group="main" sCount=0 dsCount=0 obj=0x40a39460 self=0xb6a828
I/dalvikvm( 1797):   | sysTid=1797 nice=0 sched=0/0 cgrp=default handle=1075016840
I/dalvikvm( 1797):   | schedstat=( 0 0 0 ) utm=253 stm=23 core=0
I/dalvikvm( 1797):   at android.graphics.BitmapFactory.nativeDecodeByteArray(Native Method)
I/dalvikvm( 1797):   at android.graphics.BitmapFactory.decodeByteArray(BitmapFactory.java:424)
I/dalvikvm( 1797):   at android.graphics.BitmapFactory.decodeByteArray(BitmapFactory.java:441)
I/dalvikvm( 1797):   at edu.mit.csail.diplomamatrix.StatusActivity$HandlePictureStorage.onPictureTaken(StatusActivity.java:686)
I/dalvikvm( 1797):   at android.hardware.Camera$EventHandler.handleMessage(Camera.java:687)
I/dalvikvm( 1797):   at android.os.Handler.dispatchMessage(Handler.java:99)
I/dalvikvm( 1797):   at android.os.Looper.loop(Looper.java:137)
I/dalvikvm( 1797):   at android.app.ActivityThread.main(ActivityThread.java:4424)
I/dalvikvm( 1797):   at java.lang.reflect.Method.invokeNative(Native Method)
I/dalvikvm( 1797):   at java.lang.reflect.Method.invoke(Method.java:511)
I/dalvikvm( 1797):   at com.android.internal.os.ZygoteInit$MethodAndArgsCaller.run(ZygoteInit.java:784)
I/dalvikvm( 1797):   at com.android.internal.os.ZygoteInit.main(ZygoteInit.java:551)
I/dalvikvm( 1797):   at dalvik.system.NativeStart.main(Native Method)
I/dalvikvm( 1797): 
D/skia    ( 1797): --- decoder->decode returned false
D/AndroidRuntime( 1797): Shutting down VM
W/dalvikvm( 1797): threadid=1: thread exiting with uncaught exception (group=0x40a381f8)
E/AndroidRuntime( 1797): FATAL EXCEPTION: main
E/AndroidRuntime( 1797): java.lang.OutOfMemoryError
E/AndroidRuntime( 1797): 	at android.graphics.BitmapFactory.nativeDecodeByteArray(Native Method)
E/AndroidRuntime( 1797): 	at android.graphics.BitmapFactory.decodeByteArray(BitmapFactory.java:424)
E/AndroidRuntime( 1797): 	at android.graphics.BitmapFactory.decodeByteArray(BitmapFactory.java:441)
E/AndroidRuntime( 1797): 	at edu.mit.csail.diplomamatrix.StatusActivity$HandlePictureStorage.onPictureTaken(StatusActivity.java:686)
E/AndroidRuntime( 1797): 	at android.hardware.Camera$EventHandler.handleMessage(Camera.java:687)
E/AndroidRuntime( 1797): 	at android.os.Handler.dispatchMessage(Handler.java:99)
E/AndroidRuntime( 1797): 	at android.os.Looper.loop(Looper.java:137)
E/AndroidRuntime( 1797): 	at android.app.ActivityThread.main(ActivityThread.java:4424)
E/AndroidRuntime( 1797): 	at java.lang.reflect.Method.invokeNative(Native Method)
E/AndroidRuntime( 1797): 	at java.lang.reflect.Method.invoke(Method.java:511)
E/AndroidRuntime( 1797): 	at com.android.internal.os.ZygoteInit$MethodAndArgsCaller.run(ZygoteInit.java:784)
E/AndroidRuntime( 1797): 	at com.android.internal.os.ZygoteInit.main(ZygoteInit.java:551)
E/AndroidRuntime( 1797): 	at dalvik.system.NativeStart.main(Native Method)
W/ActivityManager(  148):   Force finishing activity edu.mit.csail.diplomamatrix/.StatusActivity
W/ActivityManager(  148): Activity pause timeout for ActivityRecord{416c2bb8 edu.mit.csail.diplomamatrix/.StatusActivity}
I/NetworkThread( 1797): 1333620304491: Received UDP payload: 406
I/GTalkService/c(  456): [AndroidEndpoint@1094639968] connect: acct=1000000, state=CONNECTING
D/AudioHardware(   81): AudioHardware pcm playback is going to standby.
D/AudioHardware(   81): closePcmOut_l() mPcmOpenCnt: 1
I/Process ( 1797): Sending signal. PID: 1797 SIG: 9
D/AudioHardware(   81): AudioHardware pcm playback is exiting standby.
D/AudioHardware(   81): openPcmOut_l() mPcmOpenCnt: 0
I/LatinIME(  293): InputType.TYPE_NULL is specified
W/LatinIME(  293): Unexpected input class: inputType=0x00000000 imeOptions=0x00000000
I/WindowManager(  148): WIN DEATH: Window{416b1fb8 edu.mit.csail.diplomamatrix/edu.mit.csail.diplomamatrix.StatusActivity paused=false}
W/WindowManager(  148): Force-removing child win Window{41597da8 SurfaceView paused=false} from container Window{416b1fb8 edu.mit.csail.diplomamatrix/edu.mit.csail.diplomamatrix.StatusActivity paused=false}
I/ActivityManager(  148): Process edu.mit.csail.diplomamatrix (pid 1797) has died.
W/GpsLocationProvider(  148): Unneeded remove listener for uid 1000
I/WindowManager(  148): WIN DEATH: Window{416ba2c0 edu.mit.csail.diplomamatrix/edu.mit.csail.diplomamatrix.StatusActivity paused=false}
I/WindowManager(  148): WIN DEATH: Window{41568bf8 Toast paused=false}
W/WindowManager(  148): Failed looking up window
W/WindowManager(  148): java.lang.IllegalArgumentException: Requested window android.os.BinderProxy@41690d20 does not exist
W/WindowManager(  148): 	at com.android.server.wm.WindowManagerService.windowForClientLocked(WindowManagerService.java:7156)
W/WindowManager(  148): 	at com.android.server.wm.WindowManagerService.windowForClientLocked(WindowManagerService.java:7147)
W/WindowManager(  148): 	at com.android.server.wm.WindowState$DeathRecipient.binderDied(WindowState.java:1529)
W/WindowManager(  148): 	at android.os.BinderProxy.sendDeathNotice(Binder.java:417)
W/WindowManager(  148): 	at dalvik.system.NativeStart.run(Native Method)
I/WindowManager(  148): WIN DEATH: null
E/SurfaceTexture(   78): [SurfaceView] dequeueBuffer: SurfaceTexture has been abandoned!
E/CameraHardwareSec(   81): Could not dequeue gralloc buffer!
I/CameraHardwareSec(   81): int android::CameraHardwareSec::previewThreadWrapper(): calling mSecCamera->stopPreview() and waiting
I/CameraHardwareSec(   81): int android::CameraHardwareSec::previewThreadWrapper(): return from wait
I/CameraHardwareSec(   81): int android::CameraHardwareSec::previewThreadWrapper(): exiting
W/SecCamera(   81): int android::SecCamera::stopPreview(): doing nothing because m_flag_camera_start is zero
W/SecCamera(   81): int android::SecCamera::stopRecord(): doing nothing because m_flag_record_start is zero
I/SecCamera(   81): DeinitCamera: m_cam_fd(31)
I/SecCamera(   81): DeinitCamera: m_cam_fd2(32)
E/CameraHardwareSec(   81): preview window is NULL!
I/CameraService(   81): Destroying camera 0
I/CameraHardwareSec(   81): int android::HAL_camera_device_close(hw_device_t*)
I/SecCamera(   81): DeinitCamera : already deinitialized
W/AudioFlinger(   81): session id 53 not found for pid 81
W/AudioFlinger(   81): session id 54 not found for pid 81
D/ConnectivityService(  148): handleInetConditionHoldEnd: net=0, condition=100, published condition=0
I/ActivityManager(  148): START {act=android.intent.action.MAIN cat=[android.intent.category.LAUNCHER] flg=0x10200000 cmp=edu.mit.csail.diplomamatrix/.StatusActivity bnds=[120,556][240,706]} from pid 343
D/dalvikvm( 1848): Late-enabling CheckJNI
