I/BarnacleService( 1090): log: hq. :D:D:D:D in state == STATE STARTING and no proccess and checkuplink :D:D:D
I/BarnacleService( 1090): log: Data network is ready
I/BarnacleService( 1090): log: .ini file prepared
I/BarnacleService( 1090): log: hq. :):):):):) :D:D:D:D:D:D about to startProcess()
I/BarnacleService( 1090): log: hq==============
I/BarnacleService( 1090): BarnacleService: startProcess()
I/BarnacleService( 1090): log: hq     pb = new ProcessBuilder
I/BarnacleService( 1090): log: hq     ./File_SCRIPT
I/BarnacleService( 1090): log: hq     pb.start()
I/BarnacleService( 1090): log: hq     new Thread 0 OUTPUT
I/BarnacleService( 1090): log: hq     new Thread 1 ERROR
I/BarnacleService( 1090): log: hq     threads 0 start
I/BarnacleService( 1090): log: hq     threads 1 start
I/BarnacleService( 1090): log: hq. MSG_NETSCHANGE. about to get getWifiState
I/BarnacleService( 1090): log: hq. BarnacleServiceNETSCHANGE: 1 1 proc
E/BarnacleService( 1090): NETSCHANGE: 1 1 proc
I/BarnacleService( 1090): log: hq. wifiState 1 =? WifiManager.WIFI_STATE_DISABLED = 1
I/BarnacleService( 1090): log: hq. INSIDE :) wifi state disabled
I/BarnacleService( 1090): log: ( (state = 1) ?== (STATE_STARTING = 1) ) && ( (process = proc_is_not_null) ?== null ... && checkUplink:
I/BarnacleService( 1090): log: now waiting, becaus  either state != STATE_STARTING or process != null
D/su      ( 1165): 10065 net.szym.barnacle executing 0 /data/data/net.szym.barnacle/files/run using shell /system/bin/sh : sh
E/ActivityManager(  148): Activity Manager Crash
E/ActivityManager(  148): java.lang.IllegalArgumentException: Unknown URI type: 7
E/ActivityManager(  148): 	at android.net.Uri$1.createFromParcel(Uri.java:1734)
E/ActivityManager(  148): 	at android.net.Uri$1.createFromParcel(Uri.java:1723)
E/ActivityManager(  148): 	at android.content.Intent.readFromParcel(Intent.java:6131)
E/ActivityManager(  148): 	at android.content.Intent.<init>(Intent.java:6126)
E/ActivityManager(  148): 	at android.content.Intent.readFromParcel(Intent.java:6153)
E/ActivityManager(  148): 	at android.content.Intent.<init>(Intent.java:6126)
E/ActivityManager(  148): 	at android.content.Intent$1.createFromParcel(Intent.java:6117)
E/ActivityManager(  148): 	at android.content.Intent$1.createFromParcel(Intent.java:6115)
E/ActivityManager(  148): 	at android.app.ActivityManagerNative.onTransact(ActivityManagerNative.java:298)
E/ActivityManager(  148): 	at com.android.server.am.ActivityManagerService.onTransact(ActivityManagerService.java:1545)
E/ActivityManager(  148): 	at android.os.Binder.execTransact(Binder.java:338)
E/ActivityManager(  148): 	at dalvik.system.NativeStart.run(Native Method)
I/BarnacleService( 1090): log: hq. MSG_NETSCHANGE. about to get getWifiState
I/BarnacleService( 1090): log: hq. BarnacleServiceNETSCHANGE: 1 1 proc
E/BarnacleService( 1090): NETSCHANGE: 1 1 proc
I/BarnacleService( 1090): log: hq. wifiState 1 =? WifiManager.WIFI_STATE_DISABLED = 1
I/BarnacleService( 1090): log: hq. INSIDE :) wifi state disabled
I/BarnacleService( 1090): log: ( (state = 1) ?== (STATE_STARTING = 1) ) && ( (process = proc_is_not_null) ?== null ... && checkUplink:
I/BarnacleService( 1090): log: now waiting, becaus  either state != STATE_STARTING or process != null
D/dalvikvm(  219): GC_CONCURRENT freed 370K, 8% free 10612K/11463K, paused 6ms+2ms
D/barnacle( 1183): WIFI: Could not set freq: Invalid argument
D/barnacle( 1183): WIFI: Could not set freq: Invalid argument
D/barnacle( 1183): WIFI: WLEXT assoc
W/Netd    (   75): No subsystem found in netlink event
D/NetlinkEvent(   75): Unexpected netlink message. type=0x11
I/BarnacleService( 1090): Process exited with status: 0
I/System  ( 1090): Failed to destroy process 1165
I/System  ( 1090): libcore.io.ErrnoException: kill failed: ESRCH (No such process)
I/System  ( 1090): 	at libcore.io.Posix.kill(Native Method)
I/System  ( 1090): 	at libcore.io.ForwardingOs.kill(ForwardingOs.java:77)
I/System  ( 1090): 	at java.lang.ProcessManager$ProcessImpl.destroy(ProcessManager.java:257)
I/System  ( 1090): 	at net.szym.barnacle.BarnacleService.stopProcess(BarnacleService.java:584)
I/System  ( 1090): 	at net.szym.barnacle.BarnacleService.handle(BarnacleService.java:364)
I/System  ( 1090): 	at net.szym.barnacle.BarnacleService.access$1(BarnacleService.java:211)
I/System  ( 1090): 	at net.szym.barnacle.BarnacleService$2.handleMessage(BarnacleService.java:208)
I/System  ( 1090): 	at android.os.Handler.dispatchMessage(Handler.java:99)
I/System  ( 1090): 	at android.os.Looper.loop(Looper.java:137)
I/System  ( 1090): 	at android.app.ActivityThread.main(ActivityThread.java:4424)
I/System  ( 1090): 	at java.lang.reflect.Method.invokeNative(Native Method)
I/System  ( 1090): 	at java.lang.reflect.Method.invoke(Method.java:511)
I/System  ( 1090): 	at com.android.internal.os.ZygoteInit$MethodAndArgsCaller.run(ZygoteInit.java:784)
I/System  ( 1090): 	at com.android.internal.os.ZygoteInit.main(ZygoteInit.java:551)
I/System  ( 1090): 	at dalvik.system.NativeStart.main(Native Method)
I/BarnacleService( 1090): log: Stopped
W/myBarnacleApp( 1090): processStopped
D/dalvikvm( 1090): GC_CONCURRENT freed 436K, 6% free 9419K/9991K, paused 2ms+3ms
W/myBarnacleApp( 1090): processStopped
D/AudioHardware(   81): AudioHardware pcm playback is going to standby.
D/AudioHardware(   81): closePcmOut_l() mPcmOpenCnt: 1
D/AndroidRuntime( 1188): 
D/AndroidRuntime( 1188): >>>>>> AndroidRuntime START com.android.internal.os.RuntimeInit <<<<<<
D/AndroidRuntime( 1188): CheckJNI is OFF
D/AndroidRuntime( 1188): Calling main entry com.android.commands.pm.Pm
I/ActivityManager(  148): Start proc com.android.defcontainer for service com.android.defcontainer/.DefaultContainerService: pid=1198 uid=10012 gids={1015, 2001}
D/dalvikvm(   79): GC_EXPLICIT freed 37K, 4% free 9028K/9347K, paused 2ms+2ms
D/dalvikvm(   79): GC_EXPLICIT freed <1K, 4% free 9028K/9347K, paused 2ms+6ms
D/dalvikvm(   79): GC_EXPLICIT freed <1K, 4% free 9028K/9347K, paused 1ms+2ms
D/dalvikvm(  148): GC_EXPLICIT freed 1364K, 12% free 12354K/14023K, paused 2ms+10ms
W/ActivityManager(  148): No content provider found for permission revoke: file:///data/local/tmp/DIPLOMAMatrix.apk
W/ActivityManager(  148): No content provider found for permission revoke: file:///data/local/tmp/DIPLOMAMatrix.apk
I/PackageManager(  148): Removing non-system package:edu.mit.csail.diplomamatrix
I/ActivityManager(  148): Force stopping package edu.mit.csail.diplomamatrix uid=10067
I/PackageManager(  148): Running dexopt on: edu.mit.csail.diplomamatrix
I/PackageManager(  148): Package edu.mit.csail.diplomamatrix codePath changed from /data/app/edu.mit.csail.diplomamatrix-1.apk to /data/app/edu.mit.csail.diplomamatrix-2.apk; Retaining data and using new
D/dalvikvm( 1211): DexOpt: load 19ms, verify+opt 148ms
I/ActivityManager(  148): Force stopping package edu.mit.csail.diplomamatrix uid=10067
W/PackageManager(  148): Code path for pkg : edu.mit.csail.diplomamatrix changing from /data/app/edu.mit.csail.diplomamatrix-1.apk to /data/app/edu.mit.csail.diplomamatrix-2.apk
W/PackageManager(  148): Resource path for pkg : edu.mit.csail.diplomamatrix changing from /data/app/edu.mit.csail.diplomamatrix-1.apk to /data/app/edu.mit.csail.diplomamatrix-2.apk
D/PackageManager(  148): New package installed in /data/app/edu.mit.csail.diplomamatrix-2.apk
D/dalvikvm(  148): GC_CONCURRENT freed 647K, 12% free 12423K/14023K, paused 9ms+4ms
I/ActivityManager(  148): Force stopping package edu.mit.csail.diplomamatrix uid=10067
I/RegisteredComponentCache(  330): ComponentInfo: ResolveInfo{413530e0 com.android.apps.tag.TagViewer p=0 o=0 m=0x108000}, techs: android.nfc.tech.Ndef, 
D/PackageManager(  148): generateServicesMap(android.accounts.AccountAuthenticator): 3 services unchanged
D/dalvikvm(  398): GC_EXPLICIT freed 213K, 5% free 9356K/9799K, paused 2ms+3ms
D/PackageManager(  148): generateServicesMap(android.content.SyncAdapter): 14 services unchanged
D/BackupManagerService(  148): Received broadcast Intent { act=android.intent.action.PACKAGE_REMOVED dat=package:edu.mit.csail.diplomamatrix flg=0x10000010 (has extras) }
I/ActivityManager(  148): Start proc com.google.android.gallery3d for broadcast com.google.android.gallery3d/com.android.gallery3d.app.PackagesMonitor: pid=1212 uid=10017 gids={3003, 1015}
D/dalvikvm(  343): GC_EXPLICIT freed 823K, 13% free 12119K/13831K, paused 2ms+27ms
D/PackageManager(  148): generateServicesMap(android.accounts.AccountAuthenticator): 3 services unchanged
I/RegisteredComponentCache(  330): ComponentInfo: ResolveInfo{41354598 com.android.apps.tag.TagViewer p=0 o=0 m=0x108000}, techs: android.nfc.tech.Ndef, 
D/PackageManager(  148): generateServicesMap(android.content.SyncAdapter): 14 services unchanged
I/ActivityThread( 1212): Pub com.google.android.gallery3d.GooglePhotoProvider: com.google.android.picasasync.PicasaContentProvider
D/BackupManagerService(  148): Received broadcast Intent { act=android.intent.action.PACKAGE_ADDED dat=package:edu.mit.csail.diplomamatrix flg=0x10000010 (has extras) }
V/BackupManagerService(  148): updatePackageParticipantsLocked: edu.mit.csail.diplomamatrix
D/dalvikvm( 1212): GC_CONCURRENT freed 420K, 6% free 9113K/9607K, paused 1ms+1ms
I/ActivityThread( 1212): Pub com.google.android.gallery3d.provider: com.android.gallery3d.provider.GalleryProvider
I/Launcher(  343): setLoadOnResume
D/dalvikvm( 1212): GC_CONCURRENT freed 462K, 6% free 9185K/9735K, paused 2ms+2ms
I/ActivityManager(  148): Start proc com.android.keychain for broadcast com.android.keychain/.KeyChainBroadcastReceiver: pid=1225 uid=1000 gids={1015, 3002, 3001, 3003, 3007}
I/ActivityManager(  148): No longer want com.google.android.deskclock (pid 540): hidden #16
D/BackupManagerService(  148): Received broadcast Intent { act=android.intent.action.PACKAGE_REPLACED dat=package:edu.mit.csail.diplomamatrix flg=0x10000010 (has extras) }
V/BackupManagerService(  148): updatePackageParticipantsLocked: edu.mit.csail.diplomamatrix
I/ActivityManager(  148): Start proc com.android.musicfx for broadcast com.android.musicfx/.Compatibility$Receiver: pid=1237 uid=10038 gids={3003, 3002}
D/dalvikvm(  148): GC_EXPLICIT freed 674K, 11% free 12602K/14023K, paused 3ms+11ms
I/ActivityManager(  148): No longer want com.google.android.apps.maps:FriendService (pid 680): hidden #16
I/ActivityManager(  148): Start proc com.android.voicedialer for broadcast com.android.voicedialer/.VoiceDialerReceiver: pid=1251 uid=10055 gids={3002}
I/ActivityManager(  148): Start proc com.noshufou.android.su for broadcast com.noshufou.android.su/.UninstallReceiver: pid=1263 uid=10060 gids={3003, 1015}
I/ActivityManager(  148): No longer want com.google.android.talk (pid 753): hidden #16
I/dalvikvm( 1263): Turning on JNI app bug workarounds for target SDK version 11...
I/ActivityThread( 1263): Pub com.noshufou.android.su.provider: com.noshufou.android.su.provider.PermissionsProvider
I/ActivityManager(  148): Start proc com.android.vending for broadcast com.android.vending/com.google.android.finsky.receivers.PersistentPackageMonitorReceiver: pid=1276 uid=10043 gids={3003, 1015}
I/ActivityManager(  148): No longer want com.google.android.apps.maps:LocationFriendService (pid 898): hidden #16
I/ActivityThread( 1276): Pub com.google.android.finsky.RecentSuggestionsProvider: com.google.android.finsky.providers.RecentSuggestionsProvider
D/dalvikvm( 1276): GC_CONCURRENT freed 243K, 4% free 9290K/9607K, paused 2ms+2ms
D/Finsky  ( 1276): [1] SanityChecker.run: # LocalAssets corrected : 0
D/Finsky  ( 1276): Sanity check took : 20 ms
I/ActivityManager(  148): No longer want com.google.android.calendar (pid 945): hidden #16
I/ActivityManager(  148): Start proc com.google.android.partnersetup for broadcast com.google.android.partnersetup/.RlzPingBroadcastReceiver: pid=1303 uid=10022 gids={3003}
I/ActivityManager(  148): No longer want com.android.providers.calendar (pid 910): hidden #16
I/ActivityThread( 1303): Pub com.google.android.partnersetup.rlzprovider: com.google.android.partnersetup.RlzProvider
I/ActivityThread( 1303): Pub com.google.android.partnersetup.rlzappprovider: com.google.android.partnersetup.RlzAppProvider
D/AndroidRuntime( 1188): Shutting down VM
D/dalvikvm( 1188): GC_CONCURRENT freed 100K, 83% free 456K/2560K, paused 1ms+4ms
D/jdwp    ( 1188): Got wake-up signal, bailing out of select
D/dalvikvm( 1188): Debugger has detached; object registry had 1 entries
I/AndroidRuntime( 1188): NOTE: attach of thread 'Binder Thread #3' failed
D/Finsky  ( 1276): [172] DownloadRecords.initializeAndPrune: Pruned 0 old downloads from the cursor.
I/ActivityManager(  148): Start proc com.google.android.apps.maps:FriendService for broadcast com.google.android.apps.maps/com.google.googlenav.friend.android.ServiceReceiver: pid=1317 uid=10032 gids={3003, 1015}
I/ActivityManager(  148): No longer want com.google.android.email (pid 1010): hidden #16
I/dalvikvm( 1317): Turning on JNI app bug workarounds for target SDK version 13...
D/dalvikvm( 1317): GC_CONCURRENT freed 170K, 3% free 9363K/9607K, paused 2ms+2ms
I/ActivityManager(  148): Start proc com.google.android.googlequicksearchbox for broadcast com.google.android.googlequicksearchbox/.SourceUpdateReceiver: pid=1336 uid=10023 gids={3003}
I/ActivityManager(  148): No longer want com.google.android.music:main (pid 929): hidden #16
I/ActivityThread( 1336): Pub com.google.android.googlequicksearchbox.shortcuts: com.google.android.googlequicksearchbox.WebHistoryProvider
I/ActivityThread( 1336): Pub com.google.android.googlequicksearchbox.google: com.google.android.googlequicksearchbox.google.GoogleSuggestionProvider
I/ActivityManager(  148): Start proc com.google.android.apps.maps:LocationFriendService for broadcast com.google.android.apps.maps/com.google.googlenav.friend.reporting.LocationReportingIntentReceiver: pid=1349 uid=10032 gids={3003, 1015}
I/ActivityManager(  148): No longer want com.android.settings (pid 836): hidden #16
I/dalvikvm( 1349): Turning on JNI app bug workarounds for target SDK version 13...
D/AndroidRuntime( 1334): 
D/AndroidRuntime( 1334): >>>>>> AndroidRuntime START com.android.internal.os.RuntimeInit <<<<<<
D/AndroidRuntime( 1334): CheckJNI is OFF
D/dalvikvm( 1349): GC_CONCURRENT freed 175K, 3% free 9358K/9607K, paused 2ms+3ms
I/ActivityManager(  148): No longer want com.googlecode.android.wifi.tether (pid 1106): hidden #16
D/AndroidRuntime( 1334): Calling main entry com.android.commands.am.Am
I/ActivityManager(  148): START {act=android.intent.action.MAIN cat=[android.intent.category.LAUNCHER] flg=0x10000000 cmp=edu.mit.csail.diplomamatrix/.StatusActivity} from pid 1334
W/Smack/Packet(  456): notify conn break (IOEx), close connection
D/AndroidRuntime( 1334): Shutting down VM
D/dalvikvm( 1334): GC_CONCURRENT freed 102K, 81% free 486K/2560K, paused 0ms+1ms
D/jdwp    ( 1334): Got wake-up signal, bailing out of select
D/dalvikvm( 1334): Debugger has detached; object registry had 1 entries
I/AndroidRuntime( 1334): NOTE: attach of thread 'Binder Thread #3' failed
D/dalvikvm( 1374): Late-enabling CheckJNI
I/ActivityManager(  148): Start proc edu.mit.csail.diplomamatrix for activity edu.mit.csail.diplomamatrix/.StatusActivity: pid=1374 uid=10067 gids={1006, 1015, 3003}
I/dalvikvm( 1374): Turning on JNI app bug workarounds for target SDK version 4...
D/dalvikvm(   79): GC_EXPLICIT freed 37K, 4% free 9028K/9347K, paused 3ms+14ms
D/dalvikvm(   79): GC_EXPLICIT freed <1K, 4% free 9028K/9347K, paused 1ms+2ms
D/dalvikvm(   79): GC_EXPLICIT freed <1K, 4% free 9028K/9347K, paused 2ms+2ms
I/StatusActivity( 1374): 1333619961573: *** Opened log file for writing ***
I/StatusActivity( 1374): 1333619961575: Android build: Nexus S
I/StatusActivity( 1374): 1333619961575: NET_NAME set to: wlan0
I/StatusActivity( 1374): 1333619961578: starting Mux with id = -1
I/StatusActivity( 1374): 1333619961579: areButtonsEnabled --> true
I/StatusActivity( 1374): 1333619961581: *** Application started ***
I/StatusActivity( 1374): 1333619961581: HI I'm in ONRESUME()
I/StatusActivity( 1374): 1333619961584: SAMPLING_DISTANCE : 1, SAMPLING_DURATION : 1000
I/Mux.java( 1374): run() beginning -------------
D/Mux     ( 1374): Mux started
E/NetworkThread( 1374): can't determine local IP address: java.lang.NullPointerException
W/dalvikvm( 1374): threadid=11: thread exiting with uncaught exception (group=0x40a381f8)
I/StatusActivity( 1374): 1333619961591: ************ GPS turned OFF *************
E/AndroidRuntime( 1374): FATAL EXCEPTION: Thread-174
E/AndroidRuntime( 1374): java.lang.NullPointerException
E/AndroidRuntime( 1374): 	at edu.mit.csail.diplomamatrix.NetworkThread.closeSocket(NetworkThread.java:100)
E/AndroidRuntime( 1374): 	at edu.mit.csail.diplomamatrix.NetworkThread.<init>(NetworkThread.java:69)
E/AndroidRuntime( 1374): 	at edu.mit.csail.diplomamatrix.Mux.onStart(Mux.java:153)
E/AndroidRuntime( 1374): 	at edu.mit.csail.diplomamatrix.Mux.run(Mux.java:249)
W/ActivityManager(  148):   Force finishing activity edu.mit.csail.diplomamatrix/.StatusActivity
W/ActivityManager(  148):   Force finishing activity net.szym.barnacle/.StatusActivity
I/CameraSurfaceView( 1374): inside surfaceCreated()
I/CameraSurfaceView( 1374): opening Camera.open()
I/CameraService(   81): Opening camera 0
I/CameraHardwareSec(   81): int android::HAL_camera_device_open(const hw_module_t*, const char*, hw_device_t**): open camera 0
E/SecCamera(   81): initCamera: m_cam_fd(29), m_jpeg_fd(0)
I/SecCamera(   81): Name of input channel[0] is S5K4ECGX
E/SecCamera(   81): initCamera: m_cam_fd2(30)
I/SecCamera(   81): Name of input channel[0] is S5K4ECGX
I/SecCamera(   81): initCamera : initialized
I/SecCamera(   81): Name of input channel[0] is S5K4ECGX
I/CameraHardwareSec(   81): int android::HAL_camera_device_open(const hw_module_t*, const char*, hw_device_t**): opened camera 0 (0xabc2f0)
I/CameraHardwareSec(   81): int android::CameraHardwareSec::previewThreadWrapper(): starting
I/CameraHardwareSec(   81): int android::CameraHardwareSec::previewThreadWrapper(): calling mSecCamera->stopPreview() and waiting
W/SecCamera(   81): int android::SecCamera::stopPreview(): doing nothing because m_flag_camera_start is zero
I/AwesomePlayer(   81): setDataSource_l('/system/media/audio/ui/camera_click.ogg')
I/AwesomePlayer(   81): setDataSource_l('/system/media/audio/ui/VideoRecord.ogg')
I/CameraSurfaceView( 1374): opened camera
I/CameraSurfaceView( 1374): inside on surfaceChanged()
D/dalvikvm( 1317): GC_CONCURRENT freed 130K, 3% free 9724K/9991K, paused 2ms+634ms
W/ActivityManager(  148): Activity pause timeout for ActivityRecord{4179abd8 edu.mit.csail.diplomamatrix/.StatusActivity}
I/ActivityManager(  148): No longer want com.google.android.apps.uploader (pid 966): hidden #16
I/ActivityManager(  148): No longer want net.szym.barnacle (pid 1090): hidden #16
I/WindowManager(  148): WIN DEATH: Window{41759e88 net.szym.barnacle/net.szym.barnacle.StatusActivity paused=true}
D/CameraHardwareSec(   81): mPreviewHeap(fd(29), size(518400), width(720), height(480))
I/CameraHardwareSec(   81): int android::CameraHardwareSec::previewThreadWrapper(): return from wait
I/CameraSurfaceView( 1374): inside surfaceDestroyed()
I/CameraHardwareSec(   81): int android::CameraHardwareSec::previewThreadWrapper(): calling mSecCamera->stopPreview() and waiting
I/CameraSurfaceView( 1374): inside surfaceDestroyed()
I/CameraHardwareSec(   81): void android::CameraHardwareSec::stopPreviewInternal() : preview not running, doing nothing
I/CameraHardwareSec(   81): int android::CameraHardwareSec::previewThreadWrapper(): return from wait
I/CameraHardwareSec(   81): int android::CameraHardwareSec::previewThreadWrapper(): exiting
W/SecCamera(   81): int android::SecCamera::stopPreview(): doing nothing because m_flag_camera_start is zero
W/SecCamera(   81): int android::SecCamera::stopRecord(): doing nothing because m_flag_record_start is zero
I/SecCamera(   81): DeinitCamera: m_cam_fd(29)
I/SecCamera(   81): DeinitCamera: m_cam_fd2(30)
E/CameraHardwareSec(   81): preview window is NULL!
I/CameraService(   81): Destroying camera 0
I/CameraHardwareSec(   81): int android::HAL_camera_device_close(hw_device_t*)
I/SecCamera(   81): DeinitCamera : already deinitialized
W/AudioFlinger(   81): session id 8 not found for pid 81
W/AudioFlinger(   81): session id 9 not found for pid 81
I/CameraSurfaceView( 1374): inside surfaceCreated()
I/CameraSurfaceView( 1374): opening Camera.open()
I/CameraService(   81): Opening camera 0
I/CameraHardwareSec(   81): int android::HAL_camera_device_open(const hw_module_t*, const char*, hw_device_t**): open camera 0
E/SecCamera(   81): initCamera: m_cam_fd(29), m_jpeg_fd(0)
I/SecCamera(   81): Name of input channel[0] is S5K4ECGX
E/SecCamera(   81): initCamera: m_cam_fd2(30)
I/SecCamera(   81): Name of input channel[0] is S5K4ECGX
I/SecCamera(   81): initCamera : initialized
I/SecCamera(   81): Name of input channel[0] is S5K4ECGX
I/CameraHardwareSec(   81): int android::HAL_camera_device_open(const hw_module_t*, const char*, hw_device_t**): opened camera 0 (0xabc2f0)
I/AwesomePlayer(   81): setDataSource_l('/system/media/audio/ui/camera_click.ogg')
I/CameraHardwareSec(   81): int android::CameraHardwareSec::previewThreadWrapper(): starting
I/CameraHardwareSec(   81): int android::CameraHardwareSec::previewThreadWrapper(): calling mSecCamera->stopPreview() and waiting
W/SecCamera(   81): int android::SecCamera::stopPreview(): doing nothing because m_flag_camera_start is zero
I/AwesomePlayer(   81): setDataSource_l('/system/media/audio/ui/VideoRecord.ogg')
I/CameraSurfaceView( 1374): opened camera
D/Camera  ( 1374): app passed NULL surface
I/StatusActivity( 1374): 1333619962879: HI I'm in ONPAUSE()
I/StatusActivity( 1374): 1333619962882: inside onDestroy()
I/StatusActivity( 1374): 1333619962885: closing camera in Status Activity
I/CameraHardwareSec(   81): void android::CameraHardwareSec::stopPreviewInternal() : preview not running, doing nothing
I/CameraHardwareSec(   81): void android::CameraHardwareSec::stopPreviewInternal() : preview not running, doing nothing
I/CameraHardwareSec(   81): int android::CameraHardwareSec::previewThreadWrapper(): return from wait
I/CameraHardwareSec(   81): int android::CameraHardwareSec::previewThreadWrapper(): exiting
W/SecCamera(   81): int android::SecCamera::stopPreview(): doing nothing because m_flag_camera_start is zero
W/SecCamera(   81): int android::SecCamera::stopRecord(): doing nothing because m_flag_record_start is zero
I/SecCamera(   81): DeinitCamera: m_cam_fd(29)
I/SecCamera(   81): DeinitCamera: m_cam_fd2(30)
I/CameraService(   81): Destroying camera 0
I/CameraHardwareSec(   81): int android::HAL_camera_device_close(hw_device_t*)
I/SecCamera(   81): DeinitCamera : already deinitialized
I/StatusActivity( 1374): 1333619962890: close everything else
W/AudioFlinger(   81): session id 10 not found for pid 81
W/AudioFlinger(   81): session id 11 not found for pid 81
E/JavaBinder( 1374): Unknown binder error code. 0xfffffff7
I/Process ( 1374): Sending signal. PID: 1374 SIG: 9
E/AndroidRuntime( 1374): Error reporting crash
E/AndroidRuntime( 1374): android.os.RemoteException: Unknown binder error code. 0xfffffff7
E/AndroidRuntime( 1374): 	at android.os.BinderProxy.transact(Native Method)
E/AndroidRuntime( 1374): 	at android.app.ActivityManagerProxy.handleApplicationCrash(ActivityManagerNative.java:2867)
E/AndroidRuntime( 1374): 	at com.android.internal.os.RuntimeInit$UncaughtHandler.uncaughtException(RuntimeInit.java:72)
E/AndroidRuntime( 1374): 	at java.lang.ThreadGroup.uncaughtException(ThreadGroup.java:693)
E/AndroidRuntime( 1374): 	at java.lang.ThreadGroup.uncaughtException(ThreadGroup.java:690)
I/ActivityManager(  148): Process edu.mit.csail.diplomamatrix (pid 1374) has died.
I/WindowManager(  148): WIN DEATH: Window{417239f8 edu.mit.csail.diplomamatrix/edu.mit.csail.diplomamatrix.StatusActivity paused=false}
W/WindowManager(  148): Force-removing child win Window{416bda10 SurfaceView paused=false} from container Window{417239f8 edu.mit.csail.diplomamatrix/edu.mit.csail.diplomamatrix.StatusActivity paused=false}
W/InputManagerService(  148): Got RemoteException sending setActive(false) notification to pid 1090 uid 10065
I/ActivityManager(  148): START {act=android.intent.action.MAIN cat=[android.intent.category.LAUNCHER] flg=0x10200000 cmp=net.szym.barnacle/.StatusActivity bnds=[0,103][120,253]} from pid 343
D/AudioHardware(   81): AudioHardware pcm playback is exiting standby.
D/AudioHardware(   81): openPcmOut_l() mPcmOpenCnt: 0
D/dalvikvm(  148): GC_CONCURRENT freed 815K, 11% free 12579K/14023K, paused 4ms+5ms
D/dalvikvm( 1415): Late-enabling CheckJNI
I/ActivityManager(  148): Start proc net.szym.barnacle for activity net.szym.barnacle/.StatusActivity: pid=1415 uid=10065 gids={3003}
I/dalvikvm( 1415): Turning on JNI app bug workarounds for target SDK version 6...
D/myBarnacleApp( 1415): onCreate
I/ActivityManager(  148): Start proc com.android.settings for broadcast com.android.settings/.widget.SettingsAppWidgetProvider: pid=1431 uid=1000 gids={1015, 3002, 3001, 3003, 3007}
D/OpenGLRenderer(  343): Flushing caches (mode 1)
D/LocalBluetoothProfileManager( 1431): LocalBluetoothProfileManager construction complete
V/PhoneStatusBar(  219): setLightsOn(true)
I/ActivityManager(  148): Start proc com.googlecode.android.wifi.tether for broadcast com.googlecode.android.wifi.tether/.WifiStateChangeReceiver: pid=1444 uid=10063 gids={3003, 3001, 3002, 1015}
I/dalvikvm( 1444): Turning on JNI app bug workarounds for target SDK version 3...
I/ActivityManager(  148): Displayed net.szym.barnacle/.StatusActivity: +409ms (total +2s899ms)
D/TETHER -> TetherApplication( 1444): Calling onCreate()
D/TETHER -> TetherApplication( 1444): Current directory is /data/data/com.googlecode.android.wifi.tether
D/TETHER -> TetherApplication( 1444): Directory '/data/data/com.googlecode.android.wifi.tether/bin' already exists!
D/TETHER -> TetherApplication( 1444): Directory '/data/data/com.googlecode.android.wifi.tether/var' already exists!
D/TETHER -> TetherApplication( 1444): Directory '/data/data/com.googlecode.android.wifi.tether/conf' already exists!
D/OpenGLRenderer(  343): Flushing caches (mode 0)
I/TETHER -> NativeTask( 1444): Trying to load libwtnativetask.so
D/dalvikvm( 1444): Trying to load lib /data/data/com.googlecode.android.wifi.tether/lib/libwtnativetask.so 0x413176e8
D/dalvikvm( 1444): Added shared lib /data/data/com.googlecode.android.wifi.tether/lib/libwtnativetask.so 0x413176e8
D/dalvikvm( 1444): No JNI_OnLoad found in /data/data/com.googlecode.android.wifi.tether/lib/libwtnativetask.so 0x413176e8, skipping init
I/ActivityManager(  148): No longer want com.android.keychain (pid 1225): hidden #16
D/SoftapController(   75): Softap fwReload - Ok
D/NetworkManagementService(  148): rsp <213 00:90:4c:11:22:33 0.0.0.0 0 [down broadcast multicast]>
D/NetworkManagementService(  148): flags <[down broadcast multicast]>
D/CommandListener(   75): Setting iface cfg
D/CommandListener(   75): Trying to bring down wlan0
D/CommandListener(   75): broadcast flag ignored
D/CommandListener(   75): multicast flag ignored
W/myBarnacleApp( 1415): serviceStarted
I/BarnacleService( 1415): log: Starting...
D/dalvikvm( 1415): GC_CONCURRENT freed 170K, 3% free 9324K/9607K, paused 2ms+2ms
D/ConnectivityService(  148): handleInetConditionHoldEnd: net=0, condition=0, published condition=100
I/BarnacleService( 1415): log: hq. MSG_NETSCHANGE. about to get getWifiState
I/BarnacleService( 1415): log: hq. BarnacleServiceNETSCHANGE: 2 1 null
E/BarnacleService( 1415): NETSCHANGE: 2 1 null
I/BarnacleService( 1415): log: hq. wifiState 2 =? WifiManager.WIFI_STATE_DISABLED = 1
I/BarnacleService( 1415): log: hq. Wifi state Enabled! :( the else before STATE_STARTING
I/BarnacleService( 1415): log: hq if state == STATE_STARTING, turn off wifi
I/BarnacleService( 1415): log: Waiting until Wifi is disabled
I/BarnacleService( 1415): log: hq. MSG_NETSCHANGE. about to get getWifiState
I/BarnacleService( 1415): log: hq. BarnacleServiceNETSCHANGE: 2 1 null
E/BarnacleService( 1415): NETSCHANGE: 2 1 null
I/BarnacleService( 1415): log: hq. wifiState 2 =? WifiManager.WIFI_STATE_DISABLED = 1
I/BarnacleService( 1415): log: hq. Wifi state Enabled! :( the else before STATE_STARTING
I/BarnacleService( 1415): log: hq if state == STATE_STARTING, turn off wifi
I/BarnacleService( 1415): log: Waiting until Wifi is disabled
I/BarnacleService( 1415): log: hq. MSG_NETSCHANGE. about to get getWifiState
I/BarnacleService( 1415): log: hq. BarnacleServiceNETSCHANGE: 2 1 null
E/BarnacleService( 1415): NETSCHANGE: 2 1 null
I/BarnacleService( 1415): log: hq. wifiState 2 =? WifiManager.WIFI_STATE_DISABLED = 1
I/BarnacleService( 1415): log: hq. Wifi state Enabled! :( the else before STATE_STARTING
I/BarnacleService( 1415): log: hq if state == STATE_STARTING, turn off wifi
I/BarnacleService( 1415): log: Waiting until Wifi is disabled
W/NetworkStats(  148): dropping UID delta from unknown iface: iface=wlan0 uid=0 set=DEFAULT tag=0x0 rxBytes=0 rxPackets=0 txBytes=152 txPackets=2 operations=0
W/NetworkStats(  148): dropping UID delta from unknown iface: iface=wlan0 uid=0 set=DEFAULT tag=0x0 rxBytes=0 rxPackets=0 txBytes=64 txPackets=1 operations=0
I/BarnacleService( 1415): log: hq. MSG_NETSCHANGE. about to get getWifiState
I/BarnacleService( 1415): log: hq. BarnacleServiceNETSCHANGE: 3 1 null
E/BarnacleService( 1415): NETSCHANGE: 3 1 null
I/BarnacleService( 1415): log: hq. wifiState 3 =? WifiManager.WIFI_STATE_DISABLED = 1
I/BarnacleService( 1415): log: hq. Wifi state Enabled! :( the else before STATE_STARTING
I/BarnacleService( 1415): log: hq if state == STATE_STARTING, turn off wifi
I/wpa_supplicant( 1464): CTRL-EVENT-TERMINATING - signal 0 received
I/wpa_supplicant( 1464): CTRL-EVENT-STATE-CHANGE id=-1 state=0 BSSID=00:00:00:00:00:00
D/CommandListener(   75): Clearing all IP addresses on wlan0
I/BarnacleService( 1415): log: Waiting until Wifi is disabled
I/BarnacleService( 1415): log: hq. MSG_NETSCHANGE. about to get getWifiState
I/BarnacleService( 1415): log: hq. BarnacleServiceNETSCHANGE: 0 1 null
E/BarnacleService( 1415): NETSCHANGE: 0 1 null
I/BarnacleService( 1415): log: hq. wifiState 0 =? WifiManager.WIFI_STATE_DISABLED = 1
I/BarnacleService( 1415): log: hq. Wifi state Enabled! :( the else before STATE_STARTING
I/BarnacleService( 1415): log: hq if state == STATE_STARTING, turn off wifi
I/ActivityManager(  148): START {act=android.intent.action.MAIN cat=[android.intent.category.HOME] flg=0x10200000 cmp=com.android.launcher/com.android.launcher2.Launcher} from pid 148
W/Netd    (   75): No subsystem found in netlink event
D/NetlinkEvent(   75): Unexpected netlink message. type=0x11
W/InputManagerService(  148): Starting input on non-focused client com.android.internal.view.IInputMethodClient$Stub$Proxy@414c6090 (uid=10065 pid=1415)
I/BarnacleService( 1415): log: hq. MSG_NETSCHANGE. about to get getWifiState
I/BarnacleService( 1415): log: hq. BarnacleServiceNETSCHANGE: 1 1 null
E/BarnacleService( 1415): NETSCHANGE: 1 1 null
I/BarnacleService( 1415): log: hq. wifiState 1 =? WifiManager.WIFI_STATE_DISABLED = 1
I/BarnacleService( 1415): log: hq. INSIDE :) wifi state disabled
I/BarnacleService( 1415): log: ( (state = 1) ?== (STATE_STARTING = 1) ) && ( (process = proc_is_null) ?== null ... && checkUplink:
I/BarnacleService( 1415): log: hq. :D:D:D:D in state == STATE STARTING and no proccess and checkuplink :D:D:D
I/BarnacleService( 1415): log: Data network is ready
I/BarnacleService( 1415): log: .ini file prepared
I/BarnacleService( 1415): log: hq. :):):):):) :D:D:D:D:D:D about to startProcess()
I/BarnacleService( 1415): log: hq==============
I/BarnacleService( 1415): BarnacleService: startProcess()
I/BarnacleService( 1415): log: hq     pb = new ProcessBuilder
I/BarnacleService( 1415): log: hq     ./File_SCRIPT
I/BarnacleService( 1415): log: hq     pb.start()
I/BarnacleService( 1415): log: hq     new Thread 0 OUTPUT
I/BarnacleService( 1415): log: hq     new Thread 1 ERROR
I/BarnacleService( 1415): log: hq     threads 0 start
I/BarnacleService( 1415): log: hq     threads 1 start
D/su      ( 1474): 10065 net.szym.barnacle executing 0 /data/data/net.szym.barnacle/files/run using shell /system/bin/sh : sh
E/ActivityManager(  148): Activity Manager Crash
E/ActivityManager(  148): java.lang.IllegalArgumentException: Unknown URI type: 7
E/ActivityManager(  148): 	at android.net.Uri$1.createFromParcel(Uri.java:1734)
E/ActivityManager(  148): 	at android.net.Uri$1.createFromParcel(Uri.java:1723)
E/ActivityManager(  148): 	at android.content.Intent.readFromParcel(Intent.java:6131)
E/ActivityManager(  148): 	at android.content.Intent.<init>(Intent.java:6126)
E/ActivityManager(  148): 	at android.content.Intent.readFromParcel(Intent.java:6153)
E/ActivityManager(  148): 	at android.content.Intent.<init>(Intent.java:6126)
E/ActivityManager(  148): 	at android.content.Intent$1.createFromParcel(Intent.java:6117)
E/ActivityManager(  148): 	at android.content.Intent$1.createFromParcel(Intent.java:6115)
E/ActivityManager(  148): 	at android.app.ActivityManagerNative.onTransact(ActivityManagerNative.java:298)
E/ActivityManager(  148): 	at com.android.server.am.ActivityManagerService.onTransact(ActivityManagerService.java:1545)
E/ActivityManager(  148): 	at android.os.Binder.execTransact(Binder.java:338)
E/ActivityManager(  148): 	at dalvik.system.NativeStart.run(Native Method)
D/dalvikvm(  148): GC_CONCURRENT freed 652K, 10% free 12718K/14023K, paused 5ms+26ms
D/AudioHardware(   81): AudioHardware pcm playback is going to standby.
D/AudioHardware(   81): closePcmOut_l() mPcmOpenCnt: 1
I/ActivityManager(  148): No longer want com.google.android.gallery3d (pid 1212): hidden #16
I/BarnacleService( 1415): log: WIFI: driver loaded
D/barnacle( 1491): WIFI: Could not set freq: Invalid argument
D/barnacle( 1491): WIFI: Could not set freq: Invalid argument
D/barnacle( 1491): WIFI: WLEXT assoc
I/BarnacleService( 1415): log: Running...
W/myBarnacleApp( 1415): processStarted
D/dalvikvm(  219): GC_FOR_ALLOC freed 305K, 7% free 10671K/11463K, paused 22ms
D/dalvikvm(  219): GC_CONCURRENT freed 323K, 7% free 10772K/11463K, paused 2ms+3ms
D/dalvikvm(  219): GC_FOR_ALLOC freed 235K, 8% free 10656K/11463K, paused 20ms
D/AndroidRuntime( 1494): 
D/AndroidRuntime( 1494): >>>>>> AndroidRuntime START com.android.internal.os.RuntimeInit <<<<<<
D/AndroidRuntime( 1494): CheckJNI is OFF
D/AndroidRuntime( 1494): Calling main entry com.android.commands.pm.Pm
D/AndroidRuntime( 1494): Shutting down VM
D/dalvikvm( 1494): GC_CONCURRENT freed 101K, 82% free 464K/2560K, paused 0ms+0ms
D/dalvikvm( 1494): Debugger has detached; object registry had 1 entries
I/AndroidRuntime( 1494): NOTE: attach of thread 'Binder Thread #3' failed
W/ActivityManager(  148): Activity destroy timeout for ActivityRecord{4169b010 net.szym.barnacle/.StatusActivity}
W/ActivityManager(  148): Activity destroy timeout for ActivityRecord{4179abd8 edu.mit.csail.diplomamatrix/.StatusActivity}
D/AndroidRuntime( 1507): 
D/AndroidRuntime( 1507): >>>>>> AndroidRuntime START com.android.internal.os.RuntimeInit <<<<<<
D/AndroidRuntime( 1507): CheckJNI is OFF
D/AndroidRuntime( 1507): Calling main entry com.android.commands.am.Am
I/ActivityManager(  148): START {act=android.intent.action.MAIN cat=[android.intent.category.LAUNCHER] flg=0x10000000 cmp=edu.mit.csail.diplomamatrix/.StatusActivity} from pid 1507
D/AndroidRuntime( 1507): Shutting down VM
D/dalvikvm( 1507): GC_CONCURRENT freed 102K, 81% free 486K/2560K, paused 0ms+1ms
D/jdwp    ( 1507): Got wake-up signal, bailing out of select
D/dalvikvm( 1507): Debugger has detached; object registry had 1 entries
I/AndroidRuntime( 1507): NOTE: attach of thread 'Binder Thread #3' failed
D/dalvikvm( 1518): Late-enabling CheckJNI
I/ActivityManager(  148): Start proc edu.mit.csail.diplomamatrix for activity edu.mit.csail.diplomamatrix/.StatusActivity: pid=1518 uid=10067 gids={1006, 1015, 3003}
I/dalvikvm( 1518): Turning on JNI app bug workarounds for target SDK version 4...
D/OpenGLRenderer(  343): Flushing caches (mode 1)
I/StatusActivity( 1518): 1333619973149: *** Opened log file for writing ***
I/StatusActivity( 1518): 1333619973149: Android build: Nexus S
I/StatusActivity( 1518): 1333619973150: NET_NAME set to: wlan0
I/StatusActivity( 1518): 1333619973150: starting Mux with id = -1
I/StatusActivity( 1518): 1333619973152: areButtonsEnabled --> true
I/StatusActivity( 1518): 1333619973156: *** Application started ***
I/StatusActivity( 1518): 1333619973156: HI I'm in ONRESUME()
I/StatusActivity( 1518): 1333619973159: SAMPLING_DISTANCE : 1, SAMPLING_DURATION : 1000
I/Mux.java( 1518): run() beginning -------------
D/Mux     ( 1518): Mux started
I/StatusActivity( 1518): 1333619973168: ************ GPS turned OFF *************
I/NetworkThread( 1518): Initial socket buffer sizes: 110592 receive, 110592 send
I/NetworkThread( 1518): Set socket buffer sizes to: 221184 receive, 221184 send
I/NetworkThread( 1518): started, local IP address:/192.168.5.1
I/Mux.java's nodeId is( 1518): 5001
I/Mux     ( 1518): starting vncDaemon ........
I/VCoreDaemon( 1518): 1333619973191: Started VCoreDaemon with parameters maxRx = 6 , maxRY= 1, minLongitude = -7110102 , minLatitude = 4236349, regionWidth =17
I/Mux     ( 1518): vncDaemon started
I/VCoreDaemon.java( 1518): onStart() about to stateTransition.........................................................................
V/PhoneStatusBar(  219): setLightsOn(true)
I/VCoreDaemon( 1518): 1333619973200: started, mId = 5001
I/VCoreDaemon.java( 1518): inside stateTransition ......................................................................................
I/..... VCoreDaemon.java( 1518): out of bounds
I/VCoreDaemon( 1518): 1333619973202: region (-1, -1) out of bounds, dormant
I/..... VCoreDaemon.java( 1518): ends xxxxxxxxxxxxxxxxxxxxxxxxxxxxxxxxxxxxxxxxxxx
D/OpenGLRenderer(  343): Flushing caches (mode 0)
I/CameraSurfaceView( 1518): inside surfaceCreated()
I/CameraSurfaceView( 1518): opening Camera.open()
I/CameraService(   81): Opening camera 0
I/CameraHardwareSec(   81): int android::HAL_camera_device_open(const hw_module_t*, const char*, hw_device_t**): open camera 0
E/SecCamera(   81): initCamera: m_cam_fd(29), m_jpeg_fd(0)
I/SecCamera(   81): Name of input channel[0] is S5K4ECGX
E/SecCamera(   81): initCamera: m_cam_fd2(30)
I/SecCamera(   81): Name of input channel[0] is S5K4ECGX
I/SecCamera(   81): initCamera : initialized
I/SecCamera(   81): Name of input channel[0] is S5K4ECGX
I/CameraHardwareSec(   81): int android::HAL_camera_device_open(const hw_module_t*, const char*, hw_device_t**): opened camera 0 (0xabc2f0)
I/AwesomePlayer(   81): setDataSource_l('/system/media/audio/ui/camera_click.ogg')
I/CameraHardwareSec(   81): int android::CameraHardwareSec::previewThreadWrapper(): starting
I/CameraHardwareSec(   81): int android::CameraHardwareSec::previewThreadWrapper(): calling mSecCamera->stopPreview() and waiting
W/SecCamera(   81): int android::SecCamera::stopPreview(): doing nothing because m_flag_camera_start is zero
I/AwesomePlayer(   81): setDataSource_l('/system/media/audio/ui/VideoRecord.ogg')
I/CameraSurfaceView( 1518): opened camera
I/CameraSurfaceView( 1518): inside on surfaceChanged()
D/CameraHardwareSec(   81): mPreviewHeap(fd(29), size(518400), width(720), height(480))
I/CameraHardwareSec(   81): int android::CameraHardwareSec::previewThreadWrapper(): return from wait
I/ActivityManager(  148): Displayed edu.mit.csail.diplomamatrix/.StatusActivity: +1s218ms
I/GTalkService/c(  456): [AndroidEndpoint@1094639968] connect: acct=1000000, state=CONNECTING
D/dalvikvm(  293): GC_CONCURRENT freed 156K, 3% free 9723K/9991K, paused 3ms+4ms
D/dalvikvm(  293): GC_FOR_ALLOC freed 214K, 4% free 9843K/10183K, paused 39ms
I/dalvikvm-heap(  293): Grow heap (frag case) to 10.231MB for 577936-byte allocation
D/dalvikvm(  293): GC_CONCURRENT freed 9K, 4% free 10398K/10759K, paused 4ms+2ms
D/ConnectivityService(  148): handleInetConditionHoldEnd: net=0, condition=100, published condition=0
D/AudioHardware(   81): AudioHardware pcm playback is exiting standby.
D/AudioHardware(   81): openPcmOut_l() mPcmOpenCnt: 0
I/VCoreDaemon( 1518): 1333619979913: moving from region (-1,-1), to (1,0)
I/VCoreDaemon.java( 1518): inside stateTransition ......................................................................................
I/..... VCoreDaemon.java( 1518): targetState = JOINING
I/VCoreDaemon( 1518): 1333619979914: sending LEADER_REQUEST
I/VCoreDaemon( 1518): 1333619979915: inside sendPacket(Packet p)
I/..... VCoreDaemon.java( 1518): ends xxxxxxxxxxxxxxxxxxxxxxxxxxxxxxxxxxxxxxxxxxx
I/NetworkThread( 1518): 1333619979950: Sending UDP payload: 406
D/dalvikvm( 1518): GC_CONCURRENT freed 170K, 3% free 9345K/9607K, paused 4ms+2ms
I/VCoreDaemon( 1518): 1333619980217: sending LEADER_REQUEST
I/VCoreDaemon( 1518): 1333619980219: inside sendPacket(Packet p)
I/NetworkThread( 1518): 1333619980239: Sending UDP payload: 406
I/VCoreDaemon( 1518): 1333619980521: sending LEADER_REQUEST
I/VCoreDaemon( 1518): 1333619980521: inside sendPacket(Packet p)
I/NetworkThread( 1518): 1333619980522: Sending UDP payload: 406
I/NetworkThread( 1518): 1333619980549: Received UDP payload: 28856
I/VCoreDaemon( 1518): 1333619980560: heard LEADER_REPLY from 5012
I/VCoreDaemon.java( 1518): inside stateTransition ......................................................................................
I/..... VCoreDaemon.java( 1518): targetState = NONLEADER
I/VCoreDaemon( 1518): 1333619980560: now NONLEADER (id=5001) following LEADER (id=5012) in (1,0)
I/..... VCoreDaemon.java( 1518): ends xxxxxxxxxxxxxxxxxxxxxxxxxxxxxxxxxxxxxxxxxxx
I/NetworkThread( 1518): 1333619980903: Received UDP payload: 29471
I/NetworkThread( 1518): 1333619981179: Received UDP payload: 28856
I/StatusActivity( 1518): 1333619982441: canPressButton = TRUE
I/StatusActivity( 1518): 1333619982442: areButtonsEnabled --> false
I/StatusActivity( 1518): 1333619982443: disabling buttons ...
I/StatusActivity( 1518): Inside disableButtonsR
I/StatusActivity( 1518): areButtonsEnabled --> false
I/StatusActivity( 1518): 1333619982464: ** Clicked take picture button **
I/CameraSurfaceView( 1518): inside getCamera()
I/CameraHardwareSec(   81): int android::CameraHardwareSec::previewThreadWrapper(): calling mSecCamera->stopPreview() and waiting
I/SecCamera(   81): int android::fimc_v4l2_querybuf(int, android::fimc_buffer*, v4l2_buf_type) :
I/SecCamera(   81): int android::fimc_v4l2_querybuf(int, android::fimc_buffer*, v4l2_buf_type): buffer->start = 0x43c98000 v4l2_buf.length = 4261248
I/CameraHardwareSec(   81): == Camera Sensor Detect S5K4ECGX - Samsung LSI SOC 5M ==
W/NetworkStats(  148): dropping UID delta from unknown iface: iface=wlan0 uid=0 set=DEFAULT tag=0x0 rxBytes=0 rxPackets=0 txBytes=384 txPackets=6 operations=0
W/NetworkStats(  148): dropping UID delta from unknown iface: iface=wlan0 uid=10067 set=FOREGROUND tag=0x0 rxBytes=88569 rxPackets=6 txBytes=1302 txPackets=3 operations=0
D/JpegEncoder(   81): encode E
D/JpegEncoder(   81): encode X
D/SecCamera(   81): Shutter speed=24987 us, iso=100
D/SecCamera(   81): AV=3, TV=5, SV=5
D/JpegEncoder(   81): makeExif E
D/JpegEncoder(   81): makeExif X
I/SecCamera(   81): int android::SecCamera::endSnapshot() :
I/SecCamera(   81): munmap():virt. addr 0x43c98000 size = 4261248
D/dalvikvm( 1518): GC_FOR_ALLOC freed 166K, 4% free 9553K/9927K, paused 17ms
I/dalvikvm-heap( 1518): Grow heap (frag case) to 10.337MB for 982234-byte allocation
D/dalvikvm( 1518): GC_CONCURRENT freed 2K, 4% free 10510K/10887K, paused 2ms+2ms
I/StatusActivity( 1518): 1333619983126: inside HandlePictureStorage onPictureTaken()
D/CameraHardwareSec(   81): mPreviewHeap(fd(29), size(518400), width(720), height(480))
I/CameraHardwareSec(   81): int android::CameraHardwareSec::previewThreadWrapper(): return from wait
I/StatusActivity( 1518): 1333619983608: Picture successfully taken, ORIG BYTE LENGTH = 982218
D/dalvikvm( 1518): GC_FOR_ALLOC freed 1K, 4% free 10511K/10887K, paused 55ms
I/dalvikvm-heap( 1518): Grow heap (frag case) to 29.085MB for 19660816-byte allocation
D/dalvikvm( 1518): GC_CONCURRENT freed 0K, 2% free 29711K/30151K, paused 14ms+11ms
I/StatusActivity( 1518): 1333619984630: Our new height x width: 240 x 320
I/StatusActivity( 1518): 1333619984631: Show photo from handle my camera take
I/StatusActivity( 1518): 1333619984632: client making photo packet to send to leader for it to save
I/StatusActivity( 1518): 1333619984645: BYTE SIZE AFTER COMPRESSION: 3341
I/StatusActivity( 1518): 1333619984661: about to send my pic
I/StatusActivity( 1518): 1333619984662: I'm a nonleader sending my new photo packet to my leader
I/VCoreDaemon( 1518): 1333619984662: inside sendPacket(Packet p)
I/NetworkThread( 1518): 1333619984664: Sending UDP payload: 3948
I/StatusActivity( 1518): 1333619984666: end of client send picture method
I/NetworkThread( 1518): 1333619984765: Received UDP payload: 4312
I/Mux     ( 1518): 1333619984796: GOT CSM_Msg
I/NetworkThread( 1518): 1333619984833: Received UDP payload: 949
I/Mux     ( 1518): 1333619984845: GOT CSM_Msg
I/NetworkThread( 1518): 1333619984864: Received UDP payload: 602
I/Mux     ( 1518): 1333619984873: Inside mux Packet.SERVER_REPLY
I/Mux     ( 1518): 1333619984873: I have the photo requester id = 5001 about to display photo or receive upload ack
I/StatusActivity( 1518): 1333619984875: inside Packet.CLIENT_UPLOAD_PHOTO_ACK
I/StatusActivity( 1518): 1333619984875: nonleader upload new photo latency = 213
I/StatusActivity( 1518): 1333619984876: = nonleader upload start 1333619984662 ~ stop 1333619984875
I/StatusActivity( 1518): 1333619984879: SUCCESS! Client now knows saving photo on its leader succeeded
I/StatusActivity( 1518): Inside _enableButtons
I/StatusActivity( 1518): areButtonsEnabled --> true
W/InputManagerService(  148): Window already focused, ignoring focus gain of: com.android.internal.view.IInputMethodClient$Stub$Proxy@41690cd8
D/AudioHardware(   81): AudioHardware pcm playback is going to standby.
D/AudioHardware(   81): closePcmOut_l() mPcmOpenCnt: 1
D/dalvikvm(  148): GC_CONCURRENT freed 939K, 11% free 12588K/14023K, paused 17ms+7ms
I/StatusActivity( 1518): 1333619988587: canPressButton = TRUE
I/StatusActivity( 1518): 1333619988590: areButtonsEnabled --> false
I/StatusActivity( 1518): 1333619988592: disabling buttons ...
I/StatusActivity( 1518): Inside disableButtonsR
I/StatusActivity( 1518): areButtonsEnabled --> false
I/StatusActivity( 1518): 1333619988614: ** Clicked take picture button **
I/CameraSurfaceView( 1518): inside getCamera()
I/CameraHardwareSec(   81): int android::CameraHardwareSec::previewThreadWrapper(): calling mSecCamera->stopPreview() and waiting
D/AudioHardware(   81): AudioHardware pcm playback is exiting standby.
D/AudioHardware(   81): openPcmOut_l() mPcmOpenCnt: 0
I/SecCamera(   81): int android::fimc_v4l2_querybuf(int, android::fimc_buffer*, v4l2_buf_type) :
I/SecCamera(   81): int android::fimc_v4l2_querybuf(int, android::fimc_buffer*, v4l2_buf_type): buffer->start = 0x43b8f000 v4l2_buf.length = 4261248
I/CameraHardwareSec(   81): == Camera Sensor Detect S5K4ECGX - Samsung LSI SOC 5M ==
D/JpegEncoder(   81): encode E
D/JpegEncoder(   81): encode X
D/SecCamera(   81): Shutter speed=24987 us, iso=50
D/SecCamera(   81): AV=3, TV=5, SV=4
D/JpegEncoder(   81): makeExif E
D/JpegEncoder(   81): makeExif X
I/StatusActivity( 1518): 1333619989362: inside HandlePictureStorage onPictureTaken()
I/SecCamera(   81): int android::SecCamera::endSnapshot() :
D/CameraHardwareSec(   81): Waiting for picture thread to complete.
I/SecCamera(   81): munmap():virt. addr 0x43b8f000 size = 4261248
D/CameraHardwareSec(   81): mPreviewHeap(fd(29), size(518400), width(720), height(480))
I/CameraHardwareSec(   81): int android::CameraHardwareSec::previewThreadWrapper(): return from wait
I/StatusActivity( 1518): 1333619989778: Picture successfully taken, ORIG BYTE LENGTH = 1199826
D/dalvikvm( 1518): GC_FOR_ALLOC freed 20362K, 66% free 11052K/31687K, paused 48ms
I/dalvikvm-heap( 1518): Grow heap (frag case) to 29.615MB for 19660816-byte allocation
D/dalvikvm( 1518): GC_CONCURRENT freed 9K, 5% free 30242K/31687K, paused 12ms+8ms
I/StatusActivity( 1518): 1333619990761: Our new height x width: 240 x 320
I/StatusActivity( 1518): 1333619990762: Show photo from handle my camera take
I/StatusActivity( 1518): 1333619990773: client making photo packet to send to leader for it to save
I/StatusActivity( 1518): 1333619990790: BYTE SIZE AFTER COMPRESSION: 4005
I/StatusActivity( 1518): 1333619990791: about to send my pic
I/StatusActivity( 1518): 1333619990792: I'm a nonleader sending my new photo packet to my leader
I/VCoreDaemon( 1518): 1333619990793: inside sendPacket(Packet p)
I/NetworkThread( 1518): 1333619990794: Sending UDP payload: 4612
I/StatusActivity( 1518): 1333619990806: end of client send picture method
I/NetworkThread( 1518): 1333619990969: Received UDP payload: 4976
I/Mux     ( 1518): 1333619991017: GOT CSM_Msg
I/NetworkThread( 1518): 1333619991021: Received UDP payload: 949
I/Mux     ( 1518): 1333619991053: GOT CSM_Msg
I/NetworkThread( 1518): 1333619991055: Received UDP payload: 602
I/Mux     ( 1518): 1333619991060: Inside mux Packet.SERVER_REPLY
I/Mux     ( 1518): 1333619991060: I have the photo requester id = 5001 about to display photo or receive upload ack
I/StatusActivity( 1518): 1333619991060: inside Packet.CLIENT_UPLOAD_PHOTO_ACK
I/StatusActivity( 1518): 1333619991061: nonleader upload new photo latency = 267
I/StatusActivity( 1518): 1333619991061: = nonleader upload start 1333619990793 ~ stop 1333619991060
I/StatusActivity( 1518): 1333619991073: SUCCESS! Client now knows saving photo on its leader succeeded
I/StatusActivity( 1518): Inside _enableButtons
I/StatusActivity( 1518): areButtonsEnabled --> true
