I/ActivityManager(  148): Start proc edu.mit.csail.diplomamatrix for activity edu.mit.csail.diplomamatrix/.StatusActivity: pid=1848 uid=10067 gids={1006, 1015, 3003}
I/dalvikvm( 1848): Turning on JNI app bug workarounds for target SDK version 4...
D/OpenGLRenderer(  343): Flushing caches (mode 1)
I/StatusActivity( 1848): 1333620309163: *** Opened log file for writing ***
I/StatusActivity( 1848): 1333620309164: Android build: Nexus S
I/StatusActivity( 1848): 1333620309165: NET_NAME set to: wlan0
I/StatusActivity( 1848): 1333620309165: starting Mux with id = -1
I/StatusActivity( 1848): 1333620309168: areButtonsEnabled --> true
I/Mux.java( 1848): run() beginning -------------
D/Mux     ( 1848): Mux started
I/NetworkThread( 1848): Initial socket buffer sizes: 110592 receive, 110592 send
I/NetworkThread( 1848): Set socket buffer sizes to: 221184 receive, 221184 send
I/NetworkThread( 1848): started, local IP address:/192.168.5.15
I/Mux.java's nodeId is( 1848): 5015
I/Mux     ( 1848): starting vncDaemon ........
I/VCoreDaemon( 1848): 1333620309176: Started VCoreDaemon with parameters maxRx = 6 , maxRY= 1, minLongitude = -7110102 , minLatitude = 4236349, regionWidth =17
I/Mux     ( 1848): vncDaemon started
I/VCoreDaemon.java( 1848): onStart() about to stateTransition.........................................................................
I/VCoreDaemon( 1848): 1333620309178: started, mId = 5015
I/VCoreDaemon.java( 1848): inside stateTransition ......................................................................................
I/..... VCoreDaemon.java( 1848): out of bounds
I/VCoreDaemon( 1848): 1333620309178: region (-1, -1) out of bounds, dormant
I/..... VCoreDaemon.java( 1848): ends xxxxxxxxxxxxxxxxxxxxxxxxxxxxxxxxxxxxxxxxxxx
I/StatusActivity( 1848): 1333620309179: *** Application started ***
I/StatusActivity( 1848): 1333620309180: HI I'm in ONRESUME()
I/StatusActivity( 1848): 1333620309181: SAMPLING_DISTANCE : 1, SAMPLING_DURATION : 1000
W/GpsLocationProvider(  148): Duplicate add listener for uid 10067
I/StatusActivity( 1848): 1333620309191: ************ GPS turned OFF *************
V/PhoneStatusBar(  219): setLightsOn(true)
D/OpenGLRenderer(  343): Flushing caches (mode 0)
I/CameraSurfaceView( 1848): inside surfaceCreated()
I/CameraSurfaceView( 1848): opening Camera.open()
I/CameraService(   81): Opening camera 0
I/CameraHardwareSec(   81): int android::HAL_camera_device_open(const hw_module_t*, const char*, hw_device_t**): open camera 0
E/SecCamera(   81): initCamera: m_cam_fd(30), m_jpeg_fd(0)
I/SecCamera(   81): Name of input channel[0] is S5K4ECGX
E/SecCamera(   81): initCamera: m_cam_fd2(31)
I/SecCamera(   81): Name of input channel[0] is S5K4ECGX
I/SecCamera(   81): initCamera : initialized
I/SecCamera(   81): Name of input channel[0] is S5K4ECGX
I/CameraHardwareSec(   81): int android::HAL_camera_device_open(const hw_module_t*, const char*, hw_device_t**): opened camera 0 (0xaba500)
I/AwesomePlayer(   81): setDataSource_l('/system/media/audio/ui/camera_click.ogg')
I/CameraHardwareSec(   81): int android::CameraHardwareSec::previewThreadWrapper(): starting
I/CameraHardwareSec(   81): int android::CameraHardwareSec::previewThreadWrapper(): calling mSecCamera->stopPreview() and waiting
W/SecCamera(   81): int android::SecCamera::stopPreview(): doing nothing because m_flag_camera_start is zero
I/AwesomePlayer(   81): setDataSource_l('/system/media/audio/ui/VideoRecord.ogg')
I/CameraSurfaceView( 1848): opened camera
I/CameraSurfaceView( 1848): inside on surfaceChanged()
D/CameraHardwareSec(   81): mPreviewHeap(fd(30), size(518400), width(720), height(480))
I/CameraHardwareSec(   81): int android::CameraHardwareSec::previewThreadWrapper(): return from wait
I/ActivityManager(  148): Displayed edu.mit.csail.diplomamatrix/.StatusActivity: +1s225ms
W/NetworkStats(  148): dropping UID delta from unknown iface: iface=wlan0 uid=10067 set=FOREGROUND tag=0x0 rxBytes=434 rxPackets=1 txBytes=0 txPackets=0 operations=0
D/dalvikvm(  148): GC_CONCURRENT freed 571K, 9% free 12883K/14023K, paused 2ms+26ms
D/AudioHardware(   81): AudioHardware pcm playback is going to standby.
D/AudioHardware(   81): closePcmOut_l() mPcmOpenCnt: 1
D/dalvikvm( 1848): GC_CONCURRENT freed 141K, 3% free 9326K/9543K, paused 4ms+43ms
I/VCoreDaemon( 1848): 1333620314332: moving from region (-1,-1), to (2,0)
I/VCoreDaemon.java( 1848): inside stateTransition ......................................................................................
I/..... VCoreDaemon.java( 1848): targetState = JOINING
I/VCoreDaemon( 1848): 1333620314337: sending LEADER_REQUEST
I/VCoreDaemon( 1848): 1333620314338: inside sendPacket(Packet p)
I/..... VCoreDaemon.java( 1848): ends xxxxxxxxxxxxxxxxxxxxxxxxxxxxxxxxxxxxxxxxxxx
D/AudioHardware(   81): AudioHardware pcm playback is exiting standby.
D/AudioHardware(   81): openPcmOut_l() mPcmOpenCnt: 0
I/NetworkThread( 1848): 1333620314392: Sending UDP payload: 406
I/NetworkThread( 1848): 1333620314555: Received UDP payload: 7732
I/VCoreDaemon( 1848): 1333620314598: heard LEADER_REPLY from 5001
I/VCoreDaemon.java( 1848): inside stateTransition ......................................................................................
I/..... VCoreDaemon.java( 1848): targetState = NONLEADER
I/VCoreDaemon( 1848): 1333620314599: now NONLEADER (id=5015) following LEADER (id=5001) in (2,0)
I/..... VCoreDaemon.java( 1848): ends xxxxxxxxxxxxxxxxxxxxxxxxxxxxxxxxxxxxxxxxxxx
W/ActivityManager(  148): Activity destroy timeout for ActivityRecord{416c2bb8 edu.mit.csail.diplomamatrix/.StatusActivity}
D/AudioHardware(   81): AudioHardware pcm playback is going to standby.
D/AudioHardware(   81): closePcmOut_l() mPcmOpenCnt: 1
I/NetworkThread( 1848): 1333620319130: Received UDP payload: 5096
I/Mux     ( 1848): 1333620319177: GOT CSM_Msg
I/NetworkThread( 1848): 1333620319180: Received UDP payload: 949
I/Mux     ( 1848): 1333620319185: GOT CSM_Msg
I/NetworkThread( 1848): 1333620324215: Received UDP payload: 4537
I/Mux     ( 1848): 1333620324267: GOT CSM_Msg
I/NetworkThread( 1848): 1333620324269: Received UDP payload: 949
I/Mux     ( 1848): 1333620324284: GOT CSM_Msg
W/Smack/Packet(  456): notify conn break (IOEx), close connection
I/NetworkThread( 1848): 1333620326968: Received UDP payload: 406
D/ConnectivityService(  148): handleInetConditionHoldEnd: net=0, condition=0, published condition=100
W/NetworkStats(  148): dropping UID delta from unknown iface: iface=wlan0 uid=10067 set=FOREGROUND tag=0x0 rxBytes=20271 rxPackets=7 txBytes=434 txPackets=1 operations=0
I/GTalkService/c(  456): [AndroidEndpoint@1094639968] connect: acct=1000000, state=CONNECTING
D/dalvikvm(  456): GC_CONCURRENT freed 459K, 6% free 9973K/10567K, paused 16ms+4ms
D/dalvikvm(  314): GC_CONCURRENT freed 427K, 6% free 9503K/10055K, paused 7ms+2ms
D/ConnectivityService(  148): handleInetConditionHoldEnd: net=0, condition=100, published condition=0
D/dalvikvm(  219): GC_CONCURRENT freed 552K, 10% free 10321K/11463K, paused 2ms+2ms
W/Smack/Packet(  456): notify conn break (IOEx), close connection
D/ConnectivityService(  148): handleInetConditionHoldEnd: net=0, condition=0, published condition=100
I/GTalkService/c(  456): [AndroidEndpoint@1094639968] connect: acct=1000000, state=CONNECTING
D/dalvikvm(  148): GC_CONCURRENT freed 1097K, 10% free 12651K/14023K, paused 4ms+4ms
D/dalvikvm(  456): GC_CONCURRENT freed 380K, 6% free 9982K/10567K, paused 8ms+3ms
D/ConnectivityService(  148): handleInetConditionHoldEnd: net=0, condition=100, published condition=0
W/Smack/Packet(  456): notify conn break (IOEx), close connection
D/ConnectivityService(  148): handleInetConditionHoldEnd: net=0, condition=0, published condition=100
D/dalvikvm(  456): GC_EXPLICIT freed 123K, 6% free 9942K/10567K, paused 31ms+3ms
I/GTalkService/c(  456): [AndroidEndpoint@1094639968] connect: acct=1000000, state=CONNECTING
D/ConnectivityService(  148): handleInetConditionHoldEnd: net=0, condition=100, published condition=0
D/dalvikvm(  314): GC_CONCURRENT freed 429K, 6% free 9502K/10055K, paused 2ms+2ms
W/Smack/Packet(  456): notify conn break (IOEx), close connection
D/ConnectivityService(  148): handleInetConditionHoldEnd: net=0, condition=0, published condition=100
D/dalvikvm(  148): GC_CONCURRENT freed 820K, 10% free 12642K/14023K, paused 3ms+5ms
I/GTalkService/c(  456): [AndroidEndpoint@1094639968] connect: acct=1000000, state=CONNECTING
D/dalvikvm(  456): GC_CONCURRENT freed 346K, 6% free 9990K/10567K, paused 2ms+2ms
D/ConnectivityService(  148): handleInetConditionHoldEnd: net=0, condition=100, published condition=0
I/VCoreDaemon.java( 1848): inside stateTransition ......................................................................................
I/..... VCoreDaemon.java( 1848): targetState = JOINING
I/..... VCoreDaemon.java( 1848): ends xxxxxxxxxxxxxxxxxxxxxxxxxxxxxxxxxxxxxxxxxxx
I/VCoreDaemon( 1848): 1333620429258: sending LEADER_REQUEST
I/VCoreDaemon( 1848): 1333620429258: inside sendPacket(Packet p)
I/NetworkThread( 1848): 1333620429274: Sending UDP payload: 406
D/dalvikvm(  148): GC_EXPLICIT freed 84K, 11% free 12612K/14023K, paused 3ms+5ms
I/VCoreDaemon( 1848): 1333620429559: sending LEADER_REQUEST
I/VCoreDaemon( 1848): 1333620429560: inside sendPacket(Packet p)
I/NetworkThread( 1848): 1333620429571: Sending UDP payload: 406
I/VCoreDaemon( 1848): 1333620429860: sending LEADER_REQUEST
I/VCoreDaemon( 1848): 1333620429861: inside sendPacket(Packet p)
I/NetworkThread( 1848): 1333620429875: Sending UDP payload: 406
W/NetworkStats(  148): dropping UID delta from unknown iface: iface=wlan0 uid=10067 set=FOREGROUND tag=0x0 rxBytes=1302 rxPackets=3 txBytes=1302 txPackets=3 operations=0
I/VCoreDaemon( 1848): 1333620430162: sending LEADER_REQUEST
I/VCoreDaemon( 1848): 1333620430165: inside sendPacket(Packet p)
I/NetworkThread( 1848): 1333620430174: Sending UDP payload: 406
I/VCoreDaemon( 1848): 1333620430258: LEADER_REQUEST timed out
I/VCoreDaemon.java( 1848): inside stateTransition ......................................................................................
I/..... VCoreDaemon.java( 1848): targetState = LEADER
W/NetworkStats(  148): dropping UID delta from unknown iface: iface=wlan0 uid=10067 set=FOREGROUND tag=0x0 rxBytes=434 rxPackets=1 txBytes=434 txPackets=1 operations=0
I/VNC:Cloud( 1848): Request executed: http://hermes5.csail.mit.edu:8212/take/2/0/5015/1333620430259/
D/dalvikvm( 1848): GC_CONCURRENT freed 332K, 5% free 9440K/9863K, paused 1ms+2ms
I/VCoreDaemon( 1848): 1333620431804: cloud accepted leadership request, returned csm bytes size 22072
I/..... VCoreDaemon.java( 1848): targetState = LEADER and create new DSMLayer !!!! :D:D:D:D:D
I/VCoreDaemon( 1848): 1333620431810: *** Starting CSM Layer ***
I/VCoreDaemon( 1848): 1333620431815: *** CSM Layer starting with cache disabled ***
I/VCoreDaemon( 1848): 1333620431816: *** CSM Layer starting with forwarding enabled ***
W/meterizedTypeHandlerMap( 1848): Overriding the existing type handler for {0}
W/meterizedTypeHandlerMap( 1848): Overriding the existing type handler for {0}
D/dalvikvm( 1848): GC_CONCURRENT freed 251K, 5% free 9628K/10055K, paused 1ms+2ms
D/dalvikvm( 1848): GC_CONCURRENT freed 422K, 6% free 9693K/10247K, paused 2ms+3ms
D/dalvikvm( 1848): GC_CONCURRENT freed 386K, 5% free 9788K/10247K, paused 2ms+2ms
D/dalvikvm( 1848): GC_FOR_ALLOC freed 306K, 6% free 9779K/10375K, paused 18ms
D/dalvikvm( 1848): GC_FOR_ALLOC freed 301K, 6% free 9779K/10375K, paused 18ms
D/dalvikvm( 1848): GC_FOR_ALLOC freed 265K, 6% free 9779K/10375K, paused 18ms
D/dalvikvm( 1848): GC_FOR_ALLOC freed 265K, 6% free 9779K/10375K, paused 28ms
D/dalvikvm( 1848): GC_FOR_ALLOC freed 265K, 6% free 9779K/10375K, paused 28ms
D/dalvikvm( 1848): GC_FOR_ALLOC freed 265K, 6% free 9779K/10375K, paused 17ms
D/dalvikvm( 1848): GC_FOR_ALLOC freed 301K, 6% free 9779K/10375K, paused 18ms
D/dalvikvm( 1848): GC_FOR_ALLOC freed 265K, 6% free 9779K/10375K, paused 17ms
D/dalvikvm( 1848): GC_FOR_ALLOC freed 265K, 6% free 9779K/10375K, paused 17ms
D/dalvikvm( 1848): GC_FOR_ALLOC freed 265K, 6% free 9779K/10375K, paused 28ms
D/dalvikvm( 1848): GC_FOR_ALLOC freed 265K, 6% free 9779K/10375K, paused 28ms
D/dalvikvm( 1848): GC_FOR_ALLOC freed 301K, 6% free 9779K/10375K, paused 29ms
D/dalvikvm( 1848): GC_FOR_ALLOC freed 265K, 6% free 9779K/10375K, paused 17ms
D/dalvikvm( 1848): GC_FOR_ALLOC freed 265K, 6% free 9779K/10375K, paused 17ms
D/dalvikvm( 1848): GC_FOR_ALLOC freed 265K, 6% free 9779K/10375K, paused 17ms
I/VCoreDaemon( 1848): 1333620433254: DSMLayer starting
I/DSMLayer.java( 1848): starting new UserApp ...............................
I/UserApp ( 1848): 1333620433256: UserApp started.
I/VCoreDaemon( 1848): 1333620433259: loaded csm data from cloud
I/VCoreDaemon( 1848): 1333620433305: inside sendPacket(Packet p)
I/NetworkThread( 1848): 1333620433310: Sending UDP payload: 10219
I/VCoreDaemon( 1848): 1333620433314: now fully up as LEADER (id=5015) of (2,0)
I/..... VCoreDaemon.java( 1848): ends xxxxxxxxxxxxxxxxxxxxxxxxxxxxxxxxxxxxxxxxxxx
W/NetworkStats(  148): dropping UID delta from unknown iface: iface=wlan0 uid=10067 set=FOREGROUND tag=0x0 rxBytes=10247 rxPackets=1 txBytes=10247 txPackets=1 operations=0
W/Smack/Packet(  456): notify conn break (IOEx), close connection
D/dalvikvm( 1848): GC_CONCURRENT freed 675K, 9% free 9488K/10375K, paused 6ms+2ms
D/ConnectivityService(  148): handleInetConditionHoldEnd: net=0, condition=0, published condition=100
D/dalvikvm(  314): GC_CONCURRENT freed 430K, 6% free 9503K/10055K, paused 7ms+2ms
I/GTalkService/c(  456): [AndroidEndpoint@1094639968] connect: acct=1000000, state=CONNECTING
D/ConnectivityService(  148): handleInetConditionHoldEnd: net=0, condition=100, published condition=0
I/VCoreDaemon( 1848): 1333620459258: inside sendPacket(Packet p)
I/NetworkThread( 1848): 1333620459275: Sending UDP payload: 406
W/NetworkStats(  148): dropping UID delta from unknown iface: iface=wlan0 uid=10067 set=FOREGROUND tag=0x0 rxBytes=434 rxPackets=1 txBytes=434 txPackets=1 operations=0
I/VCoreDaemon( 1848): 1333620463314: leader to cloud hearbeat...
I/VNC:Cloud( 1848): Request executed: http://hermes5.csail.mit.edu:8212/take/2/0/5015/1333620463314/
D/dalvikvm(  148): GC_CONCURRENT freed 808K, 10% free 12643K/14023K, paused 17ms+14ms
D/dalvikvm( 1848): GC_CONCURRENT freed 357K, 9% free 9515K/10375K, paused 6ms+2ms
W/Smack/Packet(  456): notify conn break (IOEx), close connection
D/ConnectivityService(  148): handleInetConditionHoldEnd: net=0, condition=0, published condition=100
I/GTalkService/c(  456): [AndroidEndpoint@1094639968] connect: acct=1000000, state=CONNECTING
I/VCoreDaemon( 1848): 1333620489259: inside sendPacket(Packet p)
I/NetworkThread( 1848): 1333620489268: Sending UDP payload: 406
D/dalvikvm(  456): GC_CONCURRENT freed 403K, 6% free 10032K/10567K, paused 3ms+4ms
D/ConnectivityService(  148): handleInetConditionHoldEnd: net=0, condition=100, published condition=0
W/NetworkStats(  148): dropping UID delta from unknown iface: iface=wlan0 uid=10067 set=FOREGROUND tag=0x0 rxBytes=434 rxPackets=1 txBytes=434 txPackets=1 operations=0
I/VCoreDaemon( 1848): 1333620494948: leader to cloud hearbeat...
I/VNC:Cloud( 1848): Request executed: http://hermes5.csail.mit.edu:8212/take/2/0/5015/1333620494949/
D/dalvikvm( 1848): GC_FOR_ALLOC freed 227K, 8% free 9577K/10375K, paused 41ms
D/dalvikvm(  314): GC_CONCURRENT freed 442K, 6% free 9502K/10055K, paused 17ms+3ms
W/Smack/Packet(  456): notify conn break (IOEx), close connection
D/ConnectivityService(  148): handleInetConditionHoldEnd: net=0, condition=0, published condition=100
I/GTalkService/c(  456): [AndroidEndpoint@1094639968] connect: acct=1000000, state=CONNECTING
D/ConnectivityService(  148): handleInetConditionHoldEnd: net=0, condition=100, published condition=0
D/dalvikvm(  148): GC_CONCURRENT freed 845K, 10% free 12648K/14023K, paused 17ms+15ms
I/VCoreDaemon( 1848): 1333620519260: inside sendPacket(Packet p)
I/NetworkThread( 1848): 1333620519273: Sending UDP payload: 406
I/VCoreDaemon( 1848): 1333620526524: leader to cloud hearbeat...
W/Smack/Packet(  456): notify conn break (IOEx), close connection
I/VNC:Cloud( 1848): Request executed: http://hermes5.csail.mit.edu:8212/take/2/0/5015/1333620526525/
D/dalvikvm( 1848): GC_FOR_ALLOC freed 315K, 8% free 9577K/10375K, paused 59ms
D/ConnectivityService(  148): handleInetConditionHoldEnd: net=0, condition=0, published condition=100
W/NetworkStats(  148): dropping UID delta from unknown iface: iface=wlan0 uid=10067 set=FOREGROUND tag=0x0 rxBytes=434 rxPackets=1 txBytes=434 txPackets=1 operations=0
I/GTalkService/c(  456): [AndroidEndpoint@1094639968] connect: acct=1000000, state=CONNECTING
W/PowerUI (  219): unknown intent: Intent { act=android.intent.action.ACTION_POWER_CONNECTED flg=0x10000010 }
D/PicasaSyncManager(  983): battery info: true
I/StorageNotification(  219): UMS connection changed to true (media state mounted)
D/dalvikvm(  219): GC_FOR_ALLOC freed 212K, 9% free 10446K/11463K, paused 27ms
I/StorageNotification(  219): UMS connection changed to true (media state mounted)
D/dalvikvm(  219): GC_CONCURRENT freed 224K, 7% free 10734K/11463K, paused 2ms+2ms
D/dalvikvm(  219): GC_FOR_ALLOC freed 552K, 9% free 10539K/11463K, paused 21ms
D/dalvikvm(  219): GC_CONCURRENT freed 115K, 6% free 10819K/11463K, paused 2ms+3ms
D/dalvikvm(  456): GC_CONCURRENT freed 412K, 6% free 10018K/10567K, paused 3ms+3ms
D/ConnectivityService(  148): handleInetConditionHoldEnd: net=0, condition=100, published condition=0
I/VCoreDaemon( 1848): 1333620549262: inside sendPacket(Packet p)
I/NetworkThread( 1848): 1333620549279: Sending UDP payload: 406
W/NetworkStats(  148): dropping UID delta from unknown iface: iface=wlan0 uid=10067 set=FOREGROUND tag=0x0 rxBytes=434 rxPackets=1 txBytes=434 txPackets=1 operations=0
I/VCoreDaemon( 1848): 1333620558958: leader to cloud hearbeat...
D/dalvikvm( 1848): GC_FOR_ALLOC freed 344K, 9% free 9528K/10375K, paused 58ms
I/VNC:Cloud( 1848): Request executed: http://hermes5.csail.mit.edu:8212/take/2/0/5015/1333620558959/
