W/InputManagerService(  148): Window already focused, ignoring focus gain of: com.android.internal.view.IInputMethodClient$Stub$Proxy@416ad150
D/AudioHardware(   81): AudioHardware pcm playback is going to standby.
D/AudioHardware(   81): closePcmOut_l() mPcmOpenCnt: 1
D/dalvikvm(  314): GC_CONCURRENT freed 427K, 6% free 9505K/10055K, paused 8ms+2ms
D/dalvikvm(  148): GC_EXPLICIT freed 83K, 11% free 12545K/14023K, paused 13ms+5ms
W/Smack/Packet(  456): notify conn break (IOEx), close connection
I/StatusActivity( 1518): 1333619993996: canPressButton = TRUE
I/StatusActivity( 1518): 1333619994000: areButtonsEnabled --> false
I/StatusActivity( 1518): 1333619994004: disabling buttons ...
I/StatusActivity( 1518): Inside disableButtonsR
I/StatusActivity( 1518): areButtonsEnabled --> false
I/StatusActivity( 1518): 1333619994026: ** Clicked take picture button **
I/CameraSurfaceView( 1518): inside getCamera()
D/AudioHardware(   81): AudioHardware pcm playback is exiting standby.
D/AudioHardware(   81): openPcmOut_l() mPcmOpenCnt: 0
I/CameraHardwareSec(   81): int android::CameraHardwareSec::previewThreadWrapper(): calling mSecCamera->stopPreview() and waiting
I/SecCamera(   81): int android::fimc_v4l2_querybuf(int, android::fimc_buffer*, v4l2_buf_type) :
I/SecCamera(   81): int android::fimc_v4l2_querybuf(int, android::fimc_buffer*, v4l2_buf_type): buffer->start = 0x43c7c000 v4l2_buf.length = 4261248
I/CameraHardwareSec(   81): == Camera Sensor Detect S5K4ECGX - Samsung LSI SOC 5M ==
D/JpegEncoder(   81): encode E
D/JpegEncoder(   81): encode X
D/SecCamera(   81): Shutter speed=41647 us, iso=100
D/SecCamera(   81): AV=3, TV=5, SV=5
D/JpegEncoder(   81): makeExif E
D/JpegEncoder(   81): makeExif X
I/SecCamera(   81): int android::SecCamera::endSnapshot() :
I/SecCamera(   81): munmap():virt. addr 0x43c7c000 size = 4261248
D/dalvikvm( 1518): GC_FOR_ALLOC freed 20833K, 69% free 9889K/31687K, paused 23ms
I/dalvikvm-heap( 1518): Grow heap (frag case) to 10.703MB for 1021330-byte allocation
D/dalvikvm( 1518): GC_CONCURRENT freed 9K, 66% free 10878K/31687K, paused 2ms+4ms
I/StatusActivity( 1518): 1333619994717: inside HandlePictureStorage onPictureTaken()
D/CameraHardwareSec(   81): mPreviewHeap(fd(29), size(518400), width(720), height(480))
I/CameraHardwareSec(   81): int android::CameraHardwareSec::previewThreadWrapper(): return from wait
I/StatusActivity( 1518): 1333619995211: Picture successfully taken, ORIG BYTE LENGTH = 1021314
D/dalvikvm( 1518): GC_FOR_ALLOC freed 1K, 66% free 10878K/31687K, paused 57ms
I/dalvikvm-heap( 1518): Grow heap (frag case) to 29.444MB for 19660816-byte allocation
D/dalvikvm( 1518): GC_CONCURRENT freed 0K, 6% free 30078K/31687K, paused 1ms+5ms
I/StatusActivity( 1518): 1333619996075: Our new height x width: 240 x 320
I/StatusActivity( 1518): 1333619996076: Show photo from handle my camera take
I/StatusActivity( 1518): 1333619996076: client making photo packet to send to leader for it to save
D/ConnectivityService(  148): handleInetConditionHoldEnd: net=0, condition=0, published condition=100
I/StatusActivity( 1518): 1333619996104: BYTE SIZE AFTER COMPRESSION: 2309
I/StatusActivity( 1518): 1333619996110: about to send my pic
I/StatusActivity( 1518): 1333619996110: I'm a nonleader sending my new photo packet to my leader
I/VCoreDaemon( 1518): 1333619996111: inside sendPacket(Packet p)
I/NetworkThread( 1518): 1333619996112: Sending UDP payload: 2916
I/StatusActivity( 1518): 1333619996113: end of client send picture method
I/NetworkThread( 1518): 1333619996187: Received UDP payload: 3280
I/Mux     ( 1518): 1333619996217: GOT CSM_Msg
I/NetworkThread( 1518): 1333619996218: Received UDP payload: 949
I/Mux     ( 1518): 1333619996231: GOT CSM_Msg
I/NetworkThread( 1518): 1333619996254: Received UDP payload: 602
I/Mux     ( 1518): 1333619996257: Inside mux Packet.SERVER_REPLY
I/Mux     ( 1518): 1333619996258: I have the photo requester id = 5001 about to display photo or receive upload ack
I/StatusActivity( 1518): 1333619996259: inside Packet.CLIENT_UPLOAD_PHOTO_ACK
I/StatusActivity( 1518): 1333619996259: nonleader upload new photo latency = 148
I/StatusActivity( 1518): 1333619996259: = nonleader upload start 1333619996111 ~ stop 1333619996259
I/StatusActivity( 1518): 1333619996262: SUCCESS! Client now knows saving photo on its leader succeeded
I/StatusActivity( 1518): Inside _enableButtons
I/StatusActivity( 1518): areButtonsEnabled --> true
W/InputManagerService(  148): Window already focused, ignoring focus gain of: com.android.internal.view.IInputMethodClient$Stub$Proxy@41515118
D/AudioHardware(   81): AudioHardware pcm playback is going to standby.
D/AudioHardware(   81): closePcmOut_l() mPcmOpenCnt: 1
W/NetworkStats(  148): dropping UID delta from unknown iface: iface=wlan0 uid=10067 set=FOREGROUND tag=0x0 rxBytes=29033 rxPackets=12 txBytes=11560 txPackets=3 operations=0
I/StatusActivity( 1518): 1333619999235: canPressButton = TRUE
I/StatusActivity( 1518): 1333619999238: areButtonsEnabled --> false
I/StatusActivity( 1518): 1333619999250: disabling buttons ...
I/StatusActivity( 1518): Inside disableButtonsR
I/StatusActivity( 1518): areButtonsEnabled --> false
I/StatusActivity( 1518): 1333619999257: ** Clicked take picture button **
I/CameraSurfaceView( 1518): inside getCamera()
D/AudioHardware(   81): AudioHardware pcm playback is exiting standby.
D/AudioHardware(   81): openPcmOut_l() mPcmOpenCnt: 0
I/CameraHardwareSec(   81): int android::CameraHardwareSec::previewThreadWrapper(): calling mSecCamera->stopPreview() and waiting
I/SecCamera(   81): int android::fimc_v4l2_querybuf(int, android::fimc_buffer*, v4l2_buf_type) :
I/SecCamera(   81): int android::fimc_v4l2_querybuf(int, android::fimc_buffer*, v4l2_buf_type): buffer->start = 0x43d4f000 v4l2_buf.length = 4261248
I/NetworkThread( 1518): 1333619999785: Received UDP payload: 406
I/CameraHardwareSec(   81): == Camera Sensor Detect S5K4ECGX - Samsung LSI SOC 5M ==
D/JpegEncoder(   81): encode E
D/JpegEncoder(   81): encode X
D/SecCamera(   81): Shutter speed=99952 us, iso=200
D/SecCamera(   81): AV=3, TV=3, SV=6
D/JpegEncoder(   81): makeExif E
D/JpegEncoder(   81): makeExif X
I/SecCamera(   81): int android::SecCamera::endSnapshot() :
I/SecCamera(   81): munmap():virt. addr 0x43d4f000 size = 4261248
D/dalvikvm( 1518): GC_FOR_ALLOC freed 20659K, 69% free 9895K/31687K, paused 58ms
I/dalvikvm-heap( 1518): Grow heap (frag case) to 10.887MB for 1210018-byte allocation
D/dalvikvm( 1518): GC_CONCURRENT freed 9K, 66% free 11066K/31687K, paused 2ms+3ms
I/StatusActivity( 1518): 1333620000107: inside HandlePictureStorage onPictureTaken()
D/CameraHardwareSec(   81): mPreviewHeap(fd(29), size(518400), width(720), height(480))
I/CameraHardwareSec(   81): int android::CameraHardwareSec::previewThreadWrapper(): return from wait
I/StatusActivity( 1518): 1333620000543: Picture successfully taken, ORIG BYTE LENGTH = 1210002
D/dalvikvm( 1518): GC_FOR_ALLOC freed 1K, 66% free 11067K/31687K, paused 61ms
I/dalvikvm-heap( 1518): Forcing collection of SoftReferences for 19660816-byte allocation
D/dalvikvm( 1518): GC_BEFORE_OOM freed 9K, 66% free 11057K/31687K, paused 30ms
E/dalvikvm-heap( 1518): Out of memory on a 19660816-byte allocation.
I/dalvikvm( 1518): "main" prio=5 tid=1 RUNNABLE
I/dalvikvm( 1518):   | group="main" sCount=0 dsCount=0 obj=0x40a39460 self=0xb6a828
I/dalvikvm( 1518):   | sysTid=1518 nice=0 sched=0/0 cgrp=default handle=1075016840
I/dalvikvm( 1518):   | schedstat=( 0 0 0 ) utm=250 stm=16 core=0
I/dalvikvm( 1518):   at android.graphics.BitmapFactory.nativeDecodeByteArray(Native Method)
I/dalvikvm( 1518):   at android.graphics.BitmapFactory.decodeByteArray(BitmapFactory.java:424)
I/dalvikvm( 1518):   at android.graphics.BitmapFactory.decodeByteArray(BitmapFactory.java:441)
I/dalvikvm( 1518):   at edu.mit.csail.diplomamatrix.StatusActivity$HandlePictureStorage.onPictureTaken(StatusActivity.java:686)
I/dalvikvm( 1518):   at android.hardware.Camera$EventHandler.handleMessage(Camera.java:687)
I/dalvikvm( 1518):   at android.os.Handler.dispatchMessage(Handler.java:99)
I/dalvikvm( 1518):   at android.os.Looper.loop(Looper.java:137)
I/dalvikvm( 1518):   at android.app.ActivityThread.main(ActivityThread.java:4424)
I/dalvikvm( 1518):   at java.lang.reflect.Method.invokeNative(Native Method)
I/dalvikvm( 1518):   at java.lang.reflect.Method.invoke(Method.java:511)
I/dalvikvm( 1518):   at com.android.internal.os.ZygoteInit$MethodAndArgsCaller.run(ZygoteInit.java:784)
I/dalvikvm( 1518):   at com.android.internal.os.ZygoteInit.main(ZygoteInit.java:551)
I/dalvikvm( 1518):   at dalvik.system.NativeStart.main(Native Method)
I/dalvikvm( 1518): 
D/skia    ( 1518): --- decoder->decode returned false
D/AndroidRuntime( 1518): Shutting down VM
W/dalvikvm( 1518): threadid=1: thread exiting with uncaught exception (group=0x40a381f8)
E/AndroidRuntime( 1518): FATAL EXCEPTION: main
E/AndroidRuntime( 1518): java.lang.OutOfMemoryError
E/AndroidRuntime( 1518): 	at android.graphics.BitmapFactory.nativeDecodeByteArray(Native Method)
E/AndroidRuntime( 1518): 	at android.graphics.BitmapFactory.decodeByteArray(BitmapFactory.java:424)
E/AndroidRuntime( 1518): 	at android.graphics.BitmapFactory.decodeByteArray(BitmapFactory.java:441)
E/AndroidRuntime( 1518): 	at edu.mit.csail.diplomamatrix.StatusActivity$HandlePictureStorage.onPictureTaken(StatusActivity.java:686)
E/AndroidRuntime( 1518): 	at android.hardware.Camera$EventHandler.handleMessage(Camera.java:687)
E/AndroidRuntime( 1518): 	at android.os.Handler.dispatchMessage(Handler.java:99)
E/AndroidRuntime( 1518): 	at android.os.Looper.loop(Looper.java:137)
E/AndroidRuntime( 1518): 	at android.app.ActivityThread.main(ActivityThread.java:4424)
E/AndroidRuntime( 1518): 	at java.lang.reflect.Method.invokeNative(Native Method)
E/AndroidRuntime( 1518): 	at java.lang.reflect.Method.invoke(Method.java:511)
E/AndroidRuntime( 1518): 	at com.android.internal.os.ZygoteInit$MethodAndArgsCaller.run(ZygoteInit.java:784)
E/AndroidRuntime( 1518): 	at com.android.internal.os.ZygoteInit.main(ZygoteInit.java:551)
E/AndroidRuntime( 1518): 	at dalvik.system.NativeStart.main(Native Method)
W/ActivityManager(  148):   Force finishing activity edu.mit.csail.diplomamatrix/.StatusActivity
W/ActivityManager(  148): Activity pause timeout for ActivityRecord{414fd368 edu.mit.csail.diplomamatrix/.StatusActivity}
I/ActivityManager(  148): No longer want com.google.android.partnersetup (pid 1303): hidden #16
D/AudioHardware(   81): AudioHardware pcm playback is going to standby.
D/AudioHardware(   81): closePcmOut_l() mPcmOpenCnt: 1
I/Process ( 1518): Sending signal. PID: 1518 SIG: 9
I/LatinIME(  293): InputType.TYPE_NULL is specified
W/LatinIME(  293): Unexpected input class: inputType=0x00000000 imeOptions=0x00000000
D/AudioHardware(   81): AudioHardware pcm playback is exiting standby.
D/AudioHardware(   81): openPcmOut_l() mPcmOpenCnt: 0
I/WindowManager(  148): WIN DEATH: Window{41755f68 edu.mit.csail.diplomamatrix/edu.mit.csail.diplomamatrix.StatusActivity paused=false}
W/WindowManager(  148): Force-removing child win Window{4176e5a0 SurfaceView paused=false} from container Window{41755f68 edu.mit.csail.diplomamatrix/edu.mit.csail.diplomamatrix.StatusActivity paused=false}
I/ActivityManager(  148): Process edu.mit.csail.diplomamatrix (pid 1518) has died.
W/WindowManager(  148): Failed looking up window
W/WindowManager(  148): java.lang.IllegalArgumentException: Requested window android.os.BinderProxy@417169d0 does not exist
W/WindowManager(  148): 	at com.android.server.wm.WindowManagerService.windowForClientLocked(WindowManagerService.java:7156)
W/WindowManager(  148): 	at com.android.server.wm.WindowManagerService.windowForClientLocked(WindowManagerService.java:7147)
W/WindowManager(  148): 	at com.android.server.wm.WindowState$DeathRecipient.binderDied(WindowState.java:1529)
W/WindowManager(  148): 	at android.os.BinderProxy.sendDeathNotice(Binder.java:417)
W/WindowManager(  148): 	at dalvik.system.NativeStart.run(Native Method)
I/WindowManager(  148): WIN DEATH: null
I/WindowManager(  148): WIN DEATH: Window{41536e68 edu.mit.csail.diplomamatrix/edu.mit.csail.diplomamatrix.StatusActivity paused=false}
I/WindowManager(  148): WIN DEATH: Window{416ba2c0 Toast paused=false}
W/GpsLocationProvider(  148): Unneeded remove listener for uid 1000
E/SurfaceTexture(   78): [SurfaceView] dequeueBuffer: SurfaceTexture has been abandoned!
E/CameraHardwareSec(   81): Could not dequeue gralloc buffer!
I/CameraHardwareSec(   81): int android::CameraHardwareSec::previewThreadWrapper(): calling mSecCamera->stopPreview() and waiting
I/CameraHardwareSec(   81): int android::CameraHardwareSec::previewThreadWrapper(): return from wait
I/CameraHardwareSec(   81): int android::CameraHardwareSec::previewThreadWrapper(): exiting
W/SecCamera(   81): int android::SecCamera::stopPreview(): doing nothing because m_flag_camera_start is zero
W/SecCamera(   81): int android::SecCamera::stopRecord(): doing nothing because m_flag_record_start is zero
I/SecCamera(   81): DeinitCamera: m_cam_fd(29)
I/SecCamera(   81): DeinitCamera: m_cam_fd2(30)
E/CameraHardwareSec(   81): preview window is NULL!
I/CameraService(   81): Destroying camera 0
I/CameraHardwareSec(   81): int android::HAL_camera_device_close(hw_device_t*)
I/SecCamera(   81): DeinitCamera : already deinitialized
W/AudioFlinger(   81): session id 14 not found for pid 81
W/AudioFlinger(   81): session id 15 not found for pid 81
I/GTalkService/c(  456): [AndroidEndpoint@1094639968] connect: acct=1000000, state=CONNECTING
D/AudioHardware(   81): AudioHardware pcm playback is going to standby.
D/AudioHardware(   81): closePcmOut_l() mPcmOpenCnt: 1
D/dalvikvm(  456): GC_CONCURRENT freed 390K, 5% free 9981K/10503K, paused 12ms+4ms
D/ConnectivityService(  148): handleInetConditionHoldEnd: net=0, condition=100, published condition=0
W/ActivityManager(  148): Activity destroy timeout for ActivityRecord{414fd368 edu.mit.csail.diplomamatrix/.StatusActivity}
W/NetworkStats(  148): dropping UID delta from unknown iface: iface=wlan0 uid=10067 set=FOREGROUND tag=0x0 rxBytes=434 rxPackets=1 txBytes=0 txPackets=0 operations=0
D/dalvikvm(  148): GC_CONCURRENT freed 737K, 10% free 12627K/14023K, paused 10ms+5ms
W/Smack/Packet(  456): notify conn break (IOEx), close connection
D/ConnectivityService(  148): handleInetConditionHoldEnd: net=0, condition=0, published condition=100
W/NetworkStats(  148): dropping UID delta from unknown iface: iface=wlan0 uid=0 set=DEFAULT tag=0x0 rxBytes=434 rxPackets=1 txBytes=0 txPackets=0 operations=0
I/GTalkService/c(  456): [AndroidEndpoint@1094639968] connect: acct=1000000, state=CONNECTING
D/ConnectivityService(  148): handleInetConditionHoldEnd: net=0, condition=100, published condition=0
D/dalvikvm(  314): GC_CONCURRENT freed 424K, 6% free 9502K/10055K, paused 2ms+2ms
W/Smack/Packet(  456): notify conn break (IOEx), close connection
D/dalvikvm( 1415): Debugger has detached; object registry had 1 entries
D/PicasaSyncManager(  983): battery info: false
D/dalvikvm(  219): GC_FOR_ALLOC freed 429K, 8% free 10600K/11463K, paused 23ms
I/StorageNotification(  219): UMS connection changed to false (media state mounted)
D/dalvikvm(  219): GC_CONCURRENT freed 543K, 8% free 10580K/11463K, paused 2ms+2ms
D/dalvikvm(  219): GC_FOR_ALLOC freed 363K, 8% free 10577K/11463K, paused 16ms
D/dalvikvm(  219): GC_CONCURRENT freed 521K, 9% free 10538K/11463K, paused 3ms+2ms
D/dalvikvm(  219): GC_CONCURRENT freed 550K, 9% free 10470K/11463K, paused 3ms+2ms
D/ConnectivityService(  148): handleInetConditionHoldEnd: net=0, condition=0, published condition=100
D/dalvikvm(  148): GC_CONCURRENT freed 840K, 11% free 12605K/14023K, paused 13ms+4ms
I/GTalkService/c(  456): [AndroidEndpoint@1094639968] connect: acct=1000000, state=CONNECTING
D/dalvikvm(  456): GC_CONCURRENT freed 471K, 6% free 9959K/10567K, paused 9ms+2ms
D/ConnectivityService(  148): handleInetConditionHoldEnd: net=0, condition=100, published condition=0
W/NetworkStats(  148): dropping UID delta from unknown iface: iface=wlan0 uid=0 set=DEFAULT tag=0x0 rxBytes=434 rxPackets=1 txBytes=0 txPackets=0 operations=0
W/Smack/Packet(  456): notify conn break (IOEx), close connection
D/ConnectivityService(  148): handleInetConditionHoldEnd: net=0, condition=0, published condition=100
W/NetworkStats(  148): dropping UID delta from unknown iface: iface=wlan0 uid=0 set=DEFAULT tag=0x0 rxBytes=92130 rxPackets=6 txBytes=0 txPackets=0 operations=0
I/GTalkService/c(  456): [AndroidEndpoint@1094639968] connect: acct=1000000, state=CONNECTING
D/dalvikvm(  456): GC_CONCURRENT freed 386K, 6% free 9971K/10567K, paused 9ms+2ms
D/ConnectivityService(  148): handleInetConditionHoldEnd: net=0, condition=100, published condition=0
D/dalvikvm(  314): GC_CONCURRENT freed 432K, 6% free 9503K/10055K, paused 13ms+2ms
W/NetworkStats(  148): dropping UID delta from unknown iface: iface=wlan0 uid=0 set=DEFAULT tag=0x0 rxBytes=12014 rxPackets=6 txBytes=0 txPackets=0 operations=0
W/Smack/Packet(  456): notify conn break (IOEx), close connection
D/ConnectivityService(  148): handleInetConditionHoldEnd: net=0, condition=0, published condition=100
W/NetworkStats(  148): dropping UID delta from unknown iface: iface=wlan0 uid=0 set=DEFAULT tag=0x0 rxBytes=116190 rxPackets=5 txBytes=0 txPackets=0 operations=0
D/dalvikvm(  148): GC_CONCURRENT freed 814K, 11% free 12598K/14023K, paused 11ms+4ms
I/GTalkService/c(  456): [AndroidEndpoint@1094639968] connect: acct=1000000, state=CONNECTING
D/dalvikvm(  148): GC_EXPLICIT freed 150K, 11% free 12552K/14023K, paused 5ms+4ms
D/ConnectivityService(  148): handleInetConditionHoldEnd: net=0, condition=100, published condition=0
D/AudioHardware(   81): AudioHardware pcm playback is exiting standby.
D/AudioHardware(   81): openPcmOut_l() mPcmOpenCnt: 0
D/dalvikvm(  343): GC_CONCURRENT freed 795K, 12% free 12245K/13831K, paused 3ms+10ms
D/dalvikvm(  343): GC_FOR_ALLOC freed 449K, 10% free 12477K/13831K, paused 22ms
I/dalvikvm-heap(  343): Grow heap (frag case) to 13.143MB for 925072-byte allocation
D/dalvikvm(  343): GC_FOR_ALLOC freed 13K, 10% free 13366K/14791K, paused 23ms
D/dalvikvm(  343): GC_FOR_ALLOC freed 1183K, 15% free 12689K/14919K, paused 25ms
D/dalvikvm(  343): GC_FOR_ALLOC freed 70K, 11% free 13285K/14919K, paused 46ms
I/dalvikvm-heap(  343): Grow heap (frag case) to 14.277MB for 1286224-byte allocation
D/dalvikvm(  343): GC_FOR_ALLOC freed 2K, 11% free 14539K/16199K, paused 20ms
D/dalvikvm(  343): GC_FOR_ALLOC freed 579K, 14% free 14033K/16199K, paused 22ms
I/dalvikvm-heap(  343): Grow heap (frag case) to 15.007MB for 1286224-byte allocation
D/dalvikvm(  343): GC_FOR_ALLOC freed <1K, 13% free 15289K/17479K, paused 24ms
D/dalvikvm(  343): GC_FOR_ALLOC freed 3267K, 26% free 13101K/17479K, paused 25ms
D/dalvikvm(  343): GC_FOR_ALLOC freed 1062K, 25% free 13187K/17479K, paused 25ms
D/dalvikvm(  343): GC_FOR_ALLOC freed 1K, 21% free 13943K/17479K, paused 25ms
I/dalvikvm-heap(  343): Grow heap (frag case) to 15.354MB for 1742416-byte allocation
D/dalvikvm(  343): GC_FOR_ALLOC freed 0K, 11% free 15644K/17479K, paused 20ms
D/dalvikvm(  343): GC_CONCURRENT freed 2K, 11% free 15647K/17479K, paused 2ms+8ms
I/ActivityManager(  148): START {act=android.intent.action.MAIN cat=[android.intent.category.LAUNCHER] flg=0x10200000 cmp=edu.mit.csail.diplomamatrix/.StatusActivity} from pid 343
D/dalvikvm(  343): GC_FOR_ALLOC freed 2462K, 21% free 13949K/17479K, paused 49ms
D/dalvikvm( 1595): Late-enabling CheckJNI
I/ActivityManager(  148): Start proc edu.mit.csail.diplomamatrix for activity edu.mit.csail.diplomamatrix/.StatusActivity: pid=1595 uid=10067 gids={1006, 1015, 3003}
I/dalvikvm( 1595): Turning on JNI app bug workarounds for target SDK version 4...
D/OpenGLRenderer(  343): Flushing caches (mode 1)
I/StatusActivity( 1595): 1333620144006: *** Opened log file for writing ***
I/StatusActivity( 1595): 1333620144006: Android build: Nexus S
I/StatusActivity( 1595): 1333620144007: NET_NAME set to: wlan0
I/StatusActivity( 1595): 1333620144007: starting Mux with id = -1
I/StatusActivity( 1595): 1333620144011: areButtonsEnabled --> true
I/StatusActivity( 1595): 1333620144012: *** Application started ***
I/StatusActivity( 1595): 1333620144013: HI I'm in ONRESUME()
I/StatusActivity( 1595): 1333620144015: SAMPLING_DISTANCE : 1, SAMPLING_DURATION : 1000
I/Mux.java( 1595): run() beginning -------------
D/Mux     ( 1595): Mux started
I/StatusActivity( 1595): 1333620144024: ************ GPS turned OFF *************
I/NetworkThread( 1595): Initial socket buffer sizes: 110592 receive, 110592 send
I/NetworkThread( 1595): Set socket buffer sizes to: 221184 receive, 221184 send
I/NetworkThread( 1595): started, local IP address:/192.168.5.1
I/Mux.java's nodeId is( 1595): 5001
I/Mux     ( 1595): starting vncDaemon ........
I/VCoreDaemon( 1595): 1333620144037: Started VCoreDaemon with parameters maxRx = 6 , maxRY= 1, minLongitude = -7110102 , minLatitude = 4236349, regionWidth =17
I/Mux     ( 1595): vncDaemon started
I/VCoreDaemon.java( 1595): onStart() about to stateTransition.........................................................................
I/VCoreDaemon( 1595): 1333620144041: started, mId = 5001
I/VCoreDaemon.java( 1595): inside stateTransition ......................................................................................
I/..... VCoreDaemon.java( 1595): out of bounds
I/VCoreDaemon( 1595): 1333620144042: region (-1, -1) out of bounds, dormant
I/..... VCoreDaemon.java( 1595): ends xxxxxxxxxxxxxxxxxxxxxxxxxxxxxxxxxxxxxxxxxxx
V/PhoneStatusBar(  219): setLightsOn(true)
W/GpsLocationProvider(  148): Duplicate add listener for uid 10067
I/CameraSurfaceView( 1595): inside surfaceCreated()
I/CameraSurfaceView( 1595): opening Camera.open()
I/CameraService(   81): Opening camera 0
I/CameraHardwareSec(   81): int android::HAL_camera_device_open(const hw_module_t*, const char*, hw_device_t**): open camera 0
E/SecCamera(   81): initCamera: m_cam_fd(31), m_jpeg_fd(0)
I/SecCamera(   81): Name of input channel[0] is S5K4ECGX
E/SecCamera(   81): initCamera: m_cam_fd2(32)
I/SecCamera(   81): Name of input channel[0] is S5K4ECGX
I/SecCamera(   81): initCamera : initialized
I/SecCamera(   81): Name of input channel[0] is S5K4ECGX
I/CameraHardwareSec(   81): int android::HAL_camera_device_open(const hw_module_t*, const char*, hw_device_t**): opened camera 0 (0xabc2f0)
I/AwesomePlayer(   81): setDataSource_l('/system/media/audio/ui/camera_click.ogg')
I/CameraHardwareSec(   81): int android::CameraHardwareSec::previewThreadWrapper(): starting
I/CameraHardwareSec(   81): int android::CameraHardwareSec::previewThreadWrapper(): calling mSecCamera->stopPreview() and waiting
W/SecCamera(   81): int android::SecCamera::stopPreview(): doing nothing because m_flag_camera_start is zero
I/AwesomePlayer(   81): setDataSource_l('/system/media/audio/ui/VideoRecord.ogg')
I/CameraSurfaceView( 1595): opened camera
I/CameraSurfaceView( 1595): inside on surfaceChanged()
D/OpenGLRenderer(  343): Flushing caches (mode 0)
D/dalvikvm(  343): GC_CONCURRENT freed 1695K, 21% free 13847K/17479K, paused 2ms+15ms
D/CameraHardwareSec(   81): mPreviewHeap(fd(31), size(518400), width(720), height(480))
I/CameraHardwareSec(   81): int android::CameraHardwareSec::previewThreadWrapper(): return from wait
W/Smack/Packet(  456): notify conn break (IOEx), close connection
I/ActivityManager(  148): Displayed edu.mit.csail.diplomamatrix/.StatusActivity: +1s222ms
W/InputManagerService(  148): Starting input on non-focused client com.android.internal.view.IInputMethodClient$Stub$Proxy@416de810 (uid=10029 pid=343)
D/AudioHardware(   81): AudioHardware pcm playback is going to standby.
D/AudioHardware(   81): closePcmOut_l() mPcmOpenCnt: 1
D/ConnectivityService(  148): handleInetConditionHoldEnd: net=0, condition=0, published condition=100
W/NetworkStats(  148): dropping UID delta from unknown iface: iface=wlan0 uid=0 set=DEFAULT tag=0x0 rxBytes=434 rxPackets=1 txBytes=0 txPackets=0 operations=0
I/GTalkService/c(  456): [AndroidEndpoint@1094639968] connect: acct=1000000, state=CONNECTING
D/dalvikvm(  456): GC_CONCURRENT freed 373K, 6% free 9992K/10567K, paused 3ms+4ms
D/dalvikvm(  293): GC_CONCURRENT freed 372K, 5% free 10474K/10951K, paused 2ms+2ms
D/dalvikvm(  148): GC_CONCURRENT freed 762K, 11% free 12617K/14023K, paused 3ms+6ms
D/ConnectivityService(  148): handleInetConditionHoldEnd: net=0, condition=100, published condition=0
I/VCoreDaemon( 1595): 1333620155968: moving from region (-1,-1), to (2,0)
I/VCoreDaemon.java( 1595): inside stateTransition ......................................................................................
I/..... VCoreDaemon.java( 1595): targetState = JOINING
I/VCoreDaemon( 1595): 1333620155969: sending LEADER_REQUEST
I/VCoreDaemon( 1595): 1333620155969: inside sendPacket(Packet p)
I/..... VCoreDaemon.java( 1595): ends xxxxxxxxxxxxxxxxxxxxxxxxxxxxxxxxxxxxxxxxxxx
D/AudioHardware(   81): AudioHardware pcm playback is exiting standby.
D/AudioHardware(   81): openPcmOut_l() mPcmOpenCnt: 0
I/NetworkThread( 1595): 1333620156051: Sending UDP payload: 406
D/dalvikvm( 1595): GC_CONCURRENT freed 172K, 3% free 9344K/9607K, paused 4ms+5ms
I/VCoreDaemon( 1595): 1333620156272: sending LEADER_REQUEST
I/VCoreDaemon( 1595): 1333620156272: inside sendPacket(Packet p)
I/NetworkThread( 1595): 1333620156276: Sending UDP payload: 406
I/VCoreDaemon( 1595): 1333620156574: sending LEADER_REQUEST
I/VCoreDaemon( 1595): 1333620156574: inside sendPacket(Packet p)
I/NetworkThread( 1595): 1333620156575: Sending UDP payload: 406
I/VCoreDaemon( 1595): 1333620156875: sending LEADER_REQUEST
I/VCoreDaemon( 1595): 1333620156875: inside sendPacket(Packet p)
I/NetworkThread( 1595): 1333620156877: Sending UDP payload: 406
I/VCoreDaemon( 1595): 1333620156975: LEADER_REQUEST timed out
I/VCoreDaemon.java( 1595): inside stateTransition ......................................................................................
I/..... VCoreDaemon.java( 1595): targetState = LEADER
D/dalvikvm(  314): GC_CONCURRENT freed 439K, 6% free 9502K/10055K, paused 2ms+3ms
W/NetworkStats(  148): dropping UID delta from unknown iface: iface=wlan0 uid=10067 set=FOREGROUND tag=0x0 rxBytes=1736 rxPackets=4 txBytes=1736 txPackets=4 operations=0
D/AudioHardware(   81): AudioHardware pcm playback is going to standby.
D/AudioHardware(   81): closePcmOut_l() mPcmOpenCnt: 1
I/VNC:Cloud( 1595): Request executed: http://hermes5.csail.mit.edu:8212/take/2/0/5001/1333620156976/
I/VCoreDaemon( 1595): 1333620159813: cloud accepted leadership request, no csm data included.
I/..... VCoreDaemon.java( 1595): targetState = LEADER and create new DSMLayer !!!! :D:D:D:D:D
I/VCoreDaemon( 1595): 1333620159832: *** Starting CSM Layer ***
I/VCoreDaemon( 1595): 1333620159838: *** CSM Layer starting with cache disabled ***
I/VCoreDaemon( 1595): 1333620159839: *** CSM Layer starting with forwarding enabled ***
I/VCoreDaemon( 1595): 1333620159936: DSMLayer starting
I/DSMLayer.java( 1595): starting new UserApp ...............................
I/UserApp ( 1595): 1333620159939: UserApp started.
I/UserApp ( 1595): 1333620159941: UserApp for Camera Diploma initialized and waiting for requests.
D/dalvikvm( 1595): GC_CONCURRENT freed 319K, 4% free 9599K/9991K, paused 3ms+4ms
I/VCoreDaemon( 1595): 1333620160195: inside sendPacket(Packet p)
I/NetworkThread( 1595): 1333620160199: Sending UDP payload: 25252
I/VCoreDaemon( 1595): 1333620160204: now fully up as LEADER (id=5001) of (2,0)
I/..... VCoreDaemon.java( 1595): ends xxxxxxxxxxxxxxxxxxxxxxxxxxxxxxxxxxxxxxxxxxx
I/NetworkThread( 1595): 1333620166357: Received UDP payload: 406
W/NetworkStats(  148): dropping UID delta from unknown iface: iface=wlan0 uid=10067 set=FOREGROUND tag=0x0 rxBytes=25714 rxPackets=2 txBytes=25280 txPackets=1 operations=0
W/Smack/Packet(  456): notify conn break (IOEx), close connection
D/ConnectivityService(  148): handleInetConditionHoldEnd: net=0, condition=0, published condition=100
I/StatusActivity( 1595): 1333620171745: HI I'm in ONPAUSE()
W/IInputConnectionWrapper( 1595): showStatusIcon on inactive InputConnection
W/InputManagerService(  148): Starting input on non-focused client com.android.internal.view.IInputMethodClient$Stub$Proxy@41593b08 (uid=10067 pid=1595)
D/dalvikvm(  343): GC_CONCURRENT freed 1956K, 23% free 13492K/17479K, paused 2ms+8ms
I/CameraSurfaceView( 1595): inside surfaceDestroyed()
I/CameraHardwareSec(   81): int android::CameraHardwareSec::previewThreadWrapper(): calling mSecCamera->stopPreview() and waiting
D/dalvikvm(  343): GC_FOR_ALLOC freed 1249K, 24% free 13290K/17479K, paused 47ms
I/CameraSurfaceView( 1595): inside surfaceDestroyed()
I/CameraHardwareSec(   81): void android::CameraHardwareSec::stopPreviewInternal() : preview not running, doing nothing
I/CameraHardwareSec(   81): int android::CameraHardwareSec::previewThreadWrapper(): return from wait
I/CameraHardwareSec(   81): int android::CameraHardwareSec::previewThreadWrapper(): exiting
W/SecCamera(   81): int android::SecCamera::stopPreview(): doing nothing because m_flag_camera_start is zero
W/SecCamera(   81): int android::SecCamera::stopRecord(): doing nothing because m_flag_record_start is zero
I/SecCamera(   81): DeinitCamera: m_cam_fd(31)
I/SecCamera(   81): DeinitCamera: m_cam_fd2(32)
E/CameraHardwareSec(   81): preview window is NULL!
I/CameraService(   81): Destroying camera 0
I/CameraHardwareSec(   81): int android::HAL_camera_device_close(hw_device_t*)
I/SecCamera(   81): DeinitCamera : already deinitialized
W/AudioFlinger(   81): session id 24 not found for pid 81
W/AudioFlinger(   81): session id 25 not found for pid 81
D/dalvikvm(  343): GC_CONCURRENT freed 8K, 17% free 14613K/17479K, paused 2ms+8ms
D/dalvikvm(  343): GC_FOR_ALLOC freed 575K, 19% free 14168K/17479K, paused 58ms
I/dalvikvm-heap(  343): Grow heap (frag case) to 15.139MB for 1286224-byte allocation
D/dalvikvm(  343): GC_FOR_ALLOC freed <1K, 18% free 15424K/18759K, paused 40ms
D/dalvikvm(  343): GC_CONCURRENT freed 3266K, 25% free 14159K/18759K, paused 2ms+2ms
I/StatusActivity( 1595): 1333620172974: inside onDestroy()
I/Mux     ( 1595): Stop request encountered.
D/Mux     ( 1595): Waiting for VCoreDaemon to stop...
I/VCoreDaemon( 1595): Stop request encountered.
I/UserApp ( 1595): 1333620173010: UserApp stopped.
I/VCoreDaemon( 1595): 1333620173010: DSMLayer stopped
I/VCoreDaemon( 1595): 1333620173010: serializing DSMLayer to JSON
D/dalvikvm(  343): GC_FOR_ALLOC freed 1062K, 26% free 13947K/18759K, paused 25ms
I/dalvikvm-heap(  343): Grow heap (frag case) to 15.358MB for 1742416-byte allocation
W/meterizedTypeHandlerMap( 1595): Overriding the existing type handler for {0}
W/meterizedTypeHandlerMap( 1595): Overriding the existing type handler for {0}
I/StatusActivity( 1595): 1333620173019: no camera to close
I/StatusActivity( 1595): 1333620173019: close everything else
D/dalvikvm(  343): GC_CONCURRENT freed 1K, 17% free 15647K/18759K, paused 1ms+5ms
D/dalvikvm(  343): GC_FOR_ALLOC freed 2460K, 26% free 13950K/18759K, paused 22ms
D/dalvikvm(  343): GC_CONCURRENT freed 675K, 21% free 14867K/18759K, paused 2ms+4ms
D/dalvikvm( 1595): GC_CONCURRENT freed 549K, 7% free 9565K/10247K, paused 9ms+3ms
I/ActivityManager(  148): Process edu.mit.csail.diplomamatrix (pid 1595) has died.
I/WindowManager(  148): WIN DEATH: Window{416a1fa0 SurfaceView paused=false}
I/WindowManager(  148): WIN DEATH: Window{41680050 edu.mit.csail.diplomamatrix/edu.mit.csail.diplomamatrix.StatusActivity paused=false}
D/AudioHardware(   81): AudioHardware pcm playback is exiting standby.
D/AudioHardware(   81): openPcmOut_l() mPcmOpenCnt: 0
I/ActivityManager(  148): START {act=android.intent.action.MAIN cat=[android.intent.category.LAUNCHER] flg=0x10200000 cmp=net.szym.barnacle/.StatusActivity} from pid 343
D/OpenGLRenderer(  343): Flushing caches (mode 0)
V/PhoneStatusBar(  219): setLightsOn(true)
W/InputManagerService(  148): Starting input on non-focused client com.android.internal.view.IInputMethodClient$Stub$Proxy@416de810 (uid=10029 pid=343)
D/OpenGLRenderer(  343): Flushing caches (mode 1)
D/AudioHardware(   81): AudioHardware pcm playback is going to standby.
D/AudioHardware(   81): closePcmOut_l() mPcmOpenCnt: 1
I/GTalkService/c(  456): [AndroidEndpoint@1094639968] connect: acct=1000000, state=CONNECTING
W/ActivityManager(  148): Activity destroy timeout for ActivityRecord{413caf58 edu.mit.csail.diplomamatrix/.StatusActivity}
D/dalvikvm(  148): GC_CONCURRENT freed 788K, 11% free 12604K/14023K, paused 2ms+5ms
D/ConnectivityService(  148): handleInetConditionHoldEnd: net=0, condition=100, published condition=0
D/dalvikvm( 1415): GC_CONCURRENT freed 292K, 5% free 9455K/9863K, paused 23ms+3ms
D/AudioHardware(   81): AudioHardware pcm playback is exiting standby.
D/AudioHardware(   81): openPcmOut_l() mPcmOpenCnt: 0
I/ActivityManager(  148): START {cmp=net.szym.barnacle/.SettingsActivity} from pid 1415
W/Resources( 1415): Converting to string: TypedValue{t=0x10/d=0x6 a=-1}
W/Resources( 1415): Converting to string: TypedValue{t=0x10/d=0x6 a=-1}
W/Resources( 1415): Converting to string: TypedValue{t=0x10/d=0x64 a=-1}
W/Resources( 1415): Converting to string: TypedValue{t=0x10/d=0x64 a=-1}
W/Resources( 1415): Converting to string: TypedValue{t=0x10/d=0x4b0 a=-1}
W/Resources( 1415): Converting to string: TypedValue{t=0x10/d=0x7d00 a=-1}
W/Resources( 1415): Converting to string: TypedValue{t=0x10/d=0x12c a=-1}
W/Resources( 1415): Converting to string: TypedValue{t=0x10/d=0x64 a=-1}
W/Resources( 1415): Converting to string: TypedValue{t=0x10/d=0x1e a=-1}
W/Resources( 1415): Converting to string: TypedValue{t=0x10/d=0x5a a=-1}
V/PhoneStatusBar(  219): setLightsOn(true)
I/ActivityManager(  148): Displayed net.szym.barnacle/.SettingsActivity: +248ms
D/dalvikvm( 1415): GC_FOR_ALLOC freed 112K, 3% free 9685K/9927K, paused 17ms
D/dalvikvm( 1415): GC_FOR_ALLOC freed 18K, 3% free 10027K/10311K, paused 15ms
D/dalvikvm( 1415): GC_FOR_ALLOC freed 0K, 3% free 10207K/10503K, paused 15ms
D/dalvikvm( 1415): GC_FOR_ALLOC freed 0K, 3% free 10387K/10695K, paused 15ms
D/dalvikvm( 1415): GC_FOR_ALLOC freed 0K, 3% free 10567K/10887K, paused 16ms
D/dalvikvm( 1415): GC_FOR_ALLOC freed 0K, 3% free 10748K/11079K, paused 25ms
D/dalvikvm( 1415): GC_FOR_ALLOC freed 0K, 3% free 11033K/11335K, paused 15ms
D/dalvikvm( 1415): GC_FOR_ALLOC freed 380K, 6% free 11092K/11783K, paused 16ms
D/dalvikvm( 1415): GC_FOR_ALLOC freed 6K, 4% free 11335K/11783K, paused 15ms
D/AudioHardware(   81): AudioHardware pcm playback is going to standby.
D/AudioHardware(   81): closePcmOut_l() mPcmOpenCnt: 1
D/AudioHardware(   81): AudioHardware pcm playback is exiting standby.
D/AudioHardware(   81): openPcmOut_l() mPcmOpenCnt: 0
D/dalvikvm( 1415): GC_CONCURRENT freed 1490K, 14% free 10547K/12167K, paused 2ms+3ms
I/LatinIME(  293): InputType.TYPE_NULL is specified
W/LatinIME(  293): Unexpected input class: inputType=0x00000000 imeOptions=0x00000000
D/dalvikvm(  148): GC_CONCURRENT freed 807K, 10% free 12628K/14023K, paused 3ms+7ms
W/Smack/Packet(  456): notify conn break (IOEx), close connection
D/AudioHardware(   81): AudioHardware pcm playback is going to standby.
D/AudioHardware(   81): closePcmOut_l() mPcmOpenCnt: 1
D/dalvikvm( 1415): GC_CONCURRENT freed 183K, 12% free 10796K/12167K, paused 15ms+3ms
D/dalvikvm( 1415): GC_FOR_ALLOC freed 55K, 8% free 11241K/12167K, paused 17ms
D/dalvikvm( 1415): GC_FOR_ALLOC freed 0K, 5% free 11671K/12167K, paused 16ms
D/dalvikvm( 1415): GC_FOR_ALLOC freed 4K, 5% free 12045K/12551K, paused 16ms
D/ConnectivityService(  148): handleInetConditionHoldEnd: net=0, condition=0, published condition=100
W/NetworkStats(  148): dropping UID delta from unknown iface: iface=wlan0 uid=0 set=DEFAULT tag=0x0 rxBytes=434 rxPackets=1 txBytes=0 txPackets=0 operations=0
V/PhoneStatusBar(  219): setLightsOn(true)
D/AudioHardware(   81): AudioHardware pcm playback is exiting standby.
D/AudioHardware(   81): openPcmOut_l() mPcmOpenCnt: 0
W/Netd    (   75): No subsystem found in netlink event
D/NetlinkEvent(   75): Unexpected netlink message. type=0x11
I/BarnacleService( 1415): Process exited with status: 0
I/System  ( 1415): Failed to destroy process 1474
I/System  ( 1415): libcore.io.ErrnoException: kill failed: ESRCH (No such process)
I/System  ( 1415): 	at libcore.io.Posix.kill(Native Method)
I/System  ( 1415): 	at libcore.io.ForwardingOs.kill(ForwardingOs.java:77)
I/System  ( 1415): 	at java.lang.ProcessManager$ProcessImpl.destroy(ProcessManager.java:257)
I/System  ( 1415): 	at net.szym.barnacle.BarnacleService.stopProcess(BarnacleService.java:584)
I/System  ( 1415): 	at net.szym.barnacle.BarnacleService.handle(BarnacleService.java:364)
I/System  ( 1415): 	at net.szym.barnacle.BarnacleService.access$1(BarnacleService.java:211)
I/System  ( 1415): 	at net.szym.barnacle.BarnacleService$2.handleMessage(BarnacleService.java:208)
I/System  ( 1415): 	at android.os.Handler.dispatchMessage(Handler.java:99)
I/System  ( 1415): 	at android.os.Looper.loop(Looper.java:137)
I/System  ( 1415): 	at android.app.ActivityThread.main(ActivityThread.java:4424)
I/System  ( 1415): 	at java.lang.reflect.Method.invokeNative(Native Method)
I/System  ( 1415): 	at java.lang.reflect.Method.invoke(Method.java:511)
I/System  ( 1415): 	at com.android.internal.os.ZygoteInit$MethodAndArgsCaller.run(ZygoteInit.java:784)
I/System  ( 1415): 	at com.android.internal.os.ZygoteInit.main(ZygoteInit.java:551)
I/System  ( 1415): 	at dalvik.system.NativeStart.main(Native Method)
I/BarnacleService( 1415): log: Stopped
W/myBarnacleApp( 1415): processStopped
D/dalvikvm(  219): GC_CONCURRENT freed 550K, 10% free 10349K/11463K, paused 2ms+5ms
W/myBarnacleApp( 1415): processStopped
D/dalvikvm(  219): GC_CONCURRENT freed 499K, 10% free 10356K/11463K, paused 1ms+13ms
W/myBarnacleApp( 1415): serviceStarted
I/BarnacleService( 1415): log: Starting...
I/BarnacleService( 1415): log: hq. MSG_NETSCHANGE. about to get getWifiState
I/BarnacleService( 1415): log: hq. BarnacleServiceNETSCHANGE: 1 1 null
E/BarnacleService( 1415): NETSCHANGE: 1 1 null
I/BarnacleService( 1415): log: hq. wifiState 1 =? WifiManager.WIFI_STATE_DISABLED = 1
I/BarnacleService( 1415): log: hq. INSIDE :) wifi state disabled
I/BarnacleService( 1415): log: ( (state = 1) ?== (STATE_STARTING = 1) ) && ( (process = proc_is_null) ?== null ... && checkUplink:
I/BarnacleService( 1415): log: hq. :D:D:D:D in state == STATE STARTING and no proccess and checkuplink :D:D:D
I/BarnacleService( 1415): log: Data network is ready
I/BarnacleService( 1415): log: .ini file prepared
I/BarnacleService( 1415): log: hq. :):):):):) :D:D:D:D:D:D about to startProcess()
I/BarnacleService( 1415): log: hq==============
I/BarnacleService( 1415): BarnacleService: startProcess()
I/BarnacleService( 1415): log: hq     pb = new ProcessBuilder
I/BarnacleService( 1415): log: hq     ./File_SCRIPT
I/BarnacleService( 1415): log: hq     pb.start()
I/BarnacleService( 1415): log: hq     new Thread 0 OUTPUT
I/BarnacleService( 1415): log: hq     new Thread 1 ERROR
I/BarnacleService( 1415): log: hq     threads 0 start
I/BarnacleService( 1415): log: hq     threads 1 start
D/su      ( 1660): 10065 net.szym.barnacle executing 0 /data/data/net.szym.barnacle/files/run using shell /system/bin/sh : sh
E/ActivityManager(  148): Activity Manager Crash
E/ActivityManager(  148): java.lang.IllegalArgumentException: Unknown URI type: 7
E/ActivityManager(  148): 	at android.net.Uri$1.createFromParcel(Uri.java:1734)
E/ActivityManager(  148): 	at android.net.Uri$1.createFromParcel(Uri.java:1723)
E/ActivityManager(  148): 	at android.content.Intent.readFromParcel(Intent.java:6131)
E/ActivityManager(  148): 	at android.content.Intent.<init>(Intent.java:6126)
E/ActivityManager(  148): 	at android.content.Intent.readFromParcel(Intent.java:6153)
E/ActivityManager(  148): 	at android.content.Intent.<init>(Intent.java:6126)
E/ActivityManager(  148): 	at android.content.Intent$1.createFromParcel(Intent.java:6117)
E/ActivityManager(  148): 	at android.content.Intent$1.createFromParcel(Intent.java:6115)
E/ActivityManager(  148): 	at android.app.ActivityManagerNative.onTransact(ActivityManagerNative.java:298)
E/ActivityManager(  148): 	at com.android.server.am.ActivityManagerService.onTransact(ActivityManagerService.java:1545)
E/ActivityManager(  148): 	at android.os.Binder.execTransact(Binder.java:338)
E/ActivityManager(  148): 	at dalvik.system.NativeStart.run(Native Method)
I/BarnacleService( 1415): log: hq. MSG_NETSCHANGE. about to get getWifiState
I/BarnacleService( 1415): log: hq. BarnacleServiceNETSCHANGE: 1 1 proc
E/BarnacleService( 1415): NETSCHANGE: 1 1 proc
I/BarnacleService( 1415): log: hq. wifiState 1 =? WifiManager.WIFI_STATE_DISABLED = 1
I/BarnacleService( 1415): log: hq. INSIDE :) wifi state disabled
I/BarnacleService( 1415): log: ( (state = 1) ?== (STATE_STARTING = 1) ) && ( (process = proc_is_not_null) ?== null ... && checkUplink:
I/BarnacleService( 1415): log: now waiting, becaus  either state != STATE_STARTING or process != null
I/BarnacleService( 1415): log: hq. MSG_NETSCHANGE. about to get getWifiState
I/BarnacleService( 1415): log: hq. BarnacleServiceNETSCHANGE: 1 1 proc
E/BarnacleService( 1415): NETSCHANGE: 1 1 proc
I/BarnacleService( 1415): log: hq. wifiState 1 =? WifiManager.WIFI_STATE_DISABLED = 1
I/BarnacleService( 1415): log: hq. INSIDE :) wifi state disabled
I/BarnacleService( 1415): log: ( (state = 1) ?== (STATE_STARTING = 1) ) && ( (process = proc_is_not_null) ?== null ... && checkUplink:
I/BarnacleService( 1415): log: now waiting, becaus  either state != STATE_STARTING or process != null
W/ProcessStats(  148): Skipping unknown process pid 1669
D/barnacle( 1678): WIFI: Could not set freq: Invalid argument
D/barnacle( 1678): WIFI: Could not set freq: Invalid argument
D/barnacle( 1678): WIFI: WLEXT assoc
W/Netd    (   75): No subsystem found in netlink event
D/NetlinkEvent(   75): Unexpected netlink message. type=0x11
I/BarnacleService( 1415): Process exited with status: 0
I/System  ( 1415): Failed to destroy process 1660
I/System  ( 1415): libcore.io.ErrnoException: kill failed: ESRCH (No such process)
I/System  ( 1415): 	at libcore.io.Posix.kill(Native Method)
I/System  ( 1415): 	at libcore.io.ForwardingOs.kill(ForwardingOs.java:77)
I/System  ( 1415): 	at java.lang.ProcessManager$ProcessImpl.destroy(ProcessManager.java:257)
I/System  ( 1415): 	at net.szym.barnacle.BarnacleService.stopProcess(BarnacleService.java:584)
I/System  ( 1415): 	at net.szym.barnacle.BarnacleService.handle(BarnacleService.java:364)
I/System  ( 1415): 	at net.szym.barnacle.BarnacleService.access$1(BarnacleService.java:211)
I/System  ( 1415): 	at net.szym.barnacle.BarnacleService$2.handleMessage(BarnacleService.java:208)
I/System  ( 1415): 	at android.os.Handler.dispatchMessage(Handler.java:99)
I/System  ( 1415): 	at android.os.Looper.loop(Looper.java:137)
I/System  ( 1415): 	at android.app.ActivityThread.main(ActivityThread.java:4424)
I/System  ( 1415): 	at java.lang.reflect.Method.invokeNative(Native Method)
I/System  ( 1415): 	at java.lang.reflect.Method.invoke(Method.java:511)
I/System  ( 1415): 	at com.android.internal.os.ZygoteInit$MethodAndArgsCaller.run(ZygoteInit.java:784)
I/System  ( 1415): 	at com.android.internal.os.ZygoteInit.main(ZygoteInit.java:551)
I/System  ( 1415): 	at dalvik.system.NativeStart.main(Native Method)
I/BarnacleService( 1415): log: Stopped
W/myBarnacleApp( 1415): processStopped
W/myBarnacleApp( 1415): processStopped
D/AudioHardware(   81): AudioHardware pcm playback is going to standby.
D/AudioHardware(   81): closePcmOut_l() mPcmOpenCnt: 1
I/GTalkService/c(  456): [AndroidEndpoint@1094639968] connect: acct=1000000, state=CONNECTING
I/ActivityManager(  148): START {act=android.intent.action.MAIN cat=[android.intent.category.HOME] flg=0x10200000 cmp=com.android.launcher/com.android.launcher2.Launcher} from pid 148
W/InputManagerService(  148): Starting input on non-focused client com.android.internal.view.IInputMethodClient$Stub$Proxy@414c6090 (uid=10065 pid=1415)
D/dalvikvm(  456): GC_CONCURRENT freed 449K, 6% free 9997K/10567K, paused 3ms+4ms
D/ConnectivityService(  148): handleInetConditionHoldEnd: net=0, condition=100, published condition=0
D/AudioHardware(   81): AudioHardware pcm playback is exiting standby.
D/AudioHardware(   81): openPcmOut_l() mPcmOpenCnt: 0
D/dalvikvm(  343): GC_FOR_ALLOC freed 4059K, 33% free 12596K/18759K, paused 29ms
D/dalvikvm(  343): GC_CONCURRENT freed 615K, 30% free 13158K/18759K, paused 3ms+5ms
D/dalvikvm(  343): GC_FOR_ALLOC freed 1024K, 34% free 12390K/18759K, paused 25ms
I/dalvikvm-heap(  343): Grow heap (frag case) to 13.403MB for 1286224-byte allocation
D/dalvikvm(  343): GC_FOR_ALLOC freed 5K, 28% free 13641K/18759K, paused 40ms
D/dalvikvm(  343): GC_CONCURRENT freed 286K, 22% free 14757K/18759K, paused 2ms+4ms
D/dalvikvm(  343): GC_FOR_ALLOC freed 2495K, 27% free 13844K/18759K, paused 25ms
D/dalvikvm(  343): GC_FOR_ALLOC freed 1085K, 25% free 14108K/18759K, paused 25ms
D/dalvikvm(  343): GC_CONCURRENT freed 15K, 17% free 15728K/18759K, paused 3ms+6ms
D/dalvikvm(  343): GC_FOR_ALLOC freed 2907K, 23% free 14593K/18759K, paused 26ms
D/dalvikvm(  343): GC_FOR_ALLOC freed 2K, 19% free 15347K/18759K, paused 26ms
I/dalvikvm-heap(  343): Grow heap (frag case) to 16.726MB for 1742416-byte allocation
D/dalvikvm(  343): GC_FOR_ALLOC freed 0K, 17% free 17049K/20487K, paused 21ms
D/dalvikvm(  314): GC_CONCURRENT freed 417K, 6% free 9506K/10055K, paused 2ms+7ms
D/dalvikvm(  343): GC_FOR_ALLOC freed 4309K, 30% free 14518K/20487K, paused 28ms
D/dalvikvm(  343): GC_FOR_ALLOC freed 1061K, 31% free 14285K/20487K, paused 24ms
D/dalvikvm(  343): GC_CONCURRENT freed 2208K, 33% free 13786K/20487K, paused 3ms+5ms
D/dalvikvm(  343): GC_FOR_ALLOC freed 2K, 30% free 14541K/20487K, paused 22ms
D/dalvikvm(  343): GC_FOR_ALLOC freed 759K, 25% free 15484K/20487K, paused 21ms
D/dalvikvm(  343): GC_FOR_ALLOC freed 1704K, 29% free 14607K/20487K, paused 24ms
W/NetworkStats(  148): dropping UID delta from unknown iface: iface=wlan0 uid=0 set=DEFAULT tag=0x0 rxBytes=0 rxPackets=0 txBytes=140 txPackets=2 operations=0
D/dalvikvm(  148): GC_CONCURRENT freed 790K, 11% free 12616K/14023K, paused 2ms+5ms
D/AudioHardware(   81): AudioHardware pcm playback is going to standby.
D/AudioHardware(   81): closePcmOut_l() mPcmOpenCnt: 1
D/dalvikvm(  343): GC_CONCURRENT freed 2710K, 34% free 13633K/20487K, paused 4ms+6ms
W/Smack/Packet(  456): notify conn break (IOEx), close connection
D/ConnectivityService(  148): handleInetConditionHoldEnd: net=0, condition=0, published condition=100
D/dalvikvm(  148): GC_EXPLICIT freed 179K, 11% free 12555K/14023K, paused 2ms+5ms
I/GTalkService/c(  456): [AndroidEndpoint@1094639968] connect: acct=1000000, state=CONNECTING
D/ConnectivityService(  148): handleInetConditionHoldEnd: net=0, condition=100, published condition=0
D/dalvikvm(  343): GC_CONCURRENT freed 1271K, 33% free 13774K/20487K, paused 12ms+13ms
D/AudioHardware(   81): AudioHardware pcm playback is exiting standby.
D/AudioHardware(   81): openPcmOut_l() mPcmOpenCnt: 0
D/dalvikvm(  343): GC_FOR_ALLOC freed 38K, 26% free 15180K/20487K, paused 23ms
D/dalvikvm(  343): GC_CONCURRENT freed 1719K, 25% free 15382K/20487K, paused 3ms+6ms
D/AudioHardware(   81): AudioHardware pcm playback is going to standby.
D/AudioHardware(   81): closePcmOut_l() mPcmOpenCnt: 1
D/AudioHardware(   81): AudioHardware pcm playback is exiting standby.
D/AudioHardware(   81): openPcmOut_l() mPcmOpenCnt: 0
D/AudioHardware(   81): AudioHardware pcm playback is going to standby.
D/AudioHardware(   81): closePcmOut_l() mPcmOpenCnt: 1
D/AudioHardware(   81): AudioHardware pcm playback is exiting standby.
D/AudioHardware(   81): openPcmOut_l() mPcmOpenCnt: 0
I/ActivityManager(  148): START {act=android.intent.action.MAIN cat=[android.intent.category.LAUNCHER] flg=0x10200000 cmp=edu.mit.csail.diplomamatrix/.StatusActivity bnds=[69,389][180,512]} from pid 343
D/dalvikvm( 1699): Late-enabling CheckJNI
I/ActivityManager(  148): Start proc edu.mit.csail.diplomamatrix for activity edu.mit.csail.diplomamatrix/.StatusActivity: pid=1699 uid=10067 gids={1006, 1015, 3003}
I/dalvikvm( 1699): Turning on JNI app bug workarounds for target SDK version 4...
D/OpenGLRenderer(  343): Flushing caches (mode 1)
I/StatusActivity( 1699): 1333620258138: *** Opened log file for writing ***
I/StatusActivity( 1699): 1333620258141: Android build: Nexus S
I/StatusActivity( 1699): 1333620258142: NET_NAME set to: wlan0
I/StatusActivity( 1699): 1333620258142: starting Mux with id = -1
I/StatusActivity( 1699): 1333620258145: areButtonsEnabled --> true
I/StatusActivity( 1699): 1333620258147: *** Application started ***
I/StatusActivity( 1699): 1333620258148: HI I'm in ONRESUME()
I/StatusActivity( 1699): 1333620258150: SAMPLING_DISTANCE : 1, SAMPLING_DURATION : 1000
I/StatusActivity( 1699): 1333620258155: ************ GPS turned OFF *************
I/Mux.java( 1699): run() beginning -------------
D/Mux     ( 1699): Mux started
E/NetworkThread( 1699): can't determine local IP address: java.lang.NullPointerException
W/dalvikvm( 1699): threadid=11: thread exiting with uncaught exception (group=0x40a381f8)
E/AndroidRuntime( 1699): FATAL EXCEPTION: Thread-192
E/AndroidRuntime( 1699): java.lang.NullPointerException
E/AndroidRuntime( 1699): 	at edu.mit.csail.diplomamatrix.NetworkThread.closeSocket(NetworkThread.java:100)
E/AndroidRuntime( 1699): 	at edu.mit.csail.diplomamatrix.NetworkThread.<init>(NetworkThread.java:69)
E/AndroidRuntime( 1699): 	at edu.mit.csail.diplomamatrix.Mux.onStart(Mux.java:153)
E/AndroidRuntime( 1699): 	at edu.mit.csail.diplomamatrix.Mux.run(Mux.java:249)
W/ActivityManager(  148):   Force finishing activity edu.mit.csail.diplomamatrix/.StatusActivity
I/dalvikvm(  148): Jit: resizing JitTable from 8192 to 16384
I/CameraSurfaceView( 1699): inside surfaceCreated()
I/CameraSurfaceView( 1699): opening Camera.open()
I/CameraService(   81): Opening camera 0
