--------- beginning of /dev/log/main
I/DEBUG   (   76): debuggerd: Dec 16 2011 08:29:07
--------- beginning of /dev/log/system
I/Vold    (   72): Vold 2.1 (the revenge) firing up
I/Netd    (   75): Netd 1.0 starting
D/Vold    (   72): Volume sdcard state changing -1 (Initializing) -> 0 (No-Media)
D/Vold    (   72): Volume sdcard state changing 0 (No-Media) -> 2 (Pending)
D/Vold    (   72): Volume sdcard state changing 2 (Pending) -> 1 (Idle-Unmounted)
W/Vold    (   72): Duplicate state (1)
W/Vold    (   72): Duplicate state (1)
W/Vold    (   72): Duplicate state (1)
W/Vold    (   72): Duplicate state (1)
I/        (   80): ServiceManager: 0x1912910
D/AndroidRuntime(   79): 
D/AndroidRuntime(   79): >>>>>> AndroidRuntime START com.android.internal.os.ZygoteInit <<<<<<
D/AndroidRuntime(   79): CheckJNI is OFF
I/recovery(  131): Recovery image already installed 
I/SurfaceFlinger(   78): SurfaceFlinger is starting
I/SurfaceFlinger(   78): SurfaceFlinger's main thread ready to run. Initializing graphics H/W...
I/        (   81): ServiceManager: 0x1ee8958
I/AudioFlinger(   81): Loaded primary audio interface from LEGACY Audio HW HAL (audio)
I/AudioFlinger(   81): Using 'LEGACY Audio HW HAL' (audio.primary) as the primary audio interface
I/AudioFlinger(   81): Loaded a2dp audio interface from A2DP Audio HW HAL (audio)
D/AudioHardwareInterface(   81): setMode(NORMAL)
I/CameraService(   81): CameraService started (pid=81)
I/AudioFlinger(   81): AudioFlinger's thread 0x1ee99a8 ready to run
W/AudioFlinger(   81): Thread AudioOut_1 cannot connect to the power manager service
D/AudioHardware(   81): AudioStreamOutALSA::setParameters() routing=2
D/AudioHardware(   81): ### setVoiceVolume_l
I/AudioPolicyService(   81): Loaded audio policy from LEGACY Audio Policy HAL (audio_policy)
D/libEGL  (   78): loaded /system/lib/egl/libGLES_android.so
D/libEGL  (   78): loaded /vendor/lib/egl/libEGL_POWERVR_SGX540_120.so
D/libEGL  (   78): loaded /vendor/lib/egl/libGLESv1_CM_POWERVR_SGX540_120.so
D/libEGL  (   78): loaded /vendor/lib/egl/libGLESv2_POWERVR_SGX540_120.so
I/SurfaceFlinger(   78): EGL informations:
I/SurfaceFlinger(   78): # of configs : 30
I/SurfaceFlinger(   78): vendor    : Android
I/SurfaceFlinger(   78): version   : 1.4 Android META-EGL
I/SurfaceFlinger(   78): extensions: EGL_KHR_image EGL_KHR_image_base EGL_KHR_image_base EGL_KHR_gl_texture_2D_image EGL_KHR_gl_texture_cubemap_image EGL_KHR_gl_renderbuffer_image EGL_KHR_fence_sync EGL_ANDROID_image_native_buffer EGL_ANDROID_image_native_buffer 
I/SurfaceFlinger(   78): Client API: OpenGL ES
I/SurfaceFlinger(   78): EGLSurface: 8-8-8-8, config=0x1
I/SurfaceFlinger(   78): OpenGL informations:
I/SurfaceFlinger(   78): vendor    : Imagination Technologies
I/SurfaceFlinger(   78): renderer  : PowerVR SGX 540
I/SurfaceFlinger(   78): version   : OpenGL ES-CM 1.1
I/SurfaceFlinger(   78): extensions: GL_OES_byte_coordinates GL_OES_fixed_point GL_OES_single_precision GL_OES_matrix_get GL_OES_read_format GL_OES_compressed_paletted_texture GL_OES_point_sprite GL_OES_point_size_array GL_OES_matrix_palette GL_OES_draw_texture GL_OES_query_matrix GL_OES_texture_env_crossbar GL_OES_texture_mirrored_repeat GL_OES_texture_cube_map GL_OES_blend_subtract GL_OES_blend_func_separate GL_OES_blend_equation_separate GL_OES_stencil_wrap GL_OES_extended_matrix_palette GL_OES_framebuffer_object GL_OES_rgb8_rgba8 GL_OES_depth24 GL_OES_stencil8 GL_OES_compressed_ETC1_RGB8_texture GL_OES_mapbuffer GL_OES_EGL_image GL_OES_EGL_image_external GL_EXT_multi_draw_arrays GL_OES_required_internalformat GL_IMG_read_format GL_IMG_texture_compression_pvrtc GL_IMG_texture_format_BGRA8888 GL_EXT_texture_format_BGRA8888 GL_OES_egl_sync GL_IMG_vertex_array_object
I/SurfaceFlinger(   78): GL_MAX_TEXTURE_SIZE = 2048
I/SurfaceFlinger(   78): GL_MAX_VIEWPORT_DIMS = 2048 x 2048
I/SurfaceFlinger(   78): flags = 00010000
I/hwcomposer(   78): int hwc_device_open(const hw_module_t*, const char*, hw_device_t**)::win-0 add[0] 4b7af000 
I/hwcomposer(   78): int hwc_device_open(const hw_module_t*, const char*, hw_device_t**)::win-0 add[1] 4b926000 
I/hwcomposer(   78): int hwc_device_open(const hw_module_t*, const char*, hw_device_t**)::win-0 add[2] 4ba9d000 
D/hwcomposer(   78): int hwc_device_open(const hw_module_t*, const char*, hw_device_t**):: success
D/libEGL  (  142): loaded /system/lib/egl/libGLES_android.so
D/libEGL  (  142): loaded /vendor/lib/egl/libEGL_POWERVR_SGX540_120.so
D/libEGL  (  142): loaded /vendor/lib/egl/libGLESv1_CM_POWERVR_SGX540_120.so
D/libEGL  (  142): loaded /vendor/lib/egl/libGLESv2_POWERVR_SGX540_120.so
I/SamplingProfilerIntegration(   79): Profiling disabled.
I/Zygote  (   79): Preloading classes...
D/dalvikvm(   79): GC_EXPLICIT freed 36K, 85% free 408K/2560K, paused 1ms+1ms
D/dalvikvm(   79): GC_EXPLICIT freed 4K, 82% free 473K/2560K, paused 0ms+1ms
D/dalvikvm(   79): GC_EXPLICIT freed 20K, 81% free 509K/2560K, paused 0ms+1ms
D/dalvikvm(   79): GC_EXPLICIT freed 27K, 80% free 536K/2560K, paused 0ms+1ms
D/dalvikvm(   79): GC_EXPLICIT freed 15K, 78% free 576K/2560K, paused 0ms+1ms
D/dalvikvm(   79): GC_EXPLICIT freed 27K, 77% free 603K/2560K, paused 0ms+5ms
D/dalvikvm(   79): GC_EXPLICIT freed 30K, 76% free 635K/2560K, paused 0ms+0ms
D/TextLayoutCache(   79): Using debug level: 0 - Debug Enabled: 0
W/Zygote  (   79): Class not found for preloading: android.media.AudioManager$2
I/dalvikvm(   79): threadid=1: recursive native library load attempt (/system/lib/libmedia_jni.so)
D/MtpDeviceJNI(   79): register_android_mtp_MtpDevice
I/dalvikvm(   79): threadid=1: recursive native library load attempt (/system/lib/libmedia_jni.so)
I/dalvikvm(   79): threadid=1: recursive native library load attempt (/system/lib/libmedia_jni.so)
W/Zygote  (   79): Class not found for preloading: android.media.IRemoteControlClientDispatcher
W/Zygote  (   79): Class not found for preloading: android.media.IRemoteControlClientDispatcher$Stub
D/dalvikvm(   79): GC_EXPLICIT freed 20K, 74% free 672K/2560K, paused 13ms+1ms
D/dalvikvm(   79): GC_FOR_ALLOC freed 215K, 63% free 968K/2560K, paused 33ms
D/dalvikvm(   79): GC_EXPLICIT freed 45K, 61% free 1023K/2560K, paused 1ms+1ms
D/dalvikvm(   79): GC_EXPLICIT freed 27K, 59% free 1052K/2560K, paused 1ms+1ms
D/dalvikvm(   79): GC_EXPLICIT freed 8K, 58% free 1100K/2560K, paused 1ms+1ms
D/dalvikvm(   79): GC_EXPLICIT freed 23K, 55% free 1166K/2560K, paused 1ms+3ms
D/dalvikvm(   79): GC_EXPLICIT freed 48K, 44% free 1444K/2560K, paused 1ms+8ms
W/Zygote  (   79): Class not found for preloading: android.text.TextDirectionHeuristics$CharCount
W/Zygote  (   79): Class not found for preloading: android.text.method.WordIterator$1
D/dalvikvm(   79): GC_EXPLICIT freed 35K, 43% free 1479K/2560K, paused 1ms+2ms
D/dalvikvm(   79): GC_EXPLICIT freed 31K, 42% free 1501K/2560K, paused 1ms+4ms
I/dalvikvm(   79): threadid=1: recursive native library load attempt (/system/lib/libwebcore.so)
D/dalvikvm(   79): No JNI_OnLoad found in /system/lib/libchromium_net.so 0x0, skipping init
D/dalvikvm(   79): GC_EXPLICIT freed 26K, 40% free 1549K/2560K, paused 2ms+2ms
W/Zygote  (   79): Class not found for preloading: android.widget.EdgeGlow
D/dalvikvm(   79): GC_EXPLICIT freed 25K, 39% free 1578K/2560K, paused 2ms+2ms
D/dalvikvm(   79): GC_EXPLICIT freed 71K, 37% free 1624K/2560K, paused 8ms+1ms
E/PhonePolicy(   79): Could not preload class for phone policy: com.android.internal.policy.impl.PhoneWindow$ContextMenuCallback
D/dalvikvm(   79): GC_EXPLICIT freed 33K, 36% free 1646K/2560K, paused 1ms+5ms
D/dalvikvm(   79): GC_EXPLICIT freed 28K, 35% free 1674K/2560K, paused 2ms+2ms
D/dalvikvm(   79): GC_EXPLICIT freed 26K, 34% free 1705K/2560K, paused 5ms+8ms
D/dalvikvm(   79): GC_EXPLICIT freed 32K, 33% free 1730K/2560K, paused 2ms+1ms
D/dalvikvm(   79): GC_EXPLICIT freed 31K, 32% free 1758K/2560K, paused 16ms+3ms
D/dalvikvm(   79): GC_EXPLICIT freed 71K, 30% free 1814K/2560K, paused 2ms+15ms
D/dalvikvm(   79): GC_EXPLICIT freed 39K, 29% free 1830K/2560K, paused 4ms+1ms
I/System  (   79): Loaded time zone names for  in 1377ms (1369ms in ICU)
I/System  (   79): Loaded time zone names for en_US in 1076ms (1070ms in ICU)
D/dalvikvm(   79): GC_EXPLICIT freed 324K, 24% free 1947K/2560K, paused 1ms+2ms
D/dalvikvm(   79): GC_EXPLICIT freed 15K, 22% free 2008K/2560K, paused 4ms+1ms
D/dalvikvm(   79): GC_EXPLICIT freed 51K, 21% free 2039K/2560K, paused 5ms+1ms
D/dalvikvm(   79): GC_EXPLICIT freed 28K, 20% free 2069K/2560K, paused 4ms+1ms
D/dalvikvm(   79): GC_EXPLICIT freed 37K, 19% free 2086K/2560K, paused 16ms+2ms
D/dalvikvm(   79): GC_EXPLICIT freed 32K, 18% free 2108K/2560K, paused 1ms+2ms
I/Zygote  (   79): ...preloaded 2297 classes in 5934ms.
D/dalvikvm(   79): GC_EXPLICIT freed 22K, 18% free 2113K/2560K, paused 1ms+2ms
I/Zygote  (   79): Preloading resources...
D/dalvikvm(   79): GC_EXPLICIT freed 1K, 15% free 2197K/2560K, paused 1ms+1ms
D/dalvikvm(   79): GC_EXPLICIT freed 1K, 12% free 2266K/2560K, paused 1ms+1ms
D/dalvikvm(   79): GC_EXPLICIT freed 1K, 9% free 2334K/2560K, paused 2ms+1ms
D/dalvikvm(   79): GC_EXPLICIT freed 1K, 7% free 2386K/2560K, paused 1ms+16ms
D/dalvikvm(   79): GC_EXPLICIT freed 2K, 8% free 2433K/2627K, paused 9ms+2ms
D/dalvikvm(   79): GC_EXPLICIT freed 2K, 8% free 2494K/2691K, paused 1ms+2ms
D/dalvikvm(   79): GC_EXPLICIT freed 2K, 6% free 2546K/2691K, paused 2ms+10ms
D/dalvikvm(   79): GC_EXPLICIT freed 2K, 6% free 2600K/2755K, paused 2ms+1ms
D/dalvikvm(   79): GC_EXPLICIT freed 2K, 6% free 2654K/2819K, paused 2ms+1ms
D/dalvikvm(   79): GC_EXPLICIT freed 3K, 6% free 2711K/2883K, paused 13ms+2ms
D/dalvikvm(   79): GC_EXPLICIT freed 2K, 7% free 2762K/2947K, paused 1ms+1ms
D/dalvikvm(   79): GC_EXPLICIT freed 2K, 5% free 2818K/2947K, paused 1ms+2ms
D/dalvikvm(   79): GC_EXPLICIT freed 2K, 5% free 2870K/3011K, paused 1ms+1ms
D/dalvikvm(   79): GC_EXPLICIT freed 3K, 5% free 2925K/3075K, paused 1ms+1ms
D/dalvikvm(   79): GC_EXPLICIT freed 2K, 6% free 2981K/3139K, paused 5ms+2ms
D/dalvikvm(   79): GC_EXPLICIT freed 2K, 6% free 3031K/3203K, paused 2ms+2ms
D/dalvikvm(   79): GC_EXPLICIT freed 2K, 4% free 3084K/3203K, paused 14ms+2ms
D/dalvikvm(   79): GC_EXPLICIT freed 2K, 4% free 3142K/3267K, paused 2ms+2ms
D/dalvikvm(   79): GC_EXPLICIT freed 2K, 5% free 3190K/3331K, paused 2ms+2ms
D/dalvikvm(   79): GC_EXPLICIT freed 2K, 4% free 3265K/3395K, paused 1ms+1ms
D/dalvikvm(   79): GC_EXPLICIT freed 1K, 4% free 3334K/3459K, paused 2ms+9ms
D/dalvikvm(   79): GC_EXPLICIT freed 1K, 4% free 3388K/3523K, paused 2ms+2ms
D/dalvikvm(   79): GC_EXPLICIT freed 2K, 4% free 3445K/3587K, paused 1ms+1ms
D/dalvikvm(   79): GC_EXPLICIT freed 2K, 5% free 3501K/3651K, paused 1ms+2ms
D/dalvikvm(   79): GC_EXPLICIT freed 2K, 3% free 3557K/3651K, paused 1ms+1ms
D/dalvikvm(   79): GC_EXPLICIT freed 5K, 3% free 3609K/3715K, paused 9ms+2ms
D/dalvikvm(   79): GC_EXPLICIT freed 2K, 4% free 3666K/3779K, paused 1ms+1ms
D/dalvikvm(   79): GC_EXPLICIT freed 4K, 4% free 3719K/3843K, paused 2ms+2ms
D/dalvikvm(   79): GC_EXPLICIT freed 2K, 2% free 3772K/3843K, paused 2ms+2ms
D/dalvikvm(   79): GC_EXPLICIT freed 2K, 3% free 3827K/3907K, paused 1ms+13ms
D/dalvikvm(   79): GC_EXPLICIT freed 10K, 2% free 3929K/3971K, paused 2ms+2ms
D/dalvikvm(   79): GC_EXPLICIT freed 6K, 3% free 4007K/4099K, paused 18ms+2ms
D/dalvikvm(   79): GC_EXPLICIT freed 3K, 3% free 4072K/4163K, paused 2ms+1ms
D/dalvikvm(   79): GC_EXPLICIT freed 2K, 1% free 4123K/4163K, paused 1ms+1ms
D/dalvikvm(   79): GC_EXPLICIT freed 3K, 1% free 4207K/4227K, paused 2ms+2ms
D/dalvikvm(   79): GC_EXPLICIT freed 3K, 2% free 4291K/4355K, paused 2ms+11ms
D/dalvikvm(   79): GC_EXPLICIT freed 4K, 1% free 4341K/4355K, paused 2ms+2ms
D/dalvikvm(   79): GC_EXPLICIT freed 2K, 1% free 4393K/4419K, paused 2ms+10ms
D/dalvikvm(   79): GC_EXPLICIT freed 1K, 1% free 4463K/4483K, paused 4ms+1ms
D/dalvikvm(   79): GC_EXPLICIT freed 1K, 2% free 4555K/4611K, paused 1ms+1ms
D/dalvikvm(   79): GC_EXPLICIT freed <1K, 2% free 5176K/5251K, paused 2ms+2ms
D/dalvikvm(   79): GC_EXPLICIT freed 2K, 1% free 5236K/5251K, paused 1ms+2ms
D/dalvikvm(   79): GC_EXPLICIT freed 4K, 1% free 5288K/5315K, paused 14ms+2ms
D/dalvikvm(   79): GC_EXPLICIT freed 1K, 1% free 5345K/5379K, paused 2ms+2ms
D/dalvikvm(   79): GC_EXPLICIT freed <1K, 1% free 5400K/5443K, paused 2ms+1ms
D/dalvikvm(   79): GC_EXPLICIT freed <1K, 1% free 5456K/5507K, paused 5ms+2ms
D/dalvikvm(   79): GC_EXPLICIT freed 6K, 2% free 5893K/5955K, paused 2ms+2ms
D/dalvikvm(   79): GC_EXPLICIT freed 5K, 1% free 5992K/6019K, paused 1ms+2ms
D/dalvikvm(   79): GC_EXPLICIT freed 3K, 1% free 6043K/6083K, paused 1ms+2ms
D/dalvikvm(   79): GC_EXPLICIT freed 5K, 2% free 7078K/7171K, paused 1ms+2ms
D/dalvikvm(   79): GC_EXPLICIT freed 2K, 2% free 8101K/8259K, paused 1ms+2ms
D/dalvikvm(   79): GC_EXPLICIT freed 3K, 2% free 8163K/8259K, paused 1ms+2ms
D/dalvikvm(   79): GC_EXPLICIT freed 3K, 1% free 8216K/8259K, paused 1ms+2ms
D/dalvikvm(   79): GC_EXPLICIT freed 4K, 1% free 8263K/8323K, paused 2ms+4ms
D/dalvikvm(   79): GC_EXPLICIT freed 4K, 1% free 8313K/8323K, paused 2ms+2ms
D/dalvikvm(   79): GC_EXPLICIT freed 3K, 1% free 8360K/8387K, paused 2ms+1ms
D/dalvikvm(   79): GC_EXPLICIT freed 3K, 1% free 8417K/8451K, paused 1ms+1ms
D/dalvikvm(   79): GC_EXPLICIT freed 2K, 1% free 8483K/8515K, paused 1ms+1ms
D/dalvikvm(   79): GC_EXPLICIT freed 1K, 1% free 8551K/8579K, paused 1ms+2ms
D/dalvikvm(   79): GC_EXPLICIT freed 1K, 1% free 8617K/8643K, paused 1ms+1ms
D/dalvikvm(   79): GC_EXPLICIT freed 3K, 1% free 8669K/8707K, paused 2ms+2ms
D/dalvikvm(   79): GC_EXPLICIT freed 3K, 1% free 8718K/8771K, paused 1ms+2ms
D/dalvikvm(   79): GC_EXPLICIT freed 3K, 1% free 8767K/8835K, paused 1ms+2ms
D/dalvikvm(   79): GC_EXPLICIT freed 2K, 1% free 8816K/8835K, paused 1ms+1ms
D/dalvikvm(   79): GC_EXPLICIT freed 1K, 1% free 8866K/8899K, paused 2ms+2ms
D/dalvikvm(   79): GC_EXPLICIT freed 1K, 1% free 8961K/9027K, paused 2ms+2ms
D/dalvikvm(   79): GC_EXPLICIT freed 6K, 1% free 9024K/9091K, paused 2ms+2ms
I/Zygote  (   79): ...preloaded 379 resources in 2568ms.
I/Zygote  (   79): ...preloaded 31 resources in 10ms.
D/dalvikvm(   79): GC_EXPLICIT freed 25K, 1% free 9025K/9091K, paused 1ms+2ms
D/dalvikvm(   79): GC_EXPLICIT freed 9K, 1% free 9016K/9091K, paused 1ms+1ms
D/dalvikvm(   79): GC_EXPLICIT freed <1K, 1% free 9016K/9091K, paused 1ms+2ms
I/dalvikvm(   79): System server process 157 has been created
I/Zygote  (   79): Accepting command socket connections
I/sysproc (  157): Entered system_init()
I/sysproc (  157): ServiceManager: 0xb74708
D/SensorService(  157): nuSensorService starting...
E/AKMD2   (  157): libkam : Unable to load settings file, using defaults.
I/SensorService(  157): KR3DM 3-axis Accelerometer
I/SensorService(  157): AK8973 3-axis Magnetic field sensor
I/SensorService(  157): AK8973 Orientation sensor
I/SensorService(  157): GP2A Light sensor
I/SensorService(  157): GP2A Proximity sensor
I/SensorService(  157): K3G Gyroscope sensor
I/sysproc (  157): System server: starting Android runtime.
I/sysproc (  157): System server: starting Android services.
I/SystemServer(  157): Entered the Android system server!
D/SensorService(  157): nuSensorService thread starting...
I/sysproc (  157): System server: entering thread pool.
I/SystemServer(  157): Entropy Service
I/SystemServer(  157): Power Manager
I/SystemServer(  157): Activity Manager
I/ActivityManager(  157): Memory class: 48
I/UsageStats(  157): Deleting usage file : usage-20120215
D/dalvikvm(  157): GC_CONCURRENT freed 162K, 3% free 9374K/9607K, paused 2ms+3ms
I/SystemServer(  157): Telephony Registry
I/SystemServer(  157): Package Manager
D/dalvikvm(  157): GC_CONCURRENT freed 471K, 6% free 9445K/9991K, paused 2ms+2ms
D/dalvikvm(  157): GC_CONCURRENT freed 404K, 5% free 9500K/9991K, paused 3ms+2ms
D/dalvikvm(  157): GC_CONCURRENT freed 253K, 4% free 9699K/10055K, paused 4ms+2ms
W/PackageParser(  157): No actions in intent filter at /system/app/Bluetooth.apk Binary XML file line #125
W/PackageParser(  157): No actions in intent filter at /system/app/Contacts.apk Binary XML file line #525
D/dalvikvm(  157): GC_CONCURRENT freed 155K, 3% free 9997K/10247K, paused 3ms+4ms
W/PackageParser(  157): Unknown element under <manifest>: supports-gl-texture at /system/app/GoogleEarth.apk Binary XML file line #3
W/ResourceType(  157): Failure getting entry for 0x7f02004b (t=1 e=75) in package 0 (error -75)
I/ActivityManager(  157): Start proc com.google.android.apps.maps:NetworkLocationService for service com.google.android.apps.maps/com.google.android.location.internal.server.NetworkLocationService: pid=754 uid=10032 gids={3003, 1015}
D/dalvikvm(  157): GC_CONCURRENT freed 227K, 4% free 10215K/10567K, paused 2ms+4ms
I/ActivityManager(  157): Start proc com.android.mms for broadcast com.android.mms/.transaction.MmsSystemEventReceiver: pid=766 uid=10036 gids={3003, 1015}
D/dalvikvm(  157): GC_CONCURRENT freed 202K, 3% free 10459K/10759K, paused 2ms+3ms
D/CountryDetectorService(  157): The first listener is added
I/PackageManager(  157): Package com.android.vending at /system/app/Phonesky.apk ignored: updated version 8010004 better than this 8009012
W/ActivityManager(  157): Permission Denial: receiving Intent { act=android.intent.action.BOOT_COMPLETED flg=0x10 } to com.android.musicfx requires android.permission.RECEIVE_BOOT_COMPLETED due to sender null (uid 1000)
D/dalvikvm(  157): GC_CONCURRENT freed 176K, 3% free 10739K/11015K, paused 12ms+3ms
I/ActivityManager(  157): Start proc com.google.android.onetimeinitializer for broadcast com.google.android.onetimeinitializer/.OneTimeInitializerReceiver: pid=790 uid=10040 gids={}
D/dalvikvm(  157): GC_CONCURRENT freed 238K, 3% free 10946K/11271K, paused 2ms+4ms
I/ActivityManager(  157): Start proc com.google.android.talk for broadcast com.google.android.talk/.videochat.BootCompleteReceiver: pid=806 uid=10050 gids={3003, 1015, 1006, 3002}
W/ResourceType(  157): Failure getting entry for 0x7f0c0017 (t=11 e=23) in package 0 (error -75)
D/ConnectivityService(  157): handleInetConditionChange: no active default network - ignore
D/PackageManager(  157): No files in app dir /vendor/app
I/ActivityManager(  157): Start proc com.google.android.videos for broadcast com.google.android.videos/com.google.android.youtube.videos.transfer.VideoDownloadService$BootReceiver: pid=825 uid=10053 gids={3003, 1015}
I/installd(   83): new connection
I/Installer(  157): connecting...
I/PackageParser(  157): com.googlecode.android.wifi.tether: compat added android.permission.WRITE_EXTERNAL_STORAGE android.permission.READ_PHONE_STATE
I/PackageParser(  157): edu.mit.haoqili.camera_cloud: compat added android.permission.READ_PHONE_STATE
I/PackageParser(  157): edu.mit.csail.diplomamatrix: compat added android.permission.READ_PHONE_STATE
I/PackageManager(  157): Time to scan packages: 3.642 seconds
W/PackageManager(  157): Not granting permission android.permission.SEND_DOWNLOAD_COMPLETED_INTENTS to package com.google.android.browser (protectionLevel=2 flags=0x9be45)
W/PackageManager(  157): Unknown permission com.android.vending.permission.UPDATE_MARKET_FAILURE in package com.android.vending.updater
W/PackageManager(  157): Unknown permission android.permission.ADD_SYSTEM_SERVICE in package com.android.phone
W/PackageManager(  157): Unknown permission com.android.smspush.WAPPUSH_MANAGER_BIND in package com.android.phone
W/PackageManager(  157): Unknown permission com.android.vending.billing.IBillingAccountService.BIND2 in package com.google.android.gsf.login
W/PackageManager(  157): Not granting permission android.permission.DEVICE_POWER to package com.google.android.deskclock (protectionLevel=2 flags=0x8be45)
W/PackageManager(  157): Unknown permission android.permission.READ_OWNER_DATA in package com.google.android.setupwizard
W/PackageManager(  157): Unknown permission android.permission.WRITE_OWNER_DATA in package com.google.android.setupwizard
W/PackageManager(  157): Not granting permission com.google.android.gm.permission.READ_GMAIL to package com.google.android.apps.uploader (protectionLevel=2 flags=0x8be45)
W/PackageManager(  157): Unknown permission android.permission.READ_EXTERNAL_STORAGE in package com.android.vending
W/PackageManager(  157): Not granting permission android.permission.SEND_DOWNLOAD_COMPLETED_INTENTS to package com.android.vending (protectionLevel=2 flags=0xabec5)
W/PackageManager(  157): Not granting permission android.permission.ACCOUNT_MANAGER to package com.google.android.music (protectionLevel=2 flags=0x8be65)
W/PackageManager(  157): Unknown permission com.android.providers.im.permission.READ_ONLY in package com.google.android.apps.maps
W/PackageManager(  157): Unknown permission android.permission.READ_EXTERNAL_STORAGE in package com.google.android.videoeditor
W/PackageManager(  157): Unknown permission com.google.android.apps.googlevoice.REMOTE_INTENT in package com.google.android.apps.googlevoice
W/PackageManager(  157): Unknown permission com.google.android.permission.RECEIVE_DATA_MESSAGE in package com.google.android.apps.googlevoice
W/PackageManager(  157): Unknown permission com.google.android.permission.SEND_DATA_MESSAGE in package com.google.android.apps.googlevoice
D/PhoneStatusBar(  228): disable: < expand icons alerts ticker system_info BACK HOME recent* CLOCK >
D/dalvikvm(  157): GC_CONCURRENT freed 388K, 4% free 11132K/11591K, paused 1ms+3ms
D/PhoneStatusBar(  228): disable: < expand icons alerts ticker system_info back* home* recent clock* >
D/dalvikvm(  157): GC_EXPLICIT freed 233K, 6% free 10994K/11655K, paused 3ms+3ms
I/SystemServer(  157): Account Manager
I/ActivityManager(  157): Start proc com.android.voicedialer for broadcast com.android.voicedialer/.VoiceDialerReceiver: pid=864 uid=10055 gids={3002}
D/PackageManager(  157): generateServicesMap(android.accounts.AccountAuthenticator): 3 services unchanged
I/SystemServer(  157): Content Manager
W/ActivityManager(  157): Permission Denial: receiving Intent { act=android.intent.action.BOOT_COMPLETED flg=0x10 } to com.google.android.youtube requires android.permission.RECEIVE_BOOT_COMPLETED due to sender null (uid 1000)
D/PackageManager(  157): generateServicesMap(android.content.SyncAdapter): 14 services unchanged
I/SystemServer(  157): System Content Providers
W/ActivityManager(  157): Permission Denial: receiving Intent { act=android.intent.action.BOOT_COMPLETED flg=0x10 } to com.google.android.youtube requires android.permission.RECEIVE_BOOT_COMPLETED due to sender null (uid 1000)
I/ActivityThread(  157): Pub settings: com.android.providers.settings.SettingsProvider
I/ActivityManager(  157): Start proc com.google.android.apps.googlevoice for broadcast com.google.android.apps.googlevoice/.BootUpReceiver: pid=877 uid=10058 gids={3003, 1015}
D/SettingsProvider(  157): cache for settings table 'secure' rows=47; fullycached=true
I/ActivityManager(  157): No longer want com.google.android.inputmethod.latin.dictionarypack (pid 412): hidden #16
D/SettingsProvider(  157): cache for settings table 'system' rows=54; fullycached=true
I/SystemServer(  157): Lights Service
I/ActivityManager(  157): Start proc com.google.android.calendar for broadcast com.google.android.calendar/com.android.calendar.widget.CalendarAppWidgetService$CalendarFactory: pid=892 uid=10006 gids={3003}
D/dalvikvm(  157): GC_CONCURRENT freed 263K, 4% free 11238K/11655K, paused 2ms+4ms
I/SystemServer(  157): Battery Service
I/SystemServer(  157): Vibrator Service
I/ActivityManager(  157): No longer want com.android.contacts (pid 569): hidden #16
I/power   (  157): *** set_screen_state 1
I/ActivityManager(  157): Start proc com.google.android.apps.maps:LocationFriendService for broadcast com.google.android.apps.maps/com.google.googlenav.friend.reporting.LocationReportingIntentReceiver: pid=914 uid=10032 gids={3003, 1015}
D/AlarmManagerService(  157): Kernel timezone updated to 240 minutes west of GMT
I/SystemServer(  157): Alarm Manager
I/SystemServer(  157): Init Watchdog
I/SystemServer(  157): Window Manager
I/InputManager(  157): Initializing input manager
W/StatusBarManager(  157): warning: no STATUS_BAR_SERVICE
I/InputManager(  157): Starting input manager
I/SystemServer(  157): Bluetooth Service
I/ActivityManager(  157): No longer want com.android.providers.calendar (pid 598): hidden #16
I/BluetoothProfileState(  157): Message:Entering Stable State
I/ActivityManager(  157): No longer want com.google.android.apps.genie.geniewidget (pid 649): hidden #16
I/BluetoothProfileState(  157): Message:Entering Stable State
I/ActivityManager(  157): Start proc com.google.android.music:main for broadcast com.google.android.music/.store.MediaStoreImportService$Receiver: pid=929 uid=10037 gids={3003, 1015}
I/BluetoothProfileState(  157): Message:Entering Stable State
I/ActivityManager(  157): No longer want com.google.android.gsf.login (pid 702): hidden #16
D/EventHub(  157): No input device configuration file found for device 'compass'.
I/SystemServer(  157): Input Method Service
W/InputManagerService(  157): Couldn't create dir.: /data/system/inputmethod
I/ActivityManager(  157): Kill com.google.android.calendar (pid 892): provider com.android.providers.calendar.CalendarProvider2 in dying process com.android.providers.calendar
D/BluetoothAdapterStateMachine(  157): PowerOff process message: 5
I/ActivityManager(  157): Start proc com.android.providers.calendar for broadcast com.android.providers.calendar/.CalendarProviderBroadcastReceiver: pid=947 uid=10007 gids={3003, 1015}
D/EventHub(  157): No input device configuration file found for device 'lightsensor-level'.
I/ActivityManager(  157): No longer want com.google.android.partnersetup (pid 689): hidden #16
D/EventHub(  157): No input device configuration file found for device 'proximity'.
I/ActivityManager(  157): No longer want android.process.acore (pid 397): hidden #16
D/EventHub(  157): No input device configuration file found for device 'herring-keypad'.
I/ActivityManager(  157): Process com.google.android.calendar (pid 892) has died.
I/EventHub(  157): New device: id=4, fd=115, path='/dev/input/event2', name='herring-keypad', classes=0x1, configuration='', keyLayout='/system/usr/keylayout/herring-keypad.kl', keyCharacterMap='/system/usr/keychars/herring-keypad.kcm', builtinKeyboard=false
D/ConnectivityService(  157): ConnectivityChange for mobile: CONNECTED/CONNECTED
D/EventHub(  157): No input device configuration file found for device 'gyro'.
I/ActivityManager(  157): Start proc com.google.android.calendar for broadcast com.google.android.calendar/com.android.calendar.widget.CalendarAppWidgetService$CalendarFactory: pid=978 uid=10006 gids={3003}
E/filemap (  157): mmap(0,4096) failed: No such device
I/ActivityManager(  157): No longer want com.android.mms (pid 766): hidden #16
I/EventHub(  157): New device: id=6, fd=116, path='/dev/input/event0', name='mxt224_ts_input', classes=0x15, configuration='/system/usr/idc/mxt224_ts_input.idc', keyLayout='/system/usr/keylayout/mxt224_ts_input.kl', keyCharacterMap='/system/usr/keychars/mxt224_ts_input.kcm', builtinKeyboard=false
D/CountryDetectorService(  157): No listener is left
I/InputReader(  157):   Touch device 'mxt224_ts_input' could not query the properties of its associated display 0.  The device will be inoperable until the display size becomes available.
I/ActivityManager(  157): No longer want com.google.android.email (pid 618): hidden #16
I/InputReader(  157): Device added: id=6, name='mxt224_ts_input', sources=0x00001103
I/ActivityManager(  157): No longer want com.google.android.exchange (pid 633): hidden #16
I/InputReader(  157): Device added: id=4, name='herring-keypad', sources=0x00000101
I/SystemServer(  157): Accessibility Manager
I/Vold    (   72): Filesystem check completed OK
I/InputReader(  157): Reconfiguring input devices.  changes=0x00000004
I/Vold    (   72): Device /dev/block/vold/179:3, target /mnt/sdcard mounted @ /mnt/secure/staging
I/InputReader(  157): Device reconfigured: id=6, name='mxt224_ts_input', surface size is now 480x800, mode is 1
I/ActivityManager(  157): Config changed: {1.0 0mcc0mnc en_US layoutdir=0 sw320dp w320dp h508dp nrml long port ?uimode ?night finger -keyb/v/h -nav/h s.2}
D/Vold    (   72): Volume sdcard state changing 3 (Checking) -> 4 (Mounted)
D/PermissionCache(   78): checking android.permission.ACCESS_SURFACE_FLINGER for uid=1000 => granted (338 us)
I/SystemServer(  157): Device Policy
I/SystemServer(  157): Status Bar
I/SystemServer(  157): Clipboard Service
I/SystemServer(  157): NetworkManagement Service
I/SystemServer(  157): Text Service Manager Service
I/SystemServer(  157): NetworkStats Service
I/SystemServer(  157): NetworkPolicy Service
I/SystemServer(  157): Wi-Fi P2pService
I/SystemServer(  157): Wi-Fi Service
D/MountService(  157): volume state changed for /mnt/sdcard (checking -> mounted)
E/CommandListener(   75): Failed to open /proc/sys/net/ipv6/conf/wlan0/disable_ipv6: No such file or directory
I/StorageNotification(  228): Media {/mnt/sdcard} state changed from {checking} -> {mounted}
E/WifiStateMachine(  157): Failed to disable IPv6: java.lang.IllegalStateException: Unable to communicate to native daemon for disabling ipv6
I/SystemServer(  157): Connectivity Service
D/MountService(  157): sendStorageIntent Intent { act=android.intent.action.MEDIA_MOUNTED dat=file:///mnt/sdcard (has extras) }
I/bluedroid(  157): Starting hciattach daemon
I/ActivityManager(  157): Start proc com.google.android.apps.uploader for broadcast com.google.android.apps.uploader/.ConnectivityBroadcastReceiver: pid=1000 uid=10034 gids={3003}
I/bluedroid(  157): bt_enable: ret: -1, errno: 19
D/ConnectivityService(  157): ConnectivityService starting up
E/ConnectivityService(  157): Ignoring protectedNetwork 10
E/ConnectivityService(  157): Ignoring protectedNetwork 11
E/ConnectivityService(  157): Ignoring protectedNetwork 12
E/MobileDataStateTracker(  157): default: Ignoring feature request because could not acquire PhoneService
E/MobileDataStateTracker(  157): default: Could not enable APN type "default"
D/NetworkManagementService(  157): Registering observer
D/NetworkManagementService(  157): Registering observer
I/WifiService(  157): WifiService starting up with Wi-Fi disabled
I/SystemServer(  157): Throttle Service
I/SystemServer(  157): Mount Service
D/MountService(  157): got storage path: /mnt/sdcard description: USB storage primary: true removable: false emulated: false mtpReserve: 0 allowMassStorage: true maxFileSize: 4294967296
I/SystemServer(  157): Notification Manager
I/SystemServer(  157): Device Storage Monitor
I/SystemServer(  157): Location Manager
I/SystemServer(  157): Country Detector
I/SystemServer(  157): Search Service
I/SystemServer(  157): DropBox Service
I/SystemServer(  157): Wallpaper Service
D/VoldCmdListener(   72): volume list
D/VoldCmdListener(   72): asec list
D/dalvikvm(  157): GC_CONCURRENT freed 386K, 4% free 11444K/11911K, paused 1ms+4ms
W/PackageManager(  157): Not granting permission android.permission.SEND_DOWNLOAD_COMPLETED_INTENTS to package com.google.android.browser (protectionLevel=2 flags=0x9be45)
I/PackageManager(  157): Updating external media status from unmounted to unmounted
D/MountService(  157): volume state changed for /mnt/sdcard (null -> unmounted)
I/SystemServer(  157): Audio Service
W/PackageManager(  157): Unknown permission com.android.vending.permission.UPDATE_MARKET_FAILURE in package com.android.vending.updater
D/AudioHardware(   81): ### setVoiceVolume_l
W/PackageManager(  157): Unknown permission android.permission.ADD_SYSTEM_SERVICE in package com.android.phone
I/bluedroid(  157): bt_enable: ret: -1, errno: 19
I/SystemServer(  157): Dock Observer
I/SystemServer(  157): Wired Accessory Observer
I/SystemServer(  157): USB Service
I/SystemServer(  157): UI Mode Manager Service
I/SystemServer(  157): Backup Service
V/BackupManagerService(  157): Initializing package tracking
V/BackupManagerService(  157): No ancestral data
V/BackupManagerService(  157): addPackageParticipantsLocked: null
W/PackageManager(  157): Unknown permission com.android.smspush.WAPPUSH_MANAGER_BIND in package com.android.phone
I/bluedroid(  157): bt_enable: ret: -1, errno: 19
I/BackupManagerService(  157): New app android never backed up; scheduling
I/BackupManagerService(  157): New app com.android.nfc never backed up; scheduling
I/BackupManagerService(  157): New app com.android.providers.settings never backed up; scheduling
I/BackupManagerService(  157): New app com.android.providers.userdictionary never backed up; scheduling
I/BackupManagerService(  157): New app com.android.sharedstoragebackup never backed up; scheduling
I/BackupManagerService(  157): New app com.android.vending never backed up; scheduling
I/BackupManagerService(  157): New app com.google.android.browser never backed up; scheduling
I/BackupManagerService(  157): New app com.google.android.calendar never backed up; scheduling
I/BackupManagerService(  157): New app com.google.android.gm never backed up; scheduling
I/BackupManagerService(  157): New app com.google.android.inputmethod.latin never backed up; scheduling
I/BackupManagerService(  157): New app org.connectbot never backed up; scheduling
V/BackupManagerService(  157): Registering transport android/com.android.internal.backup.LocalTransport = com.android.internal.backup.LocalTransport@415eefa0
V/BackupManagerService(  157): Starting with transport com.google.android.backup/.BackupTransportService
V/BackupManagerService(  157): Binding to Google transport
I/BackupManagerService(  157): Found stale backup journal, scheduling
I/BackupManagerService(  157):   android
I/BackupManagerService(  157):   com.android.nfc
I/BackupManagerService(  157):   com.android.providers.settings
I/BackupManagerService(  157):   com.android.providers.userdictionary
I/BackupManagerService(  157):   com.android.sharedstoragebackup
I/BackupManagerService(  157):   com.android.vending
W/PackageManager(  157): Unknown permission com.android.vending.billing.IBillingAccountService.BIND2 in package com.google.android.gsf.login
I/bluedroid(  157): bt_enable: ret: -1, errno: 19
I/BackupManagerService(  157):   com.google.android.browser
I/BackupManagerService(  157):   com.google.android.calendar
I/BackupManagerService(  157):   com.google.android.gm
I/BackupManagerService(  157):   com.google.android.inputmethod.latin
I/BackupManagerService(  157):   org.connectbot
I/BackupManagerService(  157): Backup enabled => false
I/BackupManagerService(  157): Opting out of backup
I/SystemServer(  157): AppWidget Service
I/SystemServer(  157): Recognition Service
I/SystemServer(  157): DiskStats Service
I/SystemServer(  157): SamplingProfiler Service
I/SystemServer(  157): NetworkTimeUpdateService
W/PackageManager(  157): Not granting permission android.permission.DEVICE_POWER to package com.google.android.deskclock (protectionLevel=2 flags=0x8be45)
I/WindowManager(  157): SAFE MODE not enabled
W/PackageManager(  157): Unknown permission android.permission.READ_OWNER_DATA in package com.google.android.setupwizard
D/dalvikvm(  157): JIT started for system_server
D/PowerManagerService(  157): system ready!
I/ActivityManager(  157): System now ready
I/SystemServer(  157): Making services ready
D/SystemServer(  157): Starting service: Intent { cmp=com.android.systemui/.SystemUIService }
W/PackageManager(  157): Unknown permission android.permission.WRITE_OWNER_DATA in package com.google.android.setupwizard
I/Zygote  (  157): Process: zygote socket opened
W/PackageManager(  157): Not granting permission com.google.android.gm.permission.READ_GMAIL to package com.google.android.apps.uploader (protectionLevel=2 flags=0x8be45)
I/bluedroid(  157): bt_enable: ret: -1, errno: 19
I/ActivityManager(  157): Start proc com.android.systemui for service com.android.systemui/.SystemUIService: pid=228 uid=1000 gids={1015, 3002, 3001, 3003, 3007}
D/NetworkManagementService(  157): enabling bandwidth control
W/PackageManager(  157): Unknown permission android.permission.READ_EXTERNAL_STORAGE in package com.android.vending
I/bluedroid(  157): bt_enable: ret: -1, errno: 19
W/PackageManager(  157): Not granting permission android.permission.SEND_DOWNLOAD_COMPLETED_INTENTS to package com.android.vending (protectionLevel=2 flags=0xabec5)
D/dalvikvm(  157): GC_CONCURRENT freed 437K, 5% free 11643K/12167K, paused 4ms+7ms
W/PackageManager(  157): Not granting permission android.permission.ACCOUNT_MANAGER to package com.google.android.music (protectionLevel=2 flags=0x8be65)
I/bluedroid(  157): bt_enable: ret: -1, errno: 19
W/PackageManager(  157): Unknown permission com.android.providers.im.permission.READ_ONLY in package com.google.android.apps.maps
D/dalvikvm(  157): GC_FOR_ALLOC freed 14K, 5% free 11844K/12423K, paused 53ms
D/SystemUIService(  228): loading: class com.android.systemui.statusbar.phone.PhoneStatusBar
D/SystemUIService(  228): running: com.android.systemui.statusbar.phone.PhoneStatusBar@41343238
W/PackageManager(  157): Unknown permission android.permission.READ_EXTERNAL_STORAGE in package com.google.android.videoeditor
I/bluedroid(  157): bt_enable: ret: -1, errno: 19
W/PackageManager(  157): Unknown permission com.google.android.apps.googlevoice.REMOTE_INTENT in package com.google.android.apps.googlevoice
D/dalvikvm(  157): GC_FOR_ALLOC freed 5K, 5% free 12155K/12679K, paused 78ms
W/PackageManager(  157): Unknown permission com.google.android.permission.RECEIVE_DATA_MESSAGE in package com.google.android.apps.googlevoice
V/TransportControlView(  157): Create TCV com.android.internal.widget.TransportControlView@415c6900
W/PackageManager(  157): Unknown permission com.google.android.permission.SEND_DATA_MESSAGE in package com.google.android.apps.googlevoice
I/bluedroid(  157): bt_enable: ret: -1, errno: 19
D/NetworkManagementService(  157): Registering observer
I/ActivityManager(  157): Start proc com.google.android.apps.plus for broadcast com.google.android.apps.plus/.service.PackagesMediaMonitor: pid=1015 uid=10044 gids={3003, 1015, 1006}
I/bluedroid(  157): bt_enable: ret: -1, errno: 19
D/NetworkManagementService(  157): Registering observer
I/ActivityManager(  157): Config changed: {1.0 0mcc0mnc en_US layoutdir=0 sw320dp w320dp h508dp nrml long port finger -keyb/v/h -nav/h s.3}
I/ActivityManager(  157): No longer want com.google.android.onetimeinitializer (pid 790): hidden #16
D/dalvikvm(  228): GC_CONCURRENT freed 105K, 3% free 9316K/9543K, paused 3ms+12ms
I/ActivityManager(  157): No longer want com.google.android.videos (pid 825): hidden #16
I/bluedroid(  157): bt_enable: ret: -1, errno: 19
I/StatusBarManagerService(  157): registerStatusBar bar=com.android.internal.statusbar.IStatusBar$Stub$Proxy@414e7a80
D/PhoneStatusBar(  228): disable: < expand icons alerts ticker system_info BACK* HOME* RECENT* CLOCK* >
I/ActivityManager(  157): Start proc android.process.media for broadcast com.android.providers.media/.UsbReceiver: pid=275 uid=10014 gids={1015, 1023, 1024, 2001, 3003, 3007}
I/ActivityManager(  157): Start proc com.google.android.partnersetup for broadcast com.google.android.partnersetup/.GservicesChangedReceiver: pid=1044 uid=10022 gids={3003}
I/bluedroid(  157): bt_enable: ret: -1, errno: 19
I/ActivityManager(  157): Start proc com.android.wallpaper for service com.android.wallpaper/.nexus.NexusWallpaper: pid=287 uid=10030 gids={1006}
W/InputManagerService(  157): Ignoring setImeWindowStatus of uid 1000 token: null
I/ActivityManager(  157): Start proc com.google.android.voicesearch for broadcast com.google.android.voicesearch/.GservicesBroadcastReceiver: pid=1062 uid=10056 gids={3002, 3003, 1015}
I/ActivityThread(  275): Pub media: com.android.providers.media.MediaProvider
D/ConnectivityService(  157): handleInetConditionHoldEnd: net=0, condition=100, published condition=0
I/bluedroid(  157): bt_enable: ret: -1, errno: 19
I/ActivityManager(  157): Start proc com.google.android.inputmethod.latin for service com.google.android.inputmethod.latin/com.android.inputmethod.latin.LatinIME: pid=301 uid=10028 gids={}
D/StorageNotification(  228): Startup with UMS connection false (media state unmounted)
D/SystemUIService(  228): loading: class com.android.systemui.power.PowerUI
D/SystemUIService(  228): running: com.android.systemui.power.PowerUI@413a6310
I/ActivityManager(  157): START {flg=0x10000000 cmp=com.google.android.gsf/.update.SystemUpdateInstallDialog} from pid 462
I/ActivityThread(  275): Pub downloads: com.android.providers.downloads.DownloadProvider
D/NetworkManagementService(  157): Registering observer
I/ActivityManager(  157): Start proc com.android.phone for added application com.android.phone: pid=319 uid=1001 gids={3002, 3001, 3003, 1015}
I/ActivityManager(  157): START {flg=0x10000000 cmp=com.google.android.gsf/.update.SystemUpdateDownloadDialog} from pid 462
I/bluedroid(  157): bt_enable: ret: -1, errno: 19
I/ActivityManager(  157): Start proc com.android.nfc for added application com.android.nfc: pid=333 uid=1027 gids={3002, 3001}
I/ActivityManager(  157): START {act=android.intent.action.MAIN cat=[android.intent.category.HOME] flg=0x10000000 cmp=com.android.launcher/com.android.launcher2.Launcher} from pid 0
W/ThrottleService(  157): unable to find stats for iface rmnet0
I/StorageNotification(  228): UMS connection changed to false (media state unmounted)
I/ActivityManager(  157): Start proc com.android.launcher for activity com.android.launcher/com.android.launcher2.Launcher: pid=348 uid=10029 gids={}
W/InputManagerService(  157): Window already focused, ignoring focus gain of: com.android.internal.view.IInputMethodClient$Stub$Proxy@415f5228
I/bluedroid(  157): bt_enable: ret: -1, errno: 19
I/ActivityManager(  157): No longer want com.android.voicedialer (pid 864): hidden #16
I/ActivityThread(  275): Pub drm: com.android.providers.drm.DrmProvider
I/ActivityManager(  157): No longer want com.google.android.apps.googlevoice (pid 877): hidden #16
I/DownloadManager(  275): in removeSpuriousFiles
I/bluedroid(  157): bt_enable: ret: -1, errno: 19
D/WifiService(  157): New client listening to asynchronous messages
I/NfcService(  333): Starting NFC service
I/bluedroid(  157): bt_enable: ret: -1, errno: 19
D/NFC JNI (  333): NFC Service : loading JNI
D/dalvikvm(  157): GC_CONCURRENT freed 441K, 4% free 12542K/13063K, paused 3ms+4ms
I/bluedroid(  157): bt_enable: ret: -1, errno: 19
I/ActivityThread(  319): Pub telephony: com.android.providers.telephony.TelephonyProvider
W/TelephonyProvider(  319): onCreate: confFile=/system/etc/apns-conf.xml oldCheckSum=-1
I/ActivityThread(  319): Pub icc: com.android.phone.IccProvider
I/ActivityThread(  319): Pub mms: com.android.providers.telephony.MmsProvider
I/ActivityThread(  319): Pub sms: com.android.providers.telephony.SmsProvider
I/ActivityThread(  319): Pub mms-sms: com.android.providers.telephony.MmsSmsProvider
I/RegisteredComponentCache(  333): ComponentInfo: ResolveInfo{4134a790 com.android.apps.tag.TagViewer p=0 o=0 m=0x108000}, techs: android.nfc.tech.Ndef, 
I/ActivityThread(  348): Pub com.android.launcher2.settings: com.android.launcher2.LauncherProvider
I/bluedroid(  157): bt_enable: ret: -1, errno: 19
I/NfceeAccess(  333): read 1 signature(s) for NFCEE access
E/brcm_patchram_plus(  216): Done setting line discpline
I/bluedroid(  157): bt_enable: ret: 0, errno: 19
I/bluedroid(  157): Starting bluetoothd deamon
E/BluetoothEventLoop.cpp(  157): get_adapter_path: D-Bus error: org.freedesktop.DBus.Error.ServiceUnknown (The name org.bluez was not provided by any .service files)
E/BluetoothEventLoop.cpp(  157): get_adapter_path: D-Bus error: org.freedesktop.DBus.Error.ServiceUnknown (The name org.bluez was not provided by any .service files)
E/BluetoothEventLoop.cpp(  157): get_adapter_path: D-Bus error: org.freedesktop.DBus.Error.ServiceUnknown (The name org.bluez was not provided by any .service files)
E/BluetoothEventLoop.cpp(  157): get_adapter_path: D-Bus error: org.freedesktop.DBus.Error.ServiceUnknown (The name org.bluez was not provided by any .service files)
E/BluetoothEventLoop.cpp(  157): get_adapter_path: D-Bus error: org.freedesktop.DBus.Error.ServiceUnknown (The name org.bluez was not provided by any .service files)
E/BluetoothEventLoop.cpp(  157): get_adapter_path: D-Bus error: org.freedesktop.DBus.Error.ServiceUnknown (The name org.bluez was not provided by any .service files)
E/BluetoothEventLoop.cpp(  157): get_adapter_path: D-Bus error: org.freedesktop.DBus.Error.ServiceUnknown (The name org.bluez was not provided by any .service files)
E/BluetoothEventLoop.cpp(  157): get_adapter_path: D-Bus error: org.freedesktop.DBus.Error.ServiceUnknown (The name org.bluez was not provided by any .service files)
E/BluetoothEventLoop.cpp(  157): get_adapter_path: D-Bus error: org.freedesktop.DBus.Error.ServiceUnknown (The name org.bluez was not provided by any .service files)
E/BluetoothEventLoop.cpp(  157): get_adapter_path: D-Bus error: org.freedesktop.DBus.Error.ServiceUnknown (The name org.bluez was not provided by any .service files)
E/BluetoothEventLoop.cpp(  157): get_adapter_path: D-Bus error: org.freedesktop.DBus.Error.ServiceUnknown (The name org.bluez was not provided by any .service files)
E/BluetoothEventLoop.cpp(  157): get_adapter_path: D-Bus error: org.freedesktop.DBus.Error.ServiceUnknown (The name org.bluez was not provided by any .service files)
E/BluetoothEventLoop.cpp(  157): get_adapter_path: D-Bus error: org.freedesktop.DBus.Error.ServiceUnknown (The name org.bluez was not provided by any .service files)
E/BluetoothEventLoop.cpp(  157): get_adapter_path: D-Bus error: org.freedesktop.DBus.Error.ServiceUnknown (The name org.bluez was not provided by any .service files)
E/BluetoothEventLoop.cpp(  157): get_adapter_path: D-Bus error: org.freedesktop.DBus.Error.ServiceUnknown (The name org.bluez was not provided by any .service files)
W/ActivityManager(  157): Unable to start service Intent { act=com.android.internal.telephony.IWapPushManager }: not found
E/BluetoothEventLoop.cpp(  157): get_adapter_path: D-Bus error: org.freedesktop.DBus.Error.ServiceUnknown (The name org.bluez was not provided by any .service files)
D/NfcService(  333): checking on firmware download
D/NfcService(  333): NFC is on. Doing normal stuff
I/NfcService(  333): Enabling NFC
D/NFC JNI (  333): Start Initialization
D/        (  319): [ApnContext] set reason as dataEnabled, for type default,current state IDLE
D/        (  319): [ApnContext] set reason as dataEnabled, for type mms,current state IDLE
E/BluetoothEventLoop.cpp(  157): get_adapter_path: D-Bus error: org.bluez.Error.NoSuchAdapter (No such adapter)
E/BluetoothEventLoop.cpp(  157): failure setting up Event Loop!
D/        (  319): [ApnContext] set reason as dataEnabled, for type supl,current state IDLE
D/        (  319): [ApnContext] set reason as dataEnabled, for type dun,current state IDLE
D/        (  319): [ApnContext] set reason as dataEnabled, for type hipri,current state IDLE
D/CAT     (  319): CatService: Is running
D/CAT     (  319): CatService: NEW sInstance
D/dalvikvm(  319): GC_CONCURRENT freed 199K, 4% free 9240K/9543K, paused 2ms+2ms
D/dalvikvm(  228): GC_CONCURRENT freed 108K, 3% free 9632K/9863K, paused 2ms+3ms
D/CallManager(  319): registerPhone(GSM Handler (com.android.internal.telephony.PhoneProxy) {4135e7a8})
I/DownloadManager(  275): in removeSpuriousFiles, preserving file /data/data/com.android.providers.downloads/cache/metadata.json
I/DownloadManager(  275): in removeSpuriousFiles, preserving file /data/data/com.android.providers.downloads/cache/en_general.htm
D/dalvikvm(  301): GC_CONCURRENT freed 177K, 3% free 9359K/9607K, paused 2ms+17ms
I/ActivityManager(  157): Start proc android.process.acore for content provider com.android.providers.contacts/.CallLogProvider: pid=397 uid=10000 gids={3003, 1015}
D/NFC JNI (  333): NFC capabilities: HAL = 8150100, FW = a76d0c, HW = 620003, Model = 0, HCI = 1, Full_FW = 109, Rev = 12, FW Update Info = 0
I/ActivityManager(  157): Start proc com.google.android.inputmethod.latin.dictionarypack for content provider com.google.android.inputmethod.latin.dictionarypack/.DictionaryProvider: pid=412 uid=10027 gids={3003, 1015}
W/ActivityManager(  157): Unable to start service Intent { act=com.android.ussd.IExtendedNetworkService }: not found
I/ActivityThread(  397): Pub com.android.voicemail: com.android.providers.contacts.VoicemailContentProvider
I/ActivityThread(  397): Pub user_dictionary: com.android.providers.userdictionary.UserDictionaryProvider
D/dalvikvm(   79): GC_EXPLICIT freed 34K, 4% free 9028K/9347K, paused 8ms+80ms
I/ActivityThread(  397): Pub com.android.social: com.android.providers.contacts.SocialProvider
I/ActivityThread(  397): Pub applications: com.android.providers.applications.ApplicationsProvider
I/ActivityManager(  157): START {act=android.intent.action.MAIN cat=[android.intent.category.LAUNCHER] flg=0x10200000 cmp=net.szym.barnacle/.StatusActivity} from pid 348
D/NFC JNI (  333): phLibNfc_SE_GetSecureElementList()
D/NFC JNI (  333): 
D/NFC JNI (  333): > Number of Secure Element(s) : 1
D/NFC JNI (  333): phLibNfc_SE_GetSecureElementList(): SMX detected, handle=0xabcdef
D/NFC JNI (  333): phLibNfc_SE_SetMode() returned 0x000d[NFCSTATUS_PENDING]
E/BluetoothService.cpp(  157): setBluetoothTetheringNative true
I/NFC JNI (  333): NFC Initialized
D/BluetoothEventLoop(  157): Property Changed: Pairable : false
D/BluetoothEventLoop(  157): Property Changed: Powered : false
D/BluetoothEventLoop(  157): Property Changed: UUIDs : 6
D/BluetoothEventLoop(  157): Property Changed: UUIDs : 7
D/BluetoothEventLoop(  157): Property Changed: UUIDs : 8
I/ActivityManager(  157): Start proc net.szym.barnacle for activity net.szym.barnacle/.StatusActivity: pid=1084 uid=10065 gids={3003}
D/BluetoothAdapterStateMachine(  157): WarmUp process message: 54
D/BluetoothEventLoop(  157): Property Changed: UUIDs : 9
