D/dalvikvm( 1603): GC_CONCURRENT freed 0K, 2% free 29604K/29959K, paused 1ms+7ms
I/CameraCloud( 1603): 1333598380036: Our new height x width: 240 x 320
I/CameraCloud( 1603): 1333598380037: Show photo from handle my camera take
I/CameraCloud( 1603): 1333598380038: client making photo packet to send to leader
I/CameraCloud( 1603): 1333598380051: BYTE SIZE AFTER COMPRESSION: 3952
I/CameraCloud( 1603): 1333598380052: sending new pic ....
I/CameraCloud( 1603): 1333598380053: Server request to url: http://hermes5.csail.mit.edu:8213/101/2/0/
I/CameraCloud( 1603): 1333598380215: Cloud server request length: 13821
I/CameraCloud( 1603): 1333598380216: about to execute HTTP POST
D/AndroidRuntime( 1603): Shutting down VM
W/dalvikvm( 1603): threadid=1: thread exiting with uncaught exception (group=0x40a461f8)
E/AndroidRuntime( 1603): FATAL EXCEPTION: main
E/AndroidRuntime( 1603): android.os.NetworkOnMainThreadException
E/AndroidRuntime( 1603): 	at android.os.StrictMode$AndroidBlockGuardPolicy.onNetwork(StrictMode.java:1099)
E/AndroidRuntime( 1603): 	at java.net.InetAddress.lookupHostByName(InetAddress.java:391)
E/AndroidRuntime( 1603): 	at java.net.InetAddress.getAllByNameImpl(InetAddress.java:242)
E/AndroidRuntime( 1603): 	at java.net.InetAddress.getAllByName(InetAddress.java:220)
E/AndroidRuntime( 1603): 	at org.apache.http.impl.conn.DefaultClientConnectionOperator.openConnection(DefaultClientConnectionOperator.java:137)
E/AndroidRuntime( 1603): 	at org.apache.http.impl.conn.AbstractPoolEntry.open(AbstractPoolEntry.java:164)
E/AndroidRuntime( 1603): 	at org.apache.http.impl.conn.AbstractPooledConnAdapter.open(AbstractPooledConnAdapter.java:119)
E/AndroidRuntime( 1603): 	at org.apache.http.impl.client.DefaultRequestDirector.execute(DefaultRequestDirector.java:360)
E/AndroidRuntime( 1603): 	at org.apache.http.impl.client.AbstractHttpClient.execute(AbstractHttpClient.java:555)
E/AndroidRuntime( 1603): 	at org.apache.http.impl.client.AbstractHttpClient.execute(AbstractHttpClient.java:487)
E/AndroidRuntime( 1603): 	at org.apache.http.impl.client.AbstractHttpClient.execute(AbstractHttpClient.java:465)
E/AndroidRuntime( 1603): 	at edu.mit.haoqili.camera_cloud.CameraCloud.serverRequest(CameraCloud.java:1056)
E/AndroidRuntime( 1603): 	at edu.mit.haoqili.camera_cloud.CameraCloud.sendClientNewpic(CameraCloud.java:554)
E/AndroidRuntime( 1603): 	at edu.mit.haoqili.camera_cloud.CameraCloud$HandlePictureStorage.onPictureTaken(CameraCloud.java:527)
E/AndroidRuntime( 1603): 	at android.hardware.Camera$EventHandler.handleMessage(Camera.java:687)
E/AndroidRuntime( 1603): 	at android.os.Handler.dispatchMessage(Handler.java:99)
E/AndroidRuntime( 1603): 	at android.os.Looper.loop(Looper.java:137)
E/AndroidRuntime( 1603): 	at android.app.ActivityThread.main(ActivityThread.java:4424)
E/AndroidRuntime( 1603): 	at java.lang.reflect.Method.invokeNative(Native Method)
E/AndroidRuntime( 1603): 	at java.lang.reflect.Method.invoke(Method.java:511)
E/AndroidRuntime( 1603): 	at com.android.internal.os.ZygoteInit$MethodAndArgsCaller.run(ZygoteInit.java:784)
E/AndroidRuntime( 1603): 	at com.android.internal.os.ZygoteInit.main(ZygoteInit.java:551)
E/AndroidRuntime( 1603): 	at dalvik.system.NativeStart.main(Native Method)
W/ActivityManager(  157):   Force finishing activity edu.mit.haoqili.camera_cloud/.CameraCloud
W/ActivityManager(  157): Activity pause timeout for ActivityRecord{416fa568 edu.mit.haoqili.camera_cloud/.CameraCloud}
D/AudioHardware(   81): AudioHardware pcm playback is going to standby.
D/AudioHardware(   81): closePcmOut_l() mPcmOpenCnt: 1
I/ActivityManager(  157): No longer want com.android.keychain (pid 1507): hidden #16
D/AudioHardware(   81): AudioHardware pcm playback is exiting standby.
D/AudioHardware(   81): openPcmOut_l() mPcmOpenCnt: 0
I/Process ( 1603): Sending signal. PID: 1603 SIG: 9
W/InputDispatcher(  157): channel '415d1ff8 edu.mit.haoqili.camera_cloud/edu.mit.haoqili.camera_cloud.CameraCloud (server)' ~ Consumer closed input channel or an error occurred.  events=0x8
E/InputDispatcher(  157): channel '415d1ff8 edu.mit.haoqili.camera_cloud/edu.mit.haoqili.camera_cloud.CameraCloud (server)' ~ Channel is unrecoverably broken and will be disposed!
I/ActivityManager(  157): Process edu.mit.haoqili.camera_cloud (pid 1603) has died.
I/WindowManager(  157): WIN DEATH: Window{41605a00 SurfaceView paused=false}
W/GpsLocationProvider(  157): Unneeded remove listener for uid 1000
W/InputDispatcher(  157): Attempted to unregister already unregistered input channel '415d1ff8 edu.mit.haoqili.camera_cloud/edu.mit.haoqili.camera_cloud.CameraCloud (server)'
I/WindowManager(  157): WIN DEATH: Window{415d1ff8 edu.mit.haoqili.camera_cloud/edu.mit.haoqili.camera_cloud.CameraCloud paused=false}
I/WindowManager(  157): WIN DEATH: Window{41543840 edu.mit.haoqili.camera_cloud/edu.mit.haoqili.camera_cloud.CameraCloud paused=false}
I/WindowManager(  157): WINDOW DIED Window{415d1ff8 edu.mit.haoqili.camera_cloud/edu.mit.haoqili.camera_cloud.CameraCloud paused=false}
E/InputDispatcher(  157): Received spurious receive callback for unknown input channel.  fd=238, events=0x8
E/SurfaceTexture(   78): [SurfaceView] queueBuffer: SurfaceTexture has been abandoned!
E/SurfaceTextureClient(   81): queueBuffer: error queuing buffer to SurfaceTexture, -19
E/CameraHardwareSec(   81): Could not enqueue gralloc buffer!
I/CameraHardwareSec(   81): int android::CameraHardwareSec::previewThreadWrapper(): calling mSecCamera->stopPreview() and waiting
I/CameraHardwareSec(   81): int android::CameraHardwareSec::previewThreadWrapper(): return from wait
I/CameraHardwareSec(   81): int android::CameraHardwareSec::previewThreadWrapper(): exiting
W/SecCamera(   81): int android::SecCamera::stopPreview(): doing nothing because m_flag_camera_start is zero
W/SecCamera(   81): int android::SecCamera::stopRecord(): doing nothing because m_flag_record_start is zero
I/SecCamera(   81): DeinitCamera: m_cam_fd(33)
I/SecCamera(   81): DeinitCamera: m_cam_fd2(34)
E/CameraHardwareSec(   81): preview window is NULL!
I/CameraService(   81): Destroying camera 0
I/CameraHardwareSec(   81): int android::HAL_camera_device_close(hw_device_t*)
I/SecCamera(   81): DeinitCamera : already deinitialized
W/AudioFlinger(   81): session id 17 not found for pid 81
W/AudioFlinger(   81): session id 18 not found for pid 81
D/dalvikvm(  228): GC_FOR_ALLOC freed 571K, 8% free 10797K/11719K, paused 25ms
D/AudioHardware(   81): AudioHardware pcm playback is going to standby.
D/AudioHardware(   81): closePcmOut_l() mPcmOpenCnt: 1
D/dalvikvm(  319): GC_CONCURRENT freed 434K, 6% free 9487K/10055K, paused 7ms+2ms
W/ActivityManager(  157): Activity destroy timeout for ActivityRecord{416fa568 edu.mit.haoqili.camera_cloud/.CameraCloud}
I/GPS     (  157): gps_engine_status_update: called release_wakelock_cb
I/ActivityManager(  157): Start proc com.google.android.calendar for broadcast com.google.android.calendar/com.android.calendar.widget.CalendarAppWidgetService$CalendarFactory: pid=1632 uid=10006 gids={3003}
I/ActivityThread( 1632): Pub com.google.android.calendar.CalendarRecentSuggestionsProvider: com.android.calendar.CalendarRecentSuggestionsProvider
I/ActivityManager(  157): Start proc com.android.providers.calendar for content provider com.android.providers.calendar/.CalendarProvider2: pid=1647 uid=10007 gids={3003, 1015}
I/ActivityManager(  157): No longer want com.google.android.gallery3d (pid 1494): hidden #16
D/dalvikvm(  228): GC_CONCURRENT freed 512K, 9% free 10759K/11719K, paused 2ms+9ms
I/ActivityThread( 1647): Pub com.android.calendar: com.android.providers.calendar.CalendarProvider2
I/CalendarProvider2( 1647): Sending notification intent: Intent { act=android.intent.action.PROVIDER_CHANGED dat=content://com.android.calendar }
W/ContentResolver( 1647): Failed to get type for: content://com.android.calendar (Unknown URL content://com.android.calendar)
D/dalvikvm(  157): GC_EXPLICIT freed 565K, 10% free 12752K/14023K, paused 3ms+6ms
