I/ActivityManager(  157): Start proc android.process.acore for broadcast com.android.providers.contacts/.PackageIntentReceiver: pid=1180 uid=10000 gids={3003, 1015}
D/PackageManager(  157): generateServicesMap(android.content.SyncAdapter): 14 services unchanged
D/BackupManagerService(  157): Received broadcast Intent { act=android.intent.action.PACKAGE_REMOVED dat=package:edu.mit.csail.diplomamatrix flg=0x10000010 (has extras) }
D/dalvikvm(   79): GC_EXPLICIT freed 37K, 4% free 9028K/9347K, paused 2ms+2ms
I/ActivityThread( 1180): Pub com.android.voicemail: com.android.providers.contacts.VoicemailContentProvider
D/dalvikvm(   79): GC_EXPLICIT freed <1K, 4% free 9028K/9347K, paused 2ms+2ms
I/ActivityThread( 1180): Pub user_dictionary: com.android.providers.userdictionary.UserDictionaryProvider
I/ActivityThread( 1180): Pub com.android.social: com.android.providers.contacts.SocialProvider
I/ActivityThread( 1180): Pub applications: com.android.providers.applications.ApplicationsProvider
D/dalvikvm(   79): GC_EXPLICIT freed <1K, 4% free 9028K/9347K, paused 2ms+2ms
I/RegisteredComponentCache(  333): ComponentInfo: ResolveInfo{41362630 com.android.apps.tag.TagViewer p=0 o=0 m=0x108000}, techs: android.nfc.tech.Ndef, 
D/PackageManager(  157): generateServicesMap(android.accounts.AccountAuthenticator): 3 services unchanged
D/PackageManager(  157): generateServicesMap(android.content.SyncAdapter): 14 services unchanged
I/ActivityThread( 1180): Pub contacts;com.android.contacts: com.android.providers.contacts.ContactsProvider2
D/BackupManagerService(  157): Received broadcast Intent { act=android.intent.action.PACKAGE_ADDED dat=package:edu.mit.csail.diplomamatrix flg=0x10000010 (has extras) }
V/BackupManagerService(  157): updatePackageParticipantsLocked: edu.mit.csail.diplomamatrix
I/ActivityThread( 1180): Pub call_log: com.android.providers.contacts.CallLogProvider
I/ActivityManager(  157): Start proc com.google.android.gallery3d for broadcast com.google.android.gallery3d/com.android.gallery3d.app.PackagesMonitor: pid=1194 uid=10017 gids={3003, 1015}
I/ActivityManager(  157): No longer want com.google.android.deskclock (pid 552): hidden #16
D/dalvikvm(  157): GC_CONCURRENT freed 862K, 10% free 12423K/13767K, paused 3ms+5ms
I/ActivityThread( 1194): Pub com.google.android.gallery3d.GooglePhotoProvider: com.google.android.picasasync.PicasaContentProvider
D/BackupManagerService(  157): Received broadcast Intent { act=android.intent.action.PACKAGE_REPLACED dat=package:edu.mit.csail.diplomamatrix flg=0x10000010 (has extras) }
V/BackupManagerService(  157): updatePackageParticipantsLocked: edu.mit.csail.diplomamatrix
D/dalvikvm( 1194): GC_CONCURRENT freed 421K, 6% free 9112K/9607K, paused 8ms+6ms
I/ActivityThread( 1194): Pub com.google.android.gallery3d.provider: com.android.gallery3d.provider.GalleryProvider
D/dalvikvm( 1194): GC_CONCURRENT freed 462K, 6% free 9190K/9735K, paused 2ms+3ms
I/ActivityManager(  157): Start proc com.android.keychain for broadcast com.android.keychain/.KeyChainBroadcastReceiver: pid=1207 uid=1000 gids={1015, 3002, 3001, 3003, 3007}
I/ActivityManager(  157): No longer want com.google.android.apps.maps:FriendService (pid 738): hidden #16
I/ActivityManager(  157): Start proc com.google.android.apps.maps for broadcast com.google.android.apps.maps/com.google.android.location.internal.NlpPackageUpdateReceiver: pid=1220 uid=10032 gids={3003, 1015}
I/ActivityManager(  157): No longer want com.google.android.talk (pid 806): hidden #16
I/dalvikvm( 1220): Turning on JNI app bug workarounds for target SDK version 13...
D/dalvikvm( 1180): GC_CONCURRENT freed 205K, 4% free 9274K/9607K, paused 2ms+1ms
D/dalvikvm( 1220): GC_CONCURRENT freed 154K, 3% free 9379K/9607K, paused 2ms+2ms
D/dalvikvm( 1062): GC_CONCURRENT freed 299K, 5% free 9191K/9607K, paused 72ms+2ms
I/ActivityThread( 1220): Pub com.google.android.maps.LayerInfoProvider: com.google.googlenav.layer.LayerInfoProvider
I/ActivityThread( 1220): Pub com.google.android.maps.TrafficAppWidgetProvider: com.google.googlenav.appwidget.traffic.TrafficAppWidgetProvider
I/ActivityThread( 1220): Pub com.google.android.maps.SuggestionProvider: com.google.googlenav.suggest.android.SuggestProvider
I/ActivityThread( 1220): Pub com.google.android.maps.LocalActivePlacesProvider: com.google.googlenav.provider.LocalActivePlacesProvider
I/ActivityThread( 1220): Pub com.google.android.maps.StarredItemProvider: com.google.googlenav.provider.StarredItemProvider
D/dalvikvm( 1220): GC_CONCURRENT freed 135K, 3% free 9777K/9991K, paused 2ms+6ms
I/ActivityThread( 1220): Pub com.google.android.maps.LocalSuggestionProvider: com.google.googlenav.provider.LocalSuggestionProvider
I/ActivityThread( 1220): Pub com.google.android.maps.SearchHistoryProvider: com.google.googlenav.provider.SearchHistoryProvider
I/ActivityThread( 1220): Pub com.google.android.maps.NavigationAvailabilityProvider: com.google.googlenav.provider.NavigationAvailabilityProvider
I/ActivityManager(  157): Start proc com.android.musicfx for broadcast com.android.musicfx/.Compatibility$Receiver: pid=1235 uid=10038 gids={3003, 3002}
I/ActivityManager(  157): Start proc com.android.voicedialer for broadcast com.android.voicedialer/.VoiceDialerReceiver: pid=1248 uid=10055 gids={3002}
I/ActivityManager(  157): Start proc com.noshufou.android.su for broadcast com.noshufou.android.su/.UninstallReceiver: pid=1260 uid=10060 gids={3003, 1015}
I/ActivityManager(  157): No longer want com.google.android.apps.maps:LocationFriendService (pid 914): hidden #16
I/dalvikvm( 1260): Turning on JNI app bug workarounds for target SDK version 11...
I/ActivityThread( 1260): Pub com.noshufou.android.su.provider: com.noshufou.android.su.provider.PermissionsProvider
I/ActivityManager(  157): Start proc com.android.vending for broadcast com.android.vending/com.google.android.finsky.receivers.PersistentPackageMonitorReceiver: pid=1273 uid=10043 gids={3003, 1015}
I/ActivityManager(  157): No longer want net.szym.barnacle (pid 1084): hidden #16
W/ActivityManager(  157): Scheduling restart of crashed service net.szym.barnacle/.BarnacleService in 5000ms
I/ActivityManager(  157): No longer want com.google.android.calendar (pid 978): hidden #16
I/ActivityThread( 1273): Pub com.google.android.finsky.RecentSuggestionsProvider: com.google.android.finsky.providers.RecentSuggestionsProvider
D/dalvikvm( 1273): GC_CONCURRENT freed 243K, 4% free 9290K/9607K, paused 3ms+2ms
W/Netd    (   75): No subsystem found in netlink event
D/NetlinkEvent(   75): Unexpected netlink message. type=0x11
D/Finsky  ( 1273): [1] SanityChecker.run: # LocalAssets corrected : 0
D/Finsky  ( 1273): Sanity check took : 23 ms
I/ActivityManager(  157): No longer want com.android.providers.calendar (pid 947): hidden #16
I/ActivityManager(  157): Start proc com.google.android.apps.maps:FriendService for broadcast com.google.android.apps.maps/com.google.googlenav.friend.android.ServiceReceiver: pid=1303 uid=10032 gids={3003, 1015}
I/dalvikvm( 1303): Turning on JNI app bug workarounds for target SDK version 13...
D/Finsky  ( 1273): [175] DownloadRecords.initializeAndPrune: Pruned 0 old downloads from the cursor.
D/dalvikvm( 1303): GC_CONCURRENT freed 170K, 3% free 9362K/9607K, paused 2ms+3ms
I/ActivityManager(  157): Start proc com.google.android.googlequicksearchbox for broadcast com.google.android.googlequicksearchbox/.SourceUpdateReceiver: pid=1316 uid=10023 gids={3003}
I/ActivityManager(  157): No longer want com.google.android.music:main (pid 929): hidden #16
D/dalvikvm( 1303): GC_CONCURRENT freed 130K, 3% free 9723K/9991K, paused 2ms+20ms
I/ActivityThread( 1316): Pub com.google.android.googlequicksearchbox.shortcuts: com.google.android.googlequicksearchbox.WebHistoryProvider
I/ActivityThread( 1316): Pub com.google.android.googlequicksearchbox.google: com.google.android.googlequicksearchbox.google.GoogleSuggestionProvider
I/ActivityManager(  157): Start proc com.google.android.apps.maps:LocationFriendService for broadcast com.google.android.apps.maps/com.google.googlenav.friend.reporting.LocationReportingIntentReceiver: pid=1330 uid=10032 gids={3003, 1015}
I/ActivityManager(  157): No longer want com.google.android.voicesearch (pid 1062): hidden #16
I/dalvikvm( 1330): Turning on JNI app bug workarounds for target SDK version 13...
D/dalvikvm( 1330): GC_CONCURRENT freed 175K, 3% free 9358K/9607K, paused 2ms+2ms
I/ActivityManager(  157): No longer want com.android.settings (pid 476): hidden #16
D/dalvikvm(  157): GC_EXPLICIT freed 727K, 10% free 12410K/13767K, paused 100ms+13ms
D/AndroidRuntime( 1156): Shutting down VM
D/dalvikvm( 1156): GC_CONCURRENT freed 100K, 83% free 456K/2560K, paused 1ms+1ms
D/jdwp    ( 1156): Got wake-up signal, bailing out of select
D/dalvikvm( 1156): Debugger has detached; object registry had 1 entries
I/AndroidRuntime( 1156): NOTE: attach of thread 'Binder Thread #3' failed
I/ActivityManager(  157): No longer want com.googlecode.android.wifi.tether (pid 1100): hidden #16
D/AndroidRuntime( 1350): 
D/AndroidRuntime( 1350): >>>>>> AndroidRuntime START com.android.internal.os.RuntimeInit <<<<<<
D/AndroidRuntime( 1350): CheckJNI is OFF
D/AndroidRuntime( 1350): Calling main entry com.android.commands.am.Am
I/ActivityManager(  157): START {act=android.intent.action.MAIN cat=[android.intent.category.LAUNCHER] flg=0x10000000 cmp=edu.mit.csail.diplomamatrix/.StatusActivity} from pid 1350
D/AndroidRuntime( 1350): Shutting down VM
D/dalvikvm( 1350): GC_CONCURRENT freed 102K, 81% free 486K/2560K, paused 0ms+0ms
D/jdwp    ( 1350): Got wake-up signal, bailing out of select
D/dalvikvm( 1350): Debugger has detached; object registry had 1 entries
I/AndroidRuntime( 1350): NOTE: attach of thread 'Binder Thread #3' failed
D/dalvikvm( 1362): Late-enabling CheckJNI
I/ActivityManager(  157): Start proc edu.mit.csail.diplomamatrix for activity edu.mit.csail.diplomamatrix/.StatusActivity: pid=1362 uid=10067 gids={1006, 1015, 3003}
D/dalvikvm(   79): GC_EXPLICIT freed 38K, 4% free 9028K/9347K, paused 2ms+2ms
D/dalvikvm(   79): GC_EXPLICIT freed <1K, 4% free 9028K/9347K, paused 3ms+2ms
D/dalvikvm(   79): GC_EXPLICIT freed <1K, 4% free 9028K/9347K, paused 2ms+2ms
D/OpenGLRenderer(  348): Flushing caches (mode 1)
I/StatusActivity( 1362): 1333598171209: *** Opened log file for writing ***
I/StatusActivity( 1362): 1333598171212: starting Mux with id = -1
I/StatusActivity( 1362): 1333598171213: areButtonsEnabled --> true
I/StatusActivity( 1362): 1333598171216: *** Application started ***
I/StatusActivity( 1362): 1333598171216: HI I'm in ONRESUME()
I/StatusActivity( 1362): 1333598171218: SAMPLING_DISTANCE : 1, SAMPLING_DURATION : 1000
I/Mux.java( 1362): run() beginning -------------
D/Mux     ( 1362): Mux started
E/NetworkThread( 1362): can't determine local IP address: java.lang.NullPointerException
W/dalvikvm( 1362): threadid=11: thread exiting with uncaught exception (group=0x40a461f8)
E/AndroidRuntime( 1362): FATAL EXCEPTION: Thread-174
E/AndroidRuntime( 1362): java.lang.NullPointerException
E/AndroidRuntime( 1362): 	at edu.mit.csail.diplomamatrix.NetworkThread.closeSocket(NetworkThread.java:100)
E/AndroidRuntime( 1362): 	at edu.mit.csail.diplomamatrix.NetworkThread.<init>(NetworkThread.java:69)
E/AndroidRuntime( 1362): 	at edu.mit.csail.diplomamatrix.Mux.onStart(Mux.java:153)
E/AndroidRuntime( 1362): 	at edu.mit.csail.diplomamatrix.Mux.run(Mux.java:249)
D/dalvikvm(  157): GC_EXPLICIT freed 100K, 10% free 12500K/13767K, paused 3ms+5ms
D/dalvikvm( 1180): GC_CONCURRENT freed 301K, 5% free 9368K/9799K, paused 2ms+26ms
W/ActivityManager(  157):   Force finishing activity edu.mit.csail.diplomamatrix/.StatusActivity
I/CameraSurfaceView( 1362): inside surfaceCreated()
I/CameraSurfaceView( 1362): opening Camera.open()
I/CameraService(   81): Opening camera 0
I/CameraHardwareSec(   81): int android::HAL_camera_device_open(const hw_module_t*, const char*, hw_device_t**): open camera 0
E/SecCamera(   81): initCamera: m_cam_fd(33), m_jpeg_fd(0)
I/SecCamera(   81): Name of input channel[0] is S5K4ECGX
E/SecCamera(   81): initCamera: m_cam_fd2(34)
I/SecCamera(   81): Name of input channel[0] is S5K4ECGX
I/SecCamera(   81): initCamera : initialized
I/SecCamera(   81): Name of input channel[0] is S5K4ECGX
I/CameraHardwareSec(   81): int android::HAL_camera_device_open(const hw_module_t*, const char*, hw_device_t**): opened camera 0 (0x1ef79b0)
I/AwesomePlayer(   81): setDataSource_l('/system/media/audio/ui/camera_click.ogg')
I/CameraHardwareSec(   81): int android::CameraHardwareSec::previewThreadWrapper(): starting
I/CameraHardwareSec(   81): int android::CameraHardwareSec::previewThreadWrapper(): calling mSecCamera->stopPreview() and waiting
W/SecCamera(   81): int android::SecCamera::stopPreview(): doing nothing because m_flag_camera_start is zero
I/AwesomePlayer(   81): setDataSource_l('/system/media/audio/ui/VideoRecord.ogg')
I/CameraSurfaceView( 1362): opened camera
I/CameraSurfaceView( 1362): inside on surfaceChanged()
I/GPS     (  157): gps_engine_status_update: called acquire_wakelock_cb
W/ActivityManager(  157): Activity pause timeout for ActivityRecord{415359d8 edu.mit.csail.diplomamatrix/.StatusActivity}
D/dalvikvm(  228): GC_FOR_ALLOC freed 186K, 4% free 10804K/11143K, paused 43ms
I/ActivityManager(  157): No longer want com.google.android.apps.uploader (pid 1000): hidden #16
D/CameraHardwareSec(   81): mPreviewHeap(fd(33), size(518400), width(720), height(480))
I/CameraHardwareSec(   81): int android::CameraHardwareSec::previewThreadWrapper(): return from wait
I/CameraSurfaceView( 1362): inside surfaceDestroyed()
I/CameraHardwareSec(   81): int android::CameraHardwareSec::previewThreadWrapper(): calling mSecCamera->stopPreview() and waiting
I/CameraSurfaceView( 1362): inside surfaceDestroyed()
I/CameraHardwareSec(   81): void android::CameraHardwareSec::stopPreviewInternal() : preview not running, doing nothing
I/CameraHardwareSec(   81): int android::CameraHardwareSec::previewThreadWrapper(): return from wait
I/CameraHardwareSec(   81): int android::CameraHardwareSec::previewThreadWrapper(): exiting
W/SecCamera(   81): int android::SecCamera::stopPreview(): doing nothing because m_flag_camera_start is zero
W/SecCamera(   81): int android::SecCamera::stopRecord(): doing nothing because m_flag_record_start is zero
I/SecCamera(   81): DeinitCamera: m_cam_fd(33)
I/SecCamera(   81): DeinitCamera: m_cam_fd2(34)
E/CameraHardwareSec(   81): preview window is NULL!
I/CameraService(   81): Destroying camera 0
I/CameraHardwareSec(   81): int android::HAL_camera_device_close(hw_device_t*)
I/SecCamera(   81): DeinitCamera : already deinitialized
I/CameraSurfaceView( 1362): inside surfaceCreated()
I/CameraSurfaceView( 1362): opening Camera.open()
I/CameraService(   81): Opening camera 0
I/CameraHardwareSec(   81): int android::HAL_camera_device_open(const hw_module_t*, const char*, hw_device_t**): open camera 0
E/SecCamera(   81): initCamera: m_cam_fd(33), m_jpeg_fd(0)
I/SecCamera(   81): Name of input channel[0] is S5K4ECGX
W/AudioFlinger(   81): session id 11 not found for pid 81
W/AudioFlinger(   81): session id 12 not found for pid 81
E/SecCamera(   81): initCamera: m_cam_fd2(34)
I/SecCamera(   81): Name of input channel[0] is S5K4ECGX
I/SecCamera(   81): initCamera : initialized
I/SecCamera(   81): Name of input channel[0] is S5K4ECGX
I/CameraHardwareSec(   81): int android::HAL_camera_device_open(const hw_module_t*, const char*, hw_device_t**): opened camera 0 (0x1ef7db8)
I/AwesomePlayer(   81): setDataSource_l('/system/media/audio/ui/camera_click.ogg')
I/CameraHardwareSec(   81): int android::CameraHardwareSec::previewThreadWrapper(): starting
I/CameraHardwareSec(   81): int android::CameraHardwareSec::previewThreadWrapper(): calling mSecCamera->stopPreview() and waiting
W/SecCamera(   81): int android::SecCamera::stopPreview(): doing nothing because m_flag_camera_start is zero
I/AwesomePlayer(   81): setDataSource_l('/system/media/audio/ui/VideoRecord.ogg')
I/CameraSurfaceView( 1362): opened camera
D/Camera  ( 1362): app passed NULL surface
I/StatusActivity( 1362): 1333598172771: HI I'm in ONPAUSE()
I/StatusActivity( 1362): 1333598172773: inside onDestroy()
I/StatusActivity( 1362): 1333598172808: closing camera in Status Activity
I/CameraHardwareSec(   81): void android::CameraHardwareSec::stopPreviewInternal() : preview not running, doing nothing
I/CameraHardwareSec(   81): void android::CameraHardwareSec::stopPreviewInternal() : preview not running, doing nothing
I/CameraHardwareSec(   81): int android::CameraHardwareSec::previewThreadWrapper(): return from wait
I/CameraHardwareSec(   81): int android::CameraHardwareSec::previewThreadWrapper(): exiting
W/SecCamera(   81): int android::SecCamera::stopPreview(): doing nothing because m_flag_camera_start is zero
W/SecCamera(   81): int android::SecCamera::stopRecord(): doing nothing because m_flag_record_start is zero
I/SecCamera(   81): DeinitCamera: m_cam_fd(33)
I/SecCamera(   81): DeinitCamera: m_cam_fd2(34)
I/CameraService(   81): Destroying camera 0
I/CameraHardwareSec(   81): int android::HAL_camera_device_close(hw_device_t*)
I/SecCamera(   81): DeinitCamera : already deinitialized
I/StatusActivity( 1362): 1333598172812: close everything else
W/AudioFlinger(   81): session id 13 not found for pid 81
W/AudioFlinger(   81): session id 14 not found for pid 81
E/JavaBinder( 1362): Unknown binder error code. 0xfffffff7
D/dalvikvm(  228): GC_FOR_ALLOC freed 538K, 7% free 10789K/11527K, paused 20ms
I/Process ( 1362): Sending signal. PID: 1362 SIG: 9
E/AndroidRuntime( 1362): Error reporting crash
E/AndroidRuntime( 1362): android.os.RemoteException: Unknown binder error code. 0xfffffff7
E/AndroidRuntime( 1362): 	at android.os.BinderProxy.transact(Native Method)
E/AndroidRuntime( 1362): 	at android.app.ActivityManagerProxy.handleApplicationCrash(ActivityManagerNative.java:2867)
E/AndroidRuntime( 1362): 	at com.android.internal.os.RuntimeInit$UncaughtHandler.uncaughtException(RuntimeInit.java:72)
E/AndroidRuntime( 1362): 	at java.lang.ThreadGroup.uncaughtException(ThreadGroup.java:693)
E/AndroidRuntime( 1362): 	at java.lang.ThreadGroup.uncaughtException(ThreadGroup.java:690)
I/ActivityManager(  157): Process edu.mit.csail.diplomamatrix (pid 1362) has died.
I/WindowManager(  157): WIN DEATH: Window{41715540 SurfaceView paused=false}
I/WindowManager(  157): WIN DEATH: Window{415d1ff8 edu.mit.csail.diplomamatrix/edu.mit.csail.diplomamatrix.StatusActivity paused=false}
W/InputManagerService(  157): Window already focused, ignoring focus gain of: com.android.internal.view.IInputMethodClient$Stub$Proxy@41596a18
D/dalvikvm(  228): GC_CONCURRENT freed 445K, 7% free 10813K/11527K, paused 5ms+7ms
D/dalvikvm( 1406): Late-enabling CheckJNI
I/ActivityManager(  157): Start proc net.szym.barnacle for service net.szym.barnacle/.BarnacleService: pid=1406 uid=10065 gids={3003}
I/dalvikvm( 1406): Turning on JNI app bug workarounds for target SDK version 6...
D/dalvikvm( 1406): Debugger has detached; object registry had 1 entries
D/myBarnacleApp( 1406): onCreate
I/ActivityManager(  157): Start proc com.android.settings for broadcast com.android.settings/.widget.SettingsAppWidgetProvider: pid=1423 uid=1000 gids={1015, 3002, 3001, 3003, 3007}
W/myBarnacleApp( 1406): serviceStarted
D/LocalBluetoothProfileManager( 1423): LocalBluetoothProfileManager construction complete
I/BarnacleService( 1406): log: Starting...
I/ActivityManager(  157): Start proc com.googlecode.android.wifi.tether for broadcast com.googlecode.android.wifi.tether/.WifiStateChangeReceiver: pid=1435 uid=10063 gids={3003, 3001, 3002, 1015}
I/dalvikvm( 1435): Turning on JNI app bug workarounds for target SDK version 3...
D/TETHER -> TetherApplication( 1435): Calling onCreate()
D/TETHER -> TetherApplication( 1435): Current directory is /data/data/com.googlecode.android.wifi.tether
D/TETHER -> TetherApplication( 1435): Directory '/data/data/com.googlecode.android.wifi.tether/bin' already exists!
D/TETHER -> TetherApplication( 1435): Directory '/data/data/com.googlecode.android.wifi.tether/var' already exists!
D/TETHER -> TetherApplication( 1435): Directory '/data/data/com.googlecode.android.wifi.tether/conf' already exists!
I/TETHER -> NativeTask( 1435): Trying to load libwtnativetask.so
D/dalvikvm( 1435): Trying to load lib /data/data/com.googlecode.android.wifi.tether/lib/libwtnativetask.so 0x413255a8
D/dalvikvm( 1435): Added shared lib /data/data/com.googlecode.android.wifi.tether/lib/libwtnativetask.so 0x413255a8
D/dalvikvm( 1435): No JNI_OnLoad found in /data/data/com.googlecode.android.wifi.tether/lib/libwtnativetask.so 0x413255a8, skipping init
I/ActivityManager(  157): No longer want com.android.keychain (pid 1207): hidden #16
I/BarnacleService( 1406): log: hq. MSG_NETSCHANGE. about to get getWifiState
I/BarnacleService( 1406): log: hq. BarnacleServiceNETSCHANGE: 2 1 null
E/BarnacleService( 1406): NETSCHANGE: 2 1 null
I/BarnacleService( 1406): log: hq. wifiState 2 =? WifiManager.WIFI_STATE_DISABLED = 1
I/BarnacleService( 1406): log: hq. Wifi state Enabled! :( the else before STATE_STARTING
I/BarnacleService( 1406): log: hq if state == STATE_STARTING, turn off wifi
I/BarnacleService( 1406): log: Waiting until Wifi is disabled
I/BarnacleService( 1406): log: hq. MSG_NETSCHANGE. about to get getWifiState
I/BarnacleService( 1406): log: hq. BarnacleServiceNETSCHANGE: 2 1 null
E/BarnacleService( 1406): NETSCHANGE: 2 1 null
I/BarnacleService( 1406): log: hq. wifiState 2 =? WifiManager.WIFI_STATE_DISABLED = 1
I/BarnacleService( 1406): log: hq. Wifi state Enabled! :( the else before STATE_STARTING
I/BarnacleService( 1406): log: hq if state == STATE_STARTING, turn off wifi
I/BarnacleService( 1406): log: Waiting until Wifi is disabled
I/BarnacleService( 1406): log: hq. MSG_NETSCHANGE. about to get getWifiState
I/BarnacleService( 1406): log: hq. BarnacleServiceNETSCHANGE: 2 1 null
E/BarnacleService( 1406): NETSCHANGE: 2 1 null
I/BarnacleService( 1406): log: hq. wifiState 2 =? WifiManager.WIFI_STATE_DISABLED = 1
I/BarnacleService( 1406): log: hq. Wifi state Enabled! :( the else before STATE_STARTING
I/BarnacleService( 1406): log: hq if state == STATE_STARTING, turn off wifi
I/BarnacleService( 1406): log: Waiting until Wifi is disabled
D/SoftapController(   75): Softap fwReload - Ok
D/NetworkManagementService(  157): rsp <213 00:90:4c:11:22:33 0.0.0.0 0 [down broadcast multicast]>
D/NetworkManagementService(  157): flags <[down broadcast multicast]>
D/CommandListener(   75): Setting iface cfg
D/CommandListener(   75): Trying to bring down wlan0
D/CommandListener(   75): broadcast flag ignored
D/CommandListener(   75): multicast flag ignored
I/BarnacleService( 1406): log: hq. MSG_NETSCHANGE. about to get getWifiState
I/BarnacleService( 1406): log: hq. BarnacleServiceNETSCHANGE: 3 1 null
E/BarnacleService( 1406): NETSCHANGE: 3 1 null
I/BarnacleService( 1406): log: hq. wifiState 3 =? WifiManager.WIFI_STATE_DISABLED = 1
I/BarnacleService( 1406): log: hq. Wifi state Enabled! :( the else before STATE_STARTING
I/BarnacleService( 1406): log: hq if state == STATE_STARTING, turn off wifi
I/BarnacleService( 1406): log: Waiting until Wifi is disabled
I/wpa_supplicant( 1455): CTRL-EVENT-TERMINATING - signal 0 received
D/CommandListener(   75): Clearing all IP addresses on wlan0
I/wpa_supplicant( 1455): CTRL-EVENT-STATE-CHANGE id=-1 state=0 BSSID=00:00:00:00:00:00
I/BarnacleService( 1406): log: hq. MSG_NETSCHANGE. about to get getWifiState
I/BarnacleService( 1406): log: hq. BarnacleServiceNETSCHANGE: 0 1 null
E/BarnacleService( 1406): NETSCHANGE: 0 1 null
I/BarnacleService( 1406): log: hq. wifiState 0 =? WifiManager.WIFI_STATE_DISABLED = 1
I/BarnacleService( 1406): log: hq. Wifi state Enabled! :( the else before STATE_STARTING
I/BarnacleService( 1406): log: hq if state == STATE_STARTING, turn off wifi
W/Netd    (   75): No subsystem found in netlink event
D/NetlinkEvent(   75): Unexpected netlink message. type=0x11
I/ActivityManager(  157): No longer want com.google.android.gallery3d (pid 1194): hidden #16
I/BarnacleService( 1406): log: hq. MSG_NETSCHANGE. about to get getWifiState
I/BarnacleService( 1406): log: hq. BarnacleServiceNETSCHANGE: 1 1 null
E/BarnacleService( 1406): NETSCHANGE: 1 1 null
I/BarnacleService( 1406): log: hq. wifiState 1 =? WifiManager.WIFI_STATE_DISABLED = 1
I/BarnacleService( 1406): log: hq. INSIDE :) wifi state disabled
I/BarnacleService( 1406): log: ( (state = 1) ?== (STATE_STARTING = 1) ) && ( (process = proc_is_null) ?== null ... && checkUplink:
I/BarnacleService( 1406): log: hq. :D:D:D:D in state == STATE STARTING and no proccess and checkuplink :D:D:D
I/BarnacleService( 1406): log: Data network is ready
I/BarnacleService( 1406): log: .ini file prepared
I/BarnacleService( 1406): log: hq. :):):):):) :D:D:D:D:D:D about to startProcess()
I/BarnacleService( 1406): log: hq==============
I/BarnacleService( 1406): BarnacleService: startProcess()
I/BarnacleService( 1406): log: hq     pb = new ProcessBuilder
I/BarnacleService( 1406): log: hq     ./File_SCRIPT
I/BarnacleService( 1406): log: hq     pb.start()
I/BarnacleService( 1406): log: hq     new Thread 0 OUTPUT
I/BarnacleService( 1406): log: hq     new Thread 1 ERROR
I/BarnacleService( 1406): log: hq     threads 0 start
I/BarnacleService( 1406): log: hq     threads 1 start
D/su      ( 1461): 10065 net.szym.barnacle executing 0 /data/data/net.szym.barnacle/files/run using shell /system/bin/sh : sh
E/ActivityManager(  157): Activity Manager Crash
E/ActivityManager(  157): java.lang.IllegalArgumentException: Unknown URI type: 7
E/ActivityManager(  157): 	at android.net.Uri$1.createFromParcel(Uri.java:1734)
E/ActivityManager(  157): 	at android.net.Uri$1.createFromParcel(Uri.java:1723)
E/ActivityManager(  157): 	at android.content.Intent.readFromParcel(Intent.java:6131)
E/ActivityManager(  157): 	at android.content.Intent.<init>(Intent.java:6126)
E/ActivityManager(  157): 	at android.content.Intent.readFromParcel(Intent.java:6153)
E/ActivityManager(  157): 	at android.content.Intent.<init>(Intent.java:6126)
E/ActivityManager(  157): 	at android.content.Intent$1.createFromParcel(Intent.java:6117)
E/ActivityManager(  157): 	at android.content.Intent$1.createFromParcel(Intent.java:6115)
E/ActivityManager(  157): 	at android.app.ActivityManagerNative.onTransact(ActivityManagerNative.java:298)
E/ActivityManager(  157): 	at com.android.server.am.ActivityManagerService.onTransact(ActivityManagerService.java:1545)
E/ActivityManager(  157): 	at android.os.Binder.execTransact(Binder.java:338)
E/ActivityManager(  157): 	at com.android.server.SystemServer.init1(Native Method)
E/ActivityManager(  157): 	at com.android.server.SystemServer.main(SystemServer.java:808)
E/ActivityManager(  157): 	at java.lang.reflect.Method.invokeNative(Native Method)
E/ActivityManager(  157): 	at java.lang.reflect.Method.invoke(Method.java:511)
E/ActivityManager(  157): 	at com.android.internal.os.ZygoteInit$MethodAndArgsCaller.run(ZygoteInit.java:784)
E/ActivityManager(  157): 	at com.android.internal.os.ZygoteInit.main(ZygoteInit.java:551)
E/ActivityManager(  157): 	at dalvik.system.NativeStart.main(Native Method)
W/NetworkStats(  157): dropping UID delta from unknown iface: iface=wlan0 uid=0 set=DEFAULT tag=0x0 rxBytes=0 rxPackets=0 txBytes=580 txPackets=9 operations=0
I/BarnacleService( 1406): log: WIFI: driver loaded
D/barnacle( 1478): WIFI: Could not set freq: Invalid argument
D/barnacle( 1478): WIFI: Could not set freq: Invalid argument
D/barnacle( 1478): WIFI: WLEXT assoc
I/BarnacleService( 1406): log: Running...
D/dalvikvm(  157): GC_CONCURRENT freed 686K, 9% free 12564K/13767K, paused 4ms+7ms
W/myBarnacleApp( 1406): processStarted
D/dalvikvm(  319): GC_CONCURRENT freed 423K, 6% free 9501K/10055K, paused 5ms+2ms
W/ActivityManager(  157): Activity destroy timeout for ActivityRecord{415359d8 edu.mit.csail.diplomamatrix/.StatusActivity}
I/GPS     (  157): gps_engine_status_update: called release_wakelock_cb
D/AndroidRuntime( 1482): 
D/AndroidRuntime( 1482): >>>>>> AndroidRuntime START com.android.internal.os.RuntimeInit <<<<<<
D/AndroidRuntime( 1482): CheckJNI is OFF
D/AndroidRuntime( 1482): Calling main entry com.android.commands.pm.Pm
W/ActivityManager(  157): No content provider found for permission revoke: file:///data/local/tmp/CameraCloud.apk
W/ActivityManager(  157): No content provider found for permission revoke: file:///data/local/tmp/CameraCloud.apk
I/PackageParser(  157): edu.mit.haoqili.camera_cloud: compat added android.permission.READ_PHONE_STATE
D/dalvikvm(  157): GC_CONCURRENT freed 661K, 8% free 12686K/13767K, paused 2ms+4ms
D/dalvikvm(  157): GC_FOR_ALLOC freed 641K, 8% free 12679K/13767K, paused 46ms
I/PackageManager(  157): Removing non-system package:edu.mit.haoqili.camera_cloud
I/ActivityManager(  157): Force stopping package edu.mit.haoqili.camera_cloud uid=10066
I/PackageManager(  157): Running dexopt on: edu.mit.haoqili.camera_cloud
I/PackageManager(  157): Package edu.mit.haoqili.camera_cloud codePath changed from /data/app/edu.mit.haoqili.camera_cloud-1.apk to /data/app/edu.mit.haoqili.camera_cloud-2.apk; Retaining data and using new
D/dalvikvm( 1493): DexOpt: load 16ms, verify+opt 108ms
I/ActivityManager(  157): Force stopping package edu.mit.haoqili.camera_cloud uid=10066
W/PackageManager(  157): Code path for pkg : edu.mit.haoqili.camera_cloud changing from /data/app/edu.mit.haoqili.camera_cloud-1.apk to /data/app/edu.mit.haoqili.camera_cloud-2.apk
W/PackageManager(  157): Resource path for pkg : edu.mit.haoqili.camera_cloud changing from /data/app/edu.mit.haoqili.camera_cloud-1.apk to /data/app/edu.mit.haoqili.camera_cloud-2.apk
D/PackageManager(  157): New package installed in /data/app/edu.mit.haoqili.camera_cloud-2.apk
I/ActivityManager(  157): Force stopping package edu.mit.haoqili.camera_cloud uid=10066
D/dalvikvm(  348): GC_EXPLICIT freed 1820K, 28% free 12431K/17223K, paused 4ms+6ms
I/RegisteredComponentCache(  333): ComponentInfo: ResolveInfo{413638f0 com.android.apps.tag.TagViewer p=0 o=0 m=0x108000}, techs: android.nfc.tech.Ndef, 
D/PackageManager(  157): generateServicesMap(android.accounts.AccountAuthenticator): 3 services unchanged
D/dalvikvm( 1180): GC_EXPLICIT freed 53K, 5% free 9339K/9799K, paused 18ms+24ms
D/PackageManager(  157): generateServicesMap(android.content.SyncAdapter): 14 services unchanged
D/BackupManagerService(  157): Received broadcast Intent { act=android.intent.action.PACKAGE_REMOVED dat=package:edu.mit.haoqili.camera_cloud flg=0x10000010 (has extras) }
I/RegisteredComponentCache(  333): ComponentInfo: ResolveInfo{41364b38 com.android.apps.tag.TagViewer p=0 o=0 m=0x108000}, techs: android.nfc.tech.Ndef, 
D/PackageManager(  157): generateServicesMap(android.accounts.AccountAuthenticator): 3 services unchanged
D/PackageManager(  157): generateServicesMap(android.content.SyncAdapter): 14 services unchanged
I/ActivityManager(  157): Start proc com.google.android.gallery3d for broadcast com.google.android.gallery3d/com.android.gallery3d.app.PackagesMonitor: pid=1494 uid=10017 gids={3003, 1015}
D/BackupManagerService(  157): Received broadcast Intent { act=android.intent.action.PACKAGE_ADDED dat=package:edu.mit.haoqili.camera_cloud flg=0x10000010 (has extras) }
V/BackupManagerService(  157): updatePackageParticipantsLocked: edu.mit.haoqili.camera_cloud
D/dalvikvm(  157): GC_CONCURRENT freed 802K, 8% free 12793K/13767K, paused 3ms+14ms
I/ActivityThread( 1494): Pub com.google.android.gallery3d.GooglePhotoProvider: com.google.android.picasasync.PicasaContentProvider
D/dalvikvm( 1494): GC_CONCURRENT freed 420K, 6% free 9112K/9607K, paused 2ms+2ms
I/ActivityThread( 1494): Pub com.google.android.gallery3d.provider: com.android.gallery3d.provider.GalleryProvider
D/BackupManagerService(  157): Received broadcast Intent { act=android.intent.action.PACKAGE_REPLACED dat=package:edu.mit.haoqili.camera_cloud flg=0x10000010 (has extras) }
V/BackupManagerService(  157): updatePackageParticipantsLocked: edu.mit.haoqili.camera_cloud
D/dalvikvm( 1494): GC_CONCURRENT freed 473K, 6% free 9184K/9735K, paused 2ms+3ms
I/ActivityManager(  157): Start proc com.android.keychain for broadcast com.android.keychain/.KeyChainBroadcastReceiver: pid=1507 uid=1000 gids={1015, 3002, 3001, 3003, 3007}
I/ActivityManager(  157): No longer want com.android.settings (pid 1423): hidden #16
D/dalvikvm(  157): GC_EXPLICIT freed 973K, 9% free 12606K/13767K, paused 3ms+9ms
D/AndroidRuntime( 1482): Shutting down VM
D/dalvikvm( 1482): GC_CONCURRENT freed 100K, 83% free 456K/2560K, paused 1ms+0ms
D/jdwp    ( 1482): Got wake-up signal, bailing out of select
D/dalvikvm( 1482): Debugger has detached; object registry had 1 entries
I/AndroidRuntime( 1482): NOTE: attach of thread 'Binder Thread #3' failed
D/AndroidRuntime( 1528): 
D/AndroidRuntime( 1528): >>>>>> AndroidRuntime START com.android.internal.os.RuntimeInit <<<<<<
D/AndroidRuntime( 1528): CheckJNI is OFF
D/AndroidRuntime( 1528): Calling main entry com.android.commands.am.Am
I/ActivityManager(  157): START {act=android.intent.action.MAIN cat=[android.intent.category.LAUNCHER] flg=0x10000000 cmp=edu.mit.haoqili.camera_cloud/.CameraCloud} from pid 1528
D/dalvikvm(  157): GC_FOR_ALLOC freed 125K, 9% free 12532K/13767K, paused 43ms
I/dalvikvm-heap(  157): Grow heap (frag case) to 12.439MB for 129616-byte allocation
D/dalvikvm(  157): GC_FOR_ALLOC freed 3K, 9% free 12656K/13895K, paused 40ms
D/AndroidRuntime( 1528): Shutting down VM
D/dalvikvm( 1528): GC_CONCURRENT freed 101K, 81% free 486K/2560K, paused 0ms+1ms
D/jdwp    ( 1528): Got wake-up signal, bailing out of select
D/dalvikvm( 1528): Debugger has detached; object registry had 1 entries
I/AndroidRuntime( 1528): NOTE: attach of thread 'Binder Thread #3' failed
D/dalvikvm( 1539): Late-enabling CheckJNI
I/ActivityManager(  157): Start proc edu.mit.haoqili.camera_cloud for activity edu.mit.haoqili.camera_cloud/.CameraCloud: pid=1539 uid=10066 gids={1006, 1015, 3003}
D/dalvikvm( 1539): Debugger has detached; object registry had 1 entries
D/OpenGLRenderer(  348): Flushing caches (mode 1)
I/CameraCloud( 1539): 1333598234533: *** Opened log file for writing ***
I/CameraCloud( 1539): 1333598234534: areButtonsEnabled --> true
I/CameraCloud( 1539): 1333598234535: *** Application started ***
I/CameraCloud( 1539): 1333598234535: HI I'm in ONRESUME()
I/CameraCloud( 1539): 1333598234540: SAMPLING_DISTANCE : 1, SAMPLING_DURATION : 1000
V/PhoneStatusBar(  228): setLightsOn(true)
D/OpenGLRenderer(  348): Flushing caches (mode 0)
I/CameraSurfaceView( 1539): inside surfaceCreated()
I/CameraSurfaceView( 1539): opening Camera.open()
I/CameraService(   81): Opening camera 0
I/CameraHardwareSec(   81): int android::HAL_camera_device_open(const hw_module_t*, const char*, hw_device_t**): open camera 0
E/SecCamera(   81): initCamera: m_cam_fd(33), m_jpeg_fd(0)
I/SecCamera(   81): Name of input channel[0] is S5K4ECGX
E/SecCamera(   81): initCamera: m_cam_fd2(34)
I/SecCamera(   81): Name of input channel[0] is S5K4ECGX
I/SecCamera(   81): initCamera : initialized
I/SecCamera(   81): Name of input channel[0] is S5K4ECGX
I/CameraHardwareSec(   81): int android::HAL_camera_device_open(const hw_module_t*, const char*, hw_device_t**): opened camera 0 (0x1efb910)
I/AwesomePlayer(   81): setDataSource_l('/system/media/audio/ui/camera_click.ogg')
I/CameraHardwareSec(   81): int android::CameraHardwareSec::previewThreadWrapper(): starting
I/CameraHardwareSec(   81): int android::CameraHardwareSec::previewThreadWrapper(): calling mSecCamera->stopPreview() and waiting
W/SecCamera(   81): int android::SecCamera::stopPreview(): doing nothing because m_flag_camera_start is zero
I/AwesomePlayer(   81): setDataSource_l('/system/media/audio/ui/VideoRecord.ogg')
I/CameraSurfaceView( 1539): opened camera
I/CameraSurfaceView( 1539): inside on surfaceChanged()
I/GPS     (  157): gps_engine_status_update: called acquire_wakelock_cb
D/dalvikvm(  228): GC_CONCURRENT freed 304K, 5% free 10988K/11527K, paused 3ms+5ms
D/dalvikvm(  228): GC_FOR_ALLOC freed 561K, 7% free 10787K/11591K, paused 16ms
D/CameraHardwareSec(   81): mPreviewHeap(fd(33), size(518400), width(720), height(480))
I/CameraHardwareSec(   81): int android::CameraHardwareSec::previewThreadWrapper(): return from wait
I/ActivityManager(  157): Displayed edu.mit.haoqili.camera_cloud/.CameraCloud: +1s252ms (total +1m4s628ms)
D/dalvikvm(  157): GC_FOR_ALLOC freed 87K, 9% free 12673K/13895K, paused 48ms
I/dalvikvm-heap(  157): Grow heap (frag case) to 12.577MB for 129616-byte allocation
D/dalvikvm(  157): GC_FOR_ALLOC freed 25K, 9% free 12774K/14023K, paused 49ms
I/CameraCloud( 1539): 1333598240263: HI I'm in ONPAUSE()
W/InputManagerService(  157): Starting input on non-focused client com.android.internal.view.IInputMethodClient$Stub$Proxy@41442d30 (uid=10066 pid=1539)
I/CameraSurfaceView( 1539): inside surfaceDestroyed()
I/CameraHardwareSec(   81): int android::CameraHardwareSec::previewThreadWrapper(): calling mSecCamera->stopPreview() and waiting
I/CameraSurfaceView( 1539): inside surfaceDestroyed()
I/CameraHardwareSec(   81): void android::CameraHardwareSec::stopPreviewInternal() : preview not running, doing nothing
I/CameraHardwareSec(   81): int android::CameraHardwareSec::previewThreadWrapper(): return from wait
I/CameraHardwareSec(   81): int android::CameraHardwareSec::previewThreadWrapper(): exiting
W/SecCamera(   81): int android::SecCamera::stopPreview(): doing nothing because m_flag_camera_start is zero
W/SecCamera(   81): int android::SecCamera::stopRecord(): doing nothing because m_flag_record_start is zero
I/SecCamera(   81): DeinitCamera: m_cam_fd(33)
I/SecCamera(   81): DeinitCamera: m_cam_fd2(34)
E/CameraHardwareSec(   81): preview window is NULL!
I/CameraService(   81): Destroying camera 0
I/CameraHardwareSec(   81): int android::HAL_camera_device_close(hw_device_t*)
I/SecCamera(   81): DeinitCamera : already deinitialized
W/AudioFlinger(   81): session id 15 not found for pid 81
W/AudioFlinger(   81): session id 16 not found for pid 81
I/ActivityManager(  157): No longer want com.googlecode.android.wifi.tether (pid 1435): hidden #16
I/CameraCloud( 1539): 1333598240916: inside onDestroy()
I/CameraCloud( 1539): 1333598240949: no camera to close
I/CameraCloud( 1539): 1333598240949: close everything else
D/dalvikvm(  228): GC_CONCURRENT freed 377K, 6% free 10958K/11591K, paused 2ms+3ms
D/dalvikvm(  228): GC_FOR_ALLOC freed 600K, 8% free 10786K/11719K, paused 18ms
I/ActivityManager(  157): Process edu.mit.haoqili.camera_cloud (pid 1539) has died.
I/WindowManager(  157): WIN DEATH: Window{415929e0 edu.mit.haoqili.camera_cloud/edu.mit.haoqili.camera_cloud.CameraCloud paused=false}
W/WindowManager(  157): Force-removing child win Window{4169d558 SurfaceView paused=false} from container Window{415929e0 edu.mit.haoqili.camera_cloud/edu.mit.haoqili.camera_cloud.CameraCloud paused=false}
W/NetworkStats(  157): dropping UID delta from unknown iface: iface=wlan0 uid=0 set=DEFAULT tag=0x0 rxBytes=0 rxPackets=0 txBytes=384 txPackets=6 operations=0
W/ActivityManager(  157): Activity destroy timeout for ActivityRecord{4160afa0 edu.mit.haoqili.camera_cloud/.CameraCloud}
I/GPS     (  157): gps_engine_status_update: called release_wakelock_cb
D/AndroidRuntime( 1572): 
D/AndroidRuntime( 1572): >>>>>> AndroidRuntime START com.android.internal.os.RuntimeInit <<<<<<
D/AndroidRuntime( 1572): CheckJNI is OFF
D/AndroidRuntime( 1572): Calling main entry com.android.commands.pm.Pm
W/ActivityManager(  157): No content provider found for permission revoke: file:///data/local/tmp/CameraCloud.apk
W/ActivityManager(  157): No content provider found for permission revoke: file:///data/local/tmp/CameraCloud.apk
D/dalvikvm(  157): GC_CONCURRENT freed 789K, 9% free 12832K/14023K, paused 2ms+5ms
D/dalvikvm(  157): GC_FOR_ALLOC freed 698K, 9% free 12817K/14023K, paused 42ms
I/PackageManager(  157): Removing non-system package:edu.mit.haoqili.camera_cloud
I/ActivityManager(  157): Force stopping package edu.mit.haoqili.camera_cloud uid=10066
I/PackageManager(  157): Package edu.mit.haoqili.camera_cloud codePath changed from /data/app/edu.mit.haoqili.camera_cloud-2.apk to /data/app/edu.mit.haoqili.camera_cloud-1.apk; Retaining data and using new
I/PackageManager(  157): Running dexopt on: edu.mit.haoqili.camera_cloud
D/dalvikvm( 1583): DexOpt: load 17ms, verify+opt 109ms
I/ActivityManager(  157): Force stopping package edu.mit.haoqili.camera_cloud uid=10066
W/PackageManager(  157): Code path for pkg : edu.mit.haoqili.camera_cloud changing from /data/app/edu.mit.haoqili.camera_cloud-2.apk to /data/app/edu.mit.haoqili.camera_cloud-1.apk
W/PackageManager(  157): Resource path for pkg : edu.mit.haoqili.camera_cloud changing from /data/app/edu.mit.haoqili.camera_cloud-2.apk to /data/app/edu.mit.haoqili.camera_cloud-1.apk
D/PackageManager(  157): New package installed in /data/app/edu.mit.haoqili.camera_cloud-1.apk
I/ActivityManager(  157): Force stopping package edu.mit.haoqili.camera_cloud uid=10066
D/dalvikvm(  348): GC_EXPLICIT freed 756K, 28% free 12426K/17223K, paused 5ms+9ms
D/dalvikvm( 1180): GC_EXPLICIT freed 245K, 5% free 9354K/9799K, paused 2ms+3ms
I/RegisteredComponentCache(  333): ComponentInfo: ResolveInfo{41365df8 com.android.apps.tag.TagViewer p=0 o=0 m=0x108000}, techs: android.nfc.tech.Ndef, 
D/dalvikvm(  157): GC_EXPLICIT freed 638K, 9% free 12827K/14023K, paused 3ms+8ms
D/PackageManager(  157): generateServicesMap(android.accounts.AccountAuthenticator): 3 services unchanged
D/PackageManager(  157): generateServicesMap(android.content.SyncAdapter): 14 services unchanged
D/BackupManagerService(  157): Received broadcast Intent { act=android.intent.action.PACKAGE_REMOVED dat=package:edu.mit.haoqili.camera_cloud flg=0x10000010 (has extras) }
D/PackageManager(  157): generateServicesMap(android.accounts.AccountAuthenticator): 3 services unchanged
I/RegisteredComponentCache(  333): ComponentInfo: ResolveInfo{41367040 com.android.apps.tag.TagViewer p=0 o=0 m=0x108000}, techs: android.nfc.tech.Ndef, 
D/PackageManager(  157): generateServicesMap(android.content.SyncAdapter): 14 services unchanged
D/BackupManagerService(  157): Received broadcast Intent { act=android.intent.action.PACKAGE_ADDED dat=package:edu.mit.haoqili.camera_cloud flg=0x10000010 (has extras) }
V/BackupManagerService(  157): updatePackageParticipantsLocked: edu.mit.haoqili.camera_cloud
D/BackupManagerService(  157): Received broadcast Intent { act=android.intent.action.PACKAGE_REPLACED dat=package:edu.mit.haoqili.camera_cloud flg=0x10000010 (has extras) }
V/BackupManagerService(  157): updatePackageParticipantsLocked: edu.mit.haoqili.camera_cloud
D/dalvikvm(  157): GC_CONCURRENT freed 874K, 8% free 12908K/14023K, paused 4ms+5ms
D/dalvikvm(  157): GC_EXPLICIT freed 309K, 10% free 12636K/14023K, paused 11ms+4ms
D/AndroidRuntime( 1572): Shutting down VM
D/dalvikvm( 1572): GC_CONCURRENT freed 100K, 83% free 456K/2560K, paused 0ms+1ms
D/jdwp    ( 1572): Got wake-up signal, bailing out of select
D/dalvikvm( 1572): Debugger has detached; object registry had 1 entries
I/AndroidRuntime( 1572): NOTE: attach of thread 'Binder Thread #3' failed
D/AndroidRuntime( 1592): 
D/AndroidRuntime( 1592): >>>>>> AndroidRuntime START com.android.internal.os.RuntimeInit <<<<<<
D/AndroidRuntime( 1592): CheckJNI is OFF
D/AndroidRuntime( 1592): Calling main entry com.android.commands.am.Am
I/ActivityManager(  157): START {act=android.intent.action.MAIN cat=[android.intent.category.LAUNCHER] flg=0x10000000 cmp=edu.mit.haoqili.camera_cloud/.CameraCloud} from pid 1592
D/AndroidRuntime( 1592): Shutting down VM
D/dalvikvm( 1592): GC_CONCURRENT freed 101K, 81% free 486K/2560K, paused 0ms+1ms
D/jdwp    ( 1592): Got wake-up signal, bailing out of select
D/dalvikvm( 1592): Debugger has detached; object registry had 1 entries
I/AndroidRuntime( 1592): NOTE: attach of thread 'Binder Thread #3' failed
D/dalvikvm( 1603): Late-enabling CheckJNI
I/ActivityManager(  157): Start proc edu.mit.haoqili.camera_cloud for activity edu.mit.haoqili.camera_cloud/.CameraCloud: pid=1603 uid=10066 gids={1006, 1015, 3003}
I/dalvikvm( 1603): Turning on JNI app bug workarounds for target SDK version 10...
D/dalvikvm( 1603): Debugger has detached; object registry had 1 entries
I/CameraCloud( 1603): 1333598277525: *** Opened log file for writing ***
I/CameraCloud( 1603): 1333598277526: areButtonsEnabled --> true
I/CameraCloud( 1603): 1333598277527: *** Application started ***
I/CameraCloud( 1603): 1333598277527: HI I'm in ONRESUME()
I/CameraCloud( 1603): 1333598277531: SAMPLING_DISTANCE : 1, SAMPLING_DURATION : 1000
V/PhoneStatusBar(  228): setLightsOn(true)
D/OpenGLRenderer(  348): Flushing caches (mode 1)
D/OpenGLRenderer(  348): Flushing caches (mode 0)
I/CameraSurfaceView( 1603): inside surfaceCreated()
I/CameraSurfaceView( 1603): opening Camera.open()
I/CameraService(   81): Opening camera 0
I/CameraHardwareSec(   81): int android::HAL_camera_device_open(const hw_module_t*, const char*, hw_device_t**): open camera 0
E/SecCamera(   81): initCamera: m_cam_fd(33), m_jpeg_fd(0)
I/SecCamera(   81): Name of input channel[0] is S5K4ECGX
E/SecCamera(   81): initCamera: m_cam_fd2(34)
I/SecCamera(   81): Name of input channel[0] is S5K4ECGX
I/SecCamera(   81): initCamera : initialized
I/SecCamera(   81): Name of input channel[0] is S5K4ECGX
I/CameraHardwareSec(   81): int android::HAL_camera_device_open(const hw_module_t*, const char*, hw_device_t**): opened camera 0 (0x1efb910)
I/AwesomePlayer(   81): setDataSource_l('/system/media/audio/ui/camera_click.ogg')
I/CameraHardwareSec(   81): int android::CameraHardwareSec::previewThreadWrapper(): starting
I/CameraHardwareSec(   81): int android::CameraHardwareSec::previewThreadWrapper(): calling mSecCamera->stopPreview() and waiting
W/SecCamera(   81): int android::SecCamera::stopPreview(): doing nothing because m_flag_camera_start is zero
I/AwesomePlayer(   81): setDataSource_l('/system/media/audio/ui/VideoRecord.ogg')
I/CameraSurfaceView( 1603): opened camera
I/CameraSurfaceView( 1603): inside on surfaceChanged()
I/GPS     (  157): gps_engine_status_update: called acquire_wakelock_cb
D/dalvikvm(  228): GC_CONCURRENT freed 360K, 7% free 10972K/11719K, paused 5ms+3ms
D/dalvikvm(  228): GC_CONCURRENT freed 558K, 7% free 10969K/11719K, paused 2ms+3ms
D/CameraHardwareSec(   81): mPreviewHeap(fd(33), size(518400), width(720), height(480))
I/CameraHardwareSec(   81): int android::CameraHardwareSec::previewThreadWrapper(): return from wait
I/ActivityManager(  157): Displayed edu.mit.haoqili.camera_cloud/.CameraCloud: +1s109ms
I/CameraCloud( 1603): 1333598285307: canPressButton = false. Can't press button because you're not at a valid region: 0 ~ 5. You're at -1
I/CameraCloud( 1603): 1333598285316: can't press camera button yet
D/AudioHardware(   81): AudioHardware pcm playback is exiting standby.
D/AudioHardware(   81): openPcmOut_l() mPcmOpenCnt: 0
D/AudioHardware(   81): AudioHardware pcm playback is going to standby.
D/AudioHardware(   81): closePcmOut_l() mPcmOpenCnt: 1
D/dalvikvm(  157): GC_CONCURRENT freed 682K, 10% free 12738K/14023K, paused 28ms+5ms
D/dalvikvm(  754): GC_CONCURRENT freed 301K, 7% free 9948K/10695K, paused 8ms+2ms
D/dalvikvm(  301): GC_CONCURRENT freed 136K, 3% free 9737K/9991K, paused 2ms+4ms
D/dalvikvm(  301): GC_FOR_ALLOC freed 237K, 4% free 9844K/10183K, paused 65ms
I/dalvikvm-heap(  301): Grow heap (frag case) to 10.233MB for 577936-byte allocation
D/dalvikvm(  157): GC_CONCURRENT freed 882K, 9% free 12778K/14023K, paused 2ms+26ms
D/dalvikvm(  301): GC_CONCURRENT freed 10K, 4% free 10398K/10759K, paused 3ms+6ms
I/CameraCloud( 1603): 1333598376093: moving from region (-1,-1), to (2,0)
D/AudioHardware(   81): AudioHardware pcm playback is exiting standby.
D/AudioHardware(   81): openPcmOut_l() mPcmOpenCnt: 0
I/CameraCloud( 1603): 1333598377985: canPressButton = TRUE
I/CameraCloud( 1603): 1333598377986: areButtonsEnabled --> false
I/CameraCloud( 1603): 1333598377986: disabling buttons ...
I/CameraCloud( 1603): Inside disableButtonsR #############################################
I/CameraCloud( 1603): areButtonsEnabled --> false
D/dalvikvm( 1603): GC_FOR_ALLOC freed 116K, 3% free 9268K/9479K, paused 27ms
I/CameraCloud( 1603): 1333598378118: ** Clicked take picture button **
I/CameraSurfaceView( 1603): inside getCamera()
I/CameraHardwareSec(   81): int android::CameraHardwareSec::previewThreadWrapper(): calling mSecCamera->stopPreview() and waiting
I/SecCamera(   81): int android::fimc_v4l2_querybuf(int, android::fimc_buffer*, v4l2_buf_type) :
I/SecCamera(   81): int android::fimc_v4l2_querybuf(int, android::fimc_buffer*, v4l2_buf_type): buffer->start = 0x4426e000 v4l2_buf.length = 4261248
I/CameraHardwareSec(   81): == Camera Sensor Detect S5K4ECGX - Samsung LSI SOC 5M ==
D/JpegEncoder(   81): encode E
D/JpegEncoder(   81): encode X
D/SecCamera(   81): Shutter speed=24987 us, iso=100
D/SecCamera(   81): AV=3, TV=5, SV=5
D/JpegEncoder(   81): makeExif E
D/JpegEncoder(   81): makeExif X
I/SecCamera(   81): int android::SecCamera::endSnapshot() :
I/SecCamera(   81): munmap():virt. addr 0x4426e000 size = 4261248
D/dalvikvm( 1603): GC_FOR_ALLOC freed 13K, 3% free 9430K/9671K, paused 16ms
I/dalvikvm-heap( 1603): Grow heap (frag case) to 10.232MB for 997107-byte allocation
D/dalvikvm( 1603): GC_CONCURRENT freed 1K, 3% free 10403K/10695K, paused 1ms+2ms
I/CameraCloud( 1603): 1333598378763: inside HandlePictureStorage onPictureTaken()
D/CameraHardwareSec(   81): mPreviewHeap(fd(33), size(518400), width(720), height(480))
I/CameraHardwareSec(   81): int android::CameraHardwareSec::previewThreadWrapper(): return from wait
I/CameraCloud( 1603): 1333598379127: Picture successfully taken, ORIG BYTE LENGTH = 997091
D/dalvikvm( 1603): GC_FOR_ALLOC freed 1K, 3% free 10404K/10695K, paused 38ms
I/dalvikvm-heap( 1603): Grow heap (frag case) to 28.982MB for 19660816-byte allocation
