D/BluetoothEventLoop(  157): Property Changed: UUIDs : 10
D/NdefPushServer(  333): start, thread = null
D/NdefPushServer(  333): starting new server thread
I/ActivityThread(  412): Pub com.android.inputmethod.latin.dictionarypack: com.google.android.inputmethod.latin.dictionarypack.DictionaryProvider
D/NdefPushServer(  333): about create LLCP service socket
D/NdefPushServer(  333): created LLCP service socket
D/NdefPushServer(  333): about to accept
D/NfcService(  333): NFC-EE OFF
D/NfcService(  333): NFC-C OFF
D/BluetoothAdapterStateMachine(  157): WarmUp process message: 51
I/ActivityThread(  397): Pub contacts;com.android.contacts: com.android.providers.contacts.ContactsProvider2
D/dalvikvm(   79): GC_EXPLICIT freed <1K, 4% free 9028K/9347K, paused 5ms+15ms
I/ActivityManager(  157): Start proc com.googlecode.android.wifi.tether for broadcast com.googlecode.android.wifi.tether/.WifiStateChangeReceiver: pid=1100 uid=10063 gids={3003, 3001, 3002, 1015}
D/Bluetooth HSHFP(  319): Starting BluetoothHeadsetService
I/ActivityManager(  157): No longer want com.android.vending (pid 508): hidden #16
D/dalvikvm(   79): GC_EXPLICIT freed <1K, 4% free 9028K/9347K, paused 2ms+33ms
D/CAT     (  319): CatService: SIM ready. Reporting STK service running now...
D/dalvikvm(  348): GC_CONCURRENT freed 164K, 3% free 9337K/9607K, paused 2ms+55ms
I/ActivityThread(  397): Pub call_log: com.android.providers.contacts.CallLogProvider
W/InputManagerService(  157): Starting input on non-focused client com.android.internal.view.IInputMethodClient$Stub$Proxy@4170b530 (uid=10029 pid=348)
V/SipBroadcastReceiver(  319): start auto registration
D/dalvikvm(  397): GC_CONCURRENT freed 184K, 3% free 9279K/9543K, paused 2ms+3ms
I/SearchManagerService(  157): Building list of searchable activities
D/dalvikvm(  348): GC_CONCURRENT freed 160K, 3% free 9694K/9927K, paused 1ms+12ms
D/dalvikvm(  348): GC_CONCURRENT freed 311K, 4% free 9912K/10311K, paused 2ms+2ms
D/NetworkManagementService(  157): rsp <213 00:90:4c:11:22:33 0.0.0.0 0 [down broadcast multicast]>
D/NetworkManagementService(  157): flags <[down broadcast multicast]>
D/dalvikvm(  157): GC_EXPLICIT freed 344K, 4% free 12727K/13191K, paused 2ms+6ms
D/libEGL  (  348): loaded /system/lib/egl/libGLES_android.so
D/libEGL  (  348): loaded /vendor/lib/egl/libEGL_POWERVR_SGX540_120.so
D/libEGL  (  348): loaded /vendor/lib/egl/libGLESv1_CM_POWERVR_SGX540_120.so
D/libEGL  (  348): loaded /vendor/lib/egl/libGLESv2_POWERVR_SGX540_120.so
D/OpenGLRenderer(  348): Enabling debug mode 0
I/dalvikvm(  462): Turning on JNI app bug workarounds for target SDK version 12...
I/ActivityManager(  157): Start proc com.google.process.gapps for service com.google.android.location/.NetworkLocationService: pid=462 uid=10011 gids={3003, 1015, 1007, 2001, 3006}
D/dalvikvm(  348): GC_CONCURRENT freed 185K, 3% free 10129K/10439K, paused 2ms+3ms
I/ActivityThread(  462): Pub com.google.settings: com.google.android.gsf.settings.GoogleSettingsProvider
I/ActivityThread(  462): Pub subscribedfeeds: com.google.android.gsf.subscribedfeeds.SubscribedFeedsProvider
D/GpsLocationProvider(  157): set_capabilities_callback: 7
I/GPS     (  157): gps_init() : SAMSUNG GPS DRIVER INITIALIZED [Ver 2.0] 2011.03.31)
I/ActivityManager(  157): Start proc com.android.settings for broadcast com.android.settings/.widget.SettingsAppWidgetProvider: pid=476 uid=1000 gids={1015, 3002, 3001, 3003, 3007}
I/ActivityThread(  462): Pub com.google.contacts.gal.provider: com.google.android.syncadapters.contacts.GalProvider
I/StorageNotification(  228): UMS connection changed to true (media state unmounted)
V/RenderScript(  287): rsContextCreateGL dev=0xad6608
V/BackupManagerService(  157): Connected to Google transport
V/BackupManagerService(  157): Registering transport com.google.android.backup/.BackupTransportService = com.google.android.backup.BackupTransportService$1@416d2830
V/RenderScript(  287): 0xb485f0 Launching thread(s), CPUs 1
V/RenderScript(  287): 0xb485f0 initEGL start
D/libEGL  (  287): loaded /system/lib/egl/libGLES_android.so
D/libEGL  (  287): loaded /vendor/lib/egl/libEGL_POWERVR_SGX540_120.so
I/ActivityThread(  462): Pub com.google.android.gsf.gservices: com.google.android.gsf.gservices.GservicesProvider
D/libEGL  (  287): loaded /vendor/lib/egl/libGLESv1_CM_POWERVR_SGX540_120.so
D/libEGL  (  287): loaded /vendor/lib/egl/libGLESv2_POWERVR_SGX540_120.so
I/GservicesProvider(  462): Gservices pushing to system: true; secure: true
I/ActivityThread(  462): Pub com.google.android.providers.talk: com.google.android.gsf.talk.TalkProvider
D/dalvikvm(  348): GC_FOR_ALLOC freed 27K, 3% free 10390K/10631K, paused 220ms
D/NetworkLocationService(  462): onCreate com.google.android.location.NetworkLocationService@4135d2e0
V/RenderScript(  287): 0xb485f0 initGLThread end
V/RenderScript(  287): 0xb485f0 rsContextCreateGL ret
D/dalvikvm(  348): GC_FOR_ALLOC freed 3K, 3% free 10725K/11015K, paused 62ms
D/dalvikvm(  348): GC_FOR_ALLOC freed <1K, 3% free 11063K/11399K, paused 35ms
D/NetworkLocationClient(  462): ANDROID minProtocolVersion 1 maxProtocolVersion 1 releaseVersion -1
D/NetworkLocationClient(  462): binding to Intent { act=com.google.android.location.internal.ANDROID_NLP }
D/LocalBluetoothProfileManager(  476): LocalBluetoothProfileManager construction complete
D/NetworkLocationService(  462): onBind com.google.android.location.NetworkLocationProvidercom.google.android.location.NetworkLocationService@4135d2e0
D/NetworkLocationService(  462): onBind com.google.android.location.GeocodeProvidercom.google.android.location.NetworkLocationService@4135d2e0
D/androidInternalNlpService(  462): onCreate com.google.android.location.internal.server.NetworkLocationService@4137c248
D/dalvikvm(  228): GC_FOR_ALLOC freed 49K, 2% free 9938K/10119K, paused 70ms
D/NetworkLocationRealOs(  462): NLPv2 file already exists; ignoring any NLPv1 files
D/androidNlpServiceThread(  462): ANDROID minProtocolVersion 1 maxProtocolVersion 1 releaseVersion -1
D/dalvikvm(  462): GC_CONCURRENT freed 250K, 4% free 9283K/9607K, paused 3ms+2ms
D/NetworkLocationClient(  462): onServiceConnected to ComponentInfo{com.google.android.location/com.google.android.location.internal.server.NetworkLocationService}
D/ConnectivityService(  157): ConnectivityChange for WIFI: DISCONNECTED/DISCONNECTED
D/ConnectivityService(  157): Attempting to switch to mobile
D/ConnectivityService(  157): Attempting to switch to BLUETOOTH_TETHER
D/dalvikvm(  462): GC_CONCURRENT freed 170K, 3% free 9680K/9927K, paused 2ms+3ms
D/NetlinkEvent(   75): Unexpected netlink message. type=0x11
D/androidNetworkLocationListeners(  462): Still have listener com.google.android.location.internal.client.NetworkLocationClient$1@41362a98
D/androidNetworkLocationListeners(  462): Still have listener com.google.android.location.internal.client.NetworkLocationClient$1@41362a98
V/ScriptC (  287): Create script for resource = nexus
I/bcc     (  287): LIBBCC build time: 2011/12/16 08:33:52
I/bcc     (  287): LIBBCC build revision: 31e50d678d2a8aa28c6f38cccebfa3da2f78df4a (git)
I/DownloadManager(  275): Initiating request for download 8
D/dalvikvm(  348): GC_CONCURRENT freed 36K, 2% free 11636K/11783K, paused 2ms+3ms
D/dalvikvm(  319): GC_CONCURRENT freed 327K, 5% free 9407K/9863K, paused 2ms+2ms
D/NetworkLocator(  462): null cell state delivered
D/MccTable(  319): updateMccMncConfiguration: mcc=310, mnc=260
D/MccTable(  319): locale set to en_us
D/MccTable(  319): WIFI_COUNTRY_CODE set to us
I/WifiService(  157): WifiService trying to set country code to us with persist set to true
I/ActivityManager(  157): Config changed: {1.0 310mcc260mnc en_US layoutdir=0 sw320dp w320dp h508dp nrml long port finger -keyb/v/h -nav/h s.4}
I/ActivityManager(  157): Start proc com.android.vending for broadcast com.android.vending/.MarketWidgetProvider: pid=508 uid=10043 gids={3003, 1015}
D/OpenGLRenderer(  348): Flushing caches (mode 0)
D/StopWatch(  287): StopWatch calcFileSHA1 time (us): 467850 
D/NetworkLocator(  462): null cell state delivered
D/NetworkLocator(  462): null cell state delivered
W/Launcher.Model(  348): LoaderTask running with no launcher (loadAllAppsByBatch)
D/NetworkLocator(  462): null cell state delivered
I/ActivityThread(  508): Pub com.google.android.finsky.RecentSuggestionsProvider: com.google.android.finsky.providers.RecentSuggestionsProvider
D/NetworkLocator(  462): null cell state delivered
D/NetworkLocator(  462): null cell state delivered
D/dalvikvm(  462): GC_CONCURRENT freed 643K, 8% free 9490K/10247K, paused 2ms+2ms
D/Launcher.Model(  348): Reload apps on config change. curr_mcc:310 prevmcc:0
D/dalvikvm(  508): GC_CONCURRENT freed 239K, 4% free 9294K/9607K, paused 2ms+10ms
D/PowerManagerService(  157): bootCompleted
V/DevicePolicyManagerService(  157): Sending password expiration notifications for action android.intent.action.BOOT_COMPLETED
D/Finsky  (  508): [1] SanityChecker.run: # LocalAssets corrected : 0
D/Finsky  (  508): Sanity check took : 49 ms
D/VoldCmdListener(   72): volume mount /mnt/sdcard
I/Vold    (   72): /dev/block/vold/179:3 being considered for volume sdcard
D/Vold    (   72): Volume sdcard state changing 1 (Idle-Unmounted) -> 3 (Checking)
D/MountService(  157): volume state changed for /mnt/sdcard (unmounted -> checking)
I/StorageNotification(  228): Media {/mnt/sdcard} state changed from {unmounted} -> {checking}
D/MountService(  157): sendStorageIntent Intent { act=android.intent.action.MEDIA_CHECKING dat=file:///mnt/sdcard (has extras) }
V/WiredAccessoryObserver(  157): init()
W/WiredAccessoryObserver(  157): This kernel does not have wired headset support
W/WiredAccessoryObserver(  157): This kernel does not have wired headset support
E/ActivityManager(  157): Activity Manager Crash
E/ActivityManager(  157): java.lang.IllegalArgumentException: Unknown URI type: 7
E/ActivityManager(  157): 	at android.net.Uri$1.createFromParcel(Uri.java:1734)
E/ActivityManager(  157): 	at android.net.Uri$1.createFromParcel(Uri.java:1723)
E/ActivityManager(  157): 	at android.content.Intent.readFromParcel(Intent.java:6131)
E/ActivityManager(  157): 	at android.content.Intent.<init>(Intent.java:6126)
E/ActivityManager(  157): 	at android.content.Intent.readFromParcel(Intent.java:6153)
E/ActivityManager(  157): 	at android.content.Intent.<init>(Intent.java:6126)
E/ActivityManager(  157): 	at android.content.Intent$1.createFromParcel(Intent.java:6117)
E/ActivityManager(  157): 	at android.content.Intent$1.createFromParcel(Intent.java:6115)
E/ActivityManager(  157): 	at android.app.ActivityManagerNative.onTransact(ActivityManagerNative.java:298)
E/ActivityManager(  157): 	at com.android.server.am.ActivityManagerService.onTransact(ActivityManagerService.java:1545)
E/ActivityManager(  157): 	at android.os.Binder.execTransact(Binder.java:338)
E/ActivityManager(  157): 	at dalvik.system.NativeStart.run(Native Method)
D/StopWatch(  287): StopWatch calcFileSHA1 time (us): 267061 
D/bcc     (  287): Read object file size 5824
I/ActivityManager(  157): Start proc com.google.android.deskclock for broadcast com.google.android.deskclock/com.android.alarmclock.AnalogAppWidgetProvider: pid=552 uid=10013 gids={}
I/ActivityThread(  552): Pub com.android.deskclock: com.android.deskclock.AlarmProvider
D/StopWatch(  287): StopWatch bcc: PrepareExecutable time (us): 316486 
E/bcc     (  287): Symbol not found: init
I/ActivityManager(  157): Start proc com.android.contacts for broadcast com.android.contacts/.calllog.CallLogReceiver: pid=569 uid=10000 gids={3003, 1015}
D/dalvikvm(  228): GC_FOR_ALLOC freed 278K, 5% free 10082K/10503K, paused 170ms
D/dalvikvm(  287): GC_FOR_ALLOC freed 79K, 3% free 9093K/9347K, paused 108ms
I/dalvikvm-heap(  287): Grow heap (frag case) to 11.878MB for 3072016-byte allocation
D/dalvikvm(  228): GC_FOR_ALLOC freed 546K, 8% free 9858K/10695K, paused 77ms
D/dalvikvm(  287): GC_CONCURRENT freed 2K, 3% free 12091K/12359K, paused 2ms+8ms
D/WifiLocator(  462): Too many no-location APs. Will not compute a location nor go to the server. hasLocation=0 noLocation=0 cacheMiss=0
D/CellLocator(  462): Primary cell miss in cache. Need server request.
I/System.out(  462): [INFO:2818]: LogSource: Running flush
V/OtaStartupReceiver(  319): onReceive: intent action=android.intent.action.BOOT_COMPLETED  mOtaspMode=-1
D/OtaStartupReceiver(  319): OTASP not supported, nothing to do.
D/AccountTypeManager(  569): Registering 1 extension packages
W/InputManagerService(  157): Starting input on non-focused client com.android.internal.view.IInputMethodClient$Stub$Proxy@41710e68 (uid=10065 pid=1084)
I/RecoverySystem(  157): No recovery log file
E/ExternalAccountType(  569): Unsupported attribute readOnly
W/ResourceType(  569): getEntry failing because entryIndex 208 is beyond type entryCount 189
W/ResourceType(  569): Failure getting entry for 0x7f0200d0 (t=1 e=208) in package 0 (error -2147483647)
I/ActivityManager(  157): Start proc com.android.providers.calendar for broadcast com.android.providers.calendar/.CalendarReceiver: pid=598 uid=10007 gids={3003, 1015}
E/DefaultVoicemailNotifier(  569): No voicemails to notify about: clear the notification.
D/AccountTypeManager(  569): Registering extension package account type=com.google, dataSet=plus, packageName=com.google.android.apps.plus
I/System.out(  462): [INFO:3036]: LogSource: Sending payload [bytes=279]
I/AccountTypeManager(  569): Loaded meta-data for 3 account types, 0 accounts in 220ms(wall) 24ms(cpu)
I/SurfaceFlinger(   78): Boot is finished (23667 ms)
I/ActivityThread(  598): Pub com.android.calendar: com.android.providers.calendar.CalendarProvider2
D/dalvikvm(  348): GC_CONCURRENT freed 1979K, 17% free 10439K/12551K, paused 27ms+4ms
I//system/bin/fsck_msdos(   72): ** /dev/block/vold/179:3
I//system/bin/fsck_msdos(   72): ** Phase 1 - Read FAT (compare skipped)
I//system/bin/fsck_msdos(   72): Attempting to allocate 13624 KB for FAT
I/System.out(  462): [SEVERE:3304]: LogSource: AsyncHttpRequestImpl.run(): exception thrown : Unable to resolve host "www.google.com": No address associated with hostname: java.net.UnknownHostException
E/GlsClient-query(  462): requestFailed
D/WifiLocator(  462): Too many no-location APs. Will not compute a location nor go to the server. hasLocation=0 noLocation=0 cacheMiss=0
D/CellLocator(  462): Primary cell miss in cache. Need server request.
V/AlarmClock(  552): AlarmInitReceiver finished
I/ActivityManager(  157): Start proc com.google.android.email for broadcast com.google.android.email/com.android.email.service.EmailBroadcastReceiver: pid=618 uid=10015 gids={3003, 1015}
I/ActivityThread(  618): Pub com.android.email.attachmentprovider: com.android.email.provider.AttachmentProvider
I/ActivityThread(  618): Pub com.android.email.provider;com.android.email.notifier: com.android.email.provider.EmailProvider
W/DownloadManager(  275): Aborting request for download 8: no network connection available
D/dalvikvm(  348): GC_CONCURRENT freed 249K, 16% free 10588K/12551K, paused 1ms+2ms
D/Finsky  (  508): [64] DownloadRecords.initializeAndPrune: Pruned 0 old downloads from the cursor.
I/ActivityManager(  157): Start proc com.google.android.exchange for service com.google.android.exchange/com.android.exchange.ExchangeService: pid=633 uid=10016 gids={3003, 1015}
D/dalvikvm(  157): GC_EXPLICIT freed 752K, 7% free 12761K/13639K, paused 2ms+8ms
D/ConnectivityService(  157): handleInetConditionHoldEnd: net=0, condition=100, published condition=100
I/ActivityThread(  633): Pub com.android.exchange.directory.provider: com.android.exchange.provider.ExchangeDirectoryProvider
D/ExchangeService(  633): !!! EAS ExchangeService, onStartCommand, startingUp = false, running = false
I/ActivityManager(  157): Start proc com.google.android.apps.genie.geniewidget for broadcast com.google.android.apps.genie.geniewidget/.miniwidget.MiniWidgetProvider: pid=649 uid=10018 gids={3003, 1015}
I/dalvikvm(  649): Turning on JNI app bug workarounds for target SDK version 11...
I/ActivityThread(  649): Pub com.google.android.apps.genie.geniewidget.weather: com.google.android.apps.genie.geniewidget.providers.WeatherProvider
D/Eas Debug(  633): Logging: 
I/ActivityThread(  649): Pub com.google.android.apps.genie.geniewidget.newsimage: com.google.android.apps.genie.geniewidget.providers.NewsImageProvider
W/Genie   (  649): Cache file not found: java.io.FileNotFoundException: /data/data/com.google.android.apps.genie.geniewidget/cache/genie_masfcache: open failed: ENOENT (No such file or directory)
W/Genie   (  649): Cache file not found: java.io.FileNotFoundException: /data/data/com.google.android.apps.genie.geniewidget/cache/genie_iconcache: open failed: ENOENT (No such file or directory)
D/dalvikvm(  348): GC_CONCURRENT freed 183K, 14% free 10807K/12551K, paused 1ms+3ms
I/ActivityManager(  157): Start proc com.google.android.gm for broadcast com.google.android.gm/.MailIntentReceiver: pid=669 uid=10019 gids={3003, 1015}
I/ActivityThread(  669): Pub gmail-ls: com.google.android.gm.provider.MailProvider
I/ActivityThread(  669): Pub com.google.android.gmail.SuggestionProvider: com.google.android.gm.SuggestionsProvider
I/ActivityThread(  669): Pub com.google.android.gm: com.google.android.gm.provider.PublicContentProvider
I/ActivityManager(  157): Start proc com.google.android.partnersetup for broadcast com.google.android.partnersetup/.GooglePartnerSetup: pid=689 uid=10022 gids={3003}
D/dalvikvm(   79): GC_EXPLICIT freed 37K, 4% free 9028K/9347K, paused 4ms+8ms
D/dalvikvm(  348): GC_CONCURRENT freed 583K, 15% free 10789K/12551K, paused 1ms+6ms
D/dalvikvm(  348): GC_FOR_ALLOC freed 11K, 12% free 11117K/12551K, paused 29ms
D/dalvikvm(   79): GC_EXPLICIT freed <1K, 4% free 9028K/9347K, paused 2ms+11ms
I/ActivityManager(  157): No longer want com.google.android.gm (pid 669): hidden #16
D/dalvikvm(   79): GC_EXPLICIT freed <1K, 4% free 9028K/9347K, paused 2ms+5ms
I/ActivityManager(  157): Start proc com.google.android.gsf.login for service com.google.android.gsf.login/com.google.android.gsf.loginservice.GoogleLoginService: pid=702 uid=10011 gids={3003, 1015, 1007, 2001, 3006}
I/ActivityThread(  689): Pub com.google.android.partnersetup.rlzprovider: com.google.android.partnersetup.RlzProvider
I/ActivityThread(  689): Pub com.google.android.partnersetup.rlzappprovider: com.google.android.partnersetup.RlzAppProvider
D/dalvikvm(  157): GC_EXPLICIT freed 162K, 7% free 12729K/13639K, paused 2ms+7ms
I/CalendarProvider2(  598): Sending notification intent: Intent { act=android.intent.action.PROVIDER_CHANGED dat=content://com.android.calendar }
W/ContentResolver(  598): Failed to get type for: content://com.android.calendar (Unknown URL content://com.android.calendar)
D/dalvikvm(  348): GC_CONCURRENT freed 56K, 8% free 11644K/12551K, paused 1ms+10ms
D/dalvikvm(  462): GC_FOR_ALLOC freed 157K, 7% free 9606K/10247K, paused 44ms
I/dalvikvm-heap(  462): Grow heap (frag case) to 9.468MB for 16400-byte allocation
D/dalvikvm(  462): GC_FOR_ALLOC freed 18K, 7% free 9604K/10311K, paused 30ms
I/RlzPingService(  689): Setting next ping for 1334202945176
D/dalvikvm(  462): GC_FOR_ALLOC freed 133K, 7% free 9621K/10311K, paused 24ms
I/SystemUpdateService(  462): checking for post-install intent
I/EventLogService(  462): Aggregate from 1331855505818 (log), 1331855505818 (data)
D/ExchangeService(  633): Received deviceId from Email app: androidc1254951434
D/ExchangeService(  633): Reconciling accounts...
D/ExchangeService(  633): !!! EAS ExchangeService, onStartCommand, startingUp = true, running = false
I/SystemUpdateService(  462): cancelUpdate (empty URL)
I/ActivityManager(  157): Start proc com.google.android.apps.maps:FriendService for broadcast com.google.android.apps.maps/com.google.googlenav.friend.android.ServiceReceiver: pid=738 uid=10032 gids={3003, 1015}
I/dalvikvm(  738): Turning on JNI app bug workarounds for target SDK version 13...
D/dalvikvm(  738): GC_CONCURRENT freed 156K, 3% free 9377K/9607K, paused 2ms+2ms
D/Eas Debug(  633): Logging: 
D/PermissionCache(   78): checking android.permission.READ_FRAME_BUFFER for uid=1000 => granted (166 us)
I/ActivityManager(  157): START {flg=0x10000000 cmp=com.google.android.gsf/.update.SystemUpdateInstallDialog} from pid 462
I/ActivityManager(  157): START {flg=0x10000000 cmp=com.google.android.gsf/.update.SystemUpdateDownloadDialog} from pid 462
D/dalvikvm(  462): GC_FOR_ALLOC freed 153K, 6% free 9693K/10311K, paused 23ms
I/ActivityManager(  157): Displayed com.android.launcher/com.android.launcher2.Launcher: +9s607ms
D/AlarmManagerService(  157): Kernel timezone updated to 240 minutes west of GMT
D/dalvikvm(  738): GC_CONCURRENT freed 121K, 3% free 9708K/9927K, paused 2ms+15ms
I/dalvikvm(  754): Turning on JNI app bug workarounds for target SDK version 13...
I/ActivityThread(  766): Pub mms_temp_file: com.android.mms.TempFileProvider
I/ActivityThread(  766): Pub com.android.mms.SuggestionsProvider: com.android.mms.SuggestionsProvider
V/MmsConfig(  766): mnc/mcc: 310260
V/MmsConfig(  766): tag: int value: maxMessageSize - 1048576
V/MmsConfig(  766): tag: int value: maxImageHeight - 1944
V/MmsConfig(  766): tag: int value: maxImageWidth - 2592
V/MmsConfig(  766): tag: string value: userAgent - Nexuss
V/MmsConfig(  766): tag: string value: uaProfUrl - http://wap.samsungmobile.com/uaprof/GT-I9020T.xml
D/MmsSmsDatabaseHelper(  319): [MmsSmsDb] tableName: threads hasAutoIncrement: CREATE TABLE threads (_id INTEGER PRIMARY KEY AUTOINCREMENT,date INTEGER DEFAULT 0,message_count INTEGER DEFAULT 0,recipient_ids TEXT,snippet TEXT,snippet_cs INTEGER DEFAULT 0,read INTEGER DEFAULT 1,type INTEGER DEFAULT 0,error INTEGER DEFAULT 0,has_attachment INTEGER DEFAULT 0) result: true
D/MmsSmsDatabaseHelper(  319): [MmsSmsDb] tableName: canonical_addresses hasAutoIncrement: CREATE TABLE canonical_addresses (_id INTEGER PRIMARY KEY AUTOINCREMENT,address TEXT) result: true
D/MmsSmsDatabaseHelper(  319): [getWritableDatabase] hasAutoIncrementThreads: true hasAutoIncrementAddresses: true
D/dalvikvm(  319): GC_CONCURRENT freed 308K, 5% free 9491K/9927K, paused 2ms+7ms
D/dalvikvm(  754): GC_CONCURRENT freed 158K, 3% free 9375K/9607K, paused 2ms+1ms
V/OneTimeInitializerReceiver(  790): OneTimeInitializerReceiver.onReceive
V/SystemUpdateService(  462): onPostExecute: false
V/OneTimeService(  790): OneTimeService.onHandleIntent
I/ActivityThread(  806): Pub com.google.android.talk.SuggestionProvider: com.google.android.talk.SuggestionsProvider
D/vclib:CallStateClient(  806): startListening
I/talk    (  806): Refresh the supported camera state
I/ActivityThread(  825): Pub com.google.android.videos: com.google.android.youtube.videos.honeycomb.search.VideoSearchProvider
D/AudioHardware(   81): AudioHardware pcm playback is exiting standby.
D/AudioHardware(   81): openPcmOut_l() mPcmOpenCnt: 0
D/NfcService(  333): NFC-C ON
D/Videos  (  825): youtube.core.BaseApplication.createHttpClient:298 HttpClient.UserAgent: com.google.android.videos/1.4.3(Linux; U; Android 4.0.3; en_US; Nexus S Build/IML74K)
D/Videos  (  825): youtube.core.utils.SafeSearch.run:49 checking parental control
D/Videos  (  825): youtube.core.utils.SafeSearch.run:51 parental control is false
I/Videos  (  825): youtube.videos.VideosApplication.getCurrentCountryCode:190 device country = us
I/talk    (  806): supported front camera true
D/dalvikvm(  806): GC_CONCURRENT freed 222K, 4% free 9316K/9607K, paused 3ms+20ms
D/dalvikvm(  766): GC_CONCURRENT freed 244K, 4% free 9288K/9607K, paused 2ms+45ms
D/dalvikvm(  462): GC_EXPLICIT freed 238K, 6% free 9752K/10311K, paused 2ms+3ms
D/Videos  (  825): youtube.core.utils.Util.shrinkDirSize:515 Dir is below limit, no need to shrink: [size=0, limit=5242880]
D/dalvikvm(  825): GC_CONCURRENT freed 317K, 5% free 9216K/9607K, paused 2ms+2ms
W/ApplicationContext(  825): Unable to create external files directory
D/dalvikvm(  754): GC_CONCURRENT freed 177K, 3% free 9737K/9991K, paused 2ms+2ms
D/Videos  (  825): youtube.videos.transfer.VideoDownloadService$BootReceiver.onReceive:46 boot completed, starting video download service
I/Videos  (  825): youtube.videos.DownloadJanitorService.onStartCommand:74 Janitor starting
D/Videos  (  825): youtube.core.transfer.TransferService.onCreate:174 creating transfer service
I/dalvikvm(  877): Turning on JNI app bug workarounds for target SDK version 13...
D/dalvikvm(  157): GC_CONCURRENT freed 719K, 7% free 12887K/13767K, paused 10ms+9ms
I/ActivityThread(  892): Pub com.google.android.calendar.CalendarRecentSuggestionsProvider: com.android.calendar.CalendarRecentSuggestionsProvider
V/AlarmClock(  552): AlarmInitReceiver finished
D/dalvikvm(  275): GC_CONCURRENT freed 210K, 4% free 9200K/9543K, paused 2ms+312ms
D/Videos  (  825): youtube.core.transfer.TransfersDbHelper$DbHandler.handleMessage:130 db init
D/Videos  (  825): youtube.core.transfer.TransfersDbHelper$DbHandler.handleMessage:137 db restore
D/Videos  (  825): youtube.core.transfer.TransferService.restore:234 restored 0 transfers
I/dalvikvm(  914): Turning on JNI app bug workarounds for target SDK version 13...
D/dalvikvm(   79): GC_EXPLICIT freed 37K, 4% free 9028K/9347K, paused 2ms+6ms
D/dalvikvm(  877): GC_CONCURRENT freed 278K, 4% free 9189K/9543K, paused 2ms+57ms
D/dalvikvm(   79): GC_EXPLICIT freed <1K, 4% free 9028K/9347K, paused 2ms+2ms
D/dalvikvm(   79): GC_EXPLICIT freed <1K, 4% free 9028K/9347K, paused 1ms+11ms
D/dalvikvm(  914): GC_CONCURRENT freed 177K, 3% free 9355K/9607K, paused 2ms+2ms
I/Videos  (  825): youtube.videos.DownloadJanitorService$1.run:116 Janitor done
D/Videos  (  825): youtube.core.transfer.TransferService.onDestroy:386 destroying transfer service
D/Videos  (  825): youtube.core.transfer.TransfersDbHelper$DbHandler.handleMessage:165 db close
I/talk    (  806): onMcsConnectionStarted
I/ActivityThread(  929): Pub com.google.android.music.MusicContent: com.google.android.music.store.MusicContentProvider
D/dalvikvm(  157): GC_EXPLICIT freed 888K, 13% free 12110K/13767K, paused 3ms+5ms
D/dalvikvm(  754): GC_CONCURRENT freed 173K, 3% free 10124K/10375K, paused 3ms+20ms
I/MusicStore(  929): Database version: 37
D/dalvikvm(  929): GC_CONCURRENT freed 182K, 3% free 9328K/9607K, paused 2ms+2ms
D/dalvikvm(  228): GC_FOR_ALLOC freed 114K, 6% free 10102K/10695K, paused 17ms
D/dalvikvm(  228): GC_FOR_ALLOC freed 194K, 6% free 10088K/10695K, paused 19ms
D/dalvikvm(  228): GC_FOR_ALLOC freed 165K, 6% free 10088K/10695K, paused 19ms
D/dalvikvm(  228): GC_FOR_ALLOC freed 347K, 6% free 10088K/10695K, paused 14ms
I/AsyncCursor1:1(  929): Initialized for content://com.google.android.music.MusicContent/playlists, proj:_id#name, sel: 'null', args: null, order: null
D/dalvikvm(  228): GC_CONCURRENT freed 273K, 4% free 10268K/10695K, paused 1ms+8ms
I/ActivityThread(  947): Pub com.android.calendar: com.android.providers.calendar.CalendarProvider2
D/dalvikvm(  397): GC_CONCURRENT freed 212K, 4% free 9459K/9799K, paused 13ms+2ms
D/dalvikvm(  766): GC_CONCURRENT freed 259K, 4% free 9470K/9863K, paused 2ms+2ms
D/dalvikvm(  754): GC_CONCURRENT freed 705K, 8% free 9865K/10695K, paused 1ms+13ms
I/System.out(  754): [INFO:3568]: c: Running flush
I/System.out(  754): [INFO:3592]: c: Sending payload [bytes=290]
I/System.out(  754): [INFO:3602]: c: Running flush
I/System.out(  754): [INFO:3604]: c: Sending payload [bytes=232]
I/System.out(  754): [SEVERE:3644]: c: AsyncHttpRequestImpl.run(): exception thrown : Unable to resolve host "www.google.com": No address associated with hostname: java.net.UnknownHostException
I/System.out(  754): [SEVERE:3700]: c: AsyncHttpRequestImpl.run(): exception thrown : Unable to resolve host "www.google.com": No address associated with hostname: java.net.UnknownHostException
D/dalvikvm(  228): GC_FOR_ALLOC freed 294K, 6% free 10340K/10887K, paused 23ms
D/dalvikvm(  228): GC_FOR_ALLOC freed 197K, 6% free 10317K/10887K, paused 23ms
D/dalvikvm(  228): GC_FOR_ALLOC freed 262K, 6% free 10317K/10887K, paused 16ms
D/dalvikvm(  228): GC_FOR_ALLOC freed 256K, 6% free 10315K/10887K, paused 16ms
I/AudioService(  157):  AudioFocus  requestAudioFocus() from android.media.AudioManager@415659e8
W/NotificationService(  157): Notification sound delayed by 1225msecs
I/AudioService(  157):  AudioFocus  requestAudioFocus() from android.media.AudioManager@415659e8
D/ExchangeService(  633): !!! EAS ExchangeService, onStartCommand, startingUp = true, running = false
D/dalvikvm(  618): GC_CONCURRENT freed 229K, 4% free 9245K/9607K, paused 4ms+2ms
I/CalendarProvider2(  947): Sending notification intent: Intent { act=android.intent.action.PROVIDER_CHANGED dat=content://com.android.calendar }
W/ContentResolver(  947): Failed to get type for: content://com.android.calendar (Unknown URL content://com.android.calendar)
I/ActivityThread(  978): Pub com.google.android.calendar.CalendarRecentSuggestionsProvider: com.android.calendar.CalendarRecentSuggestionsProvider
I//system/bin/fsck_msdos(   72): ** Phase 2 - Check Cluster Chains
D/dalvikvm(  348): GC_CONCURRENT freed 488K, 6% free 11934K/12615K, paused 2ms+2ms
I/ServiceDumpSys(  462): dumping service [account]
I//system/bin/fsck_msdos(   72): ** Phase 3 - Checking Directories
I//system/bin/fsck_msdos(   72): ** Phase 4 - Checking for Lost Files
I//system/bin/fsck_msdos(   72): 79 files, 1367044 free (3487489 clusters)
I/PackageManager(  157): Updating external media status from unmounted to mounted
D/MediaScannerReceiver(  275): action: android.intent.action.MEDIA_MOUNTED path: /mnt/sdcard
I/dalvikvm( 1000): Turning on JNI app bug workarounds for target SDK version 11...
I/ActivityThread( 1000): Pub com.google.android.apps.uploader: com.google.android.apps.uploader.UploadsContentProvider
I/ActivityThread( 1000): Pub com.google.photos.provider.Album: com.google.android.apps.uploader.clients.picasa.AlbumProvider
I/PackageManager(  157): No secure containers on sdcard
D/MediaUploader( 1000): UploaderApplication.onCreate
D/dalvikvm(  228): GC_FOR_ALLOC freed 23K, 4% free 10546K/10887K, paused 25ms
D/dalvikvm(  228): GC_FOR_ALLOC freed 181K, 5% free 10544K/11079K, paused 35ms
D/dalvikvm(  228): GC_FOR_ALLOC freed 369K, 6% free 10453K/11079K, paused 34ms
D/dalvikvm(  157): GC_CONCURRENT freed 560K, 12% free 12212K/13767K, paused 10ms+8ms
I/AudioService(  157):  AudioFocus  abandonAudioFocus() from android.media.AudioManager@415659e8
D/MediaUploader( 1000): nonWifiLimit=20971520, default=20971520
I/MediaUploader( 1000): No need to wake up
I/GTalkService/c(  462): [AndroidEndpoint@1094692624] connect: acct=1000000, state=CONNECTING
D/Tethering(  157): MasterInitialState.processMessage what=3
I/ActivityThread( 1015): Pub com.google.android.apps.plus.content.EsProvider: com.google.android.apps.plus.content.EsProvider
I/ActivityThread( 1015): Pub com.google.android.apps.plus.content.ApiProvider: com.google.android.apps.plus.content.EsApiProvider
I/ActivityThread( 1015): Pub com.google.android.apps.plus.content.EsGooglePhotoProvider: com.google.android.picasasync.PicasaContentProvider
D/dalvikvm( 1015): GC_CONCURRENT freed 254K, 4% free 9278K/9607K, paused 2ms+4ms
D/dalvikvm( 1015): GC_CONCURRENT freed 558K, 7% free 9294K/9927K, paused 4ms+6ms
I/ActivityThread( 1015): Pub com.google.plus.platform: com.google.android.apps.plus.content.AdsProvider
D/dalvikvm( 1015): GC_FOR_ALLOC freed 21K, 6% free 9339K/9927K, paused 18ms
I/dalvikvm-heap( 1015): Grow heap (frag case) to 9.200MB for 8392-byte allocation
D/dalvikvm( 1015): GC_FOR_ALLOC freed <1K, 7% free 9347K/9991K, paused 17ms
V/PicasaContentProvider( 1015): querySettings: defaults: {sync_on_wifi_only=1, auto_upload_account_type=null, sync_on_battery=1, sync_picasa_on_wifi_only=1, auto_upload_enabled=0, video_upload_wifi_only=1, sync_on_roaming=0, auto_upload_account_name=null}
D/UploadsManager( 1015): load newPhotoTracker: null
D/UploadsManager( 1015): load all accounts: null
D/UploadsManager( 1015): load all account-album pairs: null
V/PicasaContentProvider( 1015): querySettings: defaults: {sync_on_wifi_only=1, auto_upload_account_type=null, sync_on_battery=1, sync_picasa_on_wifi_only=1, auto_upload_enabled=0, video_upload_wifi_only=1, sync_on_roaming=0, auto_upload_account_name=null}
D/UploadsManager( 1015):    settings not changed
I/MediaUploader( 1000): No need to wake up
D/PicasaSync( 1015): sync account database
I/CheckinService(  462): Preparing to send checkin request
I/EventLogService(  462): Accumulating logs since 1333598128665
D/PicasaSync( 1015): accounts in DB=0
V/PicasaContentProvider( 1015): querySettings: defaults: {sync_on_wifi_only=1, auto_upload_account_type=null, sync_on_battery=1, sync_picasa_on_wifi_only=1, auto_upload_enabled=0, video_upload_wifi_only=1, sync_on_roaming=0, auto_upload_account_name=null}
D/PicasaSyncManager( 1015): active network: NetworkInfo: type: mobile[UMTS], state: CONNECTED/CONNECTED, reason: dataAttached, extra: epc.tmobile.com, roaming: false, failover: false, isAvailable: true
D/PicasaSyncManager( 1015): background data: true
D/dalvikvm(  348): GC_CONCURRENT freed 667K, 7% free 12177K/12999K, paused 3ms+2ms
D/PicasaSyncManager( 1015): battery info: true
W/MediaScanner(  275): Error opening directory '/mnt/sdcard/.android_secure/', skipping: Permission denied.
D/dalvikvm(  462): GC_CONCURRENT freed 290K, 5% free 9884K/10311K, paused 37ms+4ms
I/CheckinTask(  462): Sending checkin request (1770 bytes)
D/GpsLocationProvider(  157): NTP server returned: 1333598131674 (Wed Apr 04 23:55:31 EDT 2012) reference: 40280 certainty: 622 system time offset: 94
D/dalvikvm(  275): GC_CONCURRENT freed 369K, 6% free 9232K/9735K, paused 4ms+5ms
D/AudioHardware(   81): AudioHardware pcm playback is going to standby.
D/AudioHardware(   81): closePcmOut_l() mPcmOpenCnt: 1
V/MediaScanner(  275): pruneDeadThumbnailFiles... android.database.sqlite.SQLiteCursor@4131c320
V/MediaScanner(  275): /pruneDeadThumbnailFiles... android.database.sqlite.SQLiteCursor@4131c320
I/MediaStoreImporter(  929): Update: incremental Added music: 0 Updated music: 0 Deleted music: 0 Created playlists: 0 Updated playlists: 0 Deleted playlists: 0 Inserted playlist items: 0 Deleted playlist items: 0 Removed orphaned playlist items: 0
D/dalvikvm(  462): GC_CONCURRENT freed 406K, 6% free 9909K/10439K, paused 11ms+6ms
D/dalvikvm(  462): GC_CONCURRENT freed 267K, 4% free 10045K/10439K, paused 2ms+3ms
I/CheckinTask(  462): From server: 193 gservices
I/GservicesProvider(  462): main update completed
I/ActivityThread( 1044): Pub com.google.android.partnersetup.rlzprovider: com.google.android.partnersetup.RlzProvider
I/ActivityThread( 1044): Pub com.google.android.partnersetup.rlzappprovider: com.google.android.partnersetup.RlzAppProvider
I/SystemUpdateService(  462): cancelUpdate (empty URL)
I/ActivityThread( 1062): Pub com.google.android.voicesearch: com.google.android.voicesearch.AudioProvider
D/dalvikvm(  157): GC_EXPLICIT freed 638K, 12% free 12161K/13767K, paused 3ms+5ms
I/PersonalizationPrefManagerImpl( 1062): No google account found
V/SystemUpdateService(  462): onPostExecute: false
I/VoiceImeLanguageUpdater( 1062): #internalUpdateLanguages #56
I/CheckinTask(  462): Sending checkin request (1735 bytes)
D/dalvikvm(  462): GC_CONCURRENT freed 349K, 5% free 10148K/10631K, paused 2ms+3ms
D/AudioHardware(   81): AudioHardware pcm playback is exiting standby.
D/AudioHardware(   81): openPcmOut_l() mPcmOpenCnt: 0
I/CheckinTask(  462): Checkin success: https://android.clients.google.com/checkin (2 requests sent)
D/dalvikvm(  348): GC_CONCURRENT freed 528K, 5% free 12607K/13255K, paused 5ms+6ms
D/dalvikvm(  348): GC_FOR_ALLOC freed 286K, 7% free 12456K/13383K, paused 25ms
I/dalvikvm-heap(  348): Grow heap (frag case) to 13.115MB for 925072-byte allocation
D/dalvikvm(  348): GC_FOR_ALLOC freed <1K, 7% free 13359K/14343K, paused 19ms
D/dalvikvm(  348): GC_FOR_ALLOC freed 337K, 6% free 13612K/14471K, paused 23ms
I/dalvikvm-heap(  348): Grow heap (frag case) to 14.588MB for 1286224-byte allocation
D/dalvikvm(  348): GC_FOR_ALLOC freed 913K, 12% free 13954K/15751K, paused 19ms
D/dalvikvm(  348): GC_FOR_ALLOC freed 2K, 12% free 13956K/15751K, paused 26ms
I/dalvikvm-heap(  348): Grow heap (frag case) to 14.924MB for 1286224-byte allocation
D/dalvikvm(  348): GC_FOR_ALLOC freed 0K, 11% free 15212K/17031K, paused 20ms
D/dalvikvm(  348): GC_FOR_ALLOC freed 3257K, 24% free 13241K/17223K, paused 25ms
D/dalvikvm(  348): GC_FOR_ALLOC freed 594K, 23% free 13413K/17223K, paused 24ms
D/dalvikvm(  348): GC_FOR_ALLOC freed 1059K, 24% free 13178K/17223K, paused 23ms
D/dalvikvm(  348): GC_FOR_ALLOC freed 1K, 20% free 13934K/17223K, paused 23ms
I/dalvikvm-heap(  348): Grow heap (frag case) to 15.337MB for 1742416-byte allocation
D/dalvikvm(  348): GC_FOR_ALLOC freed 0K, 10% free 15635K/17223K, paused 19ms
D/dalvikvm(  348): GC_CONCURRENT freed <1K, 10% free 15636K/17223K, paused 1ms+2ms
D/dalvikvm(  348): GC_FOR_ALLOC freed 2461K, 23% free 13267K/17223K, paused 23ms
D/dalvikvm(  348): GC_FOR_ALLOC freed <1K, 20% free 13938K/17223K, paused 24ms
D/dalvikvm(  348): GC_CONCURRENT freed 675K, 14% free 14855K/17223K, paused 2ms+2ms
D/dalvikvm( 1084): Late-enabling CheckJNI
I/dalvikvm( 1084): Turning on JNI app bug workarounds for target SDK version 6...
D/OpenGLRenderer(  348): Flushing caches (mode 1)
D/myBarnacleApp( 1084): onCreate
I/dalvikvm( 1100): Turning on JNI app bug workarounds for target SDK version 3...
D/TETHER -> TetherApplication( 1100): Calling onCreate()
D/TETHER -> TetherApplication( 1100): Current directory is /data/data/com.googlecode.android.wifi.tether
D/TETHER -> TetherApplication( 1100): Directory '/data/data/com.googlecode.android.wifi.tether/bin' already exists!
D/TETHER -> TetherApplication( 1100): Directory '/data/data/com.googlecode.android.wifi.tether/var' already exists!
D/TETHER -> TetherApplication( 1100): Directory '/data/data/com.googlecode.android.wifi.tether/conf' already exists!
I/TETHER -> NativeTask( 1100): Trying to load libwtnativetask.so
D/dalvikvm( 1100): Trying to load lib /data/data/com.googlecode.android.wifi.tether/lib/libwtnativetask.so 0x4132a850
D/dalvikvm( 1100): Added shared lib /data/data/com.googlecode.android.wifi.tether/lib/libwtnativetask.so 0x4132a850
D/dalvikvm( 1100): No JNI_OnLoad found in /data/data/com.googlecode.android.wifi.tether/lib/libwtnativetask.so 0x4132a850, skipping init
D/OpenGLRenderer(  348): Flushing caches (mode 0)
V/PhoneStatusBar(  228): setLightsOn(true)
D/dalvikvm( 1084): GC_CONCURRENT freed 179K, 4% free 9294K/9607K, paused 4ms+7ms
I/ActivityManager(  157): Displayed net.szym.barnacle/.StatusActivity: +535ms (total +3s568ms)
D/dalvikvm(  228): GC_CONCURRENT freed 274K, 5% free 10580K/11079K, paused 1ms+4ms
D/SoftapController(   75): Softap fwReload - Ok
D/CommandListener(   75): Setting iface cfg
D/CommandListener(   75): Trying to bring down wlan0
D/CommandListener(   75): broadcast flag ignored
D/CommandListener(   75): multicast flag ignored
W/myBarnacleApp( 1084): serviceStarted
I/BarnacleService( 1084): log: Starting...
I/BarnacleService( 1084): log: hq. MSG_NETSCHANGE. about to get getWifiState
I/BarnacleService( 1084): log: hq. BarnacleServiceNETSCHANGE: 2 1 null
E/BarnacleService( 1084): NETSCHANGE: 2 1 null
I/BarnacleService( 1084): log: hq. wifiState 2 =? WifiManager.WIFI_STATE_DISABLED = 1
I/BarnacleService( 1084): log: hq. Wifi state Enabled! :( the else before STATE_STARTING
I/BarnacleService( 1084): log: hq if state == STATE_STARTING, turn off wifi
I/BarnacleService( 1084): log: Waiting until Wifi is disabled
I/BarnacleService( 1084): log: hq. MSG_NETSCHANGE. about to get getWifiState
I/BarnacleService( 1084): log: hq. BarnacleServiceNETSCHANGE: 2 1 null
E/BarnacleService( 1084): NETSCHANGE: 2 1 null
I/BarnacleService( 1084): log: hq. wifiState 2 =? WifiManager.WIFI_STATE_DISABLED = 1
I/BarnacleService( 1084): log: hq. Wifi state Enabled! :( the else before STATE_STARTING
I/BarnacleService( 1084): log: hq if state == STATE_STARTING, turn off wifi
I/BarnacleService( 1084): log: Waiting until Wifi is disabled
I/BarnacleService( 1084): log: hq. MSG_NETSCHANGE. about to get getWifiState
I/BarnacleService( 1084): log: hq. BarnacleServiceNETSCHANGE: 2 1 null
E/BarnacleService( 1084): NETSCHANGE: 2 1 null
I/BarnacleService( 1084): log: hq. wifiState 2 =? WifiManager.WIFI_STATE_DISABLED = 1
I/BarnacleService( 1084): log: hq. Wifi state Enabled! :( the else before STATE_STARTING
I/BarnacleService( 1084): log: hq if state == STATE_STARTING, turn off wifi
I/BarnacleService( 1084): log: Waiting until Wifi is disabled
D/dalvikvm(  157): GC_CONCURRENT freed 493K, 11% free 12330K/13767K, paused 4ms+5ms
W/NetworkStats(  157): dropping UID delta from unknown iface: iface=wlan0 uid=0 set=DEFAULT tag=0x0 rxBytes=0 rxPackets=0 txBytes=216 txPackets=3 operations=0
I/BarnacleService( 1084): log: hq. MSG_NETSCHANGE. about to get getWifiState
I/BarnacleService( 1084): log: hq. BarnacleServiceNETSCHANGE: 3 1 null
E/BarnacleService( 1084): NETSCHANGE: 3 1 null
I/BarnacleService( 1084): log: hq. wifiState 3 =? WifiManager.WIFI_STATE_DISABLED = 1
I/BarnacleService( 1084): log: hq. Wifi state Enabled! :( the else before STATE_STARTING
I/BarnacleService( 1084): log: hq if state == STATE_STARTING, turn off wifi
I/BarnacleService( 1084): log: Waiting until Wifi is disabled
I/wpa_supplicant( 1120): CTRL-EVENT-TERMINATING - signal 0 received
I/wpa_supplicant( 1120): CTRL-EVENT-STATE-CHANGE id=-1 state=0 BSSID=00:00:00:00:00:00
D/CommandListener(   75): Clearing all IP addresses on wlan0
I/dalvikvm(  157): Jit: resizing JitTable from 4096 to 8192
I/BarnacleService( 1084): log: hq. MSG_NETSCHANGE. about to get getWifiState
I/BarnacleService( 1084): log: hq. BarnacleServiceNETSCHANGE: 0 1 null
E/BarnacleService( 1084): NETSCHANGE: 0 1 null
I/BarnacleService( 1084): log: hq. wifiState 0 =? WifiManager.WIFI_STATE_DISABLED = 1
I/BarnacleService( 1084): log: hq. Wifi state Enabled! :( the else before STATE_STARTING
I/BarnacleService( 1084): log: hq if state == STATE_STARTING, turn off wifi
W/Netd    (   75): No subsystem found in netlink event
I/BarnacleService( 1084): log: hq. MSG_NETSCHANGE. about to get getWifiState
I/BarnacleService( 1084): log: hq. BarnacleServiceNETSCHANGE: 1 1 null
E/BarnacleService( 1084): NETSCHANGE: 1 1 null
I/BarnacleService( 1084): log: hq. wifiState 1 =? WifiManager.WIFI_STATE_DISABLED = 1
I/BarnacleService( 1084): log: hq. INSIDE :) wifi state disabled
I/BarnacleService( 1084): log: ( (state = 1) ?== (STATE_STARTING = 1) ) && ( (process = proc_is_null) ?== null ... && checkUplink:
I/BarnacleService( 1084): log: hq. :D:D:D:D in state == STATE STARTING and no proccess and checkuplink :D:D:D
I/BarnacleService( 1084): log: Data network is ready
I/BarnacleService( 1084): log: .ini file prepared
I/BarnacleService( 1084): log: hq. :):):):):) :D:D:D:D:D:D about to startProcess()
I/BarnacleService( 1084): log: hq==============
I/BarnacleService( 1084): BarnacleService: startProcess()
I/BarnacleService( 1084): log: hq     pb = new ProcessBuilder
I/BarnacleService( 1084): log: hq     ./File_SCRIPT
I/BarnacleService( 1084): log: hq     pb.start()
I/BarnacleService( 1084): log: hq     new Thread 0 OUTPUT
I/BarnacleService( 1084): log: hq     new Thread 1 ERROR
I/BarnacleService( 1084): log: hq     threads 0 start
I/BarnacleService( 1084): log: hq     threads 1 start
D/su      ( 1129): 10065 net.szym.barnacle executing 0 /data/data/net.szym.barnacle/files/run using shell /system/bin/sh : sh
D/AudioHardware(   81): AudioHardware pcm playback is going to standby.
D/AudioHardware(   81): closePcmOut_l() mPcmOpenCnt: 1
I/BarnacleService( 1084): log: WIFI: driver loaded
D/barnacle( 1148): WIFI: Could not set freq: Invalid argument
D/barnacle( 1148): WIFI: Could not set freq: Invalid argument
D/barnacle( 1148): WIFI: WLEXT assoc
D/dalvikvm(  348): GC_FOR_ALLOC freed 3089K, 28% free 12493K/17223K, paused 65ms
I/BarnacleService( 1084): log: Running...
W/myBarnacleApp( 1084): processStarted
D/Tethering(  157): MasterInitialState.processMessage what=3
D/Tethering(  157): MasterInitialState.processMessage what=3
I/MediaUploader( 1000): No need to wake up
I/MediaUploader( 1000): No need to wake up
I/BarnacleService( 1084): log: hq. MSG_NETSCHANGE. about to get getWifiState
I/BarnacleService( 1084): log: hq. BarnacleServiceNETSCHANGE: 1 2 proc
E/BarnacleService( 1084): NETSCHANGE: 1 2 proc
I/BarnacleService( 1084): log: hq. wifiState 1 =? WifiManager.WIFI_STATE_DISABLED = 1
I/BarnacleService( 1084): log: hq. INSIDE :) wifi state disabled
I/BarnacleService( 1084): log: ( (state = 2) ?== (STATE_STARTING = 1) ) && ( (process = proc_is_not_null) ?== null ... && checkUplink:
I/BarnacleService( 1084): log: now waiting, becaus  either state != STATE_STARTING or process != null
D/dalvikvm( 1084): GC_CONCURRENT freed 290K, 5% free 9454K/9863K, paused 2ms+3ms
D/dalvikvm(  157): GC_CONCURRENT freed 737K, 11% free 12337K/13767K, paused 2ms+5ms
D/dalvikvm(  348): GC_CONCURRENT freed 43K, 21% free 13607K/17223K, paused 1ms+4ms
I/BarnacleService( 1084): log: hq. MSG_NETSCHANGE. about to get getWifiState
I/BarnacleService( 1084): log: hq. BarnacleServiceNETSCHANGE: 1 2 proc
E/BarnacleService( 1084): NETSCHANGE: 1 2 proc
I/BarnacleService( 1084): log: hq. wifiState 1 =? WifiManager.WIFI_STATE_DISABLED = 1
I/BarnacleService( 1084): log: hq. INSIDE :) wifi state disabled
I/BarnacleService( 1084): log: ( (state = 2) ?== (STATE_STARTING = 1) ) && ( (process = proc_is_not_null) ?== null ... && checkUplink:
I/BarnacleService( 1084): log: now waiting, becaus  either state != STATE_STARTING or process != null
D/dalvikvm(  228): GC_FOR_ALLOC freed 344K, 5% free 10643K/11143K, paused 100ms
D/dalvikvm(  348): GC_FOR_ALLOC freed 1239K, 23% free 13282K/17223K, paused 52ms
D/PicasaSyncManager( 1015): active network: NetworkInfo: type: mobile[HSDPA], state: CONNECTED/CONNECTED, reason: dataAttached, extra: epc.tmobile.com, roaming: false, failover: false, isAvailable: true
D/PicasaSyncManager( 1015): background data: true
D/dalvikvm(  348): GC_CONCURRENT freed 583K, 19% free 14029K/17223K, paused 2ms+8ms
D/dalvikvm(  348): GC_CONCURRENT freed 1416K, 18% free 14206K/17223K, paused 2ms+8ms
D/dalvikvm(  348): GC_FOR_ALLOC freed 1853K, 23% free 13418K/17223K, paused 24ms
D/dalvikvm(  348): GC_FOR_ALLOC freed 1059K, 24% free 13182K/17223K, paused 24ms
D/dalvikvm(  348): GC_FOR_ALLOC freed 1K, 20% free 13937K/17223K, paused 25ms
I/dalvikvm-heap(  348): Grow heap (frag case) to 15.341MB for 1742416-byte allocation
D/dalvikvm(  348): GC_CONCURRENT freed 0K, 10% free 15639K/17223K, paused 2ms+3ms
D/dalvikvm(  348): GC_FOR_ALLOC freed 2460K, 23% free 13271K/17223K, paused 25ms
D/dalvikvm(  348): GC_FOR_ALLOC freed <1K, 20% free 13941K/17223K, paused 28ms
D/dalvikvm(  348): GC_CONCURRENT freed 673K, 14% free 14858K/17223K, paused 2ms+8ms
D/SystemClock(  319): Setting time of day to sec=1333598122
D/NetworkPolicy(  157): applying policy NetworkPolicy[NetworkTemplate: matchRule=MOBILE_ALL, subscriberId=valid]: cycleDay=15, warningBytes=2147483648, limitBytes=-1, lastSnooze=-1 to ifaces [rmnet0]
D/NetworkPolicy(  157): applying policy NetworkPolicy[NetworkTemplate: matchRule=MOBILE_ALL, subscriberId=valid]: cycleDay=15, warningBytes=2147483648, limitBytes=-1, lastSnooze=-1 to ifaces [rmnet0]
D/NetworkPolicy(  157): applying policy NetworkPolicy[NetworkTemplate: matchRule=MOBILE_ALL, subscriberId=valid]: cycleDay=15, warningBytes=2147483648, limitBytes=-1, lastSnooze=-1 to ifaces [rmnet0]
D/AndroidRuntime( 1156): 
D/AndroidRuntime( 1156): >>>>>> AndroidRuntime START com.android.internal.os.RuntimeInit <<<<<<
D/AndroidRuntime( 1156): CheckJNI is OFF
D/AndroidRuntime( 1156): Calling main entry com.android.commands.pm.Pm
I/ActivityManager(  157): Start proc com.android.defcontainer for service com.android.defcontainer/.DefaultContainerService: pid=1166 uid=10012 gids={1015, 2001}
W/ActivityManager(  157): No content provider found for permission revoke: file:///data/local/tmp/DIPLOMAMatrix.apk
W/ActivityManager(  157): No content provider found for permission revoke: file:///data/local/tmp/DIPLOMAMatrix.apk
I/PackageParser(  157): edu.mit.csail.diplomamatrix: compat added android.permission.READ_PHONE_STATE
I/PackageManager(  157): Removing non-system package:edu.mit.csail.diplomamatrix
I/ActivityManager(  157): Force stopping package edu.mit.csail.diplomamatrix uid=10067
I/PackageManager(  157): Package edu.mit.csail.diplomamatrix codePath changed from /data/app/edu.mit.csail.diplomamatrix-1.apk to /data/app/edu.mit.csail.diplomamatrix-2.apk; Retaining data and using new
D/dalvikvm(  157): GC_CONCURRENT freed 622K, 10% free 12431K/13767K, paused 2ms+5ms
I/PackageManager(  157): Running dexopt on: edu.mit.csail.diplomamatrix
D/dalvikvm( 1179): DexOpt: load 17ms, verify+opt 140ms
I/ActivityManager(  157): Force stopping package edu.mit.csail.diplomamatrix uid=10067
W/PackageManager(  157): Code path for pkg : edu.mit.csail.diplomamatrix changing from /data/app/edu.mit.csail.diplomamatrix-1.apk to /data/app/edu.mit.csail.diplomamatrix-2.apk
W/PackageManager(  157): Resource path for pkg : edu.mit.csail.diplomamatrix changing from /data/app/edu.mit.csail.diplomamatrix-1.apk to /data/app/edu.mit.csail.diplomamatrix-2.apk
D/PackageManager(  157): New package installed in /data/app/edu.mit.csail.diplomamatrix-2.apk
I/ActivityManager(  157): Force stopping package edu.mit.csail.diplomamatrix uid=10067
D/dalvikvm(  348): GC_EXPLICIT freed 3030K, 22% free 13479K/17223K, paused 2ms+8ms
I/RegisteredComponentCache(  333): ComponentInfo: ResolveInfo{41361178 com.android.apps.tag.TagViewer p=0 o=0 m=0x108000}, techs: android.nfc.tech.Ndef, 
D/PackageManager(  157): generateServicesMap(android.accounts.AccountAuthenticator): 3 services unchanged
I/VoiceActionsFactory( 1062): Applications list changed, recalculating supported actions
