E/MTPRx   (12684): Battery charging. plugType = 2
E/MTPRx   (12684): USB charging
E/MTPRx   (12684): usb mode = 2
E/MTPRx   (12684): Not in media player mode
W/UsbStorageActivity(  563): switchDisplayAsync :: isFocusable is true
D/CLIPBOARD(10563): Hide Clipboard dialog at Starting input: finished by someone else... !
D/msm8660.gralloc(  457): !@/dev/pmem: allocating pmem size=4096000, offset=2048000(0x1f4000)
I/ViewRoot(  563): !@FINISH DRAWING : com.android.systemui/com.android.systemui.usb.UsbStorageActivity
I/ActivityManager(  457): Displayed com.android.systemui/.usb.UsbStorageActivity: +466ms
D/InputTransport(  457): Input channel destroyed: name='40d1bd90 Starting com.android.systemui (server)', ashmemFd=510, receivePipeFd=524, sendPipeFd=523
D/InputTransport(  457): Input channel destroyed: name='40d1bd90 Starting com.android.systemui (client)', ashmemFd=521, receivePipeFd=522, sendPipeFd=525
I/ViewRoot(  563): !@finishDrawing is completed : com.android.systemui/com.android.systemui.usb.UsbStorageActivity
D/CLIPBOARD(  563): Hide Clipboard dialog at Starting input: finished by someone else... !
I/SurfaceFlinger(  457): id=172 Removed Starting com.android.systemui idx=3 Map Size=5
D/PowerManagerService(  457): lightSensorChangedLocked 1000
D/PowerManagerService(  457): lcdValue 129
D/PowerManagerService(  457): buttonValue 0
D/PowerManagerService(  457): keyboardValue 0
D/PowerManagerService(  457): lightSensorChangedLocked : mKeyboardLight : 0
W/WindowManager(  457): Window Window{40d1bd90 Starting com.android.systemui paused=false} destroyed surface Surface(name=Starting com.android.systemui, identity=-1, mNativeSurface=0), session Session{4076ece8 uid 1000}
D/SurfaceFlinger(  457): remove count:1 destroying Starting com.android.systemui
D/LightsService(  457): BKL : 93
D/LightsService(  457): BKL : 95
D/LightsService(  457): BKL : 97
D/LightsService(  457): BKL : 99
D/LightsService(  457): BKL : 101
D/LightsService(  457): BKL : 103
D/LightsService(  457): BKL : 104
D/LightsService(  457): BKL : 106
D/LightsService(  457): BKL : 108
D/LightsService(  457): BKL : 110
D/LightsService(  457): BKL : 112
D/LightsService(  457): BKL : 114
D/LightsService(  457): BKL : 116
D/LightsService(  457): BKL : 117
D/LightsService(  457): BKL : 119
D/LightsService(  457): BKL : 121
D/LightsService(  457): BKL : 123
D/LightsService(  457): BKL : 125
D/LightsService(  457): BKL : 127
D/LightsService(  457): BKL : 128
D/LightsService(  457): BKL : 129
I/PowerManagerService(  457): Light Animator Finished curIntValue=129
I/InputReader(  457): dispatchTouch::touch event's action is 0, pending(waiting finished signal)=0
D/InputTransport(  457): Input channel destroyed: name='40967780 com.android.settings/com.android.settings.UsbSettings (server)', ashmemFd=48, receivePipeFd=500, sendPipeFd=468
I/InputDispatcher(  457): Delivering touch to current input target: action: 0, channel '40cbfdc0 com.android.systemui/com.android.systemui.usb.UsbStorageActivity (server)'
I/InputDispatcher(  457): Delivering touch to current input target: action: 0, channel 'PenGestureView (server)'
I/WindowOrientationListener(  457): orientation = 326 Tilt = 51 -- -3 ,  5 ,  7
I/InputReader(  457): dispatchTouch::touch event's action is 1, pending(waiting finished signal)=0
I/InputDispatcher(  457): Delivering touch to current input target: action: 1, channel '40cbfdc0 com.android.systemui/com.android.systemui.usb.UsbStorageActivity (server)'
I/InputDispatcher(  457): Delivering touch to current input target: action: 1, channel 'PenGestureView (server)'
D/msm8660.gralloc(  457): !@/dev/pmem: allocating pmem size=4096000, offset=12394496(0xbd2000)
D/VoldCmdListener(  317): storage users /mnt/sdcard/external_sd
D/VoldCmdListener(  317): storage users /mnt/sdcard
I/UsbStorageActivity(  563): onClick !!! (Enabling UMS)
D/MountService(  457): isUsbMassStorageConnected :: 
D/VoldCmdListener(  317): share status ums
D/MountService(  457): doGetShareMethodAvailable :: method = ums, result = true
D/MountService(  457):  :::: setUsbMassStorageEnabled :: enable = true
D/VoldCmdListener(  317): volume shared /mnt/sdcard ums
D/MountService(  457): doGetVolumeShared :: path = /mnt/sdcard, method = ums, result = false
D/VoldCmdListener(  317): volume shared /mnt/sdcard/external_sd ums
D/MountService(  457): doGetVolumeShared :: path = /mnt/sdcard/external_sd, method = ums, result = false
I/MountService(  457): ++ H_UNMOUNT_PM_UPDATE (/mnt/sdcard)
I/MountService(  457): skip update enternal media status
I/MountService(  457): ++ H_UNMOUNT_PM_DONE
I/MountService(  457): Updated status. Processing requests
I/MountService(  457): H_UNMOUNT_PM_DONE -> path : /mnt/sdcard, force = true
D/VoldCmdListener(  317): storage users /mnt/sdcard
I/MountService(  457): H_UNMOUNT_PM_DONE -> getStorageUsers : 2
W/ActivityManager(  457): Killing processes unmount media at adjustment 7
W/ActivityManager(  457): Killing ProcessRecord{405637a8 4089:com.google.android.apps.maps/10072} (adj 7): unmount media
W/ActivityManager(  457): Killing ProcessRecord{40a5e670 4188:com.cooliris.media/10086} (adj 7): unmount media
D/VoldCmdListener(  317): storage users /mnt/sdcard
I/MountService(  457): Retrying to kill storage users again
I/MountService(  457): ++ H_UNMOUNT_PM_DONE
I/MountService(  457): Updated status. Processing requests
I/MountService(  457): H_UNMOUNT_PM_DONE -> path : /mnt/sdcard, force = true
D/VoldCmdListener(  317): storage users /mnt/sdcard
I/MountService(  457): H_UNMOUNT_PM_DONE -> getStorageUsers : 0
I/MountService(  457): ++ H_UNMOUNT_MS (/mnt/sdcard)
D/MountService(  457): handleFinished :: UmsEnableCallBack -> path = /mnt/sdcard
D/MountService(  457): doUnmountVolume :: path = /mnt/sdcard, force = true
D/dalvikvm(  457): GC_EXPLICIT freed 1540K, 37% free 8437K/13383K, external 3718K/4616K, paused 81ms
E/MediaProvider(  591): mUnmountReceiver - Intent.getAction : android.intent.action.MEDIA_EJECT, path[/mnt/sdcard]
D/UsbStorageService(  457):  :::: isUsbStorageConnected :: result = false (empty)
D/VoldCmdListener(  317): volume unmount /mnt/sdcard force
I/Vold    (  317): Volume::setState -> Volume sdcard /mnt/sdcard state changed from 4 (Mounted) to 5 (Unmounting)
I/MountService(  457): onEvent:: raw= 605 Volume sdcard /mnt/sdcard state changed from 4 (Mounted) to 5 (Unmounting) cooked =  605 Volume sdcard /mnt/sdcard state changed from 4 (Mounted) to 5 (Unmounting)
D/MountService(  457): Sending intent :: ACTION_MEDIA_EJECT
D/MountService(  457): Sending intent :: Intent { act=android.intent.action.MEDIA_EJECT dat=file:///mnt/sdcard }
D/MediaScanner(  591): Scanner Detects Unmount (Internal)
D/MediaProvider(  591): No DB operation
E/MediaProvider(  591): mUnmountReceiver - Internal_SD, /sdcard -> only do detachVolume
V/MediaProvider(  591): Detached volume: external
D/MountService(  457): notifyVolumeStateChange :: First SD :: mounted, Second SD ::removed
I/ActivityManager(  457): Start proc com.cooliris.media for broadcast com.cooliris.media/com.cooliris.cache.BootReceiver: pid=12830 uid=10086 gids={1015, 3003, 1001}
I/ActivityThread(12830): Pub com.cooliris.picasa.contentprovider: com.cooliris.picasa.PicasaContentProvider
I/Database(12830): sqlite returned: error code = 0, msg = Recovered 8 frames from WAL file /data/data/com.cooliris.media/databases/picasa.db-wal
D/dalvikvm(12830): GC_CONCURRENT freed 340K, 43% free 3224K/5639K, external 0K/0K, paused 4ms+4ms
I/Vold    (  317): /mnt/secure/staging/.android_secure sucessfully unmounted
I/Vold    (  317): /mnt/secure/staging sucessfully unmounted
I/Vold    (  317): /mnt/sdcard unmounted sucessfully
I/Vold    (  317): Volume::setState -> Volume sdcard /mnt/sdcard state changed from 5 (Unmounting) to 1 (Idle-Unmounted)
I/MountService(  457): onEvent:: raw= 605 Volume sdcard /mnt/sdcard state changed from 5 (Unmounting) to 1 (Idle-Unmounted) cooked =  605 Volume sdcard /mnt/sdcard state changed from 5 (Unmounting) to 1 (Idle-Unmounted)
D/MountService(  457): notifyVolumeStateChange :: First SD :: mounted, Second SD ::removed
D/MountService(  457): doShareUnshareVolume :: path = /mnt/sdcard, method = ums, enable = true
D/VoldCmdListener(  317): volume share /mnt/sdcard ums
D/Vold    (  317): VolumeManager::shareVolume dev_t disk 179:28
D/Vold    (  317): VolumeManager::shareVolume -> ums_path /sys/devices/platform/usb_mass_storage/lun0/file /dev/block/vold/179:28
I/Vold    (  317): Volume::setState -> Volume sdcard /mnt/sdcard state changed from 1 (Idle-Unmounted) to 7 (Shared-Unmounted)
I/MountService(  457): onEvent:: raw= 605 Volume sdcard /mnt/sdcard state changed from 1 (Idle-Unmounted) to 7 (Shared-Unmounted) cooked =  605 Volume sdcard /mnt/sdcard state changed from 1 (Idle-Unmounted) to 7 (Shared-Unmounted)
I/MountService(  457): Updating volume state media mounted
D/MountService(  457): updatePublicVolumeState :: path = /mnt/sdcard, state = unmounted
E/StorageNotification(  563): onStorageStateChangedAsync :: Media {/mnt/sdcard} state changed from {mounted} -> {unmounted}
D/MountService(  457): Sending intent :: ACTION_MEDIA_UNMOUNTED -> Intent { act=android.intent.action.MEDIA_UNMOUNTED dat=file:///mnt/sdcard }
E/MediaProvider(  591): mUnmountReceiver - Intent.getAction : android.intent.action.MEDIA_UNMOUNTED, path[/mnt/sdcard]
I/MountService(  457): Updating media shared
D/MountService(  457): updatePublicVolumeState :: path = /mnt/sdcard, state = shared
E/MTPRx   (12684): In MtpReceiverandroid.intent.action.MEDIA_UNMOUNTED
D/UsbStorageActivity(  563): switchDisplayAsync :: usbStorageInUse = true
D/MountService(  457): Sending intent :: ACTION_MEDIA_SHARED
D/MountService(  457): Sending intent :: Intent { act=android.intent.action.MEDIA_SHARED dat=file:///mnt/sdcard }
D/MountService(  457): notifyVolumeStateChange :: First SD :: shared, Second SD ::removed
I/ActivityManager(  457): Start proc com.android.browser for broadcast com.android.browser/.BrowserMediaChangingReceiver: pid=12839 uid=10103 gids={3003, 1015, 1001}
D/Tethering(  457): InitialState.processMessage what=4
D/Tethering(  457): sendTetherStateChangedBroadcast 0, 0, 0
D/MountService(  457):  :::: isUsbMassStorageEnabled :: ret = true
D/StorageNotification(  563): Be receviced the msg 'MEDIA_UNMOUNTED', but we still have connected ums
D/StorageNotification(  563): setMediaStorageNotification :: titleId = 0, messageId = 0, icon = 0, visible = false, dismissable = false, sound = false
D/StorageNotification(  563): updateUsbModeNotification :: connected is false, usbSettingMode is 2, and adbCheck is false
D/StorageNotification(  563): updateUsbMassStorageNotification :: available = false
D/StorageNotification(  563): setUsbStorageNotification :: titleId = 0, messageId = 0, icon = 0, sound = false, visible = false
E/StorageNotification(  563): onStorageStateChangedAsync :: Media {/mnt/sdcard} state changed from {unmounted} -> {shared}
D/StorageNotification(  563): setUsbStorageNotification :: titleId = 17040401, messageId = 17040402, icon = 17301642, sound = false, visible = true
D/StatusBarService(  563): Notification has fullScreenIntent; sending fullScreenIntent
I/ActivityManager(  457): Starting: Intent { flg=0x10000000 cmp=com.android.systemui/.usb.UsbStorageActivity } from pid -1
D/dalvikvm(  323): GC_EXPLICIT freed 12K, 43% free 3113K/5379K, external 0K/0K, paused 111ms
D/MountService(  457): doShareUnshareVolume :: UmsEnabling is changed -> false
D/dalvikvm(  323): GC_EXPLICIT freed <1K, 43% free 3113K/5379K, external 0K/0K, paused 43ms
D/dalvikvm(  323): GC_EXPLICIT freed <1K, 43% free 3113K/5379K, external 0K/0K, paused 24ms
D/DEVENC  (10006): essiv=0
I/ActivityThread(12839): Pub browser: com.android.browser.BrowserProvider
E/tosskh  (12839): tosskh pluginStateON
I/Database(12839): sqlite returned: error code = 0, msg = Recovered 12 frames from WAL file /data/data/com.android.browser/databases/webview.db-wal
I/Database(12839): sqlite returned: error code = 0, msg = Recovered 6 frames from WAL file /data/data/com.android.browser/databases/webviewCache.db-wal
I/BrowserSettings(12839): Selected search engine: ActivitySearchEngine{android.app.SearchableInfo@40563a08}
V/BrowserMediaChangingReceiver(12839): BrowserMediaChangingReceiver : onReceive
V/BrowserMediaChangingReceiver(12839): Ignore mount event for interanl SD - /mnt/sdcard
W/PowerManagerService(  457): Timer 0x7->0x3|0x0
I/PowerManagerService(  457): Ulight 7->3|0
D/PowerManagerService(  457): setLightBrightness : mButtonLight : 0
D/dalvikvm(10050): GC_EXPLICIT freed 223K, 42% free 3194K/5447K, external 0K/0K, paused 62ms
E/AlarmManagerService(  457): android_server_AlarmManagerService_set to type=1, 1332962640.000000000
V/AlarmManager(  457): Adding alarm Alarm{40983c68 type 1 com.tecace.tetheringmanager} at 1
V/AlarmManager(  457): sending alarm Alarm{40983c68 type 1 com.tecace.tetheringmanager}
E/AlarmManagerService(  457): android_server_AlarmManagerService_set to type=1, 1332962656.987000000
V/AlarmManager(  457): sending alarm Alarm{40c58c80 type 1 android}
V/AlarmManager(  457): Adding alarm Alarm{40c22138 type 1 android} at 1
D/dalvikvm(10440): GC_EXPLICIT freed 1300K, 63% free 3458K/9223K, external 746K/2026K, paused 67ms
D/BatteryService(  457): update start
D/BatteryService(  457): updateBattery level:50 scale:100 status:2 health:2 present:true voltage: 3860 temperature: 325 technology: Li-ion AC powered:false USB powered:true icon:17302237
D/UiModeManager(  457): updateConfigurationLocked: mDockState=0; mCarMode=false; mNightMode=0; uiMode=17
E/AlarmManagerService(  457): android_server_AlarmManagerService_set to type=1, 1332962676.987000000
V/AlarmManager(  457): Adding alarm Alarm{40983c68 type 1 com.tecace.tetheringmanager} at 0
V/AlarmManager(  457): sending alarm Alarm{40983c68 type 1 com.tecace.tetheringmanager}
I/TetheringManagerService( 1753): Running time = 20 seconds
E/AlarmManagerService(  457): android_server_AlarmManagerService_set to type=1, 1332962696.987000000
V/AlarmManager(  457): Adding alarm Alarm{40983c68 type 1 com.tecace.tetheringmanager} at 0
V/AlarmManager(  457): sending alarm Alarm{40983c68 type 1 com.tecace.tetheringmanager}
I/TetheringManagerService( 1753): Running time = 40 seconds
E/AlarmManagerService(  457): android_server_AlarmManagerService_set to type=3, 199037.484000000
V/AlarmManager(  457): Adding alarm Alarm{40d14170 type 3 com.android.vending} at 5
V/AlarmManager(  457): sending alarm Alarm{40d14170 type 3 com.android.vending}
I/InputReader(  457): dispatchTouch::touch event's action is 0, pending(waiting finished signal)=0
I/InputDispatcher(  457): Delivering touch to current input target: action: 0, channel '40cbfdc0 com.android.systemui/com.android.systemui.usb.UsbStorageActivity (server)'
I/InputDispatcher(  457): Delivering touch to current input target: action: 0, channel 'PenGestureView (server)'
I/PowerManagerService(  457): Ulight 3->7|0
D/PowerManagerService(  457): setLightBrightness : mButtonLight : 129
I/InputReader(  457): dispatchTouch::touch event's action is 1, pending(waiting finished signal)=0
I/InputDispatcher(  457): Delivering touch to current input target: action: 1, channel '40cbfdc0 com.android.systemui/com.android.systemui.usb.UsbStorageActivity (server)'
I/InputDispatcher(  457): Delivering touch to current input target: action: 1, channel 'PenGestureView (server)'
I/UsbStorageActivity(  563): onClick !!! (Disabling UMS)
D/MountService(  457):  :::: setUsbMassStorageEnabled :: enable = false
D/VoldCmdListener(  317): volume shared /mnt/sdcard ums
D/MountService(  457): doGetVolumeShared :: path = /mnt/sdcard, method = ums, result = true
D/MountService(  457): doShareUnshareVolume :: path = /mnt/sdcard, method = ums, enable = false
D/VoldCmdListener(  317): volume unshare /mnt/sdcard ums
D/Vold    (  317): VolumeManager::unshareVolume -> ums_path /sys/devices/platform/usb_mass_storage/lun0/file 
I/Vold    (  317): Volume::setState -> Volume sdcard /mnt/sdcard state changed from 7 (Shared-Unmounted) to 1 (Idle-Unmounted)
I/MountService(  457): onEvent:: raw= 605 Volume sdcard /mnt/sdcard state changed from 7 (Shared-Unmounted) to 1 (Idle-Unmounted) cooked =  605 Volume sdcard /mnt/sdcard state changed from 7 (Shared-Unmounted) to 1 (Idle-Unmounted)
D/MountService(  457): Sending intent :: ACTION_MEDIA_UNSHARED 
I/MountService(  457): updating volume state for media bad removal nofs and unmountable
D/MountService(  457): updatePublicVolumeState :: path = /mnt/sdcard, state = unmounted
D/MountService(  457): Sending intent :: ACTION_MEDIA_UNMOUNTED -> null
D/MountService(  457): Sending intent :: Intent { act=android.intent.action.MEDIA_UNMOUNTED dat=file:///mnt/sdcard }
E/MediaProvider(  591): mUnmountReceiver - Intent.getAction : android.intent.action.MEDIA_UNMOUNTED, path[/mnt/sdcard]
E/MTPRx   (12684): In MtpReceiverandroid.intent.action.MEDIA_UNMOUNTED
V/BrowserMediaChangingReceiver(12839): BrowserMediaChangingReceiver : onReceive
V/BrowserMediaChangingReceiver(12839): Ignore mount event for interanl SD - /mnt/sdcard
D/MountService(  457): notifyVolumeStateChange :: First SD :: unmounted, Second SD ::removed
D/MountService(  457): doMountVolume :: Mouting path = /mnt/sdcard
E/EncryptService(  457):  onStorageAskPermission Begin! path=/mnt/sdcard, state=mounting, m_State=none, LatestError=0
D/EncryptService(  457):  cryptoMain : Begin! Path=/mnt/sdcard, sStorageAction=mounting, bPopupBox=true, bAppReq=false
D/EncryptService(  457):  cryptoMain : getActionType = 1
D/EncryptService(  457):  cryptoMain : mState = none
D/EncryptService(  457):  cryptoMain : WorkingPath = /mnt/sdcard
D/EncryptService(  457):  getStorageCryptoState : StorageCryptoState=NULL
D/EncryptService(  457):  cryptoMain : command = 0, CryptoPolicy=0
E/EncryptService(  457):  onStorageAskPermission End! m_State=none, nRet = -100, LatestError=0, Policy=0, Path=/mnt/sdcard
D/MountService(  457): wake lock acquire
D/Tethering(  457): sendTetherStateChangedBroadcast 1, 0, 0
D/Tethering(  457): interfaceAdded :usb0
D/VoldCmdListener(  317): volume mount /mnt/sdcard
I/Vold    (  317): /dev/block/vold/179:28 being considered for volume sdcard
I/Vold    (  317): Volume::setState -> Volume sdcard /mnt/sdcard state changed from 1 (Idle-Unmounted) to 3 (Checking)
I/MountService(  457): onEvent:: raw= 605 Volume sdcard /mnt/sdcard state changed from 1 (Idle-Unmounted) to 3 (Checking) cooked =  605 Volume sdcard /mnt/sdcard state changed from 1 (Idle-Unmounted) to 3 (Checking)
I/MountService(  457): updating volume state checking
D/MountService(  457): updatePublicVolumeState :: path = /mnt/sdcard, state = checking
W/Vold    (  317): Skipping discard_util
I/Vold    (  317): check ->  /system/bin/fsck_msdos -p -f /dev/block/vold/179:28 
E/logwrapper(  317): logwrap call fork()
E/logwrapper(  317): logwrap end fork()
E/logwrapper(12926): logwrap end fork()
D/logwrapper(12926): open '/dev/pts/0'(28)
D/logwrapper(12926): redirect stdout and stderr
D/logwrapper(12926): open /dev/cpuctl/bg_non_interactive/tasks = 27 
D/logwrapper(12926): pid = '12926' 
D/logwrapper(12926): run execv ('/system/bin/fsck_msdos')
D/MountService(  457): Sending intent :: ACTION_MEDIA_CHECKING
D/MountService(  457): Sending intent :: Intent { act=android.intent.action.MEDIA_CHECKING dat=file:///mnt/sdcard }
D/MountService(  457): notifyVolumeStateChange :: First SD :: checking, Second SD ::removed
E/StorageNotification(  563): onStorageStateChangedAsync :: Media {/mnt/sdcard} state changed from {shared} -> {unmounted}
I/logwrapper(  317): /system/bin/fsck_msdos : patched by d.moskvitin@samsung.com 2011/01/21
I/logwrapper(  317): /system/bin/fsck_msdos : ** /dev/block/vold/179:28
I/logwrapper(  317): /system/bin/fsck_msdos : Boot sector contents:
I/logwrapper(  317): /system/bin/fsck_msdos : 	bytes per sector:.............512
I/logwrapper(  317): /system/bin/fsck_msdos : 	sectors per cluster:..........64
I/logwrapper(  317): /system/bin/fsck_msdos : 	number of reserved sectors:...80
I/logwrapper(  317): /system/bin/fsck_msdos : 	number of FATs:...............2
I/logwrapper(  317): /system/bin/fsck_msdos : 	number of sectors are in FAT:.2776 (1388 KB)
I/logwrapper(  317): /system/bin/fsck_msdos : 	cluster mask (bit):...........32
I/logwrapper(  317): /system/bin/fsck_msdos : 	FAT entries:..................355328
I/logwrapper(  317): /system/bin/fsck_msdos : 	first cluster offset..........5504
I/logwrapper(  317): /system/bin/fsck_msdos : 	cluster size(bytes):..........32768
I/logwrapper(  317): /system/bin/fsck_msdos : 	number of sectors:............22738944
I/logwrapper(  317): /system/bin/fsck_msdos : 	hidden sectors:...............0
I/logwrapper(  317): /system/bin/fsck_msdos : 	number of clusters:...........355210
I/logwrapper(  317): /system/bin/fsck_msdos : 	oem name:.....................android { 0x61 0x6e 0x64 0x72 0x6f 0x69 0x64 0x20}
I/logwrapper(  317): /system/bin/fsck_msdos : 	volume serial number:.........3c89-16ef
I/logwrapper(  317): /system/bin/fsck_msdos : 	volume label:.................NO NAME    { 0x4f 0x20 0x4e 0x41 0x4d 0x45 0x20 0x20 0x20 0x20 0x46}
I/logwrapper(  317): /system/bin/fsck_msdos : 	file system string id:........FAT32   { 0x41 0x54 0x33 0x32 0x20 0x20 0x20 0xfa}
I/logwrapper(  317): /system/bin/fsck_msdos : ** Phase 1 - Read and Compare FATs
I/logwrapper(  317): /system/bin/fsck_msdos : Attempting to allocate 1388 KB for FAT
I/logwrapper(  317): /system/bin/fsck_msdos : Attempting to allocate 1388 KB for FAT
I/logwrapper(  317): /system/bin/fsck_msdos : ** Phase 2 - Check Cluster Chains
I/logwrapper(  317): /system/bin/fsck_msdos : ** Phase 3 - Checking Directories
I/logwrapper(  317): /system/bin/fsck_msdos : ** Phase 4 - Checking for Lost Files
I/logwrapper(  317): /system/bin/fsck_msdos : FSNext block (314) is correct, NumClusters (355210)
I/logwrapper(  317): /system/bin/fsck_msdos : 83 files, 2971136 free (354992 clusters)
I/logwrapper(  317): /system/bin/fsck_msdos : FIXED
I/logwrapper(  317): /system/bin/fsck_msdos : MARKING FILE SYSTEM CLEAN
D/UsbStorageActivity(  563): switchDisplayAsync :: usbStorageInUse = false
I/Vold    (  317): Filesystem check completed OK
D/Vold    (  317): Fat::doMount mount(/dev/block/vold/179:28, /mnt/secure/staging,vfat,0x00000c8e,utf8,uid=1000,gid=1015,fmask=2,dmask=2,shortname=mixed,discard)
I/Vold    (  317): Device /dev/block/vold/179:28, target /mnt/sdcard mounted @ /mnt/secure/staging
I/Vold    (  317): Volume::setState -> Volume sdcard /mnt/sdcard state changed from 3 (Checking) to 4 (Mounted)
I/MountService(  457): onEvent:: raw= 605 Volume sdcard /mnt/sdcard state changed from 3 (Checking) to 4 (Mounted) cooked =  605 Volume sdcard /mnt/sdcard state changed from 3 (Checking) to 4 (Mounted)
I/MountService(  457): updating volume state mounted
D/MountService(  457): updatePublicVolumeState :: path = /mnt/sdcard, state = mounted
D/MountService(  457): wake lock release
I/MountService(  457): doMountVolume :: make directory the '/mnt/sdcard/external_sd'
D/MountService(  457): Sending intent :: ACTION_MEDIA_MOUNTED
D/MountService(  457): Sending intent :: Intent { act=android.intent.action.MEDIA_MOUNTED dat=file:///mnt/sdcard (has extras) }
I/MountService(  457): doMountVolume :: make directory the '/mnt/sdcard/usbStorage'
W/MountService(  457): Skipped to remount /mnt/sdcard/external_sd, status = removed
D/MountService(  457): notifyVolumeStateChange :: First SD :: mounted, Second SD ::removed
D/VoldCmdListener(  317): volume shared /mnt/sdcard ums
D/MountService(  457): doGetVolumeShared :: path = /mnt/sdcard, method = ums, result = false
D/VoldCmdListener(  317): volume shared /mnt/sdcard/external_sd ums
D/MountService(  457): doGetVolumeShared :: path = /mnt/sdcard/external_sd, method = ums, result = false
D/MountService(  457):  :::: isUsbMassStorageEnabled :: ret = false
D/StorageNotification(  563): setMediaStorageNotification :: titleId = 0, messageId = 0, icon = 0, visible = false, dismissable = false, sound = false
D/StorageNotification(  563): updateUsbModeNotification :: connected is true, usbSettingMode is 2, and adbCheck is false
D/StorageNotification(  563): updateUsbMassStorageNotification :: available = true
I/ActivityManager(  457): Start proc com.sec.android.widgetapp.diotek.smemo for broadcast com.sec.android.widgetapp.diotek.smemo/com.sec.android.widgetapp.q1_penmemo.SDCardDetectedReceiver: pid=12927 uid=10044 gids={1015, 3003}
D/StorageNotification(  563): setUsbStorageNotification :: titleId = 17040399, messageId = 17040400, icon = 17302267, sound = false, visible = true
E/StorageNotification(  563): onStorageStateChangedAsync :: Media {/mnt/sdcard} state changed from {unmounted} -> {checking}
D/StorageNotification(  563): setMediaStorageNotification :: titleId = 17040428, messageId = 17040430, icon = 17301675, visible = true, dismissable = false, sound = false
D/StorageNotification(  563): isActivityPlayStorageSounds :: bRet = false
D/StorageNotification(  563): hideNotification
E/StorageNotification(  563): onStorageStateChangedAsync :: Media {/mnt/sdcard} state changed from {checking} -> {mounted}
D/StorageNotification(  563): hideNotification
D/StorageNotification(  563): updateUsbModeNotification :: connected is true, usbSettingMode is 2, and adbCheck is false
D/StorageNotification(  563): updateUsbMassStorageNotification :: available = true
D/StorageNotification(  563): setUsbStorageNotification :: titleId = 17040399, messageId = 17040400, icon = 17302267, sound = false, visible = true
I/ActivityThread(12927): Pub com.sec.android.widgetapp.q1_penmemo: com.sec.android.widgetapp.q1_penmemo.PenMemoProvider
I/[DIOTEK](12927): open
E/DIOTEK/DRAW(12927): StrokeSpriteCacheBuilder : cacheDirectory is null
D/dalvikvm(12927): GC_EXTERNAL_ALLOC freed 137K, 40% free 3377K/5575K, external 0K/0K, paused 38ms
D/dalvikvm(12927): GC_EXTERNAL_ALLOC freed 3K, 40% free 3374K/5575K, external 1K/1280K, paused 49ms
D/dalvikvm(12927): GC_EXTERNAL_ALLOC freed <1K, 40% free 3374K/5575K, external 3455K/4315K, paused 37ms
D/dalvikvm(12927): GC_EXTERNAL_ALLOC freed <1K, 40% free 3375K/5575K, external 6910K/8629K, paused 33ms
D/dalvikvm(12927): GC_EXTERNAL_ALLOC freed <1K, 40% free 3375K/5575K, external 10364K/12412K, paused 27ms
E/DIOTEK/DRAW(12927): setCacheDirectory : (/mnt/sdcard/android/data/com.sec.android.widgetapp.diotek.smemo/cache)
E/DIOTEK/DRAW(12927): setSerializationDirectory : (/mnt/sdcard/android/data/com.sec.android.widgetapp.diotek.smemo/serial)
E/DIOTEK/DRAW(12927): StrokeSpriteCacheBuilder : cacheDirectory is null
I/[DIOTEK](12927): ACTION_MEDIA_MOUNTED
E/MTPRx   (12684): In MtpReceiverandroid.intent.action.MEDIA_MOUNTED
I/ActivityManager(  457): Start proc com.google.android.apps.uploader for broadcast com.google.android.apps.uploader/.ConnectivityBroadcastReceiver: pid=12957 uid=10068 gids={3003}
I/ActivityManager(  457): No longer want edu.mit.csail.diplomamatrix (pid 10440): hidden #21
I/ActivityThread(12957): Pub com.google.android.apps.uploader: com.google.android.apps.uploader.UploadsContentProvider
I/ActivityThread(12957): Pub com.google.photos.provider.Album: com.google.android.apps.uploader.clients.picasa.AlbumProvider
D/MediaUploader(12957): UploaderApplication.onCreate
D/MediaUploader(12957): nonWifiLimit=20971520, default=20971520
I/MediaUploader(12957): No need to wake up
V/MediaScannerReceiver(  591): onReceive : action = [android.intent.action.MEDIA_MOUNTED], path = [/mnt/sdcard]
D/MediaScannerReceiver(  591): onReceive : externalStorageSdPath : /mnt/sdcard/external_sd, path : /mnt/sdcard
D/MediaScannerReceiver(  591): Start scanning Internal SD. Set bIsScanningInternalSD = true
D/MediaScannerReceiver(  591): scan - volume : external
I/ActivityManager(  457): No longer want com.noshufou.android.su (pid 8935): hidden #21
D/dalvikvm(12830): GC_EXTERNAL_ALLOC freed 13K, 43% free 3216K/5639K, external 0K/0K, paused 21ms
D/BootReceiver(12830): MOUNTED: mListenersInitialized = false
E/BootReceiver(12830): registerContentObserver
I/ActivityManager(  457): Start proc com.sec.android.app.FileTransferManager for broadcast com.sec.android.app.FileTransferManager/.NetworkStateReceiver: pid=12967 uid=10088 gids={3003, 1015}
I/ActivityManager(  457): No longer want com.svox.pico (pid 10373): hidden #21
E/[FT]-Server(12967): NetworkStateReceiver :intent: android.intent.action.MEDIA_MOUNTED
V/WifiProgressStore(12967): WifiProgressStore Created
V/BrowserMediaChangingReceiver(12839): BrowserMediaChangingReceiver : onReceive
V/BrowserMediaChangingReceiver(12839): Ignore mount event for interanl SD - /mnt/sdcard
I/ActivityManager(  457): No longer want com.google.android.partnersetup (pid 10380): hidden #21
D/MediaScannerService(  591): onStartCommand : intent - Intent { cmp=com.android.providers.media/.MediaScannerService (has extras) }
D/MediaScannerService(  591): onStartCommand : flags [2], startId [1]
D/MediaScannerService(  591): onStartCommand : intent.getExtra's volume : external
D/MediaScannerService(  591): ServiceHandler:handleMessage volume[external]
I/MediaScannerService(  591): !@beginofMediascannerservice
D/MediaScannerService(  591): start scanning volume external
D/MediaProvider(  591): mMediaScannerReceiver - intent.getAction : android.intent.action.MEDIA_SCANNER_STARTED
V/MediaProvider(  591): /mnt/sdcard volume ID: 1015617263
E/MediaProvider(  591): MountService returned externalSd Serial Number : 
D/VoldCmdListener(  317): volume devpath /mnt/sdcard/external_sd
D/Vold    (  317): VolumeManager::getDeviceRootPath -> getDeviceRootPath:: null
D/MountService(  457): getDeviceDriverPath :: vold can not get path or before mount
E/MountService(  457): getStorageSerialNumber :: Failed to get root path of mmc /mnt/sdcard/external_sd
V/MediaProvider(  591): Suspending ThumbWorker
I/MediaProvider(  591): MediaScanner started!!!
E/MTPRx   (12684): In MtpReceiverandroid.intent.action.MEDIA_SCANNER_STARTED
W/MTPRx   (12684): Media scanning is started, setting media scanner status
E/MTPRx   (12684): file kieswifi.dat is not found
E/MTPRx   (12684): Battery charging. plugType = 2
E/MTPRx   (12684): USB charging
E/MTPRx   (12684): usb mode = 2
E/MTPRx   (12684): Not in media player mode
D/dalvikvm(  563): GC_EXTERNAL_ALLOC freed 581K, 54% free 3634K/7751K, external 5913K/6161K, paused 33ms
E/MediaProvider(  591): removeMediaDBData called
V/MediaProvider(  591): Attached volume: external
D/MediaScannerService(  591): scan : call scanner.scanDirectories - directories : /mnt/sdcard
D/MediaScanner(  591): NexPlayerSDKMediaScanner is configured but using StagefrightMediaScanner
V/MediaPlayerService(  325): Create new media retriever from pid 591
D/MediaScanner(  591): prescan enter 
D/MediaScanner(  591): prescan return
D/MediaScanner(  591): scanDirectories : directories.length=1, directories.length : /mnt/sdcard
D/MediaScanner(  591): Sync...
D/MediaScanner(  591): Start Nazca(Internal) /mnt/sdcard/
D/MediaScanner(  591): Use QFS
D/MediaScanner(  591): Android SD Device open OK
D/MediaScanner(  591): Nazca Scan :     0 /mnt/sdcard/LOST.DIR (0msec)
D/MediaScanner(  591): Ignored : External SD directory attached on internal SD directory
D/MediaScanner(  591): Ignored : External USB directory attached on internal SD directory
D/MediaScanner(  591): Nazca Scan :     0 /mnt/sdcard/DCIM (0msec)
D/MediaScanner(  591): ".nomedia" in /mnt/sdcard/Android/data
D/MediaScanner(  591): Nazca Scan :     0 /mnt/sdcard/Android/data (0msec)
D/MediaScanner(  591): Nazca Scan :     0 /mnt/sdcard/Android (0msec)
D/MediaScanner(  591): ".nomedia" in /mnt/sdcard/Application/SMemo/switcher
D/MediaScanner(  591): Nazca Scan :     0 /mnt/sdcard/Application/SMemo/switcher (1msec)
D/MediaScanner(  591): ".nomedia" in /mnt/sdcard/Application/SMemo/cache
D/MediaScanner(  591): Nazca Scan :     0 /mnt/sdcard/Application/SMemo/cache (0msec)
D/MediaScanner(  591): ".nomedia" in /mnt/sdcard/Application/SMemo/image
D/MediaScanner(  591): Nazca Scan :     0 /mnt/sdcard/Application/SMemo/image (1msec)
D/MediaScanner(  591): Nazca Scan :     0 /mnt/sdcard/Application/SMemo (2msec)
D/MediaScanner(  591): Nazca Scan :     0 /mnt/sdcard/Application (3msec)
D/MediaScanner(  591): ".nomedia" in /mnt/sdcard/promo
D/MediaScanner(  591): Nazca Scan :     0 /mnt/sdcard/promo (1msec)
D/MediaScanner(  591): Nazca Scan :     0 /mnt/sdcard (5msec)
D/MediaScanner(  591): Normal Meta & DB Insert/Update Start
D/MediaScanner(  591): Normal    0 done (0msec)
D/MediaScanner(  591): Sync..
D/MediaProvider(  591): mMediaScannerReceiver - intent.getAction : android.intent.action.ACTION_MEDIA_SCANNER_PROGRESS
D/MediaScanner(  591): Start Nazca /mnt/sdcard/external_sd
D/MediaScanner(  591): Use QFS
E/MediaScanner(  591): Cannot get device path from mount info. Check SD Unmounted.
D/MediaScanner(  591): Normal Meta & DB Insert/Update Start
D/MediaScanner(  591): Normal    0 done (0msec)
D/MediaScanner(  591): Sync....
D/MediaScanner(  591): Start Nazca /mnt/sdcard/usbStorage/sda
D/MediaScanner(  591): Use QFS
E/MediaScanner(  591): Cannot get device path from mount info. Check SD Unmounted.
D/MediaScanner(  591): Normal Meta & DB Insert/Update Start
D/MediaScanner(  591): Normal    0 done (1msec)
D/MediaScanner(  591): postscan enter: directories - /mnt/sdcard
D/MediaScanner(  591): start checking FileCacheEntry
D/MediaScanner(  591): end checking FileCacheEntry
D/MediaScanner(  591): call pruneDeadThumbnailFils()
V/MediaScanner(  591): pruneDeadThumbnailFiles... android.database.sqlite.SQLiteCursor@405859c0
V/MediaScanner(  591): files to delete count : 0
V/MediaScanner(  591): /pruneDeadThumbnailFiles... android.database.sqlite.SQLiteCursor@405859c0
D/MediaScanner(  591): postscan return
D/MediaScanner(  591):  prescan time: 17ms
D/MediaScanner(  591):     scan time: 98ms
D/MediaScanner(  591): postscan time: 67ms
D/MediaScanner(  591):    total time: 182ms
D/MediaProvider(  591): mMediaScannerReceiver - intent.getAction : android.intent.action.MEDIA_SCANNER_FINISHED
E/DEVICE_PROVISIONED : (10563): DEVICE_PROVISIONED : 1
V/MediaProvider(  591): Resuming ThumbWorker
I/MediaProvider(  591): MediaScanner stopped!!!
D/MediaScannerService(  591): done scanning volume external
I/MediaScannerService(  591): !@endofMediascannerservice
E/MTPRx   (12684): In MtpReceiverandroid.intent.action.MEDIA_SCANNER_FINISHED
D/MediaScannerReceiver(  591): onReceive : EXTERNAL scan FINISHED.
D/BootReceiver(12830): ACTION_MEDIA_SCANNER_FINISHED: path = /mnt/sdcard
D/BootReceiver(12830): ImageManager.hasStorage()truetrue
I/RilSupportOnReceiveKOR(  589): Intent:android.intent.action.MEDIA_SCANNER_FINISHED
I/RilSupportBroadCastReceiverKOR(  589): ACTION_MEDIA_SCANNER_FINISHED
I/RilSupportServiceOnReceiveKOR( 9890): Intent:null
I/RilSupportServiceOnReceiveKOR( 9890): COMMAND:android.intent.action.MEDIA_SCANNER_FINISHED
I/RilSupportServiceKOR( 9890): MODEL : SAMSUNG-SGH-I717
I/RilSupportServiceKOR( 9890): Skip MEDIA_SCANNER_FINISHED_ACTION...
D/CscParser(  589): customer_path =/system/csc/customer.xml
D/CscParser(  589): others_path =/system/csc/others.xml
E/CscReceiver(  589): onReceive android.intent.action.MEDIA_SCANNER_FINISHED
I/CscReceiver(  589): handleMediaScannerFinished
D/CscReceiver(  589): Media DB Scanner finished.
I/CacheService(12830): Starting CacheService
D/CacheService(12830): Locale [en_US]
D/dalvikvm(10571): GC_FOR_MALLOC freed 268K, 38% free 3976K/6407K, external 0K/1280K, paused 24ms
I/TIMECHECK(12830): START thumbnails.
I/CacheService(12830): Refreshing cache.
W/DiskCache(12830): rename to = /mnt/sdcard/Android/data/com.cooliris.media/cache/local-album-cache/index
I/CacheService(12830): Building albums.
D/CacheService(12830): Album Cache delete all
W/DiskCache(12830): rename to = /mnt/sdcard/Android/data/com.cooliris.media/cache/local-album-cache/index
I/CacheService(12830): Done building albums.
I/CacheService(12830): Preparing DiskCache for all thumbnails.
I/MediaStoreImporter(10571): Update: incremental Added music: 0 Updated music: 0 Deleted music: 0 Created playlists: 0 Updated playlists: 0 Deleted playlists: 0 Inserted playlist items: 0 Deleted playlist items: 0 Removed orphaned playlist items: 0
D/DiskCacheSEC(12830): [SE Lab.] index file will be loaded..
W/DiskCacheSEC(12830): loadIndex /mnt/sdcard/Android/data/com.cooliris.media/cache/local-image-thumbs/index
V/DiskCacheSEC(12830): [SE Lab.] disk infomation read done ...
V/DiskCacheSEC(12830): Found 0 chunk files for /mnt/sdcard/Android/data/com.cooliris.media/cache/local-image-thumbs/
W/DiskCacheSEC(12830): enter writeIndex 0
W/DiskCacheSEC(12830): Create TempFile = /sdcard/DiskCacheIndex-179487388.tmp
V/DiskCacheSEC(12830): [SE Lab.] writeindex(): id= 1015617263 / mntTime= 1332962688363
D/DiskCacheSEC(12830): Wrote index with 0 records.
W/DiskCacheSEC(12830): rename to = /mnt/sdcard/Android/data/com.cooliris.media/cache/local-image-thumbs/index
I/TIMECHECK(12830): END thumbnails.
D/InputReader(  457): Input event: value=1
I/ScreenCaptureAction(  457): updateHomeKeyPressed(), pressed = true
D/RestrictionPolicy(  457): isHomeKeyEnabled :true
V/AudioPolicyManager(  325): getParamFromPolicy  deviceInt = 0, situationInt = 1, situationVolume = 1.000000
V/AudioPolicyService(  325): startOutput() tid 528
V/AudioPolicyManager(  325): startOutput() output 1, stream 1, session 45
V/AudioPolicyManager(  325): getDeviceForStrategy() from cache strategy 0, device 2
V/AudioPolicyManager(  325): getNewDevice() selected device 2
V/AudioPolicyManager(  325): setOutputDevice() output 1 device 2 delayMs 0
V/AudioPolicyManager(  325): setOutputDevice() setting same device 2 or null device for output 1
V/AudioHardwareMSM8660(  325): open driver
E/AudioTrack(  457): Audio track delete
E/AudioTrack(  457): stop 0x616a60
E/AudioTrack(  457): Stop complete
E/AudioTrack(  457): Audio track exit start
E/AudioTrack(  457): Audio track exit done
V/AudioPolicyService(  325): releaseOutput() tid 529
V/AudioPolicyManager(  325): releaseOutput() 1
V/AudioHardwareMSM8660(  325): get config
V/AudioHardwareMSM8660(  325): set config
V/AudioHardwareMSM8660(  325): buffer_size: 4800
V/AudioHardwareMSM8660(  325): buffer_count: 2
V/AudioHardwareMSM8660(  325): channel_count: 2
V/AudioHardwareMSM8660(  325): sample_rate: 44100
D/AudioHardwareMSM8660(  325): write(): dec_id = 1 cur_rx = 2
V/AudioHardwareMSM8660(  325): cur_rx for pcm playback = 2
D/AudioHardwareMSM8660(  325): value of device and enable is 2 1 ALSA dev id:2
D/ACDB-LOADER(  325): ACDB -> send_audio_cal, acdb_id = 2, path =  0
D/ACDB-LOADER(  325): ACDB -> send_audtable
D/ACDB-LOADER(  325): ACDB -> ACDB_CMD_GET_AUDPROC_COMMON_TABLE
D/ACDB-LOADER(  325): ACDB -> AUDIO_SET_AUDPROC_CAL
D/ACDB-LOADER(  325): ACDB -> send_audvoltable
D/ACDB-LOADER(  325): ACDB -> ACDB_CMD_GET_AUDPROC_GAIN_DEP_VOLTBL_STEP_COPP
D/ACDB-LOADER(  325): ACDB -> AUDIO_SET_AUDPROC_VOL_CAL
W/AudioFlinger(  325): write blocked for 81 msecs, 15 delayed writes, thread 0x32960
D/InputReader(  457): Input event: value=0
I/ScreenCaptureAction(  457): updateHomeKeyPressed(), pressed = false
D/RestrictionPolicy(  457): isHomeKeyEnabled :true
D/StatusBarService(  563): animateCollapse() - updateViewLayout
D/UsbStorageActivity(  563): onPause !!!
I/ActivityManager(  457): Starting: Intent { act=android.intent.action.MAIN cat=[android.intent.category.HOME] flg=0x10200000 cmp=com.sec.android.app.twlauncher/.Launcher } from pid 457
I/OrientationDebug(  457): [pwm] in updateOrientationListenerLp()
V/OrientationDebug(  457): in updateOrientationListenerLp(), Screen status=true, current orientation=1, SensorEnabled=false
I/OrientationDebug(  457): [pwm] needSensorRunningLp(), return false #3
E/WindowManager(  457): rotation is : 0
D/GLSurfaceViewGroup(  644): Skipped drawing due to suspendDrawingUntilResume()
I/GLThread(  644): onResume tid=15
I/Main thread(  644): onResume waiting for !mPaused.
I/GLThread(  644): mPaused is now false tid=15
D/Launcher(  644): It's image wallpaper. suggestDesiredDimensions(800 , 1280 )
I/Launcher(  644): onRestart. Launcher: 40627898
I/Launcher(  644): onResume. Launcher: 40627898, mIsNewIntent: true
E/WallpaperService(  457): setDimensionHints ! w=800
E/com.samsung.app( 3022): [MSC_Accu]>>> WeatherWidgetProvider.java:354 [0:0] onReceive@ sec.android.intent.action.HOME_RESUME
E/com.samsung.app( 3022): [MSC_Accu]>>> WidgetIdManager.java:53 [0:0] AccuWeatherClockWidgetID_Length
E/com.samsung.app( 3022): [MSC_Accu]>>> WidgetIdManager.java:54 [0:0] getPrefIDs@lngth:1
E/com.samsung.app( 3022): [MSC_Accu]>>> WidgetIdManager.java:60 [0:0] getPrefIDs@Ids1:4
E/com.samsung.app( 3292): [MSC]>>> StockClock_Integration.java:235 [0:0] onReceive sec.android.intent.action.HOME_RESUME
E/com.samsung.app( 3292): [MSC]>>> StockClock_Integration.java:241 [0:0] onReceive : no stock widget!!!
I/PhotoAppWidgetProvider(12830): onReceive
I/PhotoAppWidgetProvider(12830): RestartSlideShow
D/PhotoDatabaseHelper(12830): getWidgetIdList query count : 0
D/PhotoAppWidgetProvider(12830): onReceive End
I/SurfaceFlinger(  457): id=174(29) createSurface 0x3c36d4 for pid 644 (800x1230),1 flag=0, SurfaceView
I/GLThread(  644): noticed surfaceView surface acquired tid=15
W/EglHelper(  644): start() tid=15
E/AudioTrack(  457): stop 0x49eeb0
V/AudioPolicyService(  325): stopOutput() tid 325
V/AudioPolicyManager(  325): stopOutput() output 1, stream 1, session 45
V/AudioPolicyManager(  325): getNewDevice() selected device 0
V/AudioPolicyManager(  325): setOutputDevice() output 1 device 0 delayMs 0
V/AudioPolicyManager(  325): setOutputDevice() setting same device 0 or null device for output 1
E/AudioTrack(  457): Stop complete
I/WindowManager(  457):   CREATE SURFACE Surface(name=SurfaceView, identity=174, mNativeSurface=0) IN SESSION android.view.SurfaceSession@405c7720: pid=644 format=1 flags=0x0 / Window{40944d80 SurfaceView paused=false}
W/EglHelper(  644): createContext com.google.android.gles_jni.EGLContextImpl@406d9a20 tid=15
W/GLThread(  644): egl createSurface
W/EglHelper(  644): createSurface()  tid=15
D/msm8660.gralloc(  457): !@/dev/pmem: allocating pmem size=3993600, offset=16490496(0xfba000)
W/GLThread(  644): onSurfaceCreated
W/GLThread(  644): onSurfaceChanged(800, 1230)
I/Main thread(  644): onWindowResize waiting for render complete from tid=15
I/GLThread(  644): noticing that we want render notification tid=15
W/GLThread(  644): onSurfaceChanged(800, 1230)
D/msm8660.gralloc(  457): !@/dev/pmem: allocating pmem size=3993600, offset=20484096(0x1389000)
I/Main thread(  644): onWindowResize waiting for render complete from tid=15
I/GLThread(  644): sending render notification tid=15
I/SurfaceFlinger(  457): id=175(30) createSurface 0x4b371c for pid 644 (800x1280),1 flag=400, com.sec.android.app.twlauncher/com.sec.android.app.twlauncher.Launcher
D/Surface (  644): Surface is full screen
D/DigitalClock(10666): DigitalClockAppWidget.onReceive : ACTION_HOME_RESUME is called!!
I/WindowManager(  457):   CREATE SURFACE Surface(name=com.sec.android.app.twlauncher/com.sec.android.app.twlauncher.Launcher, identity=175, mNativeSurface=0) IN SESSION android.view.SurfaceSession@405c7720: pid=644 format=-2 flags=0x400 / Window{408e2290 com.sec.android.app.twlauncher/com.sec.android.app.twlauncher.Launcher paused=false}
D/Buddies--------------------------->(12572): Service:OnReceive ACTION_HOME_RESUME called
D/dalvikvm(  644): GC_EXTERNAL_ALLOC freed 219K, 48% free 4590K/8775K, external 24284K/24753K, paused 40ms
D/msm8660.gralloc(  457): !@/dev/pmem: allocating pmem size=4096000, offset=24477696(0x1758000)
I/ViewRoot(  644): !@FINISH DRAWING : com.sec.android.app.twlauncher/com.sec.android.app.twlauncher.Launcher
I/ViewRoot(  644): !@finishDrawing is completed : com.sec.android.app.twlauncher/com.sec.android.app.twlauncher.Launcher
I/Launcher(  644): onWindowFocusChanged(true)
D/CLIPBOARD(  563): Hide Clipboard dialog at Starting input: finished by someone else... !
D/msm8660.gralloc(  457): !@/dev/pmem: allocating pmem size=4096000, offset=28573696(0x1b40000)
I/SurfaceFlinger(  457): id=173 Removed com.android.systemui/com.android.systemui.usb.UsbStorageActivity idx=4 Map Size=6
W/WindowManager(  457): Window Window{40cbfdc0 com.android.systemui/com.android.systemui.usb.UsbStorageActivity paused=false} destroyed surface Surface(name=com.android.systemui/com.android.systemui.usb.UsbStorageActivity, identity=-1, mNativeSurface=0), session Session{40904458 uid 1000}
D/SurfaceFlinger(  457): remove count:1 destroying com.android.systemui/com.android.systemui.usb.UsbStorageActivity
D/msm8660.gralloc(  457): !@/dev/pmem: allocating pmem size=4096000, offset=38711296(0x24eb000)
D/dalvikvm(  644): GC_EXTERNAL_ALLOC freed 138K, 48% free 4597K/8775K, external 25390K/25499K, paused 40ms
D/dalvikvm(  644): GC_EXTERNAL_ALLOC freed 23K, 48% free 4592K/8775K, external 24482K/24605K, paused 44ms
D/dalvikvm(  644): GC_EXTERNAL_ALLOC freed 32K, 48% free 4574K/8775K, external 25588K/25650K, paused 57ms
D/dalvikvm(  644): GC_EXTERNAL_ALLOC freed 94K, 49% free 4510K/8775K, external 25397K/25412K, paused 61ms
D/dalvikvm(  644): GC_EXTERNAL_ALLOC freed 20K, 49% free 4507K/8775K, external 25185K/25255K, paused 59ms
D/dalvikvm(  644): GC_EXTERNAL_ALLOC freed 29K, 49% free 4513K/8775K, external 24863K/25186K, paused 38ms
D/AudioHardwareMSM8660(  325): AudioStreamOutMSM72xx::standby()
D/AudioHardwareMSM8660(  325): Deroute pcm stream
D/AudioHardwareMSM8660(  325): value of device and enable is 2 0 ALSA dev id:2
D/BatteryService(  457): update start
D/BatteryService(  457): updateBattery level:50 scale:100 status:2 health:2 present:true voltage: 3851 temperature: 324 technology: Li-ion AC powered:false USB powered:true icon:17302237
D/UiModeManager(  457): updateConfigurationLocked: mDockState=0; mCarMode=false; mNightMode=0; uiMode=17
I/rmt_storage(  357): rmt_storage write event
I/rmt_storage(  357): rmt_storage events processing done
I/rmt_storage(  357): unblock rmt_storage client thread
I/rmt_storage(  357): rmt_storage fop(1): bytes transferred = 785920
I/rmt_storage(  357): rmt_storage fop(1): bytes transferred = 512
W/PowerManagerService(  457): Timer 0x7->0x3|0x0
I/PowerManagerService(  457): Ulight 7->3|0
D/PowerManagerService(  457): setLightBrightness : mButtonLight : 0
E/AlarmManagerService(  457): android_server_AlarmManagerService_set to type=1, 1332962700.000000000
V/AlarmManager(  457): Adding alarm Alarm{40983c68 type 1 com.tecace.tetheringmanager} at 1
V/AlarmManager(  457): sending alarm Alarm{40983c68 type 1 com.tecace.tetheringmanager}
E/AlarmManagerService(  457): android_server_AlarmManagerService_set to type=1, 1332962716.987000000
V/AlarmManager(  457): sending alarm Alarm{40c22138 type 1 android}
V/AlarmManager(  457): Adding alarm Alarm{40b4bc28 type 1 android} at 1
D/dalvikvm(10306): GC_EXPLICIT freed 40K, 41% free 3371K/5639K, external 0K/0K, paused 63ms
D/dalvikvm(10571): GC_EXPLICIT freed 48K, 39% free 3955K/6407K, external 0K/1280K, paused 79ms
E/AlarmManagerService(  457): android_server_AlarmManagerService_set to type=1, 1332962736.987000000
V/AlarmManager(  457): Adding alarm Alarm{40983c68 type 1 com.tecace.tetheringmanager} at 0
V/AlarmManager(  457): sending alarm Alarm{40983c68 type 1 com.tecace.tetheringmanager}
I/TetheringManagerService( 1753): Running time = 20 seconds
D/BatteryService(  457): update start
D/BatteryService(  457): updateBattery level:50 scale:100 status:2 health:2 present:true voltage: 3855 temperature: 324 technology: Li-ion AC powered:false USB powered:true icon:17302237
D/UiModeManager(  457): updateConfigurationLocked: mDockState=0; mCarMode=false; mNightMode=0; uiMode=17
E/AlarmManagerService(  457): android_server_AlarmManagerService_set to type=1, 1332962756.987000000
V/AlarmManager(  457): Adding alarm Alarm{40983c68 type 1 com.tecace.tetheringmanager} at 0
V/AlarmManager(  457): sending alarm Alarm{40983c68 type 1 com.tecace.tetheringmanager}
I/TetheringManagerService( 1753): Running time = 40 seconds
D/dalvikvm( 3022): GC_EXPLICIT freed 95K, 44% free 3299K/5831K, external 0K/0K, paused 44ms
E/AlarmManagerService(  457): android_server_AlarmManagerService_set to type=1, 1332962760.000000000
V/AlarmManager(  457): Adding alarm Alarm{40983c68 type 1 com.tecace.tetheringmanager} at 1
V/AlarmManager(  457): sending alarm Alarm{40983c68 type 1 com.tecace.tetheringmanager}
I/TetheringManagerService( 1753): Running time = 60 seconds
E/AlarmManagerService(  457): android_server_AlarmManagerService_set to type=1, 1332962776.987000000
V/AlarmManager(  457): sending alarm Alarm{40b4bc28 type 1 android}
V/AlarmManager(  457): Adding alarm Alarm{40d09ab8 type 1 android} at 1
D/BatteryService(  457): update start
D/BatteryService(  457): updateBattery level:50 scale:100 status:2 health:2 present:true voltage: 3852 temperature: 324 technology: Li-ion AC powered:false USB powered:true icon:17302237
D/UiModeManager(  457): updateConfigurationLocked: mDockState=0; mCarMode=false; mNightMode=0; uiMode=17
E/AlarmManagerService(  457): android_server_AlarmManagerService_set to type=1, 1332962796.987000000
V/AlarmManager(  457): Adding alarm Alarm{40983c68 type 1 com.tecace.tetheringmanager} at 0
V/AlarmManager(  457): sending alarm Alarm{40983c68 type 1 com.tecace.tetheringmanager}
I/TetheringManagerService( 1753): Running time = 80 seconds
D/dalvikvm( 3292): GC_EXPLICIT freed 53K, 41% free 3230K/5447K, external 0K/0K, paused 56ms
E/AlarmManagerService(  457): android_server_AlarmManagerService_set to type=1, 1332962816.987000000
V/AlarmManager(  457): Adding alarm Alarm{40983c68 type 1 com.tecace.tetheringmanager} at 0
V/AlarmManager(  457): sending alarm Alarm{40983c68 type 1 com.tecace.tetheringmanager}
I/TetheringManagerService( 1753): Running time = 100 seconds
I/WindowOrientationListener(  457): orientation = 0 Tilt = 48 -- 0 ,  6 ,  7
D/PowerManagerService(  457): onSensorChanged: light value: 70
I/WindowOrientationListener(  457): orientation = 357 Tilt = 52 -- 0 ,  5 ,  7
