E/power   (  457): release_wake_lock g_error=2 
E/power   (  457): release_wake_lock g_error=2 
E/power   (  457): acquire_wake_lock g_error=2 
E/power   (  457): release_wake_lock g_error=2 
E/power   (  457): acquire_wake_lock g_error=2 
E/power   (  457): release_wake_lock g_error=2 
E/power   (  457): acquire_wake_lock g_error=2 
E/power   (  457): release_wake_lock g_error=2 
E/power   (  457): acquire_wake_lock g_error=2 
E/power   (  457): acquire_wake_lock g_error=2 
E/power   (  457): release_wake_lock g_error=2 
E/power   (  457): release_wake_lock g_error=2 
E/power   (  457): acquire_wake_lock g_error=2 
E/power   (  457): release_wake_lock g_error=2 
E/power   (  457): acquire_wake_lock g_error=2 
E/power   (  457): release_wake_lock g_error=2 
E/power   (  457): acquire_wake_lock g_error=2 
E/power   (  457): release_wake_lock g_error=2 
E/power   (  457): acquire_wake_lock g_error=2 
E/power   (  457): acquire_wake_lock g_error=2 
E/power   (  457): release_wake_lock g_error=2 
E/power   (  457): release_wake_lock g_error=2 
E/power   (  457): acquire_wake_lock g_error=2 
E/power   (  457): release_wake_lock g_error=2 
E/power   (  457): acquire_wake_lock g_error=2 
E/power   (  457): release_wake_lock g_error=2 
E/power   (  457): acquire_wake_lock g_error=2 
E/power   (  457): release_wake_lock g_error=2 
E/power   (  457): acquire_wake_lock g_error=2 
E/power   (  457): acquire_wake_lock g_error=2 
E/power   (  457): release_wake_lock g_error=2 
E/power   (  457): release_wake_lock g_error=2 
E/power   (  457): acquire_wake_lock g_error=2 
E/power   (  457): release_wake_lock g_error=2 
E/power   (  457): acquire_wake_lock g_error=2 
E/power   (  457): release_wake_lock g_error=2 
E/power   (  457): acquire_wake_lock g_error=2 
E/power   (  457): release_wake_lock g_error=2 
E/power   (  457): acquire_wake_lock g_error=2 
E/power   (  457): acquire_wake_lock g_error=2 
E/power   (  457): release_wake_lock g_error=2 
E/power   (  457): release_wake_lock g_error=2 
E/power   (  457): acquire_wake_lock g_error=2 
E/power   (  457): release_wake_lock g_error=2 
E/power   (  457): acquire_wake_lock g_error=2 
E/power   (  457): release_wake_lock g_error=2 
E/power   (  457): acquire_wake_lock g_error=2 
E/power   (  457): release_wake_lock g_error=2 
E/power   (  457): acquire_wake_lock g_error=2 
E/power   (  457): acquire_wake_lock g_error=2 
E/power   (  457): release_wake_lock g_error=2 
E/power   (  457): release_wake_lock g_error=2 
E/power   (  457): acquire_wake_lock g_error=2 
E/power   (  457): release_wake_lock g_error=2 
E/power   (  457): acquire_wake_lock g_error=2 
E/power   (  457): release_wake_lock g_error=2 
E/power   (  457): acquire_wake_lock g_error=2 
E/power   (  457): release_wake_lock g_error=2 
E/power   (  457): acquire_wake_lock g_error=2 
E/power   (  457): acquire_wake_lock g_error=2 
E/power   (  457): release_wake_lock g_error=2 
E/power   (  457): release_wake_lock g_error=2 
E/power   (  457): acquire_wake_lock g_error=2 
E/power   (  457): release_wake_lock g_error=2 
E/power   (  457): acquire_wake_lock g_error=2 
E/power   (  457): release_wake_lock g_error=2 
E/power   (  457): acquire_wake_lock g_error=2 
E/power   (  457): release_wake_lock g_error=2 
E/power   (  457): acquire_wake_lock g_error=2 
E/power   (  457): acquire_wake_lock g_error=2 
E/power   (  457): release_wake_lock g_error=2 
E/power   (  457): release_wake_lock g_error=2 
E/power   (  457): acquire_wake_lock g_error=2 
E/power   (  457): release_wake_lock g_error=2 
E/power   (  457): acquire_wake_lock g_error=2 
E/power   (  457): release_wake_lock g_error=2 
E/power   (  457): acquire_wake_lock g_error=2 
E/power   (  457): release_wake_lock g_error=2 
E/power   (  457): acquire_wake_lock g_error=2 
E/power   (  457): release_wake_lock g_error=2 
E/power   (  457): acquire_wake_lock g_error=2 
E/power   (  457): release_wake_lock g_error=2 
E/power   (  457): acquire_wake_lock g_error=2 
E/power   (  457): release_wake_lock g_error=2 
E/power   (  457): acquire_wake_lock g_error=2 
E/power   (  457): release_wake_lock g_error=2 
E/power   (  457): acquire_wake_lock g_error=2 
E/power   (  457): release_wake_lock g_error=2 
E/power   (  457): acquire_wake_lock g_error=2 
E/power   (  457): release_wake_lock g_error=2 
E/power   (  457): acquire_wake_lock g_error=2 
E/power   (  457): release_wake_lock g_error=2 
E/power   (  457): acquire_wake_lock g_error=2 
E/power   (  457): release_wake_lock g_error=2 
E/power   (  457): acquire_wake_lock g_error=2 
E/power   (  457): release_wake_lock g_error=2 
E/power   (  457): acquire_wake_lock g_error=2 
E/power   (  457): release_wake_lock g_error=2 
E/power   (  457): acquire_wake_lock g_error=2 
E/power   (  457): acquire_wake_lock g_error=2 
E/power   (  457): release_wake_lock g_error=2 
E/power   (  457): release_wake_lock g_error=2 
E/power   (  457): acquire_wake_lock g_error=2 
E/power   (  457): release_wake_lock g_error=2 
E/power   (  457): acquire_wake_lock g_error=2 
E/power   (  457): release_wake_lock g_error=2 
E/power   (  457): acquire_wake_lock g_error=2 
E/power   (  457): release_wake_lock g_error=2 
E/power   (  457): acquire_wake_lock g_error=2 
E/power   (  457): acquire_wake_lock g_error=2 
E/power   (  457): release_wake_lock g_error=2 
E/power   (  457): release_wake_lock g_error=2 
E/power   (  457): acquire_wake_lock g_error=2 
E/power   (  457): release_wake_lock g_error=2 
E/power   (  457): acquire_wake_lock g_error=2 
E/power   (  457): acquire_wake_lock g_error=2 
E/power   (  457): release_wake_lock g_error=2 
E/power   (  457): release_wake_lock g_error=2 
E/power   (  457): acquire_wake_lock g_error=2 
E/power   (  457): acquire_wake_lock g_error=2 
E/power   (  457): release_wake_lock g_error=2 
E/power   (  457): release_wake_lock g_error=2 
E/power   (  457): acquire_wake_lock g_error=2 
E/power   (  457): release_wake_lock g_error=2 
E/power   (  457): acquire_wake_lock g_error=2 
E/power   (  457): release_wake_lock g_error=2 
E/power   (  457): acquire_wake_lock g_error=2 
E/power   (  457): release_wake_lock g_error=2 
E/power   (  457): acquire_wake_lock g_error=2 
E/power   (  457): acquire_wake_lock g_error=2 
E/power   (  457): release_wake_lock g_error=2 
E/power   (  457): release_wake_lock g_error=2 
E/power   (  457): acquire_wake_lock g_error=2 
E/power   (  457): release_wake_lock g_error=2 
E/power   (  457): acquire_wake_lock g_error=2 
E/power   (  457): release_wake_lock g_error=2 
E/power   (  457): acquire_wake_lock g_error=2 
E/power   (  457): release_wake_lock g_error=2 
E/power   (  457): acquire_wake_lock g_error=2 
E/power   (  457): acquire_wake_lock g_error=2 
E/power   (  457): release_wake_lock g_error=2 
E/power   (  457): release_wake_lock g_error=2 
E/power   (  457): acquire_wake_lock g_error=2 
E/power   (  457): release_wake_lock g_error=2 
E/power   (  457): acquire_wake_lock g_error=2 
E/power   (  457): release_wake_lock g_error=2 
E/power   (  457): acquire_wake_lock g_error=2 
E/power   (  457): acquire_wake_lock g_error=2 
E/power   (  457): release_wake_lock g_error=2 
E/power   (  457): acquire_wake_lock g_error=2 
E/power   (  457): release_wake_lock g_error=2 
E/power   (  457): release_wake_lock g_error=2 
E/power   (  457): acquire_wake_lock g_error=2 
E/power   (  457): release_wake_lock g_error=2 
E/power   (  457): acquire_wake_lock g_error=2 
E/power   (  457): release_wake_lock g_error=2 
E/power   (  457): acquire_wake_lock g_error=2 
E/power   (  457): release_wake_lock g_error=2 
E/power   (  457): acquire_wake_lock g_error=2 
E/power   (  457): acquire_wake_lock g_error=2 
E/power   (  457): release_wake_lock g_error=2 
E/power   (  457): release_wake_lock g_error=2 
E/power   (  457): acquire_wake_lock g_error=2 
E/power   (  457): release_wake_lock g_error=2 
E/power   (  457): acquire_wake_lock g_error=2 
E/power   (  457): release_wake_lock g_error=2 
E/power   (  457): acquire_wake_lock g_error=2 
E/power   (  457): release_wake_lock g_error=2 
E/power   (  457): acquire_wake_lock g_error=2 
E/power   (  457): acquire_wake_lock g_error=2 
E/power   (  457): release_wake_lock g_error=2 
E/power   (  457): release_wake_lock g_error=2 
E/power   (  457): acquire_wake_lock g_error=2 
E/power   (  457): release_wake_lock g_error=2 
E/power   (  457): acquire_wake_lock g_error=2 
E/power   (  457): release_wake_lock g_error=2 
E/power   (  457): acquire_wake_lock g_error=2 
E/power   (  457): release_wake_lock g_error=2 
E/power   (  457): acquire_wake_lock g_error=2 
E/power   (  457): acquire_wake_lock g_error=2 
E/power   (  457): release_wake_lock g_error=2 
E/power   (  457): release_wake_lock g_error=2 
E/power   (  457): acquire_wake_lock g_error=2 
E/power   (  457): release_wake_lock g_error=2 
E/power   (  457): acquire_wake_lock g_error=2 
E/power   (  457): acquire_wake_lock g_error=2 
E/power   (  457): release_wake_lock g_error=2 
E/power   (  457): release_wake_lock g_error=2 
E/power   (  457): acquire_wake_lock g_error=2 
E/power   (  457): acquire_wake_lock g_error=2 
E/power   (  457): release_wake_lock g_error=2 
E/power   (  457): release_wake_lock g_error=2 
E/power   (  457): acquire_wake_lock g_error=2 
E/power   (  457): release_wake_lock g_error=2 
D/dalvikvm(10395): GC_CONCURRENT freed 384K, 38% free 4449K/7175K, external 0K/0K, paused 9ms+3ms
E/power   (  457): acquire_wake_lock g_error=2 
E/power   (  457): release_wake_lock g_error=2 
E/power   (  457): acquire_wake_lock g_error=2 
E/power   (  457): release_wake_lock g_error=2 
E/power   (  457): acquire_wake_lock g_error=2 
E/power   (  457): acquire_wake_lock g_error=2 
E/power   (  457): release_wake_lock g_error=2 
E/power   (  457): release_wake_lock g_error=2 
E/power   (  457): acquire_wake_lock g_error=2 
E/power   (  457): release_wake_lock g_error=2 
E/power   (  457): acquire_wake_lock g_error=2 
E/power   (  457): release_wake_lock g_error=2 
E/power   (  457): acquire_wake_lock g_error=2 
E/power   (  457): release_wake_lock g_error=2 
E/power   (  457): acquire_wake_lock g_error=2 
E/power   (  457): acquire_wake_lock g_error=2 
E/power   (  457): release_wake_lock g_error=2 
E/power   (  457): release_wake_lock g_error=2 
E/power   (  457): acquire_wake_lock g_error=2 
E/power   (  457): release_wake_lock g_error=2 
E/power   (  457): acquire_wake_lock g_error=2 
E/power   (  457): release_wake_lock g_error=2 
E/power   (  457): acquire_wake_lock g_error=2 
E/power   (  457): release_wake_lock g_error=2 
E/power   (  457): acquire_wake_lock g_error=2 
E/power   (  457): acquire_wake_lock g_error=2 
E/power   (  457): release_wake_lock g_error=2 
E/power   (  457): release_wake_lock g_error=2 
E/power   (  457): acquire_wake_lock g_error=2 
E/power   (  457): release_wake_lock g_error=2 
E/power   (  457): acquire_wake_lock g_error=2 
E/power   (  457): release_wake_lock g_error=2 
E/power   (  457): acquire_wake_lock g_error=2 
E/power   (  457): release_wake_lock g_error=2 
E/power   (  457): acquire_wake_lock g_error=2 
E/power   (  457): acquire_wake_lock g_error=2 
E/power   (  457): release_wake_lock g_error=2 
E/power   (  457): release_wake_lock g_error=2 
E/power   (  457): acquire_wake_lock g_error=2 
E/power   (  457): release_wake_lock g_error=2 
E/power   (  457): acquire_wake_lock g_error=2 
E/power   (  457): release_wake_lock g_error=2 
E/power   (  457): acquire_wake_lock g_error=2 
E/power   (  457): release_wake_lock g_error=2 
E/power   (  457): acquire_wake_lock g_error=2 
E/power   (  457): acquire_wake_lock g_error=2 
E/power   (  457): release_wake_lock g_error=2 
E/power   (  457): release_wake_lock g_error=2 
E/power   (  457): acquire_wake_lock g_error=2 
E/power   (  457): release_wake_lock g_error=2 
E/power   (  457): acquire_wake_lock g_error=2 
E/power   (  457): release_wake_lock g_error=2 
E/power   (  457): acquire_wake_lock g_error=2 
E/power   (  457): acquire_wake_lock g_error=2 
E/power   (  457): release_wake_lock g_error=2 
E/power   (  457): release_wake_lock g_error=2 
E/power   (  457): acquire_wake_lock g_error=2 
E/power   (  457): release_wake_lock g_error=2 
E/power   (  457): acquire_wake_lock g_error=2 
E/power   (  457): release_wake_lock g_error=2 
E/power   (  457): acquire_wake_lock g_error=2 
E/power   (  457): release_wake_lock g_error=2 
E/power   (  457): acquire_wake_lock g_error=2 
E/power   (  457): release_wake_lock g_error=2 
E/power   (  457): acquire_wake_lock g_error=2 
E/power   (  457): acquire_wake_lock g_error=2 
E/power   (  457): release_wake_lock g_error=2 
E/power   (  457): release_wake_lock g_error=2 
E/power   (  457): acquire_wake_lock g_error=2 
E/power   (  457): release_wake_lock g_error=2 
E/power   (  457): acquire_wake_lock g_error=2 
E/power   (  457): release_wake_lock g_error=2 
E/power   (  457): acquire_wake_lock g_error=2 
E/power   (  457): release_wake_lock g_error=2 
E/power   (  457): acquire_wake_lock g_error=2 
E/power   (  457): release_wake_lock g_error=2 
E/power   (  457): acquire_wake_lock g_error=2 
E/power   (  457): release_wake_lock g_error=2 
E/power   (  457): acquire_wake_lock g_error=2 
E/power   (  457): release_wake_lock g_error=2 
E/power   (  457): acquire_wake_lock g_error=2 
E/power   (  457): release_wake_lock g_error=2 
E/power   (  457): acquire_wake_lock g_error=2 
E/power   (  457): release_wake_lock g_error=2 
E/power   (  457): acquire_wake_lock g_error=2 
E/power   (  457): acquire_wake_lock g_error=2 
E/power   (  457): release_wake_lock g_error=2 
E/power   (  457): release_wake_lock g_error=2 
E/power   (  457): acquire_wake_lock g_error=2 
E/power   (  457): release_wake_lock g_error=2 
E/power   (  457): acquire_wake_lock g_error=2 
E/power   (  457): release_wake_lock g_error=2 
E/power   (  457): acquire_wake_lock g_error=2 
E/power   (  457): release_wake_lock g_error=2 
E/power   (  457): acquire_wake_lock g_error=2 
E/power   (  457): acquire_wake_lock g_error=2 
E/power   (  457): release_wake_lock g_error=2 
E/power   (  457): release_wake_lock g_error=2 
E/power   (  457): acquire_wake_lock g_error=2 
E/power   (  457): release_wake_lock g_error=2 
E/power   (  457): acquire_wake_lock g_error=2 
E/power   (  457): release_wake_lock g_error=2 
E/power   (  457): acquire_wake_lock g_error=2 
E/power   (  457): release_wake_lock g_error=2 
E/power   (  457): acquire_wake_lock g_error=2 
E/power   (  457): acquire_wake_lock g_error=2 
E/power   (  457): release_wake_lock g_error=2 
E/power   (  457): release_wake_lock g_error=2 
E/power   (  457): acquire_wake_lock g_error=2 
E/power   (  457): release_wake_lock g_error=2 
E/power   (  457): acquire_wake_lock g_error=2 
E/power   (  457): release_wake_lock g_error=2 
E/power   (  457): acquire_wake_lock g_error=2 
E/power   (  457): release_wake_lock g_error=2 
E/power   (  457): acquire_wake_lock g_error=2 
E/power   (  457): acquire_wake_lock g_error=2 
E/power   (  457): release_wake_lock g_error=2 
E/power   (  457): release_wake_lock g_error=2 
E/power   (  457): acquire_wake_lock g_error=2 
E/power   (  457): release_wake_lock g_error=2 
E/power   (  457): acquire_wake_lock g_error=2 
E/power   (  457): release_wake_lock g_error=2 
E/power   (  457): acquire_wake_lock g_error=2 
E/power   (  457): release_wake_lock g_error=2 
E/power   (  457): acquire_wake_lock g_error=2 
E/power   (  457): acquire_wake_lock g_error=2 
E/power   (  457): release_wake_lock g_error=2 
E/power   (  457): release_wake_lock g_error=2 
E/power   (  457): acquire_wake_lock g_error=2 
E/power   (  457): release_wake_lock g_error=2 
E/power   (  457): acquire_wake_lock g_error=2 
E/power   (  457): release_wake_lock g_error=2 
E/power   (  457): acquire_wake_lock g_error=2 
E/power   (  457): acquire_wake_lock g_error=2 
E/power   (  457): release_wake_lock g_error=2 
E/power   (  457): acquire_wake_lock g_error=2 
E/power   (  457): release_wake_lock g_error=2 
E/power   (  457): release_wake_lock g_error=2 
E/power   (  457): acquire_wake_lock g_error=2 
E/power   (  457): acquire_wake_lock g_error=2 
E/power   (  457): release_wake_lock g_error=2 
E/power   (  457): release_wake_lock g_error=2 
E/power   (  457): acquire_wake_lock g_error=2 
E/power   (  457): release_wake_lock g_error=2 
E/power   (  457): acquire_wake_lock g_error=2 
E/power   (  457): acquire_wake_lock g_error=2 
E/power   (  457): release_wake_lock g_error=2 
E/power   (  457): release_wake_lock g_error=2 
E/power   (  457): acquire_wake_lock g_error=2 
E/power   (  457): release_wake_lock g_error=2 
E/power   (  457): acquire_wake_lock g_error=2 
E/power   (  457): release_wake_lock g_error=2 
E/power   (  457): acquire_wake_lock g_error=2 
E/power   (  457): release_wake_lock g_error=2 
E/power   (  457): acquire_wake_lock g_error=2 
E/power   (  457): acquire_wake_lock g_error=2 
E/power   (  457): release_wake_lock g_error=2 
E/power   (  457): release_wake_lock g_error=2 
E/power   (  457): acquire_wake_lock g_error=2 
E/power   (  457): release_wake_lock g_error=2 
E/power   (  457): acquire_wake_lock g_error=2 
E/power   (  457): release_wake_lock g_error=2 
E/power   (  457): acquire_wake_lock g_error=2 
E/power   (  457): release_wake_lock g_error=2 
E/power   (  457): acquire_wake_lock g_error=2 
E/power   (  457): acquire_wake_lock g_error=2 
E/power   (  457): release_wake_lock g_error=2 
E/power   (  457): release_wake_lock g_error=2 
E/power   (  457): acquire_wake_lock g_error=2 
E/power   (  457): release_wake_lock g_error=2 
E/power   (  457): acquire_wake_lock g_error=2 
E/power   (  457): release_wake_lock g_error=2 
E/power   (  457): acquire_wake_lock g_error=2 
E/power   (  457): release_wake_lock g_error=2 
E/power   (  457): acquire_wake_lock g_error=2 
V/GpsLocationProvider(  457): reportStatus status: 1
E/power   (  457): release_wake_lock g_error=2 
E/power   (  457): acquire_wake_lock g_error=2 
E/power   (  457): release_wake_lock g_error=2 
E/power   (  457): acquire_wake_lock g_error=2 
E/power   (  457): release_wake_lock g_error=2 
E/power   (  457): acquire_wake_lock g_error=2 
E/power   (  457): release_wake_lock g_error=2 
E/power   (  457): acquire_wake_lock g_error=2 
E/power   (  457): release_wake_lock g_error=2 
E/power   (  457): acquire_wake_lock g_error=2 
E/power   (  457): acquire_wake_lock g_error=2 
E/power   (  457): release_wake_lock g_error=2 
E/power   (  457): release_wake_lock g_error=2 
E/power   (  457): acquire_wake_lock g_error=2 
E/power   (  457): release_wake_lock g_error=2 
E/power   (  457): acquire_wake_lock g_error=2 
E/power   (  457): release_wake_lock g_error=2 
E/power   (  457): acquire_wake_lock g_error=2 
E/power   (  457): release_wake_lock g_error=2 
V/DATA    (  589): [DCT(0) ] onDataCallListChanged:
V/DATA    (  589): [DCT(0) ] ---dc state list---
V/DATA    (  589): [DCT(0) ] DataCallState: { cid: 0, active: 2, type: , apn: pta, address: 10.137.222.22 }
V/DATA    (  589): [DCT(0) ] ---dc list---
V/DATA    (  589): [DCT(0) ] cid = 0, state = DcActiveState, bearerType = IP, ipaddress = 10.137.222.22, gw=10.137.222.21, dns=[172.26.38.1, 172.26.38.2]
D/dalvikvm(  589): GC_CONCURRENT freed 383K, 38% free 4433K/7047K, external 0K/1280K, paused 5ms+3ms
D/InputReader(  457): Input event: value=1
V/AudioPolicyManager(  325): getParamFromPolicy  deviceInt = 0, situationInt = 1, situationVolume = 1.000000
I/InputDispatcher(  457): Delivering key to current input target: action: 0, channel '40cd1ad0 edu.mit.csail.diplomamatrix/edu.mit.csail.diplomamatrix.StatusActivity (server)'
I/InputDispatcher(  457): Delivering key to current input target: action: 0, channel 'PenGestureView (server)'
V/AudioPolicyService(  325): startOutput() tid 415
V/AudioPolicyManager(  325): startOutput() output 1, stream 1, session 43
V/AudioPolicyManager(  325): getDeviceForStrategy() from cache strategy 0, device 2
V/AudioPolicyManager(  325): getNewDevice() selected device 2
V/AudioPolicyManager(  325): setOutputDevice() output 1 device 2 delayMs 0
V/AudioPolicyManager(  325): setOutputDevice() setting same device 2 or null device for output 1
E/AudioTrack(  457): Audio track delete
E/AudioTrack(  457): stop 0x61a608
E/AudioTrack(  457): Stop complete
E/AudioTrack(  457): Audio track exit start
E/AudioTrack(  457): Audio track exit done
V/AudioPolicyService(  325): releaseOutput() tid 528
V/AudioPolicyManager(  325): releaseOutput() 1
I/StatusActivity(10440): 1332962600577: HI I'm in ONPAUSE()
I/InputDispatcher(  457): Delivering key to current input target: action: 1, channel '40cd1ad0 edu.mit.csail.diplomamatrix/edu.mit.csail.diplomamatrix.StatusActivity (server)'
I/OrientationDebug(  457): [pwm] in updateOrientationListenerLp()
V/OrientationDebug(  457): in updateOrientationListenerLp(), Screen status=true, current orientation=1, SensorEnabled=false
I/OrientationDebug(  457): [pwm] needSensorRunningLp(), return false #3
E/WindowManager(  457): rotation is : 0
V/AudioHardwareMSM8660(  325): open driver
V/AudioHardwareMSM8660(  325): get config
V/AudioHardwareMSM8660(  325): set config
V/AudioHardwareMSM8660(  325): buffer_size: 4800
V/AudioHardwareMSM8660(  325): buffer_count: 2
V/AudioHardwareMSM8660(  325): channel_count: 2
V/AudioHardwareMSM8660(  325): sample_rate: 44100
D/AudioHardwareMSM8660(  325): write(): dec_id = 1 cur_rx = 2
V/AudioHardwareMSM8660(  325): cur_rx for pcm playback = 2
D/AudioHardwareMSM8660(  325): value of device and enable is 2 1 ALSA dev id:2
I/GLThread(  644): onResume tid=15
I/Main thread(  644): onResume waiting for !mPaused.
I/GLThread(  644): mPaused is now false tid=15
D/Launcher(  644): It's image wallpaper. suggestDesiredDimensions(800 , 1280 )
I/SurfaceFlinger(  457): id=162(26) createSurface 0x44aebc for pid 644 (800x1230),1 flag=0, SurfaceView
E/com.samsung.app( 3022): [MSC_Accu]>>> WeatherWidgetProvider.java:354 [0:0] onReceive@ sec.android.intent.action.HOME_RESUME
E/com.samsung.app( 3022): [MSC_Accu]>>> WidgetIdManager.java:53 [0:0] AccuWeatherClockWidgetID_Length
E/com.samsung.app( 3022): [MSC_Accu]>>> WidgetIdManager.java:54 [0:0] getPrefIDs@lngth:1
E/com.samsung.app( 3022): [MSC_Accu]>>> WidgetIdManager.java:60 [0:0] getPrefIDs@Ids1:4
I/GLThread(  644): noticed surfaceView surface acquired tid=15
W/GLThread(  644): egl createSurface
W/EglHelper(  644): createSurface()  tid=15
D/msm8660.gralloc(  457): !@/dev/pmem: allocating pmem size=3993600, offset=2048000(0x1f4000)
W/GLThread(  644): onSurfaceChanged(800, 1230)
I/Main thread(  644): onWindowResize waiting for render complete from tid=15
I/GLThread(  644): noticing that we want render notification tid=15
W/GLThread(  644): onSurfaceChanged(800, 1230)
D/msm8660.gralloc(  457): !@/dev/pmem: allocating pmem size=3993600, offset=14852096(0xe2a000)
D/ACDB-LOADER(  325): ACDB -> send_audio_cal, acdb_id = 2, path =  0
D/ACDB-LOADER(  325): ACDB -> send_audtable
D/ACDB-LOADER(  325): ACDB -> ACDB_CMD_GET_AUDPROC_COMMON_TABLE
D/ACDB-LOADER(  325): ACDB -> AUDIO_SET_AUDPROC_CAL
D/ACDB-LOADER(  325): ACDB -> send_audvoltable
D/ACDB-LOADER(  325): ACDB -> ACDB_CMD_GET_AUDPROC_GAIN_DEP_VOLTBL_STEP_COPP
D/ACDB-LOADER(  325): ACDB -> AUDIO_SET_AUDPROC_VOL_CAL
D/InputReader(  457): Input event: value=0
I/Main thread(  644): onWindowResize waiting for render complete from tid=15
W/AudioFlinger(  325): write blocked for 96 msecs, 13 delayed writes, thread 0x32960
I/ApplicationUsage(  457): Updating Usage Statistics in DB @ 1332962600731
I/GLThread(  644): sending render notification tid=15
I/SurfaceFlinger(  457): id=163(27) createSurface 0x25d544 for pid 644 (800x1280),1 flag=400, com.sec.android.app.twlauncher/com.sec.android.app.twlauncher.Launcher
I/InputDispatcher(  457): Delivering key to current input target: action: 1, channel '408e2290 com.sec.android.app.twlauncher/com.sec.android.app.twlauncher.Launcher (server)'
I/InputDispatcher(  457): Delivering key to current input target: action: 1, channel 'PenGestureView (server)'
D/Surface (  644): Surface is full screen
E/com.samsung.app( 3292): [MSC]>>> StockClock_Integration.java:235 [0:0] onReceive sec.android.intent.action.HOME_RESUME
E/com.samsung.app( 3292): [MSC]>>> StockClock_Integration.java:241 [0:0] onReceive : no stock widget!!!
I/PhotoAppWidgetProvider( 4188): onReceive
I/PhotoAppWidgetProvider( 4188): RestartSlideShow
D/PhotoDatabaseHelper( 4188): getWidgetIdList query count : 0
D/PhotoAppWidgetProvider( 4188): onReceive End
D/DigitalClock(10666): DigitalClockAppWidget.onReceive : ACTION_HOME_RESUME is called!!
I/Launcher(  644): onWindowFocusChanged(true)
E/AudioTrack(  457): stop 0x3c9598
V/AudioPolicyService(  325): stopOutput() tid 529
V/AudioPolicyManager(  325): stopOutput() output 1, stream 1, session 43
V/AudioPolicyManager(  325): getNewDevice() selected device 0
V/AudioPolicyManager(  325): setOutputDevice() output 1 device 0 delayMs 0
V/AudioPolicyManager(  325): setOutputDevice() setting same device 0 or null device for output 1
E/AudioTrack(  457): Stop complete
D/msm8660.gralloc(  457): !@/dev/pmem: allocating pmem size=4096000, offset=18845696(0x11f9000)
D/CLIPBOARD(10440): Hide Clipboard dialog at Starting input: finished by someone else... !
W/IInputConnectionWrapper(10440): showStatusIcon on inactive InputConnection
I/ViewRoot(  644): !@FINISH DRAWING : com.sec.android.app.twlauncher/com.sec.android.app.twlauncher.Launcher
V/QualcommCameraHardware(  325):  Overlay object NULL. returning 
D/SecCameraCoreManager(  325): virtual void android::SecCameraCoreManager::stopPreview():stop IT Policy checking thread
I/Overlay (  457): destroyOverlay 
I/ViewRoot(  644): !@finishDrawing is completed : com.sec.android.app.twlauncher/com.sec.android.app.twlauncher.Launcher
V/QualcommCameraHardware(  325): stopPreview: E
I/QualcommCameraHardware(  325): stopPreviewInternal E: 1
V/QualcommCameraHardware(  325): cancelAutoFocusDefault E (cancel : 2359329)
V/QualcommCameraHardware(  325): native_set_ext_config E (cmd = 11)
I/Zygote  (12572): Zygote: pid 12572 has CALL PRIVILEGED permission, then set capability for CAP_SYS_ADMIN (21)
V/QualcommCameraHardware(  325): cancelAutoFocusDefault X: 1
E/mm-camera(  325): vfe_stop_vfe: vfe_util_sendcmd:3(rc = 1) 
I/QualcommCameraHardware(  325): deinitPreview E
I/QualcommCameraHardware(  325): deinitPreview X
V/QualcommCameraHardware(  325): in stopPreviewInternal: making mVideoThreadExit 1
V/QualcommCameraHardware(  325): cam_frame_flush_video: in n = 0
V/QualcommCameraHardware(  325): cam_frame_flush_video: out n = 0
I/QualcommCameraHardware(  325): stopPreviewInternal X: 0
V/QualcommCameraHardware(  325): stopPreview: X
I/QualcommCameraHardware(  325): preview_thread X
I/QualcommCameraHardware(  325): ~PmemPool: preview E
V/QualcommCameraHardware(  325): register_buf:  reg = 1 buffer = 0x42342000
V/QualcommCameraHardware(  325): register_buf:  reg = 1 buffer = 0x423b3000
V/QualcommCameraHardware(  325): register_buf:  reg = 1 buffer = 0x42424000
V/QualcommCameraHardware(  325): register_buf:  reg = 1 buffer = 0x42495000
I/QualcommCameraHardware(  325): ~PmemPool: preview X
V/QualcommCameraHardware(  325): destroying MemPool preview
V/QualcommCameraHardware(  325): destroying MemPool preview completed
I/QualcommCameraHardware(  325): ~PmemPool: record E
V/QualcommCameraHardware(  325): register_buf:  reg = 1 buffer = 0x42506000
V/QualcommCameraHardware(  325): register_buf:  reg = 1 buffer = 0x42577000
V/QualcommCameraHardware(  325): register_buf:  reg = 1 buffer = 0x425e8000
V/QualcommCameraHardware(  325): register_buf:  reg = 1 buffer = 0x42659000
V/QualcommCameraHardware(  325): register_buf:  reg = 1 buffer = 0x426ca000
V/QualcommCameraHardware(  325): register_buf:  reg = 1 buffer = 0x4273b000
V/QualcommCameraHardware(  325): register_buf:  reg = 1 buffer = 0x427ac000
V/QualcommCameraHardware(  325): register_buf:  reg = 1 buffer = 0x4281d000
V/QualcommCameraHardware(  325): register_buf:  reg = 1 buffer = 0x4288e000
I/QualcommCameraHardware(  325): ~PmemPool: record X
V/QualcommCameraHardware(  325): destroying MemPool record
V/QualcommCameraHardware(  325): destroying MemPool record completed
V/QualcommCameraHardware(  325): runFrameThread X
D/QualcommCameraHardware(  325): frame_thread X
D/CameraService(  325): disconnect E (pid 10440)
V/QualcommCameraHardware(  325): stopPreview: E
I/QualcommCameraHardware(  325): stopPreviewInternal E: 0
I/QualcommCameraHardware(  325): stopPreviewInternal X: 0
V/QualcommCameraHardware(  325): stopPreview: X
I/QualcommCameraHardware(  325): cancelPicture: E
I/QualcommCameraHardware(  325): cancelPicture: setting mSnapshotCancel to true
I/QualcommCameraHardware(  325): cancelPicture: X: 0
D/SecCameraCoreManager(  325): virtual void android::SecCameraCoreManager::release(): release IT policy checking thread
I/QualcommCameraHardware(  325): release E
I/QualcommCameraHardware(  325): release: mCameraRunning = 0
V/QualcommCameraHardware(  325): deinitRaw E
V/QualcommCameraHardware(  325): deinitRaw X
V/QualcommCameraHardware(  325): deinitRawSnapshot E
V/QualcommCameraHardware(  325): deinitRawSnapshot X
I/QualcommCameraHardware(  325): release: clearing resources done.
V/QualcommCameraHardware(  325): release : Clearing the mThumbnailHeap and mDisplayHeap
I/QualcommCameraHardware(  325): release 1: before LINK_mm_camera_deinit.
E/CAM_FD  (  325): cam_conf: CAMERA_EXIT
I/QualcommCameraHardware(  325): release 2: after LINK_mm_camera_deinit.
I/QualcommCameraHardware(  325): release 3: after LINK_mm_camera_deinit.
I/QualcommCameraHardware(  325): release 4: after LINK_mm_camera_deinit.
I/QualcommCameraHardware(  325): release 5: after LINK_mm_camera_deinit.
I/QualcommCameraHardware(  325): release 6: after LINK_mm_camera_deinit.
I/QualcommCameraHardware(  325): release X: mCameraRunning = 0, mFrameThreadRunning = 0
I/QualcommCameraHardware(  325): mVideoThreadRunning = 0, mSnapshotThreadRunning = 0, mJpegThreadRunning = 0
I/QualcommCameraHardware(  325): camframe_timeout_flag = 0, mAutoFocusThreadRunning = 0
I/SecCameraCoreManager(  325): SecCameraCoreManager destroyed: pid=325
I/SecCameraCoreManager(  325): set saturation to 0.17
I/ShotSingle(  325): ShotSingle destroyed: pid=325
I/ShotCommon(  325): ShotCommon destroyed: pid=325
I/QualcommCameraHardware(  325): ~QualcommCameraHardware E
V/QualcommCameraHardware(  325): ~MMCameraDL: E
E/power   (  457): acquire_wake_lock g_error=2 
E/power   (  457): acquire_wake_lock g_error=2 
E/power   (  457): release_wake_lock g_error=2 
V/QualcommCameraHardware(  325): closed MM Camera DL 
V/QualcommCameraHardware(  325): ~MMCameraDL: X
I/QualcommCameraHardware(  325): ~QualcommCameraHardware X
V/QualcommCameraHardware(  325): destroying MemPool raw ashmem snapshot camera
V/QualcommCameraHardware(  325): destroying MemPool raw ashmem snapshot camera completed
D/CameraService(  325): CameraService::removeClient E (pid 10440)
D/CameraService(  325): CameraService::removeClient X (pid 10440)
D/CameraService(  325): disconnect X (pid 10440)
D/CameraService(  325): Client::~Client E (pid 325, this 0x4fee8)
D/CameraService(  325): disconnect E (pid 325)
V/MediaPlayerService(  325): disconnect(16) from pid 325
D/StagefrightPlayer(  325): reset
D/StagefrightPlayer(  325): reset over
D/StagefrightPlayer(  325): reset
D/StagefrightPlayer(  325): reset over
V/MediaPlayerService(  325): Client(16) destructor pid = 325
V/AudioSink(  325): close
V/MediaPlayerService(  325): disconnect(16) from pid 325
V/MediaPlayerService(  325): disconnect(17) from pid 325
D/StagefrightPlayer(  325): reset
D/StagefrightPlayer(  325): reset over
D/StagefrightPlayer(  325): reset
D/StagefrightPlayer(  325): reset over
V/MediaPlayerService(  325): Client(17) destructor pid = 325
V/AudioSink(  325): close
V/MediaPlayerService(  325): disconnect(17) from pid 325
V/MediaPlayerService(  325): disconnect(18) from pid 325
D/StagefrightPlayer(  325): reset
D/StagefrightPlayer(  325): reset over
D/StagefrightPlayer(  325): reset
D/StagefrightPlayer(  325): reset over
V/MediaPlayerService(  325): Client(18) destructor pid = 325
V/AudioSink(  325): close
V/MediaPlayerService(  325): disconnect(18) from pid 325
D/CameraService(  325): Client::~Client X (pid 325, this 0x4fee8)
E/power   (  457): acquire_wake_lock g_error=2 
E/power   (  457): release_wake_lock g_error=2 
W/CABLDaemon(  359): ----- HSIC Params -----
W/CABLDaemon(  359): 	 hue: 0
W/CABLDaemon(  359): 	 sat: 0.170000
W/CABLDaemon(  359): 	 intensity: 0
W/CABLDaemon(  359): 	 contrast: 0.000000
E/QCAbl   (  359): display_pp_conv_set_hsic_cfg() Values: Hue=0 Saturation=0.170000 Intensity=0 Contrast=0.000000
E/QCAbl   (  359): hsc_matrix[0][0]=1.000000  hsc_matrix[0][1]=0.000000 hsc_matrix[0][2]=0.000000  
E/QCAbl   (  359): hsc_matrix[1][0]=0.000000  hsc_matrix[1][1]=1.170000 hsc_matrix[1][2]=0.000000  
E/QCAbl   (  359): hsc_matrix[2][0]=0.000000  hsc_matrix[2][1]=0.000000 hsc_matrix[2][2]=1.170000  
E/QCAbl   (  359): rec601_rgb2yuv[0][0]=0.256800  rec601_rgb2yuv[0][1]=0.504100 rec601_rgb2yuv[0][2]=0.097900  
E/QCAbl   (  359): rec601_rgb2yuv[1][0]=-0.148200  rec601_rgb2yuv[1][1]=-0.291000 rec601_rgb2yuv[1][2]=0.439200  
E/QCAbl   (  359): rec601_rgb2yuv[2][0]=0.439200  rec601_rgb2yuv[2][1]=-0.367800 rec601_rgb2yuv[2][2]=-0.071400  
E/QCAbl   (  359): hsc_matrix*rec601_rgb2yuv[0][0]=0.256800  hsc_matrix*rec601_rgb2yuv[0][1]=0.504100 hsc_matrix*rec601_rgb2yuv[0][2]=0.097900  
E/QCAbl   (  359): hsc_matrix*rec601_rgb2yuv[1][0]=-0.173394  hsc_matrix*rec601_rgb2yuv[1][1]=-0.340470 hsc_matrix*rec601_rgb2yuv[1][2]=0.513864  
E/QCAbl   (  359): hsc_matrix*rec601_rgb2yuv[2][0]=0.513864  hsc_matrix*rec601_rgb2yuv[2][1]=-0.430326 hsc_matrix*rec601_rgb2yuv[2][2]=-0.083538  
E/QCAbl   (  359): rec601_yuv2rgb[0][0]=1.164400  rec601_yuv2rgb[0][1]=0.000000 rec601_yuv2rgb[0][2]=1.596000  
E/QCAbl   (  359): rec601_yuv2rgb[1][0]=1.164400  rec601_yuv2rgb[1][1]=-0.391800 rec601_yuv2rgb[1][2]=-0.813000  
E/QCAbl   (  359): rec601_yuv2rgb[2][0]=1.164400  rec601_yuv2rgb[2][1]=2.017200 rec601_yuv2rgb[2][2]=0.000000  
E/QCAbl   (  359): rec601_yuv2rgb*hsc_matrix*rec601_rgb2yuv[0][0]=1.119145  rec601_yuv2rgb*hsc_matrix*rec601_rgb2yuv[0][1]=-0.099826 rec601_yuv2rgb*hsc_matrix*rec601_rgb2yuv[0][2]=-0.019332  
E/QCAbl   (  359): rec601_yuv2rgb*hsc_matrix*rec601_rgb2yuv[1][0]=-0.050818  rec601_yuv2rgb*hsc_matrix*rec601_rgb2yuv[1][1]=1.070225 rec601_yuv2rgb*hsc_matrix*rec601_rgb2yuv[1][2]=-0.019421  
E/QCAbl   (  359): rec601_yuv2rgb*hsc_matrix*rec601_rgb2yuv[2][0]=-0.050752  rec601_yuv2rgb*hsc_matrix*rec601_rgb2yuv[2][1]=-0.099822 rec601_yuv2rgb*hsc_matrix*rec601_rgb2yuv[2][2]=1.150561  
E/QCAbl   (  359): cc_matrix[0][0]=1.000000  cc_matrix[0][1]=0.000000 cc_matrix[0][2]=0.000000  
E/QCAbl   (  359): cc_matrix[1][0]=0.000000  cc_matrix[1][1]=1.000000 cc_matrix[1][2]=0.000000  
E/QCAbl   (  359): cc_matrix[2][0]=0.000000  cc_matrix[2][1]=0.000000 cc_matrix[2][2]=1.000000  
E/QCAbl   (  359): cc_matrix*rec601_yuv2rgb*hsc_matrix*rec601_rgb2yuv[0][0]=1.119145  cc_matrix*rec601_yuv2rgb*hsc_matrix*rec601_rgb2yuv[0][1]=-0.099826 cc_matrix*rec601_yuv2rgb*hsc_matrix*rec601_rgb2yuv[0][2]=-0.019332  
E/QCAbl   (  359): cc_matrix*rec601_yuv2rgb*hsc_matrix*rec601_rgb2yuv[1][0]=-0.050818  cc_matrix*rec601_yuv2rgb*hsc_matrix*rec601_rgb2yuv[1][1]=1.070225 cc_matrix*rec601_yuv2rgb*hsc_matrix*rec601_rgb2yuv[1][2]=-0.019421  
E/QCAbl   (  359): cc_matrix*rec601_yuv2rgb*hsc_matrix*rec601_rgb2yuv[2][0]=-0.050752  cc_matrix*rec601_yuv2rgb*hsc_matrix*rec601_rgb2yuv[2][1]=-0.099822 cc_matrix*rec601_yuv2rgb*hsc_matrix*rec601_rgb2yuv[2][2]=1.150561  
E/QCAbl   (  359): pre_lv[0]=0
E/QCAbl   (  359): post_lv[0]=0
E/QCAbl   (  359): pre_lv[1]=255
E/QCAbl   (  359): post_lv[1]=255
E/QCAbl   (  359): pre_lv[2]=0
E/QCAbl   (  359): post_lv[2]=0
E/QCAbl   (  359): pre_lv[3]=255
E/QCAbl   (  359): post_lv[3]=255
E/QCAbl   (  359): pre_lv[4]=0
E/QCAbl   (  359): post_lv[4]=0
E/QCAbl   (  359): pre_lv[5]=255
E/QCAbl   (  359): post_lv[5]=255
E/QCAbl   (  359): mv[0][0]=0x23d  mv[0][1]=0xffffffcd mv[0][2]=0xfffffff6  
E/QCAbl   (  359): pre_bv[0]=0
E/QCAbl   (  359): post_bv[0]=0
E/QCAbl   (  359): mv[1][0]=0xffffffe6  mv[1][1]=0x224 mv[1][2]=0xfffffff6  
E/QCAbl   (  359): pre_bv[1]=0
E/QCAbl   (  359): post_bv[1]=0
E/QCAbl   (  359): mv[2][0]=0xffffffe6  mv[2][1]=0xffffffcd mv[2][2]=0x24d  
E/QCAbl   (  359): pre_bv[2]=0
E/QCAbl   (  359): post_bv[2]=0
E/QCAbl   (  359): Calling the MSMFB_MDP_PP ioctl
E/QCAbl   (  359): ioctl MSMFB_MDP_PP returned 0
D/dalvikvm(  457): GC_CONCURRENT freed 1994K, 38% free 8359K/13383K, external 3697K/4616K, paused 10ms+30ms
E/power   (  457): acquire_wake_lock g_error=2 
E/power   (  457): release_wake_lock g_error=2 
D/dalvikvm(  644): GC_EXTERNAL_ALLOC freed 375K, 48% free 4578K/8775K, external 23884K/24387K, paused 175ms
E/power   (  457): acquire_wake_lock g_error=2 
E/power   (  457): release_wake_lock g_error=2 
I/SurfaceFlinger(  457): id=158 Removed edu.mit.csail.diplomamatrix/edu.mit.csail.diplomamatrix.StatusActivity idx=6 Map Size=6
I/SurfaceFlinger(  457): id=159 Removed SurfaceView idx=5 Map Size=6
D/SurfaceFlinger(  457): remove count:1 destroying edu.mit.csail.diplomamatrix/edu.mit.csail.diplomamatrix.StatusActivity
D/msm8660.gralloc(  457): !@/dev/pmem: allocating pmem size=4096000, offset=22941696(0x15e1000)
E/power   (  457): release_wake_lock g_error=2 
E/power   (  457): acquire_wake_lock g_error=2 
E/power   (  457): release_wake_lock g_error=2 
E/power   (  457): acquire_wake_lock g_error=2 
E/power   (  457): release_wake_lock g_error=2 
E/power   (  457): acquire_wake_lock g_error=2 
E/power   (  457): release_wake_lock g_error=2 
E/power   (  457): acquire_wake_lock g_error=2 
E/power   (  457): release_wake_lock g_error=2 
E/power   (  457): acquire_wake_lock g_error=2 
E/power   (  457): release_wake_lock g_error=2 
E/power   (  457): acquire_wake_lock g_error=2 
E/power   (  457): acquire_wake_lock g_error=2 
E/power   (  457): release_wake_lock g_error=2 
E/power   (  457): release_wake_lock g_error=2 
E/power   (  457): acquire_wake_lock g_error=2 
E/power   (  457): acquire_wake_lock g_error=2 
E/power   (  457): release_wake_lock g_error=2 
E/power   (  457): release_wake_lock g_error=2 
E/power   (  457): acquire_wake_lock g_error=2 
E/power   (  457): release_wake_lock g_error=2 
E/power   (  457): acquire_wake_lock g_error=2 
E/power   (  457): acquire_wake_lock g_error=2 
E/power   (  457): release_wake_lock g_error=2 
E/power   (  457): release_wake_lock g_error=2 
E/power   (  457): acquire_wake_lock g_error=2 
E/power   (  457): release_wake_lock g_error=2 
I/ApplicationUsage(  457): Done Updating Usage Statistics in DB @ 1332962602212
I/Mux     (10440): Stop request encountered.
D/Mux     (10440): Waiting for VCoreDaemon to stop...
I/VCoreDaemon(10440): Stop request encountered.
I/VCoreDaemon(10440): Loop ended, vncDaemon thread exiting
D/GpsLocationProvider(  457): stopNavigating
V/GpsLocationProvider(  457): SensorAidingDeactivateAllSensor : No registered sensorManager
D/GpsLocationProvider(  457): SensorAidingDeregister : Exit
V/GpsLocationProvider(  457): reportStatus status: 2
D/Buddies--------------------------->(12572): Service:OnReceive ACTION_HOME_RESUME called
D/InputTransport(  457): Input channel destroyed: name='40cd1ad0 edu.mit.csail.diplomamatrix/edu.mit.csail.diplomamatrix.StatusActivity (server)', ashmemFd=537, receivePipeFd=541, sendPipeFd=540
D/InputTransport(10440): Input channel destroyed: name='40cd1ad0 edu.mit.csail.diplomamatrix/edu.mit.csail.diplomamatrix.StatusActivity (client)', ashmemFd=48, receivePipeFd=49, sendPipeFd=50
D/GpsLocationProvider(  457): send an intent to notify that the GPS has been enabled or disabled
E/power   (  457): acquire_wake_lock g_error=2 
E/power   (  457): release_wake_lock g_error=2 
E/power   (  457): acquire_wake_lock g_error=2 
E/power   (  457): release_wake_lock g_error=2 
E/power   (  457): acquire_wake_lock g_error=2 
V/GpsLocationProvider(  457): reportStatus status: 2
E/power   (  457): release_wake_lock g_error=2 
E/power   (  457): acquire_wake_lock g_error=2 
V/GpsLocationProvider(  457): reportStatus status: 4
E/power   (  457): release_wake_lock g_error=2 
I/WindowOrientationListener(  457): orientation = 326 Tilt = 36 -- -5 ,  4 ,  4
D/AudioHardwareMSM8660(  325): AudioStreamOutMSM72xx::standby()
D/AudioHardwareMSM8660(  325): Deroute pcm stream
D/AudioHardwareMSM8660(  325): value of device and enable is 2 0 ALSA dev id:2
D/Mux     (10440): Waiting for NetworkThread to stop...
E/NetworkThread(10440): Exception on mySocket.receive: Socket closed
I/WindowOrientationListener(  457): orientation = 339 Tilt = 56 -- 0 ,  5 ,  8
I/Mux     (10440): Thread exiting
I/WindowOrientationListener(  457): orientation = 343 Tilt = 54 -- -1 ,  5 ,  7
D/InputReader(  457): Input event: value=1
V/AudioPolicyManager(  325): getParamFromPolicy  deviceInt = 0, situationInt = 1, situationVolume = 1.000000
I/InputDispatcher(  457): Delivering key to current input target: action: 0, channel '408e2290 com.sec.android.app.twlauncher/com.sec.android.app.twlauncher.Launcher (server)'
I/InputDispatcher(  457): Delivering key to current input target: action: 0, channel 'PenGestureView (server)'
V/AudioPolicyService(  325): startOutput() tid 529
V/AudioPolicyManager(  325): startOutput() output 1, stream 1, session 44
V/AudioPolicyManager(  325): getDeviceForStrategy() from cache strategy 0, device 2
V/AudioPolicyManager(  325): getNewDevice() selected device 2
V/AudioPolicyManager(  325): setOutputDevice() output 1 device 2 delayMs 0
V/AudioPolicyManager(  325): setOutputDevice() setting same device 2 or null device for output 1
E/AudioTrack(  457): Audio track delete
E/AudioTrack(  457): stop 0x3c9598
E/AudioTrack(  457): Stop complete
E/AudioTrack(  457): Audio track exit start
E/AudioTrack(  457): Audio track exit done
V/AudioPolicyService(  325): releaseOutput() tid 415
V/AudioPolicyManager(  325): releaseOutput() 1
V/AudioHardwareMSM8660(  325): open driver
V/AudioHardwareMSM8660(  325): get config
V/AudioHardwareMSM8660(  325): set config
V/AudioHardwareMSM8660(  325): buffer_size: 4800
V/AudioHardwareMSM8660(  325): buffer_count: 2
V/AudioHardwareMSM8660(  325): channel_count: 2
V/AudioHardwareMSM8660(  325): sample_rate: 44100
D/AudioHardwareMSM8660(  325): write(): dec_id = 1 cur_rx = 2
V/AudioHardwareMSM8660(  325): cur_rx for pcm playback = 2
D/AudioHardwareMSM8660(  325): value of device and enable is 2 1 ALSA dev id:2
D/InputReader(  457): Input event: value=0
I/InputDispatcher(  457): Delivering key to current input target: action: 1, channel '408e2290 com.sec.android.app.twlauncher/com.sec.android.app.twlauncher.Launcher (server)'
I/InputDispatcher(  457): Delivering key to current input target: action: 1, channel 'PenGestureView (server)'
D/InputTransport(  457): Input channel constructed: name='40554a38 AtchDlg:com.sec.android.app.twlauncher/com.sec.android.app.twlauncher.Launcher (server)', ashmemFd=203, receivePipeFd=291, sendPipeFd=284
D/InputTransport(  457): Input channel constructed: name='40554a38 AtchDlg:com.sec.android.app.twlauncher/com.sec.android.app.twlauncher.Launcher (client)', ashmemFd=234, receivePipeFd=256, sendPipeFd=304
D/InputTransport(  457): Input channel destroyed: name='40554a38 AtchDlg:com.sec.android.app.twlauncher/com.sec.android.app.twlauncher.Launcher (client)', ashmemFd=234, receivePipeFd=256, sendPipeFd=304
D/InputTransport(  644): Input channel constructed: name='40554a38 AtchDlg:com.sec.android.app.twlauncher/com.sec.android.app.twlauncher.Launcher (client)', ashmemFd=63, receivePipeFd=64, sendPipeFd=65
D/ACDB-LOADER(  325): ACDB -> send_audio_cal, acdb_id = 2, path =  0
D/ACDB-LOADER(  325): ACDB -> send_audtable
D/ACDB-LOADER(  325): ACDB -> ACDB_CMD_GET_AUDPROC_COMMON_TABLE
D/ACDB-LOADER(  325): ACDB -> AUDIO_SET_AUDPROC_CAL
D/ACDB-LOADER(  325): ACDB -> send_audvoltable
D/ACDB-LOADER(  325): ACDB -> ACDB_CMD_GET_AUDPROC_GAIN_DEP_VOLTBL_STEP_COPP
D/ACDB-LOADER(  325): ACDB -> AUDIO_SET_AUDPROC_VOL_CAL
I/SurfaceFlinger(  457): id=164(28) createSurface 0x26c3c4 for pid 644 (1x1),1 flag=0, AtchDlg:com.sec.android.app.twlauncher/com.sec.android.app.twlauncher.Launcher
D/msm8660.gralloc(  457): !@/dev/pmem: allocating pmem size=921600, offset=12394496(0xbd2000)
I/ViewRoot(  644): !@FINISH DRAWING : AtchDlg:com.sec.android.app.twlauncher/com.sec.android.app.twlauncher.Launcher
I/ViewRoot(  644): !@finishDrawing is completed : AtchDlg:com.sec.android.app.twlauncher/com.sec.android.app.twlauncher.Launcher
I/Launcher(  644): onWindowFocusChanged(false)
D/msm8660.gralloc(  457): !@/dev/pmem: allocating pmem size=4096000, offset=27037696(0x19c9000)
E/AudioTrack(  457): stop 0x616a60
V/AudioPolicyService(  325): stopOutput() tid 528
V/AudioPolicyManager(  325): stopOutput() output 1, stream 1, session 44
V/AudioPolicyManager(  325): getNewDevice() selected device 0
V/AudioPolicyManager(  325): setOutputDevice() output 1 device 0 delayMs 0
V/AudioPolicyManager(  325): setOutputDevice() setting same device 0 or null device for output 1
E/AudioTrack(  457): Stop complete
I/WindowOrientationListener(  457): orientation = 337 Tilt = 50 -- -1 ,  5 ,  7
--------- beginning of /dev/log/system
I/PowerManagerService(  457): Light Animator Finished curIntValue=92
I/InputReader(  457): dispatchTouch::touch event's action is 0, pending(waiting finished signal)=0
I/InputDispatcher(  457): Delivering touch to current input target: action: 0, channel '40554a38 AtchDlg:com.sec.android.app.twlauncher/com.sec.android.app.twlauncher.Launcher (server)'
I/InputDispatcher(  457): Delivering touch to current input target: action: 0, channel 'PenGestureView (server)'
D/msm8660.gralloc(  457): !@/dev/pmem: allocating pmem size=921600, offset=13316096(0xcb3000)
I/InputReader(  457): dispatchTouch::touch event's action is 1, pending(waiting finished signal)=0
I/InputDispatcher(  457): Delivering touch to current input target: action: 1, channel '40554a38 AtchDlg:com.sec.android.app.twlauncher/com.sec.android.app.twlauncher.Launcher (server)'
I/InputDispatcher(  457): Delivering touch to current input target: action: 1, channel 'PenGestureView (server)'
V/LauncherAppWidgetHostView(  644): dispatchSaveInstanceState: widgetid=1 vid=-1
V/LauncherAppWidgetHostView(  644): dispatchSaveInstanceState: widgetid=2 vid=-1
V/LauncherAppWidgetHostView(  644): dispatchSaveInstanceState: widgetid=4 vid=-1
V/LauncherAppWidgetHostView(  644): dispatchSaveInstanceState: widgetid=3 vid=-1
V/LauncherAppWidgetHostView(  644): dispatchSaveInstanceState: widgetid=5 vid=-1
I/ActivityManager(  457): Starting: Intent { act=android.settings.SETTINGS cat=[android.intent.category.LAUNCHER] flg=0x10200000 cmp=com.android.settings/.Settings } from pid 644
V/LauncherAppWidgetHostView(  644): dispatchSaveInstanceState: widgetid=6 vid=-1
I/Launcher(  644): onPause. Launcher: 40627898
D/dalvikvm(  644): GC_EXTERNAL_ALLOC freed 35K, 48% free 4599K/8775K, external 25705K/25828K, paused 33ms
E/com.samsung.app( 3022): [MSC_Accu]>>> WeatherWidgetProvider.java:354 [0:0] onReceive@ sec.android.intent.action.HOME_PAUSE
E/com.samsung.app( 3022): [MSC_Accu]>>> WidgetIdManager.java:53 [0:0] AccuWeatherClockWidgetID_Length
E/com.samsung.app( 3022): [MSC_Accu]>>> WidgetIdManager.java:54 [0:0] getPrefIDs@lngth:1
E/com.samsung.app( 3022): [MSC_Accu]>>> WidgetIdManager.java:60 [0:0] getPrefIDs@Ids1:4
E/com.samsung.app( 3022): [MSC_Accu]>>> WeatherWidgetProvider.java:347 [0:0] refreshhandler is null!!
E/com.samsung.app( 3292): [MSC]>>> StockClock_Integration.java:235 [0:0] onReceive sec.android.intent.action.HOME_PAUSE
E/com.samsung.app( 3292): [MSC]>>> StockClock_Integration.java:241 [0:0] onReceive : no stock widget!!!
I/PhotoAppWidgetProvider( 4188): onReceive
I/PhotoAppWidgetProvider( 4188): PauseSlideShow
D/PhotoAppWidgetProvider( 4188): onReceive End
I/OrientationDebug(  457): [pwm] in updateOrientationListenerLp()
V/OrientationDebug(  457): in updateOrientationListenerLp(), Screen status=true, current orientation=-1, SensorEnabled=false
I/OrientationDebug(  457): [pwm] needSensorRunningLp(), return false #3
E/WindowManager(  457): rotation is : 0
W/ActivityManager(  457): Trying to launch com.android.settings/.Settings
D/InputTransport(  457): Input channel constructed: name='405595d8 Starting com.android.settings (server)', ashmemFd=304, receivePipeFd=507, sendPipeFd=506
D/InputTransport(  457): Input channel constructed: name='405595d8 Starting com.android.settings (client)', ashmemFd=468, receivePipeFd=500, sendPipeFd=510
I/SurfaceFlinger(  457): id=165(18) createSurface 0x316ef4 for pid 457 (1x1),2 flag=0, Starting com.android.settings
I/WindowManager(  457):   CREATE SURFACE Surface(name=Starting com.android.settings, identity=165, mNativeSurface=0) IN SESSION android.view.SurfaceSession@405c5f10: pid=457 format=-1 flags=0x0 / Window{405595d8 Starting com.android.settings paused=false}
D/msm8660.gralloc(  457): !@/dev/pmem: allocating pmem size=4096000, offset=31133696(0x1db1000)
I/ViewRoot(  457): !@FINISH DRAWING : Starting com.android.settings
I/ViewRoot(  457): !@finishDrawing is completed : Starting com.android.settings
D/dalvikvm(10563): GC_EXTERNAL_ALLOC freed 12K, 40% free 3284K/5447K, external 0K/0K, paused 77ms
I/WindowOrientationListener(  457): orientation = 338 Tilt = 52 -- -2 ,  5 ,  7
D/dalvikvm(10563): GC_EXTERNAL_ALLOC freed 17K, 39% free 3326K/5447K, external 1274K/1288K, paused 77ms
D/InputTransport(  457): Input channel constructed: name='4056ac80 com.android.settings/com.android.settings.Settings (server)', ashmemFd=512, receivePipeFd=520, sendPipeFd=518
D/InputTransport(  457): Input channel constructed: name='4056ac80 com.android.settings/com.android.settings.Settings (client)', ashmemFd=516, receivePipeFd=517, sendPipeFd=521
