D/InputTransport(  457): Input channel destroyed: name='4056ac80 com.android.settings/com.android.settings.Settings (client)', ashmemFd=516, receivePipeFd=517, sendPipeFd=521
D/InputTransport(10563): Input channel constructed: name='4056ac80 com.android.settings/com.android.settings.Settings (client)', ashmemFd=47, receivePipeFd=48, sendPipeFd=49
I/SurfaceFlinger(  457): id=166(1) createSurface 0x2efe64 for pid 10563 (1x1),2 flag=0, com.android.settings/com.android.settings.Settings
I/WindowManager(  457):   CREATE SURFACE Surface(name=com.android.settings/com.android.settings.Settings, identity=166, mNativeSurface=0) IN SESSION android.view.SurfaceSession@40c76500: pid=10563 format=-1 flags=0x0 / Window{4056ac80 com.android.settings/com.android.settings.Settings paused=false}
D/msm8660.gralloc(  457): !@/dev/pmem: allocating pmem size=4096000, offset=38711296(0x24eb000)
I/SurfaceFlinger(  457): id=164 Removed AtchDlg:com.sec.android.app.twlauncher/com.sec.android.app.twlauncher.Launcher idx=4 Map Size=8
D/SurfaceFlinger(  457): remove count:1 destroying AtchDlg:com.sec.android.app.twlauncher/com.sec.android.app.twlauncher.Launcher
W/WindowManager(  457): Window Window{40554a38 AtchDlg:com.sec.android.app.twlauncher/com.sec.android.app.twlauncher.Launcher paused=false} destroyed surface Surface(name=AtchDlg:com.sec.android.app.twlauncher/com.sec.android.app.twlauncher.Launcher, identity=-1, mNativeSurface=0), session Session{408e1e28 uid 10003}
D/InputTransport(  644): Input channel destroyed: name='40554a38 AtchDlg:com.sec.android.app.twlauncher/com.sec.android.app.twlauncher.Launcher (client)', ashmemFd=63, receivePipeFd=64, sendPipeFd=65
D/GLSurfaceViewGroup(  644): Skipped drawing due to suspendDrawingUntilResume()
I/GLThread(  644): onPause tid=15
I/Main thread(  644): onPause waiting for mPaused.
I/GLThread(  644): mPaused is now true tid=15
I/GLThread(  644): releasing EGL surface because paused tid=15
W/EglHelper(  644): destroySurface()  tid=15
W/EglHelper(  644): finish() tid=15
I/Launcher(  644): onStop. Launcher: 40627898
I/ViewRoot(10563): !@FINISH DRAWING : com.android.settings/com.android.settings.Settings
I/GLThread(  644): releasing EGL context because paused tid=15
I/ViewRoot(10563): !@finishDrawing is completed : com.android.settings/com.android.settings.Settings
D/CLIPBOARD(10563): Hide Clipboard dialog at Starting input: finished by someone else... !
I/ActivityManager(  457): Displayed com.android.settings/.Settings: +592ms
D/InputTransport(  457): Input channel destroyed: name='405595d8 Starting com.android.settings (server)', ashmemFd=304, receivePipeFd=507, sendPipeFd=506
D/InputTransport(  457): Input channel destroyed: name='405595d8 Starting com.android.settings (client)', ashmemFd=468, receivePipeFd=500, sendPipeFd=510
D/CLIPBOARD(  644): Hide Clipboard dialog at Starting input: finished by someone else... !
I/GLThread(  644): noticed surfaceView surface lost tid=15
I/SurfaceFlinger(  457): id=162 Removed SurfaceView idx=3 Map Size=7
D/SurfaceFlinger(  457): remove count:1 destroying SurfaceView
W/WindowManager(  457): Window Window{40944d80 SurfaceView paused=false} destroyed surface Surface(name=SurfaceView, identity=-1, mNativeSurface=0), session Session{408e1e28 uid 10003}
I/SurfaceFlinger(  457): id=163 Removed com.sec.android.app.twlauncher/com.sec.android.app.twlauncher.Launcher idx=2 Map Size=6
W/WindowManager(  457): Window Window{408e2290 com.sec.android.app.twlauncher/com.sec.android.app.twlauncher.Launcher paused=false} destroyed surface Surface(name=com.sec.android.app.twlauncher/com.sec.android.app.twlauncher.Launcher, identity=-1, mNativeSurface=0), session Session{408e1e28 uid 10003}
D/SurfaceFlinger(  457): remove count:1 destroying com.sec.android.app.twlauncher/com.sec.android.app.twlauncher.Launcher
I/ActivityManager(  457): Start proc com.att.featuredapps.handset for service com.att.featuredapps.handset/com.att.featuredapps.widget.WidgetViewUpdaterService: pid=12650 uid=10008 gids={3003, 1015}
I/ActivityThread(12650): Pub com.att.featuredapps.promowidget2: com.att.featuredapps.providers.ApplicationProvider
I/ActivityThread(12650): Pub com.att.featuredapps.promowidget: com.att.featuredapps.providers.PromotionProvider
D/com.att.featuredapps.PromoApplication(12650): Download Path: /mnt/sdcard/promo/
I/com.att.featuredapps.PromoApplication(12650): Locale detected: en-US
I/com.att.featuredapps.PromoApplication(12650): Found download directory for promotions: /mnt/sdcard/promo, Result =false
I/System.out(12650): PACKAGE NAME: com.att.featuredapps
I/SurfaceFlinger(  457): id=165 Removed Starting com.android.settings idx=4 Map Size=5
W/WindowManager(  457): Window Window{405595d8 Starting com.android.settings paused=false} destroyed surface Surface(name=Starting com.android.settings, identity=-1, mNativeSurface=0), session Session{4076ece8 uid 1000}
D/SurfaceFlinger(  457): remove count:1 destroying Starting com.android.settings
D/AudioHardwareMSM8660(  325): AudioStreamOutMSM72xx::standby()
D/AudioHardwareMSM8660(  325): Deroute pcm stream
D/AudioHardwareMSM8660(  325): value of device and enable is 2 0 ALSA dev id:2
I/WindowOrientationListener(  457): orientation = 329 Tilt = 51 -- -3 ,  4 ,  7
D/msm8660.gralloc(  457): !@/dev/pmem: allocating pmem size=4096000, offset=2048000(0x1f4000)
I/InputReader(  457): dispatchTouch::touch event's action is 0, pending(waiting finished signal)=0
D/InputTransport(  457): Input channel destroyed: name='40554a38 AtchDlg:com.sec.android.app.twlauncher/com.sec.android.app.twlauncher.Launcher (server)', ashmemFd=203, receivePipeFd=291, sendPipeFd=284
I/InputDispatcher(  457): Delivering touch to current input target: action: 0, channel '4056ac80 com.android.settings/com.android.settings.Settings (server)'
I/InputDispatcher(  457): Delivering touch to current input target: action: 0, channel 'PenGestureView (server)'
I/InputReader(  457): dispatchTouch::touch event's action is 1, pending(waiting finished signal)=0
I/InputDispatcher(  457): Delivering touch to current input target: action: 1, channel '4056ac80 com.android.settings/com.android.settings.Settings (server)'
I/InputDispatcher(  457): Delivering touch to current input target: action: 1, channel 'PenGestureView (server)'
I/WindowOrientationListener(  457): orientation = 321 Tilt = 48 -- -4 ,  4 ,  7
I/ActivityManager(  457): Starting: Intent { act=android.intent.action.MAIN cmp=com.android.settings/.WirelessSettings } from pid 10563
W/ActivityManager(  457): Trying to launch com.android.settings/.WirelessSettings
D/dalvikvm(10563): GC_EXTERNAL_ALLOC freed 68K, 39% free 3437K/5575K, external 1665K/2579K, paused 36ms
V/NFC     (10563): this device does not have NFC support
I/BluetoothPolicyService(  457): isBluetoothEnabled 
D/InputTransport(  457): Input channel constructed: name='40935a88 com.android.settings/com.android.settings.WirelessSettings (server)', ashmemFd=203, receivePipeFd=256, sendPipeFd=234
D/InputTransport(  457): Input channel constructed: name='40935a88 com.android.settings/com.android.settings.WirelessSettings (client)', ashmemFd=204, receivePipeFd=207, sendPipeFd=272
D/InputTransport(  457): Input channel destroyed: name='40935a88 com.android.settings/com.android.settings.WirelessSettings (client)', ashmemFd=204, receivePipeFd=207, sendPipeFd=272
D/InputTransport(10563): Input channel constructed: name='40935a88 com.android.settings/com.android.settings.WirelessSettings (client)', ashmemFd=55, receivePipeFd=56, sendPipeFd=57
I/SurfaceFlinger(  457): id=167(2) createSurface 0x4e119c for pid 10563 (1x1),2 flag=0, com.android.settings/com.android.settings.WirelessSettings
I/WindowManager(  457):   CREATE SURFACE Surface(name=com.android.settings/com.android.settings.WirelessSettings, identity=167, mNativeSurface=0) IN SESSION android.view.SurfaceSession@40c76500: pid=10563 format=-1 flags=0x0 / Window{40935a88 com.android.settings/com.android.settings.WirelessSettings paused=false}
D/AirplaneModeEnabler(10563): EVENT_SERVICE_STATE_CHANGED received 
D/AirplaneModeEnabler(10563): onAirplaneModeChanged : serviceState.getState() return 0
D/AirplaneModeEnabler(10563): onAirplaneModeChanged : airplaneModeEnabled false
D/msm8660.gralloc(  457): !@/dev/pmem: allocating pmem size=4096000, offset=12394496(0xbd2000)
I/ViewRoot(10563): !@FINISH DRAWING : com.android.settings/com.android.settings.WirelessSettings
I/ViewRoot(10563): !@finishDrawing is completed : com.android.settings/com.android.settings.WirelessSettings
I/SurfaceFlinger(  457): id=166 Removed com.android.settings/com.android.settings.Settings idx=4 Map Size=5
I/ActivityManager(  457): Displayed com.android.settings/.WirelessSettings: +426ms
W/WindowManager(  457): Window Window{4056ac80 com.android.settings/com.android.settings.Settings paused=false} destroyed surface Surface(name=com.android.settings/com.android.settings.Settings, identity=-1, mNativeSurface=0), session Session{40cb7108 uid 1000}
D/SurfaceFlinger(  457): remove count:1 destroying com.android.settings/com.android.settings.Settings
I/WindowOrientationListener(  457): orientation = 320 Tilt = 50 -- -3 ,  4 ,  7
D/msm8660.gralloc(  457): !@/dev/pmem: allocating pmem size=4096000, offset=2048000(0x1f4000)
I/InputReader(  457): dispatchTouch::touch event's action is 0, pending(waiting finished signal)=0
I/InputDispatcher(  457): Delivering touch to current input target: action: 0, channel '40935a88 com.android.settings/com.android.settings.WirelessSettings (server)'
I/InputDispatcher(  457): Delivering touch to current input target: action: 0, channel 'PenGestureView (server)'
I/InputReader(  457): dispatchTouch::touch event's action is 1, pending(waiting finished signal)=0
I/InputDispatcher(  457): Delivering touch to current input target: action: 1, channel '40935a88 com.android.settings/com.android.settings.WirelessSettings (server)'
I/InputDispatcher(  457): Delivering touch to current input target: action: 1, channel 'PenGestureView (server)'
D/WirelessSettings(10563): onPreferenceTreeClick : key[usb_settings]
I/ActivityManager(  457): Starting: Intent { act=android.intent.action.MAIN cmp=com.android.settings/.UsbSettings } from pid 10563
W/ActivityManager(  457): Trying to launch com.android.settings/.UsbSettings
D/InputTransport(  457): Input channel constructed: name='4095e5d8 com.android.settings/com.android.settings.UsbSettings (server)', ashmemFd=207, receivePipeFd=298, sendPipeFd=291
D/InputTransport(  457): Input channel constructed: name='4095e5d8 com.android.settings/com.android.settings.UsbSettings (client)', ashmemFd=272, receivePipeFd=284, sendPipeFd=304
D/InputTransport(  457): Input channel destroyed: name='4095e5d8 com.android.settings/com.android.settings.UsbSettings (client)', ashmemFd=272, receivePipeFd=284, sendPipeFd=304
D/InputTransport(10563): Input channel constructed: name='4095e5d8 com.android.settings/com.android.settings.UsbSettings (client)', ashmemFd=58, receivePipeFd=59, sendPipeFd=60
D/VoldCmdListener(  317): volume shared /mnt/sdcard ums
D/MountService(  457): doGetVolumeShared :: path = /mnt/sdcard, method = ums, result = false
D/VoldCmdListener(  317): volume shared /mnt/sdcard/external_sd ums
D/MountService(  457): doGetVolumeShared :: path = /mnt/sdcard/external_sd, method = ums, result = false
D/MountService(  457):  :::: isUsbMassStorageEnabled :: ret = false
I/SurfaceFlinger(  457): id=168(3) createSurface 0x2efdd4 for pid 10563 (1x1),2 flag=0, com.android.settings/com.android.settings.UsbSettings
I/WindowManager(  457):   CREATE SURFACE Surface(name=com.android.settings/com.android.settings.UsbSettings, identity=168, mNativeSurface=0) IN SESSION android.view.SurfaceSession@40c76500: pid=10563 format=-1 flags=0x0 / Window{4095e5d8 com.android.settings/com.android.settings.UsbSettings paused=false}
D/msm8660.gralloc(  457): !@/dev/pmem: allocating pmem size=4096000, offset=16490496(0xfba000)
I/ViewRoot(10563): !@FINISH DRAWING : com.android.settings/com.android.settings.UsbSettings
I/ViewRoot(10563): !@finishDrawing is completed : com.android.settings/com.android.settings.UsbSettings
I/WindowOrientationListener(  457): orientation = 321 Tilt = 49 -- -3 ,  4 ,  7
I/SurfaceFlinger(  457): id=167 Removed com.android.settings/com.android.settings.WirelessSettings idx=4 Map Size=5
I/ActivityManager(  457): Displayed com.android.settings/.UsbSettings: +288ms
W/WindowManager(  457): Window Window{40935a88 com.android.settings/com.android.settings.WirelessSettings paused=false} destroyed surface Surface(name=com.android.settings/com.android.settings.WirelessSettings, identity=-1, mNativeSurface=0), session Session{40cb7108 uid 1000}
D/SurfaceFlinger(  457): remove count:1 destroying com.android.settings/com.android.settings.WirelessSettings
I/WindowOrientationListener(  457): orientation = 322 Tilt = 45 -- -4 ,  5 ,  6
I/InputReader(  457): dispatchTouch::touch event's action is 0, pending(waiting finished signal)=0
I/InputDispatcher(  457): Delivering touch to current input target: action: 0, channel '4095e5d8 com.android.settings/com.android.settings.UsbSettings (server)'
I/InputDispatcher(  457): Delivering touch to current input target: action: 0, channel 'PenGestureView (server)'
I/InputReader(  457): dispatchTouch::touch event's action is 1, pending(waiting finished signal)=0
I/InputDispatcher(  457): Delivering touch to current input target: action: 1, channel '4095e5d8 com.android.settings/com.android.settings.UsbSettings (server)'
I/InputDispatcher(  457): Delivering touch to current input target: action: 1, channel 'PenGestureView (server)'
D/BatteryService(  457): update start
D/BatteryService(  457): updateBattery level:50 scale:100 status:2 health:2 present:true voltage: 3805 temperature: 322 technology: Li-ion AC powered:false USB powered:true icon:17302237
D/UiModeManager(  457): updateConfigurationLocked: mDockState=0; mCarMode=false; mNightMode=0; uiMode=17
D/InputTransport(  457): Input channel constructed: name='4099ff98 com.android.settings/com.android.settings.UsbSettings (server)', ashmemFd=48, receivePipeFd=468, sendPipeFd=304
D/InputTransport(  457): Input channel constructed: name='4099ff98 com.android.settings/com.android.settings.UsbSettings (client)', ashmemFd=204, receivePipeFd=284, sendPipeFd=500
D/InputTransport(  457): Input channel destroyed: name='4099ff98 com.android.settings/com.android.settings.UsbSettings (client)', ashmemFd=204, receivePipeFd=284, sendPipeFd=500
D/InputTransport(10563): Input channel constructed: name='4099ff98 com.android.settings/com.android.settings.UsbSettings (client)', ashmemFd=54, receivePipeFd=61, sendPipeFd=62
D/msm8660.gralloc(  457): !@/dev/pmem: allocating pmem size=4096000, offset=2048000(0x1f4000)
I/SurfaceFlinger(  457): id=169(4) createSurface 0x428d7c for pid 10563 (1x1),1 flag=0, com.android.settings/com.android.settings.UsbSettings
D/dalvikvm(10563): GC_CONCURRENT freed 74K, 38% free 3610K/5767K, external 3115K/4029K, paused 2ms+2ms
I/WindowManager(  457):   CREATE SURFACE Surface(name=com.android.settings/com.android.settings.UsbSettings, identity=169, mNativeSurface=0) IN SESSION android.view.SurfaceSession@40c76500: pid=10563 format=-2 flags=0x0 / Window{4099ff98 com.android.settings/com.android.settings.UsbSettings paused=false}
D/msm8660.gralloc(  457): !@/dev/pmem: allocating pmem size=1224704, offset=12394496(0xbd2000)
I/ViewRoot(10563): !@FINISH DRAWING : com.android.settings/com.android.settings.UsbSettings
V/DATA    (  589): [DCT(0) ] onDataCallListChanged:
V/DATA    (  589): [DCT(0) ] ---dc state list---
V/DATA    (  589): [DCT(0) ] DataCallState: { cid: 0, active: 1, type: , apn: pta, address: 10.137.222.22 }
V/DATA    (  589): [DCT(0) ] ---dc list---
V/DATA    (  589): [DCT(0) ] cid = 0, state = DcActiveState, bearerType = IP, ipaddress = 10.137.222.22, gw=10.137.222.21, dns=[172.26.38.1, 172.26.38.2]
I/ViewRoot(10563): !@finishDrawing is completed : com.android.settings/com.android.settings.UsbSettings
I/WindowOrientationListener(  457): orientation = 339 Tilt = 56 -- -1 ,  5 ,  8
E/        (10587): read error [5] [I/O error]
E/notified_event(  318): Collection::notifyDUNConnected -> connect error
E/DataRouter(  332): After the usb select 
E/DataRouter(  332): Before checking the modem suspend state 
E/DataRouter(  332): PDP is resumed now
E/DataRouter(  332): After checking the modem suspend state 
E/DataRouter(  332): read length is zero
E/DataRouter(  332): +
E/DataRouter(  332): -
E/DataRouter(  332): +
E/DataRouter(  332): USB Interface is open with 0x0
E/DataRouter(  332): USB interface is now configured for usb_fd = 0x0
E/DataRouter(  332): -
E/DataRouter(  332): pcsyncpathreset is called 
E/DataRouter(  332): DrReadUsbStatus returns false USB is offline 
E/DataRouter(  332): DrReadUsbStatus returns false USB is offline 
E/DataRouter(  332): +
D/UsbService(  457): SendBroadcast!!!
D/dalvikvm(10080): Debugger has detached; object registry had 1 entries
E/DataRouter(  332): -
E/DataRouter(  332): pcsyncpathreset is called 
E/DataRouter(  332): Inside cancellation cleanup handler
D/UsbService(  457): usb_configuration changed
I/Vold    (  317): NetlinkHandler::onEvent ->[switch] from uevent
D/Vold    (  317): VolumeManager::handleSwitchEvent -> Changed USB status SWITCH_NAME(MSM72K_UDC),SWITCH_STATE(offline) 
W/Vold    (  317): Ignoring unknown switch 'MSM72K_UDC'
I/Vold    (  317): NetlinkHandler::onEvent ->[switch] from uevent
D/Vold    (  317): VolumeManager::handleSwitchEvent -> Changed USB status SWITCH_NAME(usb_configuration),SWITCH_STATE(0) 
D/Vold    (  317): USB disconnected
D/notified_event(  318): handleSwitchEvent -> USB disconnected !!!
D/UsbService(  457): handleMessage :: usbConnected = false
D/Tethering(  457): InitialState.processMessage what=4
D/Tethering(  457): sendTetherStateChangedBroadcast 0, 0, 0
E/MTPJNIInterface(10587): In MTPJNIINterface onReceive:android.net.conn.TETHER_STATE_CHANGED
E/MTPJNIInterface(10587): tethering status = false
I/TetheringManagerService( 1753): Starting Tethering Manager version 2.12.21
D/dalvikvm(10440): Debugger has detached; object registry had 1 entries
D/msm8660.gralloc(  457): !@/dev/pmem: allocating pmem size=1224704, offset=13619200(0xcfd000)
D/BatteryService(  457): update start
D/BatteryService(  457): updateBattery level:50 scale:100 status:3 health:2 present:true voltage: 3805 temperature: 322 technology: Li-ion AC powered:false USB powered:false icon:17302215
D/UiModeManager(  457): updateConfigurationLocked: mDockState=0; mCarMode=false; mNightMode=0; uiMode=17
D/PowerNotiReceiver(10563): PowerNotiReceiver Intent { act=android.intent.action.ACTION_POWER_DISCONNECTED flg=0x10000000 cmp=com.android.settings/.powersavingmode.PowerNotiReceiver }
E/MTPRx   (10587): In MtpReceiverandroid.intent.action.ACTION_POWER_DISCONNECTED
W/MTPRx   (10587): USB removed
W/MTPRx   (10587): MTP_RUNNING_STATUS = 1
E/MTPRx   (10587): Sending Broadcast
D/PowerManagerService(  457): setScreenOffTimeouts mKeylightDelay=6000 mDimDelay=587000 mScreenOffDelay=7000 mDimScreen=true
E/MtpService(10587): onDestroy.
I/System.out(10587): noti = 3
D/MediaScannerReceiver(  591): scan - volume : external
D/        (10587): __mtp_handler_eh_notify: USB plugged out.
D/        (10587): [__mtp_handler_eh_notify:470] is_connected = 1 and is_enumeration_finished = 1
D/        (10587):  [__mtp_handler_eh_notify:508] Enumeration is Complete and hence exiting the Mtp App 
D/        (10587): gbin_sem_mtp semphore destroy successful
D/        (10587): [__mtp_handler_eh_notify:538] sending event to event handler thread to close...
D/        (10587): [__mtp_handler_eh_notify:546] starting mtp_deinitialize() ...
D/        (10587): [__mtp_handler_eh_notify:569] Checking for MMC_INSERTED and kill data threads ...
D/        (10587): [__mtp_handler_eh_notify:574] calling mtp_g_fs_mtp_init() ...
D/        (10587):  ************** In mtp_g_fs_mtp_init to kill the threads
D/        (10587): [mtp_g_fs_mtp_init] ********* gfs_mode = 0 mtp_clean_usb_driver  
D/        (10587): [mtp_g_fs_mtp_init] ************ Calling mtp_usb_mtp_finalize fn
D/        (10587): ****** [mtp_usb_mtp_finalize] Calling mtp_stop_io 
D/        (10587): mtp_stop_io going to kill source thread, th_source value = 1
I/ActivityManager(  457): Process com.android.MtpApplication (pid 10587) has died.
D/MediaScannerService(  591): onStartCommand : intent - Intent { cmp=com.android.providers.media/.MediaScannerService (has extras) }
D/MediaScannerService(  591): onStartCommand : flags [2], startId [1]
D/MediaScannerService(  591): onStartCommand : intent.getExtra's volume : external
D/MediaScannerService(  591): ServiceHandler:handleMessage volume[external]
I/MediaScannerService(  591): !@beginofMediascannerservice
D/MediaScannerService(  591): start scanning volume external
D/MediaProvider(  591): mMediaScannerReceiver - intent.getAction : android.intent.action.MEDIA_SCANNER_STARTED
V/MediaProvider(  591): Suspending ThumbWorker
I/MediaProvider(  591): MediaScanner started!!!
I/ActivityManager(  457): Start proc com.android.MtpApplication for broadcast com.android.MtpApplication/.MtpReceiver: pid=12684 uid=1000 gids={3003, 1015, 2001, 3002, 3001, 1001, 1006}
D/VoldCmdListener(  317): volume devpath /mnt/sdcard/external_sd
D/Vold    (  317): VolumeManager::getDeviceRootPath -> getDeviceRootPath:: null
D/MountService(  457): getDeviceDriverPath :: vold can not get path or before mount
E/MountService(  457): getStorageSerialNumber :: Failed to get root path of mmc /mnt/sdcard/external_sd
E/MediaProvider(  591): MountService returned externalSd Serial Number : 
I/Database(  591): sqlite returned: error code = 17, msg = statement aborts at 43: [SELECT DISTINCT sd_serial FROM images WHERE sd_serial LIKE 'external_0x%'] database schema has changed
I/Zygote  (12684): Zygote: pid 12684 has CALL PRIVILEGED permission, then set capability for CAP_SYS_ADMIN (21)
I/InputReader(  457): dispatchTouch::touch event's action is 0, pending(waiting finished signal)=0
I/InputDispatcher(  457): Delivering touch to current input target: action: 0, channel '4099ff98 com.android.settings/com.android.settings.UsbSettings (server)'
I/InputDispatcher(  457): Delivering touch to current input target: action: 0, channel 'PenGestureView (server)'
E/MTPRx   (12684): In MtpReceiverandroid.intent.action.MEDIA_SCANNER_STARTED
W/MTPRx   (12684): Media scanning is started, setting media scanner status
E/MTPRx   (12684): file kieswifi.dat is not found
E/MTPRx   (12684): Battery charging. plugType = 0
E/MTPRx   (12684): AC charging. Dont lauch MTP APP
I/InputReader(  457): dispatchTouch::touch event's action is 1, pending(waiting finished signal)=0
I/InputDispatcher(  457): Delivering touch to current input target: action: 1, channel '4099ff98 com.android.settings/com.android.settings.UsbSettings (server)'
I/InputDispatcher(  457): Delivering touch to current input target: action: 1, channel 'PenGestureView (server)'
D/InputTransport(10563): Input channel destroyed: name='4099ff98 com.android.settings/com.android.settings.UsbSettings (client)', ashmemFd=54, receivePipeFd=61, sendPipeFd=62
W/InputManagerService(  457): Window already focused, ignoring focus gain of: com.android.internal.view.IInputMethodClient$Stub$Proxy@40a44db8
E/MediaProvider(  591): removeMediaDBData called
I/SurfaceFlinger(  457): id=169 Removed com.android.settings/com.android.settings.UsbSettings idx=4 Map Size=5
W/WindowManager(  457): Window Window{4099ff98 com.android.settings/com.android.settings.UsbSettings paused=false} destroyed surface Surface(name=com.android.settings/com.android.settings.UsbSettings, identity=-1, mNativeSurface=0), session Session{40cb7108 uid 1000}
E/DataRouter(  332): Initialise USB and start the thread 
E/DataRouter(  332): +
E/DataRouter(  332): USB Interface is open with 0x14
E/DataRouter(  332): USB interface is now configured for usb_fd = 0x14
E/DataRouter(  332): -
E/DataRouter(  332): THREAD LAUNCH 
E/DataRouter(  332): +
E/DataRouter(  332): +
E/DataRouter(  332): USB monitor thread launched, usb_fd= 0x14
E/DataRouter(  332): Before the while loop 
E/DataRouter(  332): Before the usb select 
D/SurfaceFlinger(  457): remove count:1 destroying com.android.settings/com.android.settings.UsbSettings
D/MediaScannerService(  591): scan : call scanner.scanDirectories - directories : /mnt/sdcard
D/MediaScanner(  591): NexPlayerSDKMediaScanner is configured but using StagefrightMediaScanner
V/MediaPlayerService(  325): Create new media retriever from pid 591
D/MediaScanner(  591): prescan enter 
D/MediaScanner(  591): prescan return
D/MediaScanner(  591): scanDirectories : directories.length=1, directories.length : /mnt/sdcard
D/MediaScanner(  591): Sync...
D/MediaScanner(  591): Start Nazca(Internal) /mnt/sdcard/
D/MediaScanner(  591): Use QFS
D/MediaScanner(  591): Android SD Device open OK
D/MediaScanner(  591): Nazca Scan :     0 /mnt/sdcard/LOST.DIR (0msec)
D/MediaScanner(  591): Ignored : External SD directory attached on internal SD directory
D/MediaScanner(  591): Ignored : External USB directory attached on internal SD directory
D/MediaScanner(  591): Nazca Scan :     0 /mnt/sdcard/DCIM (0msec)
D/MediaScanner(  591): ".nomedia" in /mnt/sdcard/Android/data
D/MediaScanner(  591): Nazca Scan :     0 /mnt/sdcard/Android/data (0msec)
D/MediaScanner(  591): Nazca Scan :     0 /mnt/sdcard/Android (0msec)
D/MediaScanner(  591): ".nomedia" in /mnt/sdcard/Application/SMemo/switcher
D/MediaScanner(  591): Nazca Scan :     0 /mnt/sdcard/Application/SMemo/switcher (0msec)
D/MediaScanner(  591): ".nomedia" in /mnt/sdcard/Application/SMemo/cache
D/MediaScanner(  591): Nazca Scan :     0 /mnt/sdcard/Application/SMemo/cache (0msec)
D/MediaScanner(  591): ".nomedia" in /mnt/sdcard/Application/SMemo/image
D/MediaScanner(  591): Nazca Scan :     0 /mnt/sdcard/Application/SMemo/image (0msec)
D/MediaScanner(  591): Nazca Scan :     0 /mnt/sdcard/Application/SMemo (0msec)
D/MediaScanner(  591): Nazca Scan :     0 /mnt/sdcard/Application (0msec)
D/MediaScanner(  591): ".nomedia" in /mnt/sdcard/promo
D/MediaScanner(  591): Nazca Scan :     0 /mnt/sdcard/promo (0msec)
D/MediaScanner(  591): Nazca Scan :     0 /mnt/sdcard (0msec)
D/MediaScanner(  591): Normal Meta & DB Insert/Update Start
D/MediaScanner(  591): Normal    0 done (0msec)
D/MediaScanner(  591): Sync..
D/MediaProvider(  591): mMediaScannerReceiver - intent.getAction : android.intent.action.ACTION_MEDIA_SCANNER_PROGRESS
D/MediaScanner(  591): Start Nazca /mnt/sdcard/external_sd
D/MediaScanner(  591): Use QFS
E/MediaScanner(  591): Cannot get device path from mount info. Check SD Unmounted.
D/MediaScanner(  591): Normal Meta & DB Insert/Update Start
D/MediaScanner(  591): Normal    0 done (0msec)
D/MediaScanner(  591): Sync....
D/MediaScanner(  591): Start Nazca /mnt/sdcard/usbStorage/sda
D/MediaScanner(  591): Use QFS
E/MediaScanner(  591): Cannot get device path from mount info. Check SD Unmounted.
D/MediaScanner(  591): Normal Meta & DB Insert/Update Start
D/MediaScanner(  591): Normal    0 done (0msec)
D/MediaScanner(  591): postscan enter: directories - /mnt/sdcard
D/MediaScanner(  591): start checking FileCacheEntry
D/MediaScanner(  591): end checking FileCacheEntry
D/MediaScanner(  591): call pruneDeadThumbnailFils()
V/MediaScanner(  591): pruneDeadThumbnailFiles... android.database.sqlite.SQLiteCursor@4052bbe0
V/MediaScanner(  591): files to delete count : 0
V/MediaScanner(  591): /pruneDeadThumbnailFiles... android.database.sqlite.SQLiteCursor@4052bbe0
D/MediaScanner(  591): postscan return
D/MediaScanner(  591):  prescan time: 18ms
D/MediaScanner(  591):     scan time: 107ms
D/MediaScanner(  591): postscan time: 62ms
D/MediaScanner(  591):    total time: 187ms
D/MediaProvider(  591): mMediaScannerReceiver - intent.getAction : android.intent.action.MEDIA_SCANNER_FINISHED
D/MediaScannerService(  591): done scanning volume external
I/MediaScannerService(  591): !@endofMediascannerservice
E/DEVICE_PROVISIONED : (10563): DEVICE_PROVISIONED : 1
V/MediaProvider(  591): Resuming ThumbWorker
I/MediaProvider(  591): MediaScanner stopped!!!
E/MTPRx   (12684): In MtpReceiverandroid.intent.action.MEDIA_SCANNER_FINISHED
D/MediaScannerReceiver(  591): onReceive : EXTERNAL scan FINISHED.
D/BootReceiver( 4188): ACTION_MEDIA_SCANNER_FINISHED: path = /mnt/sdcard
D/BootReceiver( 4188): ImageManager.hasStorage()truefalse
I/CacheService( 4188): Starting CacheService
D/CacheService( 4188): Locale [en_US]
I/TIMECHECK( 4188): START thumbnails.
I/CacheService( 4188): Refreshing cache.
I/RilSupportOnReceiveKOR(  589): Intent:android.intent.action.MEDIA_SCANNER_FINISHED
I/RilSupportBroadCastReceiverKOR(  589): ACTION_MEDIA_SCANNER_FINISHED
I/RilSupportServiceOnReceiveKOR( 9890): Intent:null
I/RilSupportServiceOnReceiveKOR( 9890): COMMAND:android.intent.action.MEDIA_SCANNER_FINISHED
I/RilSupportServiceKOR( 9890): MODEL : SAMSUNG-SGH-I717
I/RilSupportServiceKOR( 9890): Skip MEDIA_SCANNER_FINISHED_ACTION...
D/CscParser(  589): customer_path =/system/csc/customer.xml
D/CscParser(  589): others_path =/system/csc/others.xml
E/CscReceiver(  589): onReceive android.intent.action.MEDIA_SCANNER_FINISHED
I/CscReceiver(  589): handleMediaScannerFinished
D/CscReceiver(  589): Media DB Scanner finished.
W/DiskCache( 4188): rename to = /mnt/sdcard/Android/data/com.cooliris.media/cache/local-album-cache/index
I/CacheService( 4188): Building albums.
D/CacheService( 4188): Album Cache delete all
E/DataRouter(  332): DrReadUsbStatus returns false USB is offline 
E/DataRouter(  332): DrReadUsbStatus returns false USB is offline 
I/WindowOrientationListener(  457): orientation = 333 Tilt = 40 -- -3 ,  6 ,  6
W/DiskCache( 4188): rename to = /mnt/sdcard/Android/data/com.cooliris.media/cache/local-album-cache/index
I/CacheService( 4188): Done building albums.
I/CacheService( 4188): Preparing DiskCache for all thumbnails.
W/DiskCacheSEC( 4188): enter writeIndex 0
W/DiskCacheSEC( 4188): Create TempFile = /sdcard/DiskCacheIndex2098382632.tmp
V/DiskCacheSEC( 4188): [SE Lab.] writeindex(): id= 1015617263 / mntTime= 1332962614616
D/DiskCacheSEC( 4188): Wrote index with 0 records.
W/DiskCacheSEC( 4188): rename to = /mnt/sdcard/Android/data/com.cooliris.media/cache/local-image-thumbs/index
I/TIMECHECK( 4188): END thumbnails.
I/MediaStoreImporter(10571): Update: incremental Added music: 0 Updated music: 0 Deleted music: 0 Created playlists: 0 Updated playlists: 0 Deleted playlists: 0 Inserted playlist items: 0 Deleted playlist items: 0 Removed orphaned playlist items: 0
I/WindowOrientationListener(  457): orientation = 326 Tilt = 40 -- -4 ,  6 ,  6
E/DataRouter(  332): DrReadUsbStatus returns false USB is offline 
E/DataRouter(  332): DrReadUsbStatus returns false USB is offline 
I/WindowOrientationListener(  457): orientation = 338 Tilt = 42 -- -3 ,  6 ,  6
I/TetheringManagerService( 1753): Provider is ATT
I/TetheringManagerService( 1753): MCCMNC is 310410
I/TetheringManagerService( 1753): Tethering is not running
I/TetheringManagerService( 1753): No saved default APN was found
I/TetheringManagerService( 1753): Supporting device(s) = wl0.1, usb0
E/AlarmManagerService(  457): android_server_AlarmManagerService_set to type=1, 1332962616.987000000
E/AlarmManagerService(  457): android_server_AlarmManagerService_set to type=1, 1332962636.987000000
V/AlarmManager(  457): Adding alarm Alarm{40983c68 type 1 com.tecace.tetheringmanager} at 0
V/AlarmManager(  457): Adding alarm Alarm{40983c68 type 1 com.tecace.tetheringmanager} at 0
V/AlarmManager(  457): sending alarm Alarm{40983c68 type 1 com.tecace.tetheringmanager}
I/TetheringManagerService( 1753): Wifi is disabled
I/TetheringManagerService( 1753): Network is LTE
I/TetheringManagerService( 1753): Mobile data is connected
D/TelephonyProvider(  589): start query selection apn = 'broadband'
I/TetheringManagerService( 1753): Stored entitled ID is 1344
I/TetheringManagerService( 1753): Stored entitled APN is broadband
I/TetheringManagerService( 1753): Stored entitled MCC/MNC is 310150
I/TetheringManagerService( 1753): Stored entitled APN type is dun
I/TetheringManagerService( 1753): Stored entitled ID is 1346
I/TetheringManagerService( 1753): Stored entitled APN is broadband
I/TetheringManagerService( 1753): Stored entitled MCC/MNC is 310170
I/TetheringManagerService( 1753): Stored entitled APN type is dun
I/TetheringManagerService( 1753): Stored entitled ID is 1348
I/TetheringManagerService( 1753): Stored entitled APN is broadband
I/TetheringManagerService( 1753): Stored entitled MCC/MNC is 310410
I/TetheringManagerService( 1753): Stored entitled APN type is dun
I/TetheringManagerService( 1753): Stored entitled APN ID(1348) is verified
I/TetheringManagerService( 1753): Current APN id = 1347
D/TetheringManagerService( 1753): Current APN name is pta
D/TetheringManagerService( 1753): LTE
I/InputReader(  457): dispatchTouch::touch event's action is 0, pending(waiting finished signal)=0
D/InputTransport(  457): Input channel destroyed: name='4099ff98 com.android.settings/com.android.settings.UsbSettings (server)', ashmemFd=48, receivePipeFd=468, sendPipeFd=304
I/InputDispatcher(  457): Delivering touch to current input target: action: 0, channel '4095e5d8 com.android.settings/com.android.settings.UsbSettings (server)'
I/InputDispatcher(  457): Delivering touch to current input target: action: 0, channel 'PenGestureView (server)'
I/InputReader(  457): dispatchTouch::touch event's action is 1, pending(waiting finished signal)=0
I/InputDispatcher(  457): Delivering touch to current input target: action: 1, channel '4095e5d8 com.android.settings/com.android.settings.UsbSettings (server)'
I/InputDispatcher(  457): Delivering touch to current input target: action: 1, channel 'PenGestureView (server)'
D/InputTransport(  457): Input channel constructed: name='40967780 com.android.settings/com.android.settings.UsbSettings (server)', ashmemFd=48, receivePipeFd=500, sendPipeFd=468
D/InputTransport(  457): Input channel constructed: name='40967780 com.android.settings/com.android.settings.UsbSettings (client)', ashmemFd=284, receivePipeFd=304, sendPipeFd=506
D/InputTransport(  457): Input channel destroyed: name='40967780 com.android.settings/com.android.settings.UsbSettings (client)', ashmemFd=284, receivePipeFd=304, sendPipeFd=506
D/InputTransport(10563): Input channel constructed: name='40967780 com.android.settings/com.android.settings.UsbSettings (client)', ashmemFd=61, receivePipeFd=62, sendPipeFd=63
I/SurfaceFlinger(  457): id=170(5) createSurface 0x50772c for pid 10563 (1x1),1 flag=0, com.android.settings/com.android.settings.UsbSettings
I/WindowManager(  457):   CREATE SURFACE Surface(name=com.android.settings/com.android.settings.UsbSettings, identity=170, mNativeSurface=0) IN SESSION android.view.SurfaceSession@40c76500: pid=10563 format=-2 flags=0x0 / Window{40967780 com.android.settings/com.android.settings.UsbSettings paused=false}
D/msm8660.gralloc(  457): !@/dev/pmem: allocating pmem size=1433600, offset=12394496(0xbd2000)
I/ViewRoot(10563): !@FINISH DRAWING : com.android.settings/com.android.settings.UsbSettings
I/ViewRoot(10563): !@finishDrawing is completed : com.android.settings/com.android.settings.UsbSettings
I/WindowOrientationListener(  457): orientation = 322 Tilt = 31 -- -4 ,  6 ,  4
D/msm8660.gralloc(  457): !@/dev/pmem: allocating pmem size=1433600, offset=13828096(0xd30000)
I/WindowOrientationListener(  457): orientation = 326 Tilt = 36 -- -4 ,  6 ,  5
I/InputReader(  457): dispatchTouch::touch event's action is 0, pending(waiting finished signal)=0
I/InputDispatcher(  457): Delivering touch to current input target: action: 0, channel '40967780 com.android.settings/com.android.settings.UsbSettings (server)'
I/InputDispatcher(  457): Delivering touch to current input target: action: 0, channel 'PenGestureView (server)'
I/InputReader(  457): dispatchTouch::touch event's action is 1, pending(waiting finished signal)=0
I/InputDispatcher(  457): Delivering touch to current input target: action: 1, channel '40967780 com.android.settings/com.android.settings.UsbSettings (server)'
I/InputDispatcher(  457): Delivering touch to current input target: action: 1, channel 'PenGestureView (server)'
I/ADB     (  457): Thread.sleep(200)
I/ADB     (  457): enableAdb : 0
I/ADB     (  457): enableAdb : 0
D/Vold    (  317): usb_mass_storage function disabled
D/notified_event(  318): handleUsbCompositeEvent -> 'usb_mass_storage' -> 'disconnected' 
D/notified_event(  318): handleUsbCompositeEvent -> 'acm1' -> 'disconnected' 
D/notified_event(  318): handleUsbCompositeEvent -> 'acm2' -> 'connected' 
D/notified_event(  318): handleUsbCompositeEvent -> 'adb' -> 'disconnected' 
D/notified_event(  318): handleUsbCompositeEvent -> 'rndis' -> 'disconnected' 
D/notified_event(  318): handleUsbCompositeEvent -> 'diag' -> 'disconnected' 
D/notified_event(  318): handleUsbCompositeEvent -> 'diag_mdm' -> 'disconnected' 
D/notified_event(  318): handleUsbCompositeEvent -> 'mtp' -> 'connected' 
D/notified_event(  318): handleUsbCompositeEvent -> 'rmnet_sdio' -> 'disconnected' 
D/InputTransport(  457): Input channel constructed: name='40ccf350 com.android.settings/com.android.settings.UsbSettings (server)', ashmemFd=506, receivePipeFd=517, sendPipeFd=511
D/InputTransport(  457): Input channel constructed: name='40ccf350 com.android.settings/com.android.settings.UsbSettings (client)', ashmemFd=507, receivePipeFd=510, sendPipeFd=521
D/InputTransport(  457): Input channel destroyed: name='40ccf350 com.android.settings/com.android.settings.UsbSettings (client)', ashmemFd=507, receivePipeFd=510, sendPipeFd=521
D/jdwp    (10080): adbd disconnected
D/UsbService(  457): functionEnabledLocked :: function = usb_mass_storage, enabled = false
D/UsbService(  457): functionEnabledLocked :: function = acm1, enabled = false
D/UsbService(  457): functionEnabledLocked :: function = acm2, enabled = true
D/UsbService(  457): functionEnabledLocked :: function = adb, enabled = false
D/UsbService(  457): functionEnabledLocked :: function = rndis, enabled = false
D/UsbService(  457): functionEnabledLocked :: function = diag, enabled = false
D/UsbService(  457): functionEnabledLocked :: function = diag_mdm, enabled = false
D/UsbService(  457): functionEnabledLocked :: function = mtp, enabled = true
D/UsbService(  457): functionEnabledLocked :: function = rmnet_sdio, enabled = false
D/jdwp    (10440): adbd disconnected
D/InputTransport(10563): Input channel constructed: name='40ccf350 com.android.settings/com.android.settings.UsbSettings (client)', ashmemFd=66, receivePipeFd=67, sendPipeFd=68
D/UsbService(  457): functionEnabledLocked :: function = usb_mass_storage, enabled = true
D/UsbService(  457): functionEnabledLocked :: function = acm1, enabled = false
D/UsbService(  457): functionEnabledLocked :: function = acm2, enabled = false
D/Vold    (  317): usb_mass_storage function enabled
D/notified_event(  318): handleUsbCompositeEvent -> 'usb_mass_storage' -> 'connected' 
D/notified_event(  318): handleUsbCompositeEvent -> 'acm1' -> 'disconnected' 
D/notified_event(  318): handleUsbCompositeEvent -> 'acm2' -> 'disconnected' 
D/UsbService(  457): functionEnabledLocked :: function = adb, enabled = false
D/UsbService(  457): functionEnabledLocked :: function = rndis, enabled = false
D/UsbService(  457): functionEnabledLocked :: function = diag, enabled = false
D/UsbService(  457): functionEnabledLocked :: function = diag_mdm, enabled = false
D/UsbService(  457): functionEnabledLocked :: function = mtp, enabled = false
D/UsbService(  457): functionEnabledLocked :: function = rmnet_sdio, enabled = false
D/notified_event(  318): handleUsbCompositeEvent -> 'adb' -> 'disconnected' 
D/notified_event(  318): handleUsbCompositeEvent -> 'rndis' -> 'disconnected' 
D/notified_event(  318): handleUsbCompositeEvent -> 'diag' -> 'disconnected' 
D/notified_event(  318): handleUsbCompositeEvent -> 'diag_mdm' -> 'disconnected' 
D/notified_event(  318): handleUsbCompositeEvent -> 'mtp' -> 'disconnected' 
D/notified_event(  318): handleUsbCompositeEvent -> 'rmnet_sdio' -> 'disconnected' 
I/SurfaceFlinger(  457): id=171(6) createSurface 0x31db7c for pid 10563 (1x1),1 flag=0, com.android.settings/com.android.settings.UsbSettings
I/WindowManager(  457):   CREATE SURFACE Surface(name=com.android.settings/com.android.settings.UsbSettings, identity=171, mNativeSurface=0) IN SESSION android.view.SurfaceSession@40c76500: pid=10563 format=-2 flags=0x0 / Window{40ccf350 com.android.settings/com.android.settings.UsbSettings paused=false}
D/InputTransport(10563): Input channel destroyed: name='40967780 com.android.settings/com.android.settings.UsbSettings (client)', ashmemFd=61, receivePipeFd=62, sendPipeFd=63
D/msm8660.gralloc(  457): !@/dev/pmem: allocating pmem size=1224704, offset=15261696(0xe8e000)
I/ViewRoot(10563): !@FINISH DRAWING : com.android.settings/com.android.settings.UsbSettings
I/ViewRoot(10563): !@finishDrawing is completed : com.android.settings/com.android.settings.UsbSettings
I/SurfaceFlinger(  457): id=170 Removed com.android.settings/com.android.settings.UsbSettings idx=3 Map Size=6
W/WindowManager(  457): Window Window{40967780 com.android.settings/com.android.settings.UsbSettings paused=false} destroyed surface Surface(name=com.android.settings/com.android.settings.UsbSettings, identity=-1, mNativeSurface=0), session Session{40cb7108 uid 1000}
D/SurfaceFlinger(  457): remove count:1 destroying com.android.settings/com.android.settings.UsbSettings
E/DataRouter(  332): DrReadUsbStatus returns false USB is offline 
E/DataRouter(  332): DrReadUsbStatus returns false USB is offline 
I/WindowOrientationListener(  457): orientation = 328 Tilt = 39 -- -3 ,  6 ,  6
D/msm8660.gralloc(  457): !@/dev/pmem: allocating pmem size=1224704, offset=12394496(0xbd2000)
D/PowerManagerService(  457): onSensorChanged: light value: 1000
E/DataRouter(  332): DrReadUsbStatus returns false USB is offline 
E/DataRouter(  332): DrReadUsbStatus returns false USB is offline 
D/UsbService(  457): SendBroadcast!!!
I/Vold    (  317): NetlinkHandler::onEvent ->[switch] from uevent
D/Vold    (  317): VolumeManager::handleSwitchEvent -> Changed USB status SWITCH_NAME(usb_mass_storage),SWITCH_STATE(online) 
W/Vold    (  317): Ignoring unknown switch 'usb_mass_storage'
I/Vold    (  317): NetlinkHandler::onEvent ->[switch] from uevent
D/Vold    (  317): VolumeManager::handleSwitchEvent -> Changed USB status SWITCH_NAME(MSM72K_UDC),SWITCH_STATE(online) 
W/Vold    (  317): Ignoring unknown switch 'MSM72K_UDC'
D/UsbService(  457): usb_configuration changed
D/UsbService(  457): handleMessage :: usbConnected = true
I/Vold    (  317): NetlinkHandler::onEvent ->[switch] from uevent
D/Vold    (  317): VolumeManager::handleSwitchEvent -> Changed USB status SWITCH_NAME(usb_configuration),SWITCH_STATE(1) 
D/Vold    (  317): USB connected
D/Vold    (  317): Share method ums now available
I/MountService(  457): onEvent:: raw= 620 Share method ums now available cooked =  620 Share method ums now available
D/MountService(  457): notifyShareAvailabilityChange :: method = ums, avail = true
D/StorageNotification(  563): onUsbMassStorageConnectionChangedAsync :: connected = true
I/StorageNotification(  563): UMS connection changed to true (media state internal = mounted, external = removed )
D/MountService(  457): Sending intent :: ACTION_UMS_CONNECTED 
E/notified_event(  318): Collection::notifyDUNConnected -> connect error
D/StorageNotification(  563): updateUsbModeNotification :: connected is true, usbSettingMode is 2, and adbCheck is false
D/StorageNotification(  563): updateUsbMassStorageNotification :: available = true
D/notified_event(  318): handleSwitchEvent -> USB connected !!!
E/MTPRx   (12684): In MtpReceiverandroid.intent.action.UMS_CONNECTED
I/ActivityManager(  457): Start proc com.sec.android.Kies for broadcast com.sec.android.Kies/.kies_receiver: pid=12780 uid=1000 gids={3003, 1015, 2001, 3002, 3001, 1001, 1006}
D/StorageNotification(  563): setUsbStorageNotification :: titleId = 17040399, messageId = 17040400, icon = 17302267, sound = false, visible = true
D/StatusBarService(  563): Notification has fullScreenIntent; sending fullScreenIntent
I/ActivityManager(  457): Starting: Intent { flg=0x10000000 cmp=com.android.systemui/.usb.UsbStorageActivity } from pid -1
D/InputTransport(  457): Input channel constructed: name='40d1bd90 Starting com.android.systemui (server)', ashmemFd=510, receivePipeFd=524, sendPipeFd=523
D/InputTransport(  457): Input channel constructed: name='40d1bd90 Starting com.android.systemui (client)', ashmemFd=521, receivePipeFd=522, sendPipeFd=525
I/SurfaceFlinger(  457): id=172(19) createSurface 0x516034 for pid 457 (1x1),2 flag=0, Starting com.android.systemui
I/WindowManager(  457):   CREATE SURFACE Surface(name=Starting com.android.systemui, identity=172, mNativeSurface=0) IN SESSION android.view.SurfaceSession@405c5f10: pid=457 format=-1 flags=0x0 / Window{40d1bd90 Starting com.android.systemui paused=false}
D/msm8660.gralloc(  457): !@/dev/pmem: allocating pmem size=4096000, offset=20586496(0x13a2000)
W/ActivityManager(  457): Trying to launch com.android.systemui/.usb.UsbStorageActivity
I/ViewRoot(  457): !@FINISH DRAWING : Starting com.android.systemui
D/Tethering(  457): sendTetherStateChangedBroadcast 1, 0, 0
D/Tethering(  457): interfaceAdded :usb0
I/ViewRoot(  457): !@finishDrawing is completed : Starting com.android.systemui
I/TetheringManagerService( 1753): Available : usb0
D/UsbStorageActivity(  563): onCreate !!!
D/BatteryService(  457): update start
D/BatteryService(  457): RINGER_MODE_VIBRATE
D/BatteryService(  457): updateBattery level:50 scale:100 status:2 health:2 present:true voltage: 3797 temperature: 323 technology: Li-ion AC powered:false USB powered:true icon:17302237
I/Zygote  (12780): Zygote: pid 12780 has CALL PRIVILEGED permission, then set capability for CAP_SYS_ADMIN (21)
D/UiModeManager(  457): updateConfigurationLocked: mDockState=0; mCarMode=false; mNightMode=0; uiMode=17
I/ActivityManager(  457): No longer want com.android.defcontainer (pid 10293): hidden #21
I/TetheringManagerService( 1753): USB cable is connected
D/UsbStorageActivity(  563): onResume !!!
D/InputTransport(  457): Input channel constructed: name='40cbfdc0 com.android.systemui/com.android.systemui.usb.UsbStorageActivity (server)', ashmemFd=527, receivePipeFd=532, sendPipeFd=531
D/InputTransport(  457): Input channel constructed: name='40cbfdc0 com.android.systemui/com.android.systemui.usb.UsbStorageActivity (client)', ashmemFd=529, receivePipeFd=530, sendPipeFd=533
D/InputTransport(  457): Input channel destroyed: name='40cbfdc0 com.android.systemui/com.android.systemui.usb.UsbStorageActivity (client)', ashmemFd=529, receivePipeFd=530, sendPipeFd=533
D/InputTransport(  563): Input channel constructed: name='40cbfdc0 com.android.systemui/com.android.systemui.usb.UsbStorageActivity (client)', ashmemFd=69, receivePipeFd=70, sendPipeFd=71
D/VoldCmdListener(  317): volume shared /mnt/sdcard ums
D/MountService(  457): doGetVolumeShared :: path = /mnt/sdcard, method = ums, result = false
D/VoldCmdListener(  317): volume shared /mnt/sdcard/external_sd ums
D/MountService(  457): doGetVolumeShared :: path = /mnt/sdcard/external_sd, method = ums, result = false
D/MountService(  457):  :::: isUsbMassStorageEnabled :: ret = false
I/WindowOrientationListener(  457): orientation = 337 Tilt = 40 -- -3 ,  6 ,  6
D/dalvikvm(  563): GC_CONCURRENT freed 1475K, 49% free 4026K/7751K, external 6387K/6822K, paused 2ms+7ms
I/SurfaceFlinger(  457): id=168 Removed com.android.settings/com.android.settings.UsbSettings idx=3 Map Size=6
W/WindowManager(  457): Window Window{4095e5d8 com.android.settings/com.android.settings.UsbSettings paused=false} destroyed surface Surface(name=com.android.settings/com.android.settings.UsbSettings, identity=-1, mNativeSurface=0), session Session{40cb7108 uid 1000}
I/SurfaceFlinger(  457): id=171 Removed com.android.settings/com.android.settings.UsbSettings idx=4 Map Size=5
W/WindowManager(  457): Window Window{40ccf350 com.android.settings/com.android.settings.UsbSettings paused=false} destroyed surface Surface(name=com.android.settings/com.android.settings.UsbSettings, identity=-1, mNativeSurface=0), session Session{40cb7108 uid 1000}
D/InputTransport(  457): Input channel destroyed: name='40ccf350 com.android.settings/com.android.settings.UsbSettings (server)', ashmemFd=506, receivePipeFd=517, sendPipeFd=511
D/InputTransport(10563): Input channel destroyed: name='40ccf350 com.android.settings/com.android.settings.UsbSettings (client)', ashmemFd=66, receivePipeFd=67, sendPipeFd=68
E/DEVICE_PROVISIONED : (10563): DEVICE_PROVISIONED : 1
D/PowerNotiReceiver(10563): PowerNotiReceiver Intent { act=android.intent.action.ACTION_POWER_CONNECTED flg=0x10000000 cmp=com.android.settings/.powersavingmode.PowerNotiReceiver }
D/SurfaceFlinger(  457): remove count:2 destroying com.android.settings/com.android.settings.UsbSettings
D/SurfaceFlinger(  457): remove count:1 destroying com.android.settings/com.android.settings.UsbSettings
I/SurfaceFlinger(  457): id=173(3) createSurface 0x5f721c for pid 563 (800x1280),2 flag=0, com.android.systemui/com.android.systemui.usb.UsbStorageActivity
I/WindowManager(  457):   CREATE SURFACE Surface(name=com.android.systemui/com.android.systemui.usb.UsbStorageActivity, identity=173, mNativeSurface=0) IN SESSION android.view.SurfaceSession@405d9670: pid=563 format=-1 flags=0x0 / Window{40cbfdc0 com.android.systemui/com.android.systemui.usb.UsbStorageActivity paused=false}
E/MTPRx   (12684): In MtpReceiverandroid.intent.action.ACTION_POWER_CONNECTED
D/UsbStorageActivity(  563): init :: mConfiguration = 1
D/UsbStorageActivity(  563): handleUsbStateChanged :: connected = true
D/UsbStorageActivity(  563): switchDisplayAsync :: usbStorageInUse = false
E/MTPRx   (12684): file kieswifi.dat is not found
