D/RPC     (  457): 3100008c:327681 sending RPC reply (XID 70895)
I/WindowOrientationListener(  457): orientation = 355 Tilt = 19 -- 0 ,  8 ,  -3
E/AlarmManagerService(  457): android_server_AlarmManagerService_set to type=1, 1332962820.000000000
V/AlarmManager(  457): Adding alarm Alarm{40983c68 type 1 com.tecace.tetheringmanager} at 1
V/AlarmManager(  457): sending alarm Alarm{40983c68 type 1 com.tecace.tetheringmanager}
I/TetheringManagerService( 1753): Running time = 120 seconds
I/TetheringManagerService( 1753): Tethering time expired = 6
I/TetheringManagerService( 1753): Service self stopped
I/TetheringManagerService( 1753): Service is destroyed
I/TetheringManagerService( 1753): Service restricted for SIM fail or airplane mode or factory mode unused timeout
I/ActivityManager(  457): No longer want com.sec.android.app.samsungapps.una2 (pid 3478): hidden #21
E/power   (  457): acquire_wake_lock g_error=2 
E/power   (  457): release_wake_lock g_error=2 
E/power   (  457): acquire_wake_lock g_error=2 
E/power   (  457): release_wake_lock g_error=2 
E/power   (  457): acquire_wake_lock g_error=2 
E/power   (  457): release_wake_lock g_error=2 
D/RPC     (  457): 3000008c:00050000 received CALL.
D/RPC     (  457): 3000008c:00050000 dispatching RPC call (XID 70896, xdr 0x3cd060) for callback client 3100008c:00050001.
D/RPC     (  457): 3100008c:327681 sending RPC reply (XID 70896)
D/RPC     (  457): 3000008c:00050000 received CALL.
D/RPC     (  457): 3000008c:00050000 dispatching RPC call (XID 70897, xdr 0x3cd060) for callback client 3100008c:00050001.
D/RPC     (  457): 3100008c:327681 sending RPC reply (XID 70897)
D/RPC     (  457): 3000008c:00050000 received CALL.
D/RPC     (  457): 3000008c:00050000 dispatching RPC call (XID 70898, xdr 0x3cd060) for callback client 3100008c:00050001.
D/RPC     (  457): 3100008c:327681 sending RPC reply (XID 70898)
E/power   (  457): acquire_wake_lock g_error=2 
E/power   (  457): release_wake_lock g_error=2 
E/power   (  457): acquire_wake_lock g_error=2 
E/power   (  457): release_wake_lock g_error=2 
E/power   (  457): acquire_wake_lock g_error=2 
E/power   (  457): release_wake_lock g_error=2 
E/power   (  457): acquire_wake_lock g_error=2 
E/power   (  457): release_wake_lock g_error=2 
E/power   (  457): acquire_wake_lock g_error=2 
E/power   (  457): release_wake_lock g_error=2 
E/power   (  457): acquire_wake_lock g_error=2 
D/RPC     (  457): 3000008c:00050000 received CALL.
D/RPC     (  457): 3000008c:00050000 dispatching RPC call (XID 70899, xdr 0x3cd060) for callback client 3100008c:00050001.
D/RPC     (  457): 3100008c:327681 sending RPC reply (XID 70899)
D/RPC     (  457): 3000008c:00050000 received CALL.
D/RPC     (  457): 3000008c:00050000 dispatching RPC call (XID 70900, xdr 0x3cd060) for callback client 3100008c:00050001.
D/RPC     (  457): 3100008c:327681 sending RPC reply (XID 70900)
D/RPC     (  457): 3000008c:00050000 received CALL.
D/RPC     (  457): 3000008c:00050000 dispatching RPC call (XID 70901, xdr 0x3cd060) for callback client 3100008c:00050001.
D/RPC     (  457): 3100008c:327681 sending RPC reply (XID 70901)
D/RPC     (  457): 3000008c:00050000 received CALL.
D/RPC     (  457): 3000008c:00050000 dispatching RPC call (XID 70902, xdr 0x3cd060) for callback client 3100008c:00050001.
D/RPC     (  457): 3100008c:327681 sending RPC reply (XID 70902)
D/RPC     (  457): 3000008c:00050000 received CALL.
D/RPC     (  457): 3000008c:00050000 dispatching RPC call (XID 70903, xdr 0x3cd060) for callback client 3100008c:00050001.
D/RPC     (  457): 3100008c:327681 sending RPC reply (XID 70903)
D/RPC     (  457): 3000008c:00050000 received CALL.
D/RPC     (  457): 3000008c:00050000 dispatching RPC call (XID 70904, xdr 0x3cd060) for callback client 3100008c:00050001.
E/power   (  457): release_wake_lock g_error=2 
E/power   (  457): acquire_wake_lock g_error=2 
E/power   (  457): release_wake_lock g_error=2 
D/RPC     (  457): 3100008c:327681 sending RPC reply (XID 70904)
D/RPC     (  457): 3000008c:00050000 received CALL.
D/RPC     (  457): 3000008c:00050000 dispatching RPC call (XID 70905, xdr 0x3cd060) for callback client 3100008c:00050001.
D/RPC     (  457): 3100008c:327681 sending RPC reply (XID 70905)
E/power   (  457): acquire_wake_lock g_error=2 
E/power   (  457): release_wake_lock g_error=2 
D/RPC     (  457): 3000008c:00050000 received CALL.
D/RPC     (  457): 3000008c:00050000 dispatching RPC call (XID 70906, xdr 0x3cd060) for callback client 3100008c:00050001.
D/RPC     (  457): 3100008c:327681 sending RPC reply (XID 70906)
I/WindowOrientationListener(  457): orientation = 354 Tilt = 21 -- -1 ,  8 ,  -3
I/InputReader(  457): dispatchTouch::touch event's action is 0, pending(waiting finished signal)=0
I/InputDispatcher(  457): Delivering touch to current input target: action: 0, channel '40b0a9b0 edu.mit.csail.diplomamatrix/edu.mit.csail.diplomamatrix.StatusActivity (server)'
I/InputDispatcher(  457): Delivering touch to current input target: action: 0, channel 'PenGestureView (server)'
I/PowerManagerService(  457): Ulight 3->7|0
D/PowerManagerService(  457): setLightBrightness : mButtonLight : 92
I/InputReader(  457): dispatchTouch::touch event's action is 1, pending(waiting finished signal)=0
I/InputDispatcher(  457): Delivering touch to current input target: action: 1, channel '40b0a9b0 edu.mit.csail.diplomamatrix/edu.mit.csail.diplomamatrix.StatusActivity (server)'
I/InputDispatcher(  457): Delivering touch to current input target: action: 1, channel 'PenGestureView (server)'
V/QualcommCameraHardware(  325): getParameters: EX
I/CameraService(  325): takePicture: mNumSnapshots = 1
D/SecCameraCoreManager(  325): virtual android::status_t android::SecCameraCoreManager::takePicture():stop IT Policy checking thread
V/QualcommCameraHardware(  325): sendCommand: command = 1109, arg1 =1, arg2= 0
I/ShotSingle(  325): ShotSingle::takePicture start
E/QualcommCameraHardware(  325): takePicture(463)
I/QualcommCameraHardware(  325): stopPreviewInternal E: 1
V/QualcommCameraHardware(  325): cancelAutoFocusDefault E (cancel : 2359329)
V/QualcommCameraHardware(  325): native_set_ext_config E (cmd = 11)
V/QualcommCameraHardware(  325): cancelAutoFocusDefault X: 1
E/mm-camera(  325): vfe_stop_vfe: vfe_util_sendcmd:3(rc = 1) 
I/QualcommCameraHardware(  325): deinitPreview E
I/QualcommCameraHardware(  325): deinitPreview X
V/QualcommCameraHardware(  325): in stopPreviewInternal: making mVideoThreadExit 1
V/QualcommCameraHardware(  325): cam_frame_flush_video: in n = 0
V/QualcommCameraHardware(  325): cam_frame_flush_video: out n = 0
I/QualcommCameraHardware(  325): stopPreviewInternal X: 0
V/QualcommCameraHardware(  325): initRawSnapshot E
I/QualcommCameraHardware(  325): runframethread: waiting for preview  thread to complete.
E/mm-camera(  325): vfe_util_get_sensor_info: mode=3
I/QualcommCameraHardware(  325): preview_thread X
I/QualcommCameraHardware(  325): initPreview: old preview thread completed.
I/QualcommCameraHardware(  325): ~PmemPool: preview E
V/QualcommCameraHardware(  325): register_buf:  reg = 1 buffer = 0x42342000
V/QualcommCameraHardware(  325): register_buf:  reg = 1 buffer = 0x423b3000
V/QualcommCameraHardware(  325): register_buf:  reg = 1 buffer = 0x42424000
V/QualcommCameraHardware(  325): register_buf:  reg = 1 buffer = 0x42495000
I/QualcommCameraHardware(  325): ~PmemPool: preview X
V/QualcommCameraHardware(  325): destroying MemPool preview
V/QualcommCameraHardware(  325): destroying MemPool preview completed
I/QualcommCameraHardware(  325): ~PmemPool: record E
V/QualcommCameraHardware(  325): register_buf:  reg = 1 buffer = 0x42506000
V/QualcommCameraHardware(  325): register_buf:  reg = 1 buffer = 0x42577000
V/QualcommCameraHardware(  325): register_buf:  reg = 1 buffer = 0x425e8000
V/QualcommCameraHardware(  325): register_buf:  reg = 1 buffer = 0x42659000
V/QualcommCameraHardware(  325): register_buf:  reg = 1 buffer = 0x426ca000
V/QualcommCameraHardware(  325): register_buf:  reg = 1 buffer = 0x4273b000
V/QualcommCameraHardware(  325): register_buf:  reg = 1 buffer = 0x427ac000
V/QualcommCameraHardware(  325): register_buf:  reg = 1 buffer = 0x4281d000
V/QualcommCameraHardware(  325): register_buf:  reg = 1 buffer = 0x4288e000
I/QualcommCameraHardware(  325): ~PmemPool: record X
V/QualcommCameraHardware(  325): destroying MemPool record
V/QualcommCameraHardware(  325): destroying MemPool record completed
V/QualcommCameraHardware(  325): runFrameThread X
D/QualcommCameraHardware(  325): frame_thread X
V/QualcommCameraHardware(  325): raw_snapshot_buffer_size = 10077696, raw_picture_height = 1944, raw_picture_width = 5184
I/QualcommCameraHardware(  325): constructing MemPool raw pmem snapshot camera backed by pmem pool /dev/pmem_smipool: 1 frames @ 10077696 bytes, buffer size 10077696
V/QualcommCameraHardware(  325): pmem pool /dev/pmem_smipool ioctl(fd = 64, PMEM_GET_SIZE) is 10080256
D/QualcommCameraHardware(  325): mBufferSize=10077696, mAlignedBufferSize=10080256
D/QualcommCameraHardware(  325): num_buffers = 1
V/QualcommCameraHardware(  325): register_buf:  reg = 0 buffer = 0x42242000
I/QualcommCameraHardware(  325): PmemPool: (raw pmem snapshot camera) X 
V/QualcommCameraHardware(  325): initRawSnapshot X
E/QualcommCameraHardware(  325): takePicture: X
I/ShotSingle(  325): ShotSingle::takePicture end
D/QualcommCameraHardware(  325): snapshot_thread E
I/QualcommCameraHardware(  325): runSnapshotThread E
E/QualcommCameraHardware(  325): get_currentTemp() temp=324
V/QualcommCameraHardware(  325): takepicture : LED_MODE_LOWTEMP_OFF : 0
V/QualcommCameraHardware(  325): native_set_ext_config E (cmd = 0)
V/QualcommCameraHardware(  325): getParameters: EX
V/AudioPolicyManager(  325): getParamFromPolicy  deviceInt = 0, situationInt = 3, situationVolume = 1.000000
V/MediaPlayerService(  325): [19] setVolume(1.000000, 1.000000)
V/AudioSink(  325): setVolume(1.000000, 1.000000)
V/AudioPolicyManager(  325): getStreamVolumeIndex() stream 7
E/mm-camera(  325): vfe_reset_vfe: vfe_util_sendcmd:2(rc = 1) 
E/mm-camera(  325): vfe_util_get_sensor_info: mode=2
E/mm-camera(  325): m5mo_snapshot_config
E/mm-camera(  325): vfe_start_vfe: *(config_state_t *)state 17,  rc 1
E/power   (  457): acquire_wake_lock g_error=2 
E/power   (  457): release_wake_lock g_error=2 
E/power   (  457): acquire_wake_lock g_error=2 
D/RPC     (  457): 3000008c:00050000 received CALL.
D/RPC     (  457): 3000008c:00050000 dispatching RPC call (XID 70907, xdr 0x3cd060) for callback client 3100008c:00050001.
D/RPC     (  457): 3100008c:327681 sending RPC reply (XID 70907)
D/RPC     (  457): 3000008c:00050000 received CALL.
D/RPC     (  457): 3000008c:00050000 dispatching RPC call (XID 70908, xdr 0x3cd060) for callback client 3100008c:00050001.
E/power   (  457): release_wake_lock g_error=2 
E/power   (  457): acquire_wake_lock g_error=2 
E/power   (  457): release_wake_lock g_error=2 
E/power   (  457): acquire_wake_lock g_error=2 
E/power   (  457): acquire_wake_lock g_error=2 
E/power   (  457): release_wake_lock g_error=2 
E/power   (  457): release_wake_lock g_error=2 
D/RPC     (  457): 3100008c:327681 sending RPC reply (XID 70908)
D/RPC     (  457): 3000008c:00050000 received CALL.
D/RPC     (  457): 3000008c:00050000 dispatching RPC call (XID 70909, xdr 0x3cd060) for callback client 3100008c:00050001.
D/RPC     (  457): 3100008c:327681 sending RPC reply (XID 70909)
D/RPC     (  457): 3000008c:00050000 received CALL.
D/RPC     (  457): 3000008c:00050000 dispatching RPC call (XID 70910, xdr 0x3cd060) for callback client 3100008c:00050001.
D/RPC     (  457): 3100008c:327681 sending RPC reply (XID 70910)
D/RPC     (  457): 3000008c:00050000 received CALL.
D/RPC     (  457): 3000008c:00050000 dispatching RPC call (XID 70911, xdr 0x3cd060) for callback client 3100008c:00050001.
D/RPC     (  457): 3100008c:327681 sending RPC reply (XID 70911)
E/power   (  457): acquire_wake_lock g_error=2 
E/power   (  457): release_wake_lock g_error=2 
E/power   (  457): acquire_wake_lock g_error=2 
E/power   (  457): release_wake_lock g_error=2 
E/power   (  457): acquire_wake_lock g_error=2 
E/power   (  457): release_wake_lock g_error=2 
E/power   (  457): acquire_wake_lock g_error=2 
D/RPC     (  457): 3000008c:00050000 received CALL.
D/RPC     (  457): 3000008c:00050000 dispatching RPC call (XID 70912, xdr 0x3cd060) for callback client 3100008c:00050001.
D/RPC     (  457): 3100008c:327681 sending RPC reply (XID 70912)
D/RPC     (  457): 3000008c:00050000 received CALL.
D/RPC     (  457): 3000008c:00050000 dispatching RPC call (XID 70913, xdr 0x3cd060) for callback client 3100008c:00050001.
D/RPC     (  457): 3100008c:327681 sending RPC reply (XID 70913)
D/RPC     (  457): 3000008c:00050000 received CALL.
D/RPC     (  457): 3000008c:00050000 dispatching RPC call (XID 70914, xdr 0x3cd060) for callback client 3100008c:00050001.
D/RPC     (  457): 3100008c:327681 sending RPC reply (XID 70914)
D/RPC     (  457): 3000008c:00050000 received CALL.
D/RPC     (  457): 3000008c:00050000 dispatching RPC call (XID 70915, xdr 0x3cd060) for callback client 3100008c:00050001.
E/power   (  457): acquire_wake_lock g_error=2 
E/power   (  457): release_wake_lock g_error=2 
E/power   (  457): release_wake_lock g_error=2 
D/RPC     (  457): 3100008c:327681 sending RPC reply (XID 70915)
D/RPC     (  457): 3000008c:00050000 received CALL.
D/RPC     (  457): 3000008c:00050000 dispatching RPC call (XID 70916, xdr 0x3cd060) for callback client 3100008c:00050001.
D/RPC     (  457): 3100008c:327681 sending RPC reply (XID 70916)
E/power   (  457): acquire_wake_lock g_error=2 
E/power   (  457): release_wake_lock g_error=2 
D/RPC     (  457): 3000008c:00050000 received CALL.
D/RPC     (  457): 3000008c:00050000 dispatching RPC call (XID 70917, xdr 0x3cd060) for callback client 3100008c:00050001.
D/RPC     (  457): 3100008c:327681 sending RPC reply (XID 70917)
V/QualcommCameraHardware(  325): receive_event_callback: E
E/QualcommCameraHardware(  325): receiveRawPicture: E
V/QualcommCameraHardware(  325): getParameters: EX
I/QualcommCameraHardware(  325): Found a matching camera info for ID 0
I/QualcommCameraHardware(  325): HAL_getCameraInfo: facing = 0, orientation = 90
V/QualcommCameraHardware(  325): getParameters: EX
V/QualcommCameraHardware(  325): constructing MemPool raw ashmem snapshot camera backed by ashmem: 1 frames @ 10077696 uint8_ts, buffer size 10077696
V/QualcommCameraHardware(  325): <=PCAM=> memcpy : total raw heap size = 0x99d000
I/WindowOrientationListener(  457): orientation = 352 Tilt = 19 -- -1 ,  8 ,  -3
V/QualcommCameraHardware(  325): <------- Start Thumbnail Image data ------->
V/QualcommCameraHardware(  325): @@@ Send Postview Image ! 
V/QualcommCameraHardware(  325): setExifChangedAttribute  E
V/QualcommCameraHardware(  325): native_get_ext_config E (cmd = 36)
V/QualcommCameraHardware(  325): native_get_ext_config E (cmd = 36)
V/QualcommCameraHardware(  325): native_get_ext_config E (cmd = 36)
V/QualcommCameraHardware(  325): native_get_ext_config E (cmd = 36)
E/JpegEncoder(  325): makeExif E
E/JpegEncoder(  325): makeExif -- 1
E/JpegEncoder(  325): makeExif -- 2
E/JpegEncoder(  325): makeExif -- 3
E/JpegEncoder(  325): makeExif -- 4
E/JpegEncoder(  325): makeExif X
V/QualcommCameraHardware(  325): <=PCAM=> JpegExifSize :46293
V/QualcommCameraHardware(  325): <=PCAM=> JpegExifSize : 46293 
V/QualcommCameraHardware(  325): <=PCAM=> JpegExifSize1 : 46293 
V/QualcommCameraHardware(  325): <=PCAM=> JpegExifSize2 : 46293 
V/QualcommCameraHardware(  325): <=PCAM=> JpegExifSize3 : 46293 
V/QualcommCameraHardware(  325): <=PCAM=> JpegExifSize4 : 46293 
V/QualcommCameraHardware(  325): <=PCAM=> JpegExifSize5 : 46293 
I/ShotSingle(  325): CAMERA_MSG_COMPRESSED_IMAGE E
I/ShotSingle(  325): CAMERA_MSG_COMPRESSED_IMAGE X
V/QualcommCameraHardware(  325): <=PCAM=> JpegExifSize6 : 205 
V/QualcommCameraHardware(  325): <=PCAM=> JpegExifSize7 : 46293 
V/QualcommCameraHardware(  325): <=PCAM=> JpegExifSize8 : 
V/QualcommCameraHardware(  325): deinitRawSnapshot E
I/QualcommCameraHardware(  325): ~PmemPool: raw pmem snapshot camera E
V/QualcommCameraHardware(  325): register_buf:  reg = 1 buffer = 0x42242000
I/QualcommCameraHardware(  325): ~PmemPool: raw pmem snapshot camera X
V/QualcommCameraHardware(  325): destroying MemPool raw pmem snapshot camera
V/QualcommCameraHardware(  325): destroying MemPool raw pmem snapshot camera completed
V/QualcommCameraHardware(  325): deinitRawSnapshot X
V/QualcommCameraHardware(  325): <=PCAM=> JpegExifSize9 : 
V/QualcommCameraHardware(  325): <=PCAM=> JpegExifSize10 : 
V/QualcommCameraHardware(  325): receiveRawPicture: X
I/QualcommCameraHardware(  325): runSnapshotThread X
D/QualcommCameraHardware(  325): snapshot_thread X
D/dalvikvm(13203): GC_FOR_MALLOC freed 266K, 41% free 3497K/5831K, external 258K/1281K, paused 19ms
I/dalvikvm-heap(13203): Grow heap (frag case) to 8.413MB for 2897038-byte allocation
D/dalvikvm(13203): GC_FOR_MALLOC freed 16K, 28% free 6310K/8711K, external 258K/1281K, paused 17ms
V/QualcommCameraHardware(  325): getParameters: EX
D/SecCameraCoreManager(  325): virtual android::status_t android::SecCameraCoreManager::startPreview():start IT Policy checking thread
E/ShotSingle(  325): startPreview - mUseOverlay(1)
V/QualcommCameraHardware(  325): getParameters: EX
V/QualcommCameraHardware(  325): getParameters: EX
V/QualcommCameraHardware(  325): startPreview E
V/QualcommCameraHardware(  325): in startPreviewInternal : E
V/QualcommCameraHardware(  325): initPreview E: preview size=640x480 videosize = 640 x 480
I/QualcommCameraHardware(  325): initPreview : preview size=640x480 videosize = 640 x 480
V/QualcommCameraHardware(  325): mDimension.prev_format = 1
V/QualcommCameraHardware(  325): mDimension.display_luma_width = 640
V/QualcommCameraHardware(  325): mDimension.display_luma_height = 480
V/QualcommCameraHardware(  325): mDimension.display_chroma_width = 640
V/QualcommCameraHardware(  325): mDimension.display_chroma_height = 480
V/QualcommCameraHardware(  325): CAMERA_PARM_DIMENSION
E/mm-camera(  325): vfe_util_get_sensor_info: mode=3
E/mm-camera(  325): m5mo_video_config, sfd = 48
E/power   (  457): acquire_wake_lock g_error=2 
D/RPC     (  457): 3000008c:00050000 received CALL.
D/RPC     (  457): 3000008c:00050000 dispatching RPC call (XID 70918, xdr 0x3cd060) for callback client 3100008c:00050001.
D/RPC     (  457): 3100008c:327681 sending RPC reply (XID 70918)
D/dalvikvm(13203): GC_CONCURRENT freed 2K, 28% free 6308K/8711K, external 258K/1281K, paused 1ms+2ms
E/power   (  457): acquire_wake_lock g_error=2 
E/power   (  457): release_wake_lock g_error=2 
D/RPC     (  457): 3000008c:00050000 received CALL.
D/RPC     (  457): 3000008c:00050000 dispatching RPC call (XID 70919, xdr 0x3cd060) for callback client 3100008c:00050001.
E/power   (  457): release_wake_lock g_error=2 
E/power   (  457): acquire_wake_lock g_error=2 
E/power   (  457): release_wake_lock g_error=2 
E/power   (  457): acquire_wake_lock g_error=2 
E/power   (  457): release_wake_lock g_error=2 
E/power   (  457): acquire_wake_lock g_error=2 
E/power   (  457): release_wake_lock g_error=2 
E/power   (  457): acquire_wake_lock g_error=2 
E/power   (  457): release_wake_lock g_error=2 
E/power   (  457): acquire_wake_lock g_error=2 
E/power   (  457): release_wake_lock g_error=2 
E/power   (  457): acquire_wake_lock g_error=2 
E/power   (  457): release_wake_lock g_error=2 
E/power   (  457): acquire_wake_lock g_error=2 
D/RPC     (  457): 3100008c:327681 sending RPC reply (XID 70919)
D/RPC     (  457): 3000008c:00050000 received CALL.
D/RPC     (  457): 3000008c:00050000 dispatching RPC call (XID 70920, xdr 0x3cd060) for callback client 3100008c:00050001.
D/RPC     (  457): 3100008c:327681 sending RPC reply (XID 70920)
D/RPC     (  457): 3000008c:00050000 received CALL.
D/RPC     (  457): 3000008c:00050000 dispatching RPC call (XID 70921, xdr 0x3cd060) for callback client 3100008c:00050001.
D/RPC     (  457): 3100008c:327681 sending RPC reply (XID 70921)
D/RPC     (  457): 3000008c:00050000 received CALL.
D/RPC     (  457): 3000008c:00050000 dispatching RPC call (XID 70922, xdr 0x3cd060) for callback client 3100008c:00050001.
D/RPC     (  457): 3100008c:327681 sending RPC reply (XID 70922)
D/RPC     (  457): 3000008c:00050000 received CALL.
D/RPC     (  457): 3000008c:00050000 dispatching RPC call (XID 70923, xdr 0x3cd060) for callback client 3100008c:00050001.
D/RPC     (  457): 3100008c:327681 sending RPC reply (XID 70923)
D/RPC     (  457): 3000008c:00050000 received CALL.
D/RPC     (  457): 3000008c:00050000 dispatching RPC call (XID 70924, xdr 0x3cd060) for callback client 3100008c:00050001.
D/RPC     (  457): 3100008c:327681 sending RPC reply (XID 70924)
D/RPC     (  457): 3000008c:00050000 received CALL.
D/RPC     (  457): 3000008c:00050000 dispatching RPC call (XID 70925, xdr 0x3cd060) for callback client 3100008c:00050001.
D/RPC     (  457): 3100008c:327681 sending RPC reply (XID 70925)
D/RPC     (  457): 3000008c:00050000 received CALL.
D/RPC     (  457): 3000008c:00050000 dispatching RPC call (XID 70926, xdr 0x3cd060) for callback client 3100008c:00050001.
E/power   (  457): release_wake_lock g_error=2 
E/power   (  457): acquire_wake_lock g_error=2 
E/power   (  457): release_wake_lock g_error=2 
D/RPC     (  457): 3100008c:327681 sending RPC reply (XID 70926)
D/RPC     (  457): 3000008c:00050000 received CALL.
D/RPC     (  457): 3000008c:00050000 dispatching RPC call (XID 70927, xdr 0x3cd060) for callback client 3100008c:00050001.
D/RPC     (  457): 3100008c:327681 sending RPC reply (XID 70927)
E/power   (  457): acquire_wake_lock g_error=2 
E/power   (  457): release_wake_lock g_error=2 
D/RPC     (  457): 3000008c:00050000 received CALL.
D/RPC     (  457): 3000008c:00050000 dispatching RPC call (XID 70928, xdr 0x3cd060) for callback client 3100008c:00050001.
D/RPC     (  457): 3100008c:327681 sending RPC reply (XID 70928)
I/QualcommCameraHardware(  325): constructing MemPool preview backed by pmem pool /dev/pmem_adsp: 4 frames @ 460800 bytes, buffer size 460800
V/QualcommCameraHardware(  325): pmem pool /dev/pmem_adsp ioctl(fd = 64, PMEM_GET_SIZE) is 1851392
D/QualcommCameraHardware(  325): mBufferSize=460800, mAlignedBufferSize=462848
D/QualcommCameraHardware(  325): num_buffers = 4
V/QualcommCameraHardware(  325): register_buf:  reg = 0 buffer = 0x42342000
V/QualcommCameraHardware(  325): register_buf:  reg = 0 buffer = 0x423b3000
V/QualcommCameraHardware(  325): register_buf:  reg = 0 buffer = 0x42424000
V/QualcommCameraHardware(  325): register_buf:  reg = 0 buffer = 0x42495000
I/QualcommCameraHardware(  325): PmemPool: (preview) X 
V/QualcommCameraHardware(  325): setDIS E
V/QualcommCameraHardware(  325): mDisEnabled = 0
V/QualcommCameraHardware(  325): setDIS X (1)
V/QualcommCameraHardware(  325): initREcord E
I/QualcommCameraHardware(  325): initRecord: mDimension.video_width = 640 mDimension.video_height = 480
V/QualcommCameraHardware(  325): mRecordFrameSize = 460800
I/QualcommCameraHardware(  325): constructing MemPool record backed by pmem pool /dev/pmem_smipool: 9 frames @ 460800 bytes, buffer size 460800
V/QualcommCameraHardware(  325): pmem pool /dev/pmem_smipool ioctl(fd = 67, PMEM_GET_SIZE) is 4165632
D/QualcommCameraHardware(  325): mBufferSize=460800, mAlignedBufferSize=462848
D/QualcommCameraHardware(  325): num_buffers = 9
V/QualcommCameraHardware(  325):  pmempool creating video buffers : active 1 
V/QualcommCameraHardware(  325): register_buf:  reg = 0 buffer = 0x42506000
V/QualcommCameraHardware(  325):  pmempool creating video buffers : active 1 
V/QualcommCameraHardware(  325): register_buf:  reg = 0 buffer = 0x42577000
V/QualcommCameraHardware(  325):  pmempool creating video buffers : active 1 
V/QualcommCameraHardware(  325): register_buf:  reg = 0 buffer = 0x425e8000
V/QualcommCameraHardware(  325):  pmempool creating video buffers : active 0 
V/QualcommCameraHardware(  325): register_buf:  reg = 0 buffer = 0x42659000
V/QualcommCameraHardware(  325):  pmempool creating video buffers : active 0 
V/QualcommCameraHardware(  325): register_buf:  reg = 0 buffer = 0x426ca000
V/QualcommCameraHardware(  325):  pmempool creating video buffers : active 0 
V/QualcommCameraHardware(  325): register_buf:  reg = 0 buffer = 0x4273b000
V/QualcommCameraHardware(  325):  pmempool creating video buffers : active 0 
V/QualcommCameraHardware(  325): register_buf:  reg = 0 buffer = 0x427ac000
V/QualcommCameraHardware(  325):  pmempool creating video buffers : active 0 
V/QualcommCameraHardware(  325): register_buf:  reg = 0 buffer = 0x4281d000
V/QualcommCameraHardware(  325):  pmempool creating video buffers : active 1 
V/QualcommCameraHardware(  325): register_buf:  reg = 0 buffer = 0x4288e000
I/QualcommCameraHardware(  325): PmemPool: (record) X 
V/QualcommCameraHardware(  325): initRecord :  record heap , video buffers  buffer=1112563712 fd=67 y_off=0 cbcr_off=307200 
V/QualcommCameraHardware(  325): initRecord :  record heap , video buffers  buffer=1113026560 fd=67 y_off=0 cbcr_off=307200 
V/QualcommCameraHardware(  325): initRecord :  record heap , video buffers  buffer=1113489408 fd=67 y_off=0 cbcr_off=307200 
V/QualcommCameraHardware(  325): initRecord :  record heap , video buffers  buffer=1113952256 fd=67 y_off=0 cbcr_off=307200 
V/QualcommCameraHardware(  325): initRecord :  record heap , video buffers  buffer=1114415104 fd=67 y_off=0 cbcr_off=307200 
V/QualcommCameraHardware(  325): initRecord :  record heap , video buffers  buffer=1114877952 fd=67 y_off=0 cbcr_off=307200 
V/QualcommCameraHardware(  325): initRecord :  record heap , video buffers  buffer=1115340800 fd=67 y_off=0 cbcr_off=307200 
V/QualcommCameraHardware(  325): initRecord :  record heap , video buffers  buffer=1115803648 fd=67 y_off=0 cbcr_off=307200 
V/QualcommCameraHardware(  325): initRecord :  record heap , video buffers  buffer=1116266496 fd=67 y_off=0 cbcr_off=307200 
V/QualcommCameraHardware(  325): cam_frame_flush_video: in n = 0
V/QualcommCameraHardware(  325): cam_frame_flush_video: out n = 0
V/QualcommCameraHardware(  325): initREcord X
V/QualcommCameraHardware(  325): initPreview X: 1
E/QualcommCameraHardware(  325): Calling CAMERA_OPS_STREAMING_VIDEO
E/mm-camera(  325): postproc_set_key: Sending IOCTL_PICT_PP: PP_KEY = 0 4
E/mm-camera(  325): vfe_reset_vfe: vfe_util_sendcmd:3(rc = 1) 
E/CAM_FD  (  325): Sensor Mode HFR off
E/mm-camera(  325): vfe_util_get_sensor_info: mode=3
D/QualcommCameraHardware(  325): frame_thread E
V/QualcommCameraHardware(  325): runFrameThread E
E/mm-camera(  325): cam_set_vtmode : Enter with vtmode - (0)
E/mm-camera(  325): cam_set_vtCameraID : Enter with vtCameraID - (0)
E/mm-camera(  325): cam_set_vtOrientation : Enter with Orientation - (0)
E/mm-camera(  325): cam_set_vtDimension : Enter : width-(0), height-(0)
I/QualcommCameraHardware(  325): preview_thread E
V/QualcommCameraHardware(  325): startPreviewInternal X
I/StatusActivity(13203): 1332962819352: Picture successfully taken, ORIG BYTE LENGTH = 2897022
E/QualcommCameraHardware(  325): ignoring preview callback--1
D/dalvikvm(13203): GC_EXTERNAL_ALLOC freed <1K, 28% free 6308K/8711K, external 258K/1281K, paused 29ms
E/QualcommCameraHardware(  325): ignoring preview callback--0
D/QualcommCameraHardware(  325):  receivePreviewFrame : first frame queued, display heap being deallocated
I/WindowOrientationListener(  457): orientation = 351 Tilt = 19 -- -1 ,  8 ,  -3
E/AlarmManagerService(  457): android_server_AlarmManagerService_set to type=1, 1332993600.000000000
V/AlarmManager(  457): sending alarm Alarm{40d09ab8 type 1 android}
E/AlarmManagerService(  457): android_server_AlarmManagerService_set to type=1, 1332962880.000000000
V/AlarmManager(  457): Adding alarm Alarm{40c59c18 type 1 android} at 0
E/power   (  457): acquire_wake_lock g_error=2 
D/RPC     (  457): 3000008c:00050000 received CALL.
E/power   (  457): release_wake_lock g_error=2 
E/power   (  457): acquire_wake_lock g_error=2 
D/RPC     (  457): 3000008c:00050000 dispatching RPC call (XID 70929, xdr 0x3cd060) for callback client 3100008c:00050001.
D/RPC     (  457): 3100008c:327681 sending RPC reply (XID 70929)
D/RPC     (  457): 3000008c:00050000 received CALL.
D/RPC     (  457): 3000008c:00050000 dispatching RPC call (XID 70930, xdr 0x3cd060) for callback client 3100008c:00050001.
E/power   (  457): release_wake_lock g_error=2 
E/power   (  457): acquire_wake_lock g_error=2 
E/power   (  457): release_wake_lock g_error=2 
E/power   (  457): acquire_wake_lock g_error=2 
E/power   (  457): release_wake_lock g_error=2 
E/power   (  457): acquire_wake_lock g_error=2 
D/RPC     (  457): 3100008c:327681 sending RPC reply (XID 70930)
D/RPC     (  457): 3000008c:00050000 received CALL.
D/RPC     (  457): 3000008c:00050000 dispatching RPC call (XID 70931, xdr 0x3cd060) for callback client 3100008c:00050001.
D/RPC     (  457): 3100008c:327681 sending RPC reply (XID 70931)
D/RPC     (  457): 3000008c:00050000 received CALL.
D/RPC     (  457): 3000008c:00050000 dispatching RPC call (XID 70932, xdr 0x3cd060) for callback client 3100008c:00050001.
D/RPC     (  457): 3100008c:327681 sending RPC reply (XID 70932)
D/RPC     (  457): 3000008c:00050000 received CALL.
D/RPC     (  457): 3000008c:00050000 dispatching RPC call (XID 70933, xdr 0x3cd060) for callback client 3100008c:00050001.
E/power   (  457): release_wake_lock g_error=2 
E/power   (  457): acquire_wake_lock g_error=2 
E/power   (  457): release_wake_lock g_error=2 
E/power   (  457): acquire_wake_lock g_error=2 
D/RPC     (  457): 3100008c:327681 sending RPC reply (XID 70933)
D/RPC     (  457): 3000008c:00050000 received CALL.
D/RPC     (  457): 3000008c:00050000 dispatching RPC call (XID 70934, xdr 0x3cd060) for callback client 3100008c:00050001.
D/RPC     (  457): 3100008c:327681 sending RPC reply (XID 70934)
D/RPC     (  457): 3000008c:00050000 received CALL.
D/RPC     (  457): 3000008c:00050000 dispatching RPC call (XID 70935, xdr 0x3cd060) for callback client 3100008c:00050001.
E/power   (  457): release_wake_lock g_error=2 
D/RPC     (  457): 3100008c:327681 sending RPC reply (XID 70935)
E/power   (  457): acquire_wake_lock g_error=2 
E/power   (  457): release_wake_lock g_error=2 
E/power   (  457): acquire_wake_lock g_error=2 
E/power   (  457): release_wake_lock g_error=2 
E/power   (  457): acquire_wake_lock g_error=2 
E/power   (  457): release_wake_lock g_error=2 
E/power   (  457): acquire_wake_lock g_error=2 
E/power   (  457): release_wake_lock g_error=2 
D/RPC     (  457): 3000008c:00050000 received CALL.
D/RPC     (  457): 3000008c:00050000 dispatching RPC call (XID 70936, xdr 0x3cd060) for callback client 3100008c:00050001.
D/RPC     (  457): 3100008c:327681 sending RPC reply (XID 70936)
D/RPC     (  457): 3000008c:00050000 received CALL.
D/RPC     (  457): 3000008c:00050000 dispatching RPC call (XID 70937, xdr 0x3cd060) for callback client 3100008c:00050001.
D/RPC     (  457): 3100008c:327681 sending RPC reply (XID 70937)
D/RPC     (  457): 3000008c:00050000 received CALL.
D/RPC     (  457): 3000008c:00050000 dispatching RPC call (XID 70938, xdr 0x3cd060) for callback client 3100008c:00050001.
D/RPC     (  457): 3100008c:327681 sending RPC reply (XID 70938)
D/RPC     (  457): 3000008c:00050000 received CALL.
D/RPC     (  457): 3000008c:00050000 dispatching RPC call (XID 70939, xdr 0x3cd060) for callback client 3100008c:00050001.
D/RPC     (  457): 3100008c:327681 sending RPC reply (XID 70939)
I/StatusActivity(13203): 1332962820412: Our new height x width: 306 x 408
I/StatusActivity(13203): 1332962820413: Show photo from handle my camera take
I/StatusActivity(13203): 1332962820413: client making photo packet to send to leader for it to save
I/StatusActivity(13203): 1332962820431: BYTE SIZE AFTER COMPRESSION: 4527
I/StatusActivity(13203): 1332962820440: I'm a nonleader sending my new photo packet to my leader
I/VCoreDaemon(13203): 1332962820440: inside sendPacket(Packet p)
I/NetworkThread(13203): 1332962820446: Sending UDP payload: 5134
I/WindowOrientationListener(  457): orientation = 351 Tilt = 19 -- -1 ,  8 ,  -3
I/NetworkThread(13203): 1332962820643: Received UDP payload: 5498
I/Mux     (13203): 1332962820650: GOT CSM_Msg
I/NetworkThread(13203): 1332962820695: Received UDP payload: 5498
I/Mux     (13203): 1332962820702: GOT CSM_Msg
I/NetworkThread(13203): 1332962820748: Received UDP payload: 5151
I/Mux     (13203): 1332962820751: Inside mux Packet.SERVER_REPLY
I/Mux     (13203): 1332962820752: I have the photo requester id = 5001 about to display photo or receive upload ack
I/StatusActivity(13203): 1332962820752: inside Packet.CLIENT_UPLOAD_PHOTO_ACK with latency of upload = 312
I/StatusActivity(13203): 1332962820753: = upload start 1332962820440 ~ stop 1332962820752
I/StatusActivity(13203): 1332962820756: SUCCESS! Client now knows saving photo on its leader succeeded
I/NetworkThread(13203): 1332962820845: Received UDP payload: 406
E/power   (  457): acquire_wake_lock g_error=2 
E/power   (  457): acquire_wake_lock g_error=2 
E/power   (  457): release_wake_lock g_error=2 
E/power   (  457): release_wake_lock g_error=2 
D/RPC     (  457): 3000008c:00050000 received CALL.
D/RPC     (  457): 3000008c:00050000 dispatching RPC call (XID 70940, xdr 0x3cd060) for callback client 3100008c:00050001.
D/RPC     (  457): 3100008c:327681 sending RPC reply (XID 70940)
D/RPC     (  457): 3000008c:00050000 received CALL.
D/RPC     (  457): 3000008c:00050000 dispatching RPC call (XID 70941, xdr 0x3cd060) for callback client 3100008c:00050001.
D/RPC     (  457): 3100008c:327681 sending RPC reply (XID 70941)
E/power   (  457): acquire_wake_lock g_error=2 
E/power   (  457): release_wake_lock g_error=2 
E/power   (  457): acquire_wake_lock g_error=2 
E/power   (  457): release_wake_lock g_error=2 
E/power   (  457): acquire_wake_lock g_error=2 
E/power   (  457): release_wake_lock g_error=2 
E/power   (  457): acquire_wake_lock g_error=2 
E/power   (  457): acquire_wake_lock g_error=2 
E/power   (  457): release_wake_lock g_error=2 
D/RPC     (  457): 3000008c:00050000 received CALL.
D/RPC     (  457): 3000008c:00050000 dispatching RPC call (XID 70942, xdr 0x3cd060) for callback client 3100008c:00050001.
D/RPC     (  457): 3100008c:327681 sending RPC reply (XID 70942)
D/RPC     (  457): 3000008c:00050000 received CALL.
D/RPC     (  457): 3000008c:00050000 dispatching RPC call (XID 70943, xdr 0x3cd060) for callback client 3100008c:00050001.
D/RPC     (  457): 3100008c:327681 sending RPC reply (XID 70943)
D/RPC     (  457): 3000008c:00050000 received CALL.
D/RPC     (  457): 3000008c:00050000 dispatching RPC call (XID 70944, xdr 0x3cd060) for callback client 3100008c:00050001.
D/RPC     (  457): 3100008c:327681 sending RPC reply (XID 70944)
D/RPC     (  457): 3000008c:00050000 received CALL.
D/RPC     (  457): 3000008c:00050000 dispatching RPC call (XID 70945, xdr 0x3cd060) for callback client 3100008c:00050001.
D/RPC     (  457): 3100008c:327681 sending RPC reply (XID 70945)
D/RPC     (  457): 3000008c:00050000 received CALL.
D/RPC     (  457): 3000008c:00050000 dispatching RPC call (XID 70946, xdr 0x3cd060) for callback client 3100008c:00050001.
D/RPC     (  457): 3100008c:327681 sending RPC reply (XID 70946)
E/power   (  457): release_wake_lock g_error=2 
E/power   (  457): acquire_wake_lock g_error=2 
E/power   (  457): release_wake_lock g_error=2 
E/power   (  457): acquire_wake_lock g_error=2 
E/power   (  457): release_wake_lock g_error=2 
E/power   (  457): acquire_wake_lock g_error=2 
E/power   (  457): release_wake_lock g_error=2 
D/RPC     (  457): 3000008c:00050000 received CALL.
D/RPC     (  457): 3000008c:00050000 dispatching RPC call (XID 70947, xdr 0x3cd060) for callback client 3100008c:00050001.
D/RPC     (  457): 3100008c:327681 sending RPC reply (XID 70947)
D/RPC     (  457): 3000008c:00050000 received CALL.
D/RPC     (  457): 3000008c:00050000 dispatching RPC call (XID 70948, xdr 0x3cd060) for callback client 3100008c:00050001.
D/RPC     (  457): 3100008c:327681 sending RPC reply (XID 70948)
D/RPC     (  457): 3000008c:00050000 received CALL.
D/RPC     (  457): 3000008c:00050000 dispatching RPC call (XID 70949, xdr 0x3cd060) for callback client 3100008c:00050001.
D/RPC     (  457): 3100008c:327681 sending RPC reply (XID 70949)
E/power   (  457): acquire_wake_lock g_error=2 
E/power   (  457): release_wake_lock g_error=2 
D/RPC     (  457): 3000008c:00050000 received CALL.
D/RPC     (  457): 3000008c:00050000 dispatching RPC call (XID 70950, xdr 0x3cd060) for callback client 3100008c:00050001.
D/RPC     (  457): 3100008c:327681 sending RPC reply (XID 70950)
I/WindowOrientationListener(  457): orientation = 351 Tilt = 17 -- -1 ,  8 ,  -2
E/power   (  457): acquire_wake_lock g_error=2 
E/power   (  457): release_wake_lock g_error=2 
E/power   (  457): acquire_wake_lock g_error=2 
D/RPC     (  457): 3000008c:00050000 received CALL.
D/RPC     (  457): 3000008c:00050000 dispatching RPC call (XID 70951, xdr 0x3cd060) for callback client 3100008c:00050001.
D/RPC     (  457): 3100008c:327681 sending RPC reply (XID 70951)
D/RPC     (  457): 3000008c:00050000 received CALL.
D/RPC     (  457): 3000008c:00050000 dispatching RPC call (XID 70952, xdr 0x3cd060) for callback client 3100008c:00050001.
E/power   (  457): release_wake_lock g_error=2 
E/power   (  457): acquire_wake_lock g_error=2 
E/power   (  457): release_wake_lock g_error=2 
E/power   (  457): acquire_wake_lock g_error=2 
E/power   (  457): release_wake_lock g_error=2 
E/power   (  457): acquire_wake_lock g_error=2 
D/RPC     (  457): 3100008c:327681 sending RPC reply (XID 70952)
D/RPC     (  457): 3000008c:00050000 received CALL.
D/RPC     (  457): 3000008c:00050000 dispatching RPC call (XID 70953, xdr 0x3cd060) for callback client 3100008c:00050001.
D/RPC     (  457): 3100008c:327681 sending RPC reply (XID 70953)
D/RPC     (  457): 3000008c:00050000 received CALL.
D/RPC     (  457): 3000008c:00050000 dispatching RPC call (XID 70954, xdr 0x3cd060) for callback client 3100008c:00050001.
D/RPC     (  457): 3100008c:327681 sending RPC reply (XID 70954)
D/RPC     (  457): 3000008c:00050000 received CALL.
D/RPC     (  457): 3000008c:00050000 dispatching RPC call (XID 70955, xdr 0x3cd060) for callback client 3100008c:00050001.
D/RPC     (  457): 3100008c:327681 sending RPC reply (XID 70955)
E/power   (  457): acquire_wake_lock g_error=2 
E/power   (  457): release_wake_lock g_error=2 
E/power   (  457): release_wake_lock g_error=2 
E/power   (  457): acquire_wake_lock g_error=2 
E/power   (  457): release_wake_lock g_error=2 
E/power   (  457): acquire_wake_lock g_error=2 
E/power   (  457): release_wake_lock g_error=2 
E/power   (  457): acquire_wake_lock g_error=2 
D/RPC     (  457): 3000008c:00050000 received CALL.
D/RPC     (  457): 3000008c:00050000 dispatching RPC call (XID 70956, xdr 0x3cd060) for callback client 3100008c:00050001.
D/RPC     (  457): 3100008c:327681 sending RPC reply (XID 70956)
D/RPC     (  457): 3000008c:00050000 received CALL.
D/RPC     (  457): 3000008c:00050000 dispatching RPC call (XID 70957, xdr 0x3cd060) for callback client 3100008c:00050001.
D/RPC     (  457): 3100008c:327681 sending RPC reply (XID 70957)
D/RPC     (  457): 3000008c:00050000 received CALL.
D/RPC     (  457): 3000008c:00050000 dispatching RPC call (XID 70958, xdr 0x3cd060) for callback client 3100008c:00050001.
D/RPC     (  457): 3100008c:327681 sending RPC reply (XID 70958)
D/RPC     (  457): 3000008c:00050000 received CALL.
D/RPC     (  457): 3000008c:00050000 dispatching RPC call (XID 70959, xdr 0x3cd060) for callback client 3100008c:00050001.
E/power   (  457): release_wake_lock g_error=2 
E/power   (  457): acquire_wake_lock g_error=2 
E/power   (  457): release_wake_lock g_error=2 
D/RPC     (  457): 3100008c:327681 sending RPC reply (XID 70959)
D/RPC     (  457): 3000008c:00050000 received CALL.
D/RPC     (  457): 3000008c:00050000 dispatching RPC call (XID 70960, xdr 0x3cd060) for callback client 3100008c:00050001.
D/RPC     (  457): 3100008c:327681 sending RPC reply (XID 70960)
E/power   (  457): acquire_wake_lock g_error=2 
E/power   (  457): release_wake_lock g_error=2 
D/RPC     (  457): 3000008c:00050000 received CALL.
D/RPC     (  457): 3000008c:00050000 dispatching RPC call (XID 70961, xdr 0x3cd060) for callback client 3100008c:00050001.
D/RPC     (  457): 3100008c:327681 sending RPC reply (XID 70961)
I/WindowOrientationListener(  457): orientation = 351 Tilt = 14 -- -1 ,  9 ,  -2
E/power   (  457): acquire_wake_lock g_error=2 
E/power   (  457): release_wake_lock g_error=2 
E/power   (  457): acquire_wake_lock g_error=2 
D/RPC     (  457): 3000008c:00050000 received CALL.
D/RPC     (  457): 3000008c:00050000 dispatching RPC call (XID 70962, xdr 0x3cd060) for callback client 3100008c:00050001.
D/RPC     (  457): 3100008c:327681 sending RPC reply (XID 70962)
D/RPC     (  457): 3000008c:00050000 received CALL.
D/RPC     (  457): 3000008c:00050000 dispatching RPC call (XID 70963, xdr 0x3cd060) for callback client 3100008c:00050001.
E/power   (  457): release_wake_lock g_error=2 
E/power   (  457): acquire_wake_lock g_error=2 
E/power   (  457): release_wake_lock g_error=2 
E/power   (  457): acquire_wake_lock g_error=2 
E/power   (  457): acquire_wake_lock g_error=2 
E/power   (  457): release_wake_lock g_error=2 
D/RPC     (  457): 3100008c:327681 sending RPC reply (XID 70963)
D/RPC     (  457): 3000008c:00050000 received CALL.
D/RPC     (  457): 3000008c:00050000 dispatching RPC call (XID 70964, xdr 0x3cd060) for callback client 3100008c:00050001.
D/RPC     (  457): 3100008c:327681 sending RPC reply (XID 70964)
D/RPC     (  457): 3000008c:00050000 received CALL.
D/RPC     (  457): 3000008c:00050000 dispatching RPC call (XID 70965, xdr 0x3cd060) for callback client 3100008c:00050001.
D/RPC     (  457): 3100008c:327681 sending RPC reply (XID 70965)
D/RPC     (  457): 3000008c:00050000 received CALL.
D/RPC     (  457): 3000008c:00050000 dispatching RPC call (XID 70966, xdr 0x3cd060) for callback client 3100008c:00050001.
D/RPC     (  457): 3100008c:327681 sending RPC reply (XID 70966)
E/power   (  457): acquire_wake_lock g_error=2 
E/power   (  457): release_wake_lock g_error=2 
E/power   (  457): release_wake_lock g_error=2 
E/power   (  457): acquire_wake_lock g_error=2 
E/power   (  457): release_wake_lock g_error=2 
E/power   (  457): acquire_wake_lock g_error=2 
E/power   (  457): release_wake_lock g_error=2 
E/power   (  457): acquire_wake_lock g_error=2 
D/RPC     (  457): 3000008c:00050000 received CALL.
D/RPC     (  457): 3000008c:00050000 dispatching RPC call (XID 70967, xdr 0x3cd060) for callback client 3100008c:00050001.
D/RPC     (  457): 3100008c:327681 sending RPC reply (XID 70967)
D/RPC     (  457): 3000008c:00050000 received CALL.
D/RPC     (  457): 3000008c:00050000 dispatching RPC call (XID 70968, xdr 0x3cd060) for callback client 3100008c:00050001.
D/RPC     (  457): 3100008c:327681 sending RPC reply (XID 70968)
D/RPC     (  457): 3000008c:00050000 received CALL.
D/RPC     (  457): 3000008c:00050000 dispatching RPC call (XID 70969, xdr 0x3cd060) for callback client 3100008c:00050001.
D/RPC     (  457): 3100008c:327681 sending RPC reply (XID 70969)
D/RPC     (  457): 3000008c:00050000 received CALL.
D/RPC     (  457): 3000008c:00050000 dispatching RPC call (XID 70970, xdr 0x3cd060) for callback client 3100008c:00050001.
E/power   (  457): acquire_wake_lock g_error=2 
E/power   (  457): release_wake_lock g_error=2 
E/power   (  457): release_wake_lock g_error=2 
D/RPC     (  457): 3100008c:327681 sending RPC reply (XID 70970)
D/RPC     (  457): 3000008c:00050000 received CALL.
D/RPC     (  457): 3000008c:00050000 dispatching RPC call (XID 70971, xdr 0x3cd060) for callback client 3100008c:00050001.
D/RPC     (  457): 3100008c:327681 sending RPC reply (XID 70971)
E/power   (  457): acquire_wake_lock g_error=2 
E/power   (  457): release_wake_lock g_error=2 
D/RPC     (  457): 3000008c:00050000 received CALL.
D/RPC     (  457): 3000008c:00050000 dispatching RPC call (XID 70972, xdr 0x3cd060) for callback client 3100008c:00050001.
D/RPC     (  457): 3100008c:327681 sending RPC reply (XID 70972)
I/WindowOrientationListener(  457): orientation = 355 Tilt = 8 -- 0 ,  9 ,  -1
W/PowerManagerService(  457): Timer 0x7->0x3|0x1
I/PowerManagerService(  457): Ulight 7->3|0
D/PowerManagerService(  457): setLightBrightness : mButtonLight : 0
E/power   (  457): acquire_wake_lock g_error=2 
E/power   (  457): release_wake_lock g_error=2 
E/power   (  457): acquire_wake_lock g_error=2 
D/RPC     (  457): 3000008c:00050000 received CALL.
D/RPC     (  457): 3000008c:00050000 dispatching RPC call (XID 70973, xdr 0x3cd060) for callback client 3100008c:00050001.
D/RPC     (  457): 3100008c:327681 sending RPC reply (XID 70973)
D/RPC     (  457): 3000008c:00050000 received CALL.
D/RPC     (  457): 3000008c:00050000 dispatching RPC call (XID 70974, xdr 0x3cd060) for callback client 3100008c:00050001.
E/power   (  457): release_wake_lock g_error=2 
E/power   (  457): acquire_wake_lock g_error=2 
E/power   (  457): acquire_wake_lock g_error=2 
E/power   (  457): release_wake_lock g_error=2 
E/power   (  457): release_wake_lock g_error=2 
E/power   (  457): acquire_wake_lock g_error=2 
D/RPC     (  457): 3100008c:327681 sending RPC reply (XID 70974)
D/RPC     (  457): 3000008c:00050000 received CALL.
D/RPC     (  457): 3000008c:00050000 dispatching RPC call (XID 70975, xdr 0x3cd060) for callback client 3100008c:00050001.
D/RPC     (  457): 3100008c:327681 sending RPC reply (XID 70975)
D/RPC     (  457): 3000008c:00050000 received CALL.
D/RPC     (  457): 3000008c:00050000 dispatching RPC call (XID 70976, xdr 0x3cd060) for callback client 3100008c:00050001.
D/RPC     (  457): 3100008c:327681 sending RPC reply (XID 70976)
D/RPC     (  457): 3000008c:00050000 received CALL.
D/RPC     (  457): 3000008c:00050000 dispatching RPC call (XID 70977, xdr 0x3cd060) for callback client 3100008c:00050001.
E/power   (  457): release_wake_lock g_error=2 
E/power   (  457): acquire_wake_lock g_error=2 
E/power   (  457): release_wake_lock g_error=2 
E/power   (  457): acquire_wake_lock g_error=2 
E/power   (  457): release_wake_lock g_error=2 
E/power   (  457): acquire_wake_lock g_error=2 
D/RPC     (  457): 3100008c:327681 sending RPC reply (XID 70977)
D/RPC     (  457): 3000008c:00050000 received CALL.
D/RPC     (  457): 3000008c:00050000 dispatching RPC call (XID 70978, xdr 0x3cd060) for callback client 3100008c:00050001.
D/RPC     (  457): 3100008c:327681 sending RPC reply (XID 70978)
D/RPC     (  457): 3000008c:00050000 received CALL.
D/RPC     (  457): 3000008c:00050000 dispatching RPC call (XID 70979, xdr 0x3cd060) for callback client 3100008c:00050001.
D/RPC     (  457): 3100008c:327681 sending RPC reply (XID 70979)
D/RPC     (  457): 3000008c:00050000 received CALL.
D/RPC     (  457): 3000008c:00050000 dispatching RPC call (XID 70980, xdr 0x3cd060) for callback client 3100008c:00050001.
D/RPC     (  457): 3100008c:327681 sending RPC reply (XID 70980)
E/power   (  457): acquire_wake_lock g_error=2 
E/power   (  457): release_wake_lock g_error=2 
E/power   (  457): release_wake_lock g_error=2 
E/power   (  457): acquire_wake_lock g_error=2 
E/power   (  457): release_wake_lock g_error=2 
D/RPC     (  457): 3000008c:00050000 received CALL.
D/RPC     (  457): 3000008c:00050000 dispatching RPC call (XID 70981, xdr 0x3cd060) for callback client 3100008c:00050001.
D/RPC     (  457): 3100008c:327681 sending RPC reply (XID 70981)
D/RPC     (  457): 3000008c:00050000 received CALL.
D/RPC     (  457): 3000008c:00050000 dispatching RPC call (XID 70982, xdr 0x3cd060) for callback client 3100008c:00050001.
D/RPC     (  457): 3100008c:327681 sending RPC reply (XID 70982)
E/power   (  457): acquire_wake_lock g_error=2 
E/power   (  457): release_wake_lock g_error=2 
D/RPC     (  457): 3000008c:00050000 received CALL.
D/RPC     (  457): 3000008c:00050000 dispatching RPC call (XID 70983, xdr 0x3cd060) for callback client 3100008c:00050001.
D/RPC     (  457): 3100008c:327681 sending RPC reply (XID 70983)
I/WindowOrientationListener(  457): orientation = 356 Tilt = 11 -- 0 ,  8 ,  1
E/power   (  457): acquire_wake_lock g_error=2 
E/power   (  457): release_wake_lock g_error=2 
E/power   (  457): acquire_wake_lock g_error=2 
D/RPC     (  457): 3000008c:00050000 received CALL.
D/RPC     (  457): 3000008c:00050000 dispatching RPC call (XID 70984, xdr 0x3cd060) for callback client 3100008c:00050001.
D/RPC     (  457): 3100008c:327681 sending RPC reply (XID 70984)
D/RPC     (  457): 3000008c:00050000 received CALL.
D/RPC     (  457): 3000008c:00050000 dispatching RPC call (XID 70985, xdr 0x3cd060) for callback client 3100008c:00050001.
E/power   (  457): acquire_wake_lock g_error=2 
E/power   (  457): release_wake_lock g_error=2 
E/power   (  457): release_wake_lock g_error=2 
D/RPC     (  457): 3100008c:327681 sending RPC reply (XID 70985)
D/RPC     (  457): 3000008c:00050000 received CALL.
D/RPC     (  457): 3000008c:00050000 dispatching RPC call (XID 70986, xdr 0x3cd060) for callback client 3100008c:00050001.
D/RPC     (  457): 3100008c:327681 sending RPC reply (XID 70986)
E/power   (  457): acquire_wake_lock g_error=2 
D/dalvikvm( 3301): GC_EXPLICIT freed 9K, 42% free 3160K/5379K, external 0K/0K, paused 66ms
D/RPC     (  457): 3000008c:00050000 received CALL.
D/RPC     (  457): 3000008c:00050000 dispatching RPC call (XID 70987, xdr 0x3cd060) for callback client 3100008c:00050001.
D/RPC     (  457): 3100008c:327681 sending RPC reply (XID 70987)
E/power   (  457): release_wake_lock g_error=2 
E/power   (  457): acquire_wake_lock g_error=2 
E/power   (  457): release_wake_lock g_error=2 
E/power   (  457): acquire_wake_lock g_error=2 
E/power   (  457): release_wake_lock g_error=2 
E/power   (  457): acquire_wake_lock g_error=2 
