--------- beginning of /dev/log/main
I/DebugDb (  644): Dump Adapter 50 com.sec.android.app.twlauncher.ApplicationInfo AT&T FamilyMap -1 1 7 51|-1|-1|-1|-1|0 com.sec.android.app.twlauncher.ApplicationInfo@405f3b48
I/DebugDb (  644): Dump Adapter 49 com.sec.android.app.twlauncher.ApplicationInfo Live TV -1 1 7 50|-1|-1|-1|-1|0 com.sec.android.app.twlauncher.ApplicationInfo@40515e80
I/DebugDb (  644): Dump Adapter 48 com.sec.android.app.twlauncher.ApplicationInfo myAT&T -1 1 7 49|-1|-1|-1|-1|0 com.sec.android.app.twlauncher.ApplicationInfo@40648f58
I/DebugDb (  644): Dump Adapter 47 com.sec.android.app.twlauncher.ApplicationInfo Qik Lite -1 1 7 48|-1|-1|-1|-1|0 com.sec.android.app.twlauncher.ApplicationInfo@405a1ef8
I/DebugDb (  644): Dump Adapter 46 com.sec.android.app.twlauncher.ApplicationInfo aaHaoQi Barnacle Wifi Tether -1 1 8 37|-1|-1|-1|-1|0 com.sec.android.app.twlauncher.ApplicationInfo@405f08d0
D/dalvikvm(10261): GC_CONCURRENT freed 105K, 70% free 316K/1024K, external 0K/0K, paused 0ms+0ms
I/DebugDb (  644): Dump Adapter 45 com.sec.android.app.twlauncher.ApplicationInfo aaaCameraCloud -1 1 9 57|-1|-1|-1|-1|0 com.sec.android.app.twlauncher.ApplicationInfo@40569f20
D/dalvikvm(10261): Debugger has detached; object registry had 1 entries
I/DebugDb (  644): Dump Adapter 44 com.sec.android.app.twlauncher.ApplicationInfo Books -1 1 7 47|-1|-1|-1|-1|0 com.sec.android.app.twlauncher.ApplicationInfo@405ed110
I/DebugDb (  644): Dump Adapter 43 com.sec.android.app.twlauncher.ApplicationInfo Clock -1 0 0 5|-1|-1|-1|-1|0 com.sec.android.app.twlauncher.ApplicationInfo@4059d4c0
I/DebugDb (  644): Dump Adapter 42 com.sec.android.app.twlauncher.ApplicationInfo AllShare -1 0 12 17|-1|-1|-1|-1|0 com.sec.android.app.twlauncher.ApplicationInfo@405c38a0
I/DebugDb (  644): Dump Adapter 41 com.sec.android.app.twlauncher.ApplicationInfo Downloads -1 1 0 30|-1|-1|-1|-1|0 com.sec.android.app.twlauncher.ApplicationInfo@4051a110
I/DebugDb (  644): Dump Adapter 40 com.sec.android.app.twlauncher.ApplicationInfo Gallery -1 0 5 10|-1|-1|-1|-1|0 com.sec.android.app.twlauncher.ApplicationInfo@406539a8
I/DebugDb (  644): Dump Adapter 39 com.sec.android.app.twlauncher.ApplicationInfo News & Weather -1 1 2 32|-1|-1|-1|-1|0 com.sec.android.app.twlauncher.ApplicationInfo@4053e700
I/DebugDb (  644): Dump Adapter 38 com.sec.android.app.twlauncher.ApplicationInfo Google Search -1 0 6 11|-1|-1|-1|-1|0 com.sec.android.app.twlauncher.ApplicationInfo@405b5330
I/DebugDb (  644): Dump Adapter 37 com.sec.android.app.twlauncher.ApplicationInfo Kies air -1 0 13 18|-1|-1|-1|-1|0 com.sec.android.app.twlauncher.ApplicationInfo@405eb660
I/DebugDb (  644): Dump Adapter 36 com.sec.android.app.twlauncher.ApplicationInfo Navigation -1 0 17 22|-1|-1|-1|-1|0 com.sec.android.app.twlauncher.ApplicationInfo@40609548
I/DebugDb (  644): Dump Adapter 35 com.sec.android.app.twlauncher.ApplicationInfo Places -1 0 16 21|-1|-1|-1|-1|0 com.sec.android.app.twlauncher.ApplicationInfo@405ae5a0
I/DebugDb (  644): Dump Adapter 34 com.sec.android.app.twlauncher.ApplicationInfo Latitude -1 0 15 20|-1|-1|-1|-1|0 com.sec.android.app.twlauncher.ApplicationInfo@405c3e50
I/DebugDb (  644): Dump Adapter 33 com.sec.android.app.twlauncher.ApplicationInfo Media Hub -1 1 7 46|-1|-1|-1|-1|0 com.sec.android.app.twlauncher.ApplicationInfo@4056e588
I/DebugDb (  644): Dump Adapter 32 com.sec.android.app.twlauncher.ApplicationInfo Mini Diary -1 0 21 26|-1|-1|-1|-1|0 com.sec.android.app.twlauncher.ApplicationInfo@40560428
I/DebugDb (  644): Dump Adapter 31 com.sec.android.app.twlauncher.ApplicationInfo My Files -1 0 10 15|-1|-1|-1|-1|0 com.sec.android.app.twlauncher.ApplicationInfo@4059da80
I/DebugDb (  644): Dump Adapter 30 com.sec.android.app.twlauncher.ApplicationInfo Polaris Office -1 1 4 34|-1|-1|-1|-1|0 com.sec.android.app.twlauncher.ApplicationInfo@405f7110
I/DebugDb (  644): Dump Adapter 29 com.sec.android.app.twlauncher.ApplicationInfo S Memo -1 0 20 25|-1|-1|-1|-1|0 com.sec.android.app.twlauncher.ApplicationInfo@40619d90
I/DebugDb (  644): Dump Adapter 28 com.sec.android.app.twlauncher.ApplicationInfo Samsung Apps -1 1 7 45|-1|-1|-1|-1|0 com.sec.android.app.twlauncher.ApplicationInfo@405e26a8
I/DebugDb (  644): Dump Adapter 27 com.sec.android.app.twlauncher.ApplicationInfo Social Hub -1 0 8 13|-1|-1|-1|-1|0 com.sec.android.app.twlauncher.ApplicationInfo@40518308
I/DebugDb (  644): Dump Adapter 26 com.sec.android.app.twlauncher.ApplicationInfo AT&T Navigator -1 1 7 44|-1|-1|-1|-1|0 com.sec.android.app.twlauncher.ApplicationInfo@40646790
I/DebugDb (  644): Dump Adapter 25 com.sec.android.app.twlauncher.ApplicationInfo Calculator -1 1 1 31|-1|-1|-1|-1|0 com.sec.android.app.twlauncher.ApplicationInfo@40624b78
I/DebugDb (  644): Dump Adapter 24 com.sec.android.app.twlauncher.ApplicationInfo Videos -1 0 11 16|-1|-1|-1|-1|0 com.sec.android.app.twlauncher.ApplicationInfo@405c8890
I/DebugDb (  644): Dump Adapter 23 com.sec.android.app.twlauncher.ApplicationInfo Voice Recorder -1 0 22 27|-1|-1|-1|-1|0 com.sec.android.app.twlauncher.ApplicationInfo@40626f10
I/DebugDb (  644): Dump Adapter 22 com.sec.android.app.twlauncher.ApplicationInfo Voice Search -1 0 24 29|-1|-1|-1|-1|0 com.sec.android.app.twlauncher.ApplicationInfo@40690cf8
I/DebugDb (  644): Dump Adapter 21 com.sec.android.app.twlauncher.ApplicationInfo YouTube -1 1 6 36|-1|-1|-1|-1|0 com.sec.android.app.twlauncher.ApplicationInfo@40567ce8
I/DebugDb (  644): Dump Adapter 20 com.sec.android.app.twlauncher.ApplicationInfo Featured Apps -1 1 7 43|-1|-1|-1|-1|0 com.sec.android.app.twlauncher.ApplicationInfo@40643528
I/DebugDb (  644): Dump Adapter 19 com.sec.android.app.twlauncher.ApplicationInfo Crayon physics -1 1 5 35|-1|-1|-1|-1|0 com.sec.android.app.twlauncher.ApplicationInfo@4053cdc8
I/DebugDb (  644): Dump Adapter 18 com.sec.android.app.twlauncher.ApplicationInfo AT&T Ready2Go -1 1 7 42|-1|-1|-1|-1|0 com.sec.android.app.twlauncher.ApplicationInfo@40596458
I/DebugDb (  644): Dump Adapter 17 com.sec.android.app.twlauncher.ApplicationInfo Superuser -1 1 7 41|-1|-1|-1|-1|0 com.sec.android.app.twlauncher.ApplicationInfo@40544d90
I/DebugDb (  644): Dump Adapter 16 com.sec.android.app.twlauncher.ApplicationInfo Web -1 -1 3 4|-1|-1|-1|-1|0 com.sec.android.app.twlauncher.ApplicationInfo@4056aa60
I/DebugDb (  644): Dump Adapter 15 com.sec.android.app.twlauncher.ApplicationInfo Camera -1 0 2 7|-1|-1|-1|-1|0 com.sec.android.app.twlauncher.ApplicationInfo@405b0798
I/DebugDb (  644): Dump Adapter 14 com.sec.android.app.twlauncher.ApplicationInfo Contacts -1 1 7 40|-1|-1|-1|-1|0 com.sec.android.app.twlauncher.ApplicationInfo@405ba4a8
I/DebugDb (  644): Dump Adapter 13 com.sec.android.app.twlauncher.ApplicationInfo Phone -1 -1 0 1|-1|-1|-1|-1|0 com.sec.android.app.twlauncher.ApplicationInfo@406348f0
I/DebugDb (  644): Dump Adapter 12 com.sec.android.app.twlauncher.ApplicationInfo Email -1 -1 2 3|-1|-1|-1|-1|0 com.sec.android.app.twlauncher.ApplicationInfo@405dd0c0
I/DebugDb (  644): Dump Adapter 11 com.sec.android.app.twlauncher.ApplicationInfo Gmail -1 0 4 9|-1|-1|-1|-1|0 com.sec.android.app.twlauncher.ApplicationInfo@405f9dc8
I/DebugDb (  644): Dump Adapter 10 com.sec.android.app.twlauncher.ApplicationInfo Task Manager -1 1 3 33|-1|-1|-1|-1|0 com.sec.android.app.twlauncher.ApplicationInfo@40623048
I/DebugDb (  644): Dump Adapter 9 com.sec.android.app.twlauncher.ApplicationInfo Maps -1 0 3 8|-1|-1|-1|-1|0 com.sec.android.app.twlauncher.ApplicationInfo@4063fb00
I/DebugDb (  644): Dump Adapter 8 com.sec.android.app.twlauncher.ApplicationInfo Messaging -1 0 19 24|-1|-1|-1|-1|0 com.sec.android.app.twlauncher.ApplicationInfo@40657098
I/DebugDb (  644): Dump Adapter 7 com.sec.android.app.twlauncher.ApplicationInfo Music -1 1 7 39|-1|-1|-1|-1|0 com.sec.android.app.twlauncher.ApplicationInfo@4069f718
I/DebugDb (  644): Dump Adapter 6 com.sec.android.app.twlauncher.ApplicationInfo Music Player -1 0 1 6|-1|-1|-1|-1|0 com.sec.android.app.twlauncher.ApplicationInfo@4060f980
I/DebugDb (  644): Dump Adapter 5 com.sec.android.app.twlauncher.ApplicationInfo Market -1 0 7 12|-1|-1|-1|-1|0 com.sec.android.app.twlauncher.ApplicationInfo@4069ecd8
I/DebugDb (  644): Dump Adapter 4 com.sec.android.app.twlauncher.ApplicationInfo Calendar -1 -1 1 2|-1|-1|-1|-1|0 com.sec.android.app.twlauncher.ApplicationInfo@40612768
I/DebugDb (  644): Dump Adapter 3 com.sec.android.app.twlauncher.ApplicationInfo Settings -1 0 9 14|-1|-1|-1|-1|0 com.sec.android.app.twlauncher.ApplicationInfo@40659a30
I/DebugDb (  644): Dump Adapter 2 com.sec.android.app.twlauncher.ApplicationInfo Talk -1 0 14 19|-1|-1|-1|-1|0 com.sec.android.app.twlauncher.ApplicationInfo@4069fcb0
I/DebugDb (  644): Dump Adapter 1 com.sec.android.app.twlauncher.ApplicationInfo Voice talk -1 0 23 28|-1|-1|-1|-1|0 com.sec.android.app.twlauncher.ApplicationInfo@40698678
I/DebugDb (  644): Dump Adapter 0 com.sec.android.app.twlauncher.ApplicationInfo YPmobile -1 1 7 38|-1|-1|-1|-1|0 com.sec.android.app.twlauncher.ApplicationInfo@406906e0
I/DebugFolder(  644): Syncing with android.widget.ArrayAdapter@406ec570
I/DebugFolder(  644): syncGridView Dumping Added
I/DebugFolder(  644): syncGridView Dumping Deleted
I/DebugFolder(  644): syncGridView Dumping Current
I/DebugFolder(  644): syncGridView Dumping Special
I/DebugPlacement(  644): ASZ order 0 / com.sec.android.app.twlauncher.ApplicationInfo Phone -1 -1 0 1|-1|-1|-1|-1|0 com.sec.android.app.twlauncher.ApplicationInfo@406348f0
I/DebugPlacement(  644): ASZ order 1 / com.sec.android.app.twlauncher.ApplicationInfo Calendar -1 -1 1 2|-1|-1|-1|-1|0 com.sec.android.app.twlauncher.ApplicationInfo@40612768
I/DebugPlacement(  644): ASZ order 2 / com.sec.android.app.twlauncher.ApplicationInfo Email -1 -1 2 3|-1|-1|-1|-1|0 com.sec.android.app.twlauncher.ApplicationInfo@405dd0c0
I/DebugPlacement(  644): ASZ order 3 / com.sec.android.app.twlauncher.ApplicationInfo Web -1 -1 3 4|-1|-1|-1|-1|0 com.sec.android.app.twlauncher.ApplicationInfo@4056aa60
I/DebugPlacement(  644): View = com.sec.android.app.twlauncher.MenuItemView@405c6040 tag = com.sec.android.app.twlauncher.ApplicationInfo YPmobile -1 1 7 38|-1|-1|-1|-1|0 com.sec.android.app.twlauncher.ApplicationInfo@406906e0 Owner = com.sec.android.app.twlauncher.AppMenu@406ac3d8
I/DebugPlacement(  644): View = com.sec.android.app.twlauncher.MenuItemView@406364b8 tag = com.sec.android.app.twlauncher.ApplicationInfo YouTube -1 1 6 36|-1|-1|-1|-1|0 com.sec.android.app.twlauncher.ApplicationInfo@40567ce8 Owner = com.sec.android.app.twlauncher.AppMenu@406ac3d8
I/DebugPlacement(  644): View = com.sec.android.app.twlauncher.MenuItemView@406d3608 tag = com.sec.android.app.twlauncher.ApplicationInfo Voice talk -1 0 23 28|-1|-1|-1|-1|0 com.sec.android.app.twlauncher.ApplicationInfo@40698678 Owner = com.sec.android.app.twlauncher.AppMenu@406ac3d8
I/DebugPlacement(  644): View = com.sec.android.app.twlauncher.MenuItemView@40519378 tag = com.sec.android.app.twlauncher.ApplicationInfo Voice Search -1 0 24 29|-1|-1|-1|-1|0 com.sec.android.app.twlauncher.ApplicationInfo@40690cf8 Owner = com.sec.android.app.twlauncher.AppMenu@4067cc40
I/DebugPlacement(  644): View = com.sec.android.app.twlauncher.MenuItemView@40618150 tag = com.sec.android.app.twlauncher.ApplicationInfo Voice Recorder -1 0 22 27|-1|-1|-1|-1|0 com.sec.android.app.twlauncher.ApplicationInfo@40626f10 Owner = com.sec.android.app.twlauncher.AppMenu@4067cc40
I/DebugPlacement(  644): View = com.sec.android.app.twlauncher.MenuItemView@406afb40 tag = com.sec.android.app.twlauncher.ApplicationInfo Videos -1 0 11 16|-1|-1|-1|-1|0 com.sec.android.app.twlauncher.ApplicationInfo@405c8890 Owner = com.sec.android.app.twlauncher.AppMenu@4067cc40
I/DebugPlacement(  644): View = com.sec.android.app.twlauncher.MenuItemView@40602028 tag = com.sec.android.app.twlauncher.ApplicationInfo Task Manager -1 1 3 33|-1|-1|-1|-1|0 com.sec.android.app.twlauncher.ApplicationInfo@40623048 Owner = com.sec.android.app.twlauncher.AppMenu@4067cc40
I/DebugPlacement(  644): View = com.sec.android.app.twlauncher.MenuItemView@4072f410 tag = com.sec.android.app.twlauncher.ApplicationInfo Talk -1 0 14 19|-1|-1|-1|-1|0 com.sec.android.app.twlauncher.ApplicationInfo@4069fcb0 Owner = com.sec.android.app.twlauncher.AppMenu@4067cc40
I/DebugPlacement(  644): View = com.sec.android.app.twlauncher.MenuItemView@406a4be8 tag = com.sec.android.app.twlauncher.ApplicationInfo Superuser -1 1 7 41|-1|-1|-1|-1|0 com.sec.android.app.twlauncher.ApplicationInfo@40544d90 Owner = com.sec.android.app.twlauncher.AppMenu@4067cc40
I/DebugPlacement(  644): View = com.sec.android.app.twlauncher.MenuItemView@407df670 tag = com.sec.android.app.twlauncher.ApplicationInfo Social Hub -1 0 8 13|-1|-1|-1|-1|0 com.sec.android.app.twlauncher.ApplicationInfo@40518308 Owner = com.sec.android.app.twlauncher.AppMenu@4067cc40
I/DebugPlacement(  644): View = com.sec.android.app.twlauncher.MenuItemView@4072e8d0 tag = com.sec.android.app.twlauncher.ApplicationInfo Settings -1 0 9 14|-1|-1|-1|-1|0 com.sec.android.app.twlauncher.ApplicationInfo@40659a30 Owner = com.sec.android.app.twlauncher.AppMenu@4067cc40
I/DebugPlacement(  644): View = com.sec.android.app.twlauncher.MenuItemView@405a22a0 tag = com.sec.android.app.twlauncher.ApplicationInfo Samsung Apps -1 1 7 45|-1|-1|-1|-1|0 com.sec.android.app.twlauncher.ApplicationInfo@405e26a8 Owner = com.sec.android.app.twlauncher.AppMenu@4067cc40
I/DebugPlacement(  644): View = com.sec.android.app.twlauncher.MenuItemView@40621580 tag = com.sec.android.app.twlauncher.ApplicationInfo S Memo -1 0 20 25|-1|-1|-1|-1|0 com.sec.android.app.twlauncher.ApplicationInfo@40619d90 Owner = com.sec.android.app.twlauncher.AppMenu@4067cc40
I/DebugPlacement(  644): View = com.sec.android.app.twlauncher.MenuItemView@405d47b8 tag = com.sec.android.app.twlauncher.ApplicationInfo Qik Lite -1 1 7 48|-1|-1|-1|-1|0 com.sec.android.app.twlauncher.ApplicationInfo@405a1ef8 Owner = com.sec.android.app.twlauncher.AppMenu@4067cc40
I/DebugPlacement(  644): View = com.sec.android.app.twlauncher.MenuItemView@406d9ec8 tag = com.sec.android.app.twlauncher.ApplicationInfo Polaris Office -1 1 4 34|-1|-1|-1|-1|0 com.sec.android.app.twlauncher.ApplicationInfo@405f7110 Owner = com.sec.android.app.twlauncher.AppMenu@4067cc40
I/DebugPlacement(  644): View = com.sec.android.app.twlauncher.MenuItemView@4066f010 tag = com.sec.android.app.twlauncher.ApplicationInfo Places -1 0 16 21|-1|-1|-1|-1|0 com.sec.android.app.twlauncher.ApplicationInfo@405ae5a0 Owner = com.sec.android.app.twlauncher.AppMenu@4067cc40
I/DebugPlacement(  644): View = com.sec.android.app.twlauncher.MenuItemView@4056a550 tag = com.sec.android.app.twlauncher.ApplicationInfo News & Weather -1 1 2 32|-1|-1|-1|-1|0 com.sec.android.app.twlauncher.ApplicationInfo@4053e700 Owner = com.sec.android.app.twlauncher.AppMenu@4067cc40
I/DebugPlacement(  644): View = com.sec.android.app.twlauncher.MenuItemView@40552ba8 tag = com.sec.android.app.twlauncher.ApplicationInfo Navigation -1 0 17 22|-1|-1|-1|-1|0 com.sec.android.app.twlauncher.ApplicationInfo@40609548 Owner = com.sec.android.app.twlauncher.AppMenu@4067cc40
I/DebugPlacement(  644): View = com.sec.android.app.twlauncher.MenuItemView@40724da0 tag = com.sec.android.app.twlauncher.ApplicationInfo myAT&T -1 1 7 49|-1|-1|-1|-1|0 com.sec.android.app.twlauncher.ApplicationInfo@40648f58 Owner = com.sec.android.app.twlauncher.AppMenu@4067cc40
I/DebugPlacement(  644): View = com.sec.android.app.twlauncher.MenuItemView@406acfa0 tag = com.sec.android.app.twlauncher.ApplicationInfo My Files -1 0 10 15|-1|-1|-1|-1|0 com.sec.android.app.twlauncher.ApplicationInfo@4059da80 Owner = com.sec.android.app.twlauncher.AppMenu@4067cc40
I/DebugPlacement(  644): View = com.sec.android.app.twlauncher.MenuItemView@4059ecb0 tag = com.sec.android.app.twlauncher.ApplicationInfo Music Player -1 0 1 6|-1|-1|-1|-1|0 com.sec.android.app.twlauncher.ApplicationInfo@4060f980 Owner = com.sec.android.app.twlauncher.AppMenu@4067cc40
I/DebugPlacement(  644): View = com.sec.android.app.twlauncher.MenuItemView@40555a60 tag = com.sec.android.app.twlauncher.ApplicationInfo Music -1 1 7 39|-1|-1|-1|-1|0 com.sec.android.app.twlauncher.ApplicationInfo@4069f718 Owner = com.sec.android.app.twlauncher.AppMenu@4067cc40
I/DebugPlacement(  644): View = com.sec.android.app.twlauncher.MenuItemView@408187c0 tag = com.sec.android.app.twlauncher.ApplicationInfo Movies -1 1 7 55|-1|-1|-1|-1|0 com.sec.android.app.twlauncher.ApplicationInfo@405b7510 Owner = com.sec.android.app.twlauncher.AppMenu@4067cc40
I/DebugPlacement(  644): View = com.sec.android.app.twlauncher.MenuItemView@406a89a0 tag = com.sec.android.app.twlauncher.ApplicationInfo Mini Diary -1 0 21 26|-1|-1|-1|-1|0 com.sec.android.app.twlauncher.ApplicationInfo@40560428 Owner = com.sec.android.app.twlauncher.AppMenu@4067cc40
I/DebugPlacement(  644): View = com.sec.android.app.twlauncher.MenuItemView@4067adb8 tag = com.sec.android.app.twlauncher.ApplicationInfo Messaging -1 0 19 24|-1|-1|-1|-1|0 com.sec.android.app.twlauncher.ApplicationInfo@40657098 Owner = com.sec.android.app.twlauncher.AppMenu@4067cc40
I/DebugPlacement(  644): View = com.sec.android.app.twlauncher.MenuItemView@407402a8 tag = com.sec.android.app.twlauncher.ApplicationInfo Messages -1 1 7 52|-1|-1|-1|-1|0 com.sec.android.app.twlauncher.ApplicationInfo@405a4fd0 Owner = com.sec.android.app.twlauncher.AppMenu@4067cc40
I/DebugPlacement(  644): View = com.sec.android.app.twlauncher.MenuItemView@406a7ee8 tag = com.sec.android.app.twlauncher.ApplicationInfo Media Hub -1 1 7 46|-1|-1|-1|-1|0 com.sec.android.app.twlauncher.ApplicationInfo@4056e588 Owner = com.sec.android.app.twlauncher.AppMenu@4067cc40
I/DebugPlacement(  644): View = com.sec.android.app.twlauncher.MenuItemView@40692628 tag = com.sec.android.app.twlauncher.ApplicationInfo Market -1 0 7 12|-1|-1|-1|-1|0 com.sec.android.app.twlauncher.ApplicationInfo@4069ecd8 Owner = com.sec.android.app.twlauncher.AppMenu@4067cc40
I/DebugPlacement(  644): View = com.sec.android.app.twlauncher.MenuItemView@40621f30 tag = com.sec.android.app.twlauncher.ApplicationInfo Maps -1 0 3 8|-1|-1|-1|-1|0 com.sec.android.app.twlauncher.ApplicationInfo@4063fb00 Owner = com.sec.android.app.twlauncher.AppMenu@4065e1d0
I/DebugPlacement(  644): View = com.sec.android.app.twlauncher.MenuItemView@40557568 tag = com.sec.android.app.twlauncher.ApplicationInfo Live TV -1 1 7 50|-1|-1|-1|-1|0 com.sec.android.app.twlauncher.ApplicationInfo@40515e80 Owner = com.sec.android.app.twlauncher.AppMenu@4065e1d0
I/DebugPlacement(  644): View = com.sec.android.app.twlauncher.MenuItemView@405cd018 tag = com.sec.android.app.twlauncher.ApplicationInfo Latitude -1 0 15 20|-1|-1|-1|-1|0 com.sec.android.app.twlauncher.ApplicationInfo@405c3e50 Owner = com.sec.android.app.twlauncher.AppMenu@4065e1d0
I/DebugPlacement(  644): View = com.sec.android.app.twlauncher.MenuItemView@405c8c20 tag = com.sec.android.app.twlauncher.ApplicationInfo Kies air -1 0 13 18|-1|-1|-1|-1|0 com.sec.android.app.twlauncher.ApplicationInfo@405eb660 Owner = com.sec.android.app.twlauncher.AppMenu@4065e1d0
I/DebugPlacement(  644): View = com.sec.android.app.twlauncher.MenuItemView@4072ebc0 tag = com.sec.android.app.twlauncher.ApplicationInfo Google Search -1 0 6 11|-1|-1|-1|-1|0 com.sec.android.app.twlauncher.ApplicationInfo@405b5330 Owner = com.sec.android.app.twlauncher.AppMenu@4065e1d0
I/DebugPlacement(  644): View = com.sec.android.app.twlauncher.MenuItemView@406cfce0 tag = com.sec.android.app.twlauncher.ApplicationInfo Gmail -1 0 4 9|-1|-1|-1|-1|0 com.sec.android.app.twlauncher.ApplicationInfo@405f9dc8 Owner = com.sec.android.app.twlauncher.AppMenu@4065e1d0
I/DebugPlacement(  644): View = com.sec.android.app.twlauncher.MenuItemView@40676bc0 tag = com.sec.android.app.twlauncher.ApplicationInfo Gallery -1 0 5 10|-1|-1|-1|-1|0 com.sec.android.app.twlauncher.ApplicationInfo@406539a8 Owner = com.sec.android.app.twlauncher.AppMenu@4065e1d0
I/DebugPlacement(  644): View = com.sec.android.app.twlauncher.MenuItemView@405e4528 tag = com.sec.android.app.twlauncher.ApplicationInfo Featured Apps -1 1 7 43|-1|-1|-1|-1|0 com.sec.android.app.twlauncher.ApplicationInfo@40643528 Owner = com.sec.android.app.twlauncher.AppMenu@4065e1d0
I/DebugPlacement(  644): View = com.sec.android.app.twlauncher.MenuItemView@407333c0 tag = com.sec.android.app.twlauncher.ApplicationInfo Facebook -1 1 7 54|-1|-1|-1|-1|0 com.sec.android.app.twlauncher.ApplicationInfo@405759f0 Owner = com.sec.android.app.twlauncher.AppMenu@4065e1d0
I/DebugPlacement(  644): View = com.sec.android.app.twlauncher.MenuItemView@40666bd8 tag = com.sec.android.app.twlauncher.ApplicationInfo Downloads -1 1 0 30|-1|-1|-1|-1|0 com.sec.android.app.twlauncher.ApplicationInfo@4051a110 Owner = com.sec.android.app.twlauncher.AppMenu@4065e1d0
I/DebugPlacement(  644): View = com.sec.android.app.twlauncher.MenuItemView@405ce748 tag = com.sec.android.app.twlauncher.ApplicationInfo Crayon physics -1 1 5 35|-1|-1|-1|-1|0 com.sec.android.app.twlauncher.ApplicationInfo@4053cdc8 Owner = com.sec.android.app.twlauncher.AppMenu@4065e1d0
I/DebugPlacement(  644): View = com.sec.android.app.twlauncher.MenuItemView@405a6150 tag = com.sec.android.app.twlauncher.ApplicationInfo Contacts -1 1 7 40|-1|-1|-1|-1|0 com.sec.android.app.twlauncher.ApplicationInfo@405ba4a8 Owner = com.sec.android.app.twlauncher.AppMenu@4065e1d0
I/DebugPlacement(  644): View = com.sec.android.app.twlauncher.MenuItemView@405608f8 tag = com.sec.android.app.twlauncher.ApplicationInfo Clock -1 0 0 5|-1|-1|-1|-1|0 com.sec.android.app.twlauncher.ApplicationInfo@4059d4c0 Owner = com.sec.android.app.twlauncher.AppMenu@4065e1d0
I/DebugPlacement(  644): View = com.sec.android.app.twlauncher.MenuItemView@40749148 tag = com.sec.android.app.twlauncher.ApplicationInfo Camera -1 0 2 7|-1|-1|-1|-1|0 com.sec.android.app.twlauncher.ApplicationInfo@405b0798 Owner = com.sec.android.app.twlauncher.AppMenu@4065e1d0
I/DebugPlacement(  644): View = com.sec.android.app.twlauncher.MenuItemView@40746628 tag = com.sec.android.app.twlauncher.ApplicationInfo Calculator -1 1 1 31|-1|-1|-1|-1|0 com.sec.android.app.twlauncher.ApplicationInfo@40624b78 Owner = com.sec.android.app.twlauncher.AppMenu@4065e1d0
I/DebugPlacement(  644): View = com.sec.android.app.twlauncher.MenuItemView@4065cad0 tag = com.sec.android.app.twlauncher.ApplicationInfo Books -1 1 7 47|-1|-1|-1|-1|0 com.sec.android.app.twlauncher.ApplicationInfo@405ed110 Owner = com.sec.android.app.twlauncher.AppMenu@4065e1d0
I/DebugPlacement(  644): View = com.sec.android.app.twlauncher.MenuItemView@4065c320 tag = com.sec.android.app.twlauncher.ApplicationInfo AT&T Ready2Go -1 1 7 42|-1|-1|-1|-1|0 com.sec.android.app.twlauncher.ApplicationInfo@40596458 Owner = com.sec.android.app.twlauncher.AppMenu@4065e1d0
I/DebugPlacement(  644): View = com.sec.android.app.twlauncher.MenuItemView@406fbff0 tag = com.sec.android.app.twlauncher.ApplicationInfo AT&T Navigator -1 1 7 44|-1|-1|-1|-1|0 com.sec.android.app.twlauncher.ApplicationInfo@40646790 Owner = com.sec.android.app.twlauncher.AppMenu@4065e1d0
I/DebugPlacement(  644): View = com.sec.android.app.twlauncher.MenuItemView@4060c748 tag = com.sec.android.app.twlauncher.ApplicationInfo AT&T FamilyMap -1 1 7 51|-1|-1|-1|-1|0 com.sec.android.app.twlauncher.ApplicationInfo@405f3b48 Owner = com.sec.android.app.twlauncher.AppMenu@4065e1d0
I/DebugPlacement(  644): View = com.sec.android.app.twlauncher.MenuItemView@405d6998 tag = com.sec.android.app.twlauncher.ApplicationInfo AT&T Code Scanner -1 1 7 56|-1|-1|-1|-1|0 com.sec.android.app.twlauncher.ApplicationInfo@40590da0 Owner = com.sec.android.app.twlauncher.AppMenu@4065e1d0
I/DebugPlacement(  644): View = com.sec.android.app.twlauncher.MenuItemView@405a8150 tag = com.sec.android.app.twlauncher.ApplicationInfo Amazon Kindle -1 1 7 53|-1|-1|-1|-1|0 com.sec.android.app.twlauncher.ApplicationInfo@405abaf0 Owner = com.sec.android.app.twlauncher.AppMenu@4065e1d0
I/DebugPlacement(  644): View = com.sec.android.app.twlauncher.MenuItemView@405a3388 tag = com.sec.android.app.twlauncher.ApplicationInfo AllShare -1 0 12 17|-1|-1|-1|-1|0 com.sec.android.app.twlauncher.ApplicationInfo@405c38a0 Owner = com.sec.android.app.twlauncher.AppMenu@4065e1d0
I/DebugPlacement(  644): View = com.sec.android.app.twlauncher.MenuItemView@405775b0 tag = com.sec.android.app.twlauncher.ApplicationInfo aaHaoQi Barnacle Wifi Tether -1 1 8 37|-1|-1|-1|-1|0 com.sec.android.app.twlauncher.ApplicationInfo@405f08d0 Owner = com.sec.android.app.twlauncher.AppMenu@4065e1d0
I/DebugPlacement(  644): View = com.sec.android.app.twlauncher.MenuItemView@406db978 tag = com.sec.android.app.twlauncher.ApplicationInfo aaDIPLOMAMatrix -1 1 10 58|-1|-1|-1|-1|0 com.sec.android.app.twlauncher.ApplicationInfo@40609480 Owner = com.sec.android.app.twlauncher.AppMenu@4065e1d0
I/DebugPlacement(  644): View = com.sec.android.app.twlauncher.MenuItemView@406a5b00 tag = com.sec.android.app.twlauncher.ApplicationInfo aaaCameraCloud -1 1 9 57|-1|-1|-1|-1|0 com.sec.android.app.twlauncher.ApplicationInfo@40569f20 Owner = com.sec.android.app.twlauncher.AppMenu@4065e1d0
I/DebugPlacement(  644): View = com.sec.android.app.twlauncher.MenuItemView@407147e8 tag = com.sec.android.app.twlauncher.ApplicationInfo Web -1 -1 3 4|-1|-1|-1|-1|0 com.sec.android.app.twlauncher.ApplicationInfo@4056aa60 Owner = com.sec.android.app.twlauncher.AppShortcutZone@406463c0
I/DebugPlacement(  644): View = com.sec.android.app.twlauncher.MenuItemView@40774000 tag = com.sec.android.app.twlauncher.ApplicationInfo Email -1 -1 2 3|-1|-1|-1|-1|0 com.sec.android.app.twlauncher.ApplicationInfo@405dd0c0 Owner = com.sec.android.app.twlauncher.AppShortcutZone@406463c0
I/DebugPlacement(  644): View = com.sec.android.app.twlauncher.MenuItemView@406efd10 tag = com.sec.android.app.twlauncher.ApplicationInfo Calendar -1 -1 1 2|-1|-1|-1|-1|0 com.sec.android.app.twlauncher.ApplicationInfo@40612768 Owner = com.sec.android.app.twlauncher.AppShortcutZone@406463c0
I/DebugPlacement(  644): View = com.sec.android.app.twlauncher.MenuItemView@407defb0 tag = com.sec.android.app.twlauncher.ApplicationInfo Phone -1 -1 0 1|-1|-1|-1|-1|0 com.sec.android.app.twlauncher.ApplicationInfo@406348f0 Owner = com.sec.android.app.twlauncher.AppShortcutZone@406463c0
I/DebugPlacement(  644): SyncGrid 1 9 com.sec.android.app.twlauncher.ApplicationInfo aaaCameraCloud -1 1 9 57|-1|-1|-1|-1|0 com.sec.android.app.twlauncher.ApplicationInfo@40569f20 Exists
I/DebugPlacement(  644): SyncGrid 1 10 com.sec.android.app.twlauncher.ApplicationInfo aaDIPLOMAMatrix -1 1 10 58|-1|-1|-1|-1|0 com.sec.android.app.twlauncher.ApplicationInfo@40609480 Exists
I/DebugPlacement(  644): SyncGrid 1 8 com.sec.android.app.twlauncher.ApplicationInfo aaHaoQi Barnacle Wifi Tether -1 1 8 37|-1|-1|-1|-1|0 com.sec.android.app.twlauncher.ApplicationInfo@405f08d0 Exists
I/DebugPlacement(  644): SyncGrid 0 12 com.sec.android.app.twlauncher.ApplicationInfo AllShare -1 0 12 17|-1|-1|-1|-1|0 com.sec.android.app.twlauncher.ApplicationInfo@405c38a0 Exists
I/DebugPlacement(  644): SyncGrid 1 7 com.sec.android.app.twlauncher.ApplicationInfo Amazon Kindle -1 1 7 53|-1|-1|-1|-1|0 com.sec.android.app.twlauncher.ApplicationInfo@405abaf0 Exists
I/DebugPlacement(  644): SyncGrid 1 7 com.sec.android.app.twlauncher.ApplicationInfo AT&T Code Scanner -1 1 7 56|-1|-1|-1|-1|0 com.sec.android.app.twlauncher.ApplicationInfo@40590da0 Exists
I/DebugPlacement(  644): SyncGrid 1 7 com.sec.android.app.twlauncher.ApplicationInfo AT&T FamilyMap -1 1 7 51|-1|-1|-1|-1|0 com.sec.android.app.twlauncher.ApplicationInfo@405f3b48 Exists
I/DebugPlacement(  644): SyncGrid 1 7 com.sec.android.app.twlauncher.ApplicationInfo AT&T Navigator -1 1 7 44|-1|-1|-1|-1|0 com.sec.android.app.twlauncher.ApplicationInfo@40646790 Exists
I/DebugPlacement(  644): SyncGrid 1 7 com.sec.android.app.twlauncher.ApplicationInfo AT&T Ready2Go -1 1 7 42|-1|-1|-1|-1|0 com.sec.android.app.twlauncher.ApplicationInfo@40596458 Exists
I/DebugPlacement(  644): SyncGrid 1 7 com.sec.android.app.twlauncher.ApplicationInfo Books -1 1 7 47|-1|-1|-1|-1|0 com.sec.android.app.twlauncher.ApplicationInfo@405ed110 Exists
I/DebugPlacement(  644): SyncGrid 1 1 com.sec.android.app.twlauncher.ApplicationInfo Calculator -1 1 1 31|-1|-1|-1|-1|0 com.sec.android.app.twlauncher.ApplicationInfo@40624b78 Exists
I/DebugPlacement(  644): SyncGrid 0 2 com.sec.android.app.twlauncher.ApplicationInfo Camera -1 0 2 7|-1|-1|-1|-1|0 com.sec.android.app.twlauncher.ApplicationInfo@405b0798 Exists
I/DebugPlacement(  644): SyncGrid 0 0 com.sec.android.app.twlauncher.ApplicationInfo Clock -1 0 0 5|-1|-1|-1|-1|0 com.sec.android.app.twlauncher.ApplicationInfo@4059d4c0 Exists
I/DebugPlacement(  644): SyncGrid 1 7 com.sec.android.app.twlauncher.ApplicationInfo Contacts -1 1 7 40|-1|-1|-1|-1|0 com.sec.android.app.twlauncher.ApplicationInfo@405ba4a8 Exists
I/DebugPlacement(  644): SyncGrid 1 5 com.sec.android.app.twlauncher.ApplicationInfo Crayon physics -1 1 5 35|-1|-1|-1|-1|0 com.sec.android.app.twlauncher.ApplicationInfo@4053cdc8 Exists
I/DebugPlacement(  644): SyncGrid 1 0 com.sec.android.app.twlauncher.ApplicationInfo Downloads -1 1 0 30|-1|-1|-1|-1|0 com.sec.android.app.twlauncher.ApplicationInfo@4051a110 Exists
I/DebugPlacement(  644): SyncGrid 1 7 com.sec.android.app.twlauncher.ApplicationInfo Facebook -1 1 7 54|-1|-1|-1|-1|0 com.sec.android.app.twlauncher.ApplicationInfo@405759f0 Exists
I/DebugPlacement(  644): SyncGrid 1 7 com.sec.android.app.twlauncher.ApplicationInfo Featured Apps -1 1 7 43|-1|-1|-1|-1|0 com.sec.android.app.twlauncher.ApplicationInfo@40643528 Exists
I/DebugPlacement(  644): SyncGrid 0 5 com.sec.android.app.twlauncher.ApplicationInfo Gallery -1 0 5 10|-1|-1|-1|-1|0 com.sec.android.app.twlauncher.ApplicationInfo@406539a8 Exists
I/DebugPlacement(  644): SyncGrid 0 4 com.sec.android.app.twlauncher.ApplicationInfo Gmail -1 0 4 9|-1|-1|-1|-1|0 com.sec.android.app.twlauncher.ApplicationInfo@405f9dc8 Exists
I/DebugPlacement(  644): SyncGrid 0 6 com.sec.android.app.twlauncher.ApplicationInfo Google Search -1 0 6 11|-1|-1|-1|-1|0 com.sec.android.app.twlauncher.ApplicationInfo@405b5330 Exists
I/DebugPlacement(  644): SyncGrid 0 13 com.sec.android.app.twlauncher.ApplicationInfo Kies air -1 0 13 18|-1|-1|-1|-1|0 com.sec.android.app.twlauncher.ApplicationInfo@405eb660 Exists
I/DebugPlacement(  644): SyncGrid 0 15 com.sec.android.app.twlauncher.ApplicationInfo Latitude -1 0 15 20|-1|-1|-1|-1|0 com.sec.android.app.twlauncher.ApplicationInfo@405c3e50 Exists
I/DebugPlacement(  644): SyncGrid 1 7 com.sec.android.app.twlauncher.ApplicationInfo Live TV -1 1 7 50|-1|-1|-1|-1|0 com.sec.android.app.twlauncher.ApplicationInfo@40515e80 Exists
I/DebugPlacement(  644): SyncGrid 0 3 com.sec.android.app.twlauncher.ApplicationInfo Maps -1 0 3 8|-1|-1|-1|-1|0 com.sec.android.app.twlauncher.ApplicationInfo@4063fb00 Exists
I/DebugPlacement(  644): SyncGrid 0 7 com.sec.android.app.twlauncher.ApplicationInfo Market -1 0 7 12|-1|-1|-1|-1|0 com.sec.android.app.twlauncher.ApplicationInfo@4069ecd8 Exists
I/DebugPlacement(  644): SyncGrid 1 7 com.sec.android.app.twlauncher.ApplicationInfo Media Hub -1 1 7 46|-1|-1|-1|-1|0 com.sec.android.app.twlauncher.ApplicationInfo@4056e588 Exists
I/DebugPlacement(  644): SyncGrid 1 7 com.sec.android.app.twlauncher.ApplicationInfo Messages -1 1 7 52|-1|-1|-1|-1|0 com.sec.android.app.twlauncher.ApplicationInfo@405a4fd0 Exists
I/DebugPlacement(  644): SyncGrid 0 19 com.sec.android.app.twlauncher.ApplicationInfo Messaging -1 0 19 24|-1|-1|-1|-1|0 com.sec.android.app.twlauncher.ApplicationInfo@40657098 Exists
I/DebugPlacement(  644): SyncGrid 0 21 com.sec.android.app.twlauncher.ApplicationInfo Mini Diary -1 0 21 26|-1|-1|-1|-1|0 com.sec.android.app.twlauncher.ApplicationInfo@40560428 Exists
I/DebugPlacement(  644): SyncGrid 1 7 com.sec.android.app.twlauncher.ApplicationInfo Movies -1 1 7 55|-1|-1|-1|-1|0 com.sec.android.app.twlauncher.ApplicationInfo@405b7510 Exists
I/DebugPlacement(  644): SyncGrid 1 7 com.sec.android.app.twlauncher.ApplicationInfo Music -1 1 7 39|-1|-1|-1|-1|0 com.sec.android.app.twlauncher.ApplicationInfo@4069f718 Exists
I/DebugPlacement(  644): SyncGrid 0 1 com.sec.android.app.twlauncher.ApplicationInfo Music Player -1 0 1 6|-1|-1|-1|-1|0 com.sec.android.app.twlauncher.ApplicationInfo@4060f980 Exists
I/DebugPlacement(  644): SyncGrid 0 10 com.sec.android.app.twlauncher.ApplicationInfo My Files -1 0 10 15|-1|-1|-1|-1|0 com.sec.android.app.twlauncher.ApplicationInfo@4059da80 Exists
I/DebugPlacement(  644): SyncGrid 1 7 com.sec.android.app.twlauncher.ApplicationInfo myAT&T -1 1 7 49|-1|-1|-1|-1|0 com.sec.android.app.twlauncher.ApplicationInfo@40648f58 Exists
I/DebugPlacement(  644): SyncGrid 0 17 com.sec.android.app.twlauncher.ApplicationInfo Navigation -1 0 17 22|-1|-1|-1|-1|0 com.sec.android.app.twlauncher.ApplicationInfo@40609548 Exists
I/DebugPlacement(  644): SyncGrid 1 2 com.sec.android.app.twlauncher.ApplicationInfo News & Weather -1 1 2 32|-1|-1|-1|-1|0 com.sec.android.app.twlauncher.ApplicationInfo@4053e700 Exists
I/DebugPlacement(  644): SyncGrid 0 16 com.sec.android.app.twlauncher.ApplicationInfo Places -1 0 16 21|-1|-1|-1|-1|0 com.sec.android.app.twlauncher.ApplicationInfo@405ae5a0 Exists
I/DebugPlacement(  644): SyncGrid 1 4 com.sec.android.app.twlauncher.ApplicationInfo Polaris Office -1 1 4 34|-1|-1|-1|-1|0 com.sec.android.app.twlauncher.ApplicationInfo@405f7110 Exists
I/DebugPlacement(  644): SyncGrid 1 7 com.sec.android.app.twlauncher.ApplicationInfo Qik Lite -1 1 7 48|-1|-1|-1|-1|0 com.sec.android.app.twlauncher.ApplicationInfo@405a1ef8 Exists
I/DebugPlacement(  644): SyncGrid 0 20 com.sec.android.app.twlauncher.ApplicationInfo S Memo -1 0 20 25|-1|-1|-1|-1|0 com.sec.android.app.twlauncher.ApplicationInfo@40619d90 Exists
I/DebugPlacement(  644): SyncGrid 1 7 com.sec.android.app.twlauncher.ApplicationInfo Samsung Apps -1 1 7 45|-1|-1|-1|-1|0 com.sec.android.app.twlauncher.ApplicationInfo@405e26a8 Exists
I/DebugPlacement(  644): SyncGrid 0 9 com.sec.android.app.twlauncher.ApplicationInfo Settings -1 0 9 14|-1|-1|-1|-1|0 com.sec.android.app.twlauncher.ApplicationInfo@40659a30 Exists
I/DebugPlacement(  644): SyncGrid 0 8 com.sec.android.app.twlauncher.ApplicationInfo Social Hub -1 0 8 13|-1|-1|-1|-1|0 com.sec.android.app.twlauncher.ApplicationInfo@40518308 Exists
I/DebugPlacement(  644): SyncGrid 1 7 com.sec.android.app.twlauncher.ApplicationInfo Superuser -1 1 7 41|-1|-1|-1|-1|0 com.sec.android.app.twlauncher.ApplicationInfo@40544d90 Exists
I/DebugPlacement(  644): SyncGrid 0 14 com.sec.android.app.twlauncher.ApplicationInfo Talk -1 0 14 19|-1|-1|-1|-1|0 com.sec.android.app.twlauncher.ApplicationInfo@4069fcb0 Exists
I/DebugPlacement(  644): SyncGrid 1 3 com.sec.android.app.twlauncher.ApplicationInfo Task Manager -1 1 3 33|-1|-1|-1|-1|0 com.sec.android.app.twlauncher.ApplicationInfo@40623048 Exists
I/DebugPlacement(  644): SyncGrid 0 11 com.sec.android.app.twlauncher.ApplicationInfo Videos -1 0 11 16|-1|-1|-1|-1|0 com.sec.android.app.twlauncher.ApplicationInfo@405c8890 Exists
I/DebugPlacement(  644): SyncGrid 0 22 com.sec.android.app.twlauncher.ApplicationInfo Voice Recorder -1 0 22 27|-1|-1|-1|-1|0 com.sec.android.app.twlauncher.ApplicationInfo@40626f10 Exists
I/DebugPlacement(  644): SyncGrid 0 24 com.sec.android.app.twlauncher.ApplicationInfo Voice Search -1 0 24 29|-1|-1|-1|-1|0 com.sec.android.app.twlauncher.ApplicationInfo@40690cf8 Exists
I/DebugPlacement(  644): SyncGrid 0 23 com.sec.android.app.twlauncher.ApplicationInfo Voice talk -1 0 23 28|-1|-1|-1|-1|0 com.sec.android.app.twlauncher.ApplicationInfo@40698678 Exists
I/DebugPlacement(  644): SyncGrid 1 6 com.sec.android.app.twlauncher.ApplicationInfo YouTube -1 1 6 36|-1|-1|-1|-1|0 com.sec.android.app.twlauncher.ApplicationInfo@40567ce8 Exists
I/DebugPlacement(  644): SyncGrid 1 7 com.sec.android.app.twlauncher.ApplicationInfo YPmobile -1 1 7 38|-1|-1|-1|-1|0 com.sec.android.app.twlauncher.ApplicationInfo@406906e0 Exists
I/DebugPlacement(  644): View = com.sec.android.app.twlauncher.MenuItemView@407147e8 tag = com.sec.android.app.twlauncher.ApplicationInfo Web -1 -1 3 4|-1|-1|-1|-1|0 com.sec.android.app.twlauncher.ApplicationInfo@4056aa60 Owner = com.sec.android.app.twlauncher.AppShortcutZone@406463c0
I/DebugPlacement(  644): View = com.sec.android.app.twlauncher.MenuItemView@40774000 tag = com.sec.android.app.twlauncher.ApplicationInfo Email -1 -1 2 3|-1|-1|-1|-1|0 com.sec.android.app.twlauncher.ApplicationInfo@405dd0c0 Owner = com.sec.android.app.twlauncher.AppShortcutZone@406463c0
I/DebugPlacement(  644): View = com.sec.android.app.twlauncher.MenuItemView@406efd10 tag = com.sec.android.app.twlauncher.ApplicationInfo Calendar -1 -1 1 2|-1|-1|-1|-1|0 com.sec.android.app.twlauncher.ApplicationInfo@40612768 Owner = com.sec.android.app.twlauncher.AppShortcutZone@406463c0
I/DebugPlacement(  644): View = com.sec.android.app.twlauncher.MenuItemView@407defb0 tag = com.sec.android.app.twlauncher.ApplicationInfo Phone -1 -1 0 1|-1|-1|-1|-1|0 com.sec.android.app.twlauncher.ApplicationInfo@406348f0 Owner = com.sec.android.app.twlauncher.AppShortcutZone@406463c0
I/DebugDb (  644): UpdateDBTask Begin Saving to DB
I/DebugFolder(  644): Save Folder Data To DB
I/DebugDb (  644): UpdateDBTask End Saving to DB true
I/DebugDb (  644): UpdateDBTask Close DB
I/ActivityThread(10410): Pub com.google.android.googlequicksearchbox.google: com.google.android.googlequicksearchbox.google.GoogleSuggestionProvider
D/dalvikvm(  644): GC_EXTERNAL_ALLOC freed 768K, 47% free 4721K/8775K, external 24437K/24449K, paused 81ms
I/ActivityThread(10410): Pub com.google.android.googlequicksearchbox.shortcuts: com.google.android.googlequicksearchbox.ShortcutsProvider
D/dalvikvm(10395): GC_CONCURRENT freed 110K, 36% free 3875K/6023K, external 0K/0K, paused 1ms+33ms
D/AndroidRuntime(10420): 
D/AndroidRuntime(10420): >>>>>> AndroidRuntime START com.android.internal.os.RuntimeInit <<<<<<
D/AndroidRuntime(10420): CheckJNI is OFF
D/AndroidRuntime(10420): setted country_code = USA
D/AndroidRuntime(10420): setted sales_code = ATT
D/AndroidRuntime(10420): found sales_code tag = <ATT>, </ATT> 
D/dalvikvm(10420): creating instr width table
D/dalvikvm(  644): GC_EXTERNAL_ALLOC freed 321K, 48% free 4579K/8775K, external 24572K/24593K, paused 116ms
D/LibQmg_native(10420): register_android_app_LibQmg
D/DeviceEncryption(10420): JNI: register_android_deviceencryption_DeviceEncryptionManager
D/AndroidRuntime(10420): Calling main entry com.android.commands.am.Am
D/dalvikvm(10424): GC_CONCURRENT freed 142K, 39% free 3477K/5639K, external 0K/0K, paused 2ms+2ms
V/LauncherAppWidgetHostView(  644): dispatchSaveInstanceState: widgetid=1 vid=-1
V/LauncherAppWidgetHostView(  644): dispatchSaveInstanceState: widgetid=2 vid=-1
V/LauncherAppWidgetHostView(  644): dispatchSaveInstanceState: widgetid=4 vid=-1
V/LauncherAppWidgetHostView(  644): dispatchSaveInstanceState: widgetid=3 vid=-1
V/LauncherAppWidgetHostView(  644): dispatchSaveInstanceState: widgetid=5 vid=-1
V/LauncherAppWidgetHostView(  644): dispatchSaveInstanceState: widgetid=6 vid=-1
D/AndroidRuntime(10420): Shutting down VM
D/dalvikvm(10420): GC_CONCURRENT freed 107K, 66% free 349K/1024K, external 0K/0K, paused 0ms+1ms
D/jdwp    (10420): Got wake-up signal, bailing out of select
D/dalvikvm(10420): Debugger has detached; object registry had 1 entries
D/InputTransport(  457): Input channel constructed: name='40554a38 Starting edu.mit.csail.diplomamatrix (server)', ashmemFd=529, receivePipeFd=533, sendPipeFd=532
D/InputTransport(  457): Input channel constructed: name='40554a38 Starting edu.mit.csail.diplomamatrix (client)', ashmemFd=530, receivePipeFd=531, sendPipeFd=534
I/SurfaceFlinger(  457): id=157(17) createSurface 0x3f1cec for pid 457 (1x1),2 flag=0, Starting edu.mit.csail.diplomamatrix
D/msm8660.gralloc(  457): !@/dev/pmem: allocating pmem size=4096000, offset=2048000(0x1f4000)
I/ViewRoot(  457): !@FINISH DRAWING : Starting edu.mit.csail.diplomamatrix
I/ViewRoot(  457): !@finishDrawing is completed : Starting edu.mit.csail.diplomamatrix
D/GLSurfaceViewGroup(  644): Skipped drawing due to suspendDrawingUntilResume()
I/OrientationDebug(  457): [pwm] in updateOrientationListenerLp()
V/OrientationDebug(  457): in updateOrientationListenerLp(), Screen status=true, current orientation=-1, SensorEnabled=false
I/OrientationDebug(  457): [pwm] needSensorRunningLp(), return false #3
E/WindowManager(  457): rotation is : 0
I/Launcher(  644): onWindowFocusChanged(false)
D/dalvikvm(10424): GC_CONCURRENT freed 111K, 36% free 3874K/6023K, external 0K/0K, paused 2ms+3ms
E/SocialHub( 9072): [UinboxReceiver] onReceive() >> Context is android.app.ReceiverRestrictedContext@40574370
I/SocialHub( 9072): [UinboxReceiver] onReceive() >> ==============================================
I/SocialHub( 9072): [UinboxReceiver] onReceive() >> 	UinboxBroadCastReceiver() 
I/SocialHub( 9072): [UinboxReceiver] onReceive() >> 	intent.getAction() :  android.intent.action.PACKAGE_REMOVED
I/SocialHub( 9072): [UinboxReceiver] onReceive() >>   intent.getData() : edu.mit.csail.diplomamatrix
I/SocialHub( 9072): [UinboxReceiver] onReceive() >> ==============================================
D/dalvikvm(10440): GC_EXTERNAL_ALLOC freed 57K, 42% free 3127K/5379K, external 0K/0K, paused 71ms
E/MediaDownloader( 9013): onStartCommand installed----------------------------------------------------------------
D/GTalkService(  662): handlePackageInstalled: re-initialize providers
D/GTalkService(  662): [RawStanzaProvidersMgr] ##### searchProvidersFromIntent
D/GTalkService(  662): [RawStanzaProvidersMgr] no intent receivers found
E/MediaDownloader( 9013): onStartCommand installed----------------------------------------------------------------
E/AlarmManagerService(  457): android_server_AlarmManagerService_set to type=2, 199824.842000000
I/StatusActivity(10440): 1332962087883: *** Opened log file for writing ***
I/StatusActivity(10440): 1332962087884: starting Mux with id = -1
I/Mux.java(10440): run() beginning -------------
D/Mux     (10440): Mux started
I/StatusActivity(10440): 1332962087899: *** Application started ***
I/StatusActivity(10440): 1332962087899: HI I'm in ONRESUME()
D/GpsLocationProvider(  457): setMinTime 1000
I/StatusActivity(10440): 1332962087904: SAMPLING_DISTANCE : 1, SAMPLING_DURATION : 1000
I/NetworkThread(10440): Initial socket buffer sizes: 110592 receive, 110592 send
I/NetworkThread(10440): Set socket buffer sizes to: 221184 receive, 221184 send
I/NetworkThread(10440): started, local IP address:/192.168.5.1
I/Mux.java's nodeId is(10440): 5001
I/Mux     (10440): starting vncDaemon ........
I/VCoreDaemon(10440): 1332962087907: Started VCoreDaemon with parameters maxRx = 10 , maxRY= 1, minLongitude = -7110170 , minLatitude = 4236349, regionWidth =17
D/InputTransport(  457): Input channel constructed: name='40cd1ad0 edu.mit.csail.diplomamatrix/edu.mit.csail.diplomamatrix.StatusActivity (server)', ashmemFd=537, receivePipeFd=541, sendPipeFd=540
D/InputTransport(  457): Input channel constructed: name='40cd1ad0 edu.mit.csail.diplomamatrix/edu.mit.csail.diplomamatrix.StatusActivity (client)', ashmemFd=538, receivePipeFd=539, sendPipeFd=542
D/InputTransport(  457): Input channel destroyed: name='40cd1ad0 edu.mit.csail.diplomamatrix/edu.mit.csail.diplomamatrix.StatusActivity (client)', ashmemFd=538, receivePipeFd=539, sendPipeFd=542
D/InputTransport(10440): Input channel constructed: name='40cd1ad0 edu.mit.csail.diplomamatrix/edu.mit.csail.diplomamatrix.StatusActivity (client)', ashmemFd=48, receivePipeFd=49, sendPipeFd=50
I/Mux     (10440): vncDaemon started
I/VCoreDaemon.java(10440): onStart() about to stateTransition.........................................................................
I/VCoreDaemon(10440): 1332962087923: started, mId = 5001
I/VCoreDaemon.java(10440): inside stateTransition ......................................................................................
I/..... VCoreDaemon.java(10440): out of bounds
I/VCoreDaemon(10440): 1332962087924: region (-1, -1) out of bounds, dormant
I/..... VCoreDaemon.java(10440): ends xxxxxxxxxxxxxxxxxxxxxxxxxxxxxxxxxxxxxxxxxxx
I/SurfaceFlinger(  457): id=158(1) createSurface 0x3b891c for pid 10440 (640x960),1 flag=0, edu.mit.csail.diplomamatrix/edu.mit.csail.diplomamatrix.StatusActivity
D/GpsLocationProvider(  457): startNavigating
D/libloc  (  457): loc_eng_set_position mode, client = 0, interval = 1000, mode = 1
W/libloc  (  457): loc_read_sec_gps_conf: no /data/data/com.android.angryGps/secgps.conf file, using defaults
I/GLThread(  644): noticed surfaceView surface lost tid=15
W/EglHelper(  644): destroySurface()  tid=15
E/power   (  457): acquire_wake_lock g_error=2 
D/msm8660.gralloc(  457): !@/dev/pmem: allocating pmem size=2457600, offset=32669696(0x1f28000)
E/InputDispatcher(  457): channel '40938cd0 com.android.settings/com.android.settings.Settings (server)' ~ Consumer closed input channel or an error occurred.  events=0x8
E/InputDispatcher(  457): channel '40938cd0 com.android.settings/com.android.settings.Settings (server)' ~ Channel is unrecoverably broken and will be disposed!
D/InputTransport(  457): Input channel destroyed: name='40938cd0 com.android.settings/com.android.settings.Settings (server)', ashmemFd=304, receivePipeFd=511, sendPipeFd=510
E/AlarmManagerService(  457): android_server_AlarmManagerService_set to type=2, 199824.842000000
E/power   (  457): release_wake_lock g_error=2 
E/power   (  457): acquire_wake_lock g_error=2 
E/power   (  457): release_wake_lock g_error=2 
W/libloc  (  457): loc_read_sec_gps_conf: no /data/data/com.android.angryGps/secgps.conf file, using defaults
E/libloc  (  457): loc_eng_sec_set_param(): Fail to read sec GPS config!. default config will be set
E/power   (  457): acquire_wake_lock g_error=2 
E/power   (  457): release_wake_lock g_error=2 
I/SurfaceFlinger(  457): id=152 Removed SurfaceView idx=3 Map Size=7
D/SurfaceFlinger(  457): remove count:1 destroying SurfaceView
I/SurfaceFlinger(  457): id=159(2) createSurface for pid 10440 (320x100),4 flag=200, SurfaceView
E/power   (  457): acquire_wake_lock g_error=2 
E/power   (  457): release_wake_lock g_error=2 
E/power   (  457): acquire_wake_lock g_error=2 
E/power   (  457): release_wake_lock g_error=2 
E/Surface (10440): Surface::init token -2 identity 159
I/QualcommCameraHardware(  325): Found a matching camera info for ID 0
I/QualcommCameraHardware(  325): HAL_getCameraInfo: facing = 0, orientation = 90
E/power   (  457): acquire_wake_lock g_error=2 
E/com.samsung.app( 3022): [MSC_Accu]>>> WeatherWidgetProvider.java:354 [0:0] onReceive@ sec.android.intent.action.HOME_PAUSE
E/com.samsung.app( 3022): [MSC_Accu]>>> WidgetIdManager.java:53 [0:0] AccuWeatherClockWidgetID_Length
E/power   (  457): acquire_wake_lock g_error=2 
E/com.samsung.app( 3022): [MSC_Accu]>>> WidgetIdManager.java:54 [0:0] getPrefIDs@lngth:1
E/com.samsung.app( 3022): [MSC_Accu]>>> WidgetIdManager.java:60 [0:0] getPrefIDs@Ids1:4
E/com.samsung.app( 3022): [MSC_Accu]>>> WeatherWidgetProvider.java:347 [0:0] refreshhandler is null!!
E/power   (  457): release_wake_lock g_error=2 
I/SecCameraCoreManager(  325): SecCameraCoreManager created: pid=325, cameraId=0
I/QualcommCameraHardware(  325): openCameraHardware: call createInstance
I/QualcommCameraHardware(  325): openCameraHardware:Valid camera ID 0
I/QualcommCameraHardware(  325): openCameraHardware:camera mode 1
I/QualcommCameraHardware(  325): HAL_openCameraHardware: HAL_currentSnapshotMode = 4
I/QualcommCameraHardware(  325): createInstance: E
I/QualcommCameraHardware(  325): QualcommCameraHardware constructor E
V/QualcommCameraHardware(  325): MMCameraDL: E
V/QualcommCameraHardware(  325): Open MM camera DL libeomcamera loaded at 0xb0010ca8 
V/QualcommCameraHardware(  325): MMCameraDL: X
E/com.samsung.app( 3292): [MSC]>>> StockClock_Integration.java:235 [0:0] onReceive sec.android.intent.action.HOME_PAUSE
V/QualcommCameraHardware(  325):  Storing the current target type as 4 
V/QualcommCameraHardware(  325):  Storing the current target type as 4 
V/QualcommCameraHardware(  325):  ### mDisEnabled = 0 , mVpeEnabled = 1!!! ###
V/QualcommCameraHardware(  325): constructor EX
I/QualcommCameraHardware(  325): createInstance: created hardware=0x4ebf0
V/QualcommCameraHardware(  325): startCamera E
V/QualcommCameraHardware(  325): loading liboemcamera at 0xb0010ca8
E/com.samsung.app( 3292): [MSC]>>> StockClock_Integration.java:241 [0:0] onReceive : no stock widget!!!
E/power   (  457): acquire_wake_lock g_error=2 
E/power   (  457): release_wake_lock g_error=2 
I/PhotoAppWidgetProvider( 4188): onReceive
I/PhotoAppWidgetProvider( 4188): PauseSlideShow
D/PhotoAppWidgetProvider( 4188): onReceive End
E/power   (  457): acquire_wake_lock g_error=2 
E/power   (  457): release_wake_lock g_error=2 
E/power   (  457): release_wake_lock g_error=2 
E/power   (  457): acquire_wake_lock g_error=2 
I/SurfaceFlinger(  457): id=153 Removed com.sec.android.app.twlauncher/com.sec.android.app.twlauncher.Launcher idx=2 Map Size=6
D/SurfaceFlinger(  457): remove count:1 destroying com.sec.android.app.twlauncher/com.sec.android.app.twlauncher.Launcher
E/power   (  457): acquire_wake_lock g_error=2 
E/power   (  457): release_wake_lock g_error=2 
E/power   (  457): release_wake_lock g_error=2 
E/power   (  457): acquire_wake_lock g_error=2 
E/power   (  457): acquire_wake_lock g_error=2 
E/power   (  457): release_wake_lock g_error=2 
E/power   (  457): release_wake_lock g_error=2 
D/GLSurfaceViewGroup(  644): Skipped drawing due to suspendDrawingUntilResume()
I/GLThread(  644): onPause tid=15
I/Main thread(  644): onPause waiting for mPaused.
I/GLThread(  644): mPaused is now true tid=15
V/WifiProgressStore(10395): WifiProgressStore Created
V/QualcommCameraHardware(  325):  openCamera : E
E/power   (  457): acquire_wake_lock g_error=2 
E/power   (  457): acquire_wake_lock g_error=2 
E/power   (  457): release_wake_lock g_error=2 
E/power   (  457): release_wake_lock g_error=2 
E/power   (  457): acquire_wake_lock g_error=2 
