E/power   (  457): acquire_wake_lock g_error=2 
E/power   (  457): release_wake_lock g_error=2 
E/power   (  457): acquire_wake_lock g_error=2 
E/power   (  457): release_wake_lock g_error=2 
D/dalvikvm( 8935): GC_EXPLICIT freed 49K, 41% free 3208K/5379K, external 32K/1312K, paused 74ms
E/DataRouter(  332): DrReadUsbStatus returns false USB is offline 
E/DataRouter(  332): DrReadUsbStatus returns false USB is offline 
I/WindowOrientationListener(  457): orientation = 344 Tilt = 45 -- -2 ,  6 ,  7
E/power   (  457): acquire_wake_lock g_error=2 
E/power   (  457): release_wake_lock g_error=2 
E/power   (  457): acquire_wake_lock g_error=2 
E/power   (  457): release_wake_lock g_error=2 
E/power   (  457): acquire_wake_lock g_error=2 
E/power   (  457): release_wake_lock g_error=2 
E/power   (  457): acquire_wake_lock g_error=2 
E/power   (  457): acquire_wake_lock g_error=2 
E/power   (  457): release_wake_lock g_error=2 
E/power   (  457): release_wake_lock g_error=2 
E/power   (  457): acquire_wake_lock g_error=2 
E/power   (  457): release_wake_lock g_error=2 
E/power   (  457): acquire_wake_lock g_error=2 
E/power   (  457): release_wake_lock g_error=2 
E/power   (  457): acquire_wake_lock g_error=2 
E/power   (  457): release_wake_lock g_error=2 
E/power   (  457): acquire_wake_lock g_error=2 
E/power   (  457): release_wake_lock g_error=2 
E/power   (  457): acquire_wake_lock g_error=2 
E/power   (  457): release_wake_lock g_error=2 
I/InputReader(  457): dispatchTouch::touch event's action is 0, pending(waiting finished signal)=0
I/InputDispatcher(  457): Delivering touch to current input target: action: 0, channel '40cd1ad0 edu.mit.csail.diplomamatrix/edu.mit.csail.diplomamatrix.StatusActivity (server)'
I/InputDispatcher(  457): Delivering touch to current input target: action: 0, channel 'PenGestureView (server)'
I/InputReader(  457): dispatchTouch::touch event's action is 1, pending(waiting finished signal)=0
I/InputDispatcher(  457): Delivering touch to current input target: action: 1, channel '40cd1ad0 edu.mit.csail.diplomamatrix/edu.mit.csail.diplomamatrix.StatusActivity (server)'
I/InputDispatcher(  457): Delivering touch to current input target: action: 1, channel 'PenGestureView (server)'
V/QualcommCameraHardware(  325): getParameters: EX
I/CameraService(  325): takePicture: mNumSnapshots = 1
D/SecCameraCoreManager(  325): virtual android::status_t android::SecCameraCoreManager::takePicture():stop IT Policy checking thread
V/QualcommCameraHardware(  325): sendCommand: command = 1109, arg1 =1, arg2= 0
I/ShotSingle(  325): ShotSingle::takePicture start
E/QualcommCameraHardware(  325): takePicture(463)
I/QualcommCameraHardware(  325): stopPreviewInternal E: 1
V/QualcommCameraHardware(  325): cancelAutoFocusDefault E (cancel : 2359329)
V/QualcommCameraHardware(  325): native_set_ext_config E (cmd = 11)
V/QualcommCameraHardware(  325): cancelAutoFocusDefault X: 1
E/mm-camera(  325): vfe_stop_vfe: vfe_util_sendcmd:3(rc = 1) 
I/QualcommCameraHardware(  325): deinitPreview E
I/QualcommCameraHardware(  325): deinitPreview X
V/QualcommCameraHardware(  325): in stopPreviewInternal: making mVideoThreadExit 1
V/QualcommCameraHardware(  325): cam_frame_flush_video: in n = 0
V/QualcommCameraHardware(  325): cam_frame_flush_video: out n = 0
I/QualcommCameraHardware(  325): stopPreviewInternal X: 0
V/QualcommCameraHardware(  325): initRawSnapshot E
I/QualcommCameraHardware(  325): runframethread: waiting for preview  thread to complete.
E/mm-camera(  325): vfe_util_get_sensor_info: mode=3
V/QualcommCameraHardware(  325): raw_snapshot_buffer_size = 10077696, raw_picture_height = 1944, raw_picture_width = 5184
I/QualcommCameraHardware(  325): constructing MemPool raw pmem snapshot camera backed by pmem pool /dev/pmem_smipool: 1 frames @ 10077696 bytes, buffer size 10077696
V/QualcommCameraHardware(  325): pmem pool /dev/pmem_smipool ioctl(fd = 68, PMEM_GET_SIZE) is 10080256
D/QualcommCameraHardware(  325): mBufferSize=10077696, mAlignedBufferSize=10080256
D/QualcommCameraHardware(  325): num_buffers = 1
V/QualcommCameraHardware(  325): register_buf:  reg = 0 buffer = 0x42aff000
I/QualcommCameraHardware(  325): PmemPool: (raw pmem snapshot camera) X 
V/QualcommCameraHardware(  325): initRawSnapshot X
E/QualcommCameraHardware(  325): takePicture: X
I/ShotSingle(  325): ShotSingle::takePicture end
I/QualcommCameraHardware(  325): initPreview: old preview thread completed.
I/QualcommCameraHardware(  325): ~PmemPool: preview E
V/QualcommCameraHardware(  325): register_buf:  reg = 1 buffer = 0x42342000
V/QualcommCameraHardware(  325): register_buf:  reg = 1 buffer = 0x423b3000
V/QualcommCameraHardware(  325): register_buf:  reg = 1 buffer = 0x42424000
V/QualcommCameraHardware(  325): register_buf:  reg = 1 buffer = 0x42495000
I/QualcommCameraHardware(  325): ~PmemPool: preview X
V/QualcommCameraHardware(  325): destroying MemPool preview
V/QualcommCameraHardware(  325): destroying MemPool preview completed
I/QualcommCameraHardware(  325): ~PmemPool: record E
V/QualcommCameraHardware(  325): register_buf:  reg = 1 buffer = 0x42506000
V/QualcommCameraHardware(  325): register_buf:  reg = 1 buffer = 0x42577000
V/QualcommCameraHardware(  325): register_buf:  reg = 1 buffer = 0x425e8000
V/QualcommCameraHardware(  325): register_buf:  reg = 1 buffer = 0x42659000
V/QualcommCameraHardware(  325): register_buf:  reg = 1 buffer = 0x426ca000
V/QualcommCameraHardware(  325): register_buf:  reg = 1 buffer = 0x4273b000
V/QualcommCameraHardware(  325): register_buf:  reg = 1 buffer = 0x427ac000
V/QualcommCameraHardware(  325): register_buf:  reg = 1 buffer = 0x4281d000
V/QualcommCameraHardware(  325): register_buf:  reg = 1 buffer = 0x4288e000
I/QualcommCameraHardware(  325): ~PmemPool: record X
V/QualcommCameraHardware(  325): destroying MemPool record
V/QualcommCameraHardware(  325): destroying MemPool record completed
V/QualcommCameraHardware(  325): runFrameThread X
D/QualcommCameraHardware(  325): frame_thread X
I/QualcommCameraHardware(  325): preview_thread X
D/QualcommCameraHardware(  325): snapshot_thread E
I/QualcommCameraHardware(  325): runSnapshotThread E
E/QualcommCameraHardware(  325): get_currentTemp() temp=301
V/QualcommCameraHardware(  325): takepicture : LED_MODE_LOWTEMP_OFF : 0
V/QualcommCameraHardware(  325): native_set_ext_config E (cmd = 0)
V/QualcommCameraHardware(  325): getParameters: EX
V/AudioPolicyManager(  325): getParamFromPolicy  deviceInt = 0, situationInt = 3, situationVolume = 1.000000
V/MediaPlayerService(  325): [16] setVolume(1.000000, 1.000000)
V/AudioSink(  325): setVolume(1.000000, 1.000000)
V/AudioPolicyManager(  325): getStreamVolumeIndex() stream 7
E/mm-camera(  325): vfe_reset_vfe: vfe_util_sendcmd:2(rc = 1) 
E/mm-camera(  325): vfe_util_get_sensor_info: mode=2
E/mm-camera(  325): m5mo_snapshot_config
V/DATA    (  589): [DCT(0) ] onDataCallListChanged:
V/DATA    (  589): [DCT(0) ] ---dc state list---
V/DATA    (  589): [DCT(0) ] DataCallState: { cid: 0, active: 1, type: , apn: pta, address: 10.137.222.22 }
V/DATA    (  589): [DCT(0) ] ---dc list---
V/DATA    (  589): [DCT(0) ] cid = 0, state = DcActiveState, bearerType = IP, ipaddress = 10.137.222.22, gw=10.137.222.21, dns=[172.26.38.1, 172.26.38.2]
I/WindowOrientationListener(  457): orientation = 338 Tilt = 40 -- -2 ,  6 ,  6
E/mm-camera(  325): vfe_start_vfe: *(config_state_t *)state 17,  rc 1
E/power   (  457): acquire_wake_lock g_error=2 
E/power   (  457): release_wake_lock g_error=2 
E/power   (  457): acquire_wake_lock g_error=2 
E/power   (  457): release_wake_lock g_error=2 
E/power   (  457): acquire_wake_lock g_error=2 
E/power   (  457): release_wake_lock g_error=2 
E/power   (  457): acquire_wake_lock g_error=2 
E/power   (  457): acquire_wake_lock g_error=2 
E/power   (  457): release_wake_lock g_error=2 
E/power   (  457): release_wake_lock g_error=2 
E/power   (  457): acquire_wake_lock g_error=2 
E/power   (  457): release_wake_lock g_error=2 
E/power   (  457): acquire_wake_lock g_error=2 
E/power   (  457): release_wake_lock g_error=2 
E/power   (  457): acquire_wake_lock g_error=2 
E/power   (  457): release_wake_lock g_error=2 
E/power   (  457): acquire_wake_lock g_error=2 
E/power   (  457): acquire_wake_lock g_error=2 
E/power   (  457): release_wake_lock g_error=2 
E/power   (  457): release_wake_lock g_error=2 
V/QualcommCameraHardware(  325): receive_event_callback: E
E/QualcommCameraHardware(  325): receiveRawPicture: E
V/QualcommCameraHardware(  325): getParameters: EX
I/QualcommCameraHardware(  325): Found a matching camera info for ID 0
I/QualcommCameraHardware(  325): HAL_getCameraInfo: facing = 0, orientation = 90
V/QualcommCameraHardware(  325): getParameters: EX
V/QualcommCameraHardware(  325): constructing MemPool raw ashmem snapshot camera backed by ashmem: 1 frames @ 10077696 uint8_ts, buffer size 10077696
V/QualcommCameraHardware(  325): <=PCAM=> memcpy : total raw heap size = 0x99d000
E/DataRouter(  332): DrReadUsbStatus returns false USB is offline 
E/DataRouter(  332): DrReadUsbStatus returns false USB is offline 
V/QualcommCameraHardware(  325): <------- Start Thumbnail Image data ------->
V/QualcommCameraHardware(  325): @@@ Send Postview Image ! 
V/QualcommCameraHardware(  325): setExifChangedAttribute  E
V/QualcommCameraHardware(  325): native_get_ext_config E (cmd = 36)
V/QualcommCameraHardware(  325): native_get_ext_config E (cmd = 36)
V/QualcommCameraHardware(  325): native_get_ext_config E (cmd = 36)
V/QualcommCameraHardware(  325): native_get_ext_config E (cmd = 36)
E/JpegEncoder(  325): makeExif E
E/JpegEncoder(  325): makeExif -- 1
E/JpegEncoder(  325): makeExif -- 2
E/JpegEncoder(  325): makeExif -- 3
E/JpegEncoder(  325): makeExif -- 4
E/JpegEncoder(  325): makeExif X
V/QualcommCameraHardware(  325): <=PCAM=> JpegExifSize :48571
V/QualcommCameraHardware(  325): <=PCAM=> JpegExifSize : 48571 
V/QualcommCameraHardware(  325): <=PCAM=> JpegExifSize1 : 48571 
V/QualcommCameraHardware(  325): <=PCAM=> JpegExifSize2 : 48571 
V/QualcommCameraHardware(  325): <=PCAM=> JpegExifSize3 : 48571 
V/QualcommCameraHardware(  325): <=PCAM=> JpegExifSize4 : 48571 
V/QualcommCameraHardware(  325): <=PCAM=> JpegExifSize5 : 48571 
I/ShotSingle(  325): CAMERA_MSG_COMPRESSED_IMAGE E
I/WindowOrientationListener(  457): orientation = 340 Tilt = 43 -- -2 ,  6 ,  6
I/ShotSingle(  325): CAMERA_MSG_COMPRESSED_IMAGE X
V/QualcommCameraHardware(  325): <=PCAM=> JpegExifSize6 : 205 
V/QualcommCameraHardware(  325): <=PCAM=> JpegExifSize7 : 48571 
V/QualcommCameraHardware(  325): <=PCAM=> JpegExifSize8 : 
V/QualcommCameraHardware(  325): deinitRawSnapshot E
I/QualcommCameraHardware(  325): ~PmemPool: raw pmem snapshot camera E
V/QualcommCameraHardware(  325): register_buf:  reg = 1 buffer = 0x42aff000
I/QualcommCameraHardware(  325): ~PmemPool: raw pmem snapshot camera X
V/QualcommCameraHardware(  325): destroying MemPool raw pmem snapshot camera
V/QualcommCameraHardware(  325): destroying MemPool raw pmem snapshot camera completed
V/QualcommCameraHardware(  325): deinitRawSnapshot X
V/QualcommCameraHardware(  325): <=PCAM=> JpegExifSize9 : 
V/QualcommCameraHardware(  325): <=PCAM=> JpegExifSize10 : 
V/QualcommCameraHardware(  325): receiveRawPicture: X
I/QualcommCameraHardware(  325): runSnapshotThread X
D/QualcommCameraHardware(  325): snapshot_thread X
D/dalvikvm(10440): GC_FOR_MALLOC freed 423K, 47% free 3615K/6727K, external 502K/1281K, paused 19ms
I/dalvikvm-heap(10440): Grow heap (frag case) to 8.387MB for 2500903-byte allocation
V/QualcommCameraHardware(  325): getParameters: EX
D/SecCameraCoreManager(  325): virtual android::status_t android::SecCameraCoreManager::startPreview():start IT Policy checking thread
E/ShotSingle(  325): startPreview - mUseOverlay(1)
V/QualcommCameraHardware(  325): getParameters: EX
V/QualcommCameraHardware(  325): getParameters: EX
V/QualcommCameraHardware(  325): startPreview E
V/QualcommCameraHardware(  325): in startPreviewInternal : E
V/QualcommCameraHardware(  325): initPreview E: preview size=640x480 videosize = 640 x 480
I/QualcommCameraHardware(  325): initPreview : preview size=640x480 videosize = 640 x 480
V/QualcommCameraHardware(  325): mDimension.prev_format = 1
V/QualcommCameraHardware(  325): mDimension.display_luma_width = 640
V/QualcommCameraHardware(  325): mDimension.display_luma_height = 480
V/QualcommCameraHardware(  325): mDimension.display_chroma_width = 640
V/QualcommCameraHardware(  325): mDimension.display_chroma_height = 480
V/QualcommCameraHardware(  325): CAMERA_PARM_DIMENSION
E/mm-camera(  325): vfe_util_get_sensor_info: mode=3
E/mm-camera(  325): m5mo_video_config, sfd = 48
D/dalvikvm(10440): GC_FOR_MALLOC freed 0K, 35% free 6057K/9223K, external 502K/1281K, paused 18ms
D/dalvikvm(10440): GC_CONCURRENT freed 0K, 35% free 6057K/9223K, external 502K/1281K, paused 2ms+2ms
E/power   (  457): acquire_wake_lock g_error=2 
E/power   (  457): release_wake_lock g_error=2 
E/power   (  457): acquire_wake_lock g_error=2 
E/power   (  457): release_wake_lock g_error=2 
E/power   (  457): acquire_wake_lock g_error=2 
E/power   (  457): release_wake_lock g_error=2 
E/power   (  457): acquire_wake_lock g_error=2 
E/power   (  457): release_wake_lock g_error=2 
E/power   (  457): acquire_wake_lock g_error=2 
E/power   (  457): release_wake_lock g_error=2 
E/power   (  457): acquire_wake_lock g_error=2 
E/power   (  457): release_wake_lock g_error=2 
E/power   (  457): acquire_wake_lock g_error=2 
E/power   (  457): release_wake_lock g_error=2 
E/power   (  457): acquire_wake_lock g_error=2 
E/power   (  457): release_wake_lock g_error=2 
E/power   (  457): acquire_wake_lock g_error=2 
E/power   (  457): release_wake_lock g_error=2 
I/QualcommCameraHardware(  325): constructing MemPool preview backed by pmem pool /dev/pmem_adsp: 4 frames @ 460800 bytes, buffer size 460800
V/QualcommCameraHardware(  325): pmem pool /dev/pmem_adsp ioctl(fd = 65, PMEM_GET_SIZE) is 1851392
D/QualcommCameraHardware(  325): mBufferSize=460800, mAlignedBufferSize=462848
D/QualcommCameraHardware(  325): num_buffers = 4
V/QualcommCameraHardware(  325): register_buf:  reg = 0 buffer = 0x42342000
V/QualcommCameraHardware(  325): register_buf:  reg = 0 buffer = 0x423b3000
V/QualcommCameraHardware(  325): register_buf:  reg = 0 buffer = 0x42424000
V/QualcommCameraHardware(  325): register_buf:  reg = 0 buffer = 0x42495000
I/QualcommCameraHardware(  325): PmemPool: (preview) X 
V/QualcommCameraHardware(  325): setDIS E
V/QualcommCameraHardware(  325): mDisEnabled = 0
V/QualcommCameraHardware(  325): setDIS X (1)
V/QualcommCameraHardware(  325): initREcord E
I/QualcommCameraHardware(  325): initRecord: mDimension.video_width = 640 mDimension.video_height = 480
V/QualcommCameraHardware(  325): mRecordFrameSize = 460800
I/QualcommCameraHardware(  325): constructing MemPool record backed by pmem pool /dev/pmem_smipool: 9 frames @ 460800 bytes, buffer size 460800
V/QualcommCameraHardware(  325): pmem pool /dev/pmem_smipool ioctl(fd = 67, PMEM_GET_SIZE) is 4165632
D/QualcommCameraHardware(  325): mBufferSize=460800, mAlignedBufferSize=462848
D/QualcommCameraHardware(  325): num_buffers = 9
V/QualcommCameraHardware(  325):  pmempool creating video buffers : active 1 
V/QualcommCameraHardware(  325): register_buf:  reg = 0 buffer = 0x42506000
V/QualcommCameraHardware(  325):  pmempool creating video buffers : active 1 
V/QualcommCameraHardware(  325): register_buf:  reg = 0 buffer = 0x42577000
V/QualcommCameraHardware(  325):  pmempool creating video buffers : active 1 
V/QualcommCameraHardware(  325): register_buf:  reg = 0 buffer = 0x425e8000
V/QualcommCameraHardware(  325):  pmempool creating video buffers : active 0 
V/QualcommCameraHardware(  325): register_buf:  reg = 0 buffer = 0x42659000
V/QualcommCameraHardware(  325):  pmempool creating video buffers : active 0 
V/QualcommCameraHardware(  325): register_buf:  reg = 0 buffer = 0x426ca000
V/QualcommCameraHardware(  325):  pmempool creating video buffers : active 0 
V/QualcommCameraHardware(  325): register_buf:  reg = 0 buffer = 0x4273b000
V/QualcommCameraHardware(  325):  pmempool creating video buffers : active 0 
V/QualcommCameraHardware(  325): register_buf:  reg = 0 buffer = 0x427ac000
V/QualcommCameraHardware(  325):  pmempool creating video buffers : active 0 
V/QualcommCameraHardware(  325): register_buf:  reg = 0 buffer = 0x4281d000
V/QualcommCameraHardware(  325):  pmempool creating video buffers : active 1 
V/QualcommCameraHardware(  325): register_buf:  reg = 0 buffer = 0x4288e000
I/QualcommCameraHardware(  325): PmemPool: (record) X 
V/QualcommCameraHardware(  325): initRecord :  record heap , video buffers  buffer=1112563712 fd=67 y_off=0 cbcr_off=307200 
V/QualcommCameraHardware(  325): initRecord :  record heap , video buffers  buffer=1113026560 fd=67 y_off=0 cbcr_off=307200 
V/QualcommCameraHardware(  325): initRecord :  record heap , video buffers  buffer=1113489408 fd=67 y_off=0 cbcr_off=307200 
V/QualcommCameraHardware(  325): initRecord :  record heap , video buffers  buffer=1113952256 fd=67 y_off=0 cbcr_off=307200 
V/QualcommCameraHardware(  325): initRecord :  record heap , video buffers  buffer=1114415104 fd=67 y_off=0 cbcr_off=307200 
V/QualcommCameraHardware(  325): initRecord :  record heap , video buffers  buffer=1114877952 fd=67 y_off=0 cbcr_off=307200 
V/QualcommCameraHardware(  325): initRecord :  record heap , video buffers  buffer=1115340800 fd=67 y_off=0 cbcr_off=307200 
V/QualcommCameraHardware(  325): initRecord :  record heap , video buffers  buffer=1115803648 fd=67 y_off=0 cbcr_off=307200 
V/QualcommCameraHardware(  325): initRecord :  record heap , video buffers  buffer=1116266496 fd=67 y_off=0 cbcr_off=307200 
V/QualcommCameraHardware(  325): cam_frame_flush_video: in n = 0
V/QualcommCameraHardware(  325): cam_frame_flush_video: out n = 0
V/QualcommCameraHardware(  325): initREcord X
V/QualcommCameraHardware(  325): initPreview X: 1
E/QualcommCameraHardware(  325): Calling CAMERA_OPS_STREAMING_VIDEO
E/mm-camera(  325): postproc_set_key: Sending IOCTL_PICT_PP: PP_KEY = 0 4
E/mm-camera(  325): vfe_reset_vfe: vfe_util_sendcmd:3(rc = 1) 
E/CAM_FD  (  325): Sensor Mode HFR off
E/mm-camera(  325): vfe_util_get_sensor_info: mode=3
D/QualcommCameraHardware(  325): frame_thread E
V/QualcommCameraHardware(  325): runFrameThread E
E/mm-camera(  325): cam_set_vtmode : Enter with vtmode - (0)
E/mm-camera(  325): cam_set_vtCameraID : Enter with vtCameraID - (0)
E/mm-camera(  325): cam_set_vtOrientation : Enter with Orientation - (0)
E/mm-camera(  325): cam_set_vtDimension : Enter : width-(0), height-(0)
I/QualcommCameraHardware(  325): preview_thread E
V/QualcommCameraHardware(  325): startPreviewInternal X
I/StatusActivity(10440): 1332962267237: Picture successfully taken, ORIG BYTE LENGTH = 2500887
E/QualcommCameraHardware(  325): ignoring preview callback--1
D/dalvikvm(10440): GC_EXTERNAL_ALLOC freed <1K, 35% free 6057K/9223K, external 502K/1281K, paused 32ms
E/QualcommCameraHardware(  325): ignoring preview callback--0
D/QualcommCameraHardware(  325):  receivePreviewFrame : first frame queued, display heap being deallocated
I/WindowOrientationListener(  457): orientation = 342 Tilt = 44 -- -1 ,  6 ,  6
I/VCoreDaemon.java(10440): inside stateTransition ......................................................................................
I/..... VCoreDaemon.java(10440): targetState = JOINING
I/..... VCoreDaemon.java(10440): ends xxxxxxxxxxxxxxxxxxxxxxxxxxxxxxxxxxxxxxxxxxx
I/VCoreDaemon(10440): 1332962267950: sending LEADER_REQUEST
I/VCoreDaemon(10440): 1332962267951: inside sendPacket(Packet p)
I/NetworkThread(10440): 1332962267952: Sending UDP payload: 406
E/power   (  457): acquire_wake_lock g_error=2 
E/power   (  457): release_wake_lock g_error=2 
E/power   (  457): acquire_wake_lock g_error=2 
E/power   (  457): acquire_wake_lock g_error=2 
E/power   (  457): release_wake_lock g_error=2 
E/power   (  457): release_wake_lock g_error=2 
E/power   (  457): acquire_wake_lock g_error=2 
E/power   (  457): release_wake_lock g_error=2 
E/power   (  457): acquire_wake_lock g_error=2 
E/power   (  457): acquire_wake_lock g_error=2 
E/power   (  457): release_wake_lock g_error=2 
E/power   (  457): release_wake_lock g_error=2 
E/power   (  457): acquire_wake_lock g_error=2 
E/power   (  457): acquire_wake_lock g_error=2 
E/power   (  457): release_wake_lock g_error=2 
E/power   (  457): release_wake_lock g_error=2 
E/power   (  457): acquire_wake_lock g_error=2 
E/power   (  457): release_wake_lock g_error=2 
I/StatusActivity(10440): 1332962268222: Our new height x width: 306 x 408
I/StatusActivity(10440): 1332962268223: Show photo from handle my camera take
I/StatusActivity(10440): 1332962268223: client making photo packet to send to leader for it to save
I/StatusActivity(10440): 1332962268242: BYTE SIZE AFTER COMPRESSION: 5267
I/VCoreDaemon(10440): 1332962268251: sending LEADER_REQUEST
I/VCoreDaemon(10440): 1332962268251: inside sendPacket(Packet p)
I/NetworkThread(10440): 1332962268253: Sending UDP payload: 406
I/VCoreDaemon(10440): 1332962268552: sending LEADER_REQUEST
I/VCoreDaemon(10440): 1332962268552: inside sendPacket(Packet p)
I/NetworkThread(10440): 1332962268556: Sending UDP payload: 406
I/NetworkThread(10440): 1332962268725: Received UDP payload: 51499
I/VCoreDaemon(10440): 1332962268733: heard LEADER_REPLY from 5010
I/VCoreDaemon.java(10440): inside stateTransition ......................................................................................
I/..... VCoreDaemon.java(10440): targetState = NONLEADER
I/VCoreDaemon(10440): 1332962268734: now NONLEADER (id=5001) following LEADER (id=5010) in (1,0)
I/..... VCoreDaemon.java(10440): ends xxxxxxxxxxxxxxxxxxxxxxxxxxxxxxxxxxxxxxxxxxx
I/WindowOrientationListener(  457): orientation = 355 Tilt = 31 -- 0 ,  8 ,  5
E/power   (  457): acquire_wake_lock g_error=2 
E/power   (  457): acquire_wake_lock g_error=2 
E/power   (  457): release_wake_lock g_error=2 
E/power   (  457): release_wake_lock g_error=2 
E/power   (  457): acquire_wake_lock g_error=2 
E/power   (  457): release_wake_lock g_error=2 
E/power   (  457): acquire_wake_lock g_error=2 
E/power   (  457): release_wake_lock g_error=2 
E/power   (  457): acquire_wake_lock g_error=2 
E/power   (  457): release_wake_lock g_error=2 
E/power   (  457): acquire_wake_lock g_error=2 
E/power   (  457): acquire_wake_lock g_error=2 
E/power   (  457): release_wake_lock g_error=2 
E/power   (  457): release_wake_lock g_error=2 
E/power   (  457): acquire_wake_lock g_error=2 
E/power   (  457): release_wake_lock g_error=2 
E/power   (  457): acquire_wake_lock g_error=2 
E/power   (  457): release_wake_lock g_error=2 
E/DataRouter(  332): DrReadUsbStatus returns false USB is offline 
E/DataRouter(  332): DrReadUsbStatus returns false USB is offline 
I/NetworkThread(10440): 1332962269742: Received UDP payload: 51499
I/WindowOrientationListener(  457): orientation = 352 Tilt = 47 -- 0 ,  6 ,  7
E/power   (  457): acquire_wake_lock g_error=2 
E/power   (  457): release_wake_lock g_error=2 
E/power   (  457): acquire_wake_lock g_error=2 
E/power   (  457): acquire_wake_lock g_error=2 
E/power   (  457): release_wake_lock g_error=2 
E/power   (  457): release_wake_lock g_error=2 
E/power   (  457): acquire_wake_lock g_error=2 
E/power   (  457): release_wake_lock g_error=2 
E/power   (  457): acquire_wake_lock g_error=2 
E/power   (  457): release_wake_lock g_error=2 
E/power   (  457): acquire_wake_lock g_error=2 
E/power   (  457): release_wake_lock g_error=2 
E/power   (  457): acquire_wake_lock g_error=2 
E/power   (  457): acquire_wake_lock g_error=2 
E/power   (  457): release_wake_lock g_error=2 
E/power   (  457): release_wake_lock g_error=2 
E/power   (  457): acquire_wake_lock g_error=2 
E/power   (  457): release_wake_lock g_error=2 
I/WindowOrientationListener(  457): orientation = 1 Tilt = 58 -- 0 ,  5 ,  8
E/power   (  457): acquire_wake_lock g_error=2 
E/power   (  457): release_wake_lock g_error=2 
E/power   (  457): acquire_wake_lock g_error=2 
E/power   (  457): release_wake_lock g_error=2 
E/power   (  457): acquire_wake_lock g_error=2 
E/power   (  457): acquire_wake_lock g_error=2 
E/power   (  457): release_wake_lock g_error=2 
E/power   (  457): release_wake_lock g_error=2 
E/power   (  457): acquire_wake_lock g_error=2 
E/power   (  457): release_wake_lock g_error=2 
E/power   (  457): acquire_wake_lock g_error=2 
E/power   (  457): release_wake_lock g_error=2 
E/power   (  457): acquire_wake_lock g_error=2 
E/power   (  457): acquire_wake_lock g_error=2 
E/power   (  457): release_wake_lock g_error=2 
E/power   (  457): acquire_wake_lock g_error=2 
E/power   (  457): release_wake_lock g_error=2 
E/power   (  457): release_wake_lock g_error=2 
D/dalvikvm( 3478): GC_EXPLICIT freed 21K, 42% free 3140K/5379K, external 0K/0K, paused 61ms
E/DataRouter(  332): DrReadUsbStatus returns false USB is offline 
E/DataRouter(  332): DrReadUsbStatus returns false USB is offline 
I/InputReader(  457): dispatchTouch::touch event's action is 0, pending(waiting finished signal)=0
I/InputDispatcher(  457): Delivering touch to current input target: action: 0, channel '40cd1ad0 edu.mit.csail.diplomamatrix/edu.mit.csail.diplomamatrix.StatusActivity (server)'
I/InputDispatcher(  457): Delivering touch to current input target: action: 0, channel 'PenGestureView (server)'
I/WindowOrientationListener(  457): orientation = 350 Tilt = 57 -- -1 ,  4 ,  8
W/AbsListView(10440): ++++++setScrollBooster mScrollDvfsOn = true
E/MP-Decision(  826): Error(-22) changing core status to online
E/power   (  457): acquire_wake_lock g_error=2 
E/power   (  457): release_wake_lock g_error=2 
E/power   (  457): acquire_wake_lock g_error=2 
E/power   (  457): release_wake_lock g_error=2 
E/power   (  457): acquire_wake_lock g_error=2 
E/power   (  457): release_wake_lock g_error=2 
E/power   (  457): acquire_wake_lock g_error=2 
E/power   (  457): release_wake_lock g_error=2 
E/power   (  457): acquire_wake_lock g_error=2 
E/power   (  457): release_wake_lock g_error=2 
E/power   (  457): acquire_wake_lock g_error=2 
E/power   (  457): release_wake_lock g_error=2 
E/power   (  457): acquire_wake_lock g_error=2 
E/power   (  457): release_wake_lock g_error=2 
E/power   (  457): acquire_wake_lock g_error=2 
E/power   (  457): release_wake_lock g_error=2 
E/power   (  457): acquire_wake_lock g_error=2 
E/power   (  457): release_wake_lock g_error=2 
I/WindowOrientationListener(  457): orientation = 341 Tilt = 55 -- -2 ,  5 ,  7
E/power   (  457): acquire_wake_lock g_error=2 
E/power   (  457): release_wake_lock g_error=2 
E/power   (  457): acquire_wake_lock g_error=2 
E/power   (  457): release_wake_lock g_error=2 
E/power   (  457): acquire_wake_lock g_error=2 
E/power   (  457): release_wake_lock g_error=2 
E/power   (  457): acquire_wake_lock g_error=2 
E/power   (  457): release_wake_lock g_error=2 
E/power   (  457): acquire_wake_lock g_error=2 
E/power   (  457): release_wake_lock g_error=2 
E/power   (  457): acquire_wake_lock g_error=2 
E/power   (  457): release_wake_lock g_error=2 
E/power   (  457): acquire_wake_lock g_error=2 
E/power   (  457): release_wake_lock g_error=2 
E/power   (  457): acquire_wake_lock g_error=2 
E/power   (  457): release_wake_lock g_error=2 
E/power   (  457): acquire_wake_lock g_error=2 
E/power   (  457): release_wake_lock g_error=2 
I/InputReader(  457): dispatchTouch::touch event's action (MT) is 261, pending(waiting finished signal)=1
I/InputDispatcher(  457): Delivering touch to current input target: action: 261, channel '40cd1ad0 edu.mit.csail.diplomamatrix/edu.mit.csail.diplomamatrix.StatusActivity (server)'
I/InputDispatcher(  457): Delivering touch to current input target: action: 261, channel 'PenGestureView (server)'
I/WindowOrientationListener(  457): orientation = 328 Tilt = 47 -- -3 ,  5 ,  7
E/power   (  457): acquire_wake_lock g_error=2 
E/power   (  457): release_wake_lock g_error=2 
E/power   (  457): acquire_wake_lock g_error=2 
E/power   (  457): release_wake_lock g_error=2 
E/power   (  457): acquire_wake_lock g_error=2 
E/power   (  457): release_wake_lock g_error=2 
E/power   (  457): acquire_wake_lock g_error=2 
E/power   (  457): release_wake_lock g_error=2 
E/power   (  457): acquire_wake_lock g_error=2 
E/power   (  457): release_wake_lock g_error=2 
E/power   (  457): acquire_wake_lock g_error=2 
E/power   (  457): release_wake_lock g_error=2 
E/power   (  457): acquire_wake_lock g_error=2 
E/power   (  457): release_wake_lock g_error=2 
E/power   (  457): acquire_wake_lock g_error=2 
E/power   (  457): release_wake_lock g_error=2 
E/power   (  457): acquire_wake_lock g_error=2 
E/power   (  457): release_wake_lock g_error=2 
I/InputReader(  457): dispatchTouch::touch event's action (MT) is 6, pending(waiting finished signal)=0
I/InputDispatcher(  457): Delivering touch to current input target: action: 6, channel '40cd1ad0 edu.mit.csail.diplomamatrix/edu.mit.csail.diplomamatrix.StatusActivity (server)'
I/InputDispatcher(  457): Delivering touch to current input target: action: 6, channel 'PenGestureView (server)'
E/DataRouter(  332): DrReadUsbStatus returns false USB is offline 
E/DataRouter(  332): DrReadUsbStatus returns false USB is offline 
D/dalvikvm(  457): GC_FOR_MALLOC freed 1816K, 39% free 8242K/13383K, external 3697K/4616K, paused 68ms
I/WindowOrientationListener(  457): orientation = 323 Tilt = 47 -- -3 ,  5 ,  7
E/power   (  457): acquire_wake_lock g_error=2 
E/power   (  457): release_wake_lock g_error=2 
E/power   (  457): acquire_wake_lock g_error=2 
E/power   (  457): release_wake_lock g_error=2 
E/power   (  457): acquire_wake_lock g_error=2 
E/power   (  457): release_wake_lock g_error=2 
E/power   (  457): acquire_wake_lock g_error=2 
E/power   (  457): release_wake_lock g_error=2 
E/power   (  457): acquire_wake_lock g_error=2 
E/power   (  457): release_wake_lock g_error=2 
E/power   (  457): acquire_wake_lock g_error=2 
E/power   (  457): release_wake_lock g_error=2 
E/power   (  457): acquire_wake_lock g_error=2 
E/power   (  457): release_wake_lock g_error=2 
E/power   (  457): acquire_wake_lock g_error=2 
E/power   (  457): release_wake_lock g_error=2 
E/power   (  457): acquire_wake_lock g_error=2 
E/power   (  457): release_wake_lock g_error=2 
I/WindowOrientationListener(  457): orientation = 325 Tilt = 44 -- -3 ,  5 ,  6
E/power   (  457): acquire_wake_lock g_error=2 
E/power   (  457): release_wake_lock g_error=2 
E/power   (  457): acquire_wake_lock g_error=2 
E/power   (  457): release_wake_lock g_error=2 
E/power   (  457): acquire_wake_lock g_error=2 
E/power   (  457): acquire_wake_lock g_error=2 
E/power   (  457): release_wake_lock g_error=2 
E/power   (  457): acquire_wake_lock g_error=2 
E/power   (  457): release_wake_lock g_error=2 
E/power   (  457): release_wake_lock g_error=2 
E/power   (  457): acquire_wake_lock g_error=2 
E/power   (  457): release_wake_lock g_error=2 
E/power   (  457): acquire_wake_lock g_error=2 
E/power   (  457): acquire_wake_lock g_error=2 
E/power   (  457): release_wake_lock g_error=2 
--------- beginning of /dev/log/system
D/RPC     (  457): 3000008c:00050000 received CALL.
D/RPC     (  457): 3000008c:00050000 dispatching RPC call (XID 67536, xdr 0x3cd060) for callback client 3100008c:00050001.
D/RPC     (  457): 3100008c:327681 sending RPC reply (XID 67536)
D/RPC     (  457): 3000008c:00050000 received CALL.
D/RPC     (  457): 3000008c:00050000 dispatching RPC call (XID 67537, xdr 0x3cd060) for callback client 3100008c:00050001.
D/RPC     (  457): 3100008c:327681 sending RPC reply (XID 67537)
D/RPC     (  457): 3000008c:00050000 received CALL.
D/RPC     (  457): 3000008c:00050000 dispatching RPC call (XID 67538, xdr 0x3cd060) for callback client 3100008c:00050001.
E/power   (  457): release_wake_lock g_error=2 
D/RPC     (  457): 3100008c:327681 sending RPC reply (XID 67538)
E/power   (  457): acquire_wake_lock g_error=2 
E/power   (  457): release_wake_lock g_error=2 
D/RPC     (  457): 3000008c:00050000 received CALL.
D/RPC     (  457): 3000008c:00050000 dispatching RPC call (XID 67539, xdr 0x3cd060) for callback client 3100008c:00050001.
D/RPC     (  457): 3100008c:327681 sending RPC reply (XID 67539)
I/InputReader(  457): dispatchTouch::touch event's action (MT) is 5, pending(waiting finished signal)=0
I/InputDispatcher(  457): Delivering touch to current input target: action: 5, channel '40cd1ad0 edu.mit.csail.diplomamatrix/edu.mit.csail.diplomamatrix.StatusActivity (server)'
I/InputDispatcher(  457): Delivering touch to current input target: action: 5, channel 'PenGestureView (server)'
I/dalvikvm(10440): Total arena pages for JIT: 11
I/dalvikvm(10440): Total arena pages for JIT: 12
D/dalvikvm( 1753): GC_EXPLICIT freed 187K, 42% free 3165K/5447K, external 0K/0K, paused 87ms
E/DataRouter(  332): DrReadUsbStatus returns false USB is offline 
E/DataRouter(  332): DrReadUsbStatus returns false USB is offline 
I/InputReader(  457): dispatchTouch::touch event's action (MT) is 262, pending(waiting finished signal)=0
I/InputDispatcher(  457): Delivering touch to current input target: action: 262, channel '40cd1ad0 edu.mit.csail.diplomamatrix/edu.mit.csail.diplomamatrix.StatusActivity (server)'
I/InputDispatcher(  457): Delivering touch to current input target: action: 262, channel 'PenGestureView (server)'
I/WindowOrientationListener(  457): orientation = 315 Tilt = 32 -- -5 ,  5 ,  5
E/power   (  457): acquire_wake_lock g_error=2 
E/power   (  457): release_wake_lock g_error=2 
E/power   (  457): acquire_wake_lock g_error=2 
D/RPC     (  457): 3000008c:00050000 received CALL.
D/RPC     (  457): 3000008c:00050000 dispatching RPC call (XID 67540, xdr 0x3cd060) for callback client 3100008c:00050001.
D/RPC     (  457): 3100008c:327681 sending RPC reply (XID 67540)
D/RPC     (  457): 3000008c:00050000 received CALL.
D/RPC     (  457): 3000008c:00050000 dispatching RPC call (XID 67541, xdr 0x3cd060) for callback client 3100008c:00050001.
E/power   (  457): release_wake_lock g_error=2 
E/power   (  457): acquire_wake_lock g_error=2 
E/power   (  457): release_wake_lock g_error=2 
E/power   (  457): acquire_wake_lock g_error=2 
E/power   (  457): release_wake_lock g_error=2 
E/power   (  457): acquire_wake_lock g_error=2 
E/power   (  457): release_wake_lock g_error=2 
E/power   (  457): acquire_wake_lock g_error=2 
E/power   (  457): release_wake_lock g_error=2 
E/power   (  457): acquire_wake_lock g_error=2 
E/power   (  457): acquire_wake_lock g_error=2 
E/power   (  457): release_wake_lock g_error=2 
D/RPC     (  457): 3100008c:327681 sending RPC reply (XID 67541)
D/RPC     (  457): 3000008c:00050000 received CALL.
D/RPC     (  457): 3000008c:00050000 dispatching RPC call (XID 67542, xdr 0x3cd060) for callback client 3100008c:00050001.
D/RPC     (  457): 3100008c:327681 sending RPC reply (XID 67542)
D/RPC     (  457): 3000008c:00050000 received CALL.
D/RPC     (  457): 3000008c:00050000 dispatching RPC call (XID 67543, xdr 0x3cd060) for callback client 3100008c:00050001.
D/RPC     (  457): 3100008c:327681 sending RPC reply (XID 67543)
D/RPC     (  457): 3000008c:00050000 received CALL.
D/RPC     (  457): 3000008c:00050000 dispatching RPC call (XID 67544, xdr 0x3cd060) for callback client 3100008c:00050001.
D/RPC     (  457): 3100008c:327681 sending RPC reply (XID 67544)
D/RPC     (  457): 3000008c:00050000 received CALL.
D/RPC     (  457): 3000008c:00050000 dispatching RPC call (XID 67545, xdr 0x3cd060) for callback client 3100008c:00050001.
D/RPC     (  457): 3100008c:327681 sending RPC reply (XID 67545)
D/RPC     (  457): 3000008c:00050000 received CALL.
D/RPC     (  457): 3000008c:00050000 dispatching RPC call (XID 67546, xdr 0x3cd060) for callback client 3100008c:00050001.
D/RPC     (  457): 3100008c:327681 sending RPC reply (XID 67546)
D/RPC     (  457): 3000008c:00050000 received CALL.
D/RPC     (  457): 3000008c:00050000 dispatching RPC call (XID 67547, xdr 0x3cd060) for callback client 3100008c:00050001.
E/power   (  457): release_wake_lock g_error=2 
E/power   (  457): acquire_wake_lock g_error=2 
E/power   (  457): release_wake_lock g_error=2 
D/RPC     (  457): 3100008c:327681 sending RPC reply (XID 67547)
D/RPC     (  457): 3000008c:00050000 received CALL.
D/RPC     (  457): 3000008c:00050000 dispatching RPC call (XID 67548, xdr 0x3cd060) for callback client 3100008c:00050001.
D/RPC     (  457): 3100008c:327681 sending RPC reply (XID 67548)
I/WindowOrientationListener(  457): orientation = 314 Tilt = 42 -- -5 ,  4 ,  6
E/power   (  457): acquire_wake_lock g_error=2 
D/RPC     (  457): 3000008c:00050000 received CALL.
E/power   (  457): release_wake_lock g_error=2 
I/InputReader(  457): dispatchTouch::touch event's action (MT) is 261, pending(waiting finished signal)=0
E/power   (  457): acquire_wake_lock g_error=2 
I/InputDispatcher(  457): Delivering touch to current input target: action: 261, channel '40cd1ad0 edu.mit.csail.diplomamatrix/edu.mit.csail.diplomamatrix.StatusActivity (server)'
I/InputDispatcher(  457): Delivering touch to current input target: action: 261, channel 'PenGestureView (server)'
D/RPC     (  457): 3000008c:00050000 dispatching RPC call (XID 67549, xdr 0x3cd060) for callback client 3100008c:00050001.
D/RPC     (  457): 3100008c:327681 sending RPC reply (XID 67549)
D/RPC     (  457): 3000008c:00050000 received CALL.
D/RPC     (  457): 3000008c:00050000 dispatching RPC call (XID 67550, xdr 0x3cd060) for callback client 3100008c:00050001.
E/power   (  457): release_wake_lock g_error=2 
E/power   (  457): acquire_wake_lock g_error=2 
E/power   (  457): release_wake_lock g_error=2 
E/power   (  457): acquire_wake_lock g_error=2 
E/power   (  457): release_wake_lock g_error=2 
E/power   (  457): acquire_wake_lock g_error=2 
E/power   (  457): release_wake_lock g_error=2 
E/power   (  457): acquire_wake_lock g_error=2 
E/power   (  457): release_wake_lock g_error=2 
E/power   (  457): acquire_wake_lock g_error=2 
D/RPC     (  457): 3100008c:327681 sending RPC reply (XID 67550)
D/RPC     (  457): 3000008c:00050000 received CALL.
D/RPC     (  457): 3000008c:00050000 dispatching RPC call (XID 67551, xdr 0x3cd060) for callback client 3100008c:00050001.
D/RPC     (  457): 3100008c:327681 sending RPC reply (XID 67551)
D/RPC     (  457): 3000008c:00050000 received CALL.
D/RPC     (  457): 3000008c:00050000 dispatching RPC call (XID 67552, xdr 0x3cd060) for callback client 3100008c:00050001.
D/RPC     (  457): 3100008c:327681 sending RPC reply (XID 67552)
D/RPC     (  457): 3000008c:00050000 received CALL.
D/RPC     (  457): 3000008c:00050000 dispatching RPC call (XID 67553, xdr 0x3cd060) for callback client 3100008c:00050001.
D/RPC     (  457): 3100008c:327681 sending RPC reply (XID 67553)
D/RPC     (  457): 3000008c:00050000 received CALL.
D/RPC     (  457): 3000008c:00050000 dispatching RPC call (XID 67554, xdr 0x3cd060) for callback client 3100008c:00050001.
D/RPC     (  457): 3100008c:327681 sending RPC reply (XID 67554)
D/RPC     (  457): 3000008c:00050000 received CALL.
D/RPC     (  457): 3000008c:00050000 dispatching RPC call (XID 67555, xdr 0x3cd060) for callback client 3100008c:00050001.
E/power   (  457): release_wake_lock g_error=2 
E/power   (  457): acquire_wake_lock g_error=2 
E/power   (  457): release_wake_lock g_error=2 
E/power   (  457): acquire_wake_lock g_error=2 
E/power   (  457): release_wake_lock g_error=2 
D/RPC     (  457): 3100008c:327681 sending RPC reply (XID 67555)
D/RPC     (  457): 3000008c:00050000 received CALL.
D/RPC     (  457): 3000008c:00050000 dispatching RPC call (XID 67556, xdr 0x3cd060) for callback client 3100008c:00050001.
D/RPC     (  457): 3100008c:327681 sending RPC reply (XID 67556)
D/RPC     (  457): 3000008c:00050000 received CALL.
D/RPC     (  457): 3000008c:00050000 dispatching RPC call (XID 67557, xdr 0x3cd060) for callback client 3100008c:00050001.
D/RPC     (  457): 3100008c:327681 sending RPC reply (XID 67557)
I/InputReader(  457): dispatchTouch::touch event's action (MT) is 6, pending(waiting finished signal)=0
I/InputDispatcher(  457): Delivering touch to current input target: action: 6, channel '40cd1ad0 edu.mit.csail.diplomamatrix/edu.mit.csail.diplomamatrix.StatusActivity (server)'
I/InputDispatcher(  457): Delivering touch to current input target: action: 6, channel 'PenGestureView (server)'
I/WindowOrientationListener(  457): orientation = 306 Tilt = 39 -- -5 ,  4 ,  5
E/power   (  457): acquire_wake_lock g_error=2 
E/power   (  457): release_wake_lock g_error=2 
E/power   (  457): acquire_wake_lock g_error=2 
E/power   (  457): release_wake_lock g_error=2 
D/RPC     (  457): 3000008c:00050000 received CALL.
D/RPC     (  457): 3000008c:00050000 dispatching RPC call (XID 67558, xdr 0x3cd060) for callback client 3100008c:00050001.
D/RPC     (  457): 3100008c:327681 sending RPC reply (XID 67558)
D/RPC     (  457): 3000008c:00050000 received CALL.
D/RPC     (  457): 3000008c:00050000 dispatching RPC call (XID 67559, xdr 0x3cd060) for callback client 3100008c:00050001.
D/RPC     (  457): 3100008c:327681 sending RPC reply (XID 67559)
E/power   (  457): acquire_wake_lock g_error=2 
E/power   (  457): release_wake_lock g_error=2 
E/power   (  457): acquire_wake_lock g_error=2 
E/power   (  457): release_wake_lock g_error=2 
E/power   (  457): acquire_wake_lock g_error=2 
E/power   (  457): release_wake_lock g_error=2 
E/power   (  457): acquire_wake_lock g_error=2 
E/power   (  457): release_wake_lock g_error=2 
E/power   (  457): acquire_wake_lock g_error=2 
E/power   (  457): release_wake_lock g_error=2 
E/power   (  457): acquire_wake_lock g_error=2 
E/power   (  457): release_wake_lock g_error=2 
E/power   (  457): acquire_wake_lock g_error=2 
E/power   (  457): release_wake_lock g_error=2 
D/RPC     (  457): 3000008c:00050000 received CALL.
D/RPC     (  457): 3000008c:00050000 dispatching RPC call (XID 67560, xdr 0x3cd060) for callback client 3100008c:00050001.
D/RPC     (  457): 3100008c:327681 sending RPC reply (XID 67560)
D/RPC     (  457): 3000008c:00050000 received CALL.
D/RPC     (  457): 3000008c:00050000 dispatching RPC call (XID 67561, xdr 0x3cd060) for callback client 3100008c:00050001.
D/RPC     (  457): 3100008c:327681 sending RPC reply (XID 67561)
D/RPC     (  457): 3000008c:00050000 received CALL.
D/RPC     (  457): 3000008c:00050000 dispatching RPC call (XID 67562, xdr 0x3cd060) for callback client 3100008c:00050001.
D/RPC     (  457): 3100008c:327681 sending RPC reply (XID 67562)
D/RPC     (  457): 3000008c:00050000 received CALL.
D/RPC     (  457): 3000008c:00050000 dispatching RPC call (XID 67563, xdr 0x3cd060) for callback client 3100008c:00050001.
D/RPC     (  457): 3100008c:327681 sending RPC reply (XID 67563)
D/RPC     (  457): 3000008c:00050000 received CALL.
D/RPC     (  457): 3000008c:00050000 dispatching RPC call (XID 67564, xdr 0x3cd060) for callback client 3100008c:00050001.
D/RPC     (  457): 3100008c:327681 sending RPC reply (XID 67564)
D/RPC     (  457): 3000008c:00050000 received CALL.
D/RPC     (  457): 3000008c:00050000 dispatching RPC call (XID 67565, xdr 0x3cd060) for callback client 3100008c:00050001.
D/RPC     (  457): 3100008c:327681 sending RPC reply (XID 67565)
D/RPC     (  457): 3000008c:00050000 received CALL.
D/RPC     (  457): 3000008c:00050000 dispatching RPC call (XID 67566, xdr 0x3cd060) for callback client 3100008c:00050001.
D/RPC     (  457): 3100008c:327681 sending RPC reply (XID 67566)
E/DataRouter(  332): DrReadUsbStatus returns false USB is offline 
E/DataRouter(  332): DrReadUsbStatus returns false USB is offline 
I/WindowOrientationListener(  457): orientation = 311 Tilt = 50 -- -4 ,  4 ,  7
E/AlarmManagerService(  457): android_server_AlarmManagerService_set to type=1, 1332993600.000000000
V/AlarmManager(  457): sending alarm Alarm{40a10028 type 1 android}
E/AlarmManagerService(  457): android_server_AlarmManagerService_set to type=1, 1332962340.000000000
I/ActivityManager(  457): No longer want com.wssyncmldm (pid 9359): hidden #21
V/AlarmManager(  457): Adding alarm Alarm{40559e58 type 1 android} at 0
W/ActivityManager(  457): Scheduling restart of crashed service com.wssyncmldm/.DMService in 5000ms
E/power   (  457): acquire_wake_lock g_error=2 
E/power   (  457): release_wake_lock g_error=2 
E/power   (  457): acquire_wake_lock g_error=2 
E/power   (  457): release_wake_lock g_error=2 
E/power   (  457): acquire_wake_lock g_error=2 
E/power   (  457): release_wake_lock g_error=2 
E/power   (  457): acquire_wake_lock g_error=2 
E/power   (  457): release_wake_lock g_error=2 
E/power   (  457): acquire_wake_lock g_error=2 
D/RPC     (  457): 3000008c:00050000 received CALL.
D/RPC     (  457): 3000008c:00050000 dispatching RPC call (XID 67567, xdr 0x3cd060) for callback client 3100008c:00050001.
D/RPC     (  457): 3100008c:327681 sending RPC reply (XID 67567)
D/RPC     (  457): 3000008c:00050000 received CALL.
D/RPC     (  457): 3000008c:00050000 dispatching RPC call (XID 67568, xdr 0x3cd060) for callback client 3100008c:00050001.
D/RPC     (  457): 3100008c:327681 sending RPC reply (XID 67568)
D/RPC     (  457): 3000008c:00050000 received CALL.
D/RPC     (  457): 3000008c:00050000 dispatching RPC call (XID 67569, xdr 0x3cd060) for callback client 3100008c:00050001.
D/RPC     (  457): 3100008c:327681 sending RPC reply (XID 67569)
D/RPC     (  457): 3000008c:00050000 received CALL.
D/RPC     (  457): 3000008c:00050000 dispatching RPC call (XID 67570, xdr 0x3cd060) for callback client 3100008c:00050001.
D/RPC     (  457): 3100008c:327681 sending RPC reply (XID 67570)
D/RPC     (  457): 3000008c:00050000 received CALL.
E/power   (  457): release_wake_lock g_error=2 
E/power   (  457): acquire_wake_lock g_error=2 
E/power   (  457): release_wake_lock g_error=2 
E/power   (  457): acquire_wake_lock g_error=2 
E/power   (  457): release_wake_lock g_error=2 
E/power   (  457): acquire_wake_lock g_error=2 
E/power   (  457): release_wake_lock g_error=2 
E/power   (  457): acquire_wake_lock g_error=2 
E/power   (  457): release_wake_lock g_error=2 
D/RPC     (  457): 3000008c:00050000 dispatching RPC call (XID 67571, xdr 0x3cd060) for callback client 3100008c:00050001.
D/RPC     (  457): 3100008c:327681 sending RPC reply (XID 67571)
D/RPC     (  457): 3000008c:00050000 received CALL.
D/RPC     (  457): 3000008c:00050000 dispatching RPC call (XID 67572, xdr 0x3cd060) for callback client 3100008c:00050001.
D/RPC     (  457): 3100008c:327681 sending RPC reply (XID 67572)
D/RPC     (  457): 3000008c:00050000 received CALL.
D/RPC     (  457): 3000008c:00050000 dispatching RPC call (XID 67573, xdr 0x3cd060) for callback client 3100008c:00050001.
D/RPC     (  457): 3100008c:327681 sending RPC reply (XID 67573)
D/RPC     (  457): 3000008c:00050000 received CALL.
D/RPC     (  457): 3000008c:00050000 dispatching RPC call (XID 67574, xdr 0x3cd060) for callback client 3100008c:00050001.
D/RPC     (  457): 3100008c:327681 sending RPC reply (XID 67574)
D/RPC     (  457): 3000008c:00050000 received CALL.
D/RPC     (  457): 3000008c:00050000 dispatching RPC call (XID 67575, xdr 0x3cd060) for callback client 3100008c:00050001.
D/RPC     (  457): 3100008c:327681 sending RPC reply (XID 67575)
I/NetworkThread(10440): 1332962280834: Received UDP payload: 406
I/WindowOrientationListener(  457): orientation = 314 Tilt = 52 -- -4 ,  3 ,  7
E/power   (  457): acquire_wake_lock g_error=2 
E/power   (  457): release_wake_lock g_error=2 
D/RPC     (  457): 3000008c:00050000 received CALL.
D/RPC     (  457): 3000008c:00050000 dispatching RPC call (XID 67576, xdr 0x3cd060) for callback client 3100008c:00050001.
D/RPC     (  457): 3100008c:327681 sending RPC reply (XID 67576)
E/power   (  457): acquire_wake_lock g_error=2 
E/power   (  457): release_wake_lock g_error=2 
E/power   (  457): acquire_wake_lock g_error=2 
E/power   (  457): release_wake_lock g_error=2 
E/power   (  457): acquire_wake_lock g_error=2 
E/power   (  457): release_wake_lock g_error=2 
E/power   (  457): acquire_wake_lock g_error=2 
E/power   (  457): release_wake_lock g_error=2 
E/power   (  457): acquire_wake_lock g_error=2 
E/power   (  457): release_wake_lock g_error=2 
E/power   (  457): acquire_wake_lock g_error=2 
D/RPC     (  457): 3000008c:00050000 received CALL.
D/RPC     (  457): 3000008c:00050000 dispatching RPC call (XID 67577, xdr 0x3cd060) for callback client 3100008c:00050001.
D/RPC     (  457): 3100008c:327681 sending RPC reply (XID 67577)
D/RPC     (  457): 3000008c:00050000 received CALL.
D/RPC     (  457): 3000008c:00050000 dispatching RPC call (XID 67578, xdr 0x3cd060) for callback client 3100008c:00050001.
D/RPC     (  457): 3100008c:327681 sending RPC reply (XID 67578)
D/RPC     (  457): 3000008c:00050000 received CALL.
D/RPC     (  457): 3000008c:00050000 dispatching RPC call (XID 67579, xdr 0x3cd060) for callback client 3100008c:00050001.
D/RPC     (  457): 3100008c:327681 sending RPC reply (XID 67579)
D/RPC     (  457): 3000008c:00050000 received CALL.
D/RPC     (  457): 3000008c:00050000 dispatching RPC call (XID 67580, xdr 0x3cd060) for callback client 3100008c:00050001.
D/RPC     (  457): 3100008c:327681 sending RPC reply (XID 67580)
D/RPC     (  457): 3000008c:00050000 received CALL.
D/RPC     (  457): 3000008c:00050000 dispatching RPC call (XID 67581, xdr 0x3cd060) for callback client 3100008c:00050001.
D/RPC     (  457): 3100008c:327681 sending RPC reply (XID 67581)
D/RPC     (  457): 3000008c:00050000 received CALL.
D/RPC     (  457): 3000008c:00050000 dispatching RPC call (XID 67582, xdr 0x3cd060) for callback client 3100008c:00050001.
E/power   (  457): release_wake_lock g_error=2 
E/power   (  457): acquire_wake_lock g_error=2 
E/power   (  457): release_wake_lock g_error=2 
E/power   (  457): acquire_wake_lock g_error=2 
E/power   (  457): release_wake_lock g_error=2 
