V/GpsLocationProvider(  457): reportStatus status: 1
D/GpsLocationProvider(  457): send an intent to notify that the GPS has been enabled or disabled
D/GpsLocationProvider(  457): startNavigating : SensorAiding is com.android.server.location.GpsLocationProvider$SensorAiding@40a096d0
D/szipinf (10395): Initializing inflate state
D/szipinf (10395): Initializing zlib to inflate
E/power   (  457): release_wake_lock g_error=2 
D/dalvikvm(10395): GC_CONCURRENT freed 179K, 35% free 4257K/6471K, external 0K/0K, paused 1ms+3ms
V/QualcommCameraHardware(  325):  openCamera : X
V/QualcommCameraHardware(  325): startCamera X
I/QualcommCameraHardware(  325): initDefaultParameters E
V/QualcommCameraHardware(  325): DISABLE DIS
V/QualcommCameraHardware(  325):  type:main - previewSizeCount = 8 
V/QualcommCameraHardware(  325):  type:main - zoom set = mMaxZoom :30, zoomSupported:1 
I/QualcommCameraHardware(  325): initDefaultParameters: setting num-snaps-per-shutter to 1
V/QualcommCameraHardware(  325): requested preview frame rate is 30
V/QualcommCameraHardware(  325): setFrameRate: 30 (14000-30000)
V/QualcommCameraHardware(  325): native_set_ext_config E (cmd = 10)
E/QualcommCameraHardware(  325): setPreviewSize (mVtMode=0) : requested preview size 640 x 480
I/QualcommCameraHardware(  325): setRecordSize: preview dimensions: 640x480
V/QualcommCameraHardware(  325): No Record Size requested, use the preview dimensions
I/QualcommCameraHardware(  325): setRecordSize: video dimensions: 640x480
V/QualcommCameraHardware(  325): requested picture size 3264 x 2448
E/QualcommCameraHardware(  325): setPictureFormat : jpeg 
V/QualcommCameraHardware(  325): requested jpeg thumbnail size 320 x 240
V/QualcommCameraHardware(  325):  setSceneMode E : auto
V/QualcommCameraHardware(  325): setWhiteBalance E : auto
V/QualcommCameraHardware(  325):  setFlash E : off 
V/QualcommCameraHardware(  325): WDR(Auto Contrast) E: -1, ord_wdr = -1
V/QualcommCameraHardware(  325): setParameters X: success
V/QualcommCameraHardware(  325):  Using Overlay : YES 
V/QualcommCameraHardware(  325): native_get_ext_config 2222E (cmd = 33)
V/QualcommCameraHardware(  325): setExifFixAttribute X
I/QualcommCameraHardware(  325): initDefaultParameters X
I/QualcommCameraHardware(  325): createInstance: X
I/SecCameraCoreManager(  325): set saturation to 0.0
I/ShotCommon(  325): ShotCommon created: pid=325
V/QualcommCameraHardware(  325): getParameters: EX
I/ShotCommon(  325): Preview width(640), height(480)
I/ShotCommon(  325): Preview color format [yuv420sp]
I/ShotCommon(  325): Picture width(3264), height(2448)
I/ShotCommon(  325): Picture color format [jpeg]
V/QualcommCameraHardware(  325):  Using Overlay : YES 
I/ShotCommon(  325): mUseOverlay = 1
I/ShotSingle(  325): ShotSingle created: pid=325
I/QualcommCameraHardware(  325): Found a matching camera info for ID 0
I/QualcommCameraHardware(  325): HAL_getCameraInfo: facing = 0, orientation = 90
V/QualcommCameraHardware(  325):  Using Overlay : YES 
V/QualcommCameraHardware(  325): getParameters: EX
V/QualcommCameraHardware(  325):  Overlay object NULL. returning 
V/MediaPlayerService(  325): Client(16) constructor
V/MediaPlayerService(  325): Create new client(16) from pid 325, url=/system/media/audio/ui/Shutter_01.ogg, connId=16, audioSessionId=38
V/MediaPlayerService(  325): setDataSource(/system/media/audio/ui/Shutter_01.ogg)
D/MediaPlayerService(  325): getPlayerType. Ln=1124
V/MediaPlayerService(  325): player type = 4
D/MediaPlayerService(  325): createPlayer. type=4
D/MediaPlayerService(  325):  create StagefrightPlayer
V/AudioSink(  325): AudioOutput(38)
V/MediaPlayerService(  325):  setDataSource
I/StagefrightPlayer(  325): setDataSource('/system/media/audio/ui/Shutter_01.ogg')
V/MediaPlayerService(  325): [16] setAudioStreamType(7)
V/MediaPlayerService(  325): [16] prepareAsync
V/AwesomePlayer(  325): prepareAsync_l
D/FileSource(  325): FileSource::FileSource(const char *filename):: filename/system/media/audio/ui/Shutter_01.ogg
D/FileSource(  325): FileSource::FileSource(const char *filename)::Length is 38, Size is : 38
D/FileSource(  325): FileSource::FileSource(const char *filename)::mFilename is /system/media/audio/ui/Shutter_01.ogg
I/MediaExtractor(  325): ***************************MediaExtractor::Create() In
I/MediaExtractor(  325): *************************Autodetected media content as 'application/ogg' with confidence 0.60
V/AwesomePlayer(  325): mBitrate = -1 bits/sec
V/AwesomePlayer(  325): mime = audio/vorbis
I/OMXCodec(  325): Successfully allocated software codec 'VorbisDecoder'
V/MediaPlayerService(  325): Client::notify In
V/MediaPlayerService(  325): [16] notify (0x50120, 5, 0, 0)
V/MediaPlayerService(  325): Client::notify In
V/MediaPlayerService(  325): [16] notify (0x50120, 1, 0, 0)
V/MediaPlayerService(  325): Client(17) constructor
V/MediaPlayerService(  325): Create new client(17) from pid 325, url=/system/media/audio/ui/Cam_Start.ogg, connId=17, audioSessionId=39
V/MediaPlayerService(  325): setDataSource(/system/media/audio/ui/Cam_Start.ogg)
D/MediaPlayerService(  325): getPlayerType. Ln=1124
V/MediaPlayerService(  325): player type = 4
D/MediaPlayerService(  325): createPlayer. type=4
D/MediaPlayerService(  325):  create StagefrightPlayer
V/AudioSink(  325): AudioOutput(39)
V/MediaPlayerService(  325):  setDataSource
I/StagefrightPlayer(  325): setDataSource('/system/media/audio/ui/Cam_Start.ogg')
V/MediaPlayerService(  325): [17] setAudioStreamType(7)
V/MediaPlayerService(  325): [17] prepareAsync
V/AwesomePlayer(  325): prepareAsync_l
D/FileSource(  325): FileSource::FileSource(const char *filename):: filename/system/media/audio/ui/Cam_Start.ogg
D/FileSource(  325): FileSource::FileSource(const char *filename)::Length is 37, Size is : 37
D/FileSource(  325): FileSource::FileSource(const char *filename)::mFilename is /system/media/audio/ui/Cam_Start.ogg
I/MediaExtractor(  325): ***************************MediaExtractor::Create() In
I/MediaExtractor(  325): *************************Autodetected media content as 'application/ogg' with confidence 0.60
V/AwesomePlayer(  325): mBitrate = -1 bits/sec
V/AwesomePlayer(  325): mime = audio/vorbis
I/OMXCodec(  325): Successfully allocated software codec 'VorbisDecoder'
V/MediaPlayerService(  325): Client::notify In
V/MediaPlayerService(  325): [17] notify (0x5db20, 5, 0, 0)
V/MediaPlayerService(  325): Client::notify In
V/MediaPlayerService(  325): [17] notify (0x5db20, 1, 0, 0)
V/MediaPlayerService(  325): Client(18) constructor
V/MediaPlayerService(  325): Create new client(18) from pid 325, url=/system/media/audio/ui/Cam_Stop.ogg, connId=18, audioSessionId=40
V/MediaPlayerService(  325): setDataSource(/system/media/audio/ui/Cam_Stop.ogg)
D/MediaPlayerService(  325): getPlayerType. Ln=1124
V/MediaPlayerService(  325): player type = 4
D/MediaPlayerService(  325): createPlayer. type=4
D/MediaPlayerService(  325):  create StagefrightPlayer
V/AudioSink(  325): AudioOutput(40)
V/MediaPlayerService(  325):  setDataSource
I/StagefrightPlayer(  325): setDataSource('/system/media/audio/ui/Cam_Stop.ogg')
V/MediaPlayerService(  325): [18] setAudioStreamType(7)
V/MediaPlayerService(  325): [18] prepareAsync
V/AwesomePlayer(  325): prepareAsync_l
D/FileSource(  325): FileSource::FileSource(const char *filename):: filename/system/media/audio/ui/Cam_Stop.ogg
D/FileSource(  325): FileSource::FileSource(const char *filename)::Length is 36, Size is : 36
D/FileSource(  325): FileSource::FileSource(const char *filename)::mFilename is /system/media/audio/ui/Cam_Stop.ogg
I/MediaExtractor(  325): ***************************MediaExtractor::Create() In
I/MediaExtractor(  325): *************************Autodetected media content as 'application/ogg' with confidence 0.60
V/AwesomePlayer(  325): mBitrate = -1 bits/sec
V/AwesomePlayer(  325): mime = audio/vorbis
I/OMXCodec(  325): Successfully allocated software codec 'VorbisDecoder'
V/MediaPlayerService(  325): Client::notify In
V/MediaPlayerService(  325): [18] notify (0x72a88, 5, 0, 0)
V/MediaPlayerService(  325): Client::notify In
V/MediaPlayerService(  325): [18] notify (0x72a88, 1, 0, 0)
I/Overlay (  457): createOverlay w=640, h=480,format=265
D/OverlayLIB(  457): unsigned int overlay::getOverlayConfig(unsigned int, bool, bool): HDMI not connected...
W/Overlay (  457): createOverlay: creating overlay with format3D: 0x0, curState: 1,format=265
D/Overlay (  457): isCamera true
I/OverlayLIB(  457): startControlChannel w=640, h=480, f=109
E/CameraService(  325): OVERLAY CREATED....
V/QualcommCameraHardware(  325):  Valid overlay object 
V/QualcommCameraHardware(  325): getParameters: EX
D/SecCameraCoreManager(  325): virtual android::status_t android::SecCameraCoreManager::startPreview():start IT Policy checking thread
E/ShotSingle(  325): startPreview - mUseOverlay(1)
V/QualcommCameraHardware(  325): getParameters: EX
V/QualcommCameraHardware(  325): getParameters: EX
V/QualcommCameraHardware(  325): startPreview E
V/QualcommCameraHardware(  325): in startPreviewInternal : E
V/QualcommCameraHardware(  325): initPreview E: preview size=640x480 videosize = 640 x 480
I/QualcommCameraHardware(  325): initPreview : preview size=640x480 videosize = 640 x 480
V/QualcommCameraHardware(  325): mDimension.prev_format = 1
V/QualcommCameraHardware(  325): mDimension.display_luma_width = 640
V/QualcommCameraHardware(  325): mDimension.display_luma_height = 480
V/QualcommCameraHardware(  325): mDimension.display_chroma_width = 640
V/QualcommCameraHardware(  325): mDimension.display_chroma_height = 480
V/QualcommCameraHardware(  325): CAMERA_PARM_DIMENSION
E/mm-camera(  325): vfe_util_get_sensor_info: mode=3
E/mm-camera(  325): m5mo_video_config, sfd = 48
W/CABLDaemon(  359): ----- HSIC Params -----
W/CABLDaemon(  359): 	 hue: 0
W/CABLDaemon(  359): 	 sat: 0.000000
W/CABLDaemon(  359): 	 intensity: 0
W/CABLDaemon(  359): 	 contrast: 0.000000
E/QCAbl   (  359): display_pp_conv_set_hsic_cfg() Values: Hue=0 Saturation=0.000000 Intensity=0 Contrast=0.000000
E/QCAbl   (  359): hsc_matrix[0][0]=1.000000  hsc_matrix[0][1]=0.000000 hsc_matrix[0][2]=0.000000  
E/QCAbl   (  359): hsc_matrix[1][0]=0.000000  hsc_matrix[1][1]=1.000000 hsc_matrix[1][2]=0.000000  
E/QCAbl   (  359): hsc_matrix[2][0]=0.000000  hsc_matrix[2][1]=0.000000 hsc_matrix[2][2]=1.000000  
E/QCAbl   (  359): rec601_rgb2yuv[0][0]=0.256800  rec601_rgb2yuv[0][1]=0.504100 rec601_rgb2yuv[0][2]=0.097900  
E/QCAbl   (  359): rec601_rgb2yuv[1][0]=-0.148200  rec601_rgb2yuv[1][1]=-0.291000 rec601_rgb2yuv[1][2]=0.439200  
E/QCAbl   (  359): rec601_rgb2yuv[2][0]=0.439200  rec601_rgb2yuv[2][1]=-0.367800 rec601_rgb2yuv[2][2]=-0.071400  
E/QCAbl   (  359): hsc_matrix*rec601_rgb2yuv[0][0]=0.256800  hsc_matrix*rec601_rgb2yuv[0][1]=0.504100 hsc_matrix*rec601_rgb2yuv[0][2]=0.097900  
E/QCAbl   (  359): hsc_matrix*rec601_rgb2yuv[1][0]=-0.148200  hsc_matrix*rec601_rgb2yuv[1][1]=-0.291000 hsc_matrix*rec601_rgb2yuv[1][2]=0.439200  
E/QCAbl   (  359): hsc_matrix*rec601_rgb2yuv[2][0]=0.439200  hsc_matrix*rec601_rgb2yuv[2][1]=-0.367800 hsc_matrix*rec601_rgb2yuv[2][2]=-0.071400  
E/QCAbl   (  359): rec601_yuv2rgb[0][0]=1.164400  rec601_yuv2rgb[0][1]=0.000000 rec601_yuv2rgb[0][2]=1.596000  
E/QCAbl   (  359): rec601_yuv2rgb[1][0]=1.164400  rec601_yuv2rgb[1][1]=-0.391800 rec601_yuv2rgb[1][2]=-0.813000  
E/QCAbl   (  359): rec601_yuv2rgb[2][0]=1.164400  rec601_yuv2rgb[2][1]=2.017200 rec601_yuv2rgb[2][2]=0.000000  
E/QCAbl   (  359): rec601_yuv2rgb*hsc_matrix*rec601_rgb2yuv[0][0]=0.999981  rec601_yuv2rgb*hsc_matrix*rec601_rgb2yuv[0][1]=-0.000035 rec601_yuv2rgb*hsc_matrix*rec601_rgb2yuv[0][2]=0.000040  
E/QCAbl   (  359): rec601_yuv2rgb*hsc_matrix*rec601_rgb2yuv[1][0]=0.000013  rec601_yuv2rgb*hsc_matrix*rec601_rgb2yuv[1][1]=1.000009 rec601_yuv2rgb*hsc_matrix*rec601_rgb2yuv[1][2]=-0.000036  
E/QCAbl   (  359): rec601_yuv2rgb*hsc_matrix*rec601_rgb2yuv[2][0]=0.000069  rec601_yuv2rgb*hsc_matrix*rec601_rgb2yuv[2][1]=-0.000031 rec601_yuv2rgb*hsc_matrix*rec601_rgb2yuv[2][2]=0.999949  
E/QCAbl   (  359): cc_matrix[0][0]=1.000000  cc_matrix[0][1]=0.000000 cc_matrix[0][2]=0.000000  
E/QCAbl   (  359): cc_matrix[1][0]=0.000000  cc_matrix[1][1]=1.000000 cc_matrix[1][2]=0.000000  
E/QCAbl   (  359): cc_matrix[2][0]=0.000000  cc_matrix[2][1]=0.000000 cc_matrix[2][2]=1.000000  
E/QCAbl   (  359): cc_matrix*rec601_yuv2rgb*hsc_matrix*rec601_rgb2yuv[0][0]=0.999981  cc_matrix*rec601_yuv2rgb*hsc_matrix*rec601_rgb2yuv[0][1]=-0.000035 cc_matrix*rec601_yuv2rgb*hsc_matrix*rec601_rgb2yuv[0][2]=0.000040  
E/QCAbl   (  359): cc_matrix*rec601_yuv2rgb*hsc_matrix*rec601_rgb2yuv[1][0]=0.000013  cc_matrix*rec601_yuv2rgb*hsc_matrix*rec601_rgb2yuv[1][1]=1.000009 cc_matrix*rec601_yuv2rgb*hsc_matrix*rec601_rgb2yuv[1][2]=-0.000036  
E/QCAbl   (  359): cc_matrix*rec601_yuv2rgb*hsc_matrix*rec601_rgb2yuv[2][0]=0.000069  cc_matrix*rec601_yuv2rgb*hsc_matrix*rec601_rgb2yuv[2][1]=-0.000031 cc_matrix*rec601_yuv2rgb*hsc_matrix*rec601_rgb2yuv[2][2]=0.999949  
E/QCAbl   (  359): pre_lv[0]=0
E/QCAbl   (  359): post_lv[0]=0
E/QCAbl   (  359): pre_lv[1]=255
E/QCAbl   (  359): post_lv[1]=255
E/QCAbl   (  359): pre_lv[2]=0
E/QCAbl   (  359): post_lv[2]=0
E/QCAbl   (  359): pre_lv[3]=255
E/QCAbl   (  359): post_lv[3]=255
E/QCAbl   (  359): pre_lv[4]=0
E/QCAbl   (  359): post_lv[4]=0
E/QCAbl   (  359): pre_lv[5]=255
E/QCAbl   (  359): post_lv[5]=255
E/QCAbl   (  359): mv[0][0]=0x200  mv[0][1]=0x0 mv[0][2]=0x0  
E/QCAbl   (  359): pre_bv[0]=0
E/QCAbl   (  359): post_bv[0]=0
E/QCAbl   (  359): mv[1][0]=0x0  mv[1][1]=0x200 mv[1][2]=0x0  
E/QCAbl   (  359): pre_bv[1]=0
E/QCAbl   (  359): post_bv[1]=0
E/QCAbl   (  359): mv[2][0]=0x0  mv[2][1]=0x0 mv[2][2]=0x200  
E/QCAbl   (  359): pre_bv[2]=0
E/QCAbl   (  359): post_bv[2]=0
E/QCAbl   (  359): Calling the MSMFB_MDP_PP ioctl
E/QCAbl   (  359): ioctl MSMFB_MDP_PP returned 0
D/dalvikvm(10395): GC_CONCURRENT freed 159K, 33% free 4656K/6855K, external 0K/0K, paused 1ms+2ms
D/AndroidRuntime(10468): 
D/AndroidRuntime(10468): >>>>>> AndroidRuntime START com.android.internal.os.RuntimeInit <<<<<<
D/AndroidRuntime(10468): CheckJNI is OFF
D/AndroidRuntime(10468): setted country_code = USA
D/AndroidRuntime(10468): setted sales_code = ATT
D/AndroidRuntime(10468): found sales_code tag = <ATT>, </ATT> 
D/dalvikvm(10468): creating instr width table
E/AlarmManagerService(  457): android_server_AlarmManagerService_set to type=2, 198146.211000000
E/AlarmManagerService(  457): android_server_AlarmManagerService_set to type=2, 198146.227000000
E/AlarmManagerService(  457): android_server_AlarmManagerService_set to type=2, 198146.227000000
E/AlarmManagerService(  457): android_server_AlarmManagerService_set to type=2, 198146.235000000
E/AlarmManagerService(  457): android_server_AlarmManagerService_set to type=2, 198146.235000000
E/AlarmManagerService(  457): android_server_AlarmManagerService_set to type=2, 198146.235000000
I/System.out(10395): [INFO:850]: c: Running flush
D/LibQmg_native(10468): register_android_app_LibQmg
D/DeviceEncryption(10468): JNI: register_android_deviceencryption_DeviceEncryptionManager
D/AndroidRuntime(10468): Calling main entry com.android.commands.am.Am
E/AlarmManagerService(  457): android_server_AlarmManagerService_set to type=2, 198146.235000000
D/AndroidRuntime(10468): Shutting down VM
I/AndroidRuntime(10468): NOTE: attach of thread 'Binder Thread #3' failed
D/dalvikvm(10468): GC_CONCURRENT freed 107K, 66% free 349K/1024K, external 0K/0K, paused 0ms+0ms
D/jdwp    (10468): Got wake-up signal, bailing out of select
D/dalvikvm(10468): Debugger has detached; object registry had 1 entries
E/AlarmManagerService(  457): android_server_AlarmManagerService_set to type=2, 198146.235000000
D/dalvikvm(10395): GC_CONCURRENT freed 791K, 40% free 4337K/7175K, external 0K/0K, paused 2ms+2ms
I/System.out(10395): [INFO:942]: c: Sending payload [bytes=295]
I/QualcommCameraHardware(  325): constructing MemPool preview backed by pmem pool /dev/pmem_adsp: 4 frames @ 460800 bytes, buffer size 460800
V/QualcommCameraHardware(  325): pmem pool /dev/pmem_adsp ioctl(fd = 64, PMEM_GET_SIZE) is 1851392
D/QualcommCameraHardware(  325): mBufferSize=460800, mAlignedBufferSize=462848
D/QualcommCameraHardware(  325): num_buffers = 4
V/QualcommCameraHardware(  325): register_buf:  reg = 0 buffer = 0x42342000
V/QualcommCameraHardware(  325): register_buf:  reg = 0 buffer = 0x423b3000
V/QualcommCameraHardware(  325): register_buf:  reg = 0 buffer = 0x42424000
V/QualcommCameraHardware(  325): register_buf:  reg = 0 buffer = 0x42495000
I/QualcommCameraHardware(  325): PmemPool: (preview) X 
V/QualcommCameraHardware(  325): setDIS E
V/QualcommCameraHardware(  325): mDisEnabled = 0
V/QualcommCameraHardware(  325): setDIS X (1)
V/QualcommCameraHardware(  325): initREcord E
I/QualcommCameraHardware(  325): initRecord: mDimension.video_width = 640 mDimension.video_height = 480
V/QualcommCameraHardware(  325): mRecordFrameSize = 460800
I/QualcommCameraHardware(  325): constructing MemPool record backed by pmem pool /dev/pmem_smipool: 9 frames @ 460800 bytes, buffer size 460800
V/QualcommCameraHardware(  325): pmem pool /dev/pmem_smipool ioctl(fd = 66, PMEM_GET_SIZE) is 4165632
D/QualcommCameraHardware(  325): mBufferSize=460800, mAlignedBufferSize=462848
D/QualcommCameraHardware(  325): num_buffers = 9
V/QualcommCameraHardware(  325):  pmempool creating video buffers : active 1 
V/QualcommCameraHardware(  325): register_buf:  reg = 0 buffer = 0x42506000
V/QualcommCameraHardware(  325):  pmempool creating video buffers : active 1 
V/QualcommCameraHardware(  325): register_buf:  reg = 0 buffer = 0x42577000
V/QualcommCameraHardware(  325):  pmempool creating video buffers : active 1 
V/QualcommCameraHardware(  325): register_buf:  reg = 0 buffer = 0x425e8000
V/QualcommCameraHardware(  325):  pmempool creating video buffers : active 0 
V/QualcommCameraHardware(  325): register_buf:  reg = 0 buffer = 0x42659000
V/QualcommCameraHardware(  325):  pmempool creating video buffers : active 0 
V/QualcommCameraHardware(  325): register_buf:  reg = 0 buffer = 0x426ca000
V/QualcommCameraHardware(  325):  pmempool creating video buffers : active 0 
V/QualcommCameraHardware(  325): register_buf:  reg = 0 buffer = 0x4273b000
V/QualcommCameraHardware(  325):  pmempool creating video buffers : active 0 
V/QualcommCameraHardware(  325): register_buf:  reg = 0 buffer = 0x427ac000
V/QualcommCameraHardware(  325):  pmempool creating video buffers : active 0 
V/QualcommCameraHardware(  325): register_buf:  reg = 0 buffer = 0x4281d000
V/QualcommCameraHardware(  325):  pmempool creating video buffers : active 1 
V/QualcommCameraHardware(  325): register_buf:  reg = 0 buffer = 0x4288e000
I/QualcommCameraHardware(  325): PmemPool: (record) X 
V/QualcommCameraHardware(  325): initRecord :  record heap , video buffers  buffer=1112563712 fd=66 y_off=0 cbcr_off=307200 
V/QualcommCameraHardware(  325): initRecord :  record heap , video buffers  buffer=1113026560 fd=66 y_off=0 cbcr_off=307200 
V/QualcommCameraHardware(  325): initRecord :  record heap , video buffers  buffer=1113489408 fd=66 y_off=0 cbcr_off=307200 
V/QualcommCameraHardware(  325): initRecord :  record heap , video buffers  buffer=1113952256 fd=66 y_off=0 cbcr_off=307200 
V/QualcommCameraHardware(  325): initRecord :  record heap , video buffers  buffer=1114415104 fd=66 y_off=0 cbcr_off=307200 
V/QualcommCameraHardware(  325): initRecord :  record heap , video buffers  buffer=1114877952 fd=66 y_off=0 cbcr_off=307200 
V/QualcommCameraHardware(  325): initRecord :  record heap , video buffers  buffer=1115340800 fd=66 y_off=0 cbcr_off=307200 
V/QualcommCameraHardware(  325): initRecord :  record heap , video buffers  buffer=1115803648 fd=66 y_off=0 cbcr_off=307200 
V/QualcommCameraHardware(  325): initRecord :  record heap , video buffers  buffer=1116266496 fd=66 y_off=0 cbcr_off=307200 
V/QualcommCameraHardware(  325): cam_frame_flush_video: in n = 0
V/QualcommCameraHardware(  325): cam_frame_flush_video: out n = 0
V/QualcommCameraHardware(  325): initREcord X
V/QualcommCameraHardware(  325): initPreview X: 1
E/QualcommCameraHardware(  325): Calling CAMERA_OPS_STREAMING_VIDEO
E/mm-camera(  325): postproc_set_key: Sending IOCTL_PICT_PP: PP_KEY = 0 4
E/mm-camera(  325): vfe_reset_vfe: vfe_util_sendcmd:3(rc = 1) 
E/CAM_FD  (  325): Sensor Mode HFR off
E/mm-camera(  325): vfe_util_get_sensor_info: mode=3
I/QualcommCameraHardware(  325): preview_thread E
D/QualcommCameraHardware(  325): frame_thread E
V/QualcommCameraHardware(  325): runFrameThread E
E/mm-camera(  325): cam_set_vtmode : Enter with vtmode - (0)
E/mm-camera(  325): cam_set_vtCameraID : Enter with vtCameraID - (0)
E/mm-camera(  325): cam_set_vtOrientation : Enter with Orientation - (0)
E/mm-camera(  325): cam_set_vtDimension : Enter : width-(0), height-(0)
V/QualcommCameraHardware(  325): startPreviewInternal X
E/QualcommCameraHardware(  325): ignoring preview callback--1
I/ViewRoot(10440): !@FINISH DRAWING : edu.mit.csail.diplomamatrix/edu.mit.csail.diplomamatrix.StatusActivity
I/ActivityManager(  457): Displayed edu.mit.csail.diplomamatrix/.StatusActivity: +1s165ms
D/InputTransport(  457): Input channel destroyed: name='40554a38 Starting edu.mit.csail.diplomamatrix (server)', ashmemFd=529, receivePipeFd=533, sendPipeFd=532
D/InputTransport(  457): Input channel destroyed: name='40554a38 Starting edu.mit.csail.diplomamatrix (client)', ashmemFd=530, receivePipeFd=531, sendPipeFd=534
I/ViewRoot(10440): !@finishDrawing is completed : edu.mit.csail.diplomamatrix/edu.mit.csail.diplomamatrix.StatusActivity
D/CLIPBOARD(  644): Hide Clipboard dialog at Starting input: finished by someone else... !
D/msm8660.gralloc(  457): !@/dev/pmem: allocating pmem size=2457600, offset=12394496(0xbd2000)
E/QualcommCameraHardware(  325): ignoring preview callback--0
I/ViewRoot(10440): !@FINISH DRAWING : edu.mit.csail.diplomamatrix/edu.mit.csail.diplomamatrix.StatusActivity
I/ViewRoot(10440): !@finishDrawing is completed : edu.mit.csail.diplomamatrix/edu.mit.csail.diplomamatrix.StatusActivity
D/CLIPBOARD(10440): Hide Clipboard dialog at Starting input: finished by someone else... !
D/dalvikvm(10395): GC_FOR_MALLOC freed 81K, 40% free 4367K/7175K, external 0K/0K, paused 25ms
I/SurfaceFlinger(  457): id=157 Removed Starting edu.mit.csail.diplomamatrix idx=5 Map Size=5
D/SurfaceFlinger(  457): remove count:1 destroying Starting edu.mit.csail.diplomamatrix
D/QualcommCameraHardware(  325):  receivePreviewFrame : first frame queued, display heap being deallocated
E/power   (  457): acquire_wake_lock g_error=2 
V/GpsLocationProvider(  457): reportStatus status: 3
V/GpsLocationProvider(  457): reportStatus status: 1
E/power   (  457): release_wake_lock g_error=2 
I/System.out(10395): [INFO:2017]: c: Response [http=200,length=97]
I/System.out(10395): [INFO:2019]: c: Read id 1, status code 200
E/power   (  457): acquire_wake_lock g_error=2 
E/power   (  457): release_wake_lock g_error=2 
D/dalvikvm(  323): GC_EXPLICIT freed 12K, 43% free 3113K/5379K, external 0K/0K, paused 111ms
D/dalvikvm(  323): GC_EXPLICIT freed <1K, 43% free 3113K/5379K, external 0K/0K, paused 45ms
I/ActivityThread(10508): Pub com.facebook.katana.provider.LoggingProvider: com.facebook.katana.provider.LoggingProvider
D/dalvikvm(  323): GC_EXPLICIT freed <1K, 43% free 3113K/5379K, external 0K/0K, paused 50ms
I/ActivityThread(10508): Pub com.facebook.katana.provider.KeyValueProvider: com.facebook.katana.provider.KeyValueProvider
I/ActivityThread(10508): Pub com.facebook.katana.provider.ChatHistoryProvider: com.facebook.katana.provider.ChatHistoryProvider
I/ActivityThread(10508): Pub com.facebook.katana.provider.CacheProvider: com.facebook.katana.provider.CacheProvider
I/ActivityThread(10508): Pub com.facebook.katana.provider.MailboxProvider: com.facebook.katana.provider.MailboxProvider
I/ActivityThread(10508): Pub com.facebook.katana.provider.UserStatusesProvider: com.facebook.katana.provider.UserStatusesProvider
I/ActivityThread(10508): Pub com.facebook.katana.provider.EventsProvider: com.facebook.katana.provider.EventsProvider
I/ActivityThread(10508): Pub com.facebook.katana.provider.NotificationsProvider: com.facebook.katana.provider.NotificationsProvider
I/ActivityThread(10508): Pub com.facebook.katana.provider.UserValuesProvider: com.facebook.katana.provider.UserValuesProvider
I/ActivityThread(10508): Pub com.facebook.katana.provider.PagesProvider: com.facebook.katana.provider.PagesProvider
I/ActivityThread(10508): Pub com.facebook.katana.provider.PhotosProvider: com.facebook.katana.provider.PhotosProvider
I/ActivityThread(10508): Pub com.facebook.katana.provider.ConnectionsProvider: com.facebook.katana.provider.ConnectionsProvider
D/ACRA    (10508): Retrieve application default SharedPreferences.
D/ACRA    (10508): Set OnSharedPreferenceChangeListener.
D/ACRA    (10508): ACRA is enabled for com.facebook.katana, intializing...
D/dalvikvm(10508): GC_CONCURRENT freed 174K, 39% free 3444K/5639K, external 0K/0K, paused 1ms+2ms
D/ACRA    (10508): Looking for error files in /data/data/com.facebook.katana/files
E/power   (  457): acquire_wake_lock g_error=2 
E/power   (  457): release_wake_lock g_error=2 
E/power   (  457): acquire_wake_lock g_error=2 
E/power   (  457): release_wake_lock g_error=2 
E/power   (  457): acquire_wake_lock g_error=2 
E/power   (  457): release_wake_lock g_error=2 
E/power   (  457): acquire_wake_lock g_error=2 
E/power   (  457): release_wake_lock g_error=2 
E/power   (  457): acquire_wake_lock g_error=2 
E/power   (  457): release_wake_lock g_error=2 
E/power   (  457): acquire_wake_lock g_error=2 
E/power   (  457): release_wake_lock g_error=2 
E/power   (  457): acquire_wake_lock g_error=2 
E/power   (  457): release_wake_lock g_error=2 
E/power   (  457): acquire_wake_lock g_error=2 
E/power   (  457): release_wake_lock g_error=2 
E/power   (  457): acquire_wake_lock g_error=2 
E/power   (  457): release_wake_lock g_error=2 
E/power   (  457): acquire_wake_lock g_error=2 
E/power   (  457): release_wake_lock g_error=2 
E/power   (  457): acquire_wake_lock g_error=2 
E/power   (  457): release_wake_lock g_error=2 
E/power   (  457): acquire_wake_lock g_error=2 
E/power   (  457): release_wake_lock g_error=2 
E/power   (  457): acquire_wake_lock g_error=2 
E/power   (  457): release_wake_lock g_error=2 
E/power   (  457): acquire_wake_lock g_error=2 
E/power   (  457): release_wake_lock g_error=2 
E/power   (  457): acquire_wake_lock g_error=2 
E/power   (  457): release_wake_lock g_error=2 
E/power   (  457): acquire_wake_lock g_error=2 
E/power   (  457): release_wake_lock g_error=2 
E/power   (  457): acquire_wake_lock g_error=2 
E/power   (  457): release_wake_lock g_error=2 
E/power   (  457): acquire_wake_lock g_error=2 
E/power   (  457): release_wake_lock g_error=2 
E/power   (  457): acquire_wake_lock g_error=2 
E/power   (  457): release_wake_lock g_error=2 
E/power   (  457): acquire_wake_lock g_error=2 
E/power   (  457): release_wake_lock g_error=2 
E/power   (  457): acquire_wake_lock g_error=2 
E/power   (  457): release_wake_lock g_error=2 
E/power   (  457): acquire_wake_lock g_error=2 
E/power   (  457): release_wake_lock g_error=2 
D/dalvikvm(10080): Debugger has detached; object registry had 1 entries
D/dalvikvm(10440): Debugger has detached; object registry had 1 entries
E/DataRouter(  332): After the usb select 
E/DataRouter(  332): Before checking the modem suspend state 
E/DataRouter(  332): PDP is resumed now
E/DataRouter(  332): After checking the modem suspend state 
E/DataRouter(  332): read length is zero
E/DataRouter(  332): +
E/DataRouter(  332): -
E/DataRouter(  332): +
E/DataRouter(  332): USB Interface is open with 0x0
E/DataRouter(  332): USB interface is now configured for usb_fd = 0x0
E/DataRouter(  332): -
E/DataRouter(  332): pcsyncpathreset is called 
E/DataRouter(  332): Before the usb select 
E/notified_event(  318): Collection::notifyDUNConnected -> connect error
D/UsbService(  457): SendBroadcast!!!
D/Tethering(  457): InitialState.processMessage what=4
E/MTPJNIInterface( 8609): In MTPJNIINterface onReceive:android.net.conn.TETHER_STATE_CHANGED
D/Tethering(  457): sendTetherStateChangedBroadcast 0, 0, 0
E/MTPJNIInterface( 8609): tethering status = false
I/TetheringManagerService( 1753): Starting Tethering Manager version 2.12.21
E/power   (  457): acquire_wake_lock g_error=2 
E/power   (  457): release_wake_lock g_error=2 
E/power   (  457): acquire_wake_lock g_error=2 
E/power   (  457): release_wake_lock g_error=2 
E/power   (  457): acquire_wake_lock g_error=2 
E/power   (  457): release_wake_lock g_error=2 
E/power   (  457): acquire_wake_lock g_error=2 
E/power   (  457): release_wake_lock g_error=2 
E/power   (  457): acquire_wake_lock g_error=2 
E/power   (  457): release_wake_lock g_error=2 
E/power   (  457): acquire_wake_lock g_error=2 
E/power   (  457): release_wake_lock g_error=2 
E/power   (  457): acquire_wake_lock g_error=2 
E/power   (  457): release_wake_lock g_error=2 
E/power   (  457): acquire_wake_lock g_error=2 
E/power   (  457): release_wake_lock g_error=2 
E/power   (  457): acquire_wake_lock g_error=2 
E/power   (  457): release_wake_lock g_error=2 
E/power   (  457): acquire_wake_lock g_error=2 
E/power   (  457): release_wake_lock g_error=2 
E/power   (  457): acquire_wake_lock g_error=2 
E/power   (  457): release_wake_lock g_error=2 
E/AlarmManagerService(  457): android_server_AlarmManagerService_set to type=2, 199824.842000000
I/Zygote  (10563): Zygote: pid 10563 has CALL PRIVILEGED permission, then set capability for CAP_SYS_ADMIN (21)
D/PowerNotiReceiver(10563): PowerNotiReceiver Intent { act=android.intent.action.ACTION_POWER_DISCONNECTED flg=0x10000000 cmp=com.android.settings/.powersavingmode.PowerNotiReceiver }
E/MTPRx   ( 8609): In MtpReceiverandroid.intent.action.ACTION_POWER_DISCONNECTED
W/MTPRx   ( 8609): USB removed
W/MTPRx   ( 8609): MTP_RUNNING_STATUS = 1
E/MTPRx   ( 8609): Sending Broadcast
D/MediaScannerReceiver(  591): scan - volume : external
E/MtpService( 8609): onDestroy.
I/System.out( 8609): noti = 3
D/        ( 8609): __mtp_handler_eh_notify: USB plugged out.
D/        ( 8609): [__mtp_handler_eh_notify:470] is_connected = 0 and is_enumeration_finished = 1
D/        ( 8609):  [__mtp_handler_eh_notify:508] Enumeration is Complete and hence exiting the Mtp App 
D/        ( 8609): gbin_sem_mtp semphore destroy successful
D/        ( 8609): [__mtp_handler_eh_notify:538] sending event to event handler thread to close...
D/        ( 8609): [__mtp_handler_eh_notify:546] starting mtp_deinitialize() ...
D/        ( 8609): [__mtp_handler_eh_notify:569] Checking for MMC_INSERTED and kill data threads ...
D/        ( 8609): [__mtp_handler_eh_notify:574] calling mtp_g_fs_mtp_init() ...
D/        ( 8609):  ************** In mtp_g_fs_mtp_init to kill the threads
D/        ( 8609): [mtp_g_fs_mtp_init] ********* gfs_mode = 0 mtp_clean_usb_driver  
D/        ( 8609): [mtp_g_fs_mtp_init] ************ Calling mtp_usb_mtp_finalize fn
D/        ( 8609): ****** [mtp_usb_mtp_finalize] Calling mtp_stop_io 
D/        ( 8609): mtp_stop_io going to kill source thread, th_source value = 1
D/MediaScannerService(  591): onStartCommand : intent - Intent { cmp=com.android.providers.media/.MediaScannerService (has extras) }
D/MediaScannerService(  591): onStartCommand : flags [2], startId [1]
D/MediaScannerService(  591): onStartCommand : intent.getExtra's volume : external
D/MediaScannerService(  591): ServiceHandler:handleMessage volume[external]
I/MediaScannerService(  591): !@beginofMediascannerservice
D/MediaScannerService(  591): start scanning volume external
D/MediaProvider(  591): mMediaScannerReceiver - intent.getAction : android.intent.action.MEDIA_SCANNER_STARTED
V/MediaProvider(  591): Suspending ThumbWorker
I/MediaProvider(  591): MediaScanner started!!!
E/MediaProvider(  591): MountService returned externalSd Serial Number : 
E/power   (  457): acquire_wake_lock g_error=2 
E/power   (  457): release_wake_lock g_error=2 
E/power   (  457): acquire_wake_lock g_error=2 
E/power   (  457): acquire_wake_lock g_error=2 
E/power   (  457): release_wake_lock g_error=2 
I/Database(  591): sqlite returned: error code = 17, msg = statement aborts at 43: [SELECT DISTINCT sd_serial FROM images WHERE sd_serial LIKE 'external_0x%'] database schema has changed
E/power   (  457): acquire_wake_lock g_error=2 
E/power   (  457): release_wake_lock g_error=2 
E/power   (  457): release_wake_lock g_error=2 
E/power   (  457): acquire_wake_lock g_error=2 
E/power   (  457): release_wake_lock g_error=2 
E/power   (  457): acquire_wake_lock g_error=2 
E/power   (  457): release_wake_lock g_error=2 
E/power   (  457): acquire_wake_lock g_error=2 
E/power   (  457): release_wake_lock g_error=2 
E/power   (  457): acquire_wake_lock g_error=2 
E/power   (  457): acquire_wake_lock g_error=2 
E/power   (  457): release_wake_lock g_error=2 
E/power   (  457): acquire_wake_lock g_error=2 
E/power   (  457): release_wake_lock g_error=2 
D/dalvikvm(10571): GC_CONCURRENT freed 139K, 39% free 3479K/5639K, external 0K/0K, paused 2ms+3ms
E/power   (  457): acquire_wake_lock g_error=2 
E/power   (  457): release_wake_lock g_error=2 
I/ActivityThread(10571): Pub com.google.android.music.MusicContent: com.google.android.music.store.MusicContentProvider
E/power   (  457): release_wake_lock g_error=2 
I/MusicStore(10571): Database version: 37
I/AsyncCursor1:1(10571): Initialized for content://com.google.android.music.MusicContent/playlists, proj:_id#name, sel: 'null', args: null, order: null
I/Zygote  (10587): Zygote: pid 10587 has CALL PRIVILEGED permission, then set capability for CAP_SYS_ADMIN (21)
E/MTPRx   (10587): In MtpReceiverandroid.intent.action.MEDIA_SCANNER_STARTED
W/MTPRx   (10587): Media scanning is started, setting media scanner status
E/MTPRx   (10587): file kieswifi.dat is not found
E/MTPRx   (10587): Battery charging. plugType = 0
E/MTPRx   (10587): AC charging. Dont lauch MTP APP
E/MediaProvider(  591): removeMediaDBData called
E/DataRouter(  332): DrReadUsbStatus returns false USB is offline 
E/DataRouter(  332): DrReadUsbStatus returns false USB is offline 
D/dalvikvm(10571): GC_CONCURRENT freed 216K, 38% free 3713K/5959K, external 0K/0K, paused 2ms+2ms
V/WifiProgressStore(10571): WifiProgressStore Created
E/dalvikvm(10571): Could not find class 'android.app.Notification$Builder', referenced from method com.google.android.music.MusicPlaybackService.alertFailureIfNecessary
W/dalvikvm(10571): VFY: unable to resolve new-instance 20 (Landroid/app/Notification$Builder;) in Lcom/google/android/music/MusicPlaybackService;
D/dalvikvm(10571): VFY: replacing opcode 0x22 at 0x003b
D/dalvikvm(10571): VFY: dead code 0x003d-0073 in Lcom/google/android/music/MusicPlaybackService;.alertFailureIfNecessary (I)V
D/dalvikvm(  457): GC_CONCURRENT freed 1953K, 38% free 8319K/13383K, external 3707K/4616K, paused 2ms+6ms
D/dalvikvm(10571): GC_EXTERNAL_ALLOC freed 216K, 38% free 3816K/6087K, external 0K/0K, paused 28ms
D/MediaScannerService(  591): scan : call scanner.scanDirectories - directories : /mnt/sdcard
D/MediaScanner(  591): NexPlayerSDKMediaScanner is configured but using StagefrightMediaScanner
V/MediaPlayerService(  325): Create new media retriever from pid 591
D/MediaScanner(  591): prescan return
D/MediaScanner(  591): scanDirectories : directories.length=1, directories.length : /mnt/sdcard
D/MediaScanner(  591): Sync...
D/MediaScanner(  591): Start Nazca(Internal) /mnt/sdcard/
D/MediaScanner(  591): Use QFS
D/MediaScanner(  591): Android SD Device open OK
D/MediaScanner(  591): Nazca Scan :     0 /mnt/sdcard/LOST.DIR (0msec)
D/MediaScanner(  591): Ignored : External SD directory attached on internal SD directory
D/MediaScanner(  591): Ignored : External USB directory attached on internal SD directory
D/MediaScanner(  591): Nazca Scan :     0 /mnt/sdcard/DCIM (0msec)
D/MediaScanner(  591): ".nomedia" in /mnt/sdcard/Android/data
D/MediaScanner(  591): Nazca Scan :     0 /mnt/sdcard/Android/data (0msec)
D/MediaScanner(  591): Nazca Scan :     0 /mnt/sdcard/Android (0msec)
D/MediaScanner(  591): ".nomedia" in /mnt/sdcard/Application/SMemo/switcher
D/MediaScanner(  591): Nazca Scan :     0 /mnt/sdcard/Application/SMemo/switcher (0msec)
D/MediaScanner(  591): ".nomedia" in /mnt/sdcard/Application/SMemo/cache
D/MediaScanner(  591): Nazca Scan :     0 /mnt/sdcard/Application/SMemo/cache (0msec)
D/MediaScanner(  591): ".nomedia" in /mnt/sdcard/Application/SMemo/image
D/MediaScanner(  591): Nazca Scan :     0 /mnt/sdcard/Application/SMemo/image (0msec)
D/MediaScanner(  591): Nazca Scan :     0 /mnt/sdcard/Application/SMemo (0msec)
D/MediaScanner(  591): Nazca Scan :     0 /mnt/sdcard/Application (0msec)
D/MediaScanner(  591): ".nomedia" in /mnt/sdcard/promo
D/MediaScanner(  591): Nazca Scan :     0 /mnt/sdcard/promo (0msec)
D/MediaScanner(  591): Nazca Scan :     0 /mnt/sdcard (0msec)
D/MediaProvider(  591): mMediaScannerReceiver - intent.getAction : android.intent.action.ACTION_MEDIA_SCANNER_PROGRESS
D/MediaScanner(  591): Normal Meta & DB Insert/Update Start
D/MediaScanner(  591): Normal    0 done (0msec)
D/MediaScanner(  591): Sync..
I/AudioService(  457):  AudioFocus  abandonAudioFocus() from android.media.AudioManager@405f8980com.google.android.music.MusicPlaybackService$8@40540470
D/MediaScanner(  591): Start Nazca /mnt/sdcard/external_sd
D/MediaScanner(  591): Use QFS
E/MediaScanner(  591): Cannot get device path from mount info. Check SD Unmounted.
D/MediaScanner(  591): Normal Meta & DB Insert/Update Start
D/MediaScanner(  591): Normal    0 done (0msec)
D/MediaScanner(  591): Sync....
D/MediaScanner(  591): Start Nazca /mnt/sdcard/usbStorage/sda
D/MediaScanner(  591): Use QFS
E/MediaScanner(  591): Cannot get device path from mount info. Check SD Unmounted.
D/MediaScanner(  591): Normal Meta & DB Insert/Update Start
D/MediaScanner(  591): Normal    0 done (0msec)
D/MediaScanner(  591): postscan enter: directories - /mnt/sdcard
D/MediaScanner(  591): start checking FileCacheEntry
D/MediaScanner(  591): end checking FileCacheEntry
D/MediaScanner(  591): call pruneDeadThumbnailFils()
V/MediaScanner(  591): pruneDeadThumbnailFiles... android.database.sqlite.SQLiteCursor@405936f8
V/MediaScanner(  591): files to delete count : 0
V/MediaScanner(  591): /pruneDeadThumbnailFiles... android.database.sqlite.SQLiteCursor@405936f8
D/MediaScanner(  591): postscan return
D/MediaScanner(  591):  prescan time: 20ms
D/MediaScanner(  591):     scan time: 197ms
D/MediaScanner(  591): postscan time: 74ms
D/MediaScanner(  591):    total time: 291ms
D/MediaProvider(  591): mMediaScannerReceiver - intent.getAction : android.intent.action.MEDIA_SCANNER_FINISHED
D/MediaScannerService(  591): done scanning volume external
I/MediaScannerService(  591): !@endofMediascannerservice
E/DEVICE_PROVISIONED : (10563): DEVICE_PROVISIONED : 1
V/MediaProvider(  591): Resuming ThumbWorker
I/MediaProvider(  591): MediaScanner stopped!!!
E/MTPRx   (10587): In MtpReceiverandroid.intent.action.MEDIA_SCANNER_FINISHED
D/MediaScannerReceiver(  591): onReceive : EXTERNAL scan FINISHED.
D/BootReceiver( 4188): ACTION_MEDIA_SCANNER_FINISHED: path = /mnt/sdcard
D/BootReceiver( 4188): ImageManager.hasStorage()truefalse
I/Database(  591): sqlite returned: error code = 1, msg = no such column: album_artist
E/DatabaseUtils(  591): Writing exception to parcel
E/DatabaseUtils(  591): android.database.sqlite.SQLiteException: no such column: album_artist: , while compiling: SELECT _id, album, artist, composer, date_added, duration, mime_type, _size, title, track, year, album_id, album_artist FROM audio WHERE ((is_music=1 OR is_podcast=1)  AND (date_added >=?  OR date_modified >=?  )) ORDER BY date_added
E/DatabaseUtils(  591): 	at android.database.sqlite.SQLiteCompiledSql.native_compile(Native Method)
E/DatabaseUtils(  591): 	at android.database.sqlite.SQLiteCompiledSql.compile(SQLiteCompiledSql.java:92)
E/DatabaseUtils(  591): 	at android.database.sqlite.SQLiteCompiledSql.<init>(SQLiteCompiledSql.java:65)
E/DatabaseUtils(  591): 	at android.database.sqlite.SQLiteProgram.<init>(SQLiteProgram.java:83)
E/DatabaseUtils(  591): 	at android.database.sqlite.SQLiteQuery.<init>(SQLiteQuery.java:49)
E/DatabaseUtils(  591): 	at android.database.sqlite.SQLiteDirectCursorDriver.query(SQLiteDirectCursorDriver.java:42)
E/DatabaseUtils(  591): 	at android.database.sqlite.SQLiteDatabase.rawQueryWithFactory(SQLiteDatabase.java:1497)
E/DatabaseUtils(  591): 	at android.database.sqlite.SQLiteQueryBuilder.query(SQLiteQueryBuilder.java:330)
E/DatabaseUtils(  591): 	at com.android.providers.media.MediaProvider.query(MediaProvider.java:3140)
E/DatabaseUtils(  591): 	at android.content.ContentProvider$Transport.bulkQuery(ContentProvider.java:174)
E/DatabaseUtils(  591): 	at android.content.ContentProviderNative.onTransact(ContentProviderNative.java:111)
E/DatabaseUtils(  591): 	at android.os.Binder.execTransact(Binder.java:320)
E/DatabaseUtils(  591): 	at dalvik.system.NativeStart.run(Native Method)
I/RilSupportOnReceiveKOR(  589): Intent:android.intent.action.MEDIA_SCANNER_FINISHED
I/RilSupportBroadCastReceiverKOR(  589): ACTION_MEDIA_SCANNER_FINISHED
I/CacheService( 4188): Starting CacheService
I/RilSupportServiceOnReceiveKOR( 9890): Intent:null
I/RilSupportServiceOnReceiveKOR( 9890): COMMAND:android.intent.action.MEDIA_SCANNER_FINISHED
I/RilSupportServiceKOR( 9890): MODEL : SAMSUNG-SGH-I717
I/RilSupportServiceKOR( 9890): Skip MEDIA_SCANNER_FINISHED_ACTION...
W/MediaStoreImporter(10571): Current system does not support album artist tag
D/CscParser(  589): customer_path =/system/csc/customer.xml
D/CscParser(  589): others_path =/system/csc/others.xml
E/CscReceiver(  589): onReceive android.intent.action.MEDIA_SCANNER_FINISHED
I/CscReceiver(  589): handleMediaScannerFinished
D/CscReceiver(  589): Media DB Scanner finished.
D/CacheService( 4188): Locale [en_US]
I/TIMECHECK( 4188): START thumbnails.
I/CacheService( 4188): Refreshing cache.
E/power   (  457): acquire_wake_lock g_error=2 
E/power   (  457): release_wake_lock g_error=2 
E/power   (  457): acquire_wake_lock g_error=2 
D/dalvikvm(10571): GC_FOR_MALLOC freed 107K, 38% free 3844K/6151K, external 6K/1283K, paused 36ms
W/DiskCache( 4188): rename to = /mnt/sdcard/Android/data/com.cooliris.media/cache/local-album-cache/index
I/CacheService( 4188): Building albums.
E/power   (  457): release_wake_lock g_error=2 
E/power   (  457): acquire_wake_lock g_error=2 
E/power   (  457): release_wake_lock g_error=2 
E/power   (  457): acquire_wake_lock g_error=2 
E/power   (  457): release_wake_lock g_error=2 
E/power   (  457): acquire_wake_lock g_error=2 
E/power   (  457): release_wake_lock g_error=2 
E/power   (  457): acquire_wake_lock g_error=2 
E/power   (  457): release_wake_lock g_error=2 
E/power   (  457): acquire_wake_lock g_error=2 
E/power   (  457): release_wake_lock g_error=2 
E/power   (  457): acquire_wake_lock g_error=2 
E/power   (  457): release_wake_lock g_error=2 
E/power   (  457): acquire_wake_lock g_error=2 
E/power   (  457): release_wake_lock g_error=2 
E/power   (  457): acquire_wake_lock g_error=2 
E/power   (  457): release_wake_lock g_error=2 
D/CacheService( 4188): Album Cache delete all
E/power   (  457): acquire_wake_lock g_error=2 
E/power   (  457): release_wake_lock g_error=2 
I/MediaStoreImporter(10571): Update: incremental Added music: 0 Updated music: 0 Deleted music: 0 Created playlists: 0 Updated playlists: 0 Deleted playlists: 0 Inserted playlist items: 0 Deleted playlist items: 0 Removed orphaned playlist items: 0
W/DiskCache( 4188): rename to = /mnt/sdcard/Android/data/com.cooliris.media/cache/local-album-cache/index
I/CacheService( 4188): Done building albums.
I/CacheService( 4188): Preparing DiskCache for all thumbnails.
W/DiskCacheSEC( 4188): enter writeIndex 0
W/DiskCacheSEC( 4188): Create TempFile = /sdcard/DiskCacheIndex-1570529805.tmp
V/DiskCacheSEC( 4188): [SE Lab.] writeindex(): id= 1015617263 / mntTime= 1332962095185
D/DiskCacheSEC( 4188): Wrote index with 0 records.
W/DiskCacheSEC( 4188): rename to = /mnt/sdcard/Android/data/com.cooliris.media/cache/local-image-thumbs/index
I/TIMECHECK( 4188): END thumbnails.
E/power   (  457): acquire_wake_lock g_error=2 
E/power   (  457): release_wake_lock g_error=2 
E/power   (  457): acquire_wake_lock g_error=2 
E/power   (  457): release_wake_lock g_error=2 
E/power   (  457): acquire_wake_lock g_error=2 
E/power   (  457): release_wake_lock g_error=2 
E/power   (  457): acquire_wake_lock g_error=2 
E/power   (  457): acquire_wake_lock g_error=2 
E/power   (  457): release_wake_lock g_error=2 
E/power   (  457): release_wake_lock g_error=2 
E/power   (  457): acquire_wake_lock g_error=2 
E/power   (  457): release_wake_lock g_error=2 
E/power   (  457): acquire_wake_lock g_error=2 
E/power   (  457): release_wake_lock g_error=2 
E/power   (  457): acquire_wake_lock g_error=2 
E/power   (  457): release_wake_lock g_error=2 
E/power   (  457): acquire_wake_lock g_error=2 
E/power   (  457): acquire_wake_lock g_error=2 
E/power   (  457): release_wake_lock g_error=2 
E/power   (  457): acquire_wake_lock g_error=2 
E/power   (  457): release_wake_lock g_error=2 
E/power   (  457): release_wake_lock g_error=2 
E/DataRouter(  332): DrReadUsbStatus returns false USB is offline 
E/DataRouter(  332): DrReadUsbStatus returns false USB is offline 
E/power   (  457): acquire_wake_lock g_error=2 
E/power   (  457): release_wake_lock g_error=2 
E/power   (  457): acquire_wake_lock g_error=2 
E/power   (  457): release_wake_lock g_error=2 
E/power   (  457): acquire_wake_lock g_error=2 
E/power   (  457): release_wake_lock g_error=2 
E/power   (  457): acquire_wake_lock g_error=2 
E/power   (  457): release_wake_lock g_error=2 
E/power   (  457): acquire_wake_lock g_error=2 
E/power   (  457): release_wake_lock g_error=2 
E/power   (  457): acquire_wake_lock g_error=2 
E/power   (  457): release_wake_lock g_error=2 
E/power   (  457): acquire_wake_lock g_error=2 
E/power   (  457): release_wake_lock g_error=2 
E/power   (  457): acquire_wake_lock g_error=2 
E/power   (  457): release_wake_lock g_error=2 
E/power   (  457): acquire_wake_lock g_error=2 
E/power   (  457): release_wake_lock g_error=2 
E/power   (  457): acquire_wake_lock g_error=2 
E/power   (  457): acquire_wake_lock g_error=2 
E/power   (  457): release_wake_lock g_error=2 
E/power   (  457): release_wake_lock g_error=2 
I/TetheringManagerService( 1753): Provider is ATT
I/TetheringManagerService( 1753): MCCMNC is 310410
I/TetheringManagerService( 1753): Tethering is not running
I/TetheringManagerService( 1753): No saved default APN was found
I/TetheringManagerService( 1753): Supporting device(s) = wl0.1, usb0
E/AlarmManagerService(  457): android_server_AlarmManagerService_set to type=1, 1332962097.188000000
E/AlarmManagerService(  457): android_server_AlarmManagerService_set to type=1, 1332962100.000000000
I/TetheringManagerService( 1753): Wifi is disabled
I/TetheringManagerService( 1753): Network is LTE
I/TetheringManagerService( 1753): Mobile data is connected
D/TelephonyProvider(  589): start query selection apn = 'broadband'
I/TetheringManagerService( 1753): Stored entitled ID is 1344
I/TetheringManagerService( 1753): Stored entitled APN is broadband
I/TetheringManagerService( 1753): Stored entitled MCC/MNC is 310150
I/TetheringManagerService( 1753): Stored entitled APN type is dun
I/TetheringManagerService( 1753): Stored entitled ID is 1346
I/TetheringManagerService( 1753): Stored entitled APN is broadband
I/TetheringManagerService( 1753): Stored entitled MCC/MNC is 310170
I/TetheringManagerService( 1753): Stored entitled APN type is dun
I/TetheringManagerService( 1753): Stored entitled ID is 1348
I/TetheringManagerService( 1753): Stored entitled APN is broadband
I/TetheringManagerService( 1753): Stored entitled MCC/MNC is 310410
I/TetheringManagerService( 1753): Stored entitled APN type is dun
I/TetheringManagerService( 1753): Stored entitled APN ID(1348) is verified
I/TetheringManagerService( 1753): Current APN id = 1347
D/TetheringManagerService( 1753): Current APN name is pta
D/TetheringManagerService( 1753): LTE
E/power   (  457): acquire_wake_lock g_error=2 
E/power   (  457): release_wake_lock g_error=2 
E/power   (  457): acquire_wake_lock g_error=2 
E/power   (  457): acquire_wake_lock g_error=2 
E/power   (  457): release_wake_lock g_error=2 
E/power   (  457): release_wake_lock g_error=2 
E/power   (  457): acquire_wake_lock g_error=2 
E/power   (  457): release_wake_lock g_error=2 
E/power   (  457): acquire_wake_lock g_error=2 
E/power   (  457): release_wake_lock g_error=2 
E/power   (  457): acquire_wake_lock g_error=2 
E/power   (  457): release_wake_lock g_error=2 
E/power   (  457): acquire_wake_lock g_error=2 
E/power   (  457): acquire_wake_lock g_error=2 
E/power   (  457): release_wake_lock g_error=2 
E/power   (  457): release_wake_lock g_error=2 
E/power   (  457): acquire_wake_lock g_error=2 
E/power   (  457): release_wake_lock g_error=2 
E/power   (  457): acquire_wake_lock g_error=2 
E/power   (  457): release_wake_lock g_error=2 
E/power   (  457): acquire_wake_lock g_error=2 
E/power   (  457): release_wake_lock g_error=2 
E/power   (  457): acquire_wake_lock g_error=2 
E/power   (  457): release_wake_lock g_error=2 
E/power   (  457): acquire_wake_lock g_error=2 
E/power   (  457): release_wake_lock g_error=2 
E/power   (  457): acquire_wake_lock g_error=2 
E/power   (  457): release_wake_lock g_error=2 
E/power   (  457): acquire_wake_lock g_error=2 
E/power   (  457): release_wake_lock g_error=2 
E/power   (  457): acquire_wake_lock g_error=2 
E/power   (  457): release_wake_lock g_error=2 
E/power   (  457): acquire_wake_lock g_error=2 
E/power   (  457): acquire_wake_lock g_error=2 
E/power   (  457): release_wake_lock g_error=2 
E/power   (  457): release_wake_lock g_error=2 
