D/ConnectivityService(  153): handleInetConditionHoldEnd: net=0, condition=100, published condition=0
W/Smack/Packet(  444): notify conn break (IOEx), close connection
D/dalvikvm(  444): GC_CONCURRENT freed 428K, 6% free 10130K/10695K, paused 13ms+3ms
D/ConnectivityService(  153): handleInetConditionHoldEnd: net=0, condition=0, published condition=100
I/GTalkService/c(  444): [AndroidEndpoint@1094539688] connect: acct=1000000, state=CONNECTING
D/ConnectivityService(  153): handleInetConditionHoldEnd: net=0, condition=100, published condition=0
W/Smack/Packet(  444): notify conn break (IOEx), close connection
D/ConnectivityService(  153): handleInetConditionHoldEnd: net=0, condition=0, published condition=100
D/dalvikvm(  218): GC_CONCURRENT freed 399K, 7% free 10322K/11015K, paused 1ms+3ms
I/GTalkService/c(  444): [AndroidEndpoint@1094539688] connect: acct=1000000, state=CONNECTING
D/dalvikvm(  444): GC_CONCURRENT freed 389K, 5% free 10176K/10695K, paused 7ms+3ms
D/ConnectivityService(  153): handleInetConditionHoldEnd: net=0, condition=100, published condition=0
W/Smack/Packet(  444): notify conn break (IOEx), close connection
D/ConnectivityService(  153): handleInetConditionHoldEnd: net=0, condition=0, published condition=100
D/dalvikvm(  153): GC_EXPLICIT freed 898K, 12% free 13706K/15431K, paused 3ms+6ms
I/GTalkService/c(  444): [AndroidEndpoint@1094539688] connect: acct=1000000, state=CONNECTING
D/ConnectivityService(  153): handleInetConditionHoldEnd: net=0, condition=100, published condition=0
W/Smack/Packet(  444): notify conn break (IOEx), close connection
D/ConnectivityService(  153): handleInetConditionHoldEnd: net=0, condition=0, published condition=100
I/GTalkService/c(  444): [AndroidEndpoint@1094539688] connect: acct=1000000, state=CONNECTING
D/dalvikvm(  444): GC_CONCURRENT freed 471K, 6% free 10168K/10759K, paused 2ms+2ms
D/ConnectivityService(  153): handleInetConditionHoldEnd: net=0, condition=100, published condition=0
W/Smack/Packet(  444): notify conn break (IOEx), close connection
D/ConnectivityService(  153): handleInetConditionHoldEnd: net=0, condition=0, published condition=100
I/GTalkService/c(  444): [AndroidEndpoint@1094539688] connect: acct=1000000, state=CONNECTING
D/ConnectivityService(  153): handleInetConditionHoldEnd: net=0, condition=100, published condition=0
W/Smack/Packet(  444): notify conn break (IOEx), close connection
D/ConnectivityService(  153): handleInetConditionHoldEnd: net=0, condition=0, published condition=100
I/GTalkService/c(  444): [AndroidEndpoint@1094539688] connect: acct=1000000, state=CONNECTING
D/dalvikvm(  444): GC_CONCURRENT freed 420K, 6% free 10154K/10759K, paused 2ms+3ms
D/ConnectivityService(  153): handleInetConditionHoldEnd: net=0, condition=100, published condition=0
W/Smack/Packet(  444): notify conn break (IOEx), close connection
D/ConnectivityService(  153): handleInetConditionHoldEnd: net=0, condition=0, published condition=100
I/GTalkService/c(  444): [AndroidEndpoint@1094539688] connect: acct=1000000, state=CONNECTING
D/ConnectivityService(  153): handleInetConditionHoldEnd: net=0, condition=100, published condition=0
W/Smack/Packet(  444): notify conn break (IOEx), close connection
D/ConnectivityService(  153): handleInetConditionHoldEnd: net=0, condition=0, published condition=100
I/GTalkService/c(  444): [AndroidEndpoint@1094539688] connect: acct=1000000, state=CONNECTING
D/dalvikvm(  444): GC_CONCURRENT freed 411K, 6% free 10130K/10759K, paused 14ms+3ms
D/ConnectivityService(  153): handleInetConditionHoldEnd: net=0, condition=100, published condition=0
W/Smack/Packet(  444): notify conn break (IOEx), close connection
D/ConnectivityService(  153): handleInetConditionHoldEnd: net=0, condition=0, published condition=100
I/GTalkService/c(  444): [AndroidEndpoint@1094539688] connect: acct=1000000, state=CONNECTING
D/AlarmManagerService(  153): Kernel timezone updated to 240 minutes west of GMT
D/SystemClock(  312): Setting time of day to sec=1333733406
V/AlarmClock( 1628): AlarmInitReceiver finished
D/dalvikvm(  444): GC_CONCURRENT freed 401K, 6% free 10137K/10759K, paused 2ms+3ms
D/ConnectivityService(  153): handleInetConditionHoldEnd: net=0, condition=100, published condition=0
W/Smack/Packet(  444): notify conn break (IOEx), close connection
D/ConnectivityService(  153): handleInetConditionHoldEnd: net=0, condition=0, published condition=100
I/GTalkService/c(  444): [AndroidEndpoint@1094539688] connect: acct=1000000, state=CONNECTING
D/ConnectivityService(  153): handleInetConditionHoldEnd: net=0, condition=100, published condition=0
W/Smack/Packet(  444): notify conn break (IOEx), close connection
D/ConnectivityService(  153): handleInetConditionHoldEnd: net=0, condition=0, published condition=100
I/GTalkService/c(  444): [AndroidEndpoint@1094539688] connect: acct=1000000, state=CONNECTING
D/dalvikvm(  444): GC_CONCURRENT freed 381K, 6% free 10158K/10759K, paused 2ms+5ms
D/ConnectivityService(  153): handleInetConditionHoldEnd: net=0, condition=100, published condition=0
W/Smack/Packet(  444): notify conn break (IOEx), close connection
D/ConnectivityService(  153): handleInetConditionHoldEnd: net=0, condition=0, published condition=100
I/GTalkService/c(  444): [AndroidEndpoint@1094539688] connect: acct=1000000, state=CONNECTING
D/ConnectivityService(  153): handleInetConditionHoldEnd: net=0, condition=100, published condition=0
W/Smack/Packet(  444): notify conn break (IOEx), close connection
D/ConnectivityService(  153): handleInetConditionHoldEnd: net=0, condition=0, published condition=100
D/dalvikvm(  312): GC_CONCURRENT freed 424K, 6% free 9509K/10055K, paused 2ms+3ms
I/GTalkService/c(  444): [AndroidEndpoint@1094539688] connect: acct=1000000, state=CONNECTING
D/dalvikvm(  444): GC_CONCURRENT freed 421K, 6% free 10135K/10759K, paused 15ms+3ms
D/ConnectivityService(  153): handleInetConditionHoldEnd: net=0, condition=100, published condition=0
I/EventLogService(  444): Aggregate from 1333731806869 (log), 1333731806869 (data)
D/dalvikvm(  153): GC_CONCURRENT freed 1022K, 11% free 13742K/15431K, paused 18ms+5ms
I/ServiceDumpSys(  444): dumping service [account]
W/Smack/Packet(  444): notify conn break (IOEx), close connection
D/ConnectivityService(  153): handleInetConditionHoldEnd: net=0, condition=0, published condition=100
I/GTalkService/c(  444): [AndroidEndpoint@1094539688] connect: acct=1000000, state=CONNECTING
D/dalvikvm(  444): GC_CONCURRENT freed 392K, 6% free 10128K/10759K, paused 2ms+3ms
D/ConnectivityService(  153): handleInetConditionHoldEnd: net=0, condition=100, published condition=0
W/Smack/Packet(  444): notify conn break (IOEx), close connection
D/ConnectivityService(  153): handleInetConditionHoldEnd: net=0, condition=0, published condition=100
I/GTalkService/c(  444): [AndroidEndpoint@1094539688] connect: acct=1000000, state=CONNECTING
D/dalvikvm(  153): GC_EXPLICIT freed 228K, 12% free 13627K/15431K, paused 20ms+5ms
D/ConnectivityService(  153): handleInetConditionHoldEnd: net=0, condition=100, published condition=0
I/CheckinService(  444): Preparing to send checkin request
I/EventLogService(  444): Accumulating logs since 1333733607038
D/dalvikvm(  444): GC_CONCURRENT freed 362K, 6% free 10158K/10759K, paused 4ms+3ms
I/CheckinTask(  444): Sending checkin request (1691 bytes)
D/dalvikvm(  444): GC_CONCURRENT freed 299K, 5% free 10274K/10759K, paused 14ms+2ms
I/CheckinTask(  444): From server: 199 gservices
I/GservicesProvider(  444): main update completed
I/ActivityManager(  153): Start proc com.google.android.partnersetup for broadcast com.google.android.partnersetup/.GservicesChangedReceiver: pid=2017 uid=10022 gids={3003}
I/ActivityThread( 2017): Pub com.google.android.partnersetup.rlzprovider: com.google.android.partnersetup.RlzProvider
I/ActivityThread( 2017): Pub com.google.android.partnersetup.rlzappprovider: com.google.android.partnersetup.RlzAppProvider
I/ActivityManager(  153): Start proc com.google.android.voicesearch for broadcast com.google.android.voicesearch/.GservicesBroadcastReceiver: pid=2035 uid=10056 gids={3002, 3003, 1015}
I/SystemUpdateService(  444): cancelUpdate (update URL has changed)
I/ActivityManager(  153): START {flg=0x10000000 cmp=com.google.android.gsf/.update.SystemUpdateInstallDialog} from pid 444
I/ActivityThread( 2035): Pub com.google.android.voicesearch: com.google.android.voicesearch.AudioProvider
I/ActivityManager(  153): START {flg=0x10000000 cmp=com.google.android.gsf/.update.SystemUpdateDownloadDialog} from pid 444
I/SystemUpdateService(  444): starting download of http://android.clients.google.com/packages/ota/google_crespo/hR7QFEtn.zip
V/SystemUpdateService(  444): retry (wakeup: true) in 21599999 ms
I/PersonalizationPrefManagerImpl( 2035): No google account found
D/dalvikvm(  444): GC_EXPLICIT freed 330K, 5% free 10433K/10887K, paused 4ms+22ms
I/VoiceImeLanguageUpdater( 2035): #internalUpdateLanguages #56
I/CheckinTask(  444): Checkin success: https://android.clients.google.com/checkin (1 requests sent)
I/SystemUpdate.Download(  444): Started a new update download: http://android.clients.google.com/packages/ota/google_crespo/hR7QFEtn.zip (id 13; allowMobile=false)
V/SystemUpdateService(  444): onPostExecute: false
D/dalvikvm( 1658): GC_CONCURRENT freed 285K, 4% free 9184K/9543K, paused 2ms+2ms
I/DownloadManager( 1658): Initiating request for download 13
W/DownloadManager( 1658): Aborting request for download 13: download was requested to not use the current network type
W/ActivityManager(  153): Activity idle timeout for ActivityRecord{41585ff8 com.google.android.gsf/.update.SystemUpdateInstallDialog}
I/ActivityManager(  153): No longer want com.google.android.googlequicksearchbox (pid 1431): hidden #16
I/WindowManager(  153): WIN DEATH: Window{416b0cc0 com.google.android.googlequicksearchbox/com.google.android.googlequicksearchbox.SearchActivity paused=false}
D/dalvikvm(  153): GC_CONCURRENT freed 952K, 12% free 13708K/15431K, paused 17ms+5ms
D/dalvikvm(  218): GC_CONCURRENT freed 386K, 7% free 10328K/11015K, paused 1ms+2ms
D/dalvikvm(  153): GC_CONCURRENT freed 1010K, 11% free 13746K/15431K, paused 13ms+6ms
D/AlarmManagerService(  153): Kernel timezone updated to 240 minutes west of GMT
V/AlarmClock( 1628): AlarmInitReceiver finished
D/SystemClock(  312): Setting time of day to sec=1333734981
I/EventLogService(  444): Aggregate from 1333733728601 (log), 1333733607038 (data)
I/ServiceDumpSys(  444): dumping service [account]
W/Smack/Packet(  444): notify conn break (IOEx), close connection
W/ActivityManager(  153): finishReceiver called but no pending broadcasts
D/ConnectivityService(  153): handleInetConditionHoldEnd: net=0, condition=0, published condition=100
I/GTalkService/c(  444): [AndroidEndpoint@1094539688] connect: acct=1000001, state=CONNECTING
D/dalvikvm(  312): GC_CONCURRENT freed 421K, 6% free 9508K/10055K, paused 1ms+3ms
D/dalvikvm(  153): GC_CONCURRENT freed 1088K, 12% free 13721K/15431K, paused 2ms+5ms
D/dalvikvm(  153): GC_EXPLICIT freed 382K, 12% free 13664K/15431K, paused 20ms+5ms
D/dalvikvm(  444): GC_CONCURRENT freed 652K, 8% free 10230K/11015K, paused 13ms+3ms
I/dalvikvm(  444): Jit: resizing JitTable from 4096 to 8192
E/GTalkService(  444): connectionClosed: no XMPPConnection - That's strange!
D/ConnectivityService(  153): handleInetConditionHoldEnd: net=0, condition=0, published condition=0
D/dalvikvm(  312): GC_CONCURRENT freed 429K, 6% free 9503K/10055K, paused 2ms+3ms
D/dalvikvm(  153): GC_CONCURRENT freed 1025K, 12% free 13698K/15431K, paused 2ms+5ms
I/GTalkService/c(  444): [AndroidEndpoint@1094539688] connect: acct=1000001, state=CONNECTING
I/ActivityManager(  153): No longer want net.szym.barnacle (pid 1713): hidden #16
W/ActivityManager(  153): Scheduling restart of crashed service net.szym.barnacle/.BarnacleService in 5000ms
W/Netd    (   75): No subsystem found in netlink event
D/NetlinkEvent(   75): Unexpected netlink message. type=0x11
D/dalvikvm( 2065): Late-enabling CheckJNI
I/ActivityManager(  153): Start proc net.szym.barnacle for service net.szym.barnacle/.BarnacleService: pid=2065 uid=10066 gids={3003}
I/dalvikvm( 2065): Turning on JNI app bug workarounds for target SDK version 6...
D/dalvikvm(   79): GC_EXPLICIT freed 38K, 4% free 9028K/9347K, paused 2ms+2ms
D/myBarnacleApp( 2065): onCreate
D/dalvikvm(   79): GC_EXPLICIT freed <1K, 4% free 9028K/9347K, paused 2ms+4ms
W/myBarnacleApp( 2065): serviceStarted
D/dalvikvm(   79): GC_EXPLICIT freed <1K, 4% free 9028K/9347K, paused 1ms+7ms
I/BarnacleService( 2065): log: Starting...
I/BarnacleService( 2065): log: hq. MSG_NETSCHANGE. about to get getWifiState
I/BarnacleService( 2065): log: hq. BarnacleServiceNETSCHANGE: 2 1 null
E/BarnacleService( 2065): NETSCHANGE: 2 1 null
I/BarnacleService( 2065): log: hq. wifiState 2 =? WifiManager.WIFI_STATE_DISABLED = 1
I/BarnacleService( 2065): log: hq. Wifi state Enabled! :( the else before STATE_STARTING
I/BarnacleService( 2065): log: hq if state == STATE_STARTING, turn off wifi
I/BarnacleService( 2065): log: Waiting until Wifi is disabled
I/BarnacleService( 2065): log: hq. MSG_NETSCHANGE. about to get getWifiState
I/BarnacleService( 2065): log: hq. BarnacleServiceNETSCHANGE: 2 1 null
E/BarnacleService( 2065): NETSCHANGE: 2 1 null
I/BarnacleService( 2065): log: hq. wifiState 2 =? WifiManager.WIFI_STATE_DISABLED = 1
I/BarnacleService( 2065): log: hq. Wifi state Enabled! :( the else before STATE_STARTING
I/BarnacleService( 2065): log: hq if state == STATE_STARTING, turn off wifi
I/BarnacleService( 2065): log: Waiting until Wifi is disabled
I/BarnacleService( 2065): log: hq. MSG_NETSCHANGE. about to get getWifiState
I/BarnacleService( 2065): log: hq. BarnacleServiceNETSCHANGE: 2 1 null
E/BarnacleService( 2065): NETSCHANGE: 2 1 null
I/BarnacleService( 2065): log: hq. wifiState 2 =? WifiManager.WIFI_STATE_DISABLED = 1
I/BarnacleService( 2065): log: hq. Wifi state Enabled! :( the else before STATE_STARTING
I/BarnacleService( 2065): log: hq if state == STATE_STARTING, turn off wifi
I/BarnacleService( 2065): log: Waiting until Wifi is disabled
D/SoftapController(   75): Softap fwReload - Ok
D/CommandListener(   75): Setting iface cfg
D/CommandListener(   75): Trying to bring down wlan0
D/CommandListener(   75): broadcast flag ignored
D/CommandListener(   75): multicast flag ignored
D/NetworkManagementService(  153): rsp <213 00:90:4c:11:22:33 0.0.0.0 0 [down broadcast multicast]>
D/NetworkManagementService(  153): flags <[down broadcast multicast]>
I/wpa_supplicant( 2089): CTRL-EVENT-TERMINATING - signal 0 received
I/wpa_supplicant( 2089): CTRL-EVENT-STATE-CHANGE id=-1 state=0 BSSID=00:00:00:00:00:00
D/CommandListener(   75): Clearing all IP addresses on wlan0
I/BarnacleService( 2065): log: hq. MSG_NETSCHANGE. about to get getWifiState
I/BarnacleService( 2065): log: hq. BarnacleServiceNETSCHANGE: 0 1 null
E/BarnacleService( 2065): NETSCHANGE: 0 1 null
I/BarnacleService( 2065): log: hq. wifiState 0 =? WifiManager.WIFI_STATE_DISABLED = 1
I/BarnacleService( 2065): log: hq. Wifi state Enabled! :( the else before STATE_STARTING
I/BarnacleService( 2065): log: hq if state == STATE_STARTING, turn off wifi
I/BarnacleService( 2065): log: hq. MSG_NETSCHANGE. about to get getWifiState
I/BarnacleService( 2065): log: hq. BarnacleServiceNETSCHANGE: 0 1 null
E/BarnacleService( 2065): NETSCHANGE: 0 1 null
I/BarnacleService( 2065): log: hq. wifiState 0 =? WifiManager.WIFI_STATE_DISABLED = 1
I/BarnacleService( 2065): log: hq. Wifi state Enabled! :( the else before STATE_STARTING
I/BarnacleService( 2065): log: hq if state == STATE_STARTING, turn off wifi
W/Netd    (   75): No subsystem found in netlink event
D/NetlinkEvent(   75): Unexpected netlink message. type=0x11
I/BarnacleService( 2065): log: hq. MSG_NETSCHANGE. about to get getWifiState
I/BarnacleService( 2065): log: hq. BarnacleServiceNETSCHANGE: 1 1 null
E/BarnacleService( 2065): NETSCHANGE: 1 1 null
I/BarnacleService( 2065): log: hq. wifiState 1 =? WifiManager.WIFI_STATE_DISABLED = 1
I/BarnacleService( 2065): log: hq. INSIDE :) wifi state disabled
I/BarnacleService( 2065): log: ( (state = 1) ?== (STATE_STARTING = 1) ) && ( (process = proc_is_null) ?== null ... && checkUplink:
I/BarnacleService( 2065): log: hq. :D:D:D:D in state == STATE STARTING and no proccess and checkuplink :D:D:D
I/BarnacleService( 2065): log: Data network is ready
I/BarnacleService( 2065): log: .ini file prepared
I/BarnacleService( 2065): log: hq. :):):):):) :D:D:D:D:D:D about to startProcess()
I/BarnacleService( 2065): log: hq==============
I/BarnacleService( 2065): BarnacleService: startProcess()
I/BarnacleService( 2065): log: hq     pb = new ProcessBuilder
I/BarnacleService( 2065): log: hq     ./File_SCRIPT
I/BarnacleService( 2065): log: hq     pb.start()
I/BarnacleService( 2065): log: hq     new Thread 0 OUTPUT
I/BarnacleService( 2065): log: hq     new Thread 1 ERROR
I/BarnacleService( 2065): log: hq     threads 0 start
I/BarnacleService( 2065): log: hq     threads 1 start
D/su      ( 2094): 10066 net.szym.barnacle executing 0 /data/data/net.szym.barnacle/files/run using shell /system/bin/sh : sh
E/ActivityManager(  153): Activity Manager Crash
E/ActivityManager(  153): java.lang.IllegalArgumentException: Unknown URI type: 7
E/ActivityManager(  153): 	at android.net.Uri$1.createFromParcel(Uri.java:1734)
E/ActivityManager(  153): 	at android.net.Uri$1.createFromParcel(Uri.java:1723)
E/ActivityManager(  153): 	at android.content.Intent.readFromParcel(Intent.java:6131)
E/ActivityManager(  153): 	at android.content.Intent.<init>(Intent.java:6126)
E/ActivityManager(  153): 	at android.content.Intent.readFromParcel(Intent.java:6153)
E/ActivityManager(  153): 	at android.content.Intent.<init>(Intent.java:6126)
E/ActivityManager(  153): 	at android.content.Intent$1.createFromParcel(Intent.java:6117)
E/ActivityManager(  153): 	at android.content.Intent$1.createFromParcel(Intent.java:6115)
E/ActivityManager(  153): 	at android.app.ActivityManagerNative.onTransact(ActivityManagerNative.java:298)
E/ActivityManager(  153): 	at com.android.server.am.ActivityManagerService.onTransact(ActivityManagerService.java:1545)
E/ActivityManager(  153): 	at android.os.Binder.execTransact(Binder.java:338)
E/ActivityManager(  153): 	at dalvik.system.NativeStart.run(Native Method)
I/BarnacleService( 2065): log: WIFI: driver loaded
D/barnacle( 2111): WIFI: Could not set freq: Invalid argument
D/barnacle( 2111): WIFI: Could not set freq: Invalid argument
I/BarnacleService( 2065): log: Running...
W/myBarnacleApp( 2065): processStarted
D/barnacle( 2111): WIFI: WLEXT assoc
W/NetworkStats(  153): dropping UID delta from unknown iface: iface=wlan0 uid=0 set=DEFAULT tag=0x0 rxBytes=0 rxPackets=0 txBytes=468 txPackets=7 operations=0
D/dalvikvm(  153): GC_CONCURRENT freed 1040K, 12% free 13707K/15431K, paused 2ms+5ms
W/NetworkStats(  153): dropping UID delta from unknown iface: iface=wlan0 uid=0 set=DEFAULT tag=0x0 rxBytes=0 rxPackets=0 txBytes=56 txPackets=1 operations=0
W/NetworkStats(  153): dropping UID delta from unknown iface: iface=wlan0 uid=0 set=DEFAULT tag=0x0 rxBytes=0 rxPackets=0 txBytes=56 txPackets=1 operations=0
D/ConnectivityService(  153): handleInetConditionHoldEnd: net=0, condition=100, published condition=0
D/dalvikvm(  312): GC_CONCURRENT freed 419K, 6% free 9503K/10055K, paused 2ms+2ms
D/dalvikvm(  153): GC_CONCURRENT freed 1066K, 12% free 13693K/15431K, paused 23ms+5ms
D/AlarmManagerService(  153): Kernel timezone updated to 240 minutes west of GMT
V/AlarmClock( 1628): AlarmInitReceiver finished
D/SystemClock(  312): Setting time of day to sec=1333735719
D/dalvikvm(  153): GC_EXPLICIT freed 409K, 12% free 13677K/15431K, paused 2ms+5ms
W/Smack/Packet(  444): notify conn break (IOEx), close connection
I/qtaguid (  444): Failed write_ctrl(u 68) res=-1 errno=22
I/qtaguid (  444): Untagging socket 68 failed errno=-22
W/NetworkManagementSocketTagger(  444): untagSocket(68) failed with errno -22
D/ConnectivityService(  153): handleInetConditionHoldEnd: net=0, condition=0, published condition=100
I/GTalkService/c(  444): [AndroidEndpoint@1094539688] connect: acct=1000001, state=CONNECTING
D/dalvikvm(  444): GC_CONCURRENT freed 477K, 8% free 10143K/11015K, paused 15ms+3ms
D/ConnectivityService(  153): handleInetConditionHoldEnd: net=0, condition=100, published condition=0
W/Smack/Packet(  444): notify conn break (IOEx), close connection
D/ConnectivityService(  153): handleInetConditionHoldEnd: net=0, condition=0, published condition=100
I/GTalkService/c(  444): [AndroidEndpoint@1094539688] connect: acct=1000001, state=CONNECTING
D/dalvikvm(  218): GC_CONCURRENT freed 368K, 7% free 10345K/11015K, paused 2ms+2ms
D/dalvikvm(  444): GC_CONCURRENT freed 374K, 8% free 10164K/11015K, paused 1ms+2ms
D/ConnectivityService(  153): handleInetConditionHoldEnd: net=0, condition=100, published condition=0
W/Smack/Packet(  444): notify conn break (IOEx), close connection
D/ConnectivityService(  153): handleInetConditionHoldEnd: net=0, condition=0, published condition=100
I/GTalkService/c(  444): [AndroidEndpoint@1094539688] connect: acct=1000001, state=CONNECTING
D/ConnectivityService(  153): handleInetConditionHoldEnd: net=0, condition=100, published condition=0
W/Smack/Packet(  444): notify conn break (IOEx), close connection
D/ConnectivityService(  153): handleInetConditionHoldEnd: net=0, condition=0, published condition=100
I/GTalkService/c(  444): [AndroidEndpoint@1094539688] connect: acct=1000001, state=CONNECTING
D/dalvikvm(  444): GC_CONCURRENT freed 377K, 8% free 10180K/11015K, paused 2ms+4ms
D/ConnectivityService(  153): handleInetConditionHoldEnd: net=0, condition=100, published condition=0
W/Smack/Packet(  444): notify conn break (IOEx), close connection
I/qtaguid (  444): Failed write_ctrl(u 68) res=-1 errno=22
I/qtaguid (  444): Untagging socket 68 failed errno=-22
W/NetworkManagementSocketTagger(  444): untagSocket(68) failed with errno -22
D/ConnectivityService(  153): handleInetConditionHoldEnd: net=0, condition=0, published condition=100
I/GTalkService/c(  444): [AndroidEndpoint@1094539688] connect: acct=1000001, state=CONNECTING
D/ConnectivityService(  153): handleInetConditionHoldEnd: net=0, condition=100, published condition=0
W/Smack/Packet(  444): notify conn break (IOEx), close connection
D/ConnectivityService(  153): handleInetConditionHoldEnd: net=0, condition=0, published condition=100
I/GTalkService/c(  444): [AndroidEndpoint@1094539688] connect: acct=1000001, state=CONNECTING
D/dalvikvm(  444): GC_CONCURRENT freed 419K, 8% free 10156K/11015K, paused 15ms+3ms
D/ConnectivityService(  153): handleInetConditionHoldEnd: net=0, condition=100, published condition=0
W/Smack/Packet(  444): notify conn break (IOEx), close connection
D/ConnectivityService(  153): handleInetConditionHoldEnd: net=0, condition=0, published condition=100
I/GTalkService/c(  444): [AndroidEndpoint@1094539688] connect: acct=1000001, state=CONNECTING
D/dalvikvm(  444): GC_CONCURRENT freed 386K, 8% free 10164K/11015K, paused 2ms+3ms
D/ConnectivityService(  153): handleInetConditionHoldEnd: net=0, condition=100, published condition=0
W/Smack/Packet(  444): notify conn break (IOEx), close connection
D/ConnectivityService(  153): handleInetConditionHoldEnd: net=0, condition=0, published condition=100
I/GTalkService/c(  444): [AndroidEndpoint@1094539688] connect: acct=1000001, state=CONNECTING
D/ConnectivityService(  153): handleInetConditionHoldEnd: net=0, condition=100, published condition=0
W/Smack/Packet(  444): notify conn break (IOEx), close connection
D/ConnectivityService(  153): handleInetConditionHoldEnd: net=0, condition=0, published condition=100
I/GTalkService/c(  444): [AndroidEndpoint@1094539688] connect: acct=1000001, state=CONNECTING
D/dalvikvm(  444): GC_CONCURRENT freed 383K, 8% free 10177K/11015K, paused 2ms+3ms
D/ConnectivityService(  153): handleInetConditionHoldEnd: net=0, condition=100, published condition=0
W/Smack/Packet(  444): notify conn break (IOEx), close connection
D/ConnectivityService(  153): handleInetConditionHoldEnd: net=0, condition=0, published condition=100
I/GTalkService/c(  444): [AndroidEndpoint@1094539688] connect: acct=1000001, state=CONNECTING
D/ConnectivityService(  153): handleInetConditionHoldEnd: net=0, condition=100, published condition=0
W/Smack/Packet(  444): notify conn break (IOEx), close connection
D/ConnectivityService(  153): handleInetConditionHoldEnd: net=0, condition=0, published condition=100
I/GTalkService/c(  444): [AndroidEndpoint@1094539688] connect: acct=1000001, state=CONNECTING
D/dalvikvm(  444): GC_CONCURRENT freed 415K, 8% free 10156K/11015K, paused 15ms+3ms
D/ConnectivityService(  153): handleInetConditionHoldEnd: net=0, condition=100, published condition=0
W/Smack/Packet(  444): notify conn break (IOEx), close connection
D/ConnectivityService(  153): handleInetConditionHoldEnd: net=0, condition=0, published condition=100
I/GTalkService/c(  444): [AndroidEndpoint@1094539688] connect: acct=1000001, state=CONNECTING
D/dalvikvm(  444): GC_CONCURRENT freed 385K, 8% free 10164K/11015K, paused 2ms+4ms
D/ConnectivityService(  153): handleInetConditionHoldEnd: net=0, condition=100, published condition=0
W/Smack/Packet(  444): notify conn break (IOEx), close connection
D/ConnectivityService(  153): handleInetConditionHoldEnd: net=0, condition=0, published condition=100
D/dalvikvm(  153): GC_CONCURRENT freed 976K, 11% free 13778K/15431K, paused 2ms+6ms
I/GTalkService/c(  444): [AndroidEndpoint@1094539688] connect: acct=1000001, state=CONNECTING
D/ConnectivityService(  153): handleInetConditionHoldEnd: net=0, condition=100, published condition=0
W/Smack/Packet(  444): notify conn break (IOEx), close connection
D/ConnectivityService(  153): handleInetConditionHoldEnd: net=0, condition=0, published condition=100
I/GTalkService/c(  444): [AndroidEndpoint@1094539688] connect: acct=1000001, state=CONNECTING
D/dalvikvm(  444): GC_CONCURRENT freed 382K, 8% free 10178K/11015K, paused 2ms+2ms
D/ConnectivityService(  153): handleInetConditionHoldEnd: net=0, condition=100, published condition=0
W/Smack/Packet(  444): notify conn break (IOEx), close connection
D/ConnectivityService(  153): handleInetConditionHoldEnd: net=0, condition=0, published condition=100
I/GTalkService/c(  444): [AndroidEndpoint@1094539688] connect: acct=1000001, state=CONNECTING
D/ConnectivityService(  153): handleInetConditionHoldEnd: net=0, condition=100, published condition=0
W/Smack/Packet(  444): notify conn break (IOEx), close connection
D/ConnectivityService(  153): handleInetConditionHoldEnd: net=0, condition=0, published condition=100
I/GTalkService/c(  444): [AndroidEndpoint@1094539688] connect: acct=1000001, state=CONNECTING
E/GTalkService(  444): connectionClosed: no XMPPConnection - That's strange!
D/dalvikvm(  444): GC_CONCURRENT freed 426K, 8% free 10137K/11015K, paused 14ms+4ms
D/ConnectivityService(  153): handleInetConditionHoldEnd: net=0, condition=0, published condition=0
I/GTalkService/c(  444): [AndroidEndpoint@1094539688] connect: acct=1000001, state=CONNECTING
E/GTalkService(  444): connectionClosed: no XMPPConnection - That's strange!
D/ConnectivityService(  153): handleInetConditionHoldEnd: net=0, condition=0, published condition=0
D/dalvikvm(  153): GC_EXPLICIT freed 765K, 12% free 13725K/15431K, paused 2ms+6ms
I/GTalkService/c(  444): [AndroidEndpoint@1094539688] connect: acct=1000001, state=CONNECTING
I/EventLogService(  444): Aggregate from 1333735407527 (log), 1333735407527 (data)
I/ServiceDumpSys(  444): dumping service [account]
D/ConnectivityService(  153): handleInetConditionHoldEnd: net=0, condition=100, published condition=0
W/Smack/Packet(  444): notify conn break (IOEx), close connection
D/ConnectivityService(  153): handleInetConditionHoldEnd: net=0, condition=0, published condition=100
I/ActivityManager(  153): No longer want com.google.android.apps.uploader (pid 1676): hidden #16
D/dalvikvm(  312): GC_CONCURRENT freed 412K, 6% free 9509K/10055K, paused 16ms+2ms
D/dalvikvm( 1843): GC_CONCURRENT freed 385K, 7% free 10014K/10759K, paused 1ms+2ms
I/GTalkService/c(  444): [AndroidEndpoint@1094539688] connect: acct=1000001, state=CONNECTING
D/dalvikvm(  444): GC_CONCURRENT freed 394K, 9% free 10130K/11015K, paused 15ms+2ms
W/Smack/Packet(  444): notify conn break (IOEx), close connection
D/ConnectivityService(  153): handleInetConditionHoldEnd: net=0, condition=0, published condition=0
D/dalvikvm(  218): GC_CONCURRENT freed 408K, 7% free 10326K/11015K, paused 1ms+3ms
D/dalvikvm(  153): GC_CONCURRENT freed 1048K, 12% free 13730K/15431K, paused 17ms+5ms
I/GTalkService/c(  444): [AndroidEndpoint@1094539688] connect: acct=1000001, state=CONNECTING
D/dalvikvm(  444): GC_CONCURRENT freed 360K, 8% free 10163K/11015K, paused 13ms+2ms
D/ConnectivityService(  153): handleInetConditionHoldEnd: net=0, condition=100, published condition=0
W/Smack/Packet(  444): notify conn break (IOEx), close connection
D/ConnectivityService(  153): handleInetConditionHoldEnd: net=0, condition=0, published condition=100
I/GTalkService/c(  444): [AndroidEndpoint@1094539688] connect: acct=1000001, state=CONNECTING
D/ConnectivityService(  153): handleInetConditionHoldEnd: net=0, condition=100, published condition=0
W/Smack/Packet(  444): notify conn break (IOEx), close connection
D/ConnectivityService(  153): handleInetConditionHoldEnd: net=0, condition=0, published condition=100
I/GTalkService/c(  444): [AndroidEndpoint@1094539688] connect: acct=1000001, state=CONNECTING
D/dalvikvm(  444): GC_CONCURRENT freed 388K, 8% free 10174K/11015K, paused 2ms+3ms
D/ConnectivityService(  153): handleInetConditionHoldEnd: net=0, condition=100, published condition=0
W/Smack/Packet(  444): notify conn break (IOEx), close connection
D/ConnectivityService(  153): handleInetConditionHoldEnd: net=0, condition=0, published condition=100
I/GTalkService/c(  444): [AndroidEndpoint@1094539688] connect: acct=1000001, state=CONNECTING
D/ConnectivityService(  153): handleInetConditionHoldEnd: net=0, condition=100, published condition=0
W/Smack/Packet(  444): notify conn break (IOEx), close connection
D/ConnectivityService(  153): handleInetConditionHoldEnd: net=0, condition=0, published condition=100
D/dalvikvm(  153): GC_CONCURRENT freed 1042K, 11% free 13740K/15431K, paused 2ms+5ms
I/EventLogService(  444): Aggregate from 1333737207655 (log), 1333737207655 (data)
I/ServiceDumpSys(  444): dumping service [account]
D/dalvikvm(  444): GC_CONCURRENT freed 435K, 8% free 10138K/11015K, paused 2ms+3ms
I/GTalkService/c(  444): [AndroidEndpoint@1094539688] connect: acct=1000001, state=CONNECTING
D/AlarmManagerService(  153): Kernel timezone updated to 240 minutes west of GMT
D/SystemClock(  312): Setting time of day to sec=1333739115
D/dalvikvm(  444): GC_EXPLICIT freed 111K, 9% free 10074K/11015K, paused 3ms+12ms
V/AlarmClock( 1628): AlarmInitReceiver finished
D/ConnectivityService(  153): handleInetConditionHoldEnd: net=0, condition=100, published condition=0
W/Smack/Packet(  444): notify conn break (IOEx), close connection
D/ConnectivityService(  153): handleInetConditionHoldEnd: net=0, condition=0, published condition=100
D/AlarmManagerService(  153): Kernel timezone updated to 240 minutes west of GMT
V/AlarmClock( 1628): AlarmInitReceiver finished
D/SystemClock(  312): Setting time of day to sec=1333739301
D/dalvikvm( 1640): GC_CONCURRENT freed 303K, 5% free 9192K/9607K, paused 14ms+3ms
I/GTalkService/c(  444): [AndroidEndpoint@1094539688] connect: acct=1000001, state=CONNECTING
D/AlarmManagerService(  153): Kernel timezone updated to 240 minutes west of GMT
D/SystemClock(  312): Setting time of day to sec=1333739471
D/dalvikvm(  218): GC_CONCURRENT freed 366K, 7% free 10352K/11015K, paused 2ms+3ms
D/dalvikvm(  153): GC_EXPLICIT freed 907K, 12% free 13730K/15431K, paused 3ms+7ms
V/AlarmClock( 1628): AlarmInitReceiver finished
D/dalvikvm(  444): GC_CONCURRENT freed 319K, 8% free 10149K/11015K, paused 1ms+2ms
D/ConnectivityService(  153): handleInetConditionHoldEnd: net=0, condition=100, published condition=0
D/AlarmManagerService(  153): Kernel timezone updated to 240 minutes west of GMT
V/AlarmClock( 1628): AlarmInitReceiver finished
D/SystemClock(  312): Setting time of day to sec=1333739498
D/dalvikvm(  312): GC_CONCURRENT freed 414K, 6% free 9508K/10055K, paused 2ms+2ms
D/dalvikvm(  153): GC_CONCURRENT freed 1071K, 12% free 13727K/15431K, paused 2ms+5ms
I/EventLogService(  444): Aggregate from 1333739007756 (log), 1333739007756 (data)
I/ServiceDumpSys(  444): dumping service [account]
I/CheckinService(  444): Preparing to send checkin request
I/EventLogService(  444): Accumulating logs since 1333740807889
I/CheckinTask(  444): Sending checkin request (1732 bytes)
D/dalvikvm(  444): GC_CONCURRENT freed 357K, 8% free 10179K/11015K, paused 2ms+3ms
I/CheckinTask(  444): Checkin success: https://android.clients.google.com/checkin (1 requests sent)
W/Smack/Packet(  444): notify conn break (IOEx), close connection
I/qtaguid (  444): Failed write_ctrl(u 68) res=-1 errno=22
I/qtaguid (  444): Untagging socket 68 failed errno=-22
W/NetworkManagementSocketTagger(  444): untagSocket(68) failed with errno -22
D/dalvikvm(  444): GC_CONCURRENT freed 413K, 8% free 10149K/11015K, paused 2ms+2ms
D/ConnectivityService(  153): handleInetConditionHoldEnd: net=0, condition=0, published condition=100
I/GTalkService/c(  444): [AndroidEndpoint@1094539688] connect: acct=1000001, state=CONNECTING
D/ConnectivityService(  153): handleInetConditionHoldEnd: net=0, condition=100, published condition=0
W/Smack/Packet(  444): notify conn break (IOEx), close connection
D/ConnectivityService(  153): handleInetConditionHoldEnd: net=0, condition=0, published condition=100
I/GTalkService/c(  444): [AndroidEndpoint@1094539688] connect: acct=1000001, state=CONNECTING
D/dalvikvm(  444): GC_CONCURRENT freed 379K, 8% free 10191K/11015K, paused 15ms+3ms
D/ConnectivityService(  153): handleInetConditionHoldEnd: net=0, condition=100, published condition=0
W/Smack/Packet(  444): notify conn break (IOEx), close connection
D/ConnectivityService(  153): handleInetConditionHoldEnd: net=0, condition=0, published condition=100
I/GTalkService/c(  444): [AndroidEndpoint@1094539688] connect: acct=1000001, state=CONNECTING
D/ConnectivityService(  153): handleInetConditionHoldEnd: net=0, condition=100, published condition=0
W/Smack/Packet(  444): notify conn break (IOEx), close connection
D/ConnectivityService(  153): handleInetConditionHoldEnd: net=0, condition=0, published condition=100
I/GTalkService/c(  444): [AndroidEndpoint@1094539688] connect: acct=1000001, state=CONNECTING
D/dalvikvm(  444): GC_CONCURRENT freed 420K, 8% free 10177K/11015K, paused 1ms+3ms
D/ConnectivityService(  153): handleInetConditionHoldEnd: net=0, condition=100, published condition=0
W/Smack/Packet(  444): notify conn break (IOEx), close connection
D/ConnectivityService(  153): handleInetConditionHoldEnd: net=0, condition=0, published condition=100
I/GTalkService/c(  444): [AndroidEndpoint@1094539688] connect: acct=1000001, state=CONNECTING
D/ConnectivityService(  153): handleInetConditionHoldEnd: net=0, condition=100, published condition=0
W/Smack/Packet(  444): notify conn break (IOEx), close connection
D/ConnectivityService(  153): handleInetConditionHoldEnd: net=0, condition=0, published condition=100
I/GTalkService/c(  444): [AndroidEndpoint@1094539688] connect: acct=1000001, state=CONNECTING
D/dalvikvm(  444): GC_CONCURRENT freed 420K, 8% free 10155K/11015K, paused 14ms+3ms
D/ConnectivityService(  153): handleInetConditionHoldEnd: net=0, condition=100, published condition=0
W/Smack/Packet(  444): notify conn break (IOEx), close connection
D/ConnectivityService(  153): handleInetConditionHoldEnd: net=0, condition=0, published condition=100
I/GTalkService/c(  444): [AndroidEndpoint@1094539688] connect: acct=1000001, state=CONNECTING
D/dalvikvm(  153): GC_CONCURRENT freed 1037K, 11% free 13752K/15431K, paused 2ms+6ms
D/dalvikvm(  444): GC_CONCURRENT freed 386K, 8% free 10163K/11015K, paused 2ms+4ms
D/ConnectivityService(  153): handleInetConditionHoldEnd: net=0, condition=100, published condition=0
W/Smack/Packet(  444): notify conn break (IOEx), close connection
D/ConnectivityService(  153): handleInetConditionHoldEnd: net=0, condition=0, published condition=100
I/GTalkService/c(  444): [AndroidEndpoint@1094539688] connect: acct=1000001, state=CONNECTING
D/dalvikvm(  153): GC_EXPLICIT freed 263K, 12% free 13656K/15431K, paused 3ms+5ms
D/ConnectivityService(  153): handleInetConditionHoldEnd: net=0, condition=100, published condition=0
D/dalvikvm(  218): GC_CONCURRENT freed 399K, 7% free 10340K/11015K, paused 13ms+3ms
W/Smack/Packet(  444): notify conn break (IOEx), close connection
D/ConnectivityService(  153): handleInetConditionHoldEnd: net=0, condition=0, published condition=100
I/GTalkService/c(  444): [AndroidEndpoint@1094539688] connect: acct=1000001, state=CONNECTING
D/dalvikvm(  444): GC_CONCURRENT freed 384K, 8% free 10176K/11015K, paused 1ms+3ms
W/Smack/Packet(  444): notify conn break (IOEx), close connection
D/ConnectivityService(  153): handleInetConditionHoldEnd: net=0, condition=0, published condition=0
I/GTalkService/c(  444): [AndroidEndpoint@1094539688] connect: acct=1000001, state=CONNECTING
D/ConnectivityService(  153): handleInetConditionHoldEnd: net=0, condition=100, published condition=0
W/Smack/Packet(  444): notify conn break (IOEx), close connection
D/ConnectivityService(  153): handleInetConditionHoldEnd: net=0, condition=0, published condition=100
I/GTalkService/c(  444): [AndroidEndpoint@1094539688] connect: acct=1000001, state=CONNECTING
D/dalvikvm(  444): GC_CONCURRENT freed 413K, 8% free 10155K/11015K, paused 14ms+3ms
D/ConnectivityService(  153): handleInetConditionHoldEnd: net=0, condition=100, published condition=0
W/Smack/Packet(  444): notify conn break (IOEx), close connection
D/ConnectivityService(  153): handleInetConditionHoldEnd: net=0, condition=0, published condition=100
I/GTalkService/c(  444): [AndroidEndpoint@1094539688] connect: acct=1000001, state=CONNECTING
D/dalvikvm(  444): GC_CONCURRENT freed 385K, 8% free 10163K/11015K, paused 2ms+3ms
D/ConnectivityService(  153): handleInetConditionHoldEnd: net=0, condition=100, published condition=0
W/Smack/Packet(  444): notify conn break (IOEx), close connection
D/ConnectivityService(  153): handleInetConditionHoldEnd: net=0, condition=0, published condition=100
I/GTalkService/c(  444): [AndroidEndpoint@1094539688] connect: acct=1000001, state=CONNECTING
D/ConnectivityService(  153): handleInetConditionHoldEnd: net=0, condition=100, published condition=0
W/Smack/Packet(  444): notify conn break (IOEx), close connection
D/ConnectivityService(  153): handleInetConditionHoldEnd: net=0, condition=0, published condition=100
I/GTalkService/c(  444): [AndroidEndpoint@1094539688] connect: acct=1000001, state=CONNECTING
D/dalvikvm(  444): GC_CONCURRENT freed 380K, 8% free 10177K/11015K, paused 2ms+3ms
D/ConnectivityService(  153): handleInetConditionHoldEnd: net=0, condition=100, published condition=0
W/Smack/Packet(  444): notify conn break (IOEx), close connection
D/ConnectivityService(  153): handleInetConditionHoldEnd: net=0, condition=0, published condition=100
I/GTalkService/c(  444): [AndroidEndpoint@1094539688] connect: acct=1000001, state=CONNECTING
D/ConnectivityService(  153): handleInetConditionHoldEnd: net=0, condition=100, published condition=0
W/Smack/Packet(  444): notify conn break (IOEx), close connection
D/ConnectivityService(  153): handleInetConditionHoldEnd: net=0, condition=0, published condition=100
I/GTalkService/c(  444): [AndroidEndpoint@1094539688] connect: acct=1000001, state=CONNECTING
D/dalvikvm(  444): GC_CONCURRENT freed 416K, 8% free 10156K/11015K, paused 14ms+3ms
D/ConnectivityService(  153): handleInetConditionHoldEnd: net=0, condition=100, published condition=0
W/Smack/Packet(  444): notify conn break (IOEx), close connection
D/ConnectivityService(  153): handleInetConditionHoldEnd: net=0, condition=0, published condition=100
I/GTalkService/c(  444): [AndroidEndpoint@1094539688] connect: acct=1000001, state=CONNECTING
D/dalvikvm(  444): GC_CONCURRENT freed 384K, 8% free 10164K/11015K, paused 2ms+5ms
D/ConnectivityService(  153): handleInetConditionHoldEnd: net=0, condition=100, published condition=0
W/Smack/Packet(  444): notify conn break (IOEx), close connection
D/ConnectivityService(  153): handleInetConditionHoldEnd: net=0, condition=0, published condition=100
I/GTalkService/c(  444): [AndroidEndpoint@1094539688] connect: acct=1000001, state=CONNECTING
D/ConnectivityService(  153): handleInetConditionHoldEnd: net=0, condition=100, published condition=0
W/Smack/Packet(  444): notify conn break (IOEx), close connection
D/ConnectivityService(  153): handleInetConditionHoldEnd: net=0, condition=0, published condition=100
I/GTalkService/c(  444): [AndroidEndpoint@1094539688] connect: acct=1000001, state=CONNECTING
D/dalvikvm(  444): GC_CONCURRENT freed 381K, 8% free 10177K/11015K, paused 2ms+3ms
D/ConnectivityService(  153): handleInetConditionHoldEnd: net=0, condition=100, published condition=0
W/Smack/Packet(  444): notify conn break (IOEx), close connection
D/ConnectivityService(  153): handleInetConditionHoldEnd: net=0, condition=0, published condition=100
I/EventLogService(  444): Aggregate from 1333740948969 (log), 1333740807889 (data)
I/ServiceDumpSys(  444): dumping service [account]
D/dalvikvm(  153): GC_CONCURRENT freed 958K, 12% free 13733K/15431K, paused 2ms+5ms
I/GTalkService/c(  444): [AndroidEndpoint@1094539688] connect: acct=1000001, state=CONNECTING
D/dalvikvm(  444): GC_CONCURRENT freed 395K, 8% free 10171K/11015K, paused 14ms+3ms
D/ConnectivityService(  153): handleInetConditionHoldEnd: net=0, condition=100, published condition=0
W/Smack/Packet(  444): notify conn break (IOEx), close connection
D/ConnectivityService(  153): handleInetConditionHoldEnd: net=0, condition=0, published condition=100
I/GTalkService/c(  444): [AndroidEndpoint@1094539688] connect: acct=1000001, state=CONNECTING
W/Smack/Packet(  444): notify conn break (IOEx), close connection
D/ConnectivityService(  153): handleInetConditionHoldEnd: net=0, condition=100, published condition=0
D/ConnectivityService(  153): handleInetConditionHoldEnd: net=0, condition=0, published condition=100
I/GTalkService/c(  444): [AndroidEndpoint@1094539688] connect: acct=1000001, state=CONNECTING
D/dalvikvm(  444): GC_CONCURRENT freed 386K, 8% free 10177K/11015K, paused 1ms+3ms
D/ConnectivityService(  153): handleInetConditionHoldEnd: net=0, condition=100, published condition=0
W/Smack/Packet(  444): notify conn break (IOEx), close connection
D/ConnectivityService(  153): handleInetConditionHoldEnd: net=0, condition=0, published condition=100
I/GTalkService/c(  444): [AndroidEndpoint@1094539688] connect: acct=1000001, state=CONNECTING
D/dalvikvm(  153): GC_EXPLICIT freed 548K, 12% free 13688K/15431K, paused 13ms+5ms
D/ConnectivityService(  153): handleInetConditionHoldEnd: net=0, condition=100, published condition=0
W/Smack/Packet(  444): notify conn break (IOEx), close connection
D/ConnectivityService(  153): handleInetConditionHoldEnd: net=0, condition=0, published condition=100
D/AlarmManagerService(  153): Kernel timezone updated to 240 minutes west of GMT
D/SystemClock(  312): Setting time of day to sec=1333743101
V/AlarmClock( 1628): AlarmInitReceiver finished
I/GTalkService/c(  444): [AndroidEndpoint@1094539688] connect: acct=1000001, state=CONNECTING
D/dalvikvm(  444): GC_CONCURRENT freed 437K, 8% free 10151K/11015K, paused 14ms+3ms
D/ConnectivityService(  153): handleInetConditionHoldEnd: net=0, condition=100, published condition=0
W/Smack/Packet(  444): notify conn break (IOEx), close connection
D/ConnectivityService(  153): handleInetConditionHoldEnd: net=0, condition=0, published condition=100
D/dalvikvm(  218): GC_CONCURRENT freed 390K, 7% free 10337K/11015K, paused 1ms+3ms
I/GTalkService/c(  444): [AndroidEndpoint@1094539688] connect: acct=1000001, state=CONNECTING
D/dalvikvm(  444): GC_CONCURRENT freed 383K, 8% free 10152K/11015K, paused 2ms+2ms
D/ConnectivityService(  153): handleInetConditionHoldEnd: net=0, condition=100, published condition=0
W/Smack/Packet(  444): notify conn break (IOEx), close connection
D/ConnectivityService(  153): handleInetConditionHoldEnd: net=0, condition=0, published condition=100
I/GTalkService/c(  444): [AndroidEndpoint@1094539688] connect: acct=1000001, state=CONNECTING
D/ConnectivityService(  153): handleInetConditionHoldEnd: net=0, condition=100, published condition=0
W/Smack/Packet(  444): notify conn break (IOEx), close connection
D/dalvikvm(  153): GC_CONCURRENT freed 982K, 11% free 13748K/15431K, paused 17ms+5ms
D/ConnectivityService(  153): handleInetConditionHoldEnd: net=0, condition=0, published condition=100
I/GTalkService/c(  444): [AndroidEndpoint@1094539688] connect: acct=1000001, state=CONNECTING
D/dalvikvm(  444): GC_CONCURRENT freed 377K, 8% free 10178K/11015K, paused 1ms+4ms
D/ConnectivityService(  153): handleInetConditionHoldEnd: net=0, condition=100, published condition=0
W/Smack/Packet(  444): notify conn break (IOEx), close connection
D/ConnectivityService(  153): handleInetConditionHoldEnd: net=0, condition=0, published condition=100
I/GTalkService/c(  444): [AndroidEndpoint@1094539688] connect: acct=1000001, state=CONNECTING
D/ConnectivityService(  153): handleInetConditionHoldEnd: net=0, condition=100, published condition=0
W/Smack/Packet(  444): notify conn break (IOEx), close connection
D/ConnectivityService(  153): handleInetConditionHoldEnd: net=0, condition=0, published condition=100
I/GTalkService/c(  444): [AndroidEndpoint@1094539688] connect: acct=1000001, state=CONNECTING
D/dalvikvm(  444): GC_CONCURRENT freed 424K, 8% free 10153K/11015K, paused 14ms+3ms
D/ConnectivityService(  153): handleInetConditionHoldEnd: net=0, condition=100, published condition=0
W/Smack/Packet(  444): notify conn break (IOEx), close connection
D/ConnectivityService(  153): handleInetConditionHoldEnd: net=0, condition=0, published condition=100
I/GTalkService/c(  444): [AndroidEndpoint@1094539688] connect: acct=1000001, state=CONNECTING
D/dalvikvm(  444): GC_CONCURRENT freed 387K, 8% free 10161K/11015K, paused 2ms+3ms
D/ConnectivityService(  153): handleInetConditionHoldEnd: net=0, condition=100, published condition=0
W/Smack/Packet(  444): notify conn break (IOEx), close connection
D/ConnectivityService(  153): handleInetConditionHoldEnd: net=0, condition=0, published condition=100
I/GTalkService/c(  444): [AndroidEndpoint@1094539688] connect: acct=1000001, state=CONNECTING
D/ConnectivityService(  153): handleInetConditionHoldEnd: net=0, condition=100, published condition=0
W/Smack/Packet(  444): notify conn break (IOEx), close connection
D/ConnectivityService(  153): handleInetConditionHoldEnd: net=0, condition=0, published condition=100
I/GTalkService/c(  444): [AndroidEndpoint@1094539688] connect: acct=1000001, state=CONNECTING
D/dalvikvm(  444): GC_CONCURRENT freed 380K, 8% free 10175K/11015K, paused 2ms+3ms
D/ConnectivityService(  153): handleInetConditionHoldEnd: net=0, condition=100, published condition=0
W/Smack/Packet(  444): notify conn break (IOEx), close connection
D/ConnectivityService(  153): handleInetConditionHoldEnd: net=0, condition=0, published condition=100
I/GTalkService/c(  444): [AndroidEndpoint@1094539688] connect: acct=1000001, state=CONNECTING
D/ConnectivityService(  153): handleInetConditionHoldEnd: net=0, condition=100, published condition=0
W/Smack/Packet(  444): notify conn break (IOEx), close connection
D/ConnectivityService(  153): handleInetConditionHoldEnd: net=0, condition=0, published condition=100
I/GTalkService/c(  444): [AndroidEndpoint@1094539688] connect: acct=1000001, state=CONNECTING
D/dalvikvm(  444): GC_CONCURRENT freed 414K, 8% free 10154K/11015K, paused 15ms+3ms
D/ConnectivityService(  153): handleInetConditionHoldEnd: net=0, condition=100, published condition=0
D/dalvikvm(  312): GC_CONCURRENT freed 414K, 6% free 9510K/10055K, paused 14ms+2ms
W/Smack/Packet(  444): notify conn break (IOEx), close connection
D/ConnectivityService(  153): handleInetConditionHoldEnd: net=0, condition=0, published condition=100
I/GTalkService/c(  444): [AndroidEndpoint@1094539688] connect: acct=1000001, state=CONNECTING
D/dalvikvm(  444): GC_CONCURRENT freed 387K, 8% free 10161K/11015K, paused 2ms+3ms
W/Smack/Packet(  444): notify conn break (IOEx), close connection
D/ConnectivityService(  153): handleInetConditionHoldEnd: net=0, condition=100, published condition=0
D/ConnectivityService(  153): handleInetConditionHoldEnd: net=0, condition=0, published condition=100
I/GTalkService/c(  444): [AndroidEndpoint@1094539688] connect: acct=1000001, state=CONNECTING
D/ConnectivityService(  153): handleInetConditionHoldEnd: net=0, condition=100, published condition=0
W/Smack/Packet(  444): notify conn break (IOEx), close connection
D/ConnectivityService(  153): handleInetConditionHoldEnd: net=0, condition=0, published condition=100
I/GTalkService/c(  444): [AndroidEndpoint@1094539688] connect: acct=1000001, state=CONNECTING
D/dalvikvm(  444): GC_CONCURRENT freed 377K, 8% free 10180K/11015K, paused 2ms+2ms
D/dalvikvm(  153): GC_EXPLICIT freed 694K, 12% free 13733K/15431K, paused 12ms+6ms
D/ConnectivityService(  153): handleInetConditionHoldEnd: net=0, condition=100, published condition=0
W/Smack/Packet(  444): notify conn break (IOEx), close connection
D/ConnectivityService(  153): handleInetConditionHoldEnd: net=0, condition=0, published condition=100
I/GTalkService/c(  444): [AndroidEndpoint@1094539688] connect: acct=1000001, state=CONNECTING
D/ConnectivityService(  153): handleInetConditionHoldEnd: net=0, condition=100, published condition=0
W/Smack/Packet(  444): notify conn break (IOEx), close connection
D/ConnectivityService(  153): handleInetConditionHoldEnd: net=0, condition=0, published condition=100
