I/ServiceDumpSys(  444): dumping service [account]
I/EventLogService(  444): Aggregate from 1333778610579 (log), 1333778610579 (data)
I/ServiceDumpSys(  444): dumping service [account]
D/dalvikvm( 1658): GC_CONCURRENT freed 324K, 5% free 9276K/9735K, paused 3ms+4ms
D/dalvikvm(  218): GC_CONCURRENT freed 364K, 8% free 10218K/11015K, paused 1ms+4ms
I/DownloadManager( 1658): Initiating request for download 16
W/DownloadManager( 1658): Aborting request for download 16: no network connection available
D/dalvikvm(  153): GC_CONCURRENT freed 1188K, 10% free 13925K/15431K, paused 3ms+11ms
I/EventLogService(  444): Aggregate from 1333780410720 (log), 1333780410720 (data)
D/dalvikvm(  444): GC_CONCURRENT freed 400K, 9% free 10088K/11015K, paused 2ms+4ms
I/ServiceDumpSys(  444): dumping service [account]
I/EventLogService(  444): Aggregate from 1333782210864 (log), 1333782210864 (data)
I/ServiceDumpSys(  444): dumping service [account]
I/EventLogService(  444): Aggregate from 1333784011029 (log), 1333784011029 (data)
I/ServiceDumpSys(  444): dumping service [account]
D/dalvikvm(  218): GC_CONCURRENT freed 394K, 8% free 10214K/11015K, paused 4ms+5ms
D/dalvikvm(  153): GC_CONCURRENT freed 1134K, 10% free 13916K/15431K, paused 3ms+4ms
D/dalvikvm(  153): GC_EXPLICIT freed 65K, 11% free 13862K/15431K, paused 2ms+5ms
I/EventLogService(  444): Aggregate from 1333785811150 (log), 1333785811150 (data)
I/ServiceDumpSys(  444): dumping service [account]
I/EventLogService(  444): Aggregate from 1333787611329 (log), 1333787611329 (data)
I/ServiceDumpSys(  444): dumping service [account]
I/EventLogService(  444): Aggregate from 1333789411459 (log), 1333789411459 (data)
I/ServiceDumpSys(  444): dumping service [account]
D/dalvikvm(  444): GC_CONCURRENT freed 397K, 9% free 10086K/11015K, paused 3ms+3ms
D/dalvikvm(  218): GC_CONCURRENT freed 394K, 8% free 10215K/11015K, paused 2ms+4ms
D/dalvikvm(  153): GC_CONCURRENT freed 1042K, 10% free 13914K/15431K, paused 2ms+7ms
I/EventLogService(  444): Aggregate from 1333791211587 (log), 1333791211587 (data)
I/ServiceDumpSys(  444): dumping service [account]
I/EventLogService(  444): Aggregate from 1333793011704 (log), 1333793011704 (data)
I/ServiceDumpSys(  444): dumping service [account]
I/EventLogService(  444): Aggregate from 1333794811864 (log), 1333794811864 (data)
I/ServiceDumpSys(  444): dumping service [account]
I/EventLogService(  444): Aggregate from 1333796611978 (log), 1333796611978 (data)
D/dalvikvm(  153): GC_CONCURRENT freed 1096K, 10% free 13921K/15431K, paused 2ms+5ms
I/ServiceDumpSys(  444): dumping service [account]
D/dalvikvm(  218): GC_CONCURRENT freed 389K, 8% free 10222K/11015K, paused 1ms+4ms
I/SystemUpdateService(  444): download in progress: [id: 15 compl: false succ: false bytes: 0 reason: 0 fn: null]
I/SystemUpdateService(  444): download took too long; will cancel and retry
D/dalvikvm(  444): GC_CONCURRENT freed 390K, 9% free 10088K/11015K, paused 2ms+2ms
V/SystemUpdateService(  444): retry (wakeup: true) in 209921 ms
V/SystemUpdateService(  444): onPostExecute: false
I/SystemUpdateService(  444): starting download of http://android.clients.google.com/packages/ota/google_crespo/hR7QFEtn.zip
V/SystemUpdateService(  444): retry (wakeup: true) in 21599997 ms
I/SystemUpdate.Download(  444): Started a new update download: http://android.clients.google.com/packages/ota/google_crespo/hR7QFEtn.zip (id 17; allowMobile=false)
V/SystemUpdateService(  444): onPostExecute: false
I/DownloadManager( 1658): Initiating request for download 17
W/DownloadManager( 1658): Aborting request for download 17: no network connection available
I/EventLogService(  444): Aggregate from 1333798412103 (log), 1333798412103 (data)
I/ServiceDumpSys(  444): dumping service [account]
I/EventLogService(  444): Aggregate from 1333800212259 (log), 1333800212259 (data)
I/ServiceDumpSys(  444): dumping service [account]
D/dalvikvm(  153): GC_CONCURRENT freed 1144K, 10% free 13927K/15431K, paused 3ms+5ms
I/EventLogService(  444): Aggregate from 1333802012368 (log), 1333802012368 (data)
I/ServiceDumpSys(  444): dumping service [account]
D/dalvikvm(  218): GC_CONCURRENT freed 400K, 8% free 10218K/11015K, paused 2ms+4ms
I/EventLogService(  444): Aggregate from 1333803812478 (log), 1333803812478 (data)
I/ServiceDumpSys(  444): dumping service [account]
D/dalvikvm(  444): GC_CONCURRENT freed 404K, 9% free 10089K/11015K, paused 3ms+3ms
I/EventLogService(  444): Aggregate from 1333805612597 (log), 1333805612597 (data)
I/ServiceDumpSys(  444): dumping service [account]
D/dalvikvm(  153): GC_CONCURRENT freed 1100K, 10% free 13937K/15431K, paused 3ms+6ms
I/EventLogService(  444): Aggregate from 1333807412725 (log), 1333807412725 (data)
I/ServiceDumpSys(  444): dumping service [account]
D/dalvikvm(  218): GC_CONCURRENT freed 400K, 8% free 10217K/11015K, paused 1ms+8ms
I/EventLogService(  444): Aggregate from 1333809212865 (log), 1333809212865 (data)
I/ServiceDumpSys(  444): dumping service [account]
I/EventLogService(  444): Aggregate from 1333811012995 (log), 1333811012995 (data)
I/ServiceDumpSys(  444): dumping service [account]
D/dalvikvm(  312): GC_CONCURRENT freed 423K, 6% free 9494K/10055K, paused 4ms+2ms
D/dalvikvm(  153): GC_CONCURRENT freed 1135K, 10% free 13943K/15431K, paused 2ms+5ms
I/EventLogService(  444): Aggregate from 1333812813118 (log), 1333812813118 (data)
I/ServiceDumpSys(  444): dumping service [account]
D/dalvikvm(  218): GC_CONCURRENT freed 395K, 8% free 10210K/11015K, paused 2ms+4ms
I/EventLogService(  444): Aggregate from 1333814613278 (log), 1333814613278 (data)
D/dalvikvm(  444): GC_CONCURRENT freed 387K, 9% free 10087K/11015K, paused 1ms+3ms
I/ServiceDumpSys(  444): dumping service [account]
I/EventLogService(  444): Aggregate from 1333816413420 (log), 1333816413420 (data)
I/ServiceDumpSys(  444): dumping service [account]
D/dalvikvm(  153): GC_CONCURRENT freed 1130K, 10% free 13938K/15431K, paused 2ms+6ms
I/EventLogService(  444): Aggregate from 1333818213572 (log), 1333818213572 (data)
I/ServiceDumpSys(  444): dumping service [account]
D/dalvikvm( 1843): GC_CONCURRENT freed 382K, 7% free 10010K/10759K, paused 2ms+2ms
I/SystemUpdateService(  444): download in progress: [id: 17 compl: false succ: false bytes: 0 reason: 0 fn: null]
I/SystemUpdateService(  444): download took too long; will cancel and retry
V/SystemUpdateService(  444): retry (wakeup: true) in 269872 ms
V/SystemUpdateService(  444): onPostExecute: false
D/dalvikvm(  218): GC_CONCURRENT freed 391K, 8% free 10214K/11015K, paused 1ms+7ms
I/SystemUpdateService(  444): starting download of http://android.clients.google.com/packages/ota/google_crespo/hR7QFEtn.zip
V/SystemUpdateService(  444): retry (wakeup: true) in 21599978 ms
D/dalvikvm(  444): GC_CONCURRENT freed 387K, 9% free 10088K/11015K, paused 1ms+3ms
I/SystemUpdate.Download(  444): Started a new update download: http://android.clients.google.com/packages/ota/google_crespo/hR7QFEtn.zip (id 18; allowMobile=false)
V/SystemUpdateService(  444): onPostExecute: false
I/DownloadManager( 1658): Initiating request for download 18
W/DownloadManager( 1658): Aborting request for download 18: no network connection available
I/EventLogService(  444): Aggregate from 1333820013700 (log), 1333820013700 (data)
I/ServiceDumpSys(  444): dumping service [account]
I/EventLogService(  444): Aggregate from 1333821813787 (log), 1333821813787 (data)
I/ServiceDumpSys(  444): dumping service [account]
D/dalvikvm(  153): GC_CONCURRENT freed 1199K, 10% free 13956K/15431K, paused 17ms+10ms
I/EventLogService(  444): Aggregate from 1333823613931 (log), 1333823613931 (data)
I/ServiceDumpSys(  444): dumping service [account]
D/dalvikvm(  153): GC_EXPLICIT freed 206K, 10% free 13897K/15431K, paused 19ms+5ms
D/dalvikvm(  218): GC_CONCURRENT freed 391K, 8% free 10209K/11015K, paused 3ms+4ms
I/EventLogService(  444): Aggregate from 1333825414037 (log), 1333825414037 (data)
I/ServiceDumpSys(  444): dumping service [account]
I/EventLogService(  444): Aggregate from 1333827214150 (log), 1333827214150 (data)
I/ServiceDumpSys(  444): dumping service [account]
D/dalvikvm(  444): GC_CONCURRENT freed 396K, 9% free 10089K/11015K, paused 2ms+3ms
D/dalvikvm(  153): GC_CONCURRENT freed 1050K, 10% free 13948K/15431K, paused 4ms+4ms
I/EventLogService(  444): Aggregate from 1333829014266 (log), 1333829014266 (data)
I/ServiceDumpSys(  444): dumping service [account]
D/dalvikvm(  218): GC_CONCURRENT freed 394K, 8% free 10206K/11015K, paused 2ms+5ms
I/EventLogService(  444): Aggregate from 1333830814404 (log), 1333830814404 (data)
I/ServiceDumpSys(  444): dumping service [account]
I/EventLogService(  444): Aggregate from 1333832614528 (log), 1333832614528 (data)
I/ServiceDumpSys(  444): dumping service [account]
D/dalvikvm(  153): GC_CONCURRENT freed 1121K, 10% free 13950K/15431K, paused 3ms+5ms
I/EventLogService(  444): Aggregate from 1333834414646 (log), 1333834414646 (data)
I/ServiceDumpSys(  444): dumping service [account]
D/dalvikvm(  218): GC_CONCURRENT freed 388K, 8% free 10214K/11015K, paused 2ms+4ms
I/EventLogService(  444): Aggregate from 1333836214748 (log), 1333836214748 (data)
I/ServiceDumpSys(  444): dumping service [account]
D/dalvikvm(  444): GC_CONCURRENT freed 395K, 9% free 10086K/11015K, paused 2ms+3ms
D/dalvikvm(  444): GC_EXPLICIT freed 44K, 9% free 10070K/11015K, paused 2ms+3ms
I/EventLogService(  444): Aggregate from 1333838014917 (log), 1333838014917 (data)
I/ServiceDumpSys(  444): dumping service [account]
D/dalvikvm(  153): GC_CONCURRENT freed 1124K, 10% free 13955K/15431K, paused 3ms+6ms
I/EventLogService(  444): Aggregate from 1333839815060 (log), 1333839815060 (data)
I/ServiceDumpSys(  444): dumping service [account]
I/SystemUpdateService(  444): download in progress: [id: 18 compl: false succ: false bytes: 0 reason: 0 fn: null]
I/SystemUpdateService(  444): download took too long; will cancel and retry
D/dalvikvm( 1658): GC_CONCURRENT freed 379K, 6% free 9284K/9799K, paused 1ms+3ms
V/SystemUpdateService(  444): retry (wakeup: true) in 329914 ms
V/SystemUpdateService(  444): onPostExecute: false
D/dalvikvm(  218): GC_CONCURRENT freed 393K, 8% free 10217K/11015K, paused 3ms+6ms
I/SystemUpdateService(  444): starting download of http://android.clients.google.com/packages/ota/google_crespo/hR7QFEtn.zip
V/SystemUpdateService(  444): retry (wakeup: true) in 21599997 ms
D/dalvikvm( 1658): GC_EXPLICIT freed 167K, 7% free 9164K/9799K, paused 3ms+4ms
I/SystemUpdate.Download(  444): Started a new update download: http://android.clients.google.com/packages/ota/google_crespo/hR7QFEtn.zip (id 19; allowMobile=false)
V/SystemUpdateService(  444): onPostExecute: false
I/DownloadManager( 1658): Initiating request for download 19
W/DownloadManager( 1658): Aborting request for download 19: no network connection available
I/EventLogService(  444): Aggregate from 1333841615188 (log), 1333841615188 (data)
D/dalvikvm(  444): GC_CONCURRENT freed 355K, 9% free 10101K/11015K, paused 2ms+4ms
I/ServiceDumpSys(  444): dumping service [account]
I/EventLogService(  444): Aggregate from 1333843415325 (log), 1333843415325 (data)
I/ServiceDumpSys(  444): dumping service [account]
D/dalvikvm(  153): GC_CONCURRENT freed 1205K, 10% free 13972K/15431K, paused 2ms+14ms
I/EventLogService(  444): Aggregate from 1333845215474 (log), 1333845215474 (data)
I/ServiceDumpSys(  444): dumping service [account]
D/dalvikvm(  218): GC_CONCURRENT freed 396K, 8% free 10209K/11015K, paused 1ms+3ms
I/EventLogService(  444): Aggregate from 1333847015584 (log), 1333847015584 (data)
I/ServiceDumpSys(  444): dumping service [account]
I/EventLogService(  444): Aggregate from 1333848815685 (log), 1333848815685 (data)
I/ServiceDumpSys(  444): dumping service [account]
D/dalvikvm(  153): GC_CONCURRENT freed 1141K, 10% free 13957K/15431K, paused 2ms+8ms
I/EventLogService(  444): Aggregate from 1333850615775 (log), 1333850615775 (data)
D/dalvikvm(  444): GC_CONCURRENT freed 400K, 9% free 10085K/11015K, paused 2ms+3ms
I/ServiceDumpSys(  444): dumping service [account]
D/dalvikvm(  218): GC_CONCURRENT freed 397K, 8% free 10212K/11015K, paused 1ms+3ms
I/EventLogService(  444): Aggregate from 1333852415920 (log), 1333852415920 (data)
I/ServiceDumpSys(  444): dumping service [account]
I/EventLogService(  444): Aggregate from 1333854216057 (log), 1333854216057 (data)
I/ServiceDumpSys(  444): dumping service [account]
D/dalvikvm(  153): GC_CONCURRENT freed 1133K, 10% free 13971K/15431K, paused 2ms+5ms
D/AlarmManagerService(  153): Kernel timezone updated to 240 minutes west of GMT
D/Finsky  ( 2822): [1] UpdateCheckReceiver.updateCheckIfNecessary: Force checking for available updates.
D/Finsky  ( 2822): [1] UpdatesAvailableReceiver.onReceive: Received updates available notification
E/Finsky  ( 2822): [1] UpdatesAvailableReceiver.onReceive: Could not set up current account / dfe api when receiving an updates available broadcast.
D/dalvikvm( 1613): GC_CONCURRENT freed 313K, 5% free 9165K/9607K, paused 2ms+2ms
I/EventLogService(  444): Aggregate from 1333856016161 (log), 1333856016161 (data)
I/ServiceDumpSys(  444): dumping service [account]
D/dalvikvm(  218): GC_CONCURRENT freed 386K, 8% free 10210K/11015K, paused 2ms+7ms
I/EventLogService(  444): Aggregate from 1333857816295 (log), 1333857816295 (data)
I/ServiceDumpSys(  444): dumping service [account]
D/dalvikvm(  444): GC_CONCURRENT freed 398K, 9% free 10084K/11015K, paused 5ms+3ms
I/EventLogService(  444): Aggregate from 1333859616420 (log), 1333859616420 (data)
I/ServiceDumpSys(  444): dumping service [account]
D/dalvikvm(  153): GC_CONCURRENT freed 1182K, 10% free 13966K/15431K, paused 3ms+7ms
I/EventLogService(  444): Aggregate from 1333861416549 (log), 1333861416549 (data)
I/ServiceDumpSys(  444): dumping service [account]
I/SystemUpdateService(  444): download in progress: [id: 19 compl: false succ: false bytes: 0 reason: 0 fn: null]
I/SystemUpdateService(  444): download took too long; will cancel and retry
V/SystemUpdateService(  444): retry (wakeup: true) in 389896 ms
V/SystemUpdateService(  444): onPostExecute: false
D/dalvikvm(  218): GC_CONCURRENT freed 398K, 8% free 10211K/11015K, paused 6ms+4ms
I/SystemUpdateService(  444): starting download of http://android.clients.google.com/packages/ota/google_crespo/hR7QFEtn.zip
V/SystemUpdateService(  444): retry (wakeup: true) in 21599998 ms
I/SystemUpdate.Download(  444): Started a new update download: http://android.clients.google.com/packages/ota/google_crespo/hR7QFEtn.zip (id 20; allowMobile=false)
V/SystemUpdateService(  444): onPostExecute: false
D/dalvikvm(  153): GC_EXPLICIT freed 540K, 10% free 13935K/15431K, paused 2ms+7ms
I/DownloadManager( 1658): Initiating request for download 20
W/DownloadManager( 1658): Aborting request for download 20: no network connection available
I/EventLogService(  444): Aggregate from 1333863216677 (log), 1333863216677 (data)
D/dalvikvm(  444): GC_CONCURRENT freed 372K, 9% free 10100K/11015K, paused 1ms+3ms
I/ServiceDumpSys(  444): dumping service [account]
I/EventLogService(  444): Aggregate from 1333865016774 (log), 1333865016774 (data)
I/ServiceDumpSys(  444): dumping service [account]
I/EventLogService(  444): Aggregate from 1333866816958 (log), 1333866816958 (data)
I/ServiceDumpSys(  444): dumping service [account]
D/dalvikvm(  153): GC_CONCURRENT freed 1074K, 10% free 13972K/15431K, paused 2ms+6ms
D/dalvikvm(  218): GC_CONCURRENT freed 394K, 8% free 10216K/11015K, paused 6ms+4ms
I/EventLogService(  444): Aggregate from 1333868617064 (log), 1333868617064 (data)
I/ServiceDumpSys(  444): dumping service [account]
I/EventLogService(  444): Aggregate from 1333870417169 (log), 1333870417169 (data)
I/ServiceDumpSys(  444): dumping service [account]
D/dalvikvm(  444): GC_CONCURRENT freed 384K, 9% free 10109K/11015K, paused 2ms+3ms
I/EventLogService(  444): Aggregate from 1333872217272 (log), 1333872217272 (data)
I/ServiceDumpSys(  444): dumping service [account]
D/dalvikvm(  153): GC_CONCURRENT freed 1150K, 10% free 13966K/15431K, paused 2ms+6ms
D/dalvikvm(  218): GC_CONCURRENT freed 392K, 8% free 10211K/11015K, paused 2ms+4ms
I/EventLogService(  444): Aggregate from 1333874017384 (log), 1333874017384 (data)
I/ServiceDumpSys(  444): dumping service [account]
I/EventLogService(  444): Aggregate from 1333875818051 (log), 1333875818051 (data)
I/ServiceDumpSys(  444): dumping service [account]
I/DownloadManager( 1658): Initiating request for download 21
W/DownloadManager( 1658): Aborting request for download 21: no network connection available
I/EventLogService(  444): Aggregate from 1333877618185 (log), 1333877618185 (data)
I/ServiceDumpSys(  444): dumping service [account]
D/dalvikvm(  153): GC_CONCURRENT freed 1159K, 10% free 13971K/15431K, paused 3ms+6ms
D/dalvikvm(  218): GC_CONCURRENT freed 392K, 8% free 10206K/11015K, paused 2ms+7ms
I/EventLogService(  444): Aggregate from 1333879418313 (log), 1333879418313 (data)
D/dalvikvm(  444): GC_CONCURRENT freed 411K, 9% free 10085K/11015K, paused 2ms+2ms
I/ServiceDumpSys(  444): dumping service [account]
I/EventLogService(  444): Aggregate from 1333881218450 (log), 1333881218450 (data)
I/ServiceDumpSys(  444): dumping service [account]
I/EventLogService(  444): Aggregate from 1333883018595 (log), 1333883018595 (data)
I/ServiceDumpSys(  444): dumping service [account]
D/dalvikvm(  153): GC_CONCURRENT freed 1125K, 10% free 13985K/15431K, paused 2ms+6ms
I/SystemUpdateService(  444): download in progress: [id: 20 compl: false succ: false bytes: 0 reason: 0 fn: null]
I/SystemUpdateService(  444): download took too long; will cancel and retry
V/SystemUpdateService(  444): retry (wakeup: true) in 449946 ms
V/SystemUpdateService(  444): onPostExecute: false
I/EventLogService(  444): Aggregate from 1333884818721 (log), 1333884818721 (data)
I/ServiceDumpSys(  444): dumping service [account]
D/dalvikvm(  444): GC_CONCURRENT freed 406K, 9% free 10087K/11015K, paused 2ms+4ms
D/dalvikvm(  218): GC_CONCURRENT freed 393K, 8% free 10212K/11015K, paused 2ms+7ms
I/SystemUpdateService(  444): starting download of http://android.clients.google.com/packages/ota/google_crespo/hR7QFEtn.zip
V/SystemUpdateService(  444): retry (wakeup: true) in 21599994 ms
D/dalvikvm( 1658): GC_CONCURRENT freed 278K, 6% free 9271K/9799K, paused 1ms+2ms
I/SystemUpdate.Download(  444): Started a new update download: http://android.clients.google.com/packages/ota/google_crespo/hR7QFEtn.zip (id 22; allowMobile=false)
V/SystemUpdateService(  444): onPostExecute: false
I/DownloadManager( 1658): Initiating request for download 22
W/DownloadManager( 1658): Aborting request for download 22: no network connection available
I/EventLogService(  444): Aggregate from 1333886618878 (log), 1333886618878 (data)
I/ServiceDumpSys(  444): dumping service [account]
D/dalvikvm( 1789): GC_CONCURRENT freed 431K, 6% free 10127K/10695K, paused 35ms+2ms
I/EventLogService(  444): Aggregate from 1333888418985 (log), 1333888418985 (data)
I/ServiceDumpSys(  444): dumping service [account]
D/dalvikvm(  153): GC_CONCURRENT freed 1220K, 10% free 14009K/15431K, paused 2ms+8ms
D/dalvikvm(  218): GC_CONCURRENT freed 388K, 8% free 10210K/11015K, paused 2ms+4ms
I/EventLogService(  444): Aggregate from 1333890219098 (log), 1333890219098 (data)
I/ServiceDumpSys(  444): dumping service [account]
I/EventLogService(  444): Aggregate from 1333892019204 (log), 1333892019204 (data)
D/dalvikvm(  444): GC_CONCURRENT freed 364K, 9% free 10110K/11015K, paused 2ms+3ms
I/ServiceDumpSys(  444): dumping service [account]
I/EventLogService(  444): Aggregate from 1333893819318 (log), 1333893819318 (data)
I/ServiceDumpSys(  444): dumping service [account]
D/dalvikvm(  153): GC_CONCURRENT freed 1182K, 10% free 13975K/15431K, paused 3ms+5ms
I/EventLogService(  444): Aggregate from 1333895619470 (log), 1333895619470 (data)
I/ServiceDumpSys(  444): dumping service [account]
D/dalvikvm(  218): GC_CONCURRENT freed 394K, 8% free 10214K/11015K, paused 2ms+5ms
I/EventLogService(  444): Aggregate from 1333897419600 (log), 1333897419600 (data)
I/ServiceDumpSys(  444): dumping service [account]
I/EventLogService(  444): Aggregate from 1333899219732 (log), 1333899219732 (data)
I/ServiceDumpSys(  444): dumping service [account]
D/dalvikvm(  153): GC_CONCURRENT freed 1163K, 10% free 13977K/15431K, paused 3ms+5ms
I/EventLogService(  444): Aggregate from 1333901019869 (log), 1333901019869 (data)
D/dalvikvm(  444): GC_CONCURRENT freed 404K, 9% free 10100K/11015K, paused 1ms+3ms
I/ServiceDumpSys(  444): dumping service [account]
D/dalvikvm(  218): GC_CONCURRENT freed 393K, 8% free 10210K/11015K, paused 2ms+4ms
I/EventLogService(  444): Aggregate from 1333902819997 (log), 1333902819997 (data)
I/ServiceDumpSys(  444): dumping service [account]
I/EventLogService(  444): Aggregate from 1333904620184 (log), 1333904620184 (data)
I/ServiceDumpSys(  444): dumping service [account]
D/dalvikvm(  153): GC_CONCURRENT freed 1130K, 10% free 13980K/15431K, paused 3ms+6ms
I/EventLogService(  444): Aggregate from 1333906420318 (log), 1333906420318 (data)
I/ServiceDumpSys(  444): dumping service [account]
D/dalvikvm(  218): GC_CONCURRENT freed 401K, 8% free 10212K/11015K, paused 1ms+4ms
D/dalvikvm(  153): GC_EXPLICIT freed 205K, 10% free 13932K/15431K, paused 8ms+6ms
I/SystemUpdateService(  444): download in progress: [id: 22 compl: false succ: false bytes: 0 reason: 0 fn: null]
I/SystemUpdateService(  444): download took too long; will cancel and retry
D/dalvikvm(  444): GC_CONCURRENT freed 430K, 9% free 10088K/11015K, paused 2ms+2ms
V/SystemUpdateService(  444): retry (wakeup: true) in 509920 ms
V/SystemUpdateService(  444): onPostExecute: false
D/dalvikvm(  444): GC_EXPLICIT freed 45K, 9% free 10072K/11015K, paused 2ms+3ms
I/SystemUpdateService(  444): starting download of http://android.clients.google.com/packages/ota/google_crespo/hR7QFEtn.zip
V/SystemUpdateService(  444): retry (wakeup: true) in 21599998 ms
I/SystemUpdate.Download(  444): Started a new update download: http://android.clients.google.com/packages/ota/google_crespo/hR7QFEtn.zip (id 23; allowMobile=false)
V/SystemUpdateService(  444): onPostExecute: false
I/DownloadManager( 1658): Initiating request for download 23
W/DownloadManager( 1658): Aborting request for download 23: no network connection available
I/EventLogService(  444): Aggregate from 1333908220446 (log), 1333908220446 (data)
I/ServiceDumpSys(  444): dumping service [account]
I/EventLogService(  444): Aggregate from 1333910020567 (log), 1333910020567 (data)
I/ServiceDumpSys(  444): dumping service [account]
D/dalvikvm(  153): GC_CONCURRENT freed 1107K, 10% free 13985K/15431K, paused 2ms+6ms
D/dalvikvm(  218): GC_CONCURRENT freed 391K, 8% free 10217K/11015K, paused 2ms+7ms
I/EventLogService(  444): Aggregate from 1333911820677 (log), 1333911820677 (data)
I/ServiceDumpSys(  444): dumping service [account]
I/EventLogService(  444): Aggregate from 1333913620766 (log), 1333913620766 (data)
I/ServiceDumpSys(  444): dumping service [account]
D/dalvikvm(  444): GC_CONCURRENT freed 385K, 9% free 10086K/11015K, paused 2ms+3ms
I/EventLogService(  444): Aggregate from 1333915420921 (log), 1333915420921 (data)
I/ServiceDumpSys(  444): dumping service [account]
D/dalvikvm(  153): GC_CONCURRENT freed 1122K, 10% free 13995K/15431K, paused 3ms+6ms
D/dalvikvm(  218): GC_CONCURRENT freed 396K, 8% free 10210K/11015K, paused 3ms+4ms
I/EventLogService(  444): Aggregate from 1333917221059 (log), 1333917221059 (data)
I/ServiceDumpSys(  444): dumping service [account]
I/EventLogService(  444): Aggregate from 1333919021166 (log), 1333919021166 (data)
I/ServiceDumpSys(  444): dumping service [account]
I/EventLogService(  444): Aggregate from 1333920821279 (log), 1333920821279 (data)
I/ServiceDumpSys(  444): dumping service [account]
I/power   (  153): *** set_screen_state 1
I/WindowManager(  153): Lock screen displayed!
D/SurfaceFlinger(   78): Screen about to return, flinger = 0x93f918
I/ActivityManager(  153): No longer want com.google.android.apps.maps:NetworkLocationService (pid 1843): hidden #16
W/ActivityManager(  153): Scheduling restart of crashed service com.google.android.apps.maps/com.google.android.location.internal.server.NetworkLocationService in 5000ms
I/power   (  153): *** set_screen_state 0
D/SurfaceFlinger(   78): About to give-up screen, flinger = 0x93f918
D/dalvikvm(  153): GC_CONCURRENT freed 1243K, 10% free 13998K/15431K, paused 2ms+6ms
I/UsageStats(  153): Deleting usage file : usage-20120219
D/dalvikvm(  153): GC_FOR_ALLOC freed 63K, 9% free 14076K/15431K, paused 41ms
I/dalvikvm-heap(  153): Grow heap (frag case) to 13.922MB for 104992-byte allocation
D/dalvikvm(  153): GC_FOR_ALLOC freed 1K, 9% free 14177K/15559K, paused 43ms
D/dalvikvm(  153): GC_FOR_ALLOC freed 19K, 9% free 14169K/15559K, paused 42ms
I/dalvikvm-heap(  153): Grow heap (frag case) to 14.013MB for 104992-byte allocation
D/dalvikvm(  153): GC_FOR_ALLOC freed 1K, 10% free 14270K/15687K, paused 41ms
D/dalvikvm(  153): GC_FOR_ALLOC freed 1K, 10% free 14270K/15687K, paused 40ms
I/dalvikvm-heap(  153): Grow heap (frag case) to 14.113MB for 104992-byte allocation
D/dalvikvm(  153): GC_FOR_ALLOC freed 24K, 10% free 14349K/15815K, paused 40ms
V/TransportControlView(  153): Create TCV com.android.internal.widget.TransportControlView@413649b8
I/power   (  153): *** set_screen_state 1
I/WindowManager(  153): Lock screen displayed!
D/SurfaceFlinger(   78): Screen about to return, flinger = 0x93f918
D/dalvikvm(  312): GC_CONCURRENT freed 429K, 6% free 9490K/10055K, paused 25ms+6ms
W/PowerUI (  218): unknown intent: Intent { act=android.intent.action.ACTION_POWER_CONNECTED flg=0x10000010 }
D/PicasaSyncManager( 1691): battery info: true
D/dalvikvm(  218): GC_CONCURRENT freed 396K, 8% free 10235K/11015K, paused 10ms+19ms
I/ActivityManager(  153): Start proc com.google.android.apps.maps:NetworkLocationService for service com.google.android.apps.maps/com.google.android.location.internal.server.NetworkLocationService: pid=2998 uid=10032 gids={3003, 1015}
I/dalvikvm( 2998): Turning on JNI app bug workarounds for target SDK version 13...
I/StorageNotification(  218): UMS connection changed to true (media state mounted)
I/StorageNotification(  218): UMS connection changed to true (media state mounted)
D/dalvikvm(  218): GC_FOR_ALLOC freed 155K, 7% free 10265K/11015K, paused 78ms
I/dalvikvm-heap(  218): Grow heap (frag case) to 10.268MB for 184336-byte allocation
D/dalvikvm( 2998): GC_CONCURRENT freed 160K, 3% free 9373K/9607K, paused 2ms+16ms
D/dalvikvm(  218): GC_FOR_ALLOC freed 17K, 7% free 10428K/11207K, paused 71ms
D/dalvikvm(  444): GC_CONCURRENT freed 386K, 9% free 10085K/11015K, paused 4ms+10ms
D/dalvikvm(  218): GC_FOR_ALLOC freed 186K, 9% free 10261K/11207K, paused 77ms
D/dalvikvm(  218): GC_FOR_ALLOC freed 16K, 7% free 10427K/11207K, paused 47ms
I/dalvikvm-heap(  218): Grow heap (frag case) to 10.427MB for 186256-byte allocation
D/dalvikvm(  218): GC_FOR_ALLOC freed <1K, 7% free 10608K/11399K, paused 51ms
D/dalvikvm( 2998): GC_CONCURRENT freed 177K, 3% free 9738K/9991K, paused 13ms+3ms
D/dalvikvm( 2998): GC_CONCURRENT freed 168K, 3% free 10128K/10375K, paused 2ms+3ms
D/dalvikvm( 2998): GC_CONCURRENT freed 769K, 9% free 9868K/10759K, paused 2ms+3ms
D/PhoneStatusBar(  218): disable: < expand icons alerts ticker system_info BACK HOME recent* CLOCK >
D/AudioHardware(   81): AudioHardware pcm playback is exiting standby.
D/AudioHardware(   81): openPcmOut_l() mPcmOpenCnt: 0
W/InputManagerService(  153): Window already focused, ignoring focus gain of: com.android.internal.view.IInputMethodClient$Stub$Proxy@415a1960
D/PhoneStatusBar(  218): disable: < expand icons alerts ticker system_info back* home* recent clock* >
I/ActivityManager(  153): START {flg=0x10000000 cmp=com.android.systemui/.usb.UsbStorageActivity bnds=[0,119][480,215]} from pid -1
D/dalvikvm(  153): GC_FOR_ALLOC freed 1021K, 13% free 13905K/15815K, paused 50ms
W/KeyguardViewMediator(  153): verifyUnlock called when not externally disabled
D/dalvikvm(  218): GC_FOR_ALLOC freed 171K, 8% free 10584K/11399K, paused 25ms
I/dalvikvm-heap(  218): Grow heap (frag case) to 10.682MB for 291616-byte allocation
D/OpenGLRenderer(  343): Flushing caches (mode 1)
D/dalvikvm(  218): GC_FOR_ALLOC freed 10K, 8% free 10859K/11719K, paused 21ms
D/VoldCmdListener(   72): volume shared /mnt/sdcard ums
D/OpenGLRenderer(  343): Flushing caches (mode 0)
D/libEGL  (  218): loaded /system/lib/egl/libGLES_android.so
D/libEGL  (  218): loaded /vendor/lib/egl/libEGL_POWERVR_SGX540_120.so
D/libEGL  (  218): loaded /vendor/lib/egl/libGLESv1_CM_POWERVR_SGX540_120.so
D/libEGL  (  218): loaded /vendor/lib/egl/libGLESv2_POWERVR_SGX540_120.so
D/OpenGLRenderer(  218): Enabling debug mode 0
I/ActivityManager(  153): Displayed com.android.systemui/.usb.UsbStorageActivity: +560ms
D/VoldCmdListener(   72): storage users /mnt/sdcard
D/AudioHardware(   81): AudioHardware pcm playback is going to standby.
D/AudioHardware(   81): closePcmOut_l() mPcmOpenCnt: 1
