W/webcore ( 1468): 	at java.lang.reflect.Method.invoke(Method.java:511)
W/webcore ( 1468): 	at com.android.internal.os.ZygoteInit$MethodAndArgsCaller.run(ZygoteInit.java:784)
W/webcore ( 1468): 	at com.android.internal.os.ZygoteInit.main(ZygoteInit.java:551)
W/webcore ( 1468): 	at dalvik.system.NativeStart.main(Native Method)
D/OpenGLRenderer( 1431): Flushing caches (mode 0)
W/IInputConnectionWrapper( 1431): showStatusIcon on inactive InputConnection
I/ActivityManager(  153): No longer want com.google.android.calendar (pid 875): hidden #16
I/ActivityManager(  153): Displayed com.google.android.browser/com.android.browser.BrowserActivity: +1s411ms
I/ActivityManager(  153): Start proc com.google.android.apps.books for content provider com.google.android.apps.books/.provider.BooksProvider: pid=1522 uid=10003 gids={3003, 1015}
I/dalvikvm( 1522): Turning on JNI app bug workarounds for target SDK version 11...
I/QSB.GenieClient( 1431): request: chars=0;feeds=[qs, list, ns];loc=true;auth=false
I/ActivityThread( 1522): Pub com.google.android.apps.books: com.google.android.apps.books.provider.BooksProvider
I/LocalPreferences( 1522): Calculated default zoom: 1.6 density: 1.5
D/dalvikvm( 1522): GC_CONCURRENT freed 213K, 4% free 9285K/9607K, paused 6ms+2ms
D/dalvikvm( 1468): GC_FOR_ALLOC freed 170K, 4% free 9843K/10183K, paused 18ms
I/dalvikvm-heap( 1468): Grow heap (frag case) to 10.310MB for 656656-byte allocation
D/dalvikvm( 1468): GC_FOR_ALLOC freed 11K, 4% free 10473K/10887K, paused 24ms
I/ActivityManager(  153): Start proc com.google.android.videos for content provider com.google.android.videos/com.google.android.youtube.videos.honeycomb.search.VideoSearchProvider: pid=1546 uid=10053 gids={3003, 1015}
D/dalvikvm( 1468): GC_CONCURRENT freed 19K, 4% free 10494K/10887K, paused 2ms+4ms
I/ActivityThread( 1546): Pub com.google.android.videos: com.google.android.youtube.videos.honeycomb.search.VideoSearchProvider
D/Videos  ( 1546): youtube.core.BaseApplication.createHttpClient:298 HttpClient.UserAgent: com.google.android.videos/1.4.3(Linux; U; Android 4.0.3; en_US; Nexus S Build/IML74K)
D/Videos  ( 1546): youtube.core.utils.SafeSearch.run:49 checking parental control
D/Videos  ( 1546): youtube.core.utils.SafeSearch.run:51 parental control is false
I/ActivityManager(  153): No longer want com.android.providers.calendar (pid 902): hidden #16
I/Videos  ( 1546): youtube.videos.VideosApplication.getCurrentCountryCode:190 device country = us
D/Videos  ( 1546): youtube.core.utils.Util.shrinkDirSize:515 Dir is below limit, no need to shrink: [size=0, limit=5242880]
D/dalvikvm( 1546): GC_CONCURRENT freed 313K, 5% free 9220K/9607K, paused 3ms+3ms
D/AudioHardware(   81): AudioHardware pcm playback is going to standby.
D/AudioHardware(   81): closePcmOut_l() mPcmOpenCnt: 1
I/Videos  ( 1546): youtube.videos.DownloadJanitorService.onStartCommand:74 Janitor starting
D/Videos  ( 1546): youtube.core.transfer.TransferService.onCreate:174 creating transfer service
D/Videos  ( 1546): youtube.core.transfer.TransfersDbHelper$DbHandler.handleMessage:130 db init
D/Videos  ( 1546): youtube.core.transfer.TransfersDbHelper$DbHandler.handleMessage:137 db restore
D/Videos  ( 1546): youtube.core.transfer.TransferService$NetworkStateReceiver.onReceive:632 connection true
D/Videos  ( 1546): youtube.core.transfer.TransferService.restore:234 restored 0 transfers
I/Videos  ( 1546): youtube.videos.DownloadJanitorService$1.run:116 Janitor done
D/Videos  ( 1546): youtube.core.transfer.TransferService.onDestroy:386 destroying transfer service
D/Videos  ( 1546): youtube.core.transfer.TransfersDbHelper$DbHandler.handleMessage:165 db close
I/ActivityManager(  153): No longer want com.google.android.music:main (pid 922): hidden #16
W/NetworkStats(  153): dropping UID delta from unknown iface: iface=wlan0 uid=0 set=DEFAULT tag=0x0 rxBytes=42576 rxPackets=37 txBytes=0 txPackets=0 operations=0
I/ActivityManager(  153): No longer want com.android.settings (pid 472): hidden #16
D/dalvikvm( 1500): GC_CONCURRENT freed 256K, 4% free 9497K/9863K, paused 2ms+3ms
I/System.out(  444): [INFO:2297971]: LogSource: Running delayed flush
I/System.out(  444): [INFO:2297984]: LogSource: Running flush
D/dalvikvm(  153): GC_CONCURRENT freed 753K, 13% free 12902K/14791K, paused 17ms+5ms
I/ActivityManager(  153): START {act=android.intent.action.MAIN cat=[android.intent.category.HOME] flg=0x10200000 cmp=com.android.launcher/com.android.launcher2.Launcher} from pid 153
D/OpenGLRenderer( 1468): Flushing caches (mode 0)
D/OpenGLRenderer( 1468): Flushing caches (mode 1)
I/ActivityManager(  153): No longer want com.googlecode.android.wifi.tether (pid 1040): hidden #16
D/dalvikvm(  444): GC_CONCURRENT freed 425K, 6% free 10098K/10631K, paused 2ms+16ms
D/dalvikvm(  312): GC_CONCURRENT freed 433K, 6% free 9489K/10055K, paused 8ms+3ms
I/System.out(  444): [SEVERE:2306565]: LogSource: AsyncHttpRequestImpl.run(): exception thrown : No peer certificate: javax.net.ssl.SSLPeerUnverifiedException
D/WifiLocator(  444): Too many no-location APs. Will not compute a location nor go to the server. hasLocation=0 noLocation=0 cacheMiss=0
D/CellLocator(  444): Primary cell miss in cache. Need server request.
E/GlsClient-query(  444): requestFailed
E/GlsClient-query(  444): javax.net.ssl.SSLPeerUnverifiedException: No peer certificate
E/GlsClient-query(  444): 	at org.apache.harmony.xnet.provider.jsse.SSLSessionImpl.getPeerCertificates(SSLSessionImpl.java:137)
E/GlsClient-query(  444): 	at org.apache.http.conn.ssl.AbstractVerifier.verify(AbstractVerifier.java:93)
E/GlsClient-query(  444): 	at org.apache.http.conn.ssl.SSLSocketFactory.createSocket(SSLSocketFactory.java:381)
E/GlsClient-query(  444): 	at org.apache.http.impl.conn.DefaultClientConnectionOperator.openConnection(DefaultClientConnectionOperator.java:165)
E/GlsClient-query(  444): 	at org.apache.http.impl.conn.AbstractPoolEntry.open(AbstractPoolEntry.java:164)
E/GlsClient-query(  444): 	at org.apache.http.impl.conn.AbstractPooledConnAdapter.open(AbstractPooledConnAdapter.java:119)
E/GlsClient-query(  444): 	at org.apache.http.impl.client.DefaultRequestDirector.execute(DefaultRequestDirector.java:360)
E/GlsClient-query(  444): 	at org.apache.http.impl.client.AbstractHttpClient.execute(AbstractHttpClient.java:555)
E/GlsClient-query(  444): 	at org.apache.http.impl.client.AbstractHttpClient.execute(AbstractHttpClient.java:487)
E/GlsClient-query(  444): 	at com.google.common.io.android.AndroidHttpClient.execute(Unknown Source)
E/GlsClient-query(  444): 	at com.google.common.io.android.GoogleHttpClient.executeWithoutRewriting(Unknown Source)
E/GlsClient-query(  444): 	at com.google.common.io.android.GoogleHttpClient.execute(Unknown Source)
E/GlsClient-query(  444): 	at com.google.common.io.android.GoogleHttpClient.execute(Unknown Source)
E/GlsClient-query(  444): 	at com.google.common.io.android.AndroidHttpConnectionFactory$AndroidGoogleHttpConnection.getResponse(Unknown Source)
E/GlsClient-query(  444): 	at com.google.common.io.android.AndroidHttpConnectionFactory$AndroidGoogleHttpConnection.getResponseCode(Unknown Source)
E/GlsClient-query(  444): 	at com.google.common.async.AsyncHttpRequestFactory$AsyncHttpRequestImpl.run(Unknown Source)
E/GlsClient-query(  444): 	at com.google.common.async.AsyncHttpRequestFactory.executeNextRequest(Unknown Source)
E/GlsClient-query(  444): 	at com.google.common.async.AsyncHttpRequestFactory.run(Unknown Source)
E/GlsClient-query(  444): 	at com.google.common.lang.BaseThreadFactory$ThreadImpl.run(Unknown Source)
I/System.out(  444): [INFO:2306590]: LogSource: Running flush
I/System.out(  444): [INFO:2306592]: LogSource: Sending payload [bytes=335]
I/QSB.GenieClient( 1431): HTTP request error: java.net.SocketTimeoutException
I/System.out(  444): [INFO:2311592]: LogSource: Running delayed flush
I/System.out(  444): [INFO:2311603]: LogSource: Running flush
D/dalvikvm( 1468): GC_CONCURRENT freed 225K, 3% free 10687K/11015K, paused 2ms+3ms
I/QSB.QsbApplication( 1431): allowSuggestionLoginCreation
I/QSB.GenieClient( 1431): request: chars=0;feeds=[qs, list, ns];loc=true;auth=false
D/WifiLocator(  444): Too many no-location APs. Will not compute a location nor go to the server. hasLocation=0 noLocation=0 cacheMiss=0
D/CellLocator(  444): Primary cell miss in cache. Need server request.
E/GlsClient-query(  444): requestFailed
E/GlsClient-query(  444): com.google.common.async.WatchdogException
E/GlsClient-query(  444): 	at com.google.common.async.AsyncHttpRequestFactory$AsyncHttpRequestImpl.watchdogFired(Unknown Source)
E/GlsClient-query(  444): 	at com.google.common.async.AsyncHttpRequestFactory$WatchdogTask.run(Unknown Source)
E/GlsClient-query(  444): 	at com.google.common.task.AbstractTask.runInternal(Unknown Source)
E/GlsClient-query(  444): 	at com.google.common.task.TimerTask.runInternal(Unknown Source)
E/GlsClient-query(  444): 	at com.google.common.task.TaskRunner.run(Unknown Source)
E/GlsClient-query(  444): 	at com.google.common.lang.BaseThreadFactory$ThreadImpl.run(Unknown Source)
I/QSB.GenieClient( 1431): HTTP request error: java.net.SocketTimeoutException
I/power   (  153): *** set_screen_state 0
D/SurfaceFlinger(   78): About to give-up screen, flinger = 0x93f918
D/dalvikvm(  153): GC_FOR_ALLOC freed 402K, 11% free 13295K/14791K, paused 45ms
D/dalvikvm(  153): GC_FOR_ALLOC freed <1K, 10% free 13398K/14791K, paused 41ms
I/dalvikvm-heap(  153): Grow heap (frag case) to 13.260MB for 104992-byte allocation
D/dalvikvm(  153): GC_FOR_ALLOC freed <1K, 10% free 13501K/14919K, paused 39ms
D/NfcService(  328): NFC-C OFF, disconnect
D/dalvikvm(  153): GC_FOR_ALLOC freed 53K, 10% free 13553K/14919K, paused 45ms
I/dalvikvm-heap(  153): Grow heap (frag case) to 13.412MB for 104992-byte allocation
D/dalvikvm(  153): GC_FOR_ALLOC freed 1K, 10% free 13654K/15047K, paused 38ms
V/TransportControlView(  153): Create TCV com.android.internal.widget.TransportControlView@416f3978
D/PhoneStatusBar(  218): disable: < expand icons alerts ticker system_info back home RECENT* clock >
D/AudioHardware(   81): AudioHardware pcm playback is exiting standby.
D/AudioHardware(   81): openPcmOut_l() mPcmOpenCnt: 0
D/PhoneStatusBar(  218): disable: < expand icons alerts ticker system_info BACK* HOME* RECENT CLOCK* >
D/AudioHardware(   81): AudioHardware pcm playback is going to standby.
D/AudioHardware(   81): closePcmOut_l() mPcmOpenCnt: 1
D/dalvikvm( 1431): GC_CONCURRENT freed 382K, 6% free 9542K/10055K, paused 4ms+3ms
W/Smack/Packet(  444): notify conn break (IOEx), close connection
I/qtaguid (  444): Failed write_ctrl(u 68) res=-1 errno=22
I/qtaguid (  444): Untagging socket 68 failed errno=-22
W/NetworkManagementSocketTagger(  444): untagSocket(68) failed with errno -22
W/NetworkStats(  153): dropping UID delta from unknown iface: iface=wlan0 uid=0 set=DEFAULT tag=0x0 rxBytes=27117 rxPackets=34 txBytes=0 txPackets=0 operations=0
D/ConnectivityService(  153): handleInetConditionHoldEnd: net=0, condition=0, published condition=100
I/GTalkService/c(  444): [AndroidEndpoint@1094539688] connect: acct=1000000, state=CONNECTING
D/dalvikvm(  444): GC_CONCURRENT freed 452K, 6% free 10051K/10631K, paused 1ms+2ms
D/ConnectivityService(  153): handleInetConditionHoldEnd: net=0, condition=100, published condition=0
W/Smack/Packet(  444): notify conn break (IOEx), close connection
D/ConnectivityService(  153): handleInetConditionHoldEnd: net=0, condition=0, published condition=100
I/GTalkService/c(  444): [AndroidEndpoint@1094539688] connect: acct=1000000, state=CONNECTING
D/ConnectivityService(  153): handleInetConditionHoldEnd: net=0, condition=100, published condition=0
W/Smack/Packet(  444): notify conn break (IOEx), close connection
D/ConnectivityService(  153): handleInetConditionHoldEnd: net=0, condition=0, published condition=100
I/GTalkService/c(  444): [AndroidEndpoint@1094539688] connect: acct=1000000, state=CONNECTING
D/dalvikvm(  153): JIT code cache reset in 4 ms (1048440 bytes 1/0)
D/dalvikvm(  153): GC_EXPLICIT freed 768K, 9% free 13817K/15047K, paused 15ms+10ms
D/dalvikvm(  444): GC_CONCURRENT freed 425K, 6% free 10089K/10631K, paused 2ms+4ms
D/ConnectivityService(  153): handleInetConditionHoldEnd: net=0, condition=100, published condition=0
W/Smack/Packet(  444): notify conn break (IOEx), close connection
D/ConnectivityService(  153): handleInetConditionHoldEnd: net=0, condition=0, published condition=100
D/dalvikvm(  312): GC_CONCURRENT freed 431K, 6% free 9492K/10055K, paused 6ms+2ms
I/GTalkService/c(  444): [AndroidEndpoint@1094539688] connect: acct=1000000, state=CONNECTING
D/ConnectivityService(  153): handleInetConditionHoldEnd: net=0, condition=100, published condition=0
W/Smack/Packet(  444): notify conn break (IOEx), close connection
D/ConnectivityService(  153): handleInetConditionHoldEnd: net=0, condition=0, published condition=100
D/WifiLocator(  444): Too many no-location APs. Will not compute a location nor go to the server. hasLocation=0 noLocation=0 cacheMiss=0
D/CellLocator(  444): Primary cell miss in cache. Need server request.
I/System.out(  444): [INFO:2593032]: LogSource: Running flush
I/System.out(  444): [INFO:2593034]: LogSource: Sending payload [bytes=336]
D/dalvikvm(  444): GC_CONCURRENT freed 434K, 6% free 10061K/10631K, paused 2ms+2ms
I/System.out(  444): [INFO:2598035]: LogSource: Running delayed flush
I/System.out(  444): [INFO:2598046]: LogSource: Running flush
I/System.out(  444): [INFO:2598049]: LogSource: Response [http=200,length=93]
I/System.out(  444): [INFO:2598051]: LogSource: Read id 4, status code 200
D/WifiLocator(  444): Too many no-location APs. Will not compute a location nor go to the server. hasLocation=0 noLocation=0 cacheMiss=0
D/dalvikvm(  153): GC_CONCURRENT freed 1088K, 9% free 13819K/15047K, paused 20ms+5ms
I/GTalkService/c(  444): [AndroidEndpoint@1094539688] connect: acct=1000000, state=CONNECTING
D/ConnectivityService(  153): handleInetConditionHoldEnd: net=0, condition=100, published condition=0
W/Smack/Packet(  444): notify conn break (IOEx), close connection
D/ConnectivityService(  153): handleInetConditionHoldEnd: net=0, condition=0, published condition=100
D/dalvikvm(  153): GC_CONCURRENT freed 1124K, 9% free 13826K/15047K, paused 3ms+5ms
D/dalvikvm(  312): GC_CONCURRENT freed 446K, 6% free 9490K/10055K, paused 2ms+2ms
D/WifiLocator(  444): Too many no-location APs. Will not compute a location nor go to the server. hasLocation=0 noLocation=0 cacheMiss=0
D/CellLocator(  444): Primary cell miss in cache. Need server request.
I/System.out(  444): [INFO:2893091]: LogSource: Running flush
I/System.out(  444): [INFO:2893093]: LogSource: Sending payload [bytes=339]
D/dalvikvm(  444): GC_CONCURRENT freed 428K, 6% free 10091K/10631K, paused 2ms+3ms
I/System.out(  444): [INFO:2895712]: LogSource: Response [http=200,length=95]
I/System.out(  444): [INFO:2895714]: LogSource: Read id 5, status code 200
D/WifiLocator(  444): Too many no-location APs. Will not compute a location nor go to the server. hasLocation=0 noLocation=0 cacheMiss=0
I/GTalkService/c(  444): [AndroidEndpoint@1094539688] connect: acct=1000000, state=CONNECTING
D/ConnectivityService(  153): handleInetConditionHoldEnd: net=0, condition=100, published condition=0
W/Smack/Packet(  444): notify conn break (IOEx), close connection
D/dalvikvm(  444): GC_CONCURRENT freed 376K, 5% free 10119K/10631K, paused 1ms+3ms
D/ConnectivityService(  153): handleInetConditionHoldEnd: net=0, condition=0, published condition=100
D/dalvikvm(  153): GC_CONCURRENT freed 1099K, 9% free 13835K/15047K, paused 2ms+6ms
D/dalvikvm(  153): GC_EXPLICIT freed 113K, 9% free 13748K/15047K, paused 24ms+5ms
D/dalvikvm(  312): GC_CONCURRENT freed 433K, 6% free 9492K/10055K, paused 2ms+2ms
I/ActivityManager(  153): Start proc com.google.android.calendar for broadcast com.google.android.calendar/com.android.calendar.widget.CalendarAppWidgetService$CalendarFactory: pid=1613 uid=10006 gids={3003}
I/ActivityManager(  153): Start proc com.google.android.deskclock for broadcast com.google.android.deskclock/com.android.deskclock.AlarmInitReceiver: pid=1628 uid=10013 gids={}
I/ActivityManager(  153): No longer want android.process.media (pid 265): hidden #16
I/ActivityManager(  153): Start proc com.android.providers.calendar for content provider com.android.providers.calendar/.CalendarProvider2: pid=1640 uid=10007 gids={3003, 1015}
I/ActivityManager(  153): No longer want com.google.android.apps.uploader (pid 957): hidden #16
W/ActivityManager(  153): Scheduling restart of crashed service com.android.providers.downloads/.DownloadService in 5000ms
D/AlarmManagerService(  153): Kernel timezone updated to 240 minutes west of GMT
I/ActivityThread( 1613): Pub com.google.android.calendar.CalendarRecentSuggestionsProvider: com.android.calendar.CalendarRecentSuggestionsProvider
I/ActivityThread( 1628): Pub com.android.deskclock: com.android.deskclock.AlarmProvider
I/ActivityThread( 1640): Pub com.android.calendar: com.android.providers.calendar.CalendarProvider2
D/dalvikvm(  153): GC_FOR_ALLOC freed 379K, 9% free 13781K/15047K, paused 57ms
I/dalvikvm-heap(  153): Grow heap (frag case) to 13.658MB for 129616-byte allocation
D/dalvikvm(  153): GC_FOR_ALLOC freed 33K, 9% free 13874K/15175K, paused 38ms
D/SystemClock(  312): Setting time of day to sec=1333729672
I/ActivityManager(  153): No longer want com.google.android.apps.plus (pid 972): hidden #16
V/AlarmClock( 1628): AlarmInitReceiver finished
D/dalvikvm(  153): GC_FOR_ALLOC freed 312K, 11% free 13621K/15175K, paused 43ms
I/CalendarProvider2( 1640): Sending notification intent: Intent { act=android.intent.action.PROVIDER_CHANGED dat=content://com.android.calendar }
W/ContentResolver( 1640): Failed to get type for: content://com.android.calendar (Unknown URL content://com.android.calendar)
I/ActivityManager(  153): Start proc android.process.media for service com.android.providers.downloads/.DownloadService: pid=1658 uid=10014 gids={1015, 1023, 1024, 2001, 3003, 3007}
I/ActivityThread( 1658): Pub media: com.android.providers.media.MediaProvider
I/ActivityThread( 1658): Pub downloads: com.android.providers.downloads.DownloadProvider
I/ActivityThread( 1658): Pub drm: com.android.providers.drm.DrmProvider
I/DownloadManager( 1658): in removeSpuriousFiles
I/DownloadManager( 1658): in removeSpuriousFiles, preserving file /data/data/com.android.providers.downloads/cache/metadata.json
I/DownloadManager( 1658): in removeSpuriousFiles, preserving file /data/data/com.android.providers.downloads/cache/en_general.htm
D/WifiLocator(  444): Too many no-location APs. Will not compute a location nor go to the server. hasLocation=0 noLocation=0 cacheMiss=0
D/CellLocator(  444): Primary cell miss in cache. Need server request.
I/System.out(  444): [INFO:3192689]: LogSource: Running flush
I/System.out(  444): [INFO:3192691]: LogSource: Sending payload [bytes=342]
I/System.out(  444): [INFO:3197692]: LogSource: Running delayed flush
I/System.out(  444): [INFO:3197702]: LogSource: Running flush
D/WifiLocator(  444): Too many no-location APs. Will not compute a location nor go to the server. hasLocation=0 noLocation=0 cacheMiss=0
D/CellLocator(  444): Primary cell miss in cache. Need server request.
E/GlsClient-query(  444): requestFailed
E/GlsClient-query(  444): com.google.common.async.WatchdogException
E/GlsClient-query(  444): 	at com.google.common.async.AsyncHttpRequestFactory$AsyncHttpRequestImpl.watchdogFired(Unknown Source)
E/GlsClient-query(  444): 	at com.google.common.async.AsyncHttpRequestFactory$WatchdogTask.run(Unknown Source)
E/GlsClient-query(  444): 	at com.google.common.task.AbstractTask.runInternal(Unknown Source)
E/GlsClient-query(  444): 	at com.google.common.task.TimerTask.runInternal(Unknown Source)
E/GlsClient-query(  444): 	at com.google.common.task.TaskRunner.run(Unknown Source)
E/GlsClient-query(  444): 	at com.google.common.lang.BaseThreadFactory$ThreadImpl.run(Unknown Source)
D/androidNetworkLocationListeners(  444): Still have listener com.google.android.location.internal.client.NetworkLocationClient$1@4138ca98
D/WifiLocator(  444): Too many no-location APs. Will not compute a location nor go to the server. hasLocation=0 noLocation=0 cacheMiss=0
D/CellLocator(  444): Primary cell miss in cache. Need server request.
I/System.out(  444): [INFO:3224646]: LogSource: Running flush
I/System.out(  444): [INFO:3224647]: LogSource: Sending payload [bytes=342]
I/System.out(  444): [INFO:3229650]: LogSource: Running delayed flush
I/System.out(  444): [INFO:3229660]: LogSource: Running flush
D/ConnectivityService(  153): ConnectivityChange for mobile: DISCONNECTED/DISCONNECTED
D/ConnectivityService(  153): Attempting to switch to WIFI
D/ConnectivityService(  153): Attempting to switch to BLUETOOTH_TETHER
D/NetUtils(  153): android_net_utils_resetConnections in env=0x1bf2bb8 clazz=0xfc200001 iface=rmnet0 mask=0x3
D/ConnectivityService(  153): resetConnections(rmnet0, 3)
D/Tethering(  153): MasterInitialState.processMessage what=3
I/BarnacleService( 1024): log: hq. MSG_NETSCHANGE. about to get getWifiState
I/ActivityManager(  153): Start proc com.google.android.apps.uploader for broadcast com.google.android.apps.uploader/.ConnectivityBroadcastReceiver: pid=1676 uid=10034 gids={3003}
I/BarnacleService( 1024): log: hq. BarnacleServiceNETSCHANGE: 1 2 proc
E/BarnacleService( 1024): NETSCHANGE: 1 2 proc
I/BarnacleService( 1024): log: hq. wifiState 1 =? WifiManager.WIFI_STATE_DISABLED = 1
I/BarnacleService( 1024): log: hq. INSIDE :) wifi state disabled
I/BarnacleService( 1024): log: ( (state = 2) ?== (STATE_STARTING = 1) ) && ( (process = proc_is_not_null) ?== null ... && checkUplink:
I/BarnacleService( 1024): log: now waiting, becaus  either state != STATE_STARTING or process != null
I/dalvikvm( 1676): Turning on JNI app bug workarounds for target SDK version 11...
D/dalvikvm(   79): GC_EXPLICIT freed 37K, 4% free 9028K/9347K, paused 2ms+2ms
D/dalvikvm(   79): GC_EXPLICIT freed <1K, 4% free 9028K/9347K, paused 1ms+2ms
D/dalvikvm(   79): GC_EXPLICIT freed <1K, 4% free 9028K/9347K, paused 1ms+2ms
I/ActivityThread( 1676): Pub com.google.android.apps.uploader: com.google.android.apps.uploader.UploadsContentProvider
I/ActivityThread( 1676): Pub com.google.photos.provider.Album: com.google.android.apps.uploader.clients.picasa.AlbumProvider
D/MediaUploader( 1676): UploaderApplication.onCreate
D/MediaUploader( 1676): nonWifiLimit=20971520, default=20971520
I/MediaUploader( 1676): No need to wake up
I/ActivityManager(  153): Start proc com.google.android.apps.plus for broadcast com.google.android.apps.plus/com.google.android.picasasync.ConnectivityReceiver: pid=1691 uid=10044 gids={3003, 1015, 1006}
I/ActivityManager(  153): No longer want net.szym.barnacle (pid 1024): hidden #16
I/ActivityThread( 1691): Pub com.google.android.apps.plus.content.EsProvider: com.google.android.apps.plus.content.EsProvider
I/ActivityThread( 1691): Pub com.google.android.apps.plus.content.ApiProvider: com.google.android.apps.plus.content.EsApiProvider
I/ActivityThread( 1691): Pub com.google.android.apps.plus.content.EsGooglePhotoProvider: com.google.android.picasasync.PicasaContentProvider
W/InputDispatcher(  153): channel '4157f2d8 net.szym.barnacle/net.szym.barnacle.StatusActivity (server)' ~ Consumer closed input channel or an error occurred.  events=0x8
E/InputDispatcher(  153): channel '4157f2d8 net.szym.barnacle/net.szym.barnacle.StatusActivity (server)' ~ Channel is unrecoverably broken and will be disposed!
W/InputDispatcher(  153): Attempted to unregister already unregistered input channel '4157f2d8 net.szym.barnacle/net.szym.barnacle.StatusActivity (server)'
I/WindowManager(  153): WINDOW DIED Window{4157f2d8 net.szym.barnacle/net.szym.barnacle.StatusActivity paused=false}
W/ActivityManager(  153): Scheduling restart of crashed service net.szym.barnacle/.BarnacleService in 5000ms
D/dalvikvm( 1691): GC_CONCURRENT freed 254K, 4% free 9279K/9607K, paused 2ms+1ms
D/dalvikvm( 1691): GC_CONCURRENT freed 555K, 7% free 9297K/9927K, paused 1ms+12ms
I/ActivityThread( 1691): Pub com.google.plus.platform: com.google.android.apps.plus.content.AdsProvider
W/Netd    (   75): No subsystem found in netlink event
D/NetlinkEvent(   75): Unexpected netlink message. type=0x11
D/dalvikvm( 1691): GC_FOR_ALLOC freed 10K, 7% free 9329K/9927K, paused 22ms
I/dalvikvm-heap( 1691): Grow heap (frag case) to 9.192MB for 11416-byte allocation
D/dalvikvm( 1691): GC_FOR_ALLOC freed <1K, 7% free 9339K/9991K, paused 13ms
V/PicasaContentProvider( 1691): querySettings: defaults: {sync_on_wifi_only=1, auto_upload_account_type=null, sync_on_battery=1, sync_picasa_on_wifi_only=1, auto_upload_enabled=0, video_upload_wifi_only=1, sync_on_roaming=0, auto_upload_account_name=null}
D/UploadsManager( 1691): load newPhotoTracker: null
D/UploadsManager( 1691): load all accounts: null
D/UploadsManager( 1691): load all account-album pairs: null
V/PicasaContentProvider( 1691): querySettings: defaults: {sync_on_wifi_only=1, auto_upload_account_type=null, sync_on_battery=1, sync_picasa_on_wifi_only=1, auto_upload_enabled=0, video_upload_wifi_only=1, sync_on_roaming=0, auto_upload_account_name=null}
D/UploadsManager( 1691):    settings not changed
I/ActivityManager(  153): No longer want com.android.vending (pid 845): hidden #16
D/PicasaSync( 1691): sync account database
D/dalvikvm(  153): GC_FOR_ALLOC freed 795K, 10% free 13675K/15175K, paused 53ms
D/PicasaSync( 1691): accounts in DB=0
V/PicasaContentProvider( 1691): querySettings: defaults: {sync_on_wifi_only=1, auto_upload_account_type=null, sync_on_battery=1, sync_picasa_on_wifi_only=1, auto_upload_enabled=0, video_upload_wifi_only=1, sync_on_roaming=0, auto_upload_account_name=null}
D/PicasaSyncManager( 1691): active network: null
D/PicasaSyncManager( 1691): background data: true
D/PicasaSyncManager( 1691): battery info: false
I/System.out(  444): [SEVERE:3254820]: LogSource: AsyncHttpRequestImpl.run(): exception thrown : Unable to resolve host "www.google.com": No address associated with hostname: java.net.UnknownHostException
E/GlsClient-query(  444): requestFailed
D/WifiLocator(  444): Too many no-location APs. Will not compute a location nor go to the server. hasLocation=0 noLocation=0 cacheMiss=0
D/CellLocator(  444): Primary cell miss in cache. Need server request.
D/AlarmManagerService(  153): Kernel timezone updated to 240 minutes west of GMT
D/SystemClock(  312): Setting time of day to sec=1333729804
D/dalvikvm(  218): GC_CONCURRENT freed 364K, 7% free 10331K/11015K, paused 2ms+9ms
V/AlarmClock( 1628): AlarmInitReceiver finished
I/System.out( 1293): [INFO:1478325]: c: Running flush
I/System.out( 1293): [INFO:1478326]: c: Sending payload [bytes=332]
I/System.out( 1293): [SEVERE:1478336]: c: AsyncHttpRequestImpl.run(): exception thrown : Unable to resolve host "www.google.com": No address associated with hostname: java.net.UnknownHostException
D/ConnectivityService(  153): ConnectivityChange for mobile: CONNECTED/CONNECTED
D/NetworkPolicy(  153): applying policy NetworkPolicy[NetworkTemplate: matchRule=MOBILE_ALL, subscriberId=valid]: cycleDay=15, warningBytes=2147483648, limitBytes=-1, lastSnooze=-1 to ifaces [rmnet0]
D/dalvikvm( 1713): Late-enabling CheckJNI
I/ActivityManager(  153): Start proc net.szym.barnacle for service net.szym.barnacle/.BarnacleService: pid=1713 uid=10066 gids={3003}
I/dalvikvm( 1713): Turning on JNI app bug workarounds for target SDK version 6...
D/myBarnacleApp( 1713): onCreate
I/ActivityManager(  153): Start proc com.android.settings for broadcast com.android.settings/.widget.SettingsAppWidgetProvider: pid=1730 uid=1000 gids={1015, 3002, 3001, 3003, 3007}
W/myBarnacleApp( 1713): serviceStarted
I/BarnacleService( 1713): log: Starting...
I/BarnacleService( 1713): log: hq. MSG_NETSCHANGE. about to get getWifiState
D/LocalBluetoothProfileManager( 1730): LocalBluetoothProfileManager construction complete
I/BarnacleService( 1713): log: hq. BarnacleServiceNETSCHANGE: 2 1 null
E/BarnacleService( 1713): NETSCHANGE: 2 1 null
I/BarnacleService( 1713): log: hq. wifiState 2 =? WifiManager.WIFI_STATE_DISABLED = 1
I/ActivityManager(  153): Start proc com.googlecode.android.wifi.tether for broadcast com.googlecode.android.wifi.tether/.WifiStateChangeReceiver: pid=1744 uid=10063 gids={3003, 3001, 3002, 1015}
I/ActivityManager(  153): No longer want com.google.android.apps.maps (pid 1264): hidden #16
I/dalvikvm( 1744): Turning on JNI app bug workarounds for target SDK version 3...
D/TETHER -> TetherApplication( 1744): Calling onCreate()
D/TETHER -> TetherApplication( 1744): Current directory is /data/data/com.googlecode.android.wifi.tether
D/TETHER -> TetherApplication( 1744): Directory '/data/data/com.googlecode.android.wifi.tether/bin' already exists!
D/TETHER -> TetherApplication( 1744): Directory '/data/data/com.googlecode.android.wifi.tether/var' already exists!
D/TETHER -> TetherApplication( 1744): Directory '/data/data/com.googlecode.android.wifi.tether/conf' already exists!
I/TETHER -> NativeTask( 1744): Trying to load libwtnativetask.so
D/dalvikvm( 1744): Trying to load lib /data/data/com.googlecode.android.wifi.tether/lib/libwtnativetask.so 0x41350380
D/dalvikvm( 1744): Added shared lib /data/data/com.googlecode.android.wifi.tether/lib/libwtnativetask.so 0x41350380
D/dalvikvm( 1744): No JNI_OnLoad found in /data/data/com.googlecode.android.wifi.tether/lib/libwtnativetask.so 0x41350380, skipping init
I/ActivityManager(  153): No longer want com.google.android.apps.maps:FriendService (pid 697): hidden #16
I/BarnacleService( 1713): log: hq. Wifi state Enabled! :( the else before STATE_STARTING
I/BarnacleService( 1713): log: hq if state == STATE_STARTING, turn off wifi
I/BarnacleService( 1713): log: Waiting until Wifi is disabled
I/BarnacleService( 1713): log: hq. MSG_NETSCHANGE. about to get getWifiState
I/BarnacleService( 1713): log: hq. BarnacleServiceNETSCHANGE: 2 1 null
E/BarnacleService( 1713): NETSCHANGE: 2 1 null
I/BarnacleService( 1713): log: hq. wifiState 2 =? WifiManager.WIFI_STATE_DISABLED = 1
I/BarnacleService( 1713): log: hq. Wifi state Enabled! :( the else before STATE_STARTING
I/BarnacleService( 1713): log: hq if state == STATE_STARTING, turn off wifi
I/BarnacleService( 1713): log: Waiting until Wifi is disabled
I/BarnacleService( 1713): log: hq. MSG_NETSCHANGE. about to get getWifiState
I/BarnacleService( 1713): log: hq. BarnacleServiceNETSCHANGE: 2 1 null
E/BarnacleService( 1713): NETSCHANGE: 2 1 null
I/BarnacleService( 1713): log: hq. wifiState 2 =? WifiManager.WIFI_STATE_DISABLED = 1
I/BarnacleService( 1713): log: hq. Wifi state Enabled! :( the else before STATE_STARTING
I/BarnacleService( 1713): log: hq if state == STATE_STARTING, turn off wifi
I/BarnacleService( 1713): log: Waiting until Wifi is disabled
D/SoftapController(   75): Softap fwReload - Ok
D/CommandListener(   75): Setting iface cfg
D/CommandListener(   75): Trying to bring down wlan0
D/CommandListener(   75): broadcast flag ignored
D/CommandListener(   75): multicast flag ignored
D/NetworkManagementService(  153): rsp <213 00:90:4c:11:22:33 0.0.0.0 0 [down broadcast multicast]>
D/NetworkManagementService(  153): flags <[down broadcast multicast]>
D/Tethering(  153): MasterInitialState.processMessage what=3
I/BarnacleService( 1713): log: hq. MSG_NETSCHANGE. about to get getWifiState
I/BarnacleService( 1713): log: hq. BarnacleServiceNETSCHANGE: 2 1 null
E/BarnacleService( 1713): NETSCHANGE: 2 1 null
I/BarnacleService( 1713): log: hq. wifiState 2 =? WifiManager.WIFI_STATE_DISABLED = 1
I/BarnacleService( 1713): log: hq. Wifi state Enabled! :( the else before STATE_STARTING
I/BarnacleService( 1713): log: hq if state == STATE_STARTING, turn off wifi
I/BarnacleService( 1713): log: Waiting until Wifi is disabled
D/dalvikvm(  153): GC_EXPLICIT freed 754K, 10% free 13679K/15175K, paused 2ms+6ms
I/MediaUploader( 1676): No need to wake up
D/PicasaSyncManager( 1691): active network: NetworkInfo: type: mobile[EDGE], state: CONNECTED/CONNECTED, reason: nwTypeChanged, extra: epc.tmobile.com, roaming: false, failover: false, isAvailable: true
D/PicasaSyncManager( 1691): background data: true
I/BarnacleService( 1713): log: hq. MSG_NETSCHANGE. about to get getWifiState
I/BarnacleService( 1713): log: hq. BarnacleServiceNETSCHANGE: 3 1 null
E/BarnacleService( 1713): NETSCHANGE: 3 1 null
I/BarnacleService( 1713): log: hq. wifiState 3 =? WifiManager.WIFI_STATE_DISABLED = 1
I/BarnacleService( 1713): log: hq. Wifi state Enabled! :( the else before STATE_STARTING
I/BarnacleService( 1713): log: hq if state == STATE_STARTING, turn off wifi
I/BarnacleService( 1713): log: Waiting until Wifi is disabled
I/wpa_supplicant( 1762): CTRL-EVENT-TERMINATING - signal 0 received
I/wpa_supplicant( 1762): CTRL-EVENT-STATE-CHANGE id=-1 state=0 BSSID=00:00:00:00:00:00
D/CommandListener(   75): Clearing all IP addresses on wlan0
I/BarnacleService( 1713): log: hq. MSG_NETSCHANGE. about to get getWifiState
I/BarnacleService( 1713): log: hq. BarnacleServiceNETSCHANGE: 0 1 null
E/BarnacleService( 1713): NETSCHANGE: 0 1 null
I/BarnacleService( 1713): log: hq. wifiState 0 =? WifiManager.WIFI_STATE_DISABLED = 1
I/BarnacleService( 1713): log: hq. Wifi state Enabled! :( the else before STATE_STARTING
I/BarnacleService( 1713): log: hq if state == STATE_STARTING, turn off wifi
W/Netd    (   75): No subsystem found in netlink event
D/NetlinkEvent(   75): Unexpected netlink message. type=0x11
I/BarnacleService( 1713): log: hq. MSG_NETSCHANGE. about to get getWifiState
I/BarnacleService( 1713): log: hq. BarnacleServiceNETSCHANGE: 1 1 null
E/BarnacleService( 1713): NETSCHANGE: 1 1 null
I/BarnacleService( 1713): log: hq. wifiState 1 =? WifiManager.WIFI_STATE_DISABLED = 1
I/BarnacleService( 1713): log: hq. INSIDE :) wifi state disabled
I/BarnacleService( 1713): log: ( (state = 1) ?== (STATE_STARTING = 1) ) && ( (process = proc_is_null) ?== null ... && checkUplink:
I/BarnacleService( 1713): log: hq. :D:D:D:D in state == STATE STARTING and no proccess and checkuplink :D:D:D
I/BarnacleService( 1713): log: Data network is ready
I/BarnacleService( 1713): log: .ini file prepared
I/BarnacleService( 1713): log: hq. :):):):):) :D:D:D:D:D:D about to startProcess()
I/BarnacleService( 1713): log: hq==============
I/BarnacleService( 1713): BarnacleService: startProcess()
I/BarnacleService( 1713): log: hq     pb = new ProcessBuilder
I/BarnacleService( 1713): log: hq     ./File_SCRIPT
I/BarnacleService( 1713): log: hq     pb.start()
I/BarnacleService( 1713): log: hq     new Thread 0 OUTPUT
I/BarnacleService( 1713): log: hq     new Thread 1 ERROR
I/BarnacleService( 1713): log: hq     threads 0 start
I/BarnacleService( 1713): log: hq     threads 1 start
D/su      ( 1770): 10066 net.szym.barnacle executing 0 /data/data/net.szym.barnacle/files/run using shell /system/bin/sh : sh
E/ActivityManager(  153): Activity Manager Crash
E/ActivityManager(  153): java.lang.IllegalArgumentException: Unknown URI type: 7
E/ActivityManager(  153): 	at android.net.Uri$1.createFromParcel(Uri.java:1734)
E/ActivityManager(  153): 	at android.net.Uri$1.createFromParcel(Uri.java:1723)
E/ActivityManager(  153): 	at android.content.Intent.readFromParcel(Intent.java:6131)
E/ActivityManager(  153): 	at android.content.Intent.<init>(Intent.java:6126)
E/ActivityManager(  153): 	at android.content.Intent.readFromParcel(Intent.java:6153)
E/ActivityManager(  153): 	at android.content.Intent.<init>(Intent.java:6126)
E/ActivityManager(  153): 	at android.content.Intent$1.createFromParcel(Intent.java:6117)
E/ActivityManager(  153): 	at android.content.Intent$1.createFromParcel(Intent.java:6115)
E/ActivityManager(  153): 	at android.app.ActivityManagerNative.onTransact(ActivityManagerNative.java:298)
E/ActivityManager(  153): 	at com.android.server.am.ActivityManagerService.onTransact(ActivityManagerService.java:1545)
E/ActivityManager(  153): 	at android.os.Binder.execTransact(Binder.java:338)
E/ActivityManager(  153): 	at dalvik.system.NativeStart.run(Native Method)
I/BarnacleService( 1713): log: WIFI: driver loaded
D/barnacle( 1787): WIFI: Could not set freq: Invalid argument
D/barnacle( 1787): WIFI: Could not set freq: Invalid argument
D/barnacle( 1787): WIFI: WLEXT assoc
I/BarnacleService( 1713): log: Running...
W/myBarnacleApp( 1713): processStarted
I/power   (  153): *** set_screen_state 1
W/PowerUI (  218): unknown intent: Intent { act=android.intent.action.ACTION_POWER_CONNECTED flg=0x10000010 }
I/WindowManager(  153): Lock screen displayed!
I/ActivityManager(  153): Start proc com.google.android.apps.maps for broadcast com.google.android.apps.maps/com.google.googlenav.android.MapServiceReceiver: pid=1789 uid=10032 gids={3003, 1015}
I/dalvikvm( 1789): Turning on JNI app bug workarounds for target SDK version 13...
D/SurfaceFlinger(   78): Screen about to return, flinger = 0x93f918
D/dalvikvm( 1789): GC_CONCURRENT freed 159K, 3% free 9374K/9607K, paused 2ms+3ms
I/ActivityThread( 1789): Pub com.google.android.maps.LayerInfoProvider: com.google.googlenav.layer.LayerInfoProvider
I/ActivityThread( 1789): Pub com.google.android.maps.TrafficAppWidgetProvider: com.google.googlenav.appwidget.traffic.TrafficAppWidgetProvider
I/ActivityThread( 1789): Pub com.google.android.maps.SuggestionProvider: com.google.googlenav.suggest.android.SuggestProvider
I/ActivityThread( 1789): Pub com.google.android.maps.LocalActivePlacesProvider: com.google.googlenav.provider.LocalActivePlacesProvider
I/ActivityThread( 1789): Pub com.google.android.maps.StarredItemProvider: com.google.googlenav.provider.StarredItemProvider
D/dalvikvm( 1789): GC_CONCURRENT freed 139K, 3% free 9770K/9991K, paused 2ms+3ms
I/ActivityThread( 1789): Pub com.google.android.maps.LocalSuggestionProvider: com.google.googlenav.provider.LocalSuggestionProvider
I/ActivityThread( 1789): Pub com.google.android.maps.SearchHistoryProvider: com.google.googlenav.provider.SearchHistoryProvider
I/ActivityThread( 1789): Pub com.google.android.maps.NavigationAvailabilityProvider: com.google.googlenav.provider.NavigationAvailabilityProvider
I/ActivityManager(  153): No longer want com.google.android.apps.maps:LocationFriendService (pid 890): hidden #16
D/PicasaSyncManager( 1691): battery info: true
D/dalvikvm(  312): GC_CONCURRENT freed 413K, 6% free 9510K/10055K, paused 2ms+2ms
I/GTalkService/c(  444): [AndroidEndpoint@1094539688] connect: acct=1000000, state=CONNECTING
I/power   (  153): *** set_screen_state 0
D/SurfaceFlinger(   78): About to give-up screen, flinger = 0x93f918
D/dalvikvm(  153): GC_FOR_ALLOC freed 645K, 9% free 13933K/15175K, paused 50ms
D/dalvikvm(  153): GC_FOR_ALLOC freed 55K, 9% free 13987K/15303K, paused 43ms
I/dalvikvm-heap(  153): Grow heap (frag case) to 13.835MB for 104992-byte allocation
D/dalvikvm(  153): GC_FOR_ALLOC freed 2K, 9% free 14087K/15431K, paused 39ms
V/TransportControlView(  153): Create TCV com.android.internal.widget.TransportControlView@4170e610
D/dalvikvm(  444): GC_CONCURRENT freed 411K, 6% free 10154K/10695K, paused 14ms+4ms
D/ConnectivityService(  153): handleInetConditionHoldEnd: net=0, condition=100, published condition=0
W/Smack/Packet(  444): notify conn break (IOEx), close connection
D/ConnectivityService(  153): handleInetConditionHoldEnd: net=0, condition=0, published condition=100
I/GTalkService/c(  444): [AndroidEndpoint@1094539688] connect: acct=1000000, state=CONNECTING
D/ConnectivityService(  153): handleInetConditionHoldEnd: net=0, condition=100, published condition=0
W/Smack/Packet(  444): notify conn break (IOEx), close connection
D/ConnectivityService(  153): handleInetConditionHoldEnd: net=0, condition=0, published condition=100
I/GTalkService/c(  444): [AndroidEndpoint@1094539688] connect: acct=1000000, state=CONNECTING
D/dalvikvm(  444): GC_CONCURRENT freed 426K, 6% free 10146K/10695K, paused 14ms+3ms
D/ConnectivityService(  153): handleInetConditionHoldEnd: net=0, condition=100, published condition=0
W/Smack/Packet(  444): notify conn break (IOEx), close connection
D/ConnectivityService(  153): handleInetConditionHoldEnd: net=0, condition=0, published condition=100
I/GTalkService/c(  444): [AndroidEndpoint@1094539688] connect: acct=1000000, state=CONNECTING
D/dalvikvm(  444): GC_EXPLICIT freed 287K, 6% free 10140K/10695K, paused 18ms+2ms
D/ConnectivityService(  153): handleInetConditionHoldEnd: net=0, condition=100, published condition=0
W/Smack/Packet(  444): notify conn break (IOEx), close connection
D/ConnectivityService(  153): handleInetConditionHoldEnd: net=0, condition=0, published condition=100
I/GTalkService/c(  444): [AndroidEndpoint@1094539688] connect: acct=1000000, state=CONNECTING
I/EventLogService(  444): Aggregate from 1333728206609 (log), 1333728206609 (data)
I/ServiceDumpSys(  444): dumping service [account]
D/ConnectivityService(  153): handleInetConditionHoldEnd: net=0, condition=100, published condition=0
W/Smack/Packet(  444): notify conn break (IOEx), close connection
I/qtaguid (  444): Failed write_ctrl(u 68) res=-1 errno=22
I/qtaguid (  444): Untagging socket 68 failed errno=-22
W/NetworkManagementSocketTagger(  444): untagSocket(68) failed with errno -22
D/ConnectivityService(  153): handleInetConditionHoldEnd: net=0, condition=0, published condition=100
I/GTalkService/c(  444): [AndroidEndpoint@1094539688] connect: acct=1000000, state=CONNECTING
D/dalvikvm(  444): GC_CONCURRENT freed 416K, 6% free 10156K/10695K, paused 1ms+4ms
D/ConnectivityService(  153): handleInetConditionHoldEnd: net=0, condition=100, published condition=0
D/dalvikvm( 1789): GC_CONCURRENT freed 231K, 3% free 10005K/10311K, paused 1ms+2ms
I/ActivityManager(  153): No longer want com.google.android.apps.maps:NetworkLocationService (pid 1293): hidden #16
W/ActivityManager(  153): Scheduling restart of crashed service com.google.android.apps.maps/com.google.android.location.internal.server.NetworkLocationService in 5000ms
D/dalvikvm(  153): GC_FOR_ALLOC freed 1115K, 11% free 13840K/15431K, paused 42ms
I/ActivityManager(  153): Start proc com.google.android.apps.maps:NetworkLocationService for service com.google.android.apps.maps/com.google.android.location.internal.server.NetworkLocationService: pid=1843 uid=10032 gids={3003, 1015}
I/dalvikvm( 1843): Turning on JNI app bug workarounds for target SDK version 13...
D/dalvikvm( 1843): GC_CONCURRENT freed 166K, 3% free 9368K/9607K, paused 2ms+2ms
I/ActivityManager(  153): Start proc com.google.android.apps.maps:FriendService for broadcast com.google.android.apps.maps/com.google.googlenav.friend.android.ServiceReceiver: pid=1856 uid=10032 gids={3003, 1015}
I/dalvikvm( 1856): Turning on JNI app bug workarounds for target SDK version 13...
D/dalvikvm( 1856): GC_CONCURRENT freed 168K, 3% free 9365K/9607K, paused 2ms+3ms
D/dalvikvm( 1856): GC_CONCURRENT freed 124K, 3% free 9720K/9927K, paused 1ms+2ms
I/ActivityManager(  153): Start proc com.google.android.apps.maps:LocationFriendService for broadcast com.google.android.apps.maps/com.google.googlenav.friend.reporting.LocationReportingIntentReceiver: pid=1870 uid=10032 gids={3003, 1015}
I/ActivityManager(  153): No longer want org.connectbot (pid 1401): hidden #16
I/dalvikvm( 1870): Turning on JNI app bug workarounds for target SDK version 13...
D/dalvikvm( 1870): GC_CONCURRENT freed 170K, 3% free 9363K/9607K, paused 4ms+2ms
I/ActivityManager(  153): No longer want com.google.android.partnersetup (pid 1453): hidden #16
D/dalvikvm( 1843): GC_CONCURRENT freed 180K, 3% free 9736K/9991K, paused 1ms+2ms
D/dalvikvm( 1843): GC_CONCURRENT freed 172K, 3% free 10125K/10375K, paused 2ms+3ms
I/System.out( 1843): [INFO:800]: c: Running flush
I/System.out( 1843): [INFO:820]: c: Sending payload [bytes=288]
D/dalvikvm( 1843): GC_CONCURRENT freed 759K, 8% free 9920K/10759K, paused 2ms+5ms
I/System.out( 1843): [INFO:5819]: c: Running delayed flush
I/System.out( 1843): [INFO:5829]: c: Running flush
I/System.out( 1843): [INFO:38779]: c: Response [http=200,length=91]
D/dalvikvm(  153): GC_CONCURRENT freed 1224K, 12% free 13699K/15431K, paused 17ms+5ms
W/NetworkStats(  153): dropping UID delta from unknown iface: iface=wlan0 uid=0 set=DEFAULT tag=0x0 rxBytes=0 rxPackets=0 txBytes=580 txPackets=9 operations=0
D/dalvikvm(  218): GC_CONCURRENT freed 385K, 7% free 10331K/11015K, paused 2ms+2ms
I/ActivityManager(  153): No longer want android.process.acore (pid 1500): hidden #16
I/ActivityManager(  153): No longer want com.google.android.apps.books (pid 1522): hidden #17
D/dalvikvm(  153): GC_CONCURRENT freed 1051K, 12% free 13692K/15431K, paused 2ms+5ms
D/dalvikvm(  153): GC_EXPLICIT freed 85K, 12% free 13618K/15431K, paused 2ms+5ms
W/Smack/Packet(  444): notify conn break (IOEx), close connection
I/qtaguid (  444): Failed write_ctrl(u 68) res=-1 errno=22
I/qtaguid (  444): Untagging socket 68 failed errno=-22
W/NetworkManagementSocketTagger(  444): untagSocket(68) failed with errno -22
D/ConnectivityService(  153): handleInetConditionHoldEnd: net=0, condition=0, published condition=100
I/GTalkService/c(  444): [AndroidEndpoint@1094539688] connect: acct=1000000, state=CONNECTING
D/dalvikvm(  444): GC_CONCURRENT freed 405K, 6% free 10155K/10695K, paused 15ms+2ms
D/ConnectivityService(  153): handleInetConditionHoldEnd: net=0, condition=100, published condition=0
W/Smack/Packet(  444): notify conn break (IOEx), close connection
D/ConnectivityService(  153): handleInetConditionHoldEnd: net=0, condition=0, published condition=100
I/GTalkService/c(  444): [AndroidEndpoint@1094539688] connect: acct=1000000, state=CONNECTING
D/ConnectivityService(  153): handleInetConditionHoldEnd: net=0, condition=100, published condition=0
I/EventLogService(  444): Aggregate from 1333730006746 (log), 1333730006746 (data)
I/ServiceDumpSys(  444): dumping service [account]
W/Smack/Packet(  444): notify conn break (IOEx), close connection
D/ConnectivityService(  153): handleInetConditionHoldEnd: net=0, condition=0, published condition=100
I/GTalkService/c(  444): [AndroidEndpoint@1094539688] connect: acct=1000000, state=CONNECTING
D/dalvikvm(  444): GC_CONCURRENT freed 415K, 6% free 10156K/10695K, paused 2ms+4ms
D/ConnectivityService(  153): handleInetConditionHoldEnd: net=0, condition=100, published condition=0
W/Smack/Packet(  444): notify conn break (IOEx), close connection
D/ConnectivityService(  153): handleInetConditionHoldEnd: net=0, condition=0, published condition=100
I/GTalkService/c(  444): [AndroidEndpoint@1094539688] connect: acct=1000000, state=CONNECTING
D/ConnectivityService(  153): handleInetConditionHoldEnd: net=0, condition=100, published condition=0
W/Smack/Packet(  444): notify conn break (IOEx), close connection
D/ConnectivityService(  153): handleInetConditionHoldEnd: net=0, condition=0, published condition=100
I/GTalkService/c(  444): [AndroidEndpoint@1094539688] connect: acct=1000000, state=CONNECTING
D/dalvikvm(  444): GC_CONCURRENT freed 442K, 6% free 10135K/10695K, paused 14ms+3ms
D/ConnectivityService(  153): handleInetConditionHoldEnd: net=0, condition=100, published condition=0
W/Smack/Packet(  444): notify conn break (IOEx), close connection
D/ConnectivityService(  153): handleInetConditionHoldEnd: net=0, condition=0, published condition=100
D/dalvikvm( 1843): GC_CONCURRENT freed 350K, 7% free 10014K/10759K, paused 3ms+2ms
I/GTalkService/c(  444): [AndroidEndpoint@1094539688] connect: acct=1000000, state=CONNECTING
D/dalvikvm(  312): GC_CONCURRENT freed 415K, 6% free 9508K/10055K, paused 13ms+2ms
E/GTalkService(  444): connectionClosed: no XMPPConnection - That's strange!
D/ConnectivityService(  153): handleInetConditionHoldEnd: net=0, condition=0, published condition=0
I/ActivityManager(  153): No longer want com.google.android.videos (pid 1546): hidden #16
I/GTalkService/c(  444): [AndroidEndpoint@1094539688] connect: acct=1000000, state=CONNECTING
D/dalvikvm(  444): GC_CONCURRENT freed 432K, 6% free 10152K/10695K, paused 2ms+3ms
D/ConnectivityService(  153): handleInetConditionHoldEnd: net=0, condition=100, published condition=0
W/Smack/Packet(  444): notify conn break (IOEx), close connection
D/ConnectivityService(  153): handleInetConditionHoldEnd: net=0, condition=0, published condition=100
D/dalvikvm(  153): GC_CONCURRENT freed 954K, 12% free 13705K/15431K, paused 25ms+6ms
I/GTalkService/c(  444): [AndroidEndpoint@1094539688] connect: acct=1000000, state=CONNECTING
D/ConnectivityService(  153): handleInetConditionHoldEnd: net=0, condition=100, published condition=0
W/Smack/Packet(  444): notify conn break (IOEx), close connection
D/ConnectivityService(  153): handleInetConditionHoldEnd: net=0, condition=0, published condition=100
I/GTalkService/c(  444): [AndroidEndpoint@1094539688] connect: acct=1000000, state=CONNECTING
D/dalvikvm(  444): GC_CONCURRENT freed 408K, 6% free 10157K/10695K, paused 2ms+2ms
D/ConnectivityService(  153): handleInetConditionHoldEnd: net=0, condition=100, published condition=0
W/Smack/Packet(  444): notify conn break (IOEx), close connection
D/ConnectivityService(  153): handleInetConditionHoldEnd: net=0, condition=0, published condition=100
I/GTalkService/c(  444): [AndroidEndpoint@1094539688] connect: acct=1000000, state=CONNECTING
D/ConnectivityService(  153): handleInetConditionHoldEnd: net=0, condition=100, published condition=0
W/Smack/Packet(  444): notify conn break (IOEx), close connection
D/ConnectivityService(  153): handleInetConditionHoldEnd: net=0, condition=0, published condition=100
I/GTalkService/c(  444): [AndroidEndpoint@1094539688] connect: acct=1000000, state=CONNECTING
D/dalvikvm(  444): GC_CONCURRENT freed 424K, 6% free 10138K/10695K, paused 14ms+3ms
D/ConnectivityService(  153): handleInetConditionHoldEnd: net=0, condition=100, published condition=0
W/Smack/Packet(  444): notify conn break (IOEx), close connection
D/ConnectivityService(  153): handleInetConditionHoldEnd: net=0, condition=0, published condition=100
I/GTalkService/c(  444): [AndroidEndpoint@1094539688] connect: acct=1000000, state=CONNECTING
