I/NetworkThread( 1185): 1333728496321: Received UDP payload: 3518
I/Mux     ( 1185): 1333728496325: GOT CSM_Msg
I/NetworkThread( 1185): 1333728496371: Received UDP payload: 949
I/Mux     ( 1185): 1333728496375: GOT CSM_Msg
I/NetworkThread( 1185): 1333728496435: Received UDP payload: 3518
I/Mux     ( 1185): 1333728496441: GOT CSM_Msg
I/NetworkThread( 1185): 1333728496468: Received UDP payload: 949
I/Mux     ( 1185): 1333728496475: GOT CSM_Msg
I/NetworkThread( 1185): 1333728496508: Received UDP payload: 3518
I/Mux     ( 1185): 1333728496512: GOT CSM_Msg
I/NetworkThread( 1185): 1333728496634: Received UDP payload: 3518
I/Mux     ( 1185): 1333728496655: GOT CSM_Msg
I/NetworkThread( 1185): 1333728496664: Received UDP payload: 949
I/Mux     ( 1185): 1333728496674: GOT CSM_Msg
I/NetworkThread( 1185): 1333728496705: Received UDP payload: 3518
I/Mux     ( 1185): 1333728496708: GOT CSM_Msg
I/NetworkThread( 1185): 1333728496847: Received UDP payload: 3518
I/Mux     ( 1185): 1333728496855: GOT CSM_Msg
I/NetworkThread( 1185): 1333728496994: Received UDP payload: 949
I/Mux     ( 1185): 1333728497057: GOT CSM_Msg
I/NetworkThread( 1185): 1333728497061: Received UDP payload: 949
I/Mux     ( 1185): 1333728497076: GOT CSM_Msg
I/NetworkThread( 1185): 1333728497080: Received UDP payload: 3518
I/Mux     ( 1185): 1333728497084: GOT CSM_Msg
I/NetworkThread( 1185): 1333728497088: Received UDP payload: 949
I/Mux     ( 1185): 1333728497091: GOT CSM_Msg
I/NetworkThread( 1185): 1333728497131: Received UDP payload: 949
I/Mux     ( 1185): 1333728497151: GOT CSM_Msg
I/NetworkThread( 1185): 1333728497151: Received UDP payload: 3518
I/Mux     ( 1185): 1333728497163: GOT CSM_Msg
D/dalvikvm( 1185): GC_CONCURRENT freed 570K, 33% free 11072K/16327K, paused 2ms+4ms
I/NetworkThread( 1185): 1333728497249: Received UDP payload: 3518
I/Mux     ( 1185): 1333728497256: GOT CSM_Msg
I/NetworkThread( 1185): 1333728497332: Received UDP payload: 949
I/Mux     ( 1185): 1333728497339: GOT CSM_Msg
I/NetworkThread( 1185): 1333728497559: Received UDP payload: 949
I/Mux     ( 1185): 1333728497572: GOT CSM_Msg
I/StatusActivity( 1185): 1333728497632: .......... GPS onLocationChanged ...... 
I/VCoreDaemon( 1185): 1333728497633: Loc = Location[mProvider=gps,mTime=1333814898000,mLatitude=42.36357076350187,mLongitude=-71.10029479808628,mHasAltitude=true,mAltitude=-22.0,mHasSpeed=true,mSpeed=0.0,mHasBearing=true,mBearing=60.182743,mHasAccuracy=true,mAccuracy=10.0,mExtras=Bundle[mParcelledData.dataSize=4]] Previous Region = (0,0)
I/VCoreDaemon( 1185): 1333728497633: GPS x/long:-71.10029479808628, GPS y/lat: 42.36357076350187. Region width in x: 51.96152422706632
I/VCoreDaemon( 1185): 1333728497634: location PINPOINTS to region = 0.0, previous 0
I/VCoreDaemon( 1185): 1333728497634: stay at region 0
D/dalvikvm( 1185): GC_CONCURRENT freed 254K, 30% free 11458K/16327K, paused 2ms+2ms
I/NetworkThread( 1185): 1333728497743: Received UDP payload: 949
I/Mux     ( 1185): 1333728497746: GOT CSM_Msg
W/NetworkStats(  153): dropping UID delta from unknown iface: iface=wlan0 uid=10065 set=FOREGROUND tag=0x0 rxBytes=80727 rxPackets=49 txBytes=613 txPackets=1 operations=0
I/NetworkThread( 1185): 1333728497848: Received UDP payload: 949
I/Mux     ( 1185): 1333728497860: GOT CSM_Msg
D/dalvikvm( 1185): GC_FOR_ALLOC freed 724K, 31% free 11401K/16327K, paused 19ms
I/NetworkThread( 1185): 1333728498236: Received UDP payload: 770
I/Mux     ( 1185): 1333728498256: GOT CSM_Msg
D/dalvikvm( 1185): GC_FOR_ALLOC freed 646K, 31% free 11401K/16327K, paused 17ms
W/Smack/Packet(  444): notify conn break (IOEx), close connection
I/StatusActivity( 1185): inside buttonsEnableProgressTimeoutR. Perhaps no one is in that region. Try again later!
I/StatusActivity( 1185): Inside _enableButtons
I/StatusActivity( 1185): areButtonsEnabled --> true
I/StatusActivity( 1185): takeNum=9 takeCamGood=9 takeGoodSave=9 takeBad=0 takeTimedout=0 getNum=26 getGood=10 getBad=0 getTimedout=16
W/InputManagerService(  153): Window already focused, ignoring focus gain of: com.android.internal.view.IInputMethodClient$Stub$Proxy@413b1d98
I/StatusActivity( 1185): 1333728498623: .......... GPS onLocationChanged ...... 
I/VCoreDaemon( 1185): 1333728498624: Loc = Location[mProvider=gps,mTime=1333814899000,mLatitude=42.36356170553876,mLongitude=-71.10029899871846,mHasAltitude=true,mAltitude=-22.0,mHasSpeed=true,mSpeed=0.0,mHasBearing=true,mBearing=52.484013,mHasAccuracy=true,mAccuracy=10.0,mExtras=Bundle[mParcelledData.dataSize=4]] Previous Region = (0,0)
I/VCoreDaemon( 1185): 1333728498624: GPS x/long:-71.10029899871846, GPS y/lat: 42.36356170553876. Region width in x: 51.96152422706632
I/VCoreDaemon( 1185): 1333728498624: location PINPOINTS to region = 0.0, previous 0
I/VCoreDaemon( 1185): 1333728498625: stay at region 0
D/dalvikvm( 1185): GC_FOR_ALLOC freed 640K, 31% free 11406K/16327K, paused 25ms
D/dalvikvm( 1185): GC_FOR_ALLOC freed 630K, 31% free 11406K/16327K, paused 24ms
I/NetworkThread( 1185): 1333728500566: Received UDP payload: 406
I/NetworkThread( 1185): 1333728500581: Received UDP payload: 770
I/Mux     ( 1185): 1333728500589: GOT CSM_Msg
D/dalvikvm( 1185): GC_FOR_ALLOC freed 208K, 28% free 11795K/16327K, paused 24ms
I/StatusActivity( 1185): 1333728500648: canPressButton = TRUE
I/StatusActivity( 1185): 1333728500648: areButtonsEnabled --> false 
I/StatusActivity( 1185): 1333728500649: get picture disableButtonsR
I/StatusActivity( 1185): 1333728500649: areButtonsEnabled --> false
D/AudioHardware(   81): AudioHardware pcm playback is exiting standby.
D/AudioHardware(   81): openPcmOut_l() mPcmOpenCnt: 0
I/StatusActivity( 1185): 1333728500675: takeNum=9 takeCamGood=9 takeGoodSave=9 takeBad=0 takeTimedout=0 getNum=27 getGood=10 getBad=0 getTimedout=16
I/StatusActivity( 1185): 1333728500676: ** Clicked getphotos Button from region 2 **
I/StatusActivity( 1185): 1333728500676: I'm the Client, and I'm in region: 0 nodID = 5110
I/StatusActivity( 1185): 1333728500677: I'm a nonleader sending my requesting photos packet to my leader
I/VCoreDaemon( 1185): 1333728500678: inside sendPacket(Packet p)
I/NetworkThread( 1185): 1333728500680: Sending UDP payload: 585
I/StatusActivity( 1185): 1333728500691: StatusActivity sent request to get photos for region 2
I/NetworkThread( 1185): 1333728500714: Received UDP payload: 949
I/Mux     ( 1185): 1333728500763: GOT CSM_Msg
D/dalvikvm( 1185): GC_CONCURRENT freed 1207K, 31% free 11411K/16327K, paused 2ms+2ms
D/dalvikvm( 1185): GC_CONCURRENT freed 614K, 30% free 11564K/16327K, paused 3ms+3ms
I/NetworkThread( 1185): 1333728501524: Received UDP payload: 949
I/Mux     ( 1185): 1333728501538: GOT CSM_Msg
I/NetworkThread( 1185): 1333728501602: Received UDP payload: 949
D/dalvikvm( 1185): GC_CONCURRENT freed 1100K, 31% free 11312K/16327K, paused 2ms+3ms
I/Mux     ( 1185): 1333728501629: GOT CSM_Msg
D/ConnectivityService(  153): handleInetConditionHoldEnd: net=0, condition=0, published condition=100
I/NetworkThread( 1185): 1333728501706: Received UDP payload: 949
I/Mux     ( 1185): 1333728501722: GOT CSM_Msg
I/NetworkThread( 1185): 1333728501803: Received UDP payload: 949
I/Mux     ( 1185): 1333728501808: GOT CSM_Msg
I/NetworkThread( 1185): 1333728501908: Received UDP payload: 949
I/Mux     ( 1185): 1333728501918: GOT CSM_Msg
I/NetworkThread( 1185): 1333728502008: Received UDP payload: 949
I/Mux     ( 1185): 1333728502031: GOT CSM_Msg
I/NetworkThread( 1185): 1333728502108: Received UDP payload: 949
I/Mux     ( 1185): 1333728502118: GOT CSM_Msg
D/dalvikvm( 1185): GC_CONCURRENT freed 854K, 32% free 11151K/16327K, paused 4ms+3ms
I/NetworkThread( 1185): 1333728502208: Received UDP payload: 949
I/Mux     ( 1185): 1333728502213: GOT CSM_Msg
I/NetworkThread( 1185): 1333728502314: Received UDP payload: 949
I/Mux     ( 1185): 1333728502354: GOT CSM_Msg
I/NetworkThread( 1185): 1333728502413: Received UDP payload: 949
I/Mux     ( 1185): 1333728502417: GOT CSM_Msg
I/NetworkThread( 1185): 1333728502520: Received UDP payload: 949
I/Mux     ( 1185): 1333728502528: GOT CSM_Msg
I/NetworkThread( 1185): 1333728502618: Received UDP payload: 949
I/Mux     ( 1185): 1333728502622: GOT CSM_Msg
I/NetworkThread( 1185): 1333728502727: Received UDP payload: 949
I/Mux     ( 1185): 1333728502750: GOT CSM_Msg
I/NetworkThread( 1185): 1333728502820: Received UDP payload: 770
I/Mux     ( 1185): 1333728502828: GOT CSM_Msg
D/AudioHardware(   81): AudioHardware pcm playback is going to standby.
D/AudioHardware(   81): closePcmOut_l() mPcmOpenCnt: 1
I/NetworkThread( 1185): 1333728505569: Received UDP payload: 406
I/NetworkThread( 1185): 1333728506077: Received UDP payload: 949
I/Mux     ( 1185): 1333728506130: GOT CSM_Msg
I/StatusActivity( 1185): inside buttonsEnableProgressTimeoutR. Perhaps no one is in that region. Try again later!
I/StatusActivity( 1185): Inside _enableButtons
I/StatusActivity( 1185): areButtonsEnabled --> true
I/StatusActivity( 1185): takeNum=9 takeCamGood=9 takeGoodSave=9 takeBad=0 takeTimedout=0 getNum=27 getGood=10 getBad=0 getTimedout=17
W/InputManagerService(  153): Window already focused, ignoring focus gain of: com.android.internal.view.IInputMethodClient$Stub$Proxy@416dc268
I/NetworkThread( 1185): 1333728506858: Received UDP payload: 949
I/Mux     ( 1185): 1333728506871: GOT CSM_Msg
I/NetworkThread( 1185): 1333728506959: Received UDP payload: 949
I/Mux     ( 1185): 1333728506963: GOT CSM_Msg
I/NetworkThread( 1185): 1333728507069: Received UDP payload: 949
I/Mux     ( 1185): 1333728507098: GOT CSM_Msg
I/NetworkThread( 1185): 1333728507162: Received UDP payload: 949
I/Mux     ( 1185): 1333728507168: GOT CSM_Msg
I/NetworkThread( 1185): 1333728507264: Received UDP payload: 949
I/Mux     ( 1185): 1333728507281: GOT CSM_Msg
I/NetworkThread( 1185): 1333728507366: Received UDP payload: 949
I/Mux     ( 1185): 1333728507373: GOT CSM_Msg
I/NetworkThread( 1185): 1333728507467: Received UDP payload: 949
I/Mux     ( 1185): 1333728507477: GOT CSM_Msg
I/NetworkThread( 1185): 1333728507485: Received UDP payload: 949
I/Mux     ( 1185): 1333728507535: GOT CSM_Msg
I/NetworkThread( 1185): 1333728507569: Received UDP payload: 949
I/Mux     ( 1185): 1333728507577: GOT CSM_Msg
D/dalvikvm( 1185): GC_CONCURRENT freed 670K, 33% free 11086K/16327K, paused 4ms+12ms
I/NetworkThread( 1185): 1333728507669: Received UDP payload: 949
I/Mux     ( 1185): 1333728507672: GOT CSM_Msg
I/NetworkThread( 1185): 1333728507713: Received UDP payload: 949
I/Mux     ( 1185): 1333728507718: GOT CSM_Msg
I/NetworkThread( 1185): 1333728507771: Received UDP payload: 949
I/Mux     ( 1185): 1333728507775: GOT CSM_Msg
I/NetworkThread( 1185): 1333728507786: Received UDP payload: 949
I/Mux     ( 1185): 1333728507790: GOT CSM_Msg
I/NetworkThread( 1185): 1333728507874: Received UDP payload: 949
I/Mux     ( 1185): 1333728507882: GOT CSM_Msg
I/NetworkThread( 1185): 1333728507890: Received UDP payload: 949
I/Mux     ( 1185): 1333728507905: GOT CSM_Msg
I/NetworkThread( 1185): 1333728507975: Received UDP payload: 949
I/Mux     ( 1185): 1333728507979: GOT CSM_Msg
I/NetworkThread( 1185): 1333728508078: Received UDP payload: 949
I/Mux     ( 1185): 1333728508094: GOT CSM_Msg
I/NetworkThread( 1185): 1333728508144: Received UDP payload: 949
I/Mux     ( 1185): 1333728508151: GOT CSM_Msg
I/NetworkThread( 1185): 1333728508177: Received UDP payload: 770
I/Mux     ( 1185): 1333728508180: GOT CSM_Msg
I/NetworkThread( 1185): 1333728508192: Received UDP payload: 770
I/Mux     ( 1185): 1333728508196: GOT CSM_Msg
I/NetworkThread( 1185): 1333728508369: Received UDP payload: 406
I/StatusActivity( 1185): 1333728509833: canPressButton = TRUE
I/StatusActivity( 1185): 1333728509836: areButtonsEnabled --> false 
I/StatusActivity( 1185): 1333728509836: get picture disableButtonsR
I/StatusActivity( 1185): 1333728509836: areButtonsEnabled --> false
D/AudioHardware(   81): AudioHardware pcm playback is exiting standby.
D/AudioHardware(   81): openPcmOut_l() mPcmOpenCnt: 0
I/StatusActivity( 1185): 1333728509863: takeNum=9 takeCamGood=9 takeGoodSave=9 takeBad=0 takeTimedout=0 getNum=28 getGood=10 getBad=0 getTimedout=17
I/StatusActivity( 1185): 1333728509863: ** Clicked getphotos Button from region 4 **
I/StatusActivity( 1185): 1333728509864: I'm the Client, and I'm in region: 0 nodID = 5110
I/StatusActivity( 1185): 1333728509864: I'm a nonleader sending my requesting photos packet to my leader
I/VCoreDaemon( 1185): 1333728509865: inside sendPacket(Packet p)
I/NetworkThread( 1185): 1333728509866: Sending UDP payload: 585
I/StatusActivity( 1185): 1333728509867: StatusActivity sent request to get photos for region 4
I/NetworkThread( 1185): 1333728509938: Received UDP payload: 949
I/Mux     ( 1185): 1333728509944: GOT CSM_Msg
D/dalvikvm( 1185): GC_CONCURRENT freed 529K, 32% free 11181K/16327K, paused 41ms+2ms
D/dalvikvm( 1185): GC_CONCURRENT freed 1102K, 35% free 10727K/16327K, paused 13ms+5ms
I/NetworkThread( 1185): 1333728510570: Received UDP payload: 406
I/NetworkThread( 1185): 1333728510605: Received UDP payload: 949
I/Mux     ( 1185): 1333728510614: GOT CSM_Msg
D/dalvikvm( 1185): GC_CONCURRENT freed 148K, 32% free 11137K/16327K, paused 3ms+2ms
I/NetworkThread( 1185): 1333728510709: Received UDP payload: 949
I/Mux     ( 1185): 1333728510713: GOT CSM_Msg
I/NetworkThread( 1185): 1333728510809: Received UDP payload: 949
I/Mux     ( 1185): 1333728510855: GOT CSM_Msg
I/NetworkThread( 1185): 1333728510921: Received UDP payload: 949
I/Mux     ( 1185): 1333728510925: GOT CSM_Msg
D/dalvikvm( 1185): GC_CONCURRENT freed 547K, 32% free 11195K/16327K, paused 2ms+2ms
I/NetworkThread( 1185): 1333728511013: Received UDP payload: 949
I/Mux     ( 1185): 1333728511018: GOT CSM_Msg
I/NetworkThread( 1185): 1333728511116: Received UDP payload: 949
I/Mux     ( 1185): 1333728511158: GOT CSM_Msg
I/NetworkThread( 1185): 1333728511163: Received UDP payload: 949
I/Mux     ( 1185): 1333728511168: GOT CSM_Msg
I/NetworkThread( 1185): 1333728511220: Received UDP payload: 949
I/Mux     ( 1185): 1333728511223: GOT CSM_Msg
I/NetworkThread( 1185): 1333728511251: Received UDP payload: 949
I/Mux     ( 1185): 1333728511258: GOT CSM_Msg
I/NetworkThread( 1185): 1333728511321: Received UDP payload: 949
I/Mux     ( 1185): 1333728511343: GOT CSM_Msg
I/NetworkThread( 1185): 1333728511370: Received UDP payload: 949
I/Mux     ( 1185): 1333728511385: GOT CSM_Msg
I/NetworkThread( 1185): 1333728511427: Received UDP payload: 949
I/Mux     ( 1185): 1333728511436: GOT CSM_Msg
I/NetworkThread( 1185): 1333728511445: Received UDP payload: 949
I/Mux     ( 1185): 1333728511452: GOT CSM_Msg
D/dalvikvm( 1185): GC_CONCURRENT freed 744K, 32% free 11106K/16327K, paused 3ms+5ms
I/NetworkThread( 1185): 1333728511524: Received UDP payload: 949
I/Mux     ( 1185): 1333728511529: GOT CSM_Msg
I/NetworkThread( 1185): 1333728511543: Received UDP payload: 949
I/Mux     ( 1185): 1333728511559: GOT CSM_Msg
I/NetworkThread( 1185): 1333728511625: Received UDP payload: 949
I/Mux     ( 1185): 1333728511630: GOT CSM_Msg
I/NetworkThread( 1185): 1333728511673: Received UDP payload: 949
I/Mux     ( 1185): 1333728511677: GOT CSM_Msg
I/NetworkThread( 1185): 1333728511728: Received UDP payload: 949
I/Mux     ( 1185): 1333728511732: GOT CSM_Msg
I/NetworkThread( 1185): 1333728511832: Received UDP payload: 949
I/Mux     ( 1185): 1333728511866: GOT CSM_Msg
I/NetworkThread( 1185): 1333728511871: Received UDP payload: 949
I/Mux     ( 1185): 1333728511878: GOT CSM_Msg
I/NetworkThread( 1185): 1333728511930: Received UDP payload: 949
I/Mux     ( 1185): 1333728511934: GOT CSM_Msg
I/NetworkThread( 1185): 1333728511946: Received UDP payload: 949
I/Mux     ( 1185): 1333728511950: GOT CSM_Msg
I/NetworkThread( 1185): 1333728512031: Received UDP payload: 770
I/Mux     ( 1185): 1333728512039: GOT CSM_Msg
I/NetworkThread( 1185): 1333728512045: Received UDP payload: 770
I/Mux     ( 1185): 1333728512049: GOT CSM_Msg
D/AudioHardware(   81): AudioHardware pcm playback is going to standby.
D/AudioHardware(   81): closePcmOut_l() mPcmOpenCnt: 1
I/NetworkThread( 1185): 1333728515570: Received UDP payload: 406
I/StatusActivity( 1185): inside buttonsEnableProgressTimeoutR. Perhaps no one is in that region. Try again later!
I/StatusActivity( 1185): Inside _enableButtons
I/StatusActivity( 1185): areButtonsEnabled --> true
I/StatusActivity( 1185): takeNum=9 takeCamGood=9 takeGoodSave=9 takeBad=0 takeTimedout=0 getNum=28 getGood=10 getBad=0 getTimedout=18
W/InputManagerService(  153): Window already focused, ignoring focus gain of: com.android.internal.view.IInputMethodClient$Stub$Proxy@415e9ee0
I/NetworkThread( 1185): 1333728518264: Received UDP payload: 770
I/Mux     ( 1185): 1333728518307: GOT CSM_Msg
I/NetworkThread( 1185): 1333728518316: Received UDP payload: 770
I/Mux     ( 1185): 1333728518324: GOT CSM_Msg
I/StatusActivity( 1185): 1333728519581: canPressButton = TRUE
I/StatusActivity( 1185): 1333728519582: areButtonsEnabled --> false 
I/StatusActivity( 1185): 1333728519582: get picture disableButtonsR
I/StatusActivity( 1185): 1333728519583: areButtonsEnabled --> false
D/AudioHardware(   81): AudioHardware pcm playback is exiting standby.
D/AudioHardware(   81): openPcmOut_l() mPcmOpenCnt: 0
I/StatusActivity( 1185): 1333728519638: takeNum=9 takeCamGood=9 takeGoodSave=9 takeBad=0 takeTimedout=0 getNum=29 getGood=10 getBad=0 getTimedout=18
I/StatusActivity( 1185): 1333728519638: ** Clicked getphotos Button from region 1 **
I/StatusActivity( 1185): 1333728519639: I'm the Client, and I'm in region: 0 nodID = 5110
I/StatusActivity( 1185): 1333728519640: I'm a nonleader sending my requesting photos packet to my leader
I/VCoreDaemon( 1185): 1333728519640: inside sendPacket(Packet p)
I/NetworkThread( 1185): 1333728519642: Sending UDP payload: 585
I/StatusActivity( 1185): 1333728519643: StatusActivity sent request to get photos for region 1
I/NetworkThread( 1185): 1333728519703: Received UDP payload: 949
I/Mux     ( 1185): 1333728519706: GOT CSM_Msg
I/NetworkThread( 1185): 1333728520468: Received UDP payload: 949
I/Mux     ( 1185): 1333728520552: GOT CSM_Msg
I/NetworkThread( 1185): 1333728520557: Received UDP payload: 949
I/Mux     ( 1185): 1333728520569: GOT CSM_Msg
I/NetworkThread( 1185): 1333728520577: Received UDP payload: 406
I/NetworkThread( 1185): 1333728520597: Received UDP payload: 6563
I/Mux     ( 1185): 1333728520606: GOT CSM_Msg
I/NetworkThread( 1185): 1333728520689: Received UDP payload: 6216
I/Mux     ( 1185): 1333728520692: Inside mux Packet.SERVER_REPLY
I/Mux     ( 1185): 1333728520692: I have the photo requester id = 5110 about to display photo or receive upload ack
I/StatusActivity( 1185): 1333728520693: inside Packet.CLIENT_SHOW_REMOTEPHOTOS. Client requested for a photo in a remote region and this is the reply
I/StatusActivity( 1185): 1333728520694: nonleader download remote photo latency = 1053
I/StatusActivity( 1185): 1333728520694: = nonleader download start 1333728519640 ~ stop 1333728520693
I/StatusActivity( 1185): 1333728520696: takeNum=9 takeCamGood=9 takeGoodSave=9 takeBad=0 takeTimedout=0 getNum=29 getGood=11 getBad=0 getTimedout=18
I/StatusActivity( 1185): 1333728520696: Success! Client getting photo from remote region, showing photo...
I/StatusActivity( 1185): 1333728520696: Remote photo's length: 5592
D/dalvikvm( 1185): GC_EXPLICIT freed 863K, 35% free 10697K/16327K, paused 3ms+4ms
I/StatusActivity( 1185): Inside _enableButtons
I/StatusActivity( 1185): areButtonsEnabled --> true
W/InputManagerService(  153): Window already focused, ignoring focus gain of: com.android.internal.view.IInputMethodClient$Stub$Proxy@415b5738
D/AudioHardware(   81): AudioHardware pcm playback is going to standby.
D/AudioHardware(   81): closePcmOut_l() mPcmOpenCnt: 1
I/StatusActivity( 1185): 1333728522972: canPressButton = TRUE
I/StatusActivity( 1185): 1333728522984: areButtonsEnabled --> false 
I/StatusActivity( 1185): 1333728522986: get picture disableButtonsR
I/StatusActivity( 1185): 1333728522988: areButtonsEnabled --> false
D/AudioHardware(   81): AudioHardware pcm playback is exiting standby.
D/AudioHardware(   81): openPcmOut_l() mPcmOpenCnt: 0
I/StatusActivity( 1185): 1333728523017: takeNum=9 takeCamGood=9 takeGoodSave=9 takeBad=0 takeTimedout=0 getNum=30 getGood=11 getBad=0 getTimedout=18
I/StatusActivity( 1185): 1333728523017: ** Clicked getphotos Button from region 0 **
I/StatusActivity( 1185): 1333728523017: I'm the Client, and I'm in region: 0 nodID = 5110
I/StatusActivity( 1185): 1333728523018: I'm a nonleader sending my requesting photos packet to my leader
I/VCoreDaemon( 1185): 1333728523019: inside sendPacket(Packet p)
I/NetworkThread( 1185): 1333728523020: Sending UDP payload: 585
I/StatusActivity( 1185): 1333728523021: StatusActivity sent request to get photos for region 0
I/NetworkThread( 1185): 1333728523075: Received UDP payload: 949
I/Mux     ( 1185): 1333728523095: GOT CSM_Msg
I/NetworkThread( 1185): 1333728523143: Received UDP payload: 3518
I/Mux     ( 1185): 1333728523146: GOT CSM_Msg
I/NetworkThread( 1185): 1333728523171: Received UDP payload: 3171
I/Mux     ( 1185): 1333728523173: Inside mux Packet.SERVER_REPLY
I/Mux     ( 1185): 1333728523173: I have the photo requester id = 5110 about to display photo or receive upload ack
I/StatusActivity( 1185): 1333728523198: inside Packet.CLIENT_SHOW_REMOTEPHOTOS. Client requested for a photo in a remote region and this is the reply
I/StatusActivity( 1185): 1333728523200: nonleader download remote photo latency = 179
I/StatusActivity( 1185): 1333728523201: = nonleader download start 1333728523019 ~ stop 1333728523198
I/StatusActivity( 1185): 1333728523221: takeNum=9 takeCamGood=9 takeGoodSave=9 takeBad=0 takeTimedout=0 getNum=30 getGood=12 getBad=0 getTimedout=18
I/StatusActivity( 1185): 1333728523222: Success! Client getting photo from remote region, showing photo...
I/StatusActivity( 1185): 1333728523222: Remote photo's length: 2547
D/dalvikvm( 1185): GC_CONCURRENT freed 440K, 35% free 10695K/16327K, paused 4ms+3ms
I/NetworkThread( 1185): 1333728523272: Received UDP payload: 406
D/dalvikvm( 1185): GC_EXPLICIT freed 19K, 35% free 10684K/16327K, paused 2ms+3ms
I/StatusActivity( 1185): Inside _enableButtons
I/StatusActivity( 1185): areButtonsEnabled --> true
W/InputManagerService(  153): Window already focused, ignoring focus gain of: com.android.internal.view.IInputMethodClient$Stub$Proxy@414dd1b8
I/NetworkThread( 1185): 1333728525528: Received UDP payload: 949
I/Mux     ( 1185): 1333728525584: GOT CSM_Msg
I/NetworkThread( 1185): 1333728525596: Received UDP payload: 406
I/NetworkThread( 1185): 1333728525629: Received UDP payload: 949
I/Mux     ( 1185): 1333728525633: GOT CSM_Msg
I/NetworkThread( 1185): 1333728525940: Received UDP payload: 949
I/Mux     ( 1185): 1333728525957: GOT CSM_Msg
I/NetworkThread( 1185): 1333728526043: Received UDP payload: 949
I/Mux     ( 1185): 1333728526047: GOT CSM_Msg
D/AudioHardware(   81): AudioHardware pcm playback is going to standby.
D/AudioHardware(   81): closePcmOut_l() mPcmOpenCnt: 1
I/NetworkThread( 1185): 1333728526445: Received UDP payload: 949
I/Mux     ( 1185): 1333728526517: GOT CSM_Msg
I/NetworkThread( 1185): 1333728526546: Received UDP payload: 949
I/Mux     ( 1185): 1333728526572: GOT CSM_Msg
D/dalvikvm( 1185): GC_CONCURRENT freed 427K, 35% free 10690K/16327K, paused 1ms+4ms
I/NetworkThread( 1185): 1333728526903: Received UDP payload: 770
I/Mux     ( 1185): 1333728526919: GOT CSM_Msg
I/StatusActivity( 1185): 1333728527392: canPressButton = TRUE
I/StatusActivity( 1185): 1333728527394: areButtonsEnabled --> false
I/StatusActivity( 1185): 1333728527395: disabling buttons ...
I/StatusActivity( 1185): 1333728527398: took picture disableButtonsR
I/StatusActivity( 1185): 1333728527399: areButtonsEnabled --> false
D/AudioHardware(   81): AudioHardware pcm playback is exiting standby.
D/AudioHardware(   81): openPcmOut_l() mPcmOpenCnt: 0
I/StatusActivity( 1185): 1333728527427: takeNum=10 takeCamGood=9 takeGoodSave=9 takeBad=0 takeTimedout=0 getNum=30 getGood=12 getBad=0 getTimedout=18
I/StatusActivity( 1185): 1333728527428: ** Clicked take picture button **
I/CameraSurfaceView( 1185): inside getCamera()
I/CameraHardwareSec(   81): int android::CameraHardwareSec::previewThreadWrapper(): calling mSecCamera->stopPreview() and waiting
I/SecCamera(   81): int android::fimc_v4l2_querybuf(int, android::fimc_buffer*, v4l2_buf_type) :
I/SecCamera(   81): int android::fimc_v4l2_querybuf(int, android::fimc_buffer*, v4l2_buf_type): buffer->start = 0x44123000 v4l2_buf.length = 4261248
I/CameraHardwareSec(   81): == Camera Sensor Detect S5K4ECGX - Samsung LSI SOC 5M ==
D/JpegEncoder(   81): encode E
D/JpegEncoder(   81): encode X
D/SecCamera(   81): Shutter speed=124942 us, iso=400
D/SecCamera(   81): AV=3, TV=3, SV=7
D/JpegEncoder(   81): makeExif E
D/JpegEncoder(   81): makeExif X
I/SecCamera(   81): int android::SecCamera::endSnapshot() :
I/SecCamera(   81): munmap():virt. addr 0x44123000 size = 4261248
D/dalvikvm( 1185): GC_FOR_ALLOC freed 194K, 36% free 10567K/16327K, paused 18ms
I/dalvikvm-heap( 1185): Grow heap (frag case) to 10.991MB for 628603-byte allocation
D/dalvikvm( 1185): GC_CONCURRENT freed 4K, 32% free 11177K/16327K, paused 1ms+3ms
I/StatusActivity( 1185): 1333728528191: inside HandlePictureStorage onPictureTaken()
I/StatusActivity( 1185): 1333728528191: takeNum=10 takeCamGood=10 takeGoodSave=9 takeBad=0 takeTimedout=0 getNum=30 getGood=12 getBad=0 getTimedout=18
D/CameraHardwareSec(   81): mPreviewHeap(fd(35), size(518400), width(720), height(480))
I/CameraHardwareSec(   81): int android::CameraHardwareSec::previewThreadWrapper(): return from wait
I/StatusActivity( 1185): 1333728528636: Picture successfully taken, ORIG BYTE LENGTH = 628587
D/dalvikvm( 1185): GC_EXPLICIT freed 2K, 32% free 11177K/16327K, paused 3ms+3ms
I/StatusActivity( 1185): 1333728528751: Our new height x width: 240 x 320
I/StatusActivity( 1185): 1333728528751: Show photo from handle my camera take
I/StatusActivity( 1185): 1333728528752: client making photo packet to send to leader for it to save
I/StatusActivity( 1185): 1333728528763: BYTE SIZE AFTER COMPRESSION: 1828
I/StatusActivity( 1185): 1333728528764: about to send my pic
I/StatusActivity( 1185): 1333728528764: I'm a nonleader sending my new photo packet to my leader
I/VCoreDaemon( 1185): 1333728528764: inside sendPacket(Packet p)
I/NetworkThread( 1185): 1333728528765: Sending UDP payload: 2435
I/StatusActivity( 1185): 1333728528767: end of client send picture method
I/NetworkThread( 1185): 1333728528838: Received UDP payload: 2799
I/Mux     ( 1185): 1333728528841: GOT CSM_Msg
I/NetworkThread( 1185): 1333728528855: Received UDP payload: 949
I/Mux     ( 1185): 1333728528859: GOT CSM_Msg
I/NetworkThread( 1185): 1333728528860: Received UDP payload: 602
I/Mux     ( 1185): 1333728528864: Inside mux Packet.SERVER_REPLY
I/Mux     ( 1185): 1333728528864: I have the photo requester id = 5110 about to display photo or receive upload ack
I/StatusActivity( 1185): 1333728528882: inside Packet.CLIENT_UPLOAD_PHOTO_ACK
I/StatusActivity( 1185): 1333728528883: nonleader upload new photo latency = 118
I/StatusActivity( 1185): 1333728528883: = nonleader upload start 1333728528764 ~ stop 1333728528882
I/StatusActivity( 1185): 1333728528884: takeNum=10 takeCamGood=10 takeGoodSave=10 takeBad=0 takeTimedout=0 getNum=30 getGood=12 getBad=0 getTimedout=18
I/StatusActivity( 1185): 1333728528885: SUCCESS! Client now knows saving photo on its leader succeeded
I/StatusActivity( 1185): Inside _enableButtons
I/StatusActivity( 1185): areButtonsEnabled --> true
W/InputManagerService(  153): Window already focused, ignoring focus gain of: com.android.internal.view.IInputMethodClient$Stub$Proxy@41399a30
D/AudioHardware(   81): AudioHardware pcm playback is going to standby.
D/AudioHardware(   81): closePcmOut_l() mPcmOpenCnt: 1
D/dalvikvm( 1293): GC_CONCURRENT freed 398K, 7% free 10033K/10695K, paused 4ms+2ms
I/NetworkThread( 1185): 1333728531151: Received UDP payload: 949
I/Mux     ( 1185): 1333728531197: GOT CSM_Msg
I/NetworkThread( 1185): 1333728531206: Received UDP payload: 2799
I/Mux     ( 1185): 1333728531240: GOT CSM_Msg
I/NetworkThread( 1185): 1333728531250: Received UDP payload: 406
I/StatusActivity( 1185): 1333728531608: .......... GPS onLocationChanged ...... 
I/VCoreDaemon( 1185): 1333728531609: Loc = Location[mProvider=gps,mTime=1333814932000,mLatitude=42.36355269628696,mLongitude=-71.10030189554305,mHasAltitude=true,mAltitude=-23.0,mHasSpeed=true,mSpeed=0.0,mHasBearing=true,mBearing=126.43102,mHasAccuracy=true,mAccuracy=15.0,mExtras=Bundle[mParcelledData.dataSize=4]] Previous Region = (0,0)
I/VCoreDaemon( 1185): 1333728531609: GPS x/long:-71.10030189554305, GPS y/lat: 42.36355269628696. Region width in x: 51.96152422706632
I/VCoreDaemon( 1185): 1333728531609: location PINPOINTS to region = 0.0, previous 0
I/VCoreDaemon( 1185): 1333728531609: stay at region 0
I/StatusActivity( 1185): 1333728533625: .......... GPS onLocationChanged ...... 
I/VCoreDaemon( 1185): 1333728533626: Loc = Location[mProvider=gps,mTime=1333814934000,mLatitude=42.363555386791276,mLongitude=-71.10032037313773,mHasAltitude=true,mAltitude=-17.0,mHasSpeed=true,mSpeed=0.32708544,mHasBearing=true,mBearing=290.07843,mHasAccuracy=true,mAccuracy=10.0,mExtras=Bundle[mParcelledData.dataSize=4]] Previous Region = (0,0)
I/VCoreDaemon( 1185): 1333728533626: GPS x/long:-71.10032037313773, GPS y/lat: 42.363555386791276. Region width in x: 51.96152422706632
I/VCoreDaemon( 1185): 1333728533626: location PINPOINTS to region = 0.0, previous 0
I/VCoreDaemon( 1185): 1333728533627: stay at region 0
D/dalvikvm(  153): GC_CONCURRENT freed 766K, 15% free 12585K/14791K, paused 2ms+6ms
I/NetworkThread( 1185): 1333728536260: Received UDP payload: 406
I/NetworkThread( 1185): 1333728538280: Received UDP payload: 406
I/NetworkThread( 1185): 1333728541258: Received UDP payload: 406
I/NetworkThread( 1185): 1333728543285: Received UDP payload: 406
I/NetworkThread( 1185): 1333728546278: Received UDP payload: 406
I/StatusActivity( 1185): 1333728547622: HI I'm in ONPAUSE()
W/InputManagerService(  153): Starting input on non-focused client com.android.internal.view.IInputMethodClient$Stub$Proxy@4178d2d8 (uid=10065 pid=1185)
D/dalvikvm(  343): GC_FOR_ALLOC freed 3427K, 35% free 12501K/19015K, paused 41ms
D/dalvikvm(  343): GC_CONCURRENT freed 46K, 29% free 13612K/19015K, paused 1ms+3ms
D/dalvikvm(  343): GC_FOR_ALLOC freed 1239K, 31% free 13287K/19015K, paused 46ms
I/CameraSurfaceView( 1185): inside surfaceDestroyed()
I/CameraHardwareSec(   81): int android::CameraHardwareSec::previewThreadWrapper(): calling mSecCamera->stopPreview() and waiting
I/CameraSurfaceView( 1185): inside surfaceDestroyed()
I/CameraHardwareSec(   81): void android::CameraHardwareSec::stopPreviewInternal() : preview not running, doing nothing
I/CameraHardwareSec(   81): int android::CameraHardwareSec::previewThreadWrapper(): return from wait
I/CameraHardwareSec(   81): int android::CameraHardwareSec::previewThreadWrapper(): exiting
W/SecCamera(   81): int android::SecCamera::stopPreview(): doing nothing because m_flag_camera_start is zero
W/SecCamera(   81): int android::SecCamera::stopRecord(): doing nothing because m_flag_record_start is zero
I/SecCamera(   81): DeinitCamera: m_cam_fd(35)
I/SecCamera(   81): DeinitCamera: m_cam_fd2(36)
E/CameraHardwareSec(   81): preview window is NULL!
I/CameraService(   81): Destroying camera 0
I/CameraHardwareSec(   81): int android::HAL_camera_device_close(hw_device_t*)
I/SecCamera(   81): DeinitCamera : already deinitialized
W/AudioFlinger(   81): session id 20 not found for pid 81
W/AudioFlinger(   81): session id 21 not found for pid 81
D/dalvikvm(  343): GC_FOR_ALLOC freed 4K, 24% free 14540K/19015K, paused 102ms
D/dalvikvm(  343): GC_CONCURRENT freed 2008K, 25% free 14332K/19015K, paused 2ms+4ms
I/ActivityManager(  153): No longer want com.google.android.talk (pid 761): hidden #16
D/dalvikvm(  343): GC_CONCURRENT freed 1853K, 26% free 14161K/19015K, paused 6ms+5ms
I/StatusActivity( 1185): 1333728548937: inside onDestroy()
I/Mux     ( 1185): Stop request encountered.
D/Mux     ( 1185): Waiting for VCoreDaemon to stop...
I/VCoreDaemon( 1185): Stop request encountered.
I/VCoreDaemon( 1185): Loop ended, vncDaemon thread exiting
I/StatusActivity( 1185): 1333728548975: no camera to close
I/StatusActivity( 1185): 1333728548976: close everything else
D/dalvikvm(  343): GC_FOR_ALLOC freed 1062K, 27% free 13951K/19015K, paused 59ms
I/dalvikvm-heap(  343): Grow heap (frag case) to 15.354MB for 1742416-byte allocation
D/dalvikvm(  218): GC_FOR_ALLOC freed 494K, 7% free 10336K/11015K, paused 35ms
D/dalvikvm(  343): GC_FOR_ALLOC freed 1K, 18% free 15652K/19015K, paused 22ms
D/dalvikvm(  343): GC_CONCURRENT freed 4K, 18% free 15648K/19015K, paused 2ms+8ms
D/dalvikvm(  343): GC_FOR_ALLOC freed 2461K, 27% free 13950K/19015K, paused 20ms
D/dalvikvm(  343): GC_CONCURRENT freed 677K, 22% free 14867K/19015K, paused 2ms+3ms
I/ActivityManager(  153): Process edu.mit.csail.diplomamatrix (pid 1185) has died.
I/WindowManager(  153): WIN DEATH: Window{41700920 edu.mit.csail.diplomamatrix/edu.mit.csail.diplomamatrix.StatusActivity paused=false}
W/WindowManager(  153): Force-removing child win Window{4171f9d0 SurfaceView paused=false} from container Window{41700920 edu.mit.csail.diplomamatrix/edu.mit.csail.diplomamatrix.StatusActivity paused=false}
W/WindowManager(  153): Failed looking up window
W/WindowManager(  153): java.lang.IllegalArgumentException: Requested window android.os.BinderProxy@417b0ee8 does not exist
W/WindowManager(  153): 	at com.android.server.wm.WindowManagerService.windowForClientLocked(WindowManagerService.java:7156)
W/WindowManager(  153): 	at com.android.server.wm.WindowManagerService.windowForClientLocked(WindowManagerService.java:7147)
W/WindowManager(  153): 	at com.android.server.wm.WindowState$DeathRecipient.binderDied(WindowState.java:1529)
W/WindowManager(  153): 	at android.os.BinderProxy.sendDeathNotice(Binder.java:417)
W/WindowManager(  153): 	at dalvik.system.NativeStart.run(Native Method)
I/WindowManager(  153): WIN DEATH: null
I/GTalkService/c(  444): [AndroidEndpoint@1094539688] connect: acct=1000000, state=CONNECTING
D/dalvikvm(  312): GC_CONCURRENT freed 445K, 6% free 9488K/10055K, paused 7ms+5ms
W/NetworkStats(  153): dropping UID delta from unknown iface: iface=wlan0 uid=0 set=DEFAULT tag=0x0 rxBytes=7060 rxPackets=7 txBytes=0 txPackets=0 operations=0
W/NetworkStats(  153): dropping UID delta from unknown iface: iface=wlan0 uid=10065 set=FOREGROUND tag=0x0 rxBytes=112248 rxPackets=105 txBytes=4915 txPackets=5 operations=0
D/AudioHardware(   81): AudioHardware pcm playback is exiting standby.
D/AudioHardware(   81): openPcmOut_l() mPcmOpenCnt: 0
W/ActivityManager(  153): Activity destroy timeout for ActivityRecord{415f7d88 edu.mit.csail.diplomamatrix/.StatusActivity}
I/GPS     (  153): gps_engine_status_update: called release_wakelock_cb
D/AudioHardware(   81): AudioHardware pcm playback is going to standby.
D/AudioHardware(   81): closePcmOut_l() mPcmOpenCnt: 1
D/dalvikvm(  444): GC_CONCURRENT freed 402K, 6% free 10028K/10567K, paused 7ms+3ms
D/ConnectivityService(  153): handleInetConditionHoldEnd: net=0, condition=100, published condition=0
W/Smack/Packet(  444): notify conn break (IOEx), close connection
D/ConnectivityService(  153): handleInetConditionHoldEnd: net=0, condition=0, published condition=100
W/NetworkStats(  153): dropping UID delta from unknown iface: iface=wlan0 uid=0 set=DEFAULT tag=0x0 rxBytes=1302 rxPackets=3 txBytes=0 txPackets=0 operations=0
D/AudioHardware(   81): AudioHardware pcm playback is exiting standby.
D/AudioHardware(   81): openPcmOut_l() mPcmOpenCnt: 0
I/ActivityManager(  153): START {act=android.intent.action.MAIN cat=[android.intent.category.LAUNCHER] flg=0x10200000 cmp=org.connectbot/.HostListActivity} from pid 343
I/ActivityManager(  153): Start proc org.connectbot for activity org.connectbot/.HostListActivity: pid=1401 uid=10064 gids={3003, 1015}
I/dalvikvm( 1401): Turning on JNI app bug workarounds for target SDK version 11...
D/OpenGLRenderer(  343): Flushing caches (mode 1)
D/dalvikvm(   79): GC_EXPLICIT freed 38K, 4% free 9028K/9347K, paused 7ms+10ms
D/dalvikvm(  153): GC_CONCURRENT freed 778K, 15% free 12680K/14791K, paused 3ms+14ms
D/dalvikvm(   79): GC_EXPLICIT freed <1K, 4% free 9028K/9347K, paused 2ms+11ms
D/dalvikvm(   79): GC_EXPLICIT freed <1K, 4% free 9028K/9347K, paused 2ms+2ms
I/ConnectBot.TerminalManager( 1401): Starting service
I/ConnectBot.TerminalManager( 1401): Someone bound to TerminalManager
D/OpenGLRenderer(  343): Flushing caches (mode 0)
D/ConnectBot.ConnectivityManager( 1401): onReceived() called; noConnectivity? false; isFailover? false
I/ActivityManager(  153): Displayed org.connectbot/.HostListActivity: +586ms
W/InputManagerService(  153): Starting input on non-focused client com.android.internal.view.IInputMethodClient$Stub$Proxy@413db360 (uid=10029 pid=343)
D/dalvikvm(  328): GC_CONCURRENT freed 218K, 4% free 9273K/9607K, paused 2ms+3ms
D/AudioHardware(   81): AudioHardware pcm playback is going to standby.
D/AudioHardware(   81): closePcmOut_l() mPcmOpenCnt: 1
D/NFC JNI (  328): Discovered P2P Target
D/dalvikvm(  328): GC_CONCURRENT freed 517K, 7% free 9203K/9799K, paused 1ms+3ms
D/NfcService(  328): LLCP Activation message
I/NFC JNI (  328): LLCP Link activated (LTO=150, MIU=128, OPTION=0x00, WKS=0x01)
I/NfcP2pLinkManager(  328): LLCP activated
D/NfcP2pLinkManager(  328): onP2pInRange()
D/PermissionCache(   78): checking android.permission.READ_FRAME_BUFFER for uid=1027 => granted (256 us)
D/AudioHardware(   81): AudioHardware pcm playback is exiting standby.
D/AudioHardware(   81): openPcmOut_l() mPcmOpenCnt: 0
D/dalvikvm(  328): GC_FOR_ALLOC freed 119K, 8% free 9111K/9799K, paused 15ms
I/dalvikvm-heap(  328): Grow heap (frag case) to 10.361MB for 1463056-byte allocation
D/dalvikvm(  328): GC_CONCURRENT freed 0K, 7% free 10540K/11271K, paused 2ms+2ms
D/NfcP2pLinkManager(  328): onP2pSendConfirmationRequested()
W/TextureView(  328): A TextureView or a subclass can only be used with hardware acceleration enabled.
D/PhoneStatusBar(  218): disable: < EXPAND* icons alerts ticker system_info back home recent clock >
W/IInputConnectionWrapper( 1401): showStatusIcon on inactive InputConnection
W/InputManagerService(  153): Starting input on non-focused client com.android.internal.view.IInputMethodClient$Stub$Proxy@417806f0 (uid=10064 pid=1401)
D/dalvikvm(  328): GC_FOR_ALLOC freed 3K, 7% free 10552K/11271K, paused 23ms
I/dalvikvm-heap(  328): Grow heap (frag case) to 11.837MB for 1536016-byte allocation
D/dalvikvm(  328): GC_CONCURRENT freed <1K, 6% free 12052K/12807K, paused 2ms+2ms
I/NFC JNI (  328): LLCP Link deactivated
D/NfcService(  328): LLCP Link Deactivated message. Restart polling loop.
I/NfcP2pLinkManager(  328): LLCP deactivated.
D/NfcP2pLinkManager(  328): Debounce timeout
D/NfcP2pLinkManager(  328): onP2pOutOfRange()
D/PhoneStatusBar(  218): disable: < expand* icons alerts ticker system_info back home recent clock >
D/AudioHardware(   81): AudioHardware pcm playback is going to standby.
D/AudioHardware(   81): closePcmOut_l() mPcmOpenCnt: 1
W/IInputConnectionWrapper( 1401): showStatusIcon on inactive InputConnection
W/InputManagerService(  153): Starting input on non-focused client com.android.internal.view.IInputMethodClient$Stub$Proxy@417806f0 (uid=10064 pid=1401)
D/dalvikvm(  343): GC_CONCURRENT freed 3236K, 29% free 13519K/19015K, paused 2ms+4ms
D/dalvikvm(  343): GC_FOR_ALLOC freed 1256K, 31% free 13288K/19015K, paused 40ms
D/dalvikvm(  343): GC_CONCURRENT freed 28K, 24% free 14616K/19015K, paused 2ms+13ms
D/dalvikvm(  343): GC_FOR_ALLOC freed 3254K, 32% free 13073K/19015K, paused 28ms
D/dalvikvm(  343): GC_FOR_ALLOC freed 594K, 30% free 13426K/19015K, paused 24ms
D/dalvikvm(  343): GC_FOR_ALLOC freed 1058K, 31% free 13191K/19015K, paused 26ms
I/ConnectBot.TerminalManager( 1401): Someone unbound from TerminalManager
D/ConnectBot.TerminalManager( 1401): Stopping service immediately
I/ConnectBot.TerminalManager( 1401): Destroying service
D/dalvikvm(  343): GC_FOR_ALLOC freed 1K, 27% free 13946K/19015K, paused 44ms
I/dalvikvm-heap(  343): Grow heap (frag case) to 15.349MB for 1742416-byte allocation
D/dalvikvm(  343): GC_CONCURRENT freed 0K, 18% free 15648K/19015K, paused 2ms+3ms
D/dalvikvm(  343): GC_FOR_ALLOC freed 2460K, 27% free 13951K/19015K, paused 21ms
D/dalvikvm(  343): GC_CONCURRENT freed 675K, 22% free 14867K/19015K, paused 1ms+4ms
I/GTalkService/c(  444): [AndroidEndpoint@1094539688] connect: acct=1000000, state=CONNECTING
W/NetworkStats(  153): dropping UID delta from unknown iface: iface=wlan0 uid=0 set=DEFAULT tag=0x0 rxBytes=37771 rxPackets=36 txBytes=0 txPackets=0 operations=0
D/dalvikvm(  153): GC_CONCURRENT freed 873K, 15% free 12630K/14791K, paused 9ms+5ms
D/ConnectivityService(  153): handleInetConditionHoldEnd: net=0, condition=100, published condition=0
W/NetworkStats(  153): dropping UID delta from unknown iface: iface=wlan0 uid=0 set=DEFAULT tag=0x0 rxBytes=8672 rxPackets=5 txBytes=0 txPackets=0 operations=0
D/dalvikvm(  153): GC_EXPLICIT freed 312K, 15% free 12581K/14791K, paused 2ms+4ms
W/NetworkStats(  153): dropping UID delta from unknown iface: iface=wlan0 uid=0 set=DEFAULT tag=0x0 rxBytes=1666 rxPackets=3 txBytes=0 txPackets=0 operations=0
D/dalvikvm(  218): GC_CONCURRENT freed 416K, 7% free 10304K/11015K, paused 36ms+2ms
W/NetworkStats(  153): dropping UID delta from unknown iface: iface=wlan0 uid=0 set=DEFAULT tag=0x0 rxBytes=132714 rxPackets=91 txBytes=0 txPackets=0 operations=0
I/ActivityManager(  153): START {act=android.search.action.GLOBAL_SEARCH flg=0x10000000 cmp=com.google.android.googlequicksearchbox/.SearchActivity bnds=[5,43][475,103] (has extras)} from pid 343
I/ActivityManager(  153): Start proc com.google.android.googlequicksearchbox for activity com.google.android.googlequicksearchbox/.SearchActivity: pid=1431 uid=10023 gids={3003}
W/ResourceType(  153): Skipping entry 0x7f040000 in package table 0 because it is not complex!
W/ResourceType(  153): Skipping entry 0x7f040001 in package table 0 because it is not complex!
D/OpenGLRenderer(  343): Flushing caches (mode 1)
I/ActivityThread( 1431): Pub com.google.android.googlequicksearchbox.shortcuts: com.google.android.googlequicksearchbox.WebHistoryProvider
I/ActivityThread( 1431): Pub com.google.android.googlequicksearchbox.google: com.google.android.googlequicksearchbox.google.GoogleSuggestionProvider
I/QSB.SearchActivity( 1431): Showing first run cling
D/dalvikvm( 1431): GC_CONCURRENT freed 204K, 4% free 9283K/9607K, paused 3ms+2ms
D/OpenGLRenderer(  343): Flushing caches (mode 0)
D/libEGL  ( 1431): loaded /system/lib/egl/libGLES_android.so
D/libEGL  ( 1431): loaded /vendor/lib/egl/libEGL_POWERVR_SGX540_120.so
D/libEGL  ( 1431): loaded /vendor/lib/egl/libGLESv1_CM_POWERVR_SGX540_120.so
D/libEGL  ( 1431): loaded /vendor/lib/egl/libGLESv2_POWERVR_SGX540_120.so
I/ActivityManager(  153): START {act=android.intent.action.MAIN cat=[android.intent.category.HOME] flg=0x10200000 cmp=com.android.launcher/com.android.launcher2.Launcher} from pid 153
D/OpenGLRenderer( 1431): Enabling debug mode 0
I/ActivityManager(  153): Displayed com.google.android.googlequicksearchbox/.SearchActivity: +701ms
I/QSB.QsbApplication( 1431): allowSuggestionLoginCreation
W/ResourceType(  153): Skipping entry 0x7f050000 in package table 0 because it is not complex!
W/ResourceType(  153): Skipping entry 0x7f050001 in package table 0 because it is not complex!
I/ActivityManager(  153): START {act=android.intent.action.MAIN cat=[android.intent.category.LAUNCHER] flg=0x10200000 cmp=com.google.android.browser/com.android.browser.BrowserActivity bnds=[384,706][480,802]} from pid 343
D/AudioHardware(   81): AudioHardware pcm playback is exiting standby.
D/AudioHardware(   81): openPcmOut_l() mPcmOpenCnt: 0
D/dalvikvm(  286): GC_CONCURRENT freed 136K, 3% free 9734K/9991K, paused 2ms+6ms
D/dalvikvm(  153): GC_CONCURRENT freed 614K, 14% free 12819K/14791K, paused 6ms+19ms
I/ActivityManager(  153): Start proc com.google.android.partnersetup for content provider com.google.android.partnersetup/.RlzAppProvider: pid=1453 uid=10022 gids={3003}
I/ActivityThread( 1453): Pub com.google.android.partnersetup.rlzprovider: com.google.android.partnersetup.RlzProvider
I/ActivityThread( 1453): Pub com.google.android.partnersetup.rlzappprovider: com.google.android.partnersetup.RlzAppProvider
I/ActivityManager(  153): Start proc com.google.android.browser for activity com.google.android.browser/com.android.browser.BrowserActivity: pid=1468 uid=10004 gids={3003, 1015}
I/ActivityThread( 1468): Pub com.android.browser.home: com.android.browser.homepages.HomeProvider
I/ActivityThread( 1468): Pub com.android.browser.snapshots: com.android.browser.provider.SnapshotProvider
I/ActivityThread( 1468): Pub com.android.browser;browser: com.android.browser.provider.BrowserProvider2
D/OpenGLRenderer(  343): Flushing caches (mode 1)
D/OpenGLRenderer(  343): Flushing caches (mode 0)
D/dalvikvm( 1468): GC_CONCURRENT freed 282K, 4% free 9232K/9607K, paused 4ms+2ms
D/androidNetworkLocationListeners(  444): Still have listener com.google.android.location.internal.client.NetworkLocationClient$1@4138ca98
D/WifiLocator(  444): Too many no-location APs. Will not compute a location nor go to the server. hasLocation=0 noLocation=0 cacheMiss=0
D/CellLocator(  444): Primary cell miss in cache. Need server request.
D/androidNetworkLocationListeners(  444): Still have listener com.google.android.location.internal.client.NetworkLocationClient$1@4138ca98
I/System.out(  444): [INFO:2292958]: LogSource: Running flush
I/System.out(  444): [INFO:2292965]: LogSource: Sending payload [bytes=335]
D/WifiLocator(  444): Too many no-location APs. Will not compute a location nor go to the server. hasLocation=0 noLocation=0 cacheMiss=0
D/CellLocator(  444): Primary cell miss in cache. Need server request.
E/libEGL  ( 1468): call to OpenGL ES API with no current context (logged once per thread)
D/ShaderProgram( 1468): couldn't load the vertex shader!
E/libEGL  ( 1468): call to OpenGL ES API with no current context (logged once per thread)
D/ShaderProgram( 1468): couldn't load the vertex shader!
E/libEGL  ( 1468): call to OpenGL ES API with no current context (logged once per thread)
D/ShaderProgram( 1468): couldn't load the vertex shader!
E/libEGL  ( 1468): call to OpenGL ES API with no current context (logged once per thread)
D/ShaderProgram( 1468): couldn't load the vertex shader!
E/libEGL  ( 1468): call to OpenGL ES API with no current context (logged once per thread)
D/ShaderProgram( 1468): couldn't load the vertex shader!
D/WebViewTimersControl( 1468): onBrowserActivityResume
D/WebViewTimersControl( 1468): Resuming webview timers, view=com.android.browser.BrowserWebView@413a3cb0
W/BaseUi  ( 1468): mMainView is already attached to wrapper in attachTabToContentView!
W/BaseUi  ( 1468): mContainer is already attached to content in attachTabToContentView!
I/ActivityManager(  153): Start proc android.process.acore for content provider com.android.providers.applications/.ApplicationsProvider: pid=1500 uid=10000 gids={3003, 1015}
I/ActivityThread( 1500): Pub com.android.voicemail: com.android.providers.contacts.VoicemailContentProvider
I/ActivityThread( 1500): Pub user_dictionary: com.android.providers.userdictionary.UserDictionaryProvider
I/ActivityThread( 1500): Pub com.android.social: com.android.providers.contacts.SocialProvider
I/ActivityThread( 1500): Pub applications: com.android.providers.applications.ApplicationsProvider
I/ActivityThread( 1500): Pub contacts;com.android.contacts: com.android.providers.contacts.ContactsProvider2
I/ActivityThread( 1500): Pub call_log: com.android.providers.contacts.CallLogProvider
D/dalvikvm( 1468): GC_CONCURRENT freed 114K, 2% free 9675K/9863K, paused 10ms+3ms
D/dalvikvm( 1500): GC_CONCURRENT freed 196K, 4% free 9279K/9607K, paused 2ms+5ms
D/libEGL  ( 1468): loaded /system/lib/egl/libGLES_android.so
D/libEGL  ( 1468): loaded /vendor/lib/egl/libEGL_POWERVR_SGX540_120.so
D/libEGL  ( 1468): loaded /vendor/lib/egl/libGLESv1_CM_POWERVR_SGX540_120.so
D/libEGL  ( 1468): loaded /vendor/lib/egl/libGLESv2_POWERVR_SGX540_120.so
D/OpenGLRenderer( 1431): Flushing caches (mode 1)
I/LatinIME(  286): InputType.TYPE_NULL is specified
W/LatinIME(  286): Unexpected input class: inputType=0x00000000 imeOptions=0x00000000
W/InputManagerService(  153): Starting input on non-focused client com.android.internal.view.IInputMethodClient$Stub$Proxy@41735210 (uid=10023 pid=1431)
I/ActivityManager(  153): No longer want com.google.android.deskclock (pid 556): hidden #16
D/dalvikvm(  286): GC_CONCURRENT freed 346K, 5% free 9953K/10375K, paused 1ms+3ms
D/OpenGLRenderer( 1468): Enabling debug mode 0
D/dalvikvm( 1431): GC_CONCURRENT freed 337K, 5% free 9474K/9927K, paused 3ms+7ms
W/webcore ( 1468): java.lang.Throwable: EventHub.removeMessages(int what = 107) is not supported before the WebViewCore is set up.
W/webcore ( 1468): 	at android.webkit.WebViewCore$EventHub.removeMessages(WebViewCore.java:1683)
W/webcore ( 1468): 	at android.webkit.WebViewCore$EventHub.access$7900(WebViewCore.java:926)
W/webcore ( 1468): 	at android.webkit.WebViewCore.removeMessages(WebViewCore.java:1795)
W/webcore ( 1468): 	at android.webkit.WebView.sendOurVisibleRect(WebView.java:2917)
W/webcore ( 1468): 	at android.webkit.ZoomManager.setZoomScale(ZoomManager.java:593)
W/webcore ( 1468): 	at android.webkit.ZoomManager.access$1700(ZoomManager.java:49)
W/webcore ( 1468): 	at android.webkit.ZoomManager$PostScale.run(ZoomManager.java:984)
W/webcore ( 1468): 	at android.os.Handler.handleCallback(Handler.java:605)
W/webcore ( 1468): 	at android.os.Handler.dispatchMessage(Handler.java:92)
W/webcore ( 1468): 	at android.os.Looper.loop(Looper.java:137)
W/webcore ( 1468): 	at android.app.ActivityThread.main(ActivityThread.java:4424)
W/webcore ( 1468): 	at java.lang.reflect.Method.invokeNative(Native Method)
