D/RPC     (  443): 3000008c:00050000 dispatching RPC call (XID 1574, xdr 0x45c828) for callback client 3100008c:00050001.
D/RPC     (  443): 3100008c:327681 sending RPC reply (XID 1574)
D/RPC     (  443): 3000008c:00050000 received CALL.
D/RPC     (  443): 3000008c:00050000 dispatching RPC call (XID 1575, xdr 0x45c828) for callback client 3100008c:00050001.
E/power   (  443): release_wake_lock g_error=2 
E/power   (  443): acquire_wake_lock g_error=2 
E/power   (  443): release_wake_lock g_error=2 
E/power   (  443): acquire_wake_lock g_error=2 
D/RPC     (  443): 3100008c:327681 sending RPC reply (XID 1575)
D/RPC     (  443): 3000008c:00050000 received CALL.
D/RPC     (  443): 3000008c:00050000 dispatching RPC call (XID 1576, xdr 0x45c828) for callback client 3100008c:00050001.
D/RPC     (  443): 3100008c:327681 sending RPC reply (XID 1576)
D/RPC     (  443): 3000008c:00050000 received CALL.
D/RPC     (  443): 3000008c:00050000 dispatching RPC call (XID 1577, xdr 0x45c828) for callback client 3100008c:00050001.
E/power   (  443): acquire_wake_lock g_error=2 
E/power   (  443): release_wake_lock g_error=2 
D/dalvikvm( 2294): GC_CONCURRENT freed 630K, 42% free 3754K/6471K, external 258K/1281K, paused 5ms+2ms
E/power   (  443): release_wake_lock g_error=2 
I/NetworkThread( 2294): 1333059497689: Sending UDP payload: 37843
D/RPC     (  443): 3100008c:327681 sending RPC reply (XID 1577)
D/RPC     (  443): 3000008c:00050000 received CALL.
D/RPC     (  443): 3000008c:00050000 dispatching RPC call (XID 1578, xdr 0x45c828) for callback client 3100008c:00050001.
D/RPC     (  443): 3100008c:327681 sending RPC reply (XID 1578)
E/power   (  443): acquire_wake_lock g_error=2 
E/power   (  443): release_wake_lock g_error=2 
E/power   (  443): acquire_wake_lock g_error=2 
E/power   (  443): release_wake_lock g_error=2 
E/power   (  443): acquire_wake_lock g_error=2 
E/power   (  443): release_wake_lock g_error=2 
E/power   (  443): acquire_wake_lock g_error=2 
E/power   (  443): release_wake_lock g_error=2 
D/RPC     (  443): 3000008c:00050000 received CALL.
D/RPC     (  443): 3000008c:00050000 dispatching RPC call (XID 1579, xdr 0x45c828) for callback client 3100008c:00050001.
D/RPC     (  443): 3100008c:327681 sending RPC reply (XID 1579)
D/RPC     (  443): 3000008c:00050000 received CALL.
D/RPC     (  443): 3000008c:00050000 dispatching RPC call (XID 1580, xdr 0x45c828) for callback client 3100008c:00050001.
D/RPC     (  443): 3100008c:327681 sending RPC reply (XID 1580)
D/RPC     (  443): 3000008c:00050000 received CALL.
D/RPC     (  443): 3000008c:00050000 dispatching RPC call (XID 1581, xdr 0x45c828) for callback client 3100008c:00050001.
D/RPC     (  443): 3100008c:327681 sending RPC reply (XID 1581)
D/RPC     (  443): 3000008c:00050000 received CALL.
D/RPC     (  443): 3000008c:00050000 dispatching RPC call (XID 1582, xdr 0x45c828) for callback client 3100008c:00050001.
D/RPC     (  443): 3100008c:327681 sending RPC reply (XID 1582)
D/AudioHardwareMSM8660(  325): AudioStreamOutMSM72xx::standby()
D/AudioHardwareMSM8660(  325): Deroute pcm stream
D/AudioHardwareMSM8660(  325): value of device and enable is 2 0 ALSA dev id:2
E/power   (  443): acquire_wake_lock g_error=2 
E/power   (  443): release_wake_lock g_error=2 
D/RPC     (  443): 3000008c:00050000 received CALL.
D/RPC     (  443): 3000008c:00050000 dispatching RPC call (XID 1583, xdr 0x45c828) for callback client 3100008c:00050001.
D/RPC     (  443): 3100008c:327681 sending RPC reply (XID 1583)
I/WindowOrientationListener(  443): orientation = 342 Tilt = 32 -- -2 ,  7 ,  5
E/power   (  443): acquire_wake_lock g_error=2 
E/power   (  443): release_wake_lock g_error=2 
E/power   (  443): acquire_wake_lock g_error=2 
E/power   (  443): release_wake_lock g_error=2 
E/power   (  443): acquire_wake_lock g_error=2 
D/RPC     (  443): 3000008c:00050000 received CALL.
D/RPC     (  443): 3000008c:00050000 dispatching RPC call (XID 1584, xdr 0x45c828) for callback client 3100008c:00050001.
D/RPC     (  443): 3100008c:327681 sending RPC reply (XID 1584)
D/RPC     (  443): 3000008c:00050000 received CALL.
D/RPC     (  443): 3000008c:00050000 dispatching RPC call (XID 1585, xdr 0x45c828) for callback client 3100008c:00050001.
D/RPC     (  443): 3100008c:327681 sending RPC reply (XID 1585)
D/RPC     (  443): 3000008c:00050000 received CALL.
D/RPC     (  443): 3000008c:00050000 dispatching RPC call (XID 1586, xdr 0x45c828) for callback client 3100008c:00050001.
E/power   (  443): release_wake_lock g_error=2 
E/power   (  443): acquire_wake_lock g_error=2 
E/power   (  443): acquire_wake_lock g_error=2 
E/power   (  443): release_wake_lock g_error=2 
D/RPC     (  443): 3100008c:327681 sending RPC reply (XID 1586)
D/RPC     (  443): 3000008c:00050000 received CALL.
D/RPC     (  443): 3000008c:00050000 dispatching RPC call (XID 1587, xdr 0x45c828) for callback client 3100008c:00050001.
D/RPC     (  443): 3100008c:327681 sending RPC reply (XID 1587)
D/RPC     (  443): 3000008c:00050000 received CALL.
E/power   (  443): release_wake_lock g_error=2 
E/power   (  443): acquire_wake_lock g_error=2 
E/power   (  443): release_wake_lock g_error=2 
E/power   (  443): acquire_wake_lock g_error=2 
D/RPC     (  443): 3000008c:00050000 dispatching RPC call (XID 1588, xdr 0x45c828) for callback client 3100008c:00050001.
D/RPC     (  443): 3100008c:327681 sending RPC reply (XID 1588)
D/RPC     (  443): 3000008c:00050000 received CALL.
D/RPC     (  443): 3000008c:00050000 dispatching RPC call (XID 1589, xdr 0x45c828) for callback client 3100008c:00050001.
D/RPC     (  443): 3100008c:327681 sending RPC reply (XID 1589)
D/RPC     (  443): 3000008c:00050000 received CALL.
D/RPC     (  443): 3000008c:00050000 dispatching RPC call (XID 1590, xdr 0x45c828) for callback client 3100008c:00050001.
E/power   (  443): acquire_wake_lock g_error=2 
E/power   (  443): release_wake_lock g_error=2 
E/power   (  443): release_wake_lock g_error=2 
E/power   (  443): acquire_wake_lock g_error=2 
D/RPC     (  443): 3100008c:327681 sending RPC reply (XID 1590)
D/RPC     (  443): 3000008c:00050000 received CALL.
D/RPC     (  443): 3000008c:00050000 dispatching RPC call (XID 1591, xdr 0x45c828) for callback client 3100008c:00050001.
D/RPC     (  443): 3100008c:327681 sending RPC reply (XID 1591)
D/RPC     (  443): 3000008c:00050000 received CALL.
D/RPC     (  443): 3000008c:00050000 dispatching RPC call (XID 1592, xdr 0x45c828) for callback client 3100008c:00050001.
D/RPC     (  443): 3100008c:327681 sending RPC reply (XID 1592)
E/power   (  443): acquire_wake_lock g_error=2 
E/power   (  443): release_wake_lock g_error=2 
E/power   (  443): release_wake_lock g_error=2 
D/RPC     (  443): 3000008c:00050000 received CALL.
D/RPC     (  443): 3000008c:00050000 dispatching RPC call (XID 1593, xdr 0x45c828) for callback client 3100008c:00050001.
D/RPC     (  443): 3100008c:327681 sending RPC reply (XID 1593)
E/power   (  443): acquire_wake_lock g_error=2 
D/RPC     (  443): 3000008c:00050000 received CALL.
D/RPC     (  443): 3000008c:00050000 dispatching RPC call (XID 1594, xdr 0x45c828) for callback client 3100008c:00050001.
D/RPC     (  443): 3100008c:327681 sending RPC reply (XID 1594)
E/power   (  443): release_wake_lock g_error=2 
I/WindowOrientationListener(  443): orientation = 342 Tilt = 32 -- -2 ,  7 ,  5
E/power   (  443): acquire_wake_lock g_error=2 
E/power   (  443): release_wake_lock g_error=2 
E/power   (  443): acquire_wake_lock g_error=2 
E/power   (  443): release_wake_lock g_error=2 
D/RPC     (  443): 3000008c:00050000 received CALL.
D/RPC     (  443): 3000008c:00050000 dispatching RPC call (XID 1595, xdr 0x45c828) for callback client 3100008c:00050001.
D/RPC     (  443): 3100008c:327681 sending RPC reply (XID 1595)
D/RPC     (  443): 3000008c:00050000 received CALL.
D/RPC     (  443): 3000008c:00050000 dispatching RPC call (XID 1596, xdr 0x45c828) for callback client 3100008c:00050001.
D/RPC     (  443): 3100008c:327681 sending RPC reply (XID 1596)
E/power   (  443): acquire_wake_lock g_error=2 
E/power   (  443): acquire_wake_lock g_error=2 
E/power   (  443): release_wake_lock g_error=2 
D/RPC     (  443): 3000008c:00050000 received CALL.
D/RPC     (  443): 3000008c:00050000 dispatching RPC call (XID 1597, xdr 0x45c828) for callback client 3100008c:00050001.
D/RPC     (  443): 3100008c:327681 sending RPC reply (XID 1597)
D/RPC     (  443): 3000008c:00050000 received CALL.
D/RPC     (  443): 3000008c:00050000 dispatching RPC call (XID 1598, xdr 0x45c828) for callback client 3100008c:00050001.
E/power   (  443): release_wake_lock g_error=2 
E/power   (  443): acquire_wake_lock g_error=2 
E/power   (  443): release_wake_lock g_error=2 
E/power   (  443): acquire_wake_lock g_error=2 
D/RPC     (  443): 3100008c:327681 sending RPC reply (XID 1598)
D/RPC     (  443): 3000008c:00050000 received CALL.
D/RPC     (  443): 3000008c:00050000 dispatching RPC call (XID 1599, xdr 0x45c828) for callback client 3100008c:00050001.
D/RPC     (  443): 3100008c:327681 sending RPC reply (XID 1599)
D/RPC     (  443): 3000008c:00050000 received CALL.
D/RPC     (  443): 3000008c:00050000 dispatching RPC call (XID 1600, xdr 0x45c828) for callback client 3100008c:00050001.
E/power   (  443): release_wake_lock g_error=2 
E/power   (  443): acquire_wake_lock g_error=2 
E/power   (  443): release_wake_lock g_error=2 
E/power   (  443): acquire_wake_lock g_error=2 
D/RPC     (  443): 3100008c:327681 sending RPC reply (XID 1600)
D/RPC     (  443): 3000008c:00050000 received CALL.
D/RPC     (  443): 3000008c:00050000 dispatching RPC call (XID 1601, xdr 0x45c828) for callback client 3100008c:00050001.
D/RPC     (  443): 3100008c:327681 sending RPC reply (XID 1601)
D/RPC     (  443): 3000008c:00050000 received CALL.
D/RPC     (  443): 3000008c:00050000 dispatching RPC call (XID 1602, xdr 0x45c828) for callback client 3100008c:00050001.
E/power   (  443): acquire_wake_lock g_error=2 
E/power   (  443): release_wake_lock g_error=2 
E/power   (  443): release_wake_lock g_error=2 
E/power   (  443): acquire_wake_lock g_error=2 
D/RPC     (  443): 3100008c:327681 sending RPC reply (XID 1602)
D/RPC     (  443): 3000008c:00050000 received CALL.
D/RPC     (  443): 3000008c:00050000 dispatching RPC call (XID 1603, xdr 0x45c828) for callback client 3100008c:00050001.
D/RPC     (  443): 3100008c:327681 sending RPC reply (XID 1603)
D/RPC     (  443): 3000008c:00050000 received CALL.
D/RPC     (  443): 3000008c:00050000 dispatching RPC call (XID 1604, xdr 0x45c828) for callback client 3100008c:00050001.
E/power   (  443): release_wake_lock g_error=2 
D/RPC     (  443): 3100008c:327681 sending RPC reply (XID 1604)
E/power   (  443): acquire_wake_lock g_error=2 
E/power   (  443): release_wake_lock g_error=2 
D/RPC     (  443): 3000008c:00050000 received CALL.
D/RPC     (  443): 3000008c:00050000 dispatching RPC call (XID 1605, xdr 0x45c828) for callback client 3100008c:00050001.
D/RPC     (  443): 3100008c:327681 sending RPC reply (XID 1605)
I/WindowOrientationListener(  443): orientation = 343 Tilt = 30 -- -2 ,  7 ,  4
E/power   (  443): acquire_wake_lock g_error=2 
E/power   (  443): release_wake_lock g_error=2 
E/power   (  443): acquire_wake_lock g_error=2 
D/RPC     (  443): 3000008c:00050000 received CALL.
D/RPC     (  443): 3000008c:00050000 dispatching RPC call (XID 1606, xdr 0x45c828) for callback client 3100008c:00050001.
D/RPC     (  443): 3100008c:327681 sending RPC reply (XID 1606)
D/RPC     (  443): 3000008c:00050000 received CALL.
E/power   (  443): acquire_wake_lock g_error=2 
E/power   (  443): release_wake_lock g_error=2 
E/power   (  443): release_wake_lock g_error=2 
E/power   (  443): acquire_wake_lock g_error=2 
D/RPC     (  443): 3000008c:00050000 dispatching RPC call (XID 1607, xdr 0x45c828) for callback client 3100008c:00050001.
D/RPC     (  443): 3100008c:327681 sending RPC reply (XID 1607)
D/RPC     (  443): 3000008c:00050000 received CALL.
D/RPC     (  443): 3000008c:00050000 dispatching RPC call (XID 1608, xdr 0x45c828) for callback client 3100008c:00050001.
D/RPC     (  443): 3100008c:327681 sending RPC reply (XID 1608)
D/RPC     (  443): 3000008c:00050000 received CALL.
D/RPC     (  443): 3000008c:00050000 dispatching RPC call (XID 1609, xdr 0x45c828) for callback client 3100008c:00050001.
E/power   (  443): acquire_wake_lock g_error=2 
E/power   (  443): release_wake_lock g_error=2 
E/power   (  443): release_wake_lock g_error=2 
E/power   (  443): acquire_wake_lock g_error=2 
E/power   (  443): release_wake_lock g_error=2 
D/RPC     (  443): 3100008c:327681 sending RPC reply (XID 1609)
D/RPC     (  443): 3000008c:00050000 received CALL.
D/RPC     (  443): 3000008c:00050000 dispatching RPC call (XID 1610, xdr 0x45c828) for callback client 3100008c:00050001.
D/RPC     (  443): 3100008c:327681 sending RPC reply (XID 1610)
D/RPC     (  443): 3000008c:00050000 received CALL.
D/RPC     (  443): 3000008c:00050000 dispatching RPC call (XID 1611, xdr 0x45c828) for callback client 3100008c:00050001.
D/RPC     (  443): 3100008c:327681 sending RPC reply (XID 1611)
E/power   (  443): acquire_wake_lock g_error=2 
E/power   (  443): acquire_wake_lock g_error=2 
E/power   (  443): release_wake_lock g_error=2 
D/RPC     (  443): 3000008c:00050000 received CALL.
D/RPC     (  443): 3000008c:00050000 dispatching RPC call (XID 1612, xdr 0x45c828) for callback client 3100008c:00050001.
D/RPC     (  443): 3100008c:327681 sending RPC reply (XID 1612)
D/RPC     (  443): 3000008c:00050000 received CALL.
D/RPC     (  443): 3000008c:00050000 dispatching RPC call (XID 1613, xdr 0x45c828) for callback client 3100008c:00050001.
E/power   (  443): release_wake_lock g_error=2 
E/power   (  443): acquire_wake_lock g_error=2 
E/power   (  443): release_wake_lock g_error=2 
E/power   (  443): acquire_wake_lock g_error=2 
D/RPC     (  443): 3100008c:327681 sending RPC reply (XID 1613)
D/RPC     (  443): 3000008c:00050000 received CALL.
D/RPC     (  443): 3000008c:00050000 dispatching RPC call (XID 1614, xdr 0x45c828) for callback client 3100008c:00050001.
D/RPC     (  443): 3100008c:327681 sending RPC reply (XID 1614)
D/RPC     (  443): 3000008c:00050000 received CALL.
D/RPC     (  443): 3000008c:00050000 dispatching RPC call (XID 1615, xdr 0x45c828) for callback client 3100008c:00050001.
E/power   (  443): release_wake_lock g_error=2 
D/RPC     (  443): 3100008c:327681 sending RPC reply (XID 1615)
E/power   (  443): acquire_wake_lock g_error=2 
E/power   (  443): release_wake_lock g_error=2 
D/RPC     (  443): 3000008c:00050000 received CALL.
D/RPC     (  443): 3000008c:00050000 dispatching RPC call (XID 1616, xdr 0x45c828) for callback client 3100008c:00050001.
D/RPC     (  443): 3100008c:327681 sending RPC reply (XID 1616)
I/WindowOrientationListener(  443): orientation = 346 Tilt = 34 -- -1 ,  7 ,  5
W/PowerManagerService(  443): Timer 0x7->0x3|0x1
I/PowerManagerService(  443): Ulight 7->3|0
D/PowerManagerService(  443): setLightBrightness : mButtonLight : 0
E/power   (  443): acquire_wake_lock g_error=2 
E/power   (  443): release_wake_lock g_error=2 
E/power   (  443): acquire_wake_lock g_error=2 
D/RPC     (  443): 3000008c:00050000 received CALL.
D/RPC     (  443): 3000008c:00050000 dispatching RPC call (XID 1617, xdr 0x45c828) for callback client 3100008c:00050001.
D/RPC     (  443): 3100008c:327681 sending RPC reply (XID 1617)
E/power   (  443): release_wake_lock g_error=2 
E/power   (  443): acquire_wake_lock g_error=2 
E/power   (  443): release_wake_lock g_error=2 
E/power   (  443): acquire_wake_lock g_error=2 
D/RPC     (  443): 3000008c:00050000 received CALL.
D/RPC     (  443): 3000008c:00050000 dispatching RPC call (XID 1618, xdr 0x45c828) for callback client 3100008c:00050001.
D/RPC     (  443): 3100008c:327681 sending RPC reply (XID 1618)
D/RPC     (  443): 3000008c:00050000 received CALL.
D/RPC     (  443): 3000008c:00050000 dispatching RPC call (XID 1619, xdr 0x45c828) for callback client 3100008c:00050001.
D/RPC     (  443): 3100008c:327681 sending RPC reply (XID 1619)
D/RPC     (  443): 3000008c:00050000 received CALL.
D/RPC     (  443): 3000008c:00050000 dispatching RPC call (XID 1620, xdr 0x45c828) for callback client 3100008c:00050001.
E/power   (  443): release_wake_lock g_error=2 
E/power   (  443): acquire_wake_lock g_error=2 
E/power   (  443): release_wake_lock g_error=2 
E/power   (  443): acquire_wake_lock g_error=2 
D/RPC     (  443): 3100008c:327681 sending RPC reply (XID 1620)
D/RPC     (  443): 3000008c:00050000 received CALL.
D/RPC     (  443): 3000008c:00050000 dispatching RPC call (XID 1621, xdr 0x45c828) for callback client 3100008c:00050001.
D/RPC     (  443): 3100008c:327681 sending RPC reply (XID 1621)
D/RPC     (  443): 3000008c:00050000 received CALL.
D/RPC     (  443): 3000008c:00050000 dispatching RPC call (XID 1622, xdr 0x45c828) for callback client 3100008c:00050001.
D/RPC     (  443): 3100008c:327681 sending RPC reply (XID 1622)
E/power   (  443): acquire_wake_lock g_error=2 
E/power   (  443): release_wake_lock g_error=2 
E/power   (  443): release_wake_lock g_error=2 
E/power   (  443): acquire_wake_lock g_error=2 
E/power   (  443): release_wake_lock g_error=2 
D/RPC     (  443): 3000008c:00050000 received CALL.
D/RPC     (  443): 3000008c:00050000 dispatching RPC call (XID 1623, xdr 0x45c828) for callback client 3100008c:00050001.
D/RPC     (  443): 3100008c:327681 sending RPC reply (XID 1623)
D/RPC     (  443): 3000008c:00050000 received CALL.
D/RPC     (  443): 3000008c:00050000 dispatching RPC call (XID 1624, xdr 0x45c828) for callback client 3100008c:00050001.
D/RPC     (  443): 3100008c:327681 sending RPC reply (XID 1624)
E/power   (  443): acquire_wake_lock g_error=2 
E/power   (  443): release_wake_lock g_error=2 
E/power   (  443): acquire_wake_lock g_error=2 
D/RPC     (  443): 3000008c:00050000 received CALL.
D/RPC     (  443): 3000008c:00050000 dispatching RPC call (XID 1625, xdr 0x45c828) for callback client 3100008c:00050001.
D/RPC     (  443): 3100008c:327681 sending RPC reply (XID 1625)
D/RPC     (  443): 3000008c:00050000 received CALL.
D/RPC     (  443): 3000008c:00050000 dispatching RPC call (XID 1626, xdr 0x45c828) for callback client 3100008c:00050001.
E/power   (  443): release_wake_lock g_error=2 
D/RPC     (  443): 3100008c:327681 sending RPC reply (XID 1626)
E/power   (  443): acquire_wake_lock g_error=2 
E/power   (  443): release_wake_lock g_error=2 
D/RPC     (  443): 3000008c:00050000 received CALL.
D/RPC     (  443): 3000008c:00050000 dispatching RPC call (XID 1627, xdr 0x45c828) for callback client 3100008c:00050001.
D/RPC     (  443): 3100008c:327681 sending RPC reply (XID 1627)
I/WindowOrientationListener(  443): orientation = 346 Tilt = 34 -- -1 ,  7 ,  5
E/power   (  443): acquire_wake_lock g_error=2 
E/power   (  443): release_wake_lock g_error=2 
E/power   (  443): acquire_wake_lock g_error=2 
D/RPC     (  443): 3000008c:00050000 received CALL.
D/RPC     (  443): 3000008c:00050000 dispatching RPC call (XID 1628, xdr 0x45c828) for callback client 3100008c:00050001.
D/RPC     (  443): 3100008c:327681 sending RPC reply (XID 1628)
D/RPC     (  443): 3000008c:00050000 received CALL.
D/RPC     (  443): 3000008c:00050000 dispatching RPC call (XID 1629, xdr 0x45c828) for callback client 3100008c:00050001.
E/power   (  443): acquire_wake_lock g_error=2 
E/power   (  443): release_wake_lock g_error=2 
E/power   (  443): release_wake_lock g_error=2 
E/power   (  443): acquire_wake_lock g_error=2 
E/power   (  443): release_wake_lock g_error=2 
D/RPC     (  443): 3100008c:327681 sending RPC reply (XID 1629)
D/RPC     (  443): 3000008c:00050000 received CALL.
D/RPC     (  443): 3000008c:00050000 dispatching RPC call (XID 1630, xdr 0x45c828) for callback client 3100008c:00050001.
D/RPC     (  443): 3100008c:327681 sending RPC reply (XID 1630)
D/RPC     (  443): 3000008c:00050000 received CALL.
D/RPC     (  443): 3000008c:00050000 dispatching RPC call (XID 1631, xdr 0x45c828) for callback client 3100008c:00050001.
D/RPC     (  443): 3100008c:327681 sending RPC reply (XID 1631)
E/power   (  443): acquire_wake_lock g_error=2 
D/RPC     (  443): 3000008c:00050000 received CALL.
D/RPC     (  443): 3000008c:00050000 dispatching RPC call (XID 1632, xdr 0x45c828) for callback client 3100008c:00050001.
E/power   (  443): acquire_wake_lock g_error=2 
E/power   (  443): release_wake_lock g_error=2 
D/RPC     (  443): 3100008c:327681 sending RPC reply (XID 1632)
D/RPC     (  443): 3000008c:00050000 received CALL.
D/RPC     (  443): 3000008c:00050000 dispatching RPC call (XID 1633, xdr 0x45c828) for callback client 3100008c:00050001.
D/RPC     (  443): 3100008c:327681 sending RPC reply (XID 1633)
E/power   (  443): acquire_wake_lock g_error=2 
E/power   (  443): release_wake_lock g_error=2 
E/power   (  443): release_wake_lock g_error=2 
E/power   (  443): acquire_wake_lock g_error=2 
E/power   (  443): release_wake_lock g_error=2 
E/power   (  443): acquire_wake_lock g_error=2 
D/RPC     (  443): 3000008c:00050000 received CALL.
D/RPC     (  443): 3000008c:00050000 dispatching RPC call (XID 1634, xdr 0x45c828) for callback client 3100008c:00050001.
D/RPC     (  443): 3100008c:327681 sending RPC reply (XID 1634)
D/RPC     (  443): 3000008c:00050000 received CALL.
D/RPC     (  443): 3000008c:00050000 dispatching RPC call (XID 1635, xdr 0x45c828) for callback client 3100008c:00050001.
D/RPC     (  443): 3100008c:327681 sending RPC reply (XID 1635)
E/power   (  443): release_wake_lock g_error=2 
E/power   (  443): acquire_wake_lock g_error=2 
E/power   (  443): release_wake_lock g_error=2 
D/RPC     (  443): 3000008c:00050000 received CALL.
D/RPC     (  443): 3000008c:00050000 dispatching RPC call (XID 1636, xdr 0x45c828) for callback client 3100008c:00050001.
D/RPC     (  443): 3100008c:327681 sending RPC reply (XID 1636)
D/RPC     (  443): 3000008c:00050000 received CALL.
D/RPC     (  443): 3000008c:00050000 dispatching RPC call (XID 1637, xdr 0x45c828) for callback client 3100008c:00050001.
D/RPC     (  443): 3100008c:327681 sending RPC reply (XID 1637)
E/power   (  443): acquire_wake_lock g_error=2 
E/power   (  443): release_wake_lock g_error=2 
D/RPC     (  443): 3000008c:00050000 received CALL.
D/RPC     (  443): 3000008c:00050000 dispatching RPC call (XID 1638, xdr 0x45c828) for callback client 3100008c:00050001.
D/RPC     (  443): 3100008c:327681 sending RPC reply (XID 1638)
I/WindowOrientationListener(  443): orientation = 345 Tilt = 30 -- -2 ,  7 ,  4
E/power   (  443): acquire_wake_lock g_error=2 
E/power   (  443): release_wake_lock g_error=2 
E/power   (  443): acquire_wake_lock g_error=2 
D/RPC     (  443): 3000008c:00050000 received CALL.
D/RPC     (  443): 3000008c:00050000 dispatching RPC call (XID 1641, xdr 0x45c828) for callback client 3100008c:00050001.
D/RPC     (  443): 3100008c:327681 sending RPC reply (XID 1641)
D/RPC     (  443): 3000008c:00050000 received CALL.
D/RPC     (  443): 3000008c:00050000 dispatching RPC call (XID 1642, xdr 0x45c828) for callback client 3100008c:00050001.
E/power   (  443): release_wake_lock g_error=2 
E/power   (  443): acquire_wake_lock g_error=2 
E/power   (  443): release_wake_lock g_error=2 
E/power   (  443): acquire_wake_lock g_error=2 
D/RPC     (  443): 3100008c:327681 sending RPC reply (XID 1642)
D/RPC     (  443): 3000008c:00050000 received CALL.
D/RPC     (  443): 3000008c:00050000 dispatching RPC call (XID 1643, xdr 0x45c828) for callback client 3100008c:00050001.
D/RPC     (  443): 3100008c:327681 sending RPC reply (XID 1643)
D/RPC     (  443): 3000008c:00050000 received CALL.
D/RPC     (  443): 3000008c:00050000 dispatching RPC call (XID 1644, xdr 0x45c828) for callback client 3100008c:00050001.
E/power   (  443): acquire_wake_lock g_error=2 
E/power   (  443): release_wake_lock g_error=2 
E/power   (  443): release_wake_lock g_error=2 
E/power   (  443): acquire_wake_lock g_error=2 
D/RPC     (  443): 3100008c:327681 sending RPC reply (XID 1644)
D/RPC     (  443): 3000008c:00050000 received CALL.
D/RPC     (  443): 3000008c:00050000 dispatching RPC call (XID 1645, xdr 0x45c828) for callback client 3100008c:00050001.
D/RPC     (  443): 3100008c:327681 sending RPC reply (XID 1645)
D/RPC     (  443): 3000008c:00050000 received CALL.
D/RPC     (  443): 3000008c:00050000 dispatching RPC call (XID 1646, xdr 0x45c828) for callback client 3100008c:00050001.
E/power   (  443): acquire_wake_lock g_error=2 
E/power   (  443): release_wake_lock g_error=2 
E/power   (  443): release_wake_lock g_error=2 
E/power   (  443): acquire_wake_lock g_error=2 
D/RPC     (  443): 3100008c:327681 sending RPC reply (XID 1646)
D/RPC     (  443): 3000008c:00050000 received CALL.
D/RPC     (  443): 3000008c:00050000 dispatching RPC call (XID 1647, xdr 0x45c828) for callback client 3100008c:00050001.
D/RPC     (  443): 3100008c:327681 sending RPC reply (XID 1647)
D/RPC     (  443): 3000008c:00050000 received CALL.
D/RPC     (  443): 3000008c:00050000 dispatching RPC call (XID 1648, xdr 0x45c828) for callback client 3100008c:00050001.
D/RPC     (  443): 3100008c:327681 sending RPC reply (XID 1648)
E/power   (  443): acquire_wake_lock g_error=2 
E/power   (  443): release_wake_lock g_error=2 
E/power   (  443): release_wake_lock g_error=2 
E/power   (  443): acquire_wake_lock g_error=2 
D/RPC     (  443): 3000008c:00050000 received CALL.
D/RPC     (  443): 3000008c:00050000 dispatching RPC call (XID 1649, xdr 0x45c828) for callback client 3100008c:00050001.
D/RPC     (  443): 3100008c:327681 sending RPC reply (XID 1649)
D/RPC     (  443): 3000008c:00050000 received CALL.
D/RPC     (  443): 3000008c:00050000 dispatching RPC call (XID 1650, xdr 0x45c828) for callback client 3100008c:00050001.
D/RPC     (  443): 3100008c:327681 sending RPC reply (XID 1650)
E/power   (  443): release_wake_lock g_error=2 
E/power   (  443): acquire_wake_lock g_error=2 
D/RPC     (  443): 3000008c:00050000 received CALL.
E/power   (  443): release_wake_lock g_error=2 
D/RPC     (  443): 3000008c:00050000 dispatching RPC call (XID 1651, xdr 0x45c828) for callback client 3100008c:00050001.
D/RPC     (  443): 3100008c:327681 sending RPC reply (XID 1651)
I/WindowOrientationListener(  443): orientation = 341 Tilt = 25 -- -2 ,  8 ,  4
E/power   (  443): acquire_wake_lock g_error=2 
E/power   (  443): release_wake_lock g_error=2 
E/power   (  443): acquire_wake_lock g_error=2 
D/RPC     (  443): 3000008c:00050000 received CALL.
D/RPC     (  443): 3000008c:00050000 dispatching RPC call (XID 1652, xdr 0x45c828) for callback client 3100008c:00050001.
D/RPC     (  443): 3100008c:327681 sending RPC reply (XID 1652)
D/RPC     (  443): 3000008c:00050000 received CALL.
E/power   (  443): release_wake_lock g_error=2 
E/power   (  443): acquire_wake_lock g_error=2 
E/power   (  443): acquire_wake_lock g_error=2 
E/power   (  443): release_wake_lock g_error=2 
D/RPC     (  443): 3000008c:00050000 dispatching RPC call (XID 1653, xdr 0x45c828) for callback client 3100008c:00050001.
D/RPC     (  443): 3100008c:327681 sending RPC reply (XID 1653)
D/RPC     (  443): 3000008c:00050000 received CALL.
D/RPC     (  443): 3000008c:00050000 dispatching RPC call (XID 1654, xdr 0x45c828) for callback client 3100008c:00050001.
D/RPC     (  443): 3100008c:327681 sending RPC reply (XID 1654)
D/RPC     (  443): 3000008c:00050000 received CALL.
D/RPC     (  443): 3000008c:00050000 dispatching RPC call (XID 1655, xdr 0x45c828) for callback client 3100008c:00050001.
E/power   (  443): release_wake_lock g_error=2 
E/power   (  443): acquire_wake_lock g_error=2 
E/power   (  443): release_wake_lock g_error=2 
E/power   (  443): acquire_wake_lock g_error=2 
D/RPC     (  443): 3100008c:327681 sending RPC reply (XID 1655)
D/RPC     (  443): 3000008c:00050000 received CALL.
D/RPC     (  443): 3000008c:00050000 dispatching RPC call (XID 1656, xdr 0x45c828) for callback client 3100008c:00050001.
D/RPC     (  443): 3100008c:327681 sending RPC reply (XID 1656)
D/RPC     (  443): 3000008c:00050000 received CALL.
E/power   (  443): release_wake_lock g_error=2 
E/power   (  443): acquire_wake_lock g_error=2 
E/power   (  443): release_wake_lock g_error=2 
E/power   (  443): acquire_wake_lock g_error=2 
D/RPC     (  443): 3000008c:00050000 dispatching RPC call (XID 1657, xdr 0x45c828) for callback client 3100008c:00050001.
D/RPC     (  443): 3100008c:327681 sending RPC reply (XID 1657)
D/RPC     (  443): 3000008c:00050000 received CALL.
D/RPC     (  443): 3000008c:00050000 dispatching RPC call (XID 1658, xdr 0x45c828) for callback client 3100008c:00050001.
D/RPC     (  443): 3100008c:327681 sending RPC reply (XID 1658)
D/RPC     (  443): 3000008c:00050000 received CALL.
D/RPC     (  443): 3000008c:00050000 dispatching RPC call (XID 1659, xdr 0x45c828) for callback client 3100008c:00050001.
D/RPC     (  443): 3100008c:327681 sending RPC reply (XID 1659)
E/power   (  443): acquire_wake_lock g_error=2 
E/power   (  443): release_wake_lock g_error=2 
E/power   (  443): release_wake_lock g_error=2 
E/power   (  443): acquire_wake_lock g_error=2 
D/RPC     (  443): 3000008c:00050000 received CALL.
D/RPC     (  443): 3000008c:00050000 dispatching RPC call (XID 1660, xdr 0x45c828) for callback client 3100008c:00050001.
D/RPC     (  443): 3100008c:327681 sending RPC reply (XID 1660)
D/RPC     (  443): 3000008c:00050000 received CALL.
D/RPC     (  443): 3000008c:00050000 dispatching RPC call (XID 1661, xdr 0x45c828) for callback client 3100008c:00050001.
E/power   (  443): release_wake_lock g_error=2 
D/RPC     (  443): 3100008c:327681 sending RPC reply (XID 1661)
E/power   (  443): acquire_wake_lock g_error=2 
D/RPC     (  443): 3000008c:00050000 received CALL.
D/RPC     (  443): 3000008c:00050000 dispatching RPC call (XID 1662, xdr 0x45c828) for callback client 3100008c:00050001.
D/RPC     (  443): 3100008c:327681 sending RPC reply (XID 1662)
E/power   (  443): release_wake_lock g_error=2 
I/InputReader(  443): dispatchTouch::touch event's action is 0, pending(waiting finished signal)=0
I/InputDispatcher(  443): Delivering touch to current input target: action: 0, channel '40a9fdf0 edu.mit.csail.diplomamatrix/edu.mit.csail.diplomamatrix.StatusActivity (server)'
I/InputDispatcher(  443): Delivering touch to current input target: action: 0, channel 'PenGestureView (server)'
I/PowerManagerService(  443): Ulight 3->7|0
D/PowerManagerService(  443): setLightBrightness : mButtonLight : 92
I/InputReader(  443): dispatchTouch::touch event's action is 1, pending(waiting finished signal)=0
I/InputDispatcher(  443): Delivering touch to current input target: action: 1, channel '40a9fdf0 edu.mit.csail.diplomamatrix/edu.mit.csail.diplomamatrix.StatusActivity (server)'
I/InputDispatcher(  443): Delivering touch to current input target: action: 1, channel 'PenGestureView (server)'
V/AudioPolicyManager(  325): getParamFromPolicy  deviceInt = 0, situationInt = 1, situationVolume = 1.000000
V/AudioPolicyService(  325): startOutput() tid 407
V/AudioPolicyManager(  325): startOutput() output 1, stream 1, session 17
V/AudioPolicyManager(  325): getDeviceForStrategy() from cache strategy 0, device 2
V/AudioPolicyManager(  325): getNewDevice() selected device 2
V/AudioPolicyManager(  325): setOutputDevice() output 1 device 2 delayMs 0
V/AudioPolicyManager(  325): setOutputDevice() setting same device 2 or null device for output 1
E/AudioTrack(  443): Audio track delete
E/AudioTrack(  443): stop 0x76af48
E/AudioTrack(  443): Stop complete
E/AudioTrack(  443): Audio track exit start
E/AudioTrack(  443): Audio track exit done
V/AudioPolicyService(  325): releaseOutput() tid 325
V/AudioPolicyManager(  325): releaseOutput() 1
I/StatusActivity( 2294): 1333059505176: ** Clicked take picture button **
I/CameraSurfaceView( 2294): inside getCamera()
V/QualcommCameraHardware(  325): getParameters: EX
I/CameraService(  325): takePicture: mNumSnapshots = 1
D/SecCameraCoreManager(  325): virtual android::status_t android::SecCameraCoreManager::takePicture():stop IT Policy checking thread
V/AudioHardwareMSM8660(  325): open driver
V/AudioHardwareMSM8660(  325): get config
V/AudioHardwareMSM8660(  325): set config
V/AudioHardwareMSM8660(  325): buffer_size: 4800
V/AudioHardwareMSM8660(  325): buffer_count: 2
V/AudioHardwareMSM8660(  325): channel_count: 2
V/AudioHardwareMSM8660(  325): sample_rate: 44100
V/QualcommCameraHardware(  325): sendCommand: command = 1109, arg1 =1, arg2= 0
I/ShotSingle(  325): ShotSingle::takePicture start
E/QualcommCameraHardware(  325): takePicture(463)
I/QualcommCameraHardware(  325): stopPreviewInternal E: 1
V/QualcommCameraHardware(  325): cancelAutoFocusDefault E (cancel : 0)
V/QualcommCameraHardware(  325): cancelAutoFocusDefault X: 0
E/mm-camera(  325): vfe_stop_vfe: vfe_util_sendcmd:3(rc = 1) 
I/QualcommCameraHardware(  325): deinitPreview E
I/QualcommCameraHardware(  325): deinitPreview X
V/QualcommCameraHardware(  325): in stopPreviewInternal: making mVideoThreadExit 1
V/QualcommCameraHardware(  325): cam_frame_flush_video: in n = 0
V/QualcommCameraHardware(  325): cam_frame_flush_video: out n = 0
I/QualcommCameraHardware(  325): stopPreviewInternal X: 0
D/AudioHardwareMSM8660(  325): write(): dec_id = 1 cur_rx = 2
V/AudioHardwareMSM8660(  325): cur_rx for pcm playback = 2
D/AudioHardwareMSM8660(  325): value of device and enable is 2 1 ALSA dev id:2
V/QualcommCameraHardware(  325): initRawSnapshot E
I/QualcommCameraHardware(  325): runframethread: waiting for preview  thread to complete.
I/QualcommCameraHardware(  325): preview_thread X
I/QualcommCameraHardware(  325): initPreview: old preview thread completed.
I/QualcommCameraHardware(  325): ~PmemPool: preview E
V/QualcommCameraHardware(  325): register_buf:  reg = 1 buffer = 0x42342000
V/QualcommCameraHardware(  325): register_buf:  reg = 1 buffer = 0x423b3000
V/QualcommCameraHardware(  325): register_buf:  reg = 1 buffer = 0x42424000
V/QualcommCameraHardware(  325): register_buf:  reg = 1 buffer = 0x42495000
I/QualcommCameraHardware(  325): ~PmemPool: preview X
V/QualcommCameraHardware(  325): destroying MemPool preview
V/QualcommCameraHardware(  325): destroying MemPool preview completed
I/QualcommCameraHardware(  325): ~PmemPool: record E
V/QualcommCameraHardware(  325): register_buf:  reg = 1 buffer = 0x42506000
V/QualcommCameraHardware(  325): register_buf:  reg = 1 buffer = 0x42577000
V/QualcommCameraHardware(  325): register_buf:  reg = 1 buffer = 0x425e8000
V/QualcommCameraHardware(  325): register_buf:  reg = 1 buffer = 0x42659000
V/QualcommCameraHardware(  325): register_buf:  reg = 1 buffer = 0x426ca000
V/QualcommCameraHardware(  325): register_buf:  reg = 1 buffer = 0x4273b000
V/QualcommCameraHardware(  325): register_buf:  reg = 1 buffer = 0x427ac000
V/QualcommCameraHardware(  325): register_buf:  reg = 1 buffer = 0x4281d000
V/QualcommCameraHardware(  325): register_buf:  reg = 1 buffer = 0x4288e000
I/QualcommCameraHardware(  325): ~PmemPool: record X
V/QualcommCameraHardware(  325): destroying MemPool record
V/QualcommCameraHardware(  325): destroying MemPool record completed
V/QualcommCameraHardware(  325): runFrameThread X
D/QualcommCameraHardware(  325): frame_thread X
E/mm-camera(  325): vfe_util_get_sensor_info: mode=3
V/QualcommCameraHardware(  325): raw_snapshot_buffer_size = 10077696, raw_picture_height = 1944, raw_picture_width = 5184
I/QualcommCameraHardware(  325): constructing MemPool raw pmem snapshot camera backed by pmem pool /dev/pmem_smipool: 1 frames @ 10077696 bytes, buffer size 10077696
V/QualcommCameraHardware(  325): pmem pool /dev/pmem_smipool ioctl(fd = 64, PMEM_GET_SIZE) is 10080256
D/QualcommCameraHardware(  325): mBufferSize=10077696, mAlignedBufferSize=10080256
D/QualcommCameraHardware(  325): num_buffers = 1
V/QualcommCameraHardware(  325): register_buf:  reg = 0 buffer = 0x42242000
I/QualcommCameraHardware(  325): PmemPool: (raw pmem snapshot camera) X 
V/QualcommCameraHardware(  325): initRawSnapshot X
E/QualcommCameraHardware(  325): takePicture: X
I/ShotSingle(  325): ShotSingle::takePicture end
D/QualcommCameraHardware(  325): snapshot_thread E
I/QualcommCameraHardware(  325): runSnapshotThread E
E/QualcommCameraHardware(  325): get_currentTemp() temp=312
V/QualcommCameraHardware(  325): takepicture : LED_MODE_LOWTEMP_OFF : 0
V/QualcommCameraHardware(  325): native_set_ext_config E (cmd = 0)
V/QualcommCameraHardware(  325): getParameters: EX
V/AudioPolicyManager(  325): getParamFromPolicy  deviceInt = 0, situationInt = 3, situationVolume = 1.000000
V/MediaPlayerService(  325): [2] setVolume(1.000000, 1.000000)
V/AudioSink(  325): setVolume(1.000000, 1.000000)
V/AudioPolicyManager(  325): getStreamVolumeIndex() stream 7
V/MediaPlayerService(  325): [2] setLooping(0)
V/AwesomePlayer(  325): setLooping (0)
V/MediaPlayerService(  325): [2] setVolume(1.000000, 1.000000)
V/AudioSink(  325): setVolume(1.000000, 1.000000)
V/MediaPlayerService(  325): [2] setAuxEffectSendLevel(0.000000)
V/AudioSink(  325): setAuxEffectSendLevel(0.000000)
V/MediaPlayerService(  325): [2] start
V/AwesomePlayer(  325): setLooping (0)
E/MediaPlayerService(  325): MediaPlayerService::mIsAnyDrmVideoPlaying : 0
E/MediaPlayerService(  325): MediaPlayerService::mpCheckOPLBlocked : 0
V/AwesomePlayer(  325): play
V/AwesomePlayer(  325): LPAPlayer::getObjectsAlive() 0
V/AwesomePlayer(  325): Setting Audio source
V/AudioSink(  325): open(44100, 1, 1, 4, 8)
V/AudioPolicyService(  325): getOutput() tid 2569
V/AudioPolicyManager(  325): getDeviceForStrategy() from cache strategy 4, device 0
V/AudioPolicyManager(  325): getOutput() stream 7, samplingRate 0, format 0, channels c, flags 0
V/AudioSink(  325): setVolume
V/AudioSink(  325): start
V/AudioPolicyService(  325): startOutput() tid 2569
V/AudioPolicyManager(  325): startOutput() output 1, stream 7, session 8
E/AudioPolicyManager(  325): media stream mute for camera sound (enforce stream)
V/AudioPolicyManager(  325): setStrategyMute() strategy 0, mute 1, output 1
V/AudioPolicyManager(  325): setStreamMute() stream 1, mute 1, output 1, mMuteCount 0
V/AudioPolicyManager(  325): setStreamVolume() for output 1 stream 1, volume 0.000000, delay 0
V/AudioPolicyService(  325): inserting command: 2 at index 0, num commands 0
V/AudioPolicyService(  325): AudioCommandThread() adding set volume stream 1, volume 0.000000, output 1
V/AudioPolicyService(  325): AudioCommandThread() waking up
V/AudioPolicyService(  325): AudioCommandThread() processing set volume stream 1,                             volume 0.000000, output 1
V/AudioPolicyService(  325): AudioCommandThread() going to sleep
V/AudioPolicyManager(  325): mLPADecodeOutput=-1, mLPAStreamType=-1
V/AudioPolicyManager(  325): setStreamMute() stream 3, mute 1, output 1, mMuteCount 0
V/AudioPolicyManager(  325): setStreamVolume() for output 1 stream 3, volume 0.000000, delay 0
V/AudioPolicyService(  325): inserting command: 2 at index 0, num commands 0
V/AudioPolicyService(  325): AudioCommandThread() adding set volume stream 3, volume 0.000000, output 1
V/AudioPolicyService(  325): AudioCommandThread() waking up
V/AudioPolicyService(  325): AudioCommandThread() processing set volume stream 3,                             volume 0.000000, output 1
V/AudioPolicyService(  325): AudioCommandThread() going to sleep
V/AudioPolicyManager(  325): mLPADecodeOutput=-1, mLPAStreamType=-1
V/AudioPolicyManager(  325): setStreamMute() stream 9, mute 1, output 1, mMuteCount 0
V/AudioPolicyManager(  325): setStreamVolume() for output 1 stream 9, volume 0.000000, delay 0
V/AudioPolicyService(  325): inserting command: 2 at index 0, num commands 0
V/AudioPolicyService(  325): AudioCommandThread() adding set volume stream 9, volume 0.000000, output 1
V/AudioPolicyService(  325): AudioCommandThread() waking up
V/AudioPolicyService(  325): AudioCommandThread() processing set volume stream 9,                             volume 0.000000, output 1
V/AudioPolicyService(  325): AudioCommandThread() going to sleep
V/AudioPolicyManager(  325): mLPADecodeOutput=-1, mLPAStreamType=-1
V/AudioPolicyManager(  325): setStreamMute() stream 10, mute 1, output 1, mMuteCount 0
V/AudioPolicyManager(  325): setStreamVolume() for output 1 stream 10, volume 0.000000, delay 0
V/AudioPolicyService(  325): inserting command: 2 at index 0, num commands 0
V/AudioPolicyService(  325): AudioCommandThread() adding set volume stream 10, volume 0.000000, output 1
V/AudioPolicyService(  325): AudioCommandThread() waking up
V/AudioPolicyService(  325): AudioCommandThread() processing set volume stream 10,                             volume 0.000000, output 1
V/AudioPolicyService(  325): AudioCommandThread() going to sleep
V/AudioPolicyManager(  325): mLPADecodeOutput=-1, mLPAStreamType=-1
V/AudioPolicyManager(  325): setStreamMute() stream 11, mute 1, output 1, mMuteCount 0
V/AudioPolicyManager(  325): setStreamVolume() for output 1 stream 11, volume 0.177828, delay 0
V/AudioPolicyService(  325): inserting command: 2 at index 0, num commands 0
V/AudioPolicyService(  325): AudioCommandThread() adding set volume stream 11, volume 0.177828, output 1
V/AudioPolicyService(  325): AudioCommandThread() waking up
V/AudioPolicyService(  325): AudioCommandThread() processing set volume stream 11,                             volume 0.177828, output 1
V/AudioPolicyService(  325): AudioCommandThread() going to sleep
V/AudioPolicyManager(  325): mLPADecodeOutput=-1, mLPAStreamType=-1
V/AudioPolicyManager(  325): setStreamMute() stream 12, mute 1, output 1, mMuteCount 0
V/AudioPolicyManager(  325): checkAndSetVolume() stream 3 muted count 1
V/AudioPolicyManager(  325): mLPADecodeOutput=-1, mLPAStreamType=-1
V/AudioPolicyManager(  325): setStreamMute() stream 13, mute 1, output 1, mMuteCount 0
V/AudioPolicyManager(  325): checkAndSetVolume() stream 10 muted count 1
V/AudioPolicyManager(  325): mLPADecodeOutput=-1, mLPAStreamType=-1
V/AudioPolicyManager(  325): setStreamMute() stream 14, mute 1, output 1, mMuteCount 0
V/AudioPolicyManager(  325): checkAndSetVolume() stream 9 muted count 1
V/AudioPolicyManager(  325): mLPADecodeOutput=-1, mLPAStreamType=-1
V/AudioPolicyManager(  325): setStreamMute() stream 15, mute 1, output 1, mMuteCount 0
V/AudioPolicyManager(  325): checkAndSetVolume() stream 3 muted count 1
V/AudioPolicyManager(  325): mLPADecodeOutput=-1, mLPAStreamType=-1
V/AudioPolicyManager(  325): setStreamMute() stream 16, mute 1, output 1, mMuteCount 0
V/AudioPolicyManager(  325): checkAndSetVolume() stream 10 muted count 1
V/AudioPolicyManager(  325): mLPADecodeOutput=-1, mLPAStreamType=-1
V/AudioPolicyManager(  325): setStreamMute() stream 17, mute 1, output 1, mMuteCount 0
V/AudioPolicyManager(  325): checkAndSetVolume() stream 9 muted count 1
V/AudioPolicyManager(  325): mLPADecodeOutput=-1, mLPAStreamType=-1
D/ACDB-LOADER(  325): ACDB -> send_audio_cal, acdb_id = 2, path =  0
D/ACDB-LOADER(  325): ACDB -> send_audtable
D/ACDB-LOADER(  325): ACDB -> ACDB_CMD_GET_AUDPROC_COMMON_TABLE
D/ACDB-LOADER(  325): ACDB -> AUDIO_SET_AUDPROC_CAL
D/ACDB-LOADER(  325): ACDB -> send_audvoltable
D/ACDB-LOADER(  325): ACDB -> ACDB_CMD_GET_AUDPROC_GAIN_DEP_VOLTBL_STEP_COPP
D/ACDB-LOADER(  325): ACDB -> AUDIO_SET_AUDPROC_VOL_CAL
I/WindowOrientationListener(  443): orientation = 340 Tilt = 24 -- -2 ,  8 ,  3
W/AudioFlinger(  325): write blocked for 87 msecs, 6 delayed writes, thread 0x32978
V/AudioPolicyManager(  325): getDeviceForStrategy() from cache strategy 4, device 0
V/AudioPolicyManager(  325): getNewDevice() selected device 0
V/AudioPolicyManager(  325): setOutputDevice() output 1 device 0 delayMs 0
V/AudioPolicyManager(  325): setOutputDevice() setting same device 0 or null device for output 1
E/mm-camera(  325): vfe_reset_vfe: vfe_util_sendcmd:2(rc = 1) 
E/mm-camera(  325): vfe_util_get_sensor_info: mode=2
E/mm-camera(  325): m5mo_snapshot_config
E/AudioTrack(  443): stop 0x768538
V/AudioPolicyService(  325): stopOutput() tid 407
V/AudioPolicyManager(  325): stopOutput() output 1, stream 1, session 17
V/AudioPolicyManager(  325): getDeviceForStrategy() from cache strategy 4, device 0
V/AudioPolicyManager(  325): getNewDevice() selected device 0
V/AudioPolicyManager(  325): setOutputDevice() output 1 device 0 delayMs 0
V/AudioPolicyManager(  325): setOutputDevice() setting same device 0 or null device for output 1
E/AudioTrack(  443): Stop complete
E/mm-camera(  325): vfe_start_vfe: *(config_state_t *)state 17,  rc 1
W/OggExtractor(  325): readNextPacket err -1004
V/AwesomePlayer(  325): MEDIA_PLAYBACK_COMPLETE
V/MediaPlayerService(  325): Client::notify In
V/MediaPlayerService(  325): [2] notify (0x4e4f8, 2, 0, 0)
V/AudioSink(  325): stop
E/AudioTrack(  325): stop 0x851f8
V/AudioPolicyService(  325): stopOutput() tid 2327
V/AudioPolicyManager(  325): stopOutput() output 1, stream 7, session 8
V/AudioPolicyManager(  325): getNewDevice() selected device 0
V/AudioPolicyManager(  325): setOutputDevice() output 1 device 0 delayMs 0
V/AudioPolicyManager(  325): setOutputDevice() setting same device 0 or null device for output 1
E/AudioPolicyManager(  325): media stream unmute for camera sound (enforce stream)
V/AudioPolicyManager(  325): setStrategyMute() strategy 0, mute 0, output 1
V/AudioPolicyManager(  325): setStreamMute() stream 1, mute 0, output 1, mMuteCount 1
V/AudioPolicyManager(  325): setStreamVolume() for output 1 stream 1, volume 0.031623, delay 108
V/AudioPolicyService(  325): inserting command: 2 at index 0, num commands 0
V/AudioPolicyService(  325): AudioCommandThread() adding set volume stream 1, volume 0.031623, output 1
V/AudioPolicyManager(  325): mLPADecodeOutput=-1, mLPAStreamType=-1
V/AudioPolicyManager(  325): setStreamMute() stream 3, mute 0, output 1, mMuteCount 1
V/AudioPolicyService(  325): AudioCommandThread() waking up
V/AudioPolicyManager(  325): setStreamVolume() for output 1 stream 3, volume 0.044668, delay 108
V/AudioPolicyService(  325): AudioCommandThread() going to sleep
V/AudioPolicyService(  325): inserting command: 2 at index 1, num commands 1
V/AudioPolicyService(  325): AudioCommandThread() adding set volume stream 3, volume 0.044668, output 1
V/AudioPolicyManager(  325): mLPADecodeOutput=-1, mLPAStreamType=-1
V/AudioPolicyManager(  325): setStreamMute() stream 9, mute 0, output 1, mMuteCount 1
V/AudioPolicyService(  325): AudioCommandThread() waking up
V/AudioPolicyManager(  325): setStreamVolume() for output 1 stream 9, volume 0.063096, delay 108
V/AudioPolicyService(  325): AudioCommandThread() going to sleep
V/AudioPolicyService(  325): inserting command: 2 at index 2, num commands 2
V/AudioPolicyService(  325): AudioCommandThread() adding set volume stream 9, volume 0.063096, output 1
V/AudioPolicyManager(  325): mLPADecodeOutput=-1, mLPAStreamType=-1
V/AudioPolicyManager(  325): setStreamMute() stream 10, mute 0, output 1, mMuteCount 1
V/AudioPolicyService(  325): AudioCommandThread() waking up
V/AudioPolicyService(  325): AudioCommandThread() going to sleep
V/AudioPolicyManager(  325): setStreamVolume() for output 1 stream 10, volume 0.063096, delay 108
V/AudioPolicyService(  325): inserting command: 2 at index 3, num commands 3
V/AudioPolicyService(  325): AudioCommandThread() adding set volume stream 10, volume 0.063096, output 1
V/AudioPolicyManager(  325): mLPADecodeOutput=-1, mLPAStreamType=-1
V/AudioPolicyService(  325): AudioCommandThread() waking up
V/AudioPolicyManager(  325): setStreamMute() stream 11, mute 0, output 1, mMuteCount 1
V/AudioPolicyService(  325): AudioCommandThread() going to sleep
V/AudioPolicyManager(  325): setStreamVolume() for output 1 stream 11, volume 0.707946, delay 108
V/AudioPolicyService(  325): inserting command: 2 at index 4, num commands 4
V/AudioPolicyService(  325): AudioCommandThread() adding set volume stream 11, volume 0.707946, output 1
V/AudioPolicyManager(  325): mLPADecodeOutput=-1, mLPAStreamType=-1
V/AudioPolicyService(  325): AudioCommandThread() waking up
V/AudioPolicyManager(  325): setStreamMute() stream 12, mute 0, output 1, mMuteCount 1
V/AudioPolicyService(  325): AudioCommandThread() going to sleep
V/AudioPolicyManager(  325): mLPADecodeOutput=-1, mLPAStreamType=-1
V/AudioPolicyManager(  325): setStreamMute() stream 13, mute 0, output 1, mMuteCount 1
V/AudioPolicyManager(  325): mLPADecodeOutput=-1, mLPAStreamType=-1
V/AudioPolicyManager(  325): setStreamMute() stream 14, mute 0, output 1, mMuteCount 1
V/AudioPolicyManager(  325): mLPADecodeOutput=-1, mLPAStreamType=-1
V/AudioPolicyManager(  325): setStreamMute() stream 15, mute 0, output 1, mMuteCount 1
V/AudioPolicyManager(  325): mLPADecodeOutput=-1, mLPAStreamType=-1
V/AudioPolicyManager(  325): setStreamMute() stream 16, mute 0, output 1, mMuteCount 1
V/AudioPolicyManager(  325): mLPADecodeOutput=-1, mLPAStreamType=-1
V/AudioPolicyManager(  325): setStreamMute() stream 17, mute 0, output 1, mMuteCount 1
V/AudioPolicyManager(  325): mLPADecodeOutput=-1, mLPAStreamType=-1
E/AudioTrack(  325): Stop complete
V/AwesomePlayer(  325): AwesomePlayer::pause_l::out
V/AudioPolicyService(  325): AudioCommandThread() waking up
V/AudioPolicyService(  325): AudioCommandThread() processing set volume stream 1,                             volume 0.031623, output 1
V/AudioPolicyService(  325): AudioCommandThread() processing set volume stream 3,                             volume 0.044668, output 1
V/AudioPolicyService(  325): AudioCommandThread() going to sleep
E/power   (  443): acquire_wake_lock g_error=2 
V/AudioPolicyService(  325): AudioCommandThread() waking up
V/AudioPolicyService(  325): AudioCommandThread() processing set volume stream 9,                             volume 0.063096, output 1
V/AudioPolicyService(  325): AudioCommandThread() processing set volume stream 10,                             volume 0.063096, output 1
V/AudioPolicyService(  325): AudioCommandThread() going to sleep
D/RPC     (  443): 3000008c:00050000 received CALL.
