D/RPC     (  443): 3000008c:00050000 dispatching RPC call (XID 1354, xdr 0x45c828) for callback client 3100008c:00050001.
D/RPC     (  443): 3100008c:327681 sending RPC reply (XID 1354)
D/RPC     (  443): 3000008c:00050000 received CALL.
E/power   (  443): acquire_wake_lock g_error=2 
E/power   (  443): release_wake_lock g_error=2 
E/power   (  443): release_wake_lock g_error=2 
D/RPC     (  443): 3000008c:00050000 dispatching RPC call (XID 1355, xdr 0x45c828) for callback client 3100008c:00050001.
D/RPC     (  443): 3100008c:327681 sending RPC reply (XID 1355)
D/RPC     (  443): 3000008c:00050000 received CALL.
D/RPC     (  443): 3000008c:00050000 dispatching RPC call (XID 1356, xdr 0x45c828) for callback client 3100008c:00050001.
D/RPC     (  443): 3100008c:327681 sending RPC reply (XID 1356)
E/power   (  443): acquire_wake_lock g_error=2 
E/power   (  443): release_wake_lock g_error=2 
E/power   (  443): acquire_wake_lock g_error=2 
E/power   (  443): release_wake_lock g_error=2 
D/RPC     (  443): 3000008c:00050000 received CALL.
D/RPC     (  443): 3000008c:00050000 dispatching RPC call (XID 1357, xdr 0x45c828) for callback client 3100008c:00050001.
D/RPC     (  443): 3100008c:327681 sending RPC reply (XID 1357)
D/RPC     (  443): 3000008c:00050000 received CALL.
D/RPC     (  443): 3000008c:00050000 dispatching RPC call (XID 1358, xdr 0x45c828) for callback client 3100008c:00050001.
D/RPC     (  443): 3100008c:327681 sending RPC reply (XID 1358)
E/power   (  443): acquire_wake_lock g_error=2 
E/power   (  443): release_wake_lock g_error=2 
E/power   (  443): acquire_wake_lock g_error=2 
D/RPC     (  443): 3000008c:00050000 received CALL.
D/RPC     (  443): 3000008c:00050000 dispatching RPC call (XID 1359, xdr 0x45c828) for callback client 3100008c:00050001.
D/RPC     (  443): 3100008c:327681 sending RPC reply (XID 1359)
D/RPC     (  443): 3000008c:00050000 received CALL.
D/RPC     (  443): 3000008c:00050000 dispatching RPC call (XID 1360, xdr 0x45c828) for callback client 3100008c:00050001.
E/power   (  443): release_wake_lock g_error=2 
D/RPC     (  443): 3100008c:327681 sending RPC reply (XID 1360)
E/power   (  443): acquire_wake_lock g_error=2 
E/power   (  443): release_wake_lock g_error=2 
D/RPC     (  443): 3000008c:00050000 received CALL.
D/RPC     (  443): 3000008c:00050000 dispatching RPC call (XID 1361, xdr 0x45c828) for callback client 3100008c:00050001.
D/RPC     (  443): 3100008c:327681 sending RPC reply (XID 1361)
I/WindowOrientationListener(  443): orientation = 343 Tilt = 28 -- -2 ,  8 ,  4
E/power   (  443): acquire_wake_lock g_error=2 
E/power   (  443): release_wake_lock g_error=2 
E/power   (  443): acquire_wake_lock g_error=2 
E/power   (  443): release_wake_lock g_error=2 
E/power   (  443): acquire_wake_lock g_error=2 
D/RPC     (  443): 3000008c:00050000 received CALL.
D/RPC     (  443): 3000008c:00050000 dispatching RPC call (XID 1362, xdr 0x45c828) for callback client 3100008c:00050001.
D/RPC     (  443): 3100008c:327681 sending RPC reply (XID 1362)
D/RPC     (  443): 3000008c:00050000 received CALL.
D/RPC     (  443): 3000008c:00050000 dispatching RPC call (XID 1363, xdr 0x45c828) for callback client 3100008c:00050001.
D/RPC     (  443): 3100008c:327681 sending RPC reply (XID 1363)
D/RPC     (  443): 3000008c:00050000 received CALL.
E/power   (  443): release_wake_lock g_error=2 
E/power   (  443): acquire_wake_lock g_error=2 
D/RPC     (  443): 3000008c:00050000 dispatching RPC call (XID 1364, xdr 0x45c828) for callback client 3100008c:00050001.
D/RPC     (  443): 3100008c:327681 sending RPC reply (XID 1364)
D/RPC     (  443): 3000008c:00050000 received CALL.
D/RPC     (  443): 3000008c:00050000 dispatching RPC call (XID 1365, xdr 0x45c828) for callback client 3100008c:00050001.
D/RPC     (  443): 3100008c:327681 sending RPC reply (XID 1365)
E/power   (  443): acquire_wake_lock g_error=2 
E/power   (  443): release_wake_lock g_error=2 
E/power   (  443): release_wake_lock g_error=2 
E/power   (  443): acquire_wake_lock g_error=2 
D/RPC     (  443): 3000008c:00050000 received CALL.
D/RPC     (  443): 3000008c:00050000 dispatching RPC call (XID 1366, xdr 0x45c828) for callback client 3100008c:00050001.
D/RPC     (  443): 3100008c:327681 sending RPC reply (XID 1366)
D/RPC     (  443): 3000008c:00050000 received CALL.
D/RPC     (  443): 3000008c:00050000 dispatching RPC call (XID 1367, xdr 0x45c828) for callback client 3100008c:00050001.
E/power   (  443): acquire_wake_lock g_error=2 
E/power   (  443): release_wake_lock g_error=2 
E/power   (  443): release_wake_lock g_error=2 
E/power   (  443): acquire_wake_lock g_error=2 
D/RPC     (  443): 3100008c:327681 sending RPC reply (XID 1367)
D/RPC     (  443): 3000008c:00050000 received CALL.
D/RPC     (  443): 3000008c:00050000 dispatching RPC call (XID 1368, xdr 0x45c828) for callback client 3100008c:00050001.
D/RPC     (  443): 3100008c:327681 sending RPC reply (XID 1368)
E/power   (  443): release_wake_lock g_error=2 
E/power   (  443): acquire_wake_lock g_error=2 
D/RPC     (  443): 3000008c:00050000 received CALL.
D/RPC     (  443): 3000008c:00050000 dispatching RPC call (XID 1369, xdr 0x45c828) for callback client 3100008c:00050001.
D/RPC     (  443): 3100008c:327681 sending RPC reply (XID 1369)
D/RPC     (  443): 3000008c:00050000 received CALL.
D/RPC     (  443): 3000008c:00050000 dispatching RPC call (XID 1370, xdr 0x45c828) for callback client 3100008c:00050001.
D/RPC     (  443): 3100008c:327681 sending RPC reply (XID 1370)
E/power   (  443): acquire_wake_lock g_error=2 
E/power   (  443): release_wake_lock g_error=2 
E/power   (  443): release_wake_lock g_error=2 
D/RPC     (  443): 3000008c:00050000 received CALL.
D/RPC     (  443): 3000008c:00050000 dispatching RPC call (XID 1371, xdr 0x45c828) for callback client 3100008c:00050001.
D/RPC     (  443): 3100008c:327681 sending RPC reply (XID 1371)
E/power   (  443): acquire_wake_lock g_error=2 
E/power   (  443): release_wake_lock g_error=2 
D/RPC     (  443): 3000008c:00050000 received CALL.
D/RPC     (  443): 3000008c:00050000 dispatching RPC call (XID 1372, xdr 0x45c828) for callback client 3100008c:00050001.
D/RPC     (  443): 3100008c:327681 sending RPC reply (XID 1372)
I/WindowOrientationListener(  443): orientation = 344 Tilt = 30 -- -1 ,  7 ,  4
D/AudioHardwareMSM8660(  325): AudioStreamOutMSM72xx::standby()
D/AudioHardwareMSM8660(  325): Deroute pcm stream
D/AudioHardwareMSM8660(  325): value of device and enable is 2 0 ALSA dev id:2
E/power   (  443): acquire_wake_lock g_error=2 
E/power   (  443): release_wake_lock g_error=2 
E/power   (  443): acquire_wake_lock g_error=2 
E/power   (  443): release_wake_lock g_error=2 
E/power   (  443): acquire_wake_lock g_error=2 
D/RPC     (  443): 3000008c:00050000 received CALL.
D/RPC     (  443): 3000008c:00050000 dispatching RPC call (XID 1373, xdr 0x45c828) for callback client 3100008c:00050001.
D/RPC     (  443): 3100008c:327681 sending RPC reply (XID 1373)
D/RPC     (  443): 3000008c:00050000 received CALL.
D/RPC     (  443): 3000008c:00050000 dispatching RPC call (XID 1374, xdr 0x45c828) for callback client 3100008c:00050001.
D/RPC     (  443): 3100008c:327681 sending RPC reply (XID 1374)
D/RPC     (  443): 3000008c:00050000 received CALL.
E/power   (  443): acquire_wake_lock g_error=2 
E/power   (  443): release_wake_lock g_error=2 
D/RPC     (  443): 3000008c:00050000 dispatching RPC call (XID 1375, xdr 0x45c828) for callback client 3100008c:00050001.
D/RPC     (  443): 3100008c:327681 sending RPC reply (XID 1375)
D/RPC     (  443): 3000008c:00050000 received CALL.
D/RPC     (  443): 3000008c:00050000 dispatching RPC call (XID 1376, xdr 0x45c828) for callback client 3100008c:00050001.
D/RPC     (  443): 3100008c:327681 sending RPC reply (XID 1376)
E/power   (  443): acquire_wake_lock g_error=2 
E/power   (  443): release_wake_lock g_error=2 
E/power   (  443): release_wake_lock g_error=2 
E/power   (  443): acquire_wake_lock g_error=2 
D/RPC     (  443): 3000008c:00050000 received CALL.
D/RPC     (  443): 3000008c:00050000 dispatching RPC call (XID 1377, xdr 0x45c828) for callback client 3100008c:00050001.
D/RPC     (  443): 3100008c:327681 sending RPC reply (XID 1377)
D/RPC     (  443): 3000008c:00050000 received CALL.
D/RPC     (  443): 3000008c:00050000 dispatching RPC call (XID 1378, xdr 0x45c828) for callback client 3100008c:00050001.
E/power   (  443): acquire_wake_lock g_error=2 
E/power   (  443): release_wake_lock g_error=2 
E/power   (  443): release_wake_lock g_error=2 
E/power   (  443): acquire_wake_lock g_error=2 
D/RPC     (  443): 3100008c:327681 sending RPC reply (XID 1378)
D/RPC     (  443): 3000008c:00050000 received CALL.
D/RPC     (  443): 3000008c:00050000 dispatching RPC call (XID 1379, xdr 0x45c828) for callback client 3100008c:00050001.
D/RPC     (  443): 3100008c:327681 sending RPC reply (XID 1379)
D/RPC     (  443): 3000008c:00050000 received CALL.
D/RPC     (  443): 3000008c:00050000 dispatching RPC call (XID 1380, xdr 0x45c828) for callback client 3100008c:00050001.
E/power   (  443): acquire_wake_lock g_error=2 
E/power   (  443): release_wake_lock g_error=2 
E/power   (  443): release_wake_lock g_error=2 
D/RPC     (  443): 3100008c:327681 sending RPC reply (XID 1380)
D/RPC     (  443): 3000008c:00050000 received CALL.
D/RPC     (  443): 3000008c:00050000 dispatching RPC call (XID 1381, xdr 0x45c828) for callback client 3100008c:00050001.
D/RPC     (  443): 3100008c:327681 sending RPC reply (XID 1381)
E/power   (  443): acquire_wake_lock g_error=2 
E/power   (  443): release_wake_lock g_error=2 
D/RPC     (  443): 3000008c:00050000 received CALL.
D/RPC     (  443): 3000008c:00050000 dispatching RPC call (XID 1382, xdr 0x45c828) for callback client 3100008c:00050001.
D/RPC     (  443): 3100008c:327681 sending RPC reply (XID 1382)
E/power   (  443): acquire_wake_lock g_error=2 
E/power   (  443): release_wake_lock g_error=2 
D/RPC     (  443): 3000008c:00050000 received CALL.
D/RPC     (  443): 3000008c:00050000 dispatching RPC call (XID 1383, xdr 0x45c828) for callback client 3100008c:00050001.
D/RPC     (  443): 3100008c:327681 sending RPC reply (XID 1383)
E/AlarmManagerService(  443): android_server_AlarmManagerService_set to type=1, 1333059486.828000000
V/AlarmManager(  443): sending alarm Alarm{40853e48 type 1 android}
V/AlarmManager(  443): Adding alarm Alarm{40a135c0 type 1 android} at 1
I/WindowOrientationListener(  443): orientation = 349 Tilt = 33 -- -1 ,  7 ,  5
E/power   (  443): acquire_wake_lock g_error=2 
E/power   (  443): release_wake_lock g_error=2 
E/power   (  443): acquire_wake_lock g_error=2 
D/RPC     (  443): 3000008c:00050000 received CALL.
D/RPC     (  443): 3000008c:00050000 dispatching RPC call (XID 1384, xdr 0x45c828) for callback client 3100008c:00050001.
D/RPC     (  443): 3100008c:327681 sending RPC reply (XID 1384)
D/RPC     (  443): 3000008c:00050000 received CALL.
D/RPC     (  443): 3000008c:00050000 dispatching RPC call (XID 1385, xdr 0x45c828) for callback client 3100008c:00050001.
E/power   (  443): release_wake_lock g_error=2 
E/power   (  443): acquire_wake_lock g_error=2 
E/power   (  443): release_wake_lock g_error=2 
E/power   (  443): acquire_wake_lock g_error=2 
E/power   (  443): release_wake_lock g_error=2 
E/power   (  443): acquire_wake_lock g_error=2 
D/RPC     (  443): 3100008c:327681 sending RPC reply (XID 1385)
D/RPC     (  443): 3000008c:00050000 received CALL.
D/RPC     (  443): 3000008c:00050000 dispatching RPC call (XID 1386, xdr 0x45c828) for callback client 3100008c:00050001.
D/RPC     (  443): 3100008c:327681 sending RPC reply (XID 1386)
D/RPC     (  443): 3000008c:00050000 received CALL.
D/RPC     (  443): 3000008c:00050000 dispatching RPC call (XID 1387, xdr 0x45c828) for callback client 3100008c:00050001.
D/RPC     (  443): 3100008c:327681 sending RPC reply (XID 1387)
D/RPC     (  443): 3000008c:00050000 received CALL.
D/RPC     (  443): 3000008c:00050000 dispatching RPC call (XID 1388, xdr 0x45c828) for callback client 3100008c:00050001.
E/power   (  443): release_wake_lock g_error=2 
E/power   (  443): acquire_wake_lock g_error=2 
E/power   (  443): release_wake_lock g_error=2 
E/power   (  443): acquire_wake_lock g_error=2 
E/power   (  443): release_wake_lock g_error=2 
D/RPC     (  443): 3100008c:327681 sending RPC reply (XID 1388)
D/RPC     (  443): 3000008c:00050000 received CALL.
D/RPC     (  443): 3000008c:00050000 dispatching RPC call (XID 1389, xdr 0x45c828) for callback client 3100008c:00050001.
D/RPC     (  443): 3100008c:327681 sending RPC reply (XID 1389)
D/RPC     (  443): 3000008c:00050000 received CALL.
D/RPC     (  443): 3000008c:00050000 dispatching RPC call (XID 1390, xdr 0x45c828) for callback client 3100008c:00050001.
D/RPC     (  443): 3100008c:327681 sending RPC reply (XID 1390)
E/power   (  443): acquire_wake_lock g_error=2 
E/power   (  443): release_wake_lock g_error=2 
E/power   (  443): acquire_wake_lock g_error=2 
E/power   (  443): release_wake_lock g_error=2 
E/power   (  443): acquire_wake_lock g_error=2 
D/RPC     (  443): 3000008c:00050000 received CALL.
D/RPC     (  443): 3000008c:00050000 dispatching RPC call (XID 1391, xdr 0x45c828) for callback client 3100008c:00050001.
D/RPC     (  443): 3100008c:327681 sending RPC reply (XID 1391)
D/RPC     (  443): 3000008c:00050000 received CALL.
D/RPC     (  443): 3000008c:00050000 dispatching RPC call (XID 1392, xdr 0x45c828) for callback client 3100008c:00050001.
D/RPC     (  443): 3100008c:327681 sending RPC reply (XID 1392)
D/RPC     (  443): 3000008c:00050000 received CALL.
D/RPC     (  443): 3000008c:00050000 dispatching RPC call (XID 1393, xdr 0x45c828) for callback client 3100008c:00050001.
E/power   (  443): release_wake_lock g_error=2 
D/RPC     (  443): 3100008c:327681 sending RPC reply (XID 1393)
E/power   (  443): acquire_wake_lock g_error=2 
E/power   (  443): release_wake_lock g_error=2 
D/RPC     (  443): 3000008c:00050000 received CALL.
D/RPC     (  443): 3000008c:00050000 dispatching RPC call (XID 1394, xdr 0x45c828) for callback client 3100008c:00050001.
D/RPC     (  443): 3100008c:327681 sending RPC reply (XID 1394)
I/WindowOrientationListener(  443): orientation = 350 Tilt = 33 -- -1 ,  7 ,  5
E/power   (  443): acquire_wake_lock g_error=2 
E/power   (  443): acquire_wake_lock g_error=2 
E/power   (  443): release_wake_lock g_error=2 
E/power   (  443): release_wake_lock g_error=2 
E/power   (  443): acquire_wake_lock g_error=2 
D/RPC     (  443): 3000008c:00050000 received CALL.
D/RPC     (  443): 3000008c:00050000 dispatching RPC call (XID 1395, xdr 0x45c828) for callback client 3100008c:00050001.
D/RPC     (  443): 3100008c:327681 sending RPC reply (XID 1395)
D/RPC     (  443): 3000008c:00050000 received CALL.
D/RPC     (  443): 3000008c:00050000 dispatching RPC call (XID 1396, xdr 0x45c828) for callback client 3100008c:00050001.
D/RPC     (  443): 3100008c:327681 sending RPC reply (XID 1396)
D/RPC     (  443): 3000008c:00050000 received CALL.
E/power   (  443): acquire_wake_lock g_error=2 
E/power   (  443): release_wake_lock g_error=2 
E/power   (  443): release_wake_lock g_error=2 
E/power   (  443): acquire_wake_lock g_error=2 
D/RPC     (  443): 3000008c:00050000 dispatching RPC call (XID 1397, xdr 0x45c828) for callback client 3100008c:00050001.
D/RPC     (  443): 3100008c:327681 sending RPC reply (XID 1397)
D/RPC     (  443): 3000008c:00050000 received CALL.
D/RPC     (  443): 3000008c:00050000 dispatching RPC call (XID 1398, xdr 0x45c828) for callback client 3100008c:00050001.
D/RPC     (  443): 3100008c:327681 sending RPC reply (XID 1398)
D/RPC     (  443): 3000008c:00050000 received CALL.
D/RPC     (  443): 3000008c:00050000 dispatching RPC call (XID 1399, xdr 0x45c828) for callback client 3100008c:00050001.
E/power   (  443): acquire_wake_lock g_error=2 
E/power   (  443): release_wake_lock g_error=2 
E/power   (  443): acquire_wake_lock g_error=2 
E/power   (  443): release_wake_lock g_error=2 
D/RPC     (  443): 3100008c:327681 sending RPC reply (XID 1399)
D/RPC     (  443): 3000008c:00050000 received CALL.
D/RPC     (  443): 3000008c:00050000 dispatching RPC call (XID 1400, xdr 0x45c828) for callback client 3100008c:00050001.
D/RPC     (  443): 3100008c:327681 sending RPC reply (XID 1400)
D/RPC     (  443): 3000008c:00050000 received CALL.
D/RPC     (  443): 3000008c:00050000 dispatching RPC call (XID 1401, xdr 0x45c828) for callback client 3100008c:00050001.
E/power   (  443): acquire_wake_lock g_error=2 
E/power   (  443): release_wake_lock g_error=2 
E/power   (  443): release_wake_lock g_error=2 
E/power   (  443): acquire_wake_lock g_error=2 
E/power   (  443): release_wake_lock g_error=2 
D/RPC     (  443): 3100008c:327681 sending RPC reply (XID 1401)
D/RPC     (  443): 3000008c:00050000 received CALL.
D/RPC     (  443): 3000008c:00050000 dispatching RPC call (XID 1402, xdr 0x45c828) for callback client 3100008c:00050001.
D/RPC     (  443): 3100008c:327681 sending RPC reply (XID 1402)
D/RPC     (  443): 3000008c:00050000 received CALL.
D/RPC     (  443): 3000008c:00050000 dispatching RPC call (XID 1403, xdr 0x45c828) for callback client 3100008c:00050001.
D/RPC     (  443): 3100008c:327681 sending RPC reply (XID 1403)
E/power   (  443): acquire_wake_lock g_error=2 
E/power   (  443): release_wake_lock g_error=2 
D/RPC     (  443): 3000008c:00050000 received CALL.
D/RPC     (  443): 3000008c:00050000 dispatching RPC call (XID 1404, xdr 0x45c828) for callback client 3100008c:00050001.
D/RPC     (  443): 3100008c:327681 sending RPC reply (XID 1404)
E/power   (  443): acquire_wake_lock g_error=2 
E/power   (  443): release_wake_lock g_error=2 
D/RPC     (  443): 3000008c:00050000 received CALL.
D/RPC     (  443): 3000008c:00050000 dispatching RPC call (XID 1405, xdr 0x45c828) for callback client 3100008c:00050001.
D/RPC     (  443): 3100008c:327681 sending RPC reply (XID 1405)
I/WindowOrientationListener(  443): orientation = 344 Tilt = 26 -- -2 ,  8 ,  4
I/InputReader(  443): dispatchTouch::touch event's action is 0, pending(waiting finished signal)=0
I/InputDispatcher(  443): Delivering touch to current input target: action: 0, channel '40a9fdf0 edu.mit.csail.diplomamatrix/edu.mit.csail.diplomamatrix.StatusActivity (server)'
I/InputDispatcher(  443): Delivering touch to current input target: action: 0, channel 'PenGestureView (server)'
E/power   (  443): acquire_wake_lock g_error=2 
E/power   (  443): release_wake_lock g_error=2 
E/power   (  443): acquire_wake_lock g_error=2 
E/power   (  443): release_wake_lock g_error=2 
D/RPC     (  443): 3000008c:00050000 received CALL.
D/RPC     (  443): 3000008c:00050000 dispatching RPC call (XID 1406, xdr 0x45c828) for callback client 3100008c:00050001.
D/RPC     (  443): 3100008c:327681 sending RPC reply (XID 1406)
D/RPC     (  443): 3000008c:00050000 received CALL.
D/RPC     (  443): 3000008c:00050000 dispatching RPC call (XID 1407, xdr 0x45c828) for callback client 3100008c:00050001.
D/RPC     (  443): 3100008c:327681 sending RPC reply (XID 1407)
E/power   (  443): acquire_wake_lock g_error=2 
E/power   (  443): release_wake_lock g_error=2 
E/power   (  443): acquire_wake_lock g_error=2 
E/power   (  443): release_wake_lock g_error=2 
D/RPC     (  443): 3000008c:00050000 received CALL.
D/RPC     (  443): 3000008c:00050000 dispatching RPC call (XID 1408, xdr 0x45c828) for callback client 3100008c:00050001.
D/RPC     (  443): 3100008c:327681 sending RPC reply (XID 1408)
D/RPC     (  443): 3000008c:00050000 received CALL.
D/RPC     (  443): 3000008c:00050000 dispatching RPC call (XID 1409, xdr 0x45c828) for callback client 3100008c:00050001.
D/RPC     (  443): 3100008c:327681 sending RPC reply (XID 1409)
E/power   (  443): acquire_wake_lock g_error=2 
E/power   (  443): acquire_wake_lock g_error=2 
E/power   (  443): release_wake_lock g_error=2 
E/power   (  443): release_wake_lock g_error=2 
E/power   (  443): acquire_wake_lock g_error=2 
E/power   (  443): release_wake_lock g_error=2 
E/power   (  443): acquire_wake_lock g_error=2 
D/RPC     (  443): 3000008c:00050000 received CALL.
D/RPC     (  443): 3000008c:00050000 dispatching RPC call (XID 1410, xdr 0x45c828) for callback client 3100008c:00050001.
D/RPC     (  443): 3100008c:327681 sending RPC reply (XID 1410)
D/RPC     (  443): 3000008c:00050000 received CALL.
D/RPC     (  443): 3000008c:00050000 dispatching RPC call (XID 1411, xdr 0x45c828) for callback client 3100008c:00050001.
D/RPC     (  443): 3100008c:327681 sending RPC reply (XID 1411)
D/RPC     (  443): 3000008c:00050000 received CALL.
D/RPC     (  443): 3000008c:00050000 dispatching RPC call (XID 1412, xdr 0x45c828) for callback client 3100008c:00050001.
D/RPC     (  443): 3100008c:327681 sending RPC reply (XID 1412)
D/RPC     (  443): 3000008c:00050000 received CALL.
D/RPC     (  443): 3000008c:00050000 dispatching RPC call (XID 1413, xdr 0x45c828) for callback client 3100008c:00050001.
E/power   (  443): release_wake_lock g_error=2 
E/power   (  443): acquire_wake_lock g_error=2 
E/power   (  443): release_wake_lock g_error=2 
E/power   (  443): acquire_wake_lock g_error=2 
E/power   (  443): release_wake_lock g_error=2 
I/InputReader(  443): dispatchTouch::touch event's action is 1, pending(waiting finished signal)=0
D/RPC     (  443): 3100008c:327681 sending RPC reply (XID 1413)
D/RPC     (  443): 3000008c:00050000 received CALL.
D/RPC     (  443): 3000008c:00050000 dispatching RPC call (XID 1414, xdr 0x45c828) for callback client 3100008c:00050001.
D/RPC     (  443): 3100008c:327681 sending RPC reply (XID 1414)
D/RPC     (  443): 3000008c:00050000 received CALL.
D/RPC     (  443): 3000008c:00050000 dispatching RPC call (XID 1415, xdr 0x45c828) for callback client 3100008c:00050001.
D/RPC     (  443): 3100008c:327681 sending RPC reply (XID 1415)
I/InputDispatcher(  443): Delivering touch to current input target: action: 1, channel '40a9fdf0 edu.mit.csail.diplomamatrix/edu.mit.csail.diplomamatrix.StatusActivity (server)'
I/InputDispatcher(  443): Delivering touch to current input target: action: 1, channel 'PenGestureView (server)'
V/AudioPolicyManager(  325): getParamFromPolicy  deviceInt = 0, situationInt = 1, situationVolume = 1.000000
V/AudioPolicyService(  325): startOutput() tid 527
V/AudioPolicyManager(  325): startOutput() output 1, stream 1, session 12
V/AudioPolicyManager(  325): getDeviceForStrategy() from cache strategy 0, device 2
V/AudioPolicyManager(  325): getNewDevice() selected device 2
V/AudioPolicyManager(  325): setOutputDevice() output 1 device 2 delayMs 0
V/AudioPolicyManager(  325): setOutputDevice() setting same device 2 or null device for output 1
E/AudioTrack(  443): Audio track delete
E/AudioTrack(  443): stop 0x62fc30
E/AudioTrack(  443): Stop complete
E/AudioTrack(  443): Audio track exit start
E/AudioTrack(  443): Audio track exit done
V/AudioPolicyService(  325): releaseOutput() tid 407
V/AudioPolicyManager(  325): releaseOutput() 1
I/StatusActivity( 2294): 1333059482728: canPressButton = false. PLEASE MOVE TO A VALID REGION!
I/StatusActivity( 2294): 1333059482728: can't press region 4 yet
V/AudioHardwareMSM8660(  325): open driver
V/AudioHardwareMSM8660(  325): get config
V/AudioHardwareMSM8660(  325): set config
V/AudioHardwareMSM8660(  325): buffer_size: 4800
V/AudioHardwareMSM8660(  325): buffer_count: 2
V/AudioHardwareMSM8660(  325): channel_count: 2
V/AudioHardwareMSM8660(  325): sample_rate: 44100
D/AudioHardwareMSM8660(  325): write(): dec_id = 1 cur_rx = 2
V/AudioHardwareMSM8660(  325): cur_rx for pcm playback = 2
D/AudioHardwareMSM8660(  325): value of device and enable is 2 1 ALSA dev id:2
D/ACDB-LOADER(  325): ACDB -> send_audio_cal, acdb_id = 2, path =  0
D/ACDB-LOADER(  325): ACDB -> send_audtable
D/ACDB-LOADER(  325): ACDB -> ACDB_CMD_GET_AUDPROC_COMMON_TABLE
D/ACDB-LOADER(  325): ACDB -> AUDIO_SET_AUDPROC_CAL
D/ACDB-LOADER(  325): ACDB -> send_audvoltable
D/ACDB-LOADER(  325): ACDB -> ACDB_CMD_GET_AUDPROC_GAIN_DEP_VOLTBL_STEP_COPP
D/ACDB-LOADER(  325): ACDB -> AUDIO_SET_AUDPROC_VOL_CAL
W/AudioFlinger(  325): write blocked for 83 msecs, 5 delayed writes, thread 0x32978
E/power   (  443): acquire_wake_lock g_error=2 
E/power   (  443): release_wake_lock g_error=2 
D/RPC     (  443): 3000008c:00050000 received CALL.
D/RPC     (  443): 3000008c:00050000 dispatching RPC call (XID 1416, xdr 0x45c828) for callback client 3100008c:00050001.
D/RPC     (  443): 3100008c:327681 sending RPC reply (XID 1416)
E/AudioTrack(  443): stop 0x566988
V/AudioPolicyService(  325): stopOutput() tid 529
V/AudioPolicyManager(  325): stopOutput() output 1, stream 1, session 12
V/AudioPolicyManager(  325): getNewDevice() selected device 0
V/AudioPolicyManager(  325): setOutputDevice() output 1 device 0 delayMs 0
V/AudioPolicyManager(  325): setOutputDevice() setting same device 0 or null device for output 1
E/AudioTrack(  443): Stop complete
I/WindowOrientationListener(  443): orientation = 343 Tilt = 27 -- -2 ,  8 ,  4
E/power   (  443): acquire_wake_lock g_error=2 
E/power   (  443): release_wake_lock g_error=2 
E/power   (  443): acquire_wake_lock g_error=2 
E/power   (  443): release_wake_lock g_error=2 
E/power   (  443): acquire_wake_lock g_error=2 
D/RPC     (  443): 3000008c:00050000 received CALL.
D/RPC     (  443): 3000008c:00050000 dispatching RPC call (XID 1417, xdr 0x45c828) for callback client 3100008c:00050001.
D/RPC     (  443): 3100008c:327681 sending RPC reply (XID 1417)
D/RPC     (  443): 3000008c:00050000 received CALL.
D/RPC     (  443): 3000008c:00050000 dispatching RPC call (XID 1418, xdr 0x45c828) for callback client 3100008c:00050001.
D/RPC     (  443): 3100008c:327681 sending RPC reply (XID 1418)
D/RPC     (  443): 3000008c:00050000 received CALL.
D/RPC     (  443): 3000008c:00050000 dispatching RPC call (XID 1419, xdr 0x45c828) for callback client 3100008c:00050001.
E/power   (  443): release_wake_lock g_error=2 
E/power   (  443): acquire_wake_lock g_error=2 
E/power   (  443): acquire_wake_lock g_error=2 
E/power   (  443): release_wake_lock g_error=2 
D/RPC     (  443): 3100008c:327681 sending RPC reply (XID 1419)
D/RPC     (  443): 3000008c:00050000 received CALL.
D/RPC     (  443): 3000008c:00050000 dispatching RPC call (XID 1420, xdr 0x45c828) for callback client 3100008c:00050001.
D/RPC     (  443): 3100008c:327681 sending RPC reply (XID 1420)
D/RPC     (  443): 3000008c:00050000 received CALL.
D/RPC     (  443): 3000008c:00050000 dispatching RPC call (XID 1421, xdr 0x45c828) for callback client 3100008c:00050001.
E/power   (  443): release_wake_lock g_error=2 
E/power   (  443): acquire_wake_lock g_error=2 
E/power   (  443): release_wake_lock g_error=2 
E/power   (  443): acquire_wake_lock g_error=2 
D/RPC     (  443): 3100008c:327681 sending RPC reply (XID 1421)
D/RPC     (  443): 3000008c:00050000 received CALL.
D/RPC     (  443): 3000008c:00050000 dispatching RPC call (XID 1422, xdr 0x45c828) for callback client 3100008c:00050001.
D/RPC     (  443): 3100008c:327681 sending RPC reply (XID 1422)
D/RPC     (  443): 3000008c:00050000 received CALL.
E/power   (  443): release_wake_lock g_error=2 
E/power   (  443): acquire_wake_lock g_error=2 
E/power   (  443): release_wake_lock g_error=2 
E/power   (  443): acquire_wake_lock g_error=2 
D/RPC     (  443): 3000008c:00050000 dispatching RPC call (XID 1423, xdr 0x45c828) for callback client 3100008c:00050001.
D/RPC     (  443): 3100008c:327681 sending RPC reply (XID 1423)
D/RPC     (  443): 3000008c:00050000 received CALL.
D/RPC     (  443): 3000008c:00050000 dispatching RPC call (XID 1424, xdr 0x45c828) for callback client 3100008c:00050001.
D/RPC     (  443): 3100008c:327681 sending RPC reply (XID 1424)
D/RPC     (  443): 3000008c:00050000 received CALL.
D/RPC     (  443): 3000008c:00050000 dispatching RPC call (XID 1425, xdr 0x45c828) for callback client 3100008c:00050001.
E/power   (  443): acquire_wake_lock g_error=2 
E/power   (  443): release_wake_lock g_error=2 
E/power   (  443): release_wake_lock g_error=2 
D/RPC     (  443): 3100008c:327681 sending RPC reply (XID 1425)
D/RPC     (  443): 3000008c:00050000 received CALL.
D/RPC     (  443): 3000008c:00050000 dispatching RPC call (XID 1426, xdr 0x45c828) for callback client 3100008c:00050001.
D/RPC     (  443): 3100008c:327681 sending RPC reply (XID 1426)
E/power   (  443): acquire_wake_lock g_error=2 
E/power   (  443): release_wake_lock g_error=2 
D/RPC     (  443): 3000008c:00050000 received CALL.
D/RPC     (  443): 3000008c:00050000 dispatching RPC call (XID 1427, xdr 0x45c828) for callback client 3100008c:00050001.
D/RPC     (  443): 3100008c:327681 sending RPC reply (XID 1427)
I/WindowOrientationListener(  443): orientation = 347 Tilt = 31 -- -1 ,  7 ,  5
E/power   (  443): acquire_wake_lock g_error=2 
E/power   (  443): release_wake_lock g_error=2 
E/power   (  443): acquire_wake_lock g_error=2 
E/power   (  443): release_wake_lock g_error=2 
D/RPC     (  443): 3000008c:00050000 received CALL.
D/RPC     (  443): 3000008c:00050000 dispatching RPC call (XID 1428, xdr 0x45c828) for callback client 3100008c:00050001.
D/RPC     (  443): 3100008c:327681 sending RPC reply (XID 1428)
D/RPC     (  443): 3000008c:00050000 received CALL.
D/RPC     (  443): 3000008c:00050000 dispatching RPC call (XID 1429, xdr 0x45c828) for callback client 3100008c:00050001.
D/RPC     (  443): 3100008c:327681 sending RPC reply (XID 1429)
E/power   (  443): acquire_wake_lock g_error=2 
E/power   (  443): acquire_wake_lock g_error=2 
E/power   (  443): release_wake_lock g_error=2 
D/RPC     (  443): 3000008c:00050000 received CALL.
D/RPC     (  443): 3000008c:00050000 dispatching RPC call (XID 1430, xdr 0x45c828) for callback client 3100008c:00050001.
D/RPC     (  443): 3100008c:327681 sending RPC reply (XID 1430)
D/RPC     (  443): 3000008c:00050000 received CALL.
D/RPC     (  443): 3000008c:00050000 dispatching RPC call (XID 1431, xdr 0x45c828) for callback client 3100008c:00050001.
D/RPC     (  443): 3100008c:327681 sending RPC reply (XID 1431)
E/power   (  443): release_wake_lock g_error=2 
E/power   (  443): acquire_wake_lock g_error=2 
E/power   (  443): release_wake_lock g_error=2 
E/power   (  443): acquire_wake_lock g_error=2 
E/power   (  443): release_wake_lock g_error=2 
D/RPC     (  443): 3000008c:00050000 received CALL.
D/RPC     (  443): 3000008c:00050000 dispatching RPC call (XID 1432, xdr 0x45c828) for callback client 3100008c:00050001.
D/RPC     (  443): 3100008c:327681 sending RPC reply (XID 1432)
D/RPC     (  443): 3000008c:00050000 received CALL.
D/RPC     (  443): 3000008c:00050000 dispatching RPC call (XID 1433, xdr 0x45c828) for callback client 3100008c:00050001.
D/RPC     (  443): 3100008c:327681 sending RPC reply (XID 1433)
E/power   (  443): acquire_wake_lock g_error=2 
E/power   (  443): release_wake_lock g_error=2 
E/power   (  443): acquire_wake_lock g_error=2 
D/RPC     (  443): 3000008c:00050000 received CALL.
D/RPC     (  443): 3000008c:00050000 dispatching RPC call (XID 1434, xdr 0x45c828) for callback client 3100008c:00050001.
D/RPC     (  443): 3100008c:327681 sending RPC reply (XID 1434)
D/RPC     (  443): 3000008c:00050000 received CALL.
D/RPC     (  443): 3000008c:00050000 dispatching RPC call (XID 1435, xdr 0x45c828) for callback client 3100008c:00050001.
D/RPC     (  443): 3100008c:327681 sending RPC reply (XID 1435)
E/power   (  443): acquire_wake_lock g_error=2 
E/power   (  443): release_wake_lock g_error=2 
E/power   (  443): release_wake_lock g_error=2 
E/power   (  443): acquire_wake_lock g_error=2 
D/RPC     (  443): 3000008c:00050000 received CALL.
D/RPC     (  443): 3000008c:00050000 dispatching RPC call (XID 1436, xdr 0x45c828) for callback client 3100008c:00050001.
D/RPC     (  443): 3100008c:327681 sending RPC reply (XID 1436)
D/RPC     (  443): 3000008c:00050000 received CALL.
D/RPC     (  443): 3000008c:00050000 dispatching RPC call (XID 1437, xdr 0x45c828) for callback client 3100008c:00050001.
E/power   (  443): release_wake_lock g_error=2 
D/RPC     (  443): 3100008c:327681 sending RPC reply (XID 1437)
E/power   (  443): acquire_wake_lock g_error=2 
E/power   (  443): release_wake_lock g_error=2 
D/RPC     (  443): 3000008c:00050000 received CALL.
D/RPC     (  443): 3000008c:00050000 dispatching RPC call (XID 1438, xdr 0x45c828) for callback client 3100008c:00050001.
D/RPC     (  443): 3100008c:327681 sending RPC reply (XID 1438)
D/AudioHardwareMSM8660(  325): AudioStreamOutMSM72xx::standby()
D/AudioHardwareMSM8660(  325): Deroute pcm stream
D/AudioHardwareMSM8660(  325): value of device and enable is 2 0 ALSA dev id:2
I/WindowOrientationListener(  443): orientation = 347 Tilt = 31 -- -1 ,  7 ,  4
E/power   (  443): acquire_wake_lock g_error=2 
E/power   (  443): release_wake_lock g_error=2 
E/power   (  443): acquire_wake_lock g_error=2 
E/power   (  443): release_wake_lock g_error=2 
E/power   (  443): acquire_wake_lock g_error=2 
E/power   (  443): release_wake_lock g_error=2 
D/RPC     (  443): 3000008c:00050000 received CALL.
D/RPC     (  443): 3000008c:00050000 dispatching RPC call (XID 1439, xdr 0x45c828) for callback client 3100008c:00050001.
D/RPC     (  443): 3100008c:327681 sending RPC reply (XID 1439)
D/RPC     (  443): 3000008c:00050000 received CALL.
D/RPC     (  443): 3000008c:00050000 dispatching RPC call (XID 1440, xdr 0x45c828) for callback client 3100008c:00050001.
D/RPC     (  443): 3100008c:327681 sending RPC reply (XID 1440)
D/RPC     (  443): 3000008c:00050000 received CALL.
D/RPC     (  443): 3000008c:00050000 dispatching RPC call (XID 1441, xdr 0x45c828) for callback client 3100008c:00050001.
D/RPC     (  443): 3100008c:327681 sending RPC reply (XID 1441)
E/power   (  443): acquire_wake_lock g_error=2 
E/power   (  443): release_wake_lock g_error=2 
E/power   (  443): acquire_wake_lock g_error=2 
D/RPC     (  443): 3000008c:00050000 received CALL.
D/RPC     (  443): 3000008c:00050000 dispatching RPC call (XID 1442, xdr 0x45c828) for callback client 3100008c:00050001.
D/RPC     (  443): 3100008c:327681 sending RPC reply (XID 1442)
D/RPC     (  443): 3000008c:00050000 received CALL.
D/RPC     (  443): 3000008c:00050000 dispatching RPC call (XID 1443, xdr 0x45c828) for callback client 3100008c:00050001.
D/RPC     (  443): 3100008c:327681 sending RPC reply (XID 1443)
E/power   (  443): acquire_wake_lock g_error=2 
E/power   (  443): release_wake_lock g_error=2 
E/power   (  443): acquire_wake_lock g_error=2 
E/power   (  443): release_wake_lock g_error=2 
D/RPC     (  443): 3000008c:00050000 received CALL.
D/RPC     (  443): 3000008c:00050000 dispatching RPC call (XID 1444, xdr 0x45c828) for callback client 3100008c:00050001.
D/RPC     (  443): 3100008c:327681 sending RPC reply (XID 1444)
D/RPC     (  443): 3000008c:00050000 received CALL.
D/RPC     (  443): 3000008c:00050000 dispatching RPC call (XID 1445, xdr 0x45c828) for callback client 3100008c:00050001.
D/RPC     (  443): 3100008c:327681 sending RPC reply (XID 1445)
E/power   (  443): acquire_wake_lock g_error=2 
E/power   (  443): release_wake_lock g_error=2 
E/power   (  443): acquire_wake_lock g_error=2 
E/power   (  443): release_wake_lock g_error=2 
E/power   (  443): release_wake_lock g_error=2 
D/RPC     (  443): 3000008c:00050000 received CALL.
D/RPC     (  443): 3000008c:00050000 dispatching RPC call (XID 1446, xdr 0x45c828) for callback client 3100008c:00050001.
D/RPC     (  443): 3100008c:327681 sending RPC reply (XID 1446)
D/RPC     (  443): 3000008c:00050000 received CALL.
D/RPC     (  443): 3000008c:00050000 dispatching RPC call (XID 1447, xdr 0x45c828) for callback client 3100008c:00050001.
D/RPC     (  443): 3100008c:327681 sending RPC reply (XID 1447)
E/power   (  443): acquire_wake_lock g_error=2 
E/power   (  443): release_wake_lock g_error=2 
D/RPC     (  443): 3000008c:00050000 received CALL.
D/RPC     (  443): 3000008c:00050000 dispatching RPC call (XID 1448, xdr 0x45c828) for callback client 3100008c:00050001.
D/RPC     (  443): 3100008c:327681 sending RPC reply (XID 1448)
E/power   (  443): acquire_wake_lock g_error=2 
E/power   (  443): release_wake_lock g_error=2 
D/RPC     (  443): 3000008c:00050000 received CALL.
D/RPC     (  443): 3000008c:00050000 dispatching RPC call (XID 1449, xdr 0x45c828) for callback client 3100008c:00050001.
D/RPC     (  443): 3100008c:327681 sending RPC reply (XID 1449)
I/WindowOrientationListener(  443): orientation = 347 Tilt = 29 -- -1 ,  8 ,  4
E/power   (  443): acquire_wake_lock g_error=2 
E/power   (  443): release_wake_lock g_error=2 
E/power   (  443): acquire_wake_lock g_error=2 
E/power   (  443): release_wake_lock g_error=2 
D/RPC     (  443): 3000008c:00050000 received CALL.
D/RPC     (  443): 3000008c:00050000 dispatching RPC call (XID 1450, xdr 0x45c828) for callback client 3100008c:00050001.
D/RPC     (  443): 3100008c:327681 sending RPC reply (XID 1450)
D/RPC     (  443): 3000008c:00050000 received CALL.
D/RPC     (  443): 3000008c:00050000 dispatching RPC call (XID 1451, xdr 0x45c828) for callback client 3100008c:00050001.
D/RPC     (  443): 3100008c:327681 sending RPC reply (XID 1451)
E/power   (  443): acquire_wake_lock g_error=2 
E/power   (  443): release_wake_lock g_error=2 
E/power   (  443): acquire_wake_lock g_error=2 
D/RPC     (  443): 3000008c:00050000 received CALL.
D/RPC     (  443): 3000008c:00050000 dispatching RPC call (XID 1452, xdr 0x45c828) for callback client 3100008c:00050001.
D/RPC     (  443): 3100008c:327681 sending RPC reply (XID 1452)
D/RPC     (  443): 3000008c:00050000 received CALL.
D/RPC     (  443): 3000008c:00050000 dispatching RPC call (XID 1453, xdr 0x45c828) for callback client 3100008c:00050001.
D/RPC     (  443): 3100008c:327681 sending RPC reply (XID 1453)
E/power   (  443): acquire_wake_lock g_error=2 
E/power   (  443): release_wake_lock g_error=2 
E/power   (  443): release_wake_lock g_error=2 
E/power   (  443): acquire_wake_lock g_error=2 
D/RPC     (  443): 3000008c:00050000 received CALL.
D/RPC     (  443): 3000008c:00050000 dispatching RPC call (XID 1454, xdr 0x45c828) for callback client 3100008c:00050001.
D/RPC     (  443): 3100008c:327681 sending RPC reply (XID 1454)
D/RPC     (  443): 3000008c:00050000 received CALL.
D/RPC     (  443): 3000008c:00050000 dispatching RPC call (XID 1455, xdr 0x45c828) for callback client 3100008c:00050001.
D/RPC     (  443): 3100008c:327681 sending RPC reply (XID 1455)
E/power   (  443): acquire_wake_lock g_error=2 
E/power   (  443): release_wake_lock g_error=2 
E/power   (  443): release_wake_lock g_error=2 
E/power   (  443): acquire_wake_lock g_error=2 
D/RPC     (  443): 3000008c:00050000 received CALL.
D/RPC     (  443): 3000008c:00050000 dispatching RPC call (XID 1456, xdr 0x45c828) for callback client 3100008c:00050001.
D/RPC     (  443): 3100008c:327681 sending RPC reply (XID 1456)
D/RPC     (  443): 3000008c:00050000 received CALL.
D/RPC     (  443): 3000008c:00050000 dispatching RPC call (XID 1457, xdr 0x45c828) for callback client 3100008c:00050001.
E/power   (  443): release_wake_lock g_error=2 
E/power   (  443): acquire_wake_lock g_error=2 
E/power   (  443): release_wake_lock g_error=2 
E/power   (  443): acquire_wake_lock g_error=2 
D/RPC     (  443): 3100008c:327681 sending RPC reply (XID 1457)
D/RPC     (  443): 3000008c:00050000 received CALL.
D/RPC     (  443): 3000008c:00050000 dispatching RPC call (XID 1458, xdr 0x45c828) for callback client 3100008c:00050001.
D/RPC     (  443): 3100008c:327681 sending RPC reply (XID 1458)
D/RPC     (  443): 3000008c:00050000 received CALL.
D/RPC     (  443): 3000008c:00050000 dispatching RPC call (XID 1459, xdr 0x45c828) for callback client 3100008c:00050001.
E/power   (  443): release_wake_lock g_error=2 
D/RPC     (  443): 3100008c:327681 sending RPC reply (XID 1459)
E/AlarmManagerService(  443): android_server_AlarmManagerService_set to type=1, 1333059506.828000000
V/AlarmManager(  443): Adding alarm Alarm{40c9ffc8 type 1 com.tecace.tetheringmanager} at 0
V/AlarmManager(  443): sending alarm Alarm{40c9ffc8 type 1 com.tecace.tetheringmanager}
I/TetheringManagerService( 1341): Running time = 40 seconds
E/power   (  443): acquire_wake_lock g_error=2 
E/power   (  443): release_wake_lock g_error=2 
D/RPC     (  443): 3000008c:00050000 received CALL.
D/RPC     (  443): 3000008c:00050000 dispatching RPC call (XID 1460, xdr 0x45c828) for callback client 3100008c:00050001.
D/RPC     (  443): 3100008c:327681 sending RPC reply (XID 1460)
I/InputReader(  443): dispatchTouch::touch event's action is 0, pending(waiting finished signal)=0
I/InputDispatcher(  443): Delivering touch to current input target: action: 0, channel '40a9fdf0 edu.mit.csail.diplomamatrix/edu.mit.csail.diplomamatrix.StatusActivity (server)'
I/InputDispatcher(  443): Delivering touch to current input target: action: 0, channel 'PenGestureView (server)'
I/InputReader(  443): dispatchTouch::touch event's action is 1, pending(waiting finished signal)=0
I/InputDispatcher(  443): Delivering touch to current input target: action: 1, channel '40a9fdf0 edu.mit.csail.diplomamatrix/edu.mit.csail.diplomamatrix.StatusActivity (server)'
I/InputDispatcher(  443): Delivering touch to current input target: action: 1, channel 'PenGestureView (server)'
I/WindowOrientationListener(  443): orientation = 342 Tilt = 21 -- -2 ,  8 ,  3
E/power   (  443): acquire_wake_lock g_error=2 
E/power   (  443): release_wake_lock g_error=2 
E/power   (  443): acquire_wake_lock g_error=2 
E/power   (  443): release_wake_lock g_error=2 
E/power   (  443): acquire_wake_lock g_error=2 
E/power   (  443): release_wake_lock g_error=2 
D/RPC     (  443): 3000008c:00050000 received CALL.
D/RPC     (  443): 3000008c:00050000 dispatching RPC call (XID 1461, xdr 0x45c828) for callback client 3100008c:00050001.
D/RPC     (  443): 3100008c:327681 sending RPC reply (XID 1461)
D/RPC     (  443): 3000008c:00050000 received CALL.
D/RPC     (  443): 3000008c:00050000 dispatching RPC call (XID 1462, xdr 0x45c828) for callback client 3100008c:00050001.
D/RPC     (  443): 3100008c:327681 sending RPC reply (XID 1462)
D/RPC     (  443): 3000008c:00050000 received CALL.
D/RPC     (  443): 3000008c:00050000 dispatching RPC call (XID 1463, xdr 0x45c828) for callback client 3100008c:00050001.
D/RPC     (  443): 3100008c:327681 sending RPC reply (XID 1463)
E/power   (  443): acquire_wake_lock g_error=2 
E/power   (  443): release_wake_lock g_error=2 
E/power   (  443): acquire_wake_lock g_error=2 
D/RPC     (  443): 3000008c:00050000 received CALL.
D/RPC     (  443): 3000008c:00050000 dispatching RPC call (XID 1464, xdr 0x45c828) for callback client 3100008c:00050001.
D/RPC     (  443): 3100008c:327681 sending RPC reply (XID 1464)
D/RPC     (  443): 3000008c:00050000 received CALL.
D/RPC     (  443): 3000008c:00050000 dispatching RPC call (XID 1465, xdr 0x45c828) for callback client 3100008c:00050001.
D/RPC     (  443): 3100008c:327681 sending RPC reply (XID 1465)
E/power   (  443): acquire_wake_lock g_error=2 
E/power   (  443): release_wake_lock g_error=2 
E/power   (  443): acquire_wake_lock g_error=2 
E/power   (  443): release_wake_lock g_error=2 
E/power   (  443): release_wake_lock g_error=2 
D/RPC     (  443): 3000008c:00050000 received CALL.
D/RPC     (  443): 3000008c:00050000 dispatching RPC call (XID 1466, xdr 0x45c828) for callback client 3100008c:00050001.
D/RPC     (  443): 3100008c:327681 sending RPC reply (XID 1466)
D/RPC     (  443): 3000008c:00050000 received CALL.
D/RPC     (  443): 3000008c:00050000 dispatching RPC call (XID 1467, xdr 0x45c828) for callback client 3100008c:00050001.
D/RPC     (  443): 3100008c:327681 sending RPC reply (XID 1467)
E/power   (  443): acquire_wake_lock g_error=2 
E/power   (  443): release_wake_lock g_error=2 
E/power   (  443): acquire_wake_lock g_error=2 
E/power   (  443): release_wake_lock g_error=2 
D/RPC     (  443): 3000008c:00050000 received CALL.
D/RPC     (  443): 3000008c:00050000 dispatching RPC call (XID 1468, xdr 0x45c828) for callback client 3100008c:00050001.
D/RPC     (  443): 3100008c:327681 sending RPC reply (XID 1468)
D/RPC     (  443): 3000008c:00050000 received CALL.
D/RPC     (  443): 3000008c:00050000 dispatching RPC call (XID 1469, xdr 0x45c828) for callback client 3100008c:00050001.
D/RPC     (  443): 3100008c:327681 sending RPC reply (XID 1469)
E/power   (  443): acquire_wake_lock g_error=2 
E/power   (  443): release_wake_lock g_error=2 
D/RPC     (  443): 3000008c:00050000 received CALL.
D/RPC     (  443): 3000008c:00050000 dispatching RPC call (XID 1470, xdr 0x45c828) for callback client 3100008c:00050001.
D/RPC     (  443): 3100008c:327681 sending RPC reply (XID 1470)
E/power   (  443): acquire_wake_lock g_error=2 
E/power   (  443): release_wake_lock g_error=2 
D/RPC     (  443): 3000008c:00050000 received CALL.
D/RPC     (  443): 3000008c:00050000 dispatching RPC call (XID 1471, xdr 0x45c828) for callback client 3100008c:00050001.
D/RPC     (  443): 3100008c:327681 sending RPC reply (XID 1471)
I/WindowOrientationListener(  443): orientation = 339 Tilt = 26 -- -2 ,  8 ,  4
E/power   (  443): acquire_wake_lock g_error=2 
E/power   (  443): release_wake_lock g_error=2 
E/power   (  443): acquire_wake_lock g_error=2 
E/power   (  443): release_wake_lock g_error=2 
D/RPC     (  443): 3000008c:00050000 received CALL.
D/RPC     (  443): 3000008c:00050000 dispatching RPC call (XID 1472, xdr 0x45c828) for callback client 3100008c:00050001.
D/RPC     (  443): 3100008c:327681 sending RPC reply (XID 1472)
D/RPC     (  443): 3000008c:00050000 received CALL.
D/RPC     (  443): 3000008c:00050000 dispatching RPC call (XID 1473, xdr 0x45c828) for callback client 3100008c:00050001.
D/RPC     (  443): 3100008c:327681 sending RPC reply (XID 1473)
E/power   (  443): acquire_wake_lock g_error=2 
E/power   (  443): release_wake_lock g_error=2 
E/power   (  443): acquire_wake_lock g_error=2 
D/RPC     (  443): 3000008c:00050000 received CALL.
D/RPC     (  443): 3000008c:00050000 dispatching RPC call (XID 1474, xdr 0x45c828) for callback client 3100008c:00050001.
D/RPC     (  443): 3100008c:327681 sending RPC reply (XID 1474)
D/RPC     (  443): 3000008c:00050000 received CALL.
D/RPC     (  443): 3000008c:00050000 dispatching RPC call (XID 1475, xdr 0x45c828) for callback client 3100008c:00050001.
D/RPC     (  443): 3100008c:327681 sending RPC reply (XID 1475)
E/power   (  443): acquire_wake_lock g_error=2 
E/power   (  443): release_wake_lock g_error=2 
E/power   (  443): release_wake_lock g_error=2 
E/power   (  443): acquire_wake_lock g_error=2 
D/RPC     (  443): 3000008c:00050000 received CALL.
D/RPC     (  443): 3000008c:00050000 dispatching RPC call (XID 1476, xdr 0x45c828) for callback client 3100008c:00050001.
D/RPC     (  443): 3100008c:327681 sending RPC reply (XID 1476)
D/RPC     (  443): 3000008c:00050000 received CALL.
D/RPC     (  443): 3000008c:00050000 dispatching RPC call (XID 1477, xdr 0x45c828) for callback client 3100008c:00050001.
E/power   (  443): acquire_wake_lock g_error=2 
E/power   (  443): release_wake_lock g_error=2 
E/power   (  443): release_wake_lock g_error=2 
E/power   (  443): acquire_wake_lock g_error=2 
D/RPC     (  443): 3100008c:327681 sending RPC reply (XID 1477)
D/RPC     (  443): 3000008c:00050000 received CALL.
D/RPC     (  443): 3000008c:00050000 dispatching RPC call (XID 1478, xdr 0x45c828) for callback client 3100008c:00050001.
D/RPC     (  443): 3100008c:327681 sending RPC reply (XID 1478)
D/RPC     (  443): 3000008c:00050000 received CALL.
D/RPC     (  443): 3000008c:00050000 dispatching RPC call (XID 1479, xdr 0x45c828) for callback client 3100008c:00050001.
E/power   (  443): acquire_wake_lock g_error=2 
E/power   (  443): release_wake_lock g_error=2 
E/power   (  443): acquire_wake_lock g_error=2 
E/power   (  443): release_wake_lock g_error=2 
D/RPC     (  443): 3100008c:327681 sending RPC reply (XID 1479)
D/RPC     (  443): 3000008c:00050000 received CALL.
D/RPC     (  443): 3000008c:00050000 dispatching RPC call (XID 1480, xdr 0x45c828) for callback client 3100008c:00050001.
D/RPC     (  443): 3100008c:327681 sending RPC reply (XID 1480)
E/power   (  443): release_wake_lock g_error=2 
D/RPC     (  443): 3000008c:00050000 received CALL.
D/RPC     (  443): 3000008c:00050000 dispatching RPC call (XID 1481, xdr 0x45c828) for callback client 3100008c:00050001.
D/RPC     (  443): 3100008c:327681 sending RPC reply (XID 1481)
E/power   (  443): acquire_wake_lock g_error=2 
E/power   (  443): release_wake_lock g_error=2 
D/RPC     (  443): 3000008c:00050000 received CALL.
D/RPC     (  443): 3000008c:00050000 dispatching RPC call (XID 1482, xdr 0x45c828) for callback client 3100008c:00050001.
D/RPC     (  443): 3100008c:327681 sending RPC reply (XID 1482)
I/WindowOrientationListener(  443): orientation = 340 Tilt = 28 -- -2 ,  7 ,  4
E/power   (  443): acquire_wake_lock g_error=2 
E/power   (  443): acquire_wake_lock g_error=2 
E/power   (  443): release_wake_lock g_error=2 
E/power   (  443): release_wake_lock g_error=2 
D/RPC     (  443): 3000008c:00050000 received CALL.
D/RPC     (  443): 3000008c:00050000 dispatching RPC call (XID 1483, xdr 0x45c828) for callback client 3100008c:00050001.
D/RPC     (  443): 3100008c:327681 sending RPC reply (XID 1483)
D/RPC     (  443): 3000008c:00050000 received CALL.
D/RPC     (  443): 3000008c:00050000 dispatching RPC call (XID 1484, xdr 0x45c828) for callback client 3100008c:00050001.
D/RPC     (  443): 3100008c:327681 sending RPC reply (XID 1484)
E/power   (  443): acquire_wake_lock g_error=2 
E/power   (  443): acquire_wake_lock g_error=2 
E/power   (  443): release_wake_lock g_error=2 
D/RPC     (  443): 3000008c:00050000 received CALL.
D/RPC     (  443): 3000008c:00050000 dispatching RPC call (XID 1485, xdr 0x45c828) for callback client 3100008c:00050001.
D/RPC     (  443): 3100008c:327681 sending RPC reply (XID 1485)
D/RPC     (  443): 3000008c:00050000 received CALL.
