D/RPC     (  443): 3000008c:00050000 dispatching RPC call (XID 1216, xdr 0x45c828) for callback client 3100008c:00050001.
D/RPC     (  443): 3100008c:327681 sending RPC reply (XID 1216)
D/RPC     (  443): 3000008c:00050000 received CALL.
D/RPC     (  443): 3000008c:00050000 dispatching RPC call (XID 1217, xdr 0x45c828) for callback client 3100008c:00050001.
E/power   (  443): release_wake_lock g_error=2 
E/power   (  443): acquire_wake_lock g_error=2 
E/power   (  443): release_wake_lock g_error=2 
E/power   (  443): acquire_wake_lock g_error=2 
D/RPC     (  443): 3100008c:327681 sending RPC reply (XID 1217)
D/RPC     (  443): 3000008c:00050000 received CALL.
D/RPC     (  443): 3000008c:00050000 dispatching RPC call (XID 1218, xdr 0x45c828) for callback client 3100008c:00050001.
D/RPC     (  443): 3100008c:327681 sending RPC reply (XID 1218)
D/RPC     (  443): 3000008c:00050000 received CALL.
D/RPC     (  443): 3000008c:00050000 dispatching RPC call (XID 1219, xdr 0x45c828) for callback client 3100008c:00050001.
E/power   (  443): release_wake_lock g_error=2 
E/power   (  443): acquire_wake_lock g_error=2 
E/power   (  443): release_wake_lock g_error=2 
D/RPC     (  443): 3100008c:327681 sending RPC reply (XID 1219)
D/RPC     (  443): 3000008c:00050000 received CALL.
D/RPC     (  443): 3000008c:00050000 dispatching RPC call (XID 1220, xdr 0x45c828) for callback client 3100008c:00050001.
D/RPC     (  443): 3100008c:327681 sending RPC reply (XID 1220)
E/power   (  443): acquire_wake_lock g_error=2 
E/power   (  443): release_wake_lock g_error=2 
E/power   (  443): acquire_wake_lock g_error=2 
E/power   (  443): release_wake_lock g_error=2 
D/RPC     (  443): 3000008c:00050000 received CALL.
D/RPC     (  443): 3000008c:00050000 dispatching RPC call (XID 1221, xdr 0x45c828) for callback client 3100008c:00050001.
D/RPC     (  443): 3100008c:327681 sending RPC reply (XID 1221)
D/RPC     (  443): 3000008c:00050000 received CALL.
D/RPC     (  443): 3000008c:00050000 dispatching RPC call (XID 1222, xdr 0x45c828) for callback client 3100008c:00050001.
D/RPC     (  443): 3100008c:327681 sending RPC reply (XID 1222)
E/power   (  443): acquire_wake_lock g_error=2 
E/power   (  443): release_wake_lock g_error=2 
E/power   (  443): acquire_wake_lock g_error=2 
D/RPC     (  443): 3000008c:00050000 received CALL.
D/RPC     (  443): 3000008c:00050000 dispatching RPC call (XID 1223, xdr 0x45c828) for callback client 3100008c:00050001.
D/RPC     (  443): 3100008c:327681 sending RPC reply (XID 1223)
D/RPC     (  443): 3000008c:00050000 received CALL.
D/RPC     (  443): 3000008c:00050000 dispatching RPC call (XID 1224, xdr 0x45c828) for callback client 3100008c:00050001.
E/power   (  443): release_wake_lock g_error=2 
D/RPC     (  443): 3100008c:327681 sending RPC reply (XID 1224)
E/power   (  443): acquire_wake_lock g_error=2 
E/power   (  443): release_wake_lock g_error=2 
D/RPC     (  443): 3000008c:00050000 received CALL.
D/RPC     (  443): 3000008c:00050000 dispatching RPC call (XID 1225, xdr 0x45c828) for callback client 3100008c:00050001.
D/RPC     (  443): 3100008c:327681 sending RPC reply (XID 1225)
I/WindowOrientationListener(  443): orientation = 351 Tilt = 34 -- -1 ,  7 ,  5
E/power   (  443): acquire_wake_lock g_error=2 
E/power   (  443): acquire_wake_lock g_error=2 
E/power   (  443): release_wake_lock g_error=2 
E/power   (  443): release_wake_lock g_error=2 
D/RPC     (  443): 3000008c:00050000 received CALL.
D/RPC     (  443): 3000008c:00050000 dispatching RPC call (XID 1226, xdr 0x45c828) for callback client 3100008c:00050001.
D/RPC     (  443): 3100008c:327681 sending RPC reply (XID 1226)
D/RPC     (  443): 3000008c:00050000 received CALL.
D/RPC     (  443): 3000008c:00050000 dispatching RPC call (XID 1227, xdr 0x45c828) for callback client 3100008c:00050001.
D/RPC     (  443): 3100008c:327681 sending RPC reply (XID 1227)
E/power   (  443): acquire_wake_lock g_error=2 
E/power   (  443): release_wake_lock g_error=2 
E/power   (  443): acquire_wake_lock g_error=2 
D/RPC     (  443): 3000008c:00050000 received CALL.
D/RPC     (  443): 3000008c:00050000 dispatching RPC call (XID 1228, xdr 0x45c828) for callback client 3100008c:00050001.
D/RPC     (  443): 3100008c:327681 sending RPC reply (XID 1228)
D/RPC     (  443): 3000008c:00050000 received CALL.
D/RPC     (  443): 3000008c:00050000 dispatching RPC call (XID 1229, xdr 0x45c828) for callback client 3100008c:00050001.
E/power   (  443): release_wake_lock g_error=2 
E/power   (  443): acquire_wake_lock g_error=2 
E/power   (  443): release_wake_lock g_error=2 
E/power   (  443): acquire_wake_lock g_error=2 
D/RPC     (  443): 3100008c:327681 sending RPC reply (XID 1229)
D/RPC     (  443): 3000008c:00050000 received CALL.
D/RPC     (  443): 3000008c:00050000 dispatching RPC call (XID 1230, xdr 0x45c828) for callback client 3100008c:00050001.
D/RPC     (  443): 3100008c:327681 sending RPC reply (XID 1230)
D/RPC     (  443): 3000008c:00050000 received CALL.
D/RPC     (  443): 3000008c:00050000 dispatching RPC call (XID 1231, xdr 0x45c828) for callback client 3100008c:00050001.
E/power   (  443): acquire_wake_lock g_error=2 
E/power   (  443): release_wake_lock g_error=2 
E/power   (  443): release_wake_lock g_error=2 
E/power   (  443): acquire_wake_lock g_error=2 
D/RPC     (  443): 3100008c:327681 sending RPC reply (XID 1231)
D/RPC     (  443): 3000008c:00050000 received CALL.
D/RPC     (  443): 3000008c:00050000 dispatching RPC call (XID 1232, xdr 0x45c828) for callback client 3100008c:00050001.
D/RPC     (  443): 3100008c:327681 sending RPC reply (XID 1232)
D/RPC     (  443): 3000008c:00050000 received CALL.
D/RPC     (  443): 3000008c:00050000 dispatching RPC call (XID 1233, xdr 0x45c828) for callback client 3100008c:00050001.
E/power   (  443): release_wake_lock g_error=2 
E/power   (  443): acquire_wake_lock g_error=2 
E/power   (  443): release_wake_lock g_error=2 
D/RPC     (  443): 3100008c:327681 sending RPC reply (XID 1233)
D/RPC     (  443): 3000008c:00050000 received CALL.
D/RPC     (  443): 3000008c:00050000 dispatching RPC call (XID 1234, xdr 0x45c828) for callback client 3100008c:00050001.
D/RPC     (  443): 3100008c:327681 sending RPC reply (XID 1234)
E/power   (  443): acquire_wake_lock g_error=2 
E/power   (  443): release_wake_lock g_error=2 
D/RPC     (  443): 3000008c:00050000 received CALL.
D/RPC     (  443): 3000008c:00050000 dispatching RPC call (XID 1235, xdr 0x45c828) for callback client 3100008c:00050001.
D/RPC     (  443): 3100008c:327681 sending RPC reply (XID 1235)
E/AlarmManagerService(  443): android_server_AlarmManagerService_set to type=1, 1333059480.000000000
V/AlarmManager(  443): Adding alarm Alarm{40c9ffc8 type 1 com.tecace.tetheringmanager} at 1
V/AlarmManager(  443): sending alarm Alarm{40c9ffc8 type 1 com.tecace.tetheringmanager}
I/TetheringManagerService( 1341): Running time = 20 seconds
E/power   (  443): acquire_wake_lock g_error=2 
E/power   (  443): release_wake_lock g_error=2 
D/RPC     (  443): 3000008c:00050000 received CALL.
D/RPC     (  443): 3000008c:00050000 dispatching RPC call (XID 1236, xdr 0x45c828) for callback client 3100008c:00050001.
D/RPC     (  443): 3100008c:327681 sending RPC reply (XID 1236)
I/WindowOrientationListener(  443): orientation = 348 Tilt = 39 -- -1 ,  7 ,  5
E/power   (  443): acquire_wake_lock g_error=2 
E/power   (  443): release_wake_lock g_error=2 
E/power   (  443): acquire_wake_lock g_error=2 
E/power   (  443): release_wake_lock g_error=2 
E/power   (  443): acquire_wake_lock g_error=2 
D/RPC     (  443): 3000008c:00050000 received CALL.
D/RPC     (  443): 3000008c:00050000 dispatching RPC call (XID 1237, xdr 0x45c828) for callback client 3100008c:00050001.
D/RPC     (  443): 3100008c:327681 sending RPC reply (XID 1237)
D/RPC     (  443): 3000008c:00050000 received CALL.
D/RPC     (  443): 3000008c:00050000 dispatching RPC call (XID 1238, xdr 0x45c828) for callback client 3100008c:00050001.
D/RPC     (  443): 3100008c:327681 sending RPC reply (XID 1238)
D/RPC     (  443): 3000008c:00050000 received CALL.
D/RPC     (  443): 3000008c:00050000 dispatching RPC call (XID 1239, xdr 0x45c828) for callback client 3100008c:00050001.
E/power   (  443): release_wake_lock g_error=2 
E/power   (  443): acquire_wake_lock g_error=2 
E/power   (  443): release_wake_lock g_error=2 
E/power   (  443): acquire_wake_lock g_error=2 
D/RPC     (  443): 3100008c:327681 sending RPC reply (XID 1239)
D/RPC     (  443): 3000008c:00050000 received CALL.
D/RPC     (  443): 3000008c:00050000 dispatching RPC call (XID 1240, xdr 0x45c828) for callback client 3100008c:00050001.
D/RPC     (  443): 3100008c:327681 sending RPC reply (XID 1240)
E/power   (  443): acquire_wake_lock g_error=2 
E/power   (  443): release_wake_lock g_error=2 
E/power   (  443): release_wake_lock g_error=2 
E/power   (  443): acquire_wake_lock g_error=2 
D/RPC     (  443): 3000008c:00050000 received CALL.
D/RPC     (  443): 3000008c:00050000 dispatching RPC call (XID 1241, xdr 0x45c828) for callback client 3100008c:00050001.
D/RPC     (  443): 3100008c:327681 sending RPC reply (XID 1241)
D/RPC     (  443): 3000008c:00050000 received CALL.
D/RPC     (  443): 3000008c:00050000 dispatching RPC call (XID 1242, xdr 0x45c828) for callback client 3100008c:00050001.
D/RPC     (  443): 3100008c:327681 sending RPC reply (XID 1242)
D/RPC     (  443): 3000008c:00050000 received CALL.
D/RPC     (  443): 3000008c:00050000 dispatching RPC call (XID 1243, xdr 0x45c828) for callback client 3100008c:00050001.
E/power   (  443): release_wake_lock g_error=2 
E/power   (  443): acquire_wake_lock g_error=2 
E/power   (  443): release_wake_lock g_error=2 
E/power   (  443): acquire_wake_lock g_error=2 
D/RPC     (  443): 3100008c:327681 sending RPC reply (XID 1243)
D/RPC     (  443): 3000008c:00050000 received CALL.
D/RPC     (  443): 3000008c:00050000 dispatching RPC call (XID 1244, xdr 0x45c828) for callback client 3100008c:00050001.
D/RPC     (  443): 3100008c:327681 sending RPC reply (XID 1244)
D/RPC     (  443): 3000008c:00050000 received CALL.
D/RPC     (  443): 3000008c:00050000 dispatching RPC call (XID 1245, xdr 0x45c828) for callback client 3100008c:00050001.
E/power   (  443): release_wake_lock g_error=2 
E/power   (  443): acquire_wake_lock g_error=2 
D/RPC     (  443): 3100008c:327681 sending RPC reply (XID 1245)
D/RPC     (  443): 3000008c:00050000 received CALL.
D/RPC     (  443): 3000008c:00050000 dispatching RPC call (XID 1246, xdr 0x45c828) for callback client 3100008c:00050001.
D/RPC     (  443): 3100008c:327681 sending RPC reply (XID 1246)
E/power   (  443): release_wake_lock g_error=2 
E/power   (  443): acquire_wake_lock g_error=2 
E/power   (  443): release_wake_lock g_error=2 
D/RPC     (  443): 3000008c:00050000 received CALL.
D/RPC     (  443): 3000008c:00050000 dispatching RPC call (XID 1247, xdr 0x45c828) for callback client 3100008c:00050001.
D/RPC     (  443): 3100008c:327681 sending RPC reply (XID 1247)
I/WindowOrientationListener(  443): orientation = 346 Tilt = 43 -- -1 ,  6 ,  6
E/power   (  443): acquire_wake_lock g_error=2 
E/power   (  443): release_wake_lock g_error=2 
E/power   (  443): acquire_wake_lock g_error=2 
E/power   (  443): release_wake_lock g_error=2 
D/RPC     (  443): 3000008c:00050000 received CALL.
D/RPC     (  443): 3000008c:00050000 dispatching RPC call (XID 1248, xdr 0x45c828) for callback client 3100008c:00050001.
D/RPC     (  443): 3100008c:327681 sending RPC reply (XID 1248)
D/RPC     (  443): 3000008c:00050000 received CALL.
D/RPC     (  443): 3000008c:00050000 dispatching RPC call (XID 1249, xdr 0x45c828) for callback client 3100008c:00050001.
D/RPC     (  443): 3100008c:327681 sending RPC reply (XID 1249)
E/power   (  443): acquire_wake_lock g_error=2 
E/power   (  443): release_wake_lock g_error=2 
E/power   (  443): acquire_wake_lock g_error=2 
D/RPC     (  443): 3000008c:00050000 received CALL.
D/RPC     (  443): 3000008c:00050000 dispatching RPC call (XID 1250, xdr 0x45c828) for callback client 3100008c:00050001.
D/RPC     (  443): 3100008c:327681 sending RPC reply (XID 1250)
D/RPC     (  443): 3000008c:00050000 received CALL.
D/RPC     (  443): 3000008c:00050000 dispatching RPC call (XID 1251, xdr 0x45c828) for callback client 3100008c:00050001.
E/power   (  443): acquire_wake_lock g_error=2 
E/power   (  443): release_wake_lock g_error=2 
E/power   (  443): release_wake_lock g_error=2 
E/power   (  443): acquire_wake_lock g_error=2 
D/RPC     (  443): 3100008c:327681 sending RPC reply (XID 1251)
D/RPC     (  443): 3000008c:00050000 received CALL.
D/RPC     (  443): 3000008c:00050000 dispatching RPC call (XID 1252, xdr 0x45c828) for callback client 3100008c:00050001.
D/RPC     (  443): 3100008c:327681 sending RPC reply (XID 1252)
D/RPC     (  443): 3000008c:00050000 received CALL.
D/RPC     (  443): 3000008c:00050000 dispatching RPC call (XID 1253, xdr 0x45c828) for callback client 3100008c:00050001.
E/power   (  443): acquire_wake_lock g_error=2 
E/power   (  443): release_wake_lock g_error=2 
E/power   (  443): release_wake_lock g_error=2 
D/RPC     (  443): 3100008c:327681 sending RPC reply (XID 1253)
D/RPC     (  443): 3000008c:00050000 received CALL.
D/RPC     (  443): 3000008c:00050000 dispatching RPC call (XID 1254, xdr 0x45c828) for callback client 3100008c:00050001.
D/RPC     (  443): 3100008c:327681 sending RPC reply (XID 1254)
E/power   (  443): acquire_wake_lock g_error=2 
E/power   (  443): release_wake_lock g_error=2 
E/power   (  443): acquire_wake_lock g_error=2 
D/RPC     (  443): 3000008c:00050000 received CALL.
D/RPC     (  443): 3000008c:00050000 dispatching RPC call (XID 1255, xdr 0x45c828) for callback client 3100008c:00050001.
D/RPC     (  443): 3100008c:327681 sending RPC reply (XID 1255)
D/RPC     (  443): 3000008c:00050000 received CALL.
D/RPC     (  443): 3000008c:00050000 dispatching RPC call (XID 1256, xdr 0x45c828) for callback client 3100008c:00050001.
D/RPC     (  443): 3100008c:327681 sending RPC reply (XID 1256)
E/power   (  443): acquire_wake_lock g_error=2 
E/power   (  443): release_wake_lock g_error=2 
D/RPC     (  443): 3000008c:00050000 received CALL.
D/RPC     (  443): 3000008c:00050000 dispatching RPC call (XID 1257, xdr 0x45c828) for callback client 3100008c:00050001.
E/power   (  443): release_wake_lock g_error=2 
D/RPC     (  443): 3100008c:327681 sending RPC reply (XID 1257)
E/power   (  443): acquire_wake_lock g_error=2 
E/power   (  443): release_wake_lock g_error=2 
D/RPC     (  443): 3000008c:00050000 received CALL.
D/RPC     (  443): 3000008c:00050000 dispatching RPC call (XID 1258, xdr 0x45c828) for callback client 3100008c:00050001.
D/RPC     (  443): 3100008c:327681 sending RPC reply (XID 1258)
I/WindowOrientationListener(  443): orientation = 347 Tilt = 50 -- -2 ,  5 ,  7
E/power   (  443): acquire_wake_lock g_error=2 
E/power   (  443): release_wake_lock g_error=2 
E/power   (  443): acquire_wake_lock g_error=2 
D/RPC     (  443): 3000008c:00050000 received CALL.
D/RPC     (  443): 3000008c:00050000 dispatching RPC call (XID 1259, xdr 0x45c828) for callback client 3100008c:00050001.
D/RPC     (  443): 3100008c:327681 sending RPC reply (XID 1259)
D/RPC     (  443): 3000008c:00050000 received CALL.
D/RPC     (  443): 3000008c:00050000 dispatching RPC call (XID 1260, xdr 0x45c828) for callback client 3100008c:00050001.
D/RPC     (  443): 3100008c:327681 sending RPC reply (XID 1260)
E/power   (  443): acquire_wake_lock g_error=2 
E/power   (  443): release_wake_lock g_error=2 
E/power   (  443): acquire_wake_lock g_error=2 
E/power   (  443): release_wake_lock g_error=2 
D/RPC     (  443): 3000008c:00050000 received CALL.
D/RPC     (  443): 3000008c:00050000 dispatching RPC call (XID 1261, xdr 0x45c828) for callback client 3100008c:00050001.
D/RPC     (  443): 3100008c:327681 sending RPC reply (XID 1261)
D/RPC     (  443): 3000008c:00050000 received CALL.
D/RPC     (  443): 3000008c:00050000 dispatching RPC call (XID 1262, xdr 0x45c828) for callback client 3100008c:00050001.
E/power   (  443): release_wake_lock g_error=2 
E/power   (  443): acquire_wake_lock g_error=2 
E/power   (  443): release_wake_lock g_error=2 
E/power   (  443): acquire_wake_lock g_error=2 
D/RPC     (  443): 3100008c:327681 sending RPC reply (XID 1262)
D/RPC     (  443): 3000008c:00050000 received CALL.
D/RPC     (  443): 3000008c:00050000 dispatching RPC call (XID 1263, xdr 0x45c828) for callback client 3100008c:00050001.
D/RPC     (  443): 3100008c:327681 sending RPC reply (XID 1263)
D/RPC     (  443): 3000008c:00050000 received CALL.
D/RPC     (  443): 3000008c:00050000 dispatching RPC call (XID 1264, xdr 0x45c828) for callback client 3100008c:00050001.
E/power   (  443): acquire_wake_lock g_error=2 
E/power   (  443): release_wake_lock g_error=2 
E/power   (  443): release_wake_lock g_error=2 
E/power   (  443): acquire_wake_lock g_error=2 
D/RPC     (  443): 3100008c:327681 sending RPC reply (XID 1264)
D/RPC     (  443): 3000008c:00050000 received CALL.
D/RPC     (  443): 3000008c:00050000 dispatching RPC call (XID 1265, xdr 0x45c828) for callback client 3100008c:00050001.
D/RPC     (  443): 3100008c:327681 sending RPC reply (XID 1265)
E/power   (  443): acquire_wake_lock g_error=2 
E/power   (  443): release_wake_lock g_error=2 
E/power   (  443): release_wake_lock g_error=2 
D/RPC     (  443): 3000008c:00050000 received CALL.
D/RPC     (  443): 3000008c:00050000 dispatching RPC call (XID 1266, xdr 0x45c828) for callback client 3100008c:00050001.
D/RPC     (  443): 3100008c:327681 sending RPC reply (XID 1266)
D/RPC     (  443): 3000008c:00050000 received CALL.
D/RPC     (  443): 3000008c:00050000 dispatching RPC call (XID 1267, xdr 0x45c828) for callback client 3100008c:00050001.
D/RPC     (  443): 3100008c:327681 sending RPC reply (XID 1267)
E/power   (  443): acquire_wake_lock g_error=2 
D/RPC     (  443): 3000008c:00050000 received CALL.
D/RPC     (  443): 3000008c:00050000 dispatching RPC call (XID 1268, xdr 0x45c828) for callback client 3100008c:00050001.
E/power   (  443): release_wake_lock g_error=2 
D/RPC     (  443): 3100008c:327681 sending RPC reply (XID 1268)
E/power   (  443): acquire_wake_lock g_error=2 
E/power   (  443): release_wake_lock g_error=2 
D/RPC     (  443): 3000008c:00050000 received CALL.
D/RPC     (  443): 3000008c:00050000 dispatching RPC call (XID 1269, xdr 0x45c828) for callback client 3100008c:00050001.
D/RPC     (  443): 3100008c:327681 sending RPC reply (XID 1269)
I/WindowOrientationListener(  443): orientation = 352 Tilt = 39 -- 0 ,  7 ,  5
E/power   (  443): acquire_wake_lock g_error=2 
E/power   (  443): release_wake_lock g_error=2 
E/power   (  443): acquire_wake_lock g_error=2 
D/RPC     (  443): 3000008c:00050000 received CALL.
D/RPC     (  443): 3000008c:00050000 dispatching RPC call (XID 1270, xdr 0x45c828) for callback client 3100008c:00050001.
D/RPC     (  443): 3100008c:327681 sending RPC reply (XID 1270)
D/RPC     (  443): 3000008c:00050000 received CALL.
D/RPC     (  443): 3000008c:00050000 dispatching RPC call (XID 1271, xdr 0x45c828) for callback client 3100008c:00050001.
D/RPC     (  443): 3100008c:327681 sending RPC reply (XID 1271)
E/power   (  443): acquire_wake_lock g_error=2 
E/power   (  443): release_wake_lock g_error=2 
E/power   (  443): acquire_wake_lock g_error=2 
E/power   (  443): release_wake_lock g_error=2 
D/RPC     (  443): 3000008c:00050000 received CALL.
D/RPC     (  443): 3000008c:00050000 dispatching RPC call (XID 1272, xdr 0x45c828) for callback client 3100008c:00050001.
D/RPC     (  443): 3100008c:327681 sending RPC reply (XID 1272)
D/RPC     (  443): 3000008c:00050000 received CALL.
D/RPC     (  443): 3000008c:00050000 dispatching RPC call (XID 1273, xdr 0x45c828) for callback client 3100008c:00050001.
E/power   (  443): acquire_wake_lock g_error=2 
E/power   (  443): release_wake_lock g_error=2 
E/power   (  443): release_wake_lock g_error=2 
E/power   (  443): acquire_wake_lock g_error=2 
D/RPC     (  443): 3100008c:327681 sending RPC reply (XID 1273)
D/RPC     (  443): 3000008c:00050000 received CALL.
D/RPC     (  443): 3000008c:00050000 dispatching RPC call (XID 1274, xdr 0x45c828) for callback client 3100008c:00050001.
D/RPC     (  443): 3100008c:327681 sending RPC reply (XID 1274)
D/RPC     (  443): 3000008c:00050000 received CALL.
D/RPC     (  443): 3000008c:00050000 dispatching RPC call (XID 1275, xdr 0x45c828) for callback client 3100008c:00050001.
E/power   (  443): release_wake_lock g_error=2 
E/power   (  443): acquire_wake_lock g_error=2 
E/power   (  443): acquire_wake_lock g_error=2 
D/RPC     (  443): 3100008c:327681 sending RPC reply (XID 1275)
D/RPC     (  443): 3000008c:00050000 received CALL.
D/RPC     (  443): 3000008c:00050000 dispatching RPC call (XID 1276, xdr 0x45c828) for callback client 3100008c:00050001.
D/RPC     (  443): 3100008c:327681 sending RPC reply (XID 1276)
E/power   (  443): release_wake_lock g_error=2 
E/power   (  443): release_wake_lock g_error=2 
E/power   (  443): acquire_wake_lock g_error=2 
D/RPC     (  443): 3000008c:00050000 received CALL.
D/RPC     (  443): 3000008c:00050000 dispatching RPC call (XID 1277, xdr 0x45c828) for callback client 3100008c:00050001.
D/RPC     (  443): 3100008c:327681 sending RPC reply (XID 1277)
D/RPC     (  443): 3000008c:00050000 received CALL.
D/RPC     (  443): 3000008c:00050000 dispatching RPC call (XID 1278, xdr 0x45c828) for callback client 3100008c:00050001.
E/power   (  443): release_wake_lock g_error=2 
E/power   (  443): acquire_wake_lock g_error=2 
D/RPC     (  443): 3100008c:327681 sending RPC reply (XID 1278)
D/RPC     (  443): 3000008c:00050000 received CALL.
D/RPC     (  443): 3000008c:00050000 dispatching RPC call (XID 1279, xdr 0x45c828) for callback client 3100008c:00050001.
E/power   (  443): release_wake_lock g_error=2 
D/RPC     (  443): 3100008c:327681 sending RPC reply (XID 1279)
E/power   (  443): acquire_wake_lock g_error=2 
E/power   (  443): release_wake_lock g_error=2 
D/RPC     (  443): 3000008c:00050000 received CALL.
D/RPC     (  443): 3000008c:00050000 dispatching RPC call (XID 1280, xdr 0x45c828) for callback client 3100008c:00050001.
D/RPC     (  443): 3100008c:327681 sending RPC reply (XID 1280)
I/WindowOrientationListener(  443): orientation = 5 Tilt = 54 -- 0 ,  5 ,  8
E/power   (  443): acquire_wake_lock g_error=2 
E/power   (  443): acquire_wake_lock g_error=2 
E/power   (  443): release_wake_lock g_error=2 
D/RPC     (  443): 3000008c:00050000 received CALL.
D/RPC     (  443): 3000008c:00050000 dispatching RPC call (XID 1281, xdr 0x45c828) for callback client 3100008c:00050001.
D/RPC     (  443): 3100008c:327681 sending RPC reply (XID 1281)
D/RPC     (  443): 3000008c:00050000 received CALL.
D/RPC     (  443): 3000008c:00050000 dispatching RPC call (XID 1282, xdr 0x45c828) for callback client 3100008c:00050001.
D/RPC     (  443): 3100008c:327681 sending RPC reply (XID 1282)
E/power   (  443): acquire_wake_lock g_error=2 
E/power   (  443): release_wake_lock g_error=2 
E/power   (  443): release_wake_lock g_error=2 
E/power   (  443): acquire_wake_lock g_error=2 
D/RPC     (  443): 3000008c:00050000 received CALL.
D/RPC     (  443): 3000008c:00050000 dispatching RPC call (XID 1283, xdr 0x45c828) for callback client 3100008c:00050001.
D/RPC     (  443): 3100008c:327681 sending RPC reply (XID 1283)
D/RPC     (  443): 3000008c:00050000 received CALL.
D/RPC     (  443): 3000008c:00050000 dispatching RPC call (XID 1284, xdr 0x45c828) for callback client 3100008c:00050001.
D/RPC     (  443): 3100008c:327681 sending RPC reply (XID 1284)
E/power   (  443): acquire_wake_lock g_error=2 
E/power   (  443): release_wake_lock g_error=2 
E/power   (  443): release_wake_lock g_error=2 
E/power   (  443): acquire_wake_lock g_error=2 
D/RPC     (  443): 3000008c:00050000 received CALL.
D/RPC     (  443): 3000008c:00050000 dispatching RPC call (XID 1285, xdr 0x45c828) for callback client 3100008c:00050001.
D/RPC     (  443): 3100008c:327681 sending RPC reply (XID 1285)
D/RPC     (  443): 3000008c:00050000 received CALL.
D/RPC     (  443): 3000008c:00050000 dispatching RPC call (XID 1286, xdr 0x45c828) for callback client 3100008c:00050001.
E/power   (  443): acquire_wake_lock g_error=2 
E/power   (  443): release_wake_lock g_error=2 
E/power   (  443): release_wake_lock g_error=2 
D/RPC     (  443): 3100008c:327681 sending RPC reply (XID 1286)
D/RPC     (  443): 3000008c:00050000 received CALL.
D/RPC     (  443): 3000008c:00050000 dispatching RPC call (XID 1287, xdr 0x45c828) for callback client 3100008c:00050001.
D/RPC     (  443): 3100008c:327681 sending RPC reply (XID 1287)
E/power   (  443): acquire_wake_lock g_error=2 
E/power   (  443): release_wake_lock g_error=2 
E/power   (  443): acquire_wake_lock g_error=2 
D/RPC     (  443): 3000008c:00050000 received CALL.
D/RPC     (  443): 3000008c:00050000 dispatching RPC call (XID 1288, xdr 0x45c828) for callback client 3100008c:00050001.
D/RPC     (  443): 3100008c:327681 sending RPC reply (XID 1288)
D/RPC     (  443): 3000008c:00050000 received CALL.
D/RPC     (  443): 3000008c:00050000 dispatching RPC call (XID 1289, xdr 0x45c828) for callback client 3100008c:00050001.
D/RPC     (  443): 3100008c:327681 sending RPC reply (XID 1289)
E/power   (  443): acquire_wake_lock g_error=2 
E/power   (  443): release_wake_lock g_error=2 
D/RPC     (  443): 3000008c:00050000 received CALL.
D/RPC     (  443): 3000008c:00050000 dispatching RPC call (XID 1290, xdr 0x45c828) for callback client 3100008c:00050001.
E/power   (  443): release_wake_lock g_error=2 
D/RPC     (  443): 3100008c:327681 sending RPC reply (XID 1290)
E/power   (  443): acquire_wake_lock g_error=2 
D/RPC     (  443): 3000008c:00050000 received CALL.
D/RPC     (  443): 3000008c:00050000 dispatching RPC call (XID 1291, xdr 0x45c828) for callback client 3100008c:00050001.
D/RPC     (  443): 3100008c:327681 sending RPC reply (XID 1291)
E/power   (  443): release_wake_lock g_error=2 
D/dalvikvm(  646): GC_EXPLICIT freed 79K, 41% free 4458K/7431K, external 21040K/22663K, paused 53ms
I/WindowOrientationListener(  443): orientation = 7 Tilt = 53 -- 0 ,  5 ,  7
E/power   (  443): acquire_wake_lock g_error=2 
E/power   (  443): release_wake_lock g_error=2 
E/power   (  443): acquire_wake_lock g_error=2 
E/power   (  443): release_wake_lock g_error=2 
E/power   (  443): acquire_wake_lock g_error=2 
D/RPC     (  443): 3000008c:00050000 received CALL.
D/RPC     (  443): 3000008c:00050000 dispatching RPC call (XID 1292, xdr 0x45c828) for callback client 3100008c:00050001.
D/RPC     (  443): 3100008c:327681 sending RPC reply (XID 1292)
D/RPC     (  443): 3000008c:00050000 received CALL.
D/RPC     (  443): 3000008c:00050000 dispatching RPC call (XID 1293, xdr 0x45c828) for callback client 3100008c:00050001.
D/RPC     (  443): 3100008c:327681 sending RPC reply (XID 1293)
E/power   (  443): release_wake_lock g_error=2 
E/power   (  443): acquire_wake_lock g_error=2 
E/power   (  443): release_wake_lock g_error=2 
E/power   (  443): acquire_wake_lock g_error=2 
D/RPC     (  443): 3000008c:00050000 received CALL.
D/RPC     (  443): 3000008c:00050000 dispatching RPC call (XID 1294, xdr 0x45c828) for callback client 3100008c:00050001.
D/RPC     (  443): 3100008c:327681 sending RPC reply (XID 1294)
D/RPC     (  443): 3000008c:00050000 received CALL.
D/RPC     (  443): 3000008c:00050000 dispatching RPC call (XID 1295, xdr 0x45c828) for callback client 3100008c:00050001.
D/RPC     (  443): 3100008c:327681 sending RPC reply (XID 1295)
D/RPC     (  443): 3000008c:00050000 received CALL.
D/RPC     (  443): 3000008c:00050000 dispatching RPC call (XID 1296, xdr 0x45c828) for callback client 3100008c:00050001.
E/power   (  443): acquire_wake_lock g_error=2 
E/power   (  443): release_wake_lock g_error=2 
E/power   (  443): release_wake_lock g_error=2 
E/power   (  443): acquire_wake_lock g_error=2 
D/RPC     (  443): 3100008c:327681 sending RPC reply (XID 1296)
D/RPC     (  443): 3000008c:00050000 received CALL.
D/RPC     (  443): 3000008c:00050000 dispatching RPC call (XID 1297, xdr 0x45c828) for callback client 3100008c:00050001.
D/RPC     (  443): 3100008c:327681 sending RPC reply (XID 1297)
D/RPC     (  443): 3000008c:00050000 received CALL.
D/RPC     (  443): 3000008c:00050000 dispatching RPC call (XID 1298, xdr 0x45c828) for callback client 3100008c:00050001.
D/RPC     (  443): 3100008c:327681 sending RPC reply (XID 1298)
E/power   (  443): acquire_wake_lock g_error=2 
E/power   (  443): release_wake_lock g_error=2 
E/power   (  443): release_wake_lock g_error=2 
E/power   (  443): acquire_wake_lock g_error=2 
D/RPC     (  443): 3000008c:00050000 received CALL.
D/RPC     (  443): 3000008c:00050000 dispatching RPC call (XID 1299, xdr 0x45c828) for callback client 3100008c:00050001.
D/RPC     (  443): 3100008c:327681 sending RPC reply (XID 1299)
D/RPC     (  443): 3000008c:00050000 received CALL.
D/RPC     (  443): 3000008c:00050000 dispatching RPC call (XID 1300, xdr 0x45c828) for callback client 3100008c:00050001.
D/RPC     (  443): 3100008c:327681 sending RPC reply (XID 1300)
E/power   (  443): acquire_wake_lock g_error=2 
E/power   (  443): release_wake_lock g_error=2 
E/power   (  443): release_wake_lock g_error=2 
D/RPC     (  443): 3000008c:00050000 received CALL.
D/RPC     (  443): 3000008c:00050000 dispatching RPC call (XID 1301, xdr 0x45c828) for callback client 3100008c:00050001.
D/RPC     (  443): 3100008c:327681 sending RPC reply (XID 1301)
E/power   (  443): acquire_wake_lock g_error=2 
E/power   (  443): release_wake_lock g_error=2 
D/RPC     (  443): 3000008c:00050000 received CALL.
D/RPC     (  443): 3000008c:00050000 dispatching RPC call (XID 1302, xdr 0x45c828) for callback client 3100008c:00050001.
D/RPC     (  443): 3100008c:327681 sending RPC reply (XID 1302)
V/DATA    (  596): [DCT(0) ] onDataCallListChanged:
V/DATA    (  596): [DCT(0) ] ---dc state list---
V/DATA    (  596): [DCT(0) ] DataCallState: { cid: 0, active: 1, type: , apn: pta, address: 10.35.75.149 }
V/DATA    (  596): [DCT(0) ] ---dc list---
V/DATA    (  596): [DCT(0) ] cid = 0, state = DcActiveState, bearerType = IP, ipaddress = 10.35.75.149, gw=10.35.75.150, dns=[172.26.38.1, 172.26.38.2]
I/WindowOrientationListener(  443): orientation = 9 Tilt = 54 -- 0 ,  5 ,  7
E/power   (  443): acquire_wake_lock g_error=2 
E/power   (  443): release_wake_lock g_error=2 
E/power   (  443): acquire_wake_lock g_error=2 
D/RPC     (  443): 3000008c:00050000 received CALL.
D/RPC     (  443): 3000008c:00050000 dispatching RPC call (XID 1305, xdr 0x45c828) for callback client 3100008c:00050001.
D/RPC     (  443): 3100008c:327681 sending RPC reply (XID 1305)
D/RPC     (  443): 3000008c:00050000 received CALL.
D/RPC     (  443): 3000008c:00050000 dispatching RPC call (XID 1306, xdr 0x45c828) for callback client 3100008c:00050001.
D/RPC     (  443): 3100008c:327681 sending RPC reply (XID 1306)
E/power   (  443): acquire_wake_lock g_error=2 
E/power   (  443): release_wake_lock g_error=2 
E/power   (  443): release_wake_lock g_error=2 
E/power   (  443): acquire_wake_lock g_error=2 
D/RPC     (  443): 3000008c:00050000 received CALL.
D/RPC     (  443): 3000008c:00050000 dispatching RPC call (XID 1307, xdr 0x45c828) for callback client 3100008c:00050001.
D/RPC     (  443): 3100008c:327681 sending RPC reply (XID 1307)
D/RPC     (  443): 3000008c:00050000 received CALL.
D/RPC     (  443): 3000008c:00050000 dispatching RPC call (XID 1308, xdr 0x45c828) for callback client 3100008c:00050001.
E/power   (  443): acquire_wake_lock g_error=2 
E/power   (  443): release_wake_lock g_error=2 
E/power   (  443): release_wake_lock g_error=2 
E/power   (  443): acquire_wake_lock g_error=2 
D/RPC     (  443): 3100008c:327681 sending RPC reply (XID 1308)
D/RPC     (  443): 3000008c:00050000 received CALL.
D/RPC     (  443): 3000008c:00050000 dispatching RPC call (XID 1309, xdr 0x45c828) for callback client 3100008c:00050001.
D/RPC     (  443): 3100008c:327681 sending RPC reply (XID 1309)
D/RPC     (  443): 3000008c:00050000 received CALL.
D/RPC     (  443): 3000008c:00050000 dispatching RPC call (XID 1310, xdr 0x45c828) for callback client 3100008c:00050001.
E/power   (  443): acquire_wake_lock g_error=2 
E/power   (  443): release_wake_lock g_error=2 
E/power   (  443): release_wake_lock g_error=2 
E/power   (  443): acquire_wake_lock g_error=2 
D/RPC     (  443): 3100008c:327681 sending RPC reply (XID 1310)
D/RPC     (  443): 3000008c:00050000 received CALL.
D/RPC     (  443): 3000008c:00050000 dispatching RPC call (XID 1311, xdr 0x45c828) for callback client 3100008c:00050001.
D/RPC     (  443): 3100008c:327681 sending RPC reply (XID 1311)
D/RPC     (  443): 3000008c:00050000 received CALL.
D/RPC     (  443): 3000008c:00050000 dispatching RPC call (XID 1312, xdr 0x45c828) for callback client 3100008c:00050001.
E/power   (  443): acquire_wake_lock g_error=2 
E/power   (  443): release_wake_lock g_error=2 
D/RPC     (  443): 3100008c:327681 sending RPC reply (XID 1312)
D/RPC     (  443): 3000008c:00050000 received CALL.
D/RPC     (  443): 3000008c:00050000 dispatching RPC call (XID 1313, xdr 0x45c828) for callback client 3100008c:00050001.
D/RPC     (  443): 3100008c:327681 sending RPC reply (XID 1313)
E/power   (  443): acquire_wake_lock g_error=2 
E/power   (  443): release_wake_lock g_error=2 
E/power   (  443): release_wake_lock g_error=2 
D/RPC     (  443): 3000008c:00050000 received CALL.
D/RPC     (  443): 3000008c:00050000 dispatching RPC call (XID 1314, xdr 0x45c828) for callback client 3100008c:00050001.
D/RPC     (  443): 3100008c:327681 sending RPC reply (XID 1314)
E/power   (  443): acquire_wake_lock g_error=2 
E/power   (  443): release_wake_lock g_error=2 
D/RPC     (  443): 3000008c:00050000 received CALL.
D/RPC     (  443): 3000008c:00050000 dispatching RPC call (XID 1315, xdr 0x45c828) for callback client 3100008c:00050001.
D/RPC     (  443): 3100008c:327681 sending RPC reply (XID 1315)
I/WindowOrientationListener(  443): orientation = 9 Tilt = 54 -- 0 ,  5 ,  7
E/power   (  443): acquire_wake_lock g_error=2 
E/power   (  443): release_wake_lock g_error=2 
E/power   (  443): acquire_wake_lock g_error=2 
D/RPC     (  443): 3000008c:00050000 received CALL.
D/RPC     (  443): 3000008c:00050000 dispatching RPC call (XID 1316, xdr 0x45c828) for callback client 3100008c:00050001.
D/RPC     (  443): 3100008c:327681 sending RPC reply (XID 1316)
D/RPC     (  443): 3000008c:00050000 received CALL.
D/RPC     (  443): 3000008c:00050000 dispatching RPC call (XID 1317, xdr 0x45c828) for callback client 3100008c:00050001.
D/RPC     (  443): 3100008c:327681 sending RPC reply (XID 1317)
E/power   (  443): acquire_wake_lock g_error=2 
E/power   (  443): release_wake_lock g_error=2 
E/power   (  443): acquire_wake_lock g_error=2 
E/power   (  443): release_wake_lock g_error=2 
D/RPC     (  443): 3000008c:00050000 received CALL.
D/RPC     (  443): 3000008c:00050000 dispatching RPC call (XID 1318, xdr 0x45c828) for callback client 3100008c:00050001.
D/RPC     (  443): 3100008c:327681 sending RPC reply (XID 1318)
D/RPC     (  443): 3000008c:00050000 received CALL.
D/RPC     (  443): 3000008c:00050000 dispatching RPC call (XID 1319, xdr 0x45c828) for callback client 3100008c:00050001.
D/RPC     (  443): 3100008c:327681 sending RPC reply (XID 1319)
E/power   (  443): acquire_wake_lock g_error=2 
E/power   (  443): release_wake_lock g_error=2 
E/power   (  443): release_wake_lock g_error=2 
E/power   (  443): acquire_wake_lock g_error=2 
D/RPC     (  443): 3000008c:00050000 received CALL.
D/RPC     (  443): 3000008c:00050000 dispatching RPC call (XID 1320, xdr 0x45c828) for callback client 3100008c:00050001.
D/RPC     (  443): 3100008c:327681 sending RPC reply (XID 1320)
D/RPC     (  443): 3000008c:00050000 received CALL.
D/RPC     (  443): 3000008c:00050000 dispatching RPC call (XID 1321, xdr 0x45c828) for callback client 3100008c:00050001.
E/power   (  443): acquire_wake_lock g_error=2 
E/power   (  443): release_wake_lock g_error=2 
E/power   (  443): release_wake_lock g_error=2 
E/power   (  443): acquire_wake_lock g_error=2 
D/RPC     (  443): 3100008c:327681 sending RPC reply (XID 1321)
D/RPC     (  443): 3000008c:00050000 received CALL.
D/RPC     (  443): 3000008c:00050000 dispatching RPC call (XID 1322, xdr 0x45c828) for callback client 3100008c:00050001.
D/RPC     (  443): 3100008c:327681 sending RPC reply (XID 1322)
D/RPC     (  443): 3000008c:00050000 received CALL.
D/RPC     (  443): 3000008c:00050000 dispatching RPC call (XID 1323, xdr 0x45c828) for callback client 3100008c:00050001.
E/power   (  443): acquire_wake_lock g_error=2 
E/power   (  443): release_wake_lock g_error=2 
E/power   (  443): release_wake_lock g_error=2 
D/RPC     (  443): 3100008c:327681 sending RPC reply (XID 1323)
D/RPC     (  443): 3000008c:00050000 received CALL.
D/RPC     (  443): 3000008c:00050000 dispatching RPC call (XID 1324, xdr 0x45c828) for callback client 3100008c:00050001.
D/RPC     (  443): 3100008c:327681 sending RPC reply (XID 1324)
E/power   (  443): acquire_wake_lock g_error=2 
D/RPC     (  443): 3000008c:00050000 received CALL.
D/RPC     (  443): 3000008c:00050000 dispatching RPC call (XID 1325, xdr 0x45c828) for callback client 3100008c:00050001.
D/RPC     (  443): 3100008c:327681 sending RPC reply (XID 1325)
E/power   (  443): release_wake_lock g_error=2 
E/power   (  443): acquire_wake_lock g_error=2 
E/power   (  443): release_wake_lock g_error=2 
D/RPC     (  443): 3000008c:00050000 received CALL.
D/RPC     (  443): 3000008c:00050000 dispatching RPC call (XID 1326, xdr 0x45c828) for callback client 3100008c:00050001.
D/RPC     (  443): 3100008c:327681 sending RPC reply (XID 1326)
I/WindowOrientationListener(  443): orientation = 9 Tilt = 47 -- 0 ,  6 ,  7
E/power   (  443): acquire_wake_lock g_error=2 
E/power   (  443): release_wake_lock g_error=2 
E/power   (  443): acquire_wake_lock g_error=2 
D/RPC     (  443): 3000008c:00050000 received CALL.
D/RPC     (  443): 3000008c:00050000 dispatching RPC call (XID 1329, xdr 0x45c828) for callback client 3100008c:00050001.
D/RPC     (  443): 3100008c:327681 sending RPC reply (XID 1329)
D/RPC     (  443): 3000008c:00050000 received CALL.
D/RPC     (  443): 3000008c:00050000 dispatching RPC call (XID 1330, xdr 0x45c828) for callback client 3100008c:00050001.
E/power   (  443): acquire_wake_lock g_error=2 
E/power   (  443): release_wake_lock g_error=2 
E/power   (  443): release_wake_lock g_error=2 
E/power   (  443): acquire_wake_lock g_error=2 
D/RPC     (  443): 3100008c:327681 sending RPC reply (XID 1330)
D/RPC     (  443): 3000008c:00050000 received CALL.
D/RPC     (  443): 3000008c:00050000 dispatching RPC call (XID 1331, xdr 0x45c828) for callback client 3100008c:00050001.
D/RPC     (  443): 3100008c:327681 sending RPC reply (XID 1331)
D/RPC     (  443): 3000008c:00050000 received CALL.
D/RPC     (  443): 3000008c:00050000 dispatching RPC call (XID 1332, xdr 0x45c828) for callback client 3100008c:00050001.
E/power   (  443): acquire_wake_lock g_error=2 
E/power   (  443): release_wake_lock g_error=2 
E/power   (  443): release_wake_lock g_error=2 
E/power   (  443): acquire_wake_lock g_error=2 
D/RPC     (  443): 3100008c:327681 sending RPC reply (XID 1332)
D/RPC     (  443): 3000008c:00050000 received CALL.
D/RPC     (  443): 3000008c:00050000 dispatching RPC call (XID 1333, xdr 0x45c828) for callback client 3100008c:00050001.
D/RPC     (  443): 3100008c:327681 sending RPC reply (XID 1333)
D/RPC     (  443): 3000008c:00050000 received CALL.
D/RPC     (  443): 3000008c:00050000 dispatching RPC call (XID 1334, xdr 0x45c828) for callback client 3100008c:00050001.
E/power   (  443): release_wake_lock g_error=2 
E/power   (  443): acquire_wake_lock g_error=2 
E/power   (  443): acquire_wake_lock g_error=2 
E/power   (  443): release_wake_lock g_error=2 
D/RPC     (  443): 3100008c:327681 sending RPC reply (XID 1334)
D/RPC     (  443): 3000008c:00050000 received CALL.
D/RPC     (  443): 3000008c:00050000 dispatching RPC call (XID 1335, xdr 0x45c828) for callback client 3100008c:00050001.
D/RPC     (  443): 3100008c:327681 sending RPC reply (XID 1335)
E/power   (  443): release_wake_lock g_error=2 
E/power   (  443): acquire_wake_lock g_error=2 
E/power   (  443): release_wake_lock g_error=2 
D/RPC     (  443): 3000008c:00050000 received CALL.
D/RPC     (  443): 3000008c:00050000 dispatching RPC call (XID 1336, xdr 0x45c828) for callback client 3100008c:00050001.
D/RPC     (  443): 3100008c:327681 sending RPC reply (XID 1336)
D/RPC     (  443): 3000008c:00050000 received CALL.
D/RPC     (  443): 3000008c:00050000 dispatching RPC call (XID 1337, xdr 0x45c828) for callback client 3100008c:00050001.
D/RPC     (  443): 3100008c:327681 sending RPC reply (XID 1337)
E/power   (  443): acquire_wake_lock g_error=2 
D/RPC     (  443): 3000008c:00050000 received CALL.
D/RPC     (  443): 3000008c:00050000 dispatching RPC call (XID 1338, xdr 0x45c828) for callback client 3100008c:00050001.
D/RPC     (  443): 3100008c:327681 sending RPC reply (XID 1338)
E/power   (  443): release_wake_lock g_error=2 
E/power   (  443): acquire_wake_lock g_error=2 
E/power   (  443): release_wake_lock g_error=2 
D/RPC     (  443): 3000008c:00050000 received CALL.
D/RPC     (  443): 3000008c:00050000 dispatching RPC call (XID 1339, xdr 0x45c828) for callback client 3100008c:00050001.
D/RPC     (  443): 3100008c:327681 sending RPC reply (XID 1339)
I/WindowOrientationListener(  443): orientation = 347 Tilt = 27 -- -2 ,  8 ,  4
E/power   (  443): acquire_wake_lock g_error=2 
E/power   (  443): acquire_wake_lock g_error=2 
E/power   (  443): release_wake_lock g_error=2 
D/RPC     (  443): 3000008c:00050000 received CALL.
D/RPC     (  443): 3000008c:00050000 dispatching RPC call (XID 1340, xdr 0x45c828) for callback client 3100008c:00050001.
D/RPC     (  443): 3100008c:327681 sending RPC reply (XID 1340)
D/RPC     (  443): 3000008c:00050000 received CALL.
D/RPC     (  443): 3000008c:00050000 dispatching RPC call (XID 1341, xdr 0x45c828) for callback client 3100008c:00050001.
E/power   (  443): acquire_wake_lock g_error=2 
E/power   (  443): release_wake_lock g_error=2 
E/power   (  443): release_wake_lock g_error=2 
E/power   (  443): acquire_wake_lock g_error=2 
D/RPC     (  443): 3100008c:327681 sending RPC reply (XID 1341)
D/RPC     (  443): 3000008c:00050000 received CALL.
D/RPC     (  443): 3000008c:00050000 dispatching RPC call (XID 1342, xdr 0x45c828) for callback client 3100008c:00050001.
D/RPC     (  443): 3100008c:327681 sending RPC reply (XID 1342)
E/power   (  443): release_wake_lock g_error=2 
E/power   (  443): acquire_wake_lock g_error=2 
E/power   (  443): release_wake_lock g_error=2 
D/RPC     (  443): 3000008c:00050000 received CALL.
D/RPC     (  443): 3000008c:00050000 dispatching RPC call (XID 1343, xdr 0x45c828) for callback client 3100008c:00050001.
D/RPC     (  443): 3100008c:327681 sending RPC reply (XID 1343)
D/RPC     (  443): 3000008c:00050000 received CALL.
D/RPC     (  443): 3000008c:00050000 dispatching RPC call (XID 1344, xdr 0x45c828) for callback client 3100008c:00050001.
D/RPC     (  443): 3100008c:327681 sending RPC reply (XID 1344)
E/power   (  443): acquire_wake_lock g_error=2 
E/power   (  443): acquire_wake_lock g_error=2 
E/power   (  443): release_wake_lock g_error=2 
D/RPC     (  443): 3000008c:00050000 received CALL.
D/RPC     (  443): 3000008c:00050000 dispatching RPC call (XID 1345, xdr 0x45c828) for callback client 3100008c:00050001.
D/RPC     (  443): 3100008c:327681 sending RPC reply (XID 1345)
D/RPC     (  443): 3000008c:00050000 received CALL.
D/RPC     (  443): 3000008c:00050000 dispatching RPC call (XID 1346, xdr 0x45c828) for callback client 3100008c:00050001.
E/power   (  443): release_wake_lock g_error=2 
E/power   (  443): acquire_wake_lock g_error=2 
E/power   (  443): release_wake_lock g_error=2 
D/RPC     (  443): 3100008c:327681 sending RPC reply (XID 1346)
D/RPC     (  443): 3000008c:00050000 received CALL.
D/RPC     (  443): 3000008c:00050000 dispatching RPC call (XID 1347, xdr 0x45c828) for callback client 3100008c:00050001.
D/RPC     (  443): 3100008c:327681 sending RPC reply (XID 1347)
E/power   (  443): acquire_wake_lock g_error=2 
E/power   (  443): release_wake_lock g_error=2 
D/RPC     (  443): 3000008c:00050000 received CALL.
D/RPC     (  443): 3000008c:00050000 dispatching RPC call (XID 1348, xdr 0x45c828) for callback client 3100008c:00050001.
D/RPC     (  443): 3100008c:327681 sending RPC reply (XID 1348)
E/power   (  443): acquire_wake_lock g_error=2 
E/power   (  443): release_wake_lock g_error=2 
D/RPC     (  443): 3000008c:00050000 received CALL.
D/RPC     (  443): 3000008c:00050000 dispatching RPC call (XID 1349, xdr 0x45c828) for callback client 3100008c:00050001.
D/RPC     (  443): 3100008c:327681 sending RPC reply (XID 1349)
E/power   (  443): acquire_wake_lock g_error=2 
E/power   (  443): release_wake_lock g_error=2 
D/RPC     (  443): 3000008c:00050000 received CALL.
D/RPC     (  443): 3000008c:00050000 dispatching RPC call (XID 1350, xdr 0x45c828) for callback client 3100008c:00050001.
D/RPC     (  443): 3100008c:327681 sending RPC reply (XID 1350)
I/InputReader(  443): dispatchTouch::touch event's action is 0, pending(waiting finished signal)=0
I/InputDispatcher(  443): Delivering touch to current input target: action: 0, channel '40a9fdf0 edu.mit.csail.diplomamatrix/edu.mit.csail.diplomamatrix.StatusActivity (server)'
I/InputDispatcher(  443): Delivering touch to current input target: action: 0, channel 'PenGestureView (server)'
I/PowerManagerService(  443): Ulight 3->7|0
D/PowerManagerService(  443): setLightBrightness : mButtonLight : 92
I/InputReader(  443): dispatchTouch::touch event's action is 1, pending(waiting finished signal)=0
I/InputDispatcher(  443): Delivering touch to current input target: action: 1, channel '40a9fdf0 edu.mit.csail.diplomamatrix/edu.mit.csail.diplomamatrix.StatusActivity (server)'
I/InputDispatcher(  443): Delivering touch to current input target: action: 1, channel 'PenGestureView (server)'
V/AudioPolicyManager(  325): getParamFromPolicy  deviceInt = 0, situationInt = 1, situationVolume = 1.000000
V/AudioPolicyService(  325): startOutput() tid 529
V/AudioPolicyManager(  325): startOutput() output 1, stream 1, session 11
V/AudioPolicyManager(  325): getDeviceForStrategy() from cache strategy 0, device 2
V/AudioPolicyManager(  325): getNewDevice() selected device 2
V/AudioPolicyManager(  325): setOutputDevice() output 1 device 2 delayMs 0
V/AudioPolicyManager(  325): setOutputDevice() setting same device 2 or null device for output 1
E/AudioTrack(  443): Audio track delete
E/AudioTrack(  443): stop 0x5686d8
E/AudioTrack(  443): Stop complete
E/AudioTrack(  443): Audio track exit start
E/AudioTrack(  443): Audio track exit done
V/AudioPolicyService(  325): releaseOutput() tid 527
V/AudioPolicyManager(  325): releaseOutput() 1
I/StatusActivity( 2294): 1333059477181: canPressButton = false. PLEASE MOVE TO A VALID REGION!
I/StatusActivity( 2294): 1333059477181: can't press camera button yet
V/AudioHardwareMSM8660(  325): open driver
V/AudioHardwareMSM8660(  325): get config
V/AudioHardwareMSM8660(  325): set config
V/AudioHardwareMSM8660(  325): buffer_size: 4800
V/AudioHardwareMSM8660(  325): buffer_count: 2
V/AudioHardwareMSM8660(  325): channel_count: 2
V/AudioHardwareMSM8660(  325): sample_rate: 44100
D/AudioHardwareMSM8660(  325): write(): dec_id = 1 cur_rx = 2
V/AudioHardwareMSM8660(  325): cur_rx for pcm playback = 2
D/AudioHardwareMSM8660(  325): value of device and enable is 2 1 ALSA dev id:2
I/WindowOrientationListener(  443): orientation = 342 Tilt = 25 -- -2 ,  8 ,  4
D/ACDB-LOADER(  325): ACDB -> send_audio_cal, acdb_id = 2, path =  0
D/ACDB-LOADER(  325): ACDB -> send_audtable
D/ACDB-LOADER(  325): ACDB -> ACDB_CMD_GET_AUDPROC_COMMON_TABLE
D/ACDB-LOADER(  325): ACDB -> AUDIO_SET_AUDPROC_CAL
D/ACDB-LOADER(  325): ACDB -> send_audvoltable
D/ACDB-LOADER(  325): ACDB -> ACDB_CMD_GET_AUDPROC_GAIN_DEP_VOLTBL_STEP_COPP
D/ACDB-LOADER(  325): ACDB -> AUDIO_SET_AUDPROC_VOL_CAL
W/AudioFlinger(  325): write blocked for 82 msecs, 4 delayed writes, thread 0x32978
E/AudioTrack(  443): stop 0x62fc30
V/AudioPolicyService(  325): stopOutput() tid 325
V/AudioPolicyManager(  325): stopOutput() output 1, stream 1, session 11
V/AudioPolicyManager(  325): getNewDevice() selected device 0
V/AudioPolicyManager(  325): setOutputDevice() output 1 device 0 delayMs 0
V/AudioPolicyManager(  325): setOutputDevice() setting same device 0 or null device for output 1
E/AudioTrack(  443): Stop complete
E/power   (  443): acquire_wake_lock g_error=2 
E/power   (  443): release_wake_lock g_error=2 
E/power   (  443): acquire_wake_lock g_error=2 
E/power   (  443): release_wake_lock g_error=2 
D/RPC     (  443): 3000008c:00050000 received CALL.
D/RPC     (  443): 3000008c:00050000 dispatching RPC call (XID 1351, xdr 0x45c828) for callback client 3100008c:00050001.
D/RPC     (  443): 3100008c:327681 sending RPC reply (XID 1351)
D/RPC     (  443): 3000008c:00050000 received CALL.
D/RPC     (  443): 3000008c:00050000 dispatching RPC call (XID 1352, xdr 0x45c828) for callback client 3100008c:00050001.
D/RPC     (  443): 3100008c:327681 sending RPC reply (XID 1352)
E/power   (  443): acquire_wake_lock g_error=2 
E/power   (  443): release_wake_lock g_error=2 
E/power   (  443): acquire_wake_lock g_error=2 
E/power   (  443): release_wake_lock g_error=2 
E/power   (  443): acquire_wake_lock g_error=2 
D/RPC     (  443): 3000008c:00050000 received CALL.
D/RPC     (  443): 3000008c:00050000 dispatching RPC call (XID 1353, xdr 0x45c828) for callback client 3100008c:00050001.
D/RPC     (  443): 3100008c:327681 sending RPC reply (XID 1353)
D/RPC     (  443): 3000008c:00050000 received CALL.
