--------- beginning of /dev/log/main
I/InputReader(  443): Device reconfigured: id=0x10005, name=sec_touchscreen, display size is now 800x1280
I/InputReader(  443): dispatchTouch::touch event's action is 0, pending(waiting finished signal)=0
I/InputDispatcher(  443): Delivering touch to current input target: action: 0, channel '408e87f8 Keyguard (server)'
I/InputDispatcher(  443): Delivering touch to current input target: action: 0, channel 'PenGestureView (server)'
D/dalvikvm(  443): GC_EXTERNAL_ALLOC freed 278K, 41% free 7959K/13383K, external 26359K/28348K, paused 73ms
I/InputReader(  443): dispatchTouch::touch event's action is 1, pending(waiting finished signal)=1
D/CircleLockScreen(  443): Image = 0
D/CircleLockScreen(  443): circleUnlockAnimation value : 0.0
D/CircleLockScreen(  443): circleUnlockAnimation value : 0.9121138941566357
D/CircleLockScreen(  443): Image = 17
D/CircleLockScreen(  443): circleUnlockAnimation value : 0.9908577107112487
D/CircleLockScreen(  443): Image = 18
I/InputDispatcher(  443): Delivering touch to current input target: action: 1, channel '408e87f8 Keyguard (server)'
I/InputDispatcher(  443): Delivering touch to current input target: action: 1, channel 'PenGestureView (server)'
D/dalvikvm(  443): GC_EXTERNAL_ALLOC freed 58K, 41% free 7917K/13383K, external 30523K/32192K, paused 68ms
D/KeyguardViewMediator(  443): keyguardDone(true)
D/KeyguardViewMediator(  443): handleKeyguardDone
D/KeyguardViewMediator(  443): handleHide
D/KeyguardViewMediator(  443): adjustUserActivityLocked mShowing: false mHidden: false
E/KeyguardViewMediator(  443): Phone is boot completed. so can broadcast
I/Launcher(  646): ACTION_USER_PRESENT mIsActive=true mMenuManager.isOpened()=false
I/OrientationDebug(  443): [pwm] in updateOrientationListenerLp()
V/OrientationDebug(  443): in updateOrientationListenerLp(), Screen status=true, current orientation=1, SensorEnabled=false
I/OrientationDebug(  443): [pwm] needSensorRunningLp(), return false #3
E/WindowManager(  443): rotation is : 0
I/Launcher(  646): onWindowFocusChanged(true)
I/OrientationDebug(  443): [pwm] in updateOrientationListenerLp()
V/OrientationDebug(  443): in updateOrientationListenerLp(), Screen status=true, current orientation=5, SensorEnabled=false
I/OrientationDebug(  443): [pwm] needSensorRunningLp(), return false #3
E/WindowManager(  443): rotation is : 0
D/CLIPBOARD(  646): Hide Clipboard dialog at Starting input: finished by someone else... !
I/ActivityThread( 2014): Pub com.sec.astore.unaservice2: com.sec.android.app.samsungapps.una2.db.DBProvider
E/MTPRx   ( 1201): In MtpReceiverandroid.intent.action.USER_PRESENT
D/dalvikvm(  592): GC_EXTERNAL_ALLOC freed 90K, 33% free 4733K/7047K, external 1687K/2724K, paused 101ms
D/dalvikvm(  646): GC_EXTERNAL_ALLOC freed 168K, 40% free 4423K/7303K, external 22749K/23488K, paused 126ms
D/dalvikvm(  592): GC_EXTERNAL_ALLOC freed 3K, 33% free 4732K/7047K, external 3724K/4183K, paused 31ms
D/dalvikvm(  592): GC_EXTERNAL_ALLOC freed <1K, 33% free 4732K/7047K, external 4345K/5426K, paused 59ms
I/SurfaceFlinger(  443): id=5 Removed Keyguard idx=6 Map Size=6
I/OrientationDebug(  443): [pwm] in updateOrientationListenerLp()
V/OrientationDebug(  443): in updateOrientationListenerLp(), Screen status=true, current orientation=1, SensorEnabled=false
I/OrientationDebug(  443): [pwm] needSensorRunningLp(), return false #3
E/WindowManager(  443): rotation is : 0
D/SurfaceFlinger(  443): remove count:1 destroying Keyguard
D/CircleLockScreen(  443): onPause()
D/GlassLockScreenMusicWidget(  443): onPause()
D/CircleMissedEventWidget(  443): onPause()
D/CircleLockScreen(  443): cleanUp()
D/WallpaperWidget(  443): cleanUp()
D/GlassLockScreenMusicWidget(  443): cleanUp()
D/CircleMissedEventWidget(  443): cleanUp()
D/Keyboard(  592): islockscreenmaking isLockScreenViewMaking() = false
V/Keyboard(  592): islockscreenmaking keyboard's display metrics:DisplayMetrics{density=2.0, width=800, height=1280, scaledDensity=2.0, xdpi=286.19717, ydpi=285.193}
D/dalvikvm(  592): GC_EXTERNAL_ALLOC freed 35K, 33% free 4781K/7047K, external 7495K/7502K, paused 25ms
I/InputReader(  443): dispatchTouch::touch event's action is 0, pending(waiting finished signal)=0
I/InputDispatcher(  443): Delivering touch to current input target: action: 0, channel '40d05920 com.sec.android.app.twlauncher/com.sec.android.app.twlauncher.Launcher (server)'
I/InputDispatcher(  443): Delivering touch to current input target: action: 0, channel '40976cf8 com.android.internal.service.wallpaper.ImageWallpaper (server)'
I/InputDispatcher(  443): Delivering touch to current input target: action: 0, channel 'PenGestureView (server)'
I/InputReader(  443): dispatchTouch::touch event's action is 1, pending(waiting finished signal)=0
I/InputDispatcher(  443): Delivering touch to current input target: action: 1, channel '40d05920 com.sec.android.app.twlauncher/com.sec.android.app.twlauncher.Launcher (server)'
I/InputDispatcher(  443): Delivering touch to current input target: action: 1, channel '40976cf8 com.android.internal.service.wallpaper.ImageWallpaper (server)'
I/InputDispatcher(  443): Delivering touch to current input target: action: 1, channel 'PenGestureView (server)'
V/AudioPolicyManager(  325): getParamFromPolicy  deviceInt = 0, situationInt = 1, situationVolume = 1.000000
V/AudioPolicyService(  325): getOutput() tid 529
V/AudioPolicyManager(  325): getDeviceForStrategy() from cache strategy 0, device 2
V/AudioPolicyManager(  325): getOutput() stream 1, samplingRate 0, format 0, channels c, flags 0
V/AudioPolicyService(  325): startOutput() tid 407
V/AudioPolicyManager(  325): startOutput() output 1, stream 1, session 5
V/AudioPolicyManager(  325): getDeviceForStrategy() from cache strategy 0, device 2
V/AudioPolicyManager(  325): getNewDevice() selected device 2
V/AudioPolicyManager(  325): setOutputDevice() output 1 device 2 delayMs 0
V/AudioPolicyManager(  325): setOutputDevice() setting same device 2 or null device for output 1
D/InputTransport(  443): Input channel constructed: name='409ba9d8 Starting net.szym.barnacle (server)', ashmemFd=268, receivePipeFd=274, sendPipeFd=273
D/InputTransport(  443): Input channel constructed: name='409ba9d8 Starting net.szym.barnacle (client)', ashmemFd=269, receivePipeFd=272, sendPipeFd=275
I/SurfaceFlinger(  443): id=14(3) createSurface 0x5721c4 for pid 443 (1x1),2 flag=0, Starting net.szym.barnacle
V/AudioHardwareMSM8660(  325): open driver
V/AudioHardwareMSM8660(  325): get config
V/AudioHardwareMSM8660(  325): set config
V/AudioHardwareMSM8660(  325): buffer_size: 4800
V/AudioHardwareMSM8660(  325): buffer_count: 2
V/AudioHardwareMSM8660(  325): channel_count: 2
V/AudioHardwareMSM8660(  325): sample_rate: 44100
D/AudioHardwareMSM8660(  325): write(): dec_id = 1 cur_rx = 2
V/AudioHardwareMSM8660(  325): cur_rx for pcm playback = 2
D/AudioHardwareMSM8660(  325): value of device and enable is 2 1 ALSA dev id:2
V/LauncherAppWidgetHostView(  646): dispatchSaveInstanceState: widgetid=1 vid=-1
V/LauncherAppWidgetHostView(  646): dispatchSaveInstanceState: widgetid=2 vid=-1
V/LauncherAppWidgetHostView(  646): dispatchSaveInstanceState: widgetid=4 vid=-1
V/LauncherAppWidgetHostView(  646): dispatchSaveInstanceState: widgetid=3 vid=-1
V/LauncherAppWidgetHostView(  646): dispatchSaveInstanceState: widgetid=5 vid=-1
V/LauncherAppWidgetHostView(  646): dispatchSaveInstanceState: widgetid=6 vid=-1
D/msm8660.gralloc(  443): !@/dev/pmem: allocating pmem size=4096000, offset=2048000(0x1f4000)
D/ACDB-LOADER(  325): ACDB -> send_audio_cal, acdb_id = 2, path =  0
D/ACDB-LOADER(  325): ACDB -> send_audtable
D/ACDB-LOADER(  325): ACDB -> ACDB_CMD_GET_AUDPROC_COMMON_TABLE
D/ACDB-LOADER(  325): ACDB -> AUDIO_SET_AUDPROC_CAL
D/ACDB-LOADER(  325): ACDB -> send_audvoltable
D/ACDB-LOADER(  325): ACDB -> ACDB_CMD_GET_AUDPROC_GAIN_DEP_VOLTBL_STEP_COPP
D/ACDB-LOADER(  325): ACDB -> AUDIO_SET_AUDPROC_VOL_CAL
I/WindowOrientationListener(  443): orientation = 0 Tilt = 23 -- -6 ,  5 ,  3
I/ViewRoot(  443): !@FINISH DRAWING : Starting net.szym.barnacle
I/ViewRoot(  443): !@finishDrawing is completed : Starting net.szym.barnacle
E/com.samsung.app(  942): [MSC_Accu]>>> WeatherWidgetProvider.java:354 [0:0] onReceive@ sec.android.intent.action.HOME_PAUSE
E/com.samsung.app(  942): [MSC_Accu]>>> WidgetIdManager.java:53 [0:0] AccuWeatherClockWidgetID_Length
E/com.samsung.app(  942): [MSC_Accu]>>> WidgetIdManager.java:54 [0:0] getPrefIDs@lngth:1
E/com.samsung.app(  942): [MSC_Accu]>>> WidgetIdManager.java:60 [0:0] getPrefIDs@Ids1:4
E/com.samsung.app(  942): [MSC_Accu]>>> WeatherWidgetProvider.java:347 [0:0] refreshhandler is null!!
W/AudioFlinger(  325): write blocked for 87 msecs, 2 delayed writes, thread 0x32978
E/com.samsung.app( 1399): [MSC]>>> StockClock_Integration.java:235 [0:0] onReceive sec.android.intent.action.HOME_PAUSE
E/com.samsung.app( 1399): [MSC]>>> StockClock_Integration.java:241 [0:0] onReceive : no stock widget!!!
I/PhotoAppWidgetProvider( 1415): onReceive
I/PhotoAppWidgetProvider( 1415): PauseSlideShow
D/PhotoAppWidgetProvider( 1415): onReceive End
D/GLSurfaceViewGroup(  646): Skipped drawing due to suspendDrawingUntilResume()
I/OrientationDebug(  443): [pwm] in updateOrientationListenerLp()
V/OrientationDebug(  443): in updateOrientationListenerLp(), Screen status=true, current orientation=-1, SensorEnabled=false
I/OrientationDebug(  443): [pwm] needSensorRunningLp(), return false #3
E/WindowManager(  443): rotation is : 0
D/dalvikvm( 2051): Debugger has detached; object registry had 1 entries
I/Launcher(  646): onWindowFocusChanged(false)
E/AudioTrack(  443): stop 0x5a3e88
V/AudioPolicyService(  325): stopOutput() tid 325
V/AudioPolicyManager(  325): stopOutput() output 1, stream 1, session 5
V/AudioPolicyManager(  325): getNewDevice() selected device 0
V/AudioPolicyManager(  325): setOutputDevice() output 1 device 0 delayMs 0
V/AudioPolicyManager(  325): setOutputDevice() setting same device 0 or null device for output 1
E/AudioTrack(  443): Stop complete
D/myBarnacleApp( 2051): onCreate
D/dalvikvm( 2051): GC_EXTERNAL_ALLOC freed 58K, 42% free 3150K/5379K, external 0K/0K, paused 120ms
V/WifiProgressStore( 2051): WifiProgressStore Created
D/WifiService(  443): setWifiEnabled: true
D/WifiService(  443): ****************setWifiEnabled(), allowWifi****************true
E/wifi    (  443): android_net_wifi_set_talk_battery() connect=1
I/WifiHW  (  443): [WIFI] Load Driver
E/WifiHW  (  443): module is murata
I/WifiHW  (  443): ==========[WIFI] MURATA MODULE ===========
E/WifiHW  (  443): WIFI_COUNTRY_DRIVER_ARG enable!!
E/WifiHW  (  443): read CSC : ATT
E/WifiHW  (  443): read CSC : ATT
E/WifiHW  (  443): read CSC : ATT
E/WifiHW  (  443): read CSC : ATT
E/WifiHW  (  443): read CSC : ATT
E/WifiHW  (  443): isCountry() == normal
I/WifiHW  (  443): [WiFi.c] insmod() Start!! 
W/WifiPolicyService(  443): intent received Intent { act=android.net.wifi.WIFI_STATE_CHANGED flg=0x10000000 (has extras) }
I/WifiHW  (  443): [WiFi.c] start init_module() Start!! 
E/WifiHW  (  443):  args = firmware_path=/system/etc/wifi/bcm4330_sta.bin nvram_path=/system/etc/wifi/nvram_net.txt_murata
V/DATA    (  596): [DCT(0) ] intent received :android.net.wifi.WIFI_STATE_CHANGED
I/TetheringManagerService( 1341): Starting Tethering Manager version 2.12.21
I/GLThread(  646): noticed surfaceView surface lost tid=17
W/EglHelper(  646): destroySurface()  tid=17
I/SurfaceFlinger(  443): id=10 Removed SurfaceView idx=3 Map Size=6
D/SurfaceFlinger(  443): remove count:1 destroying SurfaceView
I/SurfaceFlinger(  443): id=9 Removed com.sec.android.app.twlauncher/com.sec.android.app.twlauncher.Launcher idx=2 Map Size=5
D/SurfaceFlinger(  443): remove count:1 destroying com.sec.android.app.twlauncher/com.sec.android.app.twlauncher.Launcher
I/GLThread(  646): onPause tid=17
I/Main thread(  646): onPause waiting for mPaused.
I/GLThread(  646): mPaused is now true tid=17
D/GLSurfaceViewGroup(  646): Skipped drawing due to suspendDrawingUntilResume()
D/dalvikvm( 2051): GC_EXTERNAL_ALLOC freed 55K, 40% free 3243K/5379K, external 1310K/1312K, paused 26ms
D/InputTransport(  443): Input channel constructed: name='409d0e60 net.szym.barnacle/net.szym.barnacle.StatusActivity (server)', ashmemFd=260, receivePipeFd=291, sendPipeFd=290
D/InputTransport(  443): Input channel constructed: name='409d0e60 net.szym.barnacle/net.szym.barnacle.StatusActivity (client)', ashmemFd=286, receivePipeFd=289, sendPipeFd=292
D/InputTransport(  443): Input channel destroyed: name='409d0e60 net.szym.barnacle/net.szym.barnacle.StatusActivity (client)', ashmemFd=286, receivePipeFd=289, sendPipeFd=292
D/InputTransport( 2051): Input channel constructed: name='409d0e60 net.szym.barnacle/net.szym.barnacle.StatusActivity (client)', ashmemFd=42, receivePipeFd=43, sendPipeFd=44
I/SurfaceFlinger(  443): id=15(1) createSurface 0x482c3c for pid 2051 (1x1),2 flag=0, net.szym.barnacle/net.szym.barnacle.StatusActivity
D/msm8660.gralloc(  443): !@/dev/pmem: allocating pmem size=4096000, offset=12394496(0xbd2000)
I/ViewRoot( 2051): !@FINISH DRAWING : net.szym.barnacle/net.szym.barnacle.StatusActivity
I/ActivityManager(  443): Displayed net.szym.barnacle/.StatusActivity: +541ms (total +2m42s990ms)
D/InputTransport(  443): Input channel destroyed: name='409ba9d8 Starting net.szym.barnacle (server)', ashmemFd=268, receivePipeFd=274, sendPipeFd=273
D/InputTransport(  443): Input channel destroyed: name='409ba9d8 Starting net.szym.barnacle (client)', ashmemFd=269, receivePipeFd=272, sendPipeFd=275
I/ViewRoot( 2051): !@finishDrawing is completed : net.szym.barnacle/net.szym.barnacle.StatusActivity
D/CLIPBOARD(  646): Hide Clipboard dialog at Starting input: finished by someone else... !
D/msm8660.gralloc(  443): !@/dev/pmem: allocating pmem size=4096000, offset=16490496(0xfba000)
I/ViewRoot( 2051): !@FINISH DRAWING : net.szym.barnacle/net.szym.barnacle.StatusActivity
I/ViewRoot( 2051): !@finishDrawing is completed : net.szym.barnacle/net.szym.barnacle.StatusActivity
D/CLIPBOARD( 2051): Hide Clipboard dialog at Starting input: finished by someone else... !
I/SurfaceFlinger(  443): id=14 Removed Starting net.szym.barnacle idx=3 Map Size=5
D/SurfaceFlinger(  443): remove count:1 destroying Starting net.szym.barnacle
I/WindowOrientationListener(  443): orientation = 313 Tilt = 25 -- -6 ,  5 ,  4
D/Tethering(  443): eth0 is not a tetherable iface, ignoring
I/WifiHW  (  443): [WIFI] DRIVER OK
I/WifiHW  (  443): wifi_start_supplicant: Enter
D/WifiHW  (  443): /data/wifi/default_ap_delete exits
D/WifiHW  (  443): /data/wifi/bcm_supp.conf exits
I/WifiHW  (  443): [service state check polling count] : 19
I/wpa_supplicant( 2079): Interface eth0 set UP - success 
E/wpa_supplicant( 2079): ioctl[SIOCSIWMODE]
I/WifiHW  (  443): wifi_start_supplicant: Exit. supp_status=running
I/WifiHW  (  443): wifi_connect_to_supplicant: enter
I/WifiHW  (  443): wifi_connect_to_supplicant: supp_conn_status(transit)
E/WifiHW  (  443): Unable to access IFACE_DIR  /No such file or directory
E/WifiHW  (  443): wifi_connect_to_supplicant: ifname(eth0)
W/WifiPolicyService(  443): intent received Intent { act=android.net.wifi.WIFI_STATE_CHANGED flg=0x10000000 (has extras) }
V/DATA    (  596): [DCT(0) ] intent received :android.net.wifi.WIFI_STATE_CHANGED
I/wpa_supplicant( 2079): CTRL-EVENT-STATE-CHANGE id=-1 state=2 BSSID=00:00:00:00:00:00
V/WifiProgressStore( 1554): WifiProgressStore Created
E/WifiHW  (  443): wifi_connect_to_supplicant: ctrl_conn(0x57a5a8)
E/wpa_supplicant( 2079): ioctl[SIOCGIWSCAN]: 11
I/wpa_supplicant( 2079): CTRL-EVENT-SCAN-RESULTS 
E/wpa_supplicant( 2079): ioctl[SIOCSIWPRIV] (cscan): -1
W/wpa_supplicant( 2079): Failed to initiate AP scan.
I/WifiHW  (  443): wifi_connect_to_supplicant: Exit(supplicant is connected!)
I/WifiStateTracker(  443): ================>> Check SetAutoConnect autoConnectATTHotspot : true
V/WifiStateTracker(  443): Connection to supplicant established, state=SCANNING
D/NetworkStateTracker(  443): setDetailed state, old =IDLE and new state=SCANNING
W/WifiStateTracker(  443): ------ msg.what =1
D/DATA    (  596): mMasterDataEnabled=true,isUsePacketData=true
V/WifiProgressStore( 2014): WifiProgressStore Created
D/GTalkService(  668): ##### Network broadcast (connected=true) type=WIFI, state=DISCONNECTED
D/GTalkService(  668): ##### Network broadcast (connected=true) type=mobile, state=CONNECTED
I/ApplicationPolicy(  443): onReceive:Intent { act=android.net.conn.CONNECTIVITY_CHANGE flg=0x10000000 (has extras) }
D/FirewallPolicy(  443): Entering handleConnectivityAction...
D/FirewallPolicy(  443): checkOnline()...
D/FirewallPolicy(  443): execute pending commands
D/Tethering(  443): MasterInitialState.processMessage what=3
I/ApplicationPolicy(  443): onReceive:Intent { act=android.net.conn.CONNECTIVITY_CHANGE flg=0x10000000 (has extras) }
D/FirewallPolicy(  443): Entering handleConnectivityAction...
D/FirewallPolicy(  443): checkOnline()...
D/FirewallPolicy(  443): execute pending commands
D/Tethering(  443): MasterInitialState.processMessage what=3
I/ApplicationPolicy(  443): updateDataUsageMap:0
E/[FT]-Server( 1442): NetworkStateReceiver :intent: android.net.wifi.supplicant.CONNECTION_CHANGE
E/[FT]-Server( 1442): NetworkStateReceiver :No work intent: android.net.wifi.supplicant.CONNECTION_CHANGEstate: SCANNING
E/com.samsung.app(  942): [MSC_Accu]>>> WeatherWidgetProvider.java:354 [0:0] onReceive@ android.net.conn.CONNECTIVITY_CHANGE
E/com.samsung.app(  942): [MSC_Accu]>>> WidgetIdManager.java:53 [0:0] AccuWeatherClockWidgetID_Length
E/com.samsung.app(  942): [MSC_Accu]>>> WidgetIdManager.java:54 [0:0] getPrefIDs@lngth:1
E/com.samsung.app(  942): [MSC_Accu]>>> WidgetIdManager.java:60 [0:0] getPrefIDs@Ids1:4
E/com.samsung.app(  942): [MSC_Accu]>>> WeatherWidgetProvider.java:688 [0:0] CnnctChng::true   ChkAftCnnct : false
E/com.samsung.app( 1399): [MSC]>>> StockClock_Integration.java:235 [0:0] onReceive android.net.conn.CONNECTIVITY_CHANGE
E/com.samsung.app( 1399): [MSC]>>> StockClock_Integration.java:241 [0:0] onReceive : no stock widget!!!
I/MediaUploader( 1574): No need to wake up
I/WindowOrientationListener(  443): orientation = 315 Tilt = 26 -- -5 ,  6 ,  4
I/wpa_supplicant( 2079): CTRL-EVENT-NO-CONNECTION
V/WifiMonitor(  443): Event [ SCAN-RESULTS ]
E/[FT]-Server( 1442): NetworkStateReceiver :intent: android.net.conn.CONNECTIVITY_CHANGE
D/[FT]-Server( 1442): NetworkStateReceiver :UNKNOWN Type : DISCONNECTED
D/CityIdBroadcastReceiver( 1604): Received connectivity change event
I/DBG_WSS_DM( 1014): [V2.1112.5.2][DMService.java Line:1951][ProtoIsWIFIConnected] WiFi Network status is disabled
V/WifiMonitor(  443): Event [CTRL-EVENT-NO-CONNECTION]
E/wpa_supplicant( 2079): Ongoing Scan action...
W/WifiStateTracker(  443): ------ msg.what =5
W/WifiStateTracker(  443): ------ msg.what =16
I/wpa_supplicant( 2079): SCAN_RESULTS : [26] 
D/AudioHardwareMSM8660(  325): AudioStreamOutMSM72xx::standby()
D/AudioHardwareMSM8660(  325): Deroute pcm stream
I/CommandListener(  319): CommandListener, WiFiDirectCmd::runCommand set DirectController......... 
D/WifiDirectController(  319): WifiDirectController::releaseWifiDirect
E/WifiDirectController(  319): Release DirectController. --- Wifi Direct is not initialized. Don't need to release wifi direct.
W/WifiPolicyService(  443): intent received Intent { act=android.net.wifi.WIFI_STATE_CHANGED flg=0x10000000 (has extras) }
V/DATA    (  596): [DCT(0) ] intent received :android.net.wifi.WIFI_STATE_CHANGED
D/AudioHardwareMSM8660(  325): value of device and enable is 2 0 ALSA dev id:2
I/WifiHW  (  443): wifi_stop_supplicant: Enter
I/WifiHW  (  443): wifi_stop_supplicant: connecting supplicant is done
I/WifiHW  (  443): wifi_stop_supplicant: status of  supplicant(connected), count(49) 
I/wpa_supplicant( 2079): CTRL-EVENT-TERMINATING - signal 15 received
I/wpa_supplicant( 2079): CTRL-EVENT-TERMINATING - signal 0 received
I/wpa_supplicant( 2079): CTRL-EVENT-STATE-CHANGE id=-1 state=0 BSSID=00:00:00:00:00:00
V/WifiMonitor(  443): Event [CTRL-EVENT-TERMINATING - signal 15 received]
E/com.samsung.app(  942): [MSC_Accu]>>> WeatherWidgetProvider.java:354 [0:0] onReceive@ android.net.conn.CONNECTIVITY_CHANGE
E/com.samsung.app(  942): [MSC_Accu]>>> WidgetIdManager.java:53 [0:0] AccuWeatherClockWidgetID_Length
E/com.samsung.app(  942): [MSC_Accu]>>> WidgetIdManager.java:54 [0:0] getPrefIDs@lngth:1
E/com.samsung.app(  942): [MSC_Accu]>>> WidgetIdManager.java:60 [0:0] getPrefIDs@Ids1:4
E/com.samsung.app(  942): [MSC_Accu]>>> WeatherWidgetProvider.java:688 [0:0] CnnctChng::true   ChkAftCnnct : false
E/com.samsung.app( 1399): [MSC]>>> StockClock_Integration.java:235 [0:0] onReceive android.net.conn.CONNECTIVITY_CHANGE
E/com.samsung.app( 1399): [MSC]>>> StockClock_Integration.java:241 [0:0] onReceive : no stock widget!!!
I/MediaUploader( 1574): No need to wake up
D/GpsLocationProvider(  443): updateNetworkState available info: NetworkInfo: type: mobile[LTE], state: CONNECTED/CONNECTED, reason: default profile not changed, extra: pta, roaming: false, failover: false, isAvailable: true
I/DBG_WSS_DM( 1014): [V2.1112.5.2][DMService.java Line:1951][ProtoIsWIFIConnected] WiFi Network status is disabled
V/SecDownloader( 1567): CDHelpers : isNetworkRoaming: network is not roaming
D/GpsLocationProvider(  443): Sim state = 5
D/GpsLocationProvider(  443): MCC  : 310MNC  : 410
D/GpsLocationProvider(  443): SUPL_URL  : h-slp.mnc410.mcc310.pub.3gppnetwork.orgSUPL_PORT  : 7275
E/power   (  443): acquire_wake_lock g_error=2 
E/power   (  443): release_wake_lock g_error=2 
E/power   (  443): acquire_wake_lock g_error=2 
E/power   (  443): release_wake_lock g_error=2 
W/libloc  (  443): loc_read_sec_gps_conf: no /data/data/com.android.angryGps/secgps.conf file, using defaults
E/libloc  (  443): loc_eng_sec_set_param(): Fail to read sec GPS config!. default config will be set
E/power   (  443): acquire_wake_lock g_error=2 
E/power   (  443): release_wake_lock g_error=2 
E/power   (  443): acquire_wake_lock g_error=2 
E/power   (  443): release_wake_lock g_error=2 
E/power   (  443): acquire_wake_lock g_error=2 
E/power   (  443): release_wake_lock g_error=2 
E/power   (  443): acquire_wake_lock g_error=2 
E/power   (  443): release_wake_lock g_error=2 
E/power   (  443): acquire_wake_lock g_error=2 
E/power   (  443): release_wake_lock g_error=2 
E/power   (  443): acquire_wake_lock g_error=2 
E/power   (  443): release_wake_lock g_error=2 
E/power   (  443): acquire_wake_lock g_error=2 
E/power   (  443): release_wake_lock g_error=2 
E/power   (  443): acquire_wake_lock g_error=2 
E/power   (  443): release_wake_lock g_error=2 
E/power   (  443): acquire_wake_lock g_error=2 
E/power   (  443): release_wake_lock g_error=2 
E/power   (  443): acquire_wake_lock g_error=2 
E/power   (  443): release_wake_lock g_error=2 
E/power   (  443): acquire_wake_lock g_error=2 
E/power   (  443): release_wake_lock g_error=2 
E/power   (  443): acquire_wake_lock g_error=2 
D/GpsLocationProvider(  443): AutoSuplServerAddrSet complete!!!
E/power   (  443): release_wake_lock g_error=2 
E/power   (  443): acquire_wake_lock g_error=2 
E/power   (  443): release_wake_lock g_error=2 
E/power   (  443): acquire_wake_lock g_error=2 
E/power   (  443): release_wake_lock g_error=2 
E/power   (  443): acquire_wake_lock g_error=2 
E/power   (  443): release_wake_lock g_error=2 
I/WifiHW  (  443): wifi_stop_supplicant: exit normally
D/WifiStateTracker(  443): Reset connections and stopping DHCP
V/WifiStateTracker(  443): Connection to supplicant lost
I/WifiHW  (  443): wifi_close_supplicant_connection: enter
I/WifiHW  (  443): wifi_close_supplicant_connection: exit
D/NetworkStateTracker(  443): setDetailed state, old =SCANNING and new state=DISCONNECTED
W/WifiStateTracker(  443): ------ msg.what =2
E/power   (  443): acquire_wake_lock g_error=2 
E/power   (  443): release_wake_lock g_error=2 
D/GpsLocationProvider(  443): getAGpsConnectionInfo connType - 3
E/[FT]-Server( 1442): NetworkStateReceiver :intent: android.net.conn.CONNECTIVITY_CHANGE
D/CityIdBroadcastReceiver( 1604): Received connectivity change event
E/com.samsung.app(  942): [MSC_Accu]>>> WeatherWidgetProvider.java:354 [0:0] onReceive@ android.net.wifi.SCAN_RESULTS
E/com.samsung.app(  942): [MSC_Accu]>>> WidgetIdManager.java:53 [0:0] AccuWeatherClockWidgetID_Length
E/com.samsung.app(  942): [MSC_Accu]>>> WidgetIdManager.java:54 [0:0] getPrefIDs@lngth:1
E/com.samsung.app(  942): [MSC_Accu]>>> WidgetIdManager.java:60 [0:0] getPrefIDs@Ids1:4
E/com.samsung.app(  942): [MSC_Accu]>>> WeatherWidgetProvider.java:671 [0:0] SCAN_RESULTS_AVAILABLE_ACTION::Detail State : DISCONNECTED   CHECK_AFTER_CONNECTED : false
I/NetworkStatusReceiver( 1554): action: android.net.wifi.SHOW_AP_LIST_DIALOG
E/WifiManager( 1554): showApDialog
I/WifiService(  443): setShowAccessPointListDialog():false
D/WifiStateTracker(  443): Disabling interface
E/wifi    (  443): android_net_wifi_set_talk_battery() connect=0
I/WifiHW  (  443): wifi_unload_driver: enter start.....
D/dalvikvm(  668): GC_CONCURRENT freed 383K, 39% free 3889K/6343K, external 96K/1289K, paused 2ms+6ms
D/KeyguardViewMediator(  443): handleTimeout
I/WifiHW  (  443): remmod : delete_module start.
E/Tethering(  443): attempting to remove unknown iface (eth0), ignoring
I/WindowOrientationListener(  443): orientation = 316 Tilt = 26 -- -5 ,  6 ,  4
I/WifiHW  (  443): remmod : delete_module start. ret=[0], no=[99][Cannot assign requested address]
I/WifiHW  (  443): [WIFI] Unload Driver
I/WifiHW  (  443): wifi_unload_driver: exit
E/[FT]-Server( 1442): NetworkStateReceiver :intent: android.net.wifi.supplicant.CONNECTION_CHANGE
E/[FT]-Server( 1442): NetworkStateReceiver :No work intent: android.net.wifi.supplicant.CONNECTION_CHANGEstate: DISCONNECTED
I/InputReader(  443): dispatchTouch::touch event's action is 0, pending(waiting finished signal)=0
I/InputDispatcher(  443): Delivering touch to current input target: action: 0, channel '409d0e60 net.szym.barnacle/net.szym.barnacle.StatusActivity (server)'
I/InputDispatcher(  443): Delivering touch to current input target: action: 0, channel 'PenGestureView (server)'
V/DATA    (  596): [DCT(0) ] intent received :android.net.wifi.WIFI_STATE_CHANGED
W/WifiPolicyService(  443): intent received Intent { act=android.net.wifi.WIFI_STATE_CHANGED flg=0x10000000 (has extras) }
I/InputReader(  443): dispatchTouch::touch event's action is 1, pending(waiting finished signal)=0
I/InputDispatcher(  443): Delivering touch to current input target: action: 1, channel '409d0e60 net.szym.barnacle/net.szym.barnacle.StatusActivity (server)'
I/InputDispatcher(  443): Delivering touch to current input target: action: 1, channel 'PenGestureView (server)'
V/AudioPolicyManager(  325): getParamFromPolicy  deviceInt = 0, situationInt = 1, situationVolume = 1.000000
V/AudioPolicyService(  325): startOutput() tid 527
V/AudioPolicyManager(  325): startOutput() output 1, stream 1, session 6
V/AudioPolicyManager(  325): getDeviceForStrategy() from cache strategy 0, device 2
V/AudioPolicyManager(  325): getNewDevice() selected device 2
V/AudioPolicyManager(  325): setOutputDevice() output 1 device 2 delayMs 0
V/AudioPolicyManager(  325): setOutputDevice() setting same device 2 or null device for output 1
E/AudioTrack(  443): Audio track delete
E/AudioTrack(  443): stop 0x5a3e88
E/AudioTrack(  443): Stop complete
E/AudioTrack(  443): Audio track exit start
E/AudioTrack(  443): Audio track exit done
V/AudioPolicyService(  325): releaseOutput() tid 407
V/AudioPolicyManager(  325): releaseOutput() 1
V/AudioHardwareMSM8660(  325): open driver
V/AudioHardwareMSM8660(  325): get config
V/AudioHardwareMSM8660(  325): set config
V/AudioHardwareMSM8660(  325): buffer_size: 4800
V/AudioHardwareMSM8660(  325): buffer_count: 2
V/AudioHardwareMSM8660(  325): channel_count: 2
V/AudioHardwareMSM8660(  325): sample_rate: 44100
W/myBarnacleApp( 2051): serviceStarted
D/AudioHardwareMSM8660(  325): write(): dec_id = 1 cur_rx = 2
V/AudioHardwareMSM8660(  325): cur_rx for pcm playback = 2
D/AudioHardwareMSM8660(  325): value of device and enable is 2 1 ALSA dev id:2
I/BarnacleService( 2051): log: Starting...
I/BarnacleService( 2051): log: hq. MSG_NETSCHANGE. about to get getWifiState
I/BarnacleService( 2051): log: hq. BarnacleServiceNETSCHANGE: 1 1 null
E/BarnacleService( 2051): NETSCHANGE: 1 1 null
I/BarnacleService( 2051): log: hq. wifiState 1 =? WifiManager.WIFI_STATE_DISABLED = 1
I/BarnacleService( 2051): log: hq. INSIDE :) wifi state disabled
I/BarnacleService( 2051): log: ( (state = 1) ?== (STATE_STARTING = 1) ) && ( (process = proc_is_null) ?== null ... && checkUplink:
I/BarnacleService( 2051): log: hq. :D:D:D:D in state == STATE STARTING and no proccess and checkuplink :D:D:D
I/BarnacleService( 2051): log: Data network is ready
I/BarnacleService( 2051): log: .ini file prepared
I/BarnacleService( 2051): log: hq. :):):):):) :D:D:D:D:D:D about to startProcess()
I/BarnacleService( 2051): log: hq==============
I/BarnacleService( 2051): BarnacleService: startProcess()
D/ACDB-LOADER(  325): ACDB -> send_audio_cal, acdb_id = 2, path =  0
D/ACDB-LOADER(  325): ACDB -> send_audtable
D/ACDB-LOADER(  325): ACDB -> ACDB_CMD_GET_AUDPROC_COMMON_TABLE
D/ACDB-LOADER(  325): ACDB -> AUDIO_SET_AUDPROC_CAL
D/ACDB-LOADER(  325): ACDB -> send_audvoltable
D/ACDB-LOADER(  325): ACDB -> ACDB_CMD_GET_AUDPROC_GAIN_DEP_VOLTBL_STEP_COPP
D/ACDB-LOADER(  325): ACDB -> AUDIO_SET_AUDPROC_VOL_CAL
I/BarnacleService( 2051): log: hq     pb = new ProcessBuilder
I/BarnacleService( 2051): log: hq     ./File_SCRIPT
I/BarnacleService( 2051): log: hq     pb.start()
I/BarnacleService( 2051): log: hq     new Thread 0 OUTPUT
I/BarnacleService( 2051): log: hq     new Thread 1 ERROR
I/BarnacleService( 2051): log: hq     threads 0 start
I/BarnacleService( 2051): log: hq     threads 1 start
E/su      ( 2136): sudb - Opening database
E/su      ( 2136): sudb - Database opened
E/su      ( 2136): sudb - Database closed
D/su      ( 2136): 10123 net.szym.barnacle executing 0 /data/data/net.szym.barnacle/files/run using shell /system/bin/sh : sh
D/Su.ResultService( 1945): onStartCommand()
D/Su.ResultService( 1945): onStart()
D/Su.ResultService( 1945): onHandleIntent()
D/Su.ResultService( 1945): ensurePrefs()
D/Su.ResultService( 1945): loading prefs
D/Su.ResultService( 1945): Found in database
D/Su.ResultService( 1945): appId = 2
D/Su.ResultService( 1945): ensurePrefs()
D/InputTransport(  443): Input channel constructed: name='40a64f60 Toast (server)', ashmemFd=50, receivePipeFd=297, sendPipeFd=296
D/InputTransport(  443): Input channel constructed: name='40a64f60 Toast (client)', ashmemFd=294, receivePipeFd=295, sendPipeFd=298
D/InputTransport(  443): Input channel destroyed: name='40a64f60 Toast (client)', ashmemFd=294, receivePipeFd=295, sendPipeFd=298
D/InputTransport( 1945): Input channel constructed: name='40a64f60 Toast (client)', ashmemFd=52, receivePipeFd=53, sendPipeFd=54
I/WindowManager(  443): mAppToken is null , so we can't use SF_BYPASS
I/SurfaceFlinger(  443): id=16(2) createSurface 0x4c61e4 for pid 1945 (1x1),1 flag=0, Toast
I/WifiHW  ( 2145): [WIFI] Load Driver
E/WifiHW  ( 2145): module is murata
I/WifiHW  ( 2145): ==========[WIFI] MURATA MODULE ===========
E/WifiHW  ( 2145): WIFI_COUNTRY_DRIVER_ARG enable!!
E/WifiHW  ( 2145): read CSC : ATT
E/WifiHW  ( 2145): read CSC : ATT
E/WifiHW  ( 2145): read CSC : ATT
E/WifiHW  ( 2145): read CSC : ATT
E/WifiHW  ( 2145): read CSC : ATT
E/WifiHW  ( 2145): isCountry() == normal
I/WifiHW  ( 2145): [WiFi.c] insmod() Start!! 
I/WifiHW  ( 2145): [WiFi.c] start init_module() Start!! 
E/WifiHW  ( 2145):  args = firmware_path=/system/etc/wifi/bcm4330_sta.bin nvram_path=/system/etc/wifi/nvram_net.txt_murata
D/msm8660.gralloc(  443): !@/dev/pmem: allocating pmem size=409600, offset=2048000(0x1f4000)
I/ViewRoot( 1945): !@FINISH DRAWING : Toast
I/ViewRoot( 1945): !@finishDrawing is completed : Toast
I/BarnacleService( 2051): log: hq. MSG_NETSCHANGE. about to get getWifiState
I/BarnacleService( 2051): log: hq. BarnacleServiceNETSCHANGE: 1 1 proc
E/BarnacleService( 2051): NETSCHANGE: 1 1 proc
I/BarnacleService( 2051): log: hq. wifiState 1 =? WifiManager.WIFI_STATE_DISABLED = 1
I/BarnacleService( 2051): log: hq. INSIDE :) wifi state disabled
I/BarnacleService( 2051): log: ( (state = 1) ?== (STATE_STARTING = 1) ) && ( (process = proc_is_not_null) ?== null ... && checkUplink:
I/BarnacleService( 2051): log: now waiting, becaus  either state != STATE_STARTING or process != null
I/BarnacleService( 2051): log: hq. MSG_NETSCHANGE. about to get getWifiState
I/BarnacleService( 2051): log: hq. BarnacleServiceNETSCHANGE: 1 1 proc
E/BarnacleService( 2051): NETSCHANGE: 1 1 proc
I/BarnacleService( 2051): log: hq. wifiState 1 =? WifiManager.WIFI_STATE_DISABLED = 1
I/BarnacleService( 2051): log: hq. INSIDE :) wifi state disabled
E/AudioTrack(  443): stop 0x410700
V/AudioPolicyService(  325): stopOutput() tid 529
V/AudioPolicyManager(  325): stopOutput() output 1, stream 1, session 6
V/AudioPolicyManager(  325): getNewDevice() selected device 0
V/AudioPolicyManager(  325): setOutputDevice() output 1 device 0 delayMs 0
V/AudioPolicyManager(  325): setOutputDevice() setting same device 0 or null device for output 1
E/AudioTrack(  443): Stop complete
I/BarnacleService( 2051): log: ( (state = 1) ?== (STATE_STARTING = 1) ) && ( (process = proc_is_not_null) ?== null ... && checkUplink:
I/BarnacleService( 2051): log: now waiting, becaus  either state != STATE_STARTING or process != null
D/Su.ResultService( 1945): recycle()
D/Su.ResultService( 1945): ensurePrefs()
D/Su.ResultService( 1945): onDestroy()
I/WindowOrientationListener(  443): orientation = 315 Tilt = 32 -- -5 ,  6 ,  5
D/Tethering(  443): eth0 is not a tetherable iface, ignoring
I/WifiHW  ( 2145): [WIFI] DRIVER OK
I/BarnacleService( 2051): log: WIFI: driver loaded
D/dalvikvm( 2051): GC_CONCURRENT freed 165K, 40% free 3388K/5639K, external 1419K/2596K, paused 1ms+2ms
D/barnacle( 2154): WIFI: WLEXT assoc
I/BarnacleService( 2051): log: WIFI: Could not set ad-hoc mode of eth0: Operation not permitted
I/BarnacleService( 2051): log: Running...
W/myBarnacleApp( 2051): processStarted
I/TetheringManagerService( 1341): Provider is ATT
I/TetheringManagerService( 1341): MCCMNC is 310410
I/TetheringManagerService( 1341): Tethering is not running
I/TetheringManagerService( 1341): No saved default APN was found
I/TetheringManagerService( 1341): Supporting device(s) = wl0.1, usb0
E/AlarmManagerService(  443): android_server_AlarmManagerService_set to type=1, 1333059446.828000000
E/AlarmManagerService(  443): android_server_AlarmManagerService_set to type=1, 1333059466.828000000
I/TetheringManagerService( 1341): Wifi is disabled
I/TetheringManagerService( 1341): Available : usb0
I/TetheringManagerService( 1341): Network is LTE
I/TetheringManagerService( 1341): Mobile data is connected
D/TelephonyProvider(  596): start query selection apn = 'broadband'
I/TetheringManagerService( 1341): Stored entitled ID is 1344
I/TetheringManagerService( 1341): Stored entitled APN is broadband
I/TetheringManagerService( 1341): Stored entitled MCC/MNC is 310150
I/TetheringManagerService( 1341): Stored entitled APN type is dun
I/TetheringManagerService( 1341): Stored entitled ID is 1346
I/TetheringManagerService( 1341): Stored entitled APN is broadband
I/TetheringManagerService( 1341): Stored entitled MCC/MNC is 310170
I/TetheringManagerService( 1341): Stored entitled APN type is dun
I/TetheringManagerService( 1341): Stored entitled ID is 1348
I/TetheringManagerService( 1341): Stored entitled APN is broadband
I/TetheringManagerService( 1341): Stored entitled MCC/MNC is 310410
I/TetheringManagerService( 1341): Stored entitled APN type is dun
I/TetheringManagerService( 1341): Stored entitled APN ID(1348) is verified
I/TetheringManagerService( 1341): Current APN id = 1347
D/TetheringManagerService( 1341): Current APN name is pta
D/TetheringManagerService( 1341): LTE
I/WindowOrientationListener(  443): orientation = 335 Tilt = 36 -- -2 ,  7 ,  5
D/InputTransport(  443): Input channel destroyed: name='40a64f60 Toast (server)', ashmemFd=50, receivePipeFd=297, sendPipeFd=296
D/InputTransport( 1945): Input channel destroyed: name='40a64f60 Toast (client)', ashmemFd=52, receivePipeFd=53, sendPipeFd=54
D/AudioHardwareMSM8660(  325): AudioStreamOutMSM72xx::standby()
D/AudioHardwareMSM8660(  325): Deroute pcm stream
D/AudioHardwareMSM8660(  325): value of device and enable is 2 0 ALSA dev id:2
I/WindowOrientationListener(  443): orientation = 339 Tilt = 34 -- -2 ,  7 ,  5
I/SurfaceFlinger(  443): id=16 Removed Toast idx=4 Map Size=5
D/SurfaceFlinger(  443): remove count:1 destroying Toast
I/WindowOrientationListener(  443): orientation = 343 Tilt = 37 -- -1 ,  7 ,  5
I/WindowOrientationListener(  443): orientation = 356 Tilt = 42 -- 0 ,  7 ,  6
I/WindowOrientationListener(  443): orientation = 357 Tilt = 42 -- 0 ,  7 ,  6
I/WindowOrientationListener(  443): orientation = 357 Tilt = 30 -- 0 ,  7 ,  4
D/InputReader(  443): Input event: value=1
I/ScreenCaptureAction(  443): updateHomeKeyPressed(), pressed = true
D/RestrictionPolicy(  443): updateHomeKeyPolicySet():mHomekeyPolicySet:0
D/RestrictionPolicy(  443): isHomeKeyEnabled :true
V/AudioPolicyManager(  325): getParamFromPolicy  deviceInt = 0, situationInt = 1, situationVolume = 1.000000
V/AudioPolicyService(  325): startOutput() tid 407
V/AudioPolicyManager(  325): startOutput() output 1, stream 1, session 7
V/AudioPolicyManager(  325): getDeviceForStrategy() from cache strategy 0, device 2
V/AudioPolicyManager(  325): getNewDevice() selected device 2
V/AudioPolicyManager(  325): setOutputDevice() output 1 device 2 delayMs 0
V/AudioPolicyManager(  325): setOutputDevice() setting same device 2 or null device for output 1
E/AudioTrack(  443): Audio track delete
E/AudioTrack(  443): stop 0x410700
E/AudioTrack(  443): Stop complete
E/AudioTrack(  443): Audio track exit start
E/AudioTrack(  443): Audio track exit done
V/AudioPolicyService(  325): releaseOutput() tid 325
V/AudioPolicyManager(  325): releaseOutput() 1
V/AudioHardwareMSM8660(  325): open driver
V/AudioHardwareMSM8660(  325): get config
V/AudioHardwareMSM8660(  325): set config
V/AudioHardwareMSM8660(  325): buffer_size: 4800
V/AudioHardwareMSM8660(  325): buffer_count: 2
V/AudioHardwareMSM8660(  325): channel_count: 2
V/AudioHardwareMSM8660(  325): sample_rate: 44100
D/AudioHardwareMSM8660(  325): write(): dec_id = 1 cur_rx = 2
V/AudioHardwareMSM8660(  325): cur_rx for pcm playback = 2
D/AudioHardwareMSM8660(  325): value of device and enable is 2 1 ALSA dev id:2
D/ACDB-LOADER(  325): ACDB -> send_audio_cal, acdb_id = 2, path =  0
D/ACDB-LOADER(  325): ACDB -> send_audtable
D/ACDB-LOADER(  325): ACDB -> ACDB_CMD_GET_AUDPROC_COMMON_TABLE
D/ACDB-LOADER(  325): ACDB -> AUDIO_SET_AUDPROC_CAL
D/ACDB-LOADER(  325): ACDB -> send_audvoltable
D/ACDB-LOADER(  325): ACDB -> ACDB_CMD_GET_AUDPROC_GAIN_DEP_VOLTBL_STEP_COPP
D/ACDB-LOADER(  325): ACDB -> AUDIO_SET_AUDPROC_VOL_CAL
D/InputReader(  443): Input event: value=0
I/ScreenCaptureAction(  443): updateHomeKeyPressed(), pressed = false
D/RestrictionPolicy(  443): isHomeKeyEnabled :true
I/OrientationDebug(  443): [pwm] in updateOrientationListenerLp()
V/OrientationDebug(  443): in updateOrientationListenerLp(), Screen status=true, current orientation=1, SensorEnabled=false
I/OrientationDebug(  443): [pwm] needSensorRunningLp(), return false #3
E/WindowManager(  443): rotation is : 0
D/GLSurfaceViewGroup(  646): Skipped drawing due to suspendDrawingUntilResume()
I/GLThread(  646): onResume tid=17
I/Main thread(  646): onResume waiting for !mPaused.
I/GLThread(  646): mPaused is now false tid=17
D/Launcher(  646): It's image wallpaper. suggestDesiredDimensions(800 , 1280 )
E/com.samsung.app(  942): [MSC_Accu]>>> WeatherWidgetProvider.java:354 [0:0] onReceive@ sec.android.intent.action.HOME_RESUME
E/com.samsung.app(  942): [MSC_Accu]>>> WidgetIdManager.java:53 [0:0] AccuWeatherClockWidgetID_Length
E/com.samsung.app(  942): [MSC_Accu]>>> WidgetIdManager.java:54 [0:0] getPrefIDs@lngth:1
E/com.samsung.app(  942): [MSC_Accu]>>> WidgetIdManager.java:60 [0:0] getPrefIDs@Ids1:4
E/AudioTrack(  443): stop 0x5686d8
V/AudioPolicyService(  325): stopOutput() tid 527
V/AudioPolicyManager(  325): stopOutput() output 1, stream 1, session 7
V/AudioPolicyManager(  325): getNewDevice() selected device 0
V/AudioPolicyManager(  325): setOutputDevice() output 1 device 0 delayMs 0
V/AudioPolicyManager(  325): setOutputDevice() setting same device 0 or null device for output 1
E/AudioTrack(  443): Stop complete
I/SurfaceFlinger(  443): id=17(5) createSurface 0x725c24 for pid 646 (800x1230),1 flag=0, SurfaceView
I/GLThread(  646): noticed surfaceView surface acquired tid=17
W/GLThread(  646): egl createSurface
W/EglHelper(  646): createSurface()  tid=17
D/msm8660.gralloc(  443): !@/dev/pmem: allocating pmem size=3993600, offset=2048000(0x1f4000)
W/GLThread(  646): onSurfaceChanged(800, 1230)
I/Main thread(  646): onWindowResize waiting for render complete from tid=17
I/GLThread(  646): noticing that we want render notification tid=17
W/GLThread(  646): onSurfaceChanged(800, 1230)
D/msm8660.gralloc(  443): !@/dev/pmem: allocating pmem size=3993600, offset=20586496(0x13a2000)
I/Main thread(  646): onWindowResize waiting for render complete from tid=17
E/com.samsung.app( 1399): [MSC]>>> StockClock_Integration.java:235 [0:0] onReceive sec.android.intent.action.HOME_RESUME
E/com.samsung.app( 1399): [MSC]>>> StockClock_Integration.java:241 [0:0] onReceive : no stock widget!!!
I/PhotoAppWidgetProvider( 1415): onReceive
I/PhotoAppWidgetProvider( 1415): RestartSlideShow
D/PhotoDatabaseHelper( 1415): getWidgetIdList query count : 0
D/PhotoAppWidgetProvider( 1415): onReceive End
I/GLThread(  646): sending render notification tid=17
D/DigitalClock(  976): DigitalClockAppWidget.onReceive : ACTION_HOME_RESUME is called!!
I/SurfaceFlinger(  443): id=18(6) createSurface 0x69347c for pid 646 (800x1280),1 flag=400, com.sec.android.app.twlauncher/com.sec.android.app.twlauncher.Launcher
D/Surface (  646): Surface is full screen
D/msm8660.gralloc(  443): !@/dev/pmem: allocating pmem size=4096000, offset=30621696(0x1d34000)
I/ViewRoot(  646): !@FINISH DRAWING : com.sec.android.app.twlauncher/com.sec.android.app.twlauncher.Launcher
I/ViewRoot(  646): !@finishDrawing is completed : com.sec.android.app.twlauncher/com.sec.android.app.twlauncher.Launcher
I/Launcher(  646): onWindowFocusChanged(true)
D/msm8660.gralloc(  443): !@/dev/pmem: allocating pmem size=4096000, offset=34717696(0x211c000)
I/WindowOrientationListener(  443): orientation = 357 Tilt = 25 -- -1 ,  8 ,  4
D/Buddies--------------------------->( 1466): Service:OnReceive ACTION_HOME_RESUME called
D/dalvikvm(  646): GC_EXTERNAL_ALLOC freed 237K, 40% free 4391K/7303K, external 23165K/23238K, paused 76ms
D/CLIPBOARD( 2051): Hide Clipboard dialog at Starting input: finished by someone else... !
I/SurfaceFlinger(  443): id=15 Removed net.szym.barnacle/net.szym.barnacle.StatusActivity idx=4 Map Size=6
D/SurfaceFlinger(  443): remove count:1 destroying net.szym.barnacle/net.szym.barnacle.StatusActivity
I/WindowOrientationListener(  443): orientation = 350 Tilt = 34 -- 0 ,  7 ,  5
D/AudioHardwareMSM8660(  325): AudioStreamOutMSM72xx::standby()
D/AudioHardwareMSM8660(  325): Deroute pcm stream
D/AudioHardwareMSM8660(  325): value of device and enable is 2 0 ALSA dev id:2
I/WindowOrientationListener(  443): orientation = 358 Tilt = 46 -- 0 ,  6 ,  6
I/WindowOrientationListener(  443): orientation = 359 Tilt = 46 -- 0 ,  6 ,  7
E/AlarmManagerService(  443): android_server_AlarmManagerService_set to type=3, 710.821000000
I/UNA     ( 2014): [UNA VersionName : 2.0.21]
V/UNA     ( 2014): [Now] :18:17:37
D/UNA     ( 2014): [RegisterRepeatingAlarmTime] Input interval Time (MIN)= 1440
D/UNA     ( 2014): [RegisterRepeatingAlarmTime] interval Time: 86400000
W/UNA     ( 2014): starttime : 210837
W/UNA     ( 2014): [starttime] starttime : 86610838
I/WindowOrientationListener(  443): orientation = 359 Tilt = 46 -- 0 ,  6 ,  6
D/AndroidRuntime( 2213): 
D/AndroidRuntime( 2213): >>>>>> AndroidRuntime START com.android.internal.os.RuntimeInit <<<<<<
D/AndroidRuntime( 2213): CheckJNI is OFF
D/AndroidRuntime( 2213): setted country_code = USA
D/AndroidRuntime( 2213): setted sales_code = ATT
D/AndroidRuntime( 2213): found sales_code tag = <ATT>, </ATT> 
D/dalvikvm( 2213): creating instr width table
D/LibQmg_native( 2213): register_android_app_LibQmg
D/DeviceEncryption( 2213): JNI: register_android_deviceencryption_DeviceEncryptionManager
D/AndroidRuntime( 2213): Calling main entry com.android.commands.pm.Pm
I/ApplicationIconDb(  443): getApplicationIconChangedList  : 
I/WindowOrientationListener(  443): orientation = 359 Tilt = 45 -- 0 ,  6 ,  6
I/ApplicationPolicy(  443): registerNetworkChangeReceiver
I/ApplicationPolicy(  443): registerNetworkChangeReceiver() : Done
I/ApplicationPolicy(  443): onReceive:Intent { act=android.net.conn.CONNECTIVITY_CHANGE flg=0x10000000 (has extras) }
D/dalvikvm( 2242): GC_EXPLICIT freed 48K, 43% free 3117K/5379K, external 0K/0K, paused 40ms
I/ApplicationPolicy(  443): isApplicationInstallationEnabled :  pkg edu.mit.csail.diplomamatrix
D/dalvikvm( 2242): GC_EXPLICIT freed 5K, 43% free 3119K/5379K, external 0K/0K, paused 21ms
D/PackageParser(  443): Scanning package: /data/app/vmdl1054428956.tmp
I/PackageParser(  443): edu.mit.csail.diplomamatrix: compat added android.permission.READ_PHONE_STATE
I/PackageManager(  443): Removing non-system package:edu.mit.csail.diplomamatrix
D/PackageManager(  443): Scanning package edu.mit.csail.diplomamatrix
D/installd(  329): DexInv: --- BEGIN '/data/app/edu.mit.csail.diplomamatrix-2.apk' ---
D/dalvikvm( 2250): creating instr width table
D/dalvikvm( 2250): DexOpt: load 12ms, verify+opt 108ms
D/installd(  329): DexInv: --- END '/data/app/edu.mit.csail.diplomamatrix-2.apk' (success) ---
D/PackageManager(  443):   Activities: edu.mit.csail.diplomamatrix.StatusActivity
D/dalvikvm(  443): GC_CONCURRENT freed 1883K, 39% free 8227K/13383K, external 30258K/32296K, paused 3ms+8ms
I/installd(  329): move /data/dalvik-cache/data@app@edu.mit.csail.diplomamatrix-2.apk@classes.dex -> /data/dalvik-cache/data@app@edu.mit.csail.diplomamatrix-2.apk@classes.dex
D/PackageManager(  443): New package installed in /data/app/edu.mit.csail.diplomamatrix-2.apk
D/dalvikvm(  691): GC_EXPLICIT freed 266K, 41% free 3412K/5767K, external 0K/0K, paused 54ms
D/dalvikvm(  646): GC_EXPLICIT freed 22K, 41% free 4376K/7303K, external 21690K/23238K, paused 81ms
I/ActivityManager(  646): class name : edu.mit.csail.diplomamatrix.StatusActivity
D/Launcher.LauncherModel(  646):   --> update package edu.mit.csail.diplomamatrix
I/DebugFolder(  646): syncGridView Dumping Added
I/DebugFolder(  646): syncGridView Dumping Deleted
I/DebugFolder(  646): syncGridView Dumping Current
I/DebugFolder(  646): syncGridView Dumping Special
I/DebugPlacement(  646): ASZ order 0 / com.sec.android.app.twlauncher.ApplicationInfo Phone -1 -1 0 1|-1|-1|-1|-1|0 com.sec.android.app.twlauncher.ApplicationInfo@405c2ca8
I/DebugPlacement(  646): ASZ order 1 / com.sec.android.app.twlauncher.ApplicationInfo Calendar -1 -1 1 2|-1|-1|-1|-1|0 com.sec.android.app.twlauncher.ApplicationInfo@4064a550
I/DebugPlacement(  646): ASZ order 2 / com.sec.android.app.twlauncher.ApplicationInfo Email -1 -1 2 3|-1|-1|-1|-1|0 com.sec.android.app.twlauncher.ApplicationInfo@405d5320
I/DebugPlacement(  646): ASZ order 3 / com.sec.android.app.twlauncher.ApplicationInfo Web -1 -1 3 4|-1|-1|-1|-1|0 com.sec.android.app.twlauncher.ApplicationInfo@4054e8f0
E/SocialHub( 1108): [UinboxReceiver] onReceive() >> Context is android.app.ReceiverRestrictedContext@40523c48
I/SocialHub( 1108): [UinboxReceiver] onReceive() >> ==============================================
I/SocialHub( 1108): [UinboxReceiver] onReceive() >> 	UinboxBroadCastReceiver() 
I/SocialHub( 1108): [UinboxReceiver] onReceive() >> 	intent.getAction() :  android.intent.action.PACKAGE_REMOVED
I/SocialHub( 1108): [UinboxReceiver] onReceive() >>   intent.getData() : edu.mit.csail.diplomamatrix
I/SocialHub( 1108): [UinboxReceiver] onReceive() >> ==============================================
I/DebugPlacement(  646): View = com.sec.android.app.twlauncher.MenuItemView@40676198 tag = com.sec.android.app.twlauncher.ApplicationInfo Web -1 -1 3 4|-1|-1|-1|-1|0 com.sec.android.app.twlauncher.ApplicationInfo@4054e8f0 Owner = com.sec.android.app.twlauncher.AppShortcutZone@405c0350
I/DebugPlacement(  646): View = com.sec.android.app.twlauncher.MenuItemView@405edf80 tag = com.sec.android.app.twlauncher.ApplicationInfo Email -1 -1 2 3|-1|-1|-1|-1|0 com.sec.android.app.twlauncher.ApplicationInfo@405d5320 Owner = com.sec.android.app.twlauncher.AppShortcutZone@405c0350
I/DebugPlacement(  646): View = com.sec.android.app.twlauncher.MenuItemView@4059b5c8 tag = com.sec.android.app.twlauncher.ApplicationInfo Calendar -1 -1 1 2|-1|-1|-1|-1|0 com.sec.android.app.twlauncher.ApplicationInfo@4064a550 Owner = com.sec.android.app.twlauncher.AppShortcutZone@405c0350
I/DebugPlacement(  646): View = com.sec.android.app.twlauncher.MenuItemView@4056b7c0 tag = com.sec.android.app.twlauncher.ApplicationInfo Phone -1 -1 0 1|-1|-1|-1|-1|0 com.sec.android.app.twlauncher.ApplicationInfo@405c2ca8 Owner = com.sec.android.app.twlauncher.AppShortcutZone@405c0350
I/DebugPlacement(  646): SyncGrid 1 9 com.sec.android.app.twlauncher.ApplicationInfo aaaCameraCloud -1 1 9 57|-1|-1|-1|-1|0 com.sec.android.app.twlauncher.ApplicationInfo@40648be8 New
I/DebugPlacement(  646): SyncGrid 1 10 com.sec.android.app.twlauncher.ApplicationInfo aaDIPLOMAMatrix -1 1 10 58|-1|-1|-1|-1|0 com.sec.android.app.twlauncher.ApplicationInfo@4060edf8 New
