--------- beginning of /dev/log/system
I/Vold    (   72): Vold 2.1 (the revenge) firing up
D/Vold    (   72): Volume sdcard state changing -1 (Initializing) -> 0 (No-Media)
D/Vold    (   72): Volume sdcard state changing 0 (No-Media) -> 2 (Pending)
E/DirectVolume(   72): Dv:partAdd: ignoring part_num = 4 (max: 3)
D/Vold    (   72): Volume sdcard state changing 2 (Pending) -> 1 (Idle-Unmounted)
W/Vold    (   72): Duplicate state (1)
W/Vold    (   72): Duplicate state (1)
W/Vold    (   72): Duplicate state (1)
W/Vold    (   72): Duplicate state (1)
I/SystemServer(  153): Entered the Android system server!
I/SystemServer(  153): Entropy Service
I/SystemServer(  153): Power Manager
I/SystemServer(  153): Activity Manager
I/ActivityManager(  153): Memory class: 48
I/SystemServer(  153): Telephony Registry
I/SystemServer(  153): Package Manager
W/PackageParser(  153): No actions in intent filter at /system/app/Bluetooth.apk Binary XML file line #125
W/PackageParser(  153): No actions in intent filter at /system/app/Contacts.apk Binary XML file line #525
W/PackageParser(  153): Unknown element under <manifest>: supports-gl-texture at /system/app/GoogleEarth.apk Binary XML file line #3
I/Installer(  153): connecting...
I/PackageParser(  153): com.googlecode.android.wifi.tether: compat added android.permission.WRITE_EXTERNAL_STORAGE android.permission.READ_PHONE_STATE
I/PackageManager(  153): Time to scan packages: 3.773 seconds
W/PackageManager(  153): Not granting permission android.permission.SEND_DOWNLOAD_COMPLETED_INTENTS to package com.google.android.browser (protectionLevel=2 flags=0x9be45)
W/PackageManager(  153): Unknown permission com.android.vending.permission.UPDATE_MARKET_FAILURE in package com.android.vending.updater
W/PackageManager(  153): Unknown permission android.permission.ADD_SYSTEM_SERVICE in package com.android.phone
W/PackageManager(  153): Unknown permission com.android.smspush.WAPPUSH_MANAGER_BIND in package com.android.phone
W/PackageManager(  153): Unknown permission com.android.vending.billing.IBillingAccountService.BIND2 in package com.google.android.gsf.login
W/PackageManager(  153): Not granting permission android.permission.DEVICE_POWER to package com.google.android.deskclock (protectionLevel=2 flags=0x8be45)
W/PackageManager(  153): Unknown permission android.permission.READ_OWNER_DATA in package com.google.android.setupwizard
W/PackageManager(  153): Unknown permission android.permission.WRITE_OWNER_DATA in package com.google.android.setupwizard
W/PackageManager(  153): Not granting permission com.google.android.gm.permission.READ_GMAIL to package com.google.android.apps.uploader (protectionLevel=2 flags=0x8be45)
W/PackageManager(  153): Unknown permission android.permission.READ_EXTERNAL_STORAGE in package com.android.vending
W/PackageManager(  153): Not granting permission android.permission.SEND_DOWNLOAD_COMPLETED_INTENTS to package com.android.vending (protectionLevel=2 flags=0xabec5)
W/PackageManager(  153): Not granting permission android.permission.ACCOUNT_MANAGER to package com.google.android.music (protectionLevel=2 flags=0x8be65)
W/PackageManager(  153): Unknown permission com.android.providers.im.permission.READ_ONLY in package com.google.android.apps.maps
W/PackageManager(  153): Unknown permission android.permission.READ_EXTERNAL_STORAGE in package com.google.android.videoeditor
W/PackageManager(  153): Unknown permission com.google.android.apps.googlevoice.REMOTE_INTENT in package com.google.android.apps.googlevoice
W/PackageManager(  153): Unknown permission com.google.android.permission.RECEIVE_DATA_MESSAGE in package com.google.android.apps.googlevoice
W/PackageManager(  153): Unknown permission com.google.android.permission.SEND_DATA_MESSAGE in package com.google.android.apps.googlevoice
I/SystemServer(  153): Account Manager
I/SystemServer(  153): Content Manager
I/SystemServer(  153): System Content Providers
I/SystemServer(  153): Lights Service
I/SystemServer(  153): Battery Service
I/SystemServer(  153): Vibrator Service
I/SystemServer(  153): Alarm Manager
I/SystemServer(  153): Init Watchdog
I/SystemServer(  153): Window Manager
I/InputManager(  153): Initializing input manager
W/StatusBarManager(  153): warning: no STATUS_BAR_SERVICE
I/InputManager(  153): Starting input manager
I/SystemServer(  153): Bluetooth Service
I/SystemServer(  153): Input Method Service
W/InputManagerService(  153): Couldn't create dir.: /data/system/inputmethod
I/SystemServer(  153): Accessibility Manager
I/ActivityManager(  153): Config changed: {1.0 0mcc0mnc en_US layoutdir=0 sw320dp w320dp h508dp nrml long port ?uimode ?night finger -keyb/v/h -nav/h s.2}
I/SystemServer(  153): Device Policy
I/SystemServer(  153): Status Bar
I/SystemServer(  153): Clipboard Service
I/SystemServer(  153): NetworkManagement Service
I/SystemServer(  153): Text Service Manager Service
I/SystemServer(  153): NetworkStats Service
I/SystemServer(  153): NetworkPolicy Service
I/SystemServer(  153): Wi-Fi P2pService
I/SystemServer(  153): Wi-Fi Service
I/SystemServer(  153): Connectivity Service
D/ConnectivityService(  153): ConnectivityService starting up
E/ConnectivityService(  153): Ignoring protectedNetwork 10
E/ConnectivityService(  153): Ignoring protectedNetwork 11
E/ConnectivityService(  153): Ignoring protectedNetwork 12
E/MobileDataStateTracker(  153): default: Ignoring feature request because could not acquire PhoneService
E/MobileDataStateTracker(  153): default: Could not enable APN type "default"
D/NetworkManagementService(  153): Registering observer
D/NetworkManagementService(  153): Registering observer
I/WifiService(  153): WifiService starting up with Wi-Fi disabled
I/SystemServer(  153): Throttle Service
I/SystemServer(  153): Mount Service
D/MountService(  153): got storage path: /mnt/sdcard description: USB storage primary: true removable: false emulated: false mtpReserve: 0 allowMassStorage: true maxFileSize: 4294967296
I/SystemServer(  153): Notification Manager
I/SystemServer(  153): Device Storage Monitor
I/SystemServer(  153): Location Manager
I/SystemServer(  153): Country Detector
I/SystemServer(  153): Search Service
I/SystemServer(  153): DropBox Service
I/SystemServer(  153): Wallpaper Service
I/SystemServer(  153): Audio Service
D/VoldCmdListener(   72): volume list
D/MountService(  153): volume state changed for /mnt/sdcard (null -> unmounted)
I/SystemServer(  153): Dock Observer
I/SystemServer(  153): Wired Accessory Observer
I/SystemServer(  153): USB Service
I/SystemServer(  153): UI Mode Manager Service
I/SystemServer(  153): Backup Service
V/BackupManagerService(  153): Initializing package tracking
V/BackupManagerService(  153): No ancestral data
V/BackupManagerService(  153): addPackageParticipantsLocked: null
I/BackupManagerService(  153): New app android never backed up; scheduling
I/BackupManagerService(  153): New app com.android.nfc never backed up; scheduling
I/BackupManagerService(  153): New app com.android.providers.settings never backed up; scheduling
I/BackupManagerService(  153): New app com.android.providers.userdictionary never backed up; scheduling
I/BackupManagerService(  153): New app com.android.sharedstoragebackup never backed up; scheduling
I/BackupManagerService(  153): New app com.android.vending never backed up; scheduling
I/BackupManagerService(  153): New app com.google.android.browser never backed up; scheduling
I/BackupManagerService(  153): New app com.google.android.calendar never backed up; scheduling
I/BackupManagerService(  153): New app com.google.android.gm never backed up; scheduling
I/BackupManagerService(  153): New app com.google.android.inputmethod.latin never backed up; scheduling
I/BackupManagerService(  153): New app org.connectbot never backed up; scheduling
V/BackupManagerService(  153): Registering transport android/com.android.internal.backup.LocalTransport = com.android.internal.backup.LocalTransport@4140a768
V/BackupManagerService(  153): Starting with transport com.google.android.backup/.BackupTransportService
V/BackupManagerService(  153): Binding to Google transport
I/BackupManagerService(  153): Found stale backup journal, scheduling
I/BackupManagerService(  153):   android
I/BackupManagerService(  153):   com.android.nfc
I/BackupManagerService(  153):   com.android.providers.settings
I/BackupManagerService(  153):   com.android.providers.userdictionary
I/BackupManagerService(  153):   com.android.sharedstoragebackup
I/BackupManagerService(  153):   com.android.vending
I/BackupManagerService(  153):   com.google.android.browser
I/BackupManagerService(  153):   com.google.android.calendar
I/BackupManagerService(  153):   com.google.android.gm
I/BackupManagerService(  153):   com.google.android.inputmethod.latin
I/BackupManagerService(  153):   org.connectbot
I/BackupManagerService(  153): Backup enabled => false
I/BackupManagerService(  153): Opting out of backup
I/SystemServer(  153): AppWidget Service
I/SystemServer(  153): Recognition Service
I/SystemServer(  153): DiskStats Service
I/SystemServer(  153): SamplingProfiler Service
I/SystemServer(  153): NetworkTimeUpdateService
D/PowerManagerService(  153): system ready!
I/ActivityManager(  153): System now ready
I/SystemServer(  153): Making services ready
D/SystemServer(  153): Starting service: Intent { cmp=com.android.systemui/.SystemUIService }
I/ActivityManager(  153): Start proc com.android.systemui for service com.android.systemui/.SystemUIService: pid=218 uid=1000 gids={1015, 3002, 3001, 3003, 3007}
D/NetworkManagementService(  153): enabling bandwidth control
D/SystemUIService(  218): loading: class com.android.systemui.statusbar.phone.PhoneStatusBar
D/SystemUIService(  218): running: com.android.systemui.statusbar.phone.PhoneStatusBar@4131d238
D/NetworkManagementService(  153): Registering observer
I/StatusBarManagerService(  153): registerStatusBar bar=com.android.internal.statusbar.IStatusBar$Stub$Proxy@4146ade8
D/PhoneStatusBar(  218): disable: < expand icons alerts ticker system_info BACK* HOME* RECENT* CLOCK* >
D/NetworkManagementService(  153): Registering observer
I/ActivityManager(  153): Config changed: {1.0 0mcc0mnc en_US layoutdir=0 sw320dp w320dp h508dp nrml long port finger -keyb/v/h -nav/h s.3}
I/ActivityManager(  153): Start proc android.process.media for broadcast com.android.providers.media/.UsbReceiver: pid=266 uid=10014 gids={1015, 1023, 1024, 2001, 3003, 3007}
D/StorageNotification(  218): Startup with UMS connection false (media state unmounted)
I/StorageNotification(  218): UMS connection changed to false (media state unmounted)
D/SystemUIService(  218): loading: class com.android.systemui.power.PowerUI
D/SystemUIService(  218): running: com.android.systemui.power.PowerUI@41301ff8
I/ActivityManager(  153): Start proc com.android.wallpaper for service com.android.wallpaper/.nexus.NexusWallpaper: pid=279 uid=10030 gids={1006}
W/InputManagerService(  153): Ignoring setImeWindowStatus of uid 1000 token: null
I/ActivityManager(  153): Start proc com.google.android.inputmethod.latin for service com.google.android.inputmethod.latin/com.android.inputmethod.latin.LatinIME: pid=291 uid=10028 gids={}
D/NetworkManagementService(  153): Registering observer
W/ThrottleService(  153): unable to find stats for iface rmnet0
I/ActivityManager(  153): Start proc com.android.phone for added application com.android.phone: pid=314 uid=1001 gids={3002, 3001, 3003, 1015}
I/ActivityManager(  153): Start proc com.android.nfc for added application com.android.nfc: pid=329 uid=1027 gids={3002, 3001}
I/ActivityManager(  153): START {act=android.intent.action.MAIN cat=[android.intent.category.HOME] flg=0x10000000 cmp=com.android.launcher/com.android.launcher2.Launcher} from pid 0
D/WifiService(  153): New client listening to asynchronous messages
I/ActivityManager(  153): Start proc com.android.launcher for activity com.android.launcher/com.android.launcher2.Launcher: pid=341 uid=10029 gids={}
W/ActivityManager(  153): Unable to start service Intent { act=com.android.internal.telephony.IWapPushManager }: not found
I/ActivityManager(  153): Start proc com.google.android.inputmethod.latin.dictionarypack for content provider com.google.android.inputmethod.latin.dictionarypack/.DictionaryProvider: pid=385 uid=10027 gids={3003, 1015}
I/ActivityManager(  153): Start proc android.process.acore for content provider com.android.providers.userdictionary/.UserDictionaryProvider: pid=396 uid=10000 gids={3003, 1015}
W/ActivityManager(  153): Unable to start service Intent { act=com.android.ussd.IExtendedNetworkService }: not found
I/ActivityManager(  153): Start proc com.google.process.gapps for service com.google.android.location/.NetworkLocationService: pid=454 uid=10011 gids={3003, 1015, 1007, 2001, 3006}
I/StorageNotification(  218): UMS connection changed to false (media state unmounted)
I/ActivityManager(  153): Start proc com.android.settings for broadcast com.android.settings/.widget.SettingsAppWidgetProvider: pid=467 uid=1000 gids={1015, 3002, 3001, 3003, 3007}
V/BackupManagerService(  153): Connected to Google transport
V/BackupManagerService(  153): Registering transport com.google.android.backup/.BackupTransportService = com.google.android.backup.BackupTransportService$1@41666ee8
D/PowerManagerService(  153): bootCompleted
V/DevicePolicyManagerService(  153): Sending password expiration notifications for action android.intent.action.BOOT_COMPLETED
D/VoldCmdListener(   72): volume mount /mnt/sdcard
I/Vold    (   72): /dev/block/vold/179:3 being considered for volume sdcard
D/Vold    (   72): Volume sdcard state changing 1 (Idle-Unmounted) -> 3 (Checking)
D/MountService(  153): volume state changed for /mnt/sdcard (unmounted -> checking)
I/StorageNotification(  218): Media {/mnt/sdcard} state changed from {unmounted} -> {checking}
D/MountService(  153): sendStorageIntent Intent { act=android.intent.action.MEDIA_CHECKING dat=file:///mnt/sdcard (has extras) }
I/ActivityManager(  153): Start proc com.android.contacts for broadcast com.android.contacts/.calllog.CallLogReceiver: pid=503 uid=10000 gids={3003, 1015}
V/WiredAccessoryObserver(  153): init()
W/WiredAccessoryObserver(  153): This kernel does not have wired headset support
W/WiredAccessoryObserver(  153): This kernel does not have wired headset support
I/WifiService(  153): WifiService trying to set country code to us with persist set to true
I/ActivityManager(  153): Start proc com.android.providers.calendar for broadcast com.android.providers.calendar/.CalendarReceiver: pid=540 uid=10007 gids={3003, 1015}
I/ActivityManager(  153): Config changed: {1.0 310mcc260mnc en_US layoutdir=0 sw320dp w320dp h508dp nrml long port finger -keyb/v/h -nav/h s.4}
I/ActivityManager(  153): Start proc com.google.android.deskclock for broadcast com.google.android.deskclock/com.android.deskclock.AlarmInitReceiver: pid=556 uid=10013 gids={}
I/ActivityManager(  153): Start proc com.google.android.email for broadcast com.google.android.email/com.android.email.service.EmailBroadcastReceiver: pid=572 uid=10015 gids={3003, 1015}
I/ActivityManager(  153): Start proc com.google.android.exchange for service com.google.android.exchange/com.android.exchange.ExchangeService: pid=589 uid=10016 gids={3003, 1015}
I/ActivityManager(  153): Start proc com.google.android.apps.genie.geniewidget for broadcast com.google.android.apps.genie.geniewidget/.miniwidget.MiniWidgetProvider: pid=607 uid=10018 gids={3003, 1015}
I/ActivityManager(  153): Start proc com.google.android.gm for broadcast com.google.android.gm/.MailIntentReceiver: pid=626 uid=10019 gids={3003, 1015}
I/ActivityManager(  153): Start proc com.google.android.gsf.login for service com.google.android.gsf.login/com.google.android.gsf.loginservice.GoogleLoginService: pid=672 uid=10011 gids={3003, 1015, 1007, 2001, 3006}
I/ActivityManager(  153): Start proc com.google.android.apps.maps:FriendService for broadcast com.google.android.apps.maps/com.google.googlenav.friend.android.ServiceReceiver: pid=696 uid=10032 gids={3003, 1015}
I/ActivityManager(  153): Start proc com.google.android.partnersetup for broadcast com.google.android.partnersetup/.GooglePartnerSetup: pid=653 uid=10022 gids={3003}
I/ActivityManager(  153): START {flg=0x10000000 cmp=com.google.android.gsf/.update.SystemUpdateInstallDialog} from pid 454
I/ActivityManager(  153): Start proc com.google.android.apps.maps:NetworkLocationService for service com.google.android.apps.maps/com.google.android.location.internal.server.NetworkLocationService: pid=712 uid=10032 gids={3003, 1015}
I/ActivityManager(  153): Start proc com.android.mms for broadcast com.android.mms/.transaction.MmsSystemEventReceiver: pid=725 uid=10036 gids={3003, 1015}
D/CountryDetectorService(  153): The first listener is added
W/ActivityManager(  153): Permission Denial: receiving Intent { act=android.intent.action.BOOT_COMPLETED flg=0x10 } to com.android.musicfx requires android.permission.RECEIVE_BOOT_COMPLETED due to sender null (uid 1000)
I/ActivityManager(  153): Start proc com.google.android.onetimeinitializer for broadcast com.google.android.onetimeinitializer/.OneTimeInitializerReceiver: pid=749 uid=10040 gids={}
I/ActivityManager(  153): Start proc com.google.android.talk for broadcast com.google.android.talk/.videochat.BootCompleteReceiver: pid=765 uid=10050 gids={3003, 1015, 1006, 3002}
I/ActivityManager(  153): START {flg=0x10000000 cmp=com.google.android.gsf/.update.SystemUpdateDownloadDialog} from pid 454
D/ConnectivityService(  153): handleInetConditionChange: no active default network - ignore
I/ActivityManager(  153): Start proc com.google.android.videos for broadcast com.google.android.videos/com.google.android.youtube.videos.transfer.VideoDownloadService$BootReceiver: pid=787 uid=10053 gids={3003, 1015}
I/ActivityManager(  153): No longer want com.google.android.inputmethod.latin.dictionarypack (pid 385): hidden #16
I/ActivityManager(  153): Start proc com.android.voicedialer for broadcast com.android.voicedialer/.VoiceDialerReceiver: pid=822 uid=10055 gids={3002}
I/ActivityManager(  153): No longer want com.android.settings (pid 467): hidden #16
W/ActivityManager(  153): Permission Denial: receiving Intent { act=android.intent.action.BOOT_COMPLETED flg=0x10 } to com.google.android.youtube requires android.permission.RECEIVE_BOOT_COMPLETED due to sender null (uid 1000)
I/ActivityManager(  153): No longer want com.android.contacts (pid 503): hidden #16
W/ActivityManager(  153): Permission Denial: receiving Intent { act=android.intent.action.BOOT_COMPLETED flg=0x10 } to com.google.android.youtube requires android.permission.RECEIVE_BOOT_COMPLETED due to sender null (uid 1000)
I/ActivityManager(  153): Start proc com.google.android.apps.googlevoice for broadcast com.google.android.apps.googlevoice/.BootUpReceiver: pid=835 uid=10058 gids={3003, 1015}
I/ActivityManager(  153): Start proc com.android.settings for broadcast com.android.settings/.widget.SettingsAppWidgetProvider: pid=851 uid=1000 gids={1015, 3002, 3001, 3003, 3007}
I/ActivityManager(  153): No longer want com.google.android.exchange (pid 589): hidden #16
I/ActivityManager(  153): Start proc com.android.vending for broadcast com.android.vending/.MarketWidgetProvider: pid=864 uid=10043 gids={3003, 1015}
I/ActivityManager(  153): No longer want com.google.android.apps.genie.geniewidget (pid 607): hidden #16
D/ConnectivityService(  153): ConnectivityChange for mobile: CONNECTED/CONNECTED
I/ActivityManager(  153): No longer want com.google.android.email (pid 572): hidden #16
I/ActivityManager(  153): Start proc com.google.android.calendar for broadcast com.google.android.calendar/com.android.calendar.widget.CalendarAppWidgetService$CalendarFactory: pid=898 uid=10006 gids={3003}
I/ActivityManager(  153): No longer want com.android.providers.calendar (pid 540): hidden #16
I/ActivityManager(  153): Start proc com.google.android.apps.maps:LocationFriendService for broadcast com.google.android.apps.maps/com.google.googlenav.friend.reporting.LocationReportingIntentReceiver: pid=914 uid=10032 gids={3003, 1015}
I/ActivityManager(  153): No longer want com.google.android.partnersetup (pid 653): hidden #16
I/ActivityManager(  153): Start proc com.android.providers.calendar for content provider com.android.providers.calendar/.CalendarProvider2: pid=926 uid=10007 gids={3003, 1015}
I/ActivityManager(  153): No longer want com.google.android.gsf.login (pid 672): hidden #16
I/ActivityManager(  153): Start proc com.google.android.music:main for broadcast com.google.android.music/.store.MediaStoreImportService$Receiver: pid=942 uid=10037 gids={3003, 1015}
I/ActivityManager(  153): No longer want com.android.mms (pid 725): hidden #16
D/CountryDetectorService(  153): No listener is left
I/Vold    (   72): Filesystem check completed OK
I/Vold    (   72): Device /dev/block/vold/179:3, target /mnt/sdcard mounted @ /mnt/secure/staging
D/Vold    (   72): Volume sdcard state changing 3 (Checking) -> 4 (Mounted)
D/MountService(  153): volume state changed for /mnt/sdcard (checking -> mounted)
I/StorageNotification(  218): Media {/mnt/sdcard} state changed from {checking} -> {mounted}
D/MountService(  153): sendStorageIntent Intent { act=android.intent.action.MEDIA_MOUNTED dat=file:///mnt/sdcard (has extras) }
I/ActivityManager(  153): Start proc com.google.android.apps.uploader for broadcast com.google.android.apps.uploader/.ConnectivityBroadcastReceiver: pid=964 uid=10034 gids={3003}
D/VoldCmdListener(   72): asec list
W/PackageManager(  153): Not granting permission android.permission.SEND_DOWNLOAD_COMPLETED_INTENTS to package com.google.android.browser (protectionLevel=2 flags=0x9be45)
W/PackageManager(  153): Unknown permission com.android.vending.permission.UPDATE_MARKET_FAILURE in package com.android.vending.updater
W/PackageManager(  153): Unknown permission android.permission.ADD_SYSTEM_SERVICE in package com.android.phone
W/PackageManager(  153): Unknown permission com.android.smspush.WAPPUSH_MANAGER_BIND in package com.android.phone
W/PackageManager(  153): Unknown permission com.android.vending.billing.IBillingAccountService.BIND2 in package com.google.android.gsf.login
W/PackageManager(  153): Not granting permission android.permission.DEVICE_POWER to package com.google.android.deskclock (protectionLevel=2 flags=0x8be45)
W/PackageManager(  153): Unknown permission android.permission.READ_OWNER_DATA in package com.google.android.setupwizard
W/PackageManager(  153): Unknown permission android.permission.WRITE_OWNER_DATA in package com.google.android.setupwizard
W/PackageManager(  153): Not granting permission com.google.android.gm.permission.READ_GMAIL to package com.google.android.apps.uploader (protectionLevel=2 flags=0x8be45)
W/PackageManager(  153): Unknown permission android.permission.READ_EXTERNAL_STORAGE in package com.android.vending
W/PackageManager(  153): Not granting permission android.permission.SEND_DOWNLOAD_COMPLETED_INTENTS to package com.android.vending (protectionLevel=2 flags=0xabec5)
W/PackageManager(  153): Not granting permission android.permission.ACCOUNT_MANAGER to package com.google.android.music (protectionLevel=2 flags=0x8be65)
W/PackageManager(  153): Unknown permission com.android.providers.im.permission.READ_ONLY in package com.google.android.apps.maps
W/PackageManager(  153): Unknown permission android.permission.READ_EXTERNAL_STORAGE in package com.google.android.videoeditor
W/PackageManager(  153): Unknown permission com.google.android.apps.googlevoice.REMOTE_INTENT in package com.google.android.apps.googlevoice
W/PackageManager(  153): Unknown permission com.google.android.permission.RECEIVE_DATA_MESSAGE in package com.google.android.apps.googlevoice
W/PackageManager(  153): Unknown permission com.google.android.permission.SEND_DATA_MESSAGE in package com.google.android.apps.googlevoice
I/ActivityManager(  153): Start proc com.google.android.apps.plus for broadcast com.google.android.apps.plus/.service.PackagesMediaMonitor: pid=983 uid=10044 gids={3003, 1015, 1006}
I/ActivityManager(  153): No longer want com.google.android.onetimeinitializer (pid 749): hidden #16
I/ActivityManager(  153): No longer want android.process.acore (pid 396): hidden #16
I/ActivityManager(  153): No longer want com.google.android.videos (pid 787): hidden #16
D/ConnectivityService(  153): handleInetConditionHoldEnd: net=0, condition=100, published condition=0
D/PhoneStatusBar(  218): disable: < expand icons alerts ticker system_info BACK HOME recent* CLOCK >
D/PhoneStatusBar(  218): disable: < expand icons alerts ticker system_info back* home* recent clock* >
I/ActivityManager(  153): START {act=android.intent.action.MAIN cat=[android.intent.category.LAUNCHER] flg=0x10200000 cmp=net.szym.barnacle/.StatusActivity} from pid 341
I/ActivityManager(  153): Start proc net.szym.barnacle for activity net.szym.barnacle/.StatusActivity: pid=1027 uid=10065 gids={3003}
I/ActivityManager(  153): Start proc com.googlecode.android.wifi.tether for broadcast com.googlecode.android.wifi.tether/.WifiStateChangeReceiver: pid=1043 uid=10063 gids={3003, 3001, 3002, 1015}
I/ActivityManager(  153): No longer want com.android.voicedialer (pid 822): hidden #16
W/InputManagerService(  153): Starting input on non-focused client com.android.internal.view.IInputMethodClient$Stub$Proxy@41661498 (uid=10029 pid=341)
D/NetworkManagementService(  153): rsp <213 00:90:4c:11:22:33 0.0.0.0 0 [down broadcast multicast]>
D/NetworkManagementService(  153): flags <[down broadcast multicast]>
D/ConnectivityService(  153): ConnectivityChange for WIFI: DISCONNECTED/DISCONNECTED
D/ConnectivityService(  153): Attempting to switch to mobile
D/ConnectivityService(  153): Attempting to switch to BLUETOOTH_TETHER
D/NetlinkEvent(   75): Unexpected netlink message. type=0x11
E/ActivityManager(  153): Activity Manager Crash
E/ActivityManager(  153): java.lang.IllegalArgumentException: Unknown URI type: 7
E/ActivityManager(  153): 	at android.net.Uri$1.createFromParcel(Uri.java:1734)
E/ActivityManager(  153): 	at android.net.Uri$1.createFromParcel(Uri.java:1723)
E/ActivityManager(  153): 	at android.content.Intent.readFromParcel(Intent.java:6131)
E/ActivityManager(  153): 	at android.content.Intent.<init>(Intent.java:6126)
E/ActivityManager(  153): 	at android.content.Intent.readFromParcel(Intent.java:6153)
E/ActivityManager(  153): 	at android.content.Intent.<init>(Intent.java:6126)
E/ActivityManager(  153): 	at android.content.Intent$1.createFromParcel(Intent.java:6117)
E/ActivityManager(  153): 	at android.content.Intent$1.createFromParcel(Intent.java:6115)
E/ActivityManager(  153): 	at android.app.ActivityManagerNative.onTransact(ActivityManagerNative.java:298)
E/ActivityManager(  153): 	at com.android.server.am.ActivityManagerService.onTransact(ActivityManagerService.java:1545)
E/ActivityManager(  153): 	at android.os.Binder.execTransact(Binder.java:338)
E/ActivityManager(  153): 	at dalvik.system.NativeStart.run(Native Method)
D/ConnectivityService(  153): handleInetConditionHoldEnd: net=0, condition=0, published condition=100
D/ConnectivityService(  153): handleInetConditionHoldEnd: net=0, condition=100, published condition=0
D/NetworkPolicy(  153): applying policy NetworkPolicy[NetworkTemplate: matchRule=MOBILE_ALL, subscriberId=valid]: cycleDay=15, warningBytes=2147483648, limitBytes=-1, lastSnooze=-1 to ifaces [rmnet0]
D/NetworkPolicy(  153): applying policy NetworkPolicy[NetworkTemplate: matchRule=MOBILE_ALL, subscriberId=valid]: cycleDay=15, warningBytes=2147483648, limitBytes=-1, lastSnooze=-1 to ifaces [rmnet0]
D/NetworkPolicy(  153): applying policy NetworkPolicy[NetworkTemplate: matchRule=MOBILE_ALL, subscriberId=valid]: cycleDay=15, warningBytes=2147483648, limitBytes=-1, lastSnooze=-1 to ifaces [rmnet0]
D/ConnectivityService(  153): handleInetConditionHoldEnd: net=0, condition=0, published condition=100
D/ConnectivityService(  153): handleInetConditionHoldEnd: net=0, condition=100, published condition=0
D/ConnectivityService(  153): handleInetConditionHoldEnd: net=0, condition=0, published condition=100
D/PhoneStatusBar(  218): disable: < expand icons alerts ticker system_info back home RECENT* clock >
D/PhoneStatusBar(  218): disable: < expand icons alerts ticker system_info BACK* HOME* RECENT CLOCK* >
D/ConnectivityService(  153): handleInetConditionHoldEnd: net=0, condition=100, published condition=0
D/ConnectivityService(  153): handleInetConditionHoldEnd: net=0, condition=0, published condition=100
D/ConnectivityService(  153): handleInetConditionHoldEnd: net=0, condition=100, published condition=0
D/ConnectivityService(  153): handleInetConditionHoldEnd: net=0, condition=0, published condition=100
I/WindowManager(  153): Lock screen displayed!
D/PhoneStatusBar(  218): disable: < expand icons alerts ticker system_info BACK HOME recent* CLOCK >
W/InputManagerService(  153): Window already focused, ignoring focus gain of: com.android.internal.view.IInputMethodClient$Stub$Proxy@41597518
D/PhoneStatusBar(  218): disable: < expand icons alerts ticker system_info back* home* recent clock* >
W/InputManagerService(  153): Starting input on non-focused client com.android.internal.view.IInputMethodClient$Stub$Proxy@416f1a00 (uid=10065 pid=1027)
I/ActivityManager(  153): No longer want com.google.android.apps.googlevoice (pid 835): hidden #16
D/ConnectivityService(  153): handleInetConditionHoldEnd: net=0, condition=100, published condition=0
D/ConnectivityService(  153): handleInetConditionHoldEnd: net=0, condition=0, published condition=100
D/ConnectivityService(  153): handleInetConditionHoldEnd: net=0, condition=100, published condition=0
D/ConnectivityService(  153): handleInetConditionHoldEnd: net=0, condition=0, published condition=100
D/ConnectivityService(  153): handleInetConditionHoldEnd: net=0, condition=100, published condition=0
D/ConnectivityService(  153): handleInetConditionHoldEnd: net=0, condition=0, published condition=100
I/ActivityManager(  153): START {act=android.intent.action.MAIN cat=[android.intent.category.LAUNCHER] flg=0x10200000 cmp=edu.mit.csail.diplomamatrix/.StatusActivity} from pid 341
I/ActivityManager(  153): Start proc edu.mit.csail.diplomamatrix for activity edu.mit.csail.diplomamatrix/.StatusActivity: pid=1134 uid=10067 gids={1006, 1015, 3003}
W/InputManagerService(  153): Starting input on non-focused client com.android.internal.view.IInputMethodClient$Stub$Proxy@41661498 (uid=10029 pid=341)
D/ConnectivityService(  153): handleInetConditionHoldEnd: net=0, condition=100, published condition=0
D/ConnectivityService(  153): handleInetConditionHoldEnd: net=0, condition=0, published condition=100
W/InputManagerService(  153): Starting input on non-focused client com.android.internal.view.IInputMethodClient$Stub$Proxy@415519d0 (uid=10067 pid=1134)
I/ActivityManager(  153): No longer want com.android.vending (pid 864): hidden #16
I/WindowManager(  153): WIN DEATH: Window{415aba30 edu.mit.csail.diplomamatrix/edu.mit.csail.diplomamatrix.StatusActivity paused=false}
W/WindowManager(  153): Force-removing child win Window{4168cfb0 SurfaceView paused=false} from container Window{415aba30 edu.mit.csail.diplomamatrix/edu.mit.csail.diplomamatrix.StatusActivity paused=false}
I/ActivityManager(  153): Process edu.mit.csail.diplomamatrix (pid 1134) has died.
W/ActivityManager(  153): Activity destroy timeout for ActivityRecord{415ac330 edu.mit.csail.diplomamatrix/.StatusActivity}
D/ConnectivityService(  153): handleInetConditionHoldEnd: net=0, condition=100, published condition=0
D/ConnectivityService(  153): handleInetConditionHoldEnd: net=0, condition=0, published condition=100
D/ConnectivityService(  153): handleInetConditionHoldEnd: net=0, condition=100, published condition=0
D/ConnectivityService(  153): handleInetConditionHoldEnd: net=0, condition=0, published condition=100
I/ActivityManager(  153): Start proc com.android.vending for broadcast com.android.vending/com.google.android.finsky.receivers.UpdateCheckReceiver: pid=1183 uid=10043 gids={3003, 1015}
D/ConnectivityService(  153): handleInetConditionHoldEnd: net=0, condition=100, published condition=0
D/ConnectivityService(  153): handleInetConditionHoldEnd: net=0, condition=0, published condition=100
I/ActivityManager(  153): START {act=android.intent.action.MAIN cat=[android.intent.category.LAUNCHER] flg=0x10200000 cmp=edu.mit.csail.diplomamatrix/.StatusActivity} from pid 341
I/ActivityManager(  153): Start proc edu.mit.csail.diplomamatrix for activity edu.mit.csail.diplomamatrix/.StatusActivity: pid=1218 uid=10067 gids={1006, 1015, 3003}
W/InputManagerService(  153): Starting input on non-focused client com.android.internal.view.IInputMethodClient$Stub$Proxy@41661498 (uid=10029 pid=341)
W/InputManagerService(  153): Window already focused, ignoring focus gain of: com.android.internal.view.IInputMethodClient$Stub$Proxy@41554d38
W/InputManagerService(  153): Window already focused, ignoring focus gain of: com.android.internal.view.IInputMethodClient$Stub$Proxy@416a96a8
W/InputManagerService(  153): Window already focused, ignoring focus gain of: com.android.internal.view.IInputMethodClient$Stub$Proxy@4164b450
W/InputManagerService(  153): Window already focused, ignoring focus gain of: com.android.internal.view.IInputMethodClient$Stub$Proxy@416db838
D/ConnectivityService(  153): handleInetConditionHoldEnd: net=0, condition=100, published condition=0
D/ConnectivityService(  153): handleInetConditionHoldEnd: net=0, condition=0, published condition=100
W/InputManagerService(  153): Window already focused, ignoring focus gain of: com.android.internal.view.IInputMethodClient$Stub$Proxy@41666f88
W/InputManagerService(  153): Window already focused, ignoring focus gain of: com.android.internal.view.IInputMethodClient$Stub$Proxy@4172f5f0
W/InputManagerService(  153): Window already focused, ignoring focus gain of: com.android.internal.view.IInputMethodClient$Stub$Proxy@41342e30
W/InputManagerService(  153): Window already focused, ignoring focus gain of: com.android.internal.view.IInputMethodClient$Stub$Proxy@41691be0
D/ConnectivityService(  153): handleInetConditionHoldEnd: net=0, condition=100, published condition=0
D/ConnectivityService(  153): handleInetConditionHoldEnd: net=0, condition=0, published condition=100
--------- beginning of /dev/log/main
I/VCoreDaemon.java( 1218): inside stateTransition ......................................................................................
I/..... VCoreDaemon.java( 1218): targetState = LEADER
I/VNC:Cloud( 1218): Executing makeRequest: http://hermes5.csail.mit.edu:8212/take/5/0/5120/1333728277901/
W/NetworkStats(  153): dropping UID delta from unknown iface: iface=wlan0 uid=10067 set=FOREGROUND tag=0x0 rxBytes=78954 rxPackets=52 txBytes=2170 txPackets=5 operations=0
I/StatusActivity( 1218): 1333728277956: .......... GPS onLocationChanged ...... 
I/VCoreDaemon( 1218): 1333728277957: Loc = Location[mProvider=gps,mTime=1333814678000,mLatitude=42.3649293460144,mLongitude=-71.10260013348024,mHasAltitude=true,mAltitude=-26.0,mHasSpeed=true,mSpeed=1.5346311,mHasBearing=true,mBearing=323.60165,mHasAccuracy=true,mAccuracy=15.0,mExtras=Bundle[mParcelledData.dataSize=4]] Previous Region = (5,0)
I/VCoreDaemon( 1218): 1333728277957: GPS x/long:-71.10260013348024, GPS y/lat: 42.3649293460144. Region width in x: 51.96152422706632
I/VCoreDaemon( 1218): 1333728277957: location PINPOINTS to region = 5.0, previous 5
I/VCoreDaemon( 1218): 1333728277957: stay at region 5
I/VNC:Cloud( 1218): makeRequest Execute HTTP latency: 275ms
I/VNC:Cloud( 1218): makeRequest() Cloud response length: 82
I/VNC:Cloud( 1218): Request executed: http://hermes5.csail.mit.edu:8212/take/5/0/5120/1333728277901/
I/VCoreDaemon( 1218): 1333728278200: cloud rejected leadership request or request failed, wait to retry
I/StatusActivity( 1218): 1333728278906: .......... GPS onLocationChanged ...... 
I/VCoreDaemon( 1218): 1333728278907: Loc = Location[mProvider=gps,mTime=1333814679000,mLatitude=42.36493501874844,mLongitude=-71.10261567467057,mHasAltitude=true,mAltitude=-26.0,mHasSpeed=true,mSpeed=1.5080345,mHasBearing=true,mBearing=315.20334,mHasAccuracy=true,mAccuracy=15.0,mExtras=Bundle[mParcelledData.dataSize=4]] Previous Region = (5,0)
I/VCoreDaemon( 1218): 1333728278907: GPS x/long:-71.10261567467057, GPS y/lat: 42.36493501874844. Region width in x: 51.96152422706632
I/VCoreDaemon( 1218): 1333728278907: location PINPOINTS to region = 5.0, previous 5
I/VCoreDaemon( 1218): 1333728278907: stay at region 5
I/StatusActivity( 1218): 1333728279913: .......... GPS onLocationChanged ...... 
I/VCoreDaemon( 1218): 1333728279914: Loc = Location[mProvider=gps,mTime=1333814680000,mLatitude=42.3649383365205,mLongitude=-71.1026303045793,mHasAltitude=true,mAltitude=-24.0,mHasSpeed=true,mSpeed=1.4882165,mHasBearing=true,mBearing=309.3508,mHasAccuracy=true,mAccuracy=15.0,mExtras=Bundle[mParcelledData.dataSize=4]] Previous Region = (5,0)
I/VCoreDaemon( 1218): 1333728279914: GPS x/long:-71.1026303045793, GPS y/lat: 42.3649383365205. Region width in x: 51.96152422706632
I/VCoreDaemon( 1218): 1333728279914: location PINPOINTS to region = 5.0, previous 5
I/VCoreDaemon( 1218): 1333728279914: stay at region 5
I/StatusActivity( 1218): 1333728280942: .......... GPS onLocationChanged ...... 
I/VCoreDaemon( 1218): 1333728280943: Loc = Location[mProvider=gps,mTime=1333814681000,mLatitude=42.364945185969844,mLongitude=-71.10264578045258,mHasAltitude=true,mAltitude=-22.0,mHasSpeed=true,mSpeed=1.4767963,mHasBearing=true,mBearing=307.181,mHasAccuracy=true,mAccuracy=15.0,mExtras=Bundle[mParcelledData.dataSize=4]] Previous Region = (5,0)
I/VCoreDaemon( 1218): 1333728280943: GPS x/long:-71.10264578045258, GPS y/lat: 42.364945185969844. Region width in x: 51.96152422706632
I/VCoreDaemon( 1218): 1333728280943: location PINPOINTS to region = 5.0, previous 5
I/VCoreDaemon( 1218): 1333728280944: stay at region 5
I/StatusActivity( 1218): 1333728281872: .......... GPS onLocationChanged ...... 
I/VCoreDaemon( 1218): 1333728281873: Loc = Location[mProvider=gps,mTime=1333814682000,mLatitude=42.36495396783153,mLongitude=-71.10266272296607,mHasAltitude=true,mAltitude=-21.0,mHasSpeed=true,mSpeed=1.4750941,mHasBearing=true,mBearing=306.73227,mHasAccuracy=true,mAccuracy=15.0,mExtras=Bundle[mParcelledData.dataSize=4]] Previous Region = (5,0)
I/VCoreDaemon( 1218): 1333728281873: GPS x/long:-71.10266272296607, GPS y/lat: 42.36495396783153. Region width in x: 51.96152422706632
I/VCoreDaemon( 1218): 1333728281873: location PINPOINTS to region = 5.0, previous 5
I/VCoreDaemon( 1218): 1333728281873: stay at region 5
I/StatusActivity( 1218): 1333728282879: .......... GPS onLocationChanged ...... 
I/VCoreDaemon( 1218): 1333728282880: Loc = Location[mProvider=gps,mTime=1333814683000,mLatitude=42.36496352927558,mLongitude=-71.10268215546355,mHasAltitude=true,mAltitude=-19.0,mHasSpeed=true,mSpeed=1.4846371,mHasBearing=true,mBearing=305.6084,mHasAccuracy=true,mAccuracy=15.0,mExtras=Bundle[mParcelledData.dataSize=4]] Previous Region = (5,0)
I/VCoreDaemon( 1218): 1333728282880: GPS x/long:-71.10268215546355, GPS y/lat: 42.36496352927558. Region width in x: 51.96152422706632
I/VCoreDaemon( 1218): 1333728282880: location PINPOINTS to region = 5.0, previous 5
I/VCoreDaemon( 1218): 1333728282880: stay at region 5
I/StatusActivity( 1218): 1333728283880: .......... GPS onLocationChanged ...... 
I/VCoreDaemon( 1218): 1333728283881: Loc = Location[mProvider=gps,mTime=1333814684000,mLatitude=42.36497352208949,mLongitude=-71.10270216528895,mHasAltitude=true,mAltitude=-18.0,mHasSpeed=true,mSpeed=1.4912097,mHasBearing=true,mBearing=304.3961,mHasAccuracy=true,mAccuracy=15.0,mExtras=Bundle[mParcelledData.dataSize=4]] Previous Region = (5,0)
I/VCoreDaemon( 1218): 1333728283881: GPS x/long:-71.10270216528895, GPS y/lat: 42.36497352208949. Region width in x: 51.96152422706632
I/VCoreDaemon( 1218): 1333728283882: location PINPOINTS to region = 5.0, previous 5
I/VCoreDaemon( 1218): 1333728283882: stay at region 5
D/dalvikvm( 1218): GC_CONCURRENT freed 331K, 29% free 10356K/14407K, paused 1ms+3ms
I/StatusActivity( 1218): 1333728284842: .......... GPS onLocationChanged ...... 
I/VCoreDaemon( 1218): 1333728284844: Loc = Location[mProvider=gps,mTime=1333814685000,mLatitude=42.364981284637224,mLongitude=-71.10271984287404,mHasAltitude=true,mAltitude=-17.0,mHasSpeed=true,mSpeed=1.4936339,mHasBearing=true,mBearing=303.1279,mHasAccuracy=true,mAccuracy=15.0,mExtras=Bundle[mParcelledData.dataSize=4]] Previous Region = (5,0)
I/VCoreDaemon( 1218): 1333728284845: GPS x/long:-71.10271984287404, GPS y/lat: 42.364981284637224. Region width in x: 51.96152422706632
I/VCoreDaemon( 1218): 1333728284845: location PINPOINTS to region = 5.0, previous 5
I/VCoreDaemon( 1218): 1333728284846: stay at region 5
I/NetworkThread( 1218): 1333728285621: Received UDP payload: 406
I/StatusActivity( 1218): 1333728285841: .......... GPS onLocationChanged ...... 
I/VCoreDaemon( 1218): 1333728285842: Loc = Location[mProvider=gps,mTime=1333814686000,mLatitude=42.36498665697201,mLongitude=-71.10273540909832,mHasAltitude=true,mAltitude=-18.0,mHasSpeed=true,mSpeed=1.485954,mHasBearing=true,mBearing=301.71176,mHasAccuracy=true,mAccuracy=15.0,mExtras=Bundle[mParcelledData.dataSize=4]] Previous Region = (5,0)
I/VCoreDaemon( 1218): 1333728285842: GPS x/long:-71.10273540909832, GPS y/lat: 42.36498665697201. Region width in x: 51.96152422706632
I/VCoreDaemon( 1218): 1333728285843: location PINPOINTS to region = 5.0, previous 5
I/VCoreDaemon( 1218): 1333728285843: stay at region 5
I/VCoreDaemon( 1218): 1333728288216: been in JOINING state for a while now, start over
I/VCoreDaemon.java( 1218): inside stateTransition ......................................................................................
I/..... VCoreDaemon.java( 1218): targetState = JOINING
I/..... VCoreDaemon.java( 1218): ends xxxxxxxxxxxxxxxxxxxxxxxxxxxxxxxxxxxxxxxxxxx
I/VCoreDaemon( 1218): 1333728288218: sending LEADER_REQUEST
I/VCoreDaemon( 1218): 1333728288219: inside sendPacket(Packet p)
I/NetworkThread( 1218): 1333728288258: Sending UDP payload: 406
I/VCoreDaemon( 1218): 1333728288521: sending LEADER_REQUEST
I/VCoreDaemon( 1218): 1333728288521: inside sendPacket(Packet p)
I/NetworkThread( 1218): 1333728288523: Sending UDP payload: 406
I/VCoreDaemon( 1218): 1333728288822: sending LEADER_REQUEST
I/VCoreDaemon( 1218): 1333728288822: inside sendPacket(Packet p)
I/NetworkThread( 1218): 1333728288824: Sending UDP payload: 406
I/StatusActivity( 1218): 1333728288910: .......... GPS onLocationChanged ...... 
I/VCoreDaemon( 1218): 1333728288911: Loc = Location[mProvider=gps,mTime=1333814689000,mLatitude=42.3649774179823,mLongitude=-71.10272450649892,mHasAltitude=true,mAltitude=-22.0,mHasSpeed=true,mSpeed=0.3517608,mHasBearing=true,mBearing=156.43529,mHasAccuracy=true,mAccuracy=15.0,mExtras=Bundle[mParcelledData.dataSize=4]] Previous Region = (5,0)
I/VCoreDaemon( 1218): 1333728288912: GPS x/long:-71.10272450649892, GPS y/lat: 42.3649774179823. Region width in x: 51.96152422706632
I/VCoreDaemon( 1218): 1333728288912: location PINPOINTS to region = 5.0, previous 5
I/VCoreDaemon( 1218): 1333728288914: stay at region 5
I/VCoreDaemon( 1218): 1333728289123: sending LEADER_REQUEST
I/VCoreDaemon( 1218): 1333728289123: inside sendPacket(Packet p)
I/NetworkThread( 1218): 1333728289127: Sending UDP payload: 406
I/VCoreDaemon( 1218): 1333728289218: LEADER_REQUEST timed out
I/VCoreDaemon.java( 1218): inside stateTransition ......................................................................................
I/..... VCoreDaemon.java( 1218): targetState = LEADER
I/VNC:Cloud( 1218): Executing makeRequest: http://hermes5.csail.mit.edu:8212/take/5/0/5120/1333728289218/
I/NetworkThread( 1218): 1333728290117: Received UDP payload: 34957
I/NetworkThread( 1218): 1333728290649: Received UDP payload: 406
W/NetworkStats(  153): dropping UID delta from unknown iface: iface=wlan0 uid=10067 set=FOREGROUND tag=0x0 rxBytes=37589 rxPackets=7 txBytes=1736 txPackets=4 operations=0
D/dalvikvm(  153): GC_CONCURRENT freed 826K, 13% free 12642K/14407K, paused 3ms+15ms
I/StatusActivity( 1218): 1333728292844: .......... GPS onLocationChanged ...... 
I/VCoreDaemon( 1218): 1333728292845: Loc = Location[mProvider=gps,mTime=1333814693000,mLatitude=42.36496368930218,mLongitude=-71.1027266101484,mHasAltitude=true,mAltitude=-24.0,mHasSpeed=true,mSpeed=0.0,mHasBearing=true,mBearing=177.61176,mHasAccuracy=true,mAccuracy=10.0,mExtras=Bundle[mParcelledData.dataSize=4]] Previous Region = (5,0)
I/VCoreDaemon( 1218): 1333728292846: GPS x/long:-71.1027266101484, GPS y/lat: 42.36496368930218. Region width in x: 51.96152422706632
I/VCoreDaemon( 1218): 1333728292846: location PINPOINTS to region = 5.0, previous 5
I/VCoreDaemon( 1218): 1333728292846: stay at region 5
I/StatusActivity( 1218): 1333728293844: .......... GPS onLocationChanged ...... 
I/VCoreDaemon( 1218): 1333728293845: Loc = Location[mProvider=gps,mTime=1333814694000,mLatitude=42.36494912877035,mLongitude=-71.10273777313293,mHasAltitude=true,mAltitude=-25.0,mHasSpeed=true,mSpeed=0.0,mHasBearing=true,mBearing=178.03632,mHasAccuracy=true,mAccuracy=10.0,mExtras=Bundle[mParcelledData.dataSize=4]] Previous Region = (5,0)
I/VCoreDaemon( 1218): 1333728293845: GPS x/long:-71.10273777313293, GPS y/lat: 42.36494912877035. Region width in x: 51.96152422706632
I/VCoreDaemon( 1218): 1333728293846: location PINPOINTS to region = 5.0, previous 5
I/VCoreDaemon( 1218): 1333728293846: stay at region 5
I/StatusActivity( 1218): 1333728294596: canPressButton = false. state is + 1 Can't press button because you're in a transient state (JOINING or HANDING_OFF)
D/AudioHardware(   81): AudioHardware pcm playback is exiting standby.
D/AudioHardware(   81): openPcmOut_l() mPcmOpenCnt: 0
I/StatusActivity( 1218): 1333728294608: can't press any buttons yet, so can't get region
I/VNC:Cloud( 1218): makeRequest Execute HTTP latency: 5410ms
I/VNC:Cloud( 1218): makeRequest() Cloud response length: 82
I/VNC:Cloud( 1218): Request executed: http://hermes5.csail.mit.edu:8212/take/5/0/5120/1333728289218/
I/VCoreDaemon( 1218): 1333728294638: cloud rejected leadership request or request failed, wait to retry
I/VCoreDaemon( 1218): 1333728294638: heard LEADER_REPLY from 5108
I/VCoreDaemon.java( 1218): inside stateTransition ......................................................................................
I/..... VCoreDaemon.java( 1218): targetState = NONLEADER
I/VCoreDaemon( 1218): 1333728294639: now NONLEADER (id=5120) following LEADER (id=5108) in (5,0)
I/..... VCoreDaemon.java( 1218): ends xxxxxxxxxxxxxxxxxxxxxxxxxxxxxxxxxxxxxxxxxxx
I/StatusActivity( 1218): 1333728294849: .......... GPS onLocationChanged ...... 
I/VCoreDaemon( 1218): 1333728294850: Loc = Location[mProvider=gps,mTime=1333814695000,mLatitude=42.36494043856337,mLongitude=-71.10274353458601,mHasAltitude=true,mAltitude=-25.0,mHasSpeed=true,mSpeed=0.18759578,mHasBearing=true,mBearing=171.1631,mHasAccuracy=true,mAccuracy=10.0,mExtras=Bundle[mParcelledData.dataSize=4]] Previous Region = (5,0)
I/VCoreDaemon( 1218): 1333728294851: GPS x/long:-71.10274353458601, GPS y/lat: 42.36494043856337. Region width in x: 51.96152422706632
I/VCoreDaemon( 1218): 1333728294851: location PINPOINTS to region = 5.0, previous 5
I/VCoreDaemon( 1218): 1333728294851: stay at region 5
I/NetworkThread( 1218): 1333728295652: Received UDP payload: 406
I/StatusActivity( 1218): 1333728296844: .......... GPS onLocationChanged ...... 
I/VCoreDaemon( 1218): 1333728296845: Loc = Location[mProvider=gps,mTime=1333814697000,mLatitude=42.36493062822243,mLongitude=-71.1027515191355,mHasAltitude=true,mAltitude=-22.0,mHasSpeed=true,mSpeed=0.23521373,mHasBearing=true,mBearing=132.05623,mHasAccuracy=true,mAccuracy=15.0,mExtras=Bundle[mParcelledData.dataSize=4]] Previous Region = (5,0)
I/VCoreDaemon( 1218): 1333728296846: GPS x/long:-71.1027515191355, GPS y/lat: 42.36493062822243. Region width in x: 51.96152422706632
I/VCoreDaemon( 1218): 1333728296846: location PINPOINTS to region = 5.0, previous 5
I/VCoreDaemon( 1218): 1333728296846: stay at region 5
D/AudioHardware(   81): AudioHardware pcm playback is going to standby.
D/AudioHardware(   81): closePcmOut_l() mPcmOpenCnt: 1
D/dalvikvm(  314): GC_CONCURRENT freed 418K, 6% free 9504K/10055K, paused 31ms+2ms
I/StatusActivity( 1218): 1333728298872: .......... GPS onLocationChanged ...... 
I/VCoreDaemon( 1218): 1333728298873: Loc = Location[mProvider=gps,mTime=1333814699000,mLatitude=42.36493297009119,mLongitude=-71.10276844683587,mHasAltitude=true,mAltitude=-23.0,mHasSpeed=true,mSpeed=0.0,mHasBearing=true,mBearing=137.6935,mHasAccuracy=true,mAccuracy=10.0,mExtras=Bundle[mParcelledData.dataSize=4]] Previous Region = (5,0)
I/VCoreDaemon( 1218): 1333728298874: GPS x/long:-71.10276844683587, GPS y/lat: 42.36493297009119. Region width in x: 51.96152422706632
I/VCoreDaemon( 1218): 1333728298874: location PINPOINTS to region = 5.0, previous 5
I/VCoreDaemon( 1218): 1333728298874: stay at region 5
I/NetworkThread( 1218): 1333728298935: Received UDP payload: 406
I/NetworkThread( 1218): 1333728300640: Received UDP payload: 406
W/NetworkStats(  153): dropping UID delta from unknown iface: iface=wlan0 uid=10067 set=FOREGROUND tag=0x0 rxBytes=1302 rxPackets=3 txBytes=0 txPackets=0 operations=0
I/StatusActivity( 1218): 1333728302844: .......... GPS onLocationChanged ...... 
I/VCoreDaemon( 1218): 1333728302845: Loc = Location[mProvider=gps,mTime=1333814703000,mLatitude=42.364937558740785,mLongitude=-71.10275590817903,mHasAltitude=true,mAltitude=-20.0,mHasSpeed=true,mSpeed=0.38694718,mHasBearing=true,mBearing=97.4592,mHasAccuracy=true,mAccuracy=15.0,mExtras=Bundle[mParcelledData.dataSize=4]] Previous Region = (5,0)
I/VCoreDaemon( 1218): 1333728302845: GPS x/long:-71.10275590817903, GPS y/lat: 42.364937558740785. Region width in x: 51.96152422706632
I/VCoreDaemon( 1218): 1333728302846: location PINPOINTS to region = 5.0, previous 5
