I/SystemUpdateService(  454): download in progress: [id: 15 compl: false succ: false bytes: 0 reason: 0 fn: null]
I/SystemUpdateService(  454): download took too long; will cancel and retry
V/SystemUpdateService(  454): retry (wakeup: true) in 209842 ms
V/SystemUpdateService(  454): onPostExecute: false
I/SystemUpdateService(  454): starting download of http://android.clients.google.com/packages/ota/google_crespo/hR7QFEtn.zip
V/SystemUpdateService(  454): retry (wakeup: true) in 21599997 ms
I/SystemUpdate.Download(  454): Started a new update download: http://android.clients.google.com/packages/ota/google_crespo/hR7QFEtn.zip (id 17; allowMobile=false)
V/SystemUpdateService(  454): onPostExecute: false
I/DownloadManager(  266): Initiating request for download 17
W/DownloadManager(  266): Aborting request for download 17: no network connection available
I/EventLogService(  454): Aggregate from 1333798430549 (log), 1333798430549 (data)
I/ServiceDumpSys(  454): dumping service [account]
D/dalvikvm(  153): GC_CONCURRENT freed 1017K, 13% free 13569K/15431K, paused 3ms+4ms
I/EventLogService(  454): Aggregate from 1333800230770 (log), 1333800230770 (data)
D/dalvikvm(  454): GC_FOR_ALLOC freed 356K, 8% free 9990K/10759K, paused 17ms
I/ServiceDumpSys(  454): dumping service [account]
I/EventLogService(  454): Aggregate from 1333802030917 (log), 1333802030917 (data)
I/ServiceDumpSys(  454): dumping service [account]
D/dalvikvm(  218): GC_CONCURRENT freed 392K, 8% free 9979K/10823K, paused 2ms+4ms
I/EventLogService(  454): Aggregate from 1333803831073 (log), 1333803831073 (data)
I/ServiceDumpSys(  454): dumping service [account]
D/dalvikvm(  153): GC_CONCURRENT freed 1048K, 13% free 13573K/15431K, paused 3ms+6ms
I/EventLogService(  454): Aggregate from 1333805631193 (log), 1333805631193 (data)
I/ServiceDumpSys(  454): dumping service [account]
I/EventLogService(  454): Aggregate from 1333807431337 (log), 1333807431337 (data)
I/ServiceDumpSys(  454): dumping service [account]
I/EventLogService(  454): Aggregate from 1333809231463 (log), 1333809231463 (data)
D/dalvikvm(  454): GC_FOR_ALLOC freed 380K, 8% free 9990K/10759K, paused 24ms
I/ServiceDumpSys(  454): dumping service [account]
D/dalvikvm(  153): GC_CONCURRENT freed 1076K, 13% free 13576K/15431K, paused 2ms+5ms
D/dalvikvm(  153): GC_EXPLICIT freed 294K, 13% free 13533K/15431K, paused 8ms+4ms
I/EventLogService(  454): Aggregate from 1333811031769 (log), 1333811031769 (data)
I/ServiceDumpSys(  454): dumping service [account]
D/dalvikvm(  218): GC_CONCURRENT freed 390K, 8% free 9983K/10823K, paused 1ms+5ms
D/Finsky  ( 1183): [1] UpdateCheckReceiver.updateCheckIfNecessary: Force checking for available updates.
D/Finsky  ( 1183): [1] UpdatesAvailableReceiver.onReceive: Received updates available notification
E/Finsky  ( 1183): [1] UpdatesAvailableReceiver.onReceive: Could not set up current account / dfe api when receiving an updates available broadcast.
I/EventLogService(  454): Aggregate from 1333812832004 (log), 1333812832004 (data)
I/ServiceDumpSys(  454): dumping service [account]
I/EventLogService(  454): Aggregate from 1333814632142 (log), 1333814632142 (data)
I/ServiceDumpSys(  454): dumping service [account]
D/dalvikvm(  153): GC_CONCURRENT freed 965K, 13% free 13574K/15431K, paused 2ms+5ms
I/EventLogService(  454): Aggregate from 1333816432264 (log), 1333816432264 (data)
I/ServiceDumpSys(  454): dumping service [account]
I/EventLogService(  454): Aggregate from 1333818232392 (log), 1333818232392 (data)
D/dalvikvm(  454): GC_FOR_ALLOC freed 383K, 8% free 9990K/10759K, paused 17ms
I/ServiceDumpSys(  454): dumping service [account]
D/dalvikvm(  266): GC_EXPLICIT freed 314K, 6% free 9263K/9799K, paused 2ms+3ms
I/SystemUpdateService(  454): download in progress: [id: 17 compl: false succ: false bytes: 0 reason: 0 fn: null]
I/SystemUpdateService(  454): download took too long; will cancel and retry
V/SystemUpdateService(  454): retry (wakeup: true) in 269871 ms
V/SystemUpdateService(  454): onPostExecute: false
I/SystemUpdateService(  454): starting download of http://android.clients.google.com/packages/ota/google_crespo/hR7QFEtn.zip
V/SystemUpdateService(  454): retry (wakeup: true) in 21599998 ms
I/SystemUpdate.Download(  454): Started a new update download: http://android.clients.google.com/packages/ota/google_crespo/hR7QFEtn.zip (id 18; allowMobile=false)
V/SystemUpdateService(  454): onPostExecute: false
I/DownloadManager(  266): Initiating request for download 18
W/DownloadManager(  266): Aborting request for download 18: no network connection available
D/dalvikvm(  153): GC_CONCURRENT freed 1011K, 12% free 13585K/15431K, paused 2ms+8ms
I/EventLogService(  454): Aggregate from 1333820032517 (log), 1333820032517 (data)
I/ServiceDumpSys(  454): dumping service [account]
D/dalvikvm(  218): GC_CONCURRENT freed 390K, 8% free 9983K/10823K, paused 2ms+6ms
I/EventLogService(  454): Aggregate from 1333821832680 (log), 1333821832680 (data)
D/dalvikvm(  454): GC_FOR_ALLOC freed 360K, 8% free 9990K/10759K, paused 17ms
I/ServiceDumpSys(  454): dumping service [account]
I/EventLogService(  454): Aggregate from 1333823632799 (log), 1333823632799 (data)
I/ServiceDumpSys(  454): dumping service [account]
D/dalvikvm(  153): GC_CONCURRENT freed 1108K, 12% free 13582K/15431K, paused 2ms+9ms
I/EventLogService(  454): Aggregate from 1333825432943 (log), 1333825432943 (data)
I/ServiceDumpSys(  454): dumping service [account]
D/dalvikvm(  454): GC_EXPLICIT freed 222K, 8% free 9984K/10759K, paused 15ms+3ms
I/EventLogService(  454): Aggregate from 1333827233061 (log), 1333827233061 (data)
I/ServiceDumpSys(  454): dumping service [account]
D/dalvikvm(  218): GC_CONCURRENT freed 395K, 8% free 9980K/10823K, paused 2ms+6ms
I/EventLogService(  454): Aggregate from 1333829033193 (log), 1333829033193 (data)
I/ServiceDumpSys(  454): dumping service [account]
D/dalvikvm(  153): GC_CONCURRENT freed 1113K, 12% free 13600K/15431K, paused 2ms+6ms
I/EventLogService(  454): Aggregate from 1333830833314 (log), 1333830833314 (data)
I/ServiceDumpSys(  454): dumping service [account]
I/EventLogService(  454): Aggregate from 1333832633422 (log), 1333832633422 (data)
I/ServiceDumpSys(  454): dumping service [account]
I/EventLogService(  454): Aggregate from 1333834433533 (log), 1333834433533 (data)
I/ServiceDumpSys(  454): dumping service [account]
D/dalvikvm(  454): GC_CONCURRENT freed 385K, 8% free 9989K/10759K, paused 5ms+3ms
D/dalvikvm(  153): GC_CONCURRENT freed 1130K, 12% free 13602K/15431K, paused 3ms+9ms
I/EventLogService(  454): Aggregate from 1333836233654 (log), 1333836233654 (data)
I/ServiceDumpSys(  454): dumping service [account]
D/dalvikvm(  218): GC_CONCURRENT freed 397K, 8% free 9980K/10823K, paused 2ms+4ms
I/EventLogService(  454): Aggregate from 1333838033783 (log), 1333838033783 (data)
I/ServiceDumpSys(  454): dumping service [account]
I/EventLogService(  454): Aggregate from 1333839833917 (log), 1333839833917 (data)
I/ServiceDumpSys(  454): dumping service [account]
I/SystemUpdateService(  454): download in progress: [id: 18 compl: false succ: false bytes: 0 reason: 0 fn: null]
I/SystemUpdateService(  454): download took too long; will cancel and retry
V/SystemUpdateService(  454): retry (wakeup: true) in 329839 ms
V/SystemUpdateService(  454): onPostExecute: false
D/dalvikvm(  153): GC_CONCURRENT freed 1037K, 12% free 13594K/15431K, paused 2ms+5ms
I/SystemUpdateService(  454): starting download of http://android.clients.google.com/packages/ota/google_crespo/hR7QFEtn.zip
D/dalvikvm(  454): GC_FOR_ALLOC freed 371K, 8% free 9991K/10759K, paused 17ms
V/SystemUpdateService(  454): retry (wakeup: true) in 21599968 ms
I/SystemUpdate.Download(  454): Started a new update download: http://android.clients.google.com/packages/ota/google_crespo/hR7QFEtn.zip (id 19; allowMobile=false)
V/SystemUpdateService(  454): onPostExecute: false
I/DownloadManager(  266): Initiating request for download 19
I/EventLogService(  454): Aggregate from 1333841634048 (log), 1333841634048 (data)
W/DownloadManager(  266): Aborting request for download 19: no network connection available
I/ServiceDumpSys(  454): dumping service [account]
I/EventLogService(  454): Aggregate from 1333843434142 (log), 1333843434142 (data)
I/ServiceDumpSys(  454): dumping service [account]
I/EventLogService(  454): Aggregate from 1333845234286 (log), 1333845234286 (data)
D/dalvikvm(  153): GC_CONCURRENT freed 1020K, 12% free 13592K/15431K, paused 2ms+4ms
I/ServiceDumpSys(  454): dumping service [account]
D/dalvikvm(  218): GC_CONCURRENT freed 388K, 8% free 9984K/10823K, paused 2ms+4ms
D/dalvikvm(  153): GC_EXPLICIT freed 391K, 13% free 13562K/15431K, paused 2ms+4ms
I/EventLogService(  454): Aggregate from 1333847034395 (log), 1333847034395 (data)
I/ServiceDumpSys(  454): dumping service [account]
D/dalvikvm(  454): GC_CONCURRENT freed 393K, 8% free 9990K/10759K, paused 3ms+3ms
I/EventLogService(  454): Aggregate from 1333848834625 (log), 1333848834625 (data)
I/ServiceDumpSys(  454): dumping service [account]
I/EventLogService(  454): Aggregate from 1333850634733 (log), 1333850634733 (data)
I/ServiceDumpSys(  454): dumping service [account]
D/dalvikvm(  153): GC_CONCURRENT freed 1008K, 12% free 13596K/15431K, paused 2ms+4ms
I/EventLogService(  454): Aggregate from 1333852434846 (log), 1333852434846 (data)
I/ServiceDumpSys(  454): dumping service [account]
I/EventLogService(  454): Aggregate from 1333854234955 (log), 1333854234955 (data)
I/ServiceDumpSys(  454): dumping service [account]
D/dalvikvm(  218): GC_CONCURRENT freed 395K, 8% free 9979K/10823K, paused 2ms+4ms
D/AlarmManagerService(  153): Kernel timezone updated to 240 minutes west of GMT
D/dalvikvm(  898): GC_CONCURRENT freed 312K, 5% free 9161K/9607K, paused 3ms+2ms
I/EventLogService(  454): Aggregate from 1333856035075 (log), 1333856035075 (data)
I/ServiceDumpSys(  454): dumping service [account]
D/dalvikvm(  454): GC_CONCURRENT freed 407K, 8% free 9990K/10759K, paused 7ms+3ms
D/dalvikvm(  153): GC_CONCURRENT freed 1116K, 12% free 13615K/15431K, paused 3ms+9ms
I/EventLogService(  454): Aggregate from 1333857835205 (log), 1333857835205 (data)
I/ServiceDumpSys(  454): dumping service [account]
I/EventLogService(  454): Aggregate from 1333859635340 (log), 1333859635340 (data)
I/ServiceDumpSys(  454): dumping service [account]
I/EventLogService(  454): Aggregate from 1333861435470 (log), 1333861435470 (data)
I/ServiceDumpSys(  454): dumping service [account]
D/dalvikvm(  218): GC_CONCURRENT freed 388K, 8% free 9979K/10823K, paused 2ms+5ms
D/dalvikvm(  153): GC_CONCURRENT freed 1088K, 12% free 13603K/15431K, paused 2ms+20ms
I/SystemUpdateService(  454): download in progress: [id: 19 compl: false succ: false bytes: 0 reason: 0 fn: null]
I/SystemUpdateService(  454): download took too long; will cancel and retry
V/SystemUpdateService(  454): retry (wakeup: true) in 389929 ms
V/SystemUpdateService(  454): onPostExecute: false
I/EventLogService(  454): Aggregate from 1333863235596 (log), 1333863235596 (data)
D/dalvikvm(  454): GC_CONCURRENT freed 377K, 8% free 10005K/10759K, paused 2ms+6ms
I/ServiceDumpSys(  454): dumping service [account]
I/SystemUpdateService(  454): starting download of http://android.clients.google.com/packages/ota/google_crespo/hR7QFEtn.zip
V/SystemUpdateService(  454): retry (wakeup: true) in 21599997 ms
I/SystemUpdate.Download(  454): Started a new update download: http://android.clients.google.com/packages/ota/google_crespo/hR7QFEtn.zip (id 20; allowMobile=false)
V/SystemUpdateService(  454): onPostExecute: false
D/dalvikvm(  266): GC_CONCURRENT freed 353K, 6% free 9309K/9799K, paused 7ms+7ms
I/DownloadManager(  266): Initiating request for download 20
W/DownloadManager(  266): Aborting request for download 20: no network connection available
I/EventLogService(  454): Aggregate from 1333865035792 (log), 1333865035792 (data)
I/ServiceDumpSys(  454): dumping service [account]
I/EventLogService(  454): Aggregate from 1333866835924 (log), 1333866835924 (data)
I/ServiceDumpSys(  454): dumping service [account]
D/dalvikvm(  153): GC_CONCURRENT freed 1096K, 12% free 13613K/15431K, paused 2ms+5ms
I/EventLogService(  454): Aggregate from 1333868636044 (log), 1333868636044 (data)
I/ServiceDumpSys(  454): dumping service [account]
D/dalvikvm(  454): GC_CONCURRENT freed 382K, 7% free 10015K/10759K, paused 13ms+4ms
I/EventLogService(  454): Aggregate from 1333870436150 (log), 1333870436150 (data)
I/ServiceDumpSys(  454): dumping service [account]
I/DownloadManager(  266): Initiating request for download 21
W/DownloadManager(  266): Aborting request for download 21: no network connection available
D/dalvikvm(  218): GC_CONCURRENT freed 393K, 8% free 9988K/10823K, paused 1ms+5ms
I/EventLogService(  454): Aggregate from 1333872236685 (log), 1333872236685 (data)
I/ServiceDumpSys(  454): dumping service [account]
D/dalvikvm(  153): GC_CONCURRENT freed 1069K, 12% free 13610K/15431K, paused 3ms+5ms
I/EventLogService(  454): Aggregate from 1333874036793 (log), 1333874036793 (data)
I/ServiceDumpSys(  454): dumping service [account]
I/EventLogService(  454): Aggregate from 1333875836896 (log), 1333875836896 (data)
I/ServiceDumpSys(  454): dumping service [account]
I/EventLogService(  454): Aggregate from 1333877637009 (log), 1333877637009 (data)
I/ServiceDumpSys(  454): dumping service [account]
D/dalvikvm(  454): GC_CONCURRENT freed 416K, 8% free 9989K/10759K, paused 1ms+2ms
D/dalvikvm(  153): GC_CONCURRENT freed 1089K, 12% free 13613K/15431K, paused 3ms+9ms
D/dalvikvm(  314): GC_CONCURRENT freed 426K, 6% free 9493K/10055K, paused 2ms+13ms
I/EventLogService(  454): Aggregate from 1333879437114 (log), 1333879437114 (data)
I/ServiceDumpSys(  454): dumping service [account]
D/dalvikvm(  218): GC_CONCURRENT freed 396K, 8% free 9986K/10823K, paused 2ms+5ms
I/EventLogService(  454): Aggregate from 1333881237251 (log), 1333881237251 (data)
I/ServiceDumpSys(  454): dumping service [account]
I/EventLogService(  454): Aggregate from 1333883037358 (log), 1333883037358 (data)
I/ServiceDumpSys(  454): dumping service [account]
D/dalvikvm(  153): GC_CONCURRENT freed 1030K, 12% free 13609K/15431K, paused 3ms+6ms
I/EventLogService(  454): Aggregate from 1333884837470 (log), 1333884837470 (data)
I/ServiceDumpSys(  454): dumping service [account]
I/SystemUpdateService(  454): download in progress: [id: 20 compl: false succ: false bytes: 0 reason: 0 fn: null]
I/SystemUpdateService(  454): download took too long; will cancel and retry
D/dalvikvm(  454): GC_CONCURRENT freed 382K, 7% free 10017K/10759K, paused 2ms+2ms
V/SystemUpdateService(  454): retry (wakeup: true) in 449859 ms
V/SystemUpdateService(  454): onPostExecute: false
I/SystemUpdateService(  454): starting download of http://android.clients.google.com/packages/ota/google_crespo/hR7QFEtn.zip
V/SystemUpdateService(  454): retry (wakeup: true) in 21599997 ms
I/SystemUpdate.Download(  454): Started a new update download: http://android.clients.google.com/packages/ota/google_crespo/hR7QFEtn.zip (id 22; allowMobile=false)
D/dalvikvm(  153): GC_EXPLICIT freed 518K, 12% free 13590K/15431K, paused 12ms+5ms
V/SystemUpdateService(  454): onPostExecute: false
I/DownloadManager(  266): Initiating request for download 22
W/DownloadManager(  266): Aborting request for download 22: no network connection available
D/dalvikvm( 1281): GC_CONCURRENT freed 433K, 6% free 10126K/10695K, paused 2ms+3ms
I/EventLogService(  454): Aggregate from 1333886637598 (log), 1333886637598 (data)
I/ServiceDumpSys(  454): dumping service [account]
I/EventLogService(  454): Aggregate from 1333888437732 (log), 1333888437732 (data)
I/ServiceDumpSys(  454): dumping service [account]
D/dalvikvm(  218): GC_CONCURRENT freed 398K, 8% free 9984K/10823K, paused 1ms+10ms
D/dalvikvm(  153): GC_CONCURRENT freed 997K, 12% free 13618K/15431K, paused 4ms+5ms
I/EventLogService(  454): Aggregate from 1333890237877 (log), 1333890237877 (data)
D/dalvikvm(  454): GC_FOR_ALLOC freed 388K, 8% free 9988K/10759K, paused 18ms
I/ServiceDumpSys(  454): dumping service [account]
D/dalvikvm( 1312): GC_CONCURRENT freed 382K, 7% free 10004K/10695K, paused 2ms+2ms
I/EventLogService(  454): Aggregate from 1333892038018 (log), 1333892038018 (data)
I/ServiceDumpSys(  454): dumping service [account]
I/EventLogService(  454): Aggregate from 1333893838154 (log), 1333893838154 (data)
I/ServiceDumpSys(  454): dumping service [account]
D/dalvikvm(  153): GC_CONCURRENT freed 1133K, 12% free 13630K/15431K, paused 2ms+5ms
I/EventLogService(  454): Aggregate from 1333895638270 (log), 1333895638270 (data)
I/ServiceDumpSys(  454): dumping service [account]
D/dalvikvm(  218): GC_CONCURRENT freed 402K, 8% free 9984K/10823K, paused 1ms+6ms
I/EventLogService(  454): Aggregate from 1333897438376 (log), 1333897438376 (data)
I/ServiceDumpSys(  454): dumping service [account]
D/dalvikvm(  454): GC_CONCURRENT freed 401K, 8% free 9988K/10759K, paused 3ms+3ms
I/EventLogService(  454): Aggregate from 1333899238489 (log), 1333899238489 (data)
I/ServiceDumpSys(  454): dumping service [account]
D/dalvikvm(  153): GC_CONCURRENT freed 1144K, 12% free 13633K/15431K, paused 2ms+9ms
D/dalvikvm(  454): GC_EXPLICIT freed 100K, 8% free 9977K/10759K, paused 18ms+2ms
I/EventLogService(  454): Aggregate from 1333901038610 (log), 1333901038610 (data)
I/ServiceDumpSys(  454): dumping service [account]
I/EventLogService(  454): Aggregate from 1333902838743 (log), 1333902838743 (data)
I/ServiceDumpSys(  454): dumping service [account]
I/EventLogService(  454): Aggregate from 1333904638857 (log), 1333904638857 (data)
I/ServiceDumpSys(  454): dumping service [account]
D/dalvikvm(  153): GC_CONCURRENT freed 1069K, 12% free 13615K/15431K, paused 2ms+4ms
I/EventLogService(  454): Aggregate from 1333906438955 (log), 1333906438955 (data)
I/ServiceDumpSys(  454): dumping service [account]
D/dalvikvm(  218): GC_CONCURRENT freed 385K, 8% free 9983K/10823K, paused 2ms+4ms
I/SystemUpdateService(  454): download in progress: [id: 22 compl: false succ: false bytes: 0 reason: 0 fn: null]
I/SystemUpdateService(  454): download took too long; will cancel and retry
D/dalvikvm(  454): GC_CONCURRENT freed 399K, 8% free 9992K/10759K, paused 1ms+3ms
V/SystemUpdateService(  454): retry (wakeup: true) in 509906 ms
V/SystemUpdateService(  454): onPostExecute: false
I/SystemUpdateService(  454): starting download of http://android.clients.google.com/packages/ota/google_crespo/hR7QFEtn.zip
V/SystemUpdateService(  454): retry (wakeup: true) in 21599998 ms
I/SystemUpdate.Download(  454): Started a new update download: http://android.clients.google.com/packages/ota/google_crespo/hR7QFEtn.zip (id 23; allowMobile=false)
V/SystemUpdateService(  454): onPostExecute: false
I/DownloadManager(  266): Initiating request for download 23
W/DownloadManager(  266): Aborting request for download 23: no network connection available
D/dalvikvm(  266): GC_CONCURRENT freed 413K, 6% free 9314K/9863K, paused 2ms+3ms
I/EventLogService(  454): Aggregate from 1333908239099 (log), 1333908239099 (data)
I/ServiceDumpSys(  454): dumping service [account]
I/EventLogService(  454): Aggregate from 1333910039229 (log), 1333910039229 (data)
I/ServiceDumpSys(  454): dumping service [account]
D/dalvikvm(  153): GC_CONCURRENT freed 1039K, 12% free 13627K/15431K, paused 3ms+5ms
I/EventLogService(  454): Aggregate from 1333911839352 (log), 1333911839352 (data)
I/ServiceDumpSys(  454): dumping service [account]
D/dalvikvm(  454): GC_CONCURRENT freed 372K, 7% free 10015K/10759K, paused 83ms+3ms
I/EventLogService(  454): Aggregate from 1333913639468 (log), 1333913639468 (data)
I/ServiceDumpSys(  454): dumping service [account]
D/dalvikvm(  218): GC_CONCURRENT freed 389K, 8% free 9983K/10823K, paused 2ms+4ms
I/EventLogService(  454): Aggregate from 1333915440053 (log), 1333915440053 (data)
I/ServiceDumpSys(  454): dumping service [account]
D/dalvikvm(  153): GC_CONCURRENT freed 1032K, 12% free 13623K/15431K, paused 3ms+5ms
I/EventLogService(  454): Aggregate from 1333917240135 (log), 1333917240135 (data)
I/ServiceDumpSys(  454): dumping service [account]
I/EventLogService(  454): Aggregate from 1333919040226 (log), 1333919040226 (data)
I/ServiceDumpSys(  454): dumping service [account]
D/dalvikvm(  153): GC_CONCURRENT freed 1104K, 12% free 13626K/15431K, paused 2ms+8ms
I/EventLogService(  454): Aggregate from 1333920840335 (log), 1333920840335 (data)
D/dalvikvm(  454): GC_CONCURRENT freed 419K, 7% free 10007K/10759K, paused 2ms+3ms
I/ServiceDumpSys(  454): dumping service [account]
D/dalvikvm(  218): GC_CONCURRENT freed 388K, 8% free 9979K/10823K, paused 2ms+3ms
I/EventLogService(  454): Aggregate from 1333922640433 (log), 1333922640433 (data)
I/ServiceDumpSys(  454): dumping service [account]
I/power   (  153): *** set_screen_state 1
I/WindowManager(  153): Lock screen displayed!
D/SurfaceFlinger(   78): Screen about to return, flinger = 0x2a918
W/PowerUI (  218): unknown intent: Intent { act=android.intent.action.ACTION_POWER_CONNECTED flg=0x10000010 }
D/PicasaSyncManager(  983): battery info: true
I/StorageNotification(  218): UMS connection changed to true (media state mounted)
D/dalvikvm(  218): GC_FOR_ALLOC freed 236K, 8% free 10010K/10823K, paused 16ms
I/dalvikvm-heap(  218): Grow heap (frag case) to 10.018MB for 184336-byte allocation
D/dalvikvm(  218): GC_FOR_ALLOC freed 38K, 8% free 10151K/11015K, paused 15ms
I/StorageNotification(  218): UMS connection changed to true (media state mounted)
D/dalvikvm(  218): GC_FOR_ALLOC freed 16K, 8% free 10200K/11015K, paused 15ms
I/dalvikvm-heap(  218): Grow heap (frag case) to 10.204MB for 184336-byte allocation
D/dalvikvm(  218): GC_FOR_ALLOC freed 9K, 8% free 10371K/11207K, paused 18ms
D/dalvikvm(  218): GC_FOR_ALLOC freed 363K, 10% free 10102K/11207K, paused 15ms
D/dalvikvm(  218): GC_CONCURRENT freed 476K, 11% free 10073K/11207K, paused 2ms+3ms
D/dalvikvm(  218): GC_CONCURRENT freed 172K, 8% free 10355K/11207K, paused 7ms+4ms
D/PhoneStatusBar(  218): disable: < expand icons alerts ticker system_info BACK HOME recent* CLOCK >
D/AudioHardware(   81): AudioHardware pcm playback is exiting standby.
D/AudioHardware(   81): openPcmOut_l() mPcmOpenCnt: 0
W/InputManagerService(  153): Window already focused, ignoring focus gain of: com.android.internal.view.IInputMethodClient$Stub$Proxy@416a1298
D/PhoneStatusBar(  218): disable: < expand icons alerts ticker system_info back* home* recent clock* >
V/PhoneStatusBar(  218): setLightsOn(true)
I/ActivityManager(  153): START {flg=0x10000000 cmp=com.android.systemui/.usb.UsbStorageActivity bnds=[0,119][480,215]} from pid -1
W/KeyguardViewMediator(  153): verifyUnlock called when not externally disabled
I/UsageStats(  153): Deleting usage file : usage-20120218
D/dalvikvm(  153): GC_CONCURRENT freed 1001K, 12% free 13704K/15431K, paused 2ms+8ms
D/dalvikvm(  153): GC_EXPLICIT freed 791K, 17% free 12912K/15431K, paused 3ms+7ms
D/dalvikvm(  218): GC_FOR_ALLOC freed 85K, 8% free 10342K/11207K, paused 23ms
I/dalvikvm-heap(  218): Grow heap (frag case) to 10.445MB for 291616-byte allocation
D/dalvikvm(  218): GC_FOR_ALLOC freed 5K, 8% free 10621K/11527K, paused 23ms
D/VoldCmdListener(   72): volume shared /mnt/sdcard ums
D/libEGL  (  218): loaded /system/lib/egl/libGLES_android.so
D/libEGL  (  218): loaded /vendor/lib/egl/libEGL_POWERVR_SGX540_120.so
D/libEGL  (  218): loaded /vendor/lib/egl/libGLESv1_CM_POWERVR_SGX540_120.so
D/libEGL  (  218): loaded /vendor/lib/egl/libGLESv2_POWERVR_SGX540_120.so
D/OpenGLRenderer(  218): Enabling debug mode 0
W/InputManagerService(  153): Starting input on non-focused client com.android.internal.view.IInputMethodClient$Stub$Proxy@416f1a00 (uid=10065 pid=1027)
I/ActivityManager(  153): Displayed com.android.systemui/.usb.UsbStorageActivity: +733ms
D/VoldCmdListener(   72): storage users /mnt/sdcard
I/PackageManager(  153): Updating external media status from mounted to unmounted
D/VoldCmdListener(   72): asec list
I/PackageManager(  153): No secure containers on sdcard
W/InputManagerService(  153): Window already focused, ignoring focus gain of: com.android.internal.view.IInputMethodClient$Stub$Proxy@414c5268
D/VoldCmdListener(   72): storage users /mnt/sdcard
W/ActivityManager(  153): Killing processes unmount media at adjustment 9
W/ActivityManager(  153): Killing ProcessRecord{41594d08 1281:com.google.android.apps.maps/10032} (adj 10): unmount media
D/VoldCmdListener(   72): storage users /mnt/sdcard
D/dalvikvm(  153): GC_EXPLICIT freed 285K, 17% free 12895K/15431K, paused 3ms+7ms
I/PackageManager(  153): Updating external media status from unmounted to unmounted
D/VoldCmdListener(   72): volume unmount /mnt/sdcard force
D/Vold    (   72): Volume sdcard state changing 4 (Mounted) -> 5 (Unmounting)
D/MountService(  153): sendStorageIntent Intent { act=android.intent.action.MEDIA_EJECT dat=file:///mnt/sdcard (has extras) }
I/Vold    (   72): /mnt/secure/staging/.android_secure sucessfully unmounted
I/Vold    (   72): /mnt/secure/asec sucessfully unmounted
I/Vold    (   72): /mnt/secure/staging sucessfully unmounted
I/Vold    (   72): /mnt/sdcard unmounted sucessfully
D/Vold    (   72): Volume sdcard state changing 5 (Unmounting) -> 1 (Idle-Unmounted)
D/MountService(  153): volume state changed for /mnt/sdcard (mounted -> unmounted)
I/PackageManager(  153): Updating external media status from unmounted to unmounted
D/MountService(  153): sendStorageIntent Intent { act=android.intent.action.MEDIA_UNMOUNTED dat=file:///mnt/sdcard (has extras) }
I/StorageNotification(  218): Media {/mnt/sdcard} state changed from {mounted} -> {unmounted}
D/VoldCmdListener(   72): volume share /mnt/sdcard ums
D/Vold    (   72): Volume sdcard state changing 1 (Idle-Unmounted) -> 7 (Shared-Unmounted)
W/MountService(  153): Duplicate state transition (unmounted -> unmounted) for /mnt/sdcard
D/MountService(  153): sendStorageIntent Intent { act=android.intent.action.MEDIA_UNMOUNTED dat=file:///mnt/sdcard (has extras) }
D/MountService(  153): volume state changed for /mnt/sdcard (unmounted -> shared)
D/MediaScannerReceiver(  266): action: android.intent.action.MEDIA_UNMOUNTED path: /mnt/sdcard
D/MediaScannerReceiver(  266): action: android.intent.action.MEDIA_UNMOUNTED path: /mnt/sdcard
D/dalvikvm(  218): GC_FOR_ALLOC freed 21K, 8% free 10705K/11527K, paused 26ms
D/VoldCmdListener(   72): volume shared /mnt/sdcard ums
I/dalvikvm-heap(  218): Grow heap (frag case) to 10.799MB for 291616-byte allocation
D/dalvikvm(  218): GC_FOR_ALLOC freed 4K, 8% free 10984K/11847K, paused 17ms
D/MountService(  153): sendStorageIntent Intent { act=android.intent.action.MEDIA_SHARED dat=file:///mnt/sdcard (has extras) }
I/StorageNotification(  218): Media {/mnt/sdcard} state changed from {unmounted} -> {shared}
D/dalvikvm(  218): GC_FOR_ALLOC freed 488K, 9% free 10811K/11847K, paused 17ms
D/dalvikvm(  218): GC_FOR_ALLOC freed 364K, 10% free 10772K/11847K, paused 19ms
D/dalvikvm(  218): GC_FOR_ALLOC freed 507K, 10% free 10705K/11847K, paused 17ms
D/AudioHardware(   81): AudioHardware pcm playback is going to standby.
D/AudioHardware(   81): closePcmOut_l() mPcmOpenCnt: 1
D/dalvikvm(  218): GC_CONCURRENT freed 407K, 9% free 10787K/11847K, paused 26ms+2ms
