I/VCoreDaemon( 1218): 1333728701876: Loc = Location[mProvider=gps,mTime=1333815102000,mLatitude=42.36471064763887,mLongitude=-71.10235753348793,mHasAltitude=true,mAltitude=-22.0,mHasSpeed=true,mSpeed=0.788108,mHasBearing=true,mBearing=143.71837,mHasAccuracy=true,mAccuracy=10.0,mExtras=Bundle[mParcelledData.dataSize=4]] Previous Region = (4,0)
I/VCoreDaemon( 1218): 1333728701877: GPS x/long:-71.10235753348793, GPS y/lat: 42.36471064763887. Region width in x: 51.96152422706632
I/VCoreDaemon( 1218): 1333728701878: location PINPOINTS to region = 4.0, previous 4
I/VCoreDaemon( 1218): 1333728701878: stay at region 4
I/StatusActivity( 1218): 1333728703857: .......... GPS onLocationChanged ...... 
I/VCoreDaemon( 1218): 1333728703858: Loc = Location[mProvider=gps,mTime=1333815104000,mLatitude=42.36469941760988,mLongitude=-71.10234221972584,mHasAltitude=true,mAltitude=-22.0,mHasSpeed=true,mSpeed=0.80844915,mHasBearing=true,mBearing=143.38266,mHasAccuracy=true,mAccuracy=10.0,mExtras=Bundle[mParcelledData.dataSize=4]] Previous Region = (4,0)
I/VCoreDaemon( 1218): 1333728703858: GPS x/long:-71.10234221972584, GPS y/lat: 42.36469941760988. Region width in x: 51.96152422706632
I/VCoreDaemon( 1218): 1333728703859: location PINPOINTS to region = 4.0, previous 4
I/VCoreDaemon( 1218): 1333728703859: stay at region 4
I/NetworkThread( 1218): 1333728704182: Received UDP payload: 949
I/Mux     ( 1218): 1333728704228: GOT CSM_Msg
I/NetworkThread( 1218): 1333728704297: Received UDP payload: 406
I/NetworkThread( 1218): 1333728704625: Received UDP payload: 406
I/StatusActivity( 1218): 1333728704857: .......... GPS onLocationChanged ...... 
I/VCoreDaemon( 1218): 1333728704858: Loc = Location[mProvider=gps,mTime=1333815105000,mLatitude=42.36468308767119,mLongitude=-71.10233316448996,mHasAltitude=true,mAltitude=-24.0,mHasSpeed=true,mSpeed=0.83801514,mHasBearing=true,mBearing=154.87186,mHasAccuracy=true,mAccuracy=20.0,mExtras=Bundle[mParcelledData.dataSize=4]] Previous Region = (4,0)
I/VCoreDaemon( 1218): 1333728704858: GPS x/long:-71.10233316448996, GPS y/lat: 42.36468308767119. Region width in x: 51.96152422706632
I/VCoreDaemon( 1218): 1333728704858: location PINPOINTS to region = 4.0, previous 4
I/VCoreDaemon( 1218): 1333728704858: stay at region 4
I/NetworkThread( 1218): 1333728704928: Received UDP payload: 406
I/System.out( 1312): [INFO:125274]: c: Running flush
I/System.out( 1312): [INFO:125285]: c: Sending payload [bytes=554]
I/NetworkThread( 1218): 1333728705221: Received UDP payload: 406
W/NetworkStats(  153): dropping UID delta from unknown iface: iface=wlan0 uid=10067 set=FOREGROUND tag=0x0 rxBytes=2713 rxPackets=5 txBytes=0 txPackets=0 operations=0
I/NetworkThread( 1218): 1333728705742: Received UDP payload: 949
I/Mux     ( 1218): 1333728705793: GOT CSM_Msg
I/StatusActivity( 1218): 1333728705898: .......... GPS onLocationChanged ...... 
I/VCoreDaemon( 1218): 1333728705899: Loc = Location[mProvider=gps,mTime=1333815106000,mLatitude=42.364670530364904,mLongitude=-71.1023277124019,mHasAltitude=true,mAltitude=-23.0,mHasSpeed=true,mSpeed=0.0,mHasBearing=true,mBearing=149.71498,mHasAccuracy=true,mAccuracy=10.0,mExtras=Bundle[mParcelledData.dataSize=4]] Previous Region = (4,0)
I/VCoreDaemon( 1218): 1333728705900: GPS x/long:-71.1023277124019, GPS y/lat: 42.364670530364904. Region width in x: 51.96152422706632
I/VCoreDaemon( 1218): 1333728705910: location PINPOINTS to region = 4.0, previous 4
I/VCoreDaemon( 1218): 1333728705911: stay at region 4
D/dalvikvm(  153): GC_CONCURRENT freed 805K, 13% free 12676K/14407K, paused 11ms+28ms
D/dalvikvm( 1218): GC_CONCURRENT freed 371K, 27% free 10524K/14407K, paused 2ms+3ms
I/NetworkThread( 1218): 1333728706116: Received UDP payload: 949
I/Mux     ( 1218): 1333728706125: GOT CSM_Msg
I/NetworkThread( 1218): 1333728706145: Received UDP payload: 949
I/Mux     ( 1218): 1333728706162: GOT CSM_Msg
I/NetworkThread( 1218): 1333728706504: Received UDP payload: 949
I/Mux     ( 1218): 1333728706552: GOT CSM_Msg
I/NetworkThread( 1218): 1333728706576: Received UDP payload: 949
I/Mux     ( 1218): 1333728706583: GOT CSM_Msg
I/NetworkThread( 1218): 1333728706586: Received UDP payload: 949
I/Mux     ( 1218): 1333728706593: GOT CSM_Msg
I/NetworkThread( 1218): 1333728706596: Received UDP payload: 949
I/Mux     ( 1218): 1333728706610: GOT CSM_Msg
I/NetworkThread( 1218): 1333728706613: Received UDP payload: 949
I/Mux     ( 1218): 1333728706618: GOT CSM_Msg
I/NetworkThread( 1218): 1333728706622: Received UDP payload: 949
I/Mux     ( 1218): 1333728706625: GOT CSM_Msg
I/NetworkThread( 1218): 1333728706629: Received UDP payload: 949
I/Mux     ( 1218): 1333728706646: GOT CSM_Msg
I/NetworkThread( 1218): 1333728706647: Received UDP payload: 770
I/Mux     ( 1218): 1333728706655: GOT CSM_Msg
I/NetworkThread( 1218): 1333728706697: Received UDP payload: 406
I/NetworkThread( 1218): 1333728706998: Received UDP payload: 406
I/NetworkThread( 1218): 1333728707296: Received UDP payload: 406
D/dalvikvm(  314): GC_CONCURRENT freed 422K, 6% free 9506K/10055K, paused 5ms+2ms
I/NetworkThread( 1218): 1333728707738: Received UDP payload: 39730
D/dalvikvm( 1312): GC_CONCURRENT freed 340K, 7% free 10041K/10695K, paused 3ms+15ms
I/StatusActivity( 1218): 1333728707854: .......... GPS onLocationChanged ...... 
I/VCoreDaemon( 1218): 1333728707855: Loc = Location[mProvider=gps,mTime=1333815108000,mLatitude=42.364659153711536,mLongitude=-71.10232464565132,mHasAltitude=true,mAltitude=-23.0,mHasSpeed=true,mSpeed=0.0,mHasBearing=true,mBearing=148.54385,mHasAccuracy=true,mAccuracy=10.0,mExtras=Bundle[mParcelledData.dataSize=4]] Previous Region = (4,0)
I/VCoreDaemon( 1218): 1333728707855: GPS x/long:-71.10232464565132, GPS y/lat: 42.364659153711536. Region width in x: 51.96152422706632
I/VCoreDaemon( 1218): 1333728707855: location PINPOINTS to region = 4.0, previous 4
I/VCoreDaemon( 1218): 1333728707856: stay at region 4
I/NetworkThread( 1218): 1333728708113: Received UDP payload: 406
W/NetworkStats(  153): dropping UID delta from unknown iface: iface=wlan0 uid=10067 set=FOREGROUND tag=0x0 rxBytes=52062 rxPackets=16 txBytes=0 txPackets=0 operations=0
I/System.out( 1312): [INFO:128966]: c: Response [http=200,length=20]
I/System.out( 1312): [INFO:128968]: c: Read id 1, status code 200
I/StatusActivity( 1218): 1333728709884: .......... GPS onLocationChanged ...... 
I/VCoreDaemon( 1218): 1333728709886: Loc = Location[mProvider=gps,mTime=1333815110000,mLatitude=42.364644578096105,mLongitude=-71.10230589046998,mHasAltitude=true,mAltitude=-22.0,mHasSpeed=true,mSpeed=0.87652266,mHasBearing=true,mBearing=139.35977,mHasAccuracy=true,mAccuracy=10.0,mExtras=Bundle[mParcelledData.dataSize=4]] Previous Region = (4,0)
I/VCoreDaemon( 1218): 1333728709888: GPS x/long:-71.10230589046998, GPS y/lat: 42.364644578096105. Region width in x: 51.96152422706632
I/VCoreDaemon( 1218): 1333728709888: location PINPOINTS to region = 4.0, previous 4
I/VCoreDaemon( 1218): 1333728709889: stay at region 4
I/StatusActivity( 1218): 1333728710854: .......... GPS onLocationChanged ...... 
I/VCoreDaemon( 1218): 1333728710855: Loc = Location[mProvider=gps,mTime=1333815111000,mLatitude=42.364638567686946,mLongitude=-71.10229329731209,mHasAltitude=true,mAltitude=-22.0,mHasSpeed=true,mSpeed=0.9015414,mHasBearing=true,mBearing=146.09232,mHasAccuracy=true,mAccuracy=10.0,mExtras=Bundle[mParcelledData.dataSize=4]] Previous Region = (4,0)
I/VCoreDaemon( 1218): 1333728710855: GPS x/long:-71.10229329731209, GPS y/lat: 42.364638567686946. Region width in x: 51.96152422706632
I/VCoreDaemon( 1218): 1333728710855: location PINPOINTS to region = 4.0, previous 4
I/VCoreDaemon( 1218): 1333728710855: stay at region 4
I/VCoreDaemon( 1218): 1333728711309: been in JOINING state for a while now, start over
I/VCoreDaemon.java( 1218): inside stateTransition ......................................................................................
I/..... VCoreDaemon.java( 1218): targetState = JOINING
I/..... VCoreDaemon.java( 1218): ends xxxxxxxxxxxxxxxxxxxxxxxxxxxxxxxxxxxxxxxxxxx
I/VCoreDaemon( 1218): 1333728711314: sending LEADER_REQUEST
I/VCoreDaemon( 1218): 1333728711315: inside sendPacket(Packet p)
I/NetworkThread( 1218): 1333728711335: Sending UDP payload: 406
I/VCoreDaemon( 1218): 1333728711616: sending LEADER_REQUEST
I/VCoreDaemon( 1218): 1333728711617: inside sendPacket(Packet p)
I/NetworkThread( 1218): 1333728711643: Sending UDP payload: 406
I/StatusActivity( 1218): 1333728711813: HI I'm in ONPAUSE()
I/VCoreDaemon( 1218): 1333728711918: sending LEADER_REQUEST
I/VCoreDaemon( 1218): 1333728711918: inside sendPacket(Packet p)
I/NetworkThread( 1218): 1333728711920: Sending UDP payload: 406
W/InputManagerService(  153): Starting input on non-focused client com.android.internal.view.IInputMethodClient$Stub$Proxy@41727258 (uid=10067 pid=1218)
I/VCoreDaemon( 1218): 1333728712219: sending LEADER_REQUEST
I/VCoreDaemon( 1218): 1333728712219: inside sendPacket(Packet p)
I/NetworkThread( 1218): 1333728712220: Sending UDP payload: 406
I/VCoreDaemon( 1218): 1333728712313: LEADER_REQUEST timed out
I/VCoreDaemon.java( 1218): inside stateTransition ......................................................................................
I/..... VCoreDaemon.java( 1218): targetState = LEADER
I/VNC:Cloud( 1218): Executing makeRequest: http://hermes5.csail.mit.edu:8212/take/4/0/5120/1333728712313/
D/dalvikvm(  341): GC_CONCURRENT freed 3093K, 29% free 13717K/19079K, paused 4ms+3ms
D/dalvikvm(  341): GC_FOR_ALLOC freed 1280K, 31% free 13296K/19079K, paused 53ms
D/dalvikvm(  341): GC_CONCURRENT freed 8K, 24% free 14618K/19079K, paused 2ms+34ms
I/CameraSurfaceView( 1218): inside surfaceDestroyed()
I/CameraHardwareSec(   81): int android::CameraHardwareSec::previewThreadWrapper(): calling mSecCamera->stopPreview() and waiting
I/CameraSurfaceView( 1218): inside surfaceDestroyed()
I/CameraHardwareSec(   81): void android::CameraHardwareSec::stopPreviewInternal() : preview not running, doing nothing
I/CameraHardwareSec(   81): int android::CameraHardwareSec::previewThreadWrapper(): return from wait
I/CameraHardwareSec(   81): int android::CameraHardwareSec::previewThreadWrapper(): exiting
W/SecCamera(   81): int android::SecCamera::stopPreview(): doing nothing because m_flag_camera_start is zero
W/SecCamera(   81): int android::SecCamera::stopRecord(): doing nothing because m_flag_record_start is zero
I/SecCamera(   81): DeinitCamera: m_cam_fd(35)
I/SecCamera(   81): DeinitCamera: m_cam_fd2(36)
E/CameraHardwareSec(   81): preview window is NULL!
I/CameraService(   81): Destroying camera 0
I/CameraHardwareSec(   81): int android::HAL_camera_device_close(hw_device_t*)
I/SecCamera(   81): DeinitCamera : already deinitialized
W/AudioFlinger(   81): session id 15 not found for pid 81
W/AudioFlinger(   81): session id 16 not found for pid 81
I/StatusActivity( 1218): 1333728712959: .......... GPS onLocationChanged ...... 
I/VCoreDaemon( 1218): 1333728712960: Loc = Location[mProvider=gps,mTime=1333815113000,mLatitude=42.364629323631476,mLongitude=-71.10227527974041,mHasAltitude=true,mAltitude=-23.0,mHasSpeed=true,mSpeed=0.0,mHasBearing=true,mBearing=148.01431,mHasAccuracy=true,mAccuracy=10.0,mExtras=Bundle[mParcelledData.dataSize=4]] Previous Region = (4,0)
I/VCoreDaemon( 1218): 1333728712960: GPS x/long:-71.10227527974041, GPS y/lat: 42.364629323631476. Region width in x: 51.96152422706632
I/VCoreDaemon( 1218): 1333728712960: location PINPOINTS to region = 4.0, previous 4
I/VCoreDaemon( 1218): 1333728712960: stay at region 4
D/dalvikvm(  341): GC_FOR_ALLOC freed 3263K, 32% free 13087K/19079K, paused 33ms
D/dalvikvm(  341): GC_FOR_ALLOC freed 594K, 30% free 13440K/19079K, paused 33ms
I/ActivityManager(  153): No longer want com.google.android.talk (pid 765): hidden #16
D/dalvikvm(  341): GC_FOR_ALLOC freed 1059K, 31% free 13205K/19079K, paused 34ms
I/NetworkThread( 1218): 1333728713363: Received UDP payload: 39730
D/dalvikvm(  341): GC_FOR_ALLOC freed 4K, 27% free 13959K/19079K, paused 20ms
I/dalvikvm-heap(  341): Grow heap (frag case) to 15.362MB for 1742416-byte allocation
I/StatusActivity( 1218): 1333728713430: inside onDestroy()
I/NetworkThread( 1218): 1333728713444: Received UDP payload: 406
D/dalvikvm(  341): GC_CONCURRENT freed <1K, 18% free 15661K/19079K, paused 2ms+3ms
W/NetworkStats(  153): dropping UID delta from unknown iface: iface=wlan0 uid=10067 set=DEFAULT tag=0x0 rxBytes=40192 rxPackets=2 txBytes=0 txPackets=0 operations=0
W/NetworkStats(  153): dropping UID delta from unknown iface: iface=wlan0 uid=10067 set=FOREGROUND tag=0x0 rxBytes=1736 rxPackets=4 txBytes=1736 txPackets=4 operations=0
I/Mux     ( 1218): Stop request encountered.
D/Mux     ( 1218): Waiting for VCoreDaemon to stop...
I/StatusActivity( 1218): 1333728713565: no camera to close
I/StatusActivity( 1218): 1333728713565: close everything else
D/dalvikvm(  341): GC_FOR_ALLOC freed 2465K, 27% free 13960K/19079K, paused 39ms
D/dalvikvm(  218): GC_CONCURRENT freed 581K, 7% free 10129K/10823K, paused 2ms+10ms
D/dalvikvm(  341): GC_CONCURRENT freed 680K, 23% free 14876K/19079K, paused 2ms+5ms
I/ActivityManager(  153): Process edu.mit.csail.diplomamatrix (pid 1218) has died.
I/WindowManager(  153): WIN DEATH: Window{416e17e8 SurfaceView paused=false}
I/WindowManager(  153): WIN DEATH: Window{4159baf8 edu.mit.csail.diplomamatrix/edu.mit.csail.diplomamatrix.StatusActivity paused=false}
W/ActivityManager(  153): Activity destroy timeout for ActivityRecord{4174b978 edu.mit.csail.diplomamatrix/.StatusActivity}
I/GPS     (  153): gps_engine_status_update: called release_wakelock_cb
I/power   (  153): *** set_screen_state 0
D/SurfaceFlinger(   78): About to give-up screen, flinger = 0x2a918
D/NfcService(  329): NFC-C OFF, disconnect
D/dalvikvm(  153): GC_CONCURRENT freed 656K, 11% free 12869K/14407K, paused 3ms+5ms
D/dalvikvm(  153): GC_FOR_ALLOC freed 60K, 9% free 13124K/14407K, paused 41ms
I/dalvikvm-heap(  153): Grow heap (frag case) to 12.993MB for 104992-byte allocation
D/dalvikvm(  153): GC_FOR_ALLOC freed 2K, 10% free 13224K/14535K, paused 38ms
D/dalvikvm(  153): GC_FOR_ALLOC freed <1K, 10% free 13225K/14535K, paused 38ms
I/dalvikvm-heap(  153): Grow heap (frag case) to 13.091MB for 104992-byte allocation
D/dalvikvm(  153): GC_FOR_ALLOC freed <1K, 10% free 13327K/14663K, paused 37ms
V/TransportControlView(  153): Create TCV com.android.internal.widget.TransportControlView@416f5608
D/PhoneStatusBar(  218): disable: < expand icons alerts ticker system_info back home RECENT* clock >
D/AudioHardware(   81): AudioHardware pcm playback is exiting standby.
D/AudioHardware(   81): openPcmOut_l() mPcmOpenCnt: 0
D/PhoneStatusBar(  218): disable: < expand icons alerts ticker system_info BACK* HOME* RECENT CLOCK* >
D/AudioHardware(   81): AudioHardware pcm playback is going to standby.
D/AudioHardware(   81): closePcmOut_l() mPcmOpenCnt: 1
D/dalvikvm(  153): GC_EXPLICIT freed 73K, 9% free 13432K/14663K, paused 19ms+5ms
I/GTalkService/c(  454): [AndroidEndpoint@1094212928] connect: acct=1000000, state=CONNECTING
W/NetworkStats(  153): dropping UID delta from unknown iface: iface=wlan0 uid=0 set=DEFAULT tag=0x0 rxBytes=1753 rxPackets=4 txBytes=0 txPackets=0 operations=0
D/ConnectivityService(  153): handleInetConditionHoldEnd: net=0, condition=100, published condition=0
W/Smack/Packet(  454): notify conn break (IOEx), close connection
D/ConnectivityService(  153): handleInetConditionHoldEnd: net=0, condition=0, published condition=100
I/GTalkService/c(  454): [AndroidEndpoint@1094212928] connect: acct=1000000, state=CONNECTING
D/dalvikvm(  454): GC_CONCURRENT freed 367K, 6% free 10002K/10567K, paused 7ms+3ms
D/dalvikvm(  454): GC_EXPLICIT freed 175K, 6% free 9966K/10567K, paused 9ms+2ms
D/ConnectivityService(  153): handleInetConditionHoldEnd: net=0, condition=100, published condition=0
W/Smack/Packet(  454): notify conn break (IOEx), close connection
D/ConnectivityService(  153): handleInetConditionHoldEnd: net=0, condition=0, published condition=100
I/GTalkService/c(  454): [AndroidEndpoint@1094212928] connect: acct=1000000, state=CONNECTING
D/dalvikvm(  153): GC_CONCURRENT freed 910K, 8% free 13518K/14663K, paused 2ms+5ms
D/ConnectivityService(  153): handleInetConditionHoldEnd: net=0, condition=100, published condition=0
W/Smack/Packet(  454): notify conn break (IOEx), close connection
D/ConnectivityService(  153): handleInetConditionHoldEnd: net=0, condition=0, published condition=100
I/GTalkService/c(  454): [AndroidEndpoint@1094212928] connect: acct=1000000, state=CONNECTING
D/dalvikvm(  454): GC_CONCURRENT freed 370K, 6% free 10012K/10567K, paused 14ms+3ms
D/ConnectivityService(  153): handleInetConditionHoldEnd: net=0, condition=100, published condition=0
D/dalvikvm(  314): GC_CONCURRENT freed 416K, 6% free 9506K/10055K, paused 2ms+2ms
W/Smack/Packet(  454): notify conn break (IOEx), close connection
D/ConnectivityService(  153): handleInetConditionHoldEnd: net=0, condition=0, published condition=100
I/GTalkService/c(  454): [AndroidEndpoint@1094212928] connect: acct=1000000, state=CONNECTING
D/ConnectivityService(  153): handleInetConditionHoldEnd: net=0, condition=100, published condition=0
W/Smack/Packet(  454): notify conn break (IOEx), close connection
D/ConnectivityService(  153): handleInetConditionHoldEnd: net=0, condition=0, published condition=100
I/GTalkService/c(  454): [AndroidEndpoint@1094212928] connect: acct=1000000, state=CONNECTING
D/dalvikvm(  454): GC_CONCURRENT freed 429K, 6% free 10027K/10567K, paused 8ms+3ms
D/dalvikvm(  153): GC_CONCURRENT freed 1039K, 9% free 13482K/14663K, paused 3ms+5ms
W/Smack/Packet(  454): notify conn break (IOEx), close connection
D/ConnectivityService(  153): handleInetConditionHoldEnd: net=0, condition=0, published condition=0
I/GTalkService/c(  454): [AndroidEndpoint@1094212928] connect: acct=1000000, state=CONNECTING
D/ConnectivityService(  153): handleInetConditionHoldEnd: net=0, condition=100, published condition=0
W/Smack/Packet(  454): notify conn break (IOEx), close connection
D/ConnectivityService(  153): handleInetConditionHoldEnd: net=0, condition=0, published condition=100
I/GTalkService/c(  454): [AndroidEndpoint@1094212928] connect: acct=1000000, state=CONNECTING
D/dalvikvm(  454): GC_CONCURRENT freed 419K, 6% free 10014K/10567K, paused 2ms+2ms
D/dalvikvm(  153): GC_EXPLICIT freed 604K, 9% free 13454K/14663K, paused 21ms+5ms
D/ConnectivityService(  153): handleInetConditionHoldEnd: net=0, condition=100, published condition=0
D/dalvikvm(  314): GC_CONCURRENT freed 427K, 6% free 9507K/10055K, paused 2ms+2ms
W/Smack/Packet(  454): notify conn break (IOEx), close connection
D/ConnectivityService(  153): handleInetConditionHoldEnd: net=0, condition=0, published condition=100
I/GTalkService/c(  454): [AndroidEndpoint@1094212928] connect: acct=1000000, state=CONNECTING
D/dalvikvm(  454): GC_CONCURRENT freed 402K, 6% free 10028K/10567K, paused 7ms+3ms
D/ConnectivityService(  153): handleInetConditionHoldEnd: net=0, condition=100, published condition=0
W/Smack/Packet(  454): notify conn break (IOEx), close connection
D/ConnectivityService(  153): handleInetConditionHoldEnd: net=0, condition=0, published condition=100
I/GTalkService/c(  454): [AndroidEndpoint@1094212928] connect: acct=1000000, state=CONNECTING
D/dalvikvm(  218): GC_CONCURRENT freed 434K, 7% free 10081K/10823K, paused 1ms+2ms
W/Smack/Packet(  454): notify conn break (IOEx), close connection
D/ConnectivityService(  153): handleInetConditionHoldEnd: net=0, condition=0, published condition=0
I/GTalkService/c(  454): [AndroidEndpoint@1094212928] connect: acct=1000000, state=CONNECTING
D/dalvikvm(  454): GC_CONCURRENT freed 398K, 6% free 10036K/10567K, paused 15ms+3ms
W/Smack/Packet(  454): notify conn break (IOEx), close connection
D/ConnectivityService(  153): handleInetConditionHoldEnd: net=0, condition=0, published condition=0
D/dalvikvm(  153): GC_CONCURRENT freed 981K, 9% free 13463K/14663K, paused 2ms+5ms
I/GTalkService/c(  454): [AndroidEndpoint@1094212928] connect: acct=1000000, state=CONNECTING
D/ConnectivityService(  153): handleInetConditionHoldEnd: net=0, condition=100, published condition=0
W/Smack/Packet(  454): notify conn break (IOEx), close connection
D/ConnectivityService(  153): handleInetConditionHoldEnd: net=0, condition=0, published condition=100
I/GTalkService/c(  454): [AndroidEndpoint@1094212928] connect: acct=1000000, state=CONNECTING
E/GTalkService(  454): connectionClosed: no XMPPConnection - That's strange!
D/dalvikvm(  454): GC_CONCURRENT freed 398K, 6% free 10032K/10567K, paused 14ms+3ms
D/ConnectivityService(  153): handleInetConditionHoldEnd: net=0, condition=0, published condition=0
D/dalvikvm(  314): GC_CONCURRENT freed 418K, 6% free 9504K/10055K, paused 17ms+2ms
I/GTalkService/c(  454): [AndroidEndpoint@1094212928] connect: acct=1000000, state=CONNECTING
D/ConnectivityService(  153): handleInetConditionHoldEnd: net=0, condition=100, published condition=0
W/Smack/Packet(  454): notify conn break (IOEx), close connection
D/dalvikvm(  153): GC_CONCURRENT freed 1013K, 9% free 13475K/14663K, paused 16ms+4ms
D/ConnectivityService(  153): handleInetConditionHoldEnd: net=0, condition=0, published condition=100
I/GTalkService/c(  454): [AndroidEndpoint@1094212928] connect: acct=1000000, state=CONNECTING
D/dalvikvm(  454): GC_CONCURRENT freed 407K, 6% free 10027K/10567K, paused 14ms+2ms
D/ConnectivityService(  153): handleInetConditionHoldEnd: net=0, condition=100, published condition=0
W/Smack/Packet(  454): notify conn break (IOEx), close connection
D/ConnectivityService(  153): handleInetConditionHoldEnd: net=0, condition=0, published condition=100
D/dalvikvm(  153): GC_EXPLICIT freed 435K, 9% free 13426K/14663K, paused 3ms+4ms
I/GTalkService/c(  454): [AndroidEndpoint@1094212928] connect: acct=1000000, state=CONNECTING
D/ConnectivityService(  153): handleInetConditionHoldEnd: net=0, condition=100, published condition=0
W/Smack/Packet(  454): notify conn break (IOEx), close connection
D/ConnectivityService(  153): handleInetConditionHoldEnd: net=0, condition=0, published condition=100
D/dalvikvm(  314): GC_CONCURRENT freed 433K, 6% free 9507K/10055K, paused 1ms+3ms
I/GTalkService/c(  454): [AndroidEndpoint@1094212928] connect: acct=1000000, state=CONNECTING
D/dalvikvm(  454): GC_CONCURRENT freed 391K, 5% free 10061K/10567K, paused 2ms+4ms
D/ConnectivityService(  153): handleInetConditionHoldEnd: net=0, condition=100, published condition=0
W/Smack/Packet(  454): notify conn break (IOEx), close connection
D/ConnectivityService(  153): handleInetConditionHoldEnd: net=0, condition=0, published condition=100
I/GTalkService/c(  454): [AndroidEndpoint@1094212928] connect: acct=1000000, state=CONNECTING
D/dalvikvm(  153): GC_CONCURRENT freed 991K, 9% free 13476K/14663K, paused 16ms+5ms
D/ConnectivityService(  153): handleInetConditionHoldEnd: net=0, condition=100, published condition=0
W/Smack/Packet(  454): notify conn break (IOEx), close connection
D/ConnectivityService(  153): handleInetConditionHoldEnd: net=0, condition=0, published condition=100
I/GTalkService/c(  454): [AndroidEndpoint@1094212928] connect: acct=1000000, state=CONNECTING
D/dalvikvm(  454): GC_CONCURRENT freed 454K, 6% free 10041K/10631K, paused 14ms+3ms
D/ConnectivityService(  153): handleInetConditionHoldEnd: net=0, condition=100, published condition=0
W/Smack/Packet(  454): notify conn break (IOEx), close connection
D/ConnectivityService(  153): handleInetConditionHoldEnd: net=0, condition=0, published condition=100
I/GTalkService/c(  454): [AndroidEndpoint@1094212928] connect: acct=1000000, state=CONNECTING
D/dalvikvm(  454): GC_CONCURRENT freed 384K, 6% free 10048K/10631K, paused 2ms+5ms
D/ConnectivityService(  153): handleInetConditionHoldEnd: net=0, condition=100, published condition=0
W/Smack/Packet(  454): notify conn break (IOEx), close connection
D/ConnectivityService(  153): handleInetConditionHoldEnd: net=0, condition=0, published condition=100
D/dalvikvm(  314): GC_CONCURRENT freed 417K, 6% free 9505K/10055K, paused 2ms+2ms
I/GTalkService/c(  454): [AndroidEndpoint@1094212928] connect: acct=1000000, state=CONNECTING
W/Smack/Packet(  454): notify conn break (IOEx), close connection
D/ConnectivityService(  153): handleInetConditionHoldEnd: net=0, condition=0, published condition=0
D/dalvikvm(  153): GC_CONCURRENT freed 1034K, 9% free 13490K/14663K, paused 2ms+6ms
I/power   (  153): *** set_screen_state 1
I/WindowManager(  153): Lock screen displayed!
D/SurfaceFlinger(   78): Screen about to return, flinger = 0x2a918
D/dalvikvm(  153): GC_EXPLICIT freed 507K, 10% free 13308K/14663K, paused 13ms+5ms
I/power   (  153): *** set_screen_state 0
D/SurfaceFlinger(   78): About to give-up screen, flinger = 0x2a918
D/dalvikvm(  153): GC_FOR_ALLOC freed 59K, 9% free 13424K/14663K, paused 40ms
I/dalvikvm-heap(  153): Grow heap (frag case) to 13.286MB for 104992-byte allocation
D/dalvikvm(  153): GC_FOR_ALLOC freed 4K, 9% free 13522K/14791K, paused 39ms
D/dalvikvm(  153): GC_FOR_ALLOC freed <1K, 9% free 13523K/14791K, paused 39ms
I/dalvikvm-heap(  153): Grow heap (frag case) to 13.382MB for 104992-byte allocation
D/dalvikvm(  153): GC_FOR_ALLOC freed <1K, 9% free 13625K/14919K, paused 37ms
D/dalvikvm(  153): GC_FOR_ALLOC freed <1K, 8% free 13730K/14919K, paused 37ms
V/TransportControlView(  153): Create TCV com.android.internal.widget.TransportControlView@41770eb0
I/ActivityManager(  153): Start proc com.google.android.deskclock for broadcast com.google.android.deskclock/com.android.deskclock.AlarmInitReceiver: pid=1455 uid=10013 gids={}
D/AlarmManagerService(  153): Kernel timezone updated to 240 minutes west of GMT
I/ActivityThread( 1455): Pub com.android.deskclock: com.android.deskclock.AlarmProvider
V/AlarmClock( 1455): AlarmInitReceiver finished
D/SystemClock(  314): Setting time of day to sec=1333729673
D/dalvikvm(  314): GC_CONCURRENT freed 414K, 6% free 9508K/10055K, paused 2ms+2ms
D/ConnectivityService(  153): ConnectivityChange for mobile: DISCONNECTED/DISCONNECTED
D/ConnectivityService(  153): Attempting to switch to WIFI
D/ConnectivityService(  153): Attempting to switch to BLUETOOTH_TETHER
D/NetUtils(  153): android_net_utils_resetConnections in env=0x18a9208 clazz=0x41100001 iface=rmnet0 mask=0x3
D/ConnectivityService(  153): resetConnections(rmnet0, 3)
D/Tethering(  153): MasterInitialState.processMessage what=3
I/BarnacleService( 1027): log: hq. MSG_NETSCHANGE. about to get getWifiState
I/MediaUploader(  964): No need to wake up
I/BarnacleService( 1027): log: hq. BarnacleServiceNETSCHANGE: 1 2 proc
E/BarnacleService( 1027): NETSCHANGE: 1 2 proc
I/BarnacleService( 1027): log: hq. wifiState 1 =? WifiManager.WIFI_STATE_DISABLED = 1
I/BarnacleService( 1027): log: hq. INSIDE :) wifi state disabled
I/BarnacleService( 1027): log: ( (state = 2) ?== (STATE_STARTING = 1) ) && ( (process = proc_is_not_null) ?== null ... && checkUplink:
I/BarnacleService( 1027): log: now waiting, becaus  either state != STATE_STARTING or process != null
D/PicasaSyncManager(  983): active network: null
D/PicasaSyncManager(  983): background data: true
D/dalvikvm(  266): GC_CONCURRENT freed 372K, 6% free 9231K/9735K, paused 1ms+3ms
I/System.out( 1312): [INFO:1195088]: c: Running flush
I/System.out( 1312): [INFO:1195089]: c: Sending payload [bytes=365]
I/System.out( 1312): [SEVERE:1195096]: c: AsyncHttpRequestImpl.run(): exception thrown : Unable to resolve host "www.google.com": No address associated with hostname: java.net.UnknownHostException
D/AlarmManagerService(  153): Kernel timezone updated to 240 minutes west of GMT
V/AlarmClock( 1455): AlarmInitReceiver finished
D/dalvikvm( 1312): GC_CONCURRENT freed 426K, 7% free 10000K/10695K, paused 2ms+2ms
D/SystemClock(  314): Setting time of day to sec=1333729783
D/ConnectivityService(  153): ConnectivityChange for mobile: CONNECTED/CONNECTED
D/NetworkPolicy(  153): applying policy NetworkPolicy[NetworkTemplate: matchRule=MOBILE_ALL, subscriberId=valid]: cycleDay=15, warningBytes=2147483648, limitBytes=-1, lastSnooze=-1 to ifaces [rmnet0]
D/Tethering(  153): MasterInitialState.processMessage what=3
I/BarnacleService( 1027): log: hq. MSG_NETSCHANGE. about to get getWifiState
I/BarnacleService( 1027): log: hq. BarnacleServiceNETSCHANGE: 1 2 proc
E/BarnacleService( 1027): NETSCHANGE: 1 2 proc
I/BarnacleService( 1027): log: hq. wifiState 1 =? WifiManager.WIFI_STATE_DISABLED = 1
I/BarnacleService( 1027): log: hq. INSIDE :) wifi state disabled
I/BarnacleService( 1027): log: ( (state = 2) ?== (STATE_STARTING = 1) ) && ( (process = proc_is_not_null) ?== null ... && checkUplink:
I/BarnacleService( 1027): log: now waiting, becaus  either state != STATE_STARTING or process != null
I/MediaUploader(  964): No need to wake up
D/PicasaSyncManager(  983): active network: NetworkInfo: type: mobile[EDGE], state: CONNECTED/CONNECTED, reason: nwTypeChanged, extra: epc.tmobile.com, roaming: false, failover: false, isAvailable: true
D/PicasaSyncManager(  983): background data: true
D/dalvikvm(  153): GC_CONCURRENT freed 1335K, 11% free 13510K/15047K, paused 17ms+5ms
I/GTalkService/c(  454): [AndroidEndpoint@1094212928] connect: acct=1000000, state=CONNECTING
D/dalvikvm(  454): GC_CONCURRENT freed 467K, 6% free 10029K/10631K, paused 2ms+3ms
D/ConnectivityService(  153): handleInetConditionHoldEnd: net=0, condition=100, published condition=0
W/Smack/Packet(  454): notify conn break (IOEx), close connection
D/ConnectivityService(  153): handleInetConditionHoldEnd: net=0, condition=0, published condition=100
I/GTalkService/c(  454): [AndroidEndpoint@1094212928] connect: acct=1000000, state=CONNECTING
D/dalvikvm(  454): GC_CONCURRENT freed 402K, 6% free 10038K/10631K, paused 14ms+2ms
D/ConnectivityService(  153): handleInetConditionHoldEnd: net=0, condition=100, published condition=0
W/Smack/Packet(  454): notify conn break (IOEx), close connection
D/ConnectivityService(  153): handleInetConditionHoldEnd: net=0, condition=0, published condition=100
I/GTalkService/c(  454): [AndroidEndpoint@1094212928] connect: acct=1000000, state=CONNECTING
D/ConnectivityService(  153): handleInetConditionHoldEnd: net=0, condition=100, published condition=0
W/Smack/Packet(  454): notify conn break (IOEx), close connection
D/ConnectivityService(  153): handleInetConditionHoldEnd: net=0, condition=0, published condition=100
I/GTalkService/c(  454): [AndroidEndpoint@1094212928] connect: acct=1000000, state=CONNECTING
D/dalvikvm(  454): GC_CONCURRENT freed 382K, 6% free 10058K/10631K, paused 2ms+3ms
D/ConnectivityService(  153): handleInetConditionHoldEnd: net=0, condition=100, published condition=0
W/Smack/Packet(  454): notify conn break (IOEx), close connection
D/ConnectivityService(  153): handleInetConditionHoldEnd: net=0, condition=0, published condition=100
I/GTalkService/c(  454): [AndroidEndpoint@1094212928] connect: acct=1000000, state=CONNECTING
W/Smack/Packet(  454): notify conn break (IOEx), close connection
E/GTalkService(  454): connectionClosed: no XMPPConnection - That's strange!
D/ConnectivityService(  153): handleInetConditionHoldEnd: net=0, condition=0, published condition=0
I/GTalkService/c(  454): [AndroidEndpoint@1094212928] connect: acct=1000000, state=CONNECTING
D/dalvikvm(  454): GC_CONCURRENT freed 455K, 6% free 10058K/10631K, paused 1ms+3ms
D/ConnectivityService(  153): handleInetConditionHoldEnd: net=0, condition=100, published condition=0
W/Smack/Packet(  454): notify conn break (IOEx), close connection
D/ConnectivityService(  153): handleInetConditionHoldEnd: net=0, condition=0, published condition=100
D/dalvikvm(  153): GC_EXPLICIT freed 473K, 11% free 13462K/15047K, paused 21ms+5ms
I/EventLogService(  454): Aggregate from 1333728224524 (log), 1333728224524 (data)
I/ServiceDumpSys(  454): dumping service [account]
I/GTalkService/c(  454): [AndroidEndpoint@1094212928] connect: acct=1000000, state=CONNECTING
D/ConnectivityService(  153): handleInetConditionHoldEnd: net=0, condition=100, published condition=0
W/Smack/Packet(  454): notify conn break (IOEx), close connection
D/dalvikvm(  454): GC_CONCURRENT freed 461K, 7% free 10036K/10695K, paused 14ms+3ms
D/dalvikvm(  218): GC_CONCURRENT freed 371K, 7% free 10093K/10823K, paused 2ms+2ms
D/ConnectivityService(  153): handleInetConditionHoldEnd: net=0, condition=0, published condition=100
I/GTalkService/c(  454): [AndroidEndpoint@1094212928] connect: acct=1000000, state=CONNECTING
D/ConnectivityService(  153): handleInetConditionHoldEnd: net=0, condition=100, published condition=0
W/Smack/Packet(  454): notify conn break (IOEx), close connection
D/ConnectivityService(  153): handleInetConditionHoldEnd: net=0, condition=0, published condition=100
I/GTalkService/c(  454): [AndroidEndpoint@1094212928] connect: acct=1000000, state=CONNECTING
D/dalvikvm(  454): GC_CONCURRENT freed 390K, 6% free 10074K/10695K, paused 14ms+3ms
D/ConnectivityService(  153): handleInetConditionHoldEnd: net=0, condition=100, published condition=0
W/Smack/Packet(  454): notify conn break (IOEx), close connection
D/ConnectivityService(  153): handleInetConditionHoldEnd: net=0, condition=0, published condition=100
I/GTalkService/c(  454): [AndroidEndpoint@1094212928] connect: acct=1000000, state=CONNECTING
D/ConnectivityService(  153): handleInetConditionHoldEnd: net=0, condition=100, published condition=0
W/Smack/Packet(  454): notify conn break (IOEx), close connection
D/ConnectivityService(  153): handleInetConditionHoldEnd: net=0, condition=0, published condition=100
I/GTalkService/c(  454): [AndroidEndpoint@1094212928] connect: acct=1000000, state=CONNECTING
D/dalvikvm(  454): GC_CONCURRENT freed 419K, 6% free 10060K/10695K, paused 1ms+2ms
D/ConnectivityService(  153): handleInetConditionHoldEnd: net=0, condition=100, published condition=0
W/Smack/Packet(  454): notify conn break (IOEx), close connection
D/ConnectivityService(  153): handleInetConditionHoldEnd: net=0, condition=0, published condition=100
I/GTalkService/c(  454): [AndroidEndpoint@1094212928] connect: acct=1000000, state=CONNECTING
D/ConnectivityService(  153): handleInetConditionHoldEnd: net=0, condition=100, published condition=0
W/Smack/Packet(  454): notify conn break (IOEx), close connection
D/ConnectivityService(  153): handleInetConditionHoldEnd: net=0, condition=0, published condition=100
I/GTalkService/c(  454): [AndroidEndpoint@1094212928] connect: acct=1000000, state=CONNECTING
D/dalvikvm(  454): GC_CONCURRENT freed 415K, 7% free 10039K/10695K, paused 15ms+3ms
W/Smack/Packet(  454): notify conn break (IOEx), close connection
D/ConnectivityService(  153): handleInetConditionHoldEnd: net=0, condition=0, published condition=0
I/GTalkService/c(  454): [AndroidEndpoint@1094212928] connect: acct=1000000, state=CONNECTING
D/dalvikvm(  454): GC_CONCURRENT freed 385K, 7% free 10048K/10695K, paused 1ms+2ms
D/ConnectivityService(  153): handleInetConditionHoldEnd: net=0, condition=100, published condition=0
W/Smack/Packet(  454): notify conn break (IOEx), close connection
D/ConnectivityService(  153): handleInetConditionHoldEnd: net=0, condition=0, published condition=100
D/dalvikvm(  153): GC_CONCURRENT freed 953K, 11% free 13499K/15047K, paused 17ms+5ms
I/GTalkService/c(  454): [AndroidEndpoint@1094212928] connect: acct=1000000, state=CONNECTING
D/ConnectivityService(  153): handleInetConditionHoldEnd: net=0, condition=100, published condition=0
W/Smack/Packet(  454): notify conn break (IOEx), close connection
D/ConnectivityService(  153): handleInetConditionHoldEnd: net=0, condition=0, published condition=100
I/power   (  153): *** set_screen_state 1
W/PowerUI (  218): unknown intent: Intent { act=android.intent.action.ACTION_POWER_CONNECTED flg=0x10000010 }
D/PicasaSyncManager(  983): battery info: true
I/WindowManager(  153): Lock screen displayed!
D/SurfaceFlinger(   78): Screen about to return, flinger = 0x2a918
I/power   (  153): *** set_screen_state 0
D/SurfaceFlinger(   78): About to give-up screen, flinger = 0x2a918
D/dalvikvm(  314): GC_CONCURRENT freed 412K, 6% free 9510K/10055K, paused 1ms+13ms
D/dalvikvm(  153): JIT code cache reset in 4 ms (1048476 bytes 1/0)
D/dalvikvm(  153): GC_FOR_ALLOC freed 751K, 10% free 13672K/15047K, paused 55ms
D/dalvikvm(  153): GC_FOR_ALLOC freed 40K, 9% free 13736K/15047K, paused 42ms
I/dalvikvm-heap(  153): Grow heap (frag case) to 13.589MB for 104992-byte allocation
D/dalvikvm(  153): GC_FOR_ALLOC freed <1K, 9% free 13838K/15175K, paused 39ms
D/dalvikvm(  153): GC_FOR_ALLOC freed <1K, 9% free 13840K/15175K, paused 40ms
I/dalvikvm-heap(  153): Grow heap (frag case) to 13.692MB for 104992-byte allocation
D/dalvikvm(  153): GC_FOR_ALLOC freed <1K, 9% free 13941K/15303K, paused 39ms
D/dalvikvm(  153): GC_FOR_ALLOC freed <1K, 9% free 13942K/15303K, paused 38ms
I/dalvikvm-heap(  153): Grow heap (frag case) to 13.791MB for 104992-byte allocation
D/dalvikvm(  153): GC_FOR_ALLOC freed <1K, 9% free 14044K/15431K, paused 37ms
V/TransportControlView(  153): Create TCV com.android.internal.widget.TransportControlView@4177d838
I/GTalkService/c(  454): [AndroidEndpoint@1094212928] connect: acct=1000000, state=CONNECTING
D/dalvikvm(  454): GC_CONCURRENT freed 387K, 6% free 10063K/10695K, paused 2ms+3ms
D/ConnectivityService(  153): handleInetConditionHoldEnd: net=0, condition=100, published condition=0
W/Smack/Packet(  454): notify conn break (IOEx), close connection
D/ConnectivityService(  153): handleInetConditionHoldEnd: net=0, condition=0, published condition=100
I/GTalkService/c(  454): [AndroidEndpoint@1094212928] connect: acct=1000000, state=CONNECTING
D/ConnectivityService(  153): handleInetConditionHoldEnd: net=0, condition=100, published condition=0
W/Smack/Packet(  454): notify conn break (IOEx), close connection
D/ConnectivityService(  153): handleInetConditionHoldEnd: net=0, condition=0, published condition=100
I/GTalkService/c(  454): [AndroidEndpoint@1094212928] connect: acct=1000000, state=CONNECTING
D/dalvikvm(  454): GC_CONCURRENT freed 418K, 7% free 10039K/10695K, paused 2ms+2ms
D/ConnectivityService(  153): handleInetConditionHoldEnd: net=0, condition=100, published condition=0
W/Smack/Packet(  454): notify conn break (IOEx), close connection
D/ConnectivityService(  153): handleInetConditionHoldEnd: net=0, condition=0, published condition=100
I/GTalkService/c(  454): [AndroidEndpoint@1094212928] connect: acct=1000000, state=CONNECTING
D/dalvikvm(  454): GC_CONCURRENT freed 386K, 7% free 10047K/10695K, paused 2ms+3ms
D/ConnectivityService(  153): handleInetConditionHoldEnd: net=0, condition=100, published condition=0
W/Smack/Packet(  454): notify conn break (IOEx), close connection
D/ConnectivityService(  153): handleInetConditionHoldEnd: net=0, condition=0, published condition=100
I/GTalkService/c(  454): [AndroidEndpoint@1094212928] connect: acct=1000000, state=CONNECTING
D/dalvikvm(  153): GC_EXPLICIT freed 1128K, 13% free 13479K/15431K, paused 23ms+6ms
D/ConnectivityService(  153): handleInetConditionHoldEnd: net=0, condition=100, published condition=0
W/Smack/Packet(  454): notify conn break (IOEx), close connection
D/ConnectivityService(  153): handleInetConditionHoldEnd: net=0, condition=0, published condition=100
I/GTalkService/c(  454): [AndroidEndpoint@1094212928] connect: acct=1000000, state=CONNECTING
D/dalvikvm(  454): GC_CONCURRENT freed 383K, 6% free 10060K/10695K, paused 1ms+3ms
W/Smack/Packet(  454): notify conn break (IOEx), close connection
D/ConnectivityService(  153): handleInetConditionHoldEnd: net=0, condition=0, published condition=0
I/GTalkService/c(  454): [AndroidEndpoint@1094212928] connect: acct=1000000, state=CONNECTING
D/ConnectivityService(  153): handleInetConditionHoldEnd: net=0, condition=100, published condition=0
W/Smack/Packet(  454): notify conn break (IOEx), close connection
D/ConnectivityService(  153): handleInetConditionHoldEnd: net=0, condition=0, published condition=100
I/GTalkService/c(  454): [AndroidEndpoint@1094212928] connect: acct=1000000, state=CONNECTING
D/dalvikvm(  454): GC_CONCURRENT freed 415K, 7% free 10038K/10695K, paused 14ms+2ms
D/ConnectivityService(  153): handleInetConditionHoldEnd: net=0, condition=100, published condition=0
W/Smack/Packet(  454): notify conn break (IOEx), close connection
D/ConnectivityService(  153): handleInetConditionHoldEnd: net=0, condition=0, published condition=100
I/GTalkService/c(  454): [AndroidEndpoint@1094212928] connect: acct=1000000, state=CONNECTING
D/dalvikvm(  454): GC_CONCURRENT freed 386K, 7% free 10046K/10695K, paused 2ms+2ms
W/Smack/Packet(  454): notify conn break (IOEx), close connection
D/dalvikvm(  218): GC_CONCURRENT freed 384K, 7% free 10094K/10823K, paused 21ms+2ms
E/GTalkService(  454): connectionClosed: no XMPPConnection - That's strange!
D/ConnectivityService(  153): handleInetConditionHoldEnd: net=0, condition=0, published condition=0
I/ActivityManager(  153): No longer want com.google.android.music:main (pid 942): hidden #16
I/GTalkService/c(  454): [AndroidEndpoint@1094212928] connect: acct=1000000, state=CONNECTING
D/ConnectivityService(  153): handleInetConditionHoldEnd: net=0, condition=100, published condition=0
W/Smack/Packet(  454): notify conn break (IOEx), close connection
D/ConnectivityService(  153): handleInetConditionHoldEnd: net=0, condition=0, published condition=100
I/GTalkService/c(  454): [AndroidEndpoint@1094212928] connect: acct=1000000, state=CONNECTING
D/dalvikvm(  454): GC_CONCURRENT freed 378K, 6% free 10059K/10695K, paused 2ms+2ms
D/dalvikvm(  454): GC_EXPLICIT freed 146K, 7% free 10012K/10695K, paused 9ms+3ms
D/ConnectivityService(  153): handleInetConditionHoldEnd: net=0, condition=100, published condition=0
W/Smack/Packet(  454): notify conn break (IOEx), close connection
D/ConnectivityService(  153): handleInetConditionHoldEnd: net=0, condition=0, published condition=100
I/GTalkService/c(  454): [AndroidEndpoint@1094212928] connect: acct=1000000, state=CONNECTING
D/ConnectivityService(  153): handleInetConditionHoldEnd: net=0, condition=100, published condition=0
W/Smack/Packet(  454): notify conn break (IOEx), close connection
D/ConnectivityService(  153): handleInetConditionHoldEnd: net=0, condition=0, published condition=100
I/GTalkService/c(  454): [AndroidEndpoint@1094212928] connect: acct=1000000, state=CONNECTING
D/dalvikvm(  454): GC_CONCURRENT freed 357K, 7% free 10044K/10695K, paused 14ms+3ms
D/ConnectivityService(  153): handleInetConditionHoldEnd: net=0, condition=100, published condition=0
W/Smack/Packet(  454): notify conn break (IOEx), close connection
D/ConnectivityService(  153): handleInetConditionHoldEnd: net=0, condition=0, published condition=100
I/EventLogService(  454): Aggregate from 1333730024819 (log), 1333730024819 (data)
I/ServiceDumpSys(  454): dumping service [account]
I/GTalkService/c(  454): [AndroidEndpoint@1094212928] connect: acct=1000000, state=CONNECTING
W/Smack/Packet(  454): notify conn break (IOEx), close connection
D/dalvikvm(  454): GC_CONCURRENT freed 397K, 7% free 10035K/10695K, paused 15ms+3ms
D/ConnectivityService(  153): handleInetConditionHoldEnd: net=0, condition=0, published condition=0
I/GTalkService/c(  454): [AndroidEndpoint@1094212928] connect: acct=1000000, state=CONNECTING
W/Smack/Packet(  454): notify conn break (IOEx), close connection
D/ConnectivityService(  153): handleInetConditionHoldEnd: net=0, condition=0, published condition=0
I/GTalkService/c(  454): [AndroidEndpoint@1094212928] connect: acct=1000000, state=CONNECTING
D/dalvikvm(  454): GC_CONCURRENT freed 379K, 7% free 10044K/10695K, paused 14ms+2ms
D/ConnectivityService(  153): handleInetConditionHoldEnd: net=0, condition=100, published condition=0
W/Smack/Packet(  454): notify conn break (IOEx), close connection
D/ConnectivityService(  153): handleInetConditionHoldEnd: net=0, condition=0, published condition=100
D/dalvikvm(  153): GC_CONCURRENT freed 1087K, 14% free 13386K/15431K, paused 16ms+5ms
I/GTalkService/c(  454): [AndroidEndpoint@1094212928] connect: acct=1000000, state=CONNECTING
D/ConnectivityService(  153): handleInetConditionHoldEnd: net=0, condition=100, published condition=0
W/Smack/Packet(  454): notify conn break (IOEx), close connection
D/ConnectivityService(  153): handleInetConditionHoldEnd: net=0, condition=0, published condition=100
I/GTalkService/c(  454): [AndroidEndpoint@1094212928] connect: acct=1000000, state=CONNECTING
D/dalvikvm(  454): GC_CONCURRENT freed 395K, 7% free 10038K/10695K, paused 14ms+2ms
W/Smack/Packet(  454): notify conn break (IOEx), close connection
D/ConnectivityService(  153): handleInetConditionHoldEnd: net=0, condition=0, published condition=0
I/GTalkService/c(  454): [AndroidEndpoint@1094212928] connect: acct=1000000, state=CONNECTING
D/dalvikvm(  454): GC_CONCURRENT freed 384K, 7% free 10046K/10695K, paused 2ms+3ms
D/ConnectivityService(  153): handleInetConditionHoldEnd: net=0, condition=100, published condition=0
W/Smack/Packet(  454): notify conn break (IOEx), close connection
D/ConnectivityService(  153): handleInetConditionHoldEnd: net=0, condition=0, published condition=100
I/GTalkService/c(  454): [AndroidEndpoint@1094212928] connect: acct=1000000, state=CONNECTING
D/dalvikvm(  153): GC_EXPLICIT freed 899K, 14% free 13369K/15431K, paused 5ms+6ms
W/Smack/Packet(  454): notify conn break (IOEx), close connection
D/ConnectivityService(  153): handleInetConditionHoldEnd: net=0, condition=0, published condition=0
I/GTalkService/c(  454): [AndroidEndpoint@1094212928] connect: acct=1000000, state=CONNECTING
D/dalvikvm(  454): GC_CONCURRENT freed 387K, 6% free 10057K/10695K, paused 2ms+2ms
D/ConnectivityService(  153): handleInetConditionHoldEnd: net=0, condition=100, published condition=0
D/AlarmManagerService(  153): Kernel timezone updated to 240 minutes west of GMT
D/SystemClock(  314): Setting time of day to sec=1333733388
V/AlarmClock( 1455): AlarmInitReceiver finished
D/dalvikvm(  218): GC_CONCURRENT freed 383K, 7% free 10100K/10823K, paused 1ms+2ms
D/dalvikvm(  153): GC_CONCURRENT freed 972K, 14% free 13377K/15431K, paused 16ms+5ms
I/EventLogService(  454): Aggregate from 1333731824929 (log), 1333731824929 (data)
I/ServiceDumpSys(  454): dumping service [account]
I/CheckinService(  454): Preparing to send checkin request
I/EventLogService(  454): Accumulating logs since 1333733625048
I/CheckinTask(  454): Sending checkin request (1691 bytes)
D/dalvikvm(  454): GC_CONCURRENT freed 389K, 6% free 10079K/10695K, paused 16ms+3ms
I/CheckinTask(  454): From server: 199 gservices
I/GservicesProvider(  454): main update completed
I/ActivityManager(  153): Start proc com.google.android.partnersetup for broadcast com.google.android.partnersetup/.GservicesChangedReceiver: pid=1649 uid=10022 gids={3003}
I/ActivityThread( 1649): Pub com.google.android.partnersetup.rlzprovider: com.google.android.partnersetup.RlzProvider
I/ActivityThread( 1649): Pub com.google.android.partnersetup.rlzappprovider: com.google.android.partnersetup.RlzAppProvider
D/dalvikvm(  454): GC_CONCURRENT freed 288K, 5% free 10201K/10695K, paused 2ms+8ms
I/SystemUpdateService(  454): cancelUpdate (update URL has changed)
I/ActivityManager(  153): Start proc com.google.android.voicesearch for broadcast com.google.android.voicesearch/.GservicesBroadcastReceiver: pid=1667 uid=10056 gids={3002, 3003, 1015}
I/ActivityManager(  153): START {flg=0x10000000 cmp=com.google.android.gsf/.update.SystemUpdateInstallDialog} from pid 454
I/ActivityManager(  153): START {flg=0x10000000 cmp=com.google.android.gsf/.update.SystemUpdateDownloadDialog} from pid 454
I/ActivityThread( 1667): Pub com.google.android.voicesearch: com.google.android.voicesearch.AudioProvider
I/SystemUpdateService(  454): starting download of http://android.clients.google.com/packages/ota/google_crespo/hR7QFEtn.zip
V/SystemUpdateService(  454): retry (wakeup: true) in 21599999 ms
I/PersonalizationPrefManagerImpl( 1667): No google account found
I/VoiceImeLanguageUpdater( 1667): #internalUpdateLanguages #56
I/CheckinTask(  454): Checkin success: https://android.clients.google.com/checkin (1 requests sent)
D/dalvikvm(  454): GC_CONCURRENT freed 477K, 6% free 10145K/10759K, paused 2ms+3ms
I/SystemUpdate.Download(  454): Started a new update download: http://android.clients.google.com/packages/ota/google_crespo/hR7QFEtn.zip (id 13; allowMobile=false)
V/SystemUpdateService(  454): onPostExecute: false
I/DownloadManager(  266): Initiating request for download 13
W/DownloadManager(  266): Aborting request for download 13: download was requested to not use the current network type
W/ActivityManager(  153): Activity idle timeout for ActivityRecord{417749c0 com.google.android.gsf/.update.SystemUpdateInstallDialog}
I/ActivityManager(  153): No longer want com.android.settings (pid 851): hidden #16
D/dalvikvm(  153): GC_CONCURRENT freed 958K, 13% free 13466K/15431K, paused 2ms+5ms
D/dalvikvm(  314): GC_CONCURRENT freed 415K, 6% free 9512K/10055K, paused 37ms+2ms
W/Smack/Packet(  454): notify conn break (IOEx), close connection
I/qtaguid (  454): Failed write_ctrl(u 68) res=-1 errno=22
I/qtaguid (  454): Untagging socket 68 failed errno=-22
W/NetworkManagementSocketTagger(  454): untagSocket(68) failed with errno -22
D/ConnectivityService(  153): handleInetConditionHoldEnd: net=0, condition=0, published condition=100
I/GTalkService/c(  454): [AndroidEndpoint@1094212928] connect: acct=1000001, state=CONNECTING
D/ConnectivityService(  153): handleInetConditionHoldEnd: net=0, condition=100, published condition=0
W/Smack/Packet(  454): notify conn break (IOEx), close connection
D/ConnectivityService(  153): handleInetConditionHoldEnd: net=0, condition=0, published condition=100
I/GTalkService/c(  454): [AndroidEndpoint@1094212928] connect: acct=1000001, state=CONNECTING
D/dalvikvm(  454): GC_CONCURRENT freed 470K, 7% free 10062K/10759K, paused 14ms+3ms
D/ConnectivityService(  153): handleInetConditionHoldEnd: net=0, condition=100, published condition=0
W/Smack/Packet(  454): notify conn break (IOEx), close connection
