W/Smack/Packet(  454): notify conn break (IOEx), close connection
D/ConnectivityService(  153): handleInetConditionHoldEnd: net=0, condition=0, published condition=100
I/GTalkService/c(  454): [AndroidEndpoint@1094212928] connect: acct=1000001, state=CONNECTING
D/dalvikvm(  454): GC_CONCURRENT freed 385K, 7% free 10066K/10759K, paused 2ms+2ms
D/ConnectivityService(  153): handleInetConditionHoldEnd: net=0, condition=100, published condition=0
W/Smack/Packet(  454): notify conn break (IOEx), close connection
D/ConnectivityService(  153): handleInetConditionHoldEnd: net=0, condition=0, published condition=100
I/GTalkService/c(  454): [AndroidEndpoint@1094212928] connect: acct=1000001, state=CONNECTING
D/dalvikvm(  153): GC_CONCURRENT freed 981K, 14% free 13412K/15431K, paused 2ms+5ms
D/dalvikvm(  153): GC_EXPLICIT freed 112K, 14% free 13306K/15431K, paused 19ms+5ms
D/ConnectivityService(  153): handleInetConditionHoldEnd: net=0, condition=100, published condition=0
W/Smack/Packet(  454): notify conn break (IOEx), close connection
D/ConnectivityService(  153): handleInetConditionHoldEnd: net=0, condition=0, published condition=100
I/GTalkService/c(  454): [AndroidEndpoint@1094212928] connect: acct=1000001, state=CONNECTING
D/dalvikvm(  454): GC_CONCURRENT freed 381K, 7% free 10079K/10759K, paused 1ms+2ms
D/ConnectivityService(  153): handleInetConditionHoldEnd: net=0, condition=100, published condition=0
W/Smack/Packet(  454): notify conn break (IOEx), close connection
D/ConnectivityService(  153): handleInetConditionHoldEnd: net=0, condition=0, published condition=100
I/GTalkService/c(  454): [AndroidEndpoint@1094212928] connect: acct=1000001, state=CONNECTING
D/ConnectivityService(  153): handleInetConditionHoldEnd: net=0, condition=100, published condition=0
W/Smack/Packet(  454): notify conn break (IOEx), close connection
D/ConnectivityService(  153): handleInetConditionHoldEnd: net=0, condition=0, published condition=100
I/GTalkService/c(  454): [AndroidEndpoint@1094212928] connect: acct=1000001, state=CONNECTING
D/dalvikvm(  454): GC_CONCURRENT freed 420K, 7% free 10056K/10759K, paused 14ms+3ms
D/ConnectivityService(  153): handleInetConditionHoldEnd: net=0, condition=100, published condition=0
W/Smack/Packet(  454): notify conn break (IOEx), close connection
D/ConnectivityService(  153): handleInetConditionHoldEnd: net=0, condition=0, published condition=100
I/GTalkService/c(  454): [AndroidEndpoint@1094212928] connect: acct=1000001, state=CONNECTING
D/dalvikvm(  454): GC_CONCURRENT freed 385K, 7% free 10064K/10759K, paused 13ms+3ms
D/ConnectivityService(  153): handleInetConditionHoldEnd: net=0, condition=100, published condition=0
W/Smack/Packet(  454): notify conn break (IOEx), close connection
D/ConnectivityService(  153): handleInetConditionHoldEnd: net=0, condition=0, published condition=100
I/GTalkService/c(  454): [AndroidEndpoint@1094212928] connect: acct=1000001, state=CONNECTING
W/Smack/Packet(  454): notify conn break (IOEx), close connection
D/ConnectivityService(  153): handleInetConditionHoldEnd: net=0, condition=0, published condition=0
I/GTalkService/c(  454): [AndroidEndpoint@1094212928] connect: acct=1000001, state=CONNECTING
D/dalvikvm(  454): GC_CONCURRENT freed 380K, 7% free 10078K/10759K, paused 2ms+3ms
D/ConnectivityService(  153): handleInetConditionHoldEnd: net=0, condition=100, published condition=0
W/Smack/Packet(  454): notify conn break (IOEx), close connection
D/ConnectivityService(  153): handleInetConditionHoldEnd: net=0, condition=0, published condition=100
I/GTalkService/c(  454): [AndroidEndpoint@1094212928] connect: acct=1000001, state=CONNECTING
D/ConnectivityService(  153): handleInetConditionHoldEnd: net=0, condition=100, published condition=0
W/Smack/Packet(  454): notify conn break (IOEx), close connection
D/ConnectivityService(  153): handleInetConditionHoldEnd: net=0, condition=0, published condition=100
I/GTalkService/c(  454): [AndroidEndpoint@1094212928] connect: acct=1000001, state=CONNECTING
D/dalvikvm(  454): GC_CONCURRENT freed 416K, 7% free 10057K/10759K, paused 14ms+3ms
D/ConnectivityService(  153): handleInetConditionHoldEnd: net=0, condition=100, published condition=0
W/Smack/Packet(  454): notify conn break (IOEx), close connection
D/ConnectivityService(  153): handleInetConditionHoldEnd: net=0, condition=0, published condition=100
D/dalvikvm(  218): GC_CONCURRENT freed 388K, 7% free 10093K/10823K, paused 13ms+3ms
I/dalvikvm( 1312): Total arena pages for JIT: 11
I/dalvikvm( 1312): Total arena pages for JIT: 12
I/dalvikvm( 1312): Total arena pages for JIT: 13
I/dalvikvm( 1312): Total arena pages for JIT: 14
I/dalvikvm( 1312): Total arena pages for JIT: 15
I/dalvikvm( 1312): Total arena pages for JIT: 16
I/dalvikvm( 1312): Total arena pages for JIT: 17
I/GTalkService/c(  454): [AndroidEndpoint@1094212928] connect: acct=1000001, state=CONNECTING
D/dalvikvm(  454): GC_CONCURRENT freed 385K, 7% free 10057K/10759K, paused 2ms+3ms
D/ConnectivityService(  153): handleInetConditionHoldEnd: net=0, condition=100, published condition=0
W/Smack/Packet(  454): notify conn break (IOEx), close connection
D/ConnectivityService(  153): handleInetConditionHoldEnd: net=0, condition=0, published condition=100
D/dalvikvm(  153): GC_CONCURRENT freed 859K, 14% free 13393K/15431K, paused 2ms+5ms
I/GTalkService/c(  454): [AndroidEndpoint@1094212928] connect: acct=1000001, state=CONNECTING
D/ConnectivityService(  153): handleInetConditionHoldEnd: net=0, condition=100, published condition=0
W/Smack/Packet(  454): notify conn break (IOEx), close connection
D/ConnectivityService(  153): handleInetConditionHoldEnd: net=0, condition=0, published condition=100
I/EventLogService(  454): Aggregate from 1333744425851 (log), 1333744425851 (data)
I/ServiceDumpSys(  454): dumping service [account]
I/GTalkService/c(  454): [AndroidEndpoint@1094212928] connect: acct=1000001, state=CONNECTING
D/dalvikvm(  454): GC_CONCURRENT freed 394K, 7% free 10061K/10759K, paused 14ms+3ms
D/ConnectivityService(  153): handleInetConditionHoldEnd: net=0, condition=100, published condition=0
W/Smack/Packet(  454): notify conn break (IOEx), close connection
D/ConnectivityService(  153): handleInetConditionHoldEnd: net=0, condition=0, published condition=100
D/dalvikvm( 1281): GC_CONCURRENT freed 309K, 5% free 10133K/10567K, paused 2ms+2ms
I/GTalkService/c(  454): [AndroidEndpoint@1094212928] connect: acct=1000001, state=CONNECTING
D/dalvikvm(  454): GC_CONCURRENT freed 390K, 7% free 10057K/10759K, paused 2ms+2ms
W/Smack/Packet(  454): notify conn break (IOEx), close connection
D/ConnectivityService(  153): handleInetConditionHoldEnd: net=0, condition=0, published condition=0
D/dalvikvm(  153): GC_CONCURRENT freed 993K, 14% free 13382K/15431K, paused 17ms+5ms
I/GTalkService/c(  454): [AndroidEndpoint@1094212928] connect: acct=1000001, state=CONNECTING
D/ConnectivityService(  153): handleInetConditionHoldEnd: net=0, condition=100, published condition=0
W/Smack/Packet(  454): notify conn break (IOEx), close connection
D/ConnectivityService(  153): handleInetConditionHoldEnd: net=0, condition=0, published condition=100
I/GTalkService/c(  454): [AndroidEndpoint@1094212928] connect: acct=1000001, state=CONNECTING
D/dalvikvm(  454): GC_CONCURRENT freed 388K, 7% free 10075K/10759K, paused 2ms+3ms
D/dalvikvm(  153): GC_EXPLICIT freed 250K, 14% free 13316K/15431K, paused 27ms+5ms
D/ConnectivityService(  153): handleInetConditionHoldEnd: net=0, condition=100, published condition=0
W/Smack/Packet(  454): notify conn break (IOEx), close connection
D/ConnectivityService(  153): handleInetConditionHoldEnd: net=0, condition=0, published condition=100
I/GTalkService/c(  454): [AndroidEndpoint@1094212928] connect: acct=1000001, state=CONNECTING
D/ConnectivityService(  153): handleInetConditionHoldEnd: net=0, condition=100, published condition=0
W/Smack/Packet(  454): notify conn break (IOEx), close connection
D/ConnectivityService(  153): handleInetConditionHoldEnd: net=0, condition=0, published condition=100
I/GTalkService/c(  454): [AndroidEndpoint@1094212928] connect: acct=1000001, state=CONNECTING
D/dalvikvm(  454): GC_CONCURRENT freed 413K, 7% free 10056K/10759K, paused 14ms+3ms
D/ConnectivityService(  153): handleInetConditionHoldEnd: net=0, condition=100, published condition=0
W/Smack/Packet(  454): notify conn break (IOEx), close connection
D/ConnectivityService(  153): handleInetConditionHoldEnd: net=0, condition=0, published condition=100
I/GTalkService/c(  454): [AndroidEndpoint@1094212928] connect: acct=1000001, state=CONNECTING
D/dalvikvm(  454): GC_CONCURRENT freed 386K, 7% free 10063K/10759K, paused 14ms+2ms
D/ConnectivityService(  153): handleInetConditionHoldEnd: net=0, condition=100, published condition=0
W/Smack/Packet(  454): notify conn break (IOEx), close connection
D/ConnectivityService(  153): handleInetConditionHoldEnd: net=0, condition=0, published condition=100
I/GTalkService/c(  454): [AndroidEndpoint@1094212928] connect: acct=1000001, state=CONNECTING
W/Smack/Packet(  454): notify conn break (IOEx), close connection
W/GTalkService(  454): connectionEstablished for 1000001 - caught java.lang.IllegalStateException: Not connected to server.
W/GTalkService(  454): [AndroidEndpoint@1094212928] doConnect: reset connection state to PENDING
D/ConnectivityService(  153): handleInetConditionHoldEnd: net=0, condition=0, published condition=0
I/GTalkService/c(  454): [AndroidEndpoint@1094212928] connect: acct=1000001, state=CONNECTING
D/dalvikvm(  454): GC_CONCURRENT freed 377K, 7% free 10078K/10759K, paused 2ms+3ms
D/ConnectivityService(  153): handleInetConditionHoldEnd: net=0, condition=100, published condition=0
W/Smack/Packet(  454): notify conn break (IOEx), close connection
D/ConnectivityService(  153): handleInetConditionHoldEnd: net=0, condition=0, published condition=100
I/GTalkService/c(  454): [AndroidEndpoint@1094212928] connect: acct=1000001, state=CONNECTING
D/ConnectivityService(  153): handleInetConditionHoldEnd: net=0, condition=100, published condition=0
W/Smack/Packet(  454): notify conn break (IOEx), close connection
D/ConnectivityService(  153): handleInetConditionHoldEnd: net=0, condition=0, published condition=100
I/GTalkService/c(  454): [AndroidEndpoint@1094212928] connect: acct=1000001, state=CONNECTING
D/dalvikvm(  454): GC_CONCURRENT freed 415K, 7% free 10057K/10759K, paused 14ms+3ms
D/ConnectivityService(  153): handleInetConditionHoldEnd: net=0, condition=100, published condition=0
W/Smack/Packet(  454): notify conn break (IOEx), close connection
D/ConnectivityService(  153): handleInetConditionHoldEnd: net=0, condition=0, published condition=100
I/GTalkService/c(  454): [AndroidEndpoint@1094212928] connect: acct=1000001, state=CONNECTING
D/dalvikvm(  454): GC_CONCURRENT freed 384K, 7% free 10065K/10759K, paused 2ms+3ms
D/ConnectivityService(  153): handleInetConditionHoldEnd: net=0, condition=100, published condition=0
W/Smack/Packet(  454): notify conn break (IOEx), close connection
D/ConnectivityService(  153): handleInetConditionHoldEnd: net=0, condition=0, published condition=100
I/GTalkService/c(  454): [AndroidEndpoint@1094212928] connect: acct=1000001, state=CONNECTING
D/ConnectivityService(  153): handleInetConditionHoldEnd: net=0, condition=100, published condition=0
W/Smack/Packet(  454): notify conn break (IOEx), close connection
D/ConnectivityService(  153): handleInetConditionHoldEnd: net=0, condition=0, published condition=100
I/GTalkService/c(  454): [AndroidEndpoint@1094212928] connect: acct=1000001, state=CONNECTING
D/dalvikvm(  454): GC_CONCURRENT freed 383K, 7% free 10078K/10759K, paused 1ms+3ms
D/ConnectivityService(  153): handleInetConditionHoldEnd: net=0, condition=100, published condition=0
W/Smack/Packet(  454): notify conn break (IOEx), close connection
D/ConnectivityService(  153): handleInetConditionHoldEnd: net=0, condition=0, published condition=100
I/GTalkService/c(  454): [AndroidEndpoint@1094212928] connect: acct=1000001, state=CONNECTING
D/ConnectivityService(  153): handleInetConditionHoldEnd: net=0, condition=100, published condition=0
W/Smack/Packet(  454): notify conn break (IOEx), close connection
D/ConnectivityService(  153): handleInetConditionHoldEnd: net=0, condition=0, published condition=100
I/GTalkService/c(  454): [AndroidEndpoint@1094212928] connect: acct=1000001, state=CONNECTING
D/dalvikvm(  454): GC_CONCURRENT freed 413K, 7% free 10058K/10759K, paused 14ms+3ms
D/ConnectivityService(  153): handleInetConditionHoldEnd: net=0, condition=100, published condition=0
W/Smack/Packet(  454): notify conn break (IOEx), close connection
D/ConnectivityService(  153): handleInetConditionHoldEnd: net=0, condition=0, published condition=100
I/GTalkService/c(  454): [AndroidEndpoint@1094212928] connect: acct=1000001, state=CONNECTING
D/dalvikvm(  454): GC_CONCURRENT freed 385K, 7% free 10066K/10759K, paused 2ms+2ms
D/ConnectivityService(  153): handleInetConditionHoldEnd: net=0, condition=100, published condition=0
W/Smack/Packet(  454): notify conn break (IOEx), close connection
D/ConnectivityService(  153): handleInetConditionHoldEnd: net=0, condition=0, published condition=100
I/GTalkService/c(  454): [AndroidEndpoint@1094212928] connect: acct=1000001, state=CONNECTING
D/ConnectivityService(  153): handleInetConditionHoldEnd: net=0, condition=100, published condition=0
D/dalvikvm(  218): GC_CONCURRENT freed 376K, 7% free 10100K/10823K, paused 12ms+2ms
W/Smack/Packet(  454): notify conn break (IOEx), close connection
D/ConnectivityService(  153): handleInetConditionHoldEnd: net=0, condition=0, published condition=100
I/GTalkService/c(  454): [AndroidEndpoint@1094212928] connect: acct=1000001, state=CONNECTING
D/dalvikvm(  454): GC_CONCURRENT freed 382K, 7% free 10079K/10759K, paused 2ms+3ms
D/ConnectivityService(  153): handleInetConditionHoldEnd: net=0, condition=100, published condition=0
W/Smack/Packet(  454): notify conn break (IOEx), close connection
D/ConnectivityService(  153): handleInetConditionHoldEnd: net=0, condition=0, published condition=100
I/GTalkService/c(  454): [AndroidEndpoint@1094212928] connect: acct=1000001, state=CONNECTING
D/ConnectivityService(  153): handleInetConditionHoldEnd: net=0, condition=100, published condition=0
W/Smack/Packet(  454): notify conn break (IOEx), close connection
D/ConnectivityService(  153): handleInetConditionHoldEnd: net=0, condition=0, published condition=100
I/GTalkService/c(  454): [AndroidEndpoint@1094212928] connect: acct=1000001, state=CONNECTING
D/dalvikvm(  153): GC_CONCURRENT freed 872K, 14% free 13400K/15431K, paused 2ms+5ms
D/dalvikvm(  454): GC_CONCURRENT freed 415K, 7% free 10059K/10759K, paused 14ms+3ms
D/dalvikvm(  153): GC_EXPLICIT freed 107K, 14% free 13298K/15431K, paused 19ms+4ms
D/ConnectivityService(  153): handleInetConditionHoldEnd: net=0, condition=100, published condition=0
W/Smack/Packet(  454): notify conn break (IOEx), close connection
D/ConnectivityService(  153): handleInetConditionHoldEnd: net=0, condition=0, published condition=100
D/AlarmManagerService(  153): Kernel timezone updated to 240 minutes west of GMT
V/AlarmClock( 1455): AlarmInitReceiver finished
D/SystemClock(  314): Setting time of day to sec=1333747840
I/GTalkService/c(  454): [AndroidEndpoint@1094212928] connect: acct=1000001, state=CONNECTING
D/dalvikvm(  454): GC_CONCURRENT freed 399K, 7% free 10057K/10759K, paused 1ms+3ms
D/ConnectivityService(  153): handleInetConditionHoldEnd: net=0, condition=100, published condition=0
W/Smack/Packet(  454): notify conn break (IOEx), close connection
D/ConnectivityService(  153): handleInetConditionHoldEnd: net=0, condition=0, published condition=100
I/EventLogService(  454): Aggregate from 1333746225968 (log), 1333746225968 (data)
I/ServiceDumpSys(  454): dumping service [account]
I/GTalkService/c(  454): [AndroidEndpoint@1094212928] connect: acct=1000001, state=CONNECTING
D/ConnectivityService(  153): handleInetConditionHoldEnd: net=0, condition=100, published condition=0
W/Smack/Packet(  454): notify conn break (IOEx), close connection
D/ConnectivityService(  153): handleInetConditionHoldEnd: net=0, condition=0, published condition=100
I/GTalkService/c(  454): [AndroidEndpoint@1094212928] connect: acct=1000001, state=CONNECTING
D/dalvikvm(  454): GC_CONCURRENT freed 398K, 7% free 10061K/10759K, paused 14ms+3ms
D/dalvikvm(  153): GC_CONCURRENT freed 859K, 14% free 13386K/15431K, paused 17ms+5ms
D/ConnectivityService(  153): handleInetConditionHoldEnd: net=0, condition=100, published condition=0
W/Smack/Packet(  454): notify conn break (IOEx), close connection
D/ConnectivityService(  153): handleInetConditionHoldEnd: net=0, condition=0, published condition=100
I/GTalkService/c(  454): [AndroidEndpoint@1094212928] connect: acct=1000001, state=CONNECTING
D/dalvikvm(  454): GC_CONCURRENT freed 389K, 7% free 10065K/10759K, paused 1ms+2ms
D/ConnectivityService(  153): handleInetConditionHoldEnd: net=0, condition=100, published condition=0
D/dalvikvm( 1312): GC_CONCURRENT freed 386K, 7% free 10000K/10695K, paused 1ms+2ms
D/dalvikvm(  454): GC_EXPLICIT freed 65K, 7% free 10033K/10759K, paused 2ms+2ms
I/CheckinService(  454): Preparing to send checkin request
I/EventLogService(  454): Accumulating logs since 1333748026090
I/CheckinTask(  454): Sending checkin request (1645 bytes)
W/Smack/Packet(  454): notify conn break (IOEx), close connection
D/ConnectivityService(  153): handleInetConditionHoldEnd: net=0, condition=0, published condition=100
D/dalvikvm(  454): GC_CONCURRENT freed 344K, 7% free 10081K/10759K, paused 2ms+3ms
I/CheckinTask(  454): Checkin success: https://android.clients.google.com/checkin (1 requests sent)
D/dalvikvm(  314): GC_CONCURRENT freed 417K, 6% free 9499K/10055K, paused 14ms+2ms
I/GTalkService/c(  454): [AndroidEndpoint@1094212928] connect: acct=1000001, state=CONNECTING
D/ConnectivityService(  153): handleInetConditionHoldEnd: net=0, condition=100, published condition=0
W/Smack/Packet(  454): notify conn break (IOEx), close connection
D/ConnectivityService(  153): handleInetConditionHoldEnd: net=0, condition=0, published condition=100
I/GTalkService/c(  454): [AndroidEndpoint@1094212928] connect: acct=1000001, state=CONNECTING
D/dalvikvm(  454): GC_CONCURRENT freed 404K, 7% free 10075K/10759K, paused 2ms+4ms
D/ConnectivityService(  153): handleInetConditionHoldEnd: net=0, condition=100, published condition=0
W/Smack/Packet(  454): notify conn break (IOEx), close connection
D/ConnectivityService(  153): handleInetConditionHoldEnd: net=0, condition=0, published condition=100
I/GTalkService/c(  454): [AndroidEndpoint@1094212928] connect: acct=1000001, state=CONNECTING
W/Smack/Packet(  454): notify conn break (IOEx), close connection
D/ConnectivityService(  153): handleInetConditionHoldEnd: net=0, condition=0, published condition=0
I/GTalkService/c(  454): [AndroidEndpoint@1094212928] connect: acct=1000001, state=CONNECTING
D/dalvikvm(  454): GC_CONCURRENT freed 422K, 7% free 10038K/10759K, paused 2ms+3ms
W/Smack/Packet(  454): notify conn break (IOEx), close connection
I/qtaguid (  454): Failed write_ctrl(u 68) res=-1 errno=22
I/qtaguid (  454): Untagging socket 68 failed errno=-22
W/NetworkManagementSocketTagger(  454): untagSocket(68) failed with errno -22
E/GTalkService(  454): connectionClosed: no XMPPConnection - That's strange!
D/ConnectivityService(  153): handleInetConditionHoldEnd: net=0, condition=0, published condition=0
I/GTalkService/c(  454): [AndroidEndpoint@1094212928] connect: acct=1000001, state=CONNECTING
D/dalvikvm(  454): GC_CONCURRENT freed 376K, 7% free 10055K/10759K, paused 1ms+3ms
D/ConnectivityService(  153): handleInetConditionHoldEnd: net=0, condition=100, published condition=0
W/Smack/Packet(  454): notify conn break (IOEx), close connection
D/ConnectivityService(  153): handleInetConditionHoldEnd: net=0, condition=0, published condition=100
I/GTalkService/c(  454): [AndroidEndpoint@1094212928] connect: acct=1000001, state=CONNECTING
D/ConnectivityService(  153): handleInetConditionHoldEnd: net=0, condition=100, published condition=0
W/Smack/Packet(  454): notify conn break (IOEx), close connection
D/ConnectivityService(  153): handleInetConditionHoldEnd: net=0, condition=0, published condition=100
I/GTalkService/c(  454): [AndroidEndpoint@1094212928] connect: acct=1000001, state=CONNECTING
D/dalvikvm(  454): GC_CONCURRENT freed 383K, 7% free 10080K/10759K, paused 1ms+3ms
D/ConnectivityService(  153): handleInetConditionHoldEnd: net=0, condition=100, published condition=0
W/Smack/Packet(  454): notify conn break (IOEx), close connection
D/ConnectivityService(  153): handleInetConditionHoldEnd: net=0, condition=0, published condition=100
I/GTalkService/c(  454): [AndroidEndpoint@1094212928] connect: acct=1000001, state=CONNECTING
D/ConnectivityService(  153): handleInetConditionHoldEnd: net=0, condition=100, published condition=0
W/Smack/Packet(  454): notify conn break (IOEx), close connection
D/ConnectivityService(  153): handleInetConditionHoldEnd: net=0, condition=0, published condition=100
I/GTalkService/c(  454): [AndroidEndpoint@1094212928] connect: acct=1000001, state=CONNECTING
D/dalvikvm(  153): GC_EXPLICIT freed 581K, 14% free 13369K/15431K, paused 14ms+5ms
D/dalvikvm(  454): GC_CONCURRENT freed 416K, 7% free 10058K/10759K, paused 14ms+3ms
D/ConnectivityService(  153): handleInetConditionHoldEnd: net=0, condition=100, published condition=0
W/Smack/Packet(  454): notify conn break (IOEx), close connection
D/ConnectivityService(  153): handleInetConditionHoldEnd: net=0, condition=0, published condition=100
I/GTalkService/c(  454): [AndroidEndpoint@1094212928] connect: acct=1000001, state=CONNECTING
D/dalvikvm(  454): GC_CONCURRENT freed 388K, 7% free 10064K/10759K, paused 1ms+2ms
W/Smack/Packet(  454): notify conn break (IOEx), close connection
D/ConnectivityService(  153): handleInetConditionHoldEnd: net=0, condition=0, published condition=0
I/GTalkService/c(  454): [AndroidEndpoint@1094212928] connect: acct=1000001, state=CONNECTING
D/ConnectivityService(  153): handleInetConditionHoldEnd: net=0, condition=100, published condition=0
W/Smack/Packet(  454): notify conn break (IOEx), close connection
D/ConnectivityService(  153): handleInetConditionHoldEnd: net=0, condition=0, published condition=100
I/GTalkService/c(  454): [AndroidEndpoint@1094212928] connect: acct=1000001, state=CONNECTING
D/dalvikvm(  454): GC_CONCURRENT freed 384K, 7% free 10077K/10759K, paused 2ms+3ms
D/ConnectivityService(  153): handleInetConditionHoldEnd: net=0, condition=100, published condition=0
W/Smack/Packet(  454): notify conn break (IOEx), close connection
D/ConnectivityService(  153): handleInetConditionHoldEnd: net=0, condition=0, published condition=100
D/dalvikvm(  218): GC_CONCURRENT freed 379K, 7% free 10104K/10823K, paused 2ms+2ms
I/GTalkService/c(  454): [AndroidEndpoint@1094212928] connect: acct=1000001, state=CONNECTING
D/ConnectivityService(  153): handleInetConditionHoldEnd: net=0, condition=100, published condition=0
W/Smack/Packet(  454): notify conn break (IOEx), close connection
D/ConnectivityService(  153): handleInetConditionHoldEnd: net=0, condition=0, published condition=100
I/EventLogService(  454): Aggregate from 1333748572819 (log), 1333748026090 (data)
D/dalvikvm(  153): GC_CONCURRENT freed 953K, 14% free 13387K/15431K, paused 17ms+5ms
I/ServiceDumpSys(  454): dumping service [account]
D/dalvikvm(  454): GC_CONCURRENT freed 433K, 7% free 10040K/10759K, paused 2ms+3ms
I/GTalkService/c(  454): [AndroidEndpoint@1094212928] connect: acct=1000001, state=CONNECTING
D/ConnectivityService(  153): handleInetConditionHoldEnd: net=0, condition=100, published condition=0
W/Smack/Packet(  454): notify conn break (IOEx), close connection
D/ConnectivityService(  153): handleInetConditionHoldEnd: net=0, condition=0, published condition=100
I/GTalkService/c(  454): [AndroidEndpoint@1094212928] connect: acct=1000001, state=CONNECTING
D/dalvikvm(  454): GC_CONCURRENT freed 378K, 7% free 10046K/10759K, paused 1ms+3ms
D/ConnectivityService(  153): handleInetConditionHoldEnd: net=0, condition=100, published condition=0
W/Smack/Packet(  454): notify conn break (IOEx), close connection
D/ConnectivityService(  153): handleInetConditionHoldEnd: net=0, condition=0, published condition=100
I/GTalkService/c(  454): [AndroidEndpoint@1094212928] connect: acct=1000001, state=CONNECTING
D/ConnectivityService(  153): handleInetConditionHoldEnd: net=0, condition=100, published condition=0
W/Smack/Packet(  454): notify conn break (IOEx), close connection
D/ConnectivityService(  153): handleInetConditionHoldEnd: net=0, condition=0, published condition=100
I/GTalkService/c(  454): [AndroidEndpoint@1094212928] connect: acct=1000001, state=CONNECTING
D/dalvikvm(  454): GC_CONCURRENT freed 383K, 7% free 10057K/10759K, paused 14ms+2ms
D/ConnectivityService(  153): handleInetConditionHoldEnd: net=0, condition=100, published condition=0
W/Smack/Packet(  454): notify conn break (IOEx), close connection
D/ConnectivityService(  153): handleInetConditionHoldEnd: net=0, condition=0, published condition=100
I/GTalkService/c(  454): [AndroidEndpoint@1094212928] connect: acct=1000001, state=CONNECTING
D/dalvikvm(  454): GC_CONCURRENT freed 385K, 7% free 10065K/10759K, paused 2ms+3ms
D/ConnectivityService(  153): handleInetConditionHoldEnd: net=0, condition=100, published condition=0
W/Smack/Packet(  454): notify conn break (IOEx), close connection
D/ConnectivityService(  153): handleInetConditionHoldEnd: net=0, condition=0, published condition=100
I/GTalkService/c(  454): [AndroidEndpoint@1094212928] connect: acct=1000001, state=CONNECTING
D/ConnectivityService(  153): handleInetConditionHoldEnd: net=0, condition=100, published condition=0
W/Smack/Packet(  454): notify conn break (IOEx), close connection
D/ConnectivityService(  153): handleInetConditionHoldEnd: net=0, condition=0, published condition=100
I/GTalkService/c(  454): [AndroidEndpoint@1094212928] connect: acct=1000001, state=CONNECTING
D/dalvikvm(  454): GC_CONCURRENT freed 382K, 7% free 10078K/10759K, paused 2ms+3ms
D/ConnectivityService(  153): handleInetConditionHoldEnd: net=0, condition=100, published condition=0
W/Smack/Packet(  454): notify conn break (IOEx), close connection
D/ConnectivityService(  153): handleInetConditionHoldEnd: net=0, condition=0, published condition=100
I/GTalkService/c(  454): [AndroidEndpoint@1094212928] connect: acct=1000001, state=CONNECTING
D/ConnectivityService(  153): handleInetConditionHoldEnd: net=0, condition=100, published condition=0
W/Smack/Packet(  454): notify conn break (IOEx), close connection
D/ConnectivityService(  153): handleInetConditionHoldEnd: net=0, condition=0, published condition=100
I/GTalkService/c(  454): [AndroidEndpoint@1094212928] connect: acct=1000001, state=CONNECTING
D/dalvikvm(  454): GC_CONCURRENT freed 416K, 7% free 10059K/10759K, paused 15ms+3ms
D/ConnectivityService(  153): handleInetConditionHoldEnd: net=0, condition=100, published condition=0
W/Smack/Packet(  454): notify conn break (IOEx), close connection
D/ConnectivityService(  153): handleInetConditionHoldEnd: net=0, condition=0, published condition=100
I/GTalkService/c(  454): [AndroidEndpoint@1094212928] connect: acct=1000001, state=CONNECTING
D/dalvikvm(  454): GC_CONCURRENT freed 385K, 7% free 10067K/10759K, paused 2ms+3ms
D/ConnectivityService(  153): handleInetConditionHoldEnd: net=0, condition=100, published condition=0
W/Smack/Packet(  454): notify conn break (IOEx), close connection
D/ConnectivityService(  153): handleInetConditionHoldEnd: net=0, condition=0, published condition=100
I/GTalkService/c(  454): [AndroidEndpoint@1094212928] connect: acct=1000001, state=CONNECTING
D/dalvikvm(  153): GC_EXPLICIT freed 685K, 14% free 13372K/15431K, paused 10ms+5ms
D/ConnectivityService(  153): handleInetConditionHoldEnd: net=0, condition=100, published condition=0
W/Smack/Packet(  454): notify conn break (IOEx), close connection
D/ConnectivityService(  153): handleInetConditionHoldEnd: net=0, condition=0, published condition=100
I/GTalkService/c(  454): [AndroidEndpoint@1094212928] connect: acct=1000001, state=CONNECTING
D/dalvikvm(  454): GC_CONCURRENT freed 381K, 7% free 10080K/10759K, paused 2ms+3ms
D/ConnectivityService(  153): handleInetConditionHoldEnd: net=0, condition=100, published condition=0
W/Smack/Packet(  454): notify conn break (IOEx), close connection
D/ConnectivityService(  153): handleInetConditionHoldEnd: net=0, condition=0, published condition=100
I/GTalkService/c(  454): [AndroidEndpoint@1094212928] connect: acct=1000001, state=CONNECTING
D/ConnectivityService(  153): handleInetConditionHoldEnd: net=0, condition=100, published condition=0
W/Smack/Packet(  454): notify conn break (IOEx), close connection
D/ConnectivityService(  153): handleInetConditionHoldEnd: net=0, condition=0, published condition=100
I/GTalkService/c(  454): [AndroidEndpoint@1094212928] connect: acct=1000001, state=CONNECTING
D/dalvikvm(  454): GC_CONCURRENT freed 417K, 7% free 10057K/10759K, paused 14ms+2ms
D/ConnectivityService(  153): handleInetConditionHoldEnd: net=0, condition=100, published condition=0
W/Smack/Packet(  454): notify conn break (IOEx), close connection
D/ConnectivityService(  153): handleInetConditionHoldEnd: net=0, condition=0, published condition=100
I/GTalkService/c(  454): [AndroidEndpoint@1094212928] connect: acct=1000001, state=CONNECTING
D/dalvikvm(  454): GC_CONCURRENT freed 385K, 7% free 10065K/10759K, paused 2ms+3ms
D/ConnectivityService(  153): handleInetConditionHoldEnd: net=0, condition=100, published condition=0
W/Smack/Packet(  454): notify conn break (IOEx), close connection
D/ConnectivityService(  153): handleInetConditionHoldEnd: net=0, condition=0, published condition=100
I/GTalkService/c(  454): [AndroidEndpoint@1094212928] connect: acct=1000001, state=CONNECTING
D/ConnectivityService(  153): handleInetConditionHoldEnd: net=0, condition=100, published condition=0
W/Smack/Packet(  454): notify conn break (IOEx), close connection
D/ConnectivityService(  153): handleInetConditionHoldEnd: net=0, condition=0, published condition=100
I/GTalkService/c(  454): [AndroidEndpoint@1094212928] connect: acct=1000001, state=CONNECTING
D/dalvikvm(  454): GC_CONCURRENT freed 382K, 7% free 10078K/10759K, paused 1ms+3ms
W/Smack/Packet(  454): notify conn break (IOEx), close connection
D/ConnectivityService(  153): handleInetConditionHoldEnd: net=0, condition=0, published condition=0
I/GTalkService/c(  454): [AndroidEndpoint@1094212928] connect: acct=1000001, state=CONNECTING
D/ConnectivityService(  153): handleInetConditionHoldEnd: net=0, condition=100, published condition=0
W/Smack/Packet(  454): notify conn break (IOEx), close connection
D/ConnectivityService(  153): handleInetConditionHoldEnd: net=0, condition=0, published condition=100
I/GTalkService/c(  454): [AndroidEndpoint@1094212928] connect: acct=1000001, state=CONNECTING
D/dalvikvm(  454): GC_CONCURRENT freed 413K, 7% free 10054K/10759K, paused 14ms+3ms
D/ConnectivityService(  153): handleInetConditionHoldEnd: net=0, condition=100, published condition=0
W/Smack/Packet(  454): notify conn break (IOEx), close connection
D/ConnectivityService(  153): handleInetConditionHoldEnd: net=0, condition=0, published condition=100
I/GTalkService/c(  454): [AndroidEndpoint@1094212928] connect: acct=1000001, state=CONNECTING
D/dalvikvm(  454): GC_CONCURRENT freed 386K, 7% free 10057K/10759K, paused 2ms+4ms
D/ConnectivityService(  153): handleInetConditionHoldEnd: net=0, condition=100, published condition=0
W/Smack/Packet(  454): notify conn break (IOEx), close connection
D/ConnectivityService(  153): handleInetConditionHoldEnd: net=0, condition=0, published condition=100
I/GTalkService/c(  454): [AndroidEndpoint@1094212928] connect: acct=1000001, state=CONNECTING
D/ConnectivityService(  153): handleInetConditionHoldEnd: net=0, condition=100, published condition=0
W/Smack/Packet(  454): notify conn break (IOEx), close connection
D/ConnectivityService(  153): handleInetConditionHoldEnd: net=0, condition=0, published condition=100
D/dalvikvm(  153): GC_CONCURRENT freed 974K, 14% free 13408K/15431K, paused 2ms+5ms
I/GTalkService/c(  454): [AndroidEndpoint@1094212928] connect: acct=1000001, state=CONNECTING
D/dalvikvm(  454): GC_CONCURRENT freed 383K, 7% free 10081K/10759K, paused 1ms+3ms
D/ConnectivityService(  153): handleInetConditionHoldEnd: net=0, condition=100, published condition=0
W/Smack/Packet(  454): notify conn break (IOEx), close connection
D/ConnectivityService(  153): handleInetConditionHoldEnd: net=0, condition=0, published condition=100
D/dalvikvm(  218): GC_CONCURRENT freed 389K, 7% free 10099K/10823K, paused 1ms+2ms
D/AlarmManagerService(  153): Kernel timezone updated to 240 minutes west of GMT
D/SystemClock(  314): Setting time of day to sec=1333751463
V/AlarmClock( 1455): AlarmInitReceiver finished
I/GTalkService/c(  454): [AndroidEndpoint@1094212928] connect: acct=1000001, state=CONNECTING
D/ConnectivityService(  153): handleInetConditionHoldEnd: net=0, condition=100, published condition=0
W/Smack/Packet(  454): notify conn break (IOEx), close connection
D/ConnectivityService(  153): handleInetConditionHoldEnd: net=0, condition=0, published condition=100
I/EventLogService(  454): Aggregate from 1333749826261 (log), 1333749826261 (data)
I/ServiceDumpSys(  454): dumping service [account]
D/dalvikvm(  454): GC_CONCURRENT freed 450K, 7% free 10042K/10759K, paused 2ms+3ms
I/GTalkService/c(  454): [AndroidEndpoint@1094212928] connect: acct=1000001, state=CONNECTING
D/ConnectivityService(  153): handleInetConditionHoldEnd: net=0, condition=100, published condition=0
W/Smack/Packet(  454): notify conn break (IOEx), close connection
D/ConnectivityService(  153): handleInetConditionHoldEnd: net=0, condition=0, published condition=100
D/dalvikvm(  153): GC_EXPLICIT freed 885K, 14% free 13382K/15431K, paused 3ms+5ms
I/GTalkService/c(  454): [AndroidEndpoint@1094212928] connect: acct=1000001, state=CONNECTING
I/dalvikvm( 1312): Total arena pages for JIT: 18
D/dalvikvm(  454): GC_CONCURRENT freed 391K, 7% free 10049K/10759K, paused 4ms+6ms
D/ConnectivityService(  153): handleInetConditionHoldEnd: net=0, condition=100, published condition=0
W/Smack/Packet(  454): notify conn break (IOEx), close connection
D/ConnectivityService(  153): handleInetConditionHoldEnd: net=0, condition=0, published condition=100
I/power   (  153): *** set_screen_state 1
I/WindowManager(  153): Lock screen displayed!
D/SurfaceFlinger(   78): Screen about to return, flinger = 0x2a918
D/PhoneStatusBar(  218): disable: < expand icons alerts ticker system_info back* home* RECENT clock* >
D/PhoneStatusBar(  218): disable: < expand icons alerts ticker system_info BACK* HOME* RECENT CLOCK* >
D/PhoneStatusBar(  218): disable: < expand icons alerts ticker system_info BACK HOME recent* CLOCK >
D/AudioHardware(   81): AudioHardware pcm playback is exiting standby.
D/AudioHardware(   81): openPcmOut_l() mPcmOpenCnt: 0
D/PhoneStatusBar(  218): disable: < expand icons alerts ticker system_info back* home* recent clock* >
D/NfcService(  329): NFC-C ON
W/InputManagerService(  153): Window already focused, ignoring focus gain of: com.android.internal.view.IInputMethodClient$Stub$Proxy@415a49c0
I/ActivityManager(  153): START {cmp=net.szym.barnacle/.StatusActivity bnds=[0,119][480,215]} from pid -1
W/ActivityManager(  153): startActivity called from non-Activity context; forcing Intent.FLAG_ACTIVITY_NEW_TASK for: Intent { cmp=net.szym.barnacle/.StatusActivity bnds=[0,119][480,215] }
W/KeyguardViewMediator(  153): verifyUnlock called when not externally disabled
D/OpenGLRenderer(  341): Flushing caches (mode 1)
V/PhoneStatusBar(  218): setLightsOn(true)
I/ActivityManager(  153): Displayed net.szym.barnacle/.StatusActivity: +359ms (total +5h5m53s227ms)
D/OpenGLRenderer(  341): Flushing caches (mode 0)
W/Netd    (   75): No subsystem found in netlink event
D/NetlinkEvent(   75): Unexpected netlink message. type=0x11
I/BarnacleService( 1027): Process exited with status: 0
I/System  ( 1027): Failed to destroy process 1072
I/System  ( 1027): libcore.io.ErrnoException: kill failed: ESRCH (No such process)
I/System  ( 1027): 	at libcore.io.Posix.kill(Native Method)
I/System  ( 1027): 	at libcore.io.ForwardingOs.kill(ForwardingOs.java:77)
I/System  ( 1027): 	at java.lang.ProcessManager$ProcessImpl.destroy(ProcessManager.java:257)
I/System  ( 1027): 	at net.szym.barnacle.BarnacleService.stopProcess(BarnacleService.java:584)
I/System  ( 1027): 	at net.szym.barnacle.BarnacleService.handle(BarnacleService.java:364)
I/System  ( 1027): 	at net.szym.barnacle.BarnacleService.access$1(BarnacleService.java:211)
I/System  ( 1027): 	at net.szym.barnacle.BarnacleService$2.handleMessage(BarnacleService.java:208)
I/System  ( 1027): 	at android.os.Handler.dispatchMessage(Handler.java:99)
I/System  ( 1027): 	at android.os.Looper.loop(Looper.java:137)
I/System  ( 1027): 	at android.app.ActivityThread.main(ActivityThread.java:4424)
I/System  ( 1027): 	at java.lang.reflect.Method.invokeNative(Native Method)
I/System  ( 1027): 	at java.lang.reflect.Method.invoke(Method.java:511)
I/System  ( 1027): 	at com.android.internal.os.ZygoteInit$MethodAndArgsCaller.run(ZygoteInit.java:784)
I/System  ( 1027): 	at com.android.internal.os.ZygoteInit.main(ZygoteInit.java:551)
I/System  ( 1027): 	at dalvik.system.NativeStart.main(Native Method)
I/BarnacleService( 1027): log: Stopped
W/ProcessStats(  153): Skipping unknown process pid 2514
W/myBarnacleApp( 1027): processStopped
D/dalvikvm(  218): GC_FOR_ALLOC freed 563K, 9% free 9913K/10823K, paused 31ms
W/myBarnacleApp( 1027): processStopped
D/dalvikvm(  218): GC_FOR_ALLOC freed 319K, 9% free 9896K/10823K, paused 24ms
D/dalvikvm( 1027): GC_CONCURRENT freed 321K, 5% free 9549K/9991K, paused 1ms+3ms
D/AudioHardware(   81): AudioHardware pcm playback is going to standby.
D/AudioHardware(   81): closePcmOut_l() mPcmOpenCnt: 1
D/dalvikvm(  153): GC_CONCURRENT freed 944K, 14% free 13404K/15431K, paused 2ms+6ms
D/PhoneStatusBar(  218): disable: < EXPAND* icons alerts ticker system_info back home recent clock >
D/dalvikvm(  153): GC_FOR_ALLOC freed 883K, 16% free 13056K/15431K, paused 40ms
D/AudioHardware(   81): AudioHardware pcm playback is exiting standby.
D/AudioHardware(   81): openPcmOut_l() mPcmOpenCnt: 0
D/BluetoothAdapterStateMachine(  153): HotOff process message: 55
D/BluetoothEventLoop(  153): Property Changed: UUIDs : 9
E/BluetoothService.cpp(  153): setBluetoothTetheringNative false
D/BluetoothEventLoop(  153): Property Changed: UUIDs : 8
D/BluetoothEventLoop(  153): Property Changed: UUIDs : 7
D/BluetoothEventLoop(  153): Property Changed: UUIDs : 6
D/BluetoothEventLoop(  153): Property Changed: UUIDs : 5
I/NfcService(  329): Disabling NFC
D/NdefPushServer(  329): stop, thread = Thread[Thread-36,5,main]
D/NdefPushServer(  329): shuting down server thread
I/bluedroid(  153): Stopping bluetoothd deamon
V/PhoneStatusBar(  218): setLightsOn(true)
W/InputManagerService(  153): Window already focused, ignoring focus gain of: com.android.internal.view.IInputMethodClient$Stub$Proxy@41550a70
D/PhoneStatusBar(  218): disable: < expand* icons alerts ticker system_info back home recent clock >
D/NFC JNI (  329): Terminating client thread...
D/NFC JNI (  329): phLibNfc_Mgt_UnConfigureDriver() returned 0x0000[NFCSTATUS_SUCCESS]
I/bluedroid(  153): Stopping hciattach deamon
D/BluetoothAdapterStateMachine(  153): Bluetooth state 10 -> 10
D/AudioHardware(   81): AudioHardware pcm playback is going to standby.
D/AudioHardware(   81): closePcmOut_l() mPcmOpenCnt: 1
I/power   (  153): *** set_screen_state 0
D/SurfaceFlinger(   78): About to give-up screen, flinger = 0x2a918
D/dalvikvm(  153): GC_CONCURRENT freed 645K, 14% free 13390K/15431K, paused 2ms+4ms
V/TransportControlView(  153): Create TCV com.android.internal.widget.TransportControlView@416f5608
D/PhoneStatusBar(  218): disable: < expand icons alerts ticker system_info back home RECENT* clock >
D/AudioHardware(   81): AudioHardware pcm playback is exiting standby.
D/AudioHardware(   81): openPcmOut_l() mPcmOpenCnt: 0
D/PhoneStatusBar(  218): disable: < expand icons alerts ticker system_info BACK* HOME* RECENT CLOCK* >
I/power   (  153): *** set_screen_state 1
I/WindowManager(  153): Lock screen displayed!
D/SurfaceFlinger(   78): Screen about to return, flinger = 0x2a918
D/PhoneStatusBar(  218): disable: < EXPAND* icons alerts ticker system_info back* home* RECENT clock* >
D/AudioHardware(   81): AudioHardware pcm playback is going to standby.
D/AudioHardware(   81): closePcmOut_l() mPcmOpenCnt: 1
D/PhoneStatusBar(  218): disable: < expand* icons alerts ticker system_info BACK* HOME* RECENT CLOCK* >
D/ConnectivityService(  153): ConnectivityChange for mobile: DISCONNECTED/DISCONNECTED
D/ConnectivityService(  153): Attempting to switch to WIFI
D/ConnectivityService(  153): Attempting to switch to BLUETOOTH_TETHER
D/NetUtils(  153): android_net_utils_resetConnections in env=0x18a9208 clazz=0xa0b00001 iface=rmnet0 mask=0x3
D/ConnectivityService(  153): resetConnections(rmnet0, 3)
D/dalvikvm(  314): GC_CONCURRENT freed 426K, 6% free 9497K/10055K, paused 8ms+2ms
D/PicasaSyncManager(  983): battery info: false
D/Tethering(  153): MasterInitialState.processMessage what=3
D/PhoneStatusBar(  218): disable: < EXPAND* icons alerts ticker system_info back* home* RECENT clock* >
I/MediaUploader(  964): No need to wake up
D/PicasaSyncManager(  983): active network: null
D/PicasaSyncManager(  983): background data: true
D/NetworkLocator(  454): null cell state delivered
D/NetworkLocator(  454): null cell state delivered
D/PhoneStatusBar(  218): disable: < expand* icons alerts ticker system_info BACK* HOME* RECENT CLOCK* >
I/power   (  153): *** set_screen_state 0
D/SurfaceFlinger(   78): About to give-up screen, flinger = 0x2a918
D/dalvikvm(  153): GC_CONCURRENT freed 922K, 13% free 13564K/15431K, paused 16ms+6ms
V/TransportControlView(  153): Create TCV com.android.internal.widget.TransportControlView@41312fa0
I/EventLogService(  454): Aggregate from 1333751626464 (log), 1333751626464 (data)
I/ServiceDumpSys(  454): dumping service [account]
D/dalvikvm(  153): GC_CONCURRENT freed 1115K, 13% free 13514K/15431K, paused 2ms+5ms
I/EventLogService(  454): Aggregate from 1333753426583 (log), 1333753426583 (data)
I/ServiceDumpSys(  454): dumping service [account]
D/dalvikvm(  218): GC_CONCURRENT freed 401K, 9% free 9878K/10823K, paused 2ms+2ms
I/SystemUpdateService(  454): download in progress: [id: 13 compl: false succ: false bytes: 0 reason: 0 fn: null]
I/SystemUpdateService(  454): download took too long; will cancel and retry
D/dalvikvm(  454): GC_CONCURRENT freed 461K, 7% free 10024K/10759K, paused 1ms+3ms
V/SystemUpdateService(  454): retry (wakeup: true) in 89878 ms
V/SystemUpdateService(  454): onPostExecute: false
I/SystemUpdateService(  454): starting download of http://android.clients.google.com/packages/ota/google_crespo/hR7QFEtn.zip
V/SystemUpdateService(  454): retry (wakeup: true) in 21599998 ms
I/SystemUpdate.Download(  454): Started a new update download: http://android.clients.google.com/packages/ota/google_crespo/hR7QFEtn.zip (id 14; allowMobile=false)
V/SystemUpdateService(  454): onPostExecute: false
I/DownloadManager(  266): Initiating request for download 14
W/DownloadManager(  266): Aborting request for download 14: no network connection available
I/EventLogService(  454): Aggregate from 1333755226684 (log), 1333755226684 (data)
I/ServiceDumpSys(  454): dumping service [account]
D/dalvikvm(  454): GC_EXPLICIT freed 217K, 8% free 9985K/10759K, paused 16ms+3ms
I/EventLogService(  454): Aggregate from 1333757026777 (log), 1333757026777 (data)
D/dalvikvm(  153): GC_CONCURRENT freed 980K, 13% free 13533K/15431K, paused 2ms+4ms
I/ServiceDumpSys(  454): dumping service [account]
I/EventLogService(  454): Aggregate from 1333758826966 (log), 1333758826966 (data)
I/ServiceDumpSys(  454): dumping service [account]
I/EventLogService(  454): Aggregate from 1333760627121 (log), 1333760627121 (data)
I/ServiceDumpSys(  454): dumping service [account]
D/dalvikvm(  153): GC_CONCURRENT freed 1077K, 13% free 13533K/15431K, paused 2ms+7ms
I/EventLogService(  454): Aggregate from 1333762427224 (log), 1333762427224 (data)
I/ServiceDumpSys(  454): dumping service [account]
I/EventLogService(  454): Aggregate from 1333764227340 (log), 1333764227340 (data)
I/ServiceDumpSys(  454): dumping service [account]
I/EventLogService(  454): Aggregate from 1333766027466 (log), 1333766027466 (data)
D/dalvikvm(  454): GC_FOR_ALLOC freed 359K, 8% free 9990K/10759K, paused 24ms
I/ServiceDumpSys(  454): dumping service [account]
D/dalvikvm(  153): GC_CONCURRENT freed 1083K, 13% free 13542K/15431K, paused 3ms+5ms
I/EventLogService(  454): Aggregate from 1333767827767 (log), 1333767827767 (data)
I/ServiceDumpSys(  454): dumping service [account]
D/AlarmManagerService(  153): Kernel timezone updated to 240 minutes west of GMT
I/ActivityManager(  153): Start proc com.google.android.inputmethod.latin.dictionarypack for broadcast com.google.android.inputmethod.latin.dictionarypack/.UpdateHandler: pid=2548 uid=10027 gids={3003, 1015}
I/ActivityThread( 2548): Pub com.android.inputmethod.latin.dictionarypack: com.google.android.inputmethod.latin.dictionarypack.DictionaryProvider
I/EventLogService(  454): Aggregate from 1333769627944 (log), 1333769627944 (data)
I/ServiceDumpSys(  454): dumping service [account]
D/dalvikvm(  218): GC_CONCURRENT freed 366K, 9% free 9903K/10823K, paused 1ms+3ms
I/EventLogService(  454): Aggregate from 1333771428094 (log), 1333771428094 (data)
I/ServiceDumpSys(  454): dumping service [account]
D/dalvikvm(  153): GC_CONCURRENT freed 1106K, 13% free 13562K/15431K, paused 16ms+7ms
I/EventLogService(  454): Aggregate from 1333773228212 (log), 1333773228212 (data)
I/ServiceDumpSys(  454): dumping service [account]
D/dalvikvm(  153): GC_EXPLICIT freed 449K, 13% free 13520K/15431K, paused 3ms+5ms
I/EventLogService(  454): Aggregate from 1333775028333 (log), 1333775028333 (data)
D/dalvikvm(  454): GC_FOR_ALLOC freed 362K, 8% free 10000K/10759K, paused 17ms
I/ServiceDumpSys(  454): dumping service [account]
I/SystemUpdateService(  454): download in progress: [id: 14 compl: false succ: false bytes: 0 reason: 0 fn: null]
I/SystemUpdateService(  454): download took too long; will cancel and retry
V/SystemUpdateService(  454): retry (wakeup: true) in 149873 ms
V/SystemUpdateService(  454): onPostExecute: false
I/SystemUpdateService(  454): starting download of http://android.clients.google.com/packages/ota/google_crespo/hR7QFEtn.zip
V/SystemUpdateService(  454): retry (wakeup: true) in 21599997 ms
I/SystemUpdate.Download(  454): Started a new update download: http://android.clients.google.com/packages/ota/google_crespo/hR7QFEtn.zip (id 15; allowMobile=false)
V/SystemUpdateService(  454): onPostExecute: false
I/DownloadManager(  266): Initiating request for download 15
D/dalvikvm(  266): GC_CONCURRENT freed 355K, 5% free 9318K/9799K, paused 2ms+3ms
W/DownloadManager(  266): Aborting request for download 15: no network connection available
I/EventLogService(  454): Aggregate from 1333776828519 (log), 1333776828519 (data)
I/ServiceDumpSys(  454): dumping service [account]
D/dalvikvm(  218): GC_CONCURRENT freed 316K, 8% free 9986K/10823K, paused 12ms+4ms
I/EventLogService(  454): Aggregate from 1333778628771 (log), 1333778628771 (data)
D/dalvikvm(  454): GC_FOR_ALLOC freed 361K, 8% free 9991K/10759K, paused 20ms
I/ServiceDumpSys(  454): dumping service [account]
D/dalvikvm(  153): JIT code cache reset in 4 ms (1048432 bytes 2/0)
D/dalvikvm(  153): GC_CONCURRENT freed 972K, 13% free 13555K/15431K, paused 5ms+9ms
I/EventLogService(  454): Aggregate from 1333780428918 (log), 1333780428918 (data)
I/ServiceDumpSys(  454): dumping service [account]
I/EventLogService(  454): Aggregate from 1333782229101 (log), 1333782229101 (data)
I/ServiceDumpSys(  454): dumping service [account]
I/EventLogService(  454): Aggregate from 1333784029209 (log), 1333784029209 (data)
I/ServiceDumpSys(  454): dumping service [account]
D/dalvikvm(  153): GC_CONCURRENT freed 1049K, 13% free 13553K/15431K, paused 3ms+5ms
I/EventLogService(  454): Aggregate from 1333785829338 (log), 1333785829338 (data)
I/ServiceDumpSys(  454): dumping service [account]
D/dalvikvm(  218): GC_CONCURRENT freed 392K, 8% free 9982K/10823K, paused 2ms+4ms
I/DownloadManager(  266): Initiating request for download 16
W/DownloadManager(  266): Aborting request for download 16: no network connection available
I/EventLogService(  454): Aggregate from 1333787629485 (log), 1333787629485 (data)
D/dalvikvm(  454): GC_FOR_ALLOC freed 369K, 8% free 9989K/10759K, paused 24ms
I/ServiceDumpSys(  454): dumping service [account]
I/EventLogService(  454): Aggregate from 1333789429797 (log), 1333789429797 (data)
D/dalvikvm(  153): GC_CONCURRENT freed 1004K, 13% free 13560K/15431K, paused 2ms+5ms
I/ServiceDumpSys(  454): dumping service [account]
I/EventLogService(  454): Aggregate from 1333791229981 (log), 1333791229981 (data)
I/ServiceDumpSys(  454): dumping service [account]
I/EventLogService(  454): Aggregate from 1333793030170 (log), 1333793030170 (data)
I/ServiceDumpSys(  454): dumping service [account]
D/dalvikvm(  153): GC_CONCURRENT freed 1062K, 13% free 13570K/15431K, paused 2ms+5ms
I/EventLogService(  454): Aggregate from 1333794830295 (log), 1333794830295 (data)
I/ServiceDumpSys(  454): dumping service [account]
D/dalvikvm(  218): GC_CONCURRENT freed 391K, 8% free 9984K/10823K, paused 2ms+4ms
I/EventLogService(  454): Aggregate from 1333796630443 (log), 1333796630443 (data)
D/dalvikvm(  454): GC_FOR_ALLOC freed 371K, 8% free 9989K/10759K, paused 23ms
I/ServiceDumpSys(  454): dumping service [account]
