I/BarnacleService( 1708): log: hq if state == STATE_STARTING, turn off wifi
D/Tethering(  153): MasterInitialState.processMessage what=3
I/MediaUploader(  962): No need to wake up
D/PicasaSyncManager(  980): active network: NetworkInfo: type: mobile[EDGE], state: CONNECTED/CONNECTED, reason: nwTypeChanged, extra: epc.tmobile.com, roaming: false, failover: false, isAvailable: true
D/PicasaSyncManager(  980): background data: true
D/dalvikvm(  153): GC_EXPLICIT freed 564K, 13% free 13119K/15047K, paused 20ms+5ms
D/AlarmManagerService(  153): Kernel timezone updated to 240 minutes west of GMT
V/AlarmClock( 1461): AlarmInitReceiver finished
D/SystemClock(  312): Setting time of day to sec=1333740615
D/dalvikvm( 1475): GC_CONCURRENT freed 378K, 6% free 9224K/9735K, paused 1ms+2ms
I/GTalkService/c(  451): [AndroidEndpoint@1094788224] connect: acct=1000001, state=CONNECTING
D/dalvikvm(  451): GC_CONCURRENT freed 397K, 7% free 10077K/10759K, paused 2ms+3ms
D/ConnectivityService(  153): handleInetConditionHoldEnd: net=0, condition=100, published condition=0
W/Smack/Packet(  451): notify conn break (IOEx), close connection
D/ConnectivityService(  153): handleInetConditionHoldEnd: net=0, condition=0, published condition=100
I/GTalkService/c(  451): [AndroidEndpoint@1094788224] connect: acct=1000001, state=CONNECTING
D/ConnectivityService(  153): handleInetConditionHoldEnd: net=0, condition=100, published condition=0
W/Smack/Packet(  451): notify conn break (IOEx), close connection
D/ConnectivityService(  153): handleInetConditionHoldEnd: net=0, condition=0, published condition=100
I/GTalkService/c(  451): [AndroidEndpoint@1094788224] connect: acct=1000001, state=CONNECTING
D/dalvikvm(  451): GC_CONCURRENT freed 390K, 7% free 10093K/10759K, paused 2ms+3ms
D/ConnectivityService(  153): handleInetConditionHoldEnd: net=0, condition=100, published condition=0
W/Smack/Packet(  451): notify conn break (IOEx), close connection
D/ConnectivityService(  153): handleInetConditionHoldEnd: net=0, condition=0, published condition=100
I/GTalkService/c(  451): [AndroidEndpoint@1094788224] connect: acct=1000001, state=CONNECTING
D/ConnectivityService(  153): handleInetConditionHoldEnd: net=0, condition=100, published condition=0
W/Smack/Packet(  451): notify conn break (IOEx), close connection
D/ConnectivityService(  153): handleInetConditionHoldEnd: net=0, condition=0, published condition=100
I/EventLogService(  451): Aggregate from 1333739084064 (log), 1333739084064 (data)
I/ServiceDumpSys(  451): dumping service [account]
D/dalvikvm(  451): GC_CONCURRENT freed 435K, 7% free 10054K/10759K, paused 2ms+3ms
I/CheckinService(  451): Preparing to send checkin request
I/EventLogService(  451): Accumulating logs since 1333740884193
I/CheckinTask(  451): Sending checkin request (1733 bytes)
D/dalvikvm(  451): GC_CONCURRENT freed 397K, 7% free 10048K/10759K, paused 1ms+4ms
I/GTalkService/c(  451): [AndroidEndpoint@1094788224] connect: acct=1000001, state=CONNECTING
I/CheckinTask(  451): Checkin success: https://android.clients.google.com/checkin (1 requests sent)
D/dalvikvm(  451): GC_CONCURRENT freed 354K, 7% free 10082K/10759K, paused 15ms+2ms
D/dalvikvm(  451): GC_EXPLICIT freed 41K, 7% free 10045K/10759K, paused 2ms+3ms
W/Smack/Packet(  451): notify conn break (IOEx), close connection
D/ConnectivityService(  153): handleInetConditionHoldEnd: net=0, condition=0, published condition=0
D/dalvikvm(  153): GC_CONCURRENT freed 866K, 13% free 13200K/15047K, paused 17ms+6ms
D/AlarmManagerService(  153): Kernel timezone updated to 240 minutes west of GMT
D/SystemClock(  312): Setting time of day to sec=1333741008
V/AlarmClock( 1461): AlarmInitReceiver finished
D/dalvikvm(  312): GC_CONCURRENT freed 434K, 6% free 9497K/10055K, paused 14ms+2ms
D/AlarmManagerService(  153): Kernel timezone updated to 240 minutes west of GMT
D/SystemClock(  312): Setting time of day to sec=1333741031
V/AlarmClock( 1461): AlarmInitReceiver finished
D/dalvikvm(  153): GC_EXPLICIT freed 261K, 14% free 13073K/15047K, paused 2ms+5ms
D/dalvikvm( 1489): GC_CONCURRENT freed 303K, 5% free 9167K/9607K, paused 1ms+3ms
I/GTalkService/c(  451): [AndroidEndpoint@1094788224] connect: acct=1000001, state=CONNECTING
I/power   (  153): *** set_screen_state 1
I/WindowManager(  153): Lock screen displayed!
D/SurfaceFlinger(   78): Screen about to return, flinger = 0xdbb918
D/dalvikvm( 1852): GC_CONCURRENT freed 389K, 9% free 9954K/10823K, paused 1ms+19ms
I/power   (  153): *** set_screen_state 0
D/SurfaceFlinger(   78): About to give-up screen, flinger = 0xdbb918
D/dalvikvm(  153): GC_CONCURRENT freed 385K, 10% free 13663K/15047K, paused 2ms+4ms
D/dalvikvm(  153): GC_FOR_ALLOC freed 37K, 9% free 13729K/15047K, paused 39ms
I/dalvikvm-heap(  153): Grow heap (frag case) to 13.583MB for 104992-byte allocation
D/dalvikvm(  153): GC_FOR_ALLOC freed <1K, 9% free 13831K/15175K, paused 41ms
V/TransportControlView(  153): Create TCV com.android.internal.widget.TransportControlView@417d5278
D/AlarmManagerService(  153): Kernel timezone updated to 240 minutes west of GMT
V/AlarmClock( 1461): AlarmInitReceiver finished
D/SystemClock(  312): Setting time of day to sec=1333741126
E/GTalkService(  451): connectionClosed: no XMPPConnection - That's strange!
D/ConnectivityService(  153): handleInetConditionHoldEnd: net=0, condition=0, published condition=0
D/ConnectivityService(  153): ConnectivityChange for mobile: DISCONNECTED/DISCONNECTED
D/ConnectivityService(  153): Attempting to switch to WIFI
D/ConnectivityService(  153): Attempting to switch to BLUETOOTH_TETHER
D/NetUtils(  153): android_net_utils_resetConnections in env=0x5cd7e8 clazz=0x42000001 iface=rmnet0 mask=0x3
D/ConnectivityService(  153): resetConnections(rmnet0, 3)
D/Tethering(  153): MasterInitialState.processMessage what=3
I/BarnacleService( 1708): log: hq. MSG_NETSCHANGE. about to get getWifiState
I/MediaUploader(  962): No need to wake up
I/BarnacleService( 1708): log: hq. BarnacleServiceNETSCHANGE: 4 1 null
D/PicasaSyncManager(  980): active network: null
D/PicasaSyncManager(  980): background data: true
E/BarnacleService( 1708): NETSCHANGE: 4 1 null
I/BarnacleService( 1708): log: hq. wifiState 4 =? WifiManager.WIFI_STATE_DISABLED = 1
I/BarnacleService( 1708): log: hq. Wifi state Enabled! :( the else before STATE_STARTING
I/BarnacleService( 1708): log: hq if state == STATE_STARTING, turn off wifi
D/ConnectivityService(  153): ConnectivityChange for mobile: CONNECTED/CONNECTED
D/NetworkPolicy(  153): applying policy NetworkPolicy[NetworkTemplate: matchRule=MOBILE_ALL, subscriberId=valid]: cycleDay=15, warningBytes=2147483648, limitBytes=-1, lastSnooze=-1 to ifaces [rmnet0]
D/dalvikvm(  312): GC_CONCURRENT freed 441K, 6% free 9495K/10055K, paused 2ms+2ms
D/Tethering(  153): MasterInitialState.processMessage what=3
I/MediaUploader(  962): No need to wake up
I/BarnacleService( 1708): log: hq. MSG_NETSCHANGE. about to get getWifiState
I/BarnacleService( 1708): log: hq. BarnacleServiceNETSCHANGE: 4 1 null
E/BarnacleService( 1708): NETSCHANGE: 4 1 null
I/BarnacleService( 1708): log: hq. wifiState 4 =? WifiManager.WIFI_STATE_DISABLED = 1
I/BarnacleService( 1708): log: hq. Wifi state Enabled! :( the else before STATE_STARTING
I/BarnacleService( 1708): log: hq if state == STATE_STARTING, turn off wifi
D/PicasaSyncManager(  980): active network: NetworkInfo: type: mobile[EDGE], state: CONNECTED/CONNECTED, reason: nwTypeChanged, extra: epc.tmobile.com, roaming: false, failover: false, isAvailable: true
D/PicasaSyncManager(  980): background data: true
D/ConnectivityService(  153): ConnectivityChange for mobile: DISCONNECTED/DISCONNECTED
D/ConnectivityService(  153): Attempting to switch to WIFI
D/ConnectivityService(  153): Attempting to switch to BLUETOOTH_TETHER
D/NetUtils(  153): android_net_utils_resetConnections in env=0x5cd7e8 clazz=0x54800001 iface=rmnet0 mask=0x3
D/ConnectivityService(  153): resetConnections(rmnet0, 3)
D/dalvikvm(  153): GC_CONCURRENT freed 1671K, 13% free 13288K/15175K, paused 2ms+6ms
I/dalvikvm( 1852): Total arena pages for JIT: 11
I/dalvikvm( 1852): Total arena pages for JIT: 12
I/dalvikvm( 1852): Total arena pages for JIT: 13
I/dalvikvm( 1852): Total arena pages for JIT: 14
I/dalvikvm( 1852): Total arena pages for JIT: 15
I/dalvikvm( 1852): Total arena pages for JIT: 16
I/dalvikvm( 1852): Total arena pages for JIT: 17
D/Tethering(  153): MasterInitialState.processMessage what=3
I/BarnacleService( 1708): log: hq. MSG_NETSCHANGE. about to get getWifiState
I/BarnacleService( 1708): log: hq. BarnacleServiceNETSCHANGE: 4 1 null
E/BarnacleService( 1708): NETSCHANGE: 4 1 null
I/BarnacleService( 1708): log: hq. wifiState 4 =? WifiManager.WIFI_STATE_DISABLED = 1
I/BarnacleService( 1708): log: hq. Wifi state Enabled! :( the else before STATE_STARTING
I/MediaUploader(  962): No need to wake up
D/PicasaSyncManager(  980): active network: null
D/PicasaSyncManager(  980): background data: true
I/BarnacleService( 1708): log: hq if state == STATE_STARTING, turn off wifi
D/dalvikvm(  312): GC_CONCURRENT freed 443K, 6% free 9495K/10055K, paused 2ms+2ms
D/dalvikvm(  312): GC_CONCURRENT freed 426K, 6% free 9491K/10055K, paused 2ms+2ms
D/dalvikvm(  153): GC_EXPLICIT freed 403K, 13% free 13234K/15175K, paused 19ms+5ms
D/ConnectivityService(  153): ConnectivityChange for mobile: CONNECTED/CONNECTED
D/NetworkPolicy(  153): applying policy NetworkPolicy[NetworkTemplate: matchRule=MOBILE_ALL, subscriberId=valid]: cycleDay=15, warningBytes=2147483648, limitBytes=-1, lastSnooze=-1 to ifaces [rmnet0]
D/dalvikvm(  312): GC_CONCURRENT freed 427K, 6% free 9492K/10055K, paused 2ms+2ms
D/Tethering(  153): MasterInitialState.processMessage what=3
I/BarnacleService( 1708): log: hq. MSG_NETSCHANGE. about to get getWifiState
I/MediaUploader(  962): No need to wake up
I/BarnacleService( 1708): log: hq. BarnacleServiceNETSCHANGE: 4 1 null
E/BarnacleService( 1708): NETSCHANGE: 4 1 null
I/BarnacleService( 1708): log: hq. wifiState 4 =? WifiManager.WIFI_STATE_DISABLED = 1
I/BarnacleService( 1708): log: hq. Wifi state Enabled! :( the else before STATE_STARTING
I/BarnacleService( 1708): log: hq if state == STATE_STARTING, turn off wifi
D/PicasaSyncManager(  980): active network: NetworkInfo: type: mobile[EDGE], state: CONNECTED/CONNECTED, reason: nwTypeChanged, extra: epc.tmobile.com, roaming: false, failover: false, isAvailable: true
D/PicasaSyncManager(  980): background data: true
I/GTalkService/c(  451): [AndroidEndpoint@1094788224] connect: acct=1000001, state=CONNECTING
D/dalvikvm(  451): GC_CONCURRENT freed 385K, 7% free 10046K/10759K, paused 14ms+3ms
D/dalvikvm(  217): GC_CONCURRENT freed 384K, 7% free 10102K/10759K, paused 2ms+3ms
D/AlarmManagerService(  153): Kernel timezone updated to 240 minutes west of GMT
D/SystemClock(  312): Setting time of day to sec=1333741562
V/AlarmClock( 1461): AlarmInitReceiver finished
D/ConnectivityService(  153): handleInetConditionHoldEnd: net=0, condition=100, published condition=0
W/Smack/Packet(  451): notify conn break (IOEx), close connection
D/ConnectivityService(  153): handleInetConditionHoldEnd: net=0, condition=0, published condition=100
I/GTalkService/c(  451): [AndroidEndpoint@1094788224] connect: acct=1000001, state=CONNECTING
E/GTalkService(  451): connectionClosed: no XMPPConnection - That's strange!
D/ConnectivityService(  153): handleInetConditionHoldEnd: net=0, condition=0, published condition=0
I/GTalkService/c(  451): [AndroidEndpoint@1094788224] connect: acct=1000001, state=CONNECTING
I/power   (  153): *** set_screen_state 1
I/WindowManager(  153): Lock screen displayed!
D/SurfaceFlinger(   78): Screen about to return, flinger = 0xdbb918
D/dalvikvm(  153): GC_CONCURRENT freed 976K, 14% free 13186K/15175K, paused 8ms+5ms
I/power   (  153): *** set_screen_state 0
D/SurfaceFlinger(   78): About to give-up screen, flinger = 0xdbb918
I/power   (  153): *** set_screen_state 1
V/TransportControlView(  153): Create TCV com.android.internal.widget.TransportControlView@417768d8
I/WindowManager(  153): Lock screen displayed!
D/SurfaceFlinger(   78): Screen about to return, flinger = 0xdbb918
I/power   (  153): *** set_screen_state 0
D/SurfaceFlinger(   78): About to give-up screen, flinger = 0xdbb918
V/TransportControlView(  153): Create TCV com.android.internal.widget.TransportControlView@417e44a8
D/dalvikvm(  153): GC_CONCURRENT freed 893K, 13% free 13279K/15175K, paused 3ms+6ms
E/GTalkService(  451): connectionClosed: no XMPPConnection - That's strange!
D/ConnectivityService(  153): handleInetConditionHoldEnd: net=0, condition=0, published condition=0
I/GTalkService/c(  451): [AndroidEndpoint@1094788224] connect: acct=1000001, state=CONNECTING
D/dalvikvm(  451): GC_CONCURRENT freed 376K, 7% free 10055K/10759K, paused 1ms+3ms
D/ConnectivityService(  153): handleInetConditionHoldEnd: net=0, condition=100, published condition=0
W/Smack/Packet(  451): notify conn break (IOEx), close connection
D/ConnectivityService(  153): handleInetConditionHoldEnd: net=0, condition=0, published condition=100
D/dalvikvm(  312): GC_CONCURRENT freed 442K, 6% free 9496K/10055K, paused 2ms+3ms
D/AlarmManagerService(  153): Kernel timezone updated to 240 minutes west of GMT
V/AlarmClock( 1461): AlarmInitReceiver finished
D/SystemClock(  312): Setting time of day to sec=1333741893
I/GTalkService/c(  451): [AndroidEndpoint@1094788224] connect: acct=1000001, state=CONNECTING
D/dalvikvm(  153): GC_EXPLICIT freed 636K, 13% free 13265K/15175K, paused 3ms+6ms
D/dalvikvm(  451): GC_CONCURRENT freed 392K, 7% free 10070K/10759K, paused 2ms+2ms
W/Smack/Packet(  451): notify conn break (IOEx), close connection
D/ConnectivityService(  153): handleInetConditionHoldEnd: net=0, condition=0, published condition=0
I/power   (  153): *** set_screen_state 1
I/WindowManager(  153): Lock screen displayed!
D/SurfaceFlinger(   78): Screen about to return, flinger = 0xdbb918
D/AlarmManagerService(  153): Kernel timezone updated to 240 minutes west of GMT
V/AlarmClock( 1461): AlarmInitReceiver finished
D/SystemClock(  312): Setting time of day to sec=1333741974
I/power   (  153): *** set_screen_state 0
D/SurfaceFlinger(   78): About to give-up screen, flinger = 0xdbb918
D/dalvikvm(  153): GC_CONCURRENT freed 634K, 10% free 13660K/15175K, paused 3ms+4ms
V/TransportControlView(  153): Create TCV com.android.internal.widget.TransportControlView@416fdd60
I/power   (  153): *** set_screen_state 1
I/WindowManager(  153): Lock screen displayed!
D/dalvikvm(  312): GC_CONCURRENT freed 426K, 6% free 9492K/10055K, paused 2ms+2ms
D/SurfaceFlinger(   78): Screen about to return, flinger = 0xdbb918
I/power   (  153): *** set_screen_state 0
D/SurfaceFlinger(   78): About to give-up screen, flinger = 0xdbb918
D/dalvikvm(  153): GC_FOR_ALLOC freed 953K, 14% free 13094K/15175K, paused 53ms
V/TransportControlView(  153): Create TCV com.android.internal.widget.TransportControlView@417c1d70
I/power   (  153): *** set_screen_state 1
I/WindowManager(  153): Lock screen displayed!
D/SurfaceFlinger(   78): Screen about to return, flinger = 0xdbb918
I/power   (  153): *** set_screen_state 0
D/SurfaceFlinger(   78): About to give-up screen, flinger = 0xdbb918
V/TransportControlView(  153): Create TCV com.android.internal.widget.TransportControlView@41708a50
D/dalvikvm(  153): GC_CONCURRENT freed 795K, 13% free 13280K/15175K, paused 2ms+5ms
D/ConnectivityService(  153): ConnectivityChange for mobile: DISCONNECTED/DISCONNECTED
D/ConnectivityService(  153): Attempting to switch to WIFI
D/ConnectivityService(  153): Attempting to switch to BLUETOOTH_TETHER
D/NetUtils(  153): android_net_utils_resetConnections in env=0x5cd7e8 clazz=0x77500001 iface=rmnet0 mask=0x3
D/ConnectivityService(  153): resetConnections(rmnet0, 3)
D/Tethering(  153): MasterInitialState.processMessage what=3
I/BarnacleService( 1708): log: hq. MSG_NETSCHANGE. about to get getWifiState
I/BarnacleService( 1708): log: hq. BarnacleServiceNETSCHANGE: 4 1 null
E/BarnacleService( 1708): NETSCHANGE: 4 1 null
I/BarnacleService( 1708): log: hq. wifiState 4 =? WifiManager.WIFI_STATE_DISABLED = 1
I/BarnacleService( 1708): log: hq. Wifi state Enabled! :( the else before STATE_STARTING
I/BarnacleService( 1708): log: hq if state == STATE_STARTING, turn off wifi
I/MediaUploader(  962): No need to wake up
D/PicasaSyncManager(  980): active network: null
D/PicasaSyncManager(  980): background data: true
I/power   (  153): *** set_screen_state 1
I/WindowManager(  153): Lock screen displayed!
D/SurfaceFlinger(   78): Screen about to return, flinger = 0xdbb918
I/power   (  153): *** set_screen_state 0
D/SurfaceFlinger(   78): About to give-up screen, flinger = 0xdbb918
D/dalvikvm(  153): GC_CONCURRENT freed 576K, 10% free 13673K/15175K, paused 3ms+5ms
V/TransportControlView(  153): Create TCV com.android.internal.widget.TransportControlView@41535018
D/ConnectivityService(  153): ConnectivityChange for mobile: CONNECTED/CONNECTED
D/NetworkPolicy(  153): applying policy NetworkPolicy[NetworkTemplate: matchRule=MOBILE_ALL, subscriberId=valid]: cycleDay=15, warningBytes=2147483648, limitBytes=-1, lastSnooze=-1 to ifaces [rmnet0]
D/AlarmManagerService(  153): Kernel timezone updated to 240 minutes west of GMT
D/SystemClock(  312): Setting time of day to sec=1333742078
D/dalvikvm(  312): GC_CONCURRENT freed 422K, 6% free 9496K/10055K, paused 2ms+9ms
V/AlarmClock( 1461): AlarmInitReceiver finished
D/dalvikvm( 1475): GC_EXPLICIT freed 304K, 6% free 9171K/9735K, paused 2ms+3ms
D/Tethering(  153): MasterInitialState.processMessage what=3
I/BarnacleService( 1708): log: hq. MSG_NETSCHANGE. about to get getWifiState
I/MediaUploader(  962): No need to wake up
I/BarnacleService( 1708): log: hq. BarnacleServiceNETSCHANGE: 4 1 null
E/BarnacleService( 1708): NETSCHANGE: 4 1 null
I/BarnacleService( 1708): log: hq. wifiState 4 =? WifiManager.WIFI_STATE_DISABLED = 1
I/BarnacleService( 1708): log: hq. Wifi state Enabled! :( the else before STATE_STARTING
I/BarnacleService( 1708): log: hq if state == STATE_STARTING, turn off wifi
D/PicasaSyncManager(  980): active network: NetworkInfo: type: mobile[HSDPA], state: CONNECTED/CONNECTED, reason: nwTypeChanged, extra: epc.tmobile.com, roaming: false, failover: false, isAvailable: true
D/PicasaSyncManager(  980): background data: true
D/AlarmManagerService(  153): Kernel timezone updated to 240 minutes west of GMT
D/SystemClock(  312): Setting time of day to sec=1333742094
V/AlarmClock( 1461): AlarmInitReceiver finished
I/GTalkService/c(  451): [AndroidEndpoint@1094788224] connect: acct=1000001, state=CONNECTING
I/power   (  153): *** set_screen_state 1
I/WindowManager(  153): Lock screen displayed!
D/SurfaceFlinger(   78): Screen about to return, flinger = 0xdbb918
I/dalvikvm(  153): Total arena pages for JIT: 11
I/power   (  153): *** set_screen_state 0
D/SurfaceFlinger(   78): About to give-up screen, flinger = 0xdbb918
D/dalvikvm(  153): GC_CONCURRENT freed 1546K, 13% free 13293K/15175K, paused 13ms+6ms
V/TransportControlView(  153): Create TCV com.android.internal.widget.TransportControlView@41575df0
D/dalvikvm(  153): GC_EXPLICIT freed 121K, 10% free 13669K/15175K, paused 3ms+6ms
D/dalvikvm(  451): GC_CONCURRENT freed 381K, 7% free 10078K/10759K, paused 2ms+3ms
D/ConnectivityService(  153): handleInetConditionHoldEnd: net=0, condition=100, published condition=0
W/Smack/Packet(  451): notify conn break (IOEx), close connection
D/ConnectivityService(  153): handleInetConditionHoldEnd: net=0, condition=0, published condition=100
I/GTalkService/c(  451): [AndroidEndpoint@1094788224] connect: acct=1000001, state=CONNECTING
D/ConnectivityService(  153): handleInetConditionHoldEnd: net=0, condition=100, published condition=0
W/Smack/Packet(  451): notify conn break (IOEx), close connection
D/ConnectivityService(  153): handleInetConditionHoldEnd: net=0, condition=0, published condition=100
I/power   (  153): *** set_screen_state 1
I/WindowManager(  153): Lock screen displayed!
D/SurfaceFlinger(   78): Screen about to return, flinger = 0xdbb918
I/GTalkService/c(  451): [AndroidEndpoint@1094788224] connect: acct=1000001, state=CONNECTING
D/PicasaSyncManager(  980): battery info: true
W/PowerUI (  217): unknown intent: Intent { act=android.intent.action.ACTION_POWER_CONNECTED flg=0x10000010 }
I/StorageNotification(  217): UMS connection changed to true (media state mounted)
D/dalvikvm(  217): GC_CONCURRENT freed 337K, 5% free 10232K/10759K, paused 3ms+4ms
D/dalvikvm(  217): GC_FOR_ALLOC freed 42K, 6% free 10193K/10759K, paused 38ms
I/dalvikvm-heap(  217): Grow heap (frag case) to 10.189MB for 174736-byte allocation
D/dalvikvm(  217): GC_FOR_ALLOC freed 3K, 6% free 10360K/10951K, paused 37ms
I/StorageNotification(  217): UMS connection changed to true (media state mounted)
D/dalvikvm(  217): GC_FOR_ALLOC freed 17K, 5% free 10408K/10951K, paused 39ms
I/dalvikvm-heap(  217): Grow heap (frag case) to 10.407MB for 184336-byte allocation
D/dalvikvm(  217): GC_FOR_ALLOC freed 9K, 6% free 10578K/11143K, paused 35ms
D/dalvikvm(  217): GC_FOR_ALLOC freed 170K, 7% free 10408K/11143K, paused 17ms
I/dalvikvm-heap(  217): Grow heap (frag case) to 10.410MB for 186256-byte allocation
D/dalvikvm(  217): GC_FOR_ALLOC freed 0K, 7% free 10590K/11335K, paused 15ms
D/dalvikvm(  217): GC_FOR_ALLOC freed 284K, 9% free 10347K/11335K, paused 33ms
D/dalvikvm(  451): GC_CONCURRENT freed 376K, 7% free 10095K/10759K, paused 2ms+4ms
D/ConnectivityService(  153): handleInetConditionHoldEnd: net=0, condition=100, published condition=0
W/Smack/Packet(  451): notify conn break (IOEx), close connection
D/ConnectivityService(  153): handleInetConditionHoldEnd: net=0, condition=0, published condition=100
I/GTalkService/c(  451): [AndroidEndpoint@1094788224] connect: acct=1000001, state=CONNECTING
D/ConnectivityService(  153): handleInetConditionHoldEnd: net=0, condition=100, published condition=0
D/AlarmManagerService(  153): Kernel timezone updated to 240 minutes west of GMT
V/AlarmClock( 1461): AlarmInitReceiver finished
D/dalvikvm(  312): GC_CONCURRENT freed 429K, 6% free 9496K/10055K, paused 9ms+2ms
D/SystemClock(  312): Setting time of day to sec=1333742361
D/AlarmManagerService(  153): Kernel timezone updated to 240 minutes west of GMT
D/SystemClock(  312): Setting time of day to sec=1333742383
V/AlarmClock( 1461): AlarmInitReceiver finished
D/dalvikvm(  451): GC_CONCURRENT freed 403K, 7% free 10084K/10759K, paused 2ms+4ms
D/dalvikvm(  153): GC_CONCURRENT freed 1526K, 14% free 13187K/15175K, paused 9ms+6ms
D/dalvikvm(  217): GC_CONCURRENT freed 195K, 8% free 10538K/11335K, paused 15ms+2ms
D/dalvikvm(  312): GC_CONCURRENT freed 426K, 6% free 9491K/10055K, paused 11ms+2ms
I/EventLogService(  451): Aggregate from 1333740896136 (log), 1333740884193 (data)
I/ServiceDumpSys(  451): dumping service [account]
D/PhoneStatusBar(  217): disable: < expand icons alerts ticker system_info BACK HOME recent* CLOCK >
W/InputManagerService(  153): Window already focused, ignoring focus gain of: com.android.internal.view.IInputMethodClient$Stub$Proxy@415c92e0
D/PhoneStatusBar(  217): disable: < expand icons alerts ticker system_info back* home* recent clock* >
D/NfcService(  327): NFC-C ON
D/AudioHardware(   81): AudioHardware pcm playback is exiting standby.
D/AudioHardware(   81): openPcmOut_l() mPcmOpenCnt: 0
I/ActivityManager(  153): START {act=android.settings.SETTINGS flg=0x10200000 cmp=com.android.settings/.Settings} from pid 342
D/dalvikvm(  841): GC_CONCURRENT freed 227K, 4% free 9268K/9607K, paused 4ms+10ms
D/dalvikvm(  153): GC_CONCURRENT freed 824K, 13% free 13350K/15175K, paused 6ms+24ms
D/OpenGLRenderer(  342): Flushing caches (mode 1)
W/System.err(  841): Removed 2131231170
W/System.err(  841): Removed 2131231177
D/libEGL  (  841): loaded /system/lib/egl/libGLES_android.so
D/libEGL  (  841): loaded /vendor/lib/egl/libEGL_POWERVR_SGX540_120.so
D/libEGL  (  841): loaded /vendor/lib/egl/libGLESv1_CM_POWERVR_SGX540_120.so
D/libEGL  (  841): loaded /vendor/lib/egl/libGLESv2_POWERVR_SGX540_120.so
D/OpenGLRenderer(  342): Flushing caches (mode 0)
W/Smack/Packet(  451): notify conn break (IOEx), close connection
D/OpenGLRenderer(  841): Enabling debug mode 0
I/qtaguid (  451): Failed write_ctrl(u 68) res=-1 errno=22
I/qtaguid (  451): Untagging socket 68 failed errno=-22
W/NetworkManagementSocketTagger(  451): untagSocket(68) failed with errno -22
I/ActivityManager(  153): Displayed com.android.settings/.Settings: +815ms (total +2h29m1s89ms)
D/AudioHardware(   81): AudioHardware pcm playback is going to standby.
D/AudioHardware(   81): closePcmOut_l() mPcmOpenCnt: 1
D/dalvikvm(  841): GC_CONCURRENT freed 60K, 2% free 9606K/9799K, paused 2ms+7ms
D/ConnectivityService(  153): handleInetConditionHoldEnd: net=0, condition=0, published condition=100
I/ActivityManager(  153): START {act=android.intent.action.MAIN cmp=com.android.settings/.SubSettings (has extras)} from pid 841
D/AudioHardware(   81): AudioHardware pcm playback is exiting standby.
D/AudioHardware(   81): openPcmOut_l() mPcmOpenCnt: 0
I/ActivityManager(  153): Displayed com.android.settings/.SubSettings: +216ms
D/OpenGLRenderer(  841): Flushing caches (mode 0)
D/AudioHardware(   81): AudioHardware pcm playback is going to standby.
D/AudioHardware(   81): closePcmOut_l() mPcmOpenCnt: 1
D/dalvikvm(  153): GC_EXPLICIT freed 1128K, 18% free 12525K/15175K, paused 16ms+4ms
D/AudioHardware(   81): AudioHardware pcm playback is exiting standby.
D/AudioHardware(   81): openPcmOut_l() mPcmOpenCnt: 0
I/GTalkService/c(  451): [AndroidEndpoint@1094788224] connect: acct=1000001, state=CONNECTING
I/ActivityManager(  153): START {act=android.intent.action.MAIN cmp=com.android.settings/.SubSettings (has extras)} from pid 841
D/dalvikvm(  841): GC_CONCURRENT freed 213K, 4% free 9870K/10183K, paused 2ms+4ms
I/ActivityManager(  153): Displayed com.android.settings/.SubSettings: +329ms
D/OpenGLRenderer(  841): Flushing caches (mode 0)
D/AudioHardware(   81): AudioHardware pcm playback is going to standby.
D/AudioHardware(   81): closePcmOut_l() mPcmOpenCnt: 1
I/ActivityManager(  153): START {act=android.intent.action.MAIN cat=[android.intent.category.HOME] flg=0x10200000 cmp=com.android.launcher/com.android.launcher2.Launcher} from pid 153
D/OpenGLRenderer(  841): Flushing caches (mode 0)
W/InputManagerService(  153): Starting input on non-focused client com.android.internal.view.IInputMethodClient$Stub$Proxy@4176cc10 (uid=1000 pid=841)
D/OpenGLRenderer(  841): Flushing caches (mode 1)
I/power   (  153): *** set_screen_state 0
D/SurfaceFlinger(   78): About to give-up screen, flinger = 0xdbb918
D/NfcService(  327): NFC-C OFF, disconnect
D/dalvikvm(  153): GC_CONCURRENT freed 388K, 15% free 13015K/15175K, paused 2ms+9ms
V/TransportControlView(  153): Create TCV com.android.internal.widget.TransportControlView@41575df0
D/PhoneStatusBar(  217): disable: < expand icons alerts ticker system_info back home RECENT* clock >
D/PhoneStatusBar(  217): disable: < expand icons alerts ticker system_info BACK* HOME* RECENT CLOCK* >
E/GTalkService(  451): connectionClosed: no XMPPConnection - That's strange!
D/ConnectivityService(  153): handleInetConditionHoldEnd: net=0, condition=0, published condition=0
I/GTalkService/c(  451): [AndroidEndpoint@1094788224] connect: acct=1000001, state=CONNECTING
D/dalvikvm(  451): GC_CONCURRENT freed 366K, 7% free 10102K/10759K, paused 14ms+2ms
D/ConnectivityService(  153): handleInetConditionHoldEnd: net=0, condition=100, published condition=0
W/Smack/Packet(  451): notify conn break (IOEx), close connection
D/ConnectivityService(  153): handleInetConditionHoldEnd: net=0, condition=0, published condition=100
I/GTalkService/c(  451): [AndroidEndpoint@1094788224] connect: acct=1000001, state=CONNECTING
D/ConnectivityService(  153): handleInetConditionHoldEnd: net=0, condition=100, published condition=0
W/Smack/Packet(  451): notify conn break (IOEx), close connection
D/ConnectivityService(  153): handleInetConditionHoldEnd: net=0, condition=0, published condition=100
I/GTalkService/c(  451): [AndroidEndpoint@1094788224] connect: acct=1000001, state=CONNECTING
D/dalvikvm(  451): GC_CONCURRENT freed 415K, 7% free 10076K/10759K, paused 14ms+2ms
D/ConnectivityService(  153): handleInetConditionHoldEnd: net=0, condition=100, published condition=0
W/Smack/Packet(  451): notify conn break (IOEx), close connection
D/ConnectivityService(  153): handleInetConditionHoldEnd: net=0, condition=0, published condition=100
D/dalvikvm(  312): GC_CONCURRENT freed 428K, 6% free 9493K/10055K, paused 1ms+2ms
D/dalvikvm(  153): GC_CONCURRENT freed 464K, 12% free 13425K/15175K, paused 2ms+11ms
I/GTalkService/c(  451): [AndroidEndpoint@1094788224] connect: acct=1000001, state=CONNECTING
D/ConnectivityService(  153): handleInetConditionHoldEnd: net=0, condition=100, published condition=0
W/Smack/Packet(  451): notify conn break (IOEx), close connection
D/ConnectivityService(  153): handleInetConditionHoldEnd: net=0, condition=0, published condition=100
D/dalvikvm( 1852): GC_CONCURRENT freed 386K, 9% free 9953K/10823K, paused 2ms+2ms
I/GTalkService/c(  451): [AndroidEndpoint@1094788224] connect: acct=1000001, state=CONNECTING
D/dalvikvm(  451): GC_CONCURRENT freed 399K, 7% free 10069K/10759K, paused 14ms+3ms
D/ConnectivityService(  153): handleInetConditionHoldEnd: net=0, condition=100, published condition=0
W/Smack/Packet(  451): notify conn break (IOEx), close connection
D/ConnectivityService(  153): handleInetConditionHoldEnd: net=0, condition=0, published condition=100
I/GTalkService/c(  451): [AndroidEndpoint@1094788224] connect: acct=1000001, state=CONNECTING
D/dalvikvm(  451): GC_CONCURRENT freed 386K, 7% free 10077K/10759K, paused 2ms+2ms
D/ConnectivityService(  153): handleInetConditionHoldEnd: net=0, condition=100, published condition=0
W/Smack/Packet(  451): notify conn break (IOEx), close connection
D/ConnectivityService(  153): handleInetConditionHoldEnd: net=0, condition=0, published condition=100
I/GTalkService/c(  451): [AndroidEndpoint@1094788224] connect: acct=1000001, state=CONNECTING
D/ConnectivityService(  153): handleInetConditionHoldEnd: net=0, condition=100, published condition=0
W/Smack/Packet(  451): notify conn break (IOEx), close connection
D/ConnectivityService(  153): handleInetConditionHoldEnd: net=0, condition=0, published condition=100
I/GTalkService/c(  451): [AndroidEndpoint@1094788224] connect: acct=1000001, state=CONNECTING
D/dalvikvm(  451): GC_CONCURRENT freed 379K, 7% free 10091K/10759K, paused 2ms+2ms
D/ConnectivityService(  153): handleInetConditionHoldEnd: net=0, condition=100, published condition=0
W/Smack/Packet(  451): notify conn break (IOEx), close connection
D/ConnectivityService(  153): handleInetConditionHoldEnd: net=0, condition=0, published condition=100
I/GTalkService/c(  451): [AndroidEndpoint@1094788224] connect: acct=1000001, state=CONNECTING
D/ConnectivityService(  153): handleInetConditionHoldEnd: net=0, condition=100, published condition=0
W/Smack/Packet(  451): notify conn break (IOEx), close connection
D/ConnectivityService(  153): handleInetConditionHoldEnd: net=0, condition=0, published condition=100
I/GTalkService/c(  451): [AndroidEndpoint@1094788224] connect: acct=1000001, state=CONNECTING
D/dalvikvm(  451): GC_CONCURRENT freed 418K, 7% free 10068K/10759K, paused 14ms+3ms
D/ConnectivityService(  153): handleInetConditionHoldEnd: net=0, condition=100, published condition=0
W/Smack/Packet(  451): notify conn break (IOEx), close connection
D/ConnectivityService(  153): handleInetConditionHoldEnd: net=0, condition=0, published condition=100
D/dalvikvm(  153): GC_CONCURRENT freed 932K, 12% free 13473K/15175K, paused 30ms+6ms
I/GTalkService/c(  451): [AndroidEndpoint@1094788224] connect: acct=1000001, state=CONNECTING
D/dalvikvm(  217): GC_CONCURRENT freed 378K, 7% free 10546K/11335K, paused 1ms+3ms
D/dalvikvm(  451): GC_CONCURRENT freed 391K, 7% free 10068K/10759K, paused 2ms+3ms
D/ConnectivityService(  153): handleInetConditionHoldEnd: net=0, condition=100, published condition=0
W/Smack/Packet(  451): notify conn break (IOEx), close connection
D/ConnectivityService(  153): handleInetConditionHoldEnd: net=0, condition=0, published condition=100
I/GTalkService/c(  451): [AndroidEndpoint@1094788224] connect: acct=1000001, state=CONNECTING
D/dalvikvm(  153): GC_EXPLICIT freed 469K, 12% free 13405K/15175K, paused 3ms+5ms
D/ConnectivityService(  153): handleInetConditionHoldEnd: net=0, condition=100, published condition=0
W/Smack/Packet(  451): notify conn break (IOEx), close connection
D/ConnectivityService(  153): handleInetConditionHoldEnd: net=0, condition=0, published condition=100
I/GTalkService/c(  451): [AndroidEndpoint@1094788224] connect: acct=1000001, state=CONNECTING
D/dalvikvm(  451): GC_CONCURRENT freed 378K, 7% free 10088K/10759K, paused 1ms+4ms
W/Smack/Packet(  451): notify conn break (IOEx), close connection
W/GTalkService(  451): connectionEstablished for 1000001 - caught java.lang.IllegalStateException: Not connected to server.
W/GTalkService(  451): [AndroidEndpoint@1094788224] doConnect: reset connection state to PENDING
D/ConnectivityService(  153): handleInetConditionHoldEnd: net=0, condition=0, published condition=0
I/GTalkService/c(  451): [AndroidEndpoint@1094788224] connect: acct=1000001, state=CONNECTING
D/ConnectivityService(  153): handleInetConditionHoldEnd: net=0, condition=100, published condition=0
W/Smack/Packet(  451): notify conn break (IOEx), close connection
D/ConnectivityService(  153): handleInetConditionHoldEnd: net=0, condition=0, published condition=100
I/GTalkService/c(  451): [AndroidEndpoint@1094788224] connect: acct=1000001, state=CONNECTING
D/dalvikvm(  451): GC_CONCURRENT freed 417K, 7% free 10061K/10759K, paused 14ms+3ms
D/ConnectivityService(  153): handleInetConditionHoldEnd: net=0, condition=100, published condition=0
W/Smack/Packet(  451): notify conn break (IOEx), close connection
D/ConnectivityService(  153): handleInetConditionHoldEnd: net=0, condition=0, published condition=100
I/GTalkService/c(  451): [AndroidEndpoint@1094788224] connect: acct=1000001, state=CONNECTING
D/dalvikvm(  451): GC_CONCURRENT freed 389K, 7% free 10068K/10759K, paused 14ms+3ms
D/dalvikvm(  451): GC_EXPLICIT freed 44K, 7% free 10040K/10759K, paused 18ms+2ms
W/Smack/Packet(  451): notify conn break (IOEx), close connection
D/ConnectivityService(  153): handleInetConditionHoldEnd: net=0, condition=0, published condition=0
I/EventLogService(  451): Aggregate from 1333742684332 (log), 1333742684332 (data)
I/ServiceDumpSys(  451): dumping service [account]
I/GTalkService/c(  451): [AndroidEndpoint@1094788224] connect: acct=1000001, state=CONNECTING
D/ConnectivityService(  153): handleInetConditionHoldEnd: net=0, condition=100, published condition=0
W/Smack/Packet(  451): notify conn break (IOEx), close connection
D/ConnectivityService(  153): handleInetConditionHoldEnd: net=0, condition=0, published condition=100
D/dalvikvm(  312): GC_CONCURRENT freed 430K, 6% free 9497K/10055K, paused 2ms+2ms
D/su      ( 2210): 2000 /system/bin/mksh executing 0 /system/bin/sh using shell /system/bin/sh : sh
E/ActivityManager(  153): Activity Manager Crash
E/ActivityManager(  153): java.lang.IllegalArgumentException: Unknown URI type: 7
E/ActivityManager(  153): 	at android.net.Uri$1.createFromParcel(Uri.java:1734)
E/ActivityManager(  153): 	at android.net.Uri$1.createFromParcel(Uri.java:1723)
E/ActivityManager(  153): 	at android.content.Intent.readFromParcel(Intent.java:6131)
E/ActivityManager(  153): 	at android.content.Intent.<init>(Intent.java:6126)
E/ActivityManager(  153): 	at android.content.Intent.readFromParcel(Intent.java:6153)
E/ActivityManager(  153): 	at android.content.Intent.<init>(Intent.java:6126)
E/ActivityManager(  153): 	at android.content.Intent$1.createFromParcel(Intent.java:6117)
E/ActivityManager(  153): 	at android.content.Intent$1.createFromParcel(Intent.java:6115)
E/ActivityManager(  153): 	at android.app.ActivityManagerNative.onTransact(ActivityManagerNative.java:298)
E/ActivityManager(  153): 	at com.android.server.am.ActivityManagerService.onTransact(ActivityManagerService.java:1545)
E/ActivityManager(  153): 	at android.os.Binder.execTransact(Binder.java:338)
E/ActivityManager(  153): 	at com.android.server.SystemServer.init1(Native Method)
E/ActivityManager(  153): 	at com.android.server.SystemServer.main(SystemServer.java:808)
E/ActivityManager(  153): 	at java.lang.reflect.Method.invokeNative(Native Method)
E/ActivityManager(  153): 	at java.lang.reflect.Method.invoke(Method.java:511)
E/ActivityManager(  153): 	at com.android.internal.os.ZygoteInit$MethodAndArgsCaller.run(ZygoteInit.java:784)
E/ActivityManager(  153): 	at com.android.internal.os.ZygoteInit.main(ZygoteInit.java:551)
E/ActivityManager(  153): 	at dalvik.system.NativeStart.main(Native Method)
D/su      ( 2216): 0 /system/bin/mksh executing 0 /system/bin/sh using shell /system/bin/sh : sh
E/ActivityManager(  153): Activity Manager Crash
E/ActivityManager(  153): java.lang.IllegalArgumentException: Unknown URI type: 7
E/ActivityManager(  153): 	at android.net.Uri$1.createFromParcel(Uri.java:1734)
E/ActivityManager(  153): 	at android.net.Uri$1.createFromParcel(Uri.java:1723)
E/ActivityManager(  153): 	at android.content.Intent.readFromParcel(Intent.java:6131)
E/ActivityManager(  153): 	at android.content.Intent.<init>(Intent.java:6126)
E/ActivityManager(  153): 	at android.content.Intent.readFromParcel(Intent.java:6153)
E/ActivityManager(  153): 	at android.content.Intent.<init>(Intent.java:6126)
E/ActivityManager(  153): 	at android.content.Intent$1.createFromParcel(Intent.java:6117)
E/ActivityManager(  153): 	at android.content.Intent$1.createFromParcel(Intent.java:6115)
E/ActivityManager(  153): 	at android.app.ActivityManagerNative.onTransact(ActivityManagerNative.java:298)
E/ActivityManager(  153): 	at com.android.server.am.ActivityManagerService.onTransact(ActivityManagerService.java:1545)
E/ActivityManager(  153): 	at android.os.Binder.execTransact(Binder.java:338)
E/ActivityManager(  153): 	at dalvik.system.NativeStart.run(Native Method)
D/su      ( 2218): 0 /system/bin/mksh executing 0 /system/bin/sh using shell /system/bin/sh : sh
E/ActivityManager(  153): Activity Manager Crash
E/ActivityManager(  153): java.lang.IllegalArgumentException: Unknown URI type: 7
E/ActivityManager(  153): 	at android.net.Uri$1.createFromParcel(Uri.java:1734)
E/ActivityManager(  153): 	at android.net.Uri$1.createFromParcel(Uri.java:1723)
E/ActivityManager(  153): 	at android.content.Intent.readFromParcel(Intent.java:6131)
E/ActivityManager(  153): 	at android.content.Intent.<init>(Intent.java:6126)
E/ActivityManager(  153): 	at android.content.Intent.readFromParcel(Intent.java:6153)
E/ActivityManager(  153): 	at android.content.Intent.<init>(Intent.java:6126)
E/ActivityManager(  153): 	at android.content.Intent$1.createFromParcel(Intent.java:6117)
E/ActivityManager(  153): 	at android.content.Intent$1.createFromParcel(Intent.java:6115)
E/ActivityManager(  153): 	at android.app.ActivityManagerNative.onTransact(ActivityManagerNative.java:298)
E/ActivityManager(  153): 	at com.android.server.am.ActivityManagerService.onTransact(ActivityManagerService.java:1545)
E/ActivityManager(  153): 	at android.os.Binder.execTransact(Binder.java:338)
E/ActivityManager(  153): 	at dalvik.system.NativeStart.run(Native Method)
I/GTalkService/c(  451): [AndroidEndpoint@1094788224] connect: acct=1000001, state=CONNECTING
D/dalvikvm(  451): GC_CONCURRENT freed 354K, 7% free 10071K/10759K, paused 2ms+3ms
D/dalvikvm(  153): GC_CONCURRENT freed 916K, 12% free 13462K/15175K, paused 16ms+5ms
D/ConnectivityService(  153): handleInetConditionHoldEnd: net=0, condition=100, published condition=0
W/Smack/Packet(  451): notify conn break (IOEx), close connection
D/ConnectivityService(  153): handleInetConditionHoldEnd: net=0, condition=0, published condition=100
I/GTalkService/c(  451): [AndroidEndpoint@1094788224] connect: acct=1000001, state=CONNECTING
D/dalvikvm(  451): GC_CONCURRENT freed 388K, 7% free 10076K/10759K, paused 14ms+2ms
D/ConnectivityService(  153): handleInetConditionHoldEnd: net=0, condition=100, published condition=0
W/Smack/Packet(  451): notify conn break (IOEx), close connection
D/ConnectivityService(  153): handleInetConditionHoldEnd: net=0, condition=0, published condition=100
I/GTalkService/c(  451): [AndroidEndpoint@1094788224] connect: acct=1000001, state=CONNECTING
D/ConnectivityService(  153): handleInetConditionHoldEnd: net=0, condition=100, published condition=0
W/Smack/Packet(  451): notify conn break (IOEx), close connection
D/ConnectivityService(  153): handleInetConditionHoldEnd: net=0, condition=0, published condition=100
I/GTalkService/c(  451): [AndroidEndpoint@1094788224] connect: acct=1000001, state=CONNECTING
D/dalvikvm(  451): GC_CONCURRENT freed 382K, 7% free 10087K/10759K, paused 1ms+3ms
D/ConnectivityService(  153): handleInetConditionHoldEnd: net=0, condition=100, published condition=0
W/Smack/Packet(  451): notify conn break (IOEx), close connection
D/ConnectivityService(  153): handleInetConditionHoldEnd: net=0, condition=0, published condition=100
D/AndroidRuntime( 2241): 
D/AndroidRuntime( 2241): >>>>>> AndroidRuntime START com.android.internal.os.RuntimeInit <<<<<<
D/AndroidRuntime( 2241): CheckJNI is OFF
D/AndroidRuntime( 2241): Calling main entry com.android.commands.pm.Pm
I/ActivityManager(  153): Start proc com.android.defcontainer for service com.android.defcontainer/.DefaultContainerService: pid=2250 uid=10012 gids={1015, 2001}
W/ActivityManager(  153): No content provider found for permission revoke: file:///data/local/tmp/WiFiDirectDemo.apk
W/ActivityManager(  153): No content provider found for permission revoke: file:///data/local/tmp/WiFiDirectDemo.apk
I/PackageManager(  153): Running dexopt on: com.example.android.wifidirect
D/dalvikvm( 2264): DexOpt: load 9ms, verify+opt 42ms
I/ActivityManager(  153): Force stopping package com.example.android.wifidirect uid=10068
D/dalvikvm(  153): JIT code cache reset in 4 ms (1048464 bytes 2/0)
D/dalvikvm(  153): GC_CONCURRENT freed 1044K, 12% free 13408K/15175K, paused 2ms+10ms
D/PackageManager(  153): New package installed in /data/app/com.example.android.wifidirect-1.apk
I/RegisteredComponentCache(  327): ComponentInfo: ResolveInfo{41399190 com.android.apps.tag.TagViewer p=0 o=0 m=0x108000}, techs: android.nfc.tech.Ndef, 
I/Launcher(  342): setLoadOnResume
D/PackageManager(  153): generateServicesMap(android.accounts.AccountAuthenticator): 3 services unchanged
I/VoiceActionsFactory( 1677): Applications list changed, recalculating supported actions
I/ActivityManager(  153): Start proc android.process.acore for broadcast com.android.providers.contacts/.PackageIntentReceiver: pid=2265 uid=10000 gids={3003, 1015}
D/PackageManager(  153): generateServicesMap(android.content.SyncAdapter): 14 services unchanged
I/ActivityThread( 2265): Pub com.android.voicemail: com.android.providers.contacts.VoicemailContentProvider
D/BackupManagerService(  153): Received broadcast Intent { act=android.intent.action.PACKAGE_ADDED dat=package:com.example.android.wifidirect flg=0x10000010 (has extras) }
V/BackupManagerService(  153): addPackageParticipantsLocked: com.example.android.wifidirect
I/ActivityThread( 2265): Pub user_dictionary: com.android.providers.userdictionary.UserDictionaryProvider
I/ActivityThread( 2265): Pub com.android.social: com.android.providers.contacts.SocialProvider
I/ActivityThread( 2265): Pub applications: com.android.providers.applications.ApplicationsProvider
I/ActivityThread( 2265): Pub contacts;com.android.contacts: com.android.providers.contacts.ContactsProvider2
I/ActivityThread( 2265): Pub call_log: com.android.providers.contacts.CallLogProvider
I/ActivityManager(  153): Start proc com.google.android.gallery3d for broadcast com.google.android.gallery3d/com.android.gallery3d.app.PackagesMonitor: pid=2280 uid=10017 gids={3003, 1015}
I/ActivityManager(  153): No longer want com.google.android.partnersetup (pid 1659): hidden #16
I/Launcher(  342): setLoadOnResume
I/Launcher(  342): setLoadOnResume
I/Launcher(  342): setLoadOnResume
I/Launcher(  342): setLoadOnResume
D/dalvikvm(  342): GC_CONCURRENT freed 4152K, 36% free 12566K/19527K, paused 2ms+6ms
D/dalvikvm( 2265): GC_CONCURRENT freed 191K, 3% free 9275K/9543K, paused 2ms+2ms
I/Launcher(  342): setLoadOnResume
I/ActivityThread( 2280): Pub com.google.android.gallery3d.GooglePhotoProvider: com.google.android.picasasync.PicasaContentProvider
I/Launcher(  342): setLoadOnResume
I/Launcher(  342): setLoadOnResume
D/dalvikvm( 2280): GC_CONCURRENT freed 422K, 6% free 9111K/9607K, paused 2ms+2ms
D/dalvikvm( 1677): GC_CONCURRENT freed 299K, 5% free 9195K/9607K, paused 2ms+2ms
D/dalvikvm(  153): GC_EXPLICIT freed 982K, 12% free 13376K/15175K, paused 6ms+14ms
D/AndroidRuntime( 2241): Shutting down VM
D/dalvikvm( 2241): GC_CONCURRENT freed 100K, 83% free 456K/2560K, paused 1ms+0ms
D/jdwp    ( 2241): Got wake-up signal, bailing out of select
D/dalvikvm( 2241): Debugger has detached; object registry had 1 entries
I/AndroidRuntime( 2241): NOTE: attach of thread 'Binder Thread #3' failed
I/ActivityThread( 2280): Pub com.google.android.gallery3d.provider: com.android.gallery3d.provider.GalleryProvider
D/dalvikvm( 2280): GC_CONCURRENT freed 411K, 5% free 9249K/9735K, paused 1ms+9ms
D/AndroidRuntime( 2301): 
D/AndroidRuntime( 2301): >>>>>> AndroidRuntime START com.android.internal.os.RuntimeInit <<<<<<
D/AndroidRuntime( 2301): CheckJNI is OFF
I/ActivityManager(  153): Start proc com.google.android.partnersetup for broadcast com.google.android.partnersetup/.RlzPingBroadcastReceiver: pid=2302 uid=10022 gids={3003}
I/ActivityManager(  153): No longer want com.google.android.voicesearch (pid 1677): hidden #16
I/ActivityThread( 2302): Pub com.google.android.partnersetup.rlzprovider: com.google.android.partnersetup.RlzProvider
I/ActivityThread( 2302): Pub com.google.android.partnersetup.rlzappprovider: com.google.android.partnersetup.RlzAppProvider
I/ActivityManager(  153): Start proc com.android.musicfx for broadcast com.android.musicfx/.Compatibility$Receiver: pid=2321 uid=10038 gids={3003, 3002}
I/ActivityManager(  153): No longer want net.szym.barnacle (pid 1708): hidden #16
I/ActivityManager(  153): Start proc com.android.voicedialer for broadcast com.android.voicedialer/.VoiceDialerReceiver: pid=2334 uid=10055 gids={3002}
D/dalvikvm(   79): GC_EXPLICIT freed 37K, 4% free 9028K/9347K, paused 2ms+6ms
D/dalvikvm(   79): GC_EXPLICIT freed <1K, 4% free 9028K/9347K, paused 2ms+2ms
D/dalvikvm(   79): GC_EXPLICIT freed <1K, 4% free 9028K/9347K, paused 3ms+7ms
I/ActivityManager(  153): Start proc com.noshufou.android.su for broadcast com.noshufou.android.su/.InstallReceiver: pid=2346 uid=10060 gids={3003, 1015}
I/ActivityManager(  153): No longer want com.google.android.apps.maps:NetworkLocationService (pid 1852): hidden #16
D/AndroidRuntime( 2301): Calling main entry com.android.commands.am.Am
I/dalvikvm( 2346): Turning on JNI app bug workarounds for target SDK version 11...
W/ActivityManager(  153): Scheduling restart of crashed service com.google.android.apps.maps/com.google.android.location.internal.server.NetworkLocationService in 5000ms
I/ActivityManager(  153): START {act=android.intent.action.MAIN cat=[android.intent.category.LAUNCHER] flg=0x10000000 cmp=com.example.android.wifidirect/.WiFiDirectActivity} from pid 2301
D/dalvikvm( 2359): Late-enabling CheckJNI
I/ActivityManager(  153): Start proc com.example.android.wifidirect for activity com.example.android.wifidirect/.WiFiDirectActivity: pid=2359 uid=10068 gids={3003, 1015}
D/AndroidRuntime( 2301): Shutting down VM
D/dalvikvm( 2301): GC_CONCURRENT freed 102K, 81% free 486K/2560K, paused 0ms+0ms
D/jdwp    ( 2301): Got wake-up signal, bailing out of select
D/dalvikvm( 2301): Debugger has detached; object registry had 1 entries
I/Launcher(  342): setLoadOnResume
I/AndroidRuntime( 2301): NOTE: attach of thread 'Binder Thread #3' failed
D/OpenGLRenderer(  342): Flushing caches (mode 0)
I/ActivityThread( 2346): Pub com.noshufou.android.su.provider: com.noshufou.android.su.provider.PermissionsProvider
I/ActivityManager(  153): Start proc com.android.vending for broadcast com.android.vending/com.google.android.finsky.receivers.PersistentPackageMonitorReceiver: pid=2376 uid=10043 gids={3003, 1015}
I/ActivityManager(  153): No longer want com.google.android.apps.maps:FriendService (pid 685): hidden #16
W/ActivityManager(  153): Scheduling restart of crashed service net.szym.barnacle/.BarnacleService in 14827ms
I/ActivityThread( 2376): Pub com.google.android.finsky.RecentSuggestionsProvider: com.google.android.finsky.providers.RecentSuggestionsProvider
D/dalvikvm( 2376): GC_CONCURRENT freed 239K, 4% free 9294K/9607K, paused 3ms+2ms
D/Finsky  ( 2376): [1] SanityChecker.run: # LocalAssets corrected : 0
D/Finsky  ( 2376): Sanity check took : 30 ms
I/ActivityManager(  153): Start proc com.google.android.googlequicksearchbox for broadcast com.google.android.googlequicksearchbox/.SourceUpdateReceiver: pid=2403 uid=10023 gids={3003}
I/ActivityManager(  153): No longer want com.google.android.apps.maps:LocationFriendService (pid 918): hidden #16
D/libEGL  ( 2359): loaded /system/lib/egl/libGLES_android.so
D/libEGL  ( 2359): loaded /vendor/lib/egl/libEGL_POWERVR_SGX540_120.so
D/libEGL  ( 2359): loaded /vendor/lib/egl/libGLESv1_CM_POWERVR_SGX540_120.so
D/libEGL  ( 2359): loaded /vendor/lib/egl/libGLESv2_POWERVR_SGX540_120.so
I/ActivityThread( 2403): Pub com.google.android.googlequicksearchbox.shortcuts: com.google.android.googlequicksearchbox.WebHistoryProvider
I/ActivityThread( 2403): Pub com.google.android.googlequicksearchbox.google: com.google.android.googlequicksearchbox.google.GoogleSuggestionProvider
D/dalvikvm(  153): GC_EXPLICIT freed 395K, 13% free 13314K/15175K, paused 2ms+5ms
D/OpenGLRenderer( 2359): Enabling debug mode 0
