V/TransportControlView(  153): Create TCV com.android.internal.widget.TransportControlView@416bbe20
D/PhoneStatusBar(  217): disable: < expand icons alerts ticker system_info back home RECENT* clock >
D/PhoneStatusBar(  217): disable: < expand icons alerts ticker system_info BACK* HOME* RECENT CLOCK* >
D/dalvikvm(  153): GC_CONCURRENT freed 603K, 10% free 13730K/15175K, paused 3ms+6ms
I/EventLogService(  451): Aggregate from 1333751684989 (log), 1333751684989 (data)
I/ServiceDumpSys(  451): dumping service [account]
I/EventLogService(  451): Aggregate from 1333753485103 (log), 1333753485103 (data)
D/dalvikvm(  451): GC_CONCURRENT freed 444K, 7% free 10035K/10759K, paused 1ms+3ms
I/ServiceDumpSys(  451): dumping service [account]
D/dalvikvm(  264): GC_CONCURRENT freed 425K, 6% free 9244K/9799K, paused 2ms+3ms
I/SystemUpdateService(  451): download in progress: [id: 19 compl: false succ: false bytes: 0 reason: 0 fn: null]
I/SystemUpdateService(  451): download took too long; will cancel and retry
V/SystemUpdateService(  451): retry (wakeup: true) in 89900 ms
V/SystemUpdateService(  451): onPostExecute: false
I/SystemUpdateService(  451): starting download of http://android.clients.google.com/packages/ota/google_crespo/hR7QFEtn.zip
V/SystemUpdateService(  451): retry (wakeup: true) in 21599998 ms
I/SystemUpdate.Download(  451): Started a new update download: http://android.clients.google.com/packages/ota/google_crespo/hR7QFEtn.zip (id 20; allowMobile=false)
V/SystemUpdateService(  451): onPostExecute: false
I/DownloadManager(  264): Initiating request for download 20
W/DownloadManager(  264): Aborting request for download 20: no network connection available
I/EventLogService(  451): Aggregate from 1333755285271 (log), 1333755285271 (data)
I/ServiceDumpSys(  451): dumping service [account]
D/dalvikvm(  153): GC_CONCURRENT freed 1141K, 10% free 13693K/15175K, paused 3ms+5ms
I/EventLogService(  451): Aggregate from 1333757085395 (log), 1333757085395 (data)
D/dalvikvm(  451): GC_FOR_ALLOC freed 352K, 8% free 10002K/10759K, paused 21ms
I/ServiceDumpSys(  451): dumping service [account]
I/EventLogService(  451): Aggregate from 1333758885543 (log), 1333758885543 (data)
I/ServiceDumpSys(  451): dumping service [account]
D/dalvikvm(  217): GC_CONCURRENT freed 435K, 13% free 9874K/11335K, paused 1ms+3ms
D/dalvikvm(  451): GC_EXPLICIT freed 138K, 8% free 9992K/10759K, paused 3ms+4ms
I/EventLogService(  451): Aggregate from 1333760685798 (log), 1333760685798 (data)
I/ServiceDumpSys(  451): dumping service [account]
I/EventLogService(  451): Aggregate from 1333762486156 (log), 1333762486156 (data)
I/ServiceDumpSys(  451): dumping service [account]
D/dalvikvm(  153): GC_CONCURRENT freed 1073K, 10% free 13705K/15175K, paused 2ms+6ms
D/dalvikvm(  153): GC_EXPLICIT freed 110K, 11% free 13641K/15175K, paused 23ms+5ms
I/EventLogService(  451): Aggregate from 1333764286458 (log), 1333764286458 (data)
I/ServiceDumpSys(  451): dumping service [account]
I/EventLogService(  451): Aggregate from 1333766086564 (log), 1333766086564 (data)
I/ServiceDumpSys(  451): dumping service [account]
I/EventLogService(  451): Aggregate from 1333767886789 (log), 1333767886789 (data)
I/ServiceDumpSys(  451): dumping service [account]
D/dalvikvm(  451): GC_FOR_ALLOC freed 311K, 8% free 10000K/10759K, paused 22ms
D/AlarmManagerService(  153): Kernel timezone updated to 240 minutes west of GMT
I/ActivityManager(  153): Start proc com.google.android.inputmethod.latin.dictionarypack for broadcast com.google.android.inputmethod.latin.dictionarypack/.UpdateHandler: pid=2915 uid=10027 gids={3003, 1015}
I/ActivityThread( 2915): Pub com.android.inputmethod.latin.dictionarypack: com.google.android.inputmethod.latin.dictionarypack.DictionaryProvider
D/dalvikvm(  342): GC_CONCURRENT freed 1128K, 37% free 12491K/19527K, paused 2ms+21ms
D/dalvikvm(  153): GC_CONCURRENT freed 1023K, 10% free 13696K/15175K, paused 2ms+8ms
I/EventLogService(  451): Aggregate from 1333769686915 (log), 1333769686915 (data)
I/ServiceDumpSys(  451): dumping service [account]
I/EventLogService(  451): Aggregate from 1333771487115 (log), 1333771487115 (data)
I/ServiceDumpSys(  451): dumping service [account]
I/EventLogService(  451): Aggregate from 1333773287221 (log), 1333773287221 (data)
I/ServiceDumpSys(  451): dumping service [account]
I/EventLogService(  451): Aggregate from 1333775087442 (log), 1333775087442 (data)
I/ServiceDumpSys(  451): dumping service [account]
I/SystemUpdateService(  451): download in progress: [id: 20 compl: false succ: false bytes: 0 reason: 0 fn: null]
I/SystemUpdateService(  451): download took too long; will cancel and retry
D/dalvikvm(  451): GC_FOR_ALLOC freed 322K, 7% free 10012K/10759K, paused 20ms
V/SystemUpdateService(  451): retry (wakeup: true) in 149869 ms
V/SystemUpdateService(  451): onPostExecute: false
D/dalvikvm(  153): GC_CONCURRENT freed 1044K, 10% free 13700K/15175K, paused 2ms+5ms
I/SystemUpdateService(  451): starting download of http://android.clients.google.com/packages/ota/google_crespo/hR7QFEtn.zip
V/SystemUpdateService(  451): retry (wakeup: true) in 21599998 ms
I/SystemUpdate.Download(  451): Started a new update download: http://android.clients.google.com/packages/ota/google_crespo/hR7QFEtn.zip (id 21; allowMobile=false)
V/SystemUpdateService(  451): onPostExecute: false
I/DownloadManager(  264): Initiating request for download 21
W/DownloadManager(  264): Aborting request for download 21: no network connection available
D/dalvikvm(  217): GC_CONCURRENT freed 320K, 13% free 9940K/11335K, paused 2ms+3ms
I/EventLogService(  451): Aggregate from 1333776887605 (log), 1333776887605 (data)
I/ServiceDumpSys(  451): dumping service [account]
I/EventLogService(  451): Aggregate from 1333778687706 (log), 1333778687706 (data)
I/ServiceDumpSys(  451): dumping service [account]
D/dalvikvm(  451): GC_FOR_ALLOC freed 323K, 8% free 10000K/10759K, paused 71ms
I/System.out( 2860): [INFO:28632617]: c: Running flush
D/dalvikvm( 2860): GC_FOR_ALLOC freed 95K, 9% free 9896K/10759K, paused 16ms
I/System.out( 2860): [INFO:28632647]: c: Sending payload [bytes=386]
I/System.out( 2860): [SEVERE:28632669]: c: AsyncHttpRequestImpl.run(): exception thrown : Unable to resolve host "www.google.com": No address associated with hostname: java.net.UnknownHostException
I/EventLogService(  451): Aggregate from 1333780487836 (log), 1333780487836 (data)
I/ServiceDumpSys(  451): dumping service [account]
D/dalvikvm(  153): GC_CONCURRENT freed 1105K, 10% free 13706K/15175K, paused 4ms+5ms
I/EventLogService(  451): Aggregate from 1333782288424 (log), 1333782288424 (data)
I/ServiceDumpSys(  451): dumping service [account]
I/EventLogService(  451): Aggregate from 1333784088559 (log), 1333784088559 (data)
I/ServiceDumpSys(  451): dumping service [account]
I/EventLogService(  451): Aggregate from 1333785888786 (log), 1333785888786 (data)
I/ServiceDumpSys(  451): dumping service [account]
D/dalvikvm(  153): GC_CONCURRENT freed 1099K, 10% free 13703K/15175K, paused 3ms+5ms
I/EventLogService(  451): Aggregate from 1333787689122 (log), 1333787689122 (data)
D/dalvikvm(  451): GC_FOR_ALLOC freed 329K, 8% free 10001K/10759K, paused 20ms
I/ServiceDumpSys(  451): dumping service [account]
D/dalvikvm(  217): GC_CONCURRENT freed 362K, 13% free 9970K/11335K, paused 2ms+4ms
I/EventLogService(  451): Aggregate from 1333789489275 (log), 1333789489275 (data)
I/ServiceDumpSys(  451): dumping service [account]
I/DownloadManager(  264): Initiating request for download 22
W/DownloadManager(  264): Aborting request for download 22: no network connection available
I/EventLogService(  451): Aggregate from 1333791289455 (log), 1333791289455 (data)
I/ServiceDumpSys(  451): dumping service [account]
I/EventLogService(  451): Aggregate from 1333793089566 (log), 1333793089566 (data)
I/ServiceDumpSys(  451): dumping service [account]
D/dalvikvm(  153): GC_CONCURRENT freed 1087K, 10% free 13717K/15175K, paused 4ms+6ms
I/EventLogService(  451): Aggregate from 1333794889771 (log), 1333794889771 (data)
I/ServiceDumpSys(  451): dumping service [account]
D/dalvikvm(  451): GC_FOR_ALLOC freed 322K, 8% free 10001K/10759K, paused 17ms
D/dalvikvm( 2682): GC_CONCURRENT freed 313K, 5% free 10119K/10567K, paused 39ms+2ms
I/EventLogService(  451): Aggregate from 1333796689881 (log), 1333796689881 (data)
I/ServiceDumpSys(  451): dumping service [account]
I/SystemUpdateService(  451): download in progress: [id: 21 compl: false succ: false bytes: 0 reason: 0 fn: null]
I/SystemUpdateService(  451): download took too long; will cancel and retry
D/dalvikvm(  264): GC_CONCURRENT freed 351K, 5% free 9317K/9799K, paused 2ms+3ms
V/SystemUpdateService(  451): retry (wakeup: true) in 209897 ms
V/SystemUpdateService(  451): onPostExecute: false
D/dalvikvm(  264): GC_EXPLICIT freed 152K, 7% free 9188K/9799K, paused 2ms+2ms
I/SystemUpdateService(  451): starting download of http://android.clients.google.com/packages/ota/google_crespo/hR7QFEtn.zip
V/SystemUpdateService(  451): retry (wakeup: true) in 21599998 ms
I/SystemUpdate.Download(  451): Started a new update download: http://android.clients.google.com/packages/ota/google_crespo/hR7QFEtn.zip (id 23; allowMobile=false)
V/SystemUpdateService(  451): onPostExecute: false
D/dalvikvm(  153): GC_EXPLICIT freed 779K, 10% free 13706K/15175K, paused 3ms+6ms
I/DownloadManager(  264): Initiating request for download 23
W/DownloadManager(  264): Aborting request for download 23: no network connection available
I/EventLogService(  451): Aggregate from 1333798490107 (log), 1333798490107 (data)
D/dalvikvm(  451): GC_FOR_ALLOC freed 318K, 8% free 10001K/10759K, paused 20ms
I/ServiceDumpSys(  451): dumping service [account]
I/EventLogService(  451): Aggregate from 1333800290264 (log), 1333800290264 (data)
I/ServiceDumpSys(  451): dumping service [account]
D/dalvikvm(  217): GC_CONCURRENT freed 393K, 13% free 9968K/11335K, paused 2ms+5ms
I/EventLogService(  451): Aggregate from 1333802090385 (log), 1333802090385 (data)
I/ServiceDumpSys(  451): dumping service [account]
D/dalvikvm(  153): GC_CONCURRENT freed 1066K, 10% free 13721K/15175K, paused 3ms+5ms
I/EventLogService(  451): Aggregate from 1333803890491 (log), 1333803890491 (data)
I/ServiceDumpSys(  451): dumping service [account]
I/EventLogService(  451): Aggregate from 1333805690802 (log), 1333805690802 (data)
I/ServiceDumpSys(  451): dumping service [account]
D/dalvikvm(  451): GC_FOR_ALLOC freed 328K, 8% free 9999K/10759K, paused 22ms
I/EventLogService(  451): Aggregate from 1333807490882 (log), 1333807490882 (data)
I/ServiceDumpSys(  451): dumping service [account]
I/EventLogService(  451): Aggregate from 1333809291124 (log), 1333809291124 (data)
I/ServiceDumpSys(  451): dumping service [account]
D/dalvikvm(  153): GC_CONCURRENT freed 1086K, 10% free 13716K/15175K, paused 3ms+5ms
I/EventLogService(  451): Aggregate from 1333811091224 (log), 1333811091224 (data)
I/ServiceDumpSys(  451): dumping service [account]
D/dalvikvm(  312): GC_CONCURRENT freed 425K, 6% free 9493K/10055K, paused 2ms+4ms
I/EventLogService(  451): Aggregate from 1333812891459 (log), 1333812891459 (data)
I/ServiceDumpSys(  451): dumping service [account]
D/dalvikvm(  217): GC_CONCURRENT freed 388K, 13% free 9964K/11335K, paused 1ms+7ms
I/EventLogService(  451): Aggregate from 1333814691584 (log), 1333814691584 (data)
D/dalvikvm(  451): GC_FOR_ALLOC freed 343K, 8% free 9998K/10759K, paused 24ms
I/ServiceDumpSys(  451): dumping service [account]
D/dalvikvm(  153): GC_CONCURRENT freed 1130K, 10% free 13732K/15175K, paused 2ms+8ms
I/EventLogService(  451): Aggregate from 1333816491772 (log), 1333816491772 (data)
I/ServiceDumpSys(  451): dumping service [account]
I/EventLogService(  451): Aggregate from 1333818292123 (log), 1333818292123 (data)
I/ServiceDumpSys(  451): dumping service [account]
I/SystemUpdateService(  451): download in progress: [id: 23 compl: false succ: false bytes: 0 reason: 0 fn: null]
I/SystemUpdateService(  451): download took too long; will cancel and retry
V/SystemUpdateService(  451): retry (wakeup: true) in 269919 ms
D/dalvikvm(  451): GC_FOR_ALLOC freed 305K, 8% free 10001K/10759K, paused 41ms
V/SystemUpdateService(  451): onPostExecute: false
I/SystemUpdateService(  451): starting download of http://android.clients.google.com/packages/ota/google_crespo/hR7QFEtn.zip
V/SystemUpdateService(  451): retry (wakeup: true) in 21599996 ms
I/SystemUpdate.Download(  451): Started a new update download: http://android.clients.google.com/packages/ota/google_crespo/hR7QFEtn.zip (id 24; allowMobile=false)
V/SystemUpdateService(  451): onPostExecute: false
I/DownloadManager(  264): Initiating request for download 24
W/DownloadManager(  264): Aborting request for download 24: no network connection available
I/EventLogService(  451): Aggregate from 1333820092459 (log), 1333820092459 (data)
I/ServiceDumpSys(  451): dumping service [account]
D/dalvikvm(  153): GC_CONCURRENT freed 1064K, 10% free 13729K/15175K, paused 3ms+5ms
I/EventLogService(  451): Aggregate from 1333821892778 (log), 1333821892778 (data)
I/ServiceDumpSys(  451): dumping service [account]
I/System.out( 2860): [INFO:72074760]: c: Running flush
I/System.out( 2860): [INFO:72074761]: c: Sending payload [bytes=386]
I/System.out( 2860): [SEVERE:72074766]: c: AsyncHttpRequestImpl.run(): exception thrown : Unable to resolve host "www.google.com": No address associated with hostname: java.net.UnknownHostException
I/EventLogService(  451): Aggregate from 1333823692927 (log), 1333823692927 (data)
I/ServiceDumpSys(  451): dumping service [account]
D/dalvikvm(  217): GC_CONCURRENT freed 386K, 13% free 9964K/11335K, paused 2ms+7ms
I/EventLogService(  451): Aggregate from 1333825493137 (log), 1333825493137 (data)
D/dalvikvm(  451): GC_FOR_ALLOC freed 357K, 8% free 10000K/10759K, paused 22ms
I/ServiceDumpSys(  451): dumping service [account]
D/dalvikvm(  451): GC_EXPLICIT freed 70K, 8% free 9989K/10759K, paused 3ms+3ms
I/EventLogService(  451): Aggregate from 1333827293462 (log), 1333827293462 (data)
I/ServiceDumpSys(  451): dumping service [account]
D/dalvikvm(  153): GC_CONCURRENT freed 1072K, 10% free 13727K/15175K, paused 2ms+5ms
I/EventLogService(  451): Aggregate from 1333829093834 (log), 1333829093834 (data)
I/ServiceDumpSys(  451): dumping service [account]
D/Finsky  ( 2376): [1] UpdateCheckReceiver.updateCheckIfNecessary: Force checking for available updates.
D/Finsky  ( 2376): [1] UpdatesAvailableReceiver.onReceive: Received updates available notification
E/Finsky  ( 2376): [1] UpdatesAvailableReceiver.onReceive: Could not set up current account / dfe api when receiving an updates available broadcast.
I/EventLogService(  451): Aggregate from 1333830894108 (log), 1333830894108 (data)
I/ServiceDumpSys(  451): dumping service [account]
I/EventLogService(  451): Aggregate from 1333832694220 (log), 1333832694220 (data)
I/ServiceDumpSys(  451): dumping service [account]
D/dalvikvm(  153): GC_CONCURRENT freed 1072K, 10% free 13728K/15175K, paused 2ms+6ms
I/EventLogService(  451): Aggregate from 1333834494446 (log), 1333834494446 (data)
I/ServiceDumpSys(  451): dumping service [account]
D/dalvikvm(  451): GC_FOR_ALLOC freed 347K, 8% free 10001K/10759K, paused 25ms
I/EventLogService(  451): Aggregate from 1333836294537 (log), 1333836294537 (data)
I/ServiceDumpSys(  451): dumping service [account]
D/dalvikvm(  217): GC_CONCURRENT freed 386K, 13% free 9964K/11335K, paused 2ms+7ms
I/EventLogService(  451): Aggregate from 1333838094773 (log), 1333838094773 (data)
I/ServiceDumpSys(  451): dumping service [account]
D/dalvikvm(  153): GC_CONCURRENT freed 1058K, 10% free 13733K/15175K, paused 3ms+6ms
I/EventLogService(  451): Aggregate from 1333839894880 (log), 1333839894880 (data)
I/ServiceDumpSys(  451): dumping service [account]
I/SystemUpdateService(  451): download in progress: [id: 24 compl: false succ: false bytes: 0 reason: 0 fn: null]
I/SystemUpdateService(  451): download took too long; will cancel and retry
D/dalvikvm(  153): GC_EXPLICIT freed 302K, 10% free 13695K/15175K, paused 2ms+9ms
D/dalvikvm(  451): GC_FOR_ALLOC freed 331K, 8% free 10001K/10759K, paused 25ms
V/SystemUpdateService(  451): retry (wakeup: true) in 329853 ms
V/SystemUpdateService(  451): onPostExecute: false
I/SystemUpdateService(  451): starting download of http://android.clients.google.com/packages/ota/google_crespo/hR7QFEtn.zip
V/SystemUpdateService(  451): retry (wakeup: true) in 21599997 ms
D/dalvikvm(  264): GC_CONCURRENT freed 274K, 6% free 9301K/9799K, paused 2ms+6ms
I/SystemUpdate.Download(  451): Started a new update download: http://android.clients.google.com/packages/ota/google_crespo/hR7QFEtn.zip (id 25; allowMobile=false)
V/SystemUpdateService(  451): onPostExecute: false
I/DownloadManager(  264): Initiating request for download 25
W/DownloadManager(  264): Aborting request for download 25: no network connection available
I/EventLogService(  451): Aggregate from 1333841695128 (log), 1333841695128 (data)
I/ServiceDumpSys(  451): dumping service [account]
I/EventLogService(  451): Aggregate from 1333843495450 (log), 1333843495450 (data)
I/ServiceDumpSys(  451): dumping service [account]
I/EventLogService(  451): Aggregate from 1333845295568 (log), 1333845295568 (data)
I/ServiceDumpSys(  451): dumping service [account]
D/dalvikvm(  451): GC_FOR_ALLOC freed 345K, 8% free 10003K/10759K, paused 24ms
D/dalvikvm(  153): GC_CONCURRENT freed 1004K, 10% free 13744K/15175K, paused 2ms+6ms
I/EventLogService(  451): Aggregate from 1333847095806 (log), 1333847095806 (data)
I/ServiceDumpSys(  451): dumping service [account]
D/dalvikvm(  217): GC_CONCURRENT freed 394K, 13% free 9964K/11335K, paused 2ms+4ms
I/EventLogService(  451): Aggregate from 1333848895891 (log), 1333848895891 (data)
I/ServiceDumpSys(  451): dumping service [account]
I/EventLogService(  451): Aggregate from 1333850696140 (log), 1333850696140 (data)
I/ServiceDumpSys(  451): dumping service [account]
D/dalvikvm(  153): GC_CONCURRENT freed 1173K, 10% free 13749K/15175K, paused 2ms+9ms
I/EventLogService(  451): Aggregate from 1333852496462 (log), 1333852496462 (data)
I/ServiceDumpSys(  451): dumping service [account]
I/EventLogService(  451): Aggregate from 1333854296599 (log), 1333854296599 (data)
D/dalvikvm(  451): GC_FOR_ALLOC freed 369K, 8% free 9999K/10759K, paused 24ms
I/ServiceDumpSys(  451): dumping service [account]
D/AlarmManagerService(  153): Kernel timezone updated to 240 minutes west of GMT
I/EventLogService(  451): Aggregate from 1333856096808 (log), 1333856096808 (data)
I/ServiceDumpSys(  451): dumping service [account]
D/dalvikvm(  153): GC_CONCURRENT freed 1070K, 10% free 13750K/15175K, paused 4ms+5ms
I/EventLogService(  451): Aggregate from 1333857897149 (log), 1333857897149 (data)
I/ServiceDumpSys(  451): dumping service [account]
D/dalvikvm(  217): GC_CONCURRENT freed 408K, 13% free 9956K/11335K, paused 2ms+4ms
I/EventLogService(  451): Aggregate from 1333859697466 (log), 1333859697466 (data)
I/ServiceDumpSys(  451): dumping service [account]
I/EventLogService(  451): Aggregate from 1333861497597 (log), 1333861497597 (data)
I/ServiceDumpSys(  451): dumping service [account]
D/dalvikvm(  451): GC_FOR_ALLOC freed 351K, 8% free 10000K/10759K, paused 23ms
I/SystemUpdateService(  451): download in progress: [id: 25 compl: false succ: false bytes: 0 reason: 0 fn: null]
I/SystemUpdateService(  451): download took too long; will cancel and retry
V/SystemUpdateService(  451): retry (wakeup: true) in 389874 ms
V/SystemUpdateService(  451): onPostExecute: false
D/dalvikvm(  153): JIT code cache reset in 4 ms (1048540 bytes 3/0)
D/dalvikvm(  153): GC_CONCURRENT freed 1072K, 10% free 13745K/15175K, paused 17ms+10ms
I/SystemUpdateService(  451): starting download of http://android.clients.google.com/packages/ota/google_crespo/hR7QFEtn.zip
V/SystemUpdateService(  451): retry (wakeup: true) in 21599998 ms
I/SystemUpdate.Download(  451): Started a new update download: http://android.clients.google.com/packages/ota/google_crespo/hR7QFEtn.zip (id 26; allowMobile=false)
V/SystemUpdateService(  451): onPostExecute: false
I/DownloadManager(  264): Initiating request for download 26
W/DownloadManager(  264): Aborting request for download 26: no network connection available
I/EventLogService(  451): Aggregate from 1333863298129 (log), 1333863298129 (data)
I/ServiceDumpSys(  451): dumping service [account]
I/EventLogService(  451): Aggregate from 1333865098255 (log), 1333865098255 (data)
D/dalvikvm(  451): GC_FOR_ALLOC freed 337K, 8% free 10000K/10759K, paused 24ms
I/ServiceDumpSys(  451): dumping service [account]
I/System.out( 2860): [INFO:115412421]: c: Running flush
I/System.out( 2860): [INFO:115412423]: c: Sending payload [bytes=386]
I/System.out( 2860): [SEVERE:115412427]: c: AsyncHttpRequestImpl.run(): exception thrown : Unable to resolve host "www.google.com": No address associated with hostname: java.net.UnknownHostException
I/EventLogService(  451): Aggregate from 1333866898487 (log), 1333866898487 (data)
I/ServiceDumpSys(  451): dumping service [account]
D/dalvikvm(  153): GC_CONCURRENT freed 1078K, 10% free 13754K/15175K, paused 3ms+5ms
I/EventLogService(  451): Aggregate from 1333868698803 (log), 1333868698803 (data)
I/ServiceDumpSys(  451): dumping service [account]
D/dalvikvm(  217): GC_CONCURRENT freed 394K, 13% free 9961K/11335K, paused 2ms+4ms
I/EventLogService(  451): Aggregate from 1333870498884 (log), 1333870498884 (data)
I/ServiceDumpSys(  451): dumping service [account]
I/DownloadManager(  264): Initiating request for download 27
W/DownloadManager(  264): Aborting request for download 27: no network connection available
I/EventLogService(  451): Aggregate from 1333872299127 (log), 1333872299127 (data)
I/ServiceDumpSys(  451): dumping service [account]
D/dalvikvm(  451): GC_FOR_ALLOC freed 360K, 8% free 10001K/10759K, paused 43ms
D/dalvikvm(  153): GC_CONCURRENT freed 1078K, 10% free 13741K/15175K, paused 3ms+5ms
I/EventLogService(  451): Aggregate from 1333874099240 (log), 1333874099240 (data)
I/ServiceDumpSys(  451): dumping service [account]
I/EventLogService(  451): Aggregate from 1333875899510 (log), 1333875899510 (data)
I/ServiceDumpSys(  451): dumping service [account]
D/dalvikvm(  153): GC_EXPLICIT freed 696K, 10% free 13719K/15175K, paused 3ms+6ms
I/EventLogService(  451): Aggregate from 1333877699770 (log), 1333877699770 (data)
I/ServiceDumpSys(  451): dumping service [account]
I/EventLogService(  451): Aggregate from 1333879499950 (log), 1333879499950 (data)
I/ServiceDumpSys(  451): dumping service [account]
D/dalvikvm(  217): GC_CONCURRENT freed 382K, 13% free 9965K/11335K, paused 1ms+4ms
I/EventLogService(  451): Aggregate from 1333881300084 (log), 1333881300084 (data)
D/dalvikvm(  451): GC_FOR_ALLOC freed 383K, 8% free 10000K/10759K, paused 21ms
I/ServiceDumpSys(  451): dumping service [account]
I/EventLogService(  451): Aggregate from 1333883100208 (log), 1333883100208 (data)
D/dalvikvm(  153): GC_CONCURRENT freed 1030K, 10% free 13739K/15175K, paused 3ms+5ms
I/ServiceDumpSys(  451): dumping service [account]
I/SystemUpdateService(  451): download in progress: [id: 26 compl: false succ: false bytes: 0 reason: 0 fn: null]
I/SystemUpdateService(  451): download took too long; will cancel and retry
V/SystemUpdateService(  451): retry (wakeup: true) in 449911 ms
V/SystemUpdateService(  451): onPostExecute: false
I/EventLogService(  451): Aggregate from 1333884900477 (log), 1333884900477 (data)
I/ServiceDumpSys(  451): dumping service [account]
D/dalvikvm(  451): GC_FOR_ALLOC freed 324K, 8% free 10001K/10759K, paused 24ms
I/SystemUpdateService(  451): starting download of http://android.clients.google.com/packages/ota/google_crespo/hR7QFEtn.zip
V/SystemUpdateService(  451): retry (wakeup: true) in 21599998 ms
D/dalvikvm(  264): GC_CONCURRENT freed 422K, 6% free 9304K/9863K, paused 2ms+7ms
I/SystemUpdate.Download(  451): Started a new update download: http://android.clients.google.com/packages/ota/google_crespo/hR7QFEtn.zip (id 28; allowMobile=false)
V/SystemUpdateService(  451): onPostExecute: false
I/DownloadManager(  264): Initiating request for download 28
W/DownloadManager(  264): Aborting request for download 28: no network connection available
I/EventLogService(  451): Aggregate from 1333886700789 (log), 1333886700789 (data)
I/ServiceDumpSys(  451): dumping service [account]
D/dalvikvm(  153): GC_CONCURRENT freed 1075K, 10% free 13740K/15175K, paused 3ms+5ms
I/EventLogService(  451): Aggregate from 1333888500885 (log), 1333888500885 (data)
I/ServiceDumpSys(  451): dumping service [account]
D/dalvikvm(  217): GC_CONCURRENT freed 387K, 13% free 9969K/11335K, paused 2ms+5ms
I/EventLogService(  451): Aggregate from 1333890301114 (log), 1333890301114 (data)
I/ServiceDumpSys(  451): dumping service [account]
I/EventLogService(  451): Aggregate from 1333892101233 (log), 1333892101233 (data)
D/dalvikvm(  451): GC_CONCURRENT freed 369K, 7% free 10019K/10759K, paused 2ms+3ms
I/ServiceDumpSys(  451): dumping service [account]
D/dalvikvm(  153): GC_CONCURRENT freed 1069K, 10% free 13744K/15175K, paused 4ms+5ms
I/EventLogService(  451): Aggregate from 1333893901462 (log), 1333893901462 (data)
I/ServiceDumpSys(  451): dumping service [account]
I/EventLogService(  451): Aggregate from 1333895701790 (log), 1333895701790 (data)
I/ServiceDumpSys(  451): dumping service [account]
I/EventLogService(  451): Aggregate from 1333897501893 (log), 1333897501893 (data)
I/ServiceDumpSys(  451): dumping service [account]
I/EventLogService(  451): Aggregate from 1333899302125 (log), 1333899302125 (data)
D/dalvikvm(  153): GC_CONCURRENT freed 1057K, 10% free 13743K/15175K, paused 3ms+4ms
I/ServiceDumpSys(  451): dumping service [account]
D/dalvikvm(  451): GC_FOR_ALLOC freed 387K, 8% free 10000K/10759K, paused 21ms
D/dalvikvm(  217): GC_CONCURRENT freed 386K, 13% free 9969K/11335K, paused 1ms+3ms
D/dalvikvm(  451): GC_EXPLICIT freed 42K, 8% free 9986K/10759K, paused 5ms+6ms
I/EventLogService(  451): Aggregate from 1333901102227 (log), 1333901102227 (data)
I/ServiceDumpSys(  451): dumping service [account]
D/dalvikvm( 2860): GC_CONCURRENT freed 327K, 8% free 9952K/10759K, paused 2ms+2ms
I/EventLogService(  451): Aggregate from 1333902902456 (log), 1333902902456 (data)
I/ServiceDumpSys(  451): dumping service [account]
I/EventLogService(  451): Aggregate from 1333904702572 (log), 1333904702572 (data)
I/ServiceDumpSys(  451): dumping service [account]
D/dalvikvm(  153): GC_CONCURRENT freed 1056K, 10% free 13745K/15175K, paused 3ms+5ms
I/EventLogService(  451): Aggregate from 1333906502696 (log), 1333906502696 (data)
I/ServiceDumpSys(  451): dumping service [account]
I/SystemUpdateService(  451): download in progress: [id: 28 compl: false succ: false bytes: 0 reason: 0 fn: null]
I/SystemUpdateService(  451): download took too long; will cancel and retry
D/dalvikvm(  451): GC_FOR_ALLOC freed 365K, 8% free 10005K/10759K, paused 21ms
D/dalvikvm(  451): GC_CONCURRENT freed 16K, 7% free 10013K/10759K, paused 2ms+3ms
V/SystemUpdateService(  451): retry (wakeup: true) in 509889 ms
V/SystemUpdateService(  451): onPostExecute: false
I/SystemUpdateService(  451): starting download of http://android.clients.google.com/packages/ota/google_crespo/hR7QFEtn.zip
V/SystemUpdateService(  451): retry (wakeup: true) in 21599992 ms
I/SystemUpdate.Download(  451): Started a new update download: http://android.clients.google.com/packages/ota/google_crespo/hR7QFEtn.zip (id 29; allowMobile=false)
V/SystemUpdateService(  451): onPostExecute: false
I/DownloadManager(  264): Initiating request for download 29
W/DownloadManager(  264): Aborting request for download 29: no network connection available
I/EventLogService(  451): Aggregate from 1333908302866 (log), 1333908302866 (data)
I/ServiceDumpSys(  451): dumping service [account]
I/System.out( 2860): [INFO:158719956]: c: Running flush
I/System.out( 2860): [INFO:158719957]: c: Sending payload [bytes=386]
I/System.out( 2860): [SEVERE:158719962]: c: AsyncHttpRequestImpl.run(): exception thrown : Unable to resolve host "www.google.com": No address associated with hostname: java.net.UnknownHostException
D/dalvikvm(  217): GC_CONCURRENT freed 391K, 13% free 9969K/11335K, paused 2ms+12ms
D/dalvikvm(  153): GC_CONCURRENT freed 1091K, 10% free 13754K/15175K, paused 4ms+5ms
I/EventLogService(  451): Aggregate from 1333910103114 (log), 1333910103114 (data)
I/ServiceDumpSys(  451): dumping service [account]
I/EventLogService(  451): Aggregate from 1333911903259 (log), 1333911903259 (data)
D/dalvikvm(  451): GC_FOR_ALLOC freed 346K, 8% free 10001K/10759K, paused 24ms
I/ServiceDumpSys(  451): dumping service [account]
D/dalvikvm(  153): GC_EXPLICIT freed 754K, 10% free 13737K/15175K, paused 3ms+6ms
I/EventLogService(  451): Aggregate from 1333913703453 (log), 1333913703453 (data)
I/ServiceDumpSys(  451): dumping service [account]
I/EventLogService(  451): Aggregate from 1333915503876 (log), 1333915503876 (data)
I/ServiceDumpSys(  451): dumping service [account]
D/Finsky  ( 2376): [1] UpdateCheckReceiver.updateCheckIfNecessary: Force checking for available updates.
D/Finsky  ( 2376): [1] UpdatesAvailableReceiver.onReceive: Received updates available notification
E/Finsky  ( 2376): [1] UpdatesAvailableReceiver.onReceive: Could not set up current account / dfe api when receiving an updates available broadcast.
I/EventLogService(  451): Aggregate from 1333917304111 (log), 1333917304111 (data)
I/ServiceDumpSys(  451): dumping service [account]
D/dalvikvm(  153): GC_CONCURRENT freed 1045K, 10% free 13752K/15175K, paused 4ms+5ms
I/EventLogService(  451): Aggregate from 1333919104225 (log), 1333919104225 (data)
I/ServiceDumpSys(  451): dumping service [account]
D/dalvikvm(  451): GC_FOR_ALLOC freed 379K, 8% free 10001K/10759K, paused 42ms
D/dalvikvm(  217): GC_CONCURRENT freed 395K, 13% free 9968K/11335K, paused 4ms+4ms
I/EventLogService(  451): Aggregate from 1333920904453 (log), 1333920904453 (data)
I/ServiceDumpSys(  451): dumping service [account]
I/EventLogService(  451): Aggregate from 1333922704623 (log), 1333922704623 (data)
I/ServiceDumpSys(  451): dumping service [account]
I/power   (  153): *** set_screen_state 1
W/PowerUI (  217): unknown intent: Intent { act=android.intent.action.ACTION_POWER_CONNECTED flg=0x10000010 }
I/WindowManager(  153): Lock screen displayed!
D/PicasaSyncManager( 2831): battery info: true
D/SurfaceFlinger(   78): Screen about to return, flinger = 0xdbb918
I/StorageNotification(  217): UMS connection changed to true (media state mounted)
I/StorageNotification(  217): UMS connection changed to true (media state mounted)
D/dalvikvm(  217): GC_CONCURRENT freed 283K, 11% free 10197K/11335K, paused 2ms+25ms
D/dalvikvm(  153): GC_CONCURRENT freed 1209K, 11% free 13636K/15175K, paused 3ms+7ms
D/dalvikvm(  217): GC_CONCURRENT freed 437K, 11% free 10183K/11335K, paused 2ms+4ms
D/dalvikvm(  217): GC_FOR_ALLOC freed 326K, 11% free 10104K/11335K, paused 31ms
D/PhoneStatusBar(  217): disable: < expand icons alerts ticker system_info BACK HOME recent* CLOCK >
D/PhoneStatusBar(  217): disable: < expand icons alerts ticker system_info back* home* recent clock* >
W/InputManagerService(  153): Window already focused, ignoring focus gain of: com.android.internal.view.IInputMethodClient$Stub$Proxy@416cd2e0
W/InputManagerService(  153): Window already focused, ignoring focus gain of: com.android.internal.view.IInputMethodClient$Stub$Proxy@415f8ac0
I/ActivityManager(  153): START {flg=0x10000000 cmp=com.android.systemui/.usb.UsbStorageActivity bnds=[0,119][480,215]} from pid -1
D/AudioHardware(   81): AudioHardware pcm playback is exiting standby.
D/AudioHardware(   81): openPcmOut_l() mPcmOpenCnt: 0
I/UsageStats(  153): Deleting usage file : usage-20120219
W/KeyguardViewMediator(  153): verifyUnlock called when not externally disabled
D/OpenGLRenderer(  342): Flushing caches (mode 1)
D/dalvikvm(  217): GC_FOR_ALLOC freed 100K, 9% free 10347K/11335K, paused 27ms
I/dalvikvm-heap(  217): Grow heap (frag case) to 10.450MB for 291616-byte allocation
D/dalvikvm(  217): GC_FOR_ALLOC freed 11K, 9% free 10620K/11655K, paused 21ms
D/VoldCmdListener(   72): volume shared /mnt/sdcard ums
D/OpenGLRenderer(  342): Flushing caches (mode 0)
D/libEGL  (  217): loaded /system/lib/egl/libGLES_android.so
D/libEGL  (  217): loaded /vendor/lib/egl/libEGL_POWERVR_SGX540_120.so
D/libEGL  (  217): loaded /vendor/lib/egl/libGLESv1_CM_POWERVR_SGX540_120.so
D/libEGL  (  217): loaded /vendor/lib/egl/libGLESv2_POWERVR_SGX540_120.so
D/OpenGLRenderer(  217): Enabling debug mode 0
I/ActivityManager(  153): Displayed com.android.systemui/.usb.UsbStorageActivity: +558ms
D/VoldCmdListener(   72): storage users /mnt/sdcard
I/PackageManager(  153): Updating external media status from mounted to unmounted
D/VoldCmdListener(   72): asec list
I/PackageManager(  153): No secure containers on sdcard
W/InputManagerService(  153): Window already focused, ignoring focus gain of: com.android.internal.view.IInputMethodClient$Stub$Proxy@414d1318
D/VoldCmdListener(   72): storage users /mnt/sdcard
W/ActivityManager(  153): Killing processes unmount media at adjustment 5
W/ActivityManager(  153): Killing ProcessRecord{415f4b38 2682:com.google.android.apps.maps/10032} (adj 5): unmount media
D/VoldCmdListener(   72): storage users /mnt/sdcard
W/ActivityManager(  153): Scheduling restart of crashed service com.google.android.apps.maps/com.google.googlenav.prefetch.android.PrefetcherService in 5000ms
D/dalvikvm(  153): GC_EXPLICIT freed 613K, 10% free 13789K/15175K, paused 2ms+12ms
I/PackageManager(  153): Updating external media status from unmounted to unmounted
D/VoldCmdListener(   72): volume unmount /mnt/sdcard force
D/Vold    (   72): Volume sdcard state changing 4 (Mounted) -> 5 (Unmounting)
D/MountService(  153): sendStorageIntent Intent { act=android.intent.action.MEDIA_EJECT dat=file:///mnt/sdcard (has extras) }
I/Vold    (   72): /mnt/secure/staging/.android_secure sucessfully unmounted
I/Vold    (   72): /mnt/secure/asec sucessfully unmounted
I/Vold    (   72): /mnt/secure/staging sucessfully unmounted
I/Vold    (   72): /mnt/sdcard unmounted sucessfully
D/Vold    (   72): Volume sdcard state changing 5 (Unmounting) -> 1 (Idle-Unmounted)
I/PackageManager(  153): Updating external media status from unmounted to unmounted
D/MountService(  153): volume state changed for /mnt/sdcard (mounted -> unmounted)
D/MountService(  153): sendStorageIntent Intent { act=android.intent.action.MEDIA_UNMOUNTED dat=file:///mnt/sdcard (has extras) }
I/StorageNotification(  217): Media {/mnt/sdcard} state changed from {mounted} -> {unmounted}
D/VoldCmdListener(   72): volume share /mnt/sdcard ums
D/Vold    (   72): Volume sdcard state changing 1 (Idle-Unmounted) -> 7 (Shared-Unmounted)
W/MountService(  153): Duplicate state transition (unmounted -> unmounted) for /mnt/sdcard
D/MountService(  153): sendStorageIntent Intent { act=android.intent.action.MEDIA_UNMOUNTED dat=file:///mnt/sdcard (has extras) }
D/MountService(  153): volume state changed for /mnt/sdcard (unmounted -> shared)
D/MediaScannerReceiver(  264): action: android.intent.action.MEDIA_UNMOUNTED path: /mnt/sdcard
D/MediaScannerReceiver(  264): action: android.intent.action.MEDIA_UNMOUNTED path: /mnt/sdcard
D/VoldCmdListener(   72): volume shared /mnt/sdcard ums
D/dalvikvm(  217): GC_FOR_ALLOC freed 23K, 9% free 10704K/11655K, paused 31ms
I/dalvikvm-heap(  217): Grow heap (frag case) to 10.799MB for 291616-byte allocation
D/dalvikvm(  217): GC_FOR_ALLOC freed 5K, 9% free 10984K/11975K, paused 16ms
D/MountService(  153): sendStorageIntent Intent { act=android.intent.action.MEDIA_SHARED dat=file:///mnt/sdcard (has extras) }
I/StorageNotification(  217): Media {/mnt/sdcard} state changed from {unmounted} -> {shared}
D/dalvikvm(  217): GC_FOR_ALLOC freed 664K, 10% free 10811K/11975K, paused 19ms
D/dalvikvm(  217): GC_CONCURRENT freed 518K, 10% free 10882K/11975K, paused 2ms+3ms
D/dalvikvm(  217): GC_CONCURRENT freed 598K, 11% free 10777K/11975K, paused 2ms+4ms
D/AudioHardware(   81): AudioHardware pcm playback is going to standby.
D/AudioHardware(   81): closePcmOut_l() mPcmOpenCnt: 1
I/ActivityManager(  153): Start proc com.google.android.apps.maps for service com.google.android.apps.maps/com.google.googlenav.prefetch.android.PrefetcherService: pid=3078 uid=10032 gids={3003, 1015}
I/dalvikvm( 3078): Turning on JNI app bug workarounds for target SDK version 13...
D/dalvikvm( 3078): GC_CONCURRENT freed 164K, 3% free 9369K/9607K, paused 2ms+2ms
I/ActivityThread( 3078): Pub com.google.android.maps.LayerInfoProvider: com.google.googlenav.layer.LayerInfoProvider
I/ActivityThread( 3078): Pub com.google.android.maps.TrafficAppWidgetProvider: com.google.googlenav.appwidget.traffic.TrafficAppWidgetProvider
I/ActivityThread( 3078): Pub com.google.android.maps.SuggestionProvider: com.google.googlenav.suggest.android.SuggestProvider
I/ActivityThread( 3078): Pub com.google.android.maps.LocalActivePlacesProvider: com.google.googlenav.provider.LocalActivePlacesProvider
I/ActivityThread( 3078): Pub com.google.android.maps.StarredItemProvider: com.google.googlenav.provider.StarredItemProvider
D/dalvikvm( 3078): GC_CONCURRENT freed 135K, 3% free 9750K/9991K, paused 2ms+3ms
I/ActivityThread( 3078): Pub com.google.android.maps.LocalSuggestionProvider: com.google.googlenav.provider.LocalSuggestionProvider
I/ActivityThread( 3078): Pub com.google.android.maps.SearchHistoryProvider: com.google.googlenav.provider.SearchHistoryProvider
I/ActivityThread( 3078): Pub com.google.android.maps.NavigationAvailabilityProvider: com.google.googlenav.provider.NavigationAvailabilityProvider
