--------- beginning of /dev/log/system
I/Vold    (   72): Vold 2.1 (the revenge) firing up
D/Vold    (   72): Volume sdcard state changing -1 (Initializing) -> 0 (No-Media)
D/Vold    (   72): Volume sdcard state changing 0 (No-Media) -> 2 (Pending)
D/Vold    (   72): Volume sdcard state changing 2 (Pending) -> 1 (Idle-Unmounted)
W/Vold    (   72): Duplicate state (1)
W/Vold    (   72): Duplicate state (1)
W/Vold    (   72): Duplicate state (1)
W/Vold    (   72): Duplicate state (1)
I/SystemServer(  153): Entered the Android system server!
I/SystemServer(  153): Entropy Service
I/SystemServer(  153): Power Manager
I/SystemServer(  153): Activity Manager
I/ActivityManager(  153): Memory class: 48
I/SystemServer(  153): Telephony Registry
I/SystemServer(  153): Package Manager
W/PackageParser(  153): No actions in intent filter at /system/app/Bluetooth.apk Binary XML file line #125
W/PackageParser(  153): No actions in intent filter at /system/app/Contacts.apk Binary XML file line #525
W/PackageParser(  153): Unknown element under <manifest>: supports-gl-texture at /system/app/GoogleEarth.apk Binary XML file line #3
I/Installer(  153): connecting...
I/PackageParser(  153): com.googlecode.android.wifi.tether: compat added android.permission.WRITE_EXTERNAL_STORAGE android.permission.READ_PHONE_STATE
I/PackageManager(  153): Time to scan packages: 3.998 seconds
W/PackageManager(  153): Not granting permission android.permission.SEND_DOWNLOAD_COMPLETED_INTENTS to package com.google.android.browser (protectionLevel=2 flags=0x9be45)
W/PackageManager(  153): Unknown permission com.android.vending.permission.UPDATE_MARKET_FAILURE in package com.android.vending.updater
W/PackageManager(  153): Unknown permission android.permission.ADD_SYSTEM_SERVICE in package com.android.phone
W/PackageManager(  153): Unknown permission com.android.smspush.WAPPUSH_MANAGER_BIND in package com.android.phone
W/PackageManager(  153): Unknown permission com.android.vending.billing.IBillingAccountService.BIND2 in package com.google.android.gsf.login
W/PackageManager(  153): Not granting permission android.permission.DEVICE_POWER to package com.google.android.deskclock (protectionLevel=2 flags=0x8be45)
W/PackageManager(  153): Unknown permission android.permission.READ_OWNER_DATA in package com.google.android.setupwizard
W/PackageManager(  153): Unknown permission android.permission.WRITE_OWNER_DATA in package com.google.android.setupwizard
W/PackageManager(  153): Not granting permission com.google.android.gm.permission.READ_GMAIL to package com.google.android.apps.uploader (protectionLevel=2 flags=0x8be45)
W/PackageManager(  153): Unknown permission android.permission.READ_EXTERNAL_STORAGE in package com.android.vending
W/PackageManager(  153): Not granting permission android.permission.SEND_DOWNLOAD_COMPLETED_INTENTS to package com.android.vending (protectionLevel=2 flags=0xabec5)
W/PackageManager(  153): Not granting permission android.permission.ACCOUNT_MANAGER to package com.google.android.music (protectionLevel=2 flags=0x8be65)
W/PackageManager(  153): Unknown permission com.android.providers.im.permission.READ_ONLY in package com.google.android.apps.maps
W/PackageManager(  153): Unknown permission android.permission.READ_EXTERNAL_STORAGE in package com.google.android.videoeditor
W/PackageManager(  153): Unknown permission com.google.android.apps.googlevoice.REMOTE_INTENT in package com.google.android.apps.googlevoice
W/PackageManager(  153): Unknown permission com.google.android.permission.RECEIVE_DATA_MESSAGE in package com.google.android.apps.googlevoice
W/PackageManager(  153): Unknown permission com.google.android.permission.SEND_DATA_MESSAGE in package com.google.android.apps.googlevoice
I/SystemServer(  153): Account Manager
--------- beginning of /dev/log/main
D/PackageManager(  153): generateServicesMap(android.accounts.AccountAuthenticator): 3 services unchanged
I/SystemServer(  153): Content Manager
D/PackageManager(  153): generateServicesMap(android.content.SyncAdapter): 14 services unchanged
I/ActivityThread(  153): Pub settings: com.android.providers.settings.SettingsProvider
I/SystemServer(  153): System Content Providers
D/SettingsProvider(  153): cache for settings table 'secure' rows=47; fullycached=true
D/SettingsProvider(  153): cache for settings table 'system' rows=55; fullycached=true
I/SystemServer(  153): Lights Service
D/dalvikvm(  153): GC_CONCURRENT freed 266K, 4% free 11139K/11527K, paused 2ms+3ms
I/SystemServer(  153): Battery Service
I/SystemServer(  153): Vibrator Service
I/power   (  153): *** set_screen_state 1
I/SystemServer(  153): Alarm Manager
D/AlarmManagerService(  153): Kernel timezone updated to 240 minutes west of GMT
I/SystemServer(  153): Init Watchdog
I/SystemServer(  153): Window Manager
I/InputManager(  153): Initializing input manager
W/StatusBarManager(  153): warning: no STATUS_BAR_SERVICE
I/InputManager(  153): Starting input manager
I/SystemServer(  153): Bluetooth Service
I/BluetoothProfileState(  153): Message:Entering Stable State
I/BluetoothProfileState(  153): Message:Entering Stable State
I/BluetoothProfileState(  153): Message:Entering Stable State
I/SystemServer(  153): Input Method Service
D/EventHub(  153): No input device configuration file found for device 'compass'.
D/BluetoothAdapterStateMachine(  153): PowerOff process message: 5
W/InputManagerService(  153): Couldn't create dir.: /data/system/inputmethod
D/EventHub(  153): No input device configuration file found for device 'lightsensor-level'.
D/EventHub(  153): No input device configuration file found for device 'proximity'.
D/EventHub(  153): No input device configuration file found for device 'herring-keypad'.
I/EventHub(  153): New device: id=4, fd=115, path='/dev/input/event2', name='herring-keypad', classes=0x1, configuration='', keyLayout='/system/usr/keylayout/herring-keypad.kl', keyCharacterMap='/system/usr/keychars/herring-keypad.kcm', builtinKeyboard=false
D/EventHub(  153): No input device configuration file found for device 'gyro'.
E/filemap (  153): mmap(0,4096) failed: No such device
I/EventHub(  153): New device: id=6, fd=116, path='/dev/input/event0', name='mxt224_ts_input', classes=0x15, configuration='/system/usr/idc/mxt224_ts_input.idc', keyLayout='/system/usr/keylayout/mxt224_ts_input.kl', keyCharacterMap='/system/usr/keychars/mxt224_ts_input.kcm', builtinKeyboard=false
I/InputReader(  153):   Touch device 'mxt224_ts_input' could not query the properties of its associated display 0.  The device will be inoperable until the display size becomes available.
I/InputReader(  153): Device added: id=6, name='mxt224_ts_input', sources=0x00001103
I/InputReader(  153): Device added: id=4, name='herring-keypad', sources=0x00000101
I/SystemServer(  153): Accessibility Manager
I/InputReader(  153): Reconfiguring input devices.  changes=0x00000004
I/InputReader(  153): Device reconfigured: id=6, name='mxt224_ts_input', surface size is now 480x800, mode is 1
D/PermissionCache(   78): checking android.permission.ACCESS_SURFACE_FLINGER for uid=1000 => granted (328 us)
I/ActivityManager(  153): Config changed: {1.0 0mcc0mnc en_US layoutdir=0 sw320dp w320dp h508dp nrml long port ?uimode ?night finger -keyb/v/h -nav/h s.2}
I/SystemServer(  153): Device Policy
I/SystemServer(  153): Status Bar
I/SystemServer(  153): Clipboard Service
I/SystemServer(  153): NetworkManagement Service
I/SystemServer(  153): Text Service Manager Service
I/SystemServer(  153): NetworkStats Service
I/SystemServer(  153): NetworkPolicy Service
I/SystemServer(  153): Wi-Fi P2pService
I/SystemServer(  153): Wi-Fi Service
E/CommandListener(   75): Failed to open /proc/sys/net/ipv6/conf/wlan0/disable_ipv6: No such file or directory
E/WifiStateMachine(  153): Failed to disable IPv6: java.lang.IllegalStateException: Unable to communicate to native daemon for disabling ipv6
I/SystemServer(  153): Connectivity Service
D/ConnectivityService(  153): ConnectivityService starting up
I/bluedroid(  153): Starting hciattach daemon
I/bluedroid(  153): bt_enable: ret: -1, errno: 19
E/ConnectivityService(  153): Ignoring protectedNetwork 10
E/ConnectivityService(  153): Ignoring protectedNetwork 11
E/ConnectivityService(  153): Ignoring protectedNetwork 12
E/MobileDataStateTracker(  153): default: Ignoring feature request because could not acquire PhoneService
E/MobileDataStateTracker(  153): default: Could not enable APN type "default"
D/NetworkManagementService(  153): Registering observer
D/NetworkManagementService(  153): Registering observer
I/WifiService(  153): WifiService starting up with Wi-Fi disabled
D/dalvikvm(  153): GC_CONCURRENT freed 414K, 5% free 11290K/11783K, paused 2ms+5ms
I/SystemServer(  153): Throttle Service
I/SystemServer(  153): Mount Service
D/MountService(  153): got storage path: /mnt/sdcard description: USB storage primary: true removable: false emulated: false mtpReserve: 0 allowMassStorage: true maxFileSize: 4294967296
I/SystemServer(  153): Notification Manager
I/SystemServer(  153): Device Storage Monitor
I/SystemServer(  153): Location Manager
I/SystemServer(  153): Country Detector
I/SystemServer(  153): Search Service
I/SystemServer(  153): DropBox Service
I/SystemServer(  153): Wallpaper Service
I/SystemServer(  153): Audio Service
D/VoldCmdListener(   72): volume list
I/PackageManager(  153): Updating external media status from unmounted to unmounted
D/MountService(  153): volume state changed for /mnt/sdcard (null -> unmounted)
D/AudioHardware(   81): ### setVoiceVolume_l
I/SystemServer(  153): Dock Observer
I/SystemServer(  153): Wired Accessory Observer
I/SystemServer(  153): USB Service
I/bluedroid(  153): bt_enable: ret: -1, errno: 19
I/SystemServer(  153): UI Mode Manager Service
I/SystemServer(  153): Backup Service
V/BackupManagerService(  153): Initializing package tracking
V/BackupManagerService(  153): No ancestral data
V/BackupManagerService(  153): addPackageParticipantsLocked: null
I/bluedroid(  153): bt_enable: ret: -1, errno: 19
I/BackupManagerService(  153): New app android never backed up; scheduling
I/BackupManagerService(  153): New app com.android.nfc never backed up; scheduling
I/BackupManagerService(  153): New app com.android.providers.settings never backed up; scheduling
I/BackupManagerService(  153): New app com.android.providers.userdictionary never backed up; scheduling
I/BackupManagerService(  153): New app com.android.sharedstoragebackup never backed up; scheduling
I/BackupManagerService(  153): New app com.android.vending never backed up; scheduling
D/dalvikvm(  153): GC_CONCURRENT freed 371K, 4% free 11450K/11911K, paused 2ms+4ms
I/BackupManagerService(  153): New app com.google.android.browser never backed up; scheduling
I/BackupManagerService(  153): New app com.google.android.calendar never backed up; scheduling
I/BackupManagerService(  153): New app com.google.android.gm never backed up; scheduling
I/BackupManagerService(  153): New app com.google.android.inputmethod.latin never backed up; scheduling
I/BackupManagerService(  153): New app org.connectbot never backed up; scheduling
V/BackupManagerService(  153): Registering transport android/com.android.internal.backup.LocalTransport = com.android.internal.backup.LocalTransport@41536008
V/BackupManagerService(  153): Starting with transport com.google.android.backup/.BackupTransportService
V/BackupManagerService(  153): Binding to Google transport
I/BackupManagerService(  153): Found stale backup journal, scheduling
I/bluedroid(  153): bt_enable: ret: -1, errno: 19
I/BackupManagerService(  153):   android
I/BackupManagerService(  153):   com.android.nfc
I/BackupManagerService(  153):   com.android.providers.settings
I/BackupManagerService(  153):   com.android.providers.userdictionary
I/BackupManagerService(  153):   com.android.sharedstoragebackup
I/BackupManagerService(  153):   com.android.vending
I/BackupManagerService(  153):   com.google.android.browser
I/BackupManagerService(  153):   com.google.android.calendar
I/BackupManagerService(  153):   com.google.android.gm
I/BackupManagerService(  153):   com.google.android.inputmethod.latin
I/BackupManagerService(  153):   org.connectbot
I/BackupManagerService(  153): Backup enabled => false
I/BackupManagerService(  153): Opting out of backup
I/SystemServer(  153): AppWidget Service
I/SystemServer(  153): Recognition Service
I/SystemServer(  153): DiskStats Service
I/SystemServer(  153): SamplingProfiler Service
I/WindowManager(  153): SAFE MODE not enabled
D/dalvikvm(  153): JIT started for system_server
I/SystemServer(  153): NetworkTimeUpdateService
D/PowerManagerService(  153): system ready!
I/ActivityManager(  153): System now ready
I/SystemServer(  153): Making services ready
D/SystemServer(  153): Starting service: Intent { cmp=com.android.systemui/.SystemUIService }
I/Zygote  (  153): Process: zygote socket opened
I/ActivityManager(  153): Start proc com.android.systemui for service com.android.systemui/.SystemUIService: pid=217 uid=1000 gids={1015, 3002, 3001, 3003, 3007}
D/NetworkManagementService(  153): enabling bandwidth control
I/bluedroid(  153): bt_enable: ret: -1, errno: 19
D/dalvikvm(  153): GC_FOR_ALLOC freed 81K, 4% free 11749K/12167K, paused 56ms
I/bluedroid(  153): bt_enable: ret: -1, errno: 19
V/TransportControlView(  153): Create TCV com.android.internal.widget.TransportControlView@415a2608
D/SystemUIService(  217): loading: class com.android.systemui.statusbar.phone.PhoneStatusBar
D/SystemUIService(  217): running: com.android.systemui.statusbar.phone.PhoneStatusBar@413771f8
I/bluedroid(  153): bt_enable: ret: -1, errno: 19
I/bluedroid(  153): bt_enable: ret: -1, errno: 19
D/NetworkManagementService(  153): Registering observer
D/dalvikvm(  217): GC_CONCURRENT freed 105K, 3% free 9317K/9543K, paused 3ms+6ms
I/bluedroid(  153): bt_enable: ret: -1, errno: 19
D/NetworkManagementService(  153): Registering observer
I/ActivityManager(  153): Config changed: {1.0 0mcc0mnc en_US layoutdir=0 sw320dp w320dp h508dp nrml long port finger -keyb/v/h -nav/h s.3}
I/bluedroid(  153): bt_enable: ret: -1, errno: 19
I/ActivityManager(  153): Start proc android.process.media for broadcast com.android.providers.media/.UsbReceiver: pid=264 uid=10014 gids={1015, 1023, 1024, 2001, 3003, 3007}
D/dalvikvm(  153): GC_CONCURRENT freed 139K, 2% free 12336K/12551K, paused 2ms+5ms
I/StatusBarManagerService(  153): registerStatusBar bar=com.android.internal.statusbar.IStatusBar$Stub$Proxy@415e3cd8
D/PhoneStatusBar(  217): disable: < expand icons alerts ticker system_info BACK* HOME* RECENT* CLOCK* >
D/StorageNotification(  217): Startup with UMS connection false (media state unmounted)
I/ActivityThread(  264): Pub media: com.android.providers.media.MediaProvider
I/bluedroid(  153): bt_enable: ret: -1, errno: 19
D/SystemUIService(  217): loading: class com.android.systemui.power.PowerUI
D/SystemUIService(  217): running: com.android.systemui.power.PowerUI@4136c1e0
I/StorageNotification(  217): UMS connection changed to false (media state unmounted)
I/ActivityManager(  153): Start proc com.android.wallpaper for service com.android.wallpaper/.nexus.NexusWallpaper: pid=279 uid=10030 gids={1006}
W/InputManagerService(  153): Ignoring setImeWindowStatus of uid 1000 token: null
I/ActivityThread(  264): Pub downloads: com.android.providers.downloads.DownloadProvider
I/ActivityManager(  153): Start proc com.google.android.inputmethod.latin for service com.google.android.inputmethod.latin/com.android.inputmethod.latin.LatinIME: pid=291 uid=10028 gids={}
I/bluedroid(  153): bt_enable: ret: -1, errno: 19
I/ActivityThread(  264): Pub drm: com.android.providers.drm.DrmProvider
I/DownloadManager(  264): in removeSpuriousFiles
D/NetworkManagementService(  153): Registering observer
I/DownloadManager(  264): in removeSpuriousFiles, preserving file /data/data/com.android.providers.downloads/cache/metadata.json
I/DownloadManager(  264): in removeSpuriousFiles, preserving file /data/data/com.android.providers.downloads/cache/en_general.htm
W/ThrottleService(  153): unable to find stats for iface rmnet0
I/ActivityManager(  153): Start proc com.android.phone for added application com.android.phone: pid=312 uid=1001 gids={3002, 3001, 3003, 1015}
I/bluedroid(  153): bt_enable: ret: -1, errno: 19
I/ActivityManager(  153): Start proc com.android.nfc for added application com.android.nfc: pid=327 uid=1027 gids={3002, 3001}
I/ActivityManager(  153): START {act=android.intent.action.MAIN cat=[android.intent.category.HOME] flg=0x10000000 cmp=com.android.launcher/com.android.launcher2.Launcher} from pid 0
I/ActivityManager(  153): Start proc com.android.launcher for activity com.android.launcher/com.android.launcher2.Launcher: pid=342 uid=10029 gids={}
I/bluedroid(  153): bt_enable: ret: -1, errno: 19
D/WifiService(  153): New client listening to asynchronous messages
I/NfcService(  327): Starting NFC service
I/bluedroid(  153): bt_enable: ret: -1, errno: 19
D/NFC JNI (  327): NFC Service : loading JNI
I/ActivityThread(  312): Pub telephony: com.android.providers.telephony.TelephonyProvider
I/bluedroid(  153): bt_enable: ret: -1, errno: 19
W/TelephonyProvider(  312): onCreate: confFile=/system/etc/apns-conf.xml oldCheckSum=-1
I/ActivityThread(  312): Pub icc: com.android.phone.IccProvider
I/ActivityThread(  312): Pub mms: com.android.providers.telephony.MmsProvider
I/ActivityThread(  312): Pub sms: com.android.providers.telephony.SmsProvider
I/ActivityThread(  312): Pub mms-sms: com.android.providers.telephony.MmsSmsProvider
I/RegisteredComponentCache(  327): ComponentInfo: ResolveInfo{4137e738 com.android.apps.tag.TagViewer p=0 o=0 m=0x108000}, techs: android.nfc.tech.Ndef, 
I/ActivityThread(  342): Pub com.android.launcher2.settings: com.android.launcher2.LauncherProvider
I/bluedroid(  153): bt_enable: ret: -1, errno: 19
I/NfceeAccess(  327): read 1 signature(s) for NFCEE access
I/bluedroid(  153): bt_enable: ret: -1, errno: 19
I/bluedroid(  153): bt_enable: ret: 0, errno: 19
I/bluedroid(  153): Starting bluetoothd deamon
E/BluetoothEventLoop.cpp(  153): get_adapter_path: D-Bus error: org.freedesktop.DBus.Error.ServiceUnknown (The name org.bluez was not provided by any .service files)
E/BluetoothEventLoop.cpp(  153): get_adapter_path: D-Bus error: org.freedesktop.DBus.Error.ServiceUnknown (The name org.bluez was not provided by any .service files)
E/BluetoothEventLoop.cpp(  153): get_adapter_path: D-Bus error: org.freedesktop.DBus.Error.ServiceUnknown (The name org.bluez was not provided by any .service files)
E/BluetoothEventLoop.cpp(  153): get_adapter_path: D-Bus error: org.freedesktop.DBus.Error.ServiceUnknown (The name org.bluez was not provided by any .service files)
E/BluetoothEventLoop.cpp(  153): get_adapter_path: D-Bus error: org.freedesktop.DBus.Error.ServiceUnknown (The name org.bluez was not provided by any .service files)
E/BluetoothEventLoop.cpp(  153): get_adapter_path: D-Bus error: org.freedesktop.DBus.Error.ServiceUnknown (The name org.bluez was not provided by any .service files)
E/BluetoothEventLoop.cpp(  153): get_adapter_path: D-Bus error: org.freedesktop.DBus.Error.ServiceUnknown (The name org.bluez was not provided by any .service files)
E/BluetoothEventLoop.cpp(  153): get_adapter_path: D-Bus error: org.freedesktop.DBus.Error.ServiceUnknown (The name org.bluez was not provided by any .service files)
E/brcm_patchram_plus(  207): Done setting line discpline
E/BluetoothEventLoop.cpp(  153): get_adapter_path: D-Bus error: org.freedesktop.DBus.Error.ServiceUnknown (The name org.bluez was not provided by any .service files)
E/BluetoothEventLoop.cpp(  153): get_adapter_path: D-Bus error: org.freedesktop.DBus.Error.ServiceUnknown (The name org.bluez was not provided by any .service files)
E/BluetoothEventLoop.cpp(  153): get_adapter_path: D-Bus error: org.freedesktop.DBus.Error.ServiceUnknown (The name org.bluez was not provided by any .service files)
I/ActivityManager(  153): Start proc com.google.android.inputmethod.latin.dictionarypack for content provider com.google.android.inputmethod.latin.dictionarypack/.DictionaryProvider: pid=376 uid=10027 gids={3003, 1015}
W/ActivityManager(  153): Unable to start service Intent { act=com.android.internal.telephony.IWapPushManager }: not found
E/BluetoothEventLoop.cpp(  153): get_adapter_path: D-Bus error: org.freedesktop.DBus.Error.ServiceUnknown (The name org.bluez was not provided by any .service files)
E/BluetoothEventLoop.cpp(  153): get_adapter_path: D-Bus error: org.freedesktop.DBus.Error.ServiceUnknown (The name org.bluez was not provided by any .service files)
D/NfcService(  327): checking on firmware download
E/BluetoothEventLoop.cpp(  153): get_adapter_path: D-Bus error: org.freedesktop.DBus.Error.ServiceUnknown (The name org.bluez was not provided by any .service files)
D/NfcService(  327): NFC is on. Doing normal stuff
I/NfcService(  327): Enabling NFC
E/BluetoothEventLoop.cpp(  153): get_adapter_path: D-Bus error: org.freedesktop.DBus.Error.ServiceUnknown (The name org.bluez was not provided by any .service files)
D/NFC JNI (  327): Start Initialization
D/dalvikvm(  291): GC_CONCURRENT freed 176K, 3% free 9359K/9607K, paused 2ms+31ms
D/        (  312): [ApnContext] set reason as dataEnabled, for type default,current state IDLE
D/        (  312): [ApnContext] set reason as dataEnabled, for type mms,current state IDLE
E/BluetoothEventLoop.cpp(  153): get_adapter_path: D-Bus error: org.freedesktop.DBus.Error.ServiceUnknown (The name org.bluez was not provided by any .service files)
D/        (  312): [ApnContext] set reason as dataEnabled, for type supl,current state IDLE
D/        (  312): [ApnContext] set reason as dataEnabled, for type dun,current state IDLE
D/        (  312): [ApnContext] set reason as dataEnabled, for type hipri,current state IDLE
E/BluetoothEventLoop.cpp(  153): get_adapter_path: D-Bus error: org.bluez.Error.NoSuchAdapter (No such adapter)
E/BluetoothEventLoop.cpp(  153): failure setting up Event Loop!
I/ActivityManager(  153): Start proc android.process.acore for content provider com.android.providers.userdictionary/.UserDictionaryProvider: pid=392 uid=10000 gids={3003, 1015}
I/ActivityThread(  376): Pub com.android.inputmethod.latin.dictionarypack: com.google.android.inputmethod.latin.dictionarypack.DictionaryProvider
D/CAT     (  312): CatService: Is running
D/CAT     (  312): CatService: NEW sInstance
D/CallManager(  312): registerPhone(GSM Handler (com.android.internal.telephony.PhoneProxy) {413962c8})
D/dalvikvm(  312): GC_CONCURRENT freed 198K, 4% free 9254K/9543K, paused 3ms+42ms
D/NFC JNI (  327): NFC capabilities: HAL = 8150100, FW = a76d0c, HW = 620003, Model = 0, HCI = 1, Full_FW = 109, Rev = 12, FW Update Info = 0
D/dalvikvm(   79): GC_EXPLICIT freed 34K, 4% free 9029K/9347K, paused 3ms+13ms
I/ActivityThread(  392): Pub com.android.voicemail: com.android.providers.contacts.VoicemailContentProvider
D/NFC JNI (  327): phLibNfc_SE_GetSecureElementList()
D/NFC JNI (  327): 
D/NFC JNI (  327): > Number of Secure Element(s) : 1
D/NFC JNI (  327): phLibNfc_SE_GetSecureElementList(): SMX detected, handle=0xabcdef
D/NFC JNI (  327): phLibNfc_SE_SetMode() returned 0x000d[NFCSTATUS_PENDING]
D/dalvikvm(   79): GC_EXPLICIT freed <1K, 4% free 9028K/9347K, paused 4ms+12ms
I/NFC JNI (  327): NFC Initialized
D/NdefPushServer(  327): start, thread = null
D/NdefPushServer(  327): starting new server thread
W/ActivityManager(  153): Unable to start service Intent { act=com.android.ussd.IExtendedNetworkService }: not found
D/NdefPushServer(  327): about create LLCP service socket
D/NdefPushServer(  327): created LLCP service socket
D/NdefPushServer(  327): about to accept
D/NfcService(  327): NFC-EE OFF
D/NfcService(  327): NFC-C OFF
I/ActivityThread(  392): Pub user_dictionary: com.android.providers.userdictionary.UserDictionaryProvider
D/dalvikvm(  342): GC_CONCURRENT freed 164K, 4% free 9311K/9607K, paused 11ms+9ms
I/ActivityThread(  392): Pub com.android.social: com.android.providers.contacts.SocialProvider
I/ActivityThread(  392): Pub applications: com.android.providers.applications.ApplicationsProvider
D/dalvikvm(   79): GC_EXPLICIT freed <1K, 4% free 9028K/9347K, paused 1ms+1ms
E/BluetoothService.cpp(  153): setBluetoothTetheringNative true
D/BluetoothEventLoop(  153): Property Changed: UUIDs : 6
D/BluetoothEventLoop(  153): Property Changed: UUIDs : 7
D/BluetoothEventLoop(  153): Property Changed: UUIDs : 8
I/ActivityThread(  392): Pub contacts;com.android.contacts: com.android.providers.contacts.ContactsProvider2
D/BluetoothEventLoop(  153): Property Changed: UUIDs : 9
D/BluetoothEventLoop(  153): Property Changed: Pairable : false
D/BluetoothEventLoop(  153): Property Changed: Powered : false
D/BluetoothAdapterStateMachine(  153): WarmUp process message: 54
D/BluetoothEventLoop(  153): Property Changed: UUIDs : 10
D/BluetoothAdapterStateMachine(  153): WarmUp process message: 51
D/Bluetooth HSHFP(  312): Starting BluetoothHeadsetService
D/CAT     (  312): CatService: SIM ready. Reporting STK service running now...
I/ActivityThread(  392): Pub call_log: com.android.providers.contacts.CallLogProvider
D/dalvikvm(  392): GC_CONCURRENT freed 189K, 3% free 9267K/9543K, paused 2ms+3ms
V/SipBroadcastReceiver(  312): start auto registration
D/dalvikvm(  153): GC_CONCURRENT freed 517K, 5% free 12578K/13191K, paused 4ms+17ms
I/SearchManagerService(  153): Building list of searchable activities
D/dalvikvm(  342): GC_CONCURRENT freed 182K, 3% free 9647K/9927K, paused 2ms+2ms
D/dalvikvm(  153): GC_EXPLICIT freed 74K, 5% free 12593K/13191K, paused 3ms+6ms
D/libEGL  (  342): loaded /system/lib/egl/libGLES_android.so
D/libEGL  (  342): loaded /vendor/lib/egl/libEGL_POWERVR_SGX540_120.so
D/libEGL  (  342): loaded /vendor/lib/egl/libGLESv1_CM_POWERVR_SGX540_120.so
D/libEGL  (  342): loaded /vendor/lib/egl/libGLESv2_POWERVR_SGX540_120.so
D/dalvikvm(  342): GC_CONCURRENT freed 245K, 4% free 9919K/10247K, paused 2ms+7ms
D/OpenGLRenderer(  342): Enabling debug mode 0
I/ActivityManager(  153): Start proc com.google.process.gapps for service com.google.android.location/.NetworkLocationService: pid=451 uid=10011 gids={3003, 1015, 1007, 2001, 3006}
I/dalvikvm(  451): Turning on JNI app bug workarounds for target SDK version 12...
I/ActivityThread(  451): Pub com.google.settings: com.google.android.gsf.settings.GoogleSettingsProvider
D/GpsLocationProvider(  153): set_capabilities_callback: 7
I/GPS     (  153): gps_init() : SAMSUNG GPS DRIVER INITIALIZED [Ver 2.0] 2011.03.31)
I/ActivityManager(  153): Start proc com.android.contacts for broadcast com.android.contacts/.calllog.CallLogReceiver: pid=464 uid=10000 gids={3003, 1015}
D/dalvikvm(  342): GC_CONCURRENT freed 197K, 4% free 10153K/10503K, paused 1ms+3ms
I/ActivityThread(  451): Pub subscribedfeeds: com.google.android.gsf.subscribedfeeds.SubscribedFeedsProvider
I/ActivityThread(  451): Pub com.google.contacts.gal.provider: com.google.android.syncadapters.contacts.GalProvider
I/ActivityThread(  451): Pub com.google.android.gsf.gservices: com.google.android.gsf.gservices.GservicesProvider
I/GservicesProvider(  451): Gservices pushing to system: true; secure: true
I/ActivityThread(  451): Pub com.google.android.providers.talk: com.google.android.gsf.talk.TalkProvider
D/NetworkLocationService(  451): onCreate com.google.android.location.NetworkLocationService@413912e0
V/OtaStartupReceiver(  312): onReceive: intent action=android.intent.action.BOOT_COMPLETED  mOtaspMode=-1
D/OtaStartupReceiver(  312): OTASP not supported, nothing to do.
D/NetworkLocationClient(  451): ANDROID minProtocolVersion 1 maxProtocolVersion 1 releaseVersion -1
D/NetworkLocationClient(  451): binding to Intent { act=com.google.android.location.internal.ANDROID_NLP }
D/dalvikvm(  342): GC_CONCURRENT freed 117K, 2% free 10488K/10695K, paused 2ms+12ms
I/StorageNotification(  217): UMS connection changed to false (media state unmounted)
V/BackupManagerService(  153): Connected to Google transport
V/BackupManagerService(  153): Registering transport com.google.android.backup/.BackupTransportService = com.google.android.backup.BackupTransportService$1@416c2f00
V/RenderScript(  279): rsContextCreateGL dev=0x6c9528
V/RenderScript(  279): 0x690638 Launching thread(s), CPUs 1
V/RenderScript(  279): 0x690638 initEGL start
D/libEGL  (  279): loaded /system/lib/egl/libGLES_android.so
D/NetworkLocationService(  451): onBind com.google.android.location.NetworkLocationProvidercom.google.android.location.NetworkLocationService@413912e0
D/NetworkLocationService(  451): onBind com.google.android.location.GeocodeProvidercom.google.android.location.NetworkLocationService@413912e0
D/libEGL  (  279): loaded /vendor/lib/egl/libEGL_POWERVR_SGX540_120.so
D/libEGL  (  279): loaded /vendor/lib/egl/libGLESv1_CM_POWERVR_SGX540_120.so
D/libEGL  (  279): loaded /vendor/lib/egl/libGLESv2_POWERVR_SGX540_120.so
D/PowerManagerService(  153): bootCompleted
D/androidInternalNlpService(  451): onCreate com.google.android.location.internal.server.NetworkLocationService@413b0248
V/DevicePolicyManagerService(  153): Sending password expiration notifications for action android.intent.action.BOOT_COMPLETED
D/VoldCmdListener(   72): volume mount /mnt/sdcard
I/Vold    (   72): /dev/block/vold/179:3 being considered for volume sdcard
D/Vold    (   72): Volume sdcard state changing 1 (Idle-Unmounted) -> 3 (Checking)
D/MountService(  153): volume state changed for /mnt/sdcard (unmounted -> checking)
V/WiredAccessoryObserver(  153): init()
W/WiredAccessoryObserver(  153): This kernel does not have wired headset support
W/WiredAccessoryObserver(  153): This kernel does not have wired headset support
D/NetworkLocationRealOs(  451): NLPv2 file already exists; ignoring any NLPv1 files
D/androidNlpServiceThread(  451): ANDROID minProtocolVersion 1 maxProtocolVersion 1 releaseVersion -1
V/RenderScript(  279): 0x690638 initGLThread end
V/RenderScript(  279): 0x690638 rsContextCreateGL ret
D/dalvikvm(  312): GC_CONCURRENT freed 328K, 5% free 9354K/9799K, paused 2ms+44ms
I/RecoverySystem(  153): No recovery log file
D/dalvikvm(  451): GC_CONCURRENT freed 234K, 4% free 9240K/9607K, paused 2ms+16ms
I/ActivityManager(  153): Start proc com.android.providers.calendar for broadcast com.android.providers.calendar/.CalendarReceiver: pid=502 uid=10007 gids={3003, 1015}
D/NetworkLocationClient(  451): onServiceConnected to ComponentInfo{com.google.android.location/com.google.android.location.internal.server.NetworkLocationService}
D/androidNetworkLocationListeners(  451): Still have listener com.google.android.location.internal.client.NetworkLocationClient$1@41396a98
I/ActivityThread(  502): Pub com.android.calendar: com.android.providers.calendar.CalendarProvider2
D/MccTable(  312): updateMccMncConfiguration: mcc=310, mnc=260
D/MccTable(  312): locale set to en_us
D/MccTable(  312): WIFI_COUNTRY_CODE set to us
I/WifiService(  153): WifiService trying to set country code to us with persist set to true
I/ActivityManager(  153): Config changed: {1.0 310mcc260mnc en_US layoutdir=0 sw320dp w320dp h508dp nrml long port finger -keyb/v/h -nav/h s.4}
D/OpenGLRenderer(  342): Flushing caches (mode 0)
I/ActivityManager(  153): Start proc com.google.android.deskclock for broadcast com.google.android.deskclock/com.android.deskclock.AlarmInitReceiver: pid=529 uid=10013 gids={}
D/dalvikvm(  342): GC_FOR_ALLOC freed 26K, 3% free 10822K/11079K, paused 52ms
I/ActivityThread(  529): Pub com.android.deskclock: com.android.deskclock.AlarmProvider
D/dalvikvm(  342): GC_FOR_ALLOC freed 2K, 3% free 11158K/11463K, paused 16ms
W/Launcher.Model(  342): LoaderTask running with no launcher (loadAllAppsByBatch)
D/dalvikvm(  342): GC_CONCURRENT freed 310K, 4% free 11535K/11975K, paused 1ms+7ms
V/AlarmClock(  529): AlarmInitReceiver finished
I/StorageNotification(  217): Media {/mnt/sdcard} state changed from {unmounted} -> {checking}
D/MountService(  153): sendStorageIntent Intent { act=android.intent.action.MEDIA_CHECKING dat=file:///mnt/sdcard (has extras) }
I/ActivityManager(  153): Start proc com.google.android.email for broadcast com.google.android.email/com.android.email.service.EmailBroadcastReceiver: pid=557 uid=10015 gids={3003, 1015}
I//system/bin/fsck_msdos(   72): ** /dev/block/vold/179:3
E/DefaultVoicemailNotifier(  464): No voicemails to notify about: clear the notification.
D/dalvikvm(  217): GC_CONCURRENT freed 135K, 3% free 9628K/9863K, paused 1ms+3ms
I//system/bin/fsck_msdos(   72): ** Phase 1 - Read FAT (compare skipped)
I//system/bin/fsck_msdos(   72): Attempting to allocate 13624 KB for FAT
D/AccountTypeManager(  464): Registering 1 extension packages
I/ActivityThread(  557): Pub com.android.email.attachmentprovider: com.android.email.provider.AttachmentProvider
I/ActivityThread(  557): Pub com.android.email.provider;com.android.email.notifier: com.android.email.provider.EmailProvider
E/ExternalAccountType(  464): Unsupported attribute readOnly
W/ResourceType(  464): getEntry failing because entryIndex 208 is beyond type entryCount 189
W/ResourceType(  464): Failure getting entry for 0x7f0200d0 (t=1 e=208) in package 0 (error -2147483647)
D/AccountTypeManager(  464): Registering extension package account type=com.google, dataSet=plus, packageName=com.google.android.apps.plus
D/dalvikvm(  153): GC_CONCURRENT freed 667K, 6% free 12702K/13511K, paused 7ms+4ms
I/AccountTypeManager(  464): Loaded meta-data for 3 account types, 0 accounts in 2164ms(wall) 25ms(cpu)
I/ActivityManager(  153): Start proc com.google.android.exchange for service com.google.android.exchange/com.android.exchange.ExchangeService: pid=574 uid=10016 gids={3003, 1015}
D/dalvikvm(  451): GC_CONCURRENT freed 133K, 3% free 9529K/9799K, paused 2ms+1ms
E/RenderScript(  279): RS watchdog timeout: 0  eglMakeCurrent  line 408 frameworks/base/libs/rs/driver/rsdGL.cpp
D/dalvikvm(  451): GC_CONCURRENT freed 150K, 3% free 9891K/10119K, paused 3ms+57ms
I/ActivityThread(  574): Pub com.android.exchange.directory.provider: com.android.exchange.provider.ExchangeDirectoryProvider
I/ActivityManager(  153): Start proc com.google.android.apps.genie.geniewidget for broadcast com.google.android.apps.genie.geniewidget/.miniwidget.MiniWidgetProvider: pid=591 uid=10018 gids={3003, 1015}
D/ExchangeService(  574): !!! EAS ExchangeService, onStartCommand, startingUp = false, running = false
I/dalvikvm(  591): Turning on JNI app bug workarounds for target SDK version 11...
I/ActivityThread(  591): Pub com.google.android.apps.genie.geniewidget.weather: com.google.android.apps.genie.geniewidget.providers.WeatherProvider
I/ActivityThread(  591): Pub com.google.android.apps.genie.geniewidget.newsimage: com.google.android.apps.genie.geniewidget.providers.NewsImageProvider
W/Genie   (  591): Cache file not found: java.io.FileNotFoundException: /data/data/com.google.android.apps.genie.geniewidget/cache/genie_masfcache: open failed: ENOENT (No such file or directory)
W/Genie   (  591): Cache file not found: java.io.FileNotFoundException: /data/data/com.google.android.apps.genie.geniewidget/cache/genie_iconcache: open failed: ENOENT (No such file or directory)
D/androidNetworkLocationListeners(  451): Still have listener com.google.android.location.internal.client.NetworkLocationClient$1@41396a98
D/androidNetworkLocationListeners(  451): Still have listener com.google.android.location.internal.client.NetworkLocationClient$1@41396a98
D/WifiLocator(  451): Too many no-location APs. Will not compute a location nor go to the server. hasLocation=0 noLocation=0 cacheMiss=0
D/CellLocator(  451): Primary cell miss in cache. Need server request.
I/System.out(  451): [INFO:2964]: LogSource: Running flush
I/System.out(  451): [INFO:3010]: LogSource: Sending payload [bytes=288]
I/System.out(  451): [SEVERE:3047]: LogSource: AsyncHttpRequestImpl.run(): exception thrown : Unable to resolve host "www.google.com": No address associated with hostname: java.net.UnknownHostException
I/ActivityManager(  153): Start proc com.google.android.gm for broadcast com.google.android.gm/.MailIntentReceiver: pid=614 uid=10019 gids={3003, 1015}
E/GlsClient-query(  451): requestFailed
D/WifiLocator(  451): Too many no-location APs. Will not compute a location nor go to the server. hasLocation=0 noLocation=0 cacheMiss=0
D/CellLocator(  451): Primary cell miss in cache. Need server request.
D/Eas Debug(  574): Logging: 
I/ActivityThread(  614): Pub gmail-ls: com.google.android.gm.provider.MailProvider
D/ExchangeService(  574): Received deviceId from Email app: androidc1254951434
D/ExchangeService(  574): Reconciling accounts...
D/ExchangeService(  574): !!! EAS ExchangeService, onStartCommand, startingUp = true, running = false
I/ActivityThread(  614): Pub com.google.android.gmail.SuggestionProvider: com.google.android.gm.SuggestionsProvider
D/Eas Debug(  574): Logging: 
I/ActivityThread(  614): Pub com.google.android.gm: com.google.android.gm.provider.PublicContentProvider
I/ActivityManager(  153): Start proc com.google.android.partnersetup for broadcast com.google.android.partnersetup/.GooglePartnerSetup: pid=641 uid=10022 gids={3003}
I/ActivityThread(  641): Pub com.google.android.partnersetup.rlzprovider: com.google.android.partnersetup.RlzProvider
I/ActivityThread(  641): Pub com.google.android.partnersetup.rlzappprovider: com.google.android.partnersetup.RlzAppProvider
I/ActivityManager(  153): Start proc com.google.android.gsf.login for service com.google.android.gsf.login/com.google.android.gsf.loginservice.GoogleLoginService: pid=654 uid=10011 gids={3003, 1015, 1007, 2001, 3006}
I/CalendarProvider2(  502): Sending notification intent: Intent { act=android.intent.action.PROVIDER_CHANGED dat=content://com.android.calendar }
W/ContentResolver(  502): Failed to get type for: content://com.android.calendar (Unknown URL content://com.android.calendar)
D/dalvikvm(  451): GC_CONCURRENT freed 704K, 8% free 9615K/10439K, paused 2ms+2ms
I/RlzPingService(  641): Setting next ping for 1334331276571
D/dalvikvm(  451): GC_FOR_ALLOC freed 120K, 8% free 9623K/10439K, paused 36ms
D/Launcher.Model(  342): Reload apps on config change. curr_mcc:310 prevmcc:0
D/dalvikvm(  153): GC_EXPLICIT freed 345K, 6% free 12729K/13511K, paused 3ms+7ms
I/ActivityManager(  153): Start proc com.google.android.apps.maps:FriendService for broadcast com.google.android.apps.maps/com.google.googlenav.friend.android.ServiceReceiver: pid=685 uid=10032 gids={3003, 1015}
I/dalvikvm(  685): Turning on JNI app bug workarounds for target SDK version 13...
D/dalvikvm(   79): GC_EXPLICIT freed 37K, 4% free 9028K/9347K, paused 2ms+12ms
D/dalvikvm(   79): GC_EXPLICIT freed <1K, 4% free 9028K/9347K, paused 2ms+2ms
I/ActivityManager(  153): Start proc com.google.android.apps.maps:NetworkLocationService for service com.google.android.apps.maps/com.google.android.location.internal.server.NetworkLocationService: pid=704 uid=10032 gids={3003, 1015}
D/dalvikvm(   79): GC_EXPLICIT freed <1K, 4% free 9028K/9347K, paused 13ms+5ms
I/ActivityManager(  153): Start proc com.android.mms for broadcast com.android.mms/.transaction.MmsSystemEventReceiver: pid=717 uid=10036 gids={3003, 1015}
D/dalvikvm(  685): GC_CONCURRENT freed 178K, 3% free 9356K/9607K, paused 2ms+2ms
I/SystemUpdateService(  451): checking for post-install intent
I/EventLogService(  451): Aggregate from 1333722771743 (log), 1333722771743 (data)
I/SystemUpdateService(  451): cancelUpdate (empty URL)
I/ActivityManager(  153): START {flg=0x10000000 cmp=com.google.android.gsf/.update.SystemUpdateInstallDialog} from pid 451
D/PermissionCache(   78): checking android.permission.READ_FRAME_BUFFER for uid=1000 => granted (178 us)
D/CountryDetectorService(  153): The first listener is added
V/ScriptC (  279): Create script for resource = nexus
W/ActivityManager(  153): Permission Denial: receiving Intent { act=android.intent.action.BOOT_COMPLETED flg=0x10 } to com.android.musicfx requires android.permission.RECEIVE_BOOT_COMPLETED due to sender null (uid 1000)
I/bcc     (  279): LIBBCC build time: 2011/12/16 08:33:52
I/bcc     (  279): LIBBCC build revision: 31e50d678d2a8aa28c6f38cccebfa3da2f78df4a (git)
I/ActivityManager(  153): Start proc com.google.android.onetimeinitializer for broadcast com.google.android.onetimeinitializer/.OneTimeInitializerReceiver: pid=739 uid=10040 gids={}
D/AlarmManagerService(  153): Kernel timezone updated to 240 minutes west of GMT
I/ActivityManager(  153): START {flg=0x10000000 cmp=com.google.android.gsf/.update.SystemUpdateDownloadDialog} from pid 451
I/ActivityManager(  153): Displayed com.android.launcher/com.android.launcher2.Launcher: +8s35ms
D/dalvikvm(  312): GC_CONCURRENT freed 333K, 5% free 9488K/9927K, paused 4ms+2ms
D/StopWatch(  279): StopWatch calcFileSHA1 time (us): 210623 
D/dalvikvm(  451): GC_FOR_ALLOC freed 224K, 8% free 9683K/10439K, paused 34ms
V/SystemUpdateService(  451): onPostExecute: false
D/StopWatch(  279): StopWatch calcFileSHA1 time (us): 19040 
D/bcc     (  279): Read object file size 5824
D/dalvikvm(  342): GC_CONCURRENT freed 1733K, 15% free 10564K/12423K, paused 2ms+5ms
D/StopWatch(  279): StopWatch bcc: PrepareExecutable time (us): 96409 
E/bcc     (  279): Symbol not found: init
D/dalvikvm(  685): GC_CONCURRENT freed 126K, 3% free 9705K/9927K, paused 2ms+3ms
I/dalvikvm(  704): Turning on JNI app bug workarounds for target SDK version 13...
D/dalvikvm(  279): GC_FOR_ALLOC freed 79K, 3% free 9094K/9347K, paused 45ms
I/dalvikvm-heap(  279): Grow heap (frag case) to 11.878MB for 3072016-byte allocation
D/dalvikvm(  279): GC_CONCURRENT freed 2K, 3% free 12091K/12359K, paused 2ms+6ms
I/ActivityThread(  717): Pub mms_temp_file: com.android.mms.TempFileProvider
I/ActivityThread(  717): Pub com.android.mms.SuggestionsProvider: com.android.mms.SuggestionsProvider
V/MmsConfig(  717): mnc/mcc: 310260
V/MmsConfig(  717): tag: int value: maxMessageSize - 1048576
V/MmsConfig(  717): tag: int value: maxImageHeight - 1944
V/MmsConfig(  717): tag: int value: maxImageWidth - 2592
V/MmsConfig(  717): tag: string value: userAgent - Nexuss
V/MmsConfig(  717): tag: string value: uaProfUrl - http://wap.samsungmobile.com/uaprof/GT-I9020T.xml
D/MmsSmsDatabaseHelper(  312): [MmsSmsDb] tableName: threads hasAutoIncrement: CREATE TABLE threads (_id INTEGER PRIMARY KEY AUTOINCREMENT,date INTEGER DEFAULT 0,message_count INTEGER DEFAULT 0,recipient_ids TEXT,snippet TEXT,snippet_cs INTEGER DEFAULT 0,read INTEGER DEFAULT 1,type INTEGER DEFAULT 0,error INTEGER DEFAULT 0,has_attachment INTEGER DEFAULT 0) result: true
D/MmsSmsDatabaseHelper(  312): [MmsSmsDb] tableName: canonical_addresses hasAutoIncrement: CREATE TABLE canonical_addresses (_id INTEGER PRIMARY KEY AUTOINCREMENT,address TEXT) result: true
D/MmsSmsDatabaseHelper(  312): [getWritableDatabase] hasAutoIncrementThreads: true hasAutoIncrementAddresses: true
W/Mms/cache(  717): RecipientId 1 not in cache!
D/dalvikvm(  704): GC_CONCURRENT freed 153K, 3% free 9380K/9607K, paused 6ms+18ms
D/SystemClock(  312): Setting time of day to sec=1333726476
V/OneTimeInitializerReceiver(  739): OneTimeInitializerReceiver.onReceive
V/OneTimeService(  739): OneTimeService.onHandleIntent
I/ActivityManager(  153): Start proc com.google.android.talk for broadcast com.google.android.talk/.videochat.BootCompleteReceiver: pid=755 uid=10050 gids={3003, 1015, 1006, 3002}
D/dalvikvm(  153): GC_EXPLICIT freed 341K, 7% free 12793K/13639K, paused 3ms+6ms
I/SurfaceFlinger(   78): Boot is finished (25778 ms)
D/dalvikvm(  717): GC_CONCURRENT freed 235K, 4% free 9298K/9607K, paused 4ms+125ms
I/ActivityThread(  755): Pub com.google.android.talk.SuggestionProvider: com.google.android.talk.SuggestionsProvider
D/vclib:CallStateClient(  755): startListening
D/ConnectivityService(  153): handleInetConditionChange: no active default network - ignore
D/dalvikvm(  755): GC_CONCURRENT freed 155K, 3% free 9312K/9543K, paused 2ms+2ms
I/talk    (  755): Refresh the supported camera state
I/ActivityManager(  153): Start proc com.google.android.videos for broadcast com.google.android.videos/com.google.android.youtube.videos.transfer.VideoDownloadService$BootReceiver: pid=779 uid=10053 gids={3003, 1015}
I/talk    (  755): supported front camera true
I/ActivityThread(  779): Pub com.google.android.videos: com.google.android.youtube.videos.honeycomb.search.VideoSearchProvider
D/Videos  (  779): youtube.core.BaseApplication.createHttpClient:298 HttpClient.UserAgent: com.google.android.videos/1.4.3(Linux; U; Android 4.0.3; en_US; Nexus S Build/IML74K)
D/dalvikvm(  342): GC_CONCURRENT freed 500K, 16% free 10467K/12423K, paused 2ms+2ms
D/Videos  (  779): youtube.core.utils.SafeSearch.run:49 checking parental control
D/Videos  (  779): youtube.core.utils.SafeSearch.run:51 parental control is false
D/dalvikvm(  704): GC_CONCURRENT freed 175K, 3% free 9740K/9991K, paused 20ms+51ms
I/Videos  (  779): youtube.videos.VideosApplication.getCurrentCountryCode:190 device country = us
D/dalvikvm(  451): GC_EXPLICIT freed 232K, 7% free 9795K/10439K, paused 2ms+4ms
I/DownloadManager(  264): Initiating request for download 18
D/Videos  (  779): youtube.core.utils.Util.shrinkDirSize:515 Dir is below limit, no need to shrink: [size=0, limit=5242880]
D/dalvikvm(  779): GC_CONCURRENT freed 296K, 5% free 9197K/9607K, paused 2ms+2ms
W/ApplicationContext(  779): Unable to create external files directory
D/dalvikvm(  264): GC_CONCURRENT freed 205K, 4% free 9205K/9543K, paused 60ms+3ms
D/dalvikvm(  704): GC_CONCURRENT freed 172K, 3% free 10126K/10375K, paused 2ms+2ms
D/Videos  (  779): youtube.videos.transfer.VideoDownloadService$BootReceiver.onReceive:46 boot completed, starting video download service
I/ActivityManager(  153): Start proc com.android.voicedialer for broadcast com.android.voicedialer/.VoiceDialerReceiver: pid=814 uid=10055 gids={3002}
I/Videos  (  779): youtube.videos.DownloadJanitorService.onStartCommand:74 Janitor starting
D/Videos  (  779): youtube.core.transfer.TransferService.onCreate:174 creating transfer service
W/ActivityManager(  153): Permission Denial: receiving Intent { act=android.intent.action.BOOT_COMPLETED flg=0x10 } to com.google.android.youtube requires android.permission.RECEIVE_BOOT_COMPLETED due to sender null (uid 1000)
W/ActivityManager(  153): Permission Denial: receiving Intent { act=android.intent.action.BOOT_COMPLETED flg=0x10 } to com.google.android.youtube requires android.permission.RECEIVE_BOOT_COMPLETED due to sender null (uid 1000)
I/ActivityManager(  153): Start proc com.google.android.apps.googlevoice for broadcast com.google.android.apps.googlevoice/.BootUpReceiver: pid=827 uid=10058 gids={3003, 1015}
I/dalvikvm(  827): Turning on JNI app bug workarounds for target SDK version 13...
D/Videos  (  779): youtube.core.transfer.TransfersDbHelper$DbHandler.handleMessage:130 db init
D/Videos  (  779): youtube.core.transfer.TransfersDbHelper$DbHandler.handleMessage:137 db restore
D/Videos  (  779): youtube.core.transfer.TransferService.restore:234 restored 0 transfers
D/Videos  (  779): youtube.core.transfer.TransferService.onDestroy:386 destroying transfer service
D/Videos  (  779): youtube.core.transfer.TransfersDbHelper$DbHandler.handleMessage:165 db close
I/ActivityManager(  153): Start proc com.android.settings for broadcast com.android.settings/.widget.SettingsAppWidgetProvider: pid=841 uid=1000 gids={1015, 3002, 3001, 3003, 3007}
D/dalvikvm(  342): GC_CONCURRENT freed 191K, 14% free 10724K/12423K, paused 2ms+3ms
I/ActivityManager(  153): No longer want com.google.android.inputmethod.latin.dictionarypack (pid 376): hidden #16
I/Videos  (  779): youtube.videos.DownloadJanitorService$1.run:116 Janitor done
D/dalvikvm(  342): GC_FOR_ALLOC freed 252K, 13% free 10850K/12423K, paused 53ms
D/dalvikvm(  342): GC_FOR_ALLOC freed 2K, 10% free 11186K/12423K, paused 25ms
D/LocalBluetoothProfileManager(  841): LocalBluetoothProfileManager construction complete
I/ActivityManager(  153): Start proc com.android.vending for broadcast com.android.vending/.MarketWidgetProvider: pid=855 uid=10043 gids={3003, 1015}
I/ActivityManager(  153): No longer want com.android.contacts (pid 464): hidden #16
I/ActivityThread(  855): Pub com.google.android.finsky.RecentSuggestionsProvider: com.google.android.finsky.providers.RecentSuggestionsProvider
D/dalvikvm(  855): GC_CONCURRENT freed 200K, 3% free 9333K/9607K, paused 3ms+3ms
W/DownloadManager(  264): Aborting request for download 18: no network connection available
D/Finsky  (  855): [1] SanityChecker.run: # LocalAssets corrected : 0
D/Finsky  (  855): Sanity check took : 25 ms
D/dalvikvm(  704): GC_CONCURRENT freed 722K, 8% free 9876K/10695K, paused 2ms+2ms
I/ActivityManager(  153): Start proc com.google.android.calendar for broadcast com.google.android.calendar/com.android.calendar.widget.CalendarAppWidgetService$CalendarFactory: pid=885 uid=10006 gids={3003}
I/ActivityManager(  153): No longer want com.android.providers.calendar (pid 502): hidden #16
D/dalvikvm(  342): GC_CONCURRENT freed 52K, 6% free 11774K/12423K, paused 2ms+2ms
I/System.out(  704): [INFO:2586]: c: Running flush
I/ActivityThread(  885): Pub com.google.android.calendar.CalendarRecentSuggestionsProvider: com.android.calendar.CalendarRecentSuggestionsProvider
I/ActivityManager(  153): No longer want com.google.android.apps.genie.geniewidget (pid 591): hidden #16
D/dalvikvm(  153): GC_EXPLICIT freed 386K, 6% free 12836K/13639K, paused 2ms+5ms
D/dalvikvm(  704): GC_FOR_ALLOC freed 8K, 8% free 9879K/10695K, paused 191ms
I/dalvikvm-heap(  704): Grow heap (frag case) to 9.750MB for 32784-byte allocation
D/ConnectivityService(  153): ConnectivityChange for mobile: CONNECTED/CONNECTED
I/ActivityManager(  153): Start proc com.android.providers.calendar for content provider com.android.providers.calendar/.CalendarProvider2: pid=901 uid=10007 gids={3003, 1015}
D/dalvikvm(   79): GC_EXPLICIT freed 37K, 4% free 9028K/9347K, paused 1ms+4ms
