I/GTalkService/c(  451): [AndroidEndpoint@1094788224] connect: acct=1000001, state=CONNECTING
I/ActivityManager(  153): No longer want com.googlecode.android.wifi.tether (pid 1046): hidden #16
I/Launcher(  342): setLoadOnResume
D/OpenGLRenderer(  342): Flushing caches (mode 1)
I/ActivityManager(  153): Displayed com.example.android.wifidirect/.WiFiDirectActivity: +775ms
I/ActivityManager(  153): No longer want com.google.android.apps.uploader (pid 962): hidden #16
I/Launcher(  342): setLoadOnResume
I/Launcher(  342): setLoadOnResume
I/Launcher(  342): setLoadOnResume
I/Launcher(  342): setLoadOnResume
D/Finsky  ( 2376): [196] DownloadRecords.initializeAndPrune: Pruned 0 old downloads from the cursor.
I/Launcher(  342): setLoadOnResume
D/dalvikvm( 2265): GC_CONCURRENT freed 306K, 5% free 9370K/9799K, paused 2ms+2ms
D/AndroidRuntime( 2421): 
D/AndroidRuntime( 2421): >>>>>> AndroidRuntime START com.android.internal.os.RuntimeInit <<<<<<
D/AndroidRuntime( 2421): CheckJNI is OFF
D/AndroidRuntime( 2421): Calling main entry com.android.commands.pm.Pm
D/AndroidRuntime( 2421): Shutting down VM
D/dalvikvm( 2421): GC_CONCURRENT freed 101K, 82% free 464K/2560K, paused 0ms+0ms
D/dalvikvm( 2421): Debugger has detached; object registry had 1 entries
I/AndroidRuntime( 2421): NOTE: attach of thread 'Binder Thread #3' failed
D/AndroidRuntime( 2434): 
D/AndroidRuntime( 2434): >>>>>> AndroidRuntime START com.android.internal.os.RuntimeInit <<<<<<
D/AndroidRuntime( 2434): CheckJNI is OFF
D/AndroidRuntime( 2434): Calling main entry com.android.commands.am.Am
I/ActivityManager(  153): START {act=android.intent.action.MAIN cat=[android.intent.category.LAUNCHER] flg=0x10000000 cmp=com.example.android.wifidirect/.WiFiDirectActivity} from pid 2434
D/AndroidRuntime( 2434): Shutting down VM
D/dalvikvm( 2434): GC_CONCURRENT freed 102K, 81% free 487K/2560K, paused 0ms+1ms
D/dalvikvm( 2434): Debugger has detached; object registry had 1 entries
I/AndroidRuntime( 2434): NOTE: attach of thread 'Binder Thread #3' failed
I/ActivityManager(  153): Start proc com.google.android.apps.maps:NetworkLocationService for service com.google.android.apps.maps/com.google.android.location.internal.server.NetworkLocationService: pid=2445 uid=10032 gids={3003, 1015}
I/dalvikvm( 2445): Turning on JNI app bug workarounds for target SDK version 13...
D/dalvikvm( 2445): GC_CONCURRENT freed 163K, 3% free 9370K/9607K, paused 2ms+3ms
I/ActivityManager(  153): Start proc com.google.android.apps.maps:FriendService for broadcast com.google.android.apps.maps/com.google.googlenav.friend.android.ServiceReceiver: pid=2458 uid=10032 gids={3003, 1015}
I/dalvikvm( 2458): Turning on JNI app bug workarounds for target SDK version 13...
D/dalvikvm( 2458): GC_CONCURRENT freed 166K, 3% free 9368K/9607K, paused 2ms+3ms
D/dalvikvm( 2458): GC_CONCURRENT freed 124K, 3% free 9721K/9927K, paused 2ms+2ms
I/ActivityManager(  153): Start proc com.google.android.apps.maps:LocationFriendService for broadcast com.google.android.apps.maps/com.google.googlenav.friend.reporting.LocationReportingIntentReceiver: pid=2472 uid=10032 gids={3003, 1015}
I/ActivityManager(  153): No longer want com.google.android.calendar (pid 1489): hidden #16
I/dalvikvm( 2472): Turning on JNI app bug workarounds for target SDK version 13...
D/dalvikvm( 2472): GC_CONCURRENT freed 168K, 3% free 9365K/9607K, paused 2ms+4ms
I/ActivityManager(  153): No longer want com.google.android.deskclock (pid 1461): hidden #16
D/dalvikvm(  153): GC_FOR_ALLOC freed 644K, 13% free 13312K/15175K, paused 42ms
D/dalvikvm( 2445): GC_CONCURRENT freed 178K, 3% free 9737K/9991K, paused 2ms+10ms
D/dalvikvm( 2445): GC_CONCURRENT freed 171K, 3% free 10126K/10375K, paused 2ms+3ms
D/dalvikvm( 2445): GC_CONCURRENT freed 799K, 9% free 9881K/10759K, paused 1ms+3ms
I/System.out( 2445): [INFO:893]: c: Running flush
D/dalvikvm( 2445): GC_FOR_ALLOC freed 26K, 9% free 9886K/10759K, paused 15ms
I/dalvikvm-heap( 2445): Grow heap (frag case) to 9.756MB for 32784-byte allocation
D/dalvikvm( 2445): GC_FOR_ALLOC freed 1K, 9% free 9917K/10823K, paused 15ms
I/System.out( 2445): [INFO:954]: c: Sending payload [bytes=288]
I/ActivityManager(  153): No longer want com.android.providers.calendar (pid 1475): hidden #16
I/System.out( 2445): [INFO:5954]: c: Running delayed flush
I/System.out( 2445): [INFO:5964]: c: Running flush
D/dalvikvm( 2498): Late-enabling CheckJNI
I/ActivityManager(  153): Start proc net.szym.barnacle for service net.szym.barnacle/.BarnacleService: pid=2498 uid=10065 gids={3003}
I/dalvikvm( 2498): Turning on JNI app bug workarounds for target SDK version 6...
E/jdwp    ( 2498): Failed sending reply to debugger: Broken pipe
D/dalvikvm( 2498): Debugger has detached; object registry had 1 entries
D/myBarnacleApp( 2498): onCreate
I/ActivityManager(  153): Start proc com.googlecode.android.wifi.tether for broadcast com.googlecode.android.wifi.tether/.WifiStateChangeReceiver: pid=2514 uid=10063 gids={3003, 3001, 3002, 1015}
W/myBarnacleApp( 2498): serviceStarted
I/dalvikvm( 2514): Turning on JNI app bug workarounds for target SDK version 3...
I/BarnacleService( 2498): log: Starting...
D/TETHER -> TetherApplication( 2514): Calling onCreate()
D/TETHER -> TetherApplication( 2514): Current directory is /data/data/com.googlecode.android.wifi.tether
D/TETHER -> TetherApplication( 2514): Directory '/data/data/com.googlecode.android.wifi.tether/bin' already exists!
D/TETHER -> TetherApplication( 2514): Directory '/data/data/com.googlecode.android.wifi.tether/var' already exists!
D/TETHER -> TetherApplication( 2514): Directory '/data/data/com.googlecode.android.wifi.tether/conf' already exists!
I/TETHER -> NativeTask( 2514): Trying to load libwtnativetask.so
D/dalvikvm( 2514): Trying to load lib /data/data/com.googlecode.android.wifi.tether/lib/libwtnativetask.so 0x4135eaf8
D/dalvikvm( 2514): Added shared lib /data/data/com.googlecode.android.wifi.tether/lib/libwtnativetask.so 0x4135eaf8
D/dalvikvm( 2514): No JNI_OnLoad found in /data/data/com.googlecode.android.wifi.tether/lib/libwtnativetask.so 0x4135eaf8, skipping init
I/ActivityManager(  153): No longer want android.process.acore (pid 2265): hidden #16
I/BarnacleService( 2498): log: hq. MSG_NETSCHANGE. about to get getWifiState
I/BarnacleService( 2498): log: hq. BarnacleServiceNETSCHANGE: 2 1 null
E/BarnacleService( 2498): NETSCHANGE: 2 1 null
I/BarnacleService( 2498): log: hq. wifiState 2 =? WifiManager.WIFI_STATE_DISABLED = 1
I/BarnacleService( 2498): log: hq. Wifi state Enabled! :( the else before STATE_STARTING
I/BarnacleService( 2498): log: hq if state == STATE_STARTING, turn off wifi
I/BarnacleService( 2498): log: Waiting until Wifi is disabled
I/BarnacleService( 2498): log: hq. MSG_NETSCHANGE. about to get getWifiState
I/BarnacleService( 2498): log: hq. BarnacleServiceNETSCHANGE: 2 1 null
E/BarnacleService( 2498): NETSCHANGE: 2 1 null
I/BarnacleService( 2498): log: hq. wifiState 2 =? WifiManager.WIFI_STATE_DISABLED = 1
I/BarnacleService( 2498): log: hq. Wifi state Enabled! :( the else before STATE_STARTING
I/BarnacleService( 2498): log: hq if state == STATE_STARTING, turn off wifi
I/BarnacleService( 2498): log: Waiting until Wifi is disabled
I/BarnacleService( 2498): log: hq. MSG_NETSCHANGE. about to get getWifiState
I/BarnacleService( 2498): log: hq. BarnacleServiceNETSCHANGE: 2 1 null
E/BarnacleService( 2498): NETSCHANGE: 2 1 null
I/BarnacleService( 2498): log: hq. wifiState 2 =? WifiManager.WIFI_STATE_DISABLED = 1
I/BarnacleService( 2498): log: hq. Wifi state Enabled! :( the else before STATE_STARTING
I/BarnacleService( 2498): log: hq if state == STATE_STARTING, turn off wifi
I/BarnacleService( 2498): log: Waiting until Wifi is disabled
D/SoftapController(   75): Softap fwReload - Ok
D/CommandListener(   75): Setting iface cfg
D/CommandListener(   75): Trying to bring down wlan0
D/CommandListener(   75): broadcast flag ignored
D/CommandListener(   75): multicast flag ignored
D/NetworkManagementService(  153): rsp <213 00:90:4c:11:22:33 0.0.0.0 0 [down broadcast multicast]>
D/NetworkManagementService(  153): flags <[down broadcast multicast]>
I/wpa_supplicant( 2535): CTRL-EVENT-TERMINATING - signal 0 received
I/wpa_supplicant( 2535): CTRL-EVENT-STATE-CHANGE id=-1 state=0 BSSID=00:00:00:00:00:00
D/CommandListener(   75): Clearing all IP addresses on wlan0
I/BarnacleService( 2498): log: hq. MSG_NETSCHANGE. about to get getWifiState
I/BarnacleService( 2498): log: hq. BarnacleServiceNETSCHANGE: 0 1 null
E/BarnacleService( 2498): NETSCHANGE: 0 1 null
I/BarnacleService( 2498): log: hq. wifiState 0 =? WifiManager.WIFI_STATE_DISABLED = 1
I/BarnacleService( 2498): log: hq. Wifi state Enabled! :( the else before STATE_STARTING
I/BarnacleService( 2498): log: hq if state == STATE_STARTING, turn off wifi
I/BarnacleService( 2498): log: hq. MSG_NETSCHANGE. about to get getWifiState
I/BarnacleService( 2498): log: hq. BarnacleServiceNETSCHANGE: 0 1 null
E/BarnacleService( 2498): NETSCHANGE: 0 1 null
I/BarnacleService( 2498): log: hq. wifiState 0 =? WifiManager.WIFI_STATE_DISABLED = 1
I/BarnacleService( 2498): log: hq. Wifi state Enabled! :( the else before STATE_STARTING
I/BarnacleService( 2498): log: hq if state == STATE_STARTING, turn off wifi
W/Netd    (   75): No subsystem found in netlink event
D/NetlinkEvent(   75): Unexpected netlink message. type=0x11
I/BarnacleService( 2498): log: hq. MSG_NETSCHANGE. about to get getWifiState
I/BarnacleService( 2498): log: hq. BarnacleServiceNETSCHANGE: 1 1 null
E/BarnacleService( 2498): NETSCHANGE: 1 1 null
I/BarnacleService( 2498): log: hq. wifiState 1 =? WifiManager.WIFI_STATE_DISABLED = 1
I/BarnacleService( 2498): log: hq. INSIDE :) wifi state disabled
I/BarnacleService( 2498): log: ( (state = 1) ?== (STATE_STARTING = 1) ) && ( (process = proc_is_null) ?== null ... && checkUplink:
I/BarnacleService( 2498): log: hq. :D:D:D:D in state == STATE STARTING and no proccess and checkuplink :D:D:D
I/BarnacleService( 2498): log: Data network is ready
I/BarnacleService( 2498): log: .ini file prepared
I/BarnacleService( 2498): log: hq. :):):):):) :D:D:D:D:D:D about to startProcess()
I/BarnacleService( 2498): log: hq==============
I/BarnacleService( 2498): BarnacleService: startProcess()
I/BarnacleService( 2498): log: hq     pb = new ProcessBuilder
I/BarnacleService( 2498): log: hq     ./File_SCRIPT
I/BarnacleService( 2498): log: hq     pb.start()
I/BarnacleService( 2498): log: hq     new Thread 0 OUTPUT
I/BarnacleService( 2498): log: hq     new Thread 1 ERROR
I/BarnacleService( 2498): log: hq     threads 0 start
I/BarnacleService( 2498): log: hq     threads 1 start
D/su      ( 2540): 10065 net.szym.barnacle executing 0 /data/data/net.szym.barnacle/files/run using shell /system/bin/sh : sh
E/ActivityManager(  153): Activity Manager Crash
E/ActivityManager(  153): java.lang.IllegalArgumentException: Unknown URI type: 7
E/ActivityManager(  153): 	at android.net.Uri$1.createFromParcel(Uri.java:1734)
E/ActivityManager(  153): 	at android.net.Uri$1.createFromParcel(Uri.java:1723)
E/ActivityManager(  153): 	at android.content.Intent.readFromParcel(Intent.java:6131)
E/ActivityManager(  153): 	at android.content.Intent.<init>(Intent.java:6126)
E/ActivityManager(  153): 	at android.content.Intent.readFromParcel(Intent.java:6153)
E/ActivityManager(  153): 	at android.content.Intent.<init>(Intent.java:6126)
E/ActivityManager(  153): 	at android.content.Intent$1.createFromParcel(Intent.java:6117)
E/ActivityManager(  153): 	at android.content.Intent$1.createFromParcel(Intent.java:6115)
E/ActivityManager(  153): 	at android.app.ActivityManagerNative.onTransact(ActivityManagerNative.java:298)
E/ActivityManager(  153): 	at com.android.server.am.ActivityManagerService.onTransact(ActivityManagerService.java:1545)
E/ActivityManager(  153): 	at android.os.Binder.execTransact(Binder.java:338)
E/ActivityManager(  153): 	at dalvik.system.NativeStart.run(Native Method)
I/BarnacleService( 2498): log: WIFI: driver loaded
D/barnacle( 2557): WIFI: Could not set freq: Invalid argument
D/barnacle( 2557): WIFI: Could not set freq: Invalid argument
I/BarnacleService( 2498): log: Running...
W/myBarnacleApp( 2498): processStarted
D/barnacle( 2557): WIFI: WLEXT assoc
D/dalvikvm(  451): GC_CONCURRENT freed 381K, 7% free 10095K/10759K, paused 14ms+3ms
D/ConnectivityService(  153): handleInetConditionHoldEnd: net=0, condition=100, published condition=0
I/System.out( 2445): [INFO:17733]: c: Response [http=200,length=91]
I/System.out( 2445): [INFO:17747]: c: Read id 1, status code 200
W/Smack/Packet(  451): notify conn break (IOEx), close connection
D/ConnectivityService(  153): handleInetConditionHoldEnd: net=0, condition=0, published condition=100
I/GTalkService/c(  451): [AndroidEndpoint@1094788224] connect: acct=1000001, state=CONNECTING
D/ConnectivityService(  153): handleInetConditionHoldEnd: net=0, condition=100, published condition=0
W/Smack/Packet(  451): notify conn break (IOEx), close connection
D/ConnectivityService(  153): handleInetConditionHoldEnd: net=0, condition=0, published condition=100
I/GTalkService/c(  451): [AndroidEndpoint@1094788224] connect: acct=1000001, state=CONNECTING
D/dalvikvm(  451): GC_CONCURRENT freed 417K, 7% free 10068K/10759K, paused 13ms+3ms
W/Smack/Packet(  451): notify conn break (IOEx), close connection
D/ConnectivityService(  153): handleInetConditionHoldEnd: net=0, condition=0, published condition=0
I/GTalkService/c(  451): [AndroidEndpoint@1094788224] connect: acct=1000001, state=CONNECTING
D/ConnectivityService(  153): handleInetConditionHoldEnd: net=0, condition=100, published condition=0
D/dalvikvm(  153): GC_CONCURRENT freed 911K, 13% free 13350K/15175K, paused 17ms+5ms
W/Smack/Packet(  451): notify conn break (IOEx), close connection
D/ConnectivityService(  153): handleInetConditionHoldEnd: net=0, condition=0, published condition=100
I/GTalkService/c(  451): [AndroidEndpoint@1094788224] connect: acct=1000001, state=CONNECTING
D/dalvikvm(  451): GC_CONCURRENT freed 393K, 7% free 10062K/10759K, paused 14ms+2ms
D/ConnectivityService(  153): handleInetConditionHoldEnd: net=0, condition=100, published condition=0
W/Smack/Packet(  451): notify conn break (IOEx), close connection
D/ConnectivityService(  153): handleInetConditionHoldEnd: net=0, condition=0, published condition=100
I/GTalkService/c(  451): [AndroidEndpoint@1094788224] connect: acct=1000001, state=CONNECTING
D/dalvikvm(  451): GC_CONCURRENT freed 380K, 7% free 10071K/10759K, paused 2ms+3ms
D/ConnectivityService(  153): handleInetConditionHoldEnd: net=0, condition=100, published condition=0
W/Smack/Packet(  451): notify conn break (IOEx), close connection
D/ConnectivityService(  153): handleInetConditionHoldEnd: net=0, condition=0, published condition=100
I/GTalkService/c(  451): [AndroidEndpoint@1094788224] connect: acct=1000001, state=CONNECTING
D/ConnectivityService(  153): handleInetConditionHoldEnd: net=0, condition=100, published condition=0
W/Smack/Packet(  451): notify conn break (IOEx), close connection
D/ConnectivityService(  153): handleInetConditionHoldEnd: net=0, condition=0, published condition=100
W/NetworkStats(  153): dropping UID delta from unknown iface: iface=wlan0 uid=0 set=DEFAULT tag=0x0 rxBytes=0 rxPackets=0 txBytes=580 txPackets=9 operations=0
I/GTalkService/c(  451): [AndroidEndpoint@1094788224] connect: acct=1000001, state=CONNECTING
D/dalvikvm(  451): GC_CONCURRENT freed 383K, 7% free 10083K/10759K, paused 1ms+3ms
D/ConnectivityService(  153): handleInetConditionHoldEnd: net=0, condition=100, published condition=0
W/Smack/Packet(  451): notify conn break (IOEx), close connection
D/ConnectivityService(  153): handleInetConditionHoldEnd: net=0, condition=0, published condition=100
I/GTalkService/c(  451): [AndroidEndpoint@1094788224] connect: acct=1000001, state=CONNECTING
D/dalvikvm(  217): GC_CONCURRENT freed 382K, 7% free 10550K/11335K, paused 2ms+3ms
D/ConnectivityService(  153): handleInetConditionHoldEnd: net=0, condition=100, published condition=0
W/Smack/Packet(  451): notify conn break (IOEx), close connection
D/ConnectivityService(  153): handleInetConditionHoldEnd: net=0, condition=0, published condition=100
I/GTalkService/c(  451): [AndroidEndpoint@1094788224] connect: acct=1000001, state=CONNECTING
D/dalvikvm(  451): GC_CONCURRENT freed 414K, 7% free 10063K/10759K, paused 14ms+3ms
I/ActivityManager(  153): Start proc com.google.android.calendar for broadcast com.google.android.calendar/com.android.calendar.widget.CalendarAppWidgetService$CalendarFactory: pid=2591 uid=10006 gids={3003}
I/ActivityManager(  153): Start proc com.google.android.deskclock for broadcast com.google.android.deskclock/com.android.deskclock.AlarmInitReceiver: pid=2606 uid=10013 gids={}
I/ActivityManager(  153): No longer want com.google.android.gallery3d (pid 2280): hidden #16
D/AlarmManagerService(  153): Kernel timezone updated to 240 minutes west of GMT
I/ActivityManager(  153): Start proc com.android.providers.calendar for content provider com.android.providers.calendar/.CalendarProvider2: pid=2616 uid=10007 gids={3003, 1015}
D/dalvikvm(  153): GC_EXPLICIT freed 747K, 13% free 13341K/15175K, paused 2ms+5ms
I/ActivityThread( 2591): Pub com.google.android.calendar.CalendarRecentSuggestionsProvider: com.android.calendar.CalendarRecentSuggestionsProvider
D/dalvikvm(   79): GC_EXPLICIT freed 38K, 4% free 9028K/9347K, paused 1ms+2ms
D/dalvikvm(   79): GC_EXPLICIT freed <1K, 4% free 9028K/9347K, paused 1ms+2ms
D/dalvikvm(   79): GC_EXPLICIT freed <1K, 4% free 9028K/9347K, paused 1ms+1ms
D/SystemClock(  312): Setting time of day to sec=1333745474
I/ActivityManager(  153): No longer want com.google.android.partnersetup (pid 2302): hidden #16
I/ActivityThread( 2606): Pub com.android.deskclock: com.android.deskclock.AlarmProvider
I/ActivityThread( 2616): Pub com.android.calendar: com.android.providers.calendar.CalendarProvider2
I/ActivityManager(  153): No longer want com.google.android.apps.maps (pid 1285): hidden #16
V/AlarmClock( 2606): AlarmInitReceiver finished
I/CalendarProvider2( 2616): Sending notification intent: Intent { act=android.intent.action.PROVIDER_CHANGED dat=content://com.android.calendar }
W/ContentResolver( 2616): Failed to get type for: content://com.android.calendar (Unknown URL content://com.android.calendar)
E/GTalkService(  451): connectionClosed: no XMPPConnection - That's strange!
D/ConnectivityService(  153): handleInetConditionHoldEnd: net=0, condition=0, published condition=0
I/GTalkService/c(  451): [AndroidEndpoint@1094788224] connect: acct=1000001, state=CONNECTING
D/dalvikvm( 2445): GC_CONCURRENT freed 282K, 8% free 10020K/10823K, paused 3ms+2ms
D/dalvikvm(  312): GC_CONCURRENT freed 426K, 6% free 9493K/10055K, paused 2ms+4ms
D/AlarmManagerService(  153): Kernel timezone updated to 240 minutes west of GMT
D/SystemClock(  312): Setting time of day to sec=1333745529
V/AlarmClock( 2606): AlarmInitReceiver finished
D/ConnectivityService(  153): handleInetConditionHoldEnd: net=0, condition=100, published condition=0
W/Smack/Packet(  451): notify conn break (IOEx), close connection
D/ConnectivityService(  153): handleInetConditionHoldEnd: net=0, condition=0, published condition=100
I/GTalkService/c(  451): [AndroidEndpoint@1094788224] connect: acct=1000001, state=CONNECTING
D/dalvikvm(  153): GC_CONCURRENT freed 976K, 13% free 13323K/15175K, paused 2ms+5ms
D/dalvikvm(  451): GC_CONCURRENT freed 394K, 7% free 10075K/10759K, paused 2ms+3ms
D/ConnectivityService(  153): handleInetConditionHoldEnd: net=0, condition=100, published condition=0
W/Smack/Packet(  451): notify conn break (IOEx), close connection
D/ConnectivityService(  153): handleInetConditionHoldEnd: net=0, condition=0, published condition=100
I/GTalkService/c(  451): [AndroidEndpoint@1094788224] connect: acct=1000001, state=CONNECTING
D/ConnectivityService(  153): handleInetConditionHoldEnd: net=0, condition=100, published condition=0
W/Smack/Packet(  451): notify conn break (IOEx), close connection
D/ConnectivityService(  153): handleInetConditionHoldEnd: net=0, condition=0, published condition=100
I/GTalkService/c(  451): [AndroidEndpoint@1094788224] connect: acct=1000001, state=CONNECTING
D/dalvikvm(  451): GC_CONCURRENT freed 411K, 7% free 10062K/10759K, paused 48ms+3ms
D/ConnectivityService(  153): handleInetConditionHoldEnd: net=0, condition=100, published condition=0
W/Smack/Packet(  451): notify conn break (IOEx), close connection
D/ConnectivityService(  153): handleInetConditionHoldEnd: net=0, condition=0, published condition=100
I/GTalkService/c(  451): [AndroidEndpoint@1094788224] connect: acct=1000001, state=CONNECTING
D/dalvikvm(  451): GC_CONCURRENT freed 387K, 7% free 10070K/10759K, paused 1ms+3ms
D/ConnectivityService(  153): handleInetConditionHoldEnd: net=0, condition=100, published condition=0
W/Smack/Packet(  451): notify conn break (IOEx), close connection
D/ConnectivityService(  153): handleInetConditionHoldEnd: net=0, condition=0, published condition=100
I/GTalkService/c(  451): [AndroidEndpoint@1094788224] connect: acct=1000001, state=CONNECTING
D/ConnectivityService(  153): handleInetConditionHoldEnd: net=0, condition=100, published condition=0
W/Smack/Packet(  451): notify conn break (IOEx), close connection
D/ConnectivityService(  153): handleInetConditionHoldEnd: net=0, condition=0, published condition=100
I/GTalkService/c(  451): [AndroidEndpoint@1094788224] connect: acct=1000001, state=CONNECTING
D/dalvikvm(  451): GC_CONCURRENT freed 376K, 7% free 10089K/10759K, paused 2ms+3ms
W/Smack/Packet(  451): notify conn break (IOEx), close connection
E/GTalkService(  451): connectionClosed: no XMPPConnection - That's strange!
D/ConnectivityService(  153): handleInetConditionHoldEnd: net=0, condition=0, published condition=0
I/GTalkService/c(  451): [AndroidEndpoint@1094788224] connect: acct=1000001, state=CONNECTING
D/ConnectivityService(  153): handleInetConditionHoldEnd: net=0, condition=100, published condition=0
W/Smack/Packet(  451): notify conn break (IOEx), close connection
D/ConnectivityService(  153): handleInetConditionHoldEnd: net=0, condition=0, published condition=100
I/GTalkService/c(  451): [AndroidEndpoint@1094788224] connect: acct=1000001, state=CONNECTING
D/dalvikvm(  451): GC_CONCURRENT freed 413K, 7% free 10064K/10759K, paused 14ms+2ms
D/dalvikvm(  153): GC_EXPLICIT freed 487K, 13% free 13334K/15175K, paused 25ms+6ms
D/ConnectivityService(  153): handleInetConditionHoldEnd: net=0, condition=100, published condition=0
D/AlarmManagerService(  153): Kernel timezone updated to 240 minutes west of GMT
V/AlarmClock( 2606): AlarmInitReceiver finished
D/SystemClock(  312): Setting time of day to sec=1333746004
D/AlarmManagerService(  153): Kernel timezone updated to 240 minutes west of GMT
D/SystemClock(  312): Setting time of day to sec=1333746057
V/AlarmClock( 2606): AlarmInitReceiver finished
I/ActivityManager(  153): Start proc com.google.android.apps.maps for service com.google.android.apps.maps/com.google.googlenav.prefetch.android.PrefetcherService: pid=2682 uid=10032 gids={3003, 1015}
I/dalvikvm( 2682): Turning on JNI app bug workarounds for target SDK version 13...
D/dalvikvm( 2682): GC_CONCURRENT freed 152K, 3% free 9382K/9607K, paused 2ms+2ms
I/ActivityThread( 2682): Pub com.google.android.maps.LayerInfoProvider: com.google.googlenav.layer.LayerInfoProvider
I/ActivityThread( 2682): Pub com.google.android.maps.TrafficAppWidgetProvider: com.google.googlenav.appwidget.traffic.TrafficAppWidgetProvider
I/ActivityThread( 2682): Pub com.google.android.maps.SuggestionProvider: com.google.googlenav.suggest.android.SuggestProvider
I/ActivityThread( 2682): Pub com.google.android.maps.LocalActivePlacesProvider: com.google.googlenav.provider.LocalActivePlacesProvider
I/ActivityThread( 2682): Pub com.google.android.maps.StarredItemProvider: com.google.googlenav.provider.StarredItemProvider
D/dalvikvm( 2682): GC_CONCURRENT freed 125K, 3% free 9780K/9991K, paused 2ms+3ms
I/ActivityThread( 2682): Pub com.google.android.maps.LocalSuggestionProvider: com.google.googlenav.provider.LocalSuggestionProvider
I/ActivityThread( 2682): Pub com.google.android.maps.SearchHistoryProvider: com.google.googlenav.provider.SearchHistoryProvider
I/ActivityThread( 2682): Pub com.google.android.maps.NavigationAvailabilityProvider: com.google.googlenav.provider.NavigationAvailabilityProvider
D/dalvikvm( 2682): GC_CONCURRENT freed 229K, 4% free 10014K/10375K, paused 2ms+2ms
I/ActivityManager(  153): No longer want com.android.musicfx (pid 2321): hidden #16
D/dalvikvm(  153): GC_CONCURRENT freed 970K, 13% free 13352K/15175K, paused 2ms+5ms
I/EventLogService(  451): Aggregate from 1333744484479 (log), 1333744484479 (data)
I/ServiceDumpSys(  451): dumping service [account]
D/dalvikvm(  312): GC_EXPLICIT freed 412K, 6% free 9495K/10055K, paused 17ms+3ms
D/dalvikvm(  217): GC_CONCURRENT freed 376K, 7% free 10559K/11335K, paused 1ms+3ms
I/ActivityManager(  153): No longer want com.google.android.apps.plus (pid 980): hidden #16
I/ActivityManager(  153): No longer want com.android.voicedialer (pid 2334): hidden #16
D/dalvikvm(  153): GC_CONCURRENT freed 1043K, 13% free 13341K/15175K, paused 3ms+5ms
D/dalvikvm( 2498): Debugger has detached; object registry had 1 entries
D/dalvikvm( 2359): Debugger has detached; object registry had 1 entries
W/Smack/Packet(  451): notify conn break (IOEx), close connection
W/ActivityManager(  153): finishReceiver called but no pending broadcasts
D/ConnectivityService(  153): handleInetConditionHoldEnd: net=0, condition=0, published condition=100
D/dalvikvm(  312): GC_CONCURRENT freed 454K, 6% free 9493K/10055K, paused 2ms+2ms
D/AlarmManagerService(  153): Kernel timezone updated to 240 minutes west of GMT
V/AlarmClock( 2606): AlarmInitReceiver finished
D/SystemClock(  312): Setting time of day to sec=1333747623
I/GTalkService/c(  451): [AndroidEndpoint@1094788224] connect: acct=1000001, state=CONNECTING
D/dalvikvm(  153): GC_CONCURRENT freed 958K, 12% free 13356K/15175K, paused 3ms+6ms
D/dalvikvm(  153): GC_EXPLICIT freed 139K, 13% free 13279K/15175K, paused 2ms+5ms
D/dalvikvm(  451): GC_CONCURRENT freed 414K, 7% free 10048K/10759K, paused 2ms+2ms
E/GTalkService(  451): connectionClosed: no XMPPConnection - That's strange!
D/ConnectivityService(  153): handleInetConditionHoldEnd: net=0, condition=0, published condition=0
I/GTalkService/c(  451): [AndroidEndpoint@1094788224] connect: acct=1000001, state=CONNECTING
D/dalvikvm(  312): GC_CONCURRENT freed 428K, 6% free 9493K/10055K, paused 1ms+2ms
D/dalvikvm(  153): GC_CONCURRENT freed 965K, 13% free 13325K/15175K, paused 17ms+5ms
E/GTalkService(  451): connectionClosed: no XMPPConnection - That's strange!
D/ConnectivityService(  153): handleInetConditionHoldEnd: net=0, condition=0, published condition=0
I/GTalkService/c(  451): [AndroidEndpoint@1094788224] connect: acct=1000001, state=CONNECTING
D/dalvikvm(  451): GC_CONCURRENT freed 356K, 7% free 10077K/10759K, paused 14ms+3ms
D/ConnectivityService(  153): handleInetConditionHoldEnd: net=0, condition=100, published condition=0
D/AlarmManagerService(  153): Kernel timezone updated to 240 minutes west of GMT
V/AlarmClock( 2606): AlarmInitReceiver finished
D/SystemClock(  312): Setting time of day to sec=1333747850
D/dalvikvm(  312): GC_CONCURRENT freed 447K, 6% free 9493K/10055K, paused 2ms+3ms
D/dalvikvm(  153): GC_CONCURRENT freed 950K, 13% free 13330K/15175K, paused 17ms+5ms
D/dalvikvm(  451): GC_EXPLICIT freed 65K, 7% free 10046K/10759K, paused 2ms+3ms
I/EventLogService(  451): Aggregate from 1333746284587 (log), 1333746284587 (data)
I/ServiceDumpSys(  451): dumping service [account]
I/CheckinService(  451): Preparing to send checkin request
I/EventLogService(  451): Accumulating logs since 1333748084720
I/CheckinTask(  451): Sending checkin request (1696 bytes)
D/dalvikvm(  451): GC_CONCURRENT freed 327K, 6% free 10141K/10759K, paused 2ms+3ms
I/CheckinTask(  451): Checkin success: https://android.clients.google.com/checkin (1 requests sent)
D/dalvikvm(  217): GC_CONCURRENT freed 385K, 7% free 10557K/11335K, paused 1ms+3ms
D/dalvikvm(  153): GC_CONCURRENT freed 921K, 12% free 13369K/15175K, paused 2ms+5ms
D/dalvikvm(  153): GC_EXPLICIT freed 742K, 13% free 13335K/15175K, paused 25ms+5ms
W/Smack/Packet(  451): notify conn break (IOEx), close connection
I/qtaguid (  451): Failed write_ctrl(u 64) res=-1 errno=22
I/qtaguid (  451): Untagging socket 64 failed errno=-22
W/NetworkManagementSocketTagger(  451): untagSocket(64) failed with errno -22
D/ConnectivityService(  153): handleInetConditionHoldEnd: net=0, condition=0, published condition=100
I/GTalkService/c(  451): [AndroidEndpoint@1094788224] connect: acct=1000001, state=CONNECTING
D/dalvikvm(  451): GC_CONCURRENT freed 422K, 7% free 10109K/10759K, paused 14ms+3ms
D/ConnectivityService(  153): handleInetConditionHoldEnd: net=0, condition=100, published condition=0
W/Smack/Packet(  451): notify conn break (IOEx), close connection
I/qtaguid (  451): Failed write_ctrl(u 64) res=-1 errno=22
I/qtaguid (  451): Untagging socket 64 failed errno=-22
W/NetworkManagementSocketTagger(  451): untagSocket(64) failed with errno -22
D/ConnectivityService(  153): handleInetConditionHoldEnd: net=0, condition=0, published condition=100
I/GTalkService/c(  451): [AndroidEndpoint@1094788224] connect: acct=1000001, state=CONNECTING
D/ConnectivityService(  153): handleInetConditionHoldEnd: net=0, condition=100, published condition=0
W/Smack/Packet(  451): notify conn break (IOEx), close connection
D/ConnectivityService(  153): handleInetConditionHoldEnd: net=0, condition=0, published condition=100
I/GTalkService/c(  451): [AndroidEndpoint@1094788224] connect: acct=1000001, state=CONNECTING
D/dalvikvm(  451): GC_CONCURRENT freed 431K, 7% free 10066K/10759K, paused 13ms+3ms
W/Smack/Packet(  451): notify conn break (IOEx), close connection
D/ConnectivityService(  153): handleInetConditionHoldEnd: net=0, condition=0, published condition=0
I/GTalkService/c(  451): [AndroidEndpoint@1094788224] connect: acct=1000001, state=CONNECTING
W/Smack/Packet(  451): notify conn break (IOEx), close connection
D/ConnectivityService(  153): handleInetConditionHoldEnd: net=0, condition=0, published condition=0
I/GTalkService/c(  451): [AndroidEndpoint@1094788224] connect: acct=1000001, state=CONNECTING
D/dalvikvm(  451): GC_CONCURRENT freed 390K, 7% free 10064K/10759K, paused 13ms+2ms
D/ConnectivityService(  153): handleInetConditionHoldEnd: net=0, condition=100, published condition=0
W/Smack/Packet(  451): notify conn break (IOEx), close connection
D/ConnectivityService(  153): handleInetConditionHoldEnd: net=0, condition=0, published condition=100
I/EventLogService(  451): Aggregate from 1333748131273 (log), 1333748084720 (data)
I/ServiceDumpSys(  451): dumping service [account]
D/dalvikvm(  312): GC_CONCURRENT freed 438K, 6% free 9496K/10055K, paused 2ms+2ms
D/dalvikvm(  153): GC_CONCURRENT freed 918K, 12% free 13376K/15175K, paused 2ms+5ms
I/GTalkService/c(  451): [AndroidEndpoint@1094788224] connect: acct=1000001, state=CONNECTING
E/GTalkService(  451): connectionClosed: no XMPPConnection - That's strange!
D/ConnectivityService(  153): handleInetConditionHoldEnd: net=0, condition=0, published condition=0
D/dalvikvm(  217): GC_CONCURRENT freed 393K, 7% free 10548K/11335K, paused 1ms+2ms
I/GTalkService/c(  451): [AndroidEndpoint@1094788224] connect: acct=1000001, state=CONNECTING
D/dalvikvm(  451): GC_CONCURRENT freed 395K, 7% free 10058K/10759K, paused 13ms+3ms
D/ConnectivityService(  153): handleInetConditionHoldEnd: net=0, condition=100, published condition=0
W/Smack/Packet(  451): notify conn break (IOEx), close connection
D/ConnectivityService(  153): handleInetConditionHoldEnd: net=0, condition=0, published condition=100
D/dalvikvm( 2445): GC_CONCURRENT freed 437K, 8% free 10024K/10823K, paused 2ms+3ms
I/GTalkService/c(  451): [AndroidEndpoint@1094788224] connect: acct=1000001, state=CONNECTING
D/dalvikvm(  451): GC_CONCURRENT freed 368K, 7% free 10076K/10759K, paused 2ms+3ms
D/ConnectivityService(  153): handleInetConditionHoldEnd: net=0, condition=100, published condition=0
W/Smack/Packet(  451): notify conn break (IOEx), close connection
D/ConnectivityService(  153): handleInetConditionHoldEnd: net=0, condition=0, published condition=100
D/dalvikvm(  153): GC_CONCURRENT freed 987K, 12% free 13360K/15175K, paused 17ms+6ms
D/AlarmManagerService(  153): Kernel timezone updated to 240 minutes west of GMT
D/SystemClock(  312): Setting time of day to sec=1333750964
V/AlarmClock( 2606): AlarmInitReceiver finished
D/dalvikvm( 2616): GC_CONCURRENT freed 272K, 5% free 9198K/9607K, paused 1ms+3ms
I/GTalkService/c(  451): [AndroidEndpoint@1094788224] connect: acct=1000001, state=CONNECTING
D/dalvikvm(  153): GC_EXPLICIT freed 681K, 13% free 13321K/15175K, paused 10ms+5ms
D/dalvikvm(  312): GC_CONCURRENT freed 428K, 6% free 9493K/10055K, paused 27ms+2ms
D/AlarmManagerService(  153): Kernel timezone updated to 240 minutes west of GMT
D/SystemClock(  312): Setting time of day to sec=1333751093
V/AlarmClock( 2606): AlarmInitReceiver finished
E/GTalkService(  451): connectionClosed: no XMPPConnection - That's strange!
D/ConnectivityService(  153): handleInetConditionHoldEnd: net=0, condition=0, published condition=0
I/GTalkService/c(  451): [AndroidEndpoint@1094788224] connect: acct=1000001, state=CONNECTING
D/dalvikvm(  451): GC_CONCURRENT freed 390K, 7% free 10087K/10759K, paused 2ms+3ms
D/ConnectivityService(  153): handleInetConditionHoldEnd: net=0, condition=100, published condition=0
W/Smack/Packet(  451): notify conn break (IOEx), close connection
D/ConnectivityService(  153): handleInetConditionHoldEnd: net=0, condition=0, published condition=100
I/EventLogService(  451): Aggregate from 1333749884843 (log), 1333749884843 (data)
I/ServiceDumpSys(  451): dumping service [account]
D/dalvikvm(  153): GC_CONCURRENT freed 934K, 13% free 13353K/15175K, paused 2ms+5ms
I/GTalkService/c(  451): [AndroidEndpoint@1094788224] connect: acct=1000001, state=CONNECTING
D/ConnectivityService(  153): handleInetConditionHoldEnd: net=0, condition=100, published condition=0
W/Smack/Packet(  451): notify conn break (IOEx), close connection
D/ConnectivityService(  153): handleInetConditionHoldEnd: net=0, condition=0, published condition=100
I/GTalkService/c(  451): [AndroidEndpoint@1094788224] connect: acct=1000001, state=CONNECTING
D/dalvikvm(  451): GC_CONCURRENT freed 416K, 7% free 10073K/10759K, paused 14ms+3ms
D/ConnectivityService(  153): handleInetConditionHoldEnd: net=0, condition=100, published condition=0
D/dalvikvm(  217): GC_CONCURRENT freed 375K, 7% free 10557K/11335K, paused 12ms+2ms
W/Smack/Packet(  451): notify conn break (IOEx), close connection
D/ConnectivityService(  153): handleInetConditionHoldEnd: net=0, condition=0, published condition=100
I/GTalkService/c(  451): [AndroidEndpoint@1094788224] connect: acct=1000001, state=CONNECTING
D/dalvikvm(  451): GC_CONCURRENT freed 391K, 7% free 10076K/10759K, paused 2ms+2ms
W/Smack/Packet(  451): notify conn break (IOEx), close connection
D/ConnectivityService(  153): handleInetConditionHoldEnd: net=0, condition=0, published condition=0
I/GTalkService/c(  451): [AndroidEndpoint@1094788224] connect: acct=1000001, state=CONNECTING
D/ConnectivityService(  153): handleInetConditionHoldEnd: net=0, condition=100, published condition=0
W/Smack/Packet(  451): notify conn break (IOEx), close connection
D/ConnectivityService(  153): handleInetConditionHoldEnd: net=0, condition=0, published condition=100
I/GTalkService/c(  451): [AndroidEndpoint@1094788224] connect: acct=1000001, state=CONNECTING
D/dalvikvm(  451): GC_CONCURRENT freed 380K, 7% free 10091K/10759K, paused 2ms+4ms
D/ConnectivityService(  153): handleInetConditionHoldEnd: net=0, condition=100, published condition=0
W/Smack/Packet(  451): notify conn break (IOEx), close connection
D/ConnectivityService(  153): handleInetConditionHoldEnd: net=0, condition=0, published condition=100
I/GTalkService/c(  451): [AndroidEndpoint@1094788224] connect: acct=1000001, state=CONNECTING
D/ConnectivityService(  153): handleInetConditionHoldEnd: net=0, condition=100, published condition=0
W/Smack/Packet(  451): notify conn break (IOEx), close connection
D/ConnectivityService(  153): handleInetConditionHoldEnd: net=0, condition=0, published condition=100
I/GTalkService/c(  451): [AndroidEndpoint@1094788224] connect: acct=1000001, state=CONNECTING
D/dalvikvm(  451): GC_CONCURRENT freed 420K, 7% free 10070K/10759K, paused 14ms+3ms
D/ConnectivityService(  153): handleInetConditionHoldEnd: net=0, condition=100, published condition=0
W/Smack/Packet(  451): notify conn break (IOEx), close connection
D/ConnectivityService(  153): handleInetConditionHoldEnd: net=0, condition=0, published condition=100
I/GTalkService/c(  451): [AndroidEndpoint@1094788224] connect: acct=1000001, state=CONNECTING
D/dalvikvm(  451): GC_CONCURRENT freed 386K, 7% free 10078K/10759K, paused 1ms+3ms
W/Smack/Packet(  451): notify conn break (IOEx), close connection
D/ConnectivityService(  153): handleInetConditionHoldEnd: net=0, condition=0, published condition=0
I/GTalkService/c(  451): [AndroidEndpoint@1094788224] connect: acct=1000001, state=CONNECTING
W/Smack/Packet(  451): notify conn break (IOEx), close connection
D/ConnectivityService(  153): handleInetConditionHoldEnd: net=0, condition=0, published condition=0
D/dalvikvm(  153): GC_CONCURRENT freed 939K, 12% free 13371K/15175K, paused 2ms+5ms
I/GTalkService/c(  451): [AndroidEndpoint@1094788224] connect: acct=1000001, state=CONNECTING
D/dalvikvm(  451): GC_CONCURRENT freed 388K, 7% free 10090K/10759K, paused 2ms+2ms
D/dalvikvm(  153): GC_EXPLICIT freed 140K, 13% free 13273K/15175K, paused 2ms+4ms
D/ConnectivityService(  153): handleInetConditionHoldEnd: net=0, condition=100, published condition=0
W/Smack/Packet(  451): notify conn break (IOEx), close connection
D/ConnectivityService(  153): handleInetConditionHoldEnd: net=0, condition=0, published condition=100
I/power   (  153): *** set_screen_state 1
I/WindowManager(  153): Lock screen displayed!
I/ActivityManager(  153): Start proc com.google.android.apps.plus for broadcast com.google.android.apps.plus/com.google.android.picasasync.BatteryReceiver: pid=2831 uid=10044 gids={3003, 1015, 1006}
I/ActivityThread( 2831): Pub com.google.android.apps.plus.content.EsProvider: com.google.android.apps.plus.content.EsProvider
I/ActivityThread( 2831): Pub com.google.android.apps.plus.content.ApiProvider: com.google.android.apps.plus.content.EsApiProvider
I/ActivityThread( 2831): Pub com.google.android.apps.plus.content.EsGooglePhotoProvider: com.google.android.picasasync.PicasaContentProvider
D/dalvikvm( 2831): GC_CONCURRENT freed 255K, 4% free 9278K/9607K, paused 1ms+1ms
D/dalvikvm( 2831): GC_CONCURRENT freed 454K, 6% free 9321K/9863K, paused 1ms+2ms
I/ActivityThread( 2831): Pub com.google.plus.platform: com.google.android.apps.plus.content.AdsProvider
D/UploadsManager( 2831): load newPhotoTracker: null
D/UploadsManager( 2831): load all accounts: null
D/UploadsManager( 2831): load all account-album pairs: null
V/PicasaContentProvider( 2831): querySettings: defaults: {sync_on_wifi_only=1, auto_upload_account_type=null, sync_on_battery=1, sync_picasa_on_wifi_only=1, auto_upload_enabled=0, video_upload_wifi_only=1, sync_on_roaming=0, auto_upload_account_name=null}
D/UploadsManager( 2831):    settings not changed
I/ActivityManager(  153): No longer want com.noshufou.android.su (pid 2346): hidden #16
D/PicasaSync( 2831): sync account database
V/PicasaContentProvider( 2831): querySettings: defaults: {sync_on_wifi_only=1, auto_upload_account_type=null, sync_on_battery=1, sync_picasa_on_wifi_only=1, auto_upload_enabled=0, video_upload_wifi_only=1, sync_on_roaming=0, auto_upload_account_name=null}
D/PicasaSync( 2831): accounts in DB=0
V/PicasaContentProvider( 2831): querySettings: defaults: {sync_on_wifi_only=1, auto_upload_account_type=null, sync_on_battery=1, sync_picasa_on_wifi_only=1, auto_upload_enabled=0, video_upload_wifi_only=1, sync_on_roaming=0, auto_upload_account_name=null}
D/PicasaSyncManager( 2831): active network: NetworkInfo: type: mobile[EDGE], state: CONNECTED/CONNECTED, reason: nwTypeChanged, extra: epc.tmobile.com, roaming: false, failover: false, isAvailable: true
D/PicasaSyncManager( 2831): background data: true
D/PicasaSyncManager( 2831): battery info: false
D/SurfaceFlinger(   78): Screen about to return, flinger = 0xdbb918
D/dalvikvm(  217): GC_FOR_ALLOC freed 418K, 9% free 10355K/11335K, paused 51ms
I/StorageNotification(  217): UMS connection changed to false (media state mounted)
D/dalvikvm(  217): GC_FOR_ALLOC freed 311K, 9% free 10342K/11335K, paused 39ms
D/dalvikvm(  217): GC_FOR_ALLOC freed 182K, 9% free 10341K/11335K, paused 35ms
D/dalvikvm(  217): GC_FOR_ALLOC freed 182K, 9% free 10339K/11335K, paused 28ms
D/dalvikvm(  217): GC_CONCURRENT freed 567K, 10% free 10224K/11335K, paused 2ms+2ms
I/power   (  153): *** set_screen_state 0
I/power   (  153): *** set_screen_state 1
D/SurfaceFlinger(   78): About to give-up screen, flinger = 0xdbb918
V/TransportControlView(  153): Create TCV com.android.internal.widget.TransportControlView@415fb078
D/dalvikvm(  153): GC_CONCURRENT freed 597K, 10% free 13742K/15175K, paused 2ms+6ms
I/WindowManager(  153): Lock screen displayed!
D/SurfaceFlinger(   78): Screen about to return, flinger = 0xdbb918
D/PhoneStatusBar(  217): disable: < expand icons alerts ticker system_info BACK HOME recent* CLOCK >
D/NfcService(  327): NFC-C ON
D/PhoneStatusBar(  217): disable: < expand icons alerts ticker system_info back* home* recent clock* >
D/dalvikvm(  312): GC_CONCURRENT freed 422K, 6% free 9494K/10055K, paused 14ms+4ms
I/ActivityManager(  153): START {cmp=net.szym.barnacle/.StatusActivity bnds=[0,119][480,215]} from pid -1
W/ActivityManager(  153): startActivity called from non-Activity context; forcing Intent.FLAG_ACTIVITY_NEW_TASK for: Intent { cmp=net.szym.barnacle/.StatusActivity bnds=[0,119][480,215] }
D/AudioHardware(   81): AudioHardware pcm playback is exiting standby.
D/AudioHardware(   81): openPcmOut_l() mPcmOpenCnt: 0
W/KeyguardViewMediator(  153): verifyUnlock called when not externally disabled
D/OpenGLRenderer( 2359): Flushing caches (mode 1)
D/OpenGLRenderer( 2359): Flushing caches (mode 0)
D/dalvikvm( 2498): GC_CONCURRENT freed 275K, 4% free 9246K/9607K, paused 3ms+4ms
V/PhoneStatusBar(  217): setLightsOn(true)
I/ActivityManager(  153): Displayed net.szym.barnacle/.StatusActivity: +622ms
W/Netd    (   75): No subsystem found in netlink event
D/NetlinkEvent(   75): Unexpected netlink message. type=0x11
I/ActivityManager(  153): START {act=android.intent.action.MAIN cat=[android.intent.category.HOME] flg=0x10200000 cmp=com.android.launcher/com.android.launcher2.Launcher} from pid 153
I/BarnacleService( 2498): Process exited with status: 0
I/System  ( 2498): Failed to destroy process 2540
I/System  ( 2498): libcore.io.ErrnoException: kill failed: ESRCH (No such process)
I/System  ( 2498): 	at libcore.io.Posix.kill(Native Method)
I/System  ( 2498): 	at libcore.io.ForwardingOs.kill(ForwardingOs.java:77)
I/System  ( 2498): 	at java.lang.ProcessManager$ProcessImpl.destroy(ProcessManager.java:257)
I/System  ( 2498): 	at net.szym.barnacle.BarnacleService.stopProcess(BarnacleService.java:584)
I/System  ( 2498): 	at net.szym.barnacle.BarnacleService.handle(BarnacleService.java:364)
I/System  ( 2498): 	at net.szym.barnacle.BarnacleService.access$1(BarnacleService.java:211)
I/System  ( 2498): 	at net.szym.barnacle.BarnacleService$2.handleMessage(BarnacleService.java:208)
I/System  ( 2498): 	at android.os.Handler.dispatchMessage(Handler.java:99)
I/System  ( 2498): 	at android.os.Looper.loop(Looper.java:137)
I/System  ( 2498): 	at android.app.ActivityThread.main(ActivityThread.java:4424)
I/System  ( 2498): 	at java.lang.reflect.Method.invokeNative(Native Method)
I/System  ( 2498): 	at java.lang.reflect.Method.invoke(Method.java:511)
I/System  ( 2498): 	at com.android.internal.os.ZygoteInit$MethodAndArgsCaller.run(ZygoteInit.java:784)
I/System  ( 2498): 	at com.android.internal.os.ZygoteInit.main(ZygoteInit.java:551)
I/System  ( 2498): 	at dalvik.system.NativeStart.main(Native Method)
I/BarnacleService( 2498): log: Stopped
W/myBarnacleApp( 2498): processStopped
D/dalvikvm(  217): GC_FOR_ALLOC freed 669K, 13% free 9920K/11335K, paused 66ms
W/myBarnacleApp( 2498): processStopped
W/InputManagerService(  153): Starting input on non-focused client com.android.internal.view.IInputMethodClient$Stub$Proxy@417e0448 (uid=10065 pid=2498)
I/ActivityManager(  153): No longer want com.google.android.apps.maps:NetworkLocationService (pid 2445): hidden #16
W/ActivityManager(  153): Scheduling restart of crashed service com.google.android.apps.maps/com.google.android.location.internal.server.NetworkLocationService in 5000ms
D/PhoneStatusBar(  217): disable: < EXPAND* icons alerts ticker system_info back home recent clock >
D/AudioHardware(   81): AudioHardware pcm playback is going to standby.
D/AudioHardware(   81): closePcmOut_l() mPcmOpenCnt: 1
D/AudioHardware(   81): AudioHardware pcm playback is exiting standby.
D/AudioHardware(   81): openPcmOut_l() mPcmOpenCnt: 0
D/BluetoothAdapterStateMachine(  153): HotOff process message: 55
D/BluetoothEventLoop(  153): Property Changed: UUIDs : 9
E/BluetoothService.cpp(  153): setBluetoothTetheringNative false
D/BluetoothEventLoop(  153): Property Changed: UUIDs : 8
D/BluetoothEventLoop(  153): Property Changed: UUIDs : 7
D/BluetoothEventLoop(  153): Property Changed: UUIDs : 6
D/BluetoothEventLoop(  153): Property Changed: UUIDs : 5
I/NfcService(  327): Disabling NFC
I/bluedroid(  153): Stopping bluetoothd deamon
D/PhoneStatusBar(  217): disable: < expand* icons alerts ticker system_info back home recent clock >
W/InputManagerService(  153): Window already focused, ignoring focus gain of: com.android.internal.view.IInputMethodClient$Stub$Proxy@417c0780
D/NdefPushServer(  327): stop, thread = Thread[Thread-36,5,main]
D/NdefPushServer(  327): shuting down server thread
D/NFC JNI (  327): Terminating client thread...
D/NFC JNI (  327): phLibNfc_Mgt_UnConfigureDriver() returned 0x0000[NFCSTATUS_SUCCESS]
I/bluedroid(  153): Stopping hciattach deamon
D/BluetoothAdapterStateMachine(  153): Bluetooth state 10 -> 10
D/AudioHardware(   81): AudioHardware pcm playback is going to standby.
D/AudioHardware(   81): closePcmOut_l() mPcmOpenCnt: 1
I/ActivityManager(  153): Start proc com.google.android.apps.maps:NetworkLocationService for service com.google.android.apps.maps/com.google.android.location.internal.server.NetworkLocationService: pid=2860 uid=10032 gids={3003, 1015}
I/dalvikvm( 2860): Turning on JNI app bug workarounds for target SDK version 13...
D/dalvikvm( 2860): GC_CONCURRENT freed 160K, 3% free 9373K/9607K, paused 2ms+2ms
D/dalvikvm( 2860): GC_CONCURRENT freed 177K, 3% free 9738K/9991K, paused 2ms+2ms
D/dalvikvm( 2860): GC_CONCURRENT freed 170K, 3% free 10127K/10375K, paused 2ms+5ms
D/dalvikvm( 2860): GC_CONCURRENT freed 791K, 9% free 9889K/10759K, paused 2ms+3ms
I/GTalkService/c(  451): [AndroidEndpoint@1094788224] connect: acct=1000001, state=CONNECTING
D/ConnectivityService(  153): ConnectivityChange for mobile: DISCONNECTED/DISCONNECTED
D/ConnectivityService(  153): Attempting to switch to WIFI
D/ConnectivityService(  153): Attempting to switch to BLUETOOTH_TETHER
D/NetUtils(  153): android_net_utils_resetConnections in env=0x5cd7e8 clazz=0x66900001 iface=rmnet0 mask=0x3
D/ConnectivityService(  153): resetConnections(rmnet0, 3)
D/NetworkLocator(  451): null cell state delivered
D/dalvikvm(  153): GC_CONCURRENT freed 1246K, 11% free 13602K/15175K, paused 3ms+7ms
D/NetworkLocator(  451): null cell state delivered
E/GTalkService(  451): connectionClosed: no XMPPConnection - That's strange!
D/ConnectivityService(  153): handleInetConditionChange: no active default network - ignore
D/Tethering(  153): MasterInitialState.processMessage what=3
I/ActivityManager(  153): Start proc com.google.android.apps.uploader for broadcast com.google.android.apps.uploader/.ConnectivityBroadcastReceiver: pid=2882 uid=10034 gids={3003}
I/dalvikvm( 2882): Turning on JNI app bug workarounds for target SDK version 11...
I/ActivityThread( 2882): Pub com.google.android.apps.uploader: com.google.android.apps.uploader.UploadsContentProvider
I/ActivityThread( 2882): Pub com.google.photos.provider.Album: com.google.android.apps.uploader.clients.picasa.AlbumProvider
D/MediaUploader( 2882): UploaderApplication.onCreate
D/MediaUploader( 2882): nonWifiLimit=20971520, default=20971520
I/MediaUploader( 2882): No need to wake up
I/ActivityManager(  153): No longer want com.google.android.googlequicksearchbox (pid 2403): hidden #16
D/PicasaSyncManager( 2831): active network: null
D/PicasaSyncManager( 2831): background data: true
I/power   (  153): *** set_screen_state 0
D/SurfaceFlinger(   78): About to give-up screen, flinger = 0xdbb918
D/dalvikvm(  153): GC_FOR_ALLOC freed 1065K, 12% free 13363K/15175K, paused 43ms
V/TransportControlView(  153): Create TCV com.android.internal.widget.TransportControlView@415a1c58
D/PhoneStatusBar(  217): disable: < expand icons alerts ticker system_info back home RECENT* clock >
I/power   (  153): *** set_screen_state 1
D/PhoneStatusBar(  217): disable: < expand icons alerts ticker system_info BACK* HOME* RECENT CLOCK* >
I/WindowManager(  153): Lock screen displayed!
D/SurfaceFlinger(   78): Screen about to return, flinger = 0xdbb918
D/PhoneStatusBar(  217): disable: < expand icons alerts ticker system_info BACK HOME recent* CLOCK >
W/InputManagerService(  153): Window already focused, ignoring focus gain of: com.android.internal.view.IInputMethodClient$Stub$Proxy@41411528
D/PhoneStatusBar(  217): disable: < expand icons alerts ticker system_info back* home* recent clock* >
I/power   (  153): *** set_screen_state 0
D/SurfaceFlinger(   78): About to give-up screen, flinger = 0xdbb918
