--------- beginning of /dev/log/main
E/power   (  460): acquire_wake_lock g_error=2 
E/power   (  460): acquire_wake_lock g_error=2 
E/power   (  460): release_wake_lock g_error=2 
E/power   (  460): release_wake_lock g_error=2 
E/power   (  460): acquire_wake_lock g_error=2 
E/power   (  460): release_wake_lock g_error=2 
E/power   (  460): acquire_wake_lock g_error=2 
E/power   (  460): release_wake_lock g_error=2 
E/power   (  460): acquire_wake_lock g_error=2 
E/power   (  460): release_wake_lock g_error=2 
E/power   (  460): acquire_wake_lock g_error=2 
E/power   (  460): acquire_wake_lock g_error=2 
E/power   (  460): release_wake_lock g_error=2 
E/power   (  460): release_wake_lock g_error=2 
E/power   (  460): acquire_wake_lock g_error=2 
E/power   (  460): release_wake_lock g_error=2 
E/power   (  460): acquire_wake_lock g_error=2 
E/power   (  460): release_wake_lock g_error=2 
E/power   (  460): acquire_wake_lock g_error=2 
E/power   (  460): release_wake_lock g_error=2 
E/power   (  460): acquire_wake_lock g_error=2 
E/power   (  460): release_wake_lock g_error=2 
E/power   (  460): acquire_wake_lock g_error=2 
E/power   (  460): release_wake_lock g_error=2 
E/power   (  460): acquire_wake_lock g_error=2 
E/power   (  460): acquire_wake_lock g_error=2 
E/power   (  460): release_wake_lock g_error=2 
E/power   (  460): release_wake_lock g_error=2 
E/power   (  460): acquire_wake_lock g_error=2 
E/power   (  460): release_wake_lock g_error=2 
E/power   (  460): acquire_wake_lock g_error=2 
E/power   (  460): acquire_wake_lock g_error=2 
E/power   (  460): release_wake_lock g_error=2 
E/power   (  460): release_wake_lock g_error=2 
E/power   (  460): acquire_wake_lock g_error=2 
E/power   (  460): release_wake_lock g_error=2 
E/power   (  460): acquire_wake_lock g_error=2 
E/power   (  460): release_wake_lock g_error=2 
E/power   (  460): acquire_wake_lock g_error=2 
E/power   (  460): release_wake_lock g_error=2 
E/power   (  460): acquire_wake_lock g_error=2 
E/power   (  460): release_wake_lock g_error=2 
E/power   (  460): acquire_wake_lock g_error=2 
E/power   (  460): release_wake_lock g_error=2 
E/DataRouter(  332): DrReadUsbStatus returns false USB is offline 
E/DataRouter(  332): DrReadUsbStatus returns false USB is offline 
E/power   (  460): acquire_wake_lock g_error=2 
E/power   (  460): release_wake_lock g_error=2 
E/power   (  460): acquire_wake_lock g_error=2 
E/power   (  460): release_wake_lock g_error=2 
E/power   (  460): acquire_wake_lock g_error=2 
E/power   (  460): release_wake_lock g_error=2 
E/power   (  460): acquire_wake_lock g_error=2 
E/power   (  460): acquire_wake_lock g_error=2 
E/power   (  460): release_wake_lock g_error=2 
E/power   (  460): release_wake_lock g_error=2 
E/power   (  460): acquire_wake_lock g_error=2 
E/power   (  460): release_wake_lock g_error=2 
E/power   (  460): acquire_wake_lock g_error=2 
E/power   (  460): release_wake_lock g_error=2 
E/power   (  460): acquire_wake_lock g_error=2 
E/power   (  460): release_wake_lock g_error=2 
E/power   (  460): acquire_wake_lock g_error=2 
E/power   (  460): release_wake_lock g_error=2 
E/power   (  460): acquire_wake_lock g_error=2 
E/power   (  460): release_wake_lock g_error=2 
E/power   (  460): acquire_wake_lock g_error=2 
E/power   (  460): release_wake_lock g_error=2 
E/power   (  460): acquire_wake_lock g_error=2 
E/power   (  460): release_wake_lock g_error=2 
E/power   (  460): acquire_wake_lock g_error=2 
E/power   (  460): release_wake_lock g_error=2 
E/power   (  460): acquire_wake_lock g_error=2 
E/power   (  460): acquire_wake_lock g_error=2 
E/power   (  460): release_wake_lock g_error=2 
E/power   (  460): release_wake_lock g_error=2 
E/power   (  460): acquire_wake_lock g_error=2 
E/power   (  460): release_wake_lock g_error=2 
E/power   (  460): acquire_wake_lock g_error=2 
E/power   (  460): release_wake_lock g_error=2 
E/power   (  460): acquire_wake_lock g_error=2 
E/power   (  460): release_wake_lock g_error=2 
E/power   (  460): acquire_wake_lock g_error=2 
E/power   (  460): release_wake_lock g_error=2 
E/power   (  460): acquire_wake_lock g_error=2 
E/power   (  460): release_wake_lock g_error=2 
E/DataRouter(  332): DrReadUsbStatus returns false USB is offline 
E/DataRouter(  332): DrReadUsbStatus returns false USB is offline 
E/power   (  460): acquire_wake_lock g_error=2 
E/power   (  460): release_wake_lock g_error=2 
E/power   (  460): acquire_wake_lock g_error=2 
E/power   (  460): release_wake_lock g_error=2 
E/power   (  460): acquire_wake_lock g_error=2 
E/power   (  460): release_wake_lock g_error=2 
E/power   (  460): acquire_wake_lock g_error=2 
E/power   (  460): acquire_wake_lock g_error=2 
E/power   (  460): release_wake_lock g_error=2 
E/power   (  460): release_wake_lock g_error=2 
E/power   (  460): acquire_wake_lock g_error=2 
E/power   (  460): release_wake_lock g_error=2 
E/power   (  460): acquire_wake_lock g_error=2 
E/power   (  460): release_wake_lock g_error=2 
E/power   (  460): acquire_wake_lock g_error=2 
E/power   (  460): release_wake_lock g_error=2 
E/power   (  460): acquire_wake_lock g_error=2 
E/power   (  460): acquire_wake_lock g_error=2 
E/power   (  460): release_wake_lock g_error=2 
E/power   (  460): release_wake_lock g_error=2 
E/power   (  460): acquire_wake_lock g_error=2 
E/power   (  460): release_wake_lock g_error=2 
E/power   (  460): acquire_wake_lock g_error=2 
E/power   (  460): release_wake_lock g_error=2 
E/power   (  460): acquire_wake_lock g_error=2 
E/power   (  460): release_wake_lock g_error=2 
E/power   (  460): acquire_wake_lock g_error=2 
E/power   (  460): acquire_wake_lock g_error=2 
E/power   (  460): release_wake_lock g_error=2 
E/power   (  460): release_wake_lock g_error=2 
E/power   (  460): acquire_wake_lock g_error=2 
E/power   (  460): release_wake_lock g_error=2 
E/power   (  460): acquire_wake_lock g_error=2 
E/power   (  460): release_wake_lock g_error=2 
E/power   (  460): acquire_wake_lock g_error=2 
E/power   (  460): release_wake_lock g_error=2 
E/power   (  460): acquire_wake_lock g_error=2 
E/power   (  460): acquire_wake_lock g_error=2 
E/power   (  460): release_wake_lock g_error=2 
E/power   (  460): release_wake_lock g_error=2 
E/power   (  460): acquire_wake_lock g_error=2 
E/power   (  460): release_wake_lock g_error=2 
E/power   (  460): acquire_wake_lock g_error=2 
E/power   (  460): release_wake_lock g_error=2 
E/power   (  460): acquire_wake_lock g_error=2 
E/power   (  460): release_wake_lock g_error=2 
E/power   (  460): acquire_wake_lock g_error=2 
E/power   (  460): acquire_wake_lock g_error=2 
E/power   (  460): release_wake_lock g_error=2 
E/power   (  460): release_wake_lock g_error=2 
E/power   (  460): acquire_wake_lock g_error=2 
E/power   (  460): release_wake_lock g_error=2 
E/power   (  460): acquire_wake_lock g_error=2 
E/power   (  460): release_wake_lock g_error=2 
E/power   (  460): acquire_wake_lock g_error=2 
E/power   (  460): release_wake_lock g_error=2 
E/power   (  460): acquire_wake_lock g_error=2 
E/power   (  460): acquire_wake_lock g_error=2 
E/power   (  460): release_wake_lock g_error=2 
E/power   (  460): release_wake_lock g_error=2 
E/power   (  460): acquire_wake_lock g_error=2 
E/power   (  460): release_wake_lock g_error=2 
E/power   (  460): acquire_wake_lock g_error=2 
E/power   (  460): release_wake_lock g_error=2 
E/power   (  460): acquire_wake_lock g_error=2 
E/power   (  460): release_wake_lock g_error=2 
E/DataRouter(  332): DrReadUsbStatus returns false USB is offline 
E/DataRouter(  332): DrReadUsbStatus returns false USB is offline 
E/power   (  460): acquire_wake_lock g_error=2 
E/power   (  460): acquire_wake_lock g_error=2 
E/power   (  460): release_wake_lock g_error=2 
E/power   (  460): release_wake_lock g_error=2 
E/power   (  460): acquire_wake_lock g_error=2 
E/power   (  460): release_wake_lock g_error=2 
E/power   (  460): acquire_wake_lock g_error=2 
E/power   (  460): release_wake_lock g_error=2 
E/power   (  460): acquire_wake_lock g_error=2 
E/power   (  460): release_wake_lock g_error=2 
E/power   (  460): acquire_wake_lock g_error=2 
E/power   (  460): acquire_wake_lock g_error=2 
E/power   (  460): release_wake_lock g_error=2 
E/power   (  460): release_wake_lock g_error=2 
E/power   (  460): acquire_wake_lock g_error=2 
E/power   (  460): release_wake_lock g_error=2 
E/power   (  460): acquire_wake_lock g_error=2 
E/power   (  460): release_wake_lock g_error=2 
E/power   (  460): acquire_wake_lock g_error=2 
E/power   (  460): release_wake_lock g_error=2 
E/power   (  460): acquire_wake_lock g_error=2 
E/power   (  460): release_wake_lock g_error=2 
E/power   (  460): acquire_wake_lock g_error=2 
E/power   (  460): acquire_wake_lock g_error=2 
E/power   (  460): release_wake_lock g_error=2 
E/power   (  460): release_wake_lock g_error=2 
E/power   (  460): acquire_wake_lock g_error=2 
E/power   (  460): release_wake_lock g_error=2 
E/power   (  460): acquire_wake_lock g_error=2 
E/power   (  460): release_wake_lock g_error=2 
E/power   (  460): acquire_wake_lock g_error=2 
E/power   (  460): acquire_wake_lock g_error=2 
E/power   (  460): release_wake_lock g_error=2 
E/power   (  460): release_wake_lock g_error=2 
E/power   (  460): acquire_wake_lock g_error=2 
E/power   (  460): release_wake_lock g_error=2 
E/power   (  460): acquire_wake_lock g_error=2 
E/power   (  460): release_wake_lock g_error=2 
E/power   (  460): acquire_wake_lock g_error=2 
E/power   (  460): release_wake_lock g_error=2 
E/power   (  460): acquire_wake_lock g_error=2 
E/power   (  460): release_wake_lock g_error=2 
E/power   (  460): acquire_wake_lock g_error=2 
E/power   (  460): release_wake_lock g_error=2 
E/DataRouter(  332): DrReadUsbStatus returns false USB is offline 
E/DataRouter(  332): DrReadUsbStatus returns false USB is offline 
E/power   (  460): acquire_wake_lock g_error=2 
E/power   (  460): release_wake_lock g_error=2 
E/power   (  460): acquire_wake_lock g_error=2 
E/power   (  460): release_wake_lock g_error=2 
E/power   (  460): acquire_wake_lock g_error=2 
E/power   (  460): release_wake_lock g_error=2 
E/power   (  460): acquire_wake_lock g_error=2 
E/power   (  460): acquire_wake_lock g_error=2 
E/power   (  460): release_wake_lock g_error=2 
E/power   (  460): release_wake_lock g_error=2 
E/power   (  460): acquire_wake_lock g_error=2 
E/power   (  460): acquire_wake_lock g_error=2 
E/power   (  460): release_wake_lock g_error=2 
E/power   (  460): release_wake_lock g_error=2 
E/power   (  460): acquire_wake_lock g_error=2 
E/power   (  460): release_wake_lock g_error=2 
E/power   (  460): acquire_wake_lock g_error=2 
E/power   (  460): acquire_wake_lock g_error=2 
E/power   (  460): release_wake_lock g_error=2 
E/power   (  460): release_wake_lock g_error=2 
E/power   (  460): acquire_wake_lock g_error=2 
E/power   (  460): release_wake_lock g_error=2 
E/power   (  460): acquire_wake_lock g_error=2 
E/power   (  460): release_wake_lock g_error=2 
E/power   (  460): acquire_wake_lock g_error=2 
E/power   (  460): release_wake_lock g_error=2 
E/power   (  460): acquire_wake_lock g_error=2 
E/power   (  460): acquire_wake_lock g_error=2 
E/power   (  460): release_wake_lock g_error=2 
E/power   (  460): release_wake_lock g_error=2 
E/power   (  460): acquire_wake_lock g_error=2 
E/power   (  460): release_wake_lock g_error=2 
E/power   (  460): acquire_wake_lock g_error=2 
E/power   (  460): release_wake_lock g_error=2 
E/power   (  460): acquire_wake_lock g_error=2 
E/power   (  460): release_wake_lock g_error=2 
E/power   (  460): acquire_wake_lock g_error=2 
E/power   (  460): acquire_wake_lock g_error=2 
E/power   (  460): release_wake_lock g_error=2 
E/power   (  460): release_wake_lock g_error=2 
E/power   (  460): acquire_wake_lock g_error=2 
E/power   (  460): release_wake_lock g_error=2 
E/power   (  460): acquire_wake_lock g_error=2 
E/power   (  460): release_wake_lock g_error=2 
E/power   (  460): acquire_wake_lock g_error=2 
E/power   (  460): release_wake_lock g_error=2 
E/power   (  460): acquire_wake_lock g_error=2 
E/power   (  460): release_wake_lock g_error=2 
E/power   (  460): acquire_wake_lock g_error=2 
E/power   (  460): release_wake_lock g_error=2 
E/power   (  460): acquire_wake_lock g_error=2 
E/power   (  460): release_wake_lock g_error=2 
E/power   (  460): acquire_wake_lock g_error=2 
E/power   (  460): release_wake_lock g_error=2 
E/power   (  460): acquire_wake_lock g_error=2 
E/power   (  460): release_wake_lock g_error=2 
E/power   (  460): acquire_wake_lock g_error=2 
E/power   (  460): release_wake_lock g_error=2 
E/power   (  460): acquire_wake_lock g_error=2 
E/power   (  460): release_wake_lock g_error=2 
E/power   (  460): acquire_wake_lock g_error=2 
E/power   (  460): release_wake_lock g_error=2 
E/power   (  460): acquire_wake_lock g_error=2 
E/power   (  460): release_wake_lock g_error=2 
I/NetworkThread( 5654): 1333127492310: Received UDP payload: 4417
I/Mux     ( 5654): 1333127492317: Inside mux Packet.CLIENT_REQUEST
I/Mux     ( 5654): 1333127492317: I'm the leader of requesting client, about to process Packet.CLIENT_REQUEST in userApp
I/UserApp ( 5654): 1333127492317: UserApp handling MY region's client request, will send atom packet to REMOTE region's handleDSMRequest
I/UserApp ( 5654): 1333127492318: request is CLIENT_NEW_PHOTO, so send atom packet to myself (remote region = me)
I/VCoreDaemon( 5654): 1333127492319: Sending PROC_REQUEST 10:8 (1,0)->(1,0)
I/VCoreDaemon( 5654): 1333127492322: Dispatching Atom PROC_REQUEST 10:8 (1,0)->(1,0)
I/Mux     ( 5654): 1333127492323: I got a CSM packet at a leader 
I/NetworkThread( 5654): 1333127492329: Sending UDP payload: 4781
I/VCoreDaemon( 5654): 1333127492331: removed replies before id 8 from sentReplies of size 0
E/power   (  460): acquire_wake_lock g_error=2 
I/UserApp ( 5654): 1333127492335: Inside UPLOAD_PHOTO!!
I/UserApp ( 5654): 1333127492340: my_gpinfo.isSuccess is now (should be true): true
I/UserApp ( 5654): 1333127492340: Region leader successfully uploaded a new photo taken by a client in region. Region leader now display the new photo on its screen (through StatusActivity)
E/power   (  460): release_wake_lock g_error=2 
I/VCoreDaemon( 5654): 1333127492345: Received PROC_REQUEST 10:8 (1,0)->(1,0), replying PROC_REPLY 10:8 (1,0)->(1,0)
I/VCoreDaemon( 5654): 1333127492346: Dispatching Atom PROC_REPLY 10:8 (1,0)->(1,0)
I/Mux     ( 5654): 1333127492347: I got a CSM packet at a leader 
I/NetworkThread( 5654): 1333127492351: Sending UDP payload: 4781
I/VCoreDaemon( 5654): 1333127492353: Received PROC_REPLY 10:8 (1,0)->(1,0), handing to UserApp
I/UserApp ( 5654): 1333127492353: Now back in orginitator region's leader, precssing handleDSMReply
I/UserApp ( 5654): 1333127492354: Going to and from remote region took latency = 35
I/UserApp ( 5654): 1333127492354: = orig leader sent packet at 1333127492318 ~ received reply at 1333127492353
I/StatusActivity( 5654): 1333127492356: inside Packet.SERVER_SHOW_NEWPHOTO showing client's new photo
I/StatusActivity( 5654): 1333127492374: I'm a leader and I SUCCEEDED in saving my client's new photo
I/UserApp ( 5654): 1333127492381: Originator Region=1 Leader (for Client=5001) processes remote region's dsm atom reply and will send Packet reply to Originator Client
I/UserApp ( 5654): 1333127492381: reply packet contains the ACK for UPLOAD_PHOTO
I/UserApp ( 5654): 1333127492382: I (the leader) was not the originator client (which id = 5001) so I use UDP to send packet back to my nonleader
I/VCoreDaemon( 5654): 1333127492382: inside sendPacket(Packet p)
I/StatusActivity( 5654): 1333127492384: now showing in UI the new photo I just saved ... 
I/NetworkThread( 5654): 1333127492386: Sending UDP payload: 4434
D/dalvikvm( 5654): GC_CONCURRENT freed 620K, 63% free 4000K/10631K, external 1449K/1997K, paused 5ms+3ms
E/DataRouter(  332): DrReadUsbStatus returns false USB is offline 
E/DataRouter(  332): DrReadUsbStatus returns false USB is offline 
E/power   (  460): acquire_wake_lock g_error=2 
E/power   (  460): acquire_wake_lock g_error=2 
E/power   (  460): release_wake_lock g_error=2 
E/power   (  460): release_wake_lock g_error=2 
E/power   (  460): acquire_wake_lock g_error=2 
E/power   (  460): release_wake_lock g_error=2 
E/power   (  460): acquire_wake_lock g_error=2 
E/power   (  460): release_wake_lock g_error=2 
E/power   (  460): acquire_wake_lock g_error=2 
E/power   (  460): release_wake_lock g_error=2 
E/power   (  460): acquire_wake_lock g_error=2 
E/power   (  460): acquire_wake_lock g_error=2 
E/power   (  460): release_wake_lock g_error=2 
E/power   (  460): release_wake_lock g_error=2 
E/power   (  460): acquire_wake_lock g_error=2 
E/power   (  460): acquire_wake_lock g_error=2 
E/power   (  460): release_wake_lock g_error=2 
E/power   (  460): release_wake_lock g_error=2 
E/power   (  460): acquire_wake_lock g_error=2 
E/power   (  460): release_wake_lock g_error=2 
E/power   (  460): acquire_wake_lock g_error=2 
E/power   (  460): release_wake_lock g_error=2 
E/power   (  460): acquire_wake_lock g_error=2 
E/power   (  460): release_wake_lock g_error=2 
E/power   (  460): acquire_wake_lock g_error=2 
E/power   (  460): release_wake_lock g_error=2 
E/power   (  460): acquire_wake_lock g_error=2 
E/power   (  460): release_wake_lock g_error=2 
E/power   (  460): acquire_wake_lock g_error=2 
E/power   (  460): release_wake_lock g_error=2 
E/power   (  460): acquire_wake_lock g_error=2 
E/power   (  460): acquire_wake_lock g_error=2 
E/power   (  460): release_wake_lock g_error=2 
E/power   (  460): release_wake_lock g_error=2 
E/power   (  460): acquire_wake_lock g_error=2 
E/power   (  460): release_wake_lock g_error=2 
E/power   (  460): acquire_wake_lock g_error=2 
E/power   (  460): release_wake_lock g_error=2 
E/power   (  460): acquire_wake_lock g_error=2 
E/power   (  460): release_wake_lock g_error=2 
E/DataRouter(  332): DrReadUsbStatus returns false USB is offline 
E/DataRouter(  332): DrReadUsbStatus returns false USB is offline 
E/power   (  460): acquire_wake_lock g_error=2 
E/power   (  460): acquire_wake_lock g_error=2 
E/power   (  460): release_wake_lock g_error=2 
E/power   (  460): release_wake_lock g_error=2 
E/power   (  460): acquire_wake_lock g_error=2 
E/power   (  460): release_wake_lock g_error=2 
E/power   (  460): acquire_wake_lock g_error=2 
E/power   (  460): release_wake_lock g_error=2 
E/power   (  460): acquire_wake_lock g_error=2 
E/power   (  460): release_wake_lock g_error=2 
E/power   (  460): acquire_wake_lock g_error=2 
E/power   (  460): acquire_wake_lock g_error=2 
E/power   (  460): release_wake_lock g_error=2 
E/power   (  460): release_wake_lock g_error=2 
E/power   (  460): acquire_wake_lock g_error=2 
E/power   (  460): release_wake_lock g_error=2 
E/power   (  460): acquire_wake_lock g_error=2 
E/power   (  460): release_wake_lock g_error=2 
E/power   (  460): acquire_wake_lock g_error=2 
E/power   (  460): release_wake_lock g_error=2 
E/power   (  460): acquire_wake_lock g_error=2 
E/power   (  460): release_wake_lock g_error=2 
E/power   (  460): acquire_wake_lock g_error=2 
E/power   (  460): release_wake_lock g_error=2 
E/power   (  460): acquire_wake_lock g_error=2 
E/power   (  460): release_wake_lock g_error=2 
E/power   (  460): acquire_wake_lock g_error=2 
E/power   (  460): release_wake_lock g_error=2 
E/power   (  460): acquire_wake_lock g_error=2 
E/power   (  460): release_wake_lock g_error=2 
E/power   (  460): acquire_wake_lock g_error=2 
E/power   (  460): acquire_wake_lock g_error=2 
E/power   (  460): release_wake_lock g_error=2 
E/power   (  460): release_wake_lock g_error=2 
E/power   (  460): acquire_wake_lock g_error=2 
E/power   (  460): release_wake_lock g_error=2 
E/power   (  460): acquire_wake_lock g_error=2 
E/power   (  460): release_wake_lock g_error=2 
E/power   (  460): acquire_wake_lock g_error=2 
I/VCoreDaemon( 5654): 1333127496333: inside sendPacket(Packet p)
I/NetworkThread( 5654): 1333127496335: Sending UDP payload: 406
E/power   (  460): release_wake_lock g_error=2 
E/power   (  460): acquire_wake_lock g_error=2 
E/power   (  460): release_wake_lock g_error=2 
E/power   (  460): acquire_wake_lock g_error=2 
E/power   (  460): release_wake_lock g_error=2 
E/power   (  460): acquire_wake_lock g_error=2 
E/power   (  460): release_wake_lock g_error=2 
E/power   (  460): acquire_wake_lock g_error=2 
E/power   (  460): release_wake_lock g_error=2 
E/power   (  460): acquire_wake_lock g_error=2 
E/power   (  460): release_wake_lock g_error=2 
E/power   (  460): acquire_wake_lock g_error=2 
E/power   (  460): acquire_wake_lock g_error=2 
E/power   (  460): release_wake_lock g_error=2 
E/power   (  460): release_wake_lock g_error=2 
E/power   (  460): acquire_wake_lock g_error=2 
E/power   (  460): release_wake_lock g_error=2 
E/power   (  460): acquire_wake_lock g_error=2 
E/power   (  460): release_wake_lock g_error=2 
E/power   (  460): acquire_wake_lock g_error=2 
E/power   (  460): release_wake_lock g_error=2 
E/power   (  460): acquire_wake_lock g_error=2 
E/power   (  460): acquire_wake_lock g_error=2 
E/power   (  460): release_wake_lock g_error=2 
E/power   (  460): release_wake_lock g_error=2 
E/power   (  460): acquire_wake_lock g_error=2 
E/power   (  460): release_wake_lock g_error=2 
E/DataRouter(  332): DrReadUsbStatus returns false USB is offline 
E/DataRouter(  332): DrReadUsbStatus returns false USB is offline 
E/power   (  460): acquire_wake_lock g_error=2 
E/power   (  460): release_wake_lock g_error=2 
E/power   (  460): acquire_wake_lock g_error=2 
E/power   (  460): release_wake_lock g_error=2 
E/power   (  460): acquire_wake_lock g_error=2 
E/power   (  460): acquire_wake_lock g_error=2 
E/power   (  460): release_wake_lock g_error=2 
E/power   (  460): release_wake_lock g_error=2 
E/power   (  460): acquire_wake_lock g_error=2 
E/power   (  460): release_wake_lock g_error=2 
E/power   (  460): acquire_wake_lock g_error=2 
E/power   (  460): release_wake_lock g_error=2 
E/power   (  460): acquire_wake_lock g_error=2 
E/power   (  460): release_wake_lock g_error=2 
E/power   (  460): acquire_wake_lock g_error=2 
E/power   (  460): acquire_wake_lock g_error=2 
E/power   (  460): release_wake_lock g_error=2 
E/power   (  460): release_wake_lock g_error=2 
E/power   (  460): acquire_wake_lock g_error=2 
E/power   (  460): release_wake_lock g_error=2 
E/power   (  460): acquire_wake_lock g_error=2 
E/power   (  460): release_wake_lock g_error=2 
E/power   (  460): acquire_wake_lock g_error=2 
E/power   (  460): release_wake_lock g_error=2 
E/power   (  460): acquire_wake_lock g_error=2 
E/power   (  460): acquire_wake_lock g_error=2 
E/power   (  460): release_wake_lock g_error=2 
E/power   (  460): release_wake_lock g_error=2 
E/power   (  460): acquire_wake_lock g_error=2 
E/power   (  460): release_wake_lock g_error=2 
E/power   (  460): acquire_wake_lock g_error=2 
E/power   (  460): release_wake_lock g_error=2 
E/power   (  460): acquire_wake_lock g_error=2 
E/power   (  460): release_wake_lock g_error=2 
E/power   (  460): acquire_wake_lock g_error=2 
E/power   (  460): acquire_wake_lock g_error=2 
E/power   (  460): release_wake_lock g_error=2 
E/power   (  460): release_wake_lock g_error=2 
E/power   (  460): acquire_wake_lock g_error=2 
E/power   (  460): release_wake_lock g_error=2 
E/power   (  460): acquire_wake_lock g_error=2 
E/power   (  460): release_wake_lock g_error=2 
E/power   (  460): acquire_wake_lock g_error=2 
E/power   (  460): release_wake_lock g_error=2 
E/DataRouter(  332): DrReadUsbStatus returns false USB is offline 
E/DataRouter(  332): DrReadUsbStatus returns false USB is offline 
E/power   (  460): acquire_wake_lock g_error=2 
E/power   (  460): acquire_wake_lock g_error=2 
E/power   (  460): release_wake_lock g_error=2 
E/power   (  460): release_wake_lock g_error=2 
E/power   (  460): acquire_wake_lock g_error=2 
E/power   (  460): release_wake_lock g_error=2 
E/power   (  460): acquire_wake_lock g_error=2 
E/power   (  460): release_wake_lock g_error=2 
E/power   (  460): acquire_wake_lock g_error=2 
E/power   (  460): release_wake_lock g_error=2 
E/power   (  460): acquire_wake_lock g_error=2 
E/power   (  460): acquire_wake_lock g_error=2 
E/power   (  460): release_wake_lock g_error=2 
E/power   (  460): release_wake_lock g_error=2 
E/power   (  460): acquire_wake_lock g_error=2 
E/power   (  460): release_wake_lock g_error=2 
E/power   (  460): acquire_wake_lock g_error=2 
E/power   (  460): release_wake_lock g_error=2 
E/power   (  460): acquire_wake_lock g_error=2 
E/power   (  460): release_wake_lock g_error=2 
E/power   (  460): acquire_wake_lock g_error=2 
E/power   (  460): release_wake_lock g_error=2 
E/power   (  460): acquire_wake_lock g_error=2 
E/power   (  460): release_wake_lock g_error=2 
E/power   (  460): acquire_wake_lock g_error=2 
E/power   (  460): release_wake_lock g_error=2 
E/power   (  460): acquire_wake_lock g_error=2 
E/power   (  460): release_wake_lock g_error=2 
E/power   (  460): acquire_wake_lock g_error=2 
E/power   (  460): release_wake_lock g_error=2 
E/power   (  460): acquire_wake_lock g_error=2 
E/power   (  460): acquire_wake_lock g_error=2 
E/power   (  460): release_wake_lock g_error=2 
E/power   (  460): release_wake_lock g_error=2 
E/power   (  460): acquire_wake_lock g_error=2 
E/power   (  460): release_wake_lock g_error=2 
E/power   (  460): acquire_wake_lock g_error=2 
E/power   (  460): release_wake_lock g_error=2 
E/power   (  460): acquire_wake_lock g_error=2 
E/power   (  460): release_wake_lock g_error=2 
E/power   (  460): acquire_wake_lock g_error=2 
E/power   (  460): release_wake_lock g_error=2 
E/power   (  460): acquire_wake_lock g_error=2 
E/power   (  460): release_wake_lock g_error=2 
E/power   (  460): acquire_wake_lock g_error=2 
E/power   (  460): release_wake_lock g_error=2 
E/power   (  460): acquire_wake_lock g_error=2 
E/power   (  460): release_wake_lock g_error=2 
E/power   (  460): acquire_wake_lock g_error=2 
E/power   (  460): release_wake_lock g_error=2 
E/power   (  460): acquire_wake_lock g_error=2 
E/power   (  460): acquire_wake_lock g_error=2 
E/power   (  460): release_wake_lock g_error=2 
E/power   (  460): release_wake_lock g_error=2 
E/power   (  460): acquire_wake_lock g_error=2 
E/power   (  460): release_wake_lock g_error=2 
E/power   (  460): acquire_wake_lock g_error=2 
E/power   (  460): release_wake_lock g_error=2 
E/power   (  460): acquire_wake_lock g_error=2 
E/power   (  460): release_wake_lock g_error=2 
E/power   (  460): acquire_wake_lock g_error=2 
E/power   (  460): acquire_wake_lock g_error=2 
E/power   (  460): release_wake_lock g_error=2 
E/power   (  460): release_wake_lock g_error=2 
E/power   (  460): acquire_wake_lock g_error=2 
E/power   (  460): release_wake_lock g_error=2 
E/DataRouter(  332): DrReadUsbStatus returns false USB is offline 
E/DataRouter(  332): DrReadUsbStatus returns false USB is offline 
E/power   (  460): acquire_wake_lock g_error=2 
E/power   (  460): release_wake_lock g_error=2 
E/power   (  460): acquire_wake_lock g_error=2 
E/power   (  460): release_wake_lock g_error=2 
E/power   (  460): acquire_wake_lock g_error=2 
E/power   (  460): acquire_wake_lock g_error=2 
E/power   (  460): release_wake_lock g_error=2 
E/power   (  460): release_wake_lock g_error=2 
E/power   (  460): acquire_wake_lock g_error=2 
E/power   (  460): release_wake_lock g_error=2 
E/power   (  460): acquire_wake_lock g_error=2 
E/power   (  460): release_wake_lock g_error=2 
E/power   (  460): acquire_wake_lock g_error=2 
E/power   (  460): release_wake_lock g_error=2 
E/power   (  460): acquire_wake_lock g_error=2 
E/power   (  460): acquire_wake_lock g_error=2 
E/power   (  460): release_wake_lock g_error=2 
E/power   (  460): release_wake_lock g_error=2 
E/power   (  460): acquire_wake_lock g_error=2 
E/power   (  460): release_wake_lock g_error=2 
E/power   (  460): acquire_wake_lock g_error=2 
E/power   (  460): release_wake_lock g_error=2 
E/power   (  460): acquire_wake_lock g_error=2 
E/power   (  460): release_wake_lock g_error=2 
E/power   (  460): acquire_wake_lock g_error=2 
E/power   (  460): acquire_wake_lock g_error=2 
E/power   (  460): release_wake_lock g_error=2 
E/power   (  460): release_wake_lock g_error=2 
E/power   (  460): acquire_wake_lock g_error=2 
E/power   (  460): release_wake_lock g_error=2 
E/power   (  460): acquire_wake_lock g_error=2 
E/power   (  460): release_wake_lock g_error=2 
E/power   (  460): acquire_wake_lock g_error=2 
E/power   (  460): release_wake_lock g_error=2 
E/power   (  460): acquire_wake_lock g_error=2 
E/power   (  460): acquire_wake_lock g_error=2 
E/power   (  460): release_wake_lock g_error=2 
E/power   (  460): release_wake_lock g_error=2 
E/power   (  460): acquire_wake_lock g_error=2 
E/power   (  460): release_wake_lock g_error=2 
E/power   (  460): acquire_wake_lock g_error=2 
E/power   (  460): release_wake_lock g_error=2 
E/power   (  460): acquire_wake_lock g_error=2 
E/power   (  460): release_wake_lock g_error=2 
E/DataRouter(  332): DrReadUsbStatus returns false USB is offline 
E/DataRouter(  332): DrReadUsbStatus returns false USB is offline 
E/power   (  460): acquire_wake_lock g_error=2 
E/power   (  460): acquire_wake_lock g_error=2 
E/power   (  460): release_wake_lock g_error=2 
E/power   (  460): release_wake_lock g_error=2 
E/power   (  460): acquire_wake_lock g_error=2 
E/power   (  460): release_wake_lock g_error=2 
E/power   (  460): acquire_wake_lock g_error=2 
E/power   (  460): release_wake_lock g_error=2 
E/power   (  460): acquire_wake_lock g_error=2 
E/power   (  460): release_wake_lock g_error=2 
E/power   (  460): acquire_wake_lock g_error=2 
E/power   (  460): acquire_wake_lock g_error=2 
E/power   (  460): release_wake_lock g_error=2 
E/power   (  460): release_wake_lock g_error=2 
E/power   (  460): acquire_wake_lock g_error=2 
E/power   (  460): release_wake_lock g_error=2 
E/power   (  460): acquire_wake_lock g_error=2 
E/power   (  460): release_wake_lock g_error=2 
E/power   (  460): acquire_wake_lock g_error=2 
E/power   (  460): release_wake_lock g_error=2 
E/power   (  460): acquire_wake_lock g_error=2 
E/power   (  460): release_wake_lock g_error=2 
E/power   (  460): acquire_wake_lock g_error=2 
E/power   (  460): release_wake_lock g_error=2 
E/power   (  460): acquire_wake_lock g_error=2 
E/power   (  460): release_wake_lock g_error=2 
E/power   (  460): acquire_wake_lock g_error=2 
E/power   (  460): release_wake_lock g_error=2 
E/power   (  460): acquire_wake_lock g_error=2 
E/power   (  460): release_wake_lock g_error=2 
E/power   (  460): acquire_wake_lock g_error=2 
E/power   (  460): acquire_wake_lock g_error=2 
E/power   (  460): release_wake_lock g_error=2 
E/power   (  460): release_wake_lock g_error=2 
E/power   (  460): acquire_wake_lock g_error=2 
E/power   (  460): release_wake_lock g_error=2 
E/power   (  460): acquire_wake_lock g_error=2 
E/power   (  460): release_wake_lock g_error=2 
E/power   (  460): acquire_wake_lock g_error=2 
E/power   (  460): release_wake_lock g_error=2 
E/power   (  460): acquire_wake_lock g_error=2 
E/power   (  460): acquire_wake_lock g_error=2 
E/power   (  460): release_wake_lock g_error=2 
E/power   (  460): release_wake_lock g_error=2 
E/power   (  460): acquire_wake_lock g_error=2 
E/power   (  460): release_wake_lock g_error=2 
E/power   (  460): acquire_wake_lock g_error=2 
E/power   (  460): release_wake_lock g_error=2 
E/power   (  460): acquire_wake_lock g_error=2 
E/power   (  460): release_wake_lock g_error=2 
E/power   (  460): acquire_wake_lock g_error=2 
E/power   (  460): acquire_wake_lock g_error=2 
E/power   (  460): release_wake_lock g_error=2 
E/power   (  460): release_wake_lock g_error=2 
E/power   (  460): acquire_wake_lock g_error=2 
E/power   (  460): release_wake_lock g_error=2 
E/power   (  460): acquire_wake_lock g_error=2 
E/power   (  460): release_wake_lock g_error=2 
E/power   (  460): acquire_wake_lock g_error=2 
E/power   (  460): release_wake_lock g_error=2 
E/power   (  460): acquire_wake_lock g_error=2 
E/power   (  460): release_wake_lock g_error=2 
E/DataRouter(  332): DrReadUsbStatus returns false USB is offline 
E/DataRouter(  332): DrReadUsbStatus returns false USB is offline 
E/power   (  460): acquire_wake_lock g_error=2 
E/power   (  460): release_wake_lock g_error=2 
E/power   (  460): acquire_wake_lock g_error=2 
E/power   (  460): release_wake_lock g_error=2 
E/power   (  460): acquire_wake_lock g_error=2 
E/power   (  460): release_wake_lock g_error=2 
E/power   (  460): acquire_wake_lock g_error=2 
E/power   (  460): release_wake_lock g_error=2 
E/power   (  460): acquire_wake_lock g_error=2 
E/power   (  460): acquire_wake_lock g_error=2 
E/power   (  460): release_wake_lock g_error=2 
E/power   (  460): release_wake_lock g_error=2 
E/power   (  460): acquire_wake_lock g_error=2 
E/power   (  460): release_wake_lock g_error=2 
E/power   (  460): acquire_wake_lock g_error=2 
E/power   (  460): release_wake_lock g_error=2 
E/power   (  460): acquire_wake_lock g_error=2 
E/power   (  460): release_wake_lock g_error=2 
E/power   (  460): acquire_wake_lock g_error=2 
E/power   (  460): release_wake_lock g_error=2 
E/power   (  460): acquire_wake_lock g_error=2 
E/power   (  460): release_wake_lock g_error=2 
E/power   (  460): acquire_wake_lock g_error=2 
E/power   (  460): release_wake_lock g_error=2 
E/power   (  460): acquire_wake_lock g_error=2 
E/power   (  460): release_wake_lock g_error=2 
E/power   (  460): acquire_wake_lock g_error=2 
E/power   (  460): release_wake_lock g_error=2 
E/power   (  460): acquire_wake_lock g_error=2 
E/power   (  460): acquire_wake_lock g_error=2 
E/power   (  460): release_wake_lock g_error=2 
E/power   (  460): release_wake_lock g_error=2 
E/power   (  460): acquire_wake_lock g_error=2 
E/power   (  460): release_wake_lock g_error=2 
E/power   (  460): acquire_wake_lock g_error=2 
E/power   (  460): release_wake_lock g_error=2 
E/power   (  460): acquire_wake_lock g_error=2 
E/power   (  460): release_wake_lock g_error=2 
E/power   (  460): acquire_wake_lock g_error=2 
E/power   (  460): acquire_wake_lock g_error=2 
E/power   (  460): release_wake_lock g_error=2 
E/power   (  460): release_wake_lock g_error=2 
E/power   (  460): acquire_wake_lock g_error=2 
E/power   (  460): release_wake_lock g_error=2 
E/DataRouter(  332): DrReadUsbStatus returns false USB is offline 
E/DataRouter(  332): DrReadUsbStatus returns false USB is offline 
E/power   (  460): acquire_wake_lock g_error=2 
E/power   (  460): release_wake_lock g_error=2 
E/power   (  460): acquire_wake_lock g_error=2 
E/power   (  460): release_wake_lock g_error=2 
E/power   (  460): acquire_wake_lock g_error=2 
E/power   (  460): acquire_wake_lock g_error=2 
E/power   (  460): release_wake_lock g_error=2 
E/power   (  460): release_wake_lock g_error=2 
E/power   (  460): acquire_wake_lock g_error=2 
E/power   (  460): release_wake_lock g_error=2 
E/power   (  460): acquire_wake_lock g_error=2 
E/power   (  460): release_wake_lock g_error=2 
E/power   (  460): acquire_wake_lock g_error=2 
E/power   (  460): acquire_wake_lock g_error=2 
E/power   (  460): release_wake_lock g_error=2 
E/power   (  460): acquire_wake_lock g_error=2 
E/power   (  460): release_wake_lock g_error=2 
E/power   (  460): release_wake_lock g_error=2 
E/power   (  460): acquire_wake_lock g_error=2 
E/power   (  460): release_wake_lock g_error=2 
E/power   (  460): acquire_wake_lock g_error=2 
E/power   (  460): release_wake_lock g_error=2 
E/power   (  460): acquire_wake_lock g_error=2 
E/power   (  460): release_wake_lock g_error=2 
E/power   (  460): acquire_wake_lock g_error=2 
E/power   (  460): acquire_wake_lock g_error=2 
E/power   (  460): release_wake_lock g_error=2 
E/power   (  460): release_wake_lock g_error=2 
E/power   (  460): acquire_wake_lock g_error=2 
E/power   (  460): release_wake_lock g_error=2 
E/power   (  460): acquire_wake_lock g_error=2 
E/power   (  460): release_wake_lock g_error=2 
E/power   (  460): acquire_wake_lock g_error=2 
E/power   (  460): release_wake_lock g_error=2 
E/power   (  460): acquire_wake_lock g_error=2 
E/power   (  460): acquire_wake_lock g_error=2 
E/power   (  460): release_wake_lock g_error=2 
E/power   (  460): release_wake_lock g_error=2 
E/power   (  460): acquire_wake_lock g_error=2 
E/power   (  460): release_wake_lock g_error=2 
E/power   (  460): acquire_wake_lock g_error=2 
E/power   (  460): release_wake_lock g_error=2 
E/power   (  460): acquire_wake_lock g_error=2 
E/power   (  460): release_wake_lock g_error=2 
E/power   (  460): acquire_wake_lock g_error=2 
E/power   (  460): acquire_wake_lock g_error=2 
E/power   (  460): release_wake_lock g_error=2 
E/power   (  460): release_wake_lock g_error=2 
E/power   (  460): acquire_wake_lock g_error=2 
E/power   (  460): release_wake_lock g_error=2 
E/power   (  460): acquire_wake_lock g_error=2 
E/power   (  460): acquire_wake_lock g_error=2 
E/power   (  460): release_wake_lock g_error=2 
E/power   (  460): release_wake_lock g_error=2 
E/power   (  460): acquire_wake_lock g_error=2 
E/power   (  460): acquire_wake_lock g_error=2 
E/power   (  460): release_wake_lock g_error=2 
E/power   (  460): release_wake_lock g_error=2 
E/power   (  460): acquire_wake_lock g_error=2 
E/power   (  460): release_wake_lock g_error=2 
E/power   (  460): acquire_wake_lock g_error=2 
E/power   (  460): release_wake_lock g_error=2 
E/power   (  460): acquire_wake_lock g_error=2 
E/power   (  460): release_wake_lock g_error=2 
E/power   (  460): acquire_wake_lock g_error=2 
E/power   (  460): release_wake_lock g_error=2 
E/DataRouter(  332): DrReadUsbStatus returns false USB is offline 
E/DataRouter(  332): DrReadUsbStatus returns false USB is offline 
E/power   (  460): acquire_wake_lock g_error=2 
E/power   (  460): release_wake_lock g_error=2 
E/power   (  460): acquire_wake_lock g_error=2 
E/power   (  460): release_wake_lock g_error=2 
E/power   (  460): acquire_wake_lock g_error=2 
E/power   (  460): release_wake_lock g_error=2 
E/power   (  460): acquire_wake_lock g_error=2 
E/power   (  460): release_wake_lock g_error=2 
E/power   (  460): acquire_wake_lock g_error=2 
E/power   (  460): acquire_wake_lock g_error=2 
E/power   (  460): release_wake_lock g_error=2 
E/power   (  460): release_wake_lock g_error=2 
E/power   (  460): acquire_wake_lock g_error=2 
E/power   (  460): release_wake_lock g_error=2 
E/power   (  460): acquire_wake_lock g_error=2 
E/power   (  460): release_wake_lock g_error=2 
E/power   (  460): acquire_wake_lock g_error=2 
E/power   (  460): release_wake_lock g_error=2 
E/power   (  460): acquire_wake_lock g_error=2 
E/power   (  460): release_wake_lock g_error=2 
E/power   (  460): acquire_wake_lock g_error=2 
E/power   (  460): release_wake_lock g_error=2 
E/power   (  460): acquire_wake_lock g_error=2 
E/power   (  460): release_wake_lock g_error=2 
E/power   (  460): acquire_wake_lock g_error=2 
E/power   (  460): release_wake_lock g_error=2 
E/power   (  460): acquire_wake_lock g_error=2 
E/power   (  460): release_wake_lock g_error=2 
E/power   (  460): acquire_wake_lock g_error=2 
E/power   (  460): acquire_wake_lock g_error=2 
E/power   (  460): release_wake_lock g_error=2 
E/power   (  460): release_wake_lock g_error=2 
E/power   (  460): acquire_wake_lock g_error=2 
E/power   (  460): release_wake_lock g_error=2 
E/power   (  460): acquire_wake_lock g_error=2 
E/power   (  460): release_wake_lock g_error=2 
E/power   (  460): acquire_wake_lock g_error=2 
E/power   (  460): release_wake_lock g_error=2 
E/power   (  460): acquire_wake_lock g_error=2 
E/power   (  460): acquire_wake_lock g_error=2 
E/power   (  460): release_wake_lock g_error=2 
E/power   (  460): release_wake_lock g_error=2 
E/power   (  460): acquire_wake_lock g_error=2 
E/power   (  460): release_wake_lock g_error=2 
E/DataRouter(  332): DrReadUsbStatus returns false USB is offline 
E/DataRouter(  332): DrReadUsbStatus returns false USB is offline 
E/power   (  460): acquire_wake_lock g_error=2 
E/power   (  460): release_wake_lock g_error=2 
E/power   (  460): acquire_wake_lock g_error=2 
E/power   (  460): release_wake_lock g_error=2 
E/power   (  460): acquire_wake_lock g_error=2 
E/power   (  460): acquire_wake_lock g_error=2 
E/power   (  460): release_wake_lock g_error=2 
E/power   (  460): release_wake_lock g_error=2 
E/power   (  460): acquire_wake_lock g_error=2 
E/power   (  460): release_wake_lock g_error=2 
E/power   (  460): acquire_wake_lock g_error=2 
E/power   (  460): release_wake_lock g_error=2 
E/power   (  460): acquire_wake_lock g_error=2 
E/power   (  460): release_wake_lock g_error=2 
E/power   (  460): acquire_wake_lock g_error=2 
E/power   (  460): acquire_wake_lock g_error=2 
E/power   (  460): release_wake_lock g_error=2 
E/power   (  460): release_wake_lock g_error=2 
E/power   (  460): acquire_wake_lock g_error=2 
E/power   (  460): release_wake_lock g_error=2 
E/power   (  460): acquire_wake_lock g_error=2 
E/power   (  460): release_wake_lock g_error=2 
E/power   (  460): acquire_wake_lock g_error=2 
E/power   (  460): release_wake_lock g_error=2 
E/power   (  460): acquire_wake_lock g_error=2 
E/power   (  460): acquire_wake_lock g_error=2 
E/power   (  460): release_wake_lock g_error=2 
E/power   (  460): release_wake_lock g_error=2 
E/power   (  460): acquire_wake_lock g_error=2 
E/power   (  460): acquire_wake_lock g_error=2 
E/power   (  460): release_wake_lock g_error=2 
E/power   (  460): release_wake_lock g_error=2 
E/power   (  460): acquire_wake_lock g_error=2 
E/power   (  460): release_wake_lock g_error=2 
E/power   (  460): acquire_wake_lock g_error=2 
E/power   (  460): acquire_wake_lock g_error=2 
E/power   (  460): release_wake_lock g_error=2 
E/power   (  460): release_wake_lock g_error=2 
E/power   (  460): acquire_wake_lock g_error=2 
E/power   (  460): release_wake_lock g_error=2 
E/power   (  460): acquire_wake_lock g_error=2 
E/power   (  460): release_wake_lock g_error=2 
E/power   (  460): acquire_wake_lock g_error=2 
E/power   (  460): release_wake_lock g_error=2 
E/power   (  460): acquire_wake_lock g_error=2 
E/power   (  460): acquire_wake_lock g_error=2 
E/power   (  460): release_wake_lock g_error=2 
E/power   (  460): release_wake_lock g_error=2 
E/power   (  460): acquire_wake_lock g_error=2 
E/power   (  460): release_wake_lock g_error=2 
E/power   (  460): acquire_wake_lock g_error=2 
E/power   (  460): release_wake_lock g_error=2 
E/power   (  460): acquire_wake_lock g_error=2 
E/power   (  460): release_wake_lock g_error=2 
E/power   (  460): acquire_wake_lock g_error=2 
E/power   (  460): acquire_wake_lock g_error=2 
E/power   (  460): release_wake_lock g_error=2 
E/power   (  460): release_wake_lock g_error=2 
E/power   (  460): acquire_wake_lock g_error=2 
E/power   (  460): release_wake_lock g_error=2 
E/power   (  460): acquire_wake_lock g_error=2 
E/power   (  460): release_wake_lock g_error=2 
E/power   (  460): acquire_wake_lock g_error=2 
E/power   (  460): release_wake_lock g_error=2 
E/power   (  460): acquire_wake_lock g_error=2 
E/power   (  460): release_wake_lock g_error=2 
E/DataRouter(  332): DrReadUsbStatus returns false USB is offline 
E/DataRouter(  332): DrReadUsbStatus returns false USB is offline 
E/power   (  460): acquire_wake_lock g_error=2 
E/power   (  460): release_wake_lock g_error=2 
E/power   (  460): acquire_wake_lock g_error=2 
E/power   (  460): acquire_wake_lock g_error=2 
E/power   (  460): release_wake_lock g_error=2 
E/power   (  460): release_wake_lock g_error=2 
E/power   (  460): acquire_wake_lock g_error=2 
E/power   (  460): release_wake_lock g_error=2 
E/power   (  460): acquire_wake_lock g_error=2 
E/power   (  460): acquire_wake_lock g_error=2 
E/power   (  460): release_wake_lock g_error=2 
E/power   (  460): release_wake_lock g_error=2 
E/power   (  460): acquire_wake_lock g_error=2 
E/power   (  460): release_wake_lock g_error=2 
E/power   (  460): acquire_wake_lock g_error=2 
E/power   (  460): release_wake_lock g_error=2 
E/power   (  460): acquire_wake_lock g_error=2 
E/power   (  460): release_wake_lock g_error=2 
E/power   (  460): acquire_wake_lock g_error=2 
E/power   (  460): release_wake_lock g_error=2 
E/power   (  460): acquire_wake_lock g_error=2 
E/power   (  460): release_wake_lock g_error=2 
E/power   (  460): acquire_wake_lock g_error=2 
E/power   (  460): release_wake_lock g_error=2 
E/power   (  460): acquire_wake_lock g_error=2 
E/power   (  460): release_wake_lock g_error=2 
E/power   (  460): acquire_wake_lock g_error=2 
E/power   (  460): release_wake_lock g_error=2 
E/power   (  460): acquire_wake_lock g_error=2 
E/power   (  460): acquire_wake_lock g_error=2 
E/power   (  460): release_wake_lock g_error=2 
E/power   (  460): release_wake_lock g_error=2 
E/power   (  460): acquire_wake_lock g_error=2 
E/power   (  460): release_wake_lock g_error=2 
E/power   (  460): acquire_wake_lock g_error=2 
E/power   (  460): release_wake_lock g_error=2 
E/power   (  460): acquire_wake_lock g_error=2 
E/power   (  460): release_wake_lock g_error=2 
E/power   (  460): acquire_wake_lock g_error=2 
E/power   (  460): acquire_wake_lock g_error=2 
E/power   (  460): release_wake_lock g_error=2 
E/power   (  460): release_wake_lock g_error=2 
E/power   (  460): acquire_wake_lock g_error=2 
E/power   (  460): release_wake_lock g_error=2 
E/DataRouter(  332): DrReadUsbStatus returns false USB is offline 
E/DataRouter(  332): DrReadUsbStatus returns false USB is offline 
E/AlarmManagerService(  460): android_server_AlarmManagerService_set to type=1, 1333209600.000000000
E/AlarmManagerService(  460): android_server_AlarmManagerService_set to type=1, 1333127580.000000000
E/power   (  460): acquire_wake_lock g_error=2 
E/power   (  460): release_wake_lock g_error=2 
E/power   (  460): acquire_wake_lock g_error=2 
E/power   (  460): acquire_wake_lock g_error=2 
E/power   (  460): release_wake_lock g_error=2 
E/power   (  460): acquire_wake_lock g_error=2 
E/power   (  460): release_wake_lock g_error=2 
E/power   (  460): release_wake_lock g_error=2 
E/power   (  460): acquire_wake_lock g_error=2 
E/power   (  460): release_wake_lock g_error=2 
E/power   (  460): acquire_wake_lock g_error=2 
E/power   (  460): release_wake_lock g_error=2 
E/power   (  460): acquire_wake_lock g_error=2 
E/power   (  460): release_wake_lock g_error=2 
E/power   (  460): acquire_wake_lock g_error=2 
E/power   (  460): acquire_wake_lock g_error=2 
E/power   (  460): release_wake_lock g_error=2 
E/power   (  460): release_wake_lock g_error=2 
E/power   (  460): acquire_wake_lock g_error=2 
E/power   (  460): release_wake_lock g_error=2 
E/power   (  460): acquire_wake_lock g_error=2 
E/power   (  460): release_wake_lock g_error=2 
E/power   (  460): acquire_wake_lock g_error=2 
E/power   (  460): release_wake_lock g_error=2 
E/power   (  460): acquire_wake_lock g_error=2 
E/power   (  460): acquire_wake_lock g_error=2 
E/power   (  460): release_wake_lock g_error=2 
E/power   (  460): release_wake_lock g_error=2 
E/power   (  460): acquire_wake_lock g_error=2 
E/power   (  460): release_wake_lock g_error=2 
E/power   (  460): acquire_wake_lock g_error=2 
E/power   (  460): release_wake_lock g_error=2 
E/power   (  460): acquire_wake_lock g_error=2 
E/power   (  460): release_wake_lock g_error=2 
E/power   (  460): acquire_wake_lock g_error=2 
E/power   (  460): acquire_wake_lock g_error=2 
E/power   (  460): release_wake_lock g_error=2 
E/power   (  460): release_wake_lock g_error=2 
E/power   (  460): acquire_wake_lock g_error=2 
E/power   (  460): acquire_wake_lock g_error=2 
E/power   (  460): release_wake_lock g_error=2 
E/power   (  460): release_wake_lock g_error=2 
E/power   (  460): acquire_wake_lock g_error=2 
E/power   (  460): release_wake_lock g_error=2 
E/power   (  460): acquire_wake_lock g_error=2 
E/power   (  460): acquire_wake_lock g_error=2 
E/power   (  460): release_wake_lock g_error=2 
E/power   (  460): release_wake_lock g_error=2 
E/power   (  460): acquire_wake_lock g_error=2 
E/power   (  460): release_wake_lock g_error=2 
E/power   (  460): acquire_wake_lock g_error=2 
E/power   (  460): release_wake_lock g_error=2 
E/power   (  460): acquire_wake_lock g_error=2 
E/power   (  460): release_wake_lock g_error=2 
E/power   (  460): acquire_wake_lock g_error=2 
E/power   (  460): acquire_wake_lock g_error=2 
E/power   (  460): release_wake_lock g_error=2 
E/power   (  460): release_wake_lock g_error=2 
E/power   (  460): acquire_wake_lock g_error=2 
E/power   (  460): release_wake_lock g_error=2 
E/power   (  460): acquire_wake_lock g_error=2 
E/power   (  460): release_wake_lock g_error=2 
E/power   (  460): acquire_wake_lock g_error=2 
E/power   (  460): release_wake_lock g_error=2 
E/power   (  460): acquire_wake_lock g_error=2 
E/power   (  460): release_wake_lock g_error=2 
E/DataRouter(  332): DrReadUsbStatus returns false USB is offline 
E/DataRouter(  332): DrReadUsbStatus returns false USB is offline 
E/power   (  460): acquire_wake_lock g_error=2 
E/power   (  460): release_wake_lock g_error=2 
E/power   (  460): acquire_wake_lock g_error=2 
E/power   (  460): release_wake_lock g_error=2 
E/power   (  460): acquire_wake_lock g_error=2 
E/power   (  460): release_wake_lock g_error=2 
E/power   (  460): acquire_wake_lock g_error=2 
E/power   (  460): release_wake_lock g_error=2 
E/power   (  460): acquire_wake_lock g_error=2 
E/power   (  460): acquire_wake_lock g_error=2 
E/power   (  460): release_wake_lock g_error=2 
E/power   (  460): release_wake_lock g_error=2 
E/power   (  460): acquire_wake_lock g_error=2 
E/power   (  460): release_wake_lock g_error=2 
