I/DebugPlacement(  639): SyncGrid 0 9 com.sec.android.app.twlauncher.ApplicationInfo Settings -1 0 9 14|-1|-1|-1|-1|0 com.sec.android.app.twlauncher.ApplicationInfo@4065a220 Exists
I/DebugPlacement(  639): SyncGrid 0 8 com.sec.android.app.twlauncher.ApplicationInfo Social Hub -1 0 8 13|-1|-1|-1|-1|0 com.sec.android.app.twlauncher.ApplicationInfo@405f33f8 Exists
I/DebugPlacement(  639): SyncGrid 1 7 com.sec.android.app.twlauncher.ApplicationInfo Superuser -1 1 7 41|-1|-1|-1|-1|0 com.sec.android.app.twlauncher.ApplicationInfo@406145f0 Exists
I/DebugPlacement(  639): SyncGrid 0 14 com.sec.android.app.twlauncher.ApplicationInfo Talk -1 0 14 19|-1|-1|-1|-1|0 com.sec.android.app.twlauncher.ApplicationInfo@405bfec8 Exists
I/DebugPlacement(  639): SyncGrid 1 3 com.sec.android.app.twlauncher.ApplicationInfo Task Manager -1 1 3 33|-1|-1|-1|-1|0 com.sec.android.app.twlauncher.ApplicationInfo@40627d10 Exists
I/DebugPlacement(  639): SyncGrid 0 11 com.sec.android.app.twlauncher.ApplicationInfo Videos -1 0 11 16|-1|-1|-1|-1|0 com.sec.android.app.twlauncher.ApplicationInfo@405cf448 Exists
I/DebugPlacement(  639): SyncGrid 0 22 com.sec.android.app.twlauncher.ApplicationInfo Voice Recorder -1 0 22 27|-1|-1|-1|-1|0 com.sec.android.app.twlauncher.ApplicationInfo@405dbb20 Exists
I/DebugPlacement(  639): SyncGrid 0 24 com.sec.android.app.twlauncher.ApplicationInfo Voice Search -1 0 24 29|-1|-1|-1|-1|0 com.sec.android.app.twlauncher.ApplicationInfo@405c2b08 Exists
I/DebugPlacement(  639): SyncGrid 0 23 com.sec.android.app.twlauncher.ApplicationInfo Voice talk -1 0 23 28|-1|-1|-1|-1|0 com.sec.android.app.twlauncher.ApplicationInfo@40514b18 Exists
I/DebugPlacement(  639): SyncGrid 1 6 com.sec.android.app.twlauncher.ApplicationInfo YouTube -1 1 6 36|-1|-1|-1|-1|0 com.sec.android.app.twlauncher.ApplicationInfo@40627b38 Exists
I/DebugPlacement(  639): SyncGrid 1 7 com.sec.android.app.twlauncher.ApplicationInfo YPmobile -1 1 7 38|-1|-1|-1|-1|0 com.sec.android.app.twlauncher.ApplicationInfo@40637608 Exists
I/DebugPlacement(  639): View = com.sec.android.app.twlauncher.MenuItemView@406847d0 tag = com.sec.android.app.twlauncher.ApplicationInfo Web -1 -1 3 4|-1|-1|-1|-1|0 com.sec.android.app.twlauncher.ApplicationInfo@40613aa8 Owner = com.sec.android.app.twlauncher.AppShortcutZone@405ae3d8
I/DebugPlacement(  639): View = com.sec.android.app.twlauncher.MenuItemView@4069f860 tag = com.sec.android.app.twlauncher.ApplicationInfo Email -1 -1 2 3|-1|-1|-1|-1|0 com.sec.android.app.twlauncher.ApplicationInfo@405741f8 Owner = com.sec.android.app.twlauncher.AppShortcutZone@405ae3d8
I/DebugPlacement(  639): View = com.sec.android.app.twlauncher.MenuItemView@406d6338 tag = com.sec.android.app.twlauncher.ApplicationInfo Calendar -1 -1 1 2|-1|-1|-1|-1|0 com.sec.android.app.twlauncher.ApplicationInfo@40632078 Owner = com.sec.android.app.twlauncher.AppShortcutZone@405ae3d8
I/DebugPlacement(  639): View = com.sec.android.app.twlauncher.MenuItemView@406bf0d0 tag = com.sec.android.app.twlauncher.ApplicationInfo Phone -1 -1 0 1|-1|-1|-1|-1|0 com.sec.android.app.twlauncher.ApplicationInfo@40560a10 Owner = com.sec.android.app.twlauncher.AppShortcutZone@405ae3d8
D/msm8660.gralloc(  460): !@/dev/pmem: allocating pmem size=4096000, offset=33079296(0x1f8c000)
I/DebugDb (  639): UpdateDBTask Begin Saving to DB
I/DebugFolder(  639): Save Folder Data To DB
I/ActivityThread(12540): Pub com.svox.pico.providers.SettingsProvider: com.svox.pico.providers.SettingsProvider
D/GTalkService(  663): handlePackageInstalled: re-initialize providers
D/GTalkService(  663): [RawStanzaProvidersMgr] ##### searchProvidersFromIntent
I/ActivityManager(  460): No longer want com.qik.lite.android (pid 1935): hidden #21
D/GTalkService(  663): [RawStanzaProvidersMgr] no intent receivers found
I/ActivityManager(  460): Start proc com.google.android.partnersetup for broadcast com.google.android.partnersetup/.AppInstalledReceiver: pid=12552 uid=10082 gids={3003}
I/ActivityThread(12552): Pub com.google.android.partnersetup.rlzprovider: com.google.android.partnersetup.RlzProvider
I/ActivityThread(12552): Pub com.google.android.partnersetup.rlzappprovider: com.google.android.partnersetup.RlzAppProvider
D/dalvikvm(  639): GC_EXTERNAL_ALLOC freed 769K, 40% free 4569K/7495K, external 22668K/22688K, paused 51ms
I/ActivityManager(  460): No longer want com.google.android.googlequicksearchbox (pid 1942): hidden #21
E/MediaDownloader(10863): onStartCommand installed----------------------------------------------------------------
E/AlarmManagerService(  460): android_server_AlarmManagerService_set to type=2, 4524.941000000
V/AlarmManager(  460): Adding alarm Alarm{40cb0d50 type 2 com.google.android.apps.maps} at 0
I/DebugDb (  639): UpdateDBTask End Saving to DB true
I/DebugDb (  639): UpdateDBTask Close DB
I/ActivityManager(  460): Start proc com.qik.lite.android for broadcast com.qik.lite.android/com.qik.android.upgrade.OnUpgradeReceiver: pid=12559 uid=10113 gids={1006, 3003, 1015, 3002, 3001}
I/DebugDb (  639): Update app info -1 com.sec.android.app.twlauncher.ApplicationInfo aaDIPLOMAMatrix -1 1 11 59|-1|-1|-1|-1|0 com.sec.android.app.twlauncher.ApplicationInfo@4064c490
D/AndroidRuntime(12551): 
D/AndroidRuntime(12551): >>>>>> AndroidRuntime START com.android.internal.os.RuntimeInit <<<<<<
D/AndroidRuntime(12551): CheckJNI is OFF
D/AndroidRuntime(12551): setted country_code = USA
D/AndroidRuntime(12551): setted sales_code = ATT
D/AndroidRuntime(12551): found sales_code tag = <ATT>, </ATT> 
D/dalvikvm(12551): creating instr width table
D/dalvikvm(  639): GC_EXTERNAL_ALLOC freed 253K, 43% free 4347K/7495K, external 22714K/22715K, paused 34ms
I/ActivityManager(  460): Start proc com.google.android.googlequicksearchbox for broadcast com.google.android.googlequicksearchbox/.CorporaUpdateReceiver: pid=12571 uid=10081 gids={3003}
I/ActivityManager(  460): No longer want com.google.android.music:main (pid 2003): hidden #21
D/LibQmg_native(12551): register_android_app_LibQmg
D/DeviceEncryption(12551): JNI: register_android_deviceencryption_DeviceEncryptionManager
D/dalvikvm(  323): GC_EXPLICIT freed 12K, 43% free 3113K/5379K, external 0K/0K, paused 41ms
D/dalvikvm(  323): GC_EXPLICIT freed <1K, 43% free 3113K/5379K, external 0K/0K, paused 24ms
D/AndroidRuntime(12551): Calling main entry com.android.commands.am.Am
D/dalvikvm(  323): GC_EXPLICIT freed <1K, 43% free 3113K/5379K, external 0K/0K, paused 29ms
I/ActivityManager(  460): Starting: Intent { act=android.intent.action.MAIN cat=[android.intent.category.LAUNCHER] flg=0x10000000 cmp=edu.mit.csail.diplomamatrix/.StatusActivity } from pid 12551
V/LauncherAppWidgetHostView(  639): dispatchSaveInstanceState: widgetid=1 vid=-1
V/LauncherAppWidgetHostView(  639): dispatchSaveInstanceState: widgetid=2 vid=-1
V/LauncherAppWidgetHostView(  639): dispatchSaveInstanceState: widgetid=4 vid=-1
D/InputTransport(  460): Input channel constructed: name='40b9cfa0 Starting edu.mit.csail.diplomamatrix (server)', ashmemFd=318, receivePipeFd=322, sendPipeFd=321
D/InputTransport(  460): Input channel constructed: name='40b9cfa0 Starting edu.mit.csail.diplomamatrix (client)', ashmemFd=319, receivePipeFd=320, sendPipeFd=323
V/LauncherAppWidgetHostView(  639): dispatchSaveInstanceState: widgetid=3 vid=-1
V/LauncherAppWidgetHostView(  639): dispatchSaveInstanceState: widgetid=5 vid=-1
V/LauncherAppWidgetHostView(  639): dispatchSaveInstanceState: widgetid=6 vid=-1
I/SurfaceFlinger(  460): id=342(10) createSurface 0x52270c for pid 460 (1x1),2 flag=0, Starting edu.mit.csail.diplomamatrix
I/Launcher(  639): onPause. Launcher: 4059d3f8
I/WindowManager(  460):   CREATE SURFACE Surface(name=Starting edu.mit.csail.diplomamatrix, identity=342, mNativeSurface=0) IN SESSION android.view.SurfaceSession@408ac5a8: pid=460 format=-1 flags=0x0 / Window{40b9cfa0 Starting edu.mit.csail.diplomamatrix paused=false}
D/AndroidRuntime(12551): Shutting down VM
I/AndroidRuntime(12551): NOTE: attach of thread 'Binder Thread #2' failed
D/dalvikvm(12551): GC_CONCURRENT freed 106K, 66% free 349K/1024K, external 0K/0K, paused 0ms+0ms
D/msm8660.gralloc(  460): !@/dev/pmem: allocating pmem size=4096000, offset=37175296(0x2374000)
D/GLSurfaceViewGroup(  639): Skipped drawing due to suspendDrawingUntilResume()
D/dalvikvm(12551): Debugger has detached; object registry had 1 entries
I/ActivityManager(  460): Start proc edu.mit.csail.diplomamatrix for activity edu.mit.csail.diplomamatrix/.StatusActivity: pid=12580 uid=10125 gids={1006, 1015, 3003}
I/ViewRoot(  460): !@FINISH DRAWING : Starting edu.mit.csail.diplomamatrix
I/ViewRoot(  460): !@finishDrawing is completed : Starting edu.mit.csail.diplomamatrix
I/ActivityThread(12571): Pub com.google.android.googlequicksearchbox.google: com.google.android.googlequicksearchbox.google.GoogleSuggestionProvider
I/OrientationDebug(  460): [pwm] in updateOrientationListenerLp()
V/OrientationDebug(  460): in updateOrientationListenerLp(), Screen status=true, current orientation=-1, SensorEnabled=false
I/OrientationDebug(  460): [pwm] needSensorRunningLp(), return false #3
E/WindowManager(  460): rotation is : 0
I/Launcher(  639): onWindowFocusChanged(false)
I/ActivityThread(12571): Pub com.google.android.googlequicksearchbox.shortcuts: com.google.android.googlequicksearchbox.ShortcutsProvider
E/com.samsung.app(  951): [MSC_Accu]>>> WeatherWidgetProvider.java:354 [0:0] onReceive@ sec.android.intent.action.HOME_PAUSE
E/com.samsung.app(  951): [MSC_Accu]>>> WidgetIdManager.java:53 [0:0] AccuWeatherClockWidgetID_Length
E/com.samsung.app(  951): [MSC_Accu]>>> WidgetIdManager.java:54 [0:0] getPrefIDs@lngth:1
E/com.samsung.app(  951): [MSC_Accu]>>> WidgetIdManager.java:60 [0:0] getPrefIDs@Ids1:4
E/com.samsung.app(  951): [MSC_Accu]>>> WeatherWidgetProvider.java:347 [0:0] refreshhandler is null!!
D/dalvikvm(12580): GC_EXTERNAL_ALLOC freed 48K, 42% free 3127K/5379K, external 0K/0K, paused 109ms
I/GLThread(  639): noticed surfaceView surface lost tid=15
W/EglHelper(  639): destroySurface()  tid=15
E/com.samsung.app( 1396): [MSC]>>> StockClock_Integration.java:235 [0:0] onReceive sec.android.intent.action.HOME_PAUSE
E/com.samsung.app( 1396): [MSC]>>> StockClock_Integration.java:241 [0:0] onReceive : no stock widget!!!
I/PhotoAppWidgetProvider( 1405): onReceive
I/PhotoAppWidgetProvider( 1405): PauseSlideShow
D/PhotoAppWidgetProvider( 1405): onReceive End
I/ActivityManager(  460): No longer want com.sec.android.app.FileTransferManager (pid 10782): hidden #21
I/SurfaceFlinger(  460): id=340 Removed SurfaceView idx=3 Map Size=6
D/SurfaceFlinger(  460): remove count:1 destroying SurfaceView
W/WindowManager(  460): Window Window{40c9f1a0 SurfaceView paused=false} destroyed surface Surface(name=SurfaceView, identity=-1, mNativeSurface=0), session Session{40643320 uid 10004}
D/PowerManagerService(  460): acquireWakeLock flags=0x20000006 tag=StatusActivity uid=10125 pid=12580   myUID=1000 myPID=460 myTID=466
I/StatusActivity(12580): 1333127742746: *** Opened log file for writing ***
I/StatusActivity(12580): 1333127742747: starting Mux with id = -1
I/StatusActivity(12580): 1333127742750: areButtonsEnabled --> true
I/Mux.java(12580): run() beginning -------------
D/Mux     (12580): Mux started
I/NetworkThread(12580): Initial socket buffer sizes: 110592 receive, 110592 send
I/NetworkThread(12580): Set socket buffer sizes to: 221184 receive, 221184 send
I/NetworkThread(12580): started, local IP address:/192.168.5.10
I/Mux.java's nodeId is(12580): 5010
I/Mux     (12580): starting vncDaemon ........
I/VCoreDaemon(12580): 1333127742757: Started VCoreDaemon with parameters maxRx = 10 , maxRY= 1, minLongitude = -7110170 , minLatitude = 4236349, regionWidth =17
I/Mux     (12580): vncDaemon started
I/VCoreDaemon.java(12580): onStart() about to stateTransition.........................................................................
I/VCoreDaemon(12580): 1333127742758: started, mId = 5010
I/VCoreDaemon.java(12580): inside stateTransition ......................................................................................
I/..... VCoreDaemon.java(12580): out of bounds
I/VCoreDaemon(12580): 1333127742759: region (-1, -1) out of bounds, dormant
I/..... VCoreDaemon.java(12580): ends xxxxxxxxxxxxxxxxxxxxxxxxxxxxxxxxxxxxxxxxxxx
I/SurfaceFlinger(  460): id=341 Removed com.sec.android.app.twlauncher/com.sec.android.app.twlauncher.Launcher idx=2 Map Size=5
D/SurfaceFlinger(  460): remove count:1 destroying com.sec.android.app.twlauncher/com.sec.android.app.twlauncher.Launcher
I/StatusActivity(12580): 1333127742761: *** Application started ***
I/StatusActivity(12580): 1333127742761: HI I'm in ONRESUME()
D/GpsLocationProvider(  460): setMinTime 1000
W/WindowManager(  460): Window Window{40c9b530 com.sec.android.app.twlauncher/com.sec.android.app.twlauncher.Launcher paused=false} destroyed surface Surface(name=com.sec.android.app.twlauncher/com.sec.android.app.twlauncher.Launcher, identity=-1, mNativeSurface=0), session Session{40643320 uid 10004}
D/LocationManagerService(  460): gps location requested by UID(10125) edu.mit.csail.diplomamatrix, 
I/StatusActivity(12580): 1333127742768: SAMPLING_DISTANCE : 1, SAMPLING_DURATION : 1000
D/GpsLocationProvider(  460): startNavigating
D/InputTransport(  460): Input channel constructed: name='40cb8820 edu.mit.csail.diplomamatrix/edu.mit.csail.diplomamatrix.StatusActivity (server)', ashmemFd=219, receivePipeFd=298, sendPipeFd=294
D/InputTransport(  460): Input channel constructed: name='40cb8820 edu.mit.csail.diplomamatrix/edu.mit.csail.diplomamatrix.StatusActivity (client)', ashmemFd=265, receivePipeFd=270, sendPipeFd=325
D/libloc  (  460): loc_eng_set_position mode, client = 0, interval = 1000, mode = 1
W/libloc  (  460): loc_read_sec_gps_conf: no /data/data/com.android.angryGps/secgps.conf file, using defaults
D/InputTransport(  460): Input channel destroyed: name='40cb8820 edu.mit.csail.diplomamatrix/edu.mit.csail.diplomamatrix.StatusActivity (client)', ashmemFd=265, receivePipeFd=270, sendPipeFd=325
D/InputTransport(12580): Input channel constructed: name='40cb8820 edu.mit.csail.diplomamatrix/edu.mit.csail.diplomamatrix.StatusActivity (client)', ashmemFd=51, receivePipeFd=52, sendPipeFd=53
I/SurfaceFlinger(  460): id=343(1) createSurface 0x6f670c for pid 12580 (1x1),1 flag=0, edu.mit.csail.diplomamatrix/edu.mit.csail.diplomamatrix.StatusActivity
D/RPC     (  460): 3000008c:00050000 sending call (XID 79).
I/WindowManager(  460):   CREATE SURFACE Surface(name=edu.mit.csail.diplomamatrix/edu.mit.csail.diplomamatrix.StatusActivity, identity=343, mNativeSurface=0) IN SESSION android.view.SurfaceSession@409e9c48: pid=12580 format=-3 flags=0x0 / Window{40cb8820 edu.mit.csail.diplomamatrix/edu.mit.csail.diplomamatrix.StatusActivity paused=false}
E/power   (  460): acquire_wake_lock g_error=2 
E/power   (  460): release_wake_lock g_error=2 
D/RPC     (  460): 3000008c:00050000 received REPLY (XID 79), grabbing mutex to wake up client.
D/RPC     (  460): 3000008c:00050000 call success.
D/RPC     (  460): 3000008c:00050000 waiting for XDR input buffer to be consumed.
E/power   (  460): acquire_wake_lock g_error=2 
D/RPC     (  460): 3000008c:00050000 received CALL.
D/RPC     (  460): 3000008c:00050000 dispatching RPC call (XID 30323, xdr 0x3a6378) for callback client 3100008c:00050001.
E/power   (  460): release_wake_lock g_error=2 
W/libloc  (  460): loc_read_sec_gps_conf: no /data/data/com.android.angryGps/secgps.conf file, using defaults
E/libloc  (  460): loc_eng_sec_set_param(): Fail to read sec GPS config!. default config will be set
E/power   (  460): acquire_wake_lock g_error=2 
E/power   (  460): release_wake_lock g_error=2 
D/msm8660.gralloc(  460): !@/dev/pmem: allocating pmem size=2457600, offset=12394496(0xbd2000)
E/power   (  460): acquire_wake_lock g_error=2 
D/RPC     (  460): 3100008c:327681 sending RPC reply (XID 30323)
D/RPC     (  460): 3000008c:00050000 sending call (XID 80).
D/RPC     (  460): 3000008c:00050000 received REPLY (XID 80), grabbing mutex to wake up client.
D/RPC     (  460): 3000008c:00050000 call success.
E/power   (  460): release_wake_lock g_error=2 
E/power   (  460): acquire_wake_lock g_error=2 
E/power   (  460): release_wake_lock g_error=2 
E/power   (  460): acquire_wake_lock g_error=2 
E/power   (  460): release_wake_lock g_error=2 
D/RPC     (  460): 3000008c:00050000 received CALL.
D/RPC     (  460): 3000008c:00050000 dispatching RPC call (XID 30326, xdr 0x3a6378) for callback client 3100008c:00050001.
D/RPC     (  460): 3100008c:327681 sending RPC reply (XID 30326)
D/RPC     (  460): 3000008c:00050000 sending call (XID 81).
D/RPC     (  460): 3000008c:00050000 received REPLY (XID 81), grabbing mutex to wake up client.
D/RPC     (  460): 3000008c:00050000 call success.
D/RPC     (  460): 3000008c:00050000 received CALL.
D/RPC     (  460): 3000008c:00050000 dispatching RPC call (XID 30327, xdr 0x3a6378) for callback client 3100008c:00050001.
D/RPC     (  460): 3100008c:327681 sending RPC reply (XID 30327)
D/RPC     (  460): 3000008c:00050000 sending call (XID 82).
I/SurfaceFlinger(  460): id=344(2) createSurface for pid 12580 (320x100),4 flag=200, SurfaceView
E/power   (  460): acquire_wake_lock g_error=2 
E/power   (  460): release_wake_lock g_error=2 
E/power   (  460): acquire_wake_lock g_error=2 
E/Surface (12580): Surface::init token -2 identity 344
I/CameraSurfaceView(12580): inside surfaceCreated()
I/CameraSurfaceView(12580): opening Camera.open()
I/QualcommCameraHardware(  325): Found a matching camera info for ID 0
I/QualcommCameraHardware(  325): HAL_getCameraInfo: facing = 0, orientation = 90
I/WindowManager(  460):   CREATE SURFACE Surface(name=SurfaceView, identity=344, mNativeSurface=0) IN SESSION android.view.SurfaceSession@409e9c48: pid=12580 format=4 flags=0x200 / Window{40b97aa0 SurfaceView paused=false}
D/RPC     (  460): 3000008c:00050000 received REPLY (XID 82), grabbing mutex to wake up client.
D/RPC     (  460): 3000008c:00050000 waiting for XDR input buffer to be consumed.
D/RPC     (  460): 3000008c:00050000 call success.
D/RPC     (  460): 3000008c:00050000 received CALL.
I/SecCameraCoreManager(  325): SecCameraCoreManager created: pid=325, cameraId=0
I/QualcommCameraHardware(  325): openCameraHardware: call createInstance
I/QualcommCameraHardware(  325): openCameraHardware:Valid camera ID 0
I/QualcommCameraHardware(  325): openCameraHardware:camera mode 1
I/QualcommCameraHardware(  325): HAL_openCameraHardware: HAL_currentSnapshotMode = 4
I/QualcommCameraHardware(  325): createInstance: E
I/QualcommCameraHardware(  325): QualcommCameraHardware constructor E
V/QualcommCameraHardware(  325): MMCameraDL: E
V/QualcommCameraHardware(  325): Open MM camera DL libeomcamera loaded at 0xb0010ca8 
V/QualcommCameraHardware(  325): MMCameraDL: X
V/QualcommCameraHardware(  325):  Storing the current target type as 4 
V/QualcommCameraHardware(  325):  Storing the current target type as 4 
V/QualcommCameraHardware(  325):  ### mDisEnabled = 0 , mVpeEnabled = 1!!! ###
V/QualcommCameraHardware(  325): constructor EX
I/QualcommCameraHardware(  325): createInstance: created hardware=0x84c68
V/QualcommCameraHardware(  325): startCamera E
V/QualcommCameraHardware(  325): loading liboemcamera at 0xb0010ca8
V/QualcommCameraHardware(  325):  openCamera : E
E/power   (  460): release_wake_lock g_error=2 
D/RPC     (  460): 3000008c:00050000 dispatching RPC call (XID 30328, xdr 0x3a6378) for callback client 3100008c:00050001.
D/RPC     (  460): 3100008c:327681 sending RPC reply (XID 30328)
D/RPC     (  460): 3000008c:00050000 sending call (XID 83).
E/power   (  460): acquire_wake_lock g_error=2 
E/power   (  460): release_wake_lock g_error=2 
E/power   (  460): acquire_wake_lock g_error=2 
E/power   (  460): release_wake_lock g_error=2 
D/RPC     (  460): 3000008c:00050000 received REPLY (XID 83), grabbing mutex to wake up client.
D/RPC     (  460): 3000008c:00050000 waiting for XDR input buffer to be consumed.
D/RPC     (  460): 3000008c:00050000 call success.
D/RPC     (  460): 3000008c:00050000 received CALL.
D/RPC     (  460): 3000008c:00050000 dispatching RPC call (XID 30329, xdr 0x3a6378) for callback client 3100008c:00050001.
D/RPC     (  460): 3100008c:327681 sending RPC reply (XID 30329)
D/RPC     (  460): 3000008c:00050000 sending call (XID 84).
E/power   (  460): acquire_wake_lock g_error=2 
E/power   (  460): release_wake_lock g_error=2 
E/power   (  460): acquire_wake_lock g_error=2 
E/power   (  460): release_wake_lock g_error=2 
D/RPC     (  460): 3000008c:00050000 received REPLY (XID 84), grabbing mutex to wake up client.
D/RPC     (  460): 3000008c:00050000 waiting for XDR input buffer to be consumed.
D/RPC     (  460): 3000008c:00050000 call success.
D/RPC     (  460): 3000008c:00050000 received CALL.
D/RPC     (  460): 3000008c:00050000 dispatching RPC call (XID 30330, xdr 0x3a6378) for callback client 3100008c:00050001.
D/RPC     (  460): 3100008c:327681 sending RPC reply (XID 30330)
D/RPC     (  460): 3000008c:00050000 sending call (XID 85).
V/QualcommCameraHardware(  325):  openCamera : X
V/QualcommCameraHardware(  325): startCamera X
I/QualcommCameraHardware(  325): initDefaultParameters E
V/QualcommCameraHardware(  325): DISABLE DIS
V/QualcommCameraHardware(  325):  type:main - previewSizeCount = 8 
V/QualcommCameraHardware(  325):  type:main - zoom set = mMaxZoom :30, zoomSupported:1 
I/QualcommCameraHardware(  325): initDefaultParameters: setting num-snaps-per-shutter to 1
V/QualcommCameraHardware(  325): requested preview frame rate is 30
V/QualcommCameraHardware(  325): setFrameRate: 30 (14000-30000)
V/QualcommCameraHardware(  325): native_set_ext_config E (cmd = 10)
E/QualcommCameraHardware(  325): setPreviewSize (mVtMode=0) : requested preview size 640 x 480
I/QualcommCameraHardware(  325): setRecordSize: preview dimensions: 640x480
V/QualcommCameraHardware(  325): No Record Size requested, use the preview dimensions
I/QualcommCameraHardware(  325): setRecordSize: video dimensions: 640x480
V/QualcommCameraHardware(  325): requested picture size 3264 x 2448
E/QualcommCameraHardware(  325): setPictureFormat : jpeg 
V/QualcommCameraHardware(  325): requested jpeg thumbnail size 320 x 240
V/QualcommCameraHardware(  325):  setSceneMode E : auto
V/QualcommCameraHardware(  325): native_set_ext_config E (cmd = 1)
V/QualcommCameraHardware(  325): setWhiteBalance E : auto
V/QualcommCameraHardware(  325): native_set_ext_config E (cmd = 6)
V/QualcommCameraHardware(  325):  setFlash E : off 
V/QualcommCameraHardware(  325): native_set_ext_config E (cmd = 0)
V/QualcommCameraHardware(  325): WDR(Auto Contrast) E: -1, ord_wdr = -1
V/QualcommCameraHardware(  325): setParameters X: success
V/QualcommCameraHardware(  325):  Using Overlay : YES 
V/QualcommCameraHardware(  325): native_get_ext_config 2222E (cmd = 33)
V/QualcommCameraHardware(  325): setExifFixAttribute X
I/QualcommCameraHardware(  325): initDefaultParameters X
I/QualcommCameraHardware(  325): createInstance: X
I/SecCameraCoreManager(  325): set saturation to 0.0
I/ShotCommon(  325): ShotCommon created: pid=325
V/QualcommCameraHardware(  325): getParameters: EX
I/ShotCommon(  325): Preview width(640), height(480)
I/ShotCommon(  325): Preview color format [yuv420sp]
I/ShotCommon(  325): Picture width(3264), height(2448)
I/ShotCommon(  325): Picture color format [jpeg]
V/QualcommCameraHardware(  325):  Using Overlay : YES 
I/ShotCommon(  325): mUseOverlay = 1
I/ShotSingle(  325): ShotSingle created: pid=325
I/QualcommCameraHardware(  325): Found a matching camera info for ID 0
I/QualcommCameraHardware(  325): HAL_getCameraInfo: facing = 0, orientation = 90
V/QualcommCameraHardware(  325):  Using Overlay : YES 
I/CameraSurfaceView(12580): opened camera
V/QualcommCameraHardware(  325): getParameters: EX
V/QualcommCameraHardware(  325):  Overlay object NULL. returning 
V/MediaPlayerService(  325): Client(18) constructor
V/MediaPlayerService(  325): Create new client(18) from pid 325, url=/system/media/audio/ui/Shutter_01.ogg, connId=18, audioSessionId=216
V/MediaPlayerService(  325): setDataSource(/system/media/audio/ui/Shutter_01.ogg)
D/MediaPlayerService(  325): getPlayerType. Ln=1124
V/MediaPlayerService(  325): player type = 4
D/MediaPlayerService(  325): createPlayer. type=4
D/MediaPlayerService(  325):  create StagefrightPlayer
V/AudioSink(  325): AudioOutput(216)
V/MediaPlayerService(  325):  setDataSource
I/StagefrightPlayer(  325): setDataSource('/system/media/audio/ui/Shutter_01.ogg')
V/MediaPlayerService(  325): [18] setAudioStreamType(7)
V/MediaPlayerService(  325): [18] prepareAsync
V/AwesomePlayer(  325): prepareAsync_l
D/FileSource(  325): FileSource::FileSource(const char *filename):: filename/system/media/audio/ui/Shutter_01.ogg
D/FileSource(  325): FileSource::FileSource(const char *filename)::Length is 38, Size is : 38
D/FileSource(  325): FileSource::FileSource(const char *filename)::mFilename is /system/media/audio/ui/Shutter_01.ogg
I/MediaExtractor(  325): ***************************MediaExtractor::Create() In
I/MediaExtractor(  325): *************************Autodetected media content as 'application/ogg' with confidence 0.60
E/power   (  460): acquire_wake_lock g_error=2 
E/power   (  460): release_wake_lock g_error=2 
E/power   (  460): acquire_wake_lock g_error=2 
E/power   (  460): release_wake_lock g_error=2 
E/power   (  460): acquire_wake_lock g_error=2 
E/power   (  460): release_wake_lock g_error=2 
D/GpsLocationProvider(  460): startNavigating : SensorAiding is com.android.server.location.GpsLocationProvider$SensorAiding@40cc8c88
V/AwesomePlayer(  325): mBitrate = -1 bits/sec
V/AwesomePlayer(  325): mime = audio/vorbis
I/OMXCodec(  325): Successfully allocated software codec 'VorbisDecoder'
V/MediaPlayerService(  325): Client::notify In
V/MediaPlayerService(  325): [18] notify (0x5a640, 5, 0, 0)
V/MediaPlayerService(  325): Client::notify In
V/MediaPlayerService(  325): [18] notify (0x5a640, 1, 0, 0)
V/MediaPlayerService(  325): Client(19) constructor
V/MediaPlayerService(  325): Create new client(19) from pid 325, url=/system/media/audio/ui/Cam_Start.ogg, connId=19, audioSessionId=217
V/MediaPlayerService(  325): setDataSource(/system/media/audio/ui/Cam_Start.ogg)
D/MediaPlayerService(  325): getPlayerType. Ln=1124
V/MediaPlayerService(  325): player type = 4
D/MediaPlayerService(  325): createPlayer. type=4
D/MediaPlayerService(  325):  create StagefrightPlayer
V/AudioSink(  325): AudioOutput(217)
V/MediaPlayerService(  325):  setDataSource
I/StagefrightPlayer(  325): setDataSource('/system/media/audio/ui/Cam_Start.ogg')
V/MediaPlayerService(  325): [19] setAudioStreamType(7)
V/MediaPlayerService(  325): [19] prepareAsync
V/AwesomePlayer(  325): prepareAsync_l
D/RPC     (  460): 3000008c:00050000 received REPLY (XID 85), grabbing mutex to wake up client.
D/RPC     (  460): 3000008c:00050000 waiting for XDR input buffer to be consumed.
D/RPC     (  460): 3000008c:00050000 call success.
D/RPC     (  460): 3000008c:00050000 received CALL.
D/RPC     (  460): 3000008c:00050000 dispatching RPC call (XID 30331, xdr 0x3a6378) for callback client 3100008c:00050001.
D/RPC     (  460): 3100008c:327681 sending RPC reply (XID 30331)
D/RPC     (  460): 3000008c:00050000 sending call (XID 86).
D/RPC     (  460): 3000008c:00050000 received REPLY (XID 86), grabbing mutex to wake up client.
D/RPC     (  460): 3000008c:00050000 call success.
D/FileSource(  325): FileSource::FileSource(const char *filename):: filename/system/media/audio/ui/Cam_Start.ogg
D/FileSource(  325): FileSource::FileSource(const char *filename)::Length is 37, Size is : 37
D/FileSource(  325): FileSource::FileSource(const char *filename)::mFilename is /system/media/audio/ui/Cam_Start.ogg
I/MediaExtractor(  325): ***************************MediaExtractor::Create() In
I/MediaExtractor(  325): *************************Autodetected media content as 'application/ogg' with confidence 0.60
V/AwesomePlayer(  325): mBitrate = -1 bits/sec
V/AwesomePlayer(  325): mime = audio/vorbis
I/OMXCodec(  325): Successfully allocated software codec 'VorbisDecoder'
V/MediaPlayerService(  325): Client::notify In
V/MediaPlayerService(  325): [19] notify (0x6f398, 5, 0, 0)
V/MediaPlayerService(  325): Client::notify In
V/MediaPlayerService(  325): [19] notify (0x6f398, 1, 0, 0)
V/MediaPlayerService(  325): Client(20) constructor
V/MediaPlayerService(  325): Create new client(20) from pid 325, url=/system/media/audio/ui/Cam_Stop.ogg, connId=20, audioSessionId=218
V/MediaPlayerService(  325): setDataSource(/system/media/audio/ui/Cam_Stop.ogg)
D/MediaPlayerService(  325): getPlayerType. Ln=1124
V/MediaPlayerService(  325): player type = 4
D/MediaPlayerService(  325): createPlayer. type=4
D/MediaPlayerService(  325):  create StagefrightPlayer
V/AudioSink(  325): AudioOutput(218)
V/MediaPlayerService(  325):  setDataSource
I/StagefrightPlayer(  325): setDataSource('/system/media/audio/ui/Cam_Stop.ogg')
V/MediaPlayerService(  325): [20] setAudioStreamType(7)
V/MediaPlayerService(  325): [20] prepareAsync
V/AwesomePlayer(  325): prepareAsync_l
D/FileSource(  325): FileSource::FileSource(const char *filename):: filename/system/media/audio/ui/Cam_Stop.ogg
D/FileSource(  325): FileSource::FileSource(const char *filename)::Length is 36, Size is : 36
D/FileSource(  325): FileSource::FileSource(const char *filename)::mFilename is /system/media/audio/ui/Cam_Stop.ogg
I/MediaExtractor(  325): ***************************MediaExtractor::Create() In
I/MediaExtractor(  325): *************************Autodetected media content as 'application/ogg' with confidence 0.60
V/AwesomePlayer(  325): mBitrate = -1 bits/sec
V/AwesomePlayer(  325): mime = audio/vorbis
I/OMXCodec(  325): Successfully allocated software codec 'VorbisDecoder'
V/MediaPlayerService(  325): Client::notify In
V/MediaPlayerService(  325): [20] notify (0x96ad8, 5, 0, 0)
V/MediaPlayerService(  325): Client::notify In
V/MediaPlayerService(  325): [20] notify (0x96ad8, 1, 0, 0)
E/power   (  460): acquire_wake_lock g_error=2 
V/GpsLocationProvider(  460): reportStatus status: 1
D/GpsLocationProvider(  460): send an intent to notify that the GPS has been enabled or disabled
E/power   (  460): release_wake_lock g_error=2 
I/Overlay (  460): createOverlay w=640, h=480,format=265
D/OverlayLIB(  460): unsigned int overlay::getOverlayConfig(unsigned int, bool, bool): HDMI not connected...
W/Overlay (  460): createOverlay: creating overlay with format3D: 0x0, curState: 1,format=265
D/Overlay (  460): isCamera true
I/OverlayLIB(  460): startControlChannel w=640, h=480, f=109
D/RPC     (  460): 3000008c:00050000 received CALL.
D/RPC     (  460): 3000008c:00050000 dispatching RPC call (XID 30332, xdr 0x3a6378) for callback client 3100008c:00050001.
D/RPC     (  460): 3100008c:327681 sending RPC reply (XID 30332)
E/CameraService(  325): OVERLAY CREATED....
V/QualcommCameraHardware(  325):  Valid overlay object 
I/CameraSurfaceView(12580): inside on surfaceChanged()
V/QualcommCameraHardware(  325): getParameters: EX
D/SecCameraCoreManager(  325): virtual android::status_t android::SecCameraCoreManager::startPreview():start IT Policy checking thread
E/ShotSingle(  325): startPreview - mUseOverlay(1)
V/QualcommCameraHardware(  325): getParameters: EX
V/QualcommCameraHardware(  325): getParameters: EX
V/QualcommCameraHardware(  325): startPreview E
V/QualcommCameraHardware(  325): in startPreviewInternal : E
V/QualcommCameraHardware(  325): initPreview E: preview size=640x480 videosize = 640 x 480
I/QualcommCameraHardware(  325): initPreview : preview size=640x480 videosize = 640 x 480
V/QualcommCameraHardware(  325): mDimension.prev_format = 1
V/QualcommCameraHardware(  325): mDimension.display_luma_width = 640
V/QualcommCameraHardware(  325): mDimension.display_luma_height = 480
V/QualcommCameraHardware(  325): mDimension.display_chroma_width = 640
V/QualcommCameraHardware(  325): mDimension.display_chroma_height = 480
V/QualcommCameraHardware(  325): CAMERA_PARM_DIMENSION
E/mm-camera(  325): vfe_util_get_sensor_info: mode=3
E/mm-camera(  325): m5mo_video_config, sfd = 49
W/CABLDaemon(  358): ----- HSIC Params -----
W/CABLDaemon(  358): 	 hue: 0
W/CABLDaemon(  358): 	 sat: 0.000000
W/CABLDaemon(  358): 	 intensity: 0
W/CABLDaemon(  358): 	 contrast: 0.000000
E/QCAbl   (  358): display_pp_conv_set_hsic_cfg() Values: Hue=0 Saturation=0.000000 Intensity=0 Contrast=0.000000
E/QCAbl   (  358): hsc_matrix[0][0]=1.000000  hsc_matrix[0][1]=0.000000 hsc_matrix[0][2]=0.000000  
E/QCAbl   (  358): hsc_matrix[1][0]=0.000000  hsc_matrix[1][1]=1.000000 hsc_matrix[1][2]=0.000000  
E/QCAbl   (  358): hsc_matrix[2][0]=0.000000  hsc_matrix[2][1]=0.000000 hsc_matrix[2][2]=1.000000  
E/QCAbl   (  358): rec601_rgb2yuv[0][0]=0.256800  rec601_rgb2yuv[0][1]=0.504100 rec601_rgb2yuv[0][2]=0.097900  
E/QCAbl   (  358): rec601_rgb2yuv[1][0]=-0.148200  rec601_rgb2yuv[1][1]=-0.291000 rec601_rgb2yuv[1][2]=0.439200  
E/QCAbl   (  358): rec601_rgb2yuv[2][0]=0.439200  rec601_rgb2yuv[2][1]=-0.367800 rec601_rgb2yuv[2][2]=-0.071400  
E/QCAbl   (  358): hsc_matrix*rec601_rgb2yuv[0][0]=0.256800  hsc_matrix*rec601_rgb2yuv[0][1]=0.504100 hsc_matrix*rec601_rgb2yuv[0][2]=0.097900  
E/QCAbl   (  358): hsc_matrix*rec601_rgb2yuv[1][0]=-0.148200  hsc_matrix*rec601_rgb2yuv[1][1]=-0.291000 hsc_matrix*rec601_rgb2yuv[1][2]=0.439200  
E/QCAbl   (  358): hsc_matrix*rec601_rgb2yuv[2][0]=0.439200  hsc_matrix*rec601_rgb2yuv[2][1]=-0.367800 hsc_matrix*rec601_rgb2yuv[2][2]=-0.071400  
E/QCAbl   (  358): rec601_yuv2rgb[0][0]=1.164400  rec601_yuv2rgb[0][1]=0.000000 rec601_yuv2rgb[0][2]=1.596000  
E/QCAbl   (  358): rec601_yuv2rgb[1][0]=1.164400  rec601_yuv2rgb[1][1]=-0.391800 rec601_yuv2rgb[1][2]=-0.813000  
E/QCAbl   (  358): rec601_yuv2rgb[2][0]=1.164400  rec601_yuv2rgb[2][1]=2.017200 rec601_yuv2rgb[2][2]=0.000000  
E/QCAbl   (  358): rec601_yuv2rgb*hsc_matrix*rec601_rgb2yuv[0][0]=0.999981  rec601_yuv2rgb*hsc_matrix*rec601_rgb2yuv[0][1]=-0.000035 rec601_yuv2rgb*hsc_matrix*rec601_rgb2yuv[0][2]=0.000040  
E/QCAbl   (  358): rec601_yuv2rgb*hsc_matrix*rec601_rgb2yuv[1][0]=0.000013  rec601_yuv2rgb*hsc_matrix*rec601_rgb2yuv[1][1]=1.000009 rec601_yuv2rgb*hsc_matrix*rec601_rgb2yuv[1][2]=-0.000036  
E/QCAbl   (  358): rec601_yuv2rgb*hsc_matrix*rec601_rgb2yuv[2][0]=0.000069  rec601_yuv2rgb*hsc_matrix*rec601_rgb2yuv[2][1]=-0.000031 rec601_yuv2rgb*hsc_matrix*rec601_rgb2yuv[2][2]=0.999949  
E/QCAbl   (  358): cc_matrix[0][0]=1.000000  cc_matrix[0][1]=0.000000 cc_matrix[0][2]=0.000000  
E/QCAbl   (  358): cc_matrix[1][0]=0.000000  cc_matrix[1][1]=1.000000 cc_matrix[1][2]=0.000000  
E/QCAbl   (  358): cc_matrix[2][0]=0.000000  cc_matrix[2][1]=0.000000 cc_matrix[2][2]=1.000000  
E/QCAbl   (  358): cc_matrix*rec601_yuv2rgb*hsc_matrix*rec601_rgb2yuv[0][0]=0.999981  cc_matrix*rec601_yuv2rgb*hsc_matrix*rec601_rgb2yuv[0][1]=-0.000035 cc_matrix*rec601_yuv2rgb*hsc_matrix*rec601_rgb2yuv[0][2]=0.000040  
E/QCAbl   (  358): cc_matrix*rec601_yuv2rgb*hsc_matrix*rec601_rgb2yuv[1][0]=0.000013  cc_matrix*rec601_yuv2rgb*hsc_matrix*rec601_rgb2yuv[1][1]=1.000009 cc_matrix*rec601_yuv2rgb*hsc_matrix*rec601_rgb2yuv[1][2]=-0.000036  
E/QCAbl   (  358): cc_matrix*rec601_yuv2rgb*hsc_matrix*rec601_rgb2yuv[2][0]=0.000069  cc_matrix*rec601_yuv2rgb*hsc_matrix*rec601_rgb2yuv[2][1]=-0.000031 cc_matrix*rec601_yuv2rgb*hsc_matrix*rec601_rgb2yuv[2][2]=0.999949  
E/QCAbl   (  358): pre_lv[0]=0
E/QCAbl   (  358): post_lv[0]=0
E/QCAbl   (  358): pre_lv[1]=255
E/QCAbl   (  358): post_lv[1]=255
E/QCAbl   (  358): pre_lv[2]=0
E/QCAbl   (  358): post_lv[2]=0
E/QCAbl   (  358): pre_lv[3]=255
E/QCAbl   (  358): post_lv[3]=255
E/QCAbl   (  358): pre_lv[4]=0
E/QCAbl   (  358): post_lv[4]=0
E/QCAbl   (  358): pre_lv[5]=255
E/QCAbl   (  358): post_lv[5]=255
E/QCAbl   (  358): mv[0][0]=0x200  mv[0][1]=0x0 mv[0][2]=0x0  
E/QCAbl   (  358): pre_bv[0]=0
E/QCAbl   (  358): post_bv[0]=0
E/QCAbl   (  358): mv[1][0]=0x0  mv[1][1]=0x200 mv[1][2]=0x0  
E/QCAbl   (  358): pre_bv[1]=0
E/QCAbl   (  358): post_bv[1]=0
E/QCAbl   (  358): mv[2][0]=0x0  mv[2][1]=0x0 mv[2][2]=0x200  
E/QCAbl   (  358): pre_bv[2]=0
E/QCAbl   (  358): post_bv[2]=0
E/QCAbl   (  358): Calling the MSMFB_MDP_PP ioctl
E/QCAbl   (  358): ioctl MSMFB_MDP_PP returned 0
D/GLSurfaceViewGroup(  639): Skipped drawing due to suspendDrawingUntilResume()
I/GLThread(  639): onPause tid=15
I/Main thread(  639): onPause waiting for mPaused.
I/GLThread(  639): mPaused is now true tid=15
I/Launcher(  639): onStop. Launcher: 4059d3f8
I/QualcommCameraHardware(  325): constructing MemPool preview backed by pmem pool /dev/pmem_adsp: 4 frames @ 460800 bytes, buffer size 460800
V/QualcommCameraHardware(  325): pmem pool /dev/pmem_adsp ioctl(fd = 66, PMEM_GET_SIZE) is 1851392
D/QualcommCameraHardware(  325): mBufferSize=460800, mAlignedBufferSize=462848
D/QualcommCameraHardware(  325): num_buffers = 4
V/QualcommCameraHardware(  325): register_buf:  reg = 0 buffer = 0x42542000
V/QualcommCameraHardware(  325): register_buf:  reg = 0 buffer = 0x425b3000
V/QualcommCameraHardware(  325): register_buf:  reg = 0 buffer = 0x42624000
V/QualcommCameraHardware(  325): register_buf:  reg = 0 buffer = 0x42695000
I/QualcommCameraHardware(  325): PmemPool: (preview) X 
V/QualcommCameraHardware(  325): setDIS E
V/QualcommCameraHardware(  325): mDisEnabled = 0
V/QualcommCameraHardware(  325): setDIS X (1)
V/QualcommCameraHardware(  325): initREcord E
I/QualcommCameraHardware(  325): initRecord: mDimension.video_width = 640 mDimension.video_height = 480
V/QualcommCameraHardware(  325): mRecordFrameSize = 460800
I/QualcommCameraHardware(  325): constructing MemPool record backed by pmem pool /dev/pmem_smipool: 9 frames @ 460800 bytes, buffer size 460800
V/QualcommCameraHardware(  325): pmem pool /dev/pmem_smipool ioctl(fd = 68, PMEM_GET_SIZE) is 4165632
D/QualcommCameraHardware(  325): mBufferSize=460800, mAlignedBufferSize=462848
D/QualcommCameraHardware(  325): num_buffers = 9
V/QualcommCameraHardware(  325):  pmempool creating video buffers : active 1 
V/QualcommCameraHardware(  325): register_buf:  reg = 0 buffer = 0x42706000
V/QualcommCameraHardware(  325):  pmempool creating video buffers : active 1 
V/QualcommCameraHardware(  325): register_buf:  reg = 0 buffer = 0x42777000
V/QualcommCameraHardware(  325):  pmempool creating video buffers : active 1 
V/QualcommCameraHardware(  325): register_buf:  reg = 0 buffer = 0x427e8000
V/QualcommCameraHardware(  325):  pmempool creating video buffers : active 0 
V/QualcommCameraHardware(  325): register_buf:  reg = 0 buffer = 0x42859000
V/QualcommCameraHardware(  325):  pmempool creating video buffers : active 0 
V/QualcommCameraHardware(  325): register_buf:  reg = 0 buffer = 0x428ca000
V/QualcommCameraHardware(  325):  pmempool creating video buffers : active 0 
V/QualcommCameraHardware(  325): register_buf:  reg = 0 buffer = 0x4293b000
V/QualcommCameraHardware(  325):  pmempool creating video buffers : active 0 
V/QualcommCameraHardware(  325): register_buf:  reg = 0 buffer = 0x429ac000
V/QualcommCameraHardware(  325):  pmempool creating video buffers : active 0 
V/QualcommCameraHardware(  325): register_buf:  reg = 0 buffer = 0x42a1d000
V/QualcommCameraHardware(  325):  pmempool creating video buffers : active 1 
V/QualcommCameraHardware(  325): register_buf:  reg = 0 buffer = 0x42a8e000
I/QualcommCameraHardware(  325): PmemPool: (record) X 
V/QualcommCameraHardware(  325): initRecord :  record heap , video buffers  buffer=1114660864 fd=68 y_off=0 cbcr_off=307200 
V/QualcommCameraHardware(  325): initRecord :  record heap , video buffers  buffer=1115123712 fd=68 y_off=0 cbcr_off=307200 
V/QualcommCameraHardware(  325): initRecord :  record heap , video buffers  buffer=1115586560 fd=68 y_off=0 cbcr_off=307200 
V/QualcommCameraHardware(  325): initRecord :  record heap , video buffers  buffer=1116049408 fd=68 y_off=0 cbcr_off=307200 
V/QualcommCameraHardware(  325): initRecord :  record heap , video buffers  buffer=1116512256 fd=68 y_off=0 cbcr_off=307200 
V/QualcommCameraHardware(  325): initRecord :  record heap , video buffers  buffer=1116975104 fd=68 y_off=0 cbcr_off=307200 
V/QualcommCameraHardware(  325): initRecord :  record heap , video buffers  buffer=1117437952 fd=68 y_off=0 cbcr_off=307200 
V/QualcommCameraHardware(  325): initRecord :  record heap , video buffers  buffer=1117900800 fd=68 y_off=0 cbcr_off=307200 
V/QualcommCameraHardware(  325): initRecord :  record heap , video buffers  buffer=1118363648 fd=68 y_off=0 cbcr_off=307200 
V/QualcommCameraHardware(  325): cam_frame_flush_video: in n = 0
V/QualcommCameraHardware(  325): cam_frame_flush_video: out n = 0
V/QualcommCameraHardware(  325): initREcord X
V/QualcommCameraHardware(  325): initPreview X: 1
E/QualcommCameraHardware(  325): Calling CAMERA_OPS_STREAMING_VIDEO
E/mm-camera(  325): postproc_set_key: Sending IOCTL_PICT_PP: PP_KEY = 0 4
E/mm-camera(  325): vfe_reset_vfe: vfe_util_sendcmd:3(rc = 1) 
E/CAM_FD  (  325): Sensor Mode HFR off
E/mm-camera(  325): vfe_util_get_sensor_info: mode=3
I/QualcommCameraHardware(  325): preview_thread E
D/QualcommCameraHardware(  325): frame_thread E
V/QualcommCameraHardware(  325): runFrameThread E
E/mm-camera(  325): cam_set_vtmode : Enter with vtmode - (0)
E/mm-camera(  325): cam_set_vtCameraID : Enter with vtCameraID - (0)
E/mm-camera(  325): cam_set_vtOrientation : Enter with Orientation - (0)
E/mm-camera(  325): cam_set_vtDimension : Enter : width-(0), height-(0)
V/QualcommCameraHardware(  325): startPreviewInternal X
E/QualcommCameraHardware(  325): ignoring preview callback--1
I/ViewRoot(12580): !@FINISH DRAWING : edu.mit.csail.diplomamatrix/edu.mit.csail.diplomamatrix.StatusActivity
I/ViewRoot(12580): !@finishDrawing is completed : edu.mit.csail.diplomamatrix/edu.mit.csail.diplomamatrix.StatusActivity
I/ActivityManager(  460): Displayed edu.mit.csail.diplomamatrix/.StatusActivity: +1s149ms
D/InputTransport(  460): Input channel destroyed: name='40b9cfa0 Starting edu.mit.csail.diplomamatrix (server)', ashmemFd=318, receivePipeFd=322, sendPipeFd=321
D/InputTransport(  460): Input channel destroyed: name='40b9cfa0 Starting edu.mit.csail.diplomamatrix (client)', ashmemFd=319, receivePipeFd=320, sendPipeFd=323
D/CLIPBOARD(  639): Hide Clipboard dialog at Starting input: finished by someone else... !
D/msm8660.gralloc(  460): !@/dev/pmem: allocating pmem size=2457600, offset=2048000(0x1f4000)
E/QualcommCameraHardware(  325): ignoring preview callback--0
I/ViewRoot(12580): !@FINISH