E/power   (  460): acquire_wake_lock g_error=2 
E/power   (  460): release_wake_lock g_error=2 
E/power   (  460): acquire_wake_lock g_error=2 
E/power   (  460): release_wake_lock g_error=2 
E/power   (  460): acquire_wake_lock g_error=2 
E/power   (  460): acquire_wake_lock g_error=2 
E/power   (  460): release_wake_lock g_error=2 
E/power   (  460): release_wake_lock g_error=2 
E/power   (  460): acquire_wake_lock g_error=2 
E/power   (  460): release_wake_lock g_error=2 
E/power   (  460): acquire_wake_lock g_error=2 
E/power   (  460): acquire_wake_lock g_error=2 
E/power   (  460): release_wake_lock g_error=2 
E/power   (  460): acquire_wake_lock g_error=2 
E/power   (  460): release_wake_lock g_error=2 
E/power   (  460): release_wake_lock g_error=2 
E/power   (  460): acquire_wake_lock g_error=2 
E/power   (  460): release_wake_lock g_error=2 
E/power   (  460): acquire_wake_lock g_error=2 
E/power   (  460): release_wake_lock g_error=2 
E/power   (  460): acquire_wake_lock g_error=2 
E/power   (  460): acquire_wake_lock g_error=2 
E/power   (  460): release_wake_lock g_error=2 
E/power   (  460): release_wake_lock g_error=2 
E/power   (  460): acquire_wake_lock g_error=2 
E/power   (  460): release_wake_lock g_error=2 
E/DataRouter(  332): DrReadUsbStatus returns false USB is offline 
E/DataRouter(  332): DrReadUsbStatus returns false USB is offline 
E/power   (  460): acquire_wake_lock g_error=2 
E/power   (  460): acquire_wake_lock g_error=2 
E/power   (  460): release_wake_lock g_error=2 
E/power   (  460): release_wake_lock g_error=2 
E/power   (  460): acquire_wake_lock g_error=2 
E/power   (  460): acquire_wake_lock g_error=2 
E/power   (  460): release_wake_lock g_error=2 
E/power   (  460): release_wake_lock g_error=2 
E/power   (  460): acquire_wake_lock g_error=2 
E/power   (  460): release_wake_lock g_error=2 
E/power   (  460): acquire_wake_lock g_error=2 
E/power   (  460): release_wake_lock g_error=2 
E/power   (  460): acquire_wake_lock g_error=2 
E/power   (  460): release_wake_lock g_error=2 
E/power   (  460): acquire_wake_lock g_error=2 
E/power   (  460): acquire_wake_lock g_error=2 
E/power   (  460): release_wake_lock g_error=2 
E/power   (  460): release_wake_lock g_error=2 
E/power   (  460): acquire_wake_lock g_error=2 
E/power   (  460): release_wake_lock g_error=2 
E/power   (  460): acquire_wake_lock g_error=2 
E/power   (  460): release_wake_lock g_error=2 
E/power   (  460): acquire_wake_lock g_error=2 
E/power   (  460): release_wake_lock g_error=2 
E/power   (  460): acquire_wake_lock g_error=2 
E/power   (  460): acquire_wake_lock g_error=2 
E/power   (  460): release_wake_lock g_error=2 
E/power   (  460): release_wake_lock g_error=2 
E/power   (  460): acquire_wake_lock g_error=2 
E/power   (  460): release_wake_lock g_error=2 
E/power   (  460): acquire_wake_lock g_error=2 
E/power   (  460): release_wake_lock g_error=2 
E/power   (  460): acquire_wake_lock g_error=2 
E/power   (  460): release_wake_lock g_error=2 
E/power   (  460): acquire_wake_lock g_error=2 
E/power   (  460): acquire_wake_lock g_error=2 
E/power   (  460): release_wake_lock g_error=2 
E/power   (  460): acquire_wake_lock g_error=2 
E/power   (  460): release_wake_lock g_error=2 
E/power   (  460): release_wake_lock g_error=2 
E/power   (  460): acquire_wake_lock g_error=2 
E/power   (  460): release_wake_lock g_error=2 
E/power   (  460): acquire_wake_lock g_error=2 
E/power   (  460): release_wake_lock g_error=2 
E/power   (  460): acquire_wake_lock g_error=2 
E/power   (  460): release_wake_lock g_error=2 
E/power   (  460): acquire_wake_lock g_error=2 
E/power   (  460): release_wake_lock g_error=2 
E/power   (  460): acquire_wake_lock g_error=2 
E/power   (  460): release_wake_lock g_error=2 
E/power   (  460): acquire_wake_lock g_error=2 
E/power   (  460): release_wake_lock g_error=2 
E/power   (  460): acquire_wake_lock g_error=2 
E/power   (  460): release_wake_lock g_error=2 
E/power   (  460): acquire_wake_lock g_error=2 
E/power   (  460): release_wake_lock g_error=2 
E/power   (  460): acquire_wake_lock g_error=2 
E/power   (  460): release_wake_lock g_error=2 
E/power   (  460): acquire_wake_lock g_error=2 
E/power   (  460): release_wake_lock g_error=2 
E/power   (  460): acquire_wake_lock g_error=2 
E/power   (  460): release_wake_lock g_error=2 
E/power   (  460): acquire_wake_lock g_error=2 
E/power   (  460): release_wake_lock g_error=2 
E/power   (  460): acquire_wake_lock g_error=2 
E/power   (  460): release_wake_lock g_error=2 
D/dalvikvm(10160): GC_CONCURRENT freed 386K, 39% free 4448K/7175K, external 0K/0K, paused 5ms+4ms
E/DataRouter(  332): DrReadUsbStatus returns false USB is offline 
E/DataRouter(  332): DrReadUsbStatus returns false USB is offline 
E/power   (  460): acquire_wake_lock g_error=2 
E/power   (  460): release_wake_lock g_error=2 
E/power   (  460): acquire_wake_lock g_error=2 
E/power   (  460): release_wake_lock g_error=2 
E/power   (  460): acquire_wake_lock g_error=2 
E/power   (  460): release_wake_lock g_error=2 
E/power   (  460): acquire_wake_lock g_error=2 
E/power   (  460): release_wake_lock g_error=2 
E/power   (  460): acquire_wake_lock g_error=2 
E/power   (  460): acquire_wake_lock g_error=2 
E/power   (  460): release_wake_lock g_error=2 
E/power   (  460): release_wake_lock g_error=2 
E/power   (  460): acquire_wake_lock g_error=2 
E/power   (  460): release_wake_lock g_error=2 
E/power   (  460): acquire_wake_lock g_error=2 
E/power   (  460): release_wake_lock g_error=2 
E/power   (  460): acquire_wake_lock g_error=2 
E/power   (  460): release_wake_lock g_error=2 
E/power   (  460): acquire_wake_lock g_error=2 
E/power   (  460): release_wake_lock g_error=2 
E/power   (  460): acquire_wake_lock g_error=2 
E/power   (  460): release_wake_lock g_error=2 
E/power   (  460): acquire_wake_lock g_error=2 
E/power   (  460): release_wake_lock g_error=2 
E/power   (  460): acquire_wake_lock g_error=2 
E/power   (  460): release_wake_lock g_error=2 
E/power   (  460): acquire_wake_lock g_error=2 
E/power   (  460): release_wake_lock g_error=2 
E/power   (  460): acquire_wake_lock g_error=2 
E/power   (  460): acquire_wake_lock g_error=2 
E/power   (  460): release_wake_lock g_error=2 
E/power   (  460): release_wake_lock g_error=2 
E/power   (  460): acquire_wake_lock g_error=2 
E/power   (  460): acquire_wake_lock g_error=2 
E/power   (  460): release_wake_lock g_error=2 
E/power   (  460): release_wake_lock g_error=2 
E/power   (  460): acquire_wake_lock g_error=2 
E/power   (  460): release_wake_lock g_error=2 
E/power   (  460): acquire_wake_lock g_error=2 
E/power   (  460): acquire_wake_lock g_error=2 
E/power   (  460): release_wake_lock g_error=2 
E/power   (  460): release_wake_lock g_error=2 
E/power   (  460): acquire_wake_lock g_error=2 
E/power   (  460): release_wake_lock g_error=2 
E/DataRouter(  332): DrReadUsbStatus returns false USB is offline 
E/DataRouter(  332): DrReadUsbStatus returns false USB is offline 
E/power   (  460): acquire_wake_lock g_error=2 
E/power   (  460): acquire_wake_lock g_error=2 
E/power   (  460): release_wake_lock g_error=2 
E/power   (  460): release_wake_lock g_error=2 
E/power   (  460): acquire_wake_lock g_error=2 
E/power   (  460): acquire_wake_lock g_error=2 
E/power   (  460): release_wake_lock g_error=2 
E/power   (  460): release_wake_lock g_error=2 
E/power   (  460): acquire_wake_lock g_error=2 
E/power   (  460): release_wake_lock g_error=2 
E/power   (  460): acquire_wake_lock g_error=2 
E/power   (  460): release_wake_lock g_error=2 
E/power   (  460): acquire_wake_lock g_error=2 
E/power   (  460): release_wake_lock g_error=2 
E/power   (  460): acquire_wake_lock g_error=2 
E/power   (  460): acquire_wake_lock g_error=2 
E/power   (  460): release_wake_lock g_error=2 
E/power   (  460): release_wake_lock g_error=2 
E/power   (  460): acquire_wake_lock g_error=2 
E/power   (  460): release_wake_lock g_error=2 
E/power   (  460): acquire_wake_lock g_error=2 
E/power   (  460): release_wake_lock g_error=2 
E/power   (  460): acquire_wake_lock g_error=2 
E/power   (  460): acquire_wake_lock g_error=2 
E/power   (  460): release_wake_lock g_error=2 
E/power   (  460): acquire_wake_lock g_error=2 
E/power   (  460): release_wake_lock g_error=2 
E/power   (  460): release_wake_lock g_error=2 
E/power   (  460): acquire_wake_lock g_error=2 
E/power   (  460): release_wake_lock g_error=2 
E/power   (  460): acquire_wake_lock g_error=2 
E/power   (  460): release_wake_lock g_error=2 
E/power   (  460): acquire_wake_lock g_error=2 
E/power   (  460): release_wake_lock g_error=2 
E/power   (  460): acquire_wake_lock g_error=2 
E/power   (  460): acquire_wake_lock g_error=2 
E/power   (  460): release_wake_lock g_error=2 
E/power   (  460): acquire_wake_lock g_error=2 
E/power   (  460): release_wake_lock g_error=2 
E/power   (  460): release_wake_lock g_error=2 
E/power   (  460): acquire_wake_lock g_error=2 
E/power   (  460): release_wake_lock g_error=2 
E/power   (  460): acquire_wake_lock g_error=2 
E/power   (  460): release_wake_lock g_error=2 
E/power   (  460): acquire_wake_lock g_error=2 
E/power   (  460): acquire_wake_lock g_error=2 
E/power   (  460): release_wake_lock g_error=2 
E/power   (  460): release_wake_lock g_error=2 
E/power   (  460): acquire_wake_lock g_error=2 
E/power   (  460): release_wake_lock g_error=2 
E/power   (  460): acquire_wake_lock g_error=2 
E/power   (  460): release_wake_lock g_error=2 
E/power   (  460): acquire_wake_lock g_error=2 
E/power   (  460): release_wake_lock g_error=2 
E/power   (  460): acquire_wake_lock g_error=2 
E/power   (  460): acquire_wake_lock g_error=2 
E/power   (  460): release_wake_lock g_error=2 
E/power   (  460): release_wake_lock g_error=2 
E/power   (  460): acquire_wake_lock g_error=2 
E/power   (  460): release_wake_lock g_error=2 
E/power   (  460): acquire_wake_lock g_error=2 
E/power   (  460): release_wake_lock g_error=2 
E/power   (  460): acquire_wake_lock g_error=2 
E/power   (  460): release_wake_lock g_error=2 
E/power   (  460): acquire_wake_lock g_error=2 
E/power   (  460): release_wake_lock g_error=2 
E/DataRouter(  332): DrReadUsbStatus returns false USB is offline 
E/DataRouter(  332): DrReadUsbStatus returns false USB is offline 
E/power   (  460): acquire_wake_lock g_error=2 
E/power   (  460): acquire_wake_lock g_error=2 
E/power   (  460): release_wake_lock g_error=2 
E/power   (  460): release_wake_lock g_error=2 
E/power   (  460): acquire_wake_lock g_error=2 
E/power   (  460): release_wake_lock g_error=2 
E/power   (  460): acquire_wake_lock g_error=2 
E/power   (  460): release_wake_lock g_error=2 
E/power   (  460): acquire_wake_lock g_error=2 
E/power   (  460): acquire_wake_lock g_error=2 
E/power   (  460): release_wake_lock g_error=2 
E/power   (  460): release_wake_lock g_error=2 
E/power   (  460): acquire_wake_lock g_error=2 
E/power   (  460): release_wake_lock g_error=2 
E/power   (  460): acquire_wake_lock g_error=2 
E/power   (  460): release_wake_lock g_error=2 
E/power   (  460): acquire_wake_lock g_error=2 
E/power   (  460): release_wake_lock g_error=2 
E/power   (  460): acquire_wake_lock g_error=2 
E/power   (  460): release_wake_lock g_error=2 
E/power   (  460): acquire_wake_lock g_error=2 
E/power   (  460): release_wake_lock g_error=2 
E/power   (  460): acquire_wake_lock g_error=2 
E/power   (  460): acquire_wake_lock g_error=2 
E/power   (  460): release_wake_lock g_error=2 
E/power   (  460): release_wake_lock g_error=2 
E/power   (  460): acquire_wake_lock g_error=2 
E/power   (  460): release_wake_lock g_error=2 
E/power   (  460): acquire_wake_lock g_error=2 
E/power   (  460): acquire_wake_lock g_error=2 
E/power   (  460): release_wake_lock g_error=2 
E/power   (  460): release_wake_lock g_error=2 
E/power   (  460): acquire_wake_lock g_error=2 
E/power   (  460): release_wake_lock g_error=2 
E/power   (  460): acquire_wake_lock g_error=2 
E/power   (  460): release_wake_lock g_error=2 
E/power   (  460): acquire_wake_lock g_error=2 
E/power   (  460): release_wake_lock g_error=2 
E/power   (  460): acquire_wake_lock g_error=2 
E/power   (  460): acquire_wake_lock g_error=2 
E/power   (  460): release_wake_lock g_error=2 
E/power   (  460): release_wake_lock g_error=2 
E/power   (  460): acquire_wake_lock g_error=2 
E/power   (  460): release_wake_lock g_error=2 
E/DataRouter(  332): DrReadUsbStatus returns false USB is offline 
E/DataRouter(  332): DrReadUsbStatus returns false USB is offline 
E/power   (  460): acquire_wake_lock g_error=2 
E/power   (  460): acquire_wake_lock g_error=2 
E/power   (  460): release_wake_lock g_error=2 
E/power   (  460): release_wake_lock g_error=2 
E/power   (  460): acquire_wake_lock g_error=2 
E/power   (  460): acquire_wake_lock g_error=2 
E/power   (  460): release_wake_lock g_error=2 
E/power   (  460): release_wake_lock g_error=2 
E/power   (  460): acquire_wake_lock g_error=2 
E/power   (  460): release_wake_lock g_error=2 
E/power   (  460): acquire_wake_lock g_error=2 
E/power   (  460): release_wake_lock g_error=2 
E/power   (  460): acquire_wake_lock g_error=2 
E/power   (  460): release_wake_lock g_error=2 
E/power   (  460): acquire_wake_lock g_error=2 
E/power   (  460): acquire_wake_lock g_error=2 
E/power   (  460): release_wake_lock g_error=2 
E/power   (  460): release_wake_lock g_error=2 
E/power   (  460): acquire_wake_lock g_error=2 
E/power   (  460): release_wake_lock g_error=2 
E/power   (  460): acquire_wake_lock g_error=2 
E/power   (  460): release_wake_lock g_error=2 
E/power   (  460): acquire_wake_lock g_error=2 
E/power   (  460): acquire_wake_lock g_error=2 
E/power   (  460): release_wake_lock g_error=2 
E/power   (  460): acquire_wake_lock g_error=2 
E/power   (  460): release_wake_lock g_error=2 
E/power   (  460): release_wake_lock g_error=2 
E/power   (  460): acquire_wake_lock g_error=2 
E/power   (  460): release_wake_lock g_error=2 
E/power   (  460): acquire_wake_lock g_error=2 
E/power   (  460): release_wake_lock g_error=2 
E/power   (  460): acquire_wake_lock g_error=2 
E/power   (  460): release_wake_lock g_error=2 
E/power   (  460): acquire_wake_lock g_error=2 
E/power   (  460): acquire_wake_lock g_error=2 
E/power   (  460): release_wake_lock g_error=2 
E/power   (  460): release_wake_lock g_error=2 
E/power   (  460): acquire_wake_lock g_error=2 
E/power   (  460): release_wake_lock g_error=2 
E/power   (  460): acquire_wake_lock g_error=2 
E/power   (  460): release_wake_lock g_error=2 
E/power   (  460): acquire_wake_lock g_error=2 
E/power   (  460): release_wake_lock g_error=2 
E/power   (  460): acquire_wake_lock g_error=2 
E/power   (  460): acquire_wake_lock g_error=2 
E/power   (  460): release_wake_lock g_error=2 
E/power   (  460): release_wake_lock g_error=2 
E/power   (  460): acquire_wake_lock g_error=2 
E/power   (  460): release_wake_lock g_error=2 
E/power   (  460): acquire_wake_lock g_error=2 
E/power   (  460): release_wake_lock g_error=2 
E/power   (  460): acquire_wake_lock g_error=2 
E/power   (  460): release_wake_lock g_error=2 
E/power   (  460): acquire_wake_lock g_error=2 
E/power   (  460): acquire_wake_lock g_error=2 
E/power   (  460): release_wake_lock g_error=2 
E/power   (  460): release_wake_lock g_error=2 
E/power   (  460): acquire_wake_lock g_error=2 
E/power   (  460): release_wake_lock g_error=2 
E/power   (  460): acquire_wake_lock g_error=2 
E/power   (  460): release_wake_lock g_error=2 
E/power   (  460): acquire_wake_lock g_error=2 
E/power   (  460): release_wake_lock g_error=2 
E/power   (  460): acquire_wake_lock g_error=2 
E/power   (  460): release_wake_lock g_error=2 
E/DataRouter(  332): DrReadUsbStatus returns false USB is offline 
E/DataRouter(  332): DrReadUsbStatus returns false USB is offline 
E/power   (  460): acquire_wake_lock g_error=2 
E/power   (  460): release_wake_lock g_error=2 
E/power   (  460): acquire_wake_lock g_error=2 
E/power   (  460): release_wake_lock g_error=2 
E/power   (  460): acquire_wake_lock g_error=2 
E/power   (  460): release_wake_lock g_error=2 
E/power   (  460): acquire_wake_lock g_error=2 
E/power   (  460): release_wake_lock g_error=2 
E/power   (  460): acquire_wake_lock g_error=2 
E/power   (  460): acquire_wake_lock g_error=2 
E/power   (  460): release_wake_lock g_error=2 
E/power   (  460): release_wake_lock g_error=2 
E/power   (  460): acquire_wake_lock g_error=2 
E/power   (  460): release_wake_lock g_error=2 
E/power   (  460): acquire_wake_lock g_error=2 
E/power   (  460): release_wake_lock g_error=2 
E/power   (  460): acquire_wake_lock g_error=2 
E/power   (  460): release_wake_lock g_error=2 
E/power   (  460): acquire_wake_lock g_error=2 
E/power   (  460): release_wake_lock g_error=2 
E/power   (  460): acquire_wake_lock g_error=2 
E/power   (  460): release_wake_lock g_error=2 
E/power   (  460): acquire_wake_lock g_error=2 
E/power   (  460): acquire_wake_lock g_error=2 
E/power   (  460): release_wake_lock g_error=2 
E/power   (  460): release_wake_lock g_error=2 
E/power   (  460): acquire_wake_lock g_error=2 
E/power   (  460): acquire_wake_lock g_error=2 
E/power   (  460): release_wake_lock g_error=2 
E/power   (  460): acquire_wake_lock g_error=2 
E/power   (  460): release_wake_lock g_error=2 
E/power   (  460): release_wake_lock g_error=2 
E/power   (  460): acquire_wake_lock g_error=2 
E/power   (  460): release_wake_lock g_error=2 
E/power   (  460): acquire_wake_lock g_error=2 
E/power   (  460): release_wake_lock g_error=2 
E/power   (  460): acquire_wake_lock g_error=2 
E/power   (  460): release_wake_lock g_error=2 
E/power   (  460): acquire_wake_lock g_error=2 
E/power   (  460): acquire_wake_lock g_error=2 
E/power   (  460): release_wake_lock g_error=2 
E/power   (  460): release_wake_lock g_error=2 
E/power   (  460): acquire_wake_lock g_error=2 
E/power   (  460): release_wake_lock g_error=2 
E/DataRouter(  332): DrReadUsbStatus returns false USB is offline 
E/DataRouter(  332): DrReadUsbStatus returns false USB is offline 
E/power   (  460): acquire_wake_lock g_error=2 
E/power   (  460): release_wake_lock g_error=2 
E/power   (  460): acquire_wake_lock g_error=2 
E/power   (  460): release_wake_lock g_error=2 
E/power   (  460): acquire_wake_lock g_error=2 
E/power   (  460): acquire_wake_lock g_error=2 
E/power   (  460): release_wake_lock g_error=2 
E/power   (  460): release_wake_lock g_error=2 
E/power   (  460): acquire_wake_lock g_error=2 
E/power   (  460): release_wake_lock g_error=2 
E/power   (  460): acquire_wake_lock g_error=2 
E/power   (  460): acquire_wake_lock g_error=2 
E/power   (  460): release_wake_lock g_error=2 
E/power   (  460): release_wake_lock g_error=2 
E/power   (  460): acquire_wake_lock g_error=2 
E/power   (  460): acquire_wake_lock g_error=2 
E/power   (  460): release_wake_lock g_error=2 
E/power   (  460): release_wake_lock g_error=2 
E/power   (  460): acquire_wake_lock g_error=2 
E/power   (  460): release_wake_lock g_error=2 
E/power   (  460): acquire_wake_lock g_error=2 
E/power   (  460): release_wake_lock g_error=2 
E/power   (  460): acquire_wake_lock g_error=2 
E/power   (  460): release_wake_lock g_error=2 
E/power   (  460): acquire_wake_lock g_error=2 
E/power   (  460): acquire_wake_lock g_error=2 
E/power   (  460): release_wake_lock g_error=2 
E/power   (  460): release_wake_lock g_error=2 
E/power   (  460): acquire_wake_lock g_error=2 
E/power   (  460): release_wake_lock g_error=2 
E/power   (  460): acquire_wake_lock g_error=2 
E/power   (  460): release_wake_lock g_error=2 
E/power   (  460): acquire_wake_lock g_error=2 
E/power   (  460): release_wake_lock g_error=2 
E/power   (  460): acquire_wake_lock g_error=2 
E/power   (  460): acquire_wake_lock g_error=2 
E/power   (  460): release_wake_lock g_error=2 
E/power   (  460): release_wake_lock g_error=2 
E/power   (  460): acquire_wake_lock g_error=2 
E/power   (  460): release_wake_lock g_error=2 
E/power   (  460): acquire_wake_lock g_error=2 
E/power   (  460): release_wake_lock g_error=2 
I/VCoreDaemon( 5654): 1333127676340: inside sendPacket(Packet p)
I/NetworkThread( 5654): 1333127676343: Sending UDP payload: 406
E/power   (  460): acquire_wake_lock g_error=2 
E/power   (  460): release_wake_lock g_error=2 
E/power   (  460): acquire_wake_lock g_error=2 
E/power   (  460): acquire_wake_lock g_error=2 
E/power   (  460): release_wake_lock g_error=2 
E/power   (  460): release_wake_lock g_error=2 
E/power   (  460): acquire_wake_lock g_error=2 
E/power   (  460): release_wake_lock g_error=2 
E/power   (  460): acquire_wake_lock g_error=2 
E/power   (  460): release_wake_lock g_error=2 
E/power   (  460): acquire_wake_lock g_error=2 
E/power   (  460): release_wake_lock g_error=2 
E/power   (  460): acquire_wake_lock g_error=2 
E/power   (  460): acquire_wake_lock g_error=2 
E/power   (  460): release_wake_lock g_error=2 
E/power   (  460): release_wake_lock g_error=2 
E/power   (  460): acquire_wake_lock g_error=2 
E/power   (  460): release_wake_lock g_error=2 
E/power   (  460): acquire_wake_lock g_error=2 
E/power   (  460): release_wake_lock g_error=2 
E/power   (  460): acquire_wake_lock g_error=2 
E/power   (  460): release_wake_lock g_error=2 
E/power   (  460): acquire_wake_lock g_error=2 
E/power   (  460): release_wake_lock g_error=2 
E/DataRouter(  332): DrReadUsbStatus returns false USB is offline 
E/DataRouter(  332): DrReadUsbStatus returns false USB is offline 
E/power   (  460): acquire_wake_lock g_error=2 
E/power   (  460): acquire_wake_lock g_error=2 
E/power   (  460): release_wake_lock g_error=2 
E/power   (  460): release_wake_lock g_error=2 
E/power   (  460): acquire_wake_lock g_error=2 
E/power   (  460): release_wake_lock g_error=2 
E/power   (  460): acquire_wake_lock g_error=2 
E/power   (  460): release_wake_lock g_error=2 
E/power   (  460): acquire_wake_lock g_error=2 
E/power   (  460): acquire_wake_lock g_error=2 
E/power   (  460): release_wake_lock g_error=2 
E/power   (  460): release_wake_lock g_error=2 
E/power   (  460): acquire_wake_lock g_error=2 
E/power   (  460): release_wake_lock g_error=2 
E/power   (  460): acquire_wake_lock g_error=2 
E/power   (  460): release_wake_lock g_error=2 
E/power   (  460): acquire_wake_lock g_error=2 
E/power   (  460): release_wake_lock g_error=2 
E/power   (  460): acquire_wake_lock g_error=2 
E/power   (  460): release_wake_lock g_error=2 
E/power   (  460): acquire_wake_lock g_error=2 
E/power   (  460): release_wake_lock g_error=2 
E/power   (  460): acquire_wake_lock g_error=2 
E/power   (  460): acquire_wake_lock g_error=2 
E/power   (  460): release_wake_lock g_error=2 
E/power   (  460): release_wake_lock g_error=2 
E/power   (  460): acquire_wake_lock g_error=2 
E/power   (  460): release_wake_lock g_error=2 
E/power   (  460): acquire_wake_lock g_error=2 
E/power   (  460): acquire_wake_lock g_error=2 
E/power   (  460): release_wake_lock g_error=2 
E/power   (  460): release_wake_lock g_error=2 
E/power   (  460): acquire_wake_lock g_error=2 
E/power   (  460): release_wake_lock g_error=2 
E/power   (  460): acquire_wake_lock g_error=2 
E/power   (  460): release_wake_lock g_error=2 
E/power   (  460): acquire_wake_lock g_error=2 
E/power   (  460): release_wake_lock g_error=2 
E/power   (  460): acquire_wake_lock g_error=2 
E/power   (  460): acquire_wake_lock g_error=2 
E/power   (  460): release_wake_lock g_error=2 
E/power   (  460): release_wake_lock g_error=2 
E/power   (  460): acquire_wake_lock g_error=2 
E/power   (  460): release_wake_lock g_error=2 
E/DataRouter(  332): DrReadUsbStatus returns false USB is offline 
E/DataRouter(  332): DrReadUsbStatus returns false USB is offline 
E/power   (  460): acquire_wake_lock g_error=2 
E/power   (  460): acquire_wake_lock g_error=2 
E/power   (  460): release_wake_lock g_error=2 
E/power   (  460): release_wake_lock g_error=2 
E/power   (  460): acquire_wake_lock g_error=2 
E/power   (  460): acquire_wake_lock g_error=2 
E/power   (  460): release_wake_lock g_error=2 
E/power   (  460): release_wake_lock g_error=2 
E/power   (  460): acquire_wake_lock g_error=2 
E/power   (  460): release_wake_lock g_error=2 
E/power   (  460): acquire_wake_lock g_error=2 
E/power   (  460): release_wake_lock g_error=2 
E/power   (  460): acquire_wake_lock g_error=2 
E/power   (  460): release_wake_lock g_error=2 
E/power   (  460): acquire_wake_lock g_error=2 
E/power   (  460): acquire_wake_lock g_error=2 
E/power   (  460): release_wake_lock g_error=2 
E/power   (  460): release_wake_lock g_error=2 
E/power   (  460): acquire_wake_lock g_error=2 
E/power   (  460): release_wake_lock g_error=2 
E/power   (  460): acquire_wake_lock g_error=2 
E/power   (  460): release_wake_lock g_error=2 
E/power   (  460): acquire_wake_lock g_error=2 
E/power   (  460): acquire_wake_lock g_error=2 
E/power   (  460): release_wake_lock g_error=2 
E/power   (  460): acquire_wake_lock g_error=2 
E/power   (  460): release_wake_lock g_error=2 
E/power   (  460): release_wake_lock g_error=2 
E/power   (  460): acquire_wake_lock g_error=2 
E/power   (  460): release_wake_lock g_error=2 
E/power   (  460): acquire_wake_lock g_error=2 
E/power   (  460): release_wake_lock g_error=2 
E/power   (  460): acquire_wake_lock g_error=2 
E/power   (  460): release_wake_lock g_error=2 
E/power   (  460): acquire_wake_lock g_error=2 
E/power   (  460): acquire_wake_lock g_error=2 
E/power   (  460): release_wake_lock g_error=2 
E/power   (  460): release_wake_lock g_error=2 
E/power   (  460): acquire_wake_lock g_error=2 
E/power   (  460): acquire_wake_lock g_error=2 
E/power   (  460): release_wake_lock g_error=2 
E/power   (  460): release_wake_lock g_error=2 
E/power   (  460): acquire_wake_lock g_error=2 
E/power   (  460): release_wake_lock g_error=2 
E/power   (  460): acquire_wake_lock g_error=2 
E/power   (  460): acquire_wake_lock g_error=2 
E/power   (  460): release_wake_lock g_error=2 
E/power   (  460): release_wake_lock g_error=2 
E/power   (  460): acquire_wake_lock g_error=2 
E/power   (  460): release_wake_lock g_error=2 
E/power   (  460): acquire_wake_lock g_error=2 
E/power   (  460): release_wake_lock g_error=2 
E/power   (  460): acquire_wake_lock g_error=2 
E/power   (  460): release_wake_lock g_error=2 
E/power   (  460): acquire_wake_lock g_error=2 
E/power   (  460): acquire_wake_lock g_error=2 
E/power   (  460): release_wake_lock g_error=2 
E/power   (  460): release_wake_lock g_error=2 
E/power   (  460): acquire_wake_lock g_error=2 
E/power   (  460): release_wake_lock g_error=2 
E/power   (  460): acquire_wake_lock g_error=2 
E/power   (  460): release_wake_lock g_error=2 
E/power   (  460): acquire_wake_lock g_error=2 
E/power   (  460): release_wake_lock g_error=2 
E/power   (  460): acquire_wake_lock g_error=2 
E/power   (  460): release_wake_lock g_error=2 
E/DataRouter(  332): DrReadUsbStatus returns false USB is offline 
E/DataRouter(  332): DrReadUsbStatus returns false USB is offline 
E/power   (  460): acquire_wake_lock g_error=2 
E/power   (  460): release_wake_lock g_error=2 
E/power   (  460): acquire_wake_lock g_error=2 
E/power   (  460): acquire_wake_lock g_error=2 
E/power   (  460): release_wake_lock g_error=2 
E/power   (  460): release_wake_lock g_error=2 
E/power   (  460): acquire_wake_lock g_error=2 
E/power   (  460): release_wake_lock g_error=2 
E/power   (  460): acquire_wake_lock g_error=2 
E/power   (  460): acquire_wake_lock g_error=2 
E/power   (  460): release_wake_lock g_error=2 
E/power   (  460): release_wake_lock g_error=2 
E/power   (  460): acquire_wake_lock g_error=2 
E/power   (  460): acquire_wake_lock g_error=2 
E/power   (  460): release_wake_lock g_error=2 
E/power   (  460): release_wake_lock g_error=2 
E/power   (  460): acquire_wake_lock g_error=2 
E/power   (  460): release_wake_lock g_error=2 
E/power   (  460): acquire_wake_lock g_error=2 
E/power   (  460): release_wake_lock g_error=2 
E/power   (  460): acquire_wake_lock g_error=2 
E/power   (  460): release_wake_lock g_error=2 
E/power   (  460): acquire_wake_lock g_error=2 
E/power   (  460): acquire_wake_lock g_error=2 
E/power   (  460): release_wake_lock g_error=2 
E/power   (  460): release_wake_lock g_error=2 
E/power   (  460): acquire_wake_lock g_error=2 
E/power   (  460): release_wake_lock g_error=2 
E/power   (  460): acquire_wake_lock g_error=2 
E/power   (  460): acquire_wake_lock g_error=2 
E/power   (  460): release_wake_lock g_error=2 
E/power   (  460): release_wake_lock g_error=2 
E/power   (  460): acquire_wake_lock g_error=2 
E/power   (  460): release_wake_lock g_error=2 
E/power   (  460): acquire_wake_lock g_error=2 
E/power   (  460): release_wake_lock g_error=2 
E/power   (  460): acquire_wake_lock g_error=2 
E/power   (  460): release_wake_lock g_error=2 
E/power   (  460): acquire_wake_lock g_error=2 
E/power   (  460): acquire_wake_lock g_error=2 
E/power   (  460): release_wake_lock g_error=2 
E/power   (  460): release_wake_lock g_error=2 
E/power   (  460): acquire_wake_lock g_error=2 
E/power   (  460): release_wake_lock g_error=2 
E/DataRouter(  332): DrReadUsbStatus returns false USB is offline 
E/DataRouter(  332): DrReadUsbStatus returns false USB is offline 
E/power   (  460): acquire_wake_lock g_error=2 
E/power   (  460): release_wake_lock g_error=2 
E/power   (  460): acquire_wake_lock g_error=2 
E/power   (  460): release_wake_lock g_error=2 
E/power   (  460): acquire_wake_lock g_error=2 
E/power   (  460): acquire_wake_lock g_error=2 
E/power   (  460): release_wake_lock g_error=2 
E/power   (  460): release_wake_lock g_error=2 
E/power   (  460): acquire_wake_lock g_error=2 
E/power   (  460): release_wake_lock g_error=2 
E/power   (  460): acquire_wake_lock g_error=2 
E/power   (  460): release_wake_lock g_error=2 
E/power   (  460): acquire_wake_lock g_error=2 
E/power   (  460): release_wake_lock g_error=2 
E/power   (  460): acquire_wake_lock g_error=2 
E/power   (  460): acquire_wake_lock g_error=2 
E/power   (  460): release_wake_lock g_error=2 
E/power   (  460): release_wake_lock g_error=2 
E/power   (  460): acquire_wake_lock g_error=2 
E/power   (  460): release_wake_lock g_error=2 
E/power   (  460): acquire_wake_lock g_error=2 
E/power   (  460): release_wake_lock g_error=2 
E/power   (  460): acquire_wake_lock g_error=2 
E/power   (  460): release_wake_lock g_error=2 
E/power   (  460): acquire_wake_lock g_error=2 
E/power   (  460): acquire_wake_lock g_error=2 
E/power   (  460): release_wake_lock g_error=2 
E/power   (  460): release_wake_lock g_error=2 
E/power   (  460): acquire_wake_lock g_error=2 
E/power   (  460): release_wake_lock g_error=2 
E/power   (  460): acquire_wake_lock g_error=2 
E/power   (  460): release_wake_lock g_error=2 
E/power   (  460): acquire_wake_lock g_error=2 
E/power   (  460): release_wake_lock g_error=2 
E/power   (  460): acquire_wake_lock g_error=2 
E/power   (  460): acquire_wake_lock g_error=2 
E/power   (  460): release_wake_lock g_error=2 
E/power   (  460): release_wake_lock g_error=2 
E/power   (  460): acquire_wake_lock g_error=2 
E/power   (  460): release_wake_lock g_error=2 
E/power   (  460): acquire_wake_lock g_error=2 
E/power   (  460): release_wake_lock g_error=2 
E/power   (  460): acquire_wake_lock g_error=2 
E/power   (  460): release_wake_lock g_error=2 
E/power   (  460): acquire_wake_lock g_error=2 
E/power   (  460): acquire_wake_lock g_error=2 
E/power   (  460): release_wake_lock g_error=2 
E/power   (  460): release_wake_lock g_error=2 
E/power   (  460): acquire_wake_lock g_error=2 
E/power   (  460): release_wake_lock g_error=2 
E/power   (  460): acquire_wake_lock g_error=2 
E/power   (  460): release_wake_lock g_error=2 
E/power   (  460): acquire_wake_lock g_error=2 
E/power   (  460): release_wake_lock g_error=2 
E/power   (  460): acquire_wake_lock g_error=2 
E/power   (  460): acquire_wake_lock g_error=2 
E/power   (  460): release_wake_lock g_error=2 
E/power   (  460): release_wake_lock g_error=2 
E/power   (  460): acquire_wake_lock g_error=2 
E/power   (  460): release_wake_lock g_error=2 
E/power   (  460): acquire_wake_lock g_error=2 
E/power   (  460): release_wake_lock g_error=2 
E/power   (  460): acquire_wake_lock g_error=2 
E/power   (  460): release_wake_lock g_error=2 
E/power   (  460): acquire_wake_lock g_error=2 
E/power   (  460): release_wake_lock g_error=2 
E/DataRouter(  332): DrReadUsbStatus returns false USB is offline 
E/DataRouter(  332): DrReadUsbStatus returns false USB is offline 
E/power   (  460): acquire_wake_lock g_error=2 
E/power   (  460): release_wake_lock g_error=2 
E/power   (  460): acquire_wake_lock g_error=2 
E/power   (  460): release_wake_lock g_error=2 
E/power   (  460): acquire_wake_lock g_error=2 
E/power   (  460): release_wake_lock g_error=2 
E/power   (  460): acquire_wake_lock g_error=2 
E/power   (  460): release_wake_lock g_error=2 
E/power   (  460): acquire_wake_lock g_error=2 
E/power   (  460): release_wake_lock g_error=2 
E/power   (  460): acquire_wake_lock g_error=2 
E/power   (  460): release_wake_lock g_error=2 
E/power   (  460): acquire_wake_lock g_error=2 
E/power   (  460): release_wake_lock g_error=2 
E/power   (  460): acquire_wake_lock g_error=2 
E/power   (  460): release_wake_lock g_error=2 
E/power   (  460): acquire_wake_lock g_error=2 
E/power   (  460): release_wake_lock g_error=2 
E/power   (  460): acquire_wake_lock g_error=2 
E/power   (  460): release_wake_lock g_error=2 
E/power   (  460): acquire_wake_lock g_error=2 
E/power   (  460): release_wake_lock g_error=2 
E/power   (  460): acquire_wake_lock g_error=2 
E/power   (  460): release_wake_lock g_error=2 
E/power   (  460): acquire_wake_lock g_error=2 
E/power   (  460): release_wake_lock g_error=2 
E/power   (  460): acquire_wake_lock g_error=2 
E/power   (  460): release_wake_lock g_error=2 
E/power   (  460): acquire_wake_lock g_error=2 
--------- beginning of /dev/log/system
D/RPC     (  460): 3000008c:00050000 dispatching RPC call (XID 29971, xdr 0x3a6378) for callback client 3100008c:00050001.
D/RPC     (  460): 3100008c:327681 sending RPC reply (XID 29971)
D/RPC     (  460): 3000008c:00050000 received CALL.
D/RPC     (  460): 3000008c:00050000 dispatching RPC call (XID 29972, xdr 0x3a6378) for callback client 3100008c:00050001.
D/RPC     (  460): 3100008c:327681 sending RPC reply (XID 29972)
D/RPC     (  460): 3000008c:00050000 received CALL.
D/RPC     (  460): 3000008c:00050000 dispatching RPC call (XID 29973, xdr 0x3a6378) for callback client 3100008c:00050001.
D/RPC     (  460): 3100008c:327681 sending RPC reply (XID 29973)
D/RPC     (  460): 3000008c:00050000 received CALL.
D/RPC     (  460): 3000008c:00050000 dispatching RPC call (XID 29974, xdr 0x3a6378) for callback client 3100008c:00050001.
E/power   (  460): acquire_wake_lock g_error=2 
E/power   (  460): release_wake_lock g_error=2 
E/power   (  460): release_wake_lock g_error=2 
E/power   (  460): acquire_wake_lock g_error=2 
E/power   (  460): release_wake_lock g_error=2 
E/power   (  460): acquire_wake_lock g_error=2 
D/RPC     (  460): 3100008c:327681 sending RPC reply (XID 29974)
D/RPC     (  460): 3000008c:00050000 received CALL.
D/RPC     (  460): 3000008c:00050000 dispatching RPC call (XID 29975, xdr 0x3a6378) for callback client 3100008c:00050001.
D/RPC     (  460): 3100008c:327681 sending RPC reply (XID 29975)
D/RPC     (  460): 3000008c:00050000 received CALL.
D/RPC     (  460): 3000008c:00050000 dispatching RPC call (XID 29976, xdr 0x3a6378) for callback client 3100008c:00050001.
D/RPC     (  460): 3100008c:327681 sending RPC reply (XID 29976)
D/RPC     (  460): 3000008c:00050000 received CALL.
D/RPC     (  460): 3000008c:00050000 dispatching RPC call (XID 29977, xdr 0x3a6378) for callback client 3100008c:00050001.
E/power   (  460): release_wake_lock g_error=2 
E/power   (  460): acquire_wake_lock g_error=2 
E/power   (  460): release_wake_lock g_error=2 
E/power   (  460): acquire_wake_lock g_error=2 
E/power   (  460): acquire_wake_lock g_error=2 
E/power   (  460): release_wake_lock g_error=2 
D/RPC     (  460): 3100008c:327681 sending RPC reply (XID 29977)
D/RPC     (  460): 3000008c:00050000 received CALL.
D/RPC     (  460): 3000008c:00050000 dispatching RPC call (XID 29978, xdr 0x3a6378) for callback client 3100008c:00050001.
D/RPC     (  460): 3100008c:327681 sending RPC reply (XID 29978)
D/RPC     (  460): 3000008c:00050000 received CALL.
D/RPC     (  460): 3000008c:00050000 dispatching RPC call (XID 29979, xdr 0x3a6378) for callback client 3100008c:00050001.
D/RPC     (  460): 3100008c:327681 sending RPC reply (XID 29979)
D/RPC     (  460): 3000008c:00050000 received CALL.
D/RPC     (  460): 3000008c:00050000 dispatching RPC call (XID 29980, xdr 0x3a6378) for callback client 3100008c:00050001.
E/power   (  460): release_wake_lock g_error=2 
D/RPC     (  460): 3100008c:327681 sending RPC reply (XID 29980)
E/power   (  460): acquire_wake_lock g_error=2 
E/power   (  460): release_wake_lock g_error=2 
D/RPC     (  460): 3000008c:00050000 received CALL.
D/RPC     (  460): 3000008c:00050000 dispatching RPC call (XID 29981, xdr 0x3a6378) for callback client 3100008c:00050001.
D/RPC     (  460): 3100008c:327681 sending RPC reply (XID 29981)
D/BatteryService(  460): update start
D/BatteryService(  460): updateBattery level:51 scale:100 status:3 health:2 present:true voltage: 3712 temperature: 300 technology: Li-ion AC powered:false USB powered:false icon:17302215
D/UiModeManager(  460): updateConfigurationLocked: mDockState=0; mCarMode=false; mNightMode=0; uiMode=17
E/DataRouter(  332): DrReadUsbStatus returns false USB is offline 
E/DataRouter(  332): DrReadUsbStatus returns false USB is offline 
E/power   (  460): acquire_wake_lock g_error=2 
E/power   (  460): acquire_wake_lock g_error=2 
E/power   (  460): release_wake_lock g_error=2 
E/power   (  460): release_wake_lock g_error=2 
E/power   (  460): acquire_wake_lock g_error=2 
D/RPC     (  460): 3000008c:00050000 received CALL.
D/RPC     (  460): 3000008c:00050000 dispatching RPC call (XID 29982, xdr 0x3a6378) for callback client 3100008c:00050001.
D/RPC     (  460): 3100008c:327681 sending RPC reply (XID 29982)
D/RPC     (  460): 3000008c:00050000 received CALL.
D/RPC     (  460): 3000008c:00050000 dispatching RPC call (XID 29983, xdr 0x3a6378) for callback client 3100008c:00050001.
D/RPC     (  460): 3100008c:327681 sending RPC reply (XID 29983)
D/RPC     (  460): 3000008c:00050000 received CALL.
D/RPC     (  460): 3000008c:00050000 dispatching RPC call (XID 29984, xdr 0x3a6378) for callback client 3100008c:00050001.
D/RPC     (  460): 3100008c:327681 sending RPC reply (XID 29984)
E/power   (  460): acquire_wake_lock g_error=2 
E/power   (  460): release_wake_lock g_error=2 
E/power   (  460): release_wake_lock g_error=2 
E/power   (  460): acquire_wake_lock g_error=2 
E/power   (  460): release_wake_lock g_error=2 
E/power   (  460): acquire_wake_lock g_error=2 
E/power   (  460): release_wake_lock g_error=2 
E/power   (  460): acquire_wake_lock g_error=2 
D/RPC     (  460): 3000008c:00050000 received CALL.
D/RPC     (  460): 3000008c:00050000 dispatching RPC call (XID 29985, xdr 0x3a6378) for callback client 3100008c:00050001.
D/RPC     (  460): 3100008c:327681 sending RPC reply (XID 29985)
D/RPC     (  460): 3000008c:00050000 received CALL.
D/RPC     (  460): 3000008c:00050000 dispatching RPC call (XID 29986, xdr 0x3a6378) for callback client 3100008c:00050001.
D/RPC     (  460): 3100008c:327681 sending RPC reply (XID 29986)
D/RPC     (  460): 3000008c:00050000 received CALL.
D/RPC     (  460): 3000008c:00050000 dispatching RPC call (XID 29987, xdr 0x3a6378) for callback client 3100008c:00050001.
D/RPC     (  460): 3100008c:327681 sending RPC reply (XID 29987)
D/RPC     (  460): 3000008c:00050000 received CALL.
D/RPC     (  460): 3000008c:00050000 dispatching RPC call (XID 29988, xdr 0x3a6378) for callback client 3100008c:00050001.
E/power   (  460): release_wake_lock g_error=2 
E/power   (  460): acquire_wake_lock g_error=2 
E/power   (  460): acquire_wake_lock g_error=2 
E/power   (  460): release_wake_lock g_error=2 
E/power   (  460): release_wake_lock g_error=2 
E/power   (  460): acquire_wake_lock g_error=2 
D/RPC     (  460): 3100008c:327681 sending RPC reply (XID 29988)
D/RPC     (  460): 3000008c:00050000 received CALL.
D/RPC     (  460): 3000008c:00050000 dispatching RPC call (XID 29989, xdr 0x3a6378) for callback client 3100008c:00050001.
D/RPC     (  460): 3100008c:327681 sending RPC reply (XID 29989)
D/RPC     (  460): 3000008c:00050000 received CALL.
D/RPC     (  460): 3000008c:00050000 dispatching RPC call (XID 29990, xdr 0x3a6378) for callback client 3100008c:00050001.
D/RPC     (  460): 3100008c:327681 sending RPC reply (XID 29990)
D/RPC     (  460): 3000008c:00050000 received CALL.
D/RPC     (  460): 3000008c:00050000 dispatching RPC call (XID 29991, xdr 0x3a6378) for callback client 3100008c:00050001.
E/power   (  460): release_wake_lock g_error=2 
D/RPC     (  460): 3100008c:327681 sending RPC reply (XID 29991)
E/power   (  460): acquire_wake_lock g_error=2 
E/power   (  460): release_wake_lock g_error=2 
D/RPC     (  460): 3000008c:00050000 received CALL.
D/RPC     (  460): 3000008c:00050000 dispatching RPC call (XID 29992, xdr 0x3a6378) for callback client 3100008c:00050001.
D/RPC     (  460): 3100008c:327681 sending RPC reply (XID 29992)
E/power   (  460): acquire_wake_lock g_error=2 
E/power   (  460): release_wake_lock g_error=2 
E/power   (  460): acquire_wake_lock g_error=2 
E/power   (  460): acquire_wake_lock g_error=2 
E/power   (  460): release_wake_lock g_error=2 
D/RPC     (  460): 3000008c:00050000 received CALL.
D/RPC     (  460): 3000008c:00050000 dispatching RPC call (XID 29993, xdr 0x3a6378) for callback client 3100008c:00050001.
D/RPC     (  460): 3100008c:327681 sending RPC reply (XID 29993)
D/RPC     (  460): 3000008c:00050000 received CALL.
D/RPC     (  460): 3000008c:00050000 dispatching RPC call (XID 29994, xdr 0x3a6378) for callback client 3100008c:00050001.
D/RPC     (  460): 3100008c:327681 sending RPC reply (XID 29994)
D/RPC     (  460): 3000008c:00050000 received CALL.
D/RPC     (  460): 3000008c:00050000 dispatching RPC call (XID 29995, xdr 0x3a6378) for callback client 3100008c:00050001.
D/RPC     (  460): 3100008c:327681 sending RPC reply (XID 29995)
E/power   (  460): acquire_wake_lock g_error=2 
E/power   (  460): release_wake_lock g_error=2 
E/power   (  460): release_wake_lock g_error=2 
E/power   (  460): acquire_wake_lock g_error=2 
E/power   (  460): release_wake_lock g_error=2 
E/power   (  460): acquire_wake_lock g_error=2 
E/power   (  460): release_wake_lock g_error=2 
E/power   (  460): acquire_wake_lock g_error=2 
D/RPC     (  460): 3000008c:00050000 received CALL.
D/RPC     (  460): 3000008c:00050000 dispatching RPC call (XID 29996, xdr 0x3a6378) for callback client 3100008c:00050001.
D/RPC     (  460): 3100008c:327681 sending RPC reply (XID 29996)
D/RPC     (  460): 3000008c:00050000 received CALL.
D/RPC     (  460): 3000008c:00050000 dispatching RPC call (XID 29997, xdr 0x3a6378) for callback client 3100008c:00050001.
D/RPC     (  460): 3100008c:327681 sending RPC reply (XID 29997)
D/RPC     (  460): 3000008c:00050000 received CALL.
D/RPC     (  460): 3000008c:00050000 dispatching RPC call (XID 29998, xdr 0x3a6378) for callback client 3100008c:00050001.
D/RPC     (  460): 3100008c:327681 sending RPC reply (XID 29998)
D/RPC     (  460): 3000008c:00050000 received CALL.
D/RPC     (  460): 3000008c:00050000 dispatching RPC call (XID 29999, xdr 0x3a6378) for callback client 3100008c:00050001.
E/power   (  460): acquire_wake_lock g_error=2 
E/power   (  460): release_wake_lock g_error=2 
E/power   (  460): release_wake_lock g_error=2 
E/power   (  460): acquire_wake_lock g_error=2 
E/power   (  460): release_wake_lock g_error=2 
E/power   (  460): acquire_wake_lock g_error=2 
D/RPC     (  460): 3100008c:327681 sending RPC reply (XID 29999)
D/RPC     (  460): 3000008c:00050000 received CALL.
D/RPC     (  460): 3000008c:00050000 dispatching RPC call (XID 30000, xdr 0x3a6378) for callback client 3100008c:00050001.
D/RPC     (  460): 3100008c:327681 sending RPC reply (XID 30000)
D/RPC     (  460): 3000008c:00050000 received CALL.
D/RPC     (  460): 3000008c:00050000 dispatching RPC call (XID 30001, xdr 0x3a6378) for callback client 3100008c:00050001.
D/RPC     (  460): 3100008c:327681 sending RPC reply (XID 30001)
D/RPC     (  460): 3000008c:00050000 received CALL.
D/RPC     (  460): 3000008c:00050000 dispatching RPC call (XID 30002, xdr 0x3a6378) for callback client 3100008c:00050001.
E/power   (  460): release_wake_lock g_error=2 
D/RPC     (  460): 3100008c:327681 sending RPC reply (XID 30002)
E/power   (  460): acquire_wake_lock g_error=2 
E/power   (  460): release_wake_lock g_error=2 
D/RPC     (  460): 3000008c:00050000 received CALL.
D/RPC     (  460): 3000008c:00050000 dispatching RPC call (XID 30003, xdr 0x3a6378) for callback client 3100008c:00050001.
D/RPC     (  460): 3100008c:327681 sending RPC reply (XID 30003)
E/power   (  460): acquire_wake_lock g_error=2 
D/RPC     (  460): 3000008c:00050000 received CALL.
D/RPC     (  460): 3000008c:00050000 dispatching RPC call (XID 30004, xdr 0x3a6378) for callback client 3100008c:00050001.
E/power   (  460): release_wake_lock g_error=2 
E/power   (  460): acquire_wake_lock g_error=2 
E/power   (  460): release_wake_lock g_error=2 
E/power   (  460): acquire_wake_lock g_error=2 
E/power   (  460): release_wake_lock g_error=2 
D/RPC     (  460): 3100008c:327681 sending RPC reply (XID 30004)
D/RPC     (  460): 3000008c:00050000 received CALL.
D/RPC     (  460): 3000008c:00050000 dispatching RPC call (XID 30005, xdr 0x3a6378) for callback client 3100008c:00050001.
D/RPC     (  460): 3100008c:327681 sending RPC reply (XID 30005)
D/RPC     (  460): 3000008c:00050000 received CALL.
D/RPC     (  460): 3000008c:00050000 dispatching RPC call (XID 30006, xdr 0x3a6378) for callback client 3100008c:00050001.
D/RPC     (  460): 3100008c:327681 sending RPC reply (XID 30006)
E/power   (  460): acquire_wake_lock g_error=2 
E/power   (  460): release_wake_lock g_error=2 
E/power   (  460): acquire_wake_lock g_error=2 
E/power   (  460): release_wake_lock g_error=2 
E/power   (  460): acquire_wake_lock g_error=2 
E/power   (  460): acquire_wake_lock g_error=2 
E/power   (  460): release_wake_lock g_error=2 
D/RPC     (  460): 3000008c:00050000 received CALL.
D/RPC     (  460): 3000008c:00050000 dispatching RPC call (XID 30007, xdr 0x3a6378) for callback client 3100008c:00050001.
D/RPC     (  460): 3100008c:327681 sending RPC reply (XID 30007)
D/RPC     (  460): 3000008c:00050000 received CALL.
D/RPC     (  460): 3000008c:00050000 dispatching RPC call (XID 30008, xdr 0x3a6378) for callback client 3100008c:00050001.
D/RPC     (  460): 3100008c:327681 sending RPC reply (XID 30008)
D/RPC     (  460): 3000008c:00050000 received CALL.
D/RPC     (  460): 3000008c:00050000 dispatching RPC call (XID 30009, xdr 0x3a6378) for callback client 3100008c:00050001.
D/RPC     (  460): 3100008c:327681 sending RPC reply (XID 30009)
D/RPC     (  460): 3000008c:00050000 received CALL.
D/RPC     (  460): 3000008c:00050000 dispatching RPC call (XID 30010, xdr 0x3a6378) for callback client 3100008c:00050001.
E/power   (  460): release_wake_lock g_error=2 
E/power   (  460): acquire_wake_lock g_error=2 
E/power   (  460): release_wake_lock g_error=2 
E/power   (  460): acquire_wake_lock g_error=2 
E/power   (  460): release_wake_lock g_error=2 
E/power   (  460): acquire_wake_lock g_error=2 
D/RPC     (  460): 3100008c:327681 sending RPC reply (XID 30010)
D/RPC     (  460): 3000008c:00050000 received CALL.
D/RPC     (  460): 3000008c:00050000 dispatching RPC call (XID 30011, xdr 0x3a6378) for callback client 3100008c:00050001.
D/RPC     (  460): 3100008c:327681 sending RPC reply (XID 30011)
D/RPC     (  460): 3000008c:00050000 received CALL.
D/RPC     (  460): 3000008c:00050000 dispatching RPC call (XID 30012, xdr 0x3a6378) for callback client 3100008c:00050001.
D/RPC     (  460): 3100008c:327681 sending RPC reply (XID 30012)
D/RPC     (  460): 3000008c:00050000 received CALL.
D/RPC     (  460): 3000008c:00050000 dispatching RPC call (XID 30013, xdr 0x3a6378) for callback client 3100008c:00050001.
E/power   (  460): release_wake_lock g_error=2 
D/RPC     (  460): 3100008c:327681 sending RPC reply (XID 30013)
E/power   (  460): acquire_wake_lock g_error=2 
E/power   (  460): release_wake_lock g_error=2 
D/RPC     (  460): 3000008c:00050000 received CALL.
D/RPC     (  460): 3000008c:00050000 dispatching RPC call (XID 30014, xdr 0x3a6378) for callback client 3100008c:00050001.
D/RPC     (  460): 3100008c:327681 sending RPC reply (XID 30014)
E/DataRouter(  332): DrReadUsbStatus returns false USB is offline 
E/DataRouter(  332): DrReadUsbStatus returns false USB is offline 
E/power   (  460): acquire_wake_lock g_error=2 
E/power   (  460): acquire_wake_lock g_error=2 
E/power   (  460): release_wake_lock g_error=2 
E/power   (  460): release_wake_lock g_error=2 
E/power   (  460): acquire_wake_lock g_error=2 
E/power   (  460): release_wake_lock g_error=2 
E/power   (  460): acquire_wake_lock g_error=2 
D/RPC     (  460): 3000008c:00050000 received CALL.
D/RPC     (  460): 3000008c:00050000 dispatching RPC call (XID 30015, xdr 0x3a6378) for callback client 3100008c:00050001.
D/RPC     (  460): 3100008c:327681 sending RPC reply (XID 30015)
D/RPC     (  460): 3000008c:00050000 received CALL.
D/RPC     (  460): 3000008c:00050000 dispatching RPC call (XID 30016, xdr 0x3a6378) for callback client 3100008c:00050001.
D/RPC     (  460): 3100008c:327681 sending RPC reply (XID 30016)
D/RPC     (  460): 3000008c:00050000 received CALL.
