E/power   (  460): release_wake_lock g_error=2 
D/RPC     (  460): 3100008c:327681 sending RPC reply (XID 30164)
D/RPC     (  460): 3000008c:00050000 received CALL.
D/RPC     (  460): 3000008c:00050000 dispatching RPC call (XID 30165, xdr 0x3a6378) for callback client 3100008c:00050001.
D/RPC     (  460): 3100008c:327681 sending RPC reply (XID 30165)
D/RPC     (  460): 3000008c:00050000 received CALL.
D/RPC     (  460): 3000008c:00050000 dispatching RPC call (XID 30166, xdr 0x3a6378) for callback client 3100008c:00050001.
D/RPC     (  460): 3100008c:327681 sending RPC reply (XID 30166)
D/RPC     (  460): 3000008c:00050000 received CALL.
D/RPC     (  460): 3000008c:00050000 dispatching RPC call (XID 30167, xdr 0x3a6378) for callback client 3100008c:00050001.
E/power   (  460): release_wake_lock g_error=2 
D/RPC     (  460): 3100008c:327681 sending RPC reply (XID 30167)
I/VCoreDaemon( 5654): 1333127706340: inside sendPacket(Packet p)
I/NetworkThread( 5654): 1333127706343: Sending UDP payload: 406
E/power   (  460): acquire_wake_lock g_error=2 
D/RPC     (  460): 3000008c:00050000 received CALL.
E/power   (  460): release_wake_lock g_error=2 
D/RPC     (  460): 3000008c:00050000 dispatching RPC call (XID 30168, xdr 0x3a6378) for callback client 3100008c:00050001.
D/RPC     (  460): 3100008c:327681 sending RPC reply (XID 30168)
E/power   (  460): acquire_wake_lock g_error=2 
E/power   (  460): release_wake_lock g_error=2 
E/power   (  460): acquire_wake_lock g_error=2 
E/power   (  460): release_wake_lock g_error=2 
E/power   (  460): acquire_wake_lock g_error=2 
D/RPC     (  460): 3000008c:00050000 received CALL.
D/RPC     (  460): 3000008c:00050000 dispatching RPC call (XID 30169, xdr 0x3a6378) for callback client 3100008c:00050001.
D/RPC     (  460): 3100008c:327681 sending RPC reply (XID 30169)
D/RPC     (  460): 3000008c:00050000 received CALL.
D/RPC     (  460): 3000008c:00050000 dispatching RPC call (XID 30170, xdr 0x3a6378) for callback client 3100008c:00050001.
D/RPC     (  460): 3100008c:327681 sending RPC reply (XID 30170)
D/RPC     (  460): 3000008c:00050000 received CALL.
D/RPC     (  460): 3000008c:00050000 dispatching RPC call (XID 30171, xdr 0x3a6378) for callback client 3100008c:00050001.
D/RPC     (  460): 3100008c:327681 sending RPC reply (XID 30171)
E/power   (  460): acquire_wake_lock g_error=2 
E/power   (  460): release_wake_lock g_error=2 
E/power   (  460): release_wake_lock g_error=2 
E/power   (  460): acquire_wake_lock g_error=2 
E/power   (  460): release_wake_lock g_error=2 
E/power   (  460): acquire_wake_lock g_error=2 
E/power   (  460): release_wake_lock g_error=2 
E/power   (  460): acquire_wake_lock g_error=2 
D/RPC     (  460): 3000008c:00050000 received CALL.
D/RPC     (  460): 3000008c:00050000 dispatching RPC call (XID 30172, xdr 0x3a6378) for callback client 3100008c:00050001.
D/RPC     (  460): 3100008c:327681 sending RPC reply (XID 30172)
D/RPC     (  460): 3000008c:00050000 received CALL.
D/RPC     (  460): 3000008c:00050000 dispatching RPC call (XID 30173, xdr 0x3a6378) for callback client 3100008c:00050001.
D/RPC     (  460): 3100008c:327681 sending RPC reply (XID 30173)
D/RPC     (  460): 3000008c:00050000 received CALL.
D/RPC     (  460): 3000008c:00050000 dispatching RPC call (XID 30174, xdr 0x3a6378) for callback client 3100008c:00050001.
D/RPC     (  460): 3100008c:327681 sending RPC reply (XID 30174)
D/RPC     (  460): 3000008c:00050000 received CALL.
D/RPC     (  460): 3000008c:00050000 dispatching RPC call (XID 30175, xdr 0x3a6378) for callback client 3100008c:00050001.
E/power   (  460): release_wake_lock g_error=2 
E/power   (  460): acquire_wake_lock g_error=2 
E/power   (  460): acquire_wake_lock g_error=2 
E/power   (  460): release_wake_lock g_error=2 
E/power   (  460): release_wake_lock g_error=2 
E/power   (  460): acquire_wake_lock g_error=2 
D/RPC     (  460): 3100008c:327681 sending RPC reply (XID 30175)
D/RPC     (  460): 3000008c:00050000 received CALL.
D/RPC     (  460): 3000008c:00050000 dispatching RPC call (XID 30176, xdr 0x3a6378) for callback client 3100008c:00050001.
D/RPC     (  460): 3100008c:327681 sending RPC reply (XID 30176)
D/RPC     (  460): 3000008c:00050000 received CALL.
D/RPC     (  460): 3000008c:00050000 dispatching RPC call (XID 30177, xdr 0x3a6378) for callback client 3100008c:00050001.
D/RPC     (  460): 3100008c:327681 sending RPC reply (XID 30177)
D/RPC     (  460): 3000008c:00050000 received CALL.
D/RPC     (  460): 3000008c:00050000 dispatching RPC call (XID 30178, xdr 0x3a6378) for callback client 3100008c:00050001.
E/power   (  460): release_wake_lock g_error=2 
D/RPC     (  460): 3100008c:327681 sending RPC reply (XID 30178)
E/power   (  460): acquire_wake_lock g_error=2 
E/power   (  460): release_wake_lock g_error=2 
D/RPC     (  460): 3000008c:00050000 received CALL.
D/RPC     (  460): 3000008c:00050000 dispatching RPC call (XID 30179, xdr 0x3a6378) for callback client 3100008c:00050001.
D/RPC     (  460): 3100008c:327681 sending RPC reply (XID 30179)
D/dalvikvm(  989): GC_EXPLICIT freed 17K, 42% free 3142K/5379K, external 0K/0K, paused 61ms
E/DataRouter(  332): DrReadUsbStatus returns false USB is offline 
E/DataRouter(  332): DrReadUsbStatus returns false USB is offline 
E/power   (  460): acquire_wake_lock g_error=2 
E/power   (  460): acquire_wake_lock g_error=2 
E/power   (  460): release_wake_lock g_error=2 
E/power   (  460): acquire_wake_lock g_error=2 
E/power   (  460): release_wake_lock g_error=2 
D/RPC     (  460): 3000008c:00050000 received CALL.
D/RPC     (  460): 3000008c:00050000 dispatching RPC call (XID 30180, xdr 0x3a6378) for callback client 3100008c:00050001.
D/RPC     (  460): 3100008c:327681 sending RPC reply (XID 30180)
D/RPC     (  460): 3000008c:00050000 received CALL.
D/RPC     (  460): 3000008c:00050000 dispatching RPC call (XID 30181, xdr 0x3a6378) for callback client 3100008c:00050001.
D/RPC     (  460): 3100008c:327681 sending RPC reply (XID 30181)
D/RPC     (  460): 3000008c:00050000 received CALL.
D/RPC     (  460): 3000008c:00050000 dispatching RPC call (XID 30182, xdr 0x3a6378) for callback client 3100008c:00050001.
E/power   (  460): release_wake_lock g_error=2 
E/power   (  460): acquire_wake_lock g_error=2 
E/power   (  460): release_wake_lock g_error=2 
E/power   (  460): acquire_wake_lock g_error=2 
E/power   (  460): release_wake_lock g_error=2 
E/power   (  460): acquire_wake_lock g_error=2 
E/power   (  460): release_wake_lock g_error=2 
E/power   (  460): acquire_wake_lock g_error=2 
D/RPC     (  460): 3100008c:327681 sending RPC reply (XID 30182)
D/RPC     (  460): 3000008c:00050000 received CALL.
D/RPC     (  460): 3000008c:00050000 dispatching RPC call (XID 30183, xdr 0x3a6378) for callback client 3100008c:00050001.
D/RPC     (  460): 3100008c:327681 sending RPC reply (XID 30183)
D/RPC     (  460): 3000008c:00050000 received CALL.
D/RPC     (  460): 3000008c:00050000 dispatching RPC call (XID 30184, xdr 0x3a6378) for callback client 3100008c:00050001.
D/RPC     (  460): 3100008c:327681 sending RPC reply (XID 30184)
D/RPC     (  460): 3000008c:00050000 received CALL.
D/RPC     (  460): 3000008c:00050000 dispatching RPC call (XID 30185, xdr 0x3a6378) for callback client 3100008c:00050001.
D/RPC     (  460): 3100008c:327681 sending RPC reply (XID 30185)
D/RPC     (  460): 3000008c:00050000 received CALL.
E/power   (  460): acquire_wake_lock g_error=2 
E/power   (  460): release_wake_lock g_error=2 
E/power   (  460): release_wake_lock g_error=2 
E/power   (  460): acquire_wake_lock g_error=2 
E/power   (  460): release_wake_lock g_error=2 
E/power   (  460): acquire_wake_lock g_error=2 
D/RPC     (  460): 3000008c:00050000 dispatching RPC call (XID 30186, xdr 0x3a6378) for callback client 3100008c:00050001.
D/RPC     (  460): 3100008c:327681 sending RPC reply (XID 30186)
D/RPC     (  460): 3000008c:00050000 received CALL.
D/RPC     (  460): 3000008c:00050000 dispatching RPC call (XID 30187, xdr 0x3a6378) for callback client 3100008c:00050001.
D/RPC     (  460): 3100008c:327681 sending RPC reply (XID 30187)
D/RPC     (  460): 3000008c:00050000 received CALL.
D/RPC     (  460): 3000008c:00050000 dispatching RPC call (XID 30188, xdr 0x3a6378) for callback client 3100008c:00050001.
D/RPC     (  460): 3100008c:327681 sending RPC reply (XID 30188)
D/RPC     (  460): 3000008c:00050000 received CALL.
D/RPC     (  460): 3000008c:00050000 dispatching RPC call (XID 30189, xdr 0x3a6378) for callback client 3100008c:00050001.
E/power   (  460): release_wake_lock g_error=2 
D/RPC     (  460): 3100008c:327681 sending RPC reply (XID 30189)
E/power   (  460): acquire_wake_lock g_error=2 
E/power   (  460): release_wake_lock g_error=2 
E/power   (  460): acquire_wake_lock g_error=2 
E/power   (  460): release_wake_lock g_error=2 
E/power   (  460): acquire_wake_lock g_error=2 
D/RPC     (  460): 3000008c:00050000 received CALL.
D/RPC     (  460): 3000008c:00050000 dispatching RPC call (XID 30190, xdr 0x3a6378) for callback client 3100008c:00050001.
D/RPC     (  460): 3100008c:327681 sending RPC reply (XID 30190)
D/RPC     (  460): 3000008c:00050000 received CALL.
D/RPC     (  460): 3000008c:00050000 dispatching RPC call (XID 30191, xdr 0x3a6378) for callback client 3100008c:00050001.
D/RPC     (  460): 3100008c:327681 sending RPC reply (XID 30191)
V/GpsLocationProvider(  460): reportStatus status: 1
E/power   (  460): release_wake_lock g_error=2 
D/RPC     (  460): 3000008c:00050000 received CALL.
D/RPC     (  460): 3000008c:00050000 dispatching RPC call (XID 30192, xdr 0x3a6378) for callback client 3100008c:00050001.
D/RPC     (  460): 3100008c:327681 sending RPC reply (XID 30192)
E/power   (  460): acquire_wake_lock g_error=2 
E/power   (  460): acquire_wake_lock g_error=2 
E/power   (  460): release_wake_lock g_error=2 
E/power   (  460): release_wake_lock g_error=2 
E/power   (  460): acquire_wake_lock g_error=2 
D/RPC     (  460): 3000008c:00050000 received CALL.
D/RPC     (  460): 3000008c:00050000 dispatching RPC call (XID 30193, xdr 0x3a6378) for callback client 3100008c:00050001.
D/RPC     (  460): 3100008c:327681 sending RPC reply (XID 30193)
D/RPC     (  460): 3000008c:00050000 received CALL.
D/RPC     (  460): 3000008c:00050000 dispatching RPC call (XID 30194, xdr 0x3a6378) for callback client 3100008c:00050001.
D/RPC     (  460): 3100008c:327681 sending RPC reply (XID 30194)
D/RPC     (  460): 3000008c:00050000 received CALL.
D/RPC     (  460): 3000008c:00050000 dispatching RPC call (XID 30195, xdr 0x3a6378) for callback client 3100008c:00050001.
E/power   (  460): release_wake_lock g_error=2 
E/power   (  460): acquire_wake_lock g_error=2 
E/power   (  460): acquire_wake_lock g_error=2 
E/power   (  460): release_wake_lock g_error=2 
E/power   (  460): release_wake_lock g_error=2 
E/power   (  460): acquire_wake_lock g_error=2 
E/power   (  460): release_wake_lock g_error=2 
D/RPC     (  460): 3100008c:327681 sending RPC reply (XID 30195)
D/RPC     (  460): 3000008c:00050000 received CALL.
D/RPC     (  460): 3000008c:00050000 dispatching RPC call (XID 30196, xdr 0x3a6378) for callback client 3100008c:00050001.
D/RPC     (  460): 3100008c:327681 sending RPC reply (XID 30196)
D/RPC     (  460): 3000008c:00050000 received CALL.
D/RPC     (  460): 3000008c:00050000 dispatching RPC call (XID 30197, xdr 0x3a6378) for callback client 3100008c:00050001.
D/RPC     (  460): 3100008c:327681 sending RPC reply (XID 30197)
D/RPC     (  460): 3000008c:00050000 received CALL.
D/RPC     (  460): 3000008c:00050000 dispatching RPC call (XID 30198, xdr 0x3a6378) for callback client 3100008c:00050001.
D/RPC     (  460): 3100008c:327681 sending RPC reply (XID 30198)
E/power   (  460): acquire_wake_lock g_error=2 
E/power   (  460): release_wake_lock g_error=2 
E/power   (  460): acquire_wake_lock g_error=2 
E/power   (  460): release_wake_lock g_error=2 
E/power   (  460): acquire_wake_lock g_error=2 
E/power   (  460): acquire_wake_lock g_error=2 
E/power   (  460): release_wake_lock g_error=2 
D/RPC     (  460): 3000008c:00050000 received CALL.
D/RPC     (  460): 3000008c:00050000 dispatching RPC call (XID 30199, xdr 0x3a6378) for callback client 3100008c:00050001.
D/RPC     (  460): 3100008c:327681 sending RPC reply (XID 30199)
D/RPC     (  460): 3000008c:00050000 received CALL.
D/RPC     (  460): 3000008c:00050000 dispatching RPC call (XID 30200, xdr 0x3a6378) for callback client 3100008c:00050001.
D/RPC     (  460): 3100008c:327681 sending RPC reply (XID 30200)
D/RPC     (  460): 3000008c:00050000 received CALL.
D/RPC     (  460): 3000008c:00050000 dispatching RPC call (XID 30201, xdr 0x3a6378) for callback client 3100008c:00050001.
D/RPC     (  460): 3100008c:327681 sending RPC reply (XID 30201)
D/RPC     (  460): 3000008c:00050000 received CALL.
D/RPC     (  460): 3000008c:00050000 dispatching RPC call (XID 30202, xdr 0x3a6378) for callback client 3100008c:00050001.
E/power   (  460): release_wake_lock g_error=2 
D/RPC     (  460): 3100008c:327681 sending RPC reply (XID 30202)
E/DataRouter(  332): DrReadUsbStatus returns false USB is offline 
E/DataRouter(  332): DrReadUsbStatus returns false USB is offline 
E/power   (  460): acquire_wake_lock g_error=2 
E/power   (  460): acquire_wake_lock g_error=2 
E/power   (  460): release_wake_lock g_error=2 
E/power   (  460): release_wake_lock g_error=2 
E/power   (  460): acquire_wake_lock g_error=2 
D/RPC     (  460): 3000008c:00050000 received CALL.
D/RPC     (  460): 3000008c:00050000 dispatching RPC call (XID 30203, xdr 0x3a6378) for callback client 3100008c:00050001.
D/RPC     (  460): 3100008c:327681 sending RPC reply (XID 30203)
D/RPC     (  460): 3000008c:00050000 received CALL.
D/RPC     (  460): 3000008c:00050000 dispatching RPC call (XID 30204, xdr 0x3a6378) for callback client 3100008c:00050001.
D/RPC     (  460): 3100008c:327681 sending RPC reply (XID 30204)
D/RPC     (  460): 3000008c:00050000 received CALL.
D/RPC     (  460): 3000008c:00050000 dispatching RPC call (XID 30205, xdr 0x3a6378) for callback client 3100008c:00050001.
E/power   (  460): acquire_wake_lock g_error=2 
E/power   (  460): release_wake_lock g_error=2 
E/power   (  460): acquire_wake_lock g_error=2 
E/power   (  460): release_wake_lock g_error=2 
E/power   (  460): release_wake_lock g_error=2 
E/power   (  460): acquire_wake_lock g_error=2 
E/power   (  460): release_wake_lock g_error=2 
D/RPC     (  460): 3100008c:327681 sending RPC reply (XID 30205)
D/RPC     (  460): 3000008c:00050000 received CALL.
D/RPC     (  460): 3000008c:00050000 dispatching RPC call (XID 30206, xdr 0x3a6378) for callback client 3100008c:00050001.
D/RPC     (  460): 3100008c:327681 sending RPC reply (XID 30206)
D/RPC     (  460): 3000008c:00050000 received CALL.
D/RPC     (  460): 3000008c:00050000 dispatching RPC call (XID 30207, xdr 0x3a6378) for callback client 3100008c:00050001.
D/RPC     (  460): 3100008c:327681 sending RPC reply (XID 30207)
D/RPC     (  460): 3000008c:00050000 received CALL.
D/RPC     (  460): 3000008c:00050000 dispatching RPC call (XID 30208, xdr 0x3a6378) for callback client 3100008c:00050001.
D/RPC     (  460): 3100008c:327681 sending RPC reply (XID 30208)
E/power   (  460): acquire_wake_lock g_error=2 
E/power   (  460): release_wake_lock g_error=2 
E/power   (  460): acquire_wake_lock g_error=2 
E/power   (  460): release_wake_lock g_error=2 
E/power   (  460): acquire_wake_lock g_error=2 
E/power   (  460): acquire_wake_lock g_error=2 
E/power   (  460): release_wake_lock g_error=2 
D/RPC     (  460): 3000008c:00050000 received CALL.
D/RPC     (  460): 3000008c:00050000 dispatching RPC call (XID 30209, xdr 0x3a6378) for callback client 3100008c:00050001.
D/RPC     (  460): 3100008c:327681 sending RPC reply (XID 30209)
D/RPC     (  460): 3000008c:00050000 received CALL.
D/RPC     (  460): 3000008c:00050000 dispatching RPC call (XID 30210, xdr 0x3a6378) for callback client 3100008c:00050001.
D/RPC     (  460): 3100008c:327681 sending RPC reply (XID 30210)
D/RPC     (  460): 3000008c:00050000 received CALL.
D/RPC     (  460): 3000008c:00050000 dispatching RPC call (XID 30211, xdr 0x3a6378) for callback client 3100008c:00050001.
D/RPC     (  460): 3100008c:327681 sending RPC reply (XID 30211)
D/RPC     (  460): 3000008c:00050000 received CALL.
E/power   (  460): release_wake_lock g_error=2 
D/RPC     (  460): 3000008c:00050000 dispatching RPC call (XID 30212, xdr 0x3a6378) for callback client 3100008c:00050001.
D/RPC     (  460): 3100008c:327681 sending RPC reply (XID 30212)
E/power   (  460): acquire_wake_lock g_error=2 
E/power   (  460): release_wake_lock g_error=2 
D/RPC     (  460): 3000008c:00050000 received CALL.
D/RPC     (  460): 3000008c:00050000 dispatching RPC call (XID 30213, xdr 0x3a6378) for callback client 3100008c:00050001.
D/RPC     (  460): 3100008c:327681 sending RPC reply (XID 30213)
E/power   (  460): acquire_wake_lock g_error=2 
E/power   (  460): acquire_wake_lock g_error=2 
E/power   (  460): release_wake_lock g_error=2 
E/power   (  460): release_wake_lock g_error=2 
E/power   (  460): acquire_wake_lock g_error=2 
D/RPC     (  460): 3000008c:00050000 received CALL.
D/RPC     (  460): 3000008c:00050000 dispatching RPC call (XID 30214, xdr 0x3a6378) for callback client 3100008c:00050001.
D/RPC     (  460): 3100008c:327681 sending RPC reply (XID 30214)
D/RPC     (  460): 3000008c:00050000 received CALL.
D/RPC     (  460): 3000008c:00050000 dispatching RPC call (XID 30215, xdr 0x3a6378) for callback client 3100008c:00050001.
D/RPC     (  460): 3100008c:327681 sending RPC reply (XID 30215)
D/RPC     (  460): 3000008c:00050000 received CALL.
D/RPC     (  460): 3000008c:00050000 dispatching RPC call (XID 30216, xdr 0x3a6378) for callback client 3100008c:00050001.
D/RPC     (  460): 3100008c:327681 sending RPC reply (XID 30216)
E/power   (  460): acquire_wake_lock g_error=2 
E/power   (  460): release_wake_lock g_error=2 
E/power   (  460): release_wake_lock g_error=2 
E/power   (  460): acquire_wake_lock g_error=2 
E/power   (  460): release_wake_lock g_error=2 
E/power   (  460): acquire_wake_lock g_error=2 
E/power   (  460): release_wake_lock g_error=2 
E/power   (  460): acquire_wake_lock g_error=2 
D/RPC     (  460): 3000008c:00050000 received CALL.
D/RPC     (  460): 3000008c:00050000 dispatching RPC call (XID 30217, xdr 0x3a6378) for callback client 3100008c:00050001.
D/RPC     (  460): 3100008c:327681 sending RPC reply (XID 30217)
D/RPC     (  460): 3000008c:00050000 received CALL.
D/RPC     (  460): 3000008c:00050000 dispatching RPC call (XID 30218, xdr 0x3a6378) for callback client 3100008c:00050001.
D/RPC     (  460): 3100008c:327681 sending RPC reply (XID 30218)
D/RPC     (  460): 3000008c:00050000 received CALL.
D/RPC     (  460): 3000008c:00050000 dispatching RPC call (XID 30219, xdr 0x3a6378) for callback client 3100008c:00050001.
D/RPC     (  460): 3100008c:327681 sending RPC reply (XID 30219)
D/RPC     (  460): 3000008c:00050000 received CALL.
D/RPC     (  460): 3000008c:00050000 dispatching RPC call (XID 30220, xdr 0x3a6378) for callback client 3100008c:00050001.
E/power   (  460): release_wake_lock g_error=2 
E/power   (  460): acquire_wake_lock g_error=2 
E/power   (  460): acquire_wake_lock g_error=2 
E/power   (  460): release_wake_lock g_error=2 
E/power   (  460): release_wake_lock g_error=2 
E/power   (  460): acquire_wake_lock g_error=2 
D/RPC     (  460): 3100008c:327681 sending RPC reply (XID 30220)
D/RPC     (  460): 3000008c:00050000 received CALL.
D/RPC     (  460): 3000008c:00050000 dispatching RPC call (XID 30221, xdr 0x3a6378) for callback client 3100008c:00050001.
D/RPC     (  460): 3100008c:327681 sending RPC reply (XID 30221)
D/RPC     (  460): 3000008c:00050000 received CALL.
D/RPC     (  460): 3000008c:00050000 dispatching RPC call (XID 30222, xdr 0x3a6378) for callback client 3100008c:00050001.
D/RPC     (  460): 3100008c:327681 sending RPC reply (XID 30222)
D/RPC     (  460): 3000008c:00050000 received CALL.
D/RPC     (  460): 3000008c:00050000 dispatching RPC call (XID 30223, xdr 0x3a6378) for callback client 3100008c:00050001.
E/power   (  460): release_wake_lock g_error=2 
D/RPC     (  460): 3100008c:327681 sending RPC reply (XID 30223)
E/power   (  460): acquire_wake_lock g_error=2 
E/power   (  460): release_wake_lock g_error=2 
D/RPC     (  460): 3000008c:00050000 received CALL.
D/RPC     (  460): 3000008c:00050000 dispatching RPC call (XID 30224, xdr 0x3a6378) for callback client 3100008c:00050001.
D/RPC     (  460): 3100008c:327681 sending RPC reply (XID 30224)
E/power   (  460): acquire_wake_lock g_error=2 
E/power   (  460): release_wake_lock g_error=2 
E/power   (  460): acquire_wake_lock g_error=2 
E/power   (  460): acquire_wake_lock g_error=2 
E/power   (  460): release_wake_lock g_error=2 
E/power   (  460): release_wake_lock g_error=2 
D/RPC     (  460): 3000008c:00050000 received CALL.
D/RPC     (  460): 3000008c:00050000 dispatching RPC call (XID 30225, xdr 0x3a6378) for callback client 3100008c:00050001.
D/RPC     (  460): 3100008c:327681 sending RPC reply (XID 30225)
D/RPC     (  460): 3000008c:00050000 received CALL.
D/RPC     (  460): 3000008c:00050000 dispatching RPC call (XID 30226, xdr 0x3a6378) for callback client 3100008c:00050001.
D/RPC     (  460): 3100008c:327681 sending RPC reply (XID 30226)
D/RPC     (  460): 3000008c:00050000 received CALL.
D/RPC     (  460): 3000008c:00050000 dispatching RPC call (XID 30227, xdr 0x3a6378) for callback client 3100008c:00050001.
D/RPC     (  460): 3100008c:327681 sending RPC reply (XID 30227)
E/power   (  460): acquire_wake_lock g_error=2 
E/power   (  460): release_wake_lock g_error=2 
E/power   (  460): acquire_wake_lock g_error=2 
E/power   (  460): release_wake_lock g_error=2 
E/power   (  460): acquire_wake_lock g_error=2 
E/power   (  460): release_wake_lock g_error=2 
E/power   (  460): acquire_wake_lock g_error=2 
D/RPC     (  460): 3000008c:00050000 received CALL.
D/RPC     (  460): 3000008c:00050000 dispatching RPC call (XID 30228, xdr 0x3a6378) for callback client 3100008c:00050001.
D/RPC     (  460): 3100008c:327681 sending RPC reply (XID 30228)
D/RPC     (  460): 3000008c:00050000 received CALL.
D/RPC     (  460): 3000008c:00050000 dispatching RPC call (XID 30229, xdr 0x3a6378) for callback client 3100008c:00050001.
D/RPC     (  460): 3100008c:327681 sending RPC reply (XID 30229)
D/RPC     (  460): 3000008c:00050000 received CALL.
D/RPC     (  460): 3000008c:00050000 dispatching RPC call (XID 30230, xdr 0x3a6378) for callback client 3100008c:00050001.
D/RPC     (  460): 3100008c:327681 sending RPC reply (XID 30230)
D/RPC     (  460): 3000008c:00050000 received CALL.
D/RPC     (  460): 3000008c:00050000 dispatching RPC call (XID 30231, xdr 0x3a6378) for callback client 3100008c:00050001.
E/power   (  460): acquire_wake_lock g_error=2 
E/power   (  460): release_wake_lock g_error=2 
E/power   (  460): release_wake_lock g_error=2 
E/power   (  460): acquire_wake_lock g_error=2 
E/power   (  460): release_wake_lock g_error=2 
E/power   (  460): acquire_wake_lock g_error=2 
D/RPC     (  460): 3100008c:327681 sending RPC reply (XID 30231)
D/RPC     (  460): 3000008c:00050000 received CALL.
D/RPC     (  460): 3000008c:00050000 dispatching RPC call (XID 30232, xdr 0x3a6378) for callback client 3100008c:00050001.
D/RPC     (  460): 3100008c:327681 sending RPC reply (XID 30232)
D/RPC     (  460): 3000008c:00050000 received CALL.
D/RPC     (  460): 3000008c:00050000 dispatching RPC call (XID 30233, xdr 0x3a6378) for callback client 3100008c:00050001.
D/RPC     (  460): 3100008c:327681 sending RPC reply (XID 30233)
D/RPC     (  460): 3000008c:00050000 received CALL.
D/RPC     (  460): 3000008c:00050000 dispatching RPC call (XID 30234, xdr 0x3a6378) for callback client 3100008c:00050001.
E/power   (  460): release_wake_lock g_error=2 
D/RPC     (  460): 3100008c:327681 sending RPC reply (XID 30234)
E/power   (  460): acquire_wake_lock g_error=2 
E/power   (  460): release_wake_lock g_error=2 
D/RPC     (  460): 3000008c:00050000 received CALL.
D/RPC     (  460): 3000008c:00050000 dispatching RPC call (XID 30235, xdr 0x3a6378) for callback client 3100008c:00050001.
D/RPC     (  460): 3100008c:327681 sending RPC reply (XID 30235)
E/DataRouter(  332): DrReadUsbStatus returns false USB is offline 
E/DataRouter(  332): DrReadUsbStatus returns false USB is offline 
E/power   (  460): acquire_wake_lock g_error=2 
E/power   (  460): acquire_wake_lock g_error=2 
E/power   (  460): release_wake_lock g_error=2 
E/power   (  460): release_wake_lock g_error=2 
E/power   (  460): acquire_wake_lock g_error=2 
E/power   (  460): release_wake_lock g_error=2 
D/RPC     (  460): 3000008c:00050000 received CALL.
D/RPC     (  460): 3000008c:00050000 dispatching RPC call (XID 30236, xdr 0x3a6378) for callback client 3100008c:00050001.
D/RPC     (  460): 3100008c:327681 sending RPC reply (XID 30236)
D/RPC     (  460): 3000008c:00050000 received CALL.
D/RPC     (  460): 3000008c:00050000 dispatching RPC call (XID 30237, xdr 0x3a6378) for callback client 3100008c:00050001.
D/RPC     (  460): 3100008c:327681 sending RPC reply (XID 30237)
D/RPC     (  460): 3000008c:00050000 received CALL.
D/RPC     (  460): 3000008c:00050000 dispatching RPC call (XID 30238, xdr 0x3a6378) for callback client 3100008c:00050001.
D/RPC     (  460): 3100008c:327681 sending RPC reply (XID 30238)
E/power   (  460): acquire_wake_lock g_error=2 
E/power   (  460): release_wake_lock g_error=2 
E/power   (  460): acquire_wake_lock g_error=2 
E/power   (  460): release_wake_lock g_error=2 
E/power   (  460): acquire_wake_lock g_error=2 
E/power   (  460): acquire_wake_lock g_error=2 
E/power   (  460): release_wake_lock g_error=2 
D/RPC     (  460): 3000008c:00050000 received CALL.
D/RPC     (  460): 3000008c:00050000 dispatching RPC call (XID 30239, xdr 0x3a6378) for callback client 3100008c:00050001.
D/RPC     (  460): 3100008c:327681 sending RPC reply (XID 30239)
D/RPC     (  460): 3000008c:00050000 received CALL.
D/RPC     (  460): 3000008c:00050000 dispatching RPC call (XID 30240, xdr 0x3a6378) for callback client 3100008c:00050001.
D/RPC     (  460): 3100008c:327681 sending RPC reply (XID 30240)
D/RPC     (  460): 3000008c:00050000 received CALL.
D/RPC     (  460): 3000008c:00050000 dispatching RPC call (XID 30241, xdr 0x3a6378) for callback client 3100008c:00050001.
D/RPC     (  460): 3100008c:327681 sending RPC reply (XID 30241)
D/RPC     (  460): 3000008c:00050000 received CALL.
D/RPC     (  460): 3000008c:00050000 dispatching RPC call (XID 30242, xdr 0x3a6378) for callback client 3100008c:00050001.
E/power   (  460): release_wake_lock g_error=2 
E/power   (  460): acquire_wake_lock g_error=2 
E/power   (  460): release_wake_lock g_error=2 
E/power   (  460): acquire_wake_lock g_error=2 
E/power   (  460): release_wake_lock g_error=2 
E/power   (  460): acquire_wake_lock g_error=2 
D/RPC     (  460): 3100008c:327681 sending RPC reply (XID 30242)
D/RPC     (  460): 3000008c:00050000 received CALL.
D/RPC     (  460): 3000008c:00050000 dispatching RPC call (XID 30243, xdr 0x3a6378) for callback client 3100008c:00050001.
D/RPC     (  460): 3100008c:327681 sending RPC reply (XID 30243)
D/RPC     (  460): 3000008c:00050000 received CALL.
D/RPC     (  460): 3000008c:00050000 dispatching RPC call (XID 30244, xdr 0x3a6378) for callback client 3100008c:00050001.
D/RPC     (  460): 3100008c:327681 sending RPC reply (XID 30244)
D/RPC     (  460): 3000008c:00050000 received CALL.
D/RPC     (  460): 3000008c:00050000 dispatching RPC call (XID 30245, xdr 0x3a6378) for callback client 3100008c:00050001.
E/power   (  460): release_wake_lock g_error=2 
D/RPC     (  460): 3100008c:327681 sending RPC reply (XID 30245)
E/power   (  460): acquire_wake_lock g_error=2 
E/power   (  460): release_wake_lock g_error=2 
D/RPC     (  460): 3000008c:00050000 received CALL.
D/RPC     (  460): 3000008c:00050000 dispatching RPC call (XID 30246, xdr 0x3a6378) for callback client 3100008c:00050001.
D/RPC     (  460): 3100008c:327681 sending RPC reply (XID 30246)
E/power   (  460): acquire_wake_lock g_error=2 
E/power   (  460): acquire_wake_lock g_error=2 
E/power   (  460): release_wake_lock g_error=2 
E/power   (  460): release_wake_lock g_error=2 
E/power   (  460): acquire_wake_lock g_error=2 
E/power   (  460): release_wake_lock g_error=2 
E/power   (  460): acquire_wake_lock g_error=2 
D/RPC     (  460): 3000008c:00050000 received CALL.
D/RPC     (  460): 3000008c:00050000 dispatching RPC call (XID 30247, xdr 0x3a6378) for callback client 3100008c:00050001.
D/RPC     (  460): 3100008c:327681 sending RPC reply (XID 30247)
D/RPC     (  460): 3000008c:00050000 received CALL.
D/RPC     (  460): 3000008c:00050000 dispatching RPC call (XID 30248, xdr 0x3a6378) for callback client 3100008c:00050001.
D/RPC     (  460): 3100008c:327681 sending RPC reply (XID 30248)
D/RPC     (  460): 3000008c:00050000 received CALL.
D/RPC     (  460): 3000008c:00050000 dispatching RPC call (XID 30249, xdr 0x3a6378) for callback client 3100008c:00050001.
D/RPC     (  460): 3100008c:327681 sending RPC reply (XID 30249)
D/RPC     (  460): 3000008c:00050000 received CALL.
D/RPC     (  460): 3000008c:00050000 dispatching RPC call (XID 30250, xdr 0x3a6378) for callback client 3100008c:00050001.
E/power   (  460): release_wake_lock g_error=2 
E/power   (  460): acquire_wake_lock g_error=2 
E/power   (  460): acquire_wake_lock g_error=2 
E/power   (  460): release_wake_lock g_error=2 
E/power   (  460): release_wake_lock g_error=2 
E/power   (  460): acquire_wake_lock g_error=2 
D/RPC     (  460): 3100008c:327681 sending RPC reply (XID 30250)
D/RPC     (  460): 3000008c:00050000 received CALL.
D/RPC     (  460): 3000008c:00050000 dispatching RPC call (XID 30251, xdr 0x3a6378) for callback client 3100008c:00050001.
D/RPC     (  460): 3100008c:327681 sending RPC reply (XID 30251)
D/RPC     (  460): 3000008c:00050000 received CALL.
D/RPC     (  460): 3000008c:00050000 dispatching RPC call (XID 30252, xdr 0x3a6378) for callback client 3100008c:00050001.
D/RPC     (  460): 3100008c:327681 sending RPC reply (XID 30252)
D/RPC     (  460): 3000008c:00050000 received CALL.
D/RPC     (  460): 3000008c:00050000 dispatching RPC call (XID 30253, xdr 0x3a6378) for callback client 3100008c:00050001.
D/RPC     (  460): 3100008c:327681 sending RPC reply (XID 30253)
E/power   (  460): acquire_wake_lock g_error=2 
E/power   (  460): release_wake_lock g_error=2 
E/power   (  460): release_wake_lock g_error=2 
E/power   (  460): acquire_wake_lock g_error=2 
E/power   (  460): release_wake_lock g_error=2 
E/power   (  460): acquire_wake_lock g_error=2 
E/power   (  460): release_wake_lock g_error=2 
D/RPC     (  460): 3000008c:00050000 received CALL.
D/RPC     (  460): 3000008c:00050000 dispatching RPC call (XID 30254, xdr 0x3a6378) for callback client 3100008c:00050001.
D/RPC     (  460): 3100008c:327681 sending RPC reply (XID 30254)
D/RPC     (  460): 3000008c:00050000 received CALL.
D/RPC     (  460): 3000008c:00050000 dispatching RPC call (XID 30255, xdr 0x3a6378) for callback client 3100008c:00050001.
D/RPC     (  460): 3100008c:327681 sending RPC reply (XID 30255)
D/RPC     (  460): 3000008c:00050000 received CALL.
D/RPC     (  460): 3000008c:00050000 dispatching RPC call (XID 30256, xdr 0x3a6378) for callback client 3100008c:00050001.
D/RPC     (  460): 3100008c:327681 sending RPC reply (XID 30256)
E/power   (  460): acquire_wake_lock g_error=2 
E/power   (  460): release_wake_lock g_error=2 
D/RPC     (  460): 3000008c:00050000 received CALL.
D/RPC     (  460): 3000008c:00050000 dispatching RPC call (XID 30257, xdr 0x3a6378) for callback client 3100008c:00050001.
D/RPC     (  460): 3100008c:327681 sending RPC reply (XID 30257)
E/DataRouter(  332): DrReadUsbStatus returns false USB is offline 
E/DataRouter(  332): DrReadUsbStatus returns false USB is offline 
E/power   (  460): acquire_wake_lock g_error=2 
E/power   (  460): acquire_wake_lock g_error=2 
E/power   (  460): release_wake_lock g_error=2 
E/power   (  460): release_wake_lock g_error=2 
E/power   (  460): acquire_wake_lock g_error=2 
E/power   (  460): release_wake_lock g_error=2 
E/power   (  460): acquire_wake_lock g_error=2 
D/RPC     (  460): 3000008c:00050000 received CALL.
D/RPC     (  460): 3000008c:00050000 dispatching RPC call (XID 30260, xdr 0x3a6378) for callback client 3100008c:00050001.
D/RPC     (  460): 3100008c:327681 sending RPC reply (XID 30260)
D/RPC     (  460): 3000008c:00050000 received CALL.
D/RPC     (  460): 3000008c:00050000 dispatching RPC call (XID 30261, xdr 0x3a6378) for callback client 3100008c:00050001.
D/RPC     (  460): 3100008c:327681 sending RPC reply (XID 30261)
D/RPC     (  460): 3000008c:00050000 received CALL.
D/RPC     (  460): 3000008c:00050000 dispatching RPC call (XID 30262, xdr 0x3a6378) for callback client 3100008c:00050001.
D/RPC     (  460): 3100008c:327681 sending RPC reply (XID 30262)
D/RPC     (  460): 3000008c:00050000 received CALL.
D/RPC     (  460): 3000008c:00050000 dispatching RPC call (XID 30263, xdr 0x3a6378) for callback client 3100008c:00050001.
E/power   (  460): acquire_wake_lock g_error=2 
E/power   (  460): release_wake_lock g_error=2 
E/power   (  460): release_wake_lock g_error=2 
E/power   (  460): acquire_wake_lock g_error=2 
E/power   (  460): release_wake_lock g_error=2 
E/power   (  460): acquire_wake_lock g_error=2 
D/RPC     (  460): 3100008c:327681 sending RPC reply (XID 30263)
D/RPC     (  460): 3000008c:00050000 received CALL.
D/RPC     (  460): 3000008c:00050000 dispatching RPC call (XID 30264, xdr 0x3a6378) for callback client 3100008c:00050001.
D/RPC     (  460): 3100008c:327681 sending RPC reply (XID 30264)
D/RPC     (  460): 3000008c:00050000 received CALL.
D/RPC     (  460): 3000008c:00050000 dispatching RPC call (XID 30265, xdr 0x3a6378) for callback client 3100008c:00050001.
D/RPC     (  460): 3100008c:327681 sending RPC reply (XID 30265)
D/RPC     (  460): 3000008c:00050000 received CALL.
D/RPC     (  460): 3000008c:00050000 dispatching RPC call (XID 30266, xdr 0x3a6378) for callback client 3100008c:00050001.
E/power   (  460): release_wake_lock g_error=2 
E/power   (  460): acquire_wake_lock g_error=2 
E/power   (  460): release_wake_lock g_error=2 
E/power   (  460): acquire_wake_lock g_error=2 
E/power   (  460): acquire_wake_lock g_error=2 
E/power   (  460): release_wake_lock g_error=2 
D/RPC     (  460): 3100008c:327681 sending RPC reply (XID 30266)
D/RPC     (  460): 3000008c:00050000 received CALL.
D/RPC     (  460): 3000008c:00050000 dispatching RPC call (XID 30267, xdr 0x3a6378) for callback client 3100008c:00050001.
D/RPC     (  460): 3100008c:327681 sending RPC reply (XID 30267)
D/RPC     (  460): 3000008c:00050000 received CALL.
D/RPC     (  460): 3000008c:00050000 dispatching RPC call (XID 30268, xdr 0x3a6378) for callback client 3100008c:00050001.
D/RPC     (  460): 3100008c:327681 sending RPC reply (XID 30268)
D/RPC     (  460): 3000008c:00050000 received CALL.
D/RPC     (  460): 3000008c:00050000 dispatching RPC call (XID 30269, xdr 0x3a6378) for callback client 3100008c:00050001.
D/RPC     (  460): 3100008c:327681 sending RPC reply (XID 30269)
E/power   (  460): release_wake_lock g_error=2 
E/power   (  460): acquire_wake_lock g_error=2 
E/power   (  460): release_wake_lock g_error=2 
D/RPC     (  460): 3000008c:00050000 received CALL.
D/RPC     (  460): 3000008c:00050000 dispatching RPC call (XID 30270, xdr 0x3a6378) for callback client 3100008c:00050001.
D/RPC     (  460): 3100008c:327681 sending RPC reply (XID 30270)
E/power   (  460): acquire_wake_lock g_error=2 
E/power   (  460): release_wake_lock g_error=2 
E/power   (  460): acquire_wake_lock g_error=2 
E/power   (  460): release_wake_lock g_error=2 
E/power   (  460): acquire_wake_lock g_error=2 
D/RPC     (  460): 3000008c:00050000 received CALL.
D/RPC     (  460): 3000008c:00050000 dispatching RPC call (XID 30271, xdr 0x3a6378) for callback client 3100008c:00050001.
D/RPC     (  460): 3100008c:327681 sending RPC reply (XID 30271)
D/RPC     (  460): 3000008c:00050000 received CALL.
D/RPC     (  460): 3000008c:00050000 dispatching RPC call (XID 30272, xdr 0x3a6378) for callback client 3100008c:00050001.
D/RPC     (  460): 3100008c:327681 sending RPC reply (XID 30272)
D/RPC     (  460): 3000008c:00050000 received CALL.
D/RPC     (  460): 3000008c:00050000 dispatching RPC call (XID 30273, xdr 0x3a6378) for callback client 3100008c:00050001.
E/power   (  460): acquire_wake_lock g_error=2 
E/power   (  460): release_wake_lock g_error=2 
E/power   (  460): release_wake_lock g_error=2 
E/power   (  460): acquire_wake_lock g_error=2 
E/power   (  460): release_wake_lock g_error=2 
E/power   (  460): acquire_wake_lock g_error=2 
E/power   (  460): release_wake_lock g_error=2 
D/RPC     (  460): 3100008c:327681 sending RPC reply (XID 30273)
D/RPC     (  460): 3000008c:00050000 received CALL.
D/RPC     (  460): 3000008c:00050000 dispatching RPC call (XID 30274, xdr 0x3a6378) for callback client 3100008c:00050001.
D/RPC     (  460): 3100008c:327681 sending RPC reply (XID 30274)
D/RPC     (  460): 3000008c:00050000 received CALL.
D/RPC     (  460): 3000008c:00050000 dispatching RPC call (XID 30275, xdr 0x3a6378) for callback client 3100008c:00050001.
D/RPC     (  460): 3100008c:327681 sending RPC reply (XID 30275)
D/RPC     (  460): 3000008c:00050000 received CALL.
D/RPC     (  460): 3000008c:00050000 dispatching RPC call (XID 30276, xdr 0x3a6378) for callback client 3100008c:00050001.
D/RPC     (  460): 3100008c:327681 sending RPC reply (XID 30276)
E/power   (  460): acquire_wake_lock g_error=2 
E/power   (  460): release_wake_lock g_error=2 
E/power   (  460): acquire_wake_lock g_error=2 
E/power   (  460): acquire_wake_lock g_error=2 
E/power   (  460): release_wake_lock g_error=2 
E/power   (  460): release_wake_lock g_error=2 
E/power   (  460): acquire_wake_lock g_error=2 
D/RPC     (  460): 3000008c:00050000 received CALL.
D/RPC     (  460): 3000008c:00050000 dispatching RPC call (XID 30277, xdr 0x3a6378) for callback client 3100008c:00050001.
D/RPC     (  460): 3100008c:327681 sending RPC reply (XID 30277)
D/RPC     (  460): 3000008c:00050000 received CALL.
D/RPC     (  460): 3000008c:00050000 dispatching RPC call (XID 30278, xdr 0x3a6378) for callback client 3100008c:00050001.
D/RPC     (  460): 3100008c:327681 sending RPC reply (XID 30278)
D/RPC     (  460): 3000008c:00050000 received CALL.
D/RPC     (  460): 3000008c:00050000 dispatching RPC call (XID 30279, xdr 0x3a6378) for callback client 3100008c:00050001.
D/RPC     (  460): 3100008c:327681 sending RPC reply (XID 30279)
D/RPC     (  460): 3000008c:00050000 received CALL.
D/RPC     (  460): 3000008c:00050000 dispatching RPC call (XID 30280, xdr 0x3a6378) for callback client 3100008c:00050001.
E/power   (  460): release_wake_lock g_error=2 
D/RPC     (  460): 3100008c:327681 sending RPC reply (XID 30280)
E/power   (  460): acquire_wake_lock g_error=2 
E/power   (  460): release_wake_lock g_error=2 
D/RPC     (  460): 3000008c:00050000 received CALL.
D/RPC     (  460): 3000008c:00050000 dispatching RPC call (XID 30281, xdr 0x3a6378) for callback client 3100008c:00050001.
D/RPC     (  460): 3100008c:327681 sending RPC reply (XID 30281)
D/InputReader(  460): Input event: value=1
D/PowerManagerService(  460): reactivateScreenLocksLocked mProxIgnoredBecauseScreenTurnedOff=false
I/PowerManagerService(  460): Ulight 1->7|0
D/PowerManagerService(  460): setLightBrightness : mButtonLight : 92
D/LightsService(  460): BKL : 23
V/AudioPolicyManager(  325): getParamFromPolicy  deviceInt = 0, situationInt = 1, situationVolume = 1.000000
I/InputDispatcher(  460): Delivering key to current input target: action: 0, channel '40949628 edu.mit.csail.diplomamatrix/edu.mit.csail.diplomamatrix.StatusActivity (server)'
I/InputDispatcher(  460): Delivering key to current input target: action: 0, channel 'PenGestureView (server)'
V/AudioPolicyService(  325): startOutput() tid 412
V/AudioPolicyManager(  325): startOutput() output 1, stream 1, session 213
V/AudioPolicyManager(  325): getDeviceForStrategy() from cache strategy 0, device 2
V/AudioPolicyManager(  325): getNewDevice() selected device 2
V/AudioPolicyManager(  325): setOutputDevice() output 1 device 2 delayMs 0
V/AudioPolicyManager(  325): setOutputDevice() setting same device 2 or null device for output 1
E/AudioTrack(  460): Audio track delete
E/AudioTrack(  460): stop 0x3d8a80
E/AudioTrack(  460): Stop complete
E/AudioTrack(  460): Audio track exit start
E/AudioTrack(  460): Audio track exit done
V/AudioPolicyService(  325): releaseOutput() tid 325
V/AudioPolicyManager(  325): releaseOutput() 1
D/LightsService(  460): BKL : 27
V/AudioHardwareMSM8660(  325): open driver
I/StatusActivity( 5654): 1333127717230: HI I'm in ONPAUSE()
I/InputDispatcher(  460): Delivering key to current input target: action: 1, channel '40949628 edu.mit.csail.diplomamatrix/edu.mit.csail.diplomamatrix.StatusActivity (server)'
I/OrientationDebug(  460): [pwm] in updateOrientationListenerLp()
V/OrientationDebug(  460): in updateOrientationListenerLp(), Screen status=true, current orientation=1, SensorEnabled=false
I/OrientationDebug(  460): [pwm] needSensorRunningLp(), return false #3
V/AudioHardwareMSM8660(  325): get config
V/AudioHardwareMSM8660(  325): set config
V/AudioHardwareMSM8660(  325): buffer_size: 4800
V/AudioHardwareMSM8660(  325): buffer_count: 2
V/AudioHardwareMSM8660(  325): channel_count: 2
V/AudioHardwareMSM8660(  325): sample_rate: 44100
E/WindowManager(  460): rotation is : 0
D/AudioHardwareMSM8660(  325): write(): dec_id = 1 cur_rx = 2
V/AudioHardwareMSM8660(  325): cur_rx for pcm playback = 2
D/AudioHardwareMSM8660(  325): value of device and enable is 2 1 ALSA dev id:2
D/LightsService(  460): BKL : 30
D/LightsService(  460): BKL : 34
I/GLThread(  639): onResume tid=15
I/Main thread(  639): onResume waiting for !mPaused.
I/GLThread(  639): mPaused is now false tid=15
E/power   (  460): acquire_wake_lock g_error=2 
D/Launcher(  639): It's image wallpaper. suggestDesiredDimensions(800 , 1280 )
I/Launcher(  639): onRestart. Launcher: 4059d3f8
I/Launcher(  639): onResume. Launcher: 4059d3f8, mIsNewIntent: false
D/RPC     (  460): 3000008c:00050000 received CALL.
E/WallpaperService(  460): setDimensionHints ! w=800
E/power   (  460): release_wake_lock g_error=2 
E/power   (  460): acquire_wake_lock g_error=2 
D/RPC     (  460): 3000008c:00050000 dispatching RPC call (XID 30282, xdr 0x3a6378) for callback client 3100008c:00050001.
D/RPC     (  460): 3100008c:327681 sending RPC reply (XID 30282)
D/RPC     (  460): 3000008c:00050000 received CALL.
D/RPC     (  460): 3000008c:00050000 dispatching RPC call (XID 30283, xdr 0x3a6378) for callback client 3100008c:00050001.
E/power   (  460): acquire_wake_lock g_error=2 
E/power   (  460): release_wake_lock g_error=2 
E/power   (  460): release_wake_lock g_error=2 
E/power   (  460): acquire_wake_lock g_error=2 
E/power   (  460): release_wake_lock g_error=2 
E/power   (  460): acquire_wake_lock g_error=2 
E/power   (  460): release_wake_lock g_error=2 
E/power   (  460): acquire_wake_lock g_error=2 
E/power   (  460): release_wake_lock g_error=2 
E/power   (  460): acquire_wake_lock g_error=2 
D/RPC     (  460): 3100008c:327681 sending RPC reply (XID 30283)
D/RPC     (  460): 3000008c:00050000 received CALL.
D/RPC     (  460): 3000008c:00050000 dispatching RPC call (XID 30284, xdr 0x3a6378) for callback client 3100008c:00050001.
D/RPC     (  460): 3100008c:327681 sending RPC reply (XID 30284)
D/RPC     (  460): 3000008c:00050000 received CALL.
D/RPC     (  460): 3000008c:00050000 dispatching RPC call (XID 30285, xdr 0x3a6378) for callback client 3100008c:00050001.
D/RPC     (  460): 3100008c:327681 sending RPC reply (XID 30285)
D/RPC     (  460): 3000008c:00050000 received CALL.
D/RPC     (  460): 3000008c:00050000 dispatching RPC call (XID 30286, xdr 0x3a6378) for callback client 3100008c:00050001.
D/RPC     (  460): 3100008c:327681 sending RPC reply (XID 30286)
D/RPC     (  460): 3000008c:00050000 received CALL.
D/RPC     (  460): 3000008c:00050000 dispatching RPC call (XID 30287, xdr 0x3a6378) for callback client 3100008c:00050001.
D/RPC     (  460): 3100008c:327681 sending RPC reply (XID 30287)
D/RPC     (  460): 3000008c:00050000 received CALL.
D/RPC     (  460): 3000008c:00050000 dispatching RPC call (XID 30288, xdr 0x3a6378) for callback client 3100008c:00050001.
D/ACDB-LOADER(  325): ACDB -> send_audio_cal, acdb_id = 2, path =  0
D/ACDB-LOADER(  325): ACDB -> send_audtable
D/ACDB-LOADER(  325): ACDB -> ACDB_CMD_GET_AUDPROC_COMMON_TABLE
D/ACDB-LOADER(  325): ACDB -> AUDIO_SET_AUDPROC_CAL
D/ACDB-LOADER(  325): ACDB -> send_audvoltable
D/ACDB-LOADER(  325): ACDB -> ACDB_CMD_GET_AUDPROC_GAIN_DEP_VOLTBL_STEP_COPP
D/ACDB-LOADER(  325): ACDB -> AUDIO_SET_AUDPROC_VOL_CAL
E/power   (  460): acquire_wake_lock g_error=2 
E/power   (  460): release_wake_lock g_error=2 
D/RPC     (  460): 3100008c:327681 sending RPC reply (XID 30288)
D/RPC     (  460): 3000008c:00050000 received CALL.
D/RPC     (  460): 3000008c:00050000 dispatching RPC call (XID 30289, xdr 0x3a6378) for callback client 3100008c:00050001.
E/power   (  460): release_wake_lock g_error=2 
E/power   (  460): acquire_wake_lock g_error=2 
E/power   (  460): release_wake_lock g_error=2 
E/power   (  460): acquire_wake_lock g_error=2 
E/power   (  460): release_wake_lock g_error=2 
D/RPC     (  460): 3100008c:327681 sending RPC reply (XID 30289)
D/RPC     (  460): 3000008c:00050000 received CALL.
D/RPC     (  460): 3000008c:00050000 dispatching RPC call (XID 30290, xdr 0x3a6378) for callback client 3100008c:00050001.
D/RPC     (  460): 3100008c:327681 sending RPC reply (XID 30290)
D/RPC     (  460): 3000008c:00050000 received CALL.
D/RPC     (  460): 3000008c:00050000 dispatching RPC call (XID 30291, xdr 0x3a6378) for callback client 3100008c:00050001.
D/RPC     (  460): 3100008c:327681 sending RPC reply (XID 30291)
D/LightsService(  460): BKL : 38
D/LightsService(  460): BKL : 41
D/PowerManagerService(  460): onSensorChanged: light value: 1000
E/com.samsung.app(  951): [MSC_Accu]>>> WeatherWidgetProvider.java:354 [0:0] onReceive@ sec.android.intent.action.HOME_RESUME
E/com.samsung.app(  951): [MSC_Accu]>>> WidgetIdManager.java:53 [0:0] AccuWeatherClockWidgetID_Length
E/com.samsung.app(  951): [MSC_Accu]>>> WidgetIdManager.java:54 [0:0] getPrefIDs@lngth:1
E/com.samsung.app(  951): [MSC_Accu]>>> WidgetIdManager.java:60 [0:0] getPrefIDs@Ids1:4
W/AudioFlinger(  325): write blocked for 98 msecs, 56 delayed writes, thread 0x32948
D/InputReader(  460): Input event: value=0
E/power   (  460): acquire_wake_lock g_error=2 
D/RPC     (  460): 3000008c:00050000 received CALL.
D/LightsService(  460): BKL : 45
D/LightsService(  460): BKL : 48
E/com.samsung.app( 1396): [MSC]>>> StockClock_Integration.java:235 [0:0] onReceive sec.android.intent.action.HOME_RESUME
E/com.samsung.app( 1396): [MSC]>>> StockClock_Integration.java:241 [0:0] onReceive : no stock widget!!!
I/ApplicationUsage(  460): Updating Usage Statistics in DB @ 1333127717382
D/LightsService(  460): BKL : 52
I/SurfaceFlinger(  460): id=340(15) createSurface 0x44cdac for pid 639 (800x1230),1 flag=0, SurfaceView
I/PhotoAppWidgetProvider( 1405): onReceive
I/PhotoAppWidgetProvider( 1405): RestartSlideShow
I/WindowManager(  460):   CREATE SURFACE Surface(name=SurfaceView, identity=340, mNativeSurface=0) IN SESSION android.view.SurfaceSession@4063f808: pid=639 format=1 flags=0x0 / Window{40c9f1a0 SurfaceView paused=false}
D/PhotoDatabaseHelper( 1405): getWidgetIdList query count : 0
D/PhotoAppWidgetProvider( 1405): onReceive End
D/DigitalClock(  989): DigitalClockAppWidget.onReceive : ACTION_HOME_RESUME is called!!
I/GLThread(  639): noticed surfaceView surface acquired tid=15
W/GLThread(  639): egl createSurface
W/EglHelper(  639): createSurface()  tid=15
I/Main thread(  639): onWindowResize waiting for render complete from tid=15
D/msm8660.gralloc(  460): !@/dev/pmem: allocating pmem size=3993600, offset=2048000(0x1f4000)
W/GLThread(  639): onSurfaceChanged(800, 1230)
I/GLThread(  639): noticing that we want render notification tid=15
W/GLThread(  639): onSurfaceChanged(800, 1230)
D/msm8660.gralloc(  460): !@/dev/pmem: allocating pmem size=3993600, offset=20893696(0x13ed000)
I/Main thread(  639): onWindowResize waiting for render complete from tid=15
I/GLThread(  639): sending render notification tid=15
I/SurfaceFlinger(  460): id=341(16) createSurface 0xee3ec for pid 639 (800x1280),1 flag=400, com.sec.android.app.twlauncher/com.sec.android.app.twlauncher.Launcher
I/InputDispatcher(  460): Delivering key to current input target: action: 1, channel '40c9b530 com.sec.android.app.twlauncher/com.sec.android.app.twlauncher.Launcher (server)'
I/InputDispatcher(  460): Delivering key to current input target: action: 1, channel 'PenGestureView (server)'
D/Surface (  639): Surface is full screen
D/LightsService(  460): BKL : 55
I/WindowManager(  460):   CREATE SURFACE Surface(name=com.sec.android.app.twlauncher/com.sec.android.app.twlauncher.Launcher, identity=341, mNativeSurface=0) IN SESSION android.view.SurfaceSession@4063f808: pid=639 format=-2 flags=0x400 / Window{40c9b530 com.sec.android.app.twlauncher/com.sec.android.app.twlauncher.Launcher paused=false}
D/LightsService(  460): BKL : 59
D/LightsService(  460): BKL : 63
E/AudioTrack(  460): stop 0x493ac0
V/AudioPolicyService(  325): stopOutput() tid 419
V/AudioPolicyManager(  325): stopOutput() output 1, stream 1, session 213
V/AudioPolicyManager(  325): getNewDevice() selected device 0
V/AudioPolicyManager(  325): setOutputDevice() output 1 device 0 delayMs 0
V/AudioPolicyManager(  325): setOutputDevice() setting same device 0 or null device for output 1
E/AudioTrack(  460): Stop complete
E/power   (  460): release_wake_lock g_error=2 
