D/dalvikvm( 1025): GC_CONCURRENT freed 2719K, 32% free 10426K/15111K, paused 2ms+3ms
W/InputManagerService(  153): Window already focused, ignoring focus gain of: com.android.internal.view.IInputMethodClient$Stub$Proxy@41779b88
D/dalvikvm(  153): GC_CONCURRENT freed 735K, 11% free 12542K/13959K, paused 3ms+7ms
I/CameraCloud( 1025): 1333728599429: .......... GPS onLocationChanged ...... 
I/CameraCloud( 1025): 1333728599430: Loc = Location[mProvider=gps,mTime=1333815000000,mLatitude=42.36392511985597,mLongitude=-71.10100833125264,mHasAltitude=true,mAltitude=-19.0,mHasSpeed=true,mSpeed=0.0,mHasBearing=true,mBearing=91.39091,mHasAccuracy=true,mAccuracy=10.0,mExtras=Bundle[mParcelledData.dataSize=4]] Previous Region = (1,0)
I/CameraCloud( 1025): 1333728599431: GPS x/long:-71.10100833125264, GPS y/lat: 42.36392511985597. Region width in x: 51.96152422706632
I/CameraCloud( 1025): 1333728599431: location PINPOINTS to region = 1.0, previous 1
I/CameraCloud( 1025): 1333728599431: stay at region 1
I/CameraCloud( 1025): 1333728601140: canPressButton = TRUE
I/CameraCloud( 1025): 1333728601141: areButtonsEnabled --> false
I/CameraCloud( 1025): 1333728601144: disabling buttons ...
I/CameraCloud( 1025): 1333728601146: new pic disableButtons XXX
I/CameraCloud( 1025): 1333728601146: areButtonsEnabled --> false
D/AudioHardware(   81): AudioHardware pcm playback is exiting standby.
D/AudioHardware(   81): openPcmOut_l() mPcmOpenCnt: 0
I/CameraCloud( 1025): 1333728601194: takeNum=11 takeCamGood=10 takeGoodSave=10 takeBad=0 getNum=13 getGood=13 getBad=0
I/CameraCloud( 1025): 1333728601195: ** Clicked take picture button **
I/CameraSurfaceView( 1025): inside getCamera()
I/CameraHardwareSec(   81): int android::CameraHardwareSec::previewThreadWrapper(): calling mSecCamera->stopPreview() and waiting
I/SecCamera(   81): int android::fimc_v4l2_querybuf(int, android::fimc_buffer*, v4l2_buf_type) :
I/SecCamera(   81): int android::fimc_v4l2_querybuf(int, android::fimc_buffer*, v4l2_buf_type): buffer->start = 0x43d31000 v4l2_buf.length = 4261248
I/CameraHardwareSec(   81): == Camera Sensor Detect S5K4ECGX - Samsung LSI SOC 5M ==
D/JpegEncoder(   81): encode E
D/JpegEncoder(   81): encode X
D/SecCamera(   81): Shutter speed=790 us, iso=50
D/SecCamera(   81): AV=3, TV=10, SV=4
D/JpegEncoder(   81): makeExif E
D/JpegEncoder(   81): makeExif X
I/SecCamera(   81): int android::SecCamera::endSnapshot() :
I/SecCamera(   81): munmap():virt. addr 0x43d31000 size = 4261248
D/dalvikvm( 1025): GC_FOR_ALLOC freed 89K, 32% free 10401K/15111K, paused 18ms
I/dalvikvm-heap( 1025): Grow heap (frag case) to 12.071MB for 1929631-byte allocation
D/dalvikvm( 1025): GC_CONCURRENT freed 6K, 19% free 12279K/15111K, paused 2ms+2ms
I/CameraCloud( 1025): 1333728601933: inside HandlePictureStorage onPictureTaken()
I/CameraCloud( 1025): 1333728601933: takeNum=11 takeCamGood=11 takeGoodSave=10 takeBad=0 getNum=13 getGood=13 getBad=0
D/CameraHardwareSec(   81): mPreviewHeap(fd(31), size(518400), width(720), height(480))
I/CameraHardwareSec(   81): int android::CameraHardwareSec::previewThreadWrapper(): return from wait
I/CameraCloud( 1025): 1333728602384: Picture successfully taken, ORIG BYTE LENGTH = 1929615
D/dalvikvm( 1025): GC_EXPLICIT freed 2K, 19% free 12280K/15111K, paused 33ms+3ms
I/CameraCloud( 1025): 1333728602711: Our new height x width: 240 x 320
I/CameraCloud( 1025): 1333728602711: Show photo from handle my camera take
I/CameraCloud( 1025): 1333728602712: client making photo packet to send to leader
I/CameraCloud( 1025): 1333728602724: BYTE SIZE AFTER COMPRESSION: 4886
I/CameraCloud( 1025): 1333728602725: sending new pic ....
I/CameraCloud( 1025): 1333728602725: Server request to url: http://hermes5.csail.mit.edu:8213/101/1/0/
I/CameraCloud( 1025): 1333728602847: Cloud server request length: 17186
I/CameraCloud( 1025): 1333728602847: about to execute HTTP POST
I/CameraCloud( 1025): 1333728602848: in serverRequest() about to httpclient.execute()
D/AudioHardware(   81): AudioHardware pcm playback is going to standby.
D/AudioHardware(   81): closePcmOut_l() mPcmOpenCnt: 1
I/System.out(  741): [INFO:1861108]: c: Running flush
I/System.out(  741): [INFO:1861109]: c: Sending payload [bytes=334]
I/System.out(  741): [INFO:1866118]: c: Running delayed flush
I/System.out(  741): [INFO:1866128]: c: Running flush
I/ActivityManager(  153): No longer want com.google.android.apps.maps:NetworkLocationService (pid 741): hidden #16
W/ActivityManager(  153): Scheduling restart of crashed service com.google.android.apps.maps/com.google.android.location.internal.server.NetworkLocationService in 5000ms
D/dalvikvm(  312): GC_CONCURRENT freed 418K, 6% free 9503K/10055K, paused 7ms+2ms
I/ActivityManager(  153): Start proc com.google.android.apps.maps:NetworkLocationService for service com.google.android.apps.maps/com.google.android.location.internal.server.NetworkLocationService: pid=1217 uid=10032 gids={3003, 1015}
I/dalvikvm( 1217): Turning on JNI app bug workarounds for target SDK version 13...
D/dalvikvm( 1217): GC_CONCURRENT freed 168K, 3% free 9365K/9607K, paused 2ms+3ms
D/dalvikvm( 1217): GC_CONCURRENT freed 180K, 3% free 9735K/9991K, paused 3ms+2ms
D/dalvikvm( 1217): GC_CONCURRENT freed 175K, 3% free 10122K/10375K, paused 2ms+2ms
I/System.out( 1217): [INFO:663]: c: Running flush
D/dalvikvm( 1217): GC_CONCURRENT freed 748K, 8% free 9931K/10759K, paused 1ms+2ms
I/ActivityManager(  153): No longer want com.google.android.apps.googlevoice (pid 859): hidden #16
I/System.out( 1217): [INFO:736]: c: Sending payload [bytes=290]
I/System.out( 1217): [INFO:5731]: c: Running delayed flush
I/System.out( 1217): [INFO:5742]: c: Running flush
D/dalvikvm(  153): GC_CONCURRENT freed 823K, 11% free 12540K/13959K, paused 33ms+5ms
I/CameraCloud( 1025): 1333728648941: CameraCloud Execute HTTP latency: 46092ms
I/CameraCloud( 1025): 1333728648942: finished executing HTTP POST, get data
I/CameraCloud( 1025): 1333728648944: make input stream reader for data
I/CameraCloud( 1025): 1333728648946: Cloud response length: 18
I/CameraCloud( 1025): 1333728648948: Returning cloud object
I/CameraCloud( 1025): 1333728648955: CameraCloud upload new photo latency = 46230
I/CameraCloud( 1025): 1333728648956: CameraCloud upload start 1333728602725 ~ stop 1333728648955
I/CameraCloud( 1025): 1333728648956: takeNum=11 takeCamGood=11 takeGoodSave=11 takeBad=0 getNum=13 getGood=13 getBad=0
I/CameraCloud( 1025): 1333728648956: SUCCESS! Client now knows saving photo on cloud server succeeded
I/CameraCloud( 1025): 1333728648956: RETURN STATUS: 12
I/CameraCloud( 1025): 1333728648957: Inside _enableButtons
I/CameraCloud( 1025): 1333728648957: areButtonsEnabled --> true
I/CameraCloud( 1025): 1333728648957: end of client send picture method
I/CameraCloud( 1025): 1333728648995: .......... GPS onLocationChanged ...... 
I/CameraCloud( 1025): 1333728648995: Loc = Location[mProvider=gps,mTime=1333815005000,mLatitude=42.363935096657016,mLongitude=-71.10099871574046,mHasAltitude=true,mAltitude=-17.0,mHasSpeed=true,mSpeed=0.4525653,mHasBearing=true,mBearing=77.318054,mHasAccuracy=true,mAccuracy=10.0,mExtras=Bundle[mParcelledData.dataSize=4]] Previous Region = (1,0)
I/CameraCloud( 1025): 1333728648996: GPS x/long:-71.10099871574046, GPS y/lat: 42.363935096657016. Region width in x: 51.96152422706632
I/CameraCloud( 1025): 1333728648996: location PINPOINTS to region = 1.0, previous 1
I/CameraCloud( 1025): 1333728648996: stay at region 1
I/CameraCloud( 1025): 1333728648997: .......... GPS onLocationChanged ...... 
I/CameraCloud( 1025): 1333728648998: Loc = Location[mProvider=gps,mTime=1333815007000,mLatitude=42.36394139642613,mLongitude=-71.1009897170463,mHasAltitude=true,mAltitude=-22.0,mHasSpeed=true,mSpeed=0.4910697,mHasBearing=true,mBearing=71.82736,mHasAccuracy=true,mAccuracy=15.0,mExtras=Bundle[mParcelledData.dataSize=4]] Previous Region = (1,0)
I/CameraCloud( 1025): 1333728648998: GPS x/long:-71.1009897170463, GPS y/lat: 42.36394139642613. Region width in x: 51.96152422706632
I/CameraCloud( 1025): 1333728648999: location PINPOINTS to region = 1.0, previous 1
I/CameraCloud( 1025): 1333728648999: stay at region 1
I/CameraCloud( 1025): 1333728649000: .......... GPS onLocationChanged ...... 
I/CameraCloud( 1025): 1333728649000: Loc = Location[mProvider=gps,mTime=1333815011000,mLatitude=42.36394859058994,mLongitude=-71.10097678740617,mHasAltitude=true,mAltitude=-22.0,mHasSpeed=true,mSpeed=0.5125797,mHasBearing=true,mBearing=66.817986,mHasAccuracy=true,mAccuracy=30.0,mExtras=Bundle[mParcelledData.dataSize=4]] Previous Region = (1,0)
I/CameraCloud( 1025): 1333728649001: GPS x/long:-71.10097678740617, GPS y/lat: 42.36394859058994. Region width in x: 51.96152422706632
I/CameraCloud( 1025): 1333728649001: location PINPOINTS to region = 1.0, previous 1
I/CameraCloud( 1025): 1333728649001: stay at region 1
I/CameraCloud( 1025): 1333728649002: .......... GPS onLocationChanged ...... 
I/CameraCloud( 1025): 1333728649002: Loc = Location[mProvider=gps,mTime=1333815014000,mLatitude=42.363955035946304,mLongitude=-71.10096810587179,mHasAltitude=true,mAltitude=-24.0,mHasSpeed=true,mSpeed=0.19869712,mHasBearing=true,mBearing=51.91301,mHasAccuracy=true,mAccuracy=15.0,mExtras=Bundle[mParcelledData.dataSize=4]] Previous Region = (1,0)
I/CameraCloud( 1025): 1333728649003: GPS x/long:-71.10096810587179, GPS y/lat: 42.363955035946304. Region width in x: 51.96152422706632
I/CameraCloud( 1025): 1333728649003: location PINPOINTS to region = 1.0, previous 1
I/CameraCloud( 1025): 1333728649003: stay at region 1
I/CameraCloud( 1025): 1333728649004: .......... GPS onLocationChanged ...... 
I/CameraCloud( 1025): 1333728649005: Loc = Location[mProvider=gps,mTime=1333815016000,mLatitude=42.36396582721255,mLongitude=-71.10095718211775,mHasAltitude=true,mAltitude=-26.0,mHasSpeed=true,mSpeed=0.0,mHasBearing=true,mBearing=41.01745,mHasAccuracy=true,mAccuracy=15.0,mExtras=Bundle[mParcelledData.dataSize=4]] Previous Region = (1,0)
I/CameraCloud( 1025): 1333728649005: GPS x/long:-71.10095718211775, GPS y/lat: 42.36396582721255. Region width in x: 51.96152422706632
I/CameraCloud( 1025): 1333728649005: location PINPOINTS to region = 1.0, previous 1
I/CameraCloud( 1025): 1333728649006: stay at region 1
I/CameraCloud( 1025): 1333728649006: .......... GPS onLocationChanged ...... 
I/CameraCloud( 1025): 1333728649007: Loc = Location[mProvider=gps,mTime=1333815022000,mLatitude=42.36397028329498,mLongitude=-71.1009431882372,mHasAltitude=true,mAltitude=-23.0,mHasSpeed=true,mSpeed=0.063464046,mHasBearing=true,mBearing=44.219242,mHasAccuracy=true,mAccuracy=15.0,mExtras=Bundle[mParcelledData.dataSize=4]] Previous Region = (1,0)
I/CameraCloud( 1025): 1333728649007: GPS x/long:-71.1009431882372, GPS y/lat: 42.36397028329498. Region width in x: 51.96152422706632
I/CameraCloud( 1025): 1333728649008: location PINPOINTS to region = 1.0, previous 1
I/CameraCloud( 1025): 1333728649008: stay at region 1
I/CameraCloud( 1025): 1333728649008: .......... GPS onLocationChanged ...... 
I/CameraCloud( 1025): 1333728649009: Loc = Location[mProvider=gps,mTime=1333815025000,mLatitude=42.36395936552854,mLongitude=-71.10093579876501,mHasAltitude=true,mAltitude=-22.0,mHasSpeed=true,mSpeed=0.16729769,mHasBearing=true,mBearing=71.02723,mHasAccuracy=true,mAccuracy=15.0,mExtras=Bundle[mParcelledData.dataSize=4]] Previous Region = (1,0)
I/CameraCloud( 1025): 1333728649009: GPS x/long:-71.10093579876501, GPS y/lat: 42.36395936552854. Region width in x: 51.96152422706632
I/CameraCloud( 1025): 1333728649010: location PINPOINTS to region = 1.0, previous 1
I/CameraCloud( 1025): 1333728649010: stay at region 1
I/CameraCloud( 1025): 1333728649011: .......... GPS onLocationChanged ...... 
I/CameraCloud( 1025): 1333728649011: Loc = Location[mProvider=gps,mTime=1333815027000,mLatitude=42.36395287708499,mLongitude=-71.10092081081737,mHasAltitude=true,mAltitude=-23.0,mHasSpeed=true,mSpeed=0.29103324,mHasBearing=true,mBearing=48.837505,mHasAccuracy=true,mAccuracy=15.0,mExtras=Bundle[mParcelledData.dataSize=4]] Previous Region = (1,0)
I/CameraCloud( 1025): 1333728649011: GPS x/long:-71.10092081081737, GPS y/lat: 42.36395287708499. Region width in x: 51.96152422706632
I/CameraCloud( 1025): 1333728649012: location PINPOINTS to region = 1.0, previous 1
I/CameraCloud( 1025): 1333728649012: stay at region 1
I/CameraCloud( 1025): 1333728649013: .......... GPS onLocationChanged ...... 
I/CameraCloud( 1025): 1333728649013: Loc = Location[mProvider=gps,mTime=1333815033000,mLatitude=42.36392904274859,mLongitude=-71.10092572895631,mHasAltitude=true,mAltitude=-23.0,mHasSpeed=true,mSpeed=0.0,mHasBearing=true,mBearing=38.00391,mHasAccuracy=true,mAccuracy=10.0,mExtras=Bundle[mParcelledData.dataSize=4]] Previous Region = (1,0)
I/CameraCloud( 1025): 1333728649013: GPS x/long:-71.10092572895631, GPS y/lat: 42.36392904274859. Region width in x: 51.96152422706632
I/CameraCloud( 1025): 1333728649014: location PINPOINTS to region = 1.0, previous 1
I/CameraCloud( 1025): 1333728649014: stay at region 1
I/CameraCloud( 1025): 1333728649015: .......... GPS onLocationChanged ...... 
I/CameraCloud( 1025): 1333728649015: Loc = Location[mProvider=gps,mTime=1333815034000,mLatitude=42.36391794002768,mLongitude=-71.1009313652094,mHasAltitude=true,mAltitude=-22.0,mHasSpeed=true,mSpeed=0.45067126,mHasBearing=true,mBearing=75.95285,mHasAccuracy=true,mAccuracy=10.0,mExtras=Bundle[mParcelledData.dataSize=4]] Previous Region = (1,0)
I/CameraCloud( 1025): 1333728649016: GPS x/long:-71.1009313652094, GPS y/lat: 42.36391794002768. Region width in x: 51.96152422706632
I/CameraCloud( 1025): 1333728649016: location PINPOINTS to region = 1.0, previous 1
I/CameraCloud( 1025): 1333728649016: stay at region 1
I/CameraCloud( 1025): 1333728649017: .......... GPS onLocationChanged ...... 
I/CameraCloud( 1025): 1333728649018: Loc = Location[mProvider=gps,mTime=1333815044000,mLatitude=42.36390869092113,mLongitude=-71.10094808082226,mHasAltitude=true,mAltitude=-26.0,mHasSpeed=true,mSpeed=0.3241983,mHasBearing=true,mBearing=28.086205,mHasAccuracy=true,mAccuracy=15.0,mExtras=Bundle[mParcelledData.dataSize=4]] Previous Region = (1,0)
I/CameraCloud( 1025): 1333728649018: GPS x/long:-71.10094808082226, GPS y/lat: 42.36390869092113. Region width in x: 51.96152422706632
I/CameraCloud( 1025): 1333728649018: location PINPOINTS to region = 1.0, previous 1
I/CameraCloud( 1025): 1333728649018: stay at region 1
W/InputManagerService(  153): Window already focused, ignoring focus gain of: com.android.internal.view.IInputMethodClient$Stub$Proxy@415f1c20
D/dalvikvm( 1217): GC_CONCURRENT freed 305K, 7% free 10033K/10759K, paused 2ms+3ms
I/System.out( 1217): [INFO:32982]: c: Response [http=200,length=93]
D/dalvikvm(  153): GC_CONCURRENT freed 810K, 11% free 12527K/13959K, paused 2ms+5ms
I/CameraCloud( 1025): 1333728665440: .......... GPS onLocationChanged ...... 
I/CameraCloud( 1025): 1333728665441: Loc = Location[mProvider=gps,mTime=1333815066000,mLatitude=42.36391826558899,mLongitude=-71.1009683246305,mHasAltitude=true,mAltitude=-22.0,mHasSpeed=true,mSpeed=0.0,mHasBearing=true,mBearing=302.09204,mHasAccuracy=true,mAccuracy=15.0,mExtras=Bundle[mParcelledData.dataSize=4]] Previous Region = (1,0)
I/CameraCloud( 1025): 1333728665442: GPS x/long:-71.1009683246305, GPS y/lat: 42.36391826558899. Region width in x: 51.96152422706632
I/CameraCloud( 1025): 1333728665442: location PINPOINTS to region = 1.0, previous 1
I/CameraCloud( 1025): 1333728665443: stay at region 1
I/CameraCloud( 1025): 1333728671414: .......... GPS onLocationChanged ...... 
I/CameraCloud( 1025): 1333728671415: Loc = Location[mProvider=gps,mTime=1333815072000,mLatitude=42.36391386032239,mLongitude=-71.10098110985506,mHasAltitude=true,mAltitude=-24.0,mHasSpeed=true,mSpeed=0.38185045,mHasBearing=true,mBearing=247.92581,mHasAccuracy=true,mAccuracy=10.0,mExtras=Bundle[mParcelledData.dataSize=4]] Previous Region = (1,0)
I/CameraCloud( 1025): 1333728671415: GPS x/long:-71.10098110985506, GPS y/lat: 42.36391386032239. Region width in x: 51.96152422706632
I/CameraCloud( 1025): 1333728671416: location PINPOINTS to region = 1.0, previous 1
I/CameraCloud( 1025): 1333728671416: stay at region 1
D/dalvikvm( 1025): GC_FOR_ALLOC freed 2768K, 31% free 10446K/15111K, paused 21ms
D/dalvikvm( 1025): GC_CONCURRENT freed 29K, 28% free 10887K/15111K, paused 1ms+2ms
I/CameraCloud( 1025): 1333728672518: .......... GPS onLocationChanged ...... 
I/CameraCloud( 1025): 1333728672519: Loc = Location[mProvider=gps,mTime=1333815073000,mLatitude=42.36391131692006,mLongitude=-71.10099414205456,mHasAltitude=true,mAltitude=-24.0,mHasSpeed=true,mSpeed=0.4107444,mHasBearing=true,mBearing=278.60764,mHasAccuracy=true,mAccuracy=10.0,mExtras=Bundle[mParcelledData.dataSize=4]] Previous Region = (1,0)
I/CameraCloud( 1025): 1333728672520: GPS x/long:-71.10099414205456, GPS y/lat: 42.36391131692006. Region width in x: 51.96152422706632
I/CameraCloud( 1025): 1333728672520: location PINPOINTS to region = 1.0, previous 1
I/CameraCloud( 1025): 1333728672520: stay at region 1
I/CameraCloud( 1025): 1333728679437: .......... GPS onLocationChanged ...... 
I/CameraCloud( 1025): 1333728679438: Loc = Location[mProvider=gps,mTime=1333815080000,mLatitude=42.36390532037918,mLongitude=-71.10100502987528,mHasAltitude=true,mAltitude=-16.0,mHasSpeed=true,mSpeed=0.06510081,mHasBearing=true,mBearing=217.0456,mHasAccuracy=true,mAccuracy=15.0,mExtras=Bundle[mParcelledData.dataSize=4]] Previous Region = (1,0)
I/CameraCloud( 1025): 1333728679438: GPS x/long:-71.10100502987528, GPS y/lat: 42.36390532037918. Region width in x: 51.96152422706632
I/CameraCloud( 1025): 1333728679438: location PINPOINTS to region = 1.0, previous 1
I/CameraCloud( 1025): 1333728679439: stay at region 1
I/CameraCloud( 1025): 1333728685409: .......... GPS onLocationChanged ...... 
I/CameraCloud( 1025): 1333728685410: Loc = Location[mProvider=gps,mTime=1333815086000,mLatitude=42.363895287949184,mLongitude=-71.10101477902745,mHasAltitude=true,mAltitude=-21.0,mHasSpeed=true,mSpeed=0.1123426,mHasBearing=true,mBearing=245.68796,mHasAccuracy=true,mAccuracy=10.0,mExtras=Bundle[mParcelledData.dataSize=4]] Previous Region = (1,0)
I/CameraCloud( 1025): 1333728685411: GPS x/long:-71.10101477902745, GPS y/lat: 42.363895287949184. Region width in x: 51.96152422706632
I/CameraCloud( 1025): 1333728685411: location PINPOINTS to region = 1.0, previous 1
I/CameraCloud( 1025): 1333728685411: stay at region 1
I/CameraCloud( 1025): 1333728690433: .......... GPS onLocationChanged ...... 
I/CameraCloud( 1025): 1333728690435: Loc = Location[mProvider=gps,mTime=1333815091000,mLatitude=42.3639051999924,mLongitude=-71.10102191698886,mHasAltitude=true,mAltitude=-21.0,mHasSpeed=true,mSpeed=0.13453604,mHasBearing=true,mBearing=340.97263,mHasAccuracy=true,mAccuracy=10.0,mExtras=Bundle[mParcelledData.dataSize=4]] Previous Region = (1,0)
I/CameraCloud( 1025): 1333728690436: GPS x/long:-71.10102191698886, GPS y/lat: 42.3639051999924. Region width in x: 51.96152422706632
I/CameraCloud( 1025): 1333728690437: location PINPOINTS to region = 1.0, previous 1
I/CameraCloud( 1025): 1333728690437: stay at region 1
I/CameraCloud( 1025): 1333728693436: .......... GPS onLocationChanged ...... 
I/CameraCloud( 1025): 1333728693439: Loc = Location[mProvider=gps,mTime=1333815094000,mLatitude=42.36391437953878,mLongitude=-71.10100729964526,mHasAltitude=true,mAltitude=-23.0,mHasSpeed=true,mSpeed=0.12952429,mHasBearing=true,mBearing=57.820915,mHasAccuracy=true,mAccuracy=15.0,mExtras=Bundle[mParcelledData.dataSize=4]] Previous Region = (1,0)
I/CameraCloud( 1025): 1333728693439: GPS x/long:-71.10100729964526, GPS y/lat: 42.36391437953878. Region width in x: 51.96152422706632
I/CameraCloud( 1025): 1333728693439: location PINPOINTS to region = 1.0, previous 1
I/CameraCloud( 1025): 1333728693440: stay at region 1
D/dalvikvm(  328): GC_CONCURRENT freed 243K, 4% free 9261K/9607K, paused 3ms+2ms
D/dalvikvm(  153): GC_CONCURRENT freed 889K, 11% free 12517K/13959K, paused 3ms+14ms
I/CameraCloud( 1025): 1333728694508: canPressButton = TRUE
I/CameraCloud( 1025): 1333728694511: areButtonsEnabled --> false 
I/CameraCloud( 1025): 1333728694512: Inside get photo disableButtons XXX
D/AudioHardware(   81): AudioHardware pcm playback is exiting standby.
D/AudioHardware(   81): openPcmOut_l() mPcmOpenCnt: 0
I/CameraCloud( 1025): 1333728694565: takeNum=11 takeCamGood=11 takeGoodSave=11 takeBad=0 getNum=14 getGood=13 getBad=0
I/CameraCloud( 1025): 1333728694565: ** Clicked getphotos Button from region 4 **
I/CameraCloud( 1025): 1333728694566: Trying to get photo from server, about to call serverRequest()
I/CameraCloud( 1025): 1333728694566: Server request to url: http://hermes5.csail.mit.edu:8213/102/4/0/
I/CameraCloud( 1025): 1333728694568: Cloud server request length: 12
I/CameraCloud( 1025): 1333728694569: about to execute HTTP POST
I/CameraCloud( 1025): 1333728694569: in serverRequest() about to httpclient.execute()
D/dalvikvm(  328): GC_CONCURRENT freed 492K, 6% free 9231K/9799K, paused 2ms+2ms
D/AudioHardware(   81): AudioHardware pcm playback is going to standby.
D/AudioHardware(   81): closePcmOut_l() mPcmOpenCnt: 1
I/InputDispatcher(  153): Application is not responding: Window{414f2940 edu.mit.haoqili.camera_cloud/edu.mit.haoqili.camera_cloud.CameraCloud paused=false}.  5005.1ms since event, 5004.1ms since wait started
I/WindowManager(  153): Input event dispatching timed out sending to edu.mit.haoqili.camera_cloud/edu.mit.haoqili.camera_cloud.CameraCloud
I/Process (  153): Sending signal. PID: 1025 SIG: 3
I/dalvikvm( 1025): threadid=3: reacting to signal 3
I/dalvikvm( 1025): Wrote stack traces to '/data/anr/traces.txt'
I/Process (  153): Sending signal. PID: 153 SIG: 3
I/dalvikvm(  153): threadid=3: reacting to signal 3
I/dalvikvm(  153): Wrote stack traces to '/data/anr/traces.txt'
I/Process (  153): Sending signal. PID: 312 SIG: 3
I/dalvikvm(  312): threadid=3: reacting to signal 3
I/dalvikvm(  312): Wrote stack traces to '/data/anr/traces.txt'
I/Process (  153): Sending signal. PID: 219 SIG: 3
I/dalvikvm(  219): threadid=3: reacting to signal 3
I/dalvikvm(  219): Wrote stack traces to '/data/anr/traces.txt'
I/Process (  153): Sending signal. PID: 328 SIG: 3
I/dalvikvm(  328): threadid=3: reacting to signal 3
I/dalvikvm(  328): Wrote stack traces to '/data/anr/traces.txt'
D/dalvikvm(  153): GC_CONCURRENT freed 758K, 10% free 12635K/13959K, paused 3ms+5ms
D/dalvikvm(  153): GC_EXPLICIT freed 196K, 10% free 12669K/13959K, paused 2ms+4ms
I/Process (  153): Sending signal. PID: 456 SIG: 3
I/dalvikvm(  456): threadid=3: reacting to signal 3
I/dalvikvm(  456): Wrote stack traces to '/data/anr/traces.txt'
E/ActivityManager(  153): ANR in edu.mit.haoqili.camera_cloud (edu.mit.haoqili.camera_cloud/.CameraCloud)
E/ActivityManager(  153): Reason: keyDispatchingTimedOut
E/ActivityManager(  153): Load: 0.19 / 0.26 / 0.23
E/ActivityManager(  153): CPU usage from 8514ms to 2483ms ago with 99% awake:
E/ActivityManager(  153):   45% 81/mediaserver: 43% user + 1.6% kernel / faults: 1 minor
E/ActivityManager(  153):   11% 78/surfaceflinger: 3.1% user + 7.9% kernel
E/ActivityManager(  153):   9.7% 153/system_server: 8.6% user + 1.1% kernel / faults: 771 minor
E/ActivityManager(  153):   0% 328/com.android.nfc: 0% user + 0% kernel / faults: 1967 minor
E/ActivityManager(  153):   2.6% 87/gpsd: 2.3% user + 0.3% kernel
E/ActivityManager(  153):   1.3% 1025/edu.mit.haoqili.camera_cloud: 0.9% user + 0.3% kernel / faults: 28 minor
E/ActivityManager(  153):   0.9% 1099/kworker/0:1: 0% user + 0.9% kernel
E/ActivityManager(  153):   0.6% 1217/com.google.android.apps.maps:NetworkLocationService: 0.6% user + 0% kernel / faults: 24 minor
E/ActivityManager(  153):   0.4% 5/kworker/u:0: 0% user + 0.4% kernel
E/ActivityManager(  153):   0.4% 57/kworker/u:2: 0% user + 0.4% kernel
E/ActivityManager(  153):   0% 77/rild: 0% user + 0% kernel
E/ActivityManager(  153):   0% 219/com.android.systemui: 0% user + 0% kernel / faults: 2 minor
E/ActivityManager(  153):   0.1% 312/com.android.phone: 0.1% user + 0% kernel / faults: 7 minor
E/ActivityManager(  153): 76% TOTAL: 64% user + 12% kernel
E/ActivityManager(  153): CPU usage from 459ms to 979ms later:
E/ActivityManager(  153):   43% 81/mediaserver: 43% user + 0% kernel
E/ActivityManager(  153):     43% 1040/CameraPreviewTh: 43% user + 0% kernel
E/ActivityManager(  153):   12% 153/system_server: 9.2% user + 3.7% kernel / faults: 30 minor
E/ActivityManager(  153):     3.7% 199/NetworkStats: 3.7% user + 0% kernel
E/ActivityManager(  153):     1.8% 164/Binder Thread #: 1.8% user + 0% kernel
E/ActivityManager(  153):     1.8% 187/InputDispatcher: 0% user + 1.8% kernel
E/ActivityManager(  153):     1.8% 201/NetworkPolicy: 1.8% user + 0% kernel
E/ActivityManager(  153):   7.6% 78/surfaceflinger: 1.9% user + 5.7% kernel
E/ActivityManager(  153):     9.6% 134/SurfaceFlinger: 3.8% user + 5.7% kernel
E/ActivityManager(  153):   1.1% 57/kworker/u:2: 0% user + 1.1% kernel
E/ActivityManager(  153):   1.8% 87/gpsd: 1.8% user + 0% kernel
E/ActivityManager(  153):     1.8% 87/gpsd: 1.8% user + 0% kernel
E/ActivityManager(  153):   1.1% 312/com.android.phone: 0% user + 1.1% kernel / faults: 1 minor
E/ActivityManager(  153):   1.2% 456/com.google.process.gapps: 0% user + 1.2% kernel
E/ActivityManager(  153): 72% TOTAL: 60% user + 11% kernel
D/AudioHardware(   81): AudioHardware pcm playback is exiting standby.
D/AudioHardware(   81): openPcmOut_l() mPcmOpenCnt: 0
V/PhoneStatusBar(  219): setLightsOn(true)
D/AudioHardware(   81): AudioHardware pcm playback is going to standby.
D/AudioHardware(   81): closePcmOut_l() mPcmOpenCnt: 1
I/CameraCloud( 1025): 1333728707609: CameraCloud Execute HTTP latency: 13039ms
I/CameraCloud( 1025): 1333728707610: finished executing HTTP POST, get data
I/CameraCloud( 1025): 1333728707621: make input stream reader for data
I/CameraCloud( 1025): 1333728707623: Cloud response length: 43722
I/CameraCloud( 1025): 1333728707625: Returning cloud object
I/CameraCloud( 1025): 1333728709660: CameraCloud download photo latency = 15094
I/CameraCloud( 1025): 1333728709661: CameraCloud download start 1333728694566 ~ stop 1333728709660
I/CameraCloud( 1025): 1333728709661: takeNum=11 takeCamGood=11 takeGoodSave=11 takeBad=0 getNum=14 getGood=14 getBad=0
I/CameraCloud( 1025): 1333728709661: Success! Client getting photo from cloud server, showing photo...
I/CameraCloud( 1025): 1333728709662: Remote photo's length: 4588
D/dalvikvm( 1025): GC_CONCURRENT freed 242K, 27% free 11147K/15111K, paused 3ms+2ms
D/dalvikvm( 1025): GC_EXPLICIT freed 60K, 27% free 11087K/15111K, paused 11ms+11ms
I/CameraCloud( 1025): 1333728709731: Done with Get photos button for region 4
I/CameraCloud( 1025): 1333728709731: Inside _enableButtons
I/CameraCloud( 1025): 1333728709732: areButtonsEnabled --> true
I/CameraCloud( 1025): 1333728709802: .......... GPS onLocationChanged ...... 
I/CameraCloud( 1025): 1333728709803: Loc = Location[mProvider=gps,mTime=1333815096000,mLatitude=42.363917161461934,mLongitude=-71.10099555562522,mHasAltitude=true,mAltitude=-21.0,mHasSpeed=true,mSpeed=0.0,mHasBearing=true,mBearing=54.13748,mHasAccuracy=true,mAccuracy=15.0,mExtras=Bundle[mParcelledData.dataSize=4]] Previous Region = (1,0)
I/CameraCloud( 1025): 1333728709803: GPS x/long:-71.10099555562522, GPS y/lat: 42.363917161461934. Region width in x: 51.96152422706632
I/CameraCloud( 1025): 1333728709803: location PINPOINTS to region = 1.0, previous 1
I/CameraCloud( 1025): 1333728709804: stay at region 1
W/InputManagerService(  153): Window already focused, ignoring focus gain of: com.android.internal.view.IInputMethodClient$Stub$Proxy@416d8118
D/dalvikvm(  312): GC_CONCURRENT freed 418K, 6% free 9503K/10055K, paused 4ms+2ms
I/CameraCloud( 1025): 1333728713421: .......... GPS onLocationChanged ...... 
I/CameraCloud( 1025): 1333728713422: Loc = Location[mProvider=gps,mTime=1333815114000,mLatitude=42.36391021230837,mLongitude=-71.10101148368275,mHasAltitude=true,mAltitude=-29.0,mHasSpeed=true,mSpeed=0.46774328,mHasBearing=true,mBearing=264.2583,mHasAccuracy=true,mAccuracy=20.0,mExtras=Bundle[mParcelledData.dataSize=4]] Previous Region = (1,0)
I/CameraCloud( 1025): 1333728713423: GPS x/long:-71.10101148368275, GPS y/lat: 42.36391021230837. Region width in x: 51.96152422706632
I/CameraCloud( 1025): 1333728713423: location PINPOINTS to region = 1.0, previous 1
I/CameraCloud( 1025): 1333728713424: stay at region 1
I/CameraCloud( 1025): 1333728716422: .......... GPS onLocationChanged ...... 
I/CameraCloud( 1025): 1333728716423: Loc = Location[mProvider=gps,mTime=1333815117000,mLatitude=42.36390689480787,mLongitude=-71.1010249829726,mHasAltitude=true,mAltitude=-22.0,mHasSpeed=true,mSpeed=0.671115,mHasBearing=true,mBearing=275.80206,mHasAccuracy=true,mAccuracy=10.0,mExtras=Bundle[mParcelledData.dataSize=4]] Previous Region = (1,0)
I/CameraCloud( 1025): 1333728716424: GPS x/long:-71.1010249829726, GPS y/lat: 42.36390689480787. Region width in x: 51.96152422706632
I/CameraCloud( 1025): 1333728716424: location PINPOINTS to region = 1.0, previous 1
I/CameraCloud( 1025): 1333728716424: stay at region 1
D/dalvikvm(  153): GC_CONCURRENT freed 1078K, 11% free 12505K/13959K, paused 2ms+11ms
D/dalvikvm(  328): GC_CONCURRENT freed 480K, 6% free 9234K/9799K, paused 2ms+2ms
I/CameraCloud( 1025): 1333728723503: canPressButton = TRUE
I/CameraCloud( 1025): 1333728723503: areButtonsEnabled --> false 
I/CameraCloud( 1025): 1333728723509: Inside get photo disableButtons XXX
D/AudioHardware(   81): AudioHardware pcm playback is exiting standby.
D/AudioHardware(   81): openPcmOut_l() mPcmOpenCnt: 0
I/CameraCloud( 1025): 1333728723550: takeNum=11 takeCamGood=11 takeGoodSave=11 takeBad=0 getNum=15 getGood=14 getBad=0
I/CameraCloud( 1025): 1333728723551: ** Clicked getphotos Button from region 0 **
I/CameraCloud( 1025): 1333728723551: Trying to get photo from server, about to call serverRequest()
I/CameraCloud( 1025): 1333728723551: Server request to url: http://hermes5.csail.mit.edu:8213/102/0/0/
I/CameraCloud( 1025): 1333728723554: Cloud server request length: 12
I/CameraCloud( 1025): 1333728723554: about to execute HTTP POST
I/CameraCloud( 1025): 1333728723554: in serverRequest() about to httpclient.execute()
D/dalvikvm(  328): GC_CONCURRENT freed 480K, 6% free 9240K/9799K, paused 1ms+3ms
D/dalvikvm(  328): GC_CONCURRENT freed 481K, 6% free 9229K/9799K, paused 6ms+4ms
D/dalvikvm(  153): GC_CONCURRENT freed 930K, 11% free 12448K/13959K, paused 2ms+12ms
D/dalvikvm(  328): GC_CONCURRENT freed 480K, 7% free 9251K/9863K, paused 1ms+5ms
D/dalvikvm(  328): GC_CONCURRENT freed 478K, 7% free 9220K/9863K, paused 1ms+3ms
D/dalvikvm(  153): GC_CONCURRENT freed 797K, 11% free 12439K/13959K, paused 2ms+4ms
D/AudioHardware(   81): AudioHardware pcm playback is going to standby.
D/AudioHardware(   81): closePcmOut_l() mPcmOpenCnt: 1
D/dalvikvm(  328): GC_CONCURRENT freed 479K, 7% free 9201K/9863K, paused 2ms+3ms
D/dalvikvm(  328): GC_CONCURRENT freed 363K, 7% free 9269K/9863K, paused 2ms+3ms
D/dalvikvm(  153): GC_CONCURRENT freed 777K, 11% free 12438K/13959K, paused 2ms+5ms
D/dalvikvm(  328): GC_CONCURRENT freed 478K, 7% free 9233K/9863K, paused 2ms+3ms
D/dalvikvm(  328): GC_CONCURRENT freed 479K, 7% free 9182K/9863K, paused 2ms+2ms
D/dalvikvm(  153): GC_CONCURRENT freed 842K, 11% free 12452K/13959K, paused 3ms+8ms
D/dalvikvm(  328): GC_CONCURRENT freed 363K, 7% free 9269K/9863K, paused 2ms+1ms
D/dalvikvm(  328): GC_CONCURRENT freed 478K, 7% free 9213K/9863K, paused 2ms+20ms
D/dalvikvm(  328): GC_CONCURRENT freed 479K, 7% free 9208K/9863K, paused 1ms+3ms
D/dalvikvm(  153): GC_CONCURRENT freed 831K, 11% free 12447K/13959K, paused 2ms+14ms
D/dalvikvm(  328): GC_CONCURRENT freed 480K, 7% free 9192K/9863K, paused 2ms+4ms
D/dalvikvm(  328): GC_CONCURRENT freed 363K, 7% free 9265K/9863K, paused 1ms+3ms
D/dalvikvm(  153): GC_CONCURRENT freed 862K, 11% free 12444K/13959K, paused 3ms+4ms
D/dalvikvm(  328): GC_CONCURRENT freed 478K, 7% free 9229K/9863K, paused 1ms+1ms
D/dalvikvm(  328): GC_CONCURRENT freed 479K, 7% free 9202K/9863K, paused 11ms+2ms
D/dalvikvm(  153): GC_CONCURRENT freed 862K, 11% free 12439K/13959K, paused 2ms+4ms
D/dalvikvm(  328): GC_CONCURRENT freed 364K, 6% free 9277K/9863K, paused 11ms+7ms
I/CameraCloud( 1025): 1333728742245: CameraCloud Execute HTTP latency: 18691ms
I/CameraCloud( 1025): 1333728742249: finished executing HTTP POST, get data
I/CameraCloud( 1025): 1333728742258: make input stream reader for data
I/CameraCloud( 1025): 1333728742274: Cloud response length: 28450
I/CameraCloud( 1025): 1333728742296: Returning cloud object
I/CameraCloud( 1025): 1333728742908: CameraCloud download photo latency = 19357
I/CameraCloud( 1025): 1333728742909: CameraCloud download start 1333728723551 ~ stop 1333728742908
I/CameraCloud( 1025): 1333728742909: takeNum=11 takeCamGood=11 takeGoodSave=11 takeBad=0 getNum=15 getGood=15 getBad=0
I/CameraCloud( 1025): 1333728742910: Success! Client getting photo from cloud server, showing photo...
I/CameraCloud( 1025): 1333728742911: Remote photo's length: 3015
D/dalvikvm( 1025): GC_EXPLICIT freed 1165K, 31% free 10475K/15111K, paused 17ms+3ms
I/CameraCloud( 1025): 1333728742975: Done with Get photos button for region 0
I/CameraCloud( 1025): 1333728742975: Inside _enableButtons
I/CameraCloud( 1025): 1333728742975: areButtonsEnabled --> true
I/CameraCloud( 1025): 1333728743041: .......... GPS onLocationChanged ...... 
I/CameraCloud( 1025): 1333728743041: Loc = Location[mProvider=gps,mTime=1333815126000,mLatitude=42.36391133213758,mLongitude=-71.10103669485706,mHasAltitude=true,mAltitude=-16.0,mHasSpeed=true,mSpeed=0.0,mHasBearing=true,mBearing=302.52402,mHasAccuracy=true,mAccuracy=10.0,mExtras=Bundle[mParcelledData.dataSize=4]] Previous Region = (1,0)
I/CameraCloud( 1025): 1333728743042: GPS x/long:-71.10103669485706, GPS y/lat: 42.36391133213758. Region width in x: 51.96152422706632
I/CameraCloud( 1025): 1333728743042: location PINPOINTS to region = 1.0, previous 1
I/CameraCloud( 1025): 1333728743042: stay at region 1
I/CameraCloud( 1025): 1333728743043: .......... GPS onLocationChanged ...... 
I/CameraCloud( 1025): 1333728743044: Loc = Location[mProvider=gps,mTime=1333815128000,mLatitude=42.363914794424204,mLongitude=-71.10104847773088,mHasAltitude=true,mAltitude=-18.0,mHasSpeed=true,mSpeed=0.34236255,mHasBearing=true,mBearing=290.1505,mHasAccuracy=true,mAccuracy=10.0,mExtras=Bundle[mParcelledData.dataSize=4]] Previous Region = (1,0)
I/CameraCloud( 1025): 1333728743044: GPS x/long:-71.10104847773088, GPS y/lat: 42.363914794424204. Region width in x: 51.96152422706632
I/CameraCloud( 1025): 1333728743044: location PINPOINTS to region = 1.0, previous 1
I/CameraCloud( 1025): 1333728743045: stay at region 1
I/CameraCloud( 1025): 1333728743045: .......... GPS onLocationChanged ...... 
I/CameraCloud( 1025): 1333728743046: Loc = Location[mProvider=gps,mTime=1333815130000,mLatitude=42.36391662612141,mLongitude=-71.1010649807268,mHasAltitude=true,mAltitude=-20.0,mHasSpeed=true,mSpeed=0.3928893,mHasBearing=true,mBearing=280.53867,mHasAccuracy=true,mAccuracy=15.0,mExtras=Bundle[mParcelledData.dataSize=4]] Previous Region = (1,0)
I/CameraCloud( 1025): 1333728743046: GPS x/long:-71.1010649807268, GPS y/lat: 42.36391662612141. Region width in x: 51.96152422706632
I/CameraCloud( 1025): 1333728743056: location PINPOINTS to region = 1.0, previous 1
I/CameraCloud( 1025): 1333728743056: stay at region 1
W/InputManagerService(  153): Window already focused, ignoring focus gain of: com.android.internal.view.IInputMethodClient$Stub$Proxy@417173f8
I/CameraCloud( 1025): 1333728743401: .......... GPS onLocationChanged ...... 
I/CameraCloud( 1025): 1333728743402: Loc = Location[mProvider=gps,mTime=1333815144000,mLatitude=42.363904441614686,mLongitude=-71.10107145393694,mHasAltitude=true,mAltitude=-18.0,mHasSpeed=true,mSpeed=0.060974017,mHasBearing=true,mBearing=205.22408,mHasAccuracy=true,mAccuracy=10.0,mExtras=Bundle[mParcelledData.dataSize=4]] Previous Region = (1,0)
I/CameraCloud( 1025): 1333728743402: GPS x/long:-71.10107145393694, GPS y/lat: 42.363904441614686. Region width in x: 51.96152422706632
I/CameraCloud( 1025): 1333728743403: location PINPOINTS to region = 1.0, previous 1
I/CameraCloud( 1025): 1333728743403: stay at region 1
D/dalvikvm(  153): GC_EXPLICIT freed 369K, 11% free 12472K/13959K, paused 2ms+5ms
I/CameraCloud( 1025): 1333728745429: .......... GPS onLocationChanged ...... 
I/CameraCloud( 1025): 1333728745430: Loc = Location[mProvider=gps,mTime=1333815146000,mLatitude=42.36389152682026,mLongitude=-71.10106982135137,mHasAltitude=true,mAltitude=-18.0,mHasSpeed=true,mSpeed=0.3481716,mHasBearing=true,mBearing=253.72292,mHasAccuracy=true,mAccuracy=5.0,mExtras=Bundle[mParcelledData.dataSize=4]] Previous Region = (1,0)
I/CameraCloud( 1025): 1333728745430: GPS x/long:-71.10106982135137, GPS y/lat: 42.36389152682026. Region width in x: 51.96152422706632
I/CameraCloud( 1025): 1333728745431: location PINPOINTS to region = 1.0, previous 1
I/CameraCloud( 1025): 1333728745431: stay at region 1
D/dalvikvm( 1217): GC_CONCURRENT freed 363K, 7% free 10055K/10759K, paused 4ms+2ms
I/CameraCloud( 1025): 1333728751419: .......... GPS onLocationChanged ...... 
I/CameraCloud( 1025): 1333728751426: Loc = Location[mProvider=gps,mTime=1333815152000,mLatitude=42.363884264292594,mLongitude=-71.1010623154036,mHasAltitude=true,mAltitude=-15.0,mHasSpeed=true,mSpeed=0.0,mHasBearing=true,mBearing=297.27466,mHasAccuracy=true,mAccuracy=10.0,mExtras=Bundle[mParcelledData.dataSize=4]] Previous Region = (1,0)
I/CameraCloud( 1025): 1333728751427: GPS x/long:-71.1010623154036, GPS y/lat: 42.363884264292594. Region width in x: 51.96152422706632
I/CameraCloud( 1025): 1333728751427: location PINPOINTS to region = 1.0, previous 1
I/CameraCloud( 1025): 1333728751427: stay at region 1
I/CameraCloud( 1025): 1333728752416: .......... GPS onLocationChanged ...... 
I/CameraCloud( 1025): 1333728752418: Loc = Location[mProvider=gps,mTime=1333815153000,mLatitude=42.36388064139181,mLongitude=-71.10105044279345,mHasAltitude=true,mAltitude=-15.0,mHasSpeed=true,mSpeed=0.0,mHasBearing=true,mBearing=297.27466,mHasAccuracy=true,mAccuracy=10.0,mExtras=Bundle[mParcelledData.dataSize=4]] Previous Region = (1,0)
I/CameraCloud( 1025): 1333728752432: GPS x/long:-71.10105044279345, GPS y/lat: 42.36388064139181. Region width in x: 51.96152422706632
I/CameraCloud( 1025): 1333728752433: location PINPOINTS to region = 1.0, previous 1
I/CameraCloud( 1025): 1333728752434: stay at region 1
D/dalvikvm( 1025): GC_CONCURRENT freed 413K, 31% free 10452K/15111K, paused 3ms+13ms
I/System.out( 1217): [INFO:127698]: c: Running flush
I/System.out( 1217): [INFO:127699]: c: Sending payload [bytes=578]
I/System.out( 1217): [INFO:130037]: c: Response [http=200,length=20]
I/System.out( 1217): [INFO:130042]: c: Read id 2, status code 200
D/dalvikvm(  312): GC_CONCURRENT freed 433K, 6% free 9503K/10055K, paused 15ms+2ms
I/GTalkService/c(  456): [AndroidEndpoint@1094489352] connect: acct=1000000, state=CONNECTING
D/dalvikvm(  153): GC_CONCURRENT freed 701K, 11% free 12511K/13959K, paused 2ms+5ms
D/dalvikvm(  456): GC_CONCURRENT freed 388K, 5% free 10062K/10567K, paused 9ms+3ms
D/ConnectivityService(  153): handleInetConditionHoldEnd: net=0, condition=100, published condition=0
W/Smack/Packet(  456): notify conn break (IOEx), close connection
D/ConnectivityService(  153): handleInetConditionHoldEnd: net=0, condition=0, published condition=100
D/dalvikvm(  153): GC_CONCURRENT freed 751K, 11% free 12509K/13959K, paused 3ms+14ms
I/GTalkService/c(  456): [AndroidEndpoint@1094489352] connect: acct=1000000, state=CONNECTING
V/PhoneStatusBar(  219): setLightsOn(true)
W/InputManagerService(  153): Window already focused, ignoring focus gain of: com.android.internal.view.IInputMethodClient$Stub$Proxy@41711298
W/InputManagerService(  153): Window already focused, ignoring focus gain of: com.android.internal.view.IInputMethodClient$Stub$Proxy@41764bf0
V/PhoneStatusBar(  219): setLightsOn(true)
I/CameraCloud( 1025): 1333728801427: .......... GPS onLocationChanged ...... 
I/CameraCloud( 1025): 1333728801428: Loc = Location[mProvider=gps,mTime=1333815202000,mLatitude=42.363868669806905,mLongitude=-71.10106278067612,mHasAltitude=true,mAltitude=-22.0,mHasSpeed=true,mSpeed=0.3109463,mHasBearing=true,mBearing=222.59145,mHasAccuracy=true,mAccuracy=20.0,mExtras=Bundle[mParcelledData.dataSize=4]] Previous Region = (1,0)
I/CameraCloud( 1025): 1333728801428: GPS x/long:-71.10106278067612, GPS y/lat: 42.363868669806905. Region width in x: 51.96152422706632
I/CameraCloud( 1025): 1333728801429: location PINPOINTS to region = 1.0, previous 1
I/CameraCloud( 1025): 1333728801429: stay at region 1
I/CameraCloud( 1025): 1333728803391: .......... GPS onLocationChanged ...... 
I/CameraCloud( 1025): 1333728803392: Loc = Location[mProvider=gps,mTime=1333815204000,mLatitude=42.3638559720037,mLongitude=-71.10107588766935,mHasAltitude=true,mAltitude=-22.0,mHasSpeed=true,mSpeed=0.41929546,mHasBearing=true,mBearing=220.34326,mHasAccuracy=true,mAccuracy=10.0,mExtras=Bundle[mParcelledData.dataSize=4]] Previous Region = (1,0)
I/CameraCloud( 1025): 1333728803392: GPS x/long:-71.10107588766935, GPS y/lat: 42.3638559720037. Region width in x: 51.96152422706632
I/CameraCloud( 1025): 1333728803393: location PINPOINTS to region = 1.0, previous 1
I/CameraCloud( 1025): 1333728803393: stay at region 1
I/CameraCloud( 1025): 1333728805422: .......... GPS onLocationChanged ...... 
I/CameraCloud( 1025): 1333728805424: Loc = Location[mProvider=gps,mTime=1333815206000,mLatitude=42.36384465552719,mLongitude=-71.10108715537598,mHasAltitude=true,mAltitude=-22.0,mHasSpeed=true,mSpeed=0.49621433,mHasBearing=true,mBearing=219.89024,mHasAccuracy=true,mAccuracy=15.0,mExtras=Bundle[mParcelledData.dataSize=4]] Previous Region = (1,0)
I/CameraCloud( 1025): 1333728805425: GPS x/long:-71.10108715537598, GPS y/lat: 42.36384465552719. Region width in x: 51.96152422706632
I/CameraCloud( 1025): 1333728805425: location PINPOINTS to region = 1.0, previous 1
I/CameraCloud( 1025): 1333728805426: stay at region 1
I/CameraCloud( 1025): 1333728807432: .......... GPS onLocationChanged ...... 
I/CameraCloud( 1025): 1333728807433: Loc = Location[mProvider=gps,mTime=1333815208000,mLatitude=42.36383327458929,mLongitude=-71.10109917823218,mHasAltitude=true,mAltitude=-22.0,mHasSpeed=true,mSpeed=0.56464404,mHasBearing=true,mBearing=220.73038,mHasAccuracy=true,mAccuracy=15.0,mExtras=Bundle[mParcelledData.dataSize=4]] Previous Region = (1,0)
I/CameraCloud( 1025): 1333728807433: GPS x/long:-71.10109917823218, GPS y/lat: 42.36383327458929. Region width in x: 51.96152422706632
I/CameraCloud( 1025): 1333728807433: location PINPOINTS to region = 1.0, previous 1
I/CameraCloud( 1025): 1333728807433: stay at region 1
I/CameraCloud( 1025): 1333728808406: .......... GPS onLocationChanged ...... 
I/CameraCloud( 1025): 1333728808408: Loc = Location[mProvider=gps,mTime=1333815209000,mLatitude=42.36382043647924,mLongitude=-71.10110883264478,mHasAltitude=true,mAltitude=-23.0,mHasSpeed=true,mSpeed=0.6433416,mHasBearing=true,mBearing=215.75499,mHasAccuracy=true,mAccuracy=15.0,mExtras=Bundle[mParcelledData.dataSize=4]] Previous Region = (1,0)
I/CameraCloud( 1025): 1333728808409: GPS x/long:-71.10110883264478, GPS y/lat: 42.36382043647924. Region width in x: 51.96152422706632
I/CameraCloud( 1025): 1333728808410: location PINPOINTS to region = 1.0, previous 1
I/CameraCloud( 1025): 1333728808410: stay at region 1
D/ConnectivityService(  153): handleInetConditionHoldEnd: net=0, condition=100, published condition=0
I/CameraCloud( 1025): 1333728809421: .......... GPS onLocationChanged ...... 
I/CameraCloud( 1025): 1333728809422: Loc = Location[mProvider=gps,mTime=1333815210000,mLatitude=42.36382989003074,mLongitude=-71.101106111773,mHasAltitude=true,mAltitude=-22.0,mHasSpeed=true,mSpeed=0.70274675,mHasBearing=true,mBearing=225.17575,mHasAccuracy=true,mAccuracy=10.0,mExtras=Bundle[mParcelledData.dataSize=4]] Previous Region = (1,0)
I/CameraCloud( 1025): 1333728809423: GPS x/long:-71.101106111773, GPS y/lat: 42.36382989003074. Region width in x: 51.96152422706632
I/CameraCloud( 1025): 1333728809424: location PINPOINTS to region = 1.0, previous 1
I/CameraCloud( 1025): 1333728809438: stay at region 1
I/CameraCloud( 1025): 1333728811421: .......... GPS onLocationChanged ...... 
I/CameraCloud( 1025): 1333728811423: Loc = Location[mProvider=gps,mTime=1333815212000,mLatitude=42.36384381738885,mLongitude=-71.1011056794889,mHasAltitude=true,mAltitude=-20.0,mHasSpeed=true,mSpeed=0.8064832,mHasBearing=true,mBearing=239.58788,mHasAccuracy=true,mAccuracy=10.0,mExtras=Bundle[mParcelledData.dataSize=4]] Previous Region = (1,0)
I/CameraCloud( 1025): 1333728811438: GPS x/long:-71.1011056794889, GPS y/lat: 42.36384381738885. Region width in x: 51.96152422706632
I/CameraCloud( 1025): 1333728811439: location PINPOINTS to region = 1.0, previous 1
I/CameraCloud( 1025): 1333728811439: stay at region 1
I/CameraCloud( 1025): 1333728813406: .......... GPS onLocationChanged ...... 
I/CameraCloud( 1025): 1333728813407: Loc = Location[mProvider=gps,mTime=1333815214000,mLatitude=42.363856953762394,mLongitude=-71.10109913890524,mHasAltitude=true,mAltitude=-21.0,mHasSpeed=true,mSpeed=0.83397514,mHasBearing=true,mBearing=245.84184,mHasAccuracy=true,mAccuracy=20.0,mExtras=Bundle[mParcelledData.dataSize=4]] Previous Region = (1,0)
I/CameraCloud( 1025): 1333728813408: GPS x/long:-71.10109913890524, GPS y/lat: 42.363856953762394. Region width in x: 51.96152422706632
I/CameraCloud( 1025): 1333728813408: location PINPOINTS to region = 1.0, previous 1
I/CameraCloud( 1025): 1333728813409: stay at region 1
W/Smack/Packet(  456): notify conn break (IOEx), close connection
I/CameraCloud( 1025): 1333728820406: .......... GPS onLocationChanged ...... 
I/CameraCloud( 1025): 1333728820407: Loc = Location[mProvider=gps,mTime=1333815221000,mLatitude=42.36387000558178,mLongitude=-71.10106465228999,mHasAltitude=true,mAltitude=-20.0,mHasSpeed=true,mSpeed=0.0,mHasBearing=true,mBearing=257.86252,mHasAccuracy=true,mAccuracy=15.0,mExtras=Bundle[mParcelledData.dataSize=4]] Previous Region = (1,0)
I/CameraCloud( 1025): 1333728820408: GPS x/long:-71.10106465228999, GPS y/lat: 42.36387000558178. Region width in x: 51.96152422706632
I/CameraCloud( 1025): 1333728820408: location PINPOINTS to region = 1.0, previous 1
I/CameraCloud( 1025): 1333728820408: stay at region 1
I/CameraCloud( 1025): 1333728821406: .......... GPS onLocationChanged ...... 
I/CameraCloud( 1025): 1333728821407: Loc = Location[mProvider=gps,mTime=1333815222000,mLatitude=42.36387826880548,mLongitude=-71.10105198020179,mHasAltitude=true,mAltitude=-22.0,mHasSpeed=true,mSpeed=0.35722142,mHasBearing=true,mBearing=269.36752,mHasAccuracy=true,mAccuracy=10.0,mExtras=Bundle[mParcelledData.dataSize=4]] Previous Region = (1,0)
I/CameraCloud( 1025): 1333728821408: GPS x/long:-71.10105198020179, GPS y/lat: 42.36387826880548. Region width in x: 51.96152422706632
I/CameraCloud( 1025): 1333728821408: location PINPOINTS to region = 1.0, previous 1
I/CameraCloud( 1025): 1333728821408: stay at region 1
I/CameraCloud( 1025): 1333728822410: .......... GPS onLocationChanged ...... 
I/CameraCloud( 1025): 1333728822410: Loc = Location[mProvider=gps,mTime=1333815223000,mLatitude=42.363883550444044,mLongitude=-71.10104153426691,mHasAltitude=true,mAltitude=-22.0,mHasSpeed=true,mSpeed=0.36767665,mHasBearing=true,mBearing=268.96414,mHasAccuracy=true,mAccuracy=10.0,mExtras=Bundle[mParcelledData.dataSize=4]] Previous Region = (1,0)
I/CameraCloud( 1025): 1333728822411: GPS x/long:-71.10104153426691, GPS y/lat: 42.363883550444044. Region width in x: 51.96152422706632
I/CameraCloud( 1025): 1333728822411: location PINPOINTS to region = 1.0, previous 1
I/CameraCloud( 1025): 1333728822411: stay at region 1
D/dalvikvm(  153): GC_CONCURRENT freed 798K, 11% free 12533K/13959K, paused 2ms+6ms
D/ConnectivityService(  153): handleInetConditionHoldEnd: net=0, condition=0, published condition=100
I/CameraCloud( 1025): 1333728824407: .......... GPS onLocationChanged ...... 
I/CameraCloud( 1025): 1333728824408: Loc = Location[mProvider=gps,mTime=1333815225000,mLatitude=42.36389808390455,mLongitude=-71.10103337655819,mHasAltitude=true,mAltitude=-21.0,mHasSpeed=true,mSpeed=0.0,mHasBearing=true,mBearing=282.5243,mHasAccuracy=true,mAccuracy=15.0,mExtras=Bundle[mParcelledData.dataSize=4]] Previous Region = (1,0)
I/CameraCloud( 1025): 1333728824408: GPS x/long:-71.10103337655819, GPS y/lat: 42.36389808390455. Region width in x: 51.96152422706632
I/CameraCloud( 1025): 1333728824409: location PINPOINTS to region = 1.0, previous 1
I/CameraCloud( 1025): 1333728824409: stay at region 1
I/CameraCloud( 1025): 1333728828412: .......... GPS onLocationChanged ...... 
I/CameraCloud( 1025): 1333728828412: Loc = Location[mProvider=gps,mTime=1333815229000,mLatitude=42.36390940824435,mLongitude=-71.10102856448324,mHasAltitude=true,mAltitude=-23.0,mHasSpeed=true,mSpeed=0.0,mHasBearing=true,mBearing=8.814844,mHasAccuracy=true,mAccuracy=10.0,mExtras=Bundle[mParcelledData.dataSize=4]] Previous Region = (1,0)
I/CameraCloud( 1025): 1333728828413: GPS x/long:-71.10102856448324, GPS y/lat: 42.36390940824435. Region width in x: 51.96152422706632
I/CameraCloud( 1025): 1333728828413: location PINPOINTS to region = 1.0, previous 1
I/CameraCloud( 1025): 1333728828414: stay at region 1
D/dalvikvm( 1217): GC_CONCURRENT freed 401K, 7% free 10040K/10759K, paused 2ms+2ms
I/GTalkService/c(  456): [AndroidEndpoint@1094489352] connect: acct=1000000, state=CONNECTING
D/dalvikvm(  456): GC_CONCURRENT freed 436K, 6% free 10063K/10631K, paused 2ms+4ms
D/dalvikvm(  312): GC_CONCURRENT freed 419K, 6% free 9503K/10055K, paused 19ms+2ms
I/CameraCloud( 1025): 1333728838923: HI I'm in ONPAUSE()
W/InputManagerService(  153): Starting input on non-focused client com.android.internal.view.IInputMethodClient$Stub$Proxy@416bf0c0 (uid=10066 pid=1025)
