D/dalvikvm(  343): GC_FOR_ALLOC freed 3934K, 27% free 13401K/18183K, paused 57ms
D/dalvikvm(  343): GC_FOR_ALLOC freed 1283K, 27% free 13277K/18183K, paused 66ms
I/CameraSurfaceView( 1025): inside surfaceDestroyed()
I/CameraHardwareSec(   81): int android::CameraHardwareSec::previewThreadWrapper(): calling mSecCamera->stopPreview() and waiting
I/CameraSurfaceView( 1025): inside surfaceDestroyed()
I/CameraHardwareSec(   81): void android::CameraHardwareSec::stopPreviewInternal() : preview not running, doing nothing
I/CameraHardwareSec(   81): int android::CameraHardwareSec::previewThreadWrapper(): return from wait
I/CameraHardwareSec(   81): int android::CameraHardwareSec::previewThreadWrapper(): exiting
W/SecCamera(   81): int android::SecCamera::stopPreview(): doing nothing because m_flag_camera_start is zero
W/SecCamera(   81): int android::SecCamera::stopRecord(): doing nothing because m_flag_record_start is zero
I/SecCamera(   81): DeinitCamera: m_cam_fd(31)
I/SecCamera(   81): DeinitCamera: m_cam_fd2(32)
E/CameraHardwareSec(   81): preview window is NULL!
I/CameraService(   81): Destroying camera 0
I/CameraHardwareSec(   81): int android::HAL_camera_device_close(hw_device_t*)
I/SecCamera(   81): DeinitCamera : already deinitialized
W/AudioFlinger(   81): session id 6 not found for pid 81
W/AudioFlinger(   81): session id 7 not found for pid 81
D/dalvikvm(  343): GC_CONCURRENT freed 11K, 20% free 14608K/18183K, paused 1ms+13ms
D/dalvikvm(  343): GC_FOR_ALLOC freed 3264K, 29% free 13070K/18183K, paused 33ms
D/dalvikvm(  343): GC_FOR_ALLOC freed 596K, 27% free 13422K/18183K, paused 28ms
D/dalvikvm(  343): GC_FOR_ALLOC freed 1059K, 28% free 13187K/18183K, paused 34ms
D/dalvikvm(  343): GC_FOR_ALLOC freed 6K, 24% free 13938K/18183K, paused 40ms
I/dalvikvm-heap(  343): Grow heap (frag case) to 15.341MB for 1742416-byte allocation
D/dalvikvm(  343): GC_FOR_ALLOC freed 0K, 14% free 15640K/18183K, paused 29ms
D/dalvikvm(  343): GC_CONCURRENT freed <1K, 14% free 15642K/18183K, paused 2ms+12ms
D/dalvikvm(  343): GC_FOR_ALLOC freed 2464K, 24% free 13943K/18183K, paused 25ms
I/ActivityManager(  153): No longer want com.android.settings (pid 468): hidden #16
I/CameraCloud( 1025): 1333728840684: inside onDestroy()
I/CameraCloud( 1025): 1333728840694: no camera to close
I/CameraCloud( 1025): 1333728840694: close everything else
D/dalvikvm(  343): GC_CONCURRENT freed 674K, 19% free 14859K/18183K, paused 2ms+4ms
D/dalvikvm(  219): GC_CONCURRENT freed 433K, 6% free 10067K/10631K, paused 1ms+11ms
D/dalvikvm(  219): GC_FOR_ALLOC freed 199K, 8% free 9867K/10631K, paused 31ms
D/dalvikvm(  219): GC_FOR_ALLOC freed 178K, 8% free 9867K/10631K, paused 19ms
D/dalvikvm(  219): GC_FOR_ALLOC freed 129K, 8% free 9867K/10631K, paused 20ms
I/WindowManager(  153): WIN DEATH: Window{415e3cb8 SurfaceView paused=false}
I/ActivityManager(  153): Process edu.mit.haoqili.camera_cloud (pid 1025) has died.
I/WindowManager(  153): WIN DEATH: Window{414f2940 edu.mit.haoqili.camera_cloud/edu.mit.haoqili.camera_cloud.CameraCloud paused=false}
D/ConnectivityService(  153): handleInetConditionHoldEnd: net=0, condition=100, published condition=0
I/power   (  153): *** set_screen_state 0
D/SurfaceFlinger(   78): About to give-up screen, flinger = 0x1eb9918
D/dalvikvm(  153): GC_FOR_ALLOC freed 707K, 11% free 12506K/13959K, paused 42ms
D/dalvikvm(  153): GC_FOR_ALLOC freed 68K, 10% free 12598K/13959K, paused 37ms
I/dalvikvm-heap(  153): Grow heap (frag case) to 12.480MB for 104992-byte allocation
D/dalvikvm(  153): GC_FOR_ALLOC freed <1K, 10% free 12700K/14087K, paused 37ms
D/dalvikvm(  153): GC_FOR_ALLOC freed <1K, 10% free 12701K/14087K, paused 37ms
I/dalvikvm-heap(  153): Grow heap (frag case) to 12.580MB for 104992-byte allocation
D/dalvikvm(  153): GC_FOR_ALLOC freed <1K, 10% free 12803K/14215K, paused 37ms
D/dalvikvm(  153): GC_FOR_ALLOC freed 1K, 10% free 12910K/14215K, paused 37ms
I/dalvikvm-heap(  153): Grow heap (frag case) to 12.785MB for 104992-byte allocation
D/dalvikvm(  153): GC_FOR_ALLOC freed 1K, 10% free 13012K/14343K, paused 36ms
D/dalvikvm(  153): GC_FOR_ALLOC freed <1K, 10% free 13014K/14343K, paused 36ms
I/dalvikvm-heap(  153): Grow heap (frag case) to 12.885MB for 104992-byte allocation
D/dalvikvm(  153): GC_FOR_ALLOC freed <1K, 10% free 13115K/14471K, paused 37ms
D/dalvikvm(  153): GC_FOR_ALLOC freed <1K, 10% free 13116K/14471K, paused 39ms
I/dalvikvm-heap(  153): Grow heap (frag case) to 12.985MB for 104992-byte allocation
D/dalvikvm(  153): GC_FOR_ALLOC freed <1K, 10% free 13218K/14599K, paused 36ms
V/TransportControlView(  153): Create TCV com.android.internal.widget.TransportControlView@415a8c78
D/NfcService(  328): NFC-C OFF, disconnect
D/PhoneStatusBar(  219): disable: < expand icons alerts ticker system_info back home RECENT* clock >
D/PhoneStatusBar(  219): disable: < expand icons alerts ticker system_info BACK* HOME* RECENT CLOCK* >
W/ActivityManager(  153): Activity destroy timeout for ActivityRecord{417861a8 edu.mit.haoqili.camera_cloud/.CameraCloud}
I/GPS     (  153): gps_engine_status_update: called release_wakelock_cb
W/Smack/Packet(  456): notify conn break (IOEx), close connection
I/GTalkService/c(  456): [AndroidEndpoint@1094489352] connect: acct=1000000, state=CONNECTING
D/ConnectivityService(  153): handleInetConditionHoldEnd: net=0, condition=0, published condition=100
D/ConnectivityService(  153): handleInetConditionHoldEnd: net=0, condition=100, published condition=0
W/Smack/Packet(  456): notify conn break (IOEx), close connection
D/ConnectivityService(  153): handleInetConditionHoldEnd: net=0, condition=0, published condition=100
I/GTalkService/c(  456): [AndroidEndpoint@1094489352] connect: acct=1000000, state=CONNECTING
D/dalvikvm(  456): GC_CONCURRENT freed 450K, 6% free 10066K/10631K, paused 2ms+4ms
D/ConnectivityService(  153): handleInetConditionHoldEnd: net=0, condition=100, published condition=0
W/Smack/Packet(  456): notify conn break (IOEx), close connection
D/ConnectivityService(  153): handleInetConditionHoldEnd: net=0, condition=0, published condition=100
I/GTalkService/c(  456): [AndroidEndpoint@1094489352] connect: acct=1000000, state=CONNECTING
D/ConnectivityService(  153): handleInetConditionHoldEnd: net=0, condition=100, published condition=0
W/Smack/Packet(  456): notify conn break (IOEx), close connection
D/ConnectivityService(  153): handleInetConditionHoldEnd: net=0, condition=0, published condition=100
D/dalvikvm(  153): GC_EXPLICIT freed 646K, 9% free 13362K/14599K, paused 6ms+6ms
I/GTalkService/c(  456): [AndroidEndpoint@1094489352] connect: acct=1000000, state=CONNECTING
D/dalvikvm(  456): GC_CONCURRENT freed 446K, 6% free 10046K/10631K, paused 2ms+2ms
D/ConnectivityService(  153): handleInetConditionHoldEnd: net=0, condition=100, published condition=0
W/Smack/Packet(  456): notify conn break (IOEx), close connection
D/dalvikvm(  312): GC_CONCURRENT freed 418K, 6% free 9504K/10055K, paused 1ms+2ms
D/ConnectivityService(  153): handleInetConditionHoldEnd: net=0, condition=0, published condition=100
I/GTalkService/c(  456): [AndroidEndpoint@1094489352] connect: acct=1000000, state=CONNECTING
D/ConnectivityService(  153): handleInetConditionHoldEnd: net=0, condition=100, published condition=0
W/Smack/Packet(  456): notify conn break (IOEx), close connection
D/ConnectivityService(  153): handleInetConditionHoldEnd: net=0, condition=0, published condition=100
I/GTalkService/c(  456): [AndroidEndpoint@1094489352] connect: acct=1000000, state=CONNECTING
D/dalvikvm(  456): GC_CONCURRENT freed 465K, 6% free 10030K/10631K, paused 1ms+3ms
D/ConnectivityService(  153): handleInetConditionHoldEnd: net=0, condition=100, published condition=0
W/Smack/Packet(  456): notify conn break (IOEx), close connection
D/ConnectivityService(  153): handleInetConditionHoldEnd: net=0, condition=0, published condition=100
I/GTalkService/c(  456): [AndroidEndpoint@1094489352] connect: acct=1000000, state=CONNECTING
D/dalvikvm(  456): GC_CONCURRENT freed 388K, 6% free 10055K/10631K, paused 7ms+3ms
D/ConnectivityService(  153): handleInetConditionHoldEnd: net=0, condition=100, published condition=0
W/Smack/Packet(  456): notify conn break (IOEx), close connection
D/ConnectivityService(  153): handleInetConditionHoldEnd: net=0, condition=0, published condition=100
D/dalvikvm(  153): GC_CONCURRENT freed 958K, 9% free 13365K/14599K, paused 7ms+4ms
D/AlarmManagerService(  153): Kernel timezone updated to 240 minutes west of GMT
V/AlarmClock(  528): AlarmInitReceiver finished
D/SystemClock(  312): Setting time of day to sec=1333729664
I/GTalkService/c(  456): [AndroidEndpoint@1094489352] connect: acct=1000000, state=CONNECTING
I/System.out( 1217): [INFO:1117408]: c: Running flush
I/System.out( 1217): [INFO:1117409]: c: Sending payload [bytes=332]
I/System.out( 1217): [INFO:1122410]: c: Running delayed flush
I/System.out( 1217): [INFO:1122421]: c: Running flush
D/dalvikvm(  312): GC_CONCURRENT freed 418K, 6% free 9504K/10055K, paused 2ms+2ms
D/NetUtils(  153): android_net_utils_resetConnections in env=0x1655720 clazz=0x64d00001 iface=rmnet0 mask=0x3
D/ConnectivityService(  153): ConnectivityChange for mobile: DISCONNECTED/DISCONNECTED
D/ConnectivityService(  153): Attempting to switch to wifi
D/ConnectivityService(  153): Attempting to switch to BLUETOOTH_TETHER
D/ConnectivityService(  153): resetConnections(rmnet0, 3)
E/GTalkService(  456): connectionClosed: no XMPPConnection - That's strange!
D/ConnectivityService(  153): handleInetConditionChange: no active default network - ignore
I/power   (  153): *** set_screen_state 1
I/WindowManager(  153): Lock screen displayed!
D/PicasaSyncManager(  967): battery info: true
W/PowerUI (  219): unknown intent: Intent { act=android.intent.action.ACTION_POWER_CONNECTED flg=0x10000010 }
D/dalvikvm(  219): GC_CONCURRENT freed 402K, 8% free 9851K/10631K, paused 1ms+2ms
D/SurfaceFlinger(   78): Screen about to return, flinger = 0x1eb9918
D/Tethering(  153): MasterInitialState.processMessage what=3
I/power   (  153): *** set_screen_state 0
D/SurfaceFlinger(   78): About to give-up screen, flinger = 0x1eb9918
D/dalvikvm(  153): JIT code cache reset in 6 ms (1048444 bytes 1/0)
D/dalvikvm(  153): GC_FOR_ALLOC freed 939K, 10% free 13213K/14599K, paused 52ms
I/MediaUploader(  952): No need to wake up
D/dalvikvm(  153): GC_FOR_ALLOC freed 55K, 9% free 13314K/14599K, paused 42ms
I/dalvikvm-heap(  153): Grow heap (frag case) to 13.178MB for 104992-byte allocation
D/dalvikvm(  153): GC_FOR_ALLOC freed 2K, 9% free 13415K/14727K, paused 39ms
D/dalvikvm(  153): GC_FOR_ALLOC freed 3K, 9% free 13520K/14727K, paused 40ms
I/dalvikvm-heap(  153): Grow heap (frag case) to 13.379MB for 104992-byte allocation
D/dalvikvm(  153): GC_FOR_ALLOC freed 1K, 9% free 13621K/14855K, paused 39ms
D/dalvikvm(  153): GC_FOR_ALLOC freed 1K, 9% free 13622K/14855K, paused 37ms
I/dalvikvm-heap(  153): Grow heap (frag case) to 13.479MB for 104992-byte allocation
D/dalvikvm(  153): GC_FOR_ALLOC freed <1K, 9% free 13724K/14983K, paused 38ms
V/TransportControlView(  153): Create TCV com.android.internal.widget.TransportControlView@41660ca8
D/PicasaSyncManager(  967): active network: null
D/PicasaSyncManager(  967): background data: true
D/ConnectivityService(  153): ConnectivityChange for mobile: CONNECTED/CONNECTED
D/NetworkPolicy(  153): applying policy NetworkPolicy[NetworkTemplate: matchRule=MOBILE_ALL, subscriberId=valid]: cycleDay=15, warningBytes=2147483648, limitBytes=-1, lastSnooze=-1 to ifaces [rmnet0]
D/AlarmManagerService(  153): Kernel timezone updated to 240 minutes west of GMT
D/SystemClock(  312): Setting time of day to sec=1333729927
D/Tethering(  153): MasterInitialState.processMessage what=3
D/dalvikvm(  153): GC_EXPLICIT freed 763K, 12% free 13332K/14983K, paused 2ms+6ms
V/AlarmClock(  528): AlarmInitReceiver finished
I/MediaUploader(  952): No need to wake up
D/PicasaSyncManager(  967): active network: NetworkInfo: type: mobile[HSDPA], state: CONNECTED/CONNECTED, reason: nwTypeChanged, extra: epc.tmobile.com, roaming: false, failover: false, isAvailable: true
D/PicasaSyncManager(  967): background data: true
D/dalvikvm(  312): GC_EXPLICIT freed 319K, 6% free 9494K/10055K, paused 16ms+3ms
I/EventLogService(  456): Aggregate from 1333728191243 (log), 1333728191243 (data)
I/ServiceDumpSys(  456): dumping service [account]
D/AlarmManagerService(  153): Kernel timezone updated to 240 minutes west of GMT
D/SystemClock(  312): Setting time of day to sec=1333730034
V/AlarmClock(  528): AlarmInitReceiver finished
I/GTalkService/c(  456): [AndroidEndpoint@1094489352] connect: acct=1000000, state=CONNECTING
D/dalvikvm(  456): GC_CONCURRENT freed 463K, 7% free 10033K/10695K, paused 13ms+2ms
D/ConnectivityService(  153): handleInetConditionHoldEnd: net=0, condition=100, published condition=0
W/Smack/Packet(  456): notify conn break (IOEx), close connection
D/ConnectivityService(  153): handleInetConditionHoldEnd: net=0, condition=0, published condition=100
I/GTalkService/c(  456): [AndroidEndpoint@1094489352] connect: acct=1000000, state=CONNECTING
W/Smack/Packet(  456): notify conn break (IOEx), close connection
D/ConnectivityService(  153): handleInetConditionHoldEnd: net=0, condition=100, published condition=0
D/ConnectivityService(  153): handleInetConditionHoldEnd: net=0, condition=0, published condition=100
I/GTalkService/c(  456): [AndroidEndpoint@1094489352] connect: acct=1000000, state=CONNECTING
D/dalvikvm(  456): GC_CONCURRENT freed 369K, 7% free 10052K/10695K, paused 2ms+3ms
D/dalvikvm(  153): GC_CONCURRENT freed 916K, 11% free 13375K/14983K, paused 3ms+4ms
D/ConnectivityService(  153): handleInetConditionHoldEnd: net=0, condition=100, published condition=0
W/Smack/Packet(  456): notify conn break (IOEx), close connection
D/ConnectivityService(  153): handleInetConditionHoldEnd: net=0, condition=0, published condition=100
I/GTalkService/c(  456): [AndroidEndpoint@1094489352] connect: acct=1000000, state=CONNECTING
D/dalvikvm(  456): GC_CONCURRENT freed 384K, 6% free 10062K/10695K, paused 2ms+3ms
D/ConnectivityService(  153): handleInetConditionHoldEnd: net=0, condition=100, published condition=0
W/Smack/Packet(  456): notify conn break (IOEx), close connection
D/ConnectivityService(  153): handleInetConditionHoldEnd: net=0, condition=0, published condition=100
I/GTalkService/c(  456): [AndroidEndpoint@1094489352] connect: acct=1000000, state=CONNECTING
D/ConnectivityService(  153): handleInetConditionHoldEnd: net=0, condition=100, published condition=0
W/Smack/Packet(  456): notify conn break (IOEx), close connection
D/ConnectivityService(  153): handleInetConditionHoldEnd: net=0, condition=0, published condition=100
I/GTalkService/c(  456): [AndroidEndpoint@1094489352] connect: acct=1000000, state=CONNECTING
D/dalvikvm(  456): GC_CONCURRENT freed 389K, 6% free 10073K/10695K, paused 1ms+4ms
D/ConnectivityService(  153): handleInetConditionHoldEnd: net=0, condition=100, published condition=0
W/Smack/Packet(  456): notify conn break (IOEx), close connection
D/ConnectivityService(  153): handleInetConditionHoldEnd: net=0, condition=0, published condition=100
I/GTalkService/c(  456): [AndroidEndpoint@1094489352] connect: acct=1000000, state=CONNECTING
D/ConnectivityService(  153): handleInetConditionHoldEnd: net=0, condition=100, published condition=0
W/Smack/Packet(  456): notify conn break (IOEx), close connection
D/ConnectivityService(  153): handleInetConditionHoldEnd: net=0, condition=0, published condition=100
D/dalvikvm(  153): GC_CONCURRENT freed 932K, 11% free 13415K/14983K, paused 17ms+5ms
I/GTalkService/c(  456): [AndroidEndpoint@1094489352] connect: acct=1000000, state=CONNECTING
D/dalvikvm(  456): GC_CONCURRENT freed 420K, 7% free 10051K/10695K, paused 14ms+2ms
E/GTalkService(  456): connectionClosed: no XMPPConnection - That's strange!
D/ConnectivityService(  153): handleInetConditionHoldEnd: net=0, condition=0, published condition=0
D/dalvikvm(  312): GC_CONCURRENT freed 421K, 6% free 9495K/10055K, paused 36ms+3ms
D/dalvikvm(  219): GC_CONCURRENT freed 381K, 8% free 9857K/10631K, paused 15ms+2ms
I/GTalkService/c(  456): [AndroidEndpoint@1094489352] connect: acct=1000000, state=CONNECTING
D/dalvikvm(  153): GC_EXPLICIT freed 639K, 11% free 13351K/14983K, paused 2ms+5ms
D/ConnectivityService(  153): handleInetConditionHoldEnd: net=0, condition=100, published condition=0
W/Smack/Packet(  456): notify conn break (IOEx), close connection
D/ConnectivityService(  153): handleInetConditionHoldEnd: net=0, condition=0, published condition=100
I/GTalkService/c(  456): [AndroidEndpoint@1094489352] connect: acct=1000000, state=CONNECTING
D/dalvikvm(  456): GC_CONCURRENT freed 402K, 7% free 10036K/10695K, paused 15ms+3ms
D/ConnectivityService(  153): handleInetConditionHoldEnd: net=0, condition=100, published condition=0
W/Smack/Packet(  456): notify conn break (IOEx), close connection
D/ConnectivityService(  153): handleInetConditionHoldEnd: net=0, condition=0, published condition=100
D/dalvikvm(  456): GC_EXPLICIT freed 150K, 7% free 9998K/10695K, paused 3ms+2ms
I/EventLogService(  456): Aggregate from 1333729991369 (log), 1333729991369 (data)
I/ServiceDumpSys(  456): dumping service [account]
I/GTalkService/c(  456): [AndroidEndpoint@1094489352] connect: acct=1000000, state=CONNECTING
D/ConnectivityService(  153): handleInetConditionHoldEnd: net=0, condition=100, published condition=0
D/dalvikvm( 1217): GC_CONCURRENT freed 432K, 8% free 10000K/10759K, paused 1ms+2ms
D/dalvikvm(  153): GC_CONCURRENT freed 919K, 11% free 13402K/14983K, paused 16ms+5ms
D/dalvikvm(  153): GC_CONCURRENT freed 986K, 11% free 13388K/14983K, paused 17ms+4ms
D/dalvikvm(  219): GC_CONCURRENT freed 387K, 8% free 9855K/10631K, paused 1ms+3ms
I/EventLogService(  456): Aggregate from 1333731791524 (log), 1333731791524 (data)
I/ServiceDumpSys(  456): dumping service [account]
D/AlarmManagerService(  153): Kernel timezone updated to 240 minutes west of GMT
V/AlarmClock(  528): AlarmInitReceiver finished
D/SystemClock(  312): Setting time of day to sec=1333733636
D/dalvikvm(  456): GC_CONCURRENT freed 343K, 7% free 10042K/10695K, paused 2ms+2ms
W/Smack/Packet(  456): notify conn break (IOEx), close connection
I/qtaguid (  456): Failed write_ctrl(u 68) res=-1 errno=22
I/qtaguid (  456): Untagging socket 68 failed errno=-22
W/NetworkManagementSocketTagger(  456): untagSocket(68) failed with errno -22
D/ConnectivityService(  153): handleInetConditionHoldEnd: net=0, condition=0, published condition=100
I/GTalkService/c(  456): [AndroidEndpoint@1094489352] connect: acct=1000000, state=CONNECTING
D/ConnectivityService(  153): handleInetConditionHoldEnd: net=0, condition=100, published condition=0
W/Smack/Packet(  456): notify conn break (IOEx), close connection
D/ConnectivityService(  153): handleInetConditionHoldEnd: net=0, condition=0, published condition=100
I/GTalkService/c(  456): [AndroidEndpoint@1094489352] connect: acct=1000000, state=CONNECTING
D/dalvikvm(  456): GC_CONCURRENT freed 379K, 6% free 10068K/10695K, paused 14ms+2ms
D/ConnectivityService(  153): handleInetConditionHoldEnd: net=0, condition=100, published condition=0
W/Smack/Packet(  456): notify conn break (IOEx), close connection
D/ConnectivityService(  153): handleInetConditionHoldEnd: net=0, condition=0, published condition=100
I/GTalkService/c(  456): [AndroidEndpoint@1094489352] connect: acct=1000000, state=CONNECTING
W/Smack/Packet(  456): notify conn break (IOEx), close connection
D/ConnectivityService(  153): handleInetConditionHoldEnd: net=0, condition=0, published condition=0
I/GTalkService/c(  456): [AndroidEndpoint@1094489352] connect: acct=1000000, state=CONNECTING
D/dalvikvm(  456): GC_CONCURRENT freed 394K, 6% free 10070K/10695K, paused 2ms+4ms
D/ConnectivityService(  153): handleInetConditionHoldEnd: net=0, condition=100, published condition=0
W/Smack/Packet(  456): notify conn break (IOEx), close connection
D/ConnectivityService(  153): handleInetConditionHoldEnd: net=0, condition=0, published condition=100
I/GTalkService/c(  456): [AndroidEndpoint@1094489352] connect: acct=1000000, state=CONNECTING
D/ConnectivityService(  153): handleInetConditionHoldEnd: net=0, condition=100, published condition=0
W/Smack/Packet(  456): notify conn break (IOEx), close connection
D/dalvikvm(  456): GC_CONCURRENT freed 405K, 7% free 10050K/10695K, paused 14ms+2ms
D/ConnectivityService(  153): handleInetConditionHoldEnd: net=0, condition=0, published condition=100
I/CheckinService(  456): Preparing to send checkin request
I/EventLogService(  456): Accumulating logs since 1333733591619
I/CheckinTask(  456): Sending checkin request (1769 bytes)
I/GTalkService/c(  456): [AndroidEndpoint@1094489352] connect: acct=1000000, state=CONNECTING
E/CheckinTask(  456): SSL error, attempting time correction: javax.net.ssl.SSLException: Connection closed by peer
D/dalvikvm(  456): GC_CONCURRENT freed 373K, 6% free 10080K/10695K, paused 2ms+3ms
I/CheckinTask(  456): Server time agrees: delta 2001 msec
E/CheckinTask(  456): Checkin failed: https://android.clients.google.com/checkin (request #0): javax.net.ssl.SSLException: Connection closed by peer
D/ConnectivityService(  153): handleInetConditionHoldEnd: net=0, condition=100, published condition=0
I/CheckinService(  456): Preparing to send checkin request
I/EventLogService(  456): Accumulating logs since 1333733960521
I/CheckinTask(  456): Sending checkin request (1769 bytes)
D/dalvikvm(  456): GC_CONCURRENT freed 391K, 6% free 10077K/10695K, paused 14ms+3ms
W/Smack/Packet(  456): notify conn break (IOEx), close connection
E/CheckinTask(  456): SSL error, attempting time correction: javax.net.ssl.SSLException: Connection closed by peer
D/ConnectivityService(  153): handleInetConditionHoldEnd: net=0, condition=0, published condition=100
I/CheckinTask(  456): Server time agrees: delta 1356 msec
E/CheckinTask(  456): Checkin failed: https://android.clients.google.com/checkin (request #0): javax.net.ssl.SSLException: Connection closed by peer
I/GTalkService/c(  456): [AndroidEndpoint@1094489352] connect: acct=1000000, state=CONNECTING
D/dalvikvm(  153): GC_EXPLICIT freed 922K, 11% free 13413K/14983K, paused 3ms+6ms
I/CheckinService(  456): Preparing to send checkin request
I/EventLogService(  456): Accumulating logs since 1333733986469
D/dalvikvm(  456): GC_CONCURRENT freed 412K, 7% free 10050K/10695K, paused 2ms+3ms
I/CheckinTask(  456): Sending checkin request (1769 bytes)
E/CheckinTask(  456): SSL error, attempting time correction: javax.net.ssl.SSLException: Connection closed by peer
D/ConnectivityService(  153): handleInetConditionHoldEnd: net=0, condition=100, published condition=0
I/CheckinTask(  456): Server time agrees: delta 1153 msec
E/CheckinTask(  456): Checkin failed: https://android.clients.google.com/checkin (request #0): javax.net.ssl.SSLException: Connection closed by peer
W/Smack/Packet(  456): notify conn break (IOEx), close connection
D/dalvikvm(  456): GC_CONCURRENT freed 415K, 7% free 10024K/10695K, paused 14ms+3ms
D/ConnectivityService(  153): handleInetConditionHoldEnd: net=0, condition=0, published condition=100
I/CheckinService(  456): Preparing to send checkin request
I/EventLogService(  456): Accumulating logs since 1333734011248
I/CheckinTask(  456): Sending checkin request (1769 bytes)
D/dalvikvm(  456): GC_CONCURRENT freed 331K, 6% free 10081K/10695K, paused 2ms+4ms
I/GTalkService/c(  456): [AndroidEndpoint@1094489352] connect: acct=1000000, state=CONNECTING
I/CheckinTask(  456): From server: 199 gservices
I/GservicesProvider(  456): main update completed
I/ActivityManager(  153): Start proc com.google.android.partnersetup for broadcast com.google.android.partnersetup/.GservicesChangedReceiver: pid=1404 uid=10022 gids={3003}
I/ActivityThread( 1404): Pub com.google.android.partnersetup.rlzprovider: com.google.android.partnersetup.RlzProvider
I/ActivityThread( 1404): Pub com.google.android.partnersetup.rlzappprovider: com.google.android.partnersetup.RlzAppProvider
I/SystemUpdateService(  456): cancelUpdate (update URL has changed)
I/ActivityManager(  153): Start proc com.google.android.voicesearch for broadcast com.google.android.voicesearch/.GservicesBroadcastReceiver: pid=1422 uid=10056 gids={3002, 3003, 1015}
D/dalvikvm(  456): GC_CONCURRENT freed 321K, 5% free 10177K/10695K, paused 2ms+5ms
I/ActivityManager(  153): START {flg=0x10000000 cmp=com.google.android.gsf/.update.SystemUpdateInstallDialog} from pid 456
I/ActivityThread( 1422): Pub com.google.android.voicesearch: com.google.android.voicesearch.AudioProvider
I/ActivityManager(  153): START {flg=0x10000000 cmp=com.google.android.gsf/.update.SystemUpdateDownloadDialog} from pid 456
I/SystemUpdateService(  456): starting download of http://android.clients.google.com/packages/ota/google_crespo/hR7QFEtn.zip
V/SystemUpdateService(  456): retry (wakeup: true) in 21599995 ms
I/PersonalizationPrefManagerImpl( 1422): No google account found
D/dalvikvm(  268): GC_CONCURRENT freed 374K, 6% free 9230K/9735K, paused 6ms+2ms
I/CheckinTask(  456): Checkin success: https://android.clients.google.com/checkin (1 requests sent)
I/VoiceImeLanguageUpdater( 1422): #internalUpdateLanguages #56
I/SystemUpdate.Download(  456): Started a new update download: http://android.clients.google.com/packages/ota/google_crespo/hR7QFEtn.zip (id 13; allowMobile=false)
V/SystemUpdateService(  456): onPostExecute: false
I/DownloadManager(  268): Initiating request for download 13
W/DownloadManager(  268): Aborting request for download 13: download was requested to not use the current network type
D/dalvikvm(  456): GC_CONCURRENT freed 460K, 6% free 10170K/10759K, paused 2ms+4ms
D/ConnectivityService(  153): handleInetConditionHoldEnd: net=0, condition=100, published condition=0
W/Smack/Packet(  456): notify conn break (IOEx), close connection
W/ActivityManager(  153): Activity idle timeout for ActivityRecord{415e49e0 com.google.android.gsf/.update.SystemUpdateInstallDialog}
I/ActivityManager(  153): No longer want com.google.android.gm (pid 660): hidden #16
D/ConnectivityService(  153): handleInetConditionHoldEnd: net=0, condition=0, published condition=100
I/GTalkService/c(  456): [AndroidEndpoint@1094489352] connect: acct=1000001, state=CONNECTING
D/dalvikvm(  456): GC_CONCURRENT freed 474K, 7% free 10089K/10759K, paused 2ms+2ms
D/ConnectivityService(  153): handleInetConditionHoldEnd: net=0, condition=100, published condition=0
D/dalvikvm(  153): GC_CONCURRENT freed 1115K, 12% free 13272K/14983K, paused 17ms+4ms
W/Smack/Packet(  456): notify conn break (IOEx), close connection
D/ConnectivityService(  153): handleInetConditionHoldEnd: net=0, condition=0, published condition=100
I/GTalkService/c(  456): [AndroidEndpoint@1094489352] connect: acct=1000001, state=CONNECTING
W/Smack/Packet(  456): notify conn break (IOEx), close connection
D/ConnectivityService(  153): handleInetConditionHoldEnd: net=0, condition=0, published condition=0
I/GTalkService/c(  456): [AndroidEndpoint@1094489352] connect: acct=1000001, state=CONNECTING
D/dalvikvm(  456): GC_CONCURRENT freed 403K, 7% free 10093K/10759K, paused 2ms+3ms
D/ConnectivityService(  153): handleInetConditionHoldEnd: net=0, condition=100, published condition=0
W/Smack/Packet(  456): notify conn break (IOEx), close connection
D/ConnectivityService(  153): handleInetConditionHoldEnd: net=0, condition=0, published condition=100
I/GTalkService/c(  456): [AndroidEndpoint@1094489352] connect: acct=1000001, state=CONNECTING
D/ConnectivityService(  153): handleInetConditionHoldEnd: net=0, condition=100, published condition=0
W/Smack/Packet(  456): notify conn break (IOEx), close connection
D/ConnectivityService(  153): handleInetConditionHoldEnd: net=0, condition=0, published condition=100
I/dalvikvm(  456): Jit: resizing JitTable from 4096 to 8192
D/dalvikvm(  312): GC_CONCURRENT freed 421K, 6% free 9496K/10055K, paused 2ms+2ms
I/GTalkService/c(  456): [AndroidEndpoint@1094489352] connect: acct=1000001, state=CONNECTING
D/dalvikvm(  153): GC_CONCURRENT freed 928K, 12% free 13294K/14983K, paused 8ms+5ms
D/dalvikvm(  456): GC_CONCURRENT freed 429K, 7% free 10051K/10759K, paused 8ms+3ms
D/dalvikvm(  456): GC_EXPLICIT freed 199K, 7% free 10042K/10759K, paused 18ms+2ms
D/ConnectivityService(  153): handleInetConditionHoldEnd: net=0, condition=100, published condition=0
W/Smack/Packet(  456): notify conn break (IOEx), close connection
D/ConnectivityService(  153): handleInetConditionHoldEnd: net=0, condition=0, published condition=100
D/dalvikvm(  219): GC_CONCURRENT freed 383K, 8% free 9858K/10631K, paused 1ms+3ms
I/GTalkService/c(  456): [AndroidEndpoint@1094489352] connect: acct=1000001, state=CONNECTING
D/ConnectivityService(  153): handleInetConditionHoldEnd: net=0, condition=100, published condition=0
D/dalvikvm(  153): GC_EXPLICIT freed 428K, 12% free 13237K/14983K, paused 12ms+5ms
I/EventLogService(  456): Aggregate from 1333734049832 (log), 1333733591619 (data)
I/ServiceDumpSys(  456): dumping service [account]
I/ActivityManager(  153): No longer want com.google.android.talk (pid 792): hidden #16
D/dalvikvm(  153): GC_CONCURRENT freed 913K, 12% free 13266K/14983K, paused 18ms+5ms
W/Smack/Packet(  456): notify conn break (IOEx), close connection
I/qtaguid (  456): Failed write_ctrl(u 68) res=-1 errno=22
I/qtaguid (  456): Untagging socket 68 failed errno=-22
W/NetworkManagementSocketTagger(  456): untagSocket(68) failed with errno -22
D/ConnectivityService(  153): handleInetConditionHoldEnd: net=0, condition=0, published condition=100
I/GTalkService/c(  456): [AndroidEndpoint@1094489352] connect: acct=1000001, state=CONNECTING
D/dalvikvm(  456): GC_CONCURRENT freed 367K, 7% free 10059K/10759K, paused 14ms+3ms
D/ConnectivityService(  153): handleInetConditionHoldEnd: net=0, condition=100, published condition=0
W/Smack/Packet(  456): notify conn break (IOEx), close connection
D/ConnectivityService(  153): handleInetConditionHoldEnd: net=0, condition=0, published condition=100
I/GTalkService/c(  456): [AndroidEndpoint@1094489352] connect: acct=1000001, state=CONNECTING
D/dalvikvm(  456): GC_CONCURRENT freed 404K, 7% free 10067K/10759K, paused 2ms+3ms
D/ConnectivityService(  153): handleInetConditionHoldEnd: net=0, condition=100, published condition=0
W/Smack/Packet(  456): notify conn break (IOEx), close connection
D/ConnectivityService(  153): handleInetConditionHoldEnd: net=0, condition=0, published condition=100
I/GTalkService/c(  456): [AndroidEndpoint@1094489352] connect: acct=1000001, state=CONNECTING
D/dalvikvm(  153): GC_CONCURRENT freed 918K, 12% free 13284K/14983K, paused 17ms+5ms
D/ConnectivityService(  153): handleInetConditionHoldEnd: net=0, condition=100, published condition=0
W/Smack/Packet(  456): notify conn break (IOEx), close connection
D/ConnectivityService(  153): handleInetConditionHoldEnd: net=0, condition=0, published condition=100
I/EventLogService(  456): Aggregate from 1333735391772 (log), 1333735391772 (data)
I/ServiceDumpSys(  456): dumping service [account]
D/AlarmManagerService(  153): Kernel timezone updated to 240 minutes west of GMT
D/SystemClock(  312): Setting time of day to sec=1333737238
V/AlarmClock(  528): AlarmInitReceiver finished
D/dalvikvm(  907): GC_CONCURRENT freed 273K, 5% free 9198K/9607K, paused 1ms+2ms
I/GTalkService/c(  456): [AndroidEndpoint@1094489352] connect: acct=1000001, state=CONNECTING
D/dalvikvm(  456): GC_CONCURRENT freed 400K, 7% free 10053K/10759K, paused 2ms+3ms
D/ConnectivityService(  153): handleInetConditionHoldEnd: net=0, condition=100, published condition=0
W/Smack/Packet(  456): notify conn break (IOEx), close connection
D/ConnectivityService(  153): handleInetConditionHoldEnd: net=0, condition=0, published condition=100
I/GTalkService/c(  456): [AndroidEndpoint@1094489352] connect: acct=1000001, state=CONNECTING
D/dalvikvm(  456): GC_CONCURRENT freed 397K, 7% free 10074K/10759K, paused 15ms+3ms
D/ConnectivityService(  153): handleInetConditionHoldEnd: net=0, condition=100, published condition=0
W/Smack/Packet(  456): notify conn break (IOEx), close connection
D/ConnectivityService(  153): handleInetConditionHoldEnd: net=0, condition=0, published condition=100
D/dalvikvm(  219): GC_CONCURRENT freed 380K, 8% free 9864K/10631K, paused 2ms+3ms
I/GTalkService/c(  456): [AndroidEndpoint@1094489352] connect: acct=1000001, state=CONNECTING
D/ConnectivityService(  153): handleInetConditionHoldEnd: net=0, condition=100, published condition=0
W/Smack/Packet(  456): notify conn break (IOEx), close connection
D/ConnectivityService(  153): handleInetConditionHoldEnd: net=0, condition=0, published condition=100
I/GTalkService/c(  456): [AndroidEndpoint@1094489352] connect: acct=1000001, state=CONNECTING
D/dalvikvm(  456): GC_CONCURRENT freed 373K, 7% free 10095K/10759K, paused 1ms+3ms
W/Smack/Packet(  456): notify conn break (IOEx), close connection
D/ConnectivityService(  153): handleInetConditionHoldEnd: net=0, condition=0, published condition=0
D/dalvikvm(  153): GC_CONCURRENT freed 921K, 12% free 13305K/14983K, paused 17ms+5ms
I/GTalkService/c(  456): [AndroidEndpoint@1094489352] connect: acct=1000001, state=CONNECTING
D/ConnectivityService(  153): handleInetConditionHoldEnd: net=0, condition=100, published condition=0
W/Smack/Packet(  456): notify conn break (IOEx), close connection
D/ConnectivityService(  153): handleInetConditionHoldEnd: net=0, condition=0, published condition=100
I/GTalkService/c(  456): [AndroidEndpoint@1094489352] connect: acct=1000001, state=CONNECTING
D/dalvikvm(  456): GC_CONCURRENT freed 427K, 7% free 10055K/10759K, paused 14ms+3ms
D/ConnectivityService(  153): handleInetConditionHoldEnd: net=0, condition=100, published condition=0
W/Smack/Packet(  456): notify conn break (IOEx), close connection
D/ConnectivityService(  153): handleInetConditionHoldEnd: net=0, condition=0, published condition=100
I/GTalkService/c(  456): [AndroidEndpoint@1094489352] connect: acct=1000001, state=CONNECTING
D/dalvikvm(  456): GC_CONCURRENT freed 392K, 7% free 10065K/10759K, paused 1ms+3ms
D/dalvikvm(  153): GC_EXPLICIT freed 327K, 12% free 13208K/14983K, paused 23ms+5ms
D/ConnectivityService(  153): handleInetConditionHoldEnd: net=0, condition=100, published condition=0
W/Smack/Packet(  456): notify conn break (IOEx), close connection
D/ConnectivityService(  153): handleInetConditionHoldEnd: net=0, condition=0, published condition=100
I/GTalkService/c(  456): [AndroidEndpoint@1094489352] connect: acct=1000001, state=CONNECTING
W/Smack/Packet(  456): notify conn break (IOEx), close connection
D/ConnectivityService(  153): handleInetConditionHoldEnd: net=0, condition=0, published condition=0
D/dalvikvm(  312): GC_CONCURRENT freed 433K, 6% free 9499K/10055K, paused 1ms+2ms
I/GTalkService/c(  456): [AndroidEndpoint@1094489352] connect: acct=1000001, state=CONNECTING
D/dalvikvm(  456): GC_CONCURRENT freed 382K, 7% free 10089K/10759K, paused 2ms+3ms
D/ConnectivityService(  153): handleInetConditionHoldEnd: net=0, condition=100, published condition=0
W/Smack/Packet(  456): notify conn break (IOEx), close connection
D/ConnectivityService(  153): handleInetConditionHoldEnd: net=0, condition=0, published condition=100
I/GTalkService/c(  456): [AndroidEndpoint@1094489352] connect: acct=1000001, state=CONNECTING
D/dalvikvm( 1217): GC_CONCURRENT freed 379K, 7% free 10007K/10759K, paused 1ms+2ms
D/dalvikvm(  153): GC_CONCURRENT freed 875K, 12% free 13258K/14983K, paused 8ms+5ms
D/ConnectivityService(  153): handleInetConditionHoldEnd: net=0, condition=100, published condition=0
W/Smack/Packet(  456): notify conn break (IOEx), close connection
D/ConnectivityService(  153): handleInetConditionHoldEnd: net=0, condition=0, published condition=100
I/GTalkService/c(  456): [AndroidEndpoint@1094489352] connect: acct=1000001, state=CONNECTING
D/dalvikvm(  456): GC_CONCURRENT freed 421K, 7% free 10056K/10759K, paused 14ms+2ms
I/EventLogService(  456): Aggregate from 1333737191889 (log), 1333737191889 (data)
I/ServiceDumpSys(  456): dumping service [account]
D/ConnectivityService(  153): handleInetConditionHoldEnd: net=0, condition=100, published condition=0
W/Smack/Packet(  456): notify conn break (IOEx), close connection
D/ConnectivityService(  153): handleInetConditionHoldEnd: net=0, condition=0, published condition=100
I/GTalkService/c(  456): [AndroidEndpoint@1094489352] connect: acct=1000001, state=CONNECTING
D/dalvikvm(  456): GC_CONCURRENT freed 401K, 7% free 10055K/10759K, paused 2ms+3ms
D/ConnectivityService(  153): handleInetConditionHoldEnd: net=0, condition=100, published condition=0
W/Smack/Packet(  456): notify conn break (IOEx), close connection
D/ConnectivityService(  153): handleInetConditionHoldEnd: net=0, condition=0, published condition=100
I/GTalkService/c(  456): [AndroidEndpoint@1094489352] connect: acct=1000001, state=CONNECTING
D/ConnectivityService(  153): handleInetConditionHoldEnd: net=0, condition=100, published condition=0
W/Smack/Packet(  456): notify conn break (IOEx), close connection
D/ConnectivityService(  153): handleInetConditionHoldEnd: net=0, condition=0, published condition=100
I/GTalkService/c(  456): [AndroidEndpoint@1094489352] connect: acct=1000001, state=CONNECTING
D/dalvikvm(  456): GC_CONCURRENT freed 384K, 7% free 10065K/10759K, paused 14ms+3ms
E/GTalkService(  456): connectionClosed: no XMPPConnection - That's strange!
D/ConnectivityService(  153): handleInetConditionHoldEnd: net=0, condition=0, published condition=0
I/GTalkService/c(  456): [AndroidEndpoint@1094489352] connect: acct=1000001, state=CONNECTING
D/ConnectivityService(  153): handleInetConditionHoldEnd: net=0, condition=100, published condition=0
W/Smack/Packet(  456): notify conn break (IOEx), close connection
D/ConnectivityService(  153): handleInetConditionHoldEnd: net=0, condition=0, published condition=100
I/GTalkService/c(  456): [AndroidEndpoint@1094489352] connect: acct=1000001, state=CONNECTING
D/dalvikvm(  456): GC_CONCURRENT freed 398K, 7% free 10056K/10759K, paused 14ms+3ms
W/Smack/Packet(  456): notify conn break (IOEx), close connection
D/ConnectivityService(  153): handleInetConditionHoldEnd: net=0, condition=100, published condition=0
D/ConnectivityService(  153): handleInetConditionHoldEnd: net=0, condition=0, published condition=100
I/GTalkService/c(  456): [AndroidEndpoint@1094489352] connect: acct=1000001, state=CONNECTING
D/ConnectivityService(  153): handleInetConditionHoldEnd: net=0, condition=100, published condition=0
W/Smack/Packet(  456): notify conn break (IOEx), close connection
D/ConnectivityService(  153): handleInetConditionHoldEnd: net=0, condition=0, published condition=100
I/GTalkService/c(  456): [AndroidEndpoint@1094489352] connect: acct=1000001, state=CONNECTING
D/dalvikvm(  219): GC_CONCURRENT freed 394K, 8% free 9856K/10631K, paused 1ms+2ms
D/dalvikvm(  456): GC_CONCURRENT freed 376K, 7% free 10068K/10759K, paused 14ms+3ms
D/dalvikvm(  153): GC_CONCURRENT freed 907K, 12% free 13285K/14983K, paused 17ms+4ms
D/ConnectivityService(  153): handleInetConditionHoldEnd: net=0, condition=100, published condition=0
W/Smack/Packet(  456): notify conn break (IOEx), close connection
D/ConnectivityService(  153): handleInetConditionHoldEnd: net=0, condition=0, published condition=100
I/GTalkService/c(  456): [AndroidEndpoint@1094489352] connect: acct=1000001, state=CONNECTING
D/dalvikvm(  456): GC_CONCURRENT freed 386K, 7% free 10067K/10759K, paused 2ms+2ms
D/ConnectivityService(  153): handleInetConditionHoldEnd: net=0, condition=100, published condition=0
W/Smack/Packet(  456): notify conn break (IOEx), close connection
D/ConnectivityService(  153): handleInetConditionHoldEnd: net=0, condition=0, published condition=100
I/GTalkService/c(  456): [AndroidEndpoint@1094489352] connect: acct=1000001, state=CONNECTING
D/ConnectivityService(  153): handleInetConditionHoldEnd: net=0, condition=100, published condition=0
W/Smack/Packet(  456): notify conn break (IOEx), close connection
D/ConnectivityService(  153): handleInetConditionHoldEnd: net=0, condition=0, published condition=100
I/GTalkService/c(  456): [AndroidEndpoint@1094489352] connect: acct=1000001, state=CONNECTING
D/dalvikvm(  456): GC_CONCURRENT freed 387K, 7% free 10086K/10759K, paused 2ms+3ms
D/ConnectivityService(  153): handleInetConditionHoldEnd: net=0, condition=100, published condition=0
W/Smack/Packet(  456): notify conn break (IOEx), close connection
D/ConnectivityService(  153): handleInetConditionHoldEnd: net=0, condition=0, published condition=100
I/GTalkService/c(  456): [AndroidEndpoint@1094489352] connect: acct=1000001, state=CONNECTING
D/dalvikvm(  153): GC_EXPLICIT freed 868K, 12% free 13255K/14983K, paused 20ms+5ms
D/ConnectivityService(  153): handleInetConditionHoldEnd: net=0, condition=100, published condition=0
W/Smack/Packet(  456): notify conn break (IOEx), close connection
D/ConnectivityService(  153): handleInetConditionHoldEnd: net=0, condition=0, published condition=100
I/GTalkService/c(  456): [AndroidEndpoint@1094489352] connect: acct=1000001, state=CONNECTING
D/dalvikvm(  456): GC_CONCURRENT freed 414K, 7% free 10066K/10759K, paused 14ms+3ms
D/ConnectivityService(  153): handleInetConditionHoldEnd: net=0, condition=100, published condition=0
W/Smack/Packet(  456): notify conn break (IOEx), close connection
D/ConnectivityService(  153): handleInetConditionHoldEnd: net=0, condition=0, published condition=100
I/GTalkService/c(  456): [AndroidEndpoint@1094489352] connect: acct=1000001, state=CONNECTING
D/dalvikvm(  456): GC_CONCURRENT freed 387K, 7% free 10074K/10759K, paused 1ms+2ms
D/ConnectivityService(  153): handleInetConditionHoldEnd: net=0, condition=100, published condition=0
W/Smack/Packet(  456): notify conn break (IOEx), close connection
D/ConnectivityService(  153): handleInetConditionHoldEnd: net=0, condition=0, published condition=100
I/GTalkService/c(  456): [AndroidEndpoint@1094489352] connect: acct=1000001, state=CONNECTING
D/ConnectivityService(  153): handleInetConditionHoldEnd: net=0, condition=100, published condition=0
W/Smack/Packet(  456): notify conn break (IOEx), close connection
D/ConnectivityService(  153): handleInetConditionHoldEnd: net=0, condition=0, published condition=100
I/GTalkService/c(  456): [AndroidEndpoint@1094489352] connect: acct=1000001, state=CONNECTING
D/dalvikvm(  456): GC_CONCURRENT freed 382K, 7% free 10087K/10759K, paused 2ms+3ms
D/ConnectivityService(  153): handleInetConditionHoldEnd: net=0, condition=100, published condition=0
W/Smack/Packet(  456): notify conn break (IOEx), close connection
D/ConnectivityService(  153): handleInetConditionHoldEnd: net=0, condition=0, published condition=100
I/GTalkService/c(  456): [AndroidEndpoint@1094489352] connect: acct=1000001, state=CONNECTING
D/ConnectivityService(  153): handleInetConditionHoldEnd: net=0, condition=100, published condition=0
W/Smack/Packet(  456): notify conn break (IOEx), close connection
D/ConnectivityService(  153): handleInetConditionHoldEnd: net=0, condition=0, published condition=100
I/GTalkService/c(  456): [AndroidEndpoint@1094489352] connect: acct=1000001, state=CONNECTING
D/dalvikvm(  456): GC_CONCURRENT freed 415K, 7% free 10067K/10759K, paused 14ms+3ms
W/Smack/Packet(  456): notify conn break (IOEx), close connection
D/ConnectivityService(  153): handleInetConditionHoldEnd: net=0, condition=100, published condition=0
D/ConnectivityService(  153): handleInetConditionHoldEnd: net=0, condition=0, published condition=100
I/EventLogService(  456): Aggregate from 1333738991940 (log), 1333738991940 (data)
I/ServiceDumpSys(  456): dumping service [account]
I/GTalkService/c(  456): [AndroidEndpoint@1094489352] connect: acct=1000001, state=CONNECTING
D/dalvikvm(  456): GC_CONCURRENT freed 395K, 7% free 10058K/10759K, paused 2ms+2ms
D/AlarmManagerService(  153): Kernel timezone updated to 240 minutes west of GMT
D/SystemClock(  312): Setting time of day to sec=1333740840
V/AlarmClock(  528): AlarmInitReceiver finished
D/ConnectivityService(  153): handleInetConditionHoldEnd: net=0, condition=100, published condition=0
W/Smack/Packet(  456): notify conn break (IOEx), close connection
D/ConnectivityService(  153): handleInetConditionHoldEnd: net=0, condition=0, published condition=100
I/GTalkService/c(  456): [AndroidEndpoint@1094489352] connect: acct=1000001, state=CONNECTING
W/Smack/Packet(  456): notify conn break (IOEx), close connection
W/GTalkService(  456): connectionEstablished for 1000001 - caught java.lang.IllegalStateException: Not connected to server.
W/GTalkService(  456): [AndroidEndpoint@1094489352] doConnect: reset connection state to PENDING
D/ConnectivityService(  153): handleInetConditionHoldEnd: net=0, condition=0, published condition=0
D/dalvikvm(  153): GC_CONCURRENT freed 897K, 12% free 13293K/14983K, paused 2ms+5ms
I/GTalkService/c(  456): [AndroidEndpoint@1094489352] connect: acct=1000001, state=CONNECTING
D/dalvikvm(  456): GC_CONCURRENT freed 389K, 7% free 10056K/10759K, paused 14ms+3ms
D/ConnectivityService(  153): handleInetConditionHoldEnd: net=0, condition=100, published condition=0
W/Smack/Packet(  456): notify conn break (IOEx), close connection
D/ConnectivityService(  153): handleInetConditionHoldEnd: net=0, condition=0, published condition=100
I/CheckinService(  456): Preparing to send checkin request
I/EventLogService(  456): Accumulating logs since 1333740792049
I/CheckinTask(  456): Sending checkin request (1719 bytes)
D/dalvikvm(  456): GC_CONCURRENT freed 398K, 7% free 10050K/10759K, paused 2ms+2ms
I/CheckinTask(  456): Checkin success: https://android.clients.google.com/checkin (1 requests sent)
I/GTalkService/c(  456): [AndroidEndpoint@1094489352] connect: acct=1000001, state=CONNECTING
D/dalvikvm(  456): GC_CONCURRENT freed 406K, 7% free 10031K/10759K, paused 14ms+2ms
D/ConnectivityService(  153): handleInetConditionHoldEnd: net=0, condition=100, published condition=0
W/Smack/Packet(  456): notify conn break (IOEx), close connection
D/ConnectivityService(  153): handleInetConditionHoldEnd: net=0, condition=0, published condition=100
I/GTalkService/c(  456): [AndroidEndpoint@1094489352] connect: acct=1000001, state=CONNECTING
D/dalvikvm(  456): GC_CONCURRENT freed 363K, 7% free 10067K/10759K, paused 1ms+3ms
W/Smack/Packet(  456): notify conn break (IOEx), close connection
D/ConnectivityService(  153): handleInetConditionHoldEnd: net=0, condition=0, published condition=0
I/GTalkService/c(  456): [AndroidEndpoint@1094489352] connect: acct=1000001, state=CONNECTING
D/dalvikvm(  153): GC_EXPLICIT freed 507K, 12% free 13237K/14983K, paused 10ms+5ms
D/ConnectivityService(  153): handleInetConditionHoldEnd: net=0, condition=100, published condition=0
W/Smack/Packet(  456): notify conn break (IOEx), close connection
D/ConnectivityService(  153): handleInetConditionHoldEnd: net=0, condition=0, published condition=100
I/GTalkService/c(  456): [AndroidEndpoint@1094489352] connect: acct=1000001, state=CONNECTING
D/dalvikvm(  456): GC_CONCURRENT freed 384K, 7% free 10090K/10759K, paused 2ms+3ms
D/dalvikvm(  456): GC_EXPLICIT freed 148K, 7% free 10041K/10759K, paused 2ms+3ms
D/ConnectivityService(  153): handleInetConditionHoldEnd: net=0, condition=100, published condition=0
W/Smack/Packet(  456): notify conn break (IOEx), close connection
D/ConnectivityService(  153): handleInetConditionHoldEnd: net=0, condition=0, published condition=100
D/dalvikvm(  219): GC_CONCURRENT freed 383K, 8% free 9857K/10631K, paused 22ms+2ms
I/GTalkService/c(  456): [AndroidEndpoint@1094489352] connect: acct=1000001, state=CONNECTING
D/ConnectivityService(  153): handleInetConditionHoldEnd: net=0, condition=100, published condition=0
W/Smack/Packet(  456): notify conn break (IOEx), close connection
D/ConnectivityService(  153): handleInetConditionHoldEnd: net=0, condition=0, published condition=100
I/GTalkService/c(  456): [AndroidEndpoint@1094489352] connect: acct=1000001, state=CONNECTING
D/dalvikvm(  456): GC_CONCURRENT freed 358K, 7% free 10073K/10759K, paused 14ms+2ms
D/ConnectivityService(  153): handleInetConditionHoldEnd: net=0, condition=100, published condition=0
W/Smack/Packet(  456): notify conn break (IOEx), close connection
D/ConnectivityService(  153): handleInetConditionHoldEnd: net=0, condition=0, published condition=100
I/GTalkService/c(  456): [AndroidEndpoint@1094489352] connect: acct=1000001, state=CONNECTING
D/ConnectivityService(  153): handleInetConditionHoldEnd: net=0, condition=100, published condition=0
W/Smack/Packet(  456): notify conn break (IOEx), close connection
D/ConnectivityService(  153): handleInetConditionHoldEnd: net=0, condition=0, published condition=100
I/GTalkService/c(  456): [AndroidEndpoint@1094489352] connect: acct=1000001, state=CONNECTING
D/dalvikvm(  456): GC_CONCURRENT freed 404K, 7% free 10081K/10759K, paused 14ms+3ms
D/ConnectivityService(  153): handleInetConditionHoldEnd: net=0, condition=100, published condition=0
W/Smack/Packet(  456): notify conn break (IOEx), close connection
D/ConnectivityService(  153): handleInetConditionHoldEnd: net=0, condition=0, published condition=100
I/GTalkService/c(  456): [AndroidEndpoint@1094489352] connect: acct=1000001, state=CONNECTING
D/dalvikvm(  456): GC_CONCURRENT freed 388K, 7% free 10077K/10759K, paused 2ms+5ms
D/ConnectivityService(  153): handleInetConditionHoldEnd: net=0, condition=100, published condition=0
W/Smack/Packet(  456): notify conn break (IOEx), close connection
D/ConnectivityService(  153): handleInetConditionHoldEnd: net=0, condition=0, published condition=100
I/GTalkService/c(  456): [AndroidEndpoint@1094489352] connect: acct=1000001, state=CONNECTING
D/ConnectivityService(  153): handleInetConditionHoldEnd: net=0, condition=100, published condition=0
W/Smack/Packet(  456): notify conn break (IOEx), close connection
D/ConnectivityService(  153): handleInetConditionHoldEnd: net=0, condition=0, published condition=100
