I/GTalkService/c(  456): [AndroidEndpoint@1094489352] connect: acct=1000001, state=CONNECTING
D/dalvikvm(  456): GC_CONCURRENT freed 402K, 7% free 10081K/10759K, paused 15ms+3ms
D/ConnectivityService(  153): handleInetConditionHoldEnd: net=0, condition=100, published condition=0
W/Smack/Packet(  456): notify conn break (IOEx), close connection
D/ConnectivityService(  153): handleInetConditionHoldEnd: net=0, condition=0, published condition=100
I/GTalkService/c(  456): [AndroidEndpoint@1094489352] connect: acct=1000001, state=CONNECTING
E/GTalkService(  456): connectionClosed: no XMPPConnection - That's strange!
D/ConnectivityService(  153): handleInetConditionHoldEnd: net=0, condition=0, published condition=0
I/GTalkService/c(  456): [AndroidEndpoint@1094489352] connect: acct=1000001, state=CONNECTING
D/dalvikvm(  456): GC_CONCURRENT freed 399K, 7% free 10083K/10759K, paused 2ms+3ms
D/ConnectivityService(  153): handleInetConditionHoldEnd: net=0, condition=100, published condition=0
W/Smack/Packet(  456): notify conn break (IOEx), close connection
D/ConnectivityService(  153): handleInetConditionHoldEnd: net=0, condition=0, published condition=100
I/GTalkService/c(  456): [AndroidEndpoint@1094489352] connect: acct=1000001, state=CONNECTING
D/ConnectivityService(  153): handleInetConditionHoldEnd: net=0, condition=100, published condition=0
W/Smack/Packet(  456): notify conn break (IOEx), close connection
D/ConnectivityService(  153): handleInetConditionHoldEnd: net=0, condition=0, published condition=100
D/dalvikvm(  153): GC_CONCURRENT freed 868K, 12% free 13324K/14983K, paused 2ms+5ms
I/GTalkService/c(  456): [AndroidEndpoint@1094489352] connect: acct=1000001, state=CONNECTING
D/dalvikvm(  456): GC_CONCURRENT freed 401K, 7% free 10090K/10759K, paused 2ms+3ms
D/ConnectivityService(  153): handleInetConditionHoldEnd: net=0, condition=100, published condition=0
W/Smack/Packet(  456): notify conn break (IOEx), close connection
D/ConnectivityService(  153): handleInetConditionHoldEnd: net=0, condition=0, published condition=100
I/GTalkService/c(  456): [AndroidEndpoint@1094489352] connect: acct=1000001, state=CONNECTING
D/ConnectivityService(  153): handleInetConditionHoldEnd: net=0, condition=100, published condition=0
W/Smack/Packet(  456): notify conn break (IOEx), close connection
D/ConnectivityService(  153): handleInetConditionHoldEnd: net=0, condition=0, published condition=100
D/dalvikvm(  312): GC_CONCURRENT freed 418K, 6% free 9499K/10055K, paused 24ms+2ms
I/EventLogService(  456): Aggregate from 1333741275281 (log), 1333740792049 (data)
D/dalvikvm(  456): GC_CONCURRENT freed 412K, 7% free 10072K/10759K, paused 3ms+4ms
I/ServiceDumpSys(  456): dumping service [account]
I/GTalkService/c(  456): [AndroidEndpoint@1094489352] connect: acct=1000001, state=CONNECTING
D/ConnectivityService(  153): handleInetConditionHoldEnd: net=0, condition=100, published condition=0
W/Smack/Packet(  456): notify conn break (IOEx), close connection
D/ConnectivityService(  153): handleInetConditionHoldEnd: net=0, condition=0, published condition=100
I/GTalkService/c(  456): [AndroidEndpoint@1094489352] connect: acct=1000001, state=CONNECTING
D/dalvikvm(  456): GC_CONCURRENT freed 401K, 7% free 10058K/10759K, paused 2ms+3ms
D/ConnectivityService(  153): handleInetConditionHoldEnd: net=0, condition=100, published condition=0
W/Smack/Packet(  456): notify conn break (IOEx), close connection
D/ConnectivityService(  153): handleInetConditionHoldEnd: net=0, condition=0, published condition=100
I/GTalkService/c(  456): [AndroidEndpoint@1094489352] connect: acct=1000001, state=CONNECTING
D/dalvikvm(  153): GC_EXPLICIT freed 735K, 12% free 13253K/14983K, paused 2ms+5ms
D/ConnectivityService(  153): handleInetConditionHoldEnd: net=0, condition=100, published condition=0
W/Smack/Packet(  456): notify conn break (IOEx), close connection
D/ConnectivityService(  153): handleInetConditionHoldEnd: net=0, condition=0, published condition=100
I/GTalkService/c(  456): [AndroidEndpoint@1094489352] connect: acct=1000001, state=CONNECTING
D/dalvikvm(  456): GC_CONCURRENT freed 385K, 7% free 10067K/10759K, paused 14ms+3ms
D/ConnectivityService(  153): handleInetConditionHoldEnd: net=0, condition=100, published condition=0
W/Smack/Packet(  456): notify conn break (IOEx), close connection
D/ConnectivityService(  153): handleInetConditionHoldEnd: net=0, condition=0, published condition=100
I/GTalkService/c(  456): [AndroidEndpoint@1094489352] connect: acct=1000001, state=CONNECTING
D/dalvikvm(  456): GC_CONCURRENT freed 387K, 7% free 10074K/10759K, paused 2ms+2ms
D/ConnectivityService(  153): handleInetConditionHoldEnd: net=0, condition=100, published condition=0
W/Smack/Packet(  456): notify conn break (IOEx), close connection
D/ConnectivityService(  153): handleInetConditionHoldEnd: net=0, condition=0, published condition=100
I/GTalkService/c(  456): [AndroidEndpoint@1094489352] connect: acct=1000001, state=CONNECTING
D/ConnectivityService(  153): handleInetConditionHoldEnd: net=0, condition=100, published condition=0
W/Smack/Packet(  456): notify conn break (IOEx), close connection
D/ConnectivityService(  153): handleInetConditionHoldEnd: net=0, condition=0, published condition=100
I/GTalkService/c(  456): [AndroidEndpoint@1094489352] connect: acct=1000001, state=CONNECTING
D/dalvikvm(  456): GC_CONCURRENT freed 382K, 7% free 10088K/10759K, paused 2ms+3ms
D/ConnectivityService(  153): handleInetConditionHoldEnd: net=0, condition=100, published condition=0
W/Smack/Packet(  456): notify conn break (IOEx), close connection
D/ConnectivityService(  153): handleInetConditionHoldEnd: net=0, condition=0, published condition=100
I/GTalkService/c(  456): [AndroidEndpoint@1094489352] connect: acct=1000001, state=CONNECTING
D/ConnectivityService(  153): handleInetConditionHoldEnd: net=0, condition=100, published condition=0
W/Smack/Packet(  456): notify conn break (IOEx), close connection
D/ConnectivityService(  153): handleInetConditionHoldEnd: net=0, condition=0, published condition=100
I/GTalkService/c(  456): [AndroidEndpoint@1094489352] connect: acct=1000001, state=CONNECTING
D/dalvikvm(  456): GC_CONCURRENT freed 419K, 7% free 10069K/10759K, paused 14ms+3ms
D/ConnectivityService(  153): handleInetConditionHoldEnd: net=0, condition=100, published condition=0
W/Smack/Packet(  456): notify conn break (IOEx), close connection
D/ConnectivityService(  153): handleInetConditionHoldEnd: net=0, condition=0, published condition=100
D/dalvikvm(  219): GC_CONCURRENT freed 392K, 8% free 9853K/10631K, paused 2ms+2ms
I/GTalkService/c(  456): [AndroidEndpoint@1094489352] connect: acct=1000001, state=CONNECTING
D/dalvikvm(  456): GC_CONCURRENT freed 386K, 7% free 10067K/10759K, paused 2ms+3ms
D/ConnectivityService(  153): handleInetConditionHoldEnd: net=0, condition=100, published condition=0
W/Smack/Packet(  456): notify conn break (IOEx), close connection
D/ConnectivityService(  153): handleInetConditionHoldEnd: net=0, condition=0, published condition=100
D/dalvikvm(  153): GC_CONCURRENT freed 882K, 12% free 13303K/14983K, paused 2ms+5ms
I/GTalkService/c(  456): [AndroidEndpoint@1094489352] connect: acct=1000001, state=CONNECTING
D/ConnectivityService(  153): handleInetConditionHoldEnd: net=0, condition=100, published condition=0
W/Smack/Packet(  456): notify conn break (IOEx), close connection
D/ConnectivityService(  153): handleInetConditionHoldEnd: net=0, condition=0, published condition=100
I/GTalkService/c(  456): [AndroidEndpoint@1094489352] connect: acct=1000001, state=CONNECTING
D/dalvikvm(  456): GC_CONCURRENT freed 382K, 7% free 10089K/10759K, paused 2ms+3ms
W/Smack/Packet(  456): notify conn break (IOEx), close connection
D/ConnectivityService(  153): handleInetConditionHoldEnd: net=0, condition=0, published condition=0
I/GTalkService/c(  456): [AndroidEndpoint@1094489352] connect: acct=1000001, state=CONNECTING
D/dalvikvm(  153): GC_CONCURRENT freed 971K, 12% free 13278K/14983K, paused 3ms+5ms
D/ConnectivityService(  153): handleInetConditionHoldEnd: net=0, condition=100, published condition=0
W/Smack/Packet(  456): notify conn break (IOEx), close connection
D/ConnectivityService(  153): handleInetConditionHoldEnd: net=0, condition=0, published condition=100
I/GTalkService/c(  456): [AndroidEndpoint@1094489352] connect: acct=1000001, state=CONNECTING
D/dalvikvm(  456): GC_CONCURRENT freed 427K, 7% free 10047K/10759K, paused 2ms+3ms
W/Smack/Packet(  456): notify conn break (IOEx), close connection
D/ConnectivityService(  153): handleInetConditionHoldEnd: net=0, condition=0, published condition=0
I/GTalkService/c(  456): [AndroidEndpoint@1094489352] connect: acct=1000001, state=CONNECTING
D/dalvikvm(  456): GC_CONCURRENT freed 382K, 7% free 10053K/10759K, paused 14ms+3ms
D/ConnectivityService(  153): handleInetConditionHoldEnd: net=0, condition=100, published condition=0
W/Smack/Packet(  456): notify conn break (IOEx), close connection
D/ConnectivityService(  153): handleInetConditionHoldEnd: net=0, condition=0, published condition=100
I/GTalkService/c(  456): [AndroidEndpoint@1094489352] connect: acct=1000001, state=CONNECTING
I/EventLogService(  456): Aggregate from 1333742592158 (log), 1333742592158 (data)
I/ServiceDumpSys(  456): dumping service [account]
D/ConnectivityService(  153): handleInetConditionHoldEnd: net=0, condition=100, published condition=0
W/Smack/Packet(  456): notify conn break (IOEx), close connection
D/dalvikvm(  456): GC_CONCURRENT freed 376K, 7% free 10064K/10759K, paused 13ms+3ms
D/ConnectivityService(  153): handleInetConditionHoldEnd: net=0, condition=0, published condition=100
D/AlarmManagerService(  153): Kernel timezone updated to 240 minutes west of GMT
D/SystemClock(  312): Setting time of day to sec=1333744442
V/AlarmClock(  528): AlarmInitReceiver finished
D/dalvikvm(  153): GC_EXPLICIT freed 462K, 12% free 13239K/14983K, paused 2ms+6ms
I/GTalkService/c(  456): [AndroidEndpoint@1094489352] connect: acct=1000001, state=CONNECTING
D/ConnectivityService(  153): handleInetConditionHoldEnd: net=0, condition=100, published condition=0
W/Smack/Packet(  456): notify conn break (IOEx), close connection
D/ConnectivityService(  153): handleInetConditionHoldEnd: net=0, condition=0, published condition=100
I/GTalkService/c(  456): [AndroidEndpoint@1094489352] connect: acct=1000001, state=CONNECTING
D/dalvikvm(  456): GC_CONCURRENT freed 376K, 7% free 10076K/10759K, paused 14ms+3ms
D/ConnectivityService(  153): handleInetConditionHoldEnd: net=0, condition=100, published condition=0
W/Smack/Packet(  456): notify conn break (IOEx), close connection
D/ConnectivityService(  153): handleInetConditionHoldEnd: net=0, condition=0, published condition=100
I/GTalkService/c(  456): [AndroidEndpoint@1094489352] connect: acct=1000001, state=CONNECTING
D/ConnectivityService(  153): handleInetConditionHoldEnd: net=0, condition=100, published condition=0
W/Smack/Packet(  456): notify conn break (IOEx), close connection
D/ConnectivityService(  153): handleInetConditionHoldEnd: net=0, condition=0, published condition=100
I/GTalkService/c(  456): [AndroidEndpoint@1094489352] connect: acct=1000001, state=CONNECTING
D/dalvikvm(  456): GC_CONCURRENT freed 394K, 7% free 10072K/10759K, paused 14ms+3ms
D/ConnectivityService(  153): handleInetConditionHoldEnd: net=0, condition=100, published condition=0
W/Smack/Packet(  456): notify conn break (IOEx), close connection
D/ConnectivityService(  153): handleInetConditionHoldEnd: net=0, condition=0, published condition=100
I/GTalkService/c(  456): [AndroidEndpoint@1094489352] connect: acct=1000001, state=CONNECTING
D/dalvikvm(  456): GC_CONCURRENT freed 381K, 7% free 10078K/10759K, paused 14ms+3ms
D/ConnectivityService(  153): handleInetConditionHoldEnd: net=0, condition=100, published condition=0
W/Smack/Packet(  456): notify conn break (IOEx), close connection
D/ConnectivityService(  153): handleInetConditionHoldEnd: net=0, condition=0, published condition=100
I/GTalkService/c(  456): [AndroidEndpoint@1094489352] connect: acct=1000001, state=CONNECTING
D/ConnectivityService(  153): handleInetConditionHoldEnd: net=0, condition=100, published condition=0
W/Smack/Packet(  456): notify conn break (IOEx), close connection
D/ConnectivityService(  153): handleInetConditionHoldEnd: net=0, condition=0, published condition=100
I/GTalkService/c(  456): [AndroidEndpoint@1094489352] connect: acct=1000001, state=CONNECTING
D/dalvikvm(  456): GC_CONCURRENT freed 377K, 7% free 10088K/10759K, paused 2ms+2ms
D/ConnectivityService(  153): handleInetConditionHoldEnd: net=0, condition=100, published condition=0
W/Smack/Packet(  456): notify conn break (IOEx), close connection
D/ConnectivityService(  153): handleInetConditionHoldEnd: net=0, condition=0, published condition=100
D/dalvikvm( 1180): GC_CONCURRENT freed 306K, 5% free 10138K/10567K, paused 2ms+3ms
I/GTalkService/c(  456): [AndroidEndpoint@1094489352] connect: acct=1000001, state=CONNECTING
D/ConnectivityService(  153): handleInetConditionHoldEnd: net=0, condition=100, published condition=0
W/Smack/Packet(  456): notify conn break (IOEx), close connection
D/ConnectivityService(  153): handleInetConditionHoldEnd: net=0, condition=0, published condition=100
I/GTalkService/c(  456): [AndroidEndpoint@1094489352] connect: acct=1000001, state=CONNECTING
D/dalvikvm(  456): GC_CONCURRENT freed 415K, 7% free 10070K/10759K, paused 14ms+2ms
D/ConnectivityService(  153): handleInetConditionHoldEnd: net=0, condition=100, published condition=0
W/Smack/Packet(  456): notify conn break (IOEx), close connection
D/ConnectivityService(  153): handleInetConditionHoldEnd: net=0, condition=0, published condition=100
I/GTalkService/c(  456): [AndroidEndpoint@1094489352] connect: acct=1000001, state=CONNECTING
D/dalvikvm(  456): GC_CONCURRENT freed 388K, 7% free 10076K/10759K, paused 2ms+3ms
D/ConnectivityService(  153): handleInetConditionHoldEnd: net=0, condition=100, published condition=0
W/Smack/Packet(  456): notify conn break (IOEx), close connection
D/ConnectivityService(  153): handleInetConditionHoldEnd: net=0, condition=0, published condition=100
I/GTalkService/c(  456): [AndroidEndpoint@1094489352] connect: acct=1000001, state=CONNECTING
D/ConnectivityService(  153): handleInetConditionHoldEnd: net=0, condition=100, published condition=0
W/Smack/Packet(  456): notify conn break (IOEx), close connection
D/ConnectivityService(  153): handleInetConditionHoldEnd: net=0, condition=0, published condition=100
I/GTalkService/c(  456): [AndroidEndpoint@1094489352] connect: acct=1000001, state=CONNECTING
D/dalvikvm(  456): GC_CONCURRENT freed 384K, 7% free 10087K/10759K, paused 2ms+3ms
D/ConnectivityService(  153): handleInetConditionHoldEnd: net=0, condition=100, published condition=0
W/Smack/Packet(  456): notify conn break (IOEx), close connection
D/ConnectivityService(  153): handleInetConditionHoldEnd: net=0, condition=0, published condition=100
I/GTalkService/c(  456): [AndroidEndpoint@1094489352] connect: acct=1000001, state=CONNECTING
D/ConnectivityService(  153): handleInetConditionHoldEnd: net=0, condition=100, published condition=0
W/Smack/Packet(  456): notify conn break (IOEx), close connection
D/ConnectivityService(  153): handleInetConditionHoldEnd: net=0, condition=0, published condition=100
D/dalvikvm(  219): GC_CONCURRENT freed 385K, 8% free 9856K/10631K, paused 7ms+2ms
I/GTalkService/c(  456): [AndroidEndpoint@1094489352] connect: acct=1000001, state=CONNECTING
D/dalvikvm(  456): GC_CONCURRENT freed 415K, 7% free 10068K/10759K, paused 14ms+3ms
D/dalvikvm(  153): GC_CONCURRENT freed 863K, 12% free 13308K/14983K, paused 10ms+5ms
D/ConnectivityService(  153): handleInetConditionHoldEnd: net=0, condition=100, published condition=0
W/Smack/Packet(  456): notify conn break (IOEx), close connection
D/ConnectivityService(  153): handleInetConditionHoldEnd: net=0, condition=0, published condition=100
I/GTalkService/c(  456): [AndroidEndpoint@1094489352] connect: acct=1000001, state=CONNECTING
D/dalvikvm(  456): GC_CONCURRENT freed 387K, 7% free 10067K/10759K, paused 2ms+3ms
D/dalvikvm(  153): GC_EXPLICIT freed 252K, 12% free 13204K/14983K, paused 3ms+4ms
W/Smack/Packet(  456): notify conn break (IOEx), close connection
D/ConnectivityService(  153): handleInetConditionHoldEnd: net=0, condition=0, published condition=0
D/dalvikvm( 1217): GC_CONCURRENT freed 394K, 8% free 9998K/10759K, paused 2ms+2ms
I/GTalkService/c(  456): [AndroidEndpoint@1094489352] connect: acct=1000001, state=CONNECTING
D/ConnectivityService(  153): handleInetConditionHoldEnd: net=0, condition=100, published condition=0
W/Smack/Packet(  456): notify conn break (IOEx), close connection
D/ConnectivityService(  153): handleInetConditionHoldEnd: net=0, condition=0, published condition=100
I/GTalkService/c(  456): [AndroidEndpoint@1094489352] connect: acct=1000001, state=CONNECTING
D/dalvikvm(  456): GC_CONCURRENT freed 388K, 7% free 10085K/10759K, paused 2ms+3ms
D/ConnectivityService(  153): handleInetConditionHoldEnd: net=0, condition=100, published condition=0
W/Smack/Packet(  456): notify conn break (IOEx), close connection
D/ConnectivityService(  153): handleInetConditionHoldEnd: net=0, condition=0, published condition=100
I/GTalkService/c(  456): [AndroidEndpoint@1094489352] connect: acct=1000001, state=CONNECTING
D/ConnectivityService(  153): handleInetConditionHoldEnd: net=0, condition=100, published condition=0
W/Smack/Packet(  456): notify conn break (IOEx), close connection
D/ConnectivityService(  153): handleInetConditionHoldEnd: net=0, condition=0, published condition=100
I/GTalkService/c(  456): [AndroidEndpoint@1094489352] connect: acct=1000001, state=CONNECTING
D/dalvikvm(  456): GC_CONCURRENT freed 413K, 7% free 10065K/10759K, paused 14ms+3ms
D/ConnectivityService(  153): handleInetConditionHoldEnd: net=0, condition=100, published condition=0
W/Smack/Packet(  456): notify conn break (IOEx), close connection
D/ConnectivityService(  153): handleInetConditionHoldEnd: net=0, condition=0, published condition=100
I/GTalkService/c(  456): [AndroidEndpoint@1094489352] connect: acct=1000001, state=CONNECTING
E/GTalkService(  456): connectionClosed: no XMPPConnection - That's strange!
D/ConnectivityService(  153): handleInetConditionHoldEnd: net=0, condition=0, published condition=0
I/GTalkService/c(  456): [AndroidEndpoint@1094489352] connect: acct=1000001, state=CONNECTING
D/dalvikvm(  456): GC_CONCURRENT freed 398K, 7% free 10057K/10759K, paused 14ms+3ms
D/ConnectivityService(  153): handleInetConditionHoldEnd: net=0, condition=100, published condition=0
W/Smack/Packet(  456): notify conn break (IOEx), close connection
D/ConnectivityService(  153): handleInetConditionHoldEnd: net=0, condition=0, published condition=100
D/dalvikvm(  312): GC_CONCURRENT freed 415K, 6% free 9503K/10055K, paused 2ms+2ms
I/GTalkService/c(  456): [AndroidEndpoint@1094489352] connect: acct=1000001, state=CONNECTING
D/ConnectivityService(  153): handleInetConditionHoldEnd: net=0, condition=100, published condition=0
D/dalvikvm(  153): GC_CONCURRENT freed 859K, 12% free 13278K/14983K, paused 16ms+5ms
I/EventLogService(  456): Aggregate from 1333744392293 (log), 1333744392293 (data)
I/ServiceDumpSys(  456): dumping service [account]
D/dalvikvm(  456): GC_CONCURRENT freed 374K, 7% free 10080K/10759K, paused 3ms+2ms
D/dalvikvm(  153): GC_CONCURRENT freed 953K, 12% free 13268K/14983K, paused 2ms+5ms
D/dalvikvm(  219): GC_CONCURRENT freed 383K, 8% free 9859K/10631K, paused 1ms+3ms
W/Smack/Packet(  456): notify conn break (IOEx), close connection
I/qtaguid (  456): Failed write_ctrl(u 68) res=-1 errno=22
I/qtaguid (  456): Untagging socket 68 failed errno=-22
W/NetworkManagementSocketTagger(  456): untagSocket(68) failed with errno -22
D/ConnectivityService(  153): handleInetConditionHoldEnd: net=0, condition=0, published condition=100
I/GTalkService/c(  456): [AndroidEndpoint@1094489352] connect: acct=1000001, state=CONNECTING
E/GTalkService(  456): connectionClosed: no XMPPConnection - That's strange!
D/ConnectivityService(  153): handleInetConditionHoldEnd: net=0, condition=0, published condition=0
I/GTalkService/c(  456): [AndroidEndpoint@1094489352] connect: acct=1000001, state=CONNECTING
D/ConnectivityService(  153): handleInetConditionHoldEnd: net=0, condition=100, published condition=0
W/Smack/Packet(  456): notify conn break (IOEx), close connection
D/ConnectivityService(  153): handleInetConditionHoldEnd: net=0, condition=0, published condition=100
I/GTalkService/c(  456): [AndroidEndpoint@1094489352] connect: acct=1000001, state=CONNECTING
D/dalvikvm(  456): GC_CONCURRENT freed 382K, 7% free 10105K/10759K, paused 2ms+4ms
D/dalvikvm(  456): GC_EXPLICIT freed 172K, 7% free 10041K/10759K, paused 17ms+3ms
W/Smack/Packet(  456): notify conn break (IOEx), close connection
D/ConnectivityService(  153): handleInetConditionHoldEnd: net=0, condition=0, published condition=0
I/GTalkService/c(  456): [AndroidEndpoint@1094489352] connect: acct=1000001, state=CONNECTING
D/ConnectivityService(  153): handleInetConditionHoldEnd: net=0, condition=100, published condition=0
D/dalvikvm(  153): GC_CONCURRENT freed 951K, 12% free 13273K/14983K, paused 17ms+5ms
I/EventLogService(  456): Aggregate from 1333746192413 (log), 1333746192413 (data)
I/ServiceDumpSys(  456): dumping service [account]
D/AlarmManagerService(  153): Kernel timezone updated to 240 minutes west of GMT
V/AlarmClock(  528): AlarmInitReceiver finished
D/SystemClock(  312): Setting time of day to sec=1333748044
I/CheckinService(  456): Preparing to send checkin request
I/EventLogService(  456): Accumulating logs since 1333747992510
D/dalvikvm(  456): GC_CONCURRENT freed 345K, 7% free 10088K/10759K, paused 2ms+3ms
I/CheckinTask(  456): Sending checkin request (1634 bytes)
I/CheckinTask(  456): Checkin success: https://android.clients.google.com/checkin (1 requests sent)
D/dalvikvm(  456): GC_CONCURRENT freed 409K, 7% free 10083K/10759K, paused 2ms+2ms
D/dalvikvm(  153): GC_CONCURRENT freed 935K, 12% free 13280K/14983K, paused 2ms+5ms
D/dalvikvm(  153): GC_EXPLICIT freed 267K, 12% free 13209K/14983K, paused 19ms+4ms
W/Smack/Packet(  456): notify conn break (IOEx), close connection
I/qtaguid (  456): Failed write_ctrl(u 68) res=-1 errno=22
I/qtaguid (  456): Untagging socket 68 failed errno=-22
W/NetworkManagementSocketTagger(  456): untagSocket(68) failed with errno -22
D/ConnectivityService(  153): handleInetConditionHoldEnd: net=0, condition=0, published condition=100
I/GTalkService/c(  456): [AndroidEndpoint@1094489352] connect: acct=1000001, state=CONNECTING
D/ConnectivityService(  153): handleInetConditionHoldEnd: net=0, condition=100, published condition=0
W/Smack/Packet(  456): notify conn break (IOEx), close connection
D/ConnectivityService(  153): handleInetConditionHoldEnd: net=0, condition=0, published condition=100
I/GTalkService/c(  456): [AndroidEndpoint@1094489352] connect: acct=1000001, state=CONNECTING
D/dalvikvm(  456): GC_CONCURRENT freed 400K, 7% free 10073K/10759K, paused 13ms+3ms
D/ConnectivityService(  153): handleInetConditionHoldEnd: net=0, condition=100, published condition=0
W/Smack/Packet(  456): notify conn break (IOEx), close connection
D/ConnectivityService(  153): handleInetConditionHoldEnd: net=0, condition=0, published condition=100
I/GTalkService/c(  456): [AndroidEndpoint@1094489352] connect: acct=1000001, state=CONNECTING
D/ConnectivityService(  153): handleInetConditionHoldEnd: net=0, condition=100, published condition=0
W/Smack/Packet(  456): notify conn break (IOEx), close connection
D/ConnectivityService(  153): handleInetConditionHoldEnd: net=0, condition=0, published condition=100
I/GTalkService/c(  456): [AndroidEndpoint@1094489352] connect: acct=1000001, state=CONNECTING
D/dalvikvm(  219): GC_CONCURRENT freed 382K, 8% free 9860K/10631K, paused 25ms+2ms
D/dalvikvm(  456): GC_CONCURRENT freed 393K, 7% free 10067K/10759K, paused 14ms+3ms
D/ConnectivityService(  153): handleInetConditionHoldEnd: net=0, condition=100, published condition=0
W/Smack/Packet(  456): notify conn break (IOEx), close connection
D/ConnectivityService(  153): handleInetConditionHoldEnd: net=0, condition=0, published condition=100
I/GTalkService/c(  456): [AndroidEndpoint@1094489352] connect: acct=1000001, state=CONNECTING
D/dalvikvm(  456): GC_CONCURRENT freed 379K, 7% free 10075K/10759K, paused 2ms+2ms
D/ConnectivityService(  153): handleInetConditionHoldEnd: net=0, condition=100, published condition=0
W/Smack/Packet(  456): notify conn break (IOEx), close connection
D/ConnectivityService(  153): handleInetConditionHoldEnd: net=0, condition=0, published condition=100
I/GTalkService/c(  456): [AndroidEndpoint@1094489352] connect: acct=1000001, state=CONNECTING
D/ConnectivityService(  153): handleInetConditionHoldEnd: net=0, condition=100, published condition=0
W/Smack/Packet(  456): notify conn break (IOEx), close connection
D/ConnectivityService(  153): handleInetConditionHoldEnd: net=0, condition=0, published condition=100
I/GTalkService/c(  456): [AndroidEndpoint@1094489352] connect: acct=1000001, state=CONNECTING
D/dalvikvm(  456): GC_CONCURRENT freed 380K, 7% free 10088K/10759K, paused 2ms+2ms
D/ConnectivityService(  153): handleInetConditionHoldEnd: net=0, condition=100, published condition=0
W/Smack/Packet(  456): notify conn break (IOEx), close connection
D/ConnectivityService(  153): handleInetConditionHoldEnd: net=0, condition=0, published condition=100
D/dalvikvm(  153): GC_CONCURRENT freed 850K, 12% free 13281K/14983K, paused 2ms+5ms
I/EventLogService(  456): Aggregate from 1333748479946 (log), 1333747992510 (data)
I/ServiceDumpSys(  456): dumping service [account]
I/GTalkService/c(  456): [AndroidEndpoint@1094489352] connect: acct=1000001, state=CONNECTING
D/dalvikvm(  456): GC_CONCURRENT freed 399K, 7% free 10079K/10759K, paused 2ms+2ms
W/Smack/Packet(  456): notify conn break (IOEx), close connection
D/ConnectivityService(  153): handleInetConditionHoldEnd: net=0, condition=100, published condition=0
D/ConnectivityService(  153): handleInetConditionHoldEnd: net=0, condition=0, published condition=100
I/GTalkService/c(  456): [AndroidEndpoint@1094489352] connect: acct=1000001, state=CONNECTING
D/ConnectivityService(  153): handleInetConditionHoldEnd: net=0, condition=100, published condition=0
W/Smack/Packet(  456): notify conn break (IOEx), close connection
D/ConnectivityService(  153): handleInetConditionHoldEnd: net=0, condition=0, published condition=100
I/GTalkService/c(  456): [AndroidEndpoint@1094489352] connect: acct=1000001, state=CONNECTING
D/dalvikvm(  456): GC_CONCURRENT freed 388K, 7% free 10089K/10759K, paused 2ms+3ms
D/ConnectivityService(  153): handleInetConditionHoldEnd: net=0, condition=100, published condition=0
W/Smack/Packet(  456): notify conn break (IOEx), close connection
D/ConnectivityService(  153): handleInetConditionHoldEnd: net=0, condition=0, published condition=100
I/GTalkService/c(  456): [AndroidEndpoint@1094489352] connect: acct=1000001, state=CONNECTING
D/ConnectivityService(  153): handleInetConditionHoldEnd: net=0, condition=100, published condition=0
W/Smack/Packet(  456): notify conn break (IOEx), close connection
D/ConnectivityService(  153): handleInetConditionHoldEnd: net=0, condition=0, published condition=100
I/GTalkService/c(  456): [AndroidEndpoint@1094489352] connect: acct=1000001, state=CONNECTING
D/dalvikvm(  456): GC_CONCURRENT freed 414K, 7% free 10069K/10759K, paused 14ms+2ms
D/ConnectivityService(  153): handleInetConditionHoldEnd: net=0, condition=100, published condition=0
W/Smack/Packet(  456): notify conn break (IOEx), close connection
D/ConnectivityService(  153): handleInetConditionHoldEnd: net=0, condition=0, published condition=100
I/GTalkService/c(  456): [AndroidEndpoint@1094489352] connect: acct=1000001, state=CONNECTING
D/dalvikvm(  456): GC_CONCURRENT freed 387K, 7% free 10077K/10759K, paused 2ms+3ms
D/ConnectivityService(  153): handleInetConditionHoldEnd: net=0, condition=100, published condition=0
W/Smack/Packet(  456): notify conn break (IOEx), close connection
D/ConnectivityService(  153): handleInetConditionHoldEnd: net=0, condition=0, published condition=100
I/GTalkService/c(  456): [AndroidEndpoint@1094489352] connect: acct=1000001, state=CONNECTING
D/ConnectivityService(  153): handleInetConditionHoldEnd: net=0, condition=100, published condition=0
W/Smack/Packet(  456): notify conn break (IOEx), close connection
D/ConnectivityService(  153): handleInetConditionHoldEnd: net=0, condition=0, published condition=100
I/GTalkService/c(  456): [AndroidEndpoint@1094489352] connect: acct=1000001, state=CONNECTING
D/dalvikvm(  456): GC_CONCURRENT freed 383K, 7% free 10089K/10759K, paused 2ms+2ms
D/ConnectivityService(  153): handleInetConditionHoldEnd: net=0, condition=100, published condition=0
W/Smack/Packet(  456): notify conn break (IOEx), close connection
D/ConnectivityService(  153): handleInetConditionHoldEnd: net=0, condition=0, published condition=100
D/dalvikvm(  153): GC_CONCURRENT freed 938K, 12% free 13291K/14983K, paused 3ms+5ms
I/GTalkService/c(  456): [AndroidEndpoint@1094489352] connect: acct=1000001, state=CONNECTING
D/dalvikvm(  153): GC_EXPLICIT freed 179K, 12% free 13201K/14983K, paused 2ms+5ms
D/ConnectivityService(  153): handleInetConditionHoldEnd: net=0, condition=100, published condition=0
W/Smack/Packet(  456): notify conn break (IOEx), close connection
D/ConnectivityService(  153): handleInetConditionHoldEnd: net=0, condition=0, published condition=100
I/GTalkService/c(  456): [AndroidEndpoint@1094489352] connect: acct=1000001, state=CONNECTING
D/dalvikvm(  219): GC_CONCURRENT freed 391K, 8% free 9853K/10631K, paused 2ms+2ms
D/dalvikvm(  456): GC_CONCURRENT freed 412K, 7% free 10067K/10759K, paused 14ms+3ms
D/ConnectivityService(  153): handleInetConditionHoldEnd: net=0, condition=100, published condition=0
W/Smack/Packet(  456): notify conn break (IOEx), close connection
D/ConnectivityService(  153): handleInetConditionHoldEnd: net=0, condition=0, published condition=100
I/GTalkService/c(  456): [AndroidEndpoint@1094489352] connect: acct=1000001, state=CONNECTING
D/dalvikvm(  456): GC_CONCURRENT freed 389K, 7% free 10069K/10759K, paused 1ms+2ms
D/ConnectivityService(  153): handleInetConditionHoldEnd: net=0, condition=100, published condition=0
W/Smack/Packet(  456): notify conn break (IOEx), close connection
D/ConnectivityService(  153): handleInetConditionHoldEnd: net=0, condition=0, published condition=100
I/EventLogService(  456): Aggregate from 1333749792635 (log), 1333749792635 (data)
I/ServiceDumpSys(  456): dumping service [account]
D/dalvikvm(  153): GC_CONCURRENT freed 853K, 12% free 13269K/14983K, paused 18ms+5ms
D/AlarmManagerService(  153): Kernel timezone updated to 240 minutes west of GMT
D/SystemClock(  312): Setting time of day to sec=1333751647
V/AlarmClock(  528): AlarmInitReceiver finished
D/dalvikvm(  312): GC_CONCURRENT freed 416K, 6% free 9501K/10055K, paused 2ms+3ms
I/GTalkService/c(  456): [AndroidEndpoint@1094489352] connect: acct=1000001, state=CONNECTING
D/ConnectivityService(  153): handleInetConditionHoldEnd: net=0, condition=100, published condition=0
W/Smack/Packet(  456): notify conn break (IOEx), close connection
D/ConnectivityService(  153): handleInetConditionHoldEnd: net=0, condition=0, published condition=100
I/GTalkService/c(  456): [AndroidEndpoint@1094489352] connect: acct=1000001, state=CONNECTING
D/dalvikvm(  456): GC_CONCURRENT freed 400K, 7% free 10058K/10759K, paused 2ms+3ms
D/ConnectivityService(  153): handleInetConditionHoldEnd: net=0, condition=100, published condition=0
W/Smack/Packet(  456): notify conn break (IOEx), close connection
D/ConnectivityService(  153): handleInetConditionHoldEnd: net=0, condition=0, published condition=100
I/GTalkService/c(  456): [AndroidEndpoint@1094489352] connect: acct=1000001, state=CONNECTING
D/dalvikvm(  456): GC_CONCURRENT freed 399K, 7% free 10069K/10759K, paused 2ms+2ms
D/ConnectivityService(  153): handleInetConditionHoldEnd: net=0, condition=100, published condition=0
W/Smack/Packet(  456): notify conn break (IOEx), close connection
D/ConnectivityService(  153): handleInetConditionHoldEnd: net=0, condition=0, published condition=100
I/GTalkService/c(  456): [AndroidEndpoint@1094489352] connect: acct=1000001, state=CONNECTING
D/ConnectivityService(  153): handleInetConditionHoldEnd: net=0, condition=100, published condition=0
W/Smack/Packet(  456): notify conn break (IOEx), close connection
D/ConnectivityService(  153): handleInetConditionHoldEnd: net=0, condition=0, published condition=100
I/GTalkService/c(  456): [AndroidEndpoint@1094489352] connect: acct=1000001, state=CONNECTING
D/dalvikvm(  456): GC_CONCURRENT freed 384K, 7% free 10093K/10759K, paused 2ms+3ms
D/ConnectivityService(  153): handleInetConditionHoldEnd: net=0, condition=100, published condition=0
W/Smack/Packet(  456): notify conn break (IOEx), close connection
D/ConnectivityService(  153): handleInetConditionHoldEnd: net=0, condition=0, published condition=100
I/GTalkService/c(  456): [AndroidEndpoint@1094489352] connect: acct=1000001, state=CONNECTING
D/ConnectivityService(  153): handleInetConditionHoldEnd: net=0, condition=100, published condition=0
W/Smack/Packet(  456): notify conn break (IOEx), close connection
D/ConnectivityService(  153): handleInetConditionHoldEnd: net=0, condition=0, published condition=100
I/dalvikvm( 1217): Total arena pages for JIT: 11
I/dalvikvm( 1217): Total arena pages for JIT: 12
I/dalvikvm( 1217): Total arena pages for JIT: 13
I/dalvikvm( 1217): Total arena pages for JIT: 14
I/dalvikvm( 1217): Total arena pages for JIT: 15
I/dalvikvm( 1217): Total arena pages for JIT: 16
I/dalvikvm( 1217): Total arena pages for JIT: 17
I/GTalkService/c(  456): [AndroidEndpoint@1094489352] connect: acct=1000001, state=CONNECTING
D/dalvikvm(  456): GC_CONCURRENT freed 438K, 7% free 10065K/10759K, paused 14ms+3ms
D/ConnectivityService(  153): handleInetConditionHoldEnd: net=0, condition=100, published condition=0
D/dalvikvm(  153): GC_CONCURRENT freed 916K, 12% free 13299K/14983K, paused 3ms+5ms
I/power   (  153): *** set_screen_state 1
I/WindowManager(  153): Lock screen displayed!
D/SurfaceFlinger(   78): Screen about to return, flinger = 0x1eb9918
D/PhoneStatusBar(  219): disable: < expand icons alerts ticker system_info BACK HOME recent* CLOCK >
W/InputManagerService(  153): Window already focused, ignoring focus gain of: com.android.internal.view.IInputMethodClient$Stub$Proxy@4172cc68
D/PhoneStatusBar(  219): disable: < expand icons alerts ticker system_info back* home* recent clock* >
D/NfcService(  328): NFC-C ON
D/PhoneStatusBar(  219): disable: < EXPAND* icons alerts ticker system_info back home recent clock >
D/AudioHardware(   81): AudioHardware pcm playback is exiting standby.
D/AudioHardware(   81): openPcmOut_l() mPcmOpenCnt: 0
D/BluetoothAdapterStateMachine(  153): HotOff process message: 55
I/NfcService(  328): Disabling NFC
D/BluetoothEventLoop(  153): Property Changed: UUIDs : 9
E/BluetoothService.cpp(  153): setBluetoothTetheringNative false
D/BluetoothEventLoop(  153): Property Changed: UUIDs : 8
D/BluetoothEventLoop(  153): Property Changed: UUIDs : 7
D/BluetoothEventLoop(  153): Property Changed: UUIDs : 6
D/BluetoothEventLoop(  153): Property Changed: UUIDs : 5
W/InputManagerService(  153): Window already focused, ignoring focus gain of: com.android.internal.view.IInputMethodClient$Stub$Proxy@415cfac0
D/NdefPushServer(  328): stop, thread = Thread[Thread-36,5,main]
D/NdefPushServer(  328): shuting down server thread
D/PhoneStatusBar(  219): disable: < expand* icons alerts ticker system_info back home recent clock >
I/bluedroid(  153): Stopping bluetoothd deamon
D/NFC JNI (  328): Terminating client thread...
D/NFC JNI (  328): phLibNfc_Mgt_UnConfigureDriver() returned 0x0000[NFCSTATUS_SUCCESS]
I/bluedroid(  153): Stopping hciattach deamon
D/BluetoothAdapterStateMachine(  153): Bluetooth state 10 -> 10
D/ConnectivityService(  153): ConnectivityChange for mobile: DISCONNECTED/DISCONNECTED
D/ConnectivityService(  153): Attempting to switch to wifi
D/ConnectivityService(  153): Attempting to switch to BLUETOOTH_TETHER
D/NetUtils(  153): android_net_utils_resetConnections in env=0x1655720 clazz=0x2600001 iface=rmnet0 mask=0x3
D/ConnectivityService(  153): resetConnections(rmnet0, 3)
W/Smack/Packet(  456): notify conn break (IOEx), close connection
I/qtaguid (  456): Failed write_ctrl(u 68) res=-1 errno=22
I/qtaguid (  456): Untagging socket 68 failed errno=-22
W/NetworkManagementSocketTagger(  456): untagSocket(68) failed with errno -22
D/ConnectivityService(  153): handleInetConditionChange: no active default network - ignore
D/AudioHardware(   81): AudioHardware pcm playback is going to standby.
D/AudioHardware(   81): closePcmOut_l() mPcmOpenCnt: 1
D/PicasaSyncManager(  967): battery info: false
D/Tethering(  153): MasterInitialState.processMessage what=3
I/MediaUploader(  952): No need to wake up
D/PicasaSyncManager(  967): active network: null
D/PicasaSyncManager(  967): background data: true
D/NetworkLocator(  456): null cell state delivered
D/NetworkLocator(  456): null cell state delivered
I/power   (  153): *** set_screen_state 0
D/SurfaceFlinger(   78): About to give-up screen, flinger = 0x1eb9918
D/dalvikvm(  153): GC_CONCURRENT freed 946K, 11% free 13426K/14983K, paused 2ms+6ms
D/dalvikvm(  153): GC_FOR_ALLOC freed 811K, 14% free 12955K/14983K, paused 44ms
V/TransportControlView(  153): Create TCV com.android.internal.widget.TransportControlView@41352580
D/PhoneStatusBar(  219): disable: < expand icons alerts ticker system_info back home RECENT* clock >
D/PhoneStatusBar(  219): disable: < expand icons alerts ticker system_info BACK* HOME* RECENT CLOCK* >
D/dalvikvm(  153): GC_EXPLICIT freed 221K, 11% free 13353K/14983K, paused 8ms+5ms
I/EventLogService(  456): Aggregate from 1333751592761 (log), 1333751592761 (data)
I/ServiceDumpSys(  456): dumping service [account]
I/EventLogService(  456): Aggregate from 1333753392931 (log), 1333753392931 (data)
I/ServiceDumpSys(  456): dumping service [account]
D/dalvikvm(  456): GC_CONCURRENT freed 444K, 7% free 10027K/10759K, paused 3ms+6ms
I/SystemUpdateService(  456): download in progress: [id: 13 compl: false succ: false bytes: 0 reason: 0 fn: null]
I/SystemUpdateService(  456): download took too long; will cancel and retry
V/SystemUpdateService(  456): retry (wakeup: true) in 89887 ms
V/SystemUpdateService(  456): onPostExecute: false
D/dalvikvm(  219): GC_CONCURRENT freed 381K, 8% free 9860K/10631K, paused 2ms+3ms
I/SystemUpdateService(  456): starting download of http://android.clients.google.com/packages/ota/google_crespo/hR7QFEtn.zip
V/SystemUpdateService(  456): retry (wakeup: true) in 21599997 ms
I/SystemUpdate.Download(  456): Started a new update download: http://android.clients.google.com/packages/ota/google_crespo/hR7QFEtn.zip (id 14; allowMobile=false)
V/SystemUpdateService(  456): onPostExecute: false
I/DownloadManager(  268): Initiating request for download 14
W/DownloadManager(  268): Aborting request for download 14: no network connection available
I/EventLogService(  456): Aggregate from 1333755193041 (log), 1333755193041 (data)
I/ServiceDumpSys(  456): dumping service [account]
D/dalvikvm(  153): GC_CONCURRENT freed 912K, 11% free 13404K/14983K, paused 2ms+4ms
D/dalvikvm( 1217): GC_CONCURRENT freed 384K, 8% free 10000K/10759K, paused 2ms+2ms
I/EventLogService(  456): Aggregate from 1333756993166 (log), 1333756993166 (data)
I/ServiceDumpSys(  456): dumping service [account]
D/dalvikvm(  456): GC_FOR_ALLOC freed 352K, 7% free 10016K/10759K, paused 18ms
I/EventLogService(  456): Aggregate from 1333758793287 (log), 1333758793287 (data)
I/ServiceDumpSys(  456): dumping service [account]
I/EventLogService(  456): Aggregate from 1333760593387 (log), 1333760593387 (data)
I/ServiceDumpSys(  456): dumping service [account]
D/dalvikvm(  153): GC_CONCURRENT freed 1025K, 11% free 13413K/14983K, paused 3ms+5ms
D/dalvikvm(  456): GC_EXPLICIT freed 183K, 8% free 9991K/10759K, paused 2ms+2ms
I/EventLogService(  456): Aggregate from 1333762393493 (log), 1333762393493 (data)
I/ServiceDumpSys(  456): dumping service [account]
I/EventLogService(  456): Aggregate from 1333764193832 (log), 1333764193832 (data)
I/ServiceDumpSys(  456): dumping service [account]
I/EventLogService(  456): Aggregate from 1333765993966 (log), 1333765993966 (data)
I/ServiceDumpSys(  456): dumping service [account]
D/dalvikvm(  153): GC_CONCURRENT freed 983K, 11% free 13408K/14983K, paused 3ms+5ms
I/EventLogService(  456): Aggregate from 1333767794087 (log), 1333767794087 (data)
I/ServiceDumpSys(  456): dumping service [account]
D/AlarmManagerService(  153): Kernel timezone updated to 240 minutes west of GMT
I/ActivityManager(  153): Start proc com.google.android.inputmethod.latin.dictionarypack for broadcast com.google.android.inputmethod.latin.dictionarypack/.UpdateHandler: pid=2038 uid=10027 gids={3003, 1015}
I/ActivityThread( 2038): Pub com.android.inputmethod.latin.dictionarypack: com.google.android.inputmethod.latin.dictionarypack.DictionaryProvider
I/EventLogService(  456): Aggregate from 1333769594241 (log), 1333769594241 (data)
I/ServiceDumpSys(  456): dumping service [account]
I/EventLogService(  456): Aggregate from 1333771394363 (log), 1333771394363 (data)
D/dalvikvm(  456): GC_FOR_ALLOC freed 362K, 8% free 10001K/10759K, paused 21ms
I/ServiceDumpSys(  456): dumping service [account]
D/dalvikvm(  153): GC_CONCURRENT freed 964K, 11% free 13417K/14983K, paused 2ms+5ms
I/EventLogService(  456): Aggregate from 1333773194486 (log), 1333773194486 (data)
I/ServiceDumpSys(  456): dumping service [account]
D/dalvikvm(  219): GC_CONCURRENT freed 353K, 7% free 9906K/10631K, paused 2ms+4ms
I/EventLogService(  456): Aggregate from 1333774994785 (log), 1333774994785 (data)
I/ServiceDumpSys(  456): dumping service [account]
I/DownloadManager(  268): Initiating request for download 15
W/DownloadManager(  268): Aborting request for download 15: no network connection available
I/SystemUpdateService(  456): download in progress: [id: 14 compl: false succ: false bytes: 0 reason: 0 fn: null]
I/SystemUpdateService(  456): download took too long; will cancel and retry
V/SystemUpdateService(  456): retry (wakeup: true) in 149843 ms
V/SystemUpdateService(  456): onPostExecute: false
I/SystemUpdateService(  456): starting download of http://android.clients.google.com/packages/ota/google_crespo/hR7QFEtn.zip
D/dalvikvm(  456): GC_FOR_ALLOC freed 339K, 8% free 10001K/10759K, paused 25ms
V/SystemUpdateService(  456): retry (wakeup: true) in 21599960 ms
I/SystemUpdate.Download(  456): Started a new update download: http://android.clients.google.com/packages/ota/google_crespo/hR7QFEtn.zip (id 16; allowMobile=false)
D/dalvikvm(  268): GC_CONCURRENT freed 351K, 5% free 9318K/9799K, paused 3ms+6ms
V/SystemUpdateService(  456): onPostExecute: false
I/DownloadManager(  268): Initiating request for download 16
W/DownloadManager(  268): Aborting request for download 16: no network connection available
I/EventLogService(  456): Aggregate from 1333776794932 (log), 1333776794932 (data)
D/dalvikvm(  153): GC_CONCURRENT freed 975K, 11% free 13433K/14983K, paused 2ms+5ms
I/ServiceDumpSys(  456): dumping service [account]
I/EventLogService(  456): Aggregate from 1333778595059 (log), 1333778595059 (data)
I/ServiceDumpSys(  456): dumping service [account]
I/EventLogService(  456): Aggregate from 1333780395239 (log), 1333780395239 (data)
I/ServiceDumpSys(  456): dumping service [account]
I/EventLogService(  456): Aggregate from 1333782195356 (log), 1333782195356 (data)
I/ServiceDumpSys(  456): dumping service [account]
D/dalvikvm(  153): GC_CONCURRENT freed 998K, 11% free 13426K/14983K, paused 4ms+8ms
D/dalvikvm(  312): GC_CONCURRENT freed 424K, 6% free 9494K/10055K, paused 2ms+19ms
I/EventLogService(  456): Aggregate from 1333783995477 (log), 1333783995477 (data)
D/dalvikvm(  456): GC_FOR_ALLOC freed 382K, 8% free 10002K/10759K, paused 24ms
I/ServiceDumpSys(  456): dumping service [account]
D/dalvikvm(  153): GC_EXPLICIT freed 577K, 11% free 13405K/14983K, paused 2ms+5ms
I/EventLogService(  456): Aggregate from 1333785795571 (log), 1333785795571 (data)
I/ServiceDumpSys(  456): dumping service [account]
D/dalvikvm(  219): GC_CONCURRENT freed 348K, 7% free 9956K/10631K, paused 2ms+4ms
I/EventLogService(  456): Aggregate from 1333787595795 (log), 1333787595795 (data)
I/ServiceDumpSys(  456): dumping service [account]
I/EventLogService(  456): Aggregate from 1333789395936 (log), 1333789395936 (data)
I/ServiceDumpSys(  456): dumping service [account]
I/EventLogService(  456): Aggregate from 1333791196056 (log), 1333791196056 (data)
D/dalvikvm(  153): GC_CONCURRENT freed 949K, 11% free 13432K/14983K, paused 2ms+6ms
I/ServiceDumpSys(  456): dumping service [account]
I/EventLogService(  456): Aggregate from 1333792996181 (log), 1333792996181 (data)
D/dalvikvm(  456): GC_FOR_ALLOC freed 378K, 8% free 10000K/10759K, paused 21ms
I/ServiceDumpSys(  456): dumping service [account]
I/EventLogService(  456): Aggregate from 1333794796333 (log), 1333794796333 (data)
I/ServiceDumpSys(  456): dumping service [account]
I/EventLogService(  456): Aggregate from 1333796596504 (log), 1333796596504 (data)
I/ServiceDumpSys(  456): dumping service [account]
D/dalvikvm(  153): GC_CONCURRENT freed 979K, 11% free 13438K/14983K, paused 3ms+7ms
I/SystemUpdateService(  456): download in progress: [id: 16 compl: false succ: false bytes: 0 reason: 0 fn: null]
I/SystemUpdateService(  456): download took too long; will cancel and retry
V/SystemUpdateService(  456): retry (wakeup: true) in 209903 ms
V/SystemUpdateService(  456): onPostExecute: false
I/SystemUpdateService(  456): starting download of http://android.clients.google.com/packages/ota/google_crespo/hR7QFEtn.zip
D/dalvikvm(  456): GC_FOR_ALLOC freed 344K, 8% free 10000K/10759K, paused 21ms
V/SystemUpdateService(  456): retry (wakeup: true) in 21599962 ms
I/SystemUpdate.Download(  456): Started a new update download: http://android.clients.google.com/packages/ota/google_crespo/hR7QFEtn.zip (id 17; allowMobile=false)
V/SystemUpdateService(  456): onPostExecute: false
I/DownloadManager(  268): Initiating request for download 17
W/DownloadManager(  268): Aborting request for download 17: no network connection available
I/EventLogService(  456): Aggregate from 1333798396782 (log), 1333798396782 (data)
I/ServiceDumpSys(  456): dumping service [account]
D/dalvikvm(  219): GC_CONCURRENT freed 388K, 7% free 9961K/10631K, paused 2ms+4ms
I/EventLogService(  456): Aggregate from 1333800196929 (log), 1333800196929 (data)
I/ServiceDumpSys(  456): dumping service [account]
D/dalvikvm(  153): GC_CONCURRENT freed 1004K, 11% free 13448K/14983K, paused 2ms+4ms
I/EventLogService(  456): Aggregate from 1333801997042 (log), 1333801997042 (data)
I/ServiceDumpSys(  456): dumping service [account]
I/EventLogService(  456): Aggregate from 1333803797165 (log), 1333803797165 (data)
I/ServiceDumpSys(  456): dumping service [account]
I/EventLogService(  456): Aggregate from 1333805597290 (log), 1333805597290 (data)
D/dalvikvm(  456): GC_CONCURRENT freed 380K, 8% free 10005K/10759K, paused 2ms+3ms
I/ServiceDumpSys(  456): dumping service [account]
I/EventLogService(  456): Aggregate from 1333807397415 (log), 1333807397415 (data)
I/ServiceDumpSys(  456): dumping service [account]
D/dalvikvm(  153): GC_CONCURRENT freed 995K, 11% free 13450K/14983K, paused 2ms+4ms
I/EventLogService(  456): Aggregate from 1333809197565 (log), 1333809197565 (data)
I/ServiceDumpSys(  456): dumping service [account]
I/EventLogService(  456): Aggregate from 1333810997788 (log), 1333810997788 (data)
I/ServiceDumpSys(  456): dumping service [account]
D/dalvikvm(  219): GC_CONCURRENT freed 394K, 7% free 9955K/10631K, paused 2ms+4ms
D/Finsky  (  496): [1] UpdateCheckReceiver.updateCheckIfNecessary: Force checking for available updates.
D/Finsky  (  496): [1] UpdatesAvailableReceiver.onReceive: Received updates available notification
E/Finsky  (  496): [1] UpdatesAvailableReceiver.onReceive: Could not set up current account / dfe api when receiving an updates available broadcast.
I/EventLogService(  456): Aggregate from 1333812797937 (log), 1333812797937 (data)
I/ServiceDumpSys(  456): dumping service [account]
D/dalvikvm(  153): GC_CONCURRENT freed 993K, 11% free 13449K/14983K, paused 3ms+5ms
I/EventLogService(  456): Aggregate from 1333814598078 (log), 1333814598078 (data)
D/dalvikvm(  456): GC_CONCURRENT freed 387K, 8% free 10004K/10759K, paused 2ms+3ms
I/ServiceDumpSys(  456): dumping service [account]
I/EventLogService(  456): Aggregate from 1333816398217 (log), 1333816398217 (data)
I/ServiceDumpSys(  456): dumping service [account]
I/EventLogService(  456): Aggregate from 1333818198384 (log), 1333818198384 (data)
I/ServiceDumpSys(  456): dumping service [account]
D/dalvikvm(  153): GC_CONCURRENT freed 983K, 11% free 13475K/14983K, paused 3ms+262ms
I/SystemUpdateService(  456): download in progress: [id: 17 compl: false succ: false bytes: 0 reason: 0 fn: null]
I/SystemUpdateService(  456): download took too long; will cancel and retry
D/dalvikvm(  268): GC_EXPLICIT freed 284K, 6% free 9257K/9799K, paused 2ms+3ms
V/SystemUpdateService(  456): retry (wakeup: true) in 269910 ms
V/SystemUpdateService(  456): onPostExecute: false
I/SystemUpdateService(  456): starting download of http://android.clients.google.com/packages/ota/google_crespo/hR7QFEtn.zip
D/dalvikvm(  456): GC_FOR_ALLOC freed 364K, 8% free 10001K/10759K, paused 17ms
V/SystemUpdateService(  456): retry (wakeup: true) in 21599969 ms
I/SystemUpdate.Download(  456): Started a new update download: http://android.clients.google.com/packages/ota/google_crespo/hR7QFEtn.zip (id 18; allowMobile=false)
V/SystemUpdateService(  456): onPostExecute: false
