--------- beginning of /dev/log/system
I/Vold    (   72): Vold 2.1 (the revenge) firing up
D/Vold    (   72): Volume sdcard state changing -1 (Initializing) -> 0 (No-Media)
D/Vold    (   72): Volume sdcard state changing 0 (No-Media) -> 2 (Pending)
D/Vold    (   72): Volume sdcard state changing 2 (Pending) -> 1 (Idle-Unmounted)
W/Vold    (   72): Duplicate state (1)
W/Vold    (   72): Duplicate state (1)
W/Vold    (   72): Duplicate state (1)
W/Vold    (   72): Duplicate state (1)
I/SystemServer(  153): Entered the Android system server!
I/SystemServer(  153): Entropy Service
I/SystemServer(  153): Power Manager
I/SystemServer(  153): Activity Manager
I/ActivityManager(  153): Memory class: 48
I/SystemServer(  153): Telephony Registry
I/SystemServer(  153): Package Manager
W/PackageParser(  153): No actions in intent filter at /system/app/Bluetooth.apk Binary XML file line #125
W/PackageParser(  153): No actions in intent filter at /system/app/Contacts.apk Binary XML file line #525
W/PackageParser(  153): Unknown element under <manifest>: supports-gl-texture at /system/app/GoogleEarth.apk Binary XML file line #3
I/Installer(  153): connecting...
I/PackageParser(  153): com.googlecode.android.wifi.tether: compat added android.permission.WRITE_EXTERNAL_STORAGE android.permission.READ_PHONE_STATE
I/PackageManager(  153): Time to scan packages: 3.785 seconds
W/PackageManager(  153): Not granting permission android.permission.SEND_DOWNLOAD_COMPLETED_INTENTS to package com.google.android.browser (protectionLevel=2 flags=0x9be45)
W/PackageManager(  153): Unknown permission com.android.vending.permission.UPDATE_MARKET_FAILURE in package com.android.vending.updater
W/PackageManager(  153): Unknown permission android.permission.ADD_SYSTEM_SERVICE in package com.android.phone
W/PackageManager(  153): Unknown permission com.android.smspush.WAPPUSH_MANAGER_BIND in package com.android.phone
W/PackageManager(  153): Unknown permission com.android.vending.billing.IBillingAccountService.BIND2 in package com.google.android.gsf.login
W/PackageManager(  153): Not granting permission android.permission.DEVICE_POWER to package com.google.android.deskclock (protectionLevel=2 flags=0x8be45)
W/PackageManager(  153): Unknown permission android.permission.READ_OWNER_DATA in package com.google.android.setupwizard
W/PackageManager(  153): Unknown permission android.permission.WRITE_OWNER_DATA in package com.google.android.setupwizard
W/PackageManager(  153): Not granting permission com.google.android.gm.permission.READ_GMAIL to package com.google.android.apps.uploader (protectionLevel=2 flags=0x8be45)
W/PackageManager(  153): Unknown permission android.permission.READ_EXTERNAL_STORAGE in package com.android.vending
W/PackageManager(  153): Not granting permission android.permission.SEND_DOWNLOAD_COMPLETED_INTENTS to package com.android.vending (protectionLevel=2 flags=0xabec5)
W/PackageManager(  153): Not granting permission android.permission.ACCOUNT_MANAGER to package com.google.android.music (protectionLevel=2 flags=0x8be65)
W/PackageManager(  153): Unknown permission com.android.providers.im.permission.READ_ONLY in package com.google.android.apps.maps
W/PackageManager(  153): Unknown permission android.permission.READ_EXTERNAL_STORAGE in package com.google.android.videoeditor
W/PackageManager(  153): Unknown permission com.google.android.apps.googlevoice.REMOTE_INTENT in package com.google.android.apps.googlevoice
W/PackageManager(  153): Unknown permission com.google.android.permission.RECEIVE_DATA_MESSAGE in package com.google.android.apps.googlevoice
W/PackageManager(  153): Unknown permission com.google.android.permission.SEND_DATA_MESSAGE in package com.google.android.apps.googlevoice
I/SystemServer(  153): Account Manager
I/SystemServer(  153): Content Manager
I/SystemServer(  153): System Content Providers
I/SystemServer(  153): Lights Service
I/SystemServer(  153): Battery Service
I/SystemServer(  153): Vibrator Service
I/SystemServer(  153): Alarm Manager
I/SystemServer(  153): Init Watchdog
I/SystemServer(  153): Window Manager
I/InputManager(  153): Initializing input manager
W/StatusBarManager(  153): warning: no STATUS_BAR_SERVICE
I/InputManager(  153): Starting input manager
I/SystemServer(  153): Bluetooth Service
I/SystemServer(  153): Input Method Service
W/InputManagerService(  153): Couldn't create dir.: /data/system/inputmethod
I/SystemServer(  153): Accessibility Manager
I/ActivityManager(  153): Config changed: {1.0 0mcc0mnc en_US layoutdir=0 sw320dp w320dp h508dp nrml long port ?uimode ?night finger -keyb/v/h -nav/h s.2}
I/SystemServer(  153): Device Policy
I/SystemServer(  153): Status Bar
I/SystemServer(  153): Clipboard Service
I/SystemServer(  153): NetworkManagement Service
I/SystemServer(  153): Text Service Manager Service
I/SystemServer(  153): NetworkStats Service
I/SystemServer(  153): NetworkPolicy Service
I/SystemServer(  153): Wi-Fi P2pService
I/SystemServer(  153): Wi-Fi Service
I/SystemServer(  153): Connectivity Service
D/ConnectivityService(  153): ConnectivityService starting up
E/ConnectivityService(  153): Ignoring protectedNetwork 10
E/ConnectivityService(  153): Ignoring protectedNetwork 11
E/ConnectivityService(  153): Ignoring protectedNetwork 12
E/MobileDataStateTracker(  153): default: Ignoring feature request because could not acquire PhoneService
E/MobileDataStateTracker(  153): default: Could not enable APN type "default"
D/NetworkManagementService(  153): Registering observer
D/NetworkManagementService(  153): Registering observer
I/WifiService(  153): WifiService starting up with Wi-Fi disabled
I/SystemServer(  153): Throttle Service
I/SystemServer(  153): Mount Service
D/MountService(  153): got storage path: /mnt/sdcard description: USB storage primary: true removable: false emulated: false mtpReserve: 0 allowMassStorage: true maxFileSize: 4294967296
I/SystemServer(  153): Notification Manager
I/SystemServer(  153): Device Storage Monitor
I/SystemServer(  153): Location Manager
I/SystemServer(  153): Country Detector
I/SystemServer(  153): Search Service
I/SystemServer(  153): DropBox Service
I/SystemServer(  153): Wallpaper Service
I/SystemServer(  153): Audio Service
D/VoldCmdListener(   72): volume list
D/MountService(  153): volume state changed for /mnt/sdcard (null -> unmounted)
I/SystemServer(  153): Dock Observer
I/SystemServer(  153): Wired Accessory Observer
I/SystemServer(  153): USB Service
I/SystemServer(  153): UI Mode Manager Service
I/SystemServer(  153): Backup Service
V/BackupManagerService(  153): Initializing package tracking
V/BackupManagerService(  153): No ancestral data
V/BackupManagerService(  153): addPackageParticipantsLocked: null
I/BackupManagerService(  153): New app android never backed up; scheduling
I/BackupManagerService(  153): New app com.android.nfc never backed up; scheduling
I/BackupManagerService(  153): New app com.android.providers.settings never backed up; scheduling
I/BackupManagerService(  153): New app com.android.providers.userdictionary never backed up; scheduling
I/BackupManagerService(  153): New app com.android.sharedstoragebackup never backed up; scheduling
I/BackupManagerService(  153): New app com.android.vending never backed up; scheduling
I/BackupManagerService(  153): New app com.google.android.browser never backed up; scheduling
I/BackupManagerService(  153): New app com.google.android.calendar never backed up; scheduling
I/BackupManagerService(  153): New app com.google.android.gm never backed up; scheduling
I/BackupManagerService(  153): New app com.google.android.inputmethod.latin never backed up; scheduling
I/BackupManagerService(  153): New app org.connectbot never backed up; scheduling
V/BackupManagerService(  153): Registering transport android/com.android.internal.backup.LocalTransport = com.android.internal.backup.LocalTransport@415ecf88
V/BackupManagerService(  153): Starting with transport com.google.android.backup/.BackupTransportService
V/BackupManagerService(  153): Binding to Google transport
I/BackupManagerService(  153): Found stale backup journal, scheduling
I/BackupManagerService(  153):   android
I/BackupManagerService(  153):   com.android.nfc
I/BackupManagerService(  153):   com.android.providers.settings
I/BackupManagerService(  153):   com.android.providers.userdictionary
I/BackupManagerService(  153):   com.android.sharedstoragebackup
I/BackupManagerService(  153):   com.android.vending
I/BackupManagerService(  153):   com.google.android.browser
I/BackupManagerService(  153):   com.google.android.calendar
I/BackupManagerService(  153):   com.google.android.gm
I/BackupManagerService(  153):   com.google.android.inputmethod.latin
I/BackupManagerService(  153):   org.connectbot
I/BackupManagerService(  153): Backup enabled => false
I/BackupManagerService(  153): Opting out of backup
I/SystemServer(  153): AppWidget Service
I/SystemServer(  153): Recognition Service
I/SystemServer(  153): DiskStats Service
I/SystemServer(  153): SamplingProfiler Service
I/SystemServer(  153): NetworkTimeUpdateService
D/PowerManagerService(  153): system ready!
I/ActivityManager(  153): System now ready
I/SystemServer(  153): Making services ready
D/SystemServer(  153): Starting service: Intent { cmp=com.android.systemui/.SystemUIService }
I/ActivityManager(  153): Start proc com.android.systemui for service com.android.systemui/.SystemUIService: pid=219 uid=1000 gids={1015, 3002, 3001, 3003, 3007}
D/NetworkManagementService(  153): enabling bandwidth control
D/SystemUIService(  219): loading: class com.android.systemui.statusbar.phone.PhoneStatusBar
D/SystemUIService(  219): running: com.android.systemui.statusbar.phone.PhoneStatusBar@41359238
D/NetworkManagementService(  153): Registering observer
I/StatusBarManagerService(  153): registerStatusBar bar=com.android.internal.statusbar.IStatusBar$Stub$Proxy@4156c020
D/PhoneStatusBar(  219): disable: < expand icons alerts ticker system_info BACK* HOME* RECENT* CLOCK* >
D/NetworkManagementService(  153): Registering observer
I/ActivityManager(  153): Config changed: {1.0 0mcc0mnc en_US layoutdir=0 sw320dp w320dp h508dp nrml long port finger -keyb/v/h -nav/h s.3}
D/StorageNotification(  219): Startup with UMS connection false (media state unmounted)
I/StorageNotification(  219): UMS connection changed to false (media state unmounted)
D/SystemUIService(  219): loading: class com.android.systemui.power.PowerUI
D/SystemUIService(  219): running: com.android.systemui.power.PowerUI@4133e018
I/ActivityManager(  153): Start proc android.process.media for broadcast com.android.providers.media/.UsbReceiver: pid=268 uid=10014 gids={1015, 1023, 1024, 2001, 3003, 3007}
I/ActivityManager(  153): Start proc com.android.wallpaper for service com.android.wallpaper/.nexus.NexusWallpaper: pid=281 uid=10030 gids={1006}
D/WifiService(  153): New client listening to asynchronous messages
W/InputManagerService(  153): Ignoring setImeWindowStatus of uid 1000 token: null
I/ActivityManager(  153): Start proc com.google.android.inputmethod.latin for service com.google.android.inputmethod.latin/com.android.inputmethod.latin.LatinIME: pid=293 uid=10028 gids={}
D/NetworkManagementService(  153): Registering observer
W/ThrottleService(  153): unable to find stats for iface rmnet0
I/ActivityManager(  153): Start proc com.android.phone for added application com.android.phone: pid=312 uid=1001 gids={3002, 3001, 3003, 1015}
I/ActivityManager(  153): Start proc com.android.nfc for added application com.android.nfc: pid=328 uid=1027 gids={3002, 3001}
I/ActivityManager(  153): START {act=android.intent.action.MAIN cat=[android.intent.category.HOME] flg=0x10000000 cmp=com.android.launcher/com.android.launcher2.Launcher} from pid 0
I/ActivityManager(  153): Start proc com.android.launcher for activity com.android.launcher/com.android.launcher2.Launcher: pid=343 uid=10029 gids={}
W/ActivityManager(  153): Unable to start service Intent { act=com.android.internal.telephony.IWapPushManager }: not found
I/ActivityManager(  153): Start proc com.google.android.inputmethod.latin.dictionarypack for content provider com.google.android.inputmethod.latin.dictionarypack/.DictionaryProvider: pid=382 uid=10027 gids={3003, 1015}
I/ActivityManager(  153): Start proc android.process.acore for content provider com.android.providers.userdictionary/.UserDictionaryProvider: pid=400 uid=10000 gids={3003, 1015}
W/ActivityManager(  153): Unable to start service Intent { act=com.android.ussd.IExtendedNetworkService }: not found
I/ActivityManager(  153): Start proc com.google.process.gapps for service com.google.android.location/.NetworkLocationService: pid=456 uid=10011 gids={3003, 1015, 1007, 2001, 3006}
I/ActivityManager(  153): Start proc com.android.settings for broadcast com.android.settings/.widget.SettingsAppWidgetProvider: pid=468 uid=1000 gids={1015, 3002, 3001, 3003, 3007}
I/StorageNotification(  219): UMS connection changed to false (media state unmounted)
V/BackupManagerService(  153): Connected to Google transport
V/BackupManagerService(  153): Registering transport com.google.android.backup/.BackupTransportService = com.google.android.backup.BackupTransportService$1@41604018
I/WifiService(  153): WifiService trying to set country code to us with persist set to true
I/ActivityManager(  153): Config changed: {1.0 310mcc260mnc en_US layoutdir=0 sw320dp w320dp h508dp nrml long port finger -keyb/v/h -nav/h s.4}
I/ActivityManager(  153): Start proc com.android.vending for broadcast com.android.vending/.MarketWidgetProvider: pid=496 uid=10043 gids={3003, 1015}
I/ActivityManager(  153): Start proc com.google.android.deskclock for broadcast com.google.android.deskclock/com.android.alarmclock.AnalogAppWidgetProvider: pid=528 uid=10013 gids={}
D/PowerManagerService(  153): bootCompleted
V/DevicePolicyManagerService(  153): Sending password expiration notifications for action android.intent.action.BOOT_COMPLETED
D/VoldCmdListener(   72): volume mount /mnt/sdcard
I/Vold    (   72): /dev/block/vold/179:3 being considered for volume sdcard
D/Vold    (   72): Volume sdcard state changing 1 (Idle-Unmounted) -> 3 (Checking)
D/MountService(  153): volume state changed for /mnt/sdcard (unmounted -> checking)
V/WiredAccessoryObserver(  153): init()
W/WiredAccessoryObserver(  153): This kernel does not have wired headset support
W/WiredAccessoryObserver(  153): This kernel does not have wired headset support
I/StorageNotification(  219): Media {/mnt/sdcard} state changed from {unmounted} -> {checking}
D/MountService(  153): sendStorageIntent Intent { act=android.intent.action.MEDIA_CHECKING dat=file:///mnt/sdcard (has extras) }
I/ActivityManager(  153): Start proc com.android.contacts for broadcast com.android.contacts/.calllog.CallLogReceiver: pid=562 uid=10000 gids={3003, 1015}
I/ActivityManager(  153): Start proc com.android.providers.calendar for broadcast com.android.providers.calendar/.CalendarReceiver: pid=584 uid=10007 gids={3003, 1015}
I/ActivityManager(  153): Start proc com.google.android.email for broadcast com.google.android.email/com.android.email.service.EmailBroadcastReceiver: pid=602 uid=10015 gids={3003, 1015}
I/ActivityManager(  153): Start proc com.google.android.exchange for service com.google.android.exchange/com.android.exchange.ExchangeService: pid=617 uid=10016 gids={3003, 1015}
I/ActivityManager(  153): Start proc com.google.android.apps.genie.geniewidget for broadcast com.google.android.apps.genie.geniewidget/.miniwidget.MiniWidgetProvider: pid=634 uid=10018 gids={3003, 1015}
I/ActivityManager(  153): Start proc com.google.android.gm for broadcast com.google.android.gm/.MailIntentReceiver: pid=660 uid=10019 gids={3003, 1015}
I/ActivityManager(  153): Start proc com.google.android.partnersetup for broadcast com.google.android.partnersetup/.GooglePartnerSetup: pid=684 uid=10022 gids={3003}
I/ActivityManager(  153): Start proc com.google.android.gsf.login for service com.google.android.gsf.login/com.google.android.gsf.loginservice.GoogleLoginService: pid=697 uid=10011 gids={3003, 1015, 1007, 2001, 3006}
I/ActivityManager(  153): Start proc com.google.android.apps.maps:FriendService for broadcast com.google.android.apps.maps/com.google.googlenav.friend.android.ServiceReceiver: pid=726 uid=10032 gids={3003, 1015}
I/ActivityManager(  153): START {flg=0x10000000 cmp=com.google.android.gsf/.update.SystemUpdateInstallDialog} from pid 456
I/ActivityManager(  153): START {flg=0x10000000 cmp=com.google.android.gsf/.update.SystemUpdateDownloadDialog} from pid 456
I/ActivityManager(  153): Start proc com.google.android.apps.maps:NetworkLocationService for service com.google.android.apps.maps/com.google.android.location.internal.server.NetworkLocationService: pid=741 uid=10032 gids={3003, 1015}
I/ActivityManager(  153): Start proc com.android.mms for broadcast com.android.mms/.transaction.MmsSystemEventReceiver: pid=753 uid=10036 gids={3003, 1015}
D/CountryDetectorService(  153): The first listener is added
W/ActivityManager(  153): Permission Denial: receiving Intent { act=android.intent.action.BOOT_COMPLETED flg=0x10 } to com.android.musicfx requires android.permission.RECEIVE_BOOT_COMPLETED due to sender null (uid 1000)
I/ActivityManager(  153): Start proc com.google.android.onetimeinitializer for broadcast com.google.android.onetimeinitializer/.OneTimeInitializerReceiver: pid=776 uid=10040 gids={}
I/ActivityManager(  153): Start proc com.google.android.talk for broadcast com.google.android.talk/.videochat.BootCompleteReceiver: pid=792 uid=10050 gids={3003, 1015, 1006, 3002}
D/ConnectivityService(  153): handleInetConditionChange: no active default network - ignore
I/ActivityManager(  153): Start proc com.google.android.videos for broadcast com.google.android.videos/com.google.android.youtube.videos.transfer.VideoDownloadService$BootReceiver: pid=812 uid=10053 gids={3003, 1015}
I/ActivityManager(  153): Start proc com.android.voicedialer for broadcast com.android.voicedialer/.VoiceDialerReceiver: pid=847 uid=10055 gids={3002}
W/ActivityManager(  153): Permission Denial: receiving Intent { act=android.intent.action.BOOT_COMPLETED flg=0x10 } to com.google.android.youtube requires android.permission.RECEIVE_BOOT_COMPLETED due to sender null (uid 1000)
W/ActivityManager(  153): Permission Denial: receiving Intent { act=android.intent.action.BOOT_COMPLETED flg=0x10 } to com.google.android.youtube requires android.permission.RECEIVE_BOOT_COMPLETED due to sender null (uid 1000)
I/ActivityManager(  153): Start proc com.google.android.apps.googlevoice for broadcast com.google.android.apps.googlevoice/.BootUpReceiver: pid=859 uid=10058 gids={3003, 1015}
I/ActivityManager(  153): No longer want com.google.android.inputmethod.latin.dictionarypack (pid 382): hidden #16
I/ActivityManager(  153): No longer want com.android.contacts (pid 562): hidden #16
I/ActivityManager(  153): No longer want com.android.providers.calendar (pid 584): hidden #16
I/ActivityManager(  153): Start proc com.google.android.calendar for broadcast com.google.android.calendar/com.android.calendar.widget.CalendarAppWidgetService$CalendarFactory: pid=880 uid=10006 gids={3003}
I/ActivityManager(  153): Start proc com.google.android.apps.maps:LocationFriendService for broadcast com.google.android.apps.maps/com.google.googlenav.friend.reporting.LocationReportingIntentReceiver: pid=895 uid=10032 gids={3003, 1015}
I/ActivityManager(  153): No longer want com.google.android.apps.genie.geniewidget (pid 634): hidden #16
I/ActivityManager(  153): Start proc com.android.providers.calendar for content provider com.android.providers.calendar/.CalendarProvider2: pid=907 uid=10007 gids={3003, 1015}
I/ActivityManager(  153): No longer want com.google.android.gsf.login (pid 697): hidden #16
I/ActivityManager(  153): Start proc com.google.android.music:main for broadcast com.google.android.music/.store.MediaStoreImportService$Receiver: pid=924 uid=10037 gids={3003, 1015}
I/ActivityManager(  153): No longer want android.process.acore (pid 400): hidden #16
I/ActivityManager(  153): No longer want com.google.android.email (pid 602): hidden #16
I/ActivityManager(  153): No longer want com.google.android.exchange (pid 617): hidden #16
I/ActivityManager(  153): No longer want com.google.android.partnersetup (pid 684): hidden #16
I/ActivityManager(  153): No longer want com.android.mms (pid 753): hidden #16
D/CountryDetectorService(  153): No listener is left
I/Vold    (   72): Filesystem check completed OK
I/Vold    (   72): Device /dev/block/vold/179:3, target /mnt/sdcard mounted @ /mnt/secure/staging
D/Vold    (   72): Volume sdcard state changing 3 (Checking) -> 4 (Mounted)
D/MountService(  153): volume state changed for /mnt/sdcard (checking -> mounted)
I/StorageNotification(  219): Media {/mnt/sdcard} state changed from {checking} -> {mounted}
D/MountService(  153): sendStorageIntent Intent { act=android.intent.action.MEDIA_MOUNTED dat=file:///mnt/sdcard (has extras) }
I/ActivityManager(  153): Start proc com.google.android.apps.uploader for broadcast com.google.android.apps.uploader/.ConnectivityBroadcastReceiver: pid=952 uid=10034 gids={3003}
D/VoldCmdListener(   72): asec list
W/PackageManager(  153): Not granting permission android.permission.SEND_DOWNLOAD_COMPLETED_INTENTS to package com.google.android.browser (protectionLevel=2 flags=0x9be45)
W/PackageManager(  153): Unknown permission com.android.vending.permission.UPDATE_MARKET_FAILURE in package com.android.vending.updater
W/PackageManager(  153): Unknown permission android.permission.ADD_SYSTEM_SERVICE in package com.android.phone
W/PackageManager(  153): Unknown permission com.android.smspush.WAPPUSH_MANAGER_BIND in package com.android.phone
W/PackageManager(  153): Unknown permission com.android.vending.billing.IBillingAccountService.BIND2 in package com.google.android.gsf.login
W/PackageManager(  153): Not granting permission android.permission.DEVICE_POWER to package com.google.android.deskclock (protectionLevel=2 flags=0x8be45)
W/PackageManager(  153): Unknown permission android.permission.READ_OWNER_DATA in package com.google.android.setupwizard
W/PackageManager(  153): Unknown permission android.permission.WRITE_OWNER_DATA in package com.google.android.setupwizard
W/PackageManager(  153): Not granting permission com.google.android.gm.permission.READ_GMAIL to package com.google.android.apps.uploader (protectionLevel=2 flags=0x8be45)
W/PackageManager(  153): Unknown permission android.permission.READ_EXTERNAL_STORAGE in package com.android.vending
W/PackageManager(  153): Not granting permission android.permission.SEND_DOWNLOAD_COMPLETED_INTENTS to package com.android.vending (protectionLevel=2 flags=0xabec5)
W/PackageManager(  153): Not granting permission android.permission.ACCOUNT_MANAGER to package com.google.android.music (protectionLevel=2 flags=0x8be65)
W/PackageManager(  153): Unknown permission com.android.providers.im.permission.READ_ONLY in package com.google.android.apps.maps
W/PackageManager(  153): Unknown permission android.permission.READ_EXTERNAL_STORAGE in package com.google.android.videoeditor
W/PackageManager(  153): Unknown permission com.google.android.apps.googlevoice.REMOTE_INTENT in package com.google.android.apps.googlevoice
W/PackageManager(  153): Unknown permission com.google.android.permission.RECEIVE_DATA_MESSAGE in package com.google.android.apps.googlevoice
W/PackageManager(  153): Unknown permission com.google.android.permission.SEND_DATA_MESSAGE in package com.google.android.apps.googlevoice
I/ActivityManager(  153): Start proc com.google.android.apps.plus for broadcast com.google.android.apps.plus/.service.PackagesMediaMonitor: pid=967 uid=10044 gids={3003, 1015, 1006}
I/ActivityManager(  153): No longer want com.google.android.onetimeinitializer (pid 776): hidden #16
I/ActivityManager(  153): No longer want com.google.android.videos (pid 812): hidden #16
D/ConnectivityService(  153): ConnectivityChange for mobile: CONNECTED/CONNECTED
D/ConnectivityService(  153): handleInetConditionHoldEnd: net=0, condition=100, published condition=0
D/ConnectivityService(  153): handleInetConditionHoldEnd: net=0, condition=0, published condition=100
D/PhoneStatusBar(  219): disable: < expand icons alerts ticker system_info BACK HOME recent* CLOCK >
D/PhoneStatusBar(  219): disable: < expand icons alerts ticker system_info back* home* recent clock* >
D/NetworkPolicy(  153): applying policy NetworkPolicy[NetworkTemplate: matchRule=MOBILE_ALL, subscriberId=valid]: cycleDay=15, warningBytes=2147483648, limitBytes=-1, lastSnooze=-1 to ifaces [rmnet0]
D/ConnectivityService(  153): handleInetConditionHoldEnd: net=0, condition=100, published condition=0
D/ConnectivityService(  153): handleInetConditionHoldEnd: net=0, condition=0, published condition=100
D/ConnectivityService(  153): handleInetConditionHoldEnd: net=0, condition=100, published condition=0
D/ConnectivityService(  153): handleInetConditionHoldEnd: net=0, condition=0, published condition=100
D/PhoneStatusBar(  219): disable: < expand icons alerts ticker system_info back home RECENT* clock >
D/PhoneStatusBar(  219): disable: < expand icons alerts ticker system_info BACK* HOME* RECENT CLOCK* >
D/ConnectivityService(  153): handleInetConditionHoldEnd: net=0, condition=100, published condition=0
D/ConnectivityService(  153): handleInetConditionHoldEnd: net=0, condition=0, published condition=100
I/WindowManager(  153): Lock screen displayed!
D/PhoneStatusBar(  219): disable: < expand icons alerts ticker system_info BACK HOME recent* CLOCK >
D/PhoneStatusBar(  219): disable: < expand icons alerts ticker system_info back* home* recent clock* >
W/InputManagerService(  153): Window already focused, ignoring focus gain of: com.android.internal.view.IInputMethodClient$Stub$Proxy@417bebf8
I/ActivityManager(  153): START {act=android.intent.action.MAIN cat=[android.intent.category.LAUNCHER] flg=0x10200000 cmp=edu.mit.haoqili.camera_cloud/.CameraCloud} from pid 343
I/ActivityManager(  153): Start proc edu.mit.haoqili.camera_cloud for activity edu.mit.haoqili.camera_cloud/.CameraCloud: pid=1025 uid=10066 gids={1006, 1015, 3003}
W/InputManagerService(  153): Starting input on non-focused client com.android.internal.view.IInputMethodClient$Stub$Proxy@41734a88 (uid=10029 pid=343)
D/ConnectivityService(  153): handleInetConditionHoldEnd: net=0, condition=100, published condition=0
D/ConnectivityService(  153): handleInetConditionHoldEnd: net=0, condition=0, published condition=100
D/ConnectivityService(  153): handleInetConditionHoldEnd: net=0, condition=100, published condition=0
D/ConnectivityService(  153): handleInetConditionHoldEnd: net=0, condition=0, published condition=100
D/ConnectivityService(  153): handleInetConditionHoldEnd: net=0, condition=100, published condition=0
D/ConnectivityService(  153): handleInetConditionHoldEnd: net=0, condition=0, published condition=100
D/ConnectivityService(  153): handleInetConditionHoldEnd: net=0, condition=0, published condition=0
D/ConnectivityService(  153): handleInetConditionHoldEnd: net=0, condition=100, published condition=0
D/ConnectivityService(  153): handleInetConditionHoldEnd: net=0, condition=0, published condition=100
D/ConnectivityService(  153): handleInetConditionHoldEnd: net=0, condition=100, published condition=0
D/ConnectivityService(  153): handleInetConditionHoldEnd: net=0, condition=0, published condition=100
D/ConnectivityService(  153): handleInetConditionHoldEnd: net=0, condition=100, published condition=0
D/ConnectivityService(  153): handleInetConditionHoldEnd: net=0, condition=0, published condition=100
D/ConnectivityService(  153): handleInetConditionHoldEnd: net=0, condition=100, published condition=0
D/ConnectivityService(  153): handleInetConditionHoldEnd: net=0, condition=0, published condition=100
D/ConnectivityService(  153): handleInetConditionHoldEnd: net=0, condition=100, published condition=0
D/ConnectivityService(  153): handleInetConditionHoldEnd: net=0, condition=0, published condition=100
D/ConnectivityService(  153): handleInetConditionHoldEnd: net=0, condition=100, published condition=0
D/ConnectivityService(  153): handleInetConditionHoldEnd: net=0, condition=0, published condition=100
D/ConnectivityService(  153): handleInetConditionHoldEnd: net=0, condition=100, published condition=0
D/ConnectivityService(  153): handleInetConditionHoldEnd: net=0, condition=0, published condition=100
D/ConnectivityService(  153): handleInetConditionHoldEnd: net=0, condition=100, published condition=0
D/ConnectivityService(  153): handleInetConditionHoldEnd: net=0, condition=0, published condition=100
D/ConnectivityService(  153): handleInetConditionHoldEnd: net=0, condition=100, published condition=0
D/ConnectivityService(  153): handleInetConditionHoldEnd: net=0, condition=0, published condition=100
D/ConnectivityService(  153): handleInetConditionHoldEnd: net=0, condition=0, published condition=0
I/WindowManager(  153): Input event dispatching timed out sending to edu.mit.haoqili.camera_cloud/edu.mit.haoqili.camera_cloud.CameraCloud
E/ActivityManager(  153): ANR in edu.mit.haoqili.camera_cloud (edu.mit.haoqili.camera_cloud/.CameraCloud)
E/ActivityManager(  153): Reason: keyDispatchingTimedOut
E/ActivityManager(  153): Load: 0.09 / 0.21 / 0.2
E/ActivityManager(  153): CPU usage from 10146ms to 0ms ago:
E/ActivityManager(  153):   47% 81/mediaserver: 46% user + 0.8% kernel
E/ActivityManager(  153):   12% 78/surfaceflinger: 4.3% user + 8.3% kernel
E/ActivityManager(  153):   4% 87/gpsd: 3.4% user + 0.5% kernel
E/ActivityManager(  153):   1.4% 153/system_server: 0.9% user + 0.4% kernel / faults: 10 minor
E/ActivityManager(  153):   1.3% 4/kworker/0:0: 0% user + 1.3% kernel
E/ActivityManager(  153):   0.5% 219/com.android.systemui: 0.2% user + 0.2% kernel / faults: 12 minor
E/ActivityManager(  153):   0.5% 741/com.google.android.apps.maps:NetworkLocationService: 0.3% user + 0.1% kernel / faults: 32 minor
E/ActivityManager(  153):   0.5% 1013/kworker/u:3: 0% user + 0.5% kernel
E/ActivityManager(  153):   0.4% 5/kworker/u:0: 0% user + 0.4% kernel
E/ActivityManager(  153):   0.4% 312/com.android.phone: 0.2% user + 0.1% kernel / faults: 2 minor
E/ActivityManager(  153):   0% 456/com.google.process.gapps: 0% user + 0% kernel
E/ActivityManager(  153): 69% TOTAL: 56% user + 12% kernel + 0% softirq
E/ActivityManager(  153): CPU usage from 585ms to 1098ms later:
E/ActivityManager(  153):   33% 81/mediaserver: 33% user + 0% kernel
E/ActivityManager(  153):     33% 1040/CameraPreviewTh: 33% user + 0% kernel
E/ActivityManager(  153):   9.4% 78/surfaceflinger: 1.8% user + 7.5% kernel
E/ActivityManager(  153):     7.5% 134/SurfaceFlinger: 0% user + 7.5% kernel
E/ActivityManager(  153):     1.8% 78/surfaceflinger: 0% user + 1.8% kernel
E/ActivityManager(  153):   7.4% 153/system_server: 1.8% user + 5.5% kernel / faults: 1 minor
E/ActivityManager(  153):     5.5% 187/InputDispatcher: 1.8% user + 3.7% kernel
E/ActivityManager(  153):   1% 4/kworker/0:0: 0% user + 1% kernel
E/ActivityManager(  153):   1% 5/kworker/u:0: 0% user + 1% kernel
E/ActivityManager(  153):   1.8% 87/gpsd: 0% user + 1.8% kernel
E/ActivityManager(  153):   1.1% 219/com.android.systemui: 1.1% user + 0% kernel / faults: 2 minor
E/ActivityManager(  153):     1.1% 219/ndroid.systemui: 1.1% user + 0% kernel
E/ActivityManager(  153): 50% TOTAL: 41% user + 9.8% kernel
D/ConnectivityService(  153): handleInetConditionHoldEnd: net=0, condition=100, published condition=0
D/ConnectivityService(  153): handleInetConditionHoldEnd: net=0, condition=0, published condition=100
W/InputManagerService(  153): Window already focused, ignoring focus gain of: com.android.internal.view.IInputMethodClient$Stub$Proxy@4173cd00
D/ConnectivityService(  153): handleInetConditionHoldEnd: net=0, condition=100, published condition=0
D/ConnectivityService(  153): handleInetConditionHoldEnd: net=0, condition=0, published condition=100
D/ConnectivityService(  153): handleInetConditionHoldEnd: net=0, condition=100, published condition=0
D/ConnectivityService(  153): handleInetConditionHoldEnd: net=0, condition=0, published condition=100
I/WindowManager(  153): Input event dispatching timed out sending to edu.mit.haoqili.camera_cloud/edu.mit.haoqili.camera_cloud.CameraCloud
E/ActivityManager(  153): ANR in edu.mit.haoqili.camera_cloud (edu.mit.haoqili.camera_cloud/.CameraCloud)
E/ActivityManager(  153): Reason: keyDispatchingTimedOut
E/ActivityManager(  153): Load: 0.44 / 0.26 / 0.22
E/ActivityManager(  153): CPU usage from 5277ms to 226ms ago:
E/ActivityManager(  153):   43% 81/mediaserver: 42% user + 0.9% kernel
E/ActivityManager(  153):   11% 78/surfaceflinger: 3.1% user + 8.1% kernel
E/ActivityManager(  153):   3.9% 87/gpsd: 2.9% user + 0.9% kernel
E/ActivityManager(  153):   2.1% 153/system_server: 1.3% user + 0.7% kernel / faults: 33 minor
E/ActivityManager(  153):   1.5% 4/kworker/0:0: 0% user + 1.5% kernel
E/ActivityManager(  153):   0.5% 5/kworker/u:0: 0% user + 0.5% kernel
E/ActivityManager(  153):   0.1% 219/com.android.systemui: 0.1% user + 0% kernel / faults: 6 minor
E/ActivityManager(  153):   0.5% 312/com.android.phone: 0.5% user + 0% kernel / faults: 2 minor
E/ActivityManager(  153):   0.3% 741/com.google.android.apps.maps:NetworkLocationService: 0.3% user + 0% kernel / faults: 7 minor
E/ActivityManager(  153):   0.3% 1013/kworker/u:3: 0% user + 0.3% kernel
E/ActivityManager(  153):   0% 51/irq/308-mxt224_: 0% user + 0% kernel
E/ActivityManager(  153):   0% 77/rild: 0% user + 0% kernel
E/ActivityManager(  153):   0% 456/com.google.process.gapps: 0% user + 0% kernel / faults: 2 minor
E/ActivityManager(  153): 64% TOTAL: 52% user + 11% kernel
E/ActivityManager(  153): CPU usage from 450ms to 972ms later with 99% awake:
E/ActivityManager(  153):   28% 81/mediaserver: 28% user + 0% kernel
E/ActivityManager(  153):     30% 1040/CameraPreviewTh: 28% user + 1.9% kernel
E/ActivityManager(  153):   9.6% 78/surfaceflinger: 1.9% user + 7.6% kernel
E/ActivityManager(  153):     7.6% 134/SurfaceFlinger: 1.9% user + 5.7% kernel
E/ActivityManager(  153):     1.9% 1015/Binder Thread #: 1.9% user + 0% kernel
E/ActivityManager(  153):   5.7% 153/system_server: 1.9% user + 3.8% kernel / faults: 8 minor
E/ActivityManager(  153):     1.9% 163/Binder Thread #: 1.9% user + 0% kernel
E/ActivityManager(  153):     1.9% 187/InputDispatcher: 0% user + 1.9% kernel
E/ActivityManager(  153):   2.3% 87/gpsd: 2.3% user + 0% kernel
E/ActivityManager(  153):     3.5% 87/gpsd: 2.3% user + 1.1% kernel
E/ActivityManager(  153):   1.1% 4/kworker/0:0: 0% user + 1.1% kernel
E/ActivityManager(  153):   1.2% 219/com.android.systemui: 1.2% user + 0% kernel / faults: 1 minor
E/ActivityManager(  153):   1.4% 741/com.google.android.apps.maps:NetworkLocationService: 1.4% user + 0% kernel / faults: 11 minor
E/ActivityManager(  153):     1.4% 755/Binder Thread #: 0% user + 1.4% kernel
E/ActivityManager(  153): 59% TOTAL: 44% user + 15% kernel
I/WindowManager(  153): Input event dispatching timed out sending to edu.mit.haoqili.camera_cloud/edu.mit.haoqili.camera_cloud.CameraCloud
W/InputManagerService(  153): Window already focused, ignoring focus gain of: com.android.internal.view.IInputMethodClient$Stub$Proxy@4174c658
E/ActivityManager(  153): ANR in edu.mit.haoqili.camera_cloud (edu.mit.haoqili.camera_cloud/.CameraCloud)
E/ActivityManager(  153): Reason: keyDispatchingTimedOut
E/ActivityManager(  153): Load: 0.56 / 0.31 / 0.24
E/ActivityManager(  153): CPU usage from 13510ms to 3278ms ago with 99% awake:
E/ActivityManager(  153):   44% 81/mediaserver: 43% user + 0.9% kernel
E/ActivityManager(  153):   11% 78/surfaceflinger: 3.5% user + 8.3% kernel
E/ActivityManager(  153):   4.2% 87/gpsd: 2.9% user + 1.2% kernel
E/ActivityManager(  153):   1.8% 153/system_server: 1.4% user + 0.3% kernel / faults: 50 minor
E/ActivityManager(  153):   1.4% 4/kworker/0:0: 0% user + 1.4% kernel
E/ActivityManager(  153):   0.3% 1025/edu.mit.haoqili.camera_cloud: 0.3% user + 0% kernel / faults: 380 minor
E/ActivityManager(  153):   0.5% 5/kworker/u:0: 0% user + 0.5% kernel
E/ActivityManager(  153):   0.2% 219/com.android.systemui: 0.2% user + 0% kernel / faults: 16 minor
E/ActivityManager(  153):   0.4% 57/kworker/u:2: 0% user + 0.4% kernel
E/ActivityManager(  153):   0.4% 741/com.google.android.apps.maps:NetworkLocationService: 0.2% user + 0.1% kernel / faults: 6 minor
E/ActivityManager(  153):   0.3% 312/com.android.phone: 0.2% user + 0% kernel / faults: 3 minor
E/ActivityManager(  153):   0% 51/irq/308-mxt224_: 0% user + 0% kernel
E/ActivityManager(  153):   0% 456/com.google.process.gapps: 0% user + 0% kernel / faults: 2 minor
E/ActivityManager(  153): 65% TOTAL: 53% user + 12% kernel + 0% softirq
E/ActivityManager(  153): CPU usage from 543ms to 1057ms later:
E/ActivityManager(  153):   32% 1025/edu.mit.haoqili.camera_cloud: 30% user + 1.8% kernel / faults: 305 minor
E/ActivityManager(  153):     25% 1025/li.camera_cloud: 23% user + 1.8% kernel
E/ActivityManager(  153):     5.4% 1027/GC: 5.4% user + 0% kernel
E/ActivityManager(  153):     1.8% 1032/Compiler: 0% user + 1.8% kernel
E/ActivityManager(  153):   26% 81/mediaserver: 24% user + 1.8% kernel
E/ActivityManager(  153):     24% 1040/CameraPreviewTh: 24% user + 0% kernel
E/ActivityManager(  153):   9.2% 153/system_server: 3.7% user + 5.5% kernel / faults: 2 minor
E/ActivityManager(  153):     5.5% 187/InputDispatcher: 0% user + 5.5% kernel
E/ActivityManager(  153):   7.5% 78/surfaceflinger: 1.8% user + 5.6% kernel
E/ActivityManager(  153):     5.6% 134/SurfaceFlinger: 3.7% user + 1.8% kernel
E/ActivityManager(  153):   1% 5/kworker/u:0: 0% user + 1% kernel
E/ActivityManager(  153):   1.8% 87/gpsd: 0% user + 1.8% kernel
E/ActivityManager(  153): 76% TOTAL: 66% user + 10% kernel
W/InputManagerService(  153): Window already focused, ignoring focus gain of: com.android.internal.view.IInputMethodClient$Stub$Proxy@4157d468
D/ConnectivityService(  153): handleInetConditionHoldEnd: net=0, condition=100, published condition=0
D/ConnectivityService(  153): handleInetConditionHoldEnd: net=0, condition=0, published condition=100
W/InputManagerService(  153): Window already focused, ignoring focus gain of: com.android.internal.view.IInputMethodClient$Stub$Proxy@41626b28
W/InputManagerService(  153): Window already focused, ignoring focus gain of: com.android.internal.view.IInputMethodClient$Stub$Proxy@4171f820
W/InputManagerService(  153): Window already focused, ignoring focus gain of: com.android.internal.view.IInputMethodClient$Stub$Proxy@415cd510
W/InputManagerService(  153): Window already focused, ignoring focus gain of: com.android.internal.view.IInputMethodClient$Stub$Proxy@41744d90
W/InputManagerService(  153): Window already focused, ignoring focus gain of: com.android.internal.view.IInputMethodClient$Stub$Proxy@4178d240
W/InputManagerService(  153): Window already focused, ignoring focus gain of: com.android.internal.view.IInputMethodClient$Stub$Proxy@41711298
D/ConnectivityService(  153): handleInetConditionHoldEnd: net=0, condition=100, published condition=0
D/ConnectivityService(  153): handleInetConditionHoldEnd: net=0, condition=0, published condition=100
W/InputManagerService(  153): Window already focused, ignoring focus gain of: com.android.internal.view.IInputMethodClient$Stub$Proxy@415b4f00
W/InputManagerService(  153): Window already focused, ignoring focus gain of: com.android.internal.view.IInputMethodClient$Stub$Proxy@4144c800
--------- beginning of /dev/log/main
I/CameraCloud( 1025): 1333728257194: Loc = Location[mProvider=gps,mTime=1333814652000,mLatitude=42.363950956129216,mLongitude=-71.10095829034448,mHasAltitude=true,mAltitude=-23.0,mHasSpeed=true,mSpeed=0.0,mHasBearing=true,mBearing=117.434814,mHasAccuracy=true,mAccuracy=10.0,mExtras=Bundle[mParcelledData.dataSize=4]] Previous Region = (1,0)
I/CameraCloud( 1025): 1333728257195: GPS x/long:-71.10095829034448, GPS y/lat: 42.363950956129216. Region width in x: 51.96152422706632
I/CameraCloud( 1025): 1333728257195: location PINPOINTS to region = 1.0, previous 1
I/CameraCloud( 1025): 1333728257195: stay at region 1
I/CameraCloud( 1025): 1333728257202: .......... GPS onLocationChanged ...... 
I/CameraCloud( 1025): 1333728257202: Loc = Location[mProvider=gps,mTime=1333814657000,mLatitude=42.36393403597105,mLongitude=-71.10094503291855,mHasAltitude=true,mAltitude=-23.0,mHasSpeed=true,mSpeed=0.0,mHasBearing=true,mBearing=116.151985,mHasAccuracy=true,mAccuracy=15.0,mExtras=Bundle[mParcelledData.dataSize=4]] Previous Region = (1,0)
I/CameraCloud( 1025): 1333728257203: GPS x/long:-71.10094503291855, GPS y/lat: 42.36393403597105. Region width in x: 51.96152422706632
I/CameraCloud( 1025): 1333728257203: location PINPOINTS to region = 1.0, previous 1
I/CameraCloud( 1025): 1333728257203: stay at region 1
D/dalvikvm( 1025): GC_CONCURRENT freed 3317K, 33% free 10243K/15111K, paused 2ms+2ms
W/InputManagerService(  153): Window already focused, ignoring focus gain of: com.android.internal.view.IInputMethodClient$Stub$Proxy@416edce8
I/CameraCloud( 1025): 1333728258434: .......... GPS onLocationChanged ...... 
I/CameraCloud( 1025): 1333728258436: Loc = Location[mProvider=gps,mTime=1333814659000,mLatitude=42.36392605992499,mLongitude=-71.10093265737049,mHasAltitude=true,mAltitude=-23.0,mHasSpeed=true,mSpeed=0.6061762,mHasBearing=true,mBearing=125.03057,mHasAccuracy=true,mAccuracy=15.0,mExtras=Bundle[mParcelledData.dataSize=4]] Previous Region = (1,0)
I/CameraCloud( 1025): 1333728258436: GPS x/long:-71.10093265737049, GPS y/lat: 42.36392605992499. Region width in x: 51.96152422706632
I/CameraCloud( 1025): 1333728258437: location PINPOINTS to region = 1.0, previous 1
I/CameraCloud( 1025): 1333728258438: stay at region 1
I/CameraCloud( 1025): 1333728260414: .......... GPS onLocationChanged ...... 
I/CameraCloud( 1025): 1333728260416: Loc = Location[mProvider=gps,mTime=1333814661000,mLatitude=42.36391844130464,mLongitude=-71.10092009897879,mHasAltitude=true,mAltitude=-23.0,mHasSpeed=true,mSpeed=0.6316918,mHasBearing=true,mBearing=122.890175,mHasAccuracy=true,mAccuracy=15.0,mExtras=Bundle[mParcelledData.dataSize=4]] Previous Region = (1,0)
I/CameraCloud( 1025): 1333728260430: GPS x/long:-71.10092009897879, GPS y/lat: 42.36391844130464. Region width in x: 51.96152422706632
I/CameraCloud( 1025): 1333728260431: location PINPOINTS to region = 1.0, previous 1
I/CameraCloud( 1025): 1333728260431: stay at region 1
I/CameraCloud( 1025): 1333728262400: .......... GPS onLocationChanged ...... 
I/CameraCloud( 1025): 1333728262401: Loc = Location[mProvider=gps,mTime=1333814663000,mLatitude=42.36391631007106,mLongitude=-71.10090384117393,mHasAltitude=true,mAltitude=-22.0,mHasSpeed=true,mSpeed=0.0,mHasBearing=true,mBearing=113.357155,mHasAccuracy=true,mAccuracy=15.0,mExtras=Bundle[mParcelledData.dataSize=4]] Previous Region = (1,0)
I/CameraCloud( 1025): 1333728262402: GPS x/long:-71.10090384117393, GPS y/lat: 42.36391631007106. Region width in x: 51.96152422706632
I/CameraCloud( 1025): 1333728262402: location PINPOINTS to region = 1.0, previous 1
I/CameraCloud( 1025): 1333728262402: stay at region 1
I/CameraCloud( 1025): 1333728263429: .......... GPS onLocationChanged ...... 
I/CameraCloud( 1025): 1333728263430: Loc = Location[mProvider=gps,mTime=1333814664000,mLatitude=42.36391869378759,mLongitude=-71.10092125815665,mHasAltitude=true,mAltitude=-22.0,mHasSpeed=true,mSpeed=0.6714534,mHasBearing=true,mBearing=124.196304,mHasAccuracy=true,mAccuracy=15.0,mExtras=Bundle[mParcelledData.dataSize=4]] Previous Region = (1,0)
I/CameraCloud( 1025): 1333728263431: GPS x/long:-71.10092125815665, GPS y/lat: 42.36391869378759. Region width in x: 51.96152422706632
I/CameraCloud( 1025): 1333728263431: location PINPOINTS to region = 1.0, previous 1
I/CameraCloud( 1025): 1333728263431: stay at region 1
D/dalvikvm( 1025): GC_CONCURRENT freed 85K, 31% free 10544K/15111K, paused 3ms+2ms
D/dalvikvm(  312): GC_CONCURRENT freed 419K, 6% free 9503K/10055K, paused 4ms+2ms
I/CameraCloud( 1025): 1333728275615: canPressButton = TRUE
I/CameraCloud( 1025): 1333728275617: areButtonsEnabled --> false
I/CameraCloud( 1025): 1333728275623: disabling buttons ...
I/CameraCloud( 1025): 1333728275623: new pic disableButtons XXX
I/CameraCloud( 1025): 1333728275623: areButtonsEnabled --> false
D/AudioHardware(   81): AudioHardware pcm playback is exiting standby.
D/AudioHardware(   81): openPcmOut_l() mPcmOpenCnt: 0
I/CameraCloud( 1025): 1333728275659: takeNum=7 takeCamGood=6 takeGoodSave=6 takeBad=0 getNum=5 getGood=5 getBad=0
I/CameraCloud( 1025): 1333728275660: ** Clicked take picture button **
I/CameraSurfaceView( 1025): inside getCamera()
I/CameraHardwareSec(   81): int android::CameraHardwareSec::previewThreadWrapper(): calling mSecCamera->stopPreview() and waiting
I/SecCamera(   81): int android::fimc_v4l2_querybuf(int, android::fimc_buffer*, v4l2_buf_type) :
I/SecCamera(   81): int android::fimc_v4l2_querybuf(int, android::fimc_buffer*, v4l2_buf_type): buffer->start = 0x43cea000 v4l2_buf.length = 4261248
D/dalvikvm( 1025): GC_CONCURRENT freed 52K, 28% free 10996K/15111K, paused 2ms+2ms
I/CameraHardwareSec(   81): == Camera Sensor Detect S5K4ECGX - Samsung LSI SOC 5M ==
D/JpegEncoder(   81): encode E
D/JpegEncoder(   81): encode X
D/SecCamera(   81): Shutter speed=1550 us, iso=50
D/SecCamera(   81): AV=3, TV=9, SV=4
D/JpegEncoder(   81): makeExif E
D/JpegEncoder(   81): makeExif X
I/SecCamera(   81): int android::SecCamera::endSnapshot() :
I/SecCamera(   81): munmap():virt. addr 0x43cea000 size = 4261248
D/dalvikvm( 1025): GC_FOR_ALLOC freed 1216K, 33% free 10210K/15111K, paused 17ms
I/dalvikvm-heap( 1025): Grow heap (frag case) to 11.938MB for 1987063-byte allocation
D/dalvikvm( 1025): GC_CONCURRENT freed <1K, 20% free 12150K/15111K, paused 2ms+2ms
I/CameraCloud( 1025): 1333728276418: inside HandlePictureStorage onPictureTaken()
I/CameraCloud( 1025): 1333728276418: takeNum=7 takeCamGood=7 takeGoodSave=6 takeBad=0 getNum=5 getGood=5 getBad=0
D/CameraHardwareSec(   81): mPreviewHeap(fd(31), size(518400), width(720), height(480))
I/CameraHardwareSec(   81): int android::CameraHardwareSec::previewThreadWrapper(): return from wait
I/CameraCloud( 1025): 1333728276860: Picture successfully taken, ORIG BYTE LENGTH = 1987047
D/dalvikvm( 1025): GC_EXPLICIT freed 2K, 20% free 12150K/15111K, paused 16ms+3ms
I/CameraCloud( 1025): 1333728277156: Our new height x width: 240 x 320
I/CameraCloud( 1025): 1333728277156: Show photo from handle my camera take
I/CameraCloud( 1025): 1333728277157: client making photo packet to send to leader
I/CameraCloud( 1025): 1333728277169: BYTE SIZE AFTER COMPRESSION: 4587
I/CameraCloud( 1025): 1333728277169: sending new pic ....
I/CameraCloud( 1025): 1333728277169: Server request to url: http://hermes5.csail.mit.edu:8213/101/1/0/
I/CameraCloud( 1025): 1333728277295: Cloud server request length: 16069
I/CameraCloud( 1025): 1333728277295: about to execute HTTP POST
I/CameraCloud( 1025): 1333728277296: in serverRequest() about to httpclient.execute()
D/AudioHardware(   81): AudioHardware pcm playback is going to standby.
D/AudioHardware(   81): closePcmOut_l() mPcmOpenCnt: 1
D/dalvikvm(  153): GC_CONCURRENT freed 740K, 11% free 12536K/13959K, paused 5ms+5ms
D/dalvikvm(  741): GC_CONCURRENT freed 386K, 7% free 10058K/10759K, paused 2ms+2ms
D/dalvikvm(  153): GC_EXPLICIT freed 682K, 11% free 12514K/13959K, paused 4ms+16ms
I/CameraCloud( 1025): 1333728316077: CameraCloud Execute HTTP latency: 38778ms
I/CameraCloud( 1025): 1333728316086: finished executing HTTP POST, get data
I/CameraCloud( 1025): 1333728316088: make input stream reader for data
I/CameraCloud( 1025): 1333728316089: Cloud response length: 18
I/CameraCloud( 1025): 1333728316121: Returning cloud object
I/CameraCloud( 1025): 1333728316136: CameraCloud upload new photo latency = 38967
I/CameraCloud( 1025): 1333728316137: CameraCloud upload start 1333728277169 ~ stop 1333728316136
I/CameraCloud( 1025): 1333728316137: takeNum=7 takeCamGood=7 takeGoodSave=7 takeBad=0 getNum=5 getGood=5 getBad=0
I/CameraCloud( 1025): 1333728316137: SUCCESS! Client now knows saving photo on cloud server succeeded
I/CameraCloud( 1025): 1333728316137: RETURN STATUS: 12
I/CameraCloud( 1025): 1333728316138: Inside _enableButtons
I/CameraCloud( 1025): 1333728316138: areButtonsEnabled --> true
I/CameraCloud( 1025): 1333728316138: end of client send picture method
I/CameraCloud( 1025): 1333728316175: .......... GPS onLocationChanged ...... 
I/CameraCloud( 1025): 1333728316176: Loc = Location[mProvider=gps,mTime=1333814683000,mLatitude=42.363951922777844,mLongitude=-71.10098881438064,mHasAltitude=true,mAltitude=-24.0,mHasSpeed=true,mSpeed=0.52339,mHasBearing=true,mBearing=70.022156,mHasAccuracy=true,mAccuracy=30.0,mExtras=Bundle[mParcelledData.dataSize=4]] Previous Region = (1,0)
I/CameraCloud( 1025): 1333728316176: GPS x/long:-71.10098881438064, GPS y/lat: 42.363951922777844. Region width in x: 51.96152422706632
I/CameraCloud( 1025): 1333728316177: location PINPOINTS to region = 1.0, previous 1
I/CameraCloud( 1025): 1333728316177: stay at region 1
I/CameraCloud( 1025): 1333728316178: .......... GPS onLocationChanged ...... 
I/CameraCloud( 1025): 1333728316178: Loc = Location[mProvider=gps,mTime=1333814684000,mLatitude=42.36393977824878,mLongitude=-71.1009715730697,mHasAltitude=true,mAltitude=-25.0,mHasSpeed=true,mSpeed=0.58127296,mHasBearing=true,mBearing=96.39336,mHasAccuracy=true,mAccuracy=30.0,mExtras=Bundle[mParcelledData.dataSize=4]] Previous Region = (1,0)
I/CameraCloud( 1025): 1333728316179: GPS x/long:-71.1009715730697, GPS y/lat: 42.36393977824878. Region width in x: 51.96152422706632
I/CameraCloud( 1025): 1333728316179: location PINPOINTS to region = 1.0, previous 1
I/CameraCloud( 1025): 1333728316179: stay at region 1
I/CameraCloud( 1025): 1333728316180: .......... GPS onLocationChanged ...... 
