I/VCoreDaemon( 1127): 1333728644068: GPS x/long:-71.10095475679454, GPS y/lat: 42.36388790065772. Region width in x: 51.96152422706632
I/VCoreDaemon( 1127): 1333728644068: location PINPOINTS to region = 1.0, previous 1
I/VCoreDaemon( 1127): 1333728644069: stay at region 1
I/dalvikvm(  151): Jit: resizing JitTable from 8192 to 16384
D/dalvikvm(  326): GC_CONCURRENT freed 248K, 4% free 9241K/9607K, paused 2ms+5ms
D/dalvikvm(  151): GC_CONCURRENT freed 852K, 9% free 12507K/13703K, paused 3ms+15ms
D/dalvikvm(  326): GC_CONCURRENT freed 484K, 6% free 9234K/9799K, paused 1ms+3ms
D/dalvikvm(  326): GC_CONCURRENT freed 482K, 7% free 9268K/9863K, paused 2ms+12ms
D/dalvikvm(  151): GC_CONCURRENT freed 952K, 10% free 12429K/13703K, paused 2ms+5ms
D/dalvikvm(  326): GC_CONCURRENT freed 478K, 7% free 9235K/9863K, paused 2ms+1ms
D/dalvikvm(  326): GC_CONCURRENT freed 479K, 7% free 9203K/9863K, paused 2ms+3ms
D/dalvikvm(  326): GC_CONCURRENT freed 364K, 6% free 9307K/9863K, paused 1ms+6ms
D/dalvikvm(  151): GC_CONCURRENT freed 852K, 10% free 12431K/13703K, paused 2ms+4ms
D/dalvikvm(  326): GC_CONCURRENT freed 596K, 7% free 9207K/9863K, paused 2ms+12ms
D/dalvikvm(  326): GC_CONCURRENT freed 480K, 7% free 9179K/9863K, paused 3ms+12ms
D/dalvikvm(  151): GC_CONCURRENT freed 853K, 10% free 12432K/13703K, paused 11ms+5ms
D/dalvikvm(  326): GC_CONCURRENT freed 363K, 7% free 9264K/9863K, paused 2ms+3ms
D/dalvikvm(  326): GC_CONCURRENT freed 480K, 7% free 9239K/9863K, paused 2ms+2ms
D/dalvikvm(  326): GC_CONCURRENT freed 477K, 8% free 9166K/9863K, paused 3ms+5ms
D/dalvikvm(  151): GC_CONCURRENT freed 811K, 10% free 12451K/13703K, paused 2ms+18ms
D/dalvikvm(  326): GC_CONCURRENT freed 363K, 7% free 9242K/9863K, paused 2ms+2ms
D/dalvikvm(  326): GC_CONCURRENT freed 479K, 7% free 9232K/9863K, paused 2ms+2ms
D/dalvikvm(  151): GC_CONCURRENT freed 864K, 10% free 12429K/13703K, paused 2ms+5ms
D/dalvikvm(  326): GC_CONCURRENT freed 480K, 7% free 9211K/9863K, paused 2ms+5ms
D/dalvikvm(  326): GC_CONCURRENT freed 480K, 7% free 9196K/9863K, paused 2ms+3ms
D/dalvikvm(  151): GC_CONCURRENT freed 843K, 10% free 12441K/13703K, paused 2ms+4ms
D/dalvikvm(  326): GC_CONCURRENT freed 364K, 6% free 9294K/9863K, paused 2ms+14ms
D/dalvikvm(  326): GC_CONCURRENT freed 597K, 7% free 9193K/9863K, paused 2ms+3ms
D/dalvikvm(  326): GC_CONCURRENT freed 364K, 7% free 9267K/9863K, paused 4ms+6ms
D/dalvikvm(  151): GC_CONCURRENT freed 859K, 10% free 12438K/13703K, paused 2ms+8ms
D/dalvikvm(  326): GC_CONCURRENT freed 478K, 7% free 9228K/9863K, paused 2ms+3ms
D/dalvikvm(  326): GC_CONCURRENT freed 479K, 7% free 9206K/9863K, paused 2ms+2ms
D/dalvikvm(  151): GC_CONCURRENT freed 859K, 10% free 12433K/13703K, paused 2ms+4ms
D/dalvikvm(  326): GC_CONCURRENT freed 479K, 8% free 9170K/9863K, paused 1ms+12ms
D/dalvikvm(  326): GC_CONCURRENT freed 363K, 7% free 9252K/9863K, paused 2ms+4ms
D/dalvikvm(  151): GC_CONCURRENT freed 812K, 10% free 12458K/13703K, paused 11ms+4ms
D/dalvikvm(  326): GC_CONCURRENT freed 478K, 7% free 9210K/9863K, paused 2ms+5ms
D/dalvikvm(  326): GC_CONCURRENT freed 479K, 7% free 9194K/9863K, paused 2ms+2ms
D/dalvikvm(  151): GC_CONCURRENT freed 737K, 10% free 12457K/13703K, paused 12ms+13ms
I/StatusActivity( 1127): 1333728687022: .......... GPS onLocationChanged ...... 
I/VCoreDaemon( 1127): 1333728687023: Loc = Location[mProvider=gps,mTime=1333815087000,mLatitude=42.363895550970085,mLongitude=-71.10094553701477,mHasAltitude=true,mAltitude=-23.0,mHasSpeed=true,mSpeed=0.3056556,mHasBearing=false,mBearing=0.0,mHasAccuracy=true,mAccuracy=15.0,mExtras=Bundle[mParcelledData.dataSize=4]] Previous Region = (1,0)
I/VCoreDaemon( 1127): 1333728687023: GPS x/long:-71.10094553701477, GPS y/lat: 42.363895550970085. Region width in x: 51.96152422706632
I/VCoreDaemon( 1127): 1333728687023: location PINPOINTS to region = 1.0, previous 1
I/VCoreDaemon( 1127): 1333728687024: stay at region 1
I/NetworkThread( 1127): 1333728692712: Received UDP payload: 5279
I/Mux     ( 1127): 1333728692760: GOT CSM_Msg
I/VCoreDaemon( 1127): 1333728692760: nonce 264 heard from src region (2,0)
I/NetworkThread( 1127): 1333728692774: Received UDP payload: 949
I/Mux     ( 1127): 1333728692808: GOT CSM_Msg
I/VCoreDaemon( 1127): 1333728692808: nonce 265 heard from src region (2,0)
D/dalvikvm( 1127): GC_CONCURRENT freed 469K, 32% free 11013K/16007K, paused 11ms+2ms
D/dalvikvm(  326): GC_CONCURRENT freed 364K, 6% free 9281K/9863K, paused 2ms+12ms
D/dalvikvm(  326): GC_CONCURRENT freed 479K, 7% free 9242K/9863K, paused 2ms+2ms
D/dalvikvm(  326): GC_CONCURRENT freed 477K, 7% free 9175K/9863K, paused 3ms+2ms
D/dalvikvm(  151): GC_CONCURRENT freed 875K, 10% free 12443K/13703K, paused 2ms+9ms
D/dalvikvm(  326): GC_CONCURRENT freed 363K, 7% free 9249K/9863K, paused 2ms+3ms
D/dalvikvm(  326): GC_CONCURRENT freed 478K, 7% free 9221K/9863K, paused 1ms+3ms
D/dalvikvm(  151): GC_CONCURRENT freed 865K, 10% free 12436K/13703K, paused 2ms+15ms
D/dalvikvm(  326): GC_CONCURRENT freed 480K, 7% free 9218K/9863K, paused 1ms+3ms
D/dalvikvm(  326): GC_CONCURRENT freed 480K, 7% free 9189K/9863K, paused 2ms+3ms
D/dalvikvm(  151): GC_CONCURRENT freed 808K, 10% free 12449K/13703K, paused 2ms+14ms
D/dalvikvm(  326): GC_CONCURRENT freed 363K, 7% free 9231K/9863K, paused 1ms+2ms
I/StatusActivity( 1127): 1333728699805: canPressButton = TRUE
I/StatusActivity( 1127): 1333728699806: areButtonsEnabled --> false 
I/StatusActivity( 1127): 1333728699808: get picture disableButtonsR
I/StatusActivity( 1127): 1333728699819: areButtonsEnabled --> false
D/AudioHardware(   81): AudioHardware pcm playback is exiting standby.
D/AudioHardware(   81): openPcmOut_l() mPcmOpenCnt: 0
I/StatusActivity( 1127): 1333728699936: takeNum=10 takeCamGood=10 takeGoodSave=10 takeBad=0 takeTimedout=0 getNum=13 getGood=5 getBad=0 getTimedout=7
I/StatusActivity( 1127): 1333728699937: ** Clicked getphotos Button from region 4 **
I/StatusActivity( 1127): 1333728699937: I'm the Client, and I'm in region: 1 nodID = 5103
I/StatusActivity( 1127): 1333728699939: I'm a leader, my requesting photos packet going to mux directly
I/Mux     ( 1127): 1333728699939: Inside mux Packet.CLIENT_REQUEST
I/Mux     ( 1127): 1333728699940: I'm the leader of requesting client, about to process Packet.CLIENT_REQUEST in userApp
I/UserApp ( 1127): 1333728699940: UserApp handling MY region's client request, will send atom packet to REMOTE region's handleDSMRequest
I/UserApp ( 1127): 1333728699940: request is CLIENT_DOWNLOAD_PHOTO, figure out where (remote region) to forward packet
I/UserApp ( 1127): 1333728699941: Sending to region: 4
I/VCoreDaemon( 1127): 1333728699941: Sending PROC_REQUEST 11:4 (1,0)->(4,0)
I/VCoreDaemon( 1127): 1333728699942: Dispatching Atom PROC_REQUEST 11:4 (1,0)->(4,0)
I/Mux     ( 1127): 1333728699942: I got a CSM packet at a leader 
I/NetworkThread( 1127): 1333728699944: Sending UDP payload: 949
I/VCoreDaemon( 1127): 1333728699945: nonce 195 heard from src region (1,0)
I/StatusActivity( 1127): 1333728699945: StatusActivity sent request to get photos for region 4
I/NetworkThread( 1127): 1333728699983: Received UDP payload: 949
I/Mux     ( 1127): 1333728699988: GOT CSM_Msg
I/VCoreDaemon( 1127): 1333728699988: nonce 195 heard from src region (1,0)
I/NetworkThread( 1127): 1333728700460: Received UDP payload: 406
D/dalvikvm(  326): GC_CONCURRENT freed 476K, 8% free 9141K/9863K, paused 2ms+6ms
D/AudioHardware(   81): AudioHardware pcm playback is going to standby.
D/AudioHardware(   81): closePcmOut_l() mPcmOpenCnt: 1
I/VNC:Cloud( 1127): makeRequest Execute HTTP latency: 87152ms
I/VNC:Cloud( 1127): makeRequest() Cloud response length: 93
I/VNC:Cloud( 1127): Request executed: http://hermes5.csail.mit.edu:8212/take/1/0/5103/1333728616095/
I/VCoreDaemon( 1127): 1333728703250: Request timed out, send failure PROC_REPLY 11:4 (4,0)->(1,0)
I/VCoreDaemon( 1127): 1333728703265: Dispatching Atom PROC_REPLY 11:4 (4,0)->(1,0)
I/Mux     ( 1127): 1333728703266: I got a CSM packet at a leader 
I/NetworkThread( 1127): 1333728703267: Sending UDP payload: 770
I/VCoreDaemon( 1127): 1333728703268: Received PROC_REPLY 11:4 (4,0)->(1,0), handing to UserApp
I/VCoreDaemon( 1127): 1333728703276: inside sendPacket(Packet p)
I/NetworkThread( 1127): 1333728703277: Sending UDP payload: 406
D/dalvikvm(  326): GC_CONCURRENT freed 361K, 7% free 9205K/9863K, paused 2ms+2ms
D/dalvikvm(  151): GC_CONCURRENT freed 859K, 10% free 12448K/13703K, paused 3ms+4ms
W/NetworkStats(  151): dropping UID delta from unknown iface: iface=wlan0 uid=10065 set=FOREGROUND tag=0x0 rxBytes=16162 rxPackets=9 txBytes=2209 txPackets=3 operations=0
D/dalvikvm(  326): GC_CONCURRENT freed 363K, 6% free 9280K/9863K, paused 1ms+3ms
D/dalvikvm(  326): GC_CONCURRENT freed 479K, 7% free 9244K/9863K, paused 1ms+4ms
D/dalvikvm(  151): GC_CONCURRENT freed 870K, 10% free 12438K/13703K, paused 2ms+4ms
D/dalvikvm(  326): GC_CONCURRENT freed 478K, 7% free 9229K/9863K, paused 2ms+2ms
I/NetworkThread( 1127): 1333728705470: Received UDP payload: 406
D/dalvikvm(  326): GC_CONCURRENT freed 479K, 7% free 9197K/9863K, paused 6ms+3ms
I/StatusActivity( 1127): inside buttonsEnableProgressTimeoutR. Perhaps no one is in that region. Try again later!
I/StatusActivity( 1127): Inside _enableButtons
I/StatusActivity( 1127): areButtonsEnabled --> true
I/StatusActivity( 1127): takeNum=10 takeCamGood=10 takeGoodSave=10 takeBad=0 takeTimedout=0 getNum=13 getGood=5 getBad=0 getTimedout=8
W/InputManagerService(  151): Window already focused, ignoring focus gain of: com.android.internal.view.IInputMethodClient$Stub$Proxy@415d34c8
D/dalvikvm(  326): GC_CONCURRENT freed 364K, 6% free 9288K/9863K, paused 2ms+27ms
D/dalvikvm(  151): GC_CONCURRENT freed 850K, 10% free 12443K/13703K, paused 3ms+4ms
D/dalvikvm(  326): GC_CONCURRENT freed 596K, 7% free 9209K/9863K, paused 2ms+2ms
D/dalvikvm(  326): GC_CONCURRENT freed 479K, 8% free 9172K/9863K, paused 2ms+1ms
D/dalvikvm(  151): GC_CONCURRENT freed 861K, 10% free 12440K/13703K, paused 2ms+4ms
D/dalvikvm(  326): GC_CONCURRENT freed 363K, 7% free 9225K/9863K, paused 1ms+7ms
W/NetworkStats(  151): dropping UID delta from unknown iface: iface=wlan0 uid=10065 set=FOREGROUND tag=0x0 rxBytes=434 rxPackets=1 txBytes=0 txPackets=0 operations=0
I/VCoreDaemon( 1127): 1333728708278: inside sendPacket(Packet p)
I/NetworkThread( 1127): 1333728708279: Sending UDP payload: 406
D/dalvikvm(  708): GC_CONCURRENT freed 385K, 7% free 10034K/10695K, paused 2ms+2ms
I/VCoreDaemon( 1127): 1333728713279: inside sendPacket(Packet p)
I/NetworkThread( 1127): 1333728713288: Sending UDP payload: 406
I/VCoreDaemon( 1127): 1333728718281: inside sendPacket(Packet p)
I/NetworkThread( 1127): 1333728718291: Sending UDP payload: 406
I/NetworkThread( 1127): 1333728720463: Received UDP payload: 406
D/dalvikvm(  326): GC_CONCURRENT freed 477K, 7% free 9197K/9863K, paused 1ms+2ms
D/dalvikvm(  151): GC_CONCURRENT freed 833K, 10% free 12463K/13703K, paused 11ms+5ms
D/dalvikvm(  326): GC_CONCURRENT freed 363K, 6% free 9276K/9863K, paused 1ms+4ms
I/NetworkThread( 1127): 1333728721215: Received UDP payload: 5315
I/Mux     ( 1127): 1333728721226: GOT CSM_Msg
I/VCoreDaemon( 1127): 1333728721227: nonce 266 heard from src region (2,0)
I/NetworkThread( 1127): 1333728721232: Received UDP payload: 949
I/Mux     ( 1127): 1333728721235: GOT CSM_Msg
I/VCoreDaemon( 1127): 1333728721235: nonce 267 heard from src region (2,0)
D/dalvikvm(  326): GC_CONCURRENT freed 479K, 7% free 9242K/9863K, paused 1ms+12ms
D/dalvikvm(  151): GC_CONCURRENT freed 878K, 10% free 12448K/13703K, paused 3ms+21ms
D/dalvikvm(  326): GC_CONCURRENT freed 478K, 7% free 9204K/9863K, paused 1ms+2ms
D/dalvikvm(  326): GC_CONCURRENT freed 363K, 6% free 9300K/9863K, paused 1ms+3ms
D/dalvikvm(  326): GC_CONCURRENT freed 597K, 7% free 9196K/9863K, paused 1ms+12ms
I/VCoreDaemon( 1127): 1333728723282: inside sendPacket(Packet p)
I/NetworkThread( 1127): 1333728723283: Sending UDP payload: 406
D/dalvikvm(  151): GC_CONCURRENT freed 876K, 10% free 12430K/13703K, paused 2ms+4ms
D/dalvikvm(  326): GC_CONCURRENT freed 364K, 6% free 9289K/9863K, paused 2ms+3ms
D/dalvikvm(  326): GC_CONCURRENT freed 597K, 7% free 9206K/9863K, paused 2ms+2ms
D/dalvikvm(  151): GC_CONCURRENT freed 853K, 10% free 12431K/13703K, paused 8ms+4ms
D/dalvikvm(  326): GC_CONCURRENT freed 479K, 8% free 9158K/9863K, paused 3ms+2ms
I/StatusActivity( 1127): 1333728725167: .......... GPS onLocationChanged ...... 
I/VCoreDaemon( 1127): 1333728725168: Loc = Location[mProvider=gps,mTime=1333815125000,mLatitude=42.36390432443174,mLongitude=-71.10107592190673,mHasAltitude=true,mAltitude=-22.0,mHasSpeed=false,mSpeed=0.0,mHasBearing=false,mBearing=0.0,mHasAccuracy=true,mAccuracy=25.0,mExtras=Bundle[mParcelledData.dataSize=4]] Previous Region = (1,0)
I/VCoreDaemon( 1127): 1333728725169: GPS x/long:-71.10107592190673, GPS y/lat: 42.36390432443174. Region width in x: 51.96152422706632
I/VCoreDaemon( 1127): 1333728725169: location PINPOINTS to region = 1.0, previous 1
I/VCoreDaemon( 1127): 1333728725169: stay at region 1
I/NetworkThread( 1127): 1333728725501: Received UDP payload: 406
D/dalvikvm(  326): GC_CONCURRENT freed 362K, 7% free 9234K/9863K, paused 1ms+3ms
D/dalvikvm(  326): GC_CONCURRENT freed 479K, 8% free 9169K/9863K, paused 3ms+2ms
D/dalvikvm(  151): GC_CONCURRENT freed 812K, 10% free 12464K/13703K, paused 7ms+4ms
D/dalvikvm(  326): GC_CONCURRENT freed 363K, 7% free 9245K/9863K, paused 2ms+3ms
D/dalvikvm(  326): GC_CONCURRENT freed 478K, 7% free 9236K/9863K, paused 2ms+3ms
D/dalvikvm(  151): GC_CONCURRENT freed 894K, 10% free 12433K/13703K, paused 2ms+4ms
D/dalvikvm(  326): GC_CONCURRENT freed 480K, 7% free 9228K/9863K, paused 1ms+4ms
I/VCoreDaemon( 1127): 1333728728285: inside sendPacket(Packet p)
I/NetworkThread( 1127): 1333728728286: Sending UDP payload: 406
D/dalvikvm(  326): GC_CONCURRENT freed 479K, 7% free 9193K/9863K, paused 2ms+2ms
D/dalvikvm(  326): GC_CONCURRENT freed 362K, 7% free 9225K/9863K, paused 1ms+2ms
D/dalvikvm(  151): GC_CONCURRENT freed 824K, 10% free 12447K/13703K, paused 2ms+4ms
D/dalvikvm(  326): GC_CONCURRENT freed 477K, 7% free 9197K/9863K, paused 1ms+3ms
I/VCoreDaemon( 1127): 1333728733250: leader to cloud hearbeat...
I/VNC:Cloud( 1127): Executing makeRequest: http://hermes5.csail.mit.edu:8212/take/1/0/5103/1333728733253/
I/NetworkThread( 1127): 1333728734282: Received UDP payload: 406
W/NetworkStats(  151): dropping UID delta from unknown iface: iface=wlan0 uid=10065 set=FOREGROUND tag=0x0 rxBytes=9792 rxPackets=10 txBytes=2170 txPackets=5 operations=0
I/StatusActivity( 1127): 1333728736026: .......... GPS onLocationChanged ...... 
I/VCoreDaemon( 1127): 1333728736027: Loc = Location[mProvider=gps,mTime=1333815136000,mLatitude=42.36389498942027,mLongitude=-71.10108258243876,mHasAltitude=true,mAltitude=-22.0,mHasSpeed=false,mSpeed=0.0,mHasBearing=false,mBearing=0.0,mHasAccuracy=true,mAccuracy=30.0,mExtras=Bundle[mParcelledData.dataSize=4]] Previous Region = (1,0)
I/VCoreDaemon( 1127): 1333728736027: GPS x/long:-71.10108258243876, GPS y/lat: 42.36389498942027. Region width in x: 51.96152422706632
I/VCoreDaemon( 1127): 1333728736028: location PINPOINTS to region = 1.0, previous 1
I/VCoreDaemon( 1127): 1333728736028: stay at region 1
I/VNC:Cloud( 1127): makeRequest Execute HTTP latency: 2973ms
I/VNC:Cloud( 1127): makeRequest() Cloud response length: 82
I/VNC:Cloud( 1127): Request executed: http://hermes5.csail.mit.edu:8212/take/1/0/5103/1333728733253/
I/VCoreDaemon( 1127): 1333728736278: inside sendPacket(Packet p)
I/NetworkThread( 1127): 1333728736288: Sending UDP payload: 406
D/dalvikvm( 1127): GC_CONCURRENT freed 516K, 31% free 11047K/16007K, paused 3ms+3ms
I/NetworkThread( 1127): 1333728739296: Received UDP payload: 406
W/NetworkStats(  151): dropping UID delta from unknown iface: iface=wlan0 uid=10065 set=FOREGROUND tag=0x0 rxBytes=868 rxPackets=2 txBytes=434 txPackets=1 operations=0
D/dalvikvm(  151): GC_CONCURRENT freed 751K, 10% free 12466K/13703K, paused 2ms+4ms
I/VCoreDaemon( 1127): 1333728741290: inside sendPacket(Packet p)
I/NetworkThread( 1127): 1333728741299: Sending UDP payload: 406
I/NetworkThread( 1127): 1333728742095: Received UDP payload: 949
I/Mux     ( 1127): 1333728742117: GOT CSM_Msg
I/VCoreDaemon( 1127): 1333728742118: nonce 268 heard from src region (2,0)
I/NetworkThread( 1127): 1333728743044: Received UDP payload: 949
I/Mux     ( 1127): 1333728743054: GOT CSM_Msg
I/VCoreDaemon( 1127): 1333728743055: nonce 269 heard from src region (2,0)
I/NetworkThread( 1127): 1333728743061: Received UDP payload: 949
I/Mux     ( 1127): 1333728743078: GOT CSM_Msg
I/VCoreDaemon( 1127): 1333728743078: nonce 270 heard from src region (2,0)
I/NetworkThread( 1127): 1333728743079: Received UDP payload: 949
I/Mux     ( 1127): 1333728743082: GOT CSM_Msg
I/VCoreDaemon( 1127): 1333728743082: nonce 271 heard from src region (2,0)
I/NetworkThread( 1127): 1333728743166: Received UDP payload: 949
I/Mux     ( 1127): 1333728743178: GOT CSM_Msg
I/VCoreDaemon( 1127): 1333728743178: nonce 272 heard from src region (2,0)
I/NetworkThread( 1127): 1333728743276: Received UDP payload: 949
I/Mux     ( 1127): 1333728743285: GOT CSM_Msg
I/VCoreDaemon( 1127): 1333728743286: nonce 273 heard from src region (2,0)
I/NetworkThread( 1127): 1333728743391: Received UDP payload: 949
I/Mux     ( 1127): 1333728743398: GOT CSM_Msg
I/VCoreDaemon( 1127): 1333728743399: nonce 274 heard from src region (2,0)
I/NetworkThread( 1127): 1333728743562: Received UDP payload: 949
I/Mux     ( 1127): 1333728743647: GOT CSM_Msg
I/VCoreDaemon( 1127): 1333728743647: nonce 275 heard from src region (2,0)
I/NetworkThread( 1127): 1333728743657: Received UDP payload: 949
I/Mux     ( 1127): 1333728743667: GOT CSM_Msg
I/VCoreDaemon( 1127): 1333728743667: nonce 276 heard from src region (2,0)
I/NetworkThread( 1127): 1333728743677: Received UDP payload: 949
I/Mux     ( 1127): 1333728743680: GOT CSM_Msg
I/VCoreDaemon( 1127): 1333728743680: nonce 277 heard from src region (2,0)
I/NetworkThread( 1127): 1333728743787: Received UDP payload: 949
I/Mux     ( 1127): 1333728743793: GOT CSM_Msg
I/VCoreDaemon( 1127): 1333728743793: nonce 278 heard from src region (2,0)
I/NetworkThread( 1127): 1333728743882: Received UDP payload: 949
I/Mux     ( 1127): 1333728743886: GOT CSM_Msg
I/VCoreDaemon( 1127): 1333728743886: nonce 279 heard from src region (2,0)
I/NetworkThread( 1127): 1333728743986: Received UDP payload: 949
I/Mux     ( 1127): 1333728743990: GOT CSM_Msg
I/VCoreDaemon( 1127): 1333728743990: nonce 280 heard from src region (2,0)
I/NetworkThread( 1127): 1333728744089: Received UDP payload: 949
I/Mux     ( 1127): 1333728744097: GOT CSM_Msg
I/VCoreDaemon( 1127): 1333728744097: nonce 281 heard from src region (2,0)
I/NetworkThread( 1127): 1333728744187: Received UDP payload: 949
I/Mux     ( 1127): 1333728744191: GOT CSM_Msg
I/VCoreDaemon( 1127): 1333728744191: nonce 282 heard from src region (2,0)
I/NetworkThread( 1127): 1333728744291: Received UDP payload: 770
I/Mux     ( 1127): 1333728744300: GOT CSM_Msg
I/VCoreDaemon( 1127): 1333728744300: nonce 283 heard from src region (5,0)
I/VCoreDaemon( 1127): 1333728744300: Forwarding Atom because it's closer.
I/Mux     ( 1127): 1333728744301: I got a CSM packet at a leader 
I/NetworkThread( 1127): 1333728744313: Sending UDP payload: 770
I/VCoreDaemon( 1127): 1333728744323: nonce 283 heard from src region (5,0)
I/VCoreDaemon( 1127): 1333728744323: Received Atom already forwarded, ignoring...
I/NetworkThread( 1127): 1333728744324: Received UDP payload: 406
I/VCoreDaemon( 1127): 1333728746292: inside sendPacket(Packet p)
I/NetworkThread( 1127): 1333728746300: Sending UDP payload: 406
I/StatusActivity( 1127): 1333728747022: .......... GPS onLocationChanged ...... 
I/VCoreDaemon( 1127): 1333728747022: Loc = Location[mProvider=gps,mTime=1333815147000,mLatitude=42.36390498279691,mLongitude=-71.10109748049784,mHasAltitude=true,mAltitude=-23.0,mHasSpeed=false,mSpeed=0.0,mHasBearing=false,mBearing=0.0,mHasAccuracy=true,mAccuracy=35.0,mExtras=Bundle[mParcelledData.dataSize=4]] Previous Region = (1,0)
I/VCoreDaemon( 1127): 1333728747023: GPS x/long:-71.10109748049784, GPS y/lat: 42.36390498279691. Region width in x: 51.96152422706632
I/VCoreDaemon( 1127): 1333728747023: location PINPOINTS to region = 1.0, previous 1
I/VCoreDaemon( 1127): 1333728747023: location is INSIDE BOUNDARY, stay at prev region = (1,0)
I/NetworkThread( 1127): 1333728749312: Received UDP payload: 406
I/VCoreDaemon( 1127): 1333728751292: inside sendPacket(Packet p)
I/NetworkThread( 1127): 1333728751300: Sending UDP payload: 406
I/NetworkThread( 1127): 1333728751693: Received UDP payload: 949
I/Mux     ( 1127): 1333728751721: GOT CSM_Msg
I/VCoreDaemon( 1127): 1333728751722: nonce 284 heard from src region (2,0)
I/NetworkThread( 1127): 1333728752361: Received UDP payload: 949
I/Mux     ( 1127): 1333728752389: GOT CSM_Msg
I/VCoreDaemon( 1127): 1333728752389: nonce 285 heard from src region (2,0)
I/NetworkThread( 1127): 1333728752565: Received UDP payload: 949
I/Mux     ( 1127): 1333728752622: GOT CSM_Msg
I/VCoreDaemon( 1127): 1333728752623: nonce 287 heard from src region (2,0)
I/NetworkThread( 1127): 1333728752668: Received UDP payload: 949
I/Mux     ( 1127): 1333728752672: GOT CSM_Msg
I/VCoreDaemon( 1127): 1333728752672: nonce 288 heard from src region (2,0)
D/dalvikvm( 1127): GC_CONCURRENT freed 631K, 32% free 10991K/16007K, paused 22ms+4ms
I/NetworkThread( 1127): 1333728752766: Received UDP payload: 949
I/Mux     ( 1127): 1333728752776: GOT CSM_Msg
I/VCoreDaemon( 1127): 1333728752776: nonce 289 heard from src region (2,0)
I/NetworkThread( 1127): 1333728752869: Received UDP payload: 949
I/Mux     ( 1127): 1333728752920: GOT CSM_Msg
I/VCoreDaemon( 1127): 1333728752921: nonce 290 heard from src region (2,0)
I/NetworkThread( 1127): 1333728752978: Received UDP payload: 949
I/Mux     ( 1127): 1333728752981: GOT CSM_Msg
I/VCoreDaemon( 1127): 1333728752982: nonce 291 heard from src region (2,0)
I/NetworkThread( 1127): 1333728753088: Received UDP payload: 949
I/Mux     ( 1127): 1333728753095: GOT CSM_Msg
I/VCoreDaemon( 1127): 1333728753095: nonce 292 heard from src region (2,0)
I/NetworkThread( 1127): 1333728753187: Received UDP payload: 949
I/Mux     ( 1127): 1333728753228: GOT CSM_Msg
I/VCoreDaemon( 1127): 1333728753229: nonce 293 heard from src region (2,0)
I/NetworkThread( 1127): 1333728753291: Received UDP payload: 949
I/Mux     ( 1127): 1333728753295: GOT CSM_Msg
I/VCoreDaemon( 1127): 1333728753295: nonce 294 heard from src region (2,0)
I/NetworkThread( 1127): 1333728753395: Received UDP payload: 949
I/Mux     ( 1127): 1333728753412: GOT CSM_Msg
I/VCoreDaemon( 1127): 1333728753413: nonce 295 heard from src region (2,0)
I/NetworkThread( 1127): 1333728753496: Received UDP payload: 949
I/Mux     ( 1127): 1333728753500: GOT CSM_Msg
I/VCoreDaemon( 1127): 1333728753500: nonce 296 heard from src region (2,0)
I/NetworkThread( 1127): 1333728753610: Received UDP payload: 949
I/Mux     ( 1127): 1333728753652: GOT CSM_Msg
I/VCoreDaemon( 1127): 1333728753652: nonce 297 heard from src region (2,0)
I/NetworkThread( 1127): 1333728753698: Received UDP payload: 949
I/Mux     ( 1127): 1333728753702: GOT CSM_Msg
I/VCoreDaemon( 1127): 1333728753702: nonce 298 heard from src region (2,0)
I/NetworkThread( 1127): 1333728753813: Received UDP payload: 770
I/Mux     ( 1127): 1333728753829: GOT CSM_Msg
I/VCoreDaemon( 1127): 1333728753830: nonce 299 heard from src region (4,0)
I/VCoreDaemon( 1127): 1333728753830: Forwarding Atom because it's closer.
I/Mux     ( 1127): 1333728753831: I got a CSM packet at a leader 
I/NetworkThread( 1127): 1333728753844: Sending UDP payload: 770
I/VCoreDaemon( 1127): 1333728753882: nonce 299 heard from src region (4,0)
I/VCoreDaemon( 1127): 1333728753882: Received Atom already forwarded, ignoring...
I/StatusActivity( 1127): 1333728754048: .......... GPS onLocationChanged ...... 
I/VCoreDaemon( 1127): 1333728754050: Loc = Location[mProvider=gps,mTime=1333815154000,mLatitude=42.363904400902605,mLongitude=-71.10108139302658,mHasAltitude=true,mAltitude=-23.0,mHasSpeed=true,mSpeed=0.14940707,mHasBearing=false,mBearing=0.0,mHasAccuracy=true,mAccuracy=15.0,mExtras=Bundle[mParcelledData.dataSize=4]] Previous Region = (1,0)
I/VCoreDaemon( 1127): 1333728754051: GPS x/long:-71.10108139302658, GPS y/lat: 42.363904400902605. Region width in x: 51.96152422706632
I/VCoreDaemon( 1127): 1333728754051: location PINPOINTS to region = 1.0, previous 1
I/VCoreDaemon( 1127): 1333728754052: location is INSIDE BOUNDARY, stay at prev region = (1,0)
I/NetworkThread( 1127): 1333728754296: Received UDP payload: 406
I/StatusActivity( 1127): 1333728756100: .......... GPS onLocationChanged ...... 
I/VCoreDaemon( 1127): 1333728756102: Loc = Location[mProvider=gps,mTime=1333815156000,mLatitude=42.363903133950394,mLongitude=-71.10106531033128,mHasAltitude=true,mAltitude=-22.0,mHasSpeed=true,mSpeed=0.29265505,mHasBearing=false,mBearing=0.0,mHasAccuracy=true,mAccuracy=10.0,mExtras=Bundle[mParcelledData.dataSize=4]] Previous Region = (1,0)
I/VCoreDaemon( 1127): 1333728756102: GPS x/long:-71.10106531033128, GPS y/lat: 42.363903133950394. Region width in x: 51.96152422706632
I/VCoreDaemon( 1127): 1333728756102: location PINPOINTS to region = 1.0, previous 1
I/VCoreDaemon( 1127): 1333728756102: stay at region 1
I/VCoreDaemon( 1127): 1333728756293: inside sendPacket(Packet p)
I/NetworkThread( 1127): 1333728756302: Sending UDP payload: 406
I/StatusActivity( 1127): 1333728758084: .......... GPS onLocationChanged ...... 
I/VCoreDaemon( 1127): 1333728758085: Loc = Location[mProvider=gps,mTime=1333815158000,mLatitude=42.36389220114763,mLongitude=-71.10104907147257,mHasAltitude=true,mAltitude=-23.0,mHasSpeed=true,mSpeed=0.39024836,mHasBearing=false,mBearing=0.0,mHasAccuracy=true,mAccuracy=10.0,mExtras=Bundle[mParcelledData.dataSize=4]] Previous Region = (1,0)
I/VCoreDaemon( 1127): 1333728758085: GPS x/long:-71.10104907147257, GPS y/lat: 42.36389220114763. Region width in x: 51.96152422706632
I/VCoreDaemon( 1127): 1333728758086: location PINPOINTS to region = 1.0, previous 1
I/VCoreDaemon( 1127): 1333728758086: stay at region 1
I/StatusActivity( 1127): 1333728759032: .......... GPS onLocationChanged ...... 
I/VCoreDaemon( 1127): 1333728759034: Loc = Location[mProvider=gps,mTime=1333815159000,mLatitude=42.36387892193028,mLongitude=-71.10104154000007,mHasAltitude=true,mAltitude=-23.0,mHasSpeed=true,mSpeed=0.44424284,mHasBearing=false,mBearing=0.0,mHasAccuracy=true,mAccuracy=15.0,mExtras=Bundle[mParcelledData.dataSize=4]] Previous Region = (1,0)
I/VCoreDaemon( 1127): 1333728759048: GPS x/long:-71.10104154000007, GPS y/lat: 42.36387892193028. Region width in x: 51.96152422706632
I/VCoreDaemon( 1127): 1333728759049: location PINPOINTS to region = 1.0, previous 1
I/VCoreDaemon( 1127): 1333728759050: stay at region 1
I/NetworkThread( 1127): 1333728759308: Received UDP payload: 406
I/StatusActivity( 1127): 1333728760058: .......... GPS onLocationChanged ...... 
I/VCoreDaemon( 1127): 1333728760059: Loc = Location[mProvider=gps,mTime=1333815160000,mLatitude=42.36384710234754,mLongitude=-71.10103803120934,mHasAltitude=true,mAltitude=-23.0,mHasSpeed=true,mSpeed=0.0,mHasBearing=false,mBearing=0.0,mHasAccuracy=true,mAccuracy=15.0,mExtras=Bundle[mParcelledData.dataSize=4]] Previous Region = (1,0)
I/VCoreDaemon( 1127): 1333728760059: GPS x/long:-71.10103803120934, GPS y/lat: 42.36384710234754. Region width in x: 51.96152422706632
I/VCoreDaemon( 1127): 1333728760060: location PINPOINTS to region = 1.0, previous 1
I/VCoreDaemon( 1127): 1333728760060: stay at region 1
I/StatusActivity( 1127): 1333728761071: .......... GPS onLocationChanged ...... 
I/VCoreDaemon( 1127): 1333728761072: Loc = Location[mProvider=gps,mTime=1333815161000,mLatitude=42.3638225125443,mLongitude=-71.10105382457284,mHasAltitude=true,mAltitude=-22.0,mHasSpeed=true,mSpeed=0.0,mHasBearing=false,mBearing=0.0,mHasAccuracy=true,mAccuracy=15.0,mExtras=Bundle[mParcelledData.dataSize=4]] Previous Region = (1,0)
I/VCoreDaemon( 1127): 1333728761072: GPS x/long:-71.10105382457284, GPS y/lat: 42.3638225125443. Region width in x: 51.96152422706632
I/VCoreDaemon( 1127): 1333728761072: location PINPOINTS to region = 1.0, previous 1
I/VCoreDaemon( 1127): 1333728761073: stay at region 1
I/VCoreDaemon( 1127): 1333728761299: inside sendPacket(Packet p)
I/NetworkThread( 1127): 1333728761308: Sending UDP payload: 406
I/NetworkThread( 1127): 1333728761691: Received UDP payload: 949
I/Mux     ( 1127): 1333728761733: GOT CSM_Msg
I/VCoreDaemon( 1127): 1333728761734: nonce 300 heard from src region (2,0)
I/StatusActivity( 1127): 1333728762069: .......... GPS onLocationChanged ...... 
I/VCoreDaemon( 1127): 1333728762070: Loc = Location[mProvider=gps,mTime=1333815162000,mLatitude=42.36380585987135,mLongitude=-71.10106825613792,mHasAltitude=true,mAltitude=-22.0,mHasSpeed=true,mSpeed=0.6476625,mHasBearing=false,mBearing=0.0,mHasAccuracy=true,mAccuracy=15.0,mExtras=Bundle[mParcelledData.dataSize=4]] Previous Region = (1,0)
I/VCoreDaemon( 1127): 1333728762070: GPS x/long:-71.10106825613792, GPS y/lat: 42.36380585987135. Region width in x: 51.96152422706632
I/VCoreDaemon( 1127): 1333728762070: location PINPOINTS to region = 1.0, previous 1
I/VCoreDaemon( 1127): 1333728762070: stay at region 1
I/NetworkThread( 1127): 1333728762483: Received UDP payload: 949
I/Mux     ( 1127): 1333728762522: GOT CSM_Msg
I/VCoreDaemon( 1127): 1333728762522: nonce 301 heard from src region (2,0)
I/NetworkThread( 1127): 1333728762580: Received UDP payload: 949
I/Mux     ( 1127): 1333728762584: GOT CSM_Msg
I/VCoreDaemon( 1127): 1333728762584: nonce 302 heard from src region (2,0)
I/NetworkThread( 1127): 1333728762687: Received UDP payload: 949
I/Mux     ( 1127): 1333728762695: GOT CSM_Msg
I/VCoreDaemon( 1127): 1333728762696: nonce 303 heard from src region (2,0)
I/NetworkThread( 1127): 1333728762783: Received UDP payload: 949
I/Mux     ( 1127): 1333728762826: GOT CSM_Msg
I/VCoreDaemon( 1127): 1333728762827: nonce 304 heard from src region (2,0)
I/NetworkThread( 1127): 1333728762884: Received UDP payload: 949
I/Mux     ( 1127): 1333728762911: GOT CSM_Msg
I/VCoreDaemon( 1127): 1333728762912: nonce 305 heard from src region (2,0)
D/dalvikvm( 1127): GC_CONCURRENT freed 528K, 32% free 11010K/16007K, paused 2ms+15ms
I/NetworkThread( 1127): 1333728762991: Received UDP payload: 949
I/Mux     ( 1127): 1333728762994: GOT CSM_Msg
I/VCoreDaemon( 1127): 1333728762995: nonce 306 heard from src region (2,0)
I/StatusActivity( 1127): 1333728763034: .......... GPS onLocationChanged ...... 
I/VCoreDaemon( 1127): 1333728763035: Loc = Location[mProvider=gps,mTime=1333815163000,mLatitude=42.36379448037012,mLongitude=-71.10107920015106,mHasAltitude=true,mAltitude=-22.0,mHasSpeed=true,mSpeed=0.71682674,mHasBearing=false,mBearing=0.0,mHasAccuracy=true,mAccuracy=20.0,mExtras=Bundle[mParcelledData.dataSize=4]] Previous Region = (1,0)
I/VCoreDaemon( 1127): 1333728763035: GPS x/long:-71.10107920015106, GPS y/lat: 42.36379448037012. Region width in x: 51.96152422706632
I/VCoreDaemon( 1127): 1333728763035: location PINPOINTS to region = 1.0, previous 1
I/VCoreDaemon( 1127): 1333728763035: stay at region 1
I/NetworkThread( 1127): 1333728763093: Received UDP payload: 949
I/Mux     ( 1127): 1333728763097: GOT CSM_Msg
I/VCoreDaemon( 1127): 1333728763097: nonce 307 heard from src region (2,0)
I/NetworkThread( 1127): 1333728763393: Received UDP payload: 949
I/Mux     ( 1127): 1333728763424: GOT CSM_Msg
I/VCoreDaemon( 1127): 1333728763426: nonce 310 heard from src region (2,0)
I/NetworkThread( 1127): 1333728763509: Received UDP payload: 949
I/Mux     ( 1127): 1333728763515: GOT CSM_Msg
I/VCoreDaemon( 1127): 1333728763515: nonce 311 heard from src region (2,0)
I/NetworkThread( 1127): 1333728763602: Received UDP payload: 949
I/Mux     ( 1127): 1333728763606: GOT CSM_Msg
I/VCoreDaemon( 1127): 1333728763607: nonce 312 heard from src region (2,0)
I/NetworkThread( 1127): 1333728763713: Received UDP payload: 949
I/Mux     ( 1127): 1333728763729: GOT CSM_Msg
I/VCoreDaemon( 1127): 1333728763730: nonce 313 heard from src region (2,0)
I/NetworkThread( 1127): 1333728763806: Received UDP payload: 770
I/Mux     ( 1127): 1333728763809: GOT CSM_Msg
I/VCoreDaemon( 1127): 1333728763809: nonce 314 heard from src region (3,0)
I/StatusActivity( 1127): 1333728764035: .......... GPS onLocationChanged ...... 
I/VCoreDaemon( 1127): 1333728764036: Loc = Location[mProvider=gps,mTime=1333815164000,mLatitude=42.36378176920696,mLongitude=-71.1010908178364,mHasAltitude=true,mAltitude=-23.0,mHasSpeed=true,mSpeed=0.80806,mHasBearing=false,mBearing=0.0,mHasAccuracy=true,mAccuracy=15.0,mExtras=Bundle[mParcelledData.dataSize=4]] Previous Region = (1,0)
I/VCoreDaemon( 1127): 1333728764036: GPS x/long:-71.1010908178364, GPS y/lat: 42.36378176920696. Region width in x: 51.96152422706632
I/VCoreDaemon( 1127): 1333728764036: location PINPOINTS to region = 1.0, previous 1
I/VCoreDaemon( 1127): 1333728764036: stay at region 1
I/StatusActivity( 1127): 1333728765062: .......... GPS onLocationChanged ...... 
I/VCoreDaemon( 1127): 1333728765063: Loc = Location[mProvider=gps,mTime=1333815165000,mLatitude=42.36377147782875,mLongitude=-71.10109825427558,mHasAltitude=true,mAltitude=-22.0,mHasSpeed=true,mSpeed=0.8866453,mHasBearing=false,mBearing=0.0,mHasAccuracy=true,mAccuracy=15.0,mExtras=Bundle[mParcelledData.dataSize=4]] Previous Region = (1,0)
I/VCoreDaemon( 1127): 1333728765063: GPS x/long:-71.10109825427558, GPS y/lat: 42.36377147782875. Region width in x: 51.96152422706632
I/VCoreDaemon( 1127): 1333728765063: location PINPOINTS to region = 1.0, previous 1
I/VCoreDaemon( 1127): 1333728765064: stay at region 1
I/VCoreDaemon( 1127): 1333728766271: leader to cloud hearbeat...
I/VNC:Cloud( 1127): Executing makeRequest: http://hermes5.csail.mit.edu:8212/take/1/0/5103/1333728766272/
I/StatusActivity( 1127): 1333728767082: .......... GPS onLocationChanged ...... 
I/VCoreDaemon( 1127): 1333728767083: Loc = Location[mProvider=gps,mTime=1333815167000,mLatitude=42.36375893949218,mLongitude=-71.10109873708808,mHasAltitude=true,mAltitude=-22.0,mHasSpeed=true,mSpeed=0.99723816,mHasBearing=true,mBearing=230.63756,mHasAccuracy=true,mAccuracy=15.0,mExtras=Bundle[mParcelledData.dataSize=4]] Previous Region = (1,0)
I/VCoreDaemon( 1127): 1333728767084: GPS x/long:-71.10109873708808, GPS y/lat: 42.36375893949218. Region width in x: 51.96152422706632
I/VCoreDaemon( 1127): 1333728767084: location PINPOINTS to region = 1.0, previous 1
I/VCoreDaemon( 1127): 1333728767084: stay at region 1
W/NetworkStats(  151): dropping UID delta from unknown iface: iface=wlan0 uid=10065 set=FOREGROUND tag=0x0 rxBytes=47953 rxPackets=55 txBytes=3766 txPackets=7 operations=0
I/StatusActivity( 1127): 1333728769035: .......... GPS onLocationChanged ...... 
I/VCoreDaemon( 1127): 1333728769036: Loc = Location[mProvider=gps,mTime=1333815169000,mLatitude=42.36374858885509,mLongitude=-71.10110399570388,mHasAltitude=true,mAltitude=-22.0,mHasSpeed=true,mSpeed=1.0498685,mHasBearing=true,mBearing=229.90768,mHasAccuracy=true,mAccuracy=15.0,mExtras=Bundle[mParcelledData.dataSize=4]] Previous Region = (1,0)
I/VCoreDaemon( 1127): 1333728769036: GPS x/long:-71.10110399570388, GPS y/lat: 42.36374858885509. Region width in x: 51.96152422706632
I/VCoreDaemon( 1127): 1333728769037: location PINPOINTS to region = 1.0, previous 1
I/VCoreDaemon( 1127): 1333728769039: stay at region 1
I/NetworkThread( 1127): 1333728769886: Received UDP payload: 406
I/NetworkThread( 1127): 1333728771272: Received UDP payload: 949
I/Mux     ( 1127): 1333728771315: GOT CSM_Msg
I/VCoreDaemon( 1127): 1333728771317: nonce 315 heard from src region (2,0)
I/NetworkThread( 1127): 1333728771392: Received UDP payload: 5315
I/Mux     ( 1127): 1333728771398: GOT CSM_Msg
I/VCoreDaemon( 1127): 1333728771398: nonce 316 heard from src region (2,0)
I/VNC:Cloud( 1127): makeRequest Execute HTTP latency: 5857ms
I/VNC:Cloud( 1127): makeRequest() Cloud response length: 82
I/VNC:Cloud( 1127): Request executed: http://hermes5.csail.mit.edu:8212/take/1/0/5103/1333728766272/
I/VCoreDaemon( 1127): 1333728772140: inside sendPacket(Packet p)
I/NetworkThread( 1127): 1333728772147: Sending UDP payload: 406
I/StatusActivity( 1127): 1333728773090: .......... GPS onLocationChanged ...... 
I/VCoreDaemon( 1127): 1333728773090: Loc = Location[mProvider=gps,mTime=1333815173000,mLatitude=42.363735404244736,mLongitude=-71.10111334923556,mHasAltitude=true,mAltitude=-22.0,mHasSpeed=true,mSpeed=1.0956415,mHasBearing=true,mBearing=229.95015,mHasAccuracy=true,mAccuracy=20.0,mExtras=Bundle[mParcelledData.dataSize=4]] Previous Region = (1,0)
I/VCoreDaemon( 1127): 1333728773091: GPS x/long:-71.10111334923556, GPS y/lat: 42.363735404244736. Region width in x: 51.96152422706632
I/VCoreDaemon( 1127): 1333728773091: location PINPOINTS to region = 1.0, previous 1
I/VCoreDaemon( 1127): 1333728773091: stay at region 1
I/NetworkThread( 1127): 1333728774906: Received UDP payload: 406
D/dalvikvm(  311): GC_CONCURRENT freed 418K, 6% free 9504K/10055K, paused 3ms+2ms
I/StatusActivity( 1127): 1333728777087: .......... GPS onLocationChanged ...... 
I/VCoreDaemon( 1127): 1333728777088: Loc = Location[mProvider=gps,mTime=1333815177000,mLatitude=42.36372030693733,mLongitude=-71.1011356216462,mHasAltitude=true,mAltitude=-22.0,mHasSpeed=true,mSpeed=1.1030697,mHasBearing=true,mBearing=231.01485,mHasAccuracy=true,mAccuracy=20.0,mExtras=Bundle[mParcelledData.dataSize=4]] Previous Region = (1,0)
I/VCoreDaemon( 1127): 1333728777088: GPS x/long:-71.1011356216462, GPS y/lat: 42.36372030693733. Region width in x: 51.96152422706632
I/VCoreDaemon( 1127): 1333728777088: location PINPOINTS to region = 1.0, previous 1
I/VCoreDaemon( 1127): 1333728777088: stay at region 1
I/VCoreDaemon( 1127): 1333728777149: inside sendPacket(Packet p)
I/NetworkThread( 1127): 1333728777150: Sending UDP payload: 406
W/NetworkStats(  151): dropping UID delta from unknown iface: iface=wlan0 uid=10065 set=FOREGROUND tag=0x0 rxBytes=8056 rxPackets=6 txBytes=868 txPackets=2 operations=0
D/dalvikvm(  151): GC_CONCURRENT freed 661K, 9% free 12547K/13703K, paused 2ms+5ms
I/NetworkThread( 1127): 1333728779910: Received UDP payload: 406
I/NetworkThread( 1127): 1333728781510: Received UDP payload: 949
I/Mux     ( 1127): 1333728781514: GOT CSM_Msg
I/VCoreDaemon( 1127): 1333728781514: removed replies before id 3 from sentReplies of size 0
I/UserApp ( 1127): 1333728781514: INSIDE SERVER_GET_PHOTO!!!
I/VCoreDaemon( 1127): 1333728781516: Received PROC_REQUEST 11:3 (2,0)->(1,0), replying PROC_REPLY 11:3 (1,0)->(2,0)
I/VCoreDaemon( 1127): 1333728781516: Dispatching Atom PROC_REPLY 11:3 (1,0)->(2,0)
I/Mux     ( 1127): 1333728781521: I got a CSM packet at a leader 
I/NetworkThread( 1127): 1333728781550: Sending UDP payload: 5881
I/VCoreDaemon( 1127): 1333728781553: nonce 197 heard from src region (1,0)
D/dalvikvm( 1127): GC_CONCURRENT freed 496K, 31% free 11059K/16007K, paused 2ms+3ms
I/StatusActivity( 1127): 1333728782098: .......... GPS onLocationChanged ...... 
I/VCoreDaemon( 1127): 1333728782099: Loc = Location[mProvider=gps,mTime=1333815182000,mLatitude=42.36376265900295,mLongitude=-71.10113894721763,mHasAltitude=true,mAltitude=-23.0,mHasSpeed=true,mSpeed=0.0,mHasBearing=false,mBearing=0.0,mHasAccuracy=true,mAccuracy=15.0,mExtras=Bundle[mParcelledData.dataSize=4]] Previous Region = (1,0)
I/VCoreDaemon( 1127): 1333728782099: GPS x/long:-71.10113894721763, GPS y/lat: 42.36376265900295. Region width in x: 51.96152422706632
I/VCoreDaemon( 1127): 1333728782099: location PINPOINTS to region = 1.0, previous 1
I/VCoreDaemon( 1127): 1333728782100: stay at region 1
I/VCoreDaemon( 1127): 1333728782150: inside sendPacket(Packet p)
I/NetworkThread( 1127): 1333728782151: Sending UDP payload: 406
I/NetworkThread( 1127): 1333728782236: Received UDP payload: 949
I/Mux     ( 1127): 1333728782240: GOT CSM_Msg
I/VCoreDaemon( 1127): 1333728782241: removed replies before id 3 from sentReplies of size 1
I/VCoreDaemon( 1127): 1333728782243: Received DUPLICATE PROC_REQUEST 11:3 (2,0)->(1,0), replying PROC_REPLY 11:3 (1,0)->(2,0)
I/VCoreDaemon( 1127): 1333728782244: Dispatching Atom PROC_REPLY 11:3 (1,0)->(2,0)
I/Mux     ( 1127): 1333728782245: I got a CSM packet at a leader 
I/NetworkThread( 1127): 1333728782252: Sending UDP payload: 5881
I/VCoreDaemon( 1127): 1333728782255: nonce 198 heard from src region (1,0)
I/NetworkThread( 1127): 1333728782353: Received UDP payload: 949
I/Mux     ( 1127): 1333728782357: GOT CSM_Msg
I/VCoreDaemon( 1127): 1333728782357: removed replies before id 3 from sentReplies of size 1
I/VCoreDaemon( 1127): 1333728782358: Received DUPLICATE PROC_REQUEST 11:3 (2,0)->(1,0), replying PROC_REPLY 11:3 (1,0)->(2,0)
I/VCoreDaemon( 1127): 1333728782359: Dispatching Atom PROC_REPLY 11:3 (1,0)->(2,0)
I/Mux     ( 1127): 1333728782359: I got a CSM packet at a leader 
I/NetworkThread( 1127): 1333728782361: Sending UDP payload: 5881
I/VCoreDaemon( 1127): 1333728782363: nonce 199 heard from src region (1,0)
I/NetworkThread( 1127): 1333728782439: Received UDP payload: 949
I/Mux     ( 1127): 1333728782461: GOT CSM_Msg
I/VCoreDaemon( 1127): 1333728782461: removed replies before id 3 from sentReplies of size 1
I/VCoreDaemon( 1127): 1333728782463: Received DUPLICATE PROC_REQUEST 11:3 (2,0)->(1,0), replying PROC_REPLY 11:3 (1,0)->(2,0)
I/VCoreDaemon( 1127): 1333728782464: Dispatching Atom PROC_REPLY 11:3 (1,0)->(2,0)
I/Mux     ( 1127): 1333728782464: I got a CSM packet at a leader 
I/NetworkThread( 1127): 1333728782471: Sending UDP payload: 5881
I/VCoreDaemon( 1127): 1333728782478: nonce 200 heard from src region (1,0)
I/NetworkThread( 1127): 1333728782541: Received UDP payload: 949
I/Mux     ( 1127): 1333728782545: GOT CSM_Msg
I/VCoreDaemon( 1127): 1333728782545: removed replies before id 3 from sentReplies of size 1
I/VCoreDaemon( 1127): 1333728782546: Received DUPLICATE PROC_REQUEST 11:3 (2,0)->(1,0), replying PROC_REPLY 11:3 (1,0)->(2,0)
I/VCoreDaemon( 1127): 1333728782546: Dispatching Atom PROC_REPLY 11:3 (1,0)->(2,0)
I/Mux     ( 1127): 1333728782546: I got a CSM packet at a leader 
I/NetworkThread( 1127): 1333728782548: Sending UDP payload: 5881
I/VCoreDaemon( 1127): 1333728782553: nonce 201 heard from src region (1,0)
I/NetworkThread( 1127): 1333728782645: Received UDP payload: 949
I/Mux     ( 1127): 1333728782649: GOT CSM_Msg
I/VCoreDaemon( 1127): 1333728782649: removed replies before id 3 from sentReplies of size 1
I/VCoreDaemon( 1127): 1333728782651: Received DUPLICATE PROC_REQUEST 11:3 (2,0)->(1,0), replying PROC_REPLY 11:3 (1,0)->(2,0)
I/VCoreDaemon( 1127): 1333728782652: Dispatching Atom PROC_REPLY 11:3 (1,0)->(2,0)
I/Mux     ( 1127): 1333728782652: I got a CSM packet at a leader 
I/NetworkThread( 1127): 1333728782655: Sending UDP payload: 5881
I/VCoreDaemon( 1127): 1333728782664: nonce 202 heard from src region (1,0)
I/NetworkThread( 1127): 1333728782764: Received UDP payload: 949
I/Mux     ( 1127): 1333728782768: GOT CSM_Msg
I/VCoreDaemon( 1127): 1333728782768: removed replies before id 3 from sentReplies of size 1
I/VCoreDaemon( 1127): 1333728782769: Received DUPLICATE PROC_REQUEST 11:3 (2,0)->(1,0), replying PROC_REPLY 11:3 (1,0)->(2,0)
I/VCoreDaemon( 1127): 1333728782769: Dispatching Atom PROC_REPLY 11:3 (1,0)->(2,0)
I/Mux     ( 1127): 1333728782770: I got a CSM packet at a leader 
I/NetworkThread( 1127): 1333728782771: Sending UDP payload: 5881
I/VCoreDaemon( 1127): 1333728782773: nonce 203 heard from src region (1,0)
I/NetworkThread( 1127): 1333728782899: Received UDP payload: 949
I/Mux     ( 1127): 1333728782950: GOT CSM_Msg
I/VCoreDaemon( 1127): 1333728782950: removed replies before id 3 from sentReplies of size 1
I/VCoreDaemon( 1127): 1333728782954: Received DUPLICATE PROC_REQUEST 11:3 (2,0)->(1,0), replying PROC_REPLY 11:3 (1,0)->(2,0)
I/VCoreDaemon( 1127): 1333728782954: Dispatching Atom PROC_REPLY 11:3 (1,0)->(2,0)
I/Mux     ( 1127): 1333728782954: I got a CSM packet at a leader 
I/NetworkThread( 1127): 1333728782957: Sending UDP payload: 5881
I/VCoreDaemon( 1127): 1333728782960: nonce 204 heard from src region (1,0)
I/NetworkThread( 1127): 1333728782962: Received UDP payload: 949
I/Mux     ( 1127): 1333728782970: GOT CSM_Msg
I/VCoreDaemon( 1127): 1333728782970: removed replies before id 3 from sentReplies of size 1
I/VCoreDaemon( 1127): 1333728782971: Received DUPLICATE PROC_REQUEST 11:3 (2,0)->(1,0), replying PROC_REPLY 11:3 (1,0)->(2,0)
I/VCoreDaemon( 1127): 1333728782971: Dispatching Atom PROC_REPLY 11:3 (1,0)->(2,0)
I/Mux     ( 1127): 1333728782971: I got a CSM packet at a leader 
I/NetworkThread( 1127): 1333728782972: Sending UDP payload: 5881
I/VCoreDaemon( 1127): 1333728782975: nonce 205 heard from src region (1,0)
I/NetworkThread( 1127): 1333728783072: Received UDP payload: 949
I/Mux     ( 1127): 1333728783076: GOT CSM_Msg
I/VCoreDaemon( 1127): 1333728783076: removed replies before id 3 from sentReplies of size 1
I/VCoreDaemon( 1127): 1333728783077: Received DUPLICATE PROC_REQUEST 11:3 (2,0)->(1,0), replying PROC_REPLY 11:3 (1,0)->(2,0)
I/VCoreDaemon( 1127): 1333728783078: Dispatching Atom PROC_REPLY 11:3 (1,0)->(2,0)
I/Mux     ( 1127): 1333728783078: I got a CSM packet at a leader 
I/NetworkThread( 1127): 1333728783084: Sending UDP payload: 5881
I/VCoreDaemon( 1127): 1333728783088: nonce 206 heard from src region (1,0)
I/NetworkThread( 1127): 1333728783158: Received UDP payload: 949
I/Mux     ( 1127): 1333728783161: GOT CSM_Msg
I/VCoreDaemon( 1127): 1333728783161: removed replies before id 3 from sentReplies of size 1
I/VCoreDaemon( 1127): 1333728783162: Received DUPLICATE PROC_REQUEST 11:3 (2,0)->(1,0), replying PROC_REPLY 11:3 (1,0)->(2,0)
I/VCoreDaemon( 1127): 1333728783162: Dispatching Atom PROC_REPLY 11:3 (1,0)->(2,0)
I/Mux     ( 1127): 1333728783162: I got a CSM packet at a leader 
I/NetworkThread( 1127): 1333728783185: Sending UDP payload: 5881
I/VCoreDaemon( 1127): 1333728783189: nonce 207 heard from src region (1,0)
D/dalvikvm( 1127): GC_CONCURRENT freed 587K, 32% free 11041K/16007K, paused 7ms+4ms
I/NetworkThread( 1127): 1333728783267: Received UDP payload: 949
I/Mux     ( 1127): 1333728783271: GOT CSM_Msg
I/VCoreDaemon( 1127): 1333728783271: removed replies before id 3 from sentReplies of size 1
I/VCoreDaemon( 1127): 1333728783272: Received DUPLICATE PROC_REQUEST 11:3 (2,0)->(1,0), replying PROC_REPLY 11:3 (1,0)->(2,0)
I/VCoreDaemon( 1127): 1333728783272: Dispatching Atom PROC_REPLY 11:3 (1,0)->(2,0)
I/Mux     ( 1127): 1333728783273: I got a CSM packet at a leader 
I/NetworkThread( 1127): 1333728783274: Sending UDP payload: 5881
I/VCoreDaemon( 1127): 1333728783282: nonce 208 heard from src region (1,0)
I/NetworkThread( 1127): 1333728783363: Received UDP payload: 949
I/Mux     ( 1127): 1333728783372: GOT CSM_Msg
I/VCoreDaemon( 1127): 1333728783372: removed replies before id 3 from sentReplies of size 1
I/VCoreDaemon( 1127): 1333728783374: Received DUPLICATE PROC_REQUEST 11:3 (2,0)->(1,0), replying PROC_REPLY 11:3 (1,0)->(2,0)
I/VCoreDaemon( 1127): 1333728783375: Dispatching Atom PROC_REPLY 11:3 (1,0)->(2,0)
I/Mux     ( 1127): 1333728783375: I got a CSM packet at a leader 
I/NetworkThread( 1127): 1333728783382: Sending UDP payload: 5881
I/VCoreDaemon( 1127): 1333728783390: nonce 209 heard from src region (1,0)
I/NetworkThread( 1127): 1333728783465: Received UDP payload: 949
I/Mux     ( 1127): 1333728783477: GOT CSM_Msg
I/VCoreDaemon( 1127): 1333728783479: removed replies before id 3 from sentReplies of size 1
I/VCoreDaemon( 1127): 1333728783479: Received DUPLICATE PROC_REQUEST 11:3 (2,0)->(1,0), replying PROC_REPLY 11:3 (1,0)->(2,0)
I/VCoreDaemon( 1127): 1333728783480: Dispatching Atom PROC_REPLY 11:3 (1,0)->(2,0)
I/Mux     ( 1127): 1333728783480: I got a CSM packet at a leader 
I/NetworkThread( 1127): 1333728783482: Sending UDP payload: 5881
I/VCoreDaemon( 1127): 1333728783484: nonce 210 heard from src region (1,0)
I/NetworkThread( 1127): 1333728784909: Received UDP payload: 406
I/VCoreDaemon( 1127): 1333728787153: inside sendPacket(Packet p)
I/NetworkThread( 1127): 1333728787156: Sending UDP payload: 406
I/NetworkThread( 1127): 1333728789922: Received UDP payload: 406
I/GTalkService/c(  455): [AndroidEndpoint@1094684472] connect: acct=1000000, state=CONNECTING
I/NetworkThread( 1127): 1333728791603: Received UDP payload: 949
I/Mux     ( 1127): 1333728791647: GOT CSM_Msg
I/VCoreDaemon( 1127): 1333728791648: nonce 332 heard from src region (2,0)
I/VCoreDaemon( 1127): 1333728791649: Forwarding Atom because it's closer.
I/Mux     ( 1127): 1333728791661: I got a CSM packet at a leader 
I/NetworkThread( 1127): 1333728791662: Sending UDP payload: 949
I/VCoreDaemon( 1127): 1333728791665: nonce 332 heard from src region (2,0)
I/VCoreDaemon( 1127): 1333728791665: Received Atom already forwarded, ignoring...
I/VCoreDaemon( 1127): 1333728792155: inside sendPacket(Packet p)
I/NetworkThread( 1127): 1333728792165: Sending UDP payload: 406
I/NetworkThread( 1127): 1333728792399: Received UDP payload: 949
I/Mux     ( 1127): 1333728792442: GOT CSM_Msg
I/VCoreDaemon( 1127): 1333728792444: nonce 333 heard from src region (2,0)
I/VCoreDaemon( 1127): 1333728792445: Forwarding Atom because it's closer.
I/Mux     ( 1127): 1333728792446: I got a CSM packet at a leader 
I/NetworkThread( 1127): 1333728792470: Sending UDP payload: 949
I/VCoreDaemon( 1127): 1333728792471: nonce 333 heard from src region (2,0)
I/VCoreDaemon( 1127): 1333728792471: Received Atom already forwarded, ignoring...
I/NetworkThread( 1127): 1333728792472: Received UDP payload: 949
I/Mux     ( 1127): 1333728792475: GOT CSM_Msg
I/VCoreDaemon( 1127): 1333728792476: nonce 334 heard from src region (2,0)
I/VCoreDaemon( 1127): 1333728792476: Forwarding Atom because it's closer.
I/Mux     ( 1127): 1333728792476: I got a CSM packet at a leader 
I/NetworkThread( 1127): 1333728792477: Sending UDP payload: 949
I/VCoreDaemon( 1127): 1333728792482: nonce 334 heard from src region (2,0)
I/VCoreDaemon( 1127): 1333728792482: Received Atom already forwarded, ignoring...
