I/ActivityManager(  151): No longer want com.google.android.talk (pid 763): hidden #16
W/Smack/Packet(  455): notify conn break (IOEx), close connection
D/ConnectivityService(  151): handleInetConditionHoldEnd: net=0, condition=0, published condition=100
I/GTalkService/c(  455): [AndroidEndpoint@1094684472] connect: acct=1000000, state=CONNECTING
D/dalvikvm(  455): GC_CONCURRENT freed 464K, 6% free 10037K/10631K, paused 14ms+3ms
D/ConnectivityService(  151): handleInetConditionHoldEnd: net=0, condition=100, published condition=0
W/Smack/Packet(  455): notify conn break (IOEx), close connection
D/ConnectivityService(  151): handleInetConditionHoldEnd: net=0, condition=0, published condition=100
I/GTalkService/c(  455): [AndroidEndpoint@1094684472] connect: acct=1000000, state=CONNECTING
D/dalvikvm(  455): GC_CONCURRENT freed 388K, 6% free 10043K/10631K, paused 1ms+2ms
D/ConnectivityService(  151): handleInetConditionHoldEnd: net=0, condition=100, published condition=0
W/Smack/Packet(  455): notify conn break (IOEx), close connection
D/ConnectivityService(  151): handleInetConditionHoldEnd: net=0, condition=0, published condition=100
I/GTalkService/c(  455): [AndroidEndpoint@1094684472] connect: acct=1000000, state=CONNECTING
D/ConnectivityService(  151): handleInetConditionHoldEnd: net=0, condition=100, published condition=0
W/Smack/Packet(  455): notify conn break (IOEx), close connection
D/dalvikvm(  151): GC_EXPLICIT freed 862K, 11% free 13234K/14855K, paused 20ms+5ms
D/ConnectivityService(  151): handleInetConditionHoldEnd: net=0, condition=0, published condition=100
I/GTalkService/c(  455): [AndroidEndpoint@1094684472] connect: acct=1000000, state=CONNECTING
D/dalvikvm(  455): GC_CONCURRENT freed 379K, 6% free 10058K/10631K, paused 1ms+3ms
D/ConnectivityService(  151): handleInetConditionHoldEnd: net=0, condition=100, published condition=0
W/Smack/Packet(  455): notify conn break (IOEx), close connection
D/ConnectivityService(  151): handleInetConditionHoldEnd: net=0, condition=0, published condition=100
I/GTalkService/c(  455): [AndroidEndpoint@1094684472] connect: acct=1000000, state=CONNECTING
D/ConnectivityService(  151): handleInetConditionHoldEnd: net=0, condition=100, published condition=0
W/Smack/Packet(  455): notify conn break (IOEx), close connection
D/ConnectivityService(  151): handleInetConditionHoldEnd: net=0, condition=0, published condition=100
I/GTalkService/c(  455): [AndroidEndpoint@1094684472] connect: acct=1000000, state=CONNECTING
D/dalvikvm(  455): GC_CONCURRENT freed 459K, 6% free 10054K/10631K, paused 2ms+4ms
D/ConnectivityService(  151): handleInetConditionHoldEnd: net=0, condition=100, published condition=0
W/Smack/Packet(  455): notify conn break (IOEx), close connection
D/ConnectivityService(  151): handleInetConditionHoldEnd: net=0, condition=0, published condition=100
I/EventLogService(  455): Aggregate from 1333730008836 (log), 1333730008836 (data)
I/ServiceDumpSys(  455): dumping service [account]
I/GTalkService/c(  455): [AndroidEndpoint@1094684472] connect: acct=1000000, state=CONNECTING
D/ConnectivityService(  151): handleInetConditionHoldEnd: net=0, condition=100, published condition=0
W/Smack/Packet(  455): notify conn break (IOEx), close connection
D/ConnectivityService(  151): handleInetConditionHoldEnd: net=0, condition=0, published condition=100
I/GTalkService/c(  455): [AndroidEndpoint@1094684472] connect: acct=1000000, state=CONNECTING
D/dalvikvm(  455): GC_CONCURRENT freed 478K, 7% free 10018K/10695K, paused 14ms+4ms
D/ConnectivityService(  151): handleInetConditionHoldEnd: net=0, condition=100, published condition=0
W/Smack/Packet(  455): notify conn break (IOEx), close connection
D/ConnectivityService(  151): handleInetConditionHoldEnd: net=0, condition=0, published condition=100
I/GTalkService/c(  455): [AndroidEndpoint@1094684472] connect: acct=1000000, state=CONNECTING
D/dalvikvm(  455): GC_CONCURRENT freed 387K, 7% free 10023K/10695K, paused 14ms+3ms
D/ConnectivityService(  151): handleInetConditionHoldEnd: net=0, condition=100, published condition=0
W/Smack/Packet(  455): notify conn break (IOEx), close connection
D/ConnectivityService(  151): handleInetConditionHoldEnd: net=0, condition=0, published condition=100
I/GTalkService/c(  455): [AndroidEndpoint@1094684472] connect: acct=1000000, state=CONNECTING
D/ConnectivityService(  151): handleInetConditionHoldEnd: net=0, condition=100, published condition=0
W/Smack/Packet(  455): notify conn break (IOEx), close connection
D/ConnectivityService(  151): handleInetConditionHoldEnd: net=0, condition=0, published condition=100
I/GTalkService/c(  455): [AndroidEndpoint@1094684472] connect: acct=1000000, state=CONNECTING
D/dalvikvm(  455): GC_CONCURRENT freed 372K, 6% free 10056K/10695K, paused 2ms+3ms
D/ConnectivityService(  151): handleInetConditionHoldEnd: net=0, condition=100, published condition=0
W/Smack/Packet(  455): notify conn break (IOEx), close connection
D/ConnectivityService(  151): handleInetConditionHoldEnd: net=0, condition=0, published condition=100
I/GTalkService/c(  455): [AndroidEndpoint@1094684472] connect: acct=1000000, state=CONNECTING
D/ConnectivityService(  151): handleInetConditionHoldEnd: net=0, condition=100, published condition=0
W/Smack/Packet(  455): notify conn break (IOEx), close connection
D/ConnectivityService(  151): handleInetConditionHoldEnd: net=0, condition=0, published condition=100
I/GTalkService/c(  455): [AndroidEndpoint@1094684472] connect: acct=1000000, state=CONNECTING
D/dalvikvm(  455): GC_CONCURRENT freed 430K, 7% free 10017K/10695K, paused 2ms+2ms
D/ConnectivityService(  151): handleInetConditionHoldEnd: net=0, condition=100, published condition=0
W/Smack/Packet(  455): notify conn break (IOEx), close connection
D/ConnectivityService(  151): handleInetConditionHoldEnd: net=0, condition=0, published condition=100
I/GTalkService/c(  455): [AndroidEndpoint@1094684472] connect: acct=1000000, state=CONNECTING
D/dalvikvm(  455): GC_CONCURRENT freed 391K, 7% free 10035K/10695K, paused 2ms+2ms
D/ConnectivityService(  151): handleInetConditionHoldEnd: net=0, condition=100, published condition=0
W/Smack/Packet(  455): notify conn break (IOEx), close connection
D/ConnectivityService(  151): handleInetConditionHoldEnd: net=0, condition=0, published condition=100
I/GTalkService/c(  455): [AndroidEndpoint@1094684472] connect: acct=1000000, state=CONNECTING
D/ConnectivityService(  151): handleInetConditionHoldEnd: net=0, condition=100, published condition=0
W/Smack/Packet(  455): notify conn break (IOEx), close connection
D/ConnectivityService(  151): handleInetConditionHoldEnd: net=0, condition=0, published condition=100
I/GTalkService/c(  455): [AndroidEndpoint@1094684472] connect: acct=1000000, state=CONNECTING
D/dalvikvm(  455): GC_CONCURRENT freed 386K, 6% free 10058K/10695K, paused 1ms+3ms
D/ConnectivityService(  151): handleInetConditionHoldEnd: net=0, condition=100, published condition=0
W/Smack/Packet(  455): notify conn break (IOEx), close connection
D/ConnectivityService(  151): handleInetConditionHoldEnd: net=0, condition=0, published condition=100
D/dalvikvm(  151): GC_CONCURRENT freed 890K, 11% free 13281K/14855K, paused 2ms+6ms
I/GTalkService/c(  455): [AndroidEndpoint@1094684472] connect: acct=1000000, state=CONNECTING
D/ConnectivityService(  151): handleInetConditionHoldEnd: net=0, condition=100, published condition=0
W/Smack/Packet(  455): notify conn break (IOEx), close connection
D/ConnectivityService(  151): handleInetConditionHoldEnd: net=0, condition=0, published condition=100
I/GTalkService/c(  455): [AndroidEndpoint@1094684472] connect: acct=1000000, state=CONNECTING
D/dalvikvm(  455): GC_CONCURRENT freed 414K, 7% free 10036K/10695K, paused 14ms+2ms
D/ConnectivityService(  151): handleInetConditionHoldEnd: net=0, condition=100, published condition=0
W/Smack/Packet(  455): notify conn break (IOEx), close connection
D/ConnectivityService(  151): handleInetConditionHoldEnd: net=0, condition=0, published condition=100
I/GTalkService/c(  455): [AndroidEndpoint@1094684472] connect: acct=1000000, state=CONNECTING
D/dalvikvm(  455): GC_CONCURRENT freed 389K, 7% free 10042K/10695K, paused 2ms+2ms
D/ConnectivityService(  151): handleInetConditionHoldEnd: net=0, condition=100, published condition=0
D/dalvikvm(  151): GC_EXPLICIT freed 360K, 12% free 13193K/14855K, paused 20ms+5ms
W/Smack/Packet(  455): notify conn break (IOEx), close connection
D/ConnectivityService(  151): handleInetConditionHoldEnd: net=0, condition=0, published condition=100
I/GTalkService/c(  455): [AndroidEndpoint@1094684472] connect: acct=1000000, state=CONNECTING
D/ConnectivityService(  151): handleInetConditionHoldEnd: net=0, condition=100, published condition=0
W/Smack/Packet(  455): notify conn break (IOEx), close connection
D/ConnectivityService(  151): handleInetConditionHoldEnd: net=0, condition=0, published condition=100
I/GTalkService/c(  455): [AndroidEndpoint@1094684472] connect: acct=1000000, state=CONNECTING
D/dalvikvm(  455): GC_CONCURRENT freed 379K, 6% free 10056K/10695K, paused 2ms+3ms
D/ConnectivityService(  151): handleInetConditionHoldEnd: net=0, condition=100, published condition=0
W/Smack/Packet(  455): notify conn break (IOEx), close connection
D/ConnectivityService(  151): handleInetConditionHoldEnd: net=0, condition=0, published condition=100
I/GTalkService/c(  455): [AndroidEndpoint@1094684472] connect: acct=1000000, state=CONNECTING
D/ConnectivityService(  151): handleInetConditionHoldEnd: net=0, condition=100, published condition=0
W/Smack/Packet(  455): notify conn break (IOEx), close connection
D/ConnectivityService(  151): handleInetConditionHoldEnd: net=0, condition=0, published condition=100
I/GTalkService/c(  455): [AndroidEndpoint@1094684472] connect: acct=1000000, state=CONNECTING
D/dalvikvm(  455): GC_CONCURRENT freed 416K, 7% free 10034K/10695K, paused 14ms+2ms
D/ConnectivityService(  151): handleInetConditionHoldEnd: net=0, condition=100, published condition=0
W/Smack/Packet(  455): notify conn break (IOEx), close connection
D/ConnectivityService(  151): handleInetConditionHoldEnd: net=0, condition=0, published condition=100
I/GTalkService/c(  455): [AndroidEndpoint@1094684472] connect: acct=1000000, state=CONNECTING
D/dalvikvm(  455): GC_CONCURRENT freed 386K, 7% free 10042K/10695K, paused 2ms+2ms
D/dalvikvm(  455): GC_EXPLICIT freed 38K, 7% free 10007K/10695K, paused 17ms+3ms
D/ConnectivityService(  151): handleInetConditionHoldEnd: net=0, condition=100, published condition=0
W/Smack/Packet(  455): notify conn break (IOEx), close connection
D/ConnectivityService(  151): handleInetConditionHoldEnd: net=0, condition=0, published condition=100
I/GTalkService/c(  455): [AndroidEndpoint@1094684472] connect: acct=1000000, state=CONNECTING
D/ConnectivityService(  151): handleInetConditionHoldEnd: net=0, condition=100, published condition=0
D/dalvikvm(  218): GC_CONCURRENT freed 387K, 7% free 10089K/10759K, paused 12ms+2ms
W/Smack/Packet(  455): notify conn break (IOEx), close connection
D/ConnectivityService(  151): handleInetConditionHoldEnd: net=0, condition=0, published condition=100
I/GTalkService/c(  455): [AndroidEndpoint@1094684472] connect: acct=1000000, state=CONNECTING
D/dalvikvm(  455): GC_CONCURRENT freed 341K, 6% free 10056K/10695K, paused 2ms+3ms
D/ConnectivityService(  151): handleInetConditionHoldEnd: net=0, condition=100, published condition=0
W/Smack/Packet(  455): notify conn break (IOEx), close connection
D/ConnectivityService(  151): handleInetConditionHoldEnd: net=0, condition=0, published condition=100
I/GTalkService/c(  455): [AndroidEndpoint@1094684472] connect: acct=1000000, state=CONNECTING
D/ConnectivityService(  151): handleInetConditionHoldEnd: net=0, condition=100, published condition=0
W/Smack/Packet(  455): notify conn break (IOEx), close connection
D/ConnectivityService(  151): handleInetConditionHoldEnd: net=0, condition=0, published condition=100
I/GTalkService/c(  455): [AndroidEndpoint@1094684472] connect: acct=1000000, state=CONNECTING
D/dalvikvm(  455): GC_CONCURRENT freed 417K, 7% free 10034K/10695K, paused 13ms+3ms
D/ConnectivityService(  151): handleInetConditionHoldEnd: net=0, condition=100, published condition=0
W/Smack/Packet(  455): notify conn break (IOEx), close connection
D/ConnectivityService(  151): handleInetConditionHoldEnd: net=0, condition=0, published condition=100
I/GTalkService/c(  455): [AndroidEndpoint@1094684472] connect: acct=1000000, state=CONNECTING
D/dalvikvm(  455): GC_CONCURRENT freed 384K, 7% free 10042K/10695K, paused 2ms+3ms
W/Smack/Packet(  455): notify conn break (IOEx), close connection
D/ConnectivityService(  151): handleInetConditionHoldEnd: net=0, condition=0, published condition=0
I/GTalkService/c(  455): [AndroidEndpoint@1094684472] connect: acct=1000000, state=CONNECTING
D/ConnectivityService(  151): handleInetConditionHoldEnd: net=0, condition=100, published condition=0
W/Smack/Packet(  455): notify conn break (IOEx), close connection
D/ConnectivityService(  151): handleInetConditionHoldEnd: net=0, condition=0, published condition=100
I/GTalkService/c(  455): [AndroidEndpoint@1094684472] connect: acct=1000000, state=CONNECTING
D/dalvikvm(  455): GC_CONCURRENT freed 383K, 6% free 10056K/10695K, paused 2ms+3ms
D/ConnectivityService(  151): handleInetConditionHoldEnd: net=0, condition=100, published condition=0
W/Smack/Packet(  455): notify conn break (IOEx), close connection
D/ConnectivityService(  151): handleInetConditionHoldEnd: net=0, condition=0, published condition=100
I/GTalkService/c(  455): [AndroidEndpoint@1094684472] connect: acct=1000000, state=CONNECTING
D/ConnectivityService(  151): handleInetConditionHoldEnd: net=0, condition=100, published condition=0
W/Smack/Packet(  455): notify conn break (IOEx), close connection
D/ConnectivityService(  151): handleInetConditionHoldEnd: net=0, condition=0, published condition=100
D/dalvikvm(  151): GC_CONCURRENT freed 852K, 11% free 13275K/14855K, paused 16ms+5ms
I/GTalkService/c(  455): [AndroidEndpoint@1094684472] connect: acct=1000000, state=CONNECTING
D/dalvikvm(  455): GC_CONCURRENT freed 417K, 7% free 10037K/10695K, paused 14ms+3ms
D/ConnectivityService(  151): handleInetConditionHoldEnd: net=0, condition=100, published condition=0
W/Smack/Packet(  455): notify conn break (IOEx), close connection
D/ConnectivityService(  151): handleInetConditionHoldEnd: net=0, condition=0, published condition=100
I/GTalkService/c(  455): [AndroidEndpoint@1094684472] connect: acct=1000000, state=CONNECTING
D/dalvikvm(  455): GC_CONCURRENT freed 390K, 7% free 10041K/10695K, paused 2ms+2ms
D/ConnectivityService(  151): handleInetConditionHoldEnd: net=0, condition=100, published condition=0
W/Smack/Packet(  455): notify conn break (IOEx), close connection
D/ConnectivityService(  151): handleInetConditionHoldEnd: net=0, condition=0, published condition=100
I/GTalkService/c(  455): [AndroidEndpoint@1094684472] connect: acct=1000000, state=CONNECTING
D/ConnectivityService(  151): handleInetConditionHoldEnd: net=0, condition=100, published condition=0
D/dalvikvm(  151): GC_EXPLICIT freed 481K, 12% free 13203K/14855K, paused 20ms+4ms
W/Smack/Packet(  455): notify conn break (IOEx), close connection
D/ConnectivityService(  151): handleInetConditionHoldEnd: net=0, condition=0, published condition=100
I/GTalkService/c(  455): [AndroidEndpoint@1094684472] connect: acct=1000000, state=CONNECTING
D/dalvikvm(  455): GC_CONCURRENT freed 381K, 6% free 10055K/10695K, paused 1ms+3ms
W/Smack/Packet(  455): notify conn break (IOEx), close connection
D/ConnectivityService(  151): handleInetConditionHoldEnd: net=0, condition=0, published condition=0
I/GTalkService/c(  455): [AndroidEndpoint@1094684472] connect: acct=1000000, state=CONNECTING
D/ConnectivityService(  151): handleInetConditionHoldEnd: net=0, condition=100, published condition=0
W/Smack/Packet(  455): notify conn break (IOEx), close connection
D/ConnectivityService(  151): handleInetConditionHoldEnd: net=0, condition=0, published condition=100
I/GTalkService/c(  455): [AndroidEndpoint@1094684472] connect: acct=1000000, state=CONNECTING
D/dalvikvm(  455): GC_CONCURRENT freed 415K, 7% free 10033K/10695K, paused 14ms+3ms
D/AlarmManagerService(  151): Kernel timezone updated to 240 minutes west of GMT
V/AlarmClock(  554): AlarmInitReceiver finished
D/SystemClock(  311): Setting time of day to sec=1333733391
D/ConnectivityService(  151): handleInetConditionHoldEnd: net=0, condition=100, published condition=0
W/Smack/Packet(  455): notify conn break (IOEx), close connection
D/ConnectivityService(  151): handleInetConditionHoldEnd: net=0, condition=0, published condition=100
I/GTalkService/c(  455): [AndroidEndpoint@1094684472] connect: acct=1000000, state=CONNECTING
D/dalvikvm(  455): GC_CONCURRENT freed 397K, 7% free 10035K/10695K, paused 2ms+3ms
W/Smack/Packet(  455): notify conn break (IOEx), close connection
D/ConnectivityService(  151): handleInetConditionHoldEnd: net=0, condition=0, published condition=0
I/EventLogService(  455): Aggregate from 1333731808930 (log), 1333731808930 (data)
I/ServiceDumpSys(  455): dumping service [account]
I/GTalkService/c(  455): [AndroidEndpoint@1094684472] connect: acct=1000000, state=CONNECTING
D/ConnectivityService(  151): handleInetConditionHoldEnd: net=0, condition=100, published condition=0
W/Smack/Packet(  455): notify conn break (IOEx), close connection
D/ConnectivityService(  151): handleInetConditionHoldEnd: net=0, condition=0, published condition=100
D/AlarmManagerService(  151): Kernel timezone updated to 240 minutes west of GMT
D/SystemClock(  311): Setting time of day to sec=1333733767
V/AlarmClock(  554): AlarmInitReceiver finished
D/dalvikvm(  151): GC_CONCURRENT freed 843K, 11% free 13289K/14855K, paused 2ms+5ms
I/GTalkService/c(  455): [AndroidEndpoint@1094684472] connect: acct=1000000, state=CONNECTING
D/dalvikvm(  455): GC_CONCURRENT freed 400K, 7% free 10021K/10695K, paused 1ms+3ms
W/Smack/Packet(  455): notify conn break (IOEx), close connection
D/ConnectivityService(  151): handleInetConditionHoldEnd: net=0, condition=0, published condition=0
D/dalvikvm(  218): GC_CONCURRENT freed 375K, 7% free 10101K/10759K, paused 2ms+2ms
I/GTalkService/c(  455): [AndroidEndpoint@1094684472] connect: acct=1000000, state=CONNECTING
D/dalvikvm(  455): GC_CONCURRENT freed 397K, 7% free 10033K/10695K, paused 13ms+2ms
D/ConnectivityService(  151): handleInetConditionHoldEnd: net=0, condition=100, published condition=0
W/Smack/Packet(  455): notify conn break (IOEx), close connection
D/ConnectivityService(  151): handleInetConditionHoldEnd: net=0, condition=0, published condition=100
I/GTalkService/c(  455): [AndroidEndpoint@1094684472] connect: acct=1000000, state=CONNECTING
D/ConnectivityService(  151): handleInetConditionHoldEnd: net=0, condition=100, published condition=0
W/Smack/Packet(  455): notify conn break (IOEx), close connection
D/ConnectivityService(  151): handleInetConditionHoldEnd: net=0, condition=0, published condition=100
D/dalvikvm(  151): GC_CONCURRENT freed 967K, 11% free 13267K/14855K, paused 17ms+5ms
I/GTalkService/c(  455): [AndroidEndpoint@1094684472] connect: acct=1000000, state=CONNECTING
D/dalvikvm(  455): GC_CONCURRENT freed 380K, 6% free 10060K/10695K, paused 2ms+3ms
D/ConnectivityService(  151): handleInetConditionHoldEnd: net=0, condition=100, published condition=0
W/Smack/Packet(  455): notify conn break (IOEx), close connection
D/ConnectivityService(  151): handleInetConditionHoldEnd: net=0, condition=0, published condition=100
I/CheckinService(  455): Preparing to send checkin request
I/EventLogService(  455): Accumulating logs since 1333733609051
I/CheckinTask(  455): Sending checkin request (1693 bytes)
D/dalvikvm(  455): GC_CONCURRENT freed 431K, 7% free 10016K/10695K, paused 14ms+2ms
I/CheckinTask(  455): From server: 199 gservices
I/GservicesProvider(  455): main update completed
I/ActivityManager(  151): Start proc com.google.android.partnersetup for broadcast com.google.android.partnersetup/.GservicesChangedReceiver: pid=1651 uid=10022 gids={3003}
D/dalvikvm(   79): GC_EXPLICIT freed 38K, 4% free 9029K/9347K, paused 2ms+7ms
D/dalvikvm(   79): GC_EXPLICIT freed <1K, 4% free 9029K/9347K, paused 2ms+2ms
I/ActivityThread( 1651): Pub com.google.android.partnersetup.rlzprovider: com.google.android.partnersetup.RlzProvider
I/ActivityThread( 1651): Pub com.google.android.partnersetup.rlzappprovider: com.google.android.partnersetup.RlzAppProvider
D/dalvikvm(   79): GC_EXPLICIT freed <1K, 4% free 9029K/9347K, paused 2ms+5ms
D/dalvikvm(  151): GC_EXPLICIT freed 381K, 12% free 13207K/14855K, paused 2ms+5ms
I/SystemUpdateService(  455): cancelUpdate (update URL has changed)
D/dalvikvm(  455): GC_CONCURRENT freed 296K, 6% free 10129K/10695K, paused 2ms+3ms
I/ActivityManager(  151): Start proc com.google.android.voicesearch for broadcast com.google.android.voicesearch/.GservicesBroadcastReceiver: pid=1669 uid=10056 gids={3002, 3003, 1015}
I/ActivityManager(  151): START {flg=0x10000000 cmp=com.google.android.gsf/.update.SystemUpdateInstallDialog} from pid 455
I/ActivityThread( 1669): Pub com.google.android.voicesearch: com.google.android.voicesearch.AudioProvider
I/ActivityManager(  151): START {flg=0x10000000 cmp=com.google.android.gsf/.update.SystemUpdateDownloadDialog} from pid 455
I/SystemUpdateService(  455): starting download of http://android.clients.google.com/packages/ota/google_crespo/hR7QFEtn.zip
V/SystemUpdateService(  455): retry (wakeup: true) in 21599998 ms
I/PersonalizationPrefManagerImpl( 1669): No google account found
I/VoiceImeLanguageUpdater( 1669): #internalUpdateLanguages #56
I/SystemUpdate.Download(  455): Started a new update download: http://android.clients.google.com/packages/ota/google_crespo/hR7QFEtn.zip (id 13; allowMobile=false)
I/CheckinTask(  455): Checkin success: https://android.clients.google.com/checkin (1 requests sent)
V/SystemUpdateService(  455): onPostExecute: false
D/dalvikvm(  455): GC_CONCURRENT freed 478K, 7% free 10079K/10759K, paused 4ms+3ms
I/DownloadManager(  267): Initiating request for download 13
W/DownloadManager(  267): Aborting request for download 13: download was requested to not use the current network type
D/dalvikvm(  455): GC_EXPLICIT freed 106K, 8% free 9993K/10759K, paused 8ms+3ms
W/ActivityManager(  151): Activity idle timeout for ActivityRecord{413afa48 com.google.android.gsf/.update.SystemUpdateInstallDialog}
I/ActivityManager(  151): No longer want com.google.android.music:main (pid 928): hidden #16
D/dalvikvm(  151): GC_FOR_ALLOC freed 526K, 11% free 13238K/14855K, paused 48ms
I/dalvikvm-heap(  151): Grow heap (frag case) to 13.127MB for 129616-byte allocation
D/dalvikvm(  151): GC_FOR_ALLOC freed 26K, 11% free 13338K/14983K, paused 39ms
D/dalvikvm(  311): GC_CONCURRENT freed 409K, 6% free 9513K/10055K, paused 2ms+2ms
I/GTalkService/c(  455): [AndroidEndpoint@1094684472] connect: acct=1000001, state=CONNECTING
D/ConnectivityService(  151): handleInetConditionHoldEnd: net=0, condition=100, published condition=0
W/Smack/Packet(  455): notify conn break (IOEx), close connection
D/ConnectivityService(  151): handleInetConditionHoldEnd: net=0, condition=0, published condition=100
I/GTalkService/c(  455): [AndroidEndpoint@1094684472] connect: acct=1000001, state=CONNECTING
D/dalvikvm(  455): GC_CONCURRENT freed 344K, 7% free 10055K/10759K, paused 2ms+3ms
D/ConnectivityService(  151): handleInetConditionHoldEnd: net=0, condition=100, published condition=0
W/Smack/Packet(  455): notify conn break (IOEx), close connection
D/ConnectivityService(  151): handleInetConditionHoldEnd: net=0, condition=0, published condition=100
I/GTalkService/c(  455): [AndroidEndpoint@1094684472] connect: acct=1000001, state=CONNECTING
D/ConnectivityService(  151): handleInetConditionHoldEnd: net=0, condition=100, published condition=0
W/Smack/Packet(  455): notify conn break (IOEx), close connection
D/ConnectivityService(  151): handleInetConditionHoldEnd: net=0, condition=0, published condition=100
I/GTalkService/c(  455): [AndroidEndpoint@1094684472] connect: acct=1000001, state=CONNECTING
D/dalvikvm(  455): GC_CONCURRENT freed 400K, 7% free 10049K/10759K, paused 14ms+3ms
D/ConnectivityService(  151): handleInetConditionHoldEnd: net=0, condition=100, published condition=0
W/Smack/Packet(  455): notify conn break (IOEx), close connection
D/ConnectivityService(  151): handleInetConditionHoldEnd: net=0, condition=0, published condition=100
I/GTalkService/c(  455): [AndroidEndpoint@1094684472] connect: acct=1000001, state=CONNECTING
D/dalvikvm(  455): GC_CONCURRENT freed 385K, 7% free 10057K/10759K, paused 2ms+3ms
D/ConnectivityService(  151): handleInetConditionHoldEnd: net=0, condition=100, published condition=0
W/Smack/Packet(  455): notify conn break (IOEx), close connection
D/ConnectivityService(  151): handleInetConditionHoldEnd: net=0, condition=0, published condition=100
I/EventLogService(  455): Aggregate from 1333734994097 (log), 1333733609051 (data)
I/ServiceDumpSys(  455): dumping service [account]
I/GTalkService/c(  455): [AndroidEndpoint@1094684472] connect: acct=1000001, state=CONNECTING
D/ConnectivityService(  151): handleInetConditionHoldEnd: net=0, condition=100, published condition=0
W/Smack/Packet(  455): notify conn break (IOEx), close connection
D/ConnectivityService(  151): handleInetConditionHoldEnd: net=0, condition=0, published condition=100
I/GTalkService/c(  455): [AndroidEndpoint@1094684472] connect: acct=1000001, state=CONNECTING
D/dalvikvm(  455): GC_CONCURRENT freed 395K, 7% free 10058K/10759K, paused 14ms+3ms
D/ConnectivityService(  151): handleInetConditionHoldEnd: net=0, condition=100, published condition=0
W/Smack/Packet(  455): notify conn break (IOEx), close connection
D/ConnectivityService(  151): handleInetConditionHoldEnd: net=0, condition=0, published condition=100
I/GTalkService/c(  455): [AndroidEndpoint@1094684472] connect: acct=1000001, state=CONNECTING
D/dalvikvm(  151): GC_CONCURRENT freed 994K, 12% free 13302K/14983K, paused 17ms+5ms
D/dalvikvm(  455): GC_CONCURRENT freed 394K, 7% free 10059K/10759K, paused 4ms+5ms
D/ConnectivityService(  151): handleInetConditionHoldEnd: net=0, condition=100, published condition=0
W/Smack/Packet(  455): notify conn break (IOEx), close connection
D/ConnectivityService(  151): handleInetConditionHoldEnd: net=0, condition=0, published condition=100
D/dalvikvm(  218): GC_CONCURRENT freed 388K, 7% free 10098K/10759K, paused 2ms+2ms
D/dalvikvm( 1301): GC_CONCURRENT freed 372K, 7% free 10014K/10759K, paused 1ms+2ms
I/GTalkService/c(  455): [AndroidEndpoint@1094684472] connect: acct=1000001, state=CONNECTING
D/ConnectivityService(  151): handleInetConditionHoldEnd: net=0, condition=100, published condition=0
W/Smack/Packet(  455): notify conn break (IOEx), close connection
D/ConnectivityService(  151): handleInetConditionHoldEnd: net=0, condition=0, published condition=100
I/GTalkService/c(  455): [AndroidEndpoint@1094684472] connect: acct=1000001, state=CONNECTING
D/dalvikvm(  455): GC_CONCURRENT freed 385K, 7% free 10071K/10759K, paused 2ms+3ms
D/dalvikvm(  151): GC_EXPLICIT freed 713K, 12% free 13264K/14983K, paused 20ms+5ms
D/ConnectivityService(  151): handleInetConditionHoldEnd: net=0, condition=100, published condition=0
W/Smack/Packet(  455): notify conn break (IOEx), close connection
D/ConnectivityService(  151): handleInetConditionHoldEnd: net=0, condition=0, published condition=100
I/GTalkService/c(  455): [AndroidEndpoint@1094684472] connect: acct=1000001, state=CONNECTING
D/ConnectivityService(  151): handleInetConditionHoldEnd: net=0, condition=100, published condition=0
W/Smack/Packet(  455): notify conn break (IOEx), close connection
D/ConnectivityService(  151): handleInetConditionHoldEnd: net=0, condition=0, published condition=100
I/GTalkService/c(  455): [AndroidEndpoint@1094684472] connect: acct=1000001, state=CONNECTING
D/dalvikvm(  455): GC_CONCURRENT freed 426K, 7% free 10032K/10759K, paused 1ms+2ms
D/ConnectivityService(  151): handleInetConditionHoldEnd: net=0, condition=100, published condition=0
W/Smack/Packet(  455): notify conn break (IOEx), close connection
D/ConnectivityService(  151): handleInetConditionHoldEnd: net=0, condition=0, published condition=100
I/GTalkService/c(  455): [AndroidEndpoint@1094684472] connect: acct=1000001, state=CONNECTING
D/dalvikvm(  455): GC_CONCURRENT freed 393K, 7% free 10054K/10759K, paused 15ms+3ms
D/ConnectivityService(  151): handleInetConditionHoldEnd: net=0, condition=100, published condition=0
W/Smack/Packet(  455): notify conn break (IOEx), close connection
D/ConnectivityService(  151): handleInetConditionHoldEnd: net=0, condition=0, published condition=100
I/GTalkService/c(  455): [AndroidEndpoint@1094684472] connect: acct=1000001, state=CONNECTING
D/ConnectivityService(  151): handleInetConditionHoldEnd: net=0, condition=100, published condition=0
W/Smack/Packet(  455): notify conn break (IOEx), close connection
D/ConnectivityService(  151): handleInetConditionHoldEnd: net=0, condition=0, published condition=100
I/GTalkService/c(  455): [AndroidEndpoint@1094684472] connect: acct=1000001, state=CONNECTING
D/dalvikvm(  455): GC_CONCURRENT freed 384K, 7% free 10071K/10759K, paused 2ms+3ms
D/ConnectivityService(  151): handleInetConditionHoldEnd: net=0, condition=100, published condition=0
I/ActivityManager(  151): No longer want com.android.settings (pid 470): hidden #16
W/Smack/Packet(  455): notify conn break (IOEx), close connection
D/ConnectivityService(  151): handleInetConditionHoldEnd: net=0, condition=0, published condition=100
I/GTalkService/c(  455): [AndroidEndpoint@1094684472] connect: acct=1000001, state=CONNECTING
D/ConnectivityService(  151): handleInetConditionHoldEnd: net=0, condition=100, published condition=0
W/Smack/Packet(  455): notify conn break (IOEx), close connection
D/ConnectivityService(  151): handleInetConditionHoldEnd: net=0, condition=0, published condition=100
I/GTalkService/c(  455): [AndroidEndpoint@1094684472] connect: acct=1000001, state=CONNECTING
D/dalvikvm(  455): GC_CONCURRENT freed 417K, 7% free 10051K/10759K, paused 1ms+3ms
D/ConnectivityService(  151): handleInetConditionHoldEnd: net=0, condition=100, published condition=0
W/Smack/Packet(  455): notify conn break (IOEx), close connection
D/ConnectivityService(  151): handleInetConditionHoldEnd: net=0, condition=0, published condition=100
I/GTalkService/c(  455): [AndroidEndpoint@1094684472] connect: acct=1000001, state=CONNECTING
D/dalvikvm(  455): GC_CONCURRENT freed 386K, 7% free 10059K/10759K, paused 1ms+3ms
W/Smack/Packet(  455): notify conn break (IOEx), close connection
D/ConnectivityService(  151): handleInetConditionHoldEnd: net=0, condition=100, published condition=0
D/ConnectivityService(  151): handleInetConditionHoldEnd: net=0, condition=0, published condition=100
D/dalvikvm(  151): GC_CONCURRENT freed 931K, 12% free 13275K/14983K, paused 2ms+5ms
I/GTalkService/c(  455): [AndroidEndpoint@1094684472] connect: acct=1000001, state=CONNECTING
D/ConnectivityService(  151): handleInetConditionHoldEnd: net=0, condition=100, published condition=0
W/Smack/Packet(  455): notify conn break (IOEx), close connection
D/ConnectivityService(  151): handleInetConditionHoldEnd: net=0, condition=0, published condition=100
I/GTalkService/c(  455): [AndroidEndpoint@1094684472] connect: acct=1000001, state=CONNECTING
D/dalvikvm(  455): GC_CONCURRENT freed 382K, 7% free 10072K/10759K, paused 2ms+3ms
D/ConnectivityService(  151): handleInetConditionHoldEnd: net=0, condition=100, published condition=0
W/Smack/Packet(  455): notify conn break (IOEx), close connection
D/ConnectivityService(  151): handleInetConditionHoldEnd: net=0, condition=0, published condition=100
I/GTalkService/c(  455): [AndroidEndpoint@1094684472] connect: acct=1000001, state=CONNECTING
D/ConnectivityService(  151): handleInetConditionHoldEnd: net=0, condition=100, published condition=0
W/Smack/Packet(  455): notify conn break (IOEx), close connection
D/ConnectivityService(  151): handleInetConditionHoldEnd: net=0, condition=0, published condition=100
I/GTalkService/c(  455): [AndroidEndpoint@1094684472] connect: acct=1000001, state=CONNECTING
D/dalvikvm(  455): GC_CONCURRENT freed 413K, 7% free 10046K/10759K, paused 14ms+3ms
D/ConnectivityService(  151): handleInetConditionHoldEnd: net=0, condition=100, published condition=0
W/Smack/Packet(  455): notify conn break (IOEx), close connection
D/ConnectivityService(  151): handleInetConditionHoldEnd: net=0, condition=0, published condition=100
I/GTalkService/c(  455): [AndroidEndpoint@1094684472] connect: acct=1000001, state=CONNECTING
D/dalvikvm(  455): GC_CONCURRENT freed 387K, 7% free 10050K/10759K, paused 2ms+4ms
D/ConnectivityService(  151): handleInetConditionHoldEnd: net=0, condition=100, published condition=0
W/Smack/Packet(  455): notify conn break (IOEx), close connection
D/ConnectivityService(  151): handleInetConditionHoldEnd: net=0, condition=0, published condition=100
I/GTalkService/c(  455): [AndroidEndpoint@1094684472] connect: acct=1000001, state=CONNECTING
D/ConnectivityService(  151): handleInetConditionHoldEnd: net=0, condition=100, published condition=0
W/Smack/Packet(  455): notify conn break (IOEx), close connection
D/ConnectivityService(  151): handleInetConditionHoldEnd: net=0, condition=0, published condition=100
I/GTalkService/c(  455): [AndroidEndpoint@1094684472] connect: acct=1000001, state=CONNECTING
D/dalvikvm(  455): GC_CONCURRENT freed 383K, 7% free 10074K/10759K, paused 2ms+2ms
D/dalvikvm(  151): GC_EXPLICIT freed 442K, 12% free 13247K/14983K, paused 20ms+5ms
D/ConnectivityService(  151): handleInetConditionHoldEnd: net=0, condition=100, published condition=0
W/Smack/Packet(  455): notify conn break (IOEx), close connection
D/ConnectivityService(  151): handleInetConditionHoldEnd: net=0, condition=0, published condition=100
I/EventLogService(  455): Aggregate from 1333735409162 (log), 1333735409162 (data)
I/dalvikvm(  455): Jit: resizing JitTable from 4096 to 8192
I/ServiceDumpSys(  455): dumping service [account]
I/GTalkService/c(  455): [AndroidEndpoint@1094684472] connect: acct=1000001, state=CONNECTING
D/dalvikvm(  455): GC_CONCURRENT freed 399K, 7% free 10064K/10759K, paused 14ms+3ms
D/ConnectivityService(  151): handleInetConditionHoldEnd: net=0, condition=100, published condition=0
W/Smack/Packet(  455): notify conn break (IOEx), close connection
D/ConnectivityService(  151): handleInetConditionHoldEnd: net=0, condition=0, published condition=100
D/AlarmManagerService(  151): Kernel timezone updated to 240 minutes west of GMT
V/AlarmClock(  554): AlarmInitReceiver finished
D/dalvikvm(  914): GC_CONCURRENT freed 274K, 5% free 9198K/9607K, paused 2ms+2ms
D/SystemClock(  311): Setting time of day to sec=1333737370
I/GTalkService/c(  455): [AndroidEndpoint@1094684472] connect: acct=1000001, state=CONNECTING
D/ConnectivityService(  151): handleInetConditionHoldEnd: net=0, condition=100, published condition=0
W/Smack/Packet(  455): notify conn break (IOEx), close connection
D/ConnectivityService(  151): handleInetConditionHoldEnd: net=0, condition=0, published condition=100
I/GTalkService/c(  455): [AndroidEndpoint@1094684472] connect: acct=1000001, state=CONNECTING
D/dalvikvm(  455): GC_CONCURRENT freed 397K, 7% free 10072K/10759K, paused 2ms+2ms
D/ConnectivityService(  151): handleInetConditionHoldEnd: net=0, condition=100, published condition=0
W/Smack/Packet(  455): notify conn break (IOEx), close connection
D/ConnectivityService(  151): handleInetConditionHoldEnd: net=0, condition=0, published condition=100
I/GTalkService/c(  455): [AndroidEndpoint@1094684472] connect: acct=1000001, state=CONNECTING
D/ConnectivityService(  151): handleInetConditionHoldEnd: net=0, condition=100, published condition=0
D/dalvikvm(  218): GC_CONCURRENT freed 384K, 7% free 10099K/10759K, paused 2ms+3ms
W/Smack/Packet(  455): notify conn break (IOEx), close connection
D/ConnectivityService(  151): handleInetConditionHoldEnd: net=0, condition=0, published condition=100
I/GTalkService/c(  455): [AndroidEndpoint@1094684472] connect: acct=1000001, state=CONNECTING
D/dalvikvm(  455): GC_CONCURRENT freed 414K, 7% free 10051K/10759K, paused 14ms+3ms
D/ConnectivityService(  151): handleInetConditionHoldEnd: net=0, condition=100, published condition=0
W/Smack/Packet(  455): notify conn break (IOEx), close connection
D/ConnectivityService(  151): handleInetConditionHoldEnd: net=0, condition=0, published condition=100
I/GTalkService/c(  455): [AndroidEndpoint@1094684472] connect: acct=1000001, state=CONNECTING
D/dalvikvm(  455): GC_CONCURRENT freed 386K, 7% free 10059K/10759K, paused 2ms+2ms
D/ConnectivityService(  151): handleInetConditionHoldEnd: net=0, condition=100, published condition=0
W/Smack/Packet(  455): notify conn break (IOEx), close connection
D/ConnectivityService(  151): handleInetConditionHoldEnd: net=0, condition=0, published condition=100
I/GTalkService/c(  455): [AndroidEndpoint@1094684472] connect: acct=1000001, state=CONNECTING
D/ConnectivityService(  151): handleInetConditionHoldEnd: net=0, condition=100, published condition=0
W/Smack/Packet(  455): notify conn break (IOEx), close connection
D/ConnectivityService(  151): handleInetConditionHoldEnd: net=0, condition=0, published condition=100
I/GTalkService/c(  455): [AndroidEndpoint@1094684472] connect: acct=1000001, state=CONNECTING
D/dalvikvm(  455): GC_CONCURRENT freed 381K, 7% free 10073K/10759K, paused 2ms+3ms
D/ConnectivityService(  151): handleInetConditionHoldEnd: net=0, condition=100, published condition=0
W/Smack/Packet(  455): notify conn break (IOEx), close connection
D/ConnectivityService(  151): handleInetConditionHoldEnd: net=0, condition=0, published condition=100
I/GTalkService/c(  455): [AndroidEndpoint@1094684472] connect: acct=1000001, state=CONNECTING
D/ConnectivityService(  151): handleInetConditionHoldEnd: net=0, condition=100, published condition=0
W/Smack/Packet(  455): notify conn break (IOEx), close connection
D/ConnectivityService(  151): handleInetConditionHoldEnd: net=0, condition=0, published condition=100
D/dalvikvm(  151): GC_CONCURRENT freed 889K, 12% free 13299K/14983K, paused 2ms+5ms
I/GTalkService/c(  455): [AndroidEndpoint@1094684472] connect: acct=1000001, state=CONNECTING
D/dalvikvm(  455): GC_CONCURRENT freed 413K, 7% free 10047K/10759K, paused 14ms+3ms
D/ConnectivityService(  151): handleInetConditionHoldEnd: net=0, condition=100, published condition=0
W/Smack/Packet(  455): notify conn break (IOEx), close connection
D/ConnectivityService(  151): handleInetConditionHoldEnd: net=0, condition=0, published condition=100
I/GTalkService/c(  455): [AndroidEndpoint@1094684472] connect: acct=1000001, state=CONNECTING
D/dalvikvm(  455): GC_CONCURRENT freed 388K, 7% free 10050K/10759K, paused 1ms+2ms
D/ConnectivityService(  151): handleInetConditionHoldEnd: net=0, condition=100, published condition=0
D/dalvikvm(  311): GC_CONCURRENT freed 419K, 6% free 9513K/10055K, paused 2ms+2ms
D/dalvikvm(  151): GC_CONCURRENT freed 988K, 12% free 13259K/14983K, paused 16ms+5ms
I/EventLogService(  455): Aggregate from 1333737209281 (log), 1333737209281 (data)
I/ServiceDumpSys(  455): dumping service [account]
D/dalvikvm(  151): GC_EXPLICIT freed 400K, 12% free 13220K/14983K, paused 2ms+5ms
W/Smack/Packet(  455): notify conn break (IOEx), close connection
I/qtaguid (  455): Failed write_ctrl(u 68) res=-1 errno=22
I/qtaguid (  455): Untagging socket 68 failed errno=-22
W/NetworkManagementSocketTagger(  455): untagSocket(68) failed with errno -22
D/ConnectivityService(  151): handleInetConditionHoldEnd: net=0, condition=0, published condition=100
I/GTalkService/c(  455): [AndroidEndpoint@1094684472] connect: acct=1000001, state=CONNECTING
W/Smack/Packet(  455): notify conn break (IOEx), close connection
D/ConnectivityService(  151): handleInetConditionHoldEnd: net=0, condition=0, published condition=0
I/GTalkService/c(  455): [AndroidEndpoint@1094684472] connect: acct=1000001, state=CONNECTING
D/dalvikvm(  455): GC_CONCURRENT freed 402K, 7% free 10041K/10759K, paused 14ms+3ms
D/ConnectivityService(  151): handleInetConditionHoldEnd: net=0, condition=100, published condition=0
W/Smack/Packet(  455): notify conn break (IOEx), close connection
D/ConnectivityService(  151): handleInetConditionHoldEnd: net=0, condition=0, published condition=100
I/GTalkService/c(  455): [AndroidEndpoint@1094684472] connect: acct=1000001, state=CONNECTING
D/dalvikvm(  455): GC_CONCURRENT freed 398K, 7% free 10053K/10759K, paused 2ms+3ms
D/ConnectivityService(  151): handleInetConditionHoldEnd: net=0, condition=100, published condition=0
W/Smack/Packet(  455): notify conn break (IOEx), close connection
D/ConnectivityService(  151): handleInetConditionHoldEnd: net=0, condition=0, published condition=100
I/GTalkService/c(  455): [AndroidEndpoint@1094684472] connect: acct=1000001, state=CONNECTING
D/ConnectivityService(  151): handleInetConditionHoldEnd: net=0, condition=100, published condition=0
W/Smack/Packet(  455): notify conn break (IOEx), close connection
D/ConnectivityService(  151): handleInetConditionHoldEnd: net=0, condition=0, published condition=100
I/GTalkService/c(  455): [AndroidEndpoint@1094684472] connect: acct=1000001, state=CONNECTING
D/dalvikvm(  455): GC_CONCURRENT freed 386K, 7% free 10073K/10759K, paused 2ms+3ms
D/ConnectivityService(  151): handleInetConditionHoldEnd: net=0, condition=100, published condition=0
W/Smack/Packet(  455): notify conn break (IOEx), close connection
D/ConnectivityService(  151): handleInetConditionHoldEnd: net=0, condition=0, published condition=100
D/dalvikvm(  218): GC_CONCURRENT freed 385K, 7% free 10102K/10759K, paused 1ms+3ms
I/GTalkService/c(  455): [AndroidEndpoint@1094684472] connect: acct=1000001, state=CONNECTING
D/ConnectivityService(  151): handleInetConditionHoldEnd: net=0, condition=100, published condition=0
W/Smack/Packet(  455): notify conn break (IOEx), close connection
D/ConnectivityService(  151): handleInetConditionHoldEnd: net=0, condition=0, published condition=100
I/GTalkService/c(  455): [AndroidEndpoint@1094684472] connect: acct=1000001, state=CONNECTING
D/dalvikvm(  455): GC_CONCURRENT freed 413K, 7% free 10054K/10759K, paused 14ms+3ms
D/ConnectivityService(  151): handleInetConditionHoldEnd: net=0, condition=100, published condition=0
W/Smack/Packet(  455): notify conn break (IOEx), close connection
D/ConnectivityService(  151): handleInetConditionHoldEnd: net=0, condition=0, published condition=100
I/GTalkService/c(  455): [AndroidEndpoint@1094684472] connect: acct=1000001, state=CONNECTING
D/dalvikvm(  455): GC_CONCURRENT freed 384K, 7% free 10063K/10759K, paused 1ms+3ms
D/ConnectivityService(  151): handleInetConditionHoldEnd: net=0, condition=100, published condition=0
W/Smack/Packet(  455): notify conn break (IOEx), close connection
D/ConnectivityService(  151): handleInetConditionHoldEnd: net=0, condition=0, published condition=100
I/GTalkService/c(  455): [AndroidEndpoint@1094684472] connect: acct=1000001, state=CONNECTING
W/Smack/Packet(  455): notify conn break (IOEx), close connection
D/ConnectivityService(  151): handleInetConditionHoldEnd: net=0, condition=0, published condition=0
D/dalvikvm(  151): GC_CONCURRENT freed 873K, 12% free 13279K/14983K, paused 3ms+6ms
I/GTalkService/c(  455): [AndroidEndpoint@1094684472] connect: acct=1000001, state=CONNECTING
D/dalvikvm(  455): GC_CONCURRENT freed 383K, 7% free 10076K/10759K, paused 2ms+3ms
D/ConnectivityService(  151): handleInetConditionHoldEnd: net=0, condition=100, published condition=0
W/Smack/Packet(  455): notify conn break (IOEx), close connection
D/ConnectivityService(  151): handleInetConditionHoldEnd: net=0, condition=0, published condition=100
I/GTalkService/c(  455): [AndroidEndpoint@1094684472] connect: acct=1000001, state=CONNECTING
D/ConnectivityService(  151): handleInetConditionHoldEnd: net=0, condition=100, published condition=0
W/Smack/Packet(  455): notify conn break (IOEx), close connection
D/ConnectivityService(  151): handleInetConditionHoldEnd: net=0, condition=0, published condition=100
I/GTalkService/c(  455): [AndroidEndpoint@1094684472] connect: acct=1000001, state=CONNECTING
D/dalvikvm(  455): GC_CONCURRENT freed 414K, 7% free 10049K/10759K, paused 13ms+3ms
D/dalvikvm(  455): GC_EXPLICIT freed 188K, 7% free 10029K/10759K, paused 17ms+3ms
D/ConnectivityService(  151): handleInetConditionHoldEnd: net=0, condition=100, published condition=0
W/Smack/Packet(  455): notify conn break (IOEx), close connection
D/ConnectivityService(  151): handleInetConditionHoldEnd: net=0, condition=0, published condition=100
I/GTalkService/c(  455): [AndroidEndpoint@1094684472] connect: acct=1000001, state=CONNECTING
D/ConnectivityService(  151): handleInetConditionHoldEnd: net=0, condition=100, published condition=0
W/Smack/Packet(  455): notify conn break (IOEx), close connection
D/ConnectivityService(  151): handleInetConditionHoldEnd: net=0, condition=0, published condition=100
I/GTalkService/c(  455): [AndroidEndpoint@1094684472] connect: acct=1000001, state=CONNECTING
D/dalvikvm(  455): GC_CONCURRENT freed 343K, 7% free 10077K/10759K, paused 2ms+3ms
D/ConnectivityService(  151): handleInetConditionHoldEnd: net=0, condition=100, published condition=0
W/Smack/Packet(  455): notify conn break (IOEx), close connection
D/ConnectivityService(  151): handleInetConditionHoldEnd: net=0, condition=0, published condition=100
I/GTalkService/c(  455): [AndroidEndpoint@1094684472] connect: acct=1000001, state=CONNECTING
D/dalvikvm(  151): GC_EXPLICIT freed 485K, 12% free 13233K/14983K, paused 19ms+5ms
D/ConnectivityService(  151): handleInetConditionHoldEnd: net=0, condition=100, published condition=0
W/Smack/Packet(  455): notify conn break (IOEx), close connection
D/ConnectivityService(  151): handleInetConditionHoldEnd: net=0, condition=0, published condition=100
I/GTalkService/c(  455): [AndroidEndpoint@1094684472] connect: acct=1000001, state=CONNECTING
D/dalvikvm(  455): GC_CONCURRENT freed 414K, 7% free 10052K/10759K, paused 14ms+2ms
W/Smack/Packet(  455): notify conn break (IOEx), close connection
D/ConnectivityService(  151): handleInetConditionHoldEnd: net=0, condition=0, published condition=0
I/GTalkService/c(  455): [AndroidEndpoint@1094684472] connect: acct=1000001, state=CONNECTING
D/dalvikvm(  455): GC_CONCURRENT freed 388K, 7% free 10055K/10759K, paused 2ms+2ms
D/ConnectivityService(  151): handleInetConditionHoldEnd: net=0, condition=100, published condition=0
W/Smack/Packet(  455): notify conn break (IOEx), close connection
D/ConnectivityService(  151): handleInetConditionHoldEnd: net=0, condition=0, published condition=100
I/GTalkService/c(  455): [AndroidEndpoint@1094684472] connect: acct=1000001, state=CONNECTING
D/ConnectivityService(  151): handleInetConditionHoldEnd: net=0, condition=100, published condition=0
I/EventLogService(  455): Aggregate from 1333739009398 (log), 1333739009398 (data)
I/ServiceDumpSys(  455): dumping service [account]
W/Smack/Packet(  455): notify conn break (IOEx), close connection
D/ConnectivityService(  151): handleInetConditionHoldEnd: net=0, condition=0, published condition=100
I/GTalkService/c(  455): [AndroidEndpoint@1094684472] connect: acct=1000001, state=CONNECTING
D/dalvikvm(  455): GC_CONCURRENT freed 393K, 7% free 10058K/10759K, paused 14ms+3ms
D/ConnectivityService(  151): handleInetConditionHoldEnd: net=0, condition=100, published condition=0
W/Smack/Packet(  455): notify conn break (IOEx), close connection
D/ConnectivityService(  151): handleInetConditionHoldEnd: net=0, condition=0, published condition=100
I/GTalkService/c(  455): [AndroidEndpoint@1094684472] connect: acct=1000001, state=CONNECTING
D/dalvikvm(  455): GC_CONCURRENT freed 387K, 7% free 10062K/10759K, paused 2ms+3ms
D/ConnectivityService(  151): handleInetConditionHoldEnd: net=0, condition=100, published condition=0
W/Smack/Packet(  455): notify conn break (IOEx), close connection
D/ConnectivityService(  151): handleInetConditionHoldEnd: net=0, condition=0, published condition=100
I/GTalkService/c(  455): [AndroidEndpoint@1094684472] connect: acct=1000001, state=CONNECTING
D/ConnectivityService(  151): handleInetConditionHoldEnd: net=0, condition=100, published condition=0
D/dalvikvm(  151): GC_CONCURRENT freed 885K, 12% free 13275K/14983K, paused 2ms+5ms
W/Smack/Packet(  455): notify conn break (IOEx), close connection
D/ConnectivityService(  151): handleInetConditionHoldEnd: net=0, condition=0, published condition=100
I/GTalkService/c(  455): [AndroidEndpoint@1094684472] connect: acct=1000001, state=CONNECTING
D/dalvikvm(  455): GC_CONCURRENT freed 380K, 7% free 10077K/10759K, paused 1ms+2ms
D/ConnectivityService(  151): handleInetConditionHoldEnd: net=0, condition=100, published condition=0
W/Smack/Packet(  455): notify conn break (IOEx), close connection
D/ConnectivityService(  151): handleInetConditionHoldEnd: net=0, condition=0, published condition=100
I/GTalkService/c(  455): [AndroidEndpoint@1094684472] connect: acct=1000001, state=CONNECTING
D/ConnectivityService(  151): handleInetConditionHoldEnd: net=0, condition=100, published condition=0
D/AlarmManagerService(  151): Kernel timezone updated to 240 minutes west of GMT
V/AlarmClock(  554): AlarmInitReceiver finished
D/SystemClock(  311): Setting time of day to sec=1333740972
D/dalvikvm(  218): GC_CONCURRENT freed 387K, 7% free 10103K/10759K, paused 1ms+3ms
D/dalvikvm(  311): GC_CONCURRENT freed 415K, 6% free 9511K/10055K, paused 2ms+2ms
D/dalvikvm(  151): GC_CONCURRENT freed 960K, 12% free 13272K/14983K, paused 17ms+5ms
I/CheckinService(  455): Preparing to send checkin request
I/EventLogService(  455): Accumulating logs since 1333740809516
D/dalvikvm(  455): GC_CONCURRENT freed 390K, 7% free 10071K/10759K, paused 2ms+2ms
I/CheckinTask(  455): Sending checkin request (1734 bytes)
