I/NetworkThread( 1127): 1333728792569: Received UDP payload: 949
I/Mux     ( 1127): 1333728792577: GOT CSM_Msg
I/VCoreDaemon( 1127): 1333728792583: nonce 335 heard from src region (2,0)
I/VCoreDaemon( 1127): 1333728792584: Forwarding Atom because it's closer.
I/Mux     ( 1127): 1333728792584: I got a CSM packet at a leader 
I/NetworkThread( 1127): 1333728792587: Sending UDP payload: 949
I/VCoreDaemon( 1127): 1333728792599: nonce 335 heard from src region (2,0)
I/VCoreDaemon( 1127): 1333728792600: Received Atom already forwarded, ignoring...
I/NetworkThread( 1127): 1333728792672: Received UDP payload: 949
I/Mux     ( 1127): 1333728792675: GOT CSM_Msg
I/VCoreDaemon( 1127): 1333728792675: nonce 336 heard from src region (2,0)
I/VCoreDaemon( 1127): 1333728792675: Forwarding Atom because it's closer.
I/Mux     ( 1127): 1333728792675: I got a CSM packet at a leader 
I/NetworkThread( 1127): 1333728792677: Sending UDP payload: 949
I/VCoreDaemon( 1127): 1333728792677: nonce 336 heard from src region (2,0)
I/VCoreDaemon( 1127): 1333728792678: Received Atom already forwarded, ignoring...
I/NetworkThread( 1127): 1333728792773: Received UDP payload: 949
I/Mux     ( 1127): 1333728792782: GOT CSM_Msg
I/VCoreDaemon( 1127): 1333728792782: nonce 337 heard from src region (2,0)
I/VCoreDaemon( 1127): 1333728792783: Forwarding Atom because it's closer.
I/Mux     ( 1127): 1333728792783: I got a CSM packet at a leader 
I/NetworkThread( 1127): 1333728792786: Sending UDP payload: 949
I/VCoreDaemon( 1127): 1333728792791: nonce 337 heard from src region (2,0)
I/VCoreDaemon( 1127): 1333728792791: Received Atom already forwarded, ignoring...
W/NetworkStats(  151): dropping UID delta from unknown iface: iface=wlan0 uid=10065 set=FOREGROUND tag=0x0 rxBytes=110732 rxPackets=46 txBytes=89890 txPackets=23 operations=0
I/NetworkThread( 1127): 1333728792884: Received UDP payload: 949
I/Mux     ( 1127): 1333728792887: GOT CSM_Msg
I/VCoreDaemon( 1127): 1333728792888: nonce 338 heard from src region (2,0)
I/VCoreDaemon( 1127): 1333728792888: Forwarding Atom because it's closer.
I/Mux     ( 1127): 1333728792888: I got a CSM packet at a leader 
I/NetworkThread( 1127): 1333728792889: Sending UDP payload: 949
I/VCoreDaemon( 1127): 1333728792894: nonce 338 heard from src region (2,0)
I/VCoreDaemon( 1127): 1333728792894: Received Atom already forwarded, ignoring...
I/NetworkThread( 1127): 1333728792997: Received UDP payload: 949
I/Mux     ( 1127): 1333728793022: GOT CSM_Msg
I/VCoreDaemon( 1127): 1333728793023: nonce 339 heard from src region (2,0)
I/VCoreDaemon( 1127): 1333728793023: Forwarding Atom because it's closer.
I/Mux     ( 1127): 1333728793023: I got a CSM packet at a leader 
I/NetworkThread( 1127): 1333728793030: Sending UDP payload: 949
I/VCoreDaemon( 1127): 1333728793037: nonce 339 heard from src region (2,0)
I/VCoreDaemon( 1127): 1333728793037: Received Atom already forwarded, ignoring...
I/NetworkThread( 1127): 1333728793071: Received UDP payload: 949
I/Mux     ( 1127): 1333728793084: GOT CSM_Msg
I/VCoreDaemon( 1127): 1333728793084: nonce 340 heard from src region (2,0)
I/VCoreDaemon( 1127): 1333728793084: Forwarding Atom because it's closer.
I/Mux     ( 1127): 1333728793084: I got a CSM packet at a leader 
I/NetworkThread( 1127): 1333728793086: Sending UDP payload: 949
I/VCoreDaemon( 1127): 1333728793086: nonce 340 heard from src region (2,0)
I/VCoreDaemon( 1127): 1333728793086: Received Atom already forwarded, ignoring...
D/dalvikvm( 1127): GC_CONCURRENT freed 552K, 32% free 11037K/16007K, paused 2ms+4ms
I/NetworkThread( 1127): 1333728793178: Received UDP payload: 949
I/Mux     ( 1127): 1333728793191: GOT CSM_Msg
I/VCoreDaemon( 1127): 1333728793192: nonce 341 heard from src region (2,0)
I/VCoreDaemon( 1127): 1333728793192: Forwarding Atom because it's closer.
I/Mux     ( 1127): 1333728793192: I got a CSM packet at a leader 
I/NetworkThread( 1127): 1333728793197: Sending UDP payload: 949
I/VCoreDaemon( 1127): 1333728793198: nonce 341 heard from src region (2,0)
I/VCoreDaemon( 1127): 1333728793198: Received Atom already forwarded, ignoring...
I/NetworkThread( 1127): 1333728793275: Received UDP payload: 949
I/Mux     ( 1127): 1333728793279: GOT CSM_Msg
I/VCoreDaemon( 1127): 1333728793279: nonce 342 heard from src region (2,0)
I/VCoreDaemon( 1127): 1333728793279: Forwarding Atom because it's closer.
I/Mux     ( 1127): 1333728793280: I got a CSM packet at a leader 
I/NetworkThread( 1127): 1333728793281: Sending UDP payload: 949
I/VCoreDaemon( 1127): 1333728793282: nonce 342 heard from src region (2,0)
I/VCoreDaemon( 1127): 1333728793282: Received Atom already forwarded, ignoring...
I/NetworkThread( 1127): 1333728793488: Received UDP payload: 949
I/Mux     ( 1127): 1333728793529: GOT CSM_Msg
I/VCoreDaemon( 1127): 1333728793530: nonce 344 heard from src region (2,0)
I/VCoreDaemon( 1127): 1333728793531: Forwarding Atom because it's closer.
I/Mux     ( 1127): 1333728793532: I got a CSM packet at a leader 
I/NetworkThread( 1127): 1333728793540: Sending UDP payload: 949
I/VCoreDaemon( 1127): 1333728793552: nonce 344 heard from src region (2,0)
I/VCoreDaemon( 1127): 1333728793552: Received Atom already forwarded, ignoring...
I/NetworkThread( 1127): 1333728793685: Received UDP payload: 949
I/Mux     ( 1127): 1333728793696: GOT CSM_Msg
I/VCoreDaemon( 1127): 1333728793697: nonce 346 heard from src region (2,0)
I/VCoreDaemon( 1127): 1333728793697: Forwarding Atom because it's closer.
I/Mux     ( 1127): 1333728793698: I got a CSM packet at a leader 
I/NetworkThread( 1127): 1333728793709: Sending UDP payload: 949
I/VCoreDaemon( 1127): 1333728793710: nonce 346 heard from src region (2,0)
I/VCoreDaemon( 1127): 1333728793711: Received Atom already forwarded, ignoring...
I/NetworkThread( 1127): 1333728793786: Received UDP payload: 770
I/Mux     ( 1127): 1333728793793: GOT CSM_Msg
I/VCoreDaemon( 1127): 1333728793794: nonce 347 heard from src region (0,0)
I/VCoreDaemon( 1127): 1333728793794: Received Atom already forwarded, ignoring...
I/NetworkThread( 1127): 1333728794926: Received UDP payload: 406
D/dalvikvm(  455): GC_CONCURRENT freed 411K, 6% free 9965K/10503K, paused 2ms+3ms
I/VCoreDaemon( 1127): 1333728797163: inside sendPacket(Packet p)
I/NetworkThread( 1127): 1333728797185: Sending UDP payload: 406
D/ConnectivityService(  151): handleInetConditionHoldEnd: net=0, condition=100, published condition=0
I/NetworkThread( 1127): 1333728801859: Received UDP payload: 949
I/Mux     ( 1127): 1333728801867: GOT CSM_Msg
I/VCoreDaemon( 1127): 1333728801868: nonce 348 heard from src region (2,0)
I/VCoreDaemon( 1127): 1333728802140: leader to cloud hearbeat...
I/VNC:Cloud( 1127): Executing makeRequest: http://hermes5.csail.mit.edu:8212/take/1/0/5103/1333728802140/
I/NetworkThread( 1127): 1333728802214: Received UDP payload: 406
I/NetworkThread( 1127): 1333728802656: Received UDP payload: 949
I/Mux     ( 1127): 1333728802703: GOT CSM_Msg
I/VCoreDaemon( 1127): 1333728802703: nonce 349 heard from src region (2,0)
I/NetworkThread( 1127): 1333728802756: Received UDP payload: 949
I/Mux     ( 1127): 1333728802759: GOT CSM_Msg
I/VCoreDaemon( 1127): 1333728802759: nonce 350 heard from src region (2,0)
I/NetworkThread( 1127): 1333728802858: Received UDP payload: 949
I/Mux     ( 1127): 1333728802862: GOT CSM_Msg
I/VCoreDaemon( 1127): 1333728802863: nonce 351 heard from src region (2,0)
I/NetworkThread( 1127): 1333728802960: Received UDP payload: 949
I/Mux     ( 1127): 1333728802965: GOT CSM_Msg
I/VCoreDaemon( 1127): 1333728802965: nonce 352 heard from src region (2,0)
I/NetworkThread( 1127): 1333728803370: Received UDP payload: 949
I/Mux     ( 1127): 1333728803430: GOT CSM_Msg
I/VCoreDaemon( 1127): 1333728803434: nonce 356 heard from src region (2,0)
I/NetworkThread( 1127): 1333728803671: Received UDP payload: 949
I/Mux     ( 1127): 1333728803752: GOT CSM_Msg
I/VCoreDaemon( 1127): 1333728803752: nonce 359 heard from src region (2,0)
I/NetworkThread( 1127): 1333728803772: Received UDP payload: 949
I/Mux     ( 1127): 1333728803777: GOT CSM_Msg
I/VCoreDaemon( 1127): 1333728803778: nonce 360 heard from src region (2,0)
I/NetworkThread( 1127): 1333728803981: Received UDP payload: 770
I/Mux     ( 1127): 1333728803992: GOT CSM_Msg
I/VCoreDaemon( 1127): 1333728803993: nonce 362 heard from src region (3,0)
W/Smack/Packet(  455): notify conn break (IOEx), close connection
I/VNC:Cloud( 1127): makeRequest Execute HTTP latency: 3960ms
I/VNC:Cloud( 1127): makeRequest() Cloud response length: 82
I/VNC:Cloud( 1127): Request executed: http://hermes5.csail.mit.edu:8212/take/1/0/5103/1333728802140/
I/VCoreDaemon( 1127): 1333728806115: inside sendPacket(Packet p)
I/NetworkThread( 1127): 1333728806124: Sending UDP payload: 406
I/StatusActivity( 1127): 1333728807056: .......... GPS onLocationChanged ...... 
I/VCoreDaemon( 1127): 1333728807058: Loc = Location[mProvider=gps,mTime=1333815207000,mLatitude=42.363775234287594,mLongitude=-71.1011559097857,mHasAltitude=true,mAltitude=-22.0,mHasSpeed=true,mSpeed=0.083173856,mHasBearing=false,mBearing=0.0,mHasAccuracy=true,mAccuracy=15.0,mExtras=Bundle[mParcelledData.dataSize=4]] Previous Region = (1,0)
I/VCoreDaemon( 1127): 1333728807059: GPS x/long:-71.1011559097857, GPS y/lat: 42.363775234287594. Region width in x: 51.96152422706632
I/VCoreDaemon( 1127): 1333728807060: location PINPOINTS to region = 1.0, previous 1
I/VCoreDaemon( 1127): 1333728807060: stay at region 1
I/NetworkThread( 1127): 1333728807293: Received UDP payload: 406
D/ConnectivityService(  151): handleInetConditionHoldEnd: net=0, condition=0, published condition=100
I/StatusActivity( 1127): 1333728808079: .......... GPS onLocationChanged ...... 
I/VCoreDaemon( 1127): 1333728808080: Loc = Location[mProvider=gps,mTime=1333815208000,mLatitude=42.363789324158354,mLongitude=-71.10116375133273,mHasAltitude=true,mAltitude=-22.0,mHasSpeed=true,mSpeed=0.0,mHasBearing=false,mBearing=0.0,mHasAccuracy=true,mAccuracy=15.0,mExtras=Bundle[mParcelledData.dataSize=4]] Previous Region = (1,0)
I/VCoreDaemon( 1127): 1333728808080: GPS x/long:-71.10116375133273, GPS y/lat: 42.363789324158354. Region width in x: 51.96152422706632
I/VCoreDaemon( 1127): 1333728808081: location PINPOINTS to region = 1.0, previous 1
I/VCoreDaemon( 1127): 1333728808081: stay at region 1
I/StatusActivity( 1127): 1333728809028: .......... GPS onLocationChanged ...... 
I/VCoreDaemon( 1127): 1333728809029: Loc = Location[mProvider=gps,mTime=1333815209000,mLatitude=42.36380295507096,mLongitude=-71.10115575074819,mHasAltitude=true,mAltitude=-23.0,mHasSpeed=true,mSpeed=0.21553738,mHasBearing=true,mBearing=243.19467,mHasAccuracy=true,mAccuracy=15.0,mExtras=Bundle[mParcelledData.dataSize=4]] Previous Region = (1,0)
I/VCoreDaemon( 1127): 1333728809029: GPS x/long:-71.10115575074819, GPS y/lat: 42.36380295507096. Region width in x: 51.96152422706632
I/VCoreDaemon( 1127): 1333728809029: location PINPOINTS to region = 1.0, previous 1
I/VCoreDaemon( 1127): 1333728809030: stay at region 1
D/dalvikvm( 1127): GC_CONCURRENT freed 512K, 31% free 11072K/16007K, paused 2ms+13ms
I/StatusActivity( 1127): 1333728810051: .......... GPS onLocationChanged ...... 
I/VCoreDaemon( 1127): 1333728810053: Loc = Location[mProvider=gps,mTime=1333815210000,mLatitude=42.36382493758321,mLongitude=-71.10114323586807,mHasAltitude=true,mAltitude=-23.0,mHasSpeed=true,mSpeed=0.0,mHasBearing=true,mBearing=253.4662,mHasAccuracy=true,mAccuracy=15.0,mExtras=Bundle[mParcelledData.dataSize=4]] Previous Region = (1,0)
I/VCoreDaemon( 1127): 1333728810054: GPS x/long:-71.10114323586807, GPS y/lat: 42.36382493758321. Region width in x: 51.96152422706632
I/VCoreDaemon( 1127): 1333728810054: location PINPOINTS to region = 1.0, previous 1
I/VCoreDaemon( 1127): 1333728810055: stay at region 1
I/StatusActivity( 1127): 1333728811057: .......... GPS onLocationChanged ...... 
I/VCoreDaemon( 1127): 1333728811059: Loc = Location[mProvider=gps,mTime=1333815211000,mLatitude=42.36383624344231,mLongitude=-71.10113520739974,mHasAltitude=true,mAltitude=-22.0,mHasSpeed=true,mSpeed=0.40174648,mHasBearing=false,mBearing=0.0,mHasAccuracy=true,mAccuracy=15.0,mExtras=Bundle[mParcelledData.dataSize=4]] Previous Region = (1,0)
I/VCoreDaemon( 1127): 1333728811060: GPS x/long:-71.10113520739974, GPS y/lat: 42.36383624344231. Region width in x: 51.96152422706632
I/VCoreDaemon( 1127): 1333728811060: location PINPOINTS to region = 1.0, previous 1
I/VCoreDaemon( 1127): 1333728811061: stay at region 1
I/VCoreDaemon( 1127): 1333728811126: inside sendPacket(Packet p)
I/NetworkThread( 1127): 1333728811127: Sending UDP payload: 406
I/NetworkThread( 1127): 1333728812232: Received UDP payload: 406
W/NetworkStats(  151): dropping UID delta from unknown iface: iface=wlan0 uid=10065 set=FOREGROUND tag=0x0 rxBytes=26128 rxPackets=31 txBytes=8141 txPackets=10 operations=0
D/dalvikvm(  151): GC_CONCURRENT freed 768K, 9% free 12560K/13703K, paused 3ms+15ms
I/StatusActivity( 1127): 1333728813056: .......... GPS onLocationChanged ...... 
I/VCoreDaemon( 1127): 1333728813058: Loc = Location[mProvider=gps,mTime=1333815213000,mLatitude=42.363847445146696,mLongitude=-71.10112754135876,mHasAltitude=true,mAltitude=-22.0,mHasSpeed=true,mSpeed=0.35297814,mHasBearing=false,mBearing=0.0,mHasAccuracy=true,mAccuracy=15.0,mExtras=Bundle[mParcelledData.dataSize=4]] Previous Region = (1,0)
I/VCoreDaemon( 1127): 1333728813058: GPS x/long:-71.10112754135876, GPS y/lat: 42.363847445146696. Region width in x: 51.96152422706632
I/VCoreDaemon( 1127): 1333728813059: location PINPOINTS to region = 1.0, previous 1
I/VCoreDaemon( 1127): 1333728813059: stay at region 1
I/StatusActivity( 1127): 1333728816040: .......... GPS onLocationChanged ...... 
I/VCoreDaemon( 1127): 1333728816041: Loc = Location[mProvider=gps,mTime=1333815216000,mLatitude=42.36385501318861,mLongitude=-71.1011190631765,mHasAltitude=true,mAltitude=-22.0,mHasSpeed=true,mSpeed=0.4088554,mHasBearing=false,mBearing=0.0,mHasAccuracy=true,mAccuracy=10.0,mExtras=Bundle[mParcelledData.dataSize=4]] Previous Region = (1,0)
I/VCoreDaemon( 1127): 1333728816042: GPS x/long:-71.1011190631765, GPS y/lat: 42.36385501318861. Region width in x: 51.96152422706632
I/VCoreDaemon( 1127): 1333728816042: location PINPOINTS to region = 1.0, previous 1
I/VCoreDaemon( 1127): 1333728816042: stay at region 1
I/VCoreDaemon( 1127): 1333728816126: inside sendPacket(Packet p)
I/NetworkThread( 1127): 1333728816127: Sending UDP payload: 406
D/dalvikvm(  708): GC_CONCURRENT freed 389K, 7% free 10030K/10695K, paused 12ms+3ms
I/NetworkThread( 1127): 1333728817247: Received UDP payload: 406
I/NetworkThread( 1127): 1333728817567: Received UDP payload: 4784
I/Mux     ( 1127): 1333728817654: GOT CSM_Msg
I/VCoreDaemon( 1127): 1333728817654: nonce 363 heard from src region (2,0)
I/NetworkThread( 1127): 1333728817671: Received UDP payload: 949
I/Mux     ( 1127): 1333728817676: GOT CSM_Msg
I/VCoreDaemon( 1127): 1333728817677: nonce 364 heard from src region (2,0)
I/VCoreDaemon( 1127): 1333728821128: inside sendPacket(Packet p)
I/NetworkThread( 1127): 1333728821136: Sending UDP payload: 406
I/StatusActivity( 1127): 1333728822040: .......... GPS onLocationChanged ...... 
I/VCoreDaemon( 1127): 1333728822042: Loc = Location[mProvider=gps,mTime=1333815222000,mLatitude=42.36384576078987,mLongitude=-71.10113171662185,mHasAltitude=true,mAltitude=-22.0,mHasSpeed=true,mSpeed=0.5018778,mHasBearing=false,mBearing=0.0,mHasAccuracy=true,mAccuracy=20.0,mExtras=Bundle[mParcelledData.dataSize=4]] Previous Region = (1,0)
I/VCoreDaemon( 1127): 1333728822042: GPS x/long:-71.10113171662185, GPS y/lat: 42.36384576078987. Region width in x: 51.96152422706632
I/VCoreDaemon( 1127): 1333728822042: location PINPOINTS to region = 1.0, previous 1
I/VCoreDaemon( 1127): 1333728822042: stay at region 1
I/StatusActivity( 1127): 1333728825068: .......... GPS onLocationChanged ...... 
I/VCoreDaemon( 1127): 1333728825069: Loc = Location[mProvider=gps,mTime=1333815225000,mLatitude=42.363836178010565,mLongitude=-71.10114370819504,mHasAltitude=true,mAltitude=-22.0,mHasSpeed=true,mSpeed=0.5158491,mHasBearing=false,mBearing=0.0,mHasAccuracy=true,mAccuracy=15.0,mExtras=Bundle[mParcelledData.dataSize=4]] Previous Region = (1,0)
I/VCoreDaemon( 1127): 1333728825070: GPS x/long:-71.10114370819504, GPS y/lat: 42.363836178010565. Region width in x: 51.96152422706632
I/VCoreDaemon( 1127): 1333728825070: location PINPOINTS to region = 1.0, previous 1
I/VCoreDaemon( 1127): 1333728825070: location is INSIDE BOUNDARY, stay at prev region = (1,0)
I/VCoreDaemon( 1127): 1333728826128: inside sendPacket(Packet p)
I/NetworkThread( 1127): 1333728826134: Sending UDP payload: 406
I/StatusActivity( 1127): 1333728828067: .......... GPS onLocationChanged ...... 
I/VCoreDaemon( 1127): 1333728828068: Loc = Location[mProvider=gps,mTime=1333815228000,mLatitude=42.363825034256855,mLongitude=-71.10114721870019,mHasAltitude=true,mAltitude=-22.0,mHasSpeed=true,mSpeed=0.5467902,mHasBearing=false,mBearing=0.0,mHasAccuracy=true,mAccuracy=15.0,mExtras=Bundle[mParcelledData.dataSize=4]] Previous Region = (1,0)
I/VCoreDaemon( 1127): 1333728828068: GPS x/long:-71.10114721870019, GPS y/lat: 42.363825034256855. Region width in x: 51.96152422706632
I/VCoreDaemon( 1127): 1333728828068: location PINPOINTS to region = 1.0, previous 1
I/VCoreDaemon( 1127): 1333728828068: stay at region 1
I/StatusActivity( 1127): 1333728830067: .......... GPS onLocationChanged ...... 
I/VCoreDaemon( 1127): 1333728830068: Loc = Location[mProvider=gps,mTime=1333815230000,mLatitude=42.36382254728818,mLongitude=-71.10117110008224,mHasAltitude=true,mAltitude=-22.0,mHasSpeed=true,mSpeed=0.63950354,mHasBearing=true,mBearing=250.6667,mHasAccuracy=true,mAccuracy=15.0,mExtras=Bundle[mParcelledData.dataSize=4]] Previous Region = (1,0)
I/VCoreDaemon( 1127): 1333728830068: GPS x/long:-71.10117110008224, GPS y/lat: 42.36382254728818. Region width in x: 51.96152422706632
I/VCoreDaemon( 1127): 1333728830068: location PINPOINTS to region = 1.0, previous 1
I/VCoreDaemon( 1127): 1333728830069: location is INSIDE BOUNDARY, stay at prev region = (1,0)
I/StatusActivity( 1127): 1333728831068: .......... GPS onLocationChanged ...... 
I/VCoreDaemon( 1127): 1333728831069: Loc = Location[mProvider=gps,mTime=1333815231000,mLatitude=42.36382386575888,mLongitude=-71.1011888988792,mHasAltitude=true,mAltitude=-22.0,mHasSpeed=true,mSpeed=0.7213936,mHasBearing=true,mBearing=253.17494,mHasAccuracy=true,mAccuracy=15.0,mExtras=Bundle[mParcelledData.dataSize=4]] Previous Region = (1,0)
I/VCoreDaemon( 1127): 1333728831069: GPS x/long:-71.1011888988792, GPS y/lat: 42.36382386575888. Region width in x: 51.96152422706632
I/VCoreDaemon( 1127): 1333728831069: location PINPOINTS to region = 1.0, previous 1
I/VCoreDaemon( 1127): 1333728831069: location is INSIDE BOUNDARY, stay at prev region = (1,0)
I/VCoreDaemon( 1127): 1333728831129: inside sendPacket(Packet p)
I/NetworkThread( 1127): 1333728831136: Sending UDP payload: 406
I/StatusActivity( 1127): 1333728833041: .......... GPS onLocationChanged ...... 
I/VCoreDaemon( 1127): 1333728833042: Loc = Location[mProvider=gps,mTime=1333815233000,mLatitude=42.363838538749164,mLongitude=-71.1011916573179,mHasAltitude=true,mAltitude=-22.0,mHasSpeed=true,mSpeed=0.0,mHasBearing=false,mBearing=0.0,mHasAccuracy=true,mAccuracy=15.0,mExtras=Bundle[mParcelledData.dataSize=4]] Previous Region = (1,0)
I/VCoreDaemon( 1127): 1333728833042: GPS x/long:-71.1011916573179, GPS y/lat: 42.363838538749164. Region width in x: 51.96152422706632
I/VCoreDaemon( 1127): 1333728833042: location PINPOINTS to region = 1.0, previous 1
I/VCoreDaemon( 1127): 1333728833043: location is INSIDE BOUNDARY, stay at prev region = (1,0)
I/StatusActivity( 1127): 1333728835041: .......... GPS onLocationChanged ...... 
I/VCoreDaemon( 1127): 1333728835042: Loc = Location[mProvider=gps,mTime=1333815235000,mLatitude=42.363858891518866,mLongitude=-71.1011902063997,mHasAltitude=true,mAltitude=-22.0,mHasSpeed=true,mSpeed=0.80355704,mHasBearing=true,mBearing=273.76685,mHasAccuracy=true,mAccuracy=15.0,mExtras=Bundle[mParcelledData.dataSize=4]] Previous Region = (1,0)
I/VCoreDaemon( 1127): 1333728835043: GPS x/long:-71.1011902063997, GPS y/lat: 42.363858891518866. Region width in x: 51.96152422706632
I/VCoreDaemon( 1127): 1333728835043: location PINPOINTS to region = 1.0, previous 1
I/VCoreDaemon( 1127): 1333728835043: location is INSIDE BOUNDARY, stay at prev region = (1,0)
I/NetworkThread( 1127): 1333728835668: Received UDP payload: 406
I/VCoreDaemon( 1127): 1333728836115: leader to cloud hearbeat...
I/VNC:Cloud( 1127): Executing makeRequest: http://hermes5.csail.mit.edu:8212/take/1/0/5103/1333728836115/
W/NetworkStats(  151): dropping UID delta from unknown iface: iface=wlan0 uid=10065 set=FOREGROUND tag=0x0 rxBytes=8393 rxPackets=8 txBytes=1736 txPackets=4 operations=0
I/StatusActivity( 1127): 1333728839067: .......... GPS onLocationChanged ...... 
I/VCoreDaemon( 1127): 1333728839068: Loc = Location[mProvider=gps,mTime=1333815239000,mLatitude=42.363850523637595,mLongitude=-71.10120731496859,mHasAltitude=true,mAltitude=-22.0,mHasSpeed=true,mSpeed=0.9189228,mHasBearing=true,mBearing=250.82396,mHasAccuracy=true,mAccuracy=10.0,mExtras=Bundle[mParcelledData.dataSize=4]] Previous Region = (1,0)
I/VCoreDaemon( 1127): 1333728839069: GPS x/long:-71.10120731496859, GPS y/lat: 42.363850523637595. Region width in x: 51.96152422706632
I/VCoreDaemon( 1127): 1333728839069: location PINPOINTS to region = 2.0, previous 1
I/VCoreDaemon( 1127): 1333728839069: location is INSIDE BOUNDARY, stay at prev region = (1,0)
I/VNC:Cloud( 1127): makeRequest Execute HTTP latency: 4642ms
I/VNC:Cloud( 1127): makeRequest() Cloud response length: 82
I/VNC:Cloud( 1127): Request executed: http://hermes5.csail.mit.edu:8212/take/1/0/5103/1333728836115/
I/VCoreDaemon( 1127): 1333728840810: inside sendPacket(Packet p)
I/NetworkThread( 1127): 1333728840829: Sending UDP payload: 406
I/StatusActivity( 1127): 1333728842044: .......... GPS onLocationChanged ...... 
I/VCoreDaemon( 1127): 1333728842046: Loc = Location[mProvider=gps,mTime=1333815242000,mLatitude=42.363833715991206,mLongitude=-71.10122708849578,mHasAltitude=true,mAltitude=-22.0,mHasSpeed=true,mSpeed=0.9784265,mHasBearing=true,mBearing=248.61342,mHasAccuracy=true,mAccuracy=15.0,mExtras=Bundle[mParcelledData.dataSize=4]] Previous Region = (1,0)
I/VCoreDaemon( 1127): 1333728842047: GPS x/long:-71.10122708849578, GPS y/lat: 42.363833715991206. Region width in x: 51.96152422706632
I/VCoreDaemon( 1127): 1333728842047: location PINPOINTS to region = 2.0, previous 1
I/VCoreDaemon( 1127): 1333728842048: location is INSIDE BOUNDARY, stay at prev region = (1,0)
I/StatusActivity( 1127): 1333728844041: .......... GPS onLocationChanged ...... 
I/VCoreDaemon( 1127): 1333728844042: Loc = Location[mProvider=gps,mTime=1333815244000,mLatitude=42.36383566878866,mLongitude=-71.1012019532448,mHasAltitude=true,mAltitude=-22.0,mHasSpeed=true,mSpeed=0.9233557,mHasBearing=false,mBearing=0.0,mHasAccuracy=true,mAccuracy=15.0,mExtras=Bundle[mParcelledData.dataSize=4]] Previous Region = (1,0)
I/VCoreDaemon( 1127): 1333728844042: GPS x/long:-71.1012019532448, GPS y/lat: 42.36383566878866. Region width in x: 51.96152422706632
I/VCoreDaemon( 1127): 1333728844042: location PINPOINTS to region = 1.0, previous 1
I/VCoreDaemon( 1127): 1333728844042: location is INSIDE BOUNDARY, stay at prev region = (1,0)
D/dalvikvm( 1127): GC_CONCURRENT freed 524K, 31% free 11108K/16007K, paused 2ms+3ms
W/NetworkStats(  151): dropping UID delta from unknown iface: iface=wlan0 uid=10065 set=FOREGROUND tag=0x0 rxBytes=434 rxPackets=1 txBytes=434 txPackets=1 operations=0
I/StatusActivity( 1127): 1333728845301: HI I'm in ONPAUSE()
D/dalvikvm(  151): GC_CONCURRENT freed 882K, 9% free 12526K/13703K, paused 3ms+5ms
W/InputManagerService(  151): Starting input on non-focused client com.android.internal.view.IInputMethodClient$Stub$Proxy@415ceed8 (uid=10065 pid=1127)
I/NetworkThread( 1127): 1333728845687: Received UDP payload: 406
I/VCoreDaemon( 1127): 1333728845831: inside sendPacket(Packet p)
I/NetworkThread( 1127): 1333728845832: Sending UDP payload: 406
D/dalvikvm(  338): GC_FOR_ALLOC freed 3230K, 36% free 13415K/20807K, paused 37ms
I/CameraSurfaceView( 1127): inside surfaceDestroyed()
I/CameraHardwareSec(   81): int android::CameraHardwareSec::previewThreadWrapper(): calling mSecCamera->stopPreview() and waiting
I/CameraSurfaceView( 1127): inside surfaceDestroyed()
I/CameraHardwareSec(   81): void android::CameraHardwareSec::stopPreviewInternal() : preview not running, doing nothing
I/CameraHardwareSec(   81): int android::CameraHardwareSec::previewThreadWrapper(): return from wait
I/CameraHardwareSec(   81): int android::CameraHardwareSec::previewThreadWrapper(): exiting
W/SecCamera(   81): int android::SecCamera::stopPreview(): doing nothing because m_flag_camera_start is zero
W/SecCamera(   81): int android::SecCamera::stopRecord(): doing nothing because m_flag_record_start is zero
I/SecCamera(   81): DeinitCamera: m_cam_fd(31)
I/SecCamera(   81): DeinitCamera: m_cam_fd2(32)
E/CameraHardwareSec(   81): preview window is NULL!
I/CameraService(   81): Destroying camera 0
I/CameraHardwareSec(   81): int android::HAL_camera_device_close(hw_device_t*)
I/SecCamera(   81): DeinitCamera : already deinitialized
W/AudioFlinger(   81): session id 12 not found for pid 81
W/AudioFlinger(   81): session id 13 not found for pid 81
D/dalvikvm(  338): GC_CONCURRENT freed 1883K, 38% free 12990K/20807K, paused 2ms+16ms
D/dalvikvm(  338): GC_CONCURRENT freed 147K, 33% free 14110K/20807K, paused 2ms+15ms
D/dalvikvm(  338): GC_CONCURRENT freed 2525K, 37% free 13261K/20807K, paused 2ms+7ms
D/dalvikvm(  338): GC_FOR_ALLOC freed 595K, 36% free 13435K/20807K, paused 27ms
D/dalvikvm(  338): GC_FOR_ALLOC freed 1059K, 37% free 13199K/20807K, paused 26ms
D/dalvikvm(  338): GC_FOR_ALLOC freed 2K, 33% free 13954K/20807K, paused 26ms
I/dalvikvm-heap(  338): Grow heap (frag case) to 15.357MB for 1742416-byte allocation
D/dalvikvm(  338): GC_FOR_ALLOC freed 0K, 25% free 15656K/20807K, paused 23ms
D/dalvikvm(  338): GC_CONCURRENT freed 5K, 25% free 15653K/20807K, paused 2ms+10ms
D/dalvikvm(  338): GC_FOR_ALLOC freed 2464K, 33% free 13955K/20807K, paused 30ms
I/StatusActivity( 1127): 1333728847185: inside onDestroy()
D/dalvikvm(  338): GC_CONCURRENT freed 676K, 29% free 14871K/20807K, paused 4ms+3ms
I/Mux     ( 1127): Stop request encountered.
D/Mux     ( 1127): Waiting for VCoreDaemon to stop...
I/VCoreDaemon( 1127): Stop request encountered.
I/UserApp ( 1127): 1333728847218: UserApp stopped.
I/VCoreDaemon( 1127): 1333728847219: DSMLayer stopped
I/VCoreDaemon( 1127): 1333728847219: serializing DSMLayer to JSON
W/meterizedTypeHandlerMap( 1127): Overriding the existing type handler for {0}
W/meterizedTypeHandlerMap( 1127): Overriding the existing type handler for {0}
I/StatusActivity( 1127): 1333728847247: no camera to close
I/StatusActivity( 1127): 1333728847248: close everything else
D/dalvikvm(  218): GC_FOR_ALLOC freed 491K, 6% free 10122K/10759K, paused 25ms
D/dalvikvm(  218): GC_FOR_ALLOC freed 193K, 7% free 10107K/10759K, paused 26ms
I/WindowManager(  151): WIN DEATH: Window{416d8b70 SurfaceView paused=false}
I/ActivityManager(  151): Process edu.mit.csail.diplomamatrix (pid 1127) has died.
I/WindowManager(  151): WIN DEATH: Window{416c7a20 edu.mit.csail.diplomamatrix/edu.mit.csail.diplomamatrix.StatusActivity paused=false}
D/dalvikvm(  218): GC_FOR_ALLOC freed 319K, 7% free 10107K/10759K, paused 23ms
I/power   (  151): *** set_screen_state 0
D/SurfaceFlinger(   78): About to give-up screen, flinger = 0x165b918
D/dalvikvm(  151): GC_FOR_ALLOC freed 156K, 9% free 12597K/13703K, paused 44ms
I/dalvikvm-heap(  151): Grow heap (frag case) to 12.478MB for 104992-byte allocation
D/dalvikvm(  151): GC_FOR_ALLOC freed 22K, 9% free 12677K/13831K, paused 39ms
D/dalvikvm(  151): GC_FOR_ALLOC freed <1K, 9% free 12681K/13831K, paused 38ms
I/dalvikvm-heap(  151): Grow heap (frag case) to 12.560MB for 104992-byte allocation
D/dalvikvm(  151): GC_FOR_ALLOC freed 1K, 9% free 12782K/13959K, paused 42ms
D/dalvikvm(  151): GC_FOR_ALLOC freed <1K, 9% free 12783K/13959K, paused 39ms
I/dalvikvm-heap(  151): Grow heap (frag case) to 12.660MB for 104992-byte allocation
D/dalvikvm(  151): GC_FOR_ALLOC freed <1K, 9% free 12885K/14087K, paused 38ms
D/dalvikvm(  151): GC_FOR_ALLOC freed 0K, 9% free 12885K/14087K, paused 45ms
I/dalvikvm-heap(  151): Grow heap (frag case) to 12.783MB for 129616-byte allocation
D/dalvikvm(  151): GC_FOR_ALLOC freed 0K, 9% free 13012K/14215K, paused 38ms
D/dalvikvm(  151): GC_FOR_ALLOC freed 11K, 9% free 13015K/14215K, paused 39ms
I/dalvikvm-heap(  151): Grow heap (frag case) to 12.886MB for 104992-byte allocation
D/dalvikvm(  151): GC_FOR_ALLOC freed 1K, 9% free 13116K/14343K, paused 38ms
V/TransportControlView(  151): Create TCV com.android.internal.widget.TransportControlView@416d67b8
D/PhoneStatusBar(  218): disable: < expand icons alerts ticker system_info back home RECENT* clock >
D/NfcService(  326): NFC-C OFF, disconnect
D/PhoneStatusBar(  218): disable: < expand icons alerts ticker system_info BACK* HOME* RECENT CLOCK* >
W/ActivityManager(  151): Activity destroy timeout for ActivityRecord{415fe800 edu.mit.csail.diplomamatrix/.StatusActivity}
I/GPS     (  151): gps_engine_status_update: called release_wakelock_cb
I/System.out(  708): [INFO:1102000]: c: Running flush
I/System.out(  708): [INFO:1102001]: c: Sending payload [bytes=306]
W/NetworkStats(  151): dropping UID delta from unknown iface: iface=wlan0 uid=10065 set=FOREGROUND tag=0x0 rxBytes=868 rxPackets=2 txBytes=434 txPackets=1 operations=0
I/System.out(  708): [INFO:1104889]: c: Response [http=200,length=20]
I/System.out(  708): [INFO:1104891]: c: Read id 2, status code 200
I/System.out(  708): [INFO:1215561]: c: Running flush
I/System.out(  708): [INFO:1215562]: c: Sending payload [bytes=330]
I/System.out(  708): [INFO:1217656]: c: Response [http=200,length=20]
I/System.out(  708): [INFO:1217661]: c: Read id 3, status code 200
D/dalvikvm(  151): GC_CONCURRENT freed 664K, 7% free 13357K/14343K, paused 3ms+5ms
D/dalvikvm(  311): GC_CONCURRENT freed 416K, 6% free 9506K/10055K, paused 17ms+2ms
I/GTalkService/c(  455): [AndroidEndpoint@1094684472] connect: acct=1000000, state=CONNECTING
D/dalvikvm(  455): GC_CONCURRENT freed 381K, 5% free 9986K/10503K, paused 2ms+3ms
D/ConnectivityService(  151): handleInetConditionHoldEnd: net=0, condition=100, published condition=0
W/Smack/Packet(  455): notify conn break (IOEx), close connection
D/ConnectivityService(  151): handleInetConditionHoldEnd: net=0, condition=0, published condition=100
D/dalvikvm(  708): GC_CONCURRENT freed 369K, 7% free 10045K/10695K, paused 2ms+2ms
D/dalvikvm(  151): GC_CONCURRENT freed 941K, 8% free 13389K/14471K, paused 17ms+5ms
I/GTalkService/c(  455): [AndroidEndpoint@1094684472] connect: acct=1000000, state=CONNECTING
D/dalvikvm(  151): GC_EXPLICIT freed 143K, 9% free 13295K/14471K, paused 11ms+5ms
D/ConnectivityService(  151): handleInetConditionHoldEnd: net=0, condition=100, published condition=0
W/Smack/Packet(  455): notify conn break (IOEx), close connection
D/ConnectivityService(  151): handleInetConditionHoldEnd: net=0, condition=0, published condition=100
I/dalvikvm( 1272): Turning on JNI app bug workarounds for target SDK version 13...
I/ActivityManager(  151): Start proc com.google.android.apps.maps for service com.google.android.apps.maps/com.google.googlenav.prefetch.android.PrefetcherService: pid=1272 uid=10032 gids={3003, 1015}
D/dalvikvm( 1272): GC_CONCURRENT freed 168K, 3% free 9366K/9607K, paused 2ms+2ms
I/ActivityThread( 1272): Pub com.google.android.maps.LayerInfoProvider: com.google.googlenav.layer.LayerInfoProvider
I/ActivityThread( 1272): Pub com.google.android.maps.TrafficAppWidgetProvider: com.google.googlenav.appwidget.traffic.TrafficAppWidgetProvider
I/ActivityThread( 1272): Pub com.google.android.maps.SuggestionProvider: com.google.googlenav.suggest.android.SuggestProvider
I/ActivityThread( 1272): Pub com.google.android.maps.LocalActivePlacesProvider: com.google.googlenav.provider.LocalActivePlacesProvider
I/ActivityThread( 1272): Pub com.google.android.maps.StarredItemProvider: com.google.googlenav.provider.StarredItemProvider
D/dalvikvm( 1272): GC_CONCURRENT freed 141K, 3% free 9777K/9991K, paused 2ms+3ms
I/ActivityThread( 1272): Pub com.google.android.maps.LocalSuggestionProvider: com.google.googlenav.provider.LocalSuggestionProvider
I/ActivityThread( 1272): Pub com.google.android.maps.SearchHistoryProvider: com.google.googlenav.provider.SearchHistoryProvider
I/ActivityThread( 1272): Pub com.google.android.maps.NavigationAvailabilityProvider: com.google.googlenav.provider.NavigationAvailabilityProvider
D/dalvikvm( 1272): GC_CONCURRENT freed 266K, 4% free 10035K/10375K, paused 2ms+3ms
D/dalvikvm(  311): GC_CONCURRENT freed 424K, 6% free 9508K/10055K, paused 1ms+2ms
I/ActivityManager(  151): No longer want com.google.android.apps.maps:NetworkLocationService (pid 708): hidden #16
W/ActivityManager(  151): Scheduling restart of crashed service com.google.android.apps.maps/com.google.android.location.internal.server.NetworkLocationService in 5000ms
D/dalvikvm(  151): GC_FOR_ALLOC freed 716K, 8% free 13350K/14471K, paused 42ms
I/dalvikvm-heap(  151): Grow heap (frag case) to 13.237MB for 129616-byte allocation
D/dalvikvm(  151): GC_FOR_ALLOC freed 55K, 9% free 13421K/14599K, paused 38ms
I/ActivityManager(  151): Start proc com.google.android.apps.maps:NetworkLocationService for service com.google.android.apps.maps/com.google.android.location.internal.server.NetworkLocationService: pid=1301 uid=10032 gids={3003, 1015}
I/dalvikvm( 1301): Turning on JNI app bug workarounds for target SDK version 13...
D/dalvikvm( 1301): GC_CONCURRENT freed 176K, 3% free 9358K/9607K, paused 2ms+2ms
D/dalvikvm( 1301): GC_CONCURRENT freed 183K, 3% free 9732K/9991K, paused 2ms+2ms
D/dalvikvm( 1301): GC_CONCURRENT freed 172K, 3% free 10126K/10375K, paused 2ms+3ms
D/dalvikvm(  455): GC_EXPLICIT freed 341K, 6% free 9974K/10503K, paused 2ms+3ms
I/System.out( 1301): [INFO:482]: c: Running flush
I/System.out( 1301): [INFO:508]: c: Sending payload [bytes=290]
D/dalvikvm( 1301): GC_CONCURRENT freed 759K, 8% free 9921K/10759K, paused 2ms+3ms
I/System.out( 1301): [INFO:4727]: c: Response [http=200,length=93]
I/System.out( 1301): [INFO:4735]: c: Read id 1, status code 200
I/ActivityManager(  151): No longer want com.google.android.gm (pid 632): hidden #16
D/dalvikvm(  151): GC_FOR_ALLOC freed 571K, 10% free 13194K/14599K, paused 47ms
D/AlarmManagerService(  151): Kernel timezone updated to 240 minutes west of GMT
V/AlarmClock(  554): AlarmInitReceiver finished
D/SystemClock(  311): Setting time of day to sec=1333729673
I/GTalkService/c(  455): [AndroidEndpoint@1094684472] connect: acct=1000000, state=CONNECTING
D/ConnectivityService(  151): ConnectivityChange for mobile: DISCONNECTED/DISCONNECTED
D/ConnectivityService(  151): Attempting to switch to WIFI
D/ConnectivityService(  151): Attempting to switch to BLUETOOTH_TETHER
D/NetUtils(  151): android_net_utils_resetConnections in env=0x1d19df8 clazz=0xd7a00001 iface=rmnet0 mask=0x3
D/ConnectivityService(  151): resetConnections(rmnet0, 3)
E/GTalkService(  455): connectionClosed: no XMPPConnection - That's strange!
D/ConnectivityService(  151): handleInetConditionChange: no active default network - ignore
D/Tethering(  151): MasterInitialState.processMessage what=3
I/MediaUploader(  961): No need to wake up
I/BarnacleService(  998): log: hq. MSG_NETSCHANGE. about to get getWifiState
D/PicasaSyncManager(  976): active network: null
D/PicasaSyncManager(  976): background data: true
I/BarnacleService(  998): log: hq. BarnacleServiceNETSCHANGE: 1 2 proc
E/BarnacleService(  998): NETSCHANGE: 1 2 proc
I/BarnacleService(  998): log: hq. wifiState 1 =? WifiManager.WIFI_STATE_DISABLED = 1
I/BarnacleService(  998): log: hq. INSIDE :) wifi state disabled
I/BarnacleService(  998): log: ( (state = 2) ?== (STATE_STARTING = 1) ) && ( (process = proc_is_not_null) ?== null ... && checkUplink:
I/BarnacleService(  998): log: now waiting, becaus  either state != STATE_STARTING or process != null
D/dalvikvm(  311): GC_CONCURRENT freed 423K, 6% free 9507K/10055K, paused 2ms+2ms
D/AlarmManagerService(  151): Kernel timezone updated to 240 minutes west of GMT
D/SystemClock(  311): Setting time of day to sec=1333729788
V/AlarmClock(  554): AlarmInitReceiver finished
D/ConnectivityService(  151): ConnectivityChange for mobile: CONNECTED/CONNECTED
D/dalvikvm(  151): GC_CONCURRENT freed 971K, 10% free 13269K/14599K, paused 2ms+5ms
D/NetworkPolicy(  151): applying policy NetworkPolicy[NetworkTemplate: matchRule=MOBILE_ALL, subscriberId=valid]: cycleDay=15, warningBytes=2147483648, limitBytes=-1, lastSnooze=-1 to ifaces [rmnet0]
D/dalvikvm(  151): GC_EXPLICIT freed 128K, 10% free 13173K/14599K, paused 2ms+4ms
D/Tethering(  151): MasterInitialState.processMessage what=3
I/MediaUploader(  961): No need to wake up
I/BarnacleService(  998): log: hq. MSG_NETSCHANGE. about to get getWifiState
I/BarnacleService(  998): log: hq. BarnacleServiceNETSCHANGE: 1 2 proc
E/BarnacleService(  998): NETSCHANGE: 1 2 proc
I/BarnacleService(  998): log: hq. wifiState 1 =? WifiManager.WIFI_STATE_DISABLED = 1
I/BarnacleService(  998): log: hq. INSIDE :) wifi state disabled
I/BarnacleService(  998): log: ( (state = 2) ?== (STATE_STARTING = 1) ) && ( (process = proc_is_not_null) ?== null ... && checkUplink:
I/BarnacleService(  998): log: now waiting, becaus  either state != STATE_STARTING or process != null
D/PicasaSyncManager(  976): active network: NetworkInfo: type: mobile[EDGE], state: CONNECTED/CONNECTED, reason: nwTypeChanged, extra: epc.tmobile.com, roaming: false, failover: false, isAvailable: true
D/PicasaSyncManager(  976): background data: true
I/power   (  151): *** set_screen_state 1
W/PowerUI (  218): unknown intent: Intent { act=android.intent.action.ACTION_POWER_CONNECTED flg=0x10000010 }
D/PicasaSyncManager(  976): battery info: true
I/WindowManager(  151): Lock screen displayed!
D/dalvikvm(  218): GC_CONCURRENT freed 394K, 7% free 10105K/10759K, paused 2ms+3ms
D/SurfaceFlinger(   78): Screen about to return, flinger = 0x165b918
I/power   (  151): *** set_screen_state 0
D/SurfaceFlinger(   78): About to give-up screen, flinger = 0x165b918
D/dalvikvm(  151): GC_FOR_ALLOC freed 478K, 8% free 13454K/14599K, paused 46ms
I/dalvikvm-heap(  151): Grow heap (frag case) to 13.315MB for 104992-byte allocation
D/dalvikvm(  151): GC_FOR_ALLOC freed 24K, 9% free 13531K/14727K, paused 42ms
D/dalvikvm(  151): GC_FOR_ALLOC freed <1K, 8% free 13636K/14727K, paused 39ms
V/TransportControlView(  151): Create TCV com.android.internal.widget.TransportControlView@415d80f0
I/EventLogService(  455): Aggregate from 1333728208722 (log), 1333728208722 (data)
I/ServiceDumpSys(  455): dumping service [account]
I/GTalkService/c(  455): [AndroidEndpoint@1094684472] connect: acct=1000000, state=CONNECTING
D/dalvikvm(  455): GC_CONCURRENT freed 421K, 6% free 9956K/10567K, paused 1ms+4ms
W/Smack/Packet(  455): notify conn break (IOEx), close connection
D/ConnectivityService(  151): handleInetConditionHoldEnd: net=0, condition=0, published condition=0
I/GTalkService/c(  455): [AndroidEndpoint@1094684472] connect: acct=1000000, state=CONNECTING
D/ConnectivityService(  151): handleInetConditionHoldEnd: net=0, condition=100, published condition=0
W/Smack/Packet(  455): notify conn break (IOEx), close connection
D/ConnectivityService(  151): handleInetConditionHoldEnd: net=0, condition=0, published condition=100
I/GTalkService/c(  455): [AndroidEndpoint@1094684472] connect: acct=1000000, state=CONNECTING
D/dalvikvm(  455): GC_CONCURRENT freed 334K, 6% free 10024K/10567K, paused 2ms+3ms
D/ConnectivityService(  151): handleInetConditionHoldEnd: net=0, condition=100, published condition=0
W/Smack/Packet(  455): notify conn break (IOEx), close connection
D/ConnectivityService(  151): handleInetConditionHoldEnd: net=0, condition=0, published condition=100
I/GTalkService/c(  455): [AndroidEndpoint@1094684472] connect: acct=1000000, state=CONNECTING
D/ConnectivityService(  151): handleInetConditionHoldEnd: net=0, condition=100, published condition=0
W/Smack/Packet(  455): notify conn break (IOEx), close connection
D/ConnectivityService(  151): handleInetConditionHoldEnd: net=0, condition=0, published condition=100
I/GTalkService/c(  455): [AndroidEndpoint@1094684472] connect: acct=1000000, state=CONNECTING
D/dalvikvm(  455): GC_CONCURRENT freed 434K, 6% free 10001K/10567K, paused 15ms+2ms
D/ConnectivityService(  151): handleInetConditionHoldEnd: net=0, condition=100, published condition=0
W/Smack/Packet(  455): notify conn break (IOEx), close connection
D/ConnectivityService(  151): handleInetConditionHoldEnd: net=0, condition=0, published condition=100
I/GTalkService/c(  455): [AndroidEndpoint@1094684472] connect: acct=1000000, state=CONNECTING
D/dalvikvm(  455): GC_CONCURRENT freed 408K, 6% free 10021K/10567K, paused 2ms+3ms
D/ConnectivityService(  151): handleInetConditionHoldEnd: net=0, condition=100, published condition=0
W/Smack/Packet(  455): notify conn break (IOEx), close connection
D/ConnectivityService(  151): handleInetConditionHoldEnd: net=0, condition=0, published condition=100
I/GTalkService/c(  455): [AndroidEndpoint@1094684472] connect: acct=1000000, state=CONNECTING
D/ConnectivityService(  151): handleInetConditionHoldEnd: net=0, condition=100, published condition=0
D/dalvikvm(  151): GC_CONCURRENT freed 1322K, 10% free 13410K/14855K, paused 18ms+5ms
W/Smack/Packet(  455): notify conn break (IOEx), close connection
D/ConnectivityService(  151): handleInetConditionHoldEnd: net=0, condition=0, published condition=100
I/GTalkService/c(  455): [AndroidEndpoint@1094684472] connect: acct=1000000, state=CONNECTING
D/dalvikvm(  455): GC_CONCURRENT freed 407K, 5% free 10049K/10567K, paused 13ms+2ms
D/ConnectivityService(  151): handleInetConditionHoldEnd: net=0, condition=100, published condition=0
W/Smack/Packet(  455): notify conn break (IOEx), close connection
D/ConnectivityService(  151): handleInetConditionHoldEnd: net=0, condition=0, published condition=100
I/GTalkService/c(  455): [AndroidEndpoint@1094684472] connect: acct=1000000, state=CONNECTING
D/ConnectivityService(  151): handleInetConditionHoldEnd: net=0, condition=100, published condition=0
W/Smack/Packet(  455): notify conn break (IOEx), close connection
D/ConnectivityService(  151): handleInetConditionHoldEnd: net=0, condition=0, published condition=100
I/GTalkService/c(  455): [AndroidEndpoint@1094684472] connect: acct=1000000, state=CONNECTING
D/dalvikvm(  455): GC_CONCURRENT freed 464K, 6% free 10057K/10631K, paused 2ms+3ms
D/ConnectivityService(  151): handleInetConditionHoldEnd: net=0, condition=100, published condition=0
W/Smack/Packet(  455): notify conn break (IOEx), close connection
D/ConnectivityService(  151): handleInetConditionHoldEnd: net=0, condition=0, published condition=100
I/GTalkService/c(  455): [AndroidEndpoint@1094684472] connect: acct=1000000, state=CONNECTING
D/ConnectivityService(  151): handleInetConditionHoldEnd: net=0, condition=100, published condition=0
W/Smack/Packet(  455): notify conn break (IOEx), close connection
D/ConnectivityService(  151): handleInetConditionHoldEnd: net=0, condition=0, published condition=100
I/GTalkService/c(  455): [AndroidEndpoint@1094684472] connect: acct=1000000, state=CONNECTING
D/dalvikvm( 1301): GC_CONCURRENT freed 305K, 8% free 10001K/10759K, paused 1ms+2ms
D/dalvikvm(  455): GC_CONCURRENT freed 460K, 6% free 10070K/10631K, paused 14ms+3ms
D/ConnectivityService(  151): handleInetConditionHoldEnd: net=0, condition=100, published condition=0
W/Smack/Packet(  455): notify conn break (IOEx), close connection
D/ConnectivityService(  151): handleInetConditionHoldEnd: net=0, condition=0, published condition=100
I/GTalkService/c(  455): [AndroidEndpoint@1094684472] connect: acct=1000000, state=CONNECTING
D/ConnectivityService(  151): handleInetConditionHoldEnd: net=0, condition=100, published condition=0
W/Smack/Packet(  455): notify conn break (IOEx), close connection
D/ConnectivityService(  151): handleInetConditionHoldEnd: net=0, condition=0, published condition=100
I/GTalkService/c(  455): [AndroidEndpoint@1094684472] connect: acct=1000000, state=CONNECTING
D/dalvikvm(  455): GC_CONCURRENT freed 459K, 6% free 10081K/10631K, paused 14ms+3ms
D/dalvikvm(  151): GC_EXPLICIT freed 404K, 11% free 13342K/14855K, paused 21ms+5ms
D/ConnectivityService(  151): handleInetConditionHoldEnd: net=0, condition=100, published condition=0
W/Smack/Packet(  455): notify conn break (IOEx), close connection
D/ConnectivityService(  151): handleInetConditionHoldEnd: net=0, condition=0, published condition=100
I/GTalkService/c(  455): [AndroidEndpoint@1094684472] connect: acct=1000000, state=CONNECTING
D/ConnectivityService(  151): handleInetConditionHoldEnd: net=0, condition=100, published condition=0
W/Smack/Packet(  455): notify conn break (IOEx), close connection
D/ConnectivityService(  151): handleInetConditionHoldEnd: net=0, condition=0, published condition=100
I/GTalkService/c(  455): [AndroidEndpoint@1094684472] connect: acct=1000000, state=CONNECTING
D/dalvikvm(  455): GC_CONCURRENT freed 458K, 6% free 10040K/10631K, paused 14ms+3ms
D/ConnectivityService(  151): handleInetConditionHoldEnd: net=0, condition=100, published condition=0
W/Smack/Packet(  455): notify conn break (IOEx), close connection
D/ConnectivityService(  151): handleInetConditionHoldEnd: net=0, condition=0, published condition=100
I/GTalkService/c(  455): [AndroidEndpoint@1094684472] connect: acct=1000000, state=CONNECTING
D/ConnectivityService(  151): handleInetConditionHoldEnd: net=0, condition=100, published condition=0
W/Smack/Packet(  455): notify conn break (IOEx), close connection
D/ConnectivityService(  151): handleInetConditionHoldEnd: net=0, condition=0, published condition=100
I/GTalkService/c(  455): [AndroidEndpoint@1094684472] connect: acct=1000000, state=CONNECTING
D/dalvikvm(  455): GC_CONCURRENT freed 394K, 6% free 10035K/10631K, paused 13ms+3ms
W/Smack/Packet(  455): notify conn break (IOEx), close connection
W/GTalkService(  455): connectionEstablished for 1000000 - caught java.lang.IllegalStateException: Not connected to server.
W/GTalkService(  455): [AndroidEndpoint@1094684472] doConnect: reset connection state to PENDING
D/ConnectivityService(  151): handleInetConditionHoldEnd: net=0, condition=0, published condition=0
I/GTalkService/c(  455): [AndroidEndpoint@1094684472] connect: acct=1000000, state=CONNECTING
D/dalvikvm(  455): GC_CONCURRENT freed 377K, 6% free 10044K/10631K, paused 2ms+2ms
D/ConnectivityService(  151): handleInetConditionHoldEnd: net=0, condition=100, published condition=0
W/Smack/Packet(  455): notify conn break (IOEx), close connection
D/ConnectivityService(  151): handleInetConditionHoldEnd: net=0, condition=0, published condition=100
I/GTalkService/c(  455): [AndroidEndpoint@1094684472] connect: acct=1000000, state=CONNECTING
D/ConnectivityService(  151): handleInetConditionHoldEnd: net=0, condition=100, published condition=0
W/Smack/Packet(  455): notify conn break (IOEx), close connection
D/ConnectivityService(  151): handleInetConditionHoldEnd: net=0, condition=0, published condition=100
I/GTalkService/c(  455): [AndroidEndpoint@1094684472] connect: acct=1000000, state=CONNECTING
D/dalvikvm(  455): GC_CONCURRENT freed 380K, 6% free 10059K/10631K, paused 4ms+4ms
D/ConnectivityService(  151): handleInetConditionHoldEnd: net=0, condition=100, published condition=0
W/Smack/Packet(  455): notify conn break (IOEx), close connection
D/ConnectivityService(  151): handleInetConditionHoldEnd: net=0, condition=0, published condition=100
I/GTalkService/c(  455): [AndroidEndpoint@1094684472] connect: acct=1000000, state=CONNECTING
D/ConnectivityService(  151): handleInetConditionHoldEnd: net=0, condition=100, published condition=0
W/Smack/Packet(  455): notify conn break (IOEx), close connection
D/ConnectivityService(  151): handleInetConditionHoldEnd: net=0, condition=0, published condition=100
I/GTalkService/c(  455): [AndroidEndpoint@1094684472] connect: acct=1000000, state=CONNECTING
D/dalvikvm(  455): GC_CONCURRENT freed 455K, 6% free 10059K/10631K, paused 2ms+3ms
D/ConnectivityService(  151): handleInetConditionHoldEnd: net=0, condition=100, published condition=0
W/Smack/Packet(  455): notify conn break (IOEx), close connection
D/ConnectivityService(  151): handleInetConditionHoldEnd: net=0, condition=0, published condition=100
D/dalvikvm(  311): GC_CONCURRENT freed 412K, 6% free 9510K/10055K, paused 34ms+2ms
D/dalvikvm(  218): GC_CONCURRENT freed 400K, 7% free 10091K/10759K, paused 2ms+2ms
D/dalvikvm(  151): JIT code cache reset in 4 ms (1048532 bytes 1/0)
D/dalvikvm(  151): GC_CONCURRENT freed 877K, 10% free 13442K/14855K, paused 2ms+10ms
I/GTalkService/c(  455): [AndroidEndpoint@1094684472] connect: acct=1000000, state=CONNECTING
D/ConnectivityService(  151): handleInetConditionHoldEnd: net=0, condition=100, published condition=0
W/Smack/Packet(  455): notify conn break (IOEx), close connection
D/ConnectivityService(  151): handleInetConditionHoldEnd: net=0, condition=0, published condition=100
I/GTalkService/c(  455): [AndroidEndpoint@1094684472] connect: acct=1000000, state=CONNECTING
D/dalvikvm(  455): GC_CONCURRENT freed 452K, 6% free 10046K/10631K, paused 14ms+3ms
D/ConnectivityService(  151): handleInetConditionHoldEnd: net=0, condition=100, published condition=0
W/Smack/Packet(  455): notify conn break (IOEx), close connection
D/ConnectivityService(  151): handleInetConditionHoldEnd: net=0, condition=0, published condition=100
I/GTalkService/c(  455): [AndroidEndpoint@1094684472] connect: acct=1000000, state=CONNECTING
D/ConnectivityService(  151): handleInetConditionHoldEnd: net=0, condition=100, published condition=0
