D/dalvikvm(  455): GC_CONCURRENT freed 344K, 6% free 10117K/10759K, paused 2ms+3ms
I/CheckinTask(  455): Checkin success: https://android.clients.google.com/checkin (1 requests sent)
I/EventLogService(  455): Aggregate from 1333742212825 (log), 1333740809516 (data)
D/dalvikvm(  151): GC_CONCURRENT freed 936K, 12% free 13284K/14983K, paused 2ms+5ms
I/ServiceDumpSys(  455): dumping service [account]
D/dalvikvm(  151): GC_EXPLICIT freed 149K, 12% free 13197K/14983K, paused 17ms+4ms
W/Smack/Packet(  455): notify conn break (IOEx), close connection
I/qtaguid (  455): Failed write_ctrl(u 68) res=-1 errno=22
I/qtaguid (  455): Untagging socket 68 failed errno=-22
W/NetworkManagementSocketTagger(  455): untagSocket(68) failed with errno -22
D/ConnectivityService(  151): handleInetConditionHoldEnd: net=0, condition=0, published condition=100
I/GTalkService/c(  455): [AndroidEndpoint@1094684472] connect: acct=1000001, state=CONNECTING
D/dalvikvm(  455): GC_CONCURRENT freed 433K, 7% free 10090K/10759K, paused 14ms+3ms
D/ConnectivityService(  151): handleInetConditionHoldEnd: net=0, condition=100, published condition=0
W/Smack/Packet(  455): notify conn break (IOEx), close connection
D/ConnectivityService(  151): handleInetConditionHoldEnd: net=0, condition=0, published condition=100
I/GTalkService/c(  455): [AndroidEndpoint@1094684472] connect: acct=1000001, state=CONNECTING
D/ConnectivityService(  151): handleInetConditionHoldEnd: net=0, condition=100, published condition=0
W/Smack/Packet(  455): notify conn break (IOEx), close connection
D/ConnectivityService(  151): handleInetConditionHoldEnd: net=0, condition=0, published condition=100
I/GTalkService/c(  455): [AndroidEndpoint@1094684472] connect: acct=1000001, state=CONNECTING
D/dalvikvm(  455): GC_CONCURRENT freed 421K, 7% free 10074K/10759K, paused 2ms+3ms
D/ConnectivityService(  151): handleInetConditionHoldEnd: net=0, condition=100, published condition=0
W/Smack/Packet(  455): notify conn break (IOEx), close connection
D/ConnectivityService(  151): handleInetConditionHoldEnd: net=0, condition=0, published condition=100
I/GTalkService/c(  455): [AndroidEndpoint@1094684472] connect: acct=1000001, state=CONNECTING
D/ConnectivityService(  151): handleInetConditionHoldEnd: net=0, condition=100, published condition=0
W/Smack/Packet(  455): notify conn break (IOEx), close connection
D/ConnectivityService(  151): handleInetConditionHoldEnd: net=0, condition=0, published condition=100
I/GTalkService/c(  455): [AndroidEndpoint@1094684472] connect: acct=1000001, state=CONNECTING
D/dalvikvm(  455): GC_CONCURRENT freed 410K, 7% free 10058K/10759K, paused 14ms+3ms
D/ConnectivityService(  151): handleInetConditionHoldEnd: net=0, condition=100, published condition=0
W/Smack/Packet(  455): notify conn break (IOEx), close connection
D/ConnectivityService(  151): handleInetConditionHoldEnd: net=0, condition=0, published condition=100
I/GTalkService/c(  455): [AndroidEndpoint@1094684472] connect: acct=1000001, state=CONNECTING
D/dalvikvm(  455): GC_CONCURRENT freed 387K, 7% free 10064K/10759K, paused 2ms+3ms
D/ConnectivityService(  151): handleInetConditionHoldEnd: net=0, condition=100, published condition=0
W/Smack/Packet(  455): notify conn break (IOEx), close connection
D/ConnectivityService(  151): handleInetConditionHoldEnd: net=0, condition=0, published condition=100
I/GTalkService/c(  455): [AndroidEndpoint@1094684472] connect: acct=1000001, state=CONNECTING
D/ConnectivityService(  151): handleInetConditionHoldEnd: net=0, condition=100, published condition=0
W/Smack/Packet(  455): notify conn break (IOEx), close connection
D/ConnectivityService(  151): handleInetConditionHoldEnd: net=0, condition=0, published condition=100
I/GTalkService/c(  455): [AndroidEndpoint@1094684472] connect: acct=1000001, state=CONNECTING
D/dalvikvm(  455): GC_CONCURRENT freed 378K, 7% free 10079K/10759K, paused 8ms+3ms
D/ConnectivityService(  151): handleInetConditionHoldEnd: net=0, condition=100, published condition=0
W/Smack/Packet(  455): notify conn break (IOEx), close connection
D/ConnectivityService(  151): handleInetConditionHoldEnd: net=0, condition=0, published condition=100
I/GTalkService/c(  455): [AndroidEndpoint@1094684472] connect: acct=1000001, state=CONNECTING
D/ConnectivityService(  151): handleInetConditionHoldEnd: net=0, condition=100, published condition=0
W/Smack/Packet(  455): notify conn break (IOEx), close connection
D/ConnectivityService(  151): handleInetConditionHoldEnd: net=0, condition=0, published condition=100
I/GTalkService/c(  455): [AndroidEndpoint@1094684472] connect: acct=1000001, state=CONNECTING
D/dalvikvm(  455): GC_CONCURRENT freed 416K, 7% free 10056K/10759K, paused 14ms+3ms
D/ConnectivityService(  151): handleInetConditionHoldEnd: net=0, condition=100, published condition=0
W/Smack/Packet(  455): notify conn break (IOEx), close connection
D/ConnectivityService(  151): handleInetConditionHoldEnd: net=0, condition=0, published condition=100
I/GTalkService/c(  455): [AndroidEndpoint@1094684472] connect: acct=1000001, state=CONNECTING
D/dalvikvm(  455): GC_CONCURRENT freed 384K, 7% free 10064K/10759K, paused 2ms+3ms
D/ConnectivityService(  151): handleInetConditionHoldEnd: net=0, condition=100, published condition=0
W/Smack/Packet(  455): notify conn break (IOEx), close connection
D/ConnectivityService(  151): handleInetConditionHoldEnd: net=0, condition=0, published condition=100
I/GTalkService/c(  455): [AndroidEndpoint@1094684472] connect: acct=1000001, state=CONNECTING
D/ConnectivityService(  151): handleInetConditionHoldEnd: net=0, condition=100, published condition=0
W/Smack/Packet(  455): notify conn break (IOEx), close connection
D/ConnectivityService(  151): handleInetConditionHoldEnd: net=0, condition=0, published condition=100
I/GTalkService/c(  455): [AndroidEndpoint@1094684472] connect: acct=1000001, state=CONNECTING
D/dalvikvm(  455): GC_CONCURRENT freed 383K, 7% free 10077K/10759K, paused 2ms+3ms
D/dalvikvm( 1301): GC_CONCURRENT freed 393K, 8% free 10005K/10759K, paused 12ms+2ms
D/ConnectivityService(  151): handleInetConditionHoldEnd: net=0, condition=100, published condition=0
W/Smack/Packet(  455): notify conn break (IOEx), close connection
D/ConnectivityService(  151): handleInetConditionHoldEnd: net=0, condition=0, published condition=100
I/GTalkService/c(  455): [AndroidEndpoint@1094684472] connect: acct=1000001, state=CONNECTING
D/ConnectivityService(  151): handleInetConditionHoldEnd: net=0, condition=100, published condition=0
W/Smack/Packet(  455): notify conn break (IOEx), close connection
D/ConnectivityService(  151): handleInetConditionHoldEnd: net=0, condition=0, published condition=100
D/dalvikvm(  151): GC_CONCURRENT freed 819K, 12% free 13303K/14983K, paused 16ms+5ms
I/GTalkService/c(  455): [AndroidEndpoint@1094684472] connect: acct=1000001, state=CONNECTING
D/dalvikvm(  455): GC_CONCURRENT freed 415K, 7% free 10057K/10759K, paused 14ms+3ms
D/ConnectivityService(  151): handleInetConditionHoldEnd: net=0, condition=100, published condition=0
D/dalvikvm(  218): GC_CONCURRENT freed 391K, 7% free 10096K/10759K, paused 29ms+3ms
W/Smack/Packet(  455): notify conn break (IOEx), close connection
D/ConnectivityService(  151): handleInetConditionHoldEnd: net=0, condition=0, published condition=100
I/GTalkService/c(  455): [AndroidEndpoint@1094684472] connect: acct=1000001, state=CONNECTING
D/dalvikvm(  455): GC_CONCURRENT freed 387K, 7% free 10062K/10759K, paused 2ms+3ms
D/ConnectivityService(  151): handleInetConditionHoldEnd: net=0, condition=100, published condition=0
W/Smack/Packet(  455): notify conn break (IOEx), close connection
D/ConnectivityService(  151): handleInetConditionHoldEnd: net=0, condition=0, published condition=100
I/GTalkService/c(  455): [AndroidEndpoint@1094684472] connect: acct=1000001, state=CONNECTING
D/dalvikvm(  151): GC_EXPLICIT freed 284K, 12% free 13210K/14983K, paused 20ms+5ms
D/ConnectivityService(  151): handleInetConditionHoldEnd: net=0, condition=100, published condition=0
W/Smack/Packet(  455): notify conn break (IOEx), close connection
D/ConnectivityService(  151): handleInetConditionHoldEnd: net=0, condition=0, published condition=100
I/GTalkService/c(  455): [AndroidEndpoint@1094684472] connect: acct=1000001, state=CONNECTING
D/dalvikvm(  455): GC_CONCURRENT freed 387K, 7% free 10076K/10759K, paused 2ms+3ms
D/ConnectivityService(  151): handleInetConditionHoldEnd: net=0, condition=100, published condition=0
W/Smack/Packet(  455): notify conn break (IOEx), close connection
D/ConnectivityService(  151): handleInetConditionHoldEnd: net=0, condition=0, published condition=100
I/GTalkService/c(  455): [AndroidEndpoint@1094684472] connect: acct=1000001, state=CONNECTING
D/ConnectivityService(  151): handleInetConditionHoldEnd: net=0, condition=100, published condition=0
W/Smack/Packet(  455): notify conn break (IOEx), close connection
D/ConnectivityService(  151): handleInetConditionHoldEnd: net=0, condition=0, published condition=100
I/GTalkService/c(  455): [AndroidEndpoint@1094684472] connect: acct=1000001, state=CONNECTING
D/dalvikvm(  455): GC_CONCURRENT freed 413K, 7% free 10050K/10759K, paused 14ms+3ms
D/ConnectivityService(  151): handleInetConditionHoldEnd: net=0, condition=100, published condition=0
W/Smack/Packet(  455): notify conn break (IOEx), close connection
D/ConnectivityService(  151): handleInetConditionHoldEnd: net=0, condition=0, published condition=100
I/GTalkService/c(  455): [AndroidEndpoint@1094684472] connect: acct=1000001, state=CONNECTING
D/dalvikvm(  455): GC_CONCURRENT freed 384K, 7% free 10054K/10759K, paused 1ms+2ms
D/ConnectivityService(  151): handleInetConditionHoldEnd: net=0, condition=100, published condition=0
W/Smack/Packet(  455): notify conn break (IOEx), close connection
D/ConnectivityService(  151): handleInetConditionHoldEnd: net=0, condition=0, published condition=100
I/GTalkService/c(  455): [AndroidEndpoint@1094684472] connect: acct=1000001, state=CONNECTING
D/ConnectivityService(  151): handleInetConditionHoldEnd: net=0, condition=100, published condition=0
W/Smack/Packet(  455): notify conn break (IOEx), close connection
D/ConnectivityService(  151): handleInetConditionHoldEnd: net=0, condition=0, published condition=100
I/GTalkService/c(  455): [AndroidEndpoint@1094684472] connect: acct=1000001, state=CONNECTING
D/dalvikvm(  455): GC_CONCURRENT freed 386K, 7% free 10075K/10759K, paused 2ms+3ms
D/ConnectivityService(  151): handleInetConditionHoldEnd: net=0, condition=100, published condition=0
W/Smack/Packet(  455): notify conn break (IOEx), close connection
D/ConnectivityService(  151): handleInetConditionHoldEnd: net=0, condition=0, published condition=100
I/GTalkService/c(  455): [AndroidEndpoint@1094684472] connect: acct=1000001, state=CONNECTING
D/ConnectivityService(  151): handleInetConditionHoldEnd: net=0, condition=100, published condition=0
W/Smack/Packet(  455): notify conn break (IOEx), close connection
D/ConnectivityService(  151): handleInetConditionHoldEnd: net=0, condition=0, published condition=100
I/GTalkService/c(  455): [AndroidEndpoint@1094684472] connect: acct=1000001, state=CONNECTING
D/dalvikvm(  455): GC_CONCURRENT freed 412K, 7% free 10056K/10759K, paused 14ms+3ms
D/ConnectivityService(  151): handleInetConditionHoldEnd: net=0, condition=100, published condition=0
W/Smack/Packet(  455): notify conn break (IOEx), close connection
D/ConnectivityService(  151): handleInetConditionHoldEnd: net=0, condition=0, published condition=100
I/GTalkService/c(  455): [AndroidEndpoint@1094684472] connect: acct=1000001, state=CONNECTING
D/dalvikvm(  455): GC_CONCURRENT freed 386K, 7% free 10063K/10759K, paused 2ms+3ms
D/ConnectivityService(  151): handleInetConditionHoldEnd: net=0, condition=100, published condition=0
W/Smack/Packet(  455): notify conn break (IOEx), close connection
D/ConnectivityService(  151): handleInetConditionHoldEnd: net=0, condition=0, published condition=100
I/GTalkService/c(  455): [AndroidEndpoint@1094684472] connect: acct=1000001, state=CONNECTING
D/ConnectivityService(  151): handleInetConditionHoldEnd: net=0, condition=100, published condition=0
W/Smack/Packet(  455): notify conn break (IOEx), close connection
D/ConnectivityService(  151): handleInetConditionHoldEnd: net=0, condition=0, published condition=100
I/GTalkService/c(  455): [AndroidEndpoint@1094684472] connect: acct=1000001, state=CONNECTING
D/dalvikvm(  455): GC_CONCURRENT freed 383K, 7% free 10077K/10759K, paused 2ms+2ms
D/ConnectivityService(  151): handleInetConditionHoldEnd: net=0, condition=100, published condition=0
W/Smack/Packet(  455): notify conn break (IOEx), close connection
D/ConnectivityService(  151): handleInetConditionHoldEnd: net=0, condition=0, published condition=100
I/GTalkService/c(  455): [AndroidEndpoint@1094684472] connect: acct=1000001, state=CONNECTING
D/ConnectivityService(  151): handleInetConditionHoldEnd: net=0, condition=100, published condition=0
W/Smack/Packet(  455): notify conn break (IOEx), close connection
D/ConnectivityService(  151): handleInetConditionHoldEnd: net=0, condition=0, published condition=100
I/GTalkService/c(  455): [AndroidEndpoint@1094684472] connect: acct=1000001, state=CONNECTING
D/dalvikvm(  455): GC_CONCURRENT freed 413K, 7% free 10057K/10759K, paused 14ms+3ms
W/Smack/Packet(  455): notify conn break (IOEx), close connection
D/ConnectivityService(  151): handleInetConditionHoldEnd: net=0, condition=0, published condition=0
D/dalvikvm(  151): GC_CONCURRENT freed 832K, 12% free 13300K/14983K, paused 13ms+5ms
I/GTalkService/c(  455): [AndroidEndpoint@1094684472] connect: acct=1000001, state=CONNECTING
D/dalvikvm(  455): GC_CONCURRENT freed 386K, 7% free 10065K/10759K, paused 2ms+2ms
D/ConnectivityService(  151): handleInetConditionHoldEnd: net=0, condition=100, published condition=0
W/Smack/Packet(  455): notify conn break (IOEx), close connection
D/ConnectivityService(  151): handleInetConditionHoldEnd: net=0, condition=0, published condition=100
I/GTalkService/c(  455): [AndroidEndpoint@1094684472] connect: acct=1000001, state=CONNECTING
D/ConnectivityService(  151): handleInetConditionHoldEnd: net=0, condition=100, published condition=0
D/dalvikvm(  151): GC_EXPLICIT freed 296K, 12% free 13209K/14983K, paused 20ms+4ms
W/Smack/Packet(  455): notify conn break (IOEx), close connection
D/ConnectivityService(  151): handleInetConditionHoldEnd: net=0, condition=0, published condition=100
I/GTalkService/c(  455): [AndroidEndpoint@1094684472] connect: acct=1000001, state=CONNECTING
D/dalvikvm(  455): GC_CONCURRENT freed 383K, 7% free 10077K/10759K, paused 2ms+4ms
D/ConnectivityService(  151): handleInetConditionHoldEnd: net=0, condition=100, published condition=0
W/Smack/Packet(  455): notify conn break (IOEx), close connection
D/ConnectivityService(  151): handleInetConditionHoldEnd: net=0, condition=0, published condition=100
I/GTalkService/c(  455): [AndroidEndpoint@1094684472] connect: acct=1000001, state=CONNECTING
D/ConnectivityService(  151): handleInetConditionHoldEnd: net=0, condition=100, published condition=0
W/Smack/Packet(  455): notify conn break (IOEx), close connection
D/ConnectivityService(  151): handleInetConditionHoldEnd: net=0, condition=0, published condition=100
I/GTalkService/c(  455): [AndroidEndpoint@1094684472] connect: acct=1000001, state=CONNECTING
D/dalvikvm(  455): GC_CONCURRENT freed 418K, 7% free 10056K/10759K, paused 14ms+3ms
D/ConnectivityService(  151): handleInetConditionHoldEnd: net=0, condition=100, published condition=0
W/Smack/Packet(  455): notify conn break (IOEx), close connection
D/ConnectivityService(  151): handleInetConditionHoldEnd: net=0, condition=0, published condition=100
I/GTalkService/c(  455): [AndroidEndpoint@1094684472] connect: acct=1000001, state=CONNECTING
D/dalvikvm(  455): GC_CONCURRENT freed 385K, 7% free 10064K/10759K, paused 2ms+4ms
D/dalvikvm(  455): GC_EXPLICIT freed 56K, 7% free 10030K/10759K, paused 9ms+3ms
D/ConnectivityService(  151): handleInetConditionHoldEnd: net=0, condition=100, published condition=0
W/Smack/Packet(  455): notify conn break (IOEx), close connection
D/ConnectivityService(  151): handleInetConditionHoldEnd: net=0, condition=0, published condition=100
D/dalvikvm(  311): GC_CONCURRENT freed 411K, 6% free 9510K/10055K, paused 20ms+2ms
I/GTalkService/c(  455): [AndroidEndpoint@1094684472] connect: acct=1000001, state=CONNECTING
D/ConnectivityService(  151): handleInetConditionHoldEnd: net=0, condition=100, published condition=0
W/Smack/Packet(  455): notify conn break (IOEx), close connection
D/ConnectivityService(  151): handleInetConditionHoldEnd: net=0, condition=0, published condition=100
I/GTalkService/c(  455): [AndroidEndpoint@1094684472] connect: acct=1000001, state=CONNECTING
D/dalvikvm(  455): GC_CONCURRENT freed 357K, 7% free 10063K/10759K, paused 14ms+2ms
D/ConnectivityService(  151): handleInetConditionHoldEnd: net=0, condition=100, published condition=0
I/EventLogService(  455): Aggregate from 1333742609627 (log), 1333742609627 (data)
I/ServiceDumpSys(  455): dumping service [account]
D/AlarmManagerService(  151): Kernel timezone updated to 240 minutes west of GMT
D/SystemClock(  311): Setting time of day to sec=1333744575
D/dalvikvm(  218): GC_CONCURRENT freed 394K, 7% free 10097K/10759K, paused 9ms+4ms
V/AlarmClock(  554): AlarmInitReceiver finished
D/dalvikvm(  151): GC_CONCURRENT freed 857K, 12% free 13302K/14983K, paused 16ms+5ms
D/dalvikvm(  151): GC_CONCURRENT freed 957K, 12% free 13292K/14983K, paused 2ms+5ms
I/EventLogService(  455): Aggregate from 1333744409746 (log), 1333744409746 (data)
I/ServiceDumpSys(  455): dumping service [account]
D/dalvikvm(  151): GC_CONCURRENT freed 958K, 12% free 13278K/14983K, paused 12ms+5ms
D/dalvikvm(  218): GC_CONCURRENT freed 378K, 7% free 10105K/10759K, paused 14ms+3ms
D/dalvikvm( 1272): GC_CONCURRENT freed 305K, 5% free 10131K/10567K, paused 2ms+2ms
D/dalvikvm(  151): GC_CONCURRENT freed 940K, 12% free 13288K/14983K, paused 16ms+5ms
I/EventLogService(  455): Aggregate from 1333746209896 (log), 1333746209896 (data)
I/ServiceDumpSys(  455): dumping service [account]
D/AlarmManagerService(  151): Kernel timezone updated to 240 minutes west of GMT
D/SystemClock(  311): Setting time of day to sec=1333748177
V/AlarmClock(  554): AlarmInitReceiver finished
D/dalvikvm(  455): GC_CONCURRENT freed 398K, 7% free 10048K/10759K, paused 17ms+3ms
D/dalvikvm(  151): GC_CONCURRENT freed 960K, 12% free 13272K/14983K, paused 2ms+5ms
D/dalvikvm(  311): GC_CONCURRENT freed 411K, 6% free 9511K/10055K, paused 1ms+2ms
D/dalvikvm(  151): GC_EXPLICIT freed 826K, 12% free 13259K/14983K, paused 2ms+5ms
I/CheckinService(  455): Preparing to send checkin request
I/EventLogService(  455): Accumulating logs since 1333748010024
I/CheckinTask(  455): Sending checkin request (1646 bytes)
D/dalvikvm(  455): GC_CONCURRENT freed 327K, 7% free 10112K/10759K, paused 2ms+3ms
I/CheckinTask(  455): Checkin success: https://android.clients.google.com/checkin (1 requests sent)
D/dalvikvm(  218): GC_CONCURRENT freed 381K, 7% free 10110K/10759K, paused 1ms+3ms
I/EventLogService(  455): Aggregate from 1333749419400 (log), 1333748010024 (data)
I/ServiceDumpSys(  455): dumping service [account]
D/dalvikvm(  151): GC_CONCURRENT freed 919K, 12% free 13276K/14983K, paused 2ms+5ms
D/dalvikvm( 1301): GC_CONCURRENT freed 385K, 8% free 10005K/10759K, paused 2ms+2ms
D/dalvikvm(  151): GC_CONCURRENT freed 961K, 12% free 13272K/14983K, paused 17ms+5ms
I/EventLogService(  455): Aggregate from 1333749810148 (log), 1333749810148 (data)
I/ServiceDumpSys(  455): dumping service [account]
D/AlarmManagerService(  151): Kernel timezone updated to 240 minutes west of GMT
D/SystemClock(  311): Setting time of day to sec=1333751779
V/AlarmClock(  554): AlarmInitReceiver finished
D/dalvikvm(  218): GC_CONCURRENT freed 382K, 7% free 10112K/10759K, paused 2ms+2ms
D/dalvikvm(  151): GC_CONCURRENT freed 920K, 12% free 13289K/14983K, paused 17ms+4ms
I/power   (  151): *** set_screen_state 1
I/WindowManager(  151): Lock screen displayed!
D/SurfaceFlinger(   78): Screen about to return, flinger = 0x165b918
D/dalvikvm(  311): GC_EXPLICIT freed 242K, 6% free 9497K/10055K, paused 11ms+6ms
D/PhoneStatusBar(  218): disable: < expand icons alerts ticker system_info BACK HOME recent* CLOCK >
D/NfcService(  326): NFC-C ON
W/InputManagerService(  151): Window already focused, ignoring focus gain of: com.android.internal.view.IInputMethodClient$Stub$Proxy@41703398
D/PhoneStatusBar(  218): disable: < expand icons alerts ticker system_info back* home* recent clock* >
I/ActivityManager(  151): START {cmp=net.szym.barnacle/.StatusActivity bnds=[0,119][480,215]} from pid -1
W/ActivityManager(  151): startActivity called from non-Activity context; forcing Intent.FLAG_ACTIVITY_NEW_TASK for: Intent { cmp=net.szym.barnacle/.StatusActivity bnds=[0,119][480,215] }
D/AudioHardware(   81): AudioHardware pcm playback is exiting standby.
D/AudioHardware(   81): openPcmOut_l() mPcmOpenCnt: 0
W/KeyguardViewMediator(  151): verifyUnlock called when not externally disabled
D/OpenGLRenderer(  338): Flushing caches (mode 0)
V/PhoneStatusBar(  218): setLightsOn(true)
D/OpenGLRenderer(  338): Flushing caches (mode 1)
W/Netd    (   75): No subsystem found in netlink event
D/NetlinkEvent(   75): Unexpected netlink message. type=0x11
I/BarnacleService(  998): Process exited with status: 0
I/System  (  998): Failed to destroy process 1050
I/System  (  998): libcore.io.ErrnoException: kill failed: ESRCH (No such process)
I/System  (  998): 	at libcore.io.Posix.kill(Native Method)
I/System  (  998): 	at libcore.io.ForwardingOs.kill(ForwardingOs.java:77)
I/System  (  998): 	at java.lang.ProcessManager$ProcessImpl.destroy(ProcessManager.java:257)
I/System  (  998): 	at net.szym.barnacle.BarnacleService.stopProcess(BarnacleService.java:584)
I/System  (  998): 	at net.szym.barnacle.BarnacleService.handle(BarnacleService.java:364)
I/System  (  998): 	at net.szym.barnacle.BarnacleService.access$1(BarnacleService.java:211)
I/System  (  998): 	at net.szym.barnacle.BarnacleService$2.handleMessage(BarnacleService.java:208)
I/System  (  998): 	at android.os.Handler.dispatchMessage(Handler.java:99)
I/System  (  998): 	at android.os.Looper.loop(Looper.java:137)
I/System  (  998): 	at android.app.ActivityThread.main(ActivityThread.java:4424)
I/System  (  998): 	at java.lang.reflect.Method.invokeNative(Native Method)
I/System  (  998): 	at java.lang.reflect.Method.invoke(Method.java:511)
I/System  (  998): 	at com.android.internal.os.ZygoteInit$MethodAndArgsCaller.run(ZygoteInit.java:784)
I/System  (  998): 	at com.android.internal.os.ZygoteInit.main(ZygoteInit.java:551)
I/System  (  998): 	at dalvik.system.NativeStart.main(Native Method)
I/BarnacleService(  998): log: Stopped
W/myBarnacleApp(  998): processStopped
D/dalvikvm(  218): GC_FOR_ALLOC freed 456K, 8% free 9901K/10759K, paused 32ms
W/myBarnacleApp(  998): processStopped
D/dalvikvm(  218): GC_FOR_ALLOC freed 311K, 9% free 9896K/10759K, paused 31ms
D/AudioHardware(   81): AudioHardware pcm playback is going to standby.
D/AudioHardware(   81): closePcmOut_l() mPcmOpenCnt: 1
D/PhoneStatusBar(  218): disable: < EXPAND* icons alerts ticker system_info back home recent clock >
D/AudioHardware(   81): AudioHardware pcm playback is exiting standby.
D/AudioHardware(   81): openPcmOut_l() mPcmOpenCnt: 0
D/BluetoothAdapterStateMachine(  151): HotOff process message: 55
I/NfcService(  326): Disabling NFC
D/NdefPushServer(  326): stop, thread = Thread[Thread-36,5,main]
D/NdefPushServer(  326): shuting down server thread
W/InputManagerService(  151): Window already focused, ignoring focus gain of: com.android.internal.view.IInputMethodClient$Stub$Proxy@41739090
D/BluetoothEventLoop(  151): Property Changed: UUIDs : 9
E/BluetoothService.cpp(  151): setBluetoothTetheringNative false
D/BluetoothEventLoop(  151): Property Changed: UUIDs : 8
D/BluetoothEventLoop(  151): Property Changed: UUIDs : 7
D/BluetoothEventLoop(  151): Property Changed: UUIDs : 6
V/PhoneStatusBar(  218): setLightsOn(true)
D/PhoneStatusBar(  218): disable: < expand* icons alerts ticker system_info back home recent clock >
D/BluetoothEventLoop(  151): Property Changed: UUIDs : 5
D/NFC JNI (  326): Terminating client thread...
I/bluedroid(  151): Stopping bluetoothd deamon
I/dalvikvm( 1301): Total arena pages for JIT: 11
I/dalvikvm( 1301): Total arena pages for JIT: 12
I/dalvikvm( 1301): Total arena pages for JIT: 13
I/dalvikvm( 1301): Total arena pages for JIT: 14
I/dalvikvm( 1301): Total arena pages for JIT: 15
I/dalvikvm( 1301): Total arena pages for JIT: 16
I/dalvikvm( 1301): Total arena pages for JIT: 17
D/NFC JNI (  326): phLibNfc_Mgt_UnConfigureDriver() returned 0x0000[NFCSTATUS_SUCCESS]
I/bluedroid(  151): Stopping hciattach deamon
D/BluetoothAdapterStateMachine(  151): Bluetooth state 10 -> 10
D/ConnectivityService(  151): ConnectivityChange for mobile: DISCONNECTED/DISCONNECTED
D/ConnectivityService(  151): Attempting to switch to WIFI
D/ConnectivityService(  151): Attempting to switch to BLUETOOTH_TETHER
D/NetUtils(  151): android_net_utils_resetConnections in env=0x1d19df8 clazz=0xbb600001 iface=rmnet0 mask=0x3
D/ConnectivityService(  151): resetConnections(rmnet0, 3)
W/Smack/Packet(  455): notify conn break (IOEx), close connection
I/qtaguid (  455): Failed write_ctrl(u 68) res=-1 errno=22
I/qtaguid (  455): Untagging socket 68 failed errno=-22
W/NetworkManagementSocketTagger(  455): untagSocket(68) failed with errno -22
D/ConnectivityService(  151): handleInetConditionChange: no active default network - ignore
D/AudioHardware(   81): AudioHardware pcm playback is going to standby.
D/AudioHardware(   81): closePcmOut_l() mPcmOpenCnt: 1
D/Tethering(  151): MasterInitialState.processMessage what=3
I/MediaUploader(  961): No need to wake up
D/PicasaSyncManager(  976): active network: null
D/PicasaSyncManager(  976): background data: true
D/PicasaSyncManager(  976): battery info: false
D/dalvikvm(  218): GC_CONCURRENT freed 424K, 9% free 9873K/10759K, paused 2ms+3ms
D/dalvikvm(  151): GC_CONCURRENT freed 1026K, 12% free 13296K/14983K, paused 2ms+6ms
I/power   (  151): *** set_screen_state 0
D/SurfaceFlinger(   78): About to give-up screen, flinger = 0x165b918
D/dalvikvm(  151): GC_FOR_ALLOC freed 855K, 16% free 12664K/14983K, paused 81ms
V/TransportControlView(  151): Create TCV com.android.internal.widget.TransportControlView@4133b340
D/PhoneStatusBar(  218): disable: < expand icons alerts ticker system_info back home RECENT* clock >
D/PhoneStatusBar(  218): disable: < expand icons alerts ticker system_info BACK* HOME* RECENT CLOCK* >
D/NetworkLocator(  455): null cell state delivered
D/dalvikvm(  151): GC_CONCURRENT freed 111K, 11% free 13374K/14983K, paused 4ms+6ms
D/NetworkLocator(  455): null cell state delivered
I/EventLogService(  455): Aggregate from 1333751610268 (log), 1333751610268 (data)
I/ServiceDumpSys(  455): dumping service [account]
D/dalvikvm(  455): GC_FOR_ALLOC freed 447K, 7% free 10048K/10759K, paused 41ms
I/EventLogService(  455): Aggregate from 1333753410474 (log), 1333753410474 (data)
I/ServiceDumpSys(  455): dumping service [account]
I/SystemUpdateService(  455): download in progress: [id: 13 compl: false succ: false bytes: 0 reason: 0 fn: null]
I/SystemUpdateService(  455): download took too long; will cancel and retry
V/SystemUpdateService(  455): retry (wakeup: true) in 89864 ms
V/SystemUpdateService(  455): onPostExecute: false
I/SystemUpdateService(  455): starting download of http://android.clients.google.com/packages/ota/google_crespo/hR7QFEtn.zip
V/SystemUpdateService(  455): retry (wakeup: true) in 21599997 ms
I/SystemUpdate.Download(  455): Started a new update download: http://android.clients.google.com/packages/ota/google_crespo/hR7QFEtn.zip (id 14; allowMobile=false)
D/dalvikvm(  151): GC_CONCURRENT freed 912K, 11% free 13425K/14983K, paused 3ms+4ms
V/SystemUpdateService(  455): onPostExecute: false
I/DownloadManager(  267): Initiating request for download 14
W/DownloadManager(  267): Aborting request for download 14: no network connection available
I/EventLogService(  455): Aggregate from 1333755210784 (log), 1333755210784 (data)
I/ServiceDumpSys(  455): dumping service [account]
D/dalvikvm(  455): GC_FOR_ALLOC freed 408K, 8% free 9987K/10759K, paused 36ms
I/EventLogService(  455): Aggregate from 1333757010929 (log), 1333757010929 (data)
I/ServiceDumpSys(  455): dumping service [account]
I/EventLogService(  455): Aggregate from 1333758811055 (log), 1333758811055 (data)
I/ServiceDumpSys(  455): dumping service [account]
D/dalvikvm(  151): GC_CONCURRENT freed 994K, 11% free 13422K/14983K, paused 4ms+6ms
I/EventLogService(  455): Aggregate from 1333760611739 (log), 1333760611739 (data)
I/ServiceDumpSys(  455): dumping service [account]
I/EventLogService(  455): Aggregate from 1333762411882 (log), 1333762411882 (data)
I/ServiceDumpSys(  455): dumping service [account]
I/EventLogService(  455): Aggregate from 1333764212014 (log), 1333764212014 (data)
I/ServiceDumpSys(  455): dumping service [account]
D/dalvikvm(  455): GC_FOR_ALLOC freed 350K, 8% free 9987K/10759K, paused 22ms
D/dalvikvm(  151): GC_CONCURRENT freed 979K, 11% free 13421K/14983K, paused 3ms+5ms
I/EventLogService(  455): Aggregate from 1333766012134 (log), 1333766012134 (data)
I/ServiceDumpSys(  455): dumping service [account]
I/EventLogService(  455): Aggregate from 1333767812252 (log), 1333767812252 (data)
I/ServiceDumpSys(  455): dumping service [account]
D/AlarmManagerService(  151): Kernel timezone updated to 240 minutes west of GMT
I/ActivityManager(  151): Start proc com.google.android.inputmethod.latin.dictionarypack for broadcast com.google.android.inputmethod.latin.dictionarypack/.UpdateHandler: pid=2190 uid=10027 gids={3003, 1015}
I/ActivityThread( 2190): Pub com.android.inputmethod.latin.dictionarypack: com.google.android.inputmethod.latin.dictionarypack.DictionaryProvider
D/dalvikvm(  151): GC_EXPLICIT freed 758K, 11% free 13414K/14983K, paused 2ms+5ms
I/EventLogService(  455): Aggregate from 1333769612388 (log), 1333769612388 (data)
I/ServiceDumpSys(  455): dumping service [account]
I/EventLogService(  455): Aggregate from 1333771412571 (log), 1333771412571 (data)
I/ServiceDumpSys(  455): dumping service [account]
D/dalvikvm(  218): GC_CONCURRENT freed 359K, 8% free 9910K/10759K, paused 2ms+4ms
I/EventLogService(  455): Aggregate from 1333773212788 (log), 1333773212788 (data)
I/ServiceDumpSys(  455): dumping service [account]
D/dalvikvm(  455): GC_FOR_ALLOC freed 353K, 8% free 9987K/10759K, paused 34ms
D/dalvikvm(  151): GC_CONCURRENT freed 953K, 11% free 13440K/14983K, paused 2ms+4ms
I/EventLogService(  455): Aggregate from 1333775012939 (log), 1333775012939 (data)
I/ServiceDumpSys(  455): dumping service [account]
I/SystemUpdateService(  455): download in progress: [id: 14 compl: false succ: false bytes: 0 reason: 0 fn: null]
I/SystemUpdateService(  455): download took too long; will cancel and retry
V/SystemUpdateService(  455): retry (wakeup: true) in 149901 ms
V/SystemUpdateService(  455): onPostExecute: false
I/SystemUpdateService(  455): starting download of http://android.clients.google.com/packages/ota/google_crespo/hR7QFEtn.zip
V/SystemUpdateService(  455): retry (wakeup: true) in 21599997 ms
D/dalvikvm(  267): GC_CONCURRENT freed 355K, 5% free 9311K/9799K, paused 2ms+3ms
I/SystemUpdate.Download(  455): Started a new update download: http://android.clients.google.com/packages/ota/google_crespo/hR7QFEtn.zip (id 15; allowMobile=false)
V/SystemUpdateService(  455): onPostExecute: false
I/DownloadManager(  267): Initiating request for download 15
W/DownloadManager(  267): Aborting request for download 15: no network connection available
I/EventLogService(  455): Aggregate from 1333776813067 (log), 1333776813067 (data)
I/ServiceDumpSys(  455): dumping service [account]
D/dalvikvm(  455): GC_FOR_ALLOC freed 350K, 8% free 9988K/10759K, paused 36ms
I/EventLogService(  455): Aggregate from 1333778613196 (log), 1333778613196 (data)
I/ServiceDumpSys(  455): dumping service [account]
D/dalvikvm(  151): GC_CONCURRENT freed 1016K, 11% free 13437K/14983K, paused 3ms+4ms
I/EventLogService(  455): Aggregate from 1333780413321 (log), 1333780413321 (data)
I/ServiceDumpSys(  455): dumping service [account]
I/EventLogService(  455): Aggregate from 1333782213438 (log), 1333782213438 (data)
I/ServiceDumpSys(  455): dumping service [account]
D/dalvikvm(  218): GC_CONCURRENT freed 319K, 8% free 9984K/10759K, paused 2ms+5ms
I/DownloadManager(  267): Initiating request for download 16
W/DownloadManager(  267): Aborting request for download 16: no network connection available
I/EventLogService(  455): Aggregate from 1333784013550 (log), 1333784013550 (data)
I/ServiceDumpSys(  455): dumping service [account]
D/dalvikvm(  151): GC_CONCURRENT freed 1000K, 11% free 13440K/14983K, paused 2ms+8ms
I/EventLogService(  455): Aggregate from 1333785813801 (log), 1333785813801 (data)
I/ServiceDumpSys(  455): dumping service [account]
D/dalvikvm(  455): GC_FOR_ALLOC freed 366K, 8% free 9986K/10759K, paused 18ms
I/EventLogService(  455): Aggregate from 1333787613931 (log), 1333787613931 (data)
I/ServiceDumpSys(  455): dumping service [account]
I/EventLogService(  455): Aggregate from 1333789414030 (log), 1333789414030 (data)
I/ServiceDumpSys(  455): dumping service [account]
D/dalvikvm(  151): GC_CONCURRENT freed 1039K, 11% free 13447K/14983K, paused 2ms+5ms
D/dalvikvm(  455): GC_EXPLICIT freed 187K, 8% free 9977K/10759K, paused 2ms+3ms
I/EventLogService(  455): Aggregate from 1333791214127 (log), 1333791214127 (data)
I/ServiceDumpSys(  455): dumping service [account]
I/EventLogService(  455): Aggregate from 1333793014260 (log), 1333793014260 (data)
I/ServiceDumpSys(  455): dumping service [account]
I/EventLogService(  455): Aggregate from 1333794814360 (log), 1333794814360 (data)
I/ServiceDumpSys(  455): dumping service [account]
D/dalvikvm(  218): GC_CONCURRENT freed 392K, 8% free 9979K/10759K, paused 2ms+4ms
I/EventLogService(  455): Aggregate from 1333796614485 (log), 1333796614485 (data)
D/dalvikvm(  151): GC_CONCURRENT freed 990K, 11% free 13447K/14983K, paused 3ms+6ms
I/ServiceDumpSys(  455): dumping service [account]
I/SystemUpdateService(  455): download in progress: [id: 15 compl: false succ: false bytes: 0 reason: 0 fn: null]
I/SystemUpdateService(  455): download took too long; will cancel and retry
D/dalvikvm(  455): GC_FOR_ALLOC freed 350K, 8% free 9989K/10759K, paused 19ms
V/SystemUpdateService(  455): retry (wakeup: true) in 209939 ms
V/SystemUpdateService(  455): onPostExecute: false
I/EventLogService(  455): Aggregate from 1333798414801 (log), 1333798414801 (data)
I/ServiceDumpSys(  455): dumping service [account]
I/SystemUpdateService(  455): starting download of http://android.clients.google.com/packages/ota/google_crespo/hR7QFEtn.zip
V/SystemUpdateService(  455): retry (wakeup: true) in 21599998 ms
I/SystemUpdate.Download(  455): Started a new update download: http://android.clients.google.com/packages/ota/google_crespo/hR7QFEtn.zip (id 17; allowMobile=false)
V/SystemUpdateService(  455): onPostExecute: false
I/DownloadManager(  267): Initiating request for download 17
W/DownloadManager(  267): Aborting request for download 17: no network connection available
I/EventLogService(  455): Aggregate from 1333800214994 (log), 1333800214994 (data)
I/ServiceDumpSys(  455): dumping service [account]
D/dalvikvm(  151): GC_CONCURRENT freed 975K, 11% free 13459K/14983K, paused 3ms+5ms
I/EventLogService(  455): Aggregate from 1333802015099 (log), 1333802015099 (data)
I/ServiceDumpSys(  455): dumping service [account]
I/EventLogService(  455): Aggregate from 1333803815203 (log), 1333803815203 (data)
D/dalvikvm(  455): GC_FOR_ALLOC freed 377K, 8% free 9988K/10759K, paused 21ms
I/ServiceDumpSys(  455): dumping service [account]
I/EventLogService(  455): Aggregate from 1333805615308 (log), 1333805615308 (data)
I/ServiceDumpSys(  455): dumping service [account]
D/dalvikvm(  151): GC_EXPLICIT freed 845K, 11% free 13451K/14983K, paused 20ms+5ms
I/EventLogService(  455): Aggregate from 1333807415788 (log), 1333807415788 (data)
I/ServiceDumpSys(  455): dumping service [account]
D/dalvikvm(  218): GC_CONCURRENT freed 384K, 8% free 9978K/10759K, paused 2ms+4ms
I/EventLogService(  455): Aggregate from 1333809215928 (log), 1333809215928 (data)
I/ServiceDumpSys(  455): dumping service [account]
I/EventLogService(  455): Aggregate from 1333811016095 (log), 1333811016095 (data)
I/ServiceDumpSys(  455): dumping service [account]
D/dalvikvm(  151): GC_CONCURRENT freed 1007K, 11% free 13460K/14983K, paused 5ms+6ms
I/EventLogService(  455): Aggregate from 1333812816212 (log), 1333812816212 (data)
D/dalvikvm(  455): GC_FOR_ALLOC freed 379K, 8% free 9987K/10759K, paused 21ms
I/ServiceDumpSys(  455): dumping service [account]
D/Finsky  (  847): [1] UpdateCheckReceiver.updateCheckIfNecessary: Force checking for available updates.
D/Finsky  (  847): [1] UpdatesAvailableReceiver.onReceive: Received updates available notification
E/Finsky  (  847): [1] UpdatesAvailableReceiver.onReceive: Could not set up current account / dfe api when receiving an updates available broadcast.
I/EventLogService(  455): Aggregate from 1333814616330 (log), 1333814616330 (data)
I/ServiceDumpSys(  455): dumping service [account]
I/EventLogService(  455): Aggregate from 1333816416493 (log), 1333816416493 (data)
I/ServiceDumpSys(  455): dumping service [account]
D/dalvikvm(  151): GC_CONCURRENT freed 993K, 11% free 13468K/14983K, paused 5ms+8ms
I/EventLogService(  455): Aggregate from 1333818216789 (log), 1333818216789 (data)
I/ServiceDumpSys(  455): dumping service [account]
I/EventLogService(  455): Aggregate from 1333820016929 (log), 1333820016929 (data)
I/ServiceDumpSys(  455): dumping service [account]
D/dalvikvm(  218): GC_CONCURRENT freed 392K, 8% free 9978K/10759K, paused 2ms+3ms
I/SystemUpdateService(  455): download in progress: [id: 17 compl: false succ: false bytes: 0 reason: 0 fn: null]
I/SystemUpdateService(  455): download took too long; will cancel and retry
D/dalvikvm(  455): GC_FOR_ALLOC freed 373K, 8% free 9990K/10759K, paused 18ms
D/dalvikvm(  267): GC_EXPLICIT freed 350K, 6% free 9280K/9799K, paused 2ms+3ms
V/SystemUpdateService(  455): retry (wakeup: true) in 269895 ms
V/SystemUpdateService(  455): onPostExecute: false
I/SystemUpdateService(  455): starting download of http://android.clients.google.com/packages/ota/google_crespo/hR7QFEtn.zip
V/SystemUpdateService(  455): retry (wakeup: true) in 21599998 ms
I/SystemUpdate.Download(  455): Started a new update download: http://android.clients.google.com/packages/ota/google_crespo/hR7QFEtn.zip (id 18; allowMobile=false)
V/SystemUpdateService(  455): onPostExecute: false
I/DownloadManager(  267): Initiating request for download 18
W/DownloadManager(  267): Aborting request for download 18: no network connection available
D/dalvikvm(  151): GC_CONCURRENT freed 1036K, 11% free 13466K/14983K, paused 3ms+5ms
I/EventLogService(  455): Aggregate from 1333821817060 (log), 1333821817060 (data)
I/ServiceDumpSys(  455): dumping service [account]
I/EventLogService(  455): Aggregate from 1333823617174 (log), 1333823617174 (data)
I/ServiceDumpSys(  455): dumping service [account]
I/EventLogService(  455): Aggregate from 1333825417297 (log), 1333825417297 (data)
D/dalvikvm(  455): GC_FOR_ALLOC freed 371K, 8% free 9986K/10759K, paused 18ms
I/ServiceDumpSys(  455): dumping service [account]
D/dalvikvm(  151): GC_CONCURRENT freed 1000K, 11% free 13463K/14983K, paused 2ms+4ms
I/EventLogService(  455): Aggregate from 1333827217395 (log), 1333827217395 (data)
I/ServiceDumpSys(  455): dumping service [account]
I/EventLogService(  455): Aggregate from 1333829017543 (log), 1333829017543 (data)
I/ServiceDumpSys(  455): dumping service [account]
I/EventLogService(  455): Aggregate from 1333830817794 (log), 1333830817794 (data)
I/ServiceDumpSys(  455): dumping service [account]
D/dalvikvm(  218): GC_CONCURRENT freed 388K, 8% free 9984K/10759K, paused 2ms+3ms
D/dalvikvm(  151): GC_CONCURRENT freed 1020K, 11% free 13472K/14983K, paused 2ms+4ms
I/EventLogService(  455): Aggregate from 1333832617923 (log), 1333832617923 (data)
I/ServiceDumpSys(  455): dumping service [account]
I/EventLogService(  455): Aggregate from 1333834418048 (log), 1333834418048 (data)
D/dalvikvm(  455): GC_CONCURRENT freed 377K, 8% free 9998K/10759K, paused 1ms+2ms
I/ServiceDumpSys(  455): dumping service [account]
I/EventLogService(  455): Aggregate from 1333836218173 (log), 1333836218173 (data)
I/ServiceDumpSys(  455): dumping service [account]
I/EventLogService(  455): Aggregate from 1333838018352 (log), 1333838018352 (data)
D/dalvikvm(  151): JIT code cache reset in 4 ms (1048532 bytes 2/0)
D/dalvikvm(  151): GC_CONCURRENT freed 997K, 11% free 13477K/14983K, paused 17ms+9ms
I/ServiceDumpSys(  455): dumping service [account]
I/EventLogService(  455): Aggregate from 1333839818528 (log), 1333839818528 (data)
I/ServiceDumpSys(  455): dumping service [account]
I/EventLogService(  455): Aggregate from 1333841618794 (log), 1333841618794 (data)
I/ServiceDumpSys(  455): dumping service [account]
D/dalvikvm(  455): GC_CONCURRENT freed 392K, 8% free 9990K/10759K, paused 2ms+3ms
I/SystemUpdateService(  455): download in progress: [id: 18 compl: false succ: false bytes: 0 reason: 0 fn: null]
I/SystemUpdateService(  455): download took too long; will cancel and retry
V/SystemUpdateService(  455): retry (wakeup: true) in 329892 ms
V/SystemUpdateService(  455): onPostExecute: false
I/SystemUpdateService(  455): starting download of http://android.clients.google.com/packages/ota/google_crespo/hR7QFEtn.zip
V/SystemUpdateService(  455): retry (wakeup: true) in 21599997 ms
I/SystemUpdate.Download(  455): Started a new update download: http://android.clients.google.com/packages/ota/google_crespo/hR7QFEtn.zip (id 19; allowMobile=false)
V/SystemUpdateService(  455): onPostExecute: false
D/dalvikvm(  151): GC_CONCURRENT freed 999K, 11% free 13483K/14983K, paused 2ms+5ms
I/DownloadManager(  267): Initiating request for download 19
W/DownloadManager(  267): Aborting request for download 19: no network connection available
D/dalvikvm(  218): GC_CONCURRENT freed 394K, 8% free 9975K/10759K, paused 2ms+3ms
D/dalvikvm(  151): GC_EXPLICIT freed 180K, 11% free 13441K/14983K, paused 3ms+4ms
I/EventLogService(  455): Aggregate from 1333843418932 (log), 1333843418932 (data)
I/ServiceDumpSys(  455): dumping service [account]
I/EventLogService(  455): Aggregate from 1333845219097 (log), 1333845219097 (data)
I/ServiceDumpSys(  455): dumping service [account]
I/EventLogService(  455): Aggregate from 1333847019212 (log), 1333847019212 (data)
D/dalvikvm(  455): GC_FOR_ALLOC freed 382K, 8% free 9988K/10759K, paused 21ms
I/ServiceDumpSys(  455): dumping service [account]
I/EventLogService(  455): Aggregate from 1333848819318 (log), 1333848819318 (data)
D/dalvikvm(  151): GC_CONCURRENT freed 947K, 11% free 13480K/14983K, paused 2ms+5ms
I/ServiceDumpSys(  455): dumping service [account]
I/EventLogService(  455): Aggregate from 1333850619482 (log), 1333850619482 (data)
I/ServiceDumpSys(  455): dumping service [account]
I/EventLogService(  455): Aggregate from 1333852420099 (log), 1333852420099 (data)
I/ServiceDumpSys(  455): dumping service [account]
I/EventLogService(  455): Aggregate from 1333854220227 (log), 1333854220227 (data)
D/dalvikvm(  151): GC_CONCURRENT freed 989K, 11% free 13480K/14983K, paused 2ms+5ms
I/ServiceDumpSys(  455): dumping service [account]
D/AlarmManagerService(  151): Kernel timezone updated to 240 minutes west of GMT
D/dalvikvm(  887): GC_CONCURRENT freed 309K, 5% free 9162K/9607K, paused 2ms+2ms
I/EventLogService(  455): Aggregate from 1333856020354 (log), 1333856020354 (data)
D/dalvikvm(  455): GC_CONCURRENT freed 384K, 8% free 9990K/10759K, paused 2ms+3ms
I/ServiceDumpSys(  455): dumping service [account]
D/dalvikvm(  218): GC_CONCURRENT freed 389K, 8% free 9984K/10759K, paused 2ms+4ms
I/EventLogService(  455): Aggregate from 1333857820548 (log), 1333857820548 (data)
I/ServiceDumpSys(  455): dumping service [account]
D/dalvikvm(  151): GC_CONCURRENT freed 1014K, 10% free 13489K/14983K, paused 17ms+9ms
I/EventLogService(  455): Aggregate from 1333859620784 (log), 1333859620784 (data)
I/ServiceDumpSys(  455): dumping service [account]
D/dalvikvm(  311): GC_CONCURRENT freed 428K, 6% free 9493K/10055K, paused 1ms+2ms
I/DownloadManager(  267): Initiating request for download 20
W/DownloadManager(  267): Aborting request for download 20: no network connection available
I/EventLogService(  455): Aggregate from 1333861420918 (log), 1333861420918 (data)
I/ServiceDumpSys(  455): dumping service [account]
I/EventLogService(  455): Aggregate from 1333863221045 (log), 1333863221045 (data)
I/ServiceDumpSys(  455): dumping service [account]
D/dalvikvm(  455): GC_CONCURRENT freed 405K, 8% free 9986K/10759K, paused 3ms+3ms
D/dalvikvm(  455): GC_EXPLICIT freed 24K, 8% free 9972K/10759K, paused 2ms+3ms
I/SystemUpdateService(  455): download in progress: [id: 19 compl: false succ: false bytes: 0 reason: 0 fn: null]
I/SystemUpdateService(  455): download took too long; will cancel and retry
V/SystemUpdateService(  455): retry (wakeup: true) in 389836 ms
V/SystemUpdateService(  455): onPostExecute: false
D/dalvikvm(  151): GC_CONCURRENT freed 1017K, 10% free 13494K/14983K, paused 5ms+5ms
I/SystemUpdateService(  455): starting download of http://android.clients.google.com/packages/ota/google_crespo/hR7QFEtn.zip
V/SystemUpdateService(  455): retry (wakeup: true) in 21599998 ms
D/dalvikvm(  267): GC_CONCURRENT freed 404K, 6% free 9322K/9863K, paused 6ms+3ms
I/SystemUpdate.Download(  455): Started a new update download: http://android.clients.google.com/packages/ota/google_crespo/hR7QFEtn.zip (id 21; allowMobile=false)
V/SystemUpdateService(  455): onPostExecute: false
I/DownloadManager(  267): Initiating request for download 21
W/DownloadManager(  267): Aborting request for download 21: no network connection available
I/EventLogService(  455): Aggregate from 1333865021181 (log), 1333865021181 (data)
I/ServiceDumpSys(  455): dumping service [account]
I/EventLogService(  455): Aggregate from 1333866821306 (log), 1333866821306 (data)
I/ServiceDumpSys(  455): dumping service [account]
D/dalvikvm(  218): GC_CONCURRENT freed 398K, 8% free 9975K/10759K, paused 2ms+5ms
I/EventLogService(  455): Aggregate from 1333868621439 (log), 1333868621439 (data)
I/ServiceDumpSys(  455): dumping service [account]
D/dalvikvm(  455): GC_CONCURRENT freed 355K, 8% free 10006K/10759K, paused 2ms+4ms
D/dalvikvm(  151): GC_CONCURRENT freed 1038K, 10% free 13492K/14983K, paused 4ms+4ms
I/EventLogService(  455): Aggregate from 1333870421568 (log), 1333870421568 (data)
I/ServiceDumpSys(  455): dumping service [account]
I/EventLogService(  455): Aggregate from 1333872221801 (log), 1333872221801 (data)
I/ServiceDumpSys(  455): dumping service [account]
I/EventLogService(  455): Aggregate from 1333874021930 (log), 1333874021930 (data)
I/ServiceDumpSys(  455): dumping service [account]
D/dalvikvm(  151): GC_CONCURRENT freed 1007K, 10% free 13491K/14983K, paused 4ms+8ms
I/EventLogService(  455): Aggregate from 1333875822048 (log), 1333875822048 (data)
I/ServiceDumpSys(  455): dumping service [account]
D/dalvikvm(  455): GC_CONCURRENT freed 409K, 8% free 9983K/10759K, paused 3ms+3ms
I/EventLogService(  455): Aggregate from 1333877622150 (log), 1333877622150 (data)
I/ServiceDumpSys(  455): dumping service [account]
I/EventLogService(  455): Aggregate from 1333879422259 (log), 1333879422259 (data)
I/ServiceDumpSys(  455): dumping service [account]
D/dalvikvm(  218): GC_CONCURRENT freed 390K, 8% free 9979K/10759K, paused 2ms+4ms
D/dalvikvm(  151): GC_CONCURRENT freed 1000K, 10% free 13499K/14983K, paused 3ms+8ms
I/EventLogService(  455): Aggregate from 1333881222409 (log), 1333881222409 (data)
I/ServiceDumpSys(  455): dumping service [account]
I/EventLogService(  455): Aggregate from 1333883022560 (log), 1333883022560 (data)
I/ServiceDumpSys(  455): dumping service [account]
I/EventLogService(  455): Aggregate from 1333884822790 (log), 1333884822790 (data)
D/dalvikvm(  455): GC_CONCURRENT freed 387K, 8% free 9985K/10759K, paused 2ms+3ms
I/ServiceDumpSys(  455): dumping service [account]
D/dalvikvm(  151): GC_CONCURRENT freed 998K, 10% free 13500K/14983K, paused 2ms+4ms
I/SystemUpdateService(  455): download in progress: [id: 21 compl: false succ: false bytes: 0 reason: 0 fn: null]
I/SystemUpdateService(  455): download took too long; will cancel and retry
V/SystemUpdateService(  455): retry (wakeup: true) in 449925 ms
V/SystemUpdateService(  455): onPostExecute: false
D/dalvikvm(  151): GC_EXPLICIT freed 81K, 11% free 13455K/14983K, paused 2ms+6ms
I/SystemUpdateService(  455): starting download of http://android.clients.google.com/packages/ota/google_crespo/hR7QFEtn.zip
V/SystemUpdateService(  455): retry (wakeup: true) in 21599998 ms
I/SystemUpdate.Download(  455): Started a new update download: http://android.clients.google.com/packages/ota/google_crespo/hR7QFEtn.zip (id 22; allowMobile=false)
V/SystemUpdateService(  455): onPostExecute: false
I/DownloadManager(  267): Initiating request for download 22
W/DownloadManager(  267): Aborting request for download 22: no network connection available
I/EventLogService(  455): Aggregate from 1333886622937 (log), 1333886622937 (data)
I/ServiceDumpSys(  455): dumping service [account]
I/EventLogService(  455): Aggregate from 1333888423099 (log), 1333888423099 (data)
I/ServiceDumpSys(  455): dumping service [account]
D/dalvikvm(  455): GC_FOR_ALLOC freed 376K, 8% free 9988K/10759K, paused 37ms
I/EventLogService(  455): Aggregate from 1333890223247 (log), 1333890223247 (data)
I/ServiceDumpSys(  455): dumping service [account]
