--------- beginning of /dev/log/system
I/Vold    (   74): Vold 2.1 (the revenge) firing up
D/Vold    (   74): Volume sdcard state changing -1 (Initializing) -> 0 (No-Media)
D/Vold    (   74): Volume sdcard state changing 0 (No-Media) -> 2 (Pending)
D/Vold    (   74): Volume sdcard state changing 2 (Pending) -> 1 (Idle-Unmounted)
W/Vold    (   74): Duplicate state (1)
W/Vold    (   74): Duplicate state (1)
W/Vold    (   74): Duplicate state (1)
W/Vold    (   74): Duplicate state (1)
I/SystemServer(  153): Entered the Android system server!
I/SystemServer(  153): Entropy Service
I/SystemServer(  153): Power Manager
I/SystemServer(  153): Activity Manager
I/ActivityManager(  153): Memory class: 48
I/SystemServer(  153): Telephony Registry
I/SystemServer(  153): Package Manager
W/PackageParser(  153): No actions in intent filter at /system/app/Bluetooth.apk Binary XML file line #125
W/PackageParser(  153): No actions in intent filter at /system/app/Contacts.apk Binary XML file line #525
W/PackageParser(  153): Unknown element under <manifest>: supports-gl-texture at /system/app/GoogleEarth.apk Binary XML file line #3
I/Installer(  153): connecting...
I/PackageParser(  153): com.googlecode.android.wifi.tether: compat added android.permission.WRITE_EXTERNAL_STORAGE android.permission.READ_PHONE_STATE
I/PackageManager(  153): Time to scan packages: 3.809 seconds
W/PackageManager(  153): Not granting permission android.permission.SEND_DOWNLOAD_COMPLETED_INTENTS to package com.google.android.browser (protectionLevel=2 flags=0x9be45)
W/PackageManager(  153): Unknown permission com.android.vending.permission.UPDATE_MARKET_FAILURE in package com.android.vending.updater
W/PackageManager(  153): Unknown permission android.permission.ADD_SYSTEM_SERVICE in package com.android.phone
W/PackageManager(  153): Unknown permission com.android.smspush.WAPPUSH_MANAGER_BIND in package com.android.phone
W/PackageManager(  153): Unknown permission com.android.vending.billing.IBillingAccountService.BIND2 in package com.google.android.gsf.login
W/PackageManager(  153): Not granting permission android.permission.DEVICE_POWER to package com.google.android.deskclock (protectionLevel=2 flags=0x8be45)
W/PackageManager(  153): Unknown permission android.permission.READ_OWNER_DATA in package com.google.android.setupwizard
W/PackageManager(  153): Unknown permission android.permission.WRITE_OWNER_DATA in package com.google.android.setupwizard
W/PackageManager(  153): Not granting permission com.google.android.gm.permission.READ_GMAIL to package com.google.android.apps.uploader (protectionLevel=2 flags=0x8be45)
W/PackageManager(  153): Unknown permission android.permission.READ_EXTERNAL_STORAGE in package com.android.vending
W/PackageManager(  153): Not granting permission android.permission.SEND_DOWNLOAD_COMPLETED_INTENTS to package com.android.vending (protectionLevel=2 flags=0xabec5)
W/PackageManager(  153): Not granting permission android.permission.ACCOUNT_MANAGER to package com.google.android.music (protectionLevel=2 flags=0x8be65)
W/PackageManager(  153): Unknown permission com.android.providers.im.permission.READ_ONLY in package com.google.android.apps.maps
W/PackageManager(  153): Unknown permission android.permission.READ_EXTERNAL_STORAGE in package com.google.android.videoeditor
W/PackageManager(  153): Unknown permission com.google.android.apps.googlevoice.REMOTE_INTENT in package com.google.android.apps.googlevoice
W/PackageManager(  153): Unknown permission com.google.android.permission.RECEIVE_DATA_MESSAGE in package com.google.android.apps.googlevoice
W/PackageManager(  153): Unknown permission com.google.android.permission.SEND_DATA_MESSAGE in package com.google.android.apps.googlevoice
I/SystemServer(  153): Account Manager
I/SystemServer(  153): Content Manager
I/SystemServer(  153): System Content Providers
I/SystemServer(  153): Lights Service
I/SystemServer(  153): Battery Service
I/SystemServer(  153): Vibrator Service
I/SystemServer(  153): Alarm Manager
I/SystemServer(  153): Init Watchdog
I/SystemServer(  153): Window Manager
I/InputManager(  153): Initializing input manager
W/StatusBarManager(  153): warning: no STATUS_BAR_SERVICE
I/InputManager(  153): Starting input manager
I/SystemServer(  153): Bluetooth Service
I/SystemServer(  153): Input Method Service
W/InputManagerService(  153): Couldn't create dir.: /data/system/inputmethod
I/SystemServer(  153): Accessibility Manager
I/ActivityManager(  153): Config changed: {1.0 0mcc0mnc en_US layoutdir=0 sw320dp w320dp h508dp nrml long port ?uimode ?night finger -keyb/v/h -nav/h s.2}
I/SystemServer(  153): Device Policy
I/SystemServer(  153): Status Bar
I/SystemServer(  153): Clipboard Service
I/SystemServer(  153): NetworkManagement Service
I/SystemServer(  153): Text Service Manager Service
I/SystemServer(  153): NetworkStats Service
I/SystemServer(  153): NetworkPolicy Service
I/SystemServer(  153): Wi-Fi P2pService
I/SystemServer(  153): Wi-Fi Service
I/SystemServer(  153): Connectivity Service
D/ConnectivityService(  153): ConnectivityService starting up
E/ConnectivityService(  153): Ignoring protectedNetwork 10
E/ConnectivityService(  153): Ignoring protectedNetwork 11
E/ConnectivityService(  153): Ignoring protectedNetwork 12
E/MobileDataStateTracker(  153): default: Ignoring feature request because could not acquire PhoneService
E/MobileDataStateTracker(  153): default: Could not enable APN type "default"
D/NetworkManagementService(  153): Registering observer
D/NetworkManagementService(  153): Registering observer
I/WifiService(  153): WifiService starting up with Wi-Fi disabled
I/SystemServer(  153): Throttle Service
I/SystemServer(  153): Mount Service
D/MountService(  153): got storage path: /mnt/sdcard description: USB storage primary: true removable: false emulated: false mtpReserve: 0 allowMassStorage: true maxFileSize: 4294967296
I/SystemServer(  153): Notification Manager
I/SystemServer(  153): Device Storage Monitor
I/SystemServer(  153): Location Manager
I/SystemServer(  153): Country Detector
I/SystemServer(  153): Search Service
I/SystemServer(  153): DropBox Service
I/SystemServer(  153): Wallpaper Service
D/VoldCmdListener(   74): volume list
D/MountService(  153): volume state changed for /mnt/sdcard (null -> unmounted)
I/SystemServer(  153): Audio Service
I/SystemServer(  153): Dock Observer
I/SystemServer(  153): Wired Accessory Observer
I/SystemServer(  153): USB Service
I/SystemServer(  153): UI Mode Manager Service
I/SystemServer(  153): Backup Service
V/BackupManagerService(  153): Initializing package tracking
V/BackupManagerService(  153): No ancestral data
V/BackupManagerService(  153): addPackageParticipantsLocked: null
I/BackupManagerService(  153): New app android never backed up; scheduling
I/BackupManagerService(  153): New app com.android.nfc never backed up; scheduling
I/BackupManagerService(  153): New app com.android.providers.settings never backed up; scheduling
I/BackupManagerService(  153): New app com.android.providers.userdictionary never backed up; scheduling
I/BackupManagerService(  153): New app com.android.sharedstoragebackup never backed up; scheduling
I/BackupManagerService(  153): New app com.android.vending never backed up; scheduling
I/BackupManagerService(  153): New app com.google.android.browser never backed up; scheduling
I/BackupManagerService(  153): New app com.google.android.calendar never backed up; scheduling
I/BackupManagerService(  153): New app com.google.android.gm never backed up; scheduling
I/BackupManagerService(  153): New app com.google.android.inputmethod.latin never backed up; scheduling
I/BackupManagerService(  153): New app org.connectbot never backed up; scheduling
V/BackupManagerService(  153): Registering transport android/com.android.internal.backup.LocalTransport = com.android.internal.backup.LocalTransport@415d9bc0
V/BackupManagerService(  153): Starting with transport com.google.android.backup/.BackupTransportService
V/BackupManagerService(  153): Binding to Google transport
I/BackupManagerService(  153): Found stale backup journal, scheduling
I/BackupManagerService(  153):   android
I/BackupManagerService(  153):   com.android.nfc
I/BackupManagerService(  153):   com.android.providers.settings
I/BackupManagerService(  153):   com.android.providers.userdictionary
I/BackupManagerService(  153):   com.android.sharedstoragebackup
I/BackupManagerService(  153):   com.android.vending
I/BackupManagerService(  153):   com.google.android.browser
I/BackupManagerService(  153):   com.google.android.calendar
I/BackupManagerService(  153):   com.google.android.gm
I/BackupManagerService(  153):   com.google.android.inputmethod.latin
I/BackupManagerService(  153):   org.connectbot
I/BackupManagerService(  153): Backup enabled => false
I/BackupManagerService(  153): Opting out of backup
I/SystemServer(  153): AppWidget Service
I/SystemServer(  153): Recognition Service
I/SystemServer(  153): DiskStats Service
I/SystemServer(  153): SamplingProfiler Service
I/SystemServer(  153): NetworkTimeUpdateService
D/PowerManagerService(  153): system ready!
I/ActivityManager(  153): System now ready
I/SystemServer(  153): Making services ready
D/SystemServer(  153): Starting service: Intent { cmp=com.android.systemui/.SystemUIService }
I/ActivityManager(  153): Start proc com.android.systemui for service com.android.systemui/.SystemUIService: pid=220 uid=1000 gids={1015, 3002, 3001, 3003, 3007}
D/NetworkManagementService(  153): enabling bandwidth control
D/SystemUIService(  220): loading: class com.android.systemui.statusbar.phone.PhoneStatusBar
D/SystemUIService(  220): running: com.android.systemui.statusbar.phone.PhoneStatusBar@41346238
D/NetworkManagementService(  153): Registering observer
D/NetworkManagementService(  153): Registering observer
I/ActivityManager(  153): Config changed: {1.0 0mcc0mnc en_US layoutdir=0 sw320dp w320dp h508dp nrml long port finger -keyb/v/h -nav/h s.3}
I/ActivityManager(  153): Start proc android.process.media for broadcast com.android.providers.media/.UsbReceiver: pid=267 uid=10014 gids={1015, 1023, 1024, 2001, 3003, 3007}
I/StatusBarManagerService(  153): registerStatusBar bar=com.android.internal.statusbar.IStatusBar$Stub$Proxy@41558cb8
D/PhoneStatusBar(  220): disable: < expand icons alerts ticker system_info BACK* HOME* RECENT* CLOCK* >
D/StorageNotification(  220): Startup with UMS connection false (media state unmounted)
I/StorageNotification(  220): UMS connection changed to false (media state unmounted)
D/SystemUIService(  220): loading: class com.android.systemui.power.PowerUI
D/SystemUIService(  220): running: com.android.systemui.power.PowerUI@413305a8
I/ActivityManager(  153): Start proc com.android.wallpaper for service com.android.wallpaper/.nexus.NexusWallpaper: pid=282 uid=10030 gids={1006}
W/InputManagerService(  153): Ignoring setImeWindowStatus of uid 1000 token: null
I/ActivityManager(  153): Start proc com.google.android.inputmethod.latin for service com.google.android.inputmethod.latin/com.android.inputmethod.latin.LatinIME: pid=294 uid=10028 gids={}
D/NetworkManagementService(  153): Registering observer
I/ActivityManager(  153): Start proc com.android.phone for added application com.android.phone: pid=315 uid=1001 gids={3002, 3001, 3003, 1015}
W/ThrottleService(  153): unable to find stats for iface rmnet0
I/ActivityManager(  153): Start proc com.android.nfc for added application com.android.nfc: pid=332 uid=1027 gids={3002, 3001}
I/ActivityManager(  153): START {act=android.intent.action.MAIN cat=[android.intent.category.HOME] flg=0x10000000 cmp=com.android.launcher/com.android.launcher2.Launcher} from pid 0
I/ActivityManager(  153): Start proc com.android.launcher for activity com.android.launcher/com.android.launcher2.Launcher: pid=342 uid=10029 gids={}
D/WifiService(  153): New client listening to asynchronous messages
W/ActivityManager(  153): Unable to start service Intent { act=com.android.internal.telephony.IWapPushManager }: not found
I/ActivityManager(  153): Start proc com.google.android.inputmethod.latin.dictionarypack for content provider com.google.android.inputmethod.latin.dictionarypack/.DictionaryProvider: pid=387 uid=10027 gids={3003, 1015}
I/ActivityManager(  153): Start proc android.process.acore for content provider com.android.providers.userdictionary/.UserDictionaryProvider: pid=400 uid=10000 gids={3003, 1015}
W/ActivityManager(  153): Unable to start service Intent { act=com.android.ussd.IExtendedNetworkService }: not found
I/ActivityManager(  153): Start proc com.google.process.gapps for service com.google.android.location/.NetworkLocationService: pid=455 uid=10011 gids={3003, 1015, 1007, 2001, 3006}
I/ActivityManager(  153): Start proc com.android.settings for broadcast com.android.settings/.widget.SettingsAppWidgetProvider: pid=473 uid=1000 gids={1015, 3002, 3001, 3003, 3007}
I/StorageNotification(  220): UMS connection changed to false (media state unmounted)
V/BackupManagerService(  153): Connected to Google transport
V/BackupManagerService(  153): Registering transport com.google.android.backup/.BackupTransportService = com.google.android.backup.BackupTransportService$1@416ab2b0
D/PowerManagerService(  153): bootCompleted
V/DevicePolicyManagerService(  153): Sending password expiration notifications for action android.intent.action.BOOT_COMPLETED
D/VoldCmdListener(   74): volume mount /mnt/sdcard
I/Vold    (   74): /dev/block/vold/179:3 being considered for volume sdcard
D/Vold    (   74): Volume sdcard state changing 1 (Idle-Unmounted) -> 3 (Checking)
D/MountService(  153): volume state changed for /mnt/sdcard (unmounted -> checking)
I/StorageNotification(  220): Media {/mnt/sdcard} state changed from {unmounted} -> {checking}
D/MountService(  153): sendStorageIntent Intent { act=android.intent.action.MEDIA_CHECKING dat=file:///mnt/sdcard (has extras) }
I/ActivityManager(  153): Start proc com.android.contacts for broadcast com.android.contacts/.calllog.CallLogReceiver: pid=500 uid=10000 gids={3003, 1015}
V/WiredAccessoryObserver(  153): init()
W/WiredAccessoryObserver(  153): This kernel does not have wired headset support
W/WiredAccessoryObserver(  153): This kernel does not have wired headset support
I/ActivityManager(  153): Start proc com.android.providers.calendar for broadcast com.android.providers.calendar/.CalendarReceiver: pid=527 uid=10007 gids={3003, 1015}
I/ActivityManager(  153): Start proc com.google.android.deskclock for broadcast com.google.android.deskclock/com.android.deskclock.AlarmInitReceiver: pid=554 uid=10013 gids={}
I/ActivityManager(  153): Start proc com.google.android.email for broadcast com.google.android.email/com.android.email.service.EmailBroadcastReceiver: pid=569 uid=10015 gids={3003, 1015}
I/ActivityManager(  153): Start proc com.google.android.exchange for service com.google.android.exchange/com.android.exchange.ExchangeService: pid=584 uid=10016 gids={3003, 1015}
I/WifiService(  153): WifiService trying to set country code to us with persist set to true
I/ActivityManager(  153): Config changed: {1.0 310mcc260mnc en_US layoutdir=0 sw320dp w320dp h508dp nrml long port finger -keyb/v/h -nav/h s.4}
I/ActivityManager(  153): Start proc com.google.android.apps.genie.geniewidget for broadcast com.google.android.apps.genie.geniewidget/.miniwidget.MiniWidgetProvider: pid=608 uid=10018 gids={3003, 1015}
I/ActivityManager(  153): Start proc com.google.android.gm for broadcast com.google.android.gm/.MailIntentReceiver: pid=627 uid=10019 gids={3003, 1015}
I/ActivityManager(  153): Start proc com.google.android.partnersetup for broadcast com.google.android.partnersetup/.GooglePartnerSetup: pid=645 uid=10022 gids={3003}
I/ActivityManager(  153): Start proc com.google.android.gsf.login for service com.google.android.gsf.login/com.google.android.gsf.loginservice.GoogleLoginService: pid=656 uid=10011 gids={3003, 1015, 1007, 2001, 3006}
I/ActivityManager(  153): Start proc com.google.android.apps.maps:FriendService for broadcast com.google.android.apps.maps/com.google.googlenav.friend.android.ServiceReceiver: pid=694 uid=10032 gids={3003, 1015}
I/ActivityManager(  153): Start proc com.google.android.apps.maps:NetworkLocationService for service com.google.android.apps.maps/com.google.android.location.internal.server.NetworkLocationService: pid=712 uid=10032 gids={3003, 1015}
I/ActivityManager(  153): Start proc com.android.mms for broadcast com.android.mms/.transaction.MmsSystemEventReceiver: pid=724 uid=10036 gids={3003, 1015}
D/CountryDetectorService(  153): The first listener is added
W/ActivityManager(  153): Permission Denial: receiving Intent { act=android.intent.action.BOOT_COMPLETED flg=0x10 } to com.android.musicfx requires android.permission.RECEIVE_BOOT_COMPLETED due to sender null (uid 1000)
I/ActivityManager(  153): Start proc com.google.android.onetimeinitializer for broadcast com.google.android.onetimeinitializer/.OneTimeInitializerReceiver: pid=748 uid=10040 gids={}
I/ActivityManager(  153): Start proc com.google.android.talk for broadcast com.google.android.talk/.videochat.BootCompleteReceiver: pid=762 uid=10050 gids={3003, 1015, 1006, 3002}
D/ConnectivityService(  153): handleInetConditionChange: no active default network - ignore
I/ActivityManager(  153): Start proc com.google.android.videos for broadcast com.google.android.videos/com.google.android.youtube.videos.transfer.VideoDownloadService$BootReceiver: pid=786 uid=10053 gids={3003, 1015}
I/ActivityManager(  153): START {flg=0x10000000 cmp=com.google.android.gsf/.update.SystemUpdateInstallDialog} from pid 455
I/ActivityManager(  153): START {flg=0x10000000 cmp=com.google.android.gsf/.update.SystemUpdateDownloadDialog} from pid 455
I/ActivityManager(  153): Start proc com.android.voicedialer for broadcast com.android.voicedialer/.VoiceDialerReceiver: pid=822 uid=10055 gids={3002}
W/ActivityManager(  153): Permission Denial: receiving Intent { act=android.intent.action.BOOT_COMPLETED flg=0x10 } to com.google.android.youtube requires android.permission.RECEIVE_BOOT_COMPLETED due to sender null (uid 1000)
W/ActivityManager(  153): Permission Denial: receiving Intent { act=android.intent.action.BOOT_COMPLETED flg=0x10 } to com.google.android.youtube requires android.permission.RECEIVE_BOOT_COMPLETED due to sender null (uid 1000)
I/ActivityManager(  153): Start proc com.google.android.apps.googlevoice for broadcast com.google.android.apps.googlevoice/.BootUpReceiver: pid=835 uid=10058 gids={3003, 1015}
I/ActivityManager(  153): Start proc com.android.vending for broadcast com.android.vending/.MarketWidgetProvider: pid=850 uid=10043 gids={3003, 1015}
I/ActivityManager(  153): No longer want com.google.android.inputmethod.latin.dictionarypack (pid 387): hidden #16
I/ActivityManager(  153): No longer want com.android.contacts (pid 500): hidden #16
I/ActivityManager(  153): Start proc com.google.android.calendar for broadcast com.google.android.calendar/com.android.calendar.widget.CalendarAppWidgetService$CalendarFactory: pid=880 uid=10006 gids={3003}
I/ActivityManager(  153): No longer want com.android.providers.calendar (pid 527): hidden #16
I/ActivityManager(  153): Start proc com.google.android.apps.maps:LocationFriendService for broadcast com.google.android.apps.maps/com.google.googlenav.friend.reporting.LocationReportingIntentReceiver: pid=896 uid=10032 gids={3003, 1015}
I/ActivityManager(  153): No longer want com.google.android.apps.genie.geniewidget (pid 608): hidden #16
I/ActivityManager(  153): Start proc com.android.providers.calendar for content provider com.android.providers.calendar/.CalendarProvider2: pid=908 uid=10007 gids={3003, 1015}
I/ActivityManager(  153): No longer want com.google.android.gsf.login (pid 656): hidden #16
I/ActivityManager(  153): Start proc com.google.android.music:main for broadcast com.google.android.music/.store.MediaStoreImportService$Receiver: pid=924 uid=10037 gids={3003, 1015}
I/ActivityManager(  153): No longer want com.google.android.partnersetup (pid 645): hidden #16
I/ActivityManager(  153): No longer want com.android.mms (pid 724): hidden #16
D/CountryDetectorService(  153): No listener is left
I/ActivityManager(  153): No longer want com.google.android.email (pid 569): hidden #16
I/ActivityManager(  153): Kill com.google.android.exchange (pid 584): provider com.android.email.provider.EmailProvider in dying process com.google.android.email
I/ActivityManager(  153): No longer want com.google.android.onetimeinitializer (pid 748): hidden #16
I/ActivityManager(  153): Process com.google.android.exchange (pid 584) has died.
W/ActivityManager(  153): Scheduling restart of crashed service com.google.android.exchange/com.android.exchange.ExchangeService in 5000ms
I/Vold    (   74): Filesystem check completed OK
I/Vold    (   74): Device /dev/block/vold/179:3, target /mnt/sdcard mounted @ /mnt/secure/staging
D/Vold    (   74): Volume sdcard state changing 3 (Checking) -> 4 (Mounted)
D/MountService(  153): volume state changed for /mnt/sdcard (checking -> mounted)
I/StorageNotification(  220): Media {/mnt/sdcard} state changed from {checking} -> {mounted}
D/VoldCmdListener(   74): asec list
D/MountService(  153): sendStorageIntent Intent { act=android.intent.action.MEDIA_MOUNTED dat=file:///mnt/sdcard (has extras) }
W/PackageManager(  153): Not granting permission android.permission.SEND_DOWNLOAD_COMPLETED_INTENTS to package com.google.android.browser (protectionLevel=2 flags=0x9be45)
W/PackageManager(  153): Unknown permission com.android.vending.permission.UPDATE_MARKET_FAILURE in package com.android.vending.updater
W/PackageManager(  153): Unknown permission android.permission.ADD_SYSTEM_SERVICE in package com.android.phone
W/PackageManager(  153): Unknown permission com.android.smspush.WAPPUSH_MANAGER_BIND in package com.android.phone
W/PackageManager(  153): Unknown permission com.android.vending.billing.IBillingAccountService.BIND2 in package com.google.android.gsf.login
W/PackageManager(  153): Not granting permission android.permission.DEVICE_POWER to package com.google.android.deskclock (protectionLevel=2 flags=0x8be45)
W/PackageManager(  153): Unknown permission android.permission.READ_OWNER_DATA in package com.google.android.setupwizard
W/PackageManager(  153): Unknown permission android.permission.WRITE_OWNER_DATA in package com.google.android.setupwizard
W/PackageManager(  153): Not granting permission com.google.android.gm.permission.READ_GMAIL to package com.google.android.apps.uploader (protectionLevel=2 flags=0x8be45)
W/PackageManager(  153): Unknown permission android.permission.READ_EXTERNAL_STORAGE in package com.android.vending
W/PackageManager(  153): Not granting permission android.permission.SEND_DOWNLOAD_COMPLETED_INTENTS to package com.android.vending (protectionLevel=2 flags=0xabec5)
W/PackageManager(  153): Not granting permission android.permission.ACCOUNT_MANAGER to package com.google.android.music (protectionLevel=2 flags=0x8be65)
W/PackageManager(  153): Unknown permission com.android.providers.im.permission.READ_ONLY in package com.google.android.apps.maps
W/PackageManager(  153): Unknown permission android.permission.READ_EXTERNAL_STORAGE in package com.google.android.videoeditor
W/PackageManager(  153): Unknown permission com.google.android.apps.googlevoice.REMOTE_INTENT in package com.google.android.apps.googlevoice
W/PackageManager(  153): Unknown permission com.google.android.permission.RECEIVE_DATA_MESSAGE in package com.google.android.apps.googlevoice
W/PackageManager(  153): Unknown permission com.google.android.permission.SEND_DATA_MESSAGE in package com.google.android.apps.googlevoice
I/ActivityManager(  153): Start proc com.google.android.apps.uploader for broadcast com.google.android.apps.uploader/.ConnectivityBroadcastReceiver: pid=952 uid=10034 gids={3003}
I/ActivityManager(  153): Start proc com.google.android.apps.plus for broadcast com.google.android.apps.plus/.service.PackagesMediaMonitor: pid=967 uid=10044 gids={3003, 1015, 1006}
I/ActivityManager(  153): No longer want com.google.android.videos (pid 786): hidden #16
I/ActivityManager(  153): No longer want com.android.voicedialer (pid 822): hidden #16
I/ActivityManager(  153): Start proc com.google.android.exchange for service com.google.android.exchange/com.android.exchange.ExchangeService: pid=997 uid=10016 gids={3003, 1015}
I/ActivityManager(  153): Start proc com.google.android.email for service com.google.android.email/com.android.email.service.AccountService: pid=1011 uid=10015 gids={3003, 1015}
I/ActivityManager(  153): No longer want com.google.android.apps.googlevoice (pid 835): hidden #16
I/ActivityManager(  153): No longer want com.android.vending (pid 850): hidden #16
D/ConnectivityService(  153): ConnectivityChange for mobile: CONNECTED/CONNECTED
D/ConnectivityService(  153): handleInetConditionHoldEnd: net=0, condition=100, published condition=0
D/ConnectivityService(  153): handleInetConditionHoldEnd: net=0, condition=0, published condition=100
D/NetworkPolicy(  153): applying policy NetworkPolicy[NetworkTemplate: matchRule=MOBILE_ALL, subscriberId=valid]: cycleDay=15, warningBytes=2147483648, limitBytes=-1, lastSnooze=-1 to ifaces [rmnet0]
D/ConnectivityService(  153): handleInetConditionHoldEnd: net=0, condition=100, published condition=0
D/ConnectivityService(  153): handleInetConditionHoldEnd: net=0, condition=0, published condition=100
D/ConnectivityService(  153): handleInetConditionHoldEnd: net=0, condition=100, published condition=0
D/ConnectivityService(  153): handleInetConditionHoldEnd: net=0, condition=0, published condition=100
D/ConnectivityService(  153): handleInetConditionHoldEnd: net=0, condition=100, published condition=0
D/ConnectivityService(  153): handleInetConditionHoldEnd: net=0, condition=0, published condition=100
D/PhoneStatusBar(  220): disable: < expand icons alerts ticker system_info BACK HOME recent* CLOCK >
D/PhoneStatusBar(  220): disable: < expand icons alerts ticker system_info back* home* recent clock* >
I/ActivityManager(  153): START {act=android.intent.action.MAIN cat=[android.intent.category.LAUNCHER] flg=0x10200000 cmp=edu.mit.haoqili.camera_cloud/.CameraCloud} from pid 342
I/ActivityManager(  153): Start proc edu.mit.haoqili.camera_cloud for activity edu.mit.haoqili.camera_cloud/.CameraCloud: pid=1073 uid=10067 gids={1006, 1015, 3003}
W/InputManagerService(  153): Starting input on non-focused client com.android.internal.view.IInputMethodClient$Stub$Proxy@4170c040 (uid=10029 pid=342)
W/InputManagerService(  153): Starting input on non-focused client com.android.internal.view.IInputMethodClient$Stub$Proxy@416e13f0 (uid=10067 pid=1073)
I/ActivityManager(  153): No longer want com.android.settings (pid 473): hidden #16
I/WindowManager(  153): WIN DEATH: Window{416c8770 SurfaceView paused=false}
I/ActivityManager(  153): Process edu.mit.haoqili.camera_cloud (pid 1073) has died.
I/WindowManager(  153): WIN DEATH: Window{4156e488 edu.mit.haoqili.camera_cloud/edu.mit.haoqili.camera_cloud.CameraCloud paused=false}
I/WindowManager(  153): WINDOW DIED Window{4156e488 edu.mit.haoqili.camera_cloud/edu.mit.haoqili.camera_cloud.CameraCloud paused=false}
D/PhoneStatusBar(  220): disable: < expand icons alerts ticker system_info back home RECENT* clock >
D/PhoneStatusBar(  220): disable: < expand icons alerts ticker system_info BACK* HOME* RECENT CLOCK* >
W/ActivityManager(  153): Activity destroy timeout for ActivityRecord{417ad988 edu.mit.haoqili.camera_cloud/.CameraCloud}
D/ConnectivityService(  153): handleInetConditionHoldEnd: net=0, condition=100, published condition=0
D/ConnectivityService(  153): handleInetConditionHoldEnd: net=0, condition=0, published condition=100
D/ConnectivityService(  153): handleInetConditionHoldEnd: net=0, condition=100, published condition=0
D/ConnectivityService(  153): handleInetConditionHoldEnd: net=0, condition=0, published condition=100
I/WindowManager(  153): Lock screen displayed!
D/PhoneStatusBar(  220): disable: < expand icons alerts ticker system_info BACK HOME recent* CLOCK >
W/InputManagerService(  153): Window already focused, ignoring focus gain of: com.android.internal.view.IInputMethodClient$Stub$Proxy@416e5e80
D/PhoneStatusBar(  220): disable: < expand icons alerts ticker system_info back* home* recent clock* >
I/ActivityManager(  153): START {act=android.intent.action.MAIN cat=[android.intent.category.LAUNCHER] flg=0x10200000 cmp=edu.mit.haoqili.camera_cloud/.CameraCloud} from pid 342
I/ActivityManager(  153): Start proc edu.mit.haoqili.camera_cloud for activity edu.mit.haoqili.camera_cloud/.CameraCloud: pid=1124 uid=10067 gids={1006, 1015, 3003}
W/InputManagerService(  153): Starting input on non-focused client com.android.internal.view.IInputMethodClient$Stub$Proxy@4170c040 (uid=10029 pid=342)
I/ActivityManager(  153): Start proc com.android.vending for broadcast com.android.vending/com.google.android.finsky.receivers.UpdateCheckReceiver: pid=1150 uid=10043 gids={3003, 1015}
D/ConnectivityService(  153): handleInetConditionHoldEnd: net=0, condition=100, published condition=0
D/ConnectivityService(  153): handleInetConditionHoldEnd: net=0, condition=0, published condition=100
W/InputManagerService(  153): Window already focused, ignoring focus gain of: com.android.internal.view.IInputMethodClient$Stub$Proxy@4148d8e8
W/InputManagerService(  153): Window already focused, ignoring focus gain of: com.android.internal.view.IInputMethodClient$Stub$Proxy@414c1eb8
D/ConnectivityService(  153): handleInetConditionHoldEnd: net=0, condition=100, published condition=0
D/ConnectivityService(  153): handleInetConditionHoldEnd: net=0, condition=0, published condition=100
W/InputManagerService(  153): Window already focused, ignoring focus gain of: com.android.internal.view.IInputMethodClient$Stub$Proxy@4174e350
W/InputManagerService(  153): Window already focused, ignoring focus gain of: com.android.internal.view.IInputMethodClient$Stub$Proxy@414c4c20
W/InputManagerService(  153): Window already focused, ignoring focus gain of: com.android.internal.view.IInputMethodClient$Stub$Proxy@4155ec28
W/InputManagerService(  153): Window already focused, ignoring focus gain of: com.android.internal.view.IInputMethodClient$Stub$Proxy@416b50d0
W/InputManagerService(  153): Window already focused, ignoring focus gain of: com.android.internal.view.IInputMethodClient$Stub$Proxy@4169f538
--------- beginning of /dev/log/main
I/CameraCloud( 1124): 1333727777982: Loc = Location[mProvider=gps,mTime=1333814123000,mLatitude=42.36463920850142,mLongitude=-71.10226381448852,mHasAltitude=true,mAltitude=-23.0,mHasSpeed=true,mSpeed=0.0,mHasBearing=true,mBearing=35.568737,mHasAccuracy=true,mAccuracy=10.0,mExtras=Bundle[mParcelledData.dataSize=4]] Previous Region = (4,0)
I/CameraCloud( 1124): 1333727777982: GPS x/long:-71.10226381448852, GPS y/lat: 42.36463920850142. Region width in x: 51.96152422706632
I/CameraCloud( 1124): 1333727777982: location PINPOINTS to region = 4.0, previous 4
I/CameraCloud( 1124): 1333727777983: stay at region 4
I/CameraCloud( 1124): 1333727777983: .......... GPS onLocationChanged ...... 
I/CameraCloud( 1124): 1333727777984: Loc = Location[mProvider=gps,mTime=1333814124000,mLatitude=42.36464801781966,mLongitude=-71.10226948074794,mHasAltitude=true,mAltitude=-25.0,mHasSpeed=true,mSpeed=0.34869355,mHasBearing=true,mBearing=17.98586,mHasAccuracy=true,mAccuracy=5.0,mExtras=Bundle[mParcelledData.dataSize=4]] Previous Region = (4,0)
I/CameraCloud( 1124): 1333727777984: GPS x/long:-71.10226948074794, GPS y/lat: 42.36464801781966. Region width in x: 51.96152422706632
I/CameraCloud( 1124): 1333727777985: location PINPOINTS to region = 4.0, previous 4
I/CameraCloud( 1124): 1333727777985: stay at region 4
I/CameraCloud( 1124): 1333727777986: .......... GPS onLocationChanged ...... 
I/CameraCloud( 1124): 1333727777987: Loc = Location[mProvider=gps,mTime=1333814126000,mLatitude=42.36466181606285,mLongitude=-71.10226675190984,mHasAltitude=true,mAltitude=-27.0,mHasSpeed=true,mSpeed=0.4603477,mHasBearing=true,mBearing=88.12662,mHasAccuracy=true,mAccuracy=5.0,mExtras=Bundle[mParcelledData.dataSize=4]] Previous Region = (4,0)
I/CameraCloud( 1124): 1333727778004: GPS x/long:-71.10226675190984, GPS y/lat: 42.36466181606285. Region width in x: 51.96152422706632
I/CameraCloud( 1124): 1333727778005: location PINPOINTS to region = 4.0, previous 4
I/CameraCloud( 1124): 1333727778005: stay at region 4
I/CameraCloud( 1124): 1333727778010: .......... GPS onLocationChanged ...... 
I/CameraCloud( 1124): 1333727778011: Loc = Location[mProvider=gps,mTime=1333814159000,mLatitude=42.36465186813833,mLongitude=-71.10226075073865,mHasAltitude=true,mAltitude=-16.0,mHasSpeed=true,mSpeed=0.0,mHasBearing=true,mBearing=172.97517,mHasAccuracy=true,mAccuracy=10.0,mExtras=Bundle[mParcelledData.dataSize=4]] Previous Region = (4,0)
I/CameraCloud( 1124): 1333727778011: GPS x/long:-71.10226075073865, GPS y/lat: 42.36465186813833. Region width in x: 51.96152422706632
I/CameraCloud( 1124): 1333727778011: location PINPOINTS to region = 4.0, previous 4
I/CameraCloud( 1124): 1333727778012: stay at region 4
I/CameraCloud( 1124): 1333727778016: .......... GPS onLocationChanged ...... 
I/CameraCloud( 1124): 1333727778017: Loc = Location[mProvider=gps,mTime=1333814168000,mLatitude=42.36464774784185,mLongitude=-71.10227378631524,mHasAltitude=true,mAltitude=-24.0,mHasSpeed=true,mSpeed=0.14050288,mHasBearing=true,mBearing=202.28522,mHasAccuracy=true,mAccuracy=10.0,mExtras=Bundle[mParcelledData.dataSize=4]] Previous Region = (4,0)
I/CameraCloud( 1124): 1333727778017: GPS x/long:-71.10227378631524, GPS y/lat: 42.36464774784185. Region width in x: 51.96152422706632
I/CameraCloud( 1124): 1333727778018: location PINPOINTS to region = 4.0, previous 4
I/CameraCloud( 1124): 1333727778018: stay at region 4
I/CameraCloud( 1124): 1333727778019: .......... GPS onLocationChanged ...... 
I/CameraCloud( 1124): 1333727778019: Loc = Location[mProvider=gps,mTime=1333814171000,mLatitude=42.36464268389026,mLongitude=-71.10228385035661,mHasAltitude=true,mAltitude=-21.0,mHasSpeed=true,mSpeed=0.0,mHasBearing=true,mBearing=214.95102,mHasAccuracy=true,mAccuracy=10.0,mExtras=Bundle[mParcelledData.dataSize=4]] Previous Region = (4,0)
I/CameraCloud( 1124): 1333727778024: GPS x/long:-71.10228385035661, GPS y/lat: 42.36464268389026. Region width in x: 51.96152422706632
I/CameraCloud( 1124): 1333727778024: location PINPOINTS to region = 4.0, previous 4
I/CameraCloud( 1124): 1333727778024: stay at region 4
D/dalvikvm( 1124): GC_CONCURRENT freed 2116K, 38% free 10106K/16263K, paused 2ms+3ms
W/InputManagerService(  153): Window already focused, ignoring focus gain of: com.android.internal.view.IInputMethodClient$Stub$Proxy@41709c00
I/CameraCloud( 1124): 1333727798969: .......... GPS onLocationChanged ...... 
I/CameraCloud( 1124): 1333727798971: Loc = Location[mProvider=gps,mTime=1333814200000,mLatitude=42.36465266393045,mLongitude=-71.10227588991467,mHasAltitude=true,mAltitude=-2.0,mHasSpeed=true,mSpeed=0.071335085,mHasBearing=true,mBearing=10.30869,mHasAccuracy=true,mAccuracy=10.0,mExtras=Bundle[mParcelledData.dataSize=4]] Previous Region = (4,0)
I/CameraCloud( 1124): 1333727798972: GPS x/long:-71.10227588991467, GPS y/lat: 42.36465266393045. Region width in x: 51.96152422706632
I/CameraCloud( 1124): 1333727798973: location PINPOINTS to region = 4.0, previous 4
I/CameraCloud( 1124): 1333727798974: stay at region 4
I/CameraCloud( 1124): 1333727799943: .......... GPS onLocationChanged ...... 
I/CameraCloud( 1124): 1333727799944: Loc = Location[mProvider=gps,mTime=1333814201000,mLatitude=42.36466522604519,mLongitude=-71.10227127837584,mHasAltitude=true,mAltitude=-1.0,mHasSpeed=true,mSpeed=0.0,mHasBearing=true,mBearing=10.387173,mHasAccuracy=true,mAccuracy=10.0,mExtras=Bundle[mParcelledData.dataSize=4]] Previous Region = (4,0)
I/CameraCloud( 1124): 1333727799945: GPS x/long:-71.10227127837584, GPS y/lat: 42.36466522604519. Region width in x: 51.96152422706632
I/CameraCloud( 1124): 1333727799945: location PINPOINTS to region = 4.0, previous 4
I/CameraCloud( 1124): 1333727799946: stay at region 4
D/dalvikvm(  712): GC_CONCURRENT freed 383K, 7% free 10037K/10695K, paused 3ms+3ms
I/CameraCloud( 1124): 1333727816953: .......... GPS onLocationChanged ...... 
I/CameraCloud( 1124): 1333727816954: Loc = Location[mProvider=gps,mTime=1333814218000,mLatitude=42.36468162015801,mLongitude=-71.10228337807223,mHasAltitude=true,mAltitude=3.0,mHasSpeed=true,mSpeed=0.0,mHasBearing=true,mBearing=115.447525,mHasAccuracy=true,mAccuracy=20.0,mExtras=Bundle[mParcelledData.dataSize=4]] Previous Region = (4,0)
I/CameraCloud( 1124): 1333727816955: GPS x/long:-71.10228337807223, GPS y/lat: 42.36468162015801. Region width in x: 51.96152422706632
I/CameraCloud( 1124): 1333727816955: location PINPOINTS to region = 4.0, previous 4
I/CameraCloud( 1124): 1333727816955: stay at region 4
I/GTalkService/c(  455): [AndroidEndpoint@1094694896] connect: acct=1000000, state=CONNECTING
D/dalvikvm(  153): GC_CONCURRENT freed 731K, 13% free 12361K/14087K, paused 3ms+5ms
D/dalvikvm(  455): GC_CONCURRENT freed 387K, 5% free 9984K/10503K, paused 3ms+4ms
D/ConnectivityService(  153): handleInetConditionHoldEnd: net=0, condition=100, published condition=0
W/Smack/Packet(  455): notify conn break (IOEx), close connection
I/CameraCloud( 1124): 1333727836955: .......... GPS onLocationChanged ...... 
I/CameraCloud( 1124): 1333727836956: Loc = Location[mProvider=gps,mTime=1333814238000,mLatitude=42.36467338688605,mLongitude=-71.10227771412248,mHasAltitude=true,mAltitude=-4.0,mHasSpeed=true,mSpeed=0.3348007,mHasBearing=true,mBearing=189.99779,mHasAccuracy=true,mAccuracy=10.0,mExtras=Bundle[mParcelledData.dataSize=4]] Previous Region = (4,0)
I/CameraCloud( 1124): 1333727836957: GPS x/long:-71.10227771412248, GPS y/lat: 42.36467338688605. Region width in x: 51.96152422706632
I/CameraCloud( 1124): 1333727836957: location PINPOINTS to region = 4.0, previous 4
I/CameraCloud( 1124): 1333727836958: stay at region 4
D/ConnectivityService(  153): handleInetConditionHoldEnd: net=0, condition=0, published condition=100
I/CameraCloud( 1124): 1333727857980: .......... GPS onLocationChanged ...... 
I/CameraCloud( 1124): 1333727857981: Loc = Location[mProvider=gps,mTime=1333814259000,mLatitude=42.364667804749004,mLongitude=-71.10226403842218,mHasAltitude=true,mAltitude=-18.0,mHasSpeed=true,mSpeed=0.073553614,mHasBearing=true,mBearing=132.2526,mHasAccuracy=true,mAccuracy=10.0,mExtras=Bundle[mParcelledData.dataSize=4]] Previous Region = (4,0)
I/CameraCloud( 1124): 1333727857982: GPS x/long:-71.10226403842218, GPS y/lat: 42.364667804749004. Region width in x: 51.96152422706632
I/CameraCloud( 1124): 1333727857983: location PINPOINTS to region = 4.0, previous 4
I/CameraCloud( 1124): 1333727857984: stay at region 4
I/CameraCloud( 1124): 1333727863977: .......... GPS onLocationChanged ...... 
I/CameraCloud( 1124): 1333727863978: Loc = Location[mProvider=gps,mTime=1333814265000,mLatitude=42.3646783372625,mLongitude=-71.10226335215859,mHasAltitude=true,mAltitude=-22.0,mHasSpeed=true,mSpeed=0.12716748,mHasBearing=true,mBearing=13.3995905,mHasAccuracy=true,mAccuracy=10.0,mExtras=Bundle[mParcelledData.dataSize=4]] Previous Region = (4,0)
I/CameraCloud( 1124): 1333727863979: GPS x/long:-71.10226335215859, GPS y/lat: 42.3646783372625. Region width in x: 51.96152422706632
I/CameraCloud( 1124): 1333727863980: location PINPOINTS to region = 4.0, previous 4
I/CameraCloud( 1124): 1333727863981: stay at region 4
D/dalvikvm(  153): GC_CONCURRENT freed 726K, 13% free 12350K/14087K, paused 4ms+6ms
D/dalvikvm(  315): GC_CONCURRENT freed 418K, 6% free 9503K/10055K, paused 17ms+13ms
D/dalvikvm(  712): GC_CONCURRENT freed 383K, 7% free 10038K/10695K, paused 2ms+3ms
I/CameraCloud( 1124): 1333727910964: .......... GPS onLocationChanged ...... 
I/CameraCloud( 1124): 1333727910965: Loc = Location[mProvider=gps,mTime=1333814312000,mLatitude=42.36469121556081,mLongitude=-71.10225987389602,mHasAltitude=true,mAltitude=-18.0,mHasSpeed=true,mSpeed=0.386105,mHasBearing=true,mBearing=6.869724,mHasAccuracy=true,mAccuracy=5.0,mExtras=Bundle[mParcelledData.dataSize=4]] Previous Region = (4,0)
I/CameraCloud( 1124): 1333727910965: GPS x/long:-71.10225987389602, GPS y/lat: 42.36469121556081. Region width in x: 51.96152422706632
I/CameraCloud( 1124): 1333727910965: location PINPOINTS to region = 4.0, previous 4
I/CameraCloud( 1124): 1333727910966: stay at region 4
D/dalvikvm(  153): GC_CONCURRENT freed 714K, 13% free 12354K/14087K, paused 3ms+5ms
I/CameraCloud( 1124): 1333727916964: .......... GPS onLocationChanged ...... 
I/CameraCloud( 1124): 1333727916965: Loc = Location[mProvider=gps,mTime=1333814318000,mLatitude=42.36470072812079,mLongitude=-71.10225787367347,mHasAltitude=true,mAltitude=-23.0,mHasSpeed=true,mSpeed=0.0,mHasBearing=true,mBearing=5.068786,mHasAccuracy=true,mAccuracy=5.0,mExtras=Bundle[mParcelledData.dataSize=4]] Previous Region = (4,0)
I/CameraCloud( 1124): 1333727916965: GPS x/long:-71.10225787367347, GPS y/lat: 42.36470072812079. Region width in x: 51.96152422706632
I/CameraCloud( 1124): 1333727916966: location PINPOINTS to region = 4.0, previous 4
I/CameraCloud( 1124): 1333727916966: stay at region 4
I/CameraCloud( 1124): 1333727923001: .......... GPS onLocationChanged ...... 
I/CameraCloud( 1124): 1333727923002: Loc = Location[mProvider=gps,mTime=1333814324000,mLatitude=42.36471775667825,mLongitude=-71.102243799837,mHasAltitude=true,mAltitude=-33.0,mHasSpeed=true,mSpeed=0.0,mHasBearing=true,mBearing=49.560234,mHasAccuracy=true,mAccuracy=10.0,mExtras=Bundle[mParcelledData.dataSize=4]] Previous Region = (4,0)
I/CameraCloud( 1124): 1333727923002: GPS x/long:-71.102243799837, GPS y/lat: 42.36471775667825. Region width in x: 51.96152422706632
I/CameraCloud( 1124): 1333727923003: location PINPOINTS to region = 4.0, previous 4
I/CameraCloud( 1124): 1333727923003: stay at region 4
I/CameraCloud( 1124): 1333727924982: .......... GPS onLocationChanged ...... 
I/CameraCloud( 1124): 1333727924983: Loc = Location[mProvider=gps,mTime=1333814326000,mLatitude=42.36472609182583,mLongitude=-71.10223502588599,mHasAltitude=true,mAltitude=-33.0,mHasSpeed=true,mSpeed=0.41815972,mHasBearing=true,mBearing=70.87384,mHasAccuracy=true,mAccuracy=10.0,mExtras=Bundle[mParcelledData.dataSize=4]] Previous Region = (4,0)
I/CameraCloud( 1124): 1333727924984: GPS x/long:-71.10223502588599, GPS y/lat: 42.36472609182583. Region width in x: 51.96152422706632
I/CameraCloud( 1124): 1333727924985: location PINPOINTS to region = 4.0, previous 4
I/CameraCloud( 1124): 1333727924986: stay at region 4
I/CameraCloud( 1124): 1333727928015: .......... GPS onLocationChanged ...... 
I/CameraCloud( 1124): 1333727928016: Loc = Location[mProvider=gps,mTime=1333814329000,mLatitude=42.364727495905804,mLongitude=-71.10221877219614,mHasAltitude=true,mAltitude=-30.0,mHasSpeed=true,mSpeed=0.4526294,mHasBearing=true,mBearing=92.76885,mHasAccuracy=true,mAccuracy=15.0,mExtras=Bundle[mParcelledData.dataSize=4]] Previous Region = (4,0)
I/CameraCloud( 1124): 1333727928016: GPS x/long:-71.10221877219614, GPS y/lat: 42.364727495905804. Region width in x: 51.96152422706632
I/CameraCloud( 1124): 1333727928017: location PINPOINTS to region = 4.0, previous 4
I/CameraCloud( 1124): 1333727928017: stay at region 4
I/CameraCloud( 1124): 1333727930982: .......... GPS onLocationChanged ...... 
I/CameraCloud( 1124): 1333727930982: Loc = Location[mProvider=gps,mTime=1333814332000,mLatitude=42.36472557210321,mLongitude=-71.10220453341216,mHasAltitude=true,mAltitude=-31.0,mHasSpeed=true,mSpeed=0.46585125,mHasBearing=true,mBearing=100.27568,mHasAccuracy=true,mAccuracy=10.0,mExtras=Bundle[mParcelledData.dataSize=4]] Previous Region = (4,0)
I/CameraCloud( 1124): 1333727930983: GPS x/long:-71.10220453341216, GPS y/lat: 42.36472557210321. Region width in x: 51.96152422706632
I/CameraCloud( 1124): 1333727930983: location PINPOINTS to region = 4.0, previous 4
I/CameraCloud( 1124): 1333727930983: stay at region 4
I/CameraCloud( 1124): 1333727939995: .......... GPS onLocationChanged ...... 
I/CameraCloud( 1124): 1333727939995: Loc = Location[mProvider=gps,mTime=1333814341000,mLatitude=42.364722392803124,mLongitude=-71.10222179347693,mHasAltitude=true,mAltitude=-38.0,mHasSpeed=true,mSpeed=0.0,mHasBearing=true,mBearing=30.560846,mHasAccuracy=true,mAccuracy=10.0,mExtras=Bundle[mParcelledData.dataSize=4]] Previous Region = (4,0)
I/CameraCloud( 1124): 1333727939996: GPS x/long:-71.10222179347693, GPS y/lat: 42.364722392803124. Region width in x: 51.96152422706632
I/CameraCloud( 1124): 1333727939996: location PINPOINTS to region = 4.0, previous 4
I/CameraCloud( 1124): 1333727939997: stay at region 4
I/CameraCloud( 1124): 1333727950979: .......... GPS onLocationChanged ...... 
I/CameraCloud( 1124): 1333727950980: Loc = Location[mProvider=gps,mTime=1333814352000,mLatitude=42.364725516336776,mLongitude=-71.1022335162347,mHasAltitude=true,mAltitude=-27.0,mHasSpeed=true,mSpeed=0.32089487,mHasBearing=true,mBearing=295.0912,mHasAccuracy=true,mAccuracy=10.0,mExtras=Bundle[mParcelledData.dataSize=4]] Previous Region = (4,0)
I/CameraCloud( 1124): 1333727950980: GPS x/long:-71.1022335162347, GPS y/lat: 42.364725516336776. Region width in x: 51.96152422706632
I/CameraCloud( 1124): 1333727950981: location PINPOINTS to region = 4.0, previous 4
I/CameraCloud( 1124): 1333727950981: stay at region 4
I/CameraCloud( 1124): 1333727954030: .......... GPS onLocationChanged ...... 
I/CameraCloud( 1124): 1333727954031: Loc = Location[mProvider=gps,mTime=1333814355000,mLatitude=42.364718560269665,mLongitude=-71.10225898408059,mHasAltitude=true,mAltitude=-28.0,mHasSpeed=true,mSpeed=0.0,mHasBearing=true,mBearing=278.49405,mHasAccuracy=true,mAccuracy=10.0,mExtras=Bundle[mParcelledData.dataSize=4]] Previous Region = (4,0)
I/CameraCloud( 1124): 1333727954032: GPS x/long:-71.10225898408059, GPS y/lat: 42.364718560269665. Region width in x: 51.96152422706632
I/CameraCloud( 1124): 1333727954032: location PINPOINTS to region = 4.0, previous 4
I/CameraCloud( 1124): 1333727954032: stay at region 4
I/CameraCloud( 1124): 1333727955002: .......... GPS onLocationChanged ...... 
I/CameraCloud( 1124): 1333727955003: Loc = Location[mProvider=gps,mTime=1333814356000,mLatitude=42.36470355686825,mLongitude=-71.10227675516353,mHasAltitude=true,mAltitude=-26.0,mHasSpeed=true,mSpeed=0.0,mHasBearing=true,mBearing=278.25134,mHasAccuracy=true,mAccuracy=10.0,mExtras=Bundle[mParcelledData.dataSize=4]] Previous Region = (4,0)
I/CameraCloud( 1124): 1333727955004: GPS x/long:-71.10227675516353, GPS y/lat: 42.36470355686825. Region width in x: 51.96152422706632
I/CameraCloud( 1124): 1333727955004: location PINPOINTS to region = 4.0, previous 4
I/CameraCloud( 1124): 1333727955005: stay at region 4
I/CameraCloud( 1124): 1333727956005: .......... GPS onLocationChanged ...... 
I/CameraCloud( 1124): 1333727956006: Loc = Location[mProvider=gps,mTime=1333814357000,mLatitude=42.364696976231976,mLongitude=-71.1022916980684,mHasAltitude=true,mAltitude=-30.0,mHasSpeed=true,mSpeed=0.37516224,mHasBearing=true,mBearing=277.36307,mHasAccuracy=true,mAccuracy=10.0,mExtras=Bundle[mParcelledData.dataSize=4]] Previous Region = (4,0)
I/CameraCloud( 1124): 1333727956006: GPS x/long:-71.1022916980684, GPS y/lat: 42.364696976231976. Region width in x: 51.96152422706632
I/CameraCloud( 1124): 1333727956006: location PINPOINTS to region = 4.0, previous 4
I/CameraCloud( 1124): 1333727956007: stay at region 4
I/CameraCloud( 1124): 1333727957992: .......... GPS onLocationChanged ...... 
I/CameraCloud( 1124): 1333727957993: Loc = Location[mProvider=gps,mTime=1333814359000,mLatitude=42.36468678256084,mLongitude=-71.1023030406572,mHasAltitude=true,mAltitude=-33.0,mHasSpeed=true,mSpeed=0.3964165,mHasBearing=true,mBearing=257.67685,mHasAccuracy=true,mAccuracy=10.0,mExtras=Bundle[mParcelledData.dataSize=4]] Previous Region = (4,0)
I/CameraCloud( 1124): 1333727957993: GPS x/long:-71.1023030406572, GPS y/lat: 42.36468678256084. Region width in x: 51.96152422706632
I/CameraCloud( 1124): 1333727957994: location PINPOINTS to region = 4.0, previous 4
I/CameraCloud( 1124): 1333727957994: stay at region 4
I/CameraCloud( 1124): 1333727960981: .......... GPS onLocationChanged ...... 
I/CameraCloud( 1124): 1333727960982: Loc = Location[mProvider=gps,mTime=1333814362000,mLatitude=42.364675211066086,mLongitude=-71.10230621816764,mHasAltitude=true,mAltitude=-35.0,mHasSpeed=true,mSpeed=0.0,mHasBearing=true,mBearing=228.141,mHasAccuracy=true,mAccuracy=10.0,mExtras=Bundle[mParcelledData.dataSize=4]] Previous Region = (4,0)
I/CameraCloud( 1124): 1333727960983: GPS x/long:-71.10230621816764, GPS y/lat: 42.364675211066086. Region width in x: 51.96152422706632
I/CameraCloud( 1124): 1333727960984: location PINPOINTS to region = 4.0, previous 4
I/CameraCloud( 1124): 1333727960985: stay at region 4
I/CameraCloud( 1124): 1333727964002: .......... GPS onLocationChanged ...... 
I/CameraCloud( 1124): 1333727964003: Loc = Location[mProvider=gps,mTime=1333814365000,mLatitude=42.364665273766,mLongitude=-71.10230834769735,mHasAltitude=true,mAltitude=-35.0,mHasSpeed=true,mSpeed=0.35809922,mHasBearing=true,mBearing=230.84984,mHasAccuracy=true,mAccuracy=10.0,mExtras=Bundle[mParcelledData.dataSize=4]] Previous Region = (4,0)
I/CameraCloud( 1124): 1333727964003: GPS x/long:-71.10230834769735, GPS y/lat: 42.364665273766. Region width in x: 51.96152422706632
I/CameraCloud( 1124): 1333727964003: location PINPOINTS to region = 4.0, previous 4
I/CameraCloud( 1124): 1333727964004: stay at region 4
D/dalvikvm(  153): GC_CONCURRENT freed 707K, 13% free 12355K/14087K, paused 12ms+6ms
I/CameraCloud( 1124): 1333727968982: .......... GPS onLocationChanged ...... 
