D/ConnectivityService(  153): handleInetConditionHoldEnd: net=0, condition=0, published condition=100
I/GTalkService/c(  455): [AndroidEndpoint@1094694896] connect: acct=1000001, state=CONNECTING
D/dalvikvm(  455): GC_CONCURRENT freed 383K, 7% free 10074K/10759K, paused 2ms+3ms
D/ConnectivityService(  153): handleInetConditionHoldEnd: net=0, condition=100, published condition=0
D/dalvikvm(  220): GC_CONCURRENT freed 392K, 7% free 9849K/10567K, paused 2ms+2ms
W/Smack/Packet(  455): notify conn break (IOEx), close connection
D/ConnectivityService(  153): handleInetConditionHoldEnd: net=0, condition=0, published condition=100
I/GTalkService/c(  455): [AndroidEndpoint@1094694896] connect: acct=1000001, state=CONNECTING
D/ConnectivityService(  153): handleInetConditionHoldEnd: net=0, condition=100, published condition=0
W/Smack/Packet(  455): notify conn break (IOEx), close connection
D/ConnectivityService(  153): handleInetConditionHoldEnd: net=0, condition=0, published condition=100
I/GTalkService/c(  455): [AndroidEndpoint@1094694896] connect: acct=1000001, state=CONNECTING
D/dalvikvm(  455): GC_CONCURRENT freed 412K, 7% free 10055K/10759K, paused 14ms+3ms
D/ConnectivityService(  153): handleInetConditionHoldEnd: net=0, condition=100, published condition=0
W/Smack/Packet(  455): notify conn break (IOEx), close connection
D/ConnectivityService(  153): handleInetConditionHoldEnd: net=0, condition=0, published condition=100
I/GTalkService/c(  455): [AndroidEndpoint@1094694896] connect: acct=1000001, state=CONNECTING
D/dalvikvm(  455): GC_CONCURRENT freed 386K, 7% free 10063K/10759K, paused 1ms+2ms
D/ConnectivityService(  153): handleInetConditionHoldEnd: net=0, condition=100, published condition=0
W/Smack/Packet(  455): notify conn break (IOEx), close connection
D/ConnectivityService(  153): handleInetConditionHoldEnd: net=0, condition=0, published condition=100
D/dalvikvm(  153): GC_CONCURRENT freed 810K, 12% free 13278K/14983K, paused 2ms+5ms
I/GTalkService/c(  455): [AndroidEndpoint@1094694896] connect: acct=1000001, state=CONNECTING
D/ConnectivityService(  153): handleInetConditionHoldEnd: net=0, condition=100, published condition=0
W/Smack/Packet(  455): notify conn break (IOEx), close connection
D/ConnectivityService(  153): handleInetConditionHoldEnd: net=0, condition=0, published condition=100
I/GTalkService/c(  455): [AndroidEndpoint@1094694896] connect: acct=1000001, state=CONNECTING
D/dalvikvm(  455): GC_CONCURRENT freed 379K, 7% free 10077K/10759K, paused 2ms+3ms
D/dalvikvm(  153): GC_EXPLICIT freed 173K, 13% free 13180K/14983K, paused 19ms+4ms
D/ConnectivityService(  153): handleInetConditionHoldEnd: net=0, condition=100, published condition=0
W/Smack/Packet(  455): notify conn break (IOEx), close connection
D/ConnectivityService(  153): handleInetConditionHoldEnd: net=0, condition=0, published condition=100
I/GTalkService/c(  455): [AndroidEndpoint@1094694896] connect: acct=1000001, state=CONNECTING
D/ConnectivityService(  153): handleInetConditionHoldEnd: net=0, condition=100, published condition=0
W/Smack/Packet(  455): notify conn break (IOEx), close connection
D/ConnectivityService(  153): handleInetConditionHoldEnd: net=0, condition=0, published condition=100
I/GTalkService/c(  455): [AndroidEndpoint@1094694896] connect: acct=1000001, state=CONNECTING
D/dalvikvm(  455): GC_CONCURRENT freed 419K, 7% free 10053K/10759K, paused 14ms+3ms
D/ConnectivityService(  153): handleInetConditionHoldEnd: net=0, condition=100, published condition=0
W/Smack/Packet(  455): notify conn break (IOEx), close connection
D/ConnectivityService(  153): handleInetConditionHoldEnd: net=0, condition=0, published condition=100
I/GTalkService/c(  455): [AndroidEndpoint@1094694896] connect: acct=1000001, state=CONNECTING
D/dalvikvm(  455): GC_CONCURRENT freed 386K, 7% free 10061K/10759K, paused 2ms+4ms
D/ConnectivityService(  153): handleInetConditionHoldEnd: net=0, condition=100, published condition=0
W/Smack/Packet(  455): notify conn break (IOEx), close connection
D/ConnectivityService(  153): handleInetConditionHoldEnd: net=0, condition=0, published condition=100
I/GTalkService/c(  455): [AndroidEndpoint@1094694896] connect: acct=1000001, state=CONNECTING
D/ConnectivityService(  153): handleInetConditionHoldEnd: net=0, condition=100, published condition=0
W/Smack/Packet(  455): notify conn break (IOEx), close connection
D/ConnectivityService(  153): handleInetConditionHoldEnd: net=0, condition=0, published condition=100
I/power   (  153): *** set_screen_state 1
I/WindowManager(  153): Lock screen displayed!
D/SurfaceFlinger(   80): Screen about to return, flinger = 0xceb918
D/PhoneStatusBar(  220): disable: < expand icons alerts ticker system_info BACK HOME recent* CLOCK >
D/AudioHardware(   83): AudioHardware pcm playback is exiting standby.
D/AudioHardware(   83): openPcmOut_l() mPcmOpenCnt: 0
W/InputManagerService(  153): Window already focused, ignoring focus gain of: com.android.internal.view.IInputMethodClient$Stub$Proxy@415bfd30
D/PhoneStatusBar(  220): disable: < expand icons alerts ticker system_info back* home* recent clock* >
D/NfcService(  332): NFC-C ON
D/AudioHardware(   83): AudioHardware pcm playback is going to standby.
D/AudioHardware(   83): closePcmOut_l() mPcmOpenCnt: 1
D/PhoneStatusBar(  220): disable: < EXPAND* icons alerts ticker system_info back home recent clock >
D/AudioHardware(   83): AudioHardware pcm playback is exiting standby.
D/AudioHardware(   83): openPcmOut_l() mPcmOpenCnt: 0
D/BluetoothAdapterStateMachine(  153): HotOff process message: 55
D/BluetoothEventLoop(  153): Property Changed: UUIDs : 9
E/BluetoothService.cpp(  153): setBluetoothTetheringNative false
D/BluetoothEventLoop(  153): Property Changed: UUIDs : 8
D/BluetoothEventLoop(  153): Property Changed: UUIDs : 7
D/BluetoothEventLoop(  153): Property Changed: UUIDs : 6
D/BluetoothEventLoop(  153): Property Changed: UUIDs : 5
W/InputManagerService(  153): Window already focused, ignoring focus gain of: com.android.internal.view.IInputMethodClient$Stub$Proxy@41700b30
D/PhoneStatusBar(  220): disable: < expand* icons alerts ticker system_info back home recent clock >
I/bluedroid(  153): Stopping bluetoothd deamon
I/NfcService(  332): Disabling NFC
D/NdefPushServer(  332): stop, thread = Thread[Thread-36,5,main]
D/NdefPushServer(  332): shuting down server thread
D/dalvikvm( 1271): GC_CONCURRENT freed 412K, 8% free 10002K/10759K, paused 3ms+5ms
D/NFC JNI (  332): Terminating client thread...
D/NFC JNI (  332): phLibNfc_Mgt_UnConfigureDriver() returned 0x0000[NFCSTATUS_SUCCESS]
I/bluedroid(  153): Stopping hciattach deamon
D/BluetoothAdapterStateMachine(  153): Bluetooth state 10 -> 10
D/ConnectivityService(  153): ConnectivityChange for mobile: DISCONNECTED/DISCONNECTED
D/ConnectivityService(  153): Attempting to switch to wifi
D/ConnectivityService(  153): Attempting to switch to BLUETOOTH_TETHER
D/NetUtils(  153): android_net_utils_resetConnections in env=0x1ed0400 clazz=0x1da00001 iface=rmnet0 mask=0x3
D/ConnectivityService(  153): resetConnections(rmnet0, 3)
D/AudioHardware(   83): AudioHardware pcm playback is going to standby.
D/AudioHardware(   83): closePcmOut_l() mPcmOpenCnt: 1
D/NetworkLocator(  455): null cell state delivered
D/dalvikvm(  153): GC_CONCURRENT freed 743K, 11% free 13367K/14983K, paused 2ms+6ms
D/NetworkLocator(  455): null cell state delivered
D/Tethering(  153): MasterInitialState.processMessage what=3
I/MediaUploader(  952): No need to wake up
D/PicasaSyncManager(  967): active network: null
D/PicasaSyncManager(  967): background data: true
D/dalvikvm(  455): GC_CONCURRENT freed 426K, 7% free 10036K/10759K, paused 2ms+3ms
D/dalvikvm(  315): GC_EXPLICIT freed 272K, 6% free 9495K/10055K, paused 10ms+2ms
I/power   (  153): *** set_screen_state 0
D/SurfaceFlinger(   80): About to give-up screen, flinger = 0xceb918
D/dalvikvm(  153): GC_FOR_ALLOC freed 949K, 14% free 13035K/14983K, paused 41ms
V/TransportControlView(  153): Create TCV com.android.internal.widget.TransportControlView@417277b8
D/PhoneStatusBar(  220): disable: < expand icons alerts ticker system_info back home RECENT* clock >
D/AudioHardware(   83): AudioHardware pcm playback is exiting standby.
D/AudioHardware(   83): openPcmOut_l() mPcmOpenCnt: 0
D/PhoneStatusBar(  220): disable: < expand icons alerts ticker system_info BACK* HOME* RECENT CLOCK* >
I/power   (  153): *** set_screen_state 1
D/PicasaSyncManager(  967): battery info: false
I/WindowManager(  153): Lock screen displayed!
D/SurfaceFlinger(   80): Screen about to return, flinger = 0xceb918
D/AudioHardware(   83): AudioHardware pcm playback is going to standby.
D/AudioHardware(   83): closePcmOut_l() mPcmOpenCnt: 1
I/power   (  153): *** set_screen_state 0
D/SurfaceFlinger(   80): About to give-up screen, flinger = 0xceb918
V/TransportControlView(  153): Create TCV com.android.internal.widget.TransportControlView@41687eb8
D/dalvikvm(  153): GC_CONCURRENT freed 544K, 11% free 13394K/14983K, paused 3ms+5ms
I/EventLogService(  455): Aggregate from 1333751596239 (log), 1333751596239 (data)
I/ServiceDumpSys(  455): dumping service [account]
I/EventLogService(  455): Aggregate from 1333753396365 (log), 1333753396365 (data)
I/ServiceDumpSys(  455): dumping service [account]
I/SystemUpdateService(  455): download in progress: [id: 12 compl: false succ: false bytes: 0 reason: 0 fn: null]
I/SystemUpdateService(  455): download took too long; will cancel and retry
V/SystemUpdateService(  455): retry (wakeup: true) in 89853 ms
V/SystemUpdateService(  455): onPostExecute: false
I/SystemUpdateService(  455): starting download of http://android.clients.google.com/packages/ota/google_crespo/hR7QFEtn.zip
V/SystemUpdateService(  455): retry (wakeup: true) in 21599997 ms
I/SystemUpdate.Download(  455): Started a new update download: http://android.clients.google.com/packages/ota/google_crespo/hR7QFEtn.zip (id 13; allowMobile=false)
V/SystemUpdateService(  455): onPostExecute: false
I/DownloadManager(  267): Initiating request for download 13
W/DownloadManager(  267): Aborting request for download 13: no network connection available
D/dalvikvm(  153): GC_CONCURRENT freed 1062K, 11% free 13415K/14983K, paused 2ms+5ms
I/EventLogService(  455): Aggregate from 1333755196486 (log), 1333755196486 (data)
D/dalvikvm(  455): GC_FOR_ALLOC freed 421K, 8% free 9988K/10759K, paused 18ms
I/ServiceDumpSys(  455): dumping service [account]
I/EventLogService(  455): Aggregate from 1333756996622 (log), 1333756996622 (data)
I/ServiceDumpSys(  455): dumping service [account]
I/EventLogService(  455): Aggregate from 1333758796745 (log), 1333758796745 (data)
I/ServiceDumpSys(  455): dumping service [account]
D/dalvikvm(  220): GC_CONCURRENT freed 382K, 7% free 9855K/10567K, paused 2ms+3ms
D/dalvikvm(  153): GC_CONCURRENT freed 1068K, 11% free 13407K/14983K, paused 2ms+5ms
I/EventLogService(  455): Aggregate from 1333760596866 (log), 1333760596866 (data)
I/ServiceDumpSys(  455): dumping service [account]
I/EventLogService(  455): Aggregate from 1333762396986 (log), 1333762396986 (data)
I/ServiceDumpSys(  455): dumping service [account]
I/EventLogService(  455): Aggregate from 1333764197095 (log), 1333764197095 (data)
D/dalvikvm(  455): GC_FOR_ALLOC freed 357K, 8% free 9985K/10759K, paused 17ms
I/ServiceDumpSys(  455): dumping service [account]
D/dalvikvm(  153): GC_CONCURRENT freed 1034K, 11% free 13403K/14983K, paused 5ms+4ms
I/EventLogService(  455): Aggregate from 1333765997217 (log), 1333765997217 (data)
I/ServiceDumpSys(  455): dumping service [account]
I/EventLogService(  455): Aggregate from 1333767797349 (log), 1333767797349 (data)
I/ServiceDumpSys(  455): dumping service [account]
D/AlarmManagerService(  153): Kernel timezone updated to 240 minutes west of GMT
I/ActivityManager(  153): Start proc com.google.android.inputmethod.latin.dictionarypack for broadcast com.google.android.inputmethod.latin.dictionarypack/.UpdateHandler: pid=2715 uid=10027 gids={3003, 1015}
D/dalvikvm(  153): GC_EXPLICIT freed 748K, 11% free 13391K/14983K, paused 3ms+5ms
I/ActivityThread( 2715): Pub com.android.inputmethod.latin.dictionarypack: com.google.android.inputmethod.latin.dictionarypack.DictionaryProvider
I/EventLogService(  455): Aggregate from 1333769597470 (log), 1333769597470 (data)
I/ServiceDumpSys(  455): dumping service [account]
I/DownloadManager(  267): Initiating request for download 14
W/DownloadManager(  267): Aborting request for download 14: no network connection available
I/EventLogService(  455): Aggregate from 1333771397575 (log), 1333771397575 (data)
I/ServiceDumpSys(  455): dumping service [account]
I/EventLogService(  455): Aggregate from 1333773197692 (log), 1333773197692 (data)
D/dalvikvm(  455): GC_FOR_ALLOC freed 364K, 8% free 9996K/10759K, paused 17ms
I/ServiceDumpSys(  455): dumping service [account]
D/dalvikvm(  220): GC_CONCURRENT freed 328K, 7% free 9914K/10567K, paused 2ms+3ms
D/dalvikvm(  153): GC_CONCURRENT freed 1044K, 11% free 13426K/14983K, paused 3ms+12ms
I/EventLogService(  455): Aggregate from 1333774997821 (log), 1333774997821 (data)
I/ServiceDumpSys(  455): dumping service [account]
I/SystemUpdateService(  455): download in progress: [id: 13 compl: false succ: false bytes: 0 reason: 0 fn: null]
I/SystemUpdateService(  455): download took too long; will cancel and retry
D/dalvikvm(  455): GC_EXPLICIT freed 239K, 8% free 9981K/10759K, paused 3ms+3ms
V/SystemUpdateService(  455): retry (wakeup: true) in 149897 ms
V/SystemUpdateService(  455): onPostExecute: false
I/SystemUpdateService(  455): starting download of http://android.clients.google.com/packages/ota/google_crespo/hR7QFEtn.zip
V/SystemUpdateService(  455): retry (wakeup: true) in 21599998 ms
I/SystemUpdate.Download(  455): Started a new update download: http://android.clients.google.com/packages/ota/google_crespo/hR7QFEtn.zip (id 15; allowMobile=false)
D/dalvikvm(  267): GC_CONCURRENT freed 355K, 5% free 9312K/9799K, paused 2ms+3ms
V/SystemUpdateService(  455): onPostExecute: false
I/DownloadManager(  267): Initiating request for download 15
W/DownloadManager(  267): Aborting request for download 15: no network connection available
I/EventLogService(  455): Aggregate from 1333776797948 (log), 1333776797948 (data)
I/ServiceDumpSys(  455): dumping service [account]
I/EventLogService(  455): Aggregate from 1333778598076 (log), 1333778598076 (data)
I/ServiceDumpSys(  455): dumping service [account]
D/dalvikvm(  153): GC_CONCURRENT freed 986K, 11% free 13417K/14983K, paused 2ms+5ms
I/EventLogService(  455): Aggregate from 1333780398204 (log), 1333780398204 (data)
I/ServiceDumpSys(  455): dumping service [account]
I/EventLogService(  455): Aggregate from 1333782198353 (log), 1333782198353 (data)
I/ServiceDumpSys(  455): dumping service [account]
D/dalvikvm(  455): GC_FOR_ALLOC freed 370K, 8% free 9989K/10759K, paused 21ms
I/EventLogService(  455): Aggregate from 1333783998481 (log), 1333783998481 (data)
I/ServiceDumpSys(  455): dumping service [account]
D/dalvikvm(  220): GC_CONCURRENT freed 350K, 6% free 9954K/10567K, paused 2ms+11ms
D/dalvikvm(  153): GC_CONCURRENT freed 978K, 11% free 13420K/14983K, paused 4ms+4ms
I/EventLogService(  455): Aggregate from 1333785798602 (log), 1333785798602 (data)
I/ServiceDumpSys(  455): dumping service [account]
I/EventLogService(  455): Aggregate from 1333787598723 (log), 1333787598723 (data)
I/ServiceDumpSys(  455): dumping service [account]
I/EventLogService(  455): Aggregate from 1333789398822 (log), 1333789398822 (data)
D/dalvikvm(  153): GC_CONCURRENT freed 980K, 11% free 13423K/14983K, paused 3ms+4ms
I/ServiceDumpSys(  455): dumping service [account]
I/EventLogService(  455): Aggregate from 1333791198983 (log), 1333791198983 (data)
I/ServiceDumpSys(  455): dumping service [account]
D/dalvikvm(  455): GC_FOR_ALLOC freed 376K, 8% free 9984K/10759K, paused 20ms
I/EventLogService(  455): Aggregate from 1333792999150 (log), 1333792999150 (data)
I/ServiceDumpSys(  455): dumping service [account]
D/dalvikvm(  220): GC_CONCURRENT freed 391K, 6% free 9954K/10567K, paused 1ms+12ms
D/dalvikvm(  153): GC_CONCURRENT freed 988K, 11% free 13423K/14983K, paused 2ms+4ms
I/EventLogService(  455): Aggregate from 1333794799270 (log), 1333794799270 (data)
I/ServiceDumpSys(  455): dumping service [account]
I/EventLogService(  455): Aggregate from 1333796599388 (log), 1333796599388 (data)
I/ServiceDumpSys(  455): dumping service [account]
I/SystemUpdateService(  455): download in progress: [id: 15 compl: false succ: false bytes: 0 reason: 0 fn: null]
I/SystemUpdateService(  455): download took too long; will cancel and retry
V/SystemUpdateService(  455): retry (wakeup: true) in 209939 ms
D/dalvikvm(  455): GC_FOR_ALLOC freed 348K, 8% free 9985K/10759K, paused 40ms
V/SystemUpdateService(  455): onPostExecute: false
I/SystemUpdateService(  455): starting download of http://android.clients.google.com/packages/ota/google_crespo/hR7QFEtn.zip
V/SystemUpdateService(  455): retry (wakeup: true) in 21599997 ms
I/SystemUpdate.Download(  455): Started a new update download: http://android.clients.google.com/packages/ota/google_crespo/hR7QFEtn.zip (id 16; allowMobile=false)
V/SystemUpdateService(  455): onPostExecute: false
I/DownloadManager(  267): Initiating request for download 16
W/DownloadManager(  267): Aborting request for download 16: no network connection available
D/dalvikvm(  267): GC_EXPLICIT freed 260K, 6% free 9246K/9799K, paused 8ms+7ms
I/EventLogService(  455): Aggregate from 1333798399490 (log), 1333798399490 (data)
I/ServiceDumpSys(  455): dumping service [account]
D/dalvikvm(  153): GC_CONCURRENT freed 972K, 11% free 13427K/14983K, paused 2ms+4ms
I/EventLogService(  455): Aggregate from 1333800199607 (log), 1333800199607 (data)
I/ServiceDumpSys(  455): dumping service [account]
I/EventLogService(  455): Aggregate from 1333801999749 (log), 1333801999749 (data)
I/ServiceDumpSys(  455): dumping service [account]
D/dalvikvm(  220): GC_CONCURRENT freed 390K, 6% free 9949K/10567K, paused 1ms+3ms
I/EventLogService(  455): Aggregate from 1333803799916 (log), 1333803799916 (data)
I/ServiceDumpSys(  455): dumping service [account]
D/dalvikvm(  455): GC_FOR_ALLOC freed 381K, 8% free 9986K/10759K, paused 46ms
D/dalvikvm(  153): GC_CONCURRENT freed 994K, 11% free 13432K/14983K, paused 2ms+5ms
D/dalvikvm(  153): GC_EXPLICIT freed 109K, 11% free 13383K/14983K, paused 4ms+6ms
I/EventLogService(  455): Aggregate from 1333805600049 (log), 1333805600049 (data)
I/ServiceDumpSys(  455): dumping service [account]
I/EventLogService(  455): Aggregate from 1333807400197 (log), 1333807400197 (data)
I/ServiceDumpSys(  455): dumping service [account]
I/EventLogService(  455): Aggregate from 1333809200325 (log), 1333809200325 (data)
I/ServiceDumpSys(  455): dumping service [account]
D/dalvikvm(  153): GC_CONCURRENT freed 915K, 11% free 13435K/14983K, paused 2ms+5ms
I/EventLogService(  455): Aggregate from 1333811000478 (log), 1333811000478 (data)
I/ServiceDumpSys(  455): dumping service [account]
D/Finsky  ( 1150): [1] UpdateCheckReceiver.updateCheckIfNecessary: Force checking for available updates.
D/Finsky  ( 1150): [1] UpdatesAvailableReceiver.onReceive: Received updates available notification
E/Finsky  ( 1150): [1] UpdatesAvailableReceiver.onReceive: Could not set up current account / dfe api when receiving an updates available broadcast.
I/EventLogService(  455): Aggregate from 1333812800600 (log), 1333812800600 (data)
I/ServiceDumpSys(  455): dumping service [account]
D/dalvikvm(  455): GC_FOR_ALLOC freed 385K, 8% free 9985K/10759K, paused 37ms
D/dalvikvm(  455): GC_CONCURRENT freed 17K, 8% free 9993K/10759K, paused 4ms+8ms
D/dalvikvm(  220): GC_CONCURRENT freed 391K, 6% free 9950K/10567K, paused 2ms+4ms
D/dalvikvm(  153): GC_CONCURRENT freed 1013K, 11% free 13439K/14983K, paused 3ms+5ms
I/EventLogService(  455): Aggregate from 1333814600724 (log), 1333814600724 (data)
I/ServiceDumpSys(  455): dumping service [account]
I/EventLogService(  455): Aggregate from 1333816400870 (log), 1333816400870 (data)
I/ServiceDumpSys(  455): dumping service [account]
I/EventLogService(  455): Aggregate from 1333818200997 (log), 1333818200997 (data)
I/ServiceDumpSys(  455): dumping service [account]
I/SystemUpdateService(  455): download in progress: [id: 16 compl: false succ: false bytes: 0 reason: 0 fn: null]
I/SystemUpdateService(  455): download took too long; will cancel and retry
V/SystemUpdateService(  455): retry (wakeup: true) in 269906 ms
D/dalvikvm(  455): GC_FOR_ALLOC freed 339K, 8% free 9985K/10759K, paused 23ms
V/SystemUpdateService(  455): onPostExecute: false
I/SystemUpdateService(  455): starting download of http://android.clients.google.com/packages/ota/google_crespo/hR7QFEtn.zip
V/SystemUpdateService(  455): retry (wakeup: true) in 21599998 ms
D/dalvikvm(  153): GC_CONCURRENT freed 977K, 11% free 13441K/14983K, paused 12ms+4ms
I/SystemUpdate.Download(  455): Started a new update download: http://android.clients.google.com/packages/ota/google_crespo/hR7QFEtn.zip (id 17; allowMobile=false)
V/SystemUpdateService(  455): onPostExecute: false
I/DownloadManager(  267): Initiating request for download 17
W/DownloadManager(  267): Aborting request for download 17: no network connection available
I/EventLogService(  455): Aggregate from 1333820001146 (log), 1333820001146 (data)
I/ServiceDumpSys(  455): dumping service [account]
I/EventLogService(  455): Aggregate from 1333821801286 (log), 1333821801286 (data)
I/ServiceDumpSys(  455): dumping service [account]
D/dalvikvm(  220): GC_CONCURRENT freed 394K, 6% free 9954K/10567K, paused 2ms+5ms
I/EventLogService(  455): Aggregate from 1333823601395 (log), 1333823601395 (data)
I/ServiceDumpSys(  455): dumping service [account]
D/dalvikvm(  153): GC_CONCURRENT freed 980K, 11% free 13445K/14983K, paused 2ms+5ms
I/EventLogService(  455): Aggregate from 1333825401502 (log), 1333825401502 (data)
I/ServiceDumpSys(  455): dumping service [account]
D/dalvikvm(  455): GC_CONCURRENT freed 391K, 8% free 9986K/10759K, paused 2ms+2ms
I/EventLogService(  455): Aggregate from 1333827201631 (log), 1333827201631 (data)
I/ServiceDumpSys(  455): dumping service [account]
D/dalvikvm(  153): GC_CONCURRENT freed 995K, 11% free 13445K/14983K, paused 2ms+4ms
I/EventLogService(  455): Aggregate from 1333829001762 (log), 1333829001762 (data)
I/ServiceDumpSys(  455): dumping service [account]
I/EventLogService(  455): Aggregate from 1333830801920 (log), 1333830801920 (data)
I/ServiceDumpSys(  455): dumping service [account]
I/EventLogService(  455): Aggregate from 1333832602041 (log), 1333832602041 (data)
I/ServiceDumpSys(  455): dumping service [account]
D/dalvikvm(  220): GC_CONCURRENT freed 395K, 6% free 9954K/10567K, paused 2ms+3ms
D/dalvikvm(  153): JIT code cache reset in 7 ms (1048396 bytes 2/0)
D/dalvikvm(  153): GC_CONCURRENT freed 1059K, 11% free 13465K/14983K, paused 2ms+14ms
I/EventLogService(  455): Aggregate from 1333834402147 (log), 1333834402147 (data)
I/ServiceDumpSys(  455): dumping service [account]
D/dalvikvm(  455): GC_CONCURRENT freed 395K, 8% free 9986K/10759K, paused 2ms+3ms
I/EventLogService(  455): Aggregate from 1333836202260 (log), 1333836202260 (data)
I/ServiceDumpSys(  455): dumping service [account]
I/EventLogService(  455): Aggregate from 1333838002409 (log), 1333838002409 (data)
I/ServiceDumpSys(  455): dumping service [account]
D/dalvikvm(  153): GC_CONCURRENT freed 1054K, 11% free 13462K/14983K, paused 4ms+5ms
I/EventLogService(  455): Aggregate from 1333839802514 (log), 1333839802514 (data)
I/ServiceDumpSys(  455): dumping service [account]
I/SystemUpdateService(  455): download in progress: [id: 17 compl: false succ: false bytes: 0 reason: 0 fn: null]
I/SystemUpdateService(  455): download took too long; will cancel and retry
V/SystemUpdateService(  455): retry (wakeup: true) in 328609 ms
D/dalvikvm(  455): GC_FOR_ALLOC freed 366K, 8% free 9986K/10759K, paused 27ms
V/SystemUpdateService(  455): onPostExecute: false
I/SystemUpdateService(  455): starting download of http://android.clients.google.com/packages/ota/google_crespo/hR7QFEtn.zip
V/SystemUpdateService(  455): retry (wakeup: true) in 21599997 ms
I/SystemUpdate.Download(  455): Started a new update download: http://android.clients.google.com/packages/ota/google_crespo/hR7QFEtn.zip (id 18; allowMobile=false)
V/SystemUpdateService(  455): onPostExecute: false
I/DownloadManager(  267): Initiating request for download 18
W/DownloadManager(  267): Aborting request for download 18: no network connection available
D/dalvikvm(  153): GC_EXPLICIT freed 527K, 11% free 13435K/14983K, paused 3ms+5ms
I/EventLogService(  455): Aggregate from 1333841602620 (log), 1333841602620 (data)
I/ServiceDumpSys(  455): dumping service [account]
D/dalvikvm(  220): GC_CONCURRENT freed 392K, 6% free 9954K/10567K, paused 1ms+4ms
D/dalvikvm(  455): GC_EXPLICIT freed 201K, 8% free 9978K/10759K, paused 2ms+3ms
I/EventLogService(  455): Aggregate from 1333843402803 (log), 1333843402803 (data)
I/ServiceDumpSys(  455): dumping service [account]
I/EventLogService(  455): Aggregate from 1333845202945 (log), 1333845202945 (data)
I/ServiceDumpSys(  455): dumping service [account]
D/dalvikvm(  153): GC_CONCURRENT freed 967K, 11% free 13481K/14983K, paused 3ms+5ms
I/EventLogService(  455): Aggregate from 1333847003069 (log), 1333847003069 (data)
I/ServiceDumpSys(  455): dumping service [account]
I/EventLogService(  455): Aggregate from 1333848803190 (log), 1333848803190 (data)
I/ServiceDumpSys(  455): dumping service [account]
I/EventLogService(  455): Aggregate from 1333850603298 (log), 1333850603298 (data)
I/ServiceDumpSys(  455): dumping service [account]
D/dalvikvm(  455): GC_CONCURRENT freed 392K, 8% free 9985K/10759K, paused 5ms+2ms
D/dalvikvm(  153): GC_CONCURRENT freed 1069K, 11% free 13461K/14983K, paused 4ms+5ms
I/EventLogService(  455): Aggregate from 1333852404326 (log), 1333852404326 (data)
I/ServiceDumpSys(  455): dumping service [account]
D/dalvikvm(  220): GC_CONCURRENT freed 385K, 6% free 9954K/10567K, paused 1ms+3ms
I/EventLogService(  455): Aggregate from 1333854204459 (log), 1333854204459 (data)
I/ServiceDumpSys(  455): dumping service [account]
D/AlarmManagerService(  153): Kernel timezone updated to 240 minutes west of GMT
D/dalvikvm(  880): GC_CONCURRENT freed 306K, 5% free 9160K/9543K, paused 2ms+2ms
I/EventLogService(  455): Aggregate from 1333856004603 (log), 1333856004603 (data)
I/ServiceDumpSys(  455): dumping service [account]
D/dalvikvm(  153): GC_CONCURRENT freed 1082K, 11% free 13475K/14983K, paused 2ms+5ms
I/EventLogService(  455): Aggregate from 1333857804728 (log), 1333857804728 (data)
I/ServiceDumpSys(  455): dumping service [account]
I/EventLogService(  455): Aggregate from 1333859604867 (log), 1333859604867 (data)
I/ServiceDumpSys(  455): dumping service [account]
D/dalvikvm(  455): GC_CONCURRENT freed 409K, 8% free 9986K/10759K, paused 2ms+3ms
I/EventLogService(  455): Aggregate from 1333861405005 (log), 1333861405005 (data)
I/ServiceDumpSys(  455): dumping service [account]
D/dalvikvm(  220): GC_CONCURRENT freed 394K, 6% free 9950K/10567K, paused 2ms+12ms
D/dalvikvm(  153): GC_CONCURRENT freed 1026K, 11% free 13473K/14983K, paused 2ms+11ms
I/SystemUpdateService(  455): download in progress: [id: 18 compl: false succ: false bytes: 0 reason: 0 fn: null]
I/SystemUpdateService(  455): download took too long; will cancel and retry
V/SystemUpdateService(  455): retry (wakeup: true) in 389912 ms
V/SystemUpdateService(  455): onPostExecute: false
I/SystemUpdateService(  455): starting download of http://android.clients.google.com/packages/ota/google_crespo/hR7QFEtn.zip
V/SystemUpdateService(  455): retry (wakeup: true) in 21599998 ms
I/SystemUpdate.Download(  455): Started a new update download: http://android.clients.google.com/packages/ota/google_crespo/hR7QFEtn.zip (id 19; allowMobile=false)
V/SystemUpdateService(  455): onPostExecute: false
D/dalvikvm(  267): GC_CONCURRENT freed 341K, 5% free 9319K/9799K, paused 2ms+3ms
I/DownloadManager(  267): Initiating request for download 19
W/DownloadManager(  267): Aborting request for download 19: no network connection available
I/EventLogService(  455): Aggregate from 1333863205130 (log), 1333863205130 (data)
I/ServiceDumpSys(  455): dumping service [account]
I/EventLogService(  455): Aggregate from 1333865005240 (log), 1333865005240 (data)
D/dalvikvm(  455): GC_CONCURRENT freed 377K, 8% free 10003K/10759K, paused 2ms+2ms
I/ServiceDumpSys(  455): dumping service [account]
I/EventLogService(  455): Aggregate from 1333866805358 (log), 1333866805358 (data)
I/ServiceDumpSys(  455): dumping service [account]
D/dalvikvm(  153): GC_CONCURRENT freed 1013K, 10% free 13527K/14983K, paused 2ms+6ms
I/DownloadManager(  267): Initiating request for download 20
W/DownloadManager(  267): Aborting request for download 20: no network connection available
I/EventLogService(  455): Aggregate from 1333868605514 (log), 1333868605514 (data)
I/ServiceDumpSys(  455): dumping service [account]
I/EventLogService(  455): Aggregate from 1333870405638 (log), 1333870405638 (data)
I/ServiceDumpSys(  455): dumping service [account]
I/EventLogService(  455): Aggregate from 1333872205739 (log), 1333872205739 (data)
I/ServiceDumpSys(  455): dumping service [account]
D/dalvikvm(  455): GC_CONCURRENT freed 391K, 7% free 10008K/10759K, paused 4ms+6ms
D/dalvikvm(  220): GC_CONCURRENT freed 383K, 6% free 9954K/10567K, paused 2ms+4ms
D/dalvikvm(  153): GC_CONCURRENT freed 1105K, 11% free 13470K/14983K, paused 3ms+5ms
I/EventLogService(  455): Aggregate from 1333874005915 (log), 1333874005915 (data)
I/ServiceDumpSys(  455): dumping service [account]
I/EventLogService(  455): Aggregate from 1333875806052 (log), 1333875806052 (data)
I/ServiceDumpSys(  455): dumping service [account]
I/EventLogService(  455): Aggregate from 1333877606181 (log), 1333877606181 (data)
I/ServiceDumpSys(  455): dumping service [account]
D/dalvikvm(  153): GC_CONCURRENT freed 1007K, 11% free 13470K/14983K, paused 2ms+4ms
D/dalvikvm( 1225): GC_CONCURRENT freed 435K, 6% free 10125K/10695K, paused 275ms+2ms
I/EventLogService(  455): Aggregate from 1333879406303 (log), 1333879406303 (data)
I/ServiceDumpSys(  455): dumping service [account]
I/EventLogService(  455): Aggregate from 1333881206442 (log), 1333881206442 (data)
D/dalvikvm(  455): GC_CONCURRENT freed 416K, 8% free 9985K/10759K, paused 1ms+3ms
I/ServiceDumpSys(  455): dumping service [account]
D/dalvikvm(  220): GC_CONCURRENT freed 393K, 6% free 9949K/10567K, paused 2ms+5ms
I/EventLogService(  455): Aggregate from 1333883006579 (log), 1333883006579 (data)
D/dalvikvm(  153): GC_CONCURRENT freed 988K, 11% free 13471K/14983K, paused 2ms+5ms
I/ServiceDumpSys(  455): dumping service [account]
I/SystemUpdateService(  455): download in progress: [id: 19 compl: false succ: false bytes: 0 reason: 0 fn: null]
I/SystemUpdateService(  455): download took too long; will cancel and retry
V/SystemUpdateService(  455): retry (wakeup: true) in 449869 ms
V/SystemUpdateService(  455): onPostExecute: false
D/dalvikvm(  153): GC_EXPLICIT freed 384K, 11% free 13436K/14983K, paused 2ms+9ms
I/EventLogService(  455): Aggregate from 1333884806739 (log), 1333884806739 (data)
I/ServiceDumpSys(  455): dumping service [account]
I/SystemUpdateService(  455): starting download of http://android.clients.google.com/packages/ota/google_crespo/hR7QFEtn.zip
V/SystemUpdateService(  455): retry (wakeup: true) in 21599996 ms
I/SystemUpdate.Download(  455): Started a new update download: http://android.clients.google.com/packages/ota/google_crespo/hR7QFEtn.zip (id 21; allowMobile=false)
D/dalvikvm(  455): GC_FOR_ALLOC freed 377K, 8% free 9986K/10759K, paused 18ms
V/SystemUpdateService(  455): onPostExecute: false
I/DownloadManager(  267): Initiating request for download 21
W/DownloadManager(  267): Aborting request for download 21: no network connection available
I/EventLogService(  455): Aggregate from 1333886606934 (log), 1333886606934 (data)
I/ServiceDumpSys(  455): dumping service [account]
I/EventLogService(  455): Aggregate from 1333888407067 (log), 1333888407067 (data)
I/ServiceDumpSys(  455): dumping service [account]
D/dalvikvm(  153): GC_CONCURRENT freed 993K, 11% free 13478K/14983K, paused 3ms+5ms
I/EventLogService(  455): Aggregate from 1333890207213 (log), 1333890207213 (data)
I/ServiceDumpSys(  455): dumping service [account]
D/dalvikvm(  220): GC_CONCURRENT freed 391K, 6% free 9950K/10567K, paused 2ms+4ms
I/EventLogService(  455): Aggregate from 1333892007345 (log), 1333892007345 (data)
I/ServiceDumpSys(  455): dumping service [account]
I/EventLogService(  455): Aggregate from 1333893807493 (log), 1333893807493 (data)
D/dalvikvm(  455): GC_CONCURRENT freed 381K, 8% free 9999K/10759K, paused 2ms+2ms
D/dalvikvm(  153): GC_CONCURRENT freed 990K, 11% free 13481K/14983K, paused 3ms+4ms
I/ServiceDumpSys(  455): dumping service [account]
I/EventLogService(  455): Aggregate from 1333895607626 (log), 1333895607626 (data)
I/ServiceDumpSys(  455): dumping service [account]
I/EventLogService(  455): Aggregate from 1333897407866 (log), 1333897407866 (data)
I/ServiceDumpSys(  455): dumping service [account]
D/dalvikvm(  315): GC_CONCURRENT freed 426K, 6% free 9492K/10055K, paused 2ms+2ms
D/Finsky  ( 1150): [1] UpdateCheckReceiver.updateCheckIfNecessary: Force checking for available updates.
D/Finsky  ( 1150): [1] UpdatesAvailableReceiver.onReceive: Received updates available notification
E/Finsky  ( 1150): [1] UpdatesAvailableReceiver.onReceive: Could not set up current account / dfe api when receiving an updates available broadcast.
D/dalvikvm(  153): GC_CONCURRENT freed 1072K, 11% free 13482K/14983K, paused 3ms+5ms
D/dalvikvm( 1150): GC_CONCURRENT freed 387K, 5% free 9378K/9863K, paused 2ms+9ms
I/EventLogService(  455): Aggregate from 1333899207993 (log), 1333899207993 (data)
I/ServiceDumpSys(  455): dumping service [account]
D/dalvikvm(  220): GC_CONCURRENT freed 396K, 6% free 9941K/10567K, paused 2ms+4ms
I/EventLogService(  455): Aggregate from 1333901008130 (log), 1333901008130 (data)
I/ServiceDumpSys(  455): dumping service [account]
D/dalvikvm(  455): GC_CONCURRENT freed 399K, 7% free 10008K/10759K, paused 2ms+3ms
I/EventLogService(  455): Aggregate from 1333902808256 (log), 1333902808256 (data)
I/ServiceDumpSys(  455): dumping service [account]
D/dalvikvm(  153): GC_CONCURRENT freed 1079K, 10% free 13495K/14983K, paused 2ms+5ms
I/EventLogService(  455): Aggregate from 1333904608380 (log), 1333904608380 (data)
I/ServiceDumpSys(  455): dumping service [account]
I/EventLogService(  455): Aggregate from 1333906408523 (log), 1333906408523 (data)
I/ServiceDumpSys(  455): dumping service [account]
I/SystemUpdateService(  455): download in progress: [id: 21 compl: false succ: false bytes: 0 reason: 0 fn: null]
I/SystemUpdateService(  455): download took too long; will cancel and retry
V/SystemUpdateService(  455): retry (wakeup: true) in 509887 ms
D/dalvikvm(  455): GC_FOR_ALLOC freed 384K, 8% free 9985K/10759K, paused 23ms
V/SystemUpdateService(  455): onPostExecute: false
I/SystemUpdateService(  455): starting download of http://android.clients.google.com/packages/ota/google_crespo/hR7QFEtn.zip
V/SystemUpdateService(  455): retry (wakeup: true) in 21599998 ms
I/SystemUpdate.Download(  455): Started a new update download: http://android.clients.google.com/packages/ota/google_crespo/hR7QFEtn.zip (id 22; allowMobile=false)
V/SystemUpdateService(  455): onPostExecute: false
I/DownloadManager(  267): Initiating request for download 22
W/DownloadManager(  267): Aborting request for download 22: no network connection available
D/dalvikvm(  267): GC_CONCURRENT freed 413K, 6% free 9312K/9863K, paused 2ms+3ms
I/EventLogService(  455): Aggregate from 1333908208661 (log), 1333908208661 (data)
I/ServiceDumpSys(  455): dumping service [account]
D/dalvikvm(  220): GC_CONCURRENT freed 385K, 6% free 9941K/10567K, paused 2ms+7ms
D/dalvikvm(  153): GC_CONCURRENT freed 1054K, 10% free 13500K/14983K, paused 3ms+8ms
I/EventLogService(  455): Aggregate from 1333910008759 (log), 1333910008759 (data)
I/ServiceDumpSys(  455): dumping service [account]
I/EventLogService(  455): Aggregate from 1333911808878 (log), 1333911808878 (data)
I/ServiceDumpSys(  455): dumping service [account]
I/EventLogService(  455): Aggregate from 1333913608986 (log), 1333913608986 (data)
D/dalvikvm(  455): GC_CONCURRENT freed 379K, 8% free 10001K/10759K, paused 2ms+3ms
I/ServiceDumpSys(  455): dumping service [account]
D/dalvikvm(  153): GC_CONCURRENT freed 1020K, 10% free 13489K/14983K, paused 26ms+5ms
I/EventLogService(  455): Aggregate from 1333915409108 (log), 1333915409108 (data)
I/ServiceDumpSys(  455): dumping service [account]
I/EventLogService(  455): Aggregate from 1333917209252 (log), 1333917209252 (data)
I/ServiceDumpSys(  455): dumping service [account]
D/dalvikvm(  220): GC_CONCURRENT freed 389K, 6% free 9946K/10567K, paused 2ms+7ms
D/dalvikvm(  153): GC_CONCURRENT freed 1015K, 10% free 13487K/14983K, paused 4ms+5ms
D/dalvikvm(  455): GC_EXPLICIT freed 267K, 8% free 9978K/10759K, paused 2ms+3ms
I/EventLogService(  455): Aggregate from 1333919009365 (log), 1333919009365 (data)
I/ServiceDumpSys(  455): dumping service [account]
I/power   (  153): *** set_screen_state 1
I/WindowManager(  153): Lock screen displayed!
W/PowerUI (  220): unknown intent: Intent { act=android.intent.action.ACTION_POWER_CONNECTED flg=0x10000010 }
D/PicasaSyncManager(  967): battery info: true
D/SurfaceFlinger(   80): Screen about to return, flinger = 0xceb918
D/dalvikvm(  220): GC_FOR_ALLOC freed 225K, 7% free 9916K/10567K, paused 25ms
I/dalvikvm-heap(  220): Grow heap (frag case) to 9.810MB for 61576-byte allocation
D/dalvikvm(  220): GC_FOR_ALLOC freed 35K, 7% free 9940K/10631K, paused 25ms
I/StorageNotification(  220): UMS connection changed to true (media state mounted)
D/dalvikvm(  220): GC_FOR_ALLOC freed 4K, 7% free 9956K/10631K, paused 25ms
I/dalvikvm-heap(  220): Grow heap (frag case) to 9.929MB for 145936-byte allocation
D/dalvikvm(  220): GC_FOR_ALLOC freed 3K, 7% free 10094K/10823K, paused 14ms
D/dalvikvm(  153): GC_EXPLICIT freed 702K, 11% free 13353K/14983K, paused 2ms+6ms
I/StorageNotification(  220): UMS connection changed to true (media state mounted)
D/dalvikvm(  220): GC_FOR_ALLOC freed 17K, 7% free 10141K/10823K, paused 31ms
I/dalvikvm-heap(  220): Grow heap (frag case) to 10.148MB for 184336-byte allocation
D/dalvikvm(  220): GC_FOR_ALLOC freed 9K, 7% free 10312K/11015K, paused 31ms
D/dalvikvm(  220): GC_FOR_ALLOC freed 142K, 8% free 10170K/11015K, paused 18ms
I/dalvikvm-heap(  220): Grow heap (frag case) to 10.177MB for 186256-byte allocation
D/dalvikvm(  220): GC_FOR_ALLOC freed 0K, 8% free 10352K/11207K, paused 16ms
D/dalvikvm(  220): GC_FOR_ALLOC freed 370K, 10% free 10105K/11207K, paused 16ms
I/power   (  153): *** set_screen_state 0
D/SurfaceFlinger(   80): About to give-up screen, flinger = 0xceb918
I/UsageStats(  153): Deleting usage file : usage-20120219
D/dalvikvm(  153): GC_FOR_ALLOC freed 282K, 9% free 13782K/14983K, paused 41ms
D/dalvikvm(  153): GC_FOR_ALLOC freed 15K, 9% free 13871K/15111K, paused 43ms
I/dalvikvm-heap(  153): Grow heap (frag case) to 13.723MB for 104992-byte allocation
D/dalvikvm(  153): GC_FOR_ALLOC freed 1K, 9% free 13973K/15239K, paused 41ms
D/dalvikvm(  153): GC_FOR_ALLOC freed <1K, 9% free 13973K/15239K, paused 40ms
I/dalvikvm-heap(  153): Grow heap (frag case) to 13.823MB for 104992-byte allocation
D/dalvikvm(  153): GC_FOR_ALLOC freed <1K, 9% free 14076K/15367K, paused 38ms
V/TransportControlView(  153): Create TCV com.android.internal.widget.TransportControlView@4133ca60
I/EventLogService(  455): Aggregate from 1333920809522 (log), 1333920809522 (data)
I/ServiceDumpSys(  455): dumping service [account]
