W/Smack/Packet(  455): notify conn break (IOEx), close connection
D/ConnectivityService(  153): handleInetConditionHoldEnd: net=0, condition=0, published condition=100
I/GTalkService/c(  455): [AndroidEndpoint@1094694896] connect: acct=1000001, state=CONNECTING
D/ConnectivityService(  153): handleInetConditionHoldEnd: net=0, condition=100, published condition=0
W/Smack/Packet(  455): notify conn break (IOEx), close connection
D/ConnectivityService(  153): handleInetConditionHoldEnd: net=0, condition=0, published condition=100
I/GTalkService/c(  455): [AndroidEndpoint@1094694896] connect: acct=1000001, state=CONNECTING
D/dalvikvm(  455): GC_CONCURRENT freed 398K, 7% free 10054K/10759K, paused 14ms+2ms
D/ConnectivityService(  153): handleInetConditionHoldEnd: net=0, condition=100, published condition=0
D/dalvikvm(  153): GC_CONCURRENT freed 883K, 12% free 13259K/14983K, paused 16ms+5ms
W/Smack/Packet(  455): notify conn break (IOEx), close connection
D/ConnectivityService(  153): handleInetConditionHoldEnd: net=0, condition=0, published condition=100
I/GTalkService/c(  455): [AndroidEndpoint@1094694896] connect: acct=1000001, state=CONNECTING
D/dalvikvm(  455): GC_CONCURRENT freed 385K, 7% free 10062K/10759K, paused 14ms+3ms
D/ConnectivityService(  153): handleInetConditionHoldEnd: net=0, condition=100, published condition=0
W/Smack/Packet(  455): notify conn break (IOEx), close connection
D/ConnectivityService(  153): handleInetConditionHoldEnd: net=0, condition=0, published condition=100
I/GTalkService/c(  455): [AndroidEndpoint@1094694896] connect: acct=1000001, state=CONNECTING
D/ConnectivityService(  153): handleInetConditionHoldEnd: net=0, condition=100, published condition=0
W/Smack/Packet(  455): notify conn break (IOEx), close connection
D/ConnectivityService(  153): handleInetConditionHoldEnd: net=0, condition=0, published condition=100
I/GTalkService/c(  455): [AndroidEndpoint@1094694896] connect: acct=1000001, state=CONNECTING
D/dalvikvm(  455): GC_CONCURRENT freed 383K, 7% free 10075K/10759K, paused 2ms+2ms
W/Smack/Packet(  455): notify conn break (IOEx), close connection
D/ConnectivityService(  153): handleInetConditionHoldEnd: net=0, condition=0, published condition=0
I/GTalkService/c(  455): [AndroidEndpoint@1094694896] connect: acct=1000001, state=CONNECTING
D/ConnectivityService(  153): handleInetConditionHoldEnd: net=0, condition=100, published condition=0
W/Smack/Packet(  455): notify conn break (IOEx), close connection
D/ConnectivityService(  153): handleInetConditionHoldEnd: net=0, condition=0, published condition=100
I/GTalkService/c(  455): [AndroidEndpoint@1094694896] connect: acct=1000001, state=CONNECTING
D/dalvikvm(  455): GC_CONCURRENT freed 413K, 7% free 10054K/10759K, paused 14ms+3ms
D/ConnectivityService(  153): handleInetConditionHoldEnd: net=0, condition=100, published condition=0
W/Smack/Packet(  455): notify conn break (IOEx), close connection
D/ConnectivityService(  153): handleInetConditionHoldEnd: net=0, condition=0, published condition=100
I/GTalkService/c(  455): [AndroidEndpoint@1094694896] connect: acct=1000001, state=CONNECTING
D/dalvikvm(  455): GC_CONCURRENT freed 385K, 7% free 10062K/10759K, paused 2ms+3ms
D/ConnectivityService(  153): handleInetConditionHoldEnd: net=0, condition=100, published condition=0
W/Smack/Packet(  455): notify conn break (IOEx), close connection
D/ConnectivityService(  153): handleInetConditionHoldEnd: net=0, condition=0, published condition=100
D/dalvikvm( 1271): GC_CONCURRENT freed 393K, 8% free 10000K/10759K, paused 12ms+2ms
I/GTalkService/c(  455): [AndroidEndpoint@1094694896] connect: acct=1000001, state=CONNECTING
D/ConnectivityService(  153): handleInetConditionHoldEnd: net=0, condition=100, published condition=0
W/Smack/Packet(  455): notify conn break (IOEx), close connection
D/ConnectivityService(  153): handleInetConditionHoldEnd: net=0, condition=0, published condition=100
I/GTalkService/c(  455): [AndroidEndpoint@1094694896] connect: acct=1000001, state=CONNECTING
D/dalvikvm(  455): GC_CONCURRENT freed 380K, 7% free 10077K/10759K, paused 1ms+2ms
D/ConnectivityService(  153): handleInetConditionHoldEnd: net=0, condition=100, published condition=0
W/Smack/Packet(  455): notify conn break (IOEx), close connection
D/ConnectivityService(  153): handleInetConditionHoldEnd: net=0, condition=0, published condition=100
I/GTalkService/c(  455): [AndroidEndpoint@1094694896] connect: acct=1000001, state=CONNECTING
D/ConnectivityService(  153): handleInetConditionHoldEnd: net=0, condition=100, published condition=0
W/Smack/Packet(  455): notify conn break (IOEx), close connection
D/ConnectivityService(  153): handleInetConditionHoldEnd: net=0, condition=0, published condition=100
I/GTalkService/c(  455): [AndroidEndpoint@1094694896] connect: acct=1000001, state=CONNECTING
D/dalvikvm(  455): GC_CONCURRENT freed 416K, 7% free 10055K/10759K, paused 14ms+2ms
D/ConnectivityService(  153): handleInetConditionHoldEnd: net=0, condition=100, published condition=0
W/Smack/Packet(  455): notify conn break (IOEx), close connection
D/ConnectivityService(  153): handleInetConditionHoldEnd: net=0, condition=0, published condition=100
I/GTalkService/c(  455): [AndroidEndpoint@1094694896] connect: acct=1000001, state=CONNECTING
D/dalvikvm(  455): GC_CONCURRENT freed 386K, 7% free 10063K/10759K, paused 2ms+2ms
D/ConnectivityService(  153): handleInetConditionHoldEnd: net=0, condition=100, published condition=0
D/dalvikvm(  220): GC_CONCURRENT freed 379K, 7% free 9858K/10567K, paused 1ms+2ms
W/Smack/Packet(  455): notify conn break (IOEx), close connection
D/ConnectivityService(  153): handleInetConditionHoldEnd: net=0, condition=0, published condition=100
I/GTalkService/c(  455): [AndroidEndpoint@1094694896] connect: acct=1000001, state=CONNECTING
D/ConnectivityService(  153): handleInetConditionHoldEnd: net=0, condition=100, published condition=0
W/Smack/Packet(  455): notify conn break (IOEx), close connection
D/ConnectivityService(  153): handleInetConditionHoldEnd: net=0, condition=0, published condition=100
I/GTalkService/c(  455): [AndroidEndpoint@1094694896] connect: acct=1000001, state=CONNECTING
D/dalvikvm(  455): GC_CONCURRENT freed 383K, 7% free 10075K/10759K, paused 2ms+3ms
D/dalvikvm(  153): GC_EXPLICIT freed 879K, 12% free 13262K/14983K, paused 20ms+6ms
W/Smack/Packet(  455): notify conn break (IOEx), close connection
D/ConnectivityService(  153): handleInetConditionHoldEnd: net=0, condition=0, published condition=0
I/GTalkService/c(  455): [AndroidEndpoint@1094694896] connect: acct=1000001, state=CONNECTING
D/ConnectivityService(  153): handleInetConditionHoldEnd: net=0, condition=100, published condition=0
W/Smack/Packet(  455): notify conn break (IOEx), close connection
D/ConnectivityService(  153): handleInetConditionHoldEnd: net=0, condition=0, published condition=100
I/GTalkService/c(  455): [AndroidEndpoint@1094694896] connect: acct=1000001, state=CONNECTING
D/dalvikvm(  455): GC_CONCURRENT freed 413K, 7% free 10056K/10759K, paused 14ms+3ms
D/ConnectivityService(  153): handleInetConditionHoldEnd: net=0, condition=100, published condition=0
W/Smack/Packet(  455): notify conn break (IOEx), close connection
D/ConnectivityService(  153): handleInetConditionHoldEnd: net=0, condition=0, published condition=100
I/EventLogService(  455): Aggregate from 1333744395799 (log), 1333744395799 (data)
I/ServiceDumpSys(  455): dumping service [account]
I/GTalkService/c(  455): [AndroidEndpoint@1094694896] connect: acct=1000001, state=CONNECTING
D/dalvikvm(  455): GC_CONCURRENT freed 398K, 7% free 10044K/10759K, paused 2ms+3ms
D/ConnectivityService(  153): handleInetConditionHoldEnd: net=0, condition=100, published condition=0
W/Smack/Packet(  455): notify conn break (IOEx), close connection
D/ConnectivityService(  153): handleInetConditionHoldEnd: net=0, condition=0, published condition=100
I/GTalkService/c(  455): [AndroidEndpoint@1094694896] connect: acct=1000001, state=CONNECTING
D/ConnectivityService(  153): handleInetConditionHoldEnd: net=0, condition=100, published condition=0
W/Smack/Packet(  455): notify conn break (IOEx), close connection
D/ConnectivityService(  153): handleInetConditionHoldEnd: net=0, condition=0, published condition=100
I/GTalkService/c(  455): [AndroidEndpoint@1094694896] connect: acct=1000001, state=CONNECTING
D/dalvikvm(  455): GC_CONCURRENT freed 384K, 7% free 10056K/10759K, paused 14ms+3ms
D/ConnectivityService(  153): handleInetConditionHoldEnd: net=0, condition=100, published condition=0
W/Smack/Packet(  455): notify conn break (IOEx), close connection
D/ConnectivityService(  153): handleInetConditionHoldEnd: net=0, condition=0, published condition=100
I/GTalkService/c(  455): [AndroidEndpoint@1094694896] connect: acct=1000001, state=CONNECTING
D/dalvikvm(  455): GC_CONCURRENT freed 386K, 7% free 10063K/10759K, paused 2ms+3ms
D/ConnectivityService(  153): handleInetConditionHoldEnd: net=0, condition=100, published condition=0
W/Smack/Packet(  455): notify conn break (IOEx), close connection
D/ConnectivityService(  153): handleInetConditionHoldEnd: net=0, condition=0, published condition=100
I/GTalkService/c(  455): [AndroidEndpoint@1094694896] connect: acct=1000001, state=CONNECTING
D/ConnectivityService(  153): handleInetConditionHoldEnd: net=0, condition=100, published condition=0
W/Smack/Packet(  455): notify conn break (IOEx), close connection
D/ConnectivityService(  153): handleInetConditionHoldEnd: net=0, condition=0, published condition=100
I/GTalkService/c(  455): [AndroidEndpoint@1094694896] connect: acct=1000001, state=CONNECTING
D/dalvikvm(  455): GC_CONCURRENT freed 381K, 7% free 10076K/10759K, paused 2ms+3ms
D/ConnectivityService(  153): handleInetConditionHoldEnd: net=0, condition=100, published condition=0
W/Smack/Packet(  455): notify conn break (IOEx), close connection
D/ConnectivityService(  153): handleInetConditionHoldEnd: net=0, condition=0, published condition=100
I/GTalkService/c(  455): [AndroidEndpoint@1094694896] connect: acct=1000001, state=CONNECTING
D/ConnectivityService(  153): handleInetConditionHoldEnd: net=0, condition=100, published condition=0
W/Smack/Packet(  455): notify conn break (IOEx), close connection
D/ConnectivityService(  153): handleInetConditionHoldEnd: net=0, condition=0, published condition=100
I/GTalkService/c(  455): [AndroidEndpoint@1094694896] connect: acct=1000001, state=CONNECTING
D/dalvikvm(  455): GC_CONCURRENT freed 414K, 7% free 10055K/10759K, paused 14ms+3ms
D/ConnectivityService(  153): handleInetConditionHoldEnd: net=0, condition=100, published condition=0
W/Smack/Packet(  455): notify conn break (IOEx), close connection
D/ConnectivityService(  153): handleInetConditionHoldEnd: net=0, condition=0, published condition=100
I/GTalkService/c(  455): [AndroidEndpoint@1094694896] connect: acct=1000001, state=CONNECTING
D/dalvikvm(  455): GC_CONCURRENT freed 385K, 7% free 10063K/10759K, paused 2ms+3ms
D/ConnectivityService(  153): handleInetConditionHoldEnd: net=0, condition=100, published condition=0
W/Smack/Packet(  455): notify conn break (IOEx), close connection
D/ConnectivityService(  153): handleInetConditionHoldEnd: net=0, condition=0, published condition=100
I/GTalkService/c(  455): [AndroidEndpoint@1094694896] connect: acct=1000001, state=CONNECTING
D/ConnectivityService(  153): handleInetConditionHoldEnd: net=0, condition=100, published condition=0
W/Smack/Packet(  455): notify conn break (IOEx), close connection
D/ConnectivityService(  153): handleInetConditionHoldEnd: net=0, condition=0, published condition=100
I/GTalkService/c(  455): [AndroidEndpoint@1094694896] connect: acct=1000001, state=CONNECTING
D/dalvikvm(  153): GC_CONCURRENT freed 929K, 12% free 13271K/14983K, paused 19ms+5ms
D/dalvikvm(  455): GC_CONCURRENT freed 383K, 7% free 10075K/10759K, paused 2ms+3ms
D/ConnectivityService(  153): handleInetConditionHoldEnd: net=0, condition=100, published condition=0
W/Smack/Packet(  455): notify conn break (IOEx), close connection
D/ConnectivityService(  153): handleInetConditionHoldEnd: net=0, condition=0, published condition=100
I/GTalkService/c(  455): [AndroidEndpoint@1094694896] connect: acct=1000001, state=CONNECTING
D/ConnectivityService(  153): handleInetConditionHoldEnd: net=0, condition=100, published condition=0
W/Smack/Packet(  455): notify conn break (IOEx), close connection
D/ConnectivityService(  153): handleInetConditionHoldEnd: net=0, condition=0, published condition=100
I/GTalkService/c(  455): [AndroidEndpoint@1094694896] connect: acct=1000001, state=CONNECTING
D/dalvikvm(  455): GC_CONCURRENT freed 415K, 7% free 10053K/10759K, paused 14ms+3ms
D/ConnectivityService(  153): handleInetConditionHoldEnd: net=0, condition=100, published condition=0
W/Smack/Packet(  455): notify conn break (IOEx), close connection
D/ConnectivityService(  153): handleInetConditionHoldEnd: net=0, condition=0, published condition=100
D/dalvikvm(  153): GC_EXPLICIT freed 266K, 13% free 13185K/14983K, paused 19ms+5ms
I/GTalkService/c(  455): [AndroidEndpoint@1094694896] connect: acct=1000001, state=CONNECTING
D/dalvikvm(  455): GC_CONCURRENT freed 387K, 7% free 10061K/10759K, paused 2ms+2ms
D/ConnectivityService(  153): handleInetConditionHoldEnd: net=0, condition=100, published condition=0
W/Smack/Packet(  455): notify conn break (IOEx), close connection
D/ConnectivityService(  153): handleInetConditionHoldEnd: net=0, condition=0, published condition=100
I/GTalkService/c(  455): [AndroidEndpoint@1094694896] connect: acct=1000001, state=CONNECTING
D/ConnectivityService(  153): handleInetConditionHoldEnd: net=0, condition=100, published condition=0
W/Smack/Packet(  455): notify conn break (IOEx), close connection
D/ConnectivityService(  153): handleInetConditionHoldEnd: net=0, condition=0, published condition=100
I/GTalkService/c(  455): [AndroidEndpoint@1094694896] connect: acct=1000001, state=CONNECTING
D/dalvikvm(  455): GC_CONCURRENT freed 382K, 7% free 10074K/10759K, paused 7ms+3ms
D/ConnectivityService(  153): handleInetConditionHoldEnd: net=0, condition=100, published condition=0
W/Smack/Packet(  455): notify conn break (IOEx), close connection
D/ConnectivityService(  153): handleInetConditionHoldEnd: net=0, condition=0, published condition=100
I/GTalkService/c(  455): [AndroidEndpoint@1094694896] connect: acct=1000001, state=CONNECTING
D/ConnectivityService(  153): handleInetConditionHoldEnd: net=0, condition=100, published condition=0
W/Smack/Packet(  455): notify conn break (IOEx), close connection
D/ConnectivityService(  153): handleInetConditionHoldEnd: net=0, condition=0, published condition=100
I/GTalkService/c(  455): [AndroidEndpoint@1094694896] connect: acct=1000001, state=CONNECTING
D/dalvikvm(  455): GC_CONCURRENT freed 414K, 7% free 10053K/10759K, paused 14ms+2ms
D/ConnectivityService(  153): handleInetConditionHoldEnd: net=0, condition=100, published condition=0
W/Smack/Packet(  455): notify conn break (IOEx), close connection
D/ConnectivityService(  153): handleInetConditionHoldEnd: net=0, condition=0, published condition=100
I/GTalkService/c(  455): [AndroidEndpoint@1094694896] connect: acct=1000001, state=CONNECTING
D/dalvikvm(  315): GC_CONCURRENT freed 409K, 6% free 9512K/10055K, paused 15ms+2ms
D/dalvikvm(  455): GC_CONCURRENT freed 385K, 7% free 10061K/10759K, paused 2ms+3ms
D/ConnectivityService(  153): handleInetConditionHoldEnd: net=0, condition=100, published condition=0
W/Smack/Packet(  455): notify conn break (IOEx), close connection
D/ConnectivityService(  153): handleInetConditionHoldEnd: net=0, condition=0, published condition=100
I/GTalkService/c(  455): [AndroidEndpoint@1094694896] connect: acct=1000001, state=CONNECTING
D/ConnectivityService(  153): handleInetConditionHoldEnd: net=0, condition=100, published condition=0
W/Smack/Packet(  455): notify conn break (IOEx), close connection
D/ConnectivityService(  153): handleInetConditionHoldEnd: net=0, condition=0, published condition=100
I/GTalkService/c(  455): [AndroidEndpoint@1094694896] connect: acct=1000001, state=CONNECTING
D/dalvikvm(  455): GC_CONCURRENT freed 383K, 7% free 10074K/10759K, paused 2ms+3ms
D/ConnectivityService(  153): handleInetConditionHoldEnd: net=0, condition=100, published condition=0
W/Smack/Packet(  455): notify conn break (IOEx), close connection
D/ConnectivityService(  153): handleInetConditionHoldEnd: net=0, condition=0, published condition=100
I/GTalkService/c(  455): [AndroidEndpoint@1094694896] connect: acct=1000001, state=CONNECTING
D/ConnectivityService(  153): handleInetConditionHoldEnd: net=0, condition=100, published condition=0
W/Smack/Packet(  455): notify conn break (IOEx), close connection
D/ConnectivityService(  153): handleInetConditionHoldEnd: net=0, condition=0, published condition=100
I/GTalkService/c(  455): [AndroidEndpoint@1094694896] connect: acct=1000001, state=CONNECTING
D/dalvikvm(  455): GC_CONCURRENT freed 415K, 7% free 10054K/10759K, paused 14ms+3ms
W/Smack/Packet(  455): notify conn break (IOEx), close connection
D/ConnectivityService(  153): handleInetConditionHoldEnd: net=0, condition=0, published condition=0
I/GTalkService/c(  455): [AndroidEndpoint@1094694896] connect: acct=1000001, state=CONNECTING
D/dalvikvm(  455): GC_CONCURRENT freed 385K, 7% free 10062K/10759K, paused 2ms+3ms
D/ConnectivityService(  153): handleInetConditionHoldEnd: net=0, condition=100, published condition=0
W/Smack/Packet(  455): notify conn break (IOEx), close connection
D/ConnectivityService(  153): handleInetConditionHoldEnd: net=0, condition=0, published condition=100
D/dalvikvm(  153): GC_CONCURRENT freed 839K, 12% free 13269K/14983K, paused 2ms+5ms
I/GTalkService/c(  455): [AndroidEndpoint@1094694896] connect: acct=1000001, state=CONNECTING
D/ConnectivityService(  153): handleInetConditionHoldEnd: net=0, condition=100, published condition=0
W/Smack/Packet(  455): notify conn break (IOEx), close connection
D/ConnectivityService(  153): handleInetConditionHoldEnd: net=0, condition=0, published condition=100
D/dalvikvm(  220): GC_CONCURRENT freed 396K, 7% free 9848K/10567K, paused 1ms+2ms
I/GTalkService/c(  455): [AndroidEndpoint@1094694896] connect: acct=1000001, state=CONNECTING
D/dalvikvm(  455): GC_CONCURRENT freed 385K, 7% free 10075K/10759K, paused 2ms+3ms
D/ConnectivityService(  153): handleInetConditionHoldEnd: net=0, condition=100, published condition=0
W/Smack/Packet(  455): notify conn break (IOEx), close connection
D/ConnectivityService(  153): handleInetConditionHoldEnd: net=0, condition=0, published condition=100
I/GTalkService/c(  455): [AndroidEndpoint@1094694896] connect: acct=1000001, state=CONNECTING
D/ConnectivityService(  153): handleInetConditionHoldEnd: net=0, condition=100, published condition=0
W/Smack/Packet(  455): notify conn break (IOEx), close connection
D/ConnectivityService(  153): handleInetConditionHoldEnd: net=0, condition=0, published condition=100
I/GTalkService/c(  455): [AndroidEndpoint@1094694896] connect: acct=1000001, state=CONNECTING
D/dalvikvm(  455): GC_CONCURRENT freed 415K, 7% free 10053K/10759K, paused 14ms+3ms
D/ConnectivityService(  153): handleInetConditionHoldEnd: net=0, condition=100, published condition=0
W/Smack/Packet(  455): notify conn break (IOEx), close connection
D/ConnectivityService(  153): handleInetConditionHoldEnd: net=0, condition=0, published condition=100
I/GTalkService/c(  455): [AndroidEndpoint@1094694896] connect: acct=1000001, state=CONNECTING
D/dalvikvm(  455): GC_CONCURRENT freed 385K, 7% free 10060K/10759K, paused 2ms+3ms
D/ConnectivityService(  153): handleInetConditionHoldEnd: net=0, condition=100, published condition=0
W/Smack/Packet(  455): notify conn break (IOEx), close connection
D/ConnectivityService(  153): handleInetConditionHoldEnd: net=0, condition=0, published condition=100
I/GTalkService/c(  455): [AndroidEndpoint@1094694896] connect: acct=1000001, state=CONNECTING
D/dalvikvm(  153): GC_EXPLICIT freed 732K, 12% free 13232K/14983K, paused 19ms+5ms
D/ConnectivityService(  153): handleInetConditionHoldEnd: net=0, condition=100, published condition=0
W/Smack/Packet(  455): notify conn break (IOEx), close connection
D/ConnectivityService(  153): handleInetConditionHoldEnd: net=0, condition=0, published condition=100
I/GTalkService/c(  455): [AndroidEndpoint@1094694896] connect: acct=1000001, state=CONNECTING
D/dalvikvm(  455): GC_CONCURRENT freed 380K, 7% free 10074K/10759K, paused 2ms+3ms
D/ConnectivityService(  153): handleInetConditionHoldEnd: net=0, condition=100, published condition=0
W/Smack/Packet(  455): notify conn break (IOEx), close connection
D/ConnectivityService(  153): handleInetConditionHoldEnd: net=0, condition=0, published condition=100
I/GTalkService/c(  455): [AndroidEndpoint@1094694896] connect: acct=1000001, state=CONNECTING
D/AlarmManagerService(  153): Kernel timezone updated to 240 minutes west of GMT
V/AlarmClock(  554): AlarmInitReceiver finished
D/dalvikvm(  455): GC_EXPLICIT freed 338K, 7% free 10064K/10759K, paused 3ms+3ms
D/SystemClock(  315): Setting time of day to sec=1333747947
D/ConnectivityService(  153): handleInetConditionHoldEnd: net=0, condition=100, published condition=0
W/Smack/Packet(  455): notify conn break (IOEx), close connection
D/ConnectivityService(  153): handleInetConditionHoldEnd: net=0, condition=0, published condition=100
I/GTalkService/c(  455): [AndroidEndpoint@1094694896] connect: acct=1000001, state=CONNECTING
D/ConnectivityService(  153): handleInetConditionHoldEnd: net=0, condition=100, published condition=0
W/Smack/Packet(  455): notify conn break (IOEx), close connection
D/ConnectivityService(  153): handleInetConditionHoldEnd: net=0, condition=0, published condition=100
I/EventLogService(  455): Aggregate from 1333746195893 (log), 1333746195893 (data)
I/ServiceDumpSys(  455): dumping service [account]
I/GTalkService/c(  455): [AndroidEndpoint@1094694896] connect: acct=1000001, state=CONNECTING
D/dalvikvm(  455): GC_CONCURRENT freed 394K, 7% free 10056K/10759K, paused 1ms+3ms
D/ConnectivityService(  153): handleInetConditionHoldEnd: net=0, condition=100, published condition=0
W/Smack/Packet(  455): notify conn break (IOEx), close connection
D/ConnectivityService(  153): handleInetConditionHoldEnd: net=0, condition=0, published condition=100
I/GTalkService/c(  455): [AndroidEndpoint@1094694896] connect: acct=1000001, state=CONNECTING
D/dalvikvm(  455): GC_CONCURRENT freed 389K, 7% free 10061K/10759K, paused 2ms+2ms
D/ConnectivityService(  153): handleInetConditionHoldEnd: net=0, condition=100, published condition=0
W/Smack/Packet(  455): notify conn break (IOEx), close connection
D/ConnectivityService(  153): handleInetConditionHoldEnd: net=0, condition=0, published condition=100
I/GTalkService/c(  455): [AndroidEndpoint@1094694896] connect: acct=1000001, state=CONNECTING
D/ConnectivityService(  153): handleInetConditionHoldEnd: net=0, condition=100, published condition=0
W/Smack/Packet(  455): notify conn break (IOEx), close connection
D/ConnectivityService(  153): handleInetConditionHoldEnd: net=0, condition=0, published condition=100
I/CheckinService(  455): Preparing to send checkin request
I/EventLogService(  455): Accumulating logs since 1333747996005
D/dalvikvm(  455): GC_CONCURRENT freed 385K, 7% free 10061K/10759K, paused 2ms+4ms
I/CheckinTask(  455): Sending checkin request (1630 bytes)
I/CheckinTask(  455): Checkin success: https://android.clients.google.com/checkin (1 requests sent)
I/GTalkService/c(  455): [AndroidEndpoint@1094694896] connect: acct=1000001, state=CONNECTING
D/dalvikvm(  455): GC_CONCURRENT freed 423K, 7% free 10023K/10759K, paused 1ms+2ms
D/ConnectivityService(  153): handleInetConditionHoldEnd: net=0, condition=100, published condition=0
W/Smack/Packet(  455): notify conn break (IOEx), close connection
D/ConnectivityService(  153): handleInetConditionHoldEnd: net=0, condition=0, published condition=100
I/GTalkService/c(  455): [AndroidEndpoint@1094694896] connect: acct=1000001, state=CONNECTING
D/dalvikvm(  455): GC_CONCURRENT freed 354K, 7% free 10063K/10759K, paused 2ms+3ms
D/ConnectivityService(  153): handleInetConditionHoldEnd: net=0, condition=100, published condition=0
W/Smack/Packet(  455): notify conn break (IOEx), close connection
D/ConnectivityService(  153): handleInetConditionHoldEnd: net=0, condition=0, published condition=100
I/GTalkService/c(  455): [AndroidEndpoint@1094694896] connect: acct=1000001, state=CONNECTING
D/ConnectivityService(  153): handleInetConditionHoldEnd: net=0, condition=100, published condition=0
W/Smack/Packet(  455): notify conn break (IOEx), close connection
D/ConnectivityService(  153): handleInetConditionHoldEnd: net=0, condition=0, published condition=100
I/GTalkService/c(  455): [AndroidEndpoint@1094694896] connect: acct=1000001, state=CONNECTING
D/dalvikvm(  455): GC_CONCURRENT freed 380K, 7% free 10077K/10759K, paused 2ms+3ms
D/ConnectivityService(  153): handleInetConditionHoldEnd: net=0, condition=100, published condition=0
D/dalvikvm(  153): GC_CONCURRENT freed 889K, 12% free 13272K/14983K, paused 16ms+5ms
W/Smack/Packet(  455): notify conn break (IOEx), close connection
D/ConnectivityService(  153): handleInetConditionHoldEnd: net=0, condition=0, published condition=100
I/GTalkService/c(  455): [AndroidEndpoint@1094694896] connect: acct=1000001, state=CONNECTING
D/ConnectivityService(  153): handleInetConditionHoldEnd: net=0, condition=100, published condition=0
W/Smack/Packet(  455): notify conn break (IOEx), close connection
D/ConnectivityService(  153): handleInetConditionHoldEnd: net=0, condition=0, published condition=100
I/GTalkService/c(  455): [AndroidEndpoint@1094694896] connect: acct=1000001, state=CONNECTING
D/dalvikvm(  455): GC_CONCURRENT freed 415K, 7% free 10056K/10759K, paused 14ms+2ms
D/dalvikvm(  153): GC_EXPLICIT freed 184K, 13% free 13179K/14983K, paused 17ms+5ms
D/ConnectivityService(  153): handleInetConditionHoldEnd: net=0, condition=100, published condition=0
W/Smack/Packet(  455): notify conn break (IOEx), close connection
D/ConnectivityService(  153): handleInetConditionHoldEnd: net=0, condition=0, published condition=100
I/GTalkService/c(  455): [AndroidEndpoint@1094694896] connect: acct=1000001, state=CONNECTING
D/dalvikvm(  455): GC_CONCURRENT freed 388K, 7% free 10061K/10759K, paused 8ms+2ms
D/ConnectivityService(  153): handleInetConditionHoldEnd: net=0, condition=100, published condition=0
W/Smack/Packet(  455): notify conn break (IOEx), close connection
D/ConnectivityService(  153): handleInetConditionHoldEnd: net=0, condition=0, published condition=100
I/GTalkService/c(  455): [AndroidEndpoint@1094694896] connect: acct=1000001, state=CONNECTING
D/ConnectivityService(  153): handleInetConditionHoldEnd: net=0, condition=100, published condition=0
W/Smack/Packet(  455): notify conn break (IOEx), close connection
D/ConnectivityService(  153): handleInetConditionHoldEnd: net=0, condition=0, published condition=100
I/GTalkService/c(  455): [AndroidEndpoint@1094694896] connect: acct=1000001, state=CONNECTING
D/dalvikvm(  455): GC_CONCURRENT freed 382K, 7% free 10074K/10759K, paused 1ms+3ms
W/Smack/Packet(  455): notify conn break (IOEx), close connection
D/ConnectivityService(  153): handleInetConditionHoldEnd: net=0, condition=0, published condition=0
I/GTalkService/c(  455): [AndroidEndpoint@1094694896] connect: acct=1000001, state=CONNECTING
D/ConnectivityService(  153): handleInetConditionHoldEnd: net=0, condition=100, published condition=0
W/Smack/Packet(  455): notify conn break (IOEx), close connection
D/ConnectivityService(  153): handleInetConditionHoldEnd: net=0, condition=0, published condition=100
I/GTalkService/c(  455): [AndroidEndpoint@1094694896] connect: acct=1000001, state=CONNECTING
D/dalvikvm(  455): GC_CONCURRENT freed 415K, 7% free 10053K/10759K, paused 14ms+3ms
D/ConnectivityService(  153): handleInetConditionHoldEnd: net=0, condition=100, published condition=0
W/Smack/Packet(  455): notify conn break (IOEx), close connection
D/ConnectivityService(  153): handleInetConditionHoldEnd: net=0, condition=0, published condition=100
I/GTalkService/c(  455): [AndroidEndpoint@1094694896] connect: acct=1000001, state=CONNECTING
D/dalvikvm(  455): GC_CONCURRENT freed 386K, 7% free 10062K/10759K, paused 2ms+3ms
D/ConnectivityService(  153): handleInetConditionHoldEnd: net=0, condition=100, published condition=0
W/Smack/Packet(  455): notify conn break (IOEx), close connection
D/ConnectivityService(  153): handleInetConditionHoldEnd: net=0, condition=0, published condition=100
D/dalvikvm(  220): GC_CONCURRENT freed 378K, 7% free 9856K/10567K, paused 2ms+3ms
I/GTalkService/c(  455): [AndroidEndpoint@1094694896] connect: acct=1000001, state=CONNECTING
D/dalvikvm(  153): GC_CONCURRENT freed 832K, 12% free 13260K/14983K, paused 17ms+5ms
D/ConnectivityService(  153): handleInetConditionHoldEnd: net=0, condition=100, published condition=0
W/Smack/Packet(  455): notify conn break (IOEx), close connection
D/ConnectivityService(  153): handleInetConditionHoldEnd: net=0, condition=0, published condition=100
I/GTalkService/c(  455): [AndroidEndpoint@1094694896] connect: acct=1000001, state=CONNECTING
D/dalvikvm(  455): GC_CONCURRENT freed 380K, 7% free 10075K/10759K, paused 2ms+3ms
D/ConnectivityService(  153): handleInetConditionHoldEnd: net=0, condition=100, published condition=0
W/Smack/Packet(  455): notify conn break (IOEx), close connection
D/ConnectivityService(  153): handleInetConditionHoldEnd: net=0, condition=0, published condition=100
I/GTalkService/c(  455): [AndroidEndpoint@1094694896] connect: acct=1000001, state=CONNECTING
D/ConnectivityService(  153): handleInetConditionHoldEnd: net=0, condition=100, published condition=0
W/Smack/Packet(  455): notify conn break (IOEx), close connection
D/ConnectivityService(  153): handleInetConditionHoldEnd: net=0, condition=0, published condition=100
I/GTalkService/c(  455): [AndroidEndpoint@1094694896] connect: acct=1000001, state=CONNECTING
D/dalvikvm(  455): GC_CONCURRENT freed 419K, 7% free 10054K/10759K, paused 14ms+3ms
D/ConnectivityService(  153): handleInetConditionHoldEnd: net=0, condition=100, published condition=0
W/Smack/Packet(  455): notify conn break (IOEx), close connection
D/ConnectivityService(  153): handleInetConditionHoldEnd: net=0, condition=0, published condition=100
I/GTalkService/c(  455): [AndroidEndpoint@1094694896] connect: acct=1000001, state=CONNECTING
D/dalvikvm(  455): GC_CONCURRENT freed 387K, 7% free 10062K/10759K, paused 15ms+2ms
D/ConnectivityService(  153): handleInetConditionHoldEnd: net=0, condition=100, published condition=0
W/Smack/Packet(  455): notify conn break (IOEx), close connection
D/ConnectivityService(  153): handleInetConditionHoldEnd: net=0, condition=0, published condition=100
I/EventLogService(  455): Aggregate from 1333748192401 (log), 1333747996005 (data)
I/ServiceDumpSys(  455): dumping service [account]
I/GTalkService/c(  455): [AndroidEndpoint@1094694896] connect: acct=1000001, state=CONNECTING
D/ConnectivityService(  153): handleInetConditionHoldEnd: net=0, condition=100, published condition=0
W/Smack/Packet(  455): notify conn break (IOEx), close connection
D/ConnectivityService(  153): handleInetConditionHoldEnd: net=0, condition=0, published condition=100
D/dalvikvm(  153): GC_CONCURRENT freed 946K, 12% free 13266K/14983K, paused 16ms+5ms
I/GTalkService/c(  455): [AndroidEndpoint@1094694896] connect: acct=1000001, state=CONNECTING
D/dalvikvm(  455): GC_CONCURRENT freed 392K, 7% free 10059K/10759K, paused 14ms+3ms
D/ConnectivityService(  153): handleInetConditionHoldEnd: net=0, condition=100, published condition=0
W/Smack/Packet(  455): notify conn break (IOEx), close connection
D/ConnectivityService(  153): handleInetConditionHoldEnd: net=0, condition=0, published condition=100
I/GTalkService/c(  455): [AndroidEndpoint@1094694896] connect: acct=1000001, state=CONNECTING
D/dalvikvm(  455): GC_CONCURRENT freed 391K, 7% free 10061K/10759K, paused 2ms+3ms
D/ConnectivityService(  153): handleInetConditionHoldEnd: net=0, condition=100, published condition=0
W/Smack/Packet(  455): notify conn break (IOEx), close connection
D/ConnectivityService(  153): handleInetConditionHoldEnd: net=0, condition=0, published condition=100
I/GTalkService/c(  455): [AndroidEndpoint@1094694896] connect: acct=1000001, state=CONNECTING
D/dalvikvm(  153): GC_EXPLICIT freed 388K, 12% free 13204K/14983K, paused 19ms+5ms
D/ConnectivityService(  153): handleInetConditionHoldEnd: net=0, condition=100, published condition=0
W/Smack/Packet(  455): notify conn break (IOEx), close connection
D/ConnectivityService(  153): handleInetConditionHoldEnd: net=0, condition=0, published condition=100
I/GTalkService/c(  455): [AndroidEndpoint@1094694896] connect: acct=1000001, state=CONNECTING
D/dalvikvm(  455): GC_CONCURRENT freed 380K, 7% free 10076K/10759K, paused 2ms+4ms
D/ConnectivityService(  153): handleInetConditionHoldEnd: net=0, condition=100, published condition=0
W/Smack/Packet(  455): notify conn break (IOEx), close connection
D/ConnectivityService(  153): handleInetConditionHoldEnd: net=0, condition=0, published condition=100
I/GTalkService/c(  455): [AndroidEndpoint@1094694896] connect: acct=1000001, state=CONNECTING
D/ConnectivityService(  153): handleInetConditionHoldEnd: net=0, condition=100, published condition=0
W/Smack/Packet(  455): notify conn break (IOEx), close connection
D/ConnectivityService(  153): handleInetConditionHoldEnd: net=0, condition=0, published condition=100
I/GTalkService/c(  455): [AndroidEndpoint@1094694896] connect: acct=1000001, state=CONNECTING
D/dalvikvm(  455): GC_CONCURRENT freed 418K, 7% free 10054K/10759K, paused 14ms+2ms
D/ConnectivityService(  153): handleInetConditionHoldEnd: net=0, condition=100, published condition=0
W/Smack/Packet(  455): notify conn break (IOEx), close connection
D/ConnectivityService(  153): handleInetConditionHoldEnd: net=0, condition=0, published condition=100
I/GTalkService/c(  455): [AndroidEndpoint@1094694896] connect: acct=1000001, state=CONNECTING
D/dalvikvm(  455): GC_CONCURRENT freed 386K, 7% free 10062K/10759K, paused 2ms+3ms
D/ConnectivityService(  153): handleInetConditionHoldEnd: net=0, condition=100, published condition=0
W/Smack/Packet(  455): notify conn break (IOEx), close connection
D/ConnectivityService(  153): handleInetConditionHoldEnd: net=0, condition=0, published condition=100
I/GTalkService/c(  455): [AndroidEndpoint@1094694896] connect: acct=1000001, state=CONNECTING
D/ConnectivityService(  153): handleInetConditionHoldEnd: net=0, condition=100, published condition=0
W/Smack/Packet(  455): notify conn break (IOEx), close connection
D/ConnectivityService(  153): handleInetConditionHoldEnd: net=0, condition=0, published condition=100
I/GTalkService/c(  455): [AndroidEndpoint@1094694896] connect: acct=1000001, state=CONNECTING
D/dalvikvm(  455): GC_CONCURRENT freed 380K, 7% free 10077K/10759K, paused 2ms+3ms
D/ConnectivityService(  153): handleInetConditionHoldEnd: net=0, condition=100, published condition=0
W/Smack/Packet(  455): notify conn break (IOEx), close connection
D/ConnectivityService(  153): handleInetConditionHoldEnd: net=0, condition=0, published condition=100
I/GTalkService/c(  455): [AndroidEndpoint@1094694896] connect: acct=1000001, state=CONNECTING
D/ConnectivityService(  153): handleInetConditionHoldEnd: net=0, condition=100, published condition=0
W/Smack/Packet(  455): notify conn break (IOEx), close connection
D/ConnectivityService(  153): handleInetConditionHoldEnd: net=0, condition=0, published condition=100
I/GTalkService/c(  455): [AndroidEndpoint@1094694896] connect: acct=1000001, state=CONNECTING
D/dalvikvm(  455): GC_CONCURRENT freed 415K, 7% free 10055K/10759K, paused 14ms+2ms
D/ConnectivityService(  153): handleInetConditionHoldEnd: net=0, condition=100, published condition=0
W/Smack/Packet(  455): notify conn break (IOEx), close connection
D/ConnectivityService(  153): handleInetConditionHoldEnd: net=0, condition=0, published condition=100
I/GTalkService/c(  455): [AndroidEndpoint@1094694896] connect: acct=1000001, state=CONNECTING
D/dalvikvm(  455): GC_CONCURRENT freed 384K, 7% free 10063K/10759K, paused 1ms+2ms
D/ConnectivityService(  153): handleInetConditionHoldEnd: net=0, condition=100, published condition=0
W/Smack/Packet(  455): notify conn break (IOEx), close connection
D/ConnectivityService(  153): handleInetConditionHoldEnd: net=0, condition=0, published condition=100
I/GTalkService/c(  455): [AndroidEndpoint@1094694896] connect: acct=1000001, state=CONNECTING
D/ConnectivityService(  153): handleInetConditionHoldEnd: net=0, condition=100, published condition=0
W/Smack/Packet(  455): notify conn break (IOEx), close connection
D/ConnectivityService(  153): handleInetConditionHoldEnd: net=0, condition=0, published condition=100
D/dalvikvm(  220): GC_CONCURRENT freed 387K, 7% free 9854K/10567K, paused 12ms+3ms
I/GTalkService/c(  455): [AndroidEndpoint@1094694896] connect: acct=1000001, state=CONNECTING
D/dalvikvm(  455): GC_CONCURRENT freed 383K, 7% free 10075K/10759K, paused 2ms+3ms
D/ConnectivityService(  153): handleInetConditionHoldEnd: net=0, condition=100, published condition=0
W/Smack/Packet(  455): notify conn break (IOEx), close connection
D/ConnectivityService(  153): handleInetConditionHoldEnd: net=0, condition=0, published condition=100
I/GTalkService/c(  455): [AndroidEndpoint@1094694896] connect: acct=1000001, state=CONNECTING
D/ConnectivityService(  153): handleInetConditionHoldEnd: net=0, condition=100, published condition=0
W/Smack/Packet(  455): notify conn break (IOEx), close connection
D/ConnectivityService(  153): handleInetConditionHoldEnd: net=0, condition=0, published condition=100
I/GTalkService/c(  455): [AndroidEndpoint@1094694896] connect: acct=1000001, state=CONNECTING
D/dalvikvm(  455): GC_CONCURRENT freed 412K, 7% free 10056K/10759K, paused 13ms+2ms
D/ConnectivityService(  153): handleInetConditionHoldEnd: net=0, condition=100, published condition=0
W/Smack/Packet(  455): notify conn break (IOEx), close connection
D/ConnectivityService(  153): handleInetConditionHoldEnd: net=0, condition=0, published condition=100
I/GTalkService/c(  455): [AndroidEndpoint@1094694896] connect: acct=1000001, state=CONNECTING
D/dalvikvm(  455): GC_CONCURRENT freed 384K, 7% free 10064K/10759K, paused 2ms+3ms
D/ConnectivityService(  153): handleInetConditionHoldEnd: net=0, condition=100, published condition=0
W/Smack/Packet(  455): notify conn break (IOEx), close connection
D/ConnectivityService(  153): handleInetConditionHoldEnd: net=0, condition=0, published condition=100
D/dalvikvm(  153): GC_CONCURRENT freed 854K, 12% free 13271K/14983K, paused 17ms+5ms
I/GTalkService/c(  455): [AndroidEndpoint@1094694896] connect: acct=1000001, state=CONNECTING
D/ConnectivityService(  153): handleInetConditionHoldEnd: net=0, condition=100, published condition=0
W/Smack/Packet(  455): notify conn break (IOEx), close connection
D/ConnectivityService(  153): handleInetConditionHoldEnd: net=0, condition=0, published condition=100
I/GTalkService/c(  455): [AndroidEndpoint@1094694896] connect: acct=1000001, state=CONNECTING
D/dalvikvm(  455): GC_CONCURRENT freed 380K, 7% free 10078K/10759K, paused 1ms+3ms
D/ConnectivityService(  153): handleInetConditionHoldEnd: net=0, condition=100, published condition=0
D/dalvikvm(  153): GC_EXPLICIT freed 195K, 13% free 13181K/14983K, paused 19ms+5ms
W/Smack/Packet(  455): notify conn break (IOEx), close connection
D/ConnectivityService(  153): handleInetConditionHoldEnd: net=0, condition=0, published condition=100
I/GTalkService/c(  455): [AndroidEndpoint@1094694896] connect: acct=1000001, state=CONNECTING
D/ConnectivityService(  153): handleInetConditionHoldEnd: net=0, condition=100, published condition=0
W/Smack/Packet(  455): notify conn break (IOEx), close connection
D/ConnectivityService(  153): handleInetConditionHoldEnd: net=0, condition=0, published condition=100
I/GTalkService/c(  455): [AndroidEndpoint@1094694896] connect: acct=1000001, state=CONNECTING
D/dalvikvm(  455): GC_CONCURRENT freed 416K, 7% free 10049K/10759K, paused 13ms+3ms
D/ConnectivityService(  153): handleInetConditionHoldEnd: net=0, condition=100, published condition=0
W/Smack/Packet(  455): notify conn break (IOEx), close connection
D/ConnectivityService(  153): handleInetConditionHoldEnd: net=0, condition=0, published condition=100
I/GTalkService/c(  455): [AndroidEndpoint@1094694896] connect: acct=1000001, state=CONNECTING
D/dalvikvm(  455): GC_CONCURRENT freed 385K, 7% free 10054K/10759K, paused 1ms+4ms
D/ConnectivityService(  153): handleInetConditionHoldEnd: net=0, condition=100, published condition=0
W/Smack/Packet(  455): notify conn break (IOEx), close connection
D/ConnectivityService(  153): handleInetConditionHoldEnd: net=0, condition=0, published condition=100
I/GTalkService/c(  455): [AndroidEndpoint@1094694896] connect: acct=1000001, state=CONNECTING
D/ConnectivityService(  153): handleInetConditionHoldEnd: net=0, condition=100, published condition=0
W/Smack/Packet(  455): notify conn break (IOEx), close connection
D/ConnectivityService(  153): handleInetConditionHoldEnd: net=0, condition=0, published condition=100
I/GTalkService/c(  455): [AndroidEndpoint@1094694896] connect: acct=1000001, state=CONNECTING
D/dalvikvm(  455): GC_CONCURRENT freed 385K, 7% free 10074K/10759K, paused 1ms+3ms
D/ConnectivityService(  153): handleInetConditionHoldEnd: net=0, condition=100, published condition=0
W/Smack/Packet(  455): notify conn break (IOEx), close connection
D/ConnectivityService(  153): handleInetConditionHoldEnd: net=0, condition=0, published condition=100
I/GTalkService/c(  455): [AndroidEndpoint@1094694896] connect: acct=1000001, state=CONNECTING
D/ConnectivityService(  153): handleInetConditionHoldEnd: net=0, condition=100, published condition=0
W/Smack/Packet(  455): notify conn break (IOEx), close connection
D/ConnectivityService(  153): handleInetConditionHoldEnd: net=0, condition=0, published condition=100
I/GTalkService/c(  455): [AndroidEndpoint@1094694896] connect: acct=1000001, state=CONNECTING
D/dalvikvm(  455): GC_CONCURRENT freed 413K, 7% free 10054K/10759K, paused 14ms+3ms
D/ConnectivityService(  153): handleInetConditionHoldEnd: net=0, condition=100, published condition=0
W/Smack/Packet(  455): notify conn break (IOEx), close connection
D/ConnectivityService(  153): handleInetConditionHoldEnd: net=0, condition=0, published condition=100
I/GTalkService/c(  455): [AndroidEndpoint@1094694896] connect: acct=1000001, state=CONNECTING
D/dalvikvm(  455): GC_CONCURRENT freed 385K, 7% free 10062K/10759K, paused 2ms+3ms
D/ConnectivityService(  153): handleInetConditionHoldEnd: net=0, condition=100, published condition=0
W/Smack/Packet(  455): notify conn break (IOEx), close connection
D/ConnectivityService(  153): handleInetConditionHoldEnd: net=0, condition=0, published condition=100
I/GTalkService/c(  455): [AndroidEndpoint@1094694896] connect: acct=1000001, state=CONNECTING
D/ConnectivityService(  153): handleInetConditionHoldEnd: net=0, condition=100, published condition=0
W/Smack/Packet(  455): notify conn break (IOEx), close connection
D/ConnectivityService(  153): handleInetConditionHoldEnd: net=0, condition=0, published condition=100
I/GTalkService/c(  455): [AndroidEndpoint@1094694896] connect: acct=1000001, state=CONNECTING
D/dalvikvm(  455): GC_CONCURRENT freed 382K, 7% free 10075K/10759K, paused 1ms+3ms
D/dalvikvm(  455): GC_EXPLICIT freed 145K, 7% free 10029K/10759K, paused 9ms+3ms
D/ConnectivityService(  153): handleInetConditionHoldEnd: net=0, condition=100, published condition=0
W/Smack/Packet(  455): notify conn break (IOEx), close connection
D/ConnectivityService(  153): handleInetConditionHoldEnd: net=0, condition=0, published condition=100
I/GTalkService/c(  455): [AndroidEndpoint@1094694896] connect: acct=1000001, state=CONNECTING
W/Smack/Packet(  455): notify conn break (IOEx), close connection
D/ConnectivityService(  153): handleInetConditionHoldEnd: net=0, condition=0, published condition=0
I/GTalkService/c(  455): [AndroidEndpoint@1094694896] connect: acct=1000001, state=CONNECTING
D/dalvikvm(  455): GC_CONCURRENT freed 357K, 7% free 10061K/10759K, paused 13ms+3ms
D/ConnectivityService(  153): handleInetConditionHoldEnd: net=0, condition=100, published condition=0
W/Smack/Packet(  455): notify conn break (IOEx), close connection
D/ConnectivityService(  153): handleInetConditionHoldEnd: net=0, condition=0, published condition=100
I/GTalkService/c(  455): [AndroidEndpoint@1094694896] connect: acct=1000001, state=CONNECTING
D/ConnectivityService(  153): handleInetConditionHoldEnd: net=0, condition=100, published condition=0
W/Smack/Packet(  455): notify conn break (IOEx), close connection
D/ConnectivityService(  153): handleInetConditionHoldEnd: net=0, condition=0, published condition=100
I/GTalkService/c(  455): [AndroidEndpoint@1094694896] connect: acct=1000001, state=CONNECTING
D/dalvikvm(  455): GC_CONCURRENT freed 392K, 7% free 10060K/10759K, paused 13ms+2ms
D/ConnectivityService(  153): handleInetConditionHoldEnd: net=0, condition=100, published condition=0
W/Smack/Packet(  455): notify conn break (IOEx), close connection
D/ConnectivityService(  153): handleInetConditionHoldEnd: net=0, condition=0, published condition=100
I/GTalkService/c(  455): [AndroidEndpoint@1094694896] connect: acct=1000001, state=CONNECTING
D/dalvikvm(  455): GC_CONCURRENT freed 380K, 7% free 10064K/10759K, paused 14ms+2ms
D/ConnectivityService(  153): handleInetConditionHoldEnd: net=0, condition=100, published condition=0
W/Smack/Packet(  455): notify conn break (IOEx), close connection
D/ConnectivityService(  153): handleInetConditionHoldEnd: net=0, condition=0, published condition=100
D/dalvikvm(  153): GC_CONCURRENT freed 823K, 12% free 13273K/14983K, paused 16ms+5ms
I/GTalkService/c(  455): [AndroidEndpoint@1094694896] connect: acct=1000001, state=CONNECTING
D/ConnectivityService(  153): handleInetConditionHoldEnd: net=0, condition=100, published condition=0
D/AlarmManagerService(  153): Kernel timezone updated to 240 minutes west of GMT
D/SystemClock(  315): Setting time of day to sec=1333751550
D/dalvikvm(  153): GC_EXPLICIT freed 171K, 13% free 13175K/14983K, paused 4ms+4ms
D/dalvikvm(  315): GC_CONCURRENT freed 406K, 6% free 9516K/10055K, paused 2ms+3ms
V/AlarmClock(  554): AlarmInitReceiver finished
W/Smack/Packet(  455): notify conn break (IOEx), close connection
D/ConnectivityService(  153): handleInetConditionHoldEnd: net=0, condition=0, published condition=100
I/GTalkService/c(  455): [AndroidEndpoint@1094694896] connect: acct=1000001, state=CONNECTING
D/dalvikvm(  455): GC_CONCURRENT freed 391K, 7% free 10078K/10759K, paused 2ms+3ms
D/ConnectivityService(  153): handleInetConditionHoldEnd: net=0, condition=100, published condition=0
W/Smack/Packet(  455): notify conn break (IOEx), close connection
D/ConnectivityService(  153): handleInetConditionHoldEnd: net=0, condition=0, published condition=100
I/EventLogService(  455): Aggregate from 1333749796136 (log), 1333749796136 (data)
I/ServiceDumpSys(  455): dumping service [account]
I/GTalkService/c(  455): [AndroidEndpoint@1094694896] connect: acct=1000001, state=CONNECTING
D/dalvikvm(  455): GC_CONCURRENT freed 398K, 7% free 10064K/10759K, paused 2ms+2ms
D/ConnectivityService(  153): handleInetConditionHoldEnd: net=0, condition=100, published condition=0
W/Smack/Packet(  455): notify conn break (IOEx), close connection
D/ConnectivityService(  153): handleInetConditionHoldEnd: net=0, condition=0, published condition=100
I/GTalkService/c(  455): [AndroidEndpoint@1094694896] connect: acct=1000001, state=CONNECTING
D/ConnectivityService(  153): handleInetConditionHoldEnd: net=0, condition=100, published condition=0
W/Smack/Packet(  455): notify conn break (IOEx), close connection
D/ConnectivityService(  153): handleInetConditionHoldEnd: net=0, condition=0, published condition=100
I/GTalkService/c(  455): [AndroidEndpoint@1094694896] connect: acct=1000001, state=CONNECTING
D/dalvikvm(  455): GC_CONCURRENT freed 384K, 7% free 10076K/10759K, paused 2ms+3ms
D/ConnectivityService(  153): handleInetConditionHoldEnd: net=0, condition=100, published condition=0
W/Smack/Packet(  455): notify conn break (IOEx), close connection
D/ConnectivityService(  153): handleInetConditionHoldEnd: net=0, condition=0, published condition=100
I/GTalkService/c(  455): [AndroidEndpoint@1094694896] connect: acct=1000001, state=CONNECTING
D/ConnectivityService(  153): handleInetConditionHoldEnd: net=0, condition=100, published condition=0
W/Smack/Packet(  455): notify conn break (IOEx), close connection
D/ConnectivityService(  153): handleInetConditionHoldEnd: net=0, condition=0, published condition=100
I/GTalkService/c(  455): [AndroidEndpoint@1094694896] connect: acct=1000001, state=CONNECTING
D/dalvikvm(  455): GC_CONCURRENT freed 416K, 7% free 10054K/10759K, paused 14ms+2ms
D/ConnectivityService(  153): handleInetConditionHoldEnd: net=0, condition=100, published condition=0
W/Smack/Packet(  455): notify conn break (IOEx), close connection
D/ConnectivityService(  153): handleInetConditionHoldEnd: net=0, condition=0, published condition=100
I/GTalkService/c(  455): [AndroidEndpoint@1094694896] connect: acct=1000001, state=CONNECTING
D/dalvikvm(  455): GC_CONCURRENT freed 385K, 7% free 10062K/10759K, paused 2ms+2ms
D/ConnectivityService(  153): handleInetConditionHoldEnd: net=0, condition=100, published condition=0
W/Smack/Packet(  455): notify conn break (IOEx), close connection
D/ConnectivityService(  153): handleInetConditionHoldEnd: net=0, condition=0, published condition=100
I/GTalkService/c(  455): [AndroidEndpoint@1094694896] connect: acct=1000001, state=CONNECTING
D/ConnectivityService(  153): handleInetConditionHoldEnd: net=0, condition=100, published condition=0
W/Smack/Packet(  455): notify conn break (IOEx), close connection
