I/dalvikvm(  332): threadid=3: reacting to signal 3
I/dalvikvm(  332): Wrote stack traces to '/data/anr/traces.txt'
D/dalvikvm(  153): GC_CONCURRENT freed 745K, 12% free 12470K/14087K, paused 2ms+5ms
D/dalvikvm(  153): GC_EXPLICIT freed 336K, 12% free 12519K/14087K, paused 2ms+4ms
I/Process (  153): Sending signal. PID: 712 SIG: 3
I/dalvikvm(  712): threadid=3: reacting to signal 3
I/dalvikvm(  712): Wrote stack traces to '/data/anr/traces.txt'
E/ActivityManager(  153): ANR in edu.mit.haoqili.camera_cloud (edu.mit.haoqili.camera_cloud/.CameraCloud)
E/ActivityManager(  153): Reason: keyDispatchingTimedOut
E/ActivityManager(  153): Load: 0.1 / 0.23 / 0.2
E/ActivityManager(  153): CPU usage from 12270ms to 1537ms ago:
E/ActivityManager(  153):   49% 83/mediaserver: 48% user + 0.9% kernel
E/ActivityManager(  153):   13% 80/surfaceflinger: 4.2% user + 8.8% kernel
E/ActivityManager(  153):   3.5% 88/gpsd: 2.6% user + 0.8% kernel
E/ActivityManager(  153):   1.3% 153/system_server: 1.1% user + 0.2% kernel / faults: 14 minor
E/ActivityManager(  153):   1.2% 1195/kworker/0:1: 0% user + 1.2% kernel
E/ActivityManager(  153):   0.5% 1106/kworker/u:3: 0% user + 0.5% kernel
E/ActivityManager(  153):   0% 43/kworker/u:2: 0% user + 0% kernel
E/ActivityManager(  153):   0.4% 712/com.google.android.apps.maps:NetworkLocationService: 0.2% user + 0.1% kernel / faults: 4 minor
E/ActivityManager(  153):   0.1% 315/com.android.phone: 0% user + 0% kernel / faults: 2 minor
E/ActivityManager(  153):   0% 5/kworker/u:0: 0% user + 0% kernel
E/ActivityManager(  153):   0% 149/flush-179:0: 0% user + 0% kernel
E/ActivityManager(  153):   0% 908/com.android.providers.calendar: 0% user + 0% kernel / faults: 7 minor
E/ActivityManager(  153):   0% 997/com.google.android.exchange: 0% user + 0% kernel / faults: 7 minor
E/ActivityManager(  153): 70% TOTAL: 58% user + 11% kernel + 0% irq
E/ActivityManager(  153): CPU usage from 526ms to 1049ms later:
E/ActivityManager(  153):   32% 83/mediaserver: 32% user + 0% kernel
E/ActivityManager(  153):     33% 1139/CameraPreviewTh: 32% user + 1.8% kernel
E/ActivityManager(  153):   9.2% 153/system_server: 3.7% user + 5.5% kernel
E/ActivityManager(  153):     7.4% 188/InputDispatcher: 1.8% user + 5.5% kernel
E/ActivityManager(  153):     1.8% 153/system_server: 1.8% user + 0% kernel
E/ActivityManager(  153):     1.8% 472/gps_s5pc110: 1.8% user + 0% kernel
E/ActivityManager(  153):   7.5% 80/surfaceflinger: 0% user + 7.5% kernel
E/ActivityManager(  153):     7.5% 133/SurfaceFlinger: 0% user + 7.5% kernel
E/ActivityManager(  153):     1.8% 602/Binder Thread #: 0% user + 1.8% kernel
E/ActivityManager(  153):   4.4% 88/gpsd: 3.3% user + 1.1% kernel
E/ActivityManager(  153):     4.4% 88/gpsd: 3.3% user + 1.1% kernel
E/ActivityManager(  153):   1.1% 315/com.android.phone: 1.1% user + 0% kernel
E/ActivityManager(  153):   1.3% 712/com.google.android.apps.maps:NetworkLocationService: 1.3% user + 0% kernel / faults: 1 minor
E/ActivityManager(  153):     1.3% 1208/Binder Thread #: 1.3% user + 0% kernel
E/ActivityManager(  153): 58% TOTAL: 45% user + 13% kernel
I/dalvikvm(  153): Jit: resizing JitTable from 8192 to 16384
V/PhoneStatusBar(  220): setLightsOn(true)
D/AudioHardware(   83): AudioHardware pcm playback is exiting standby.
D/AudioHardware(   83): openPcmOut_l() mPcmOpenCnt: 0
D/AudioHardware(   83): AudioHardware pcm playback is going to standby.
D/AudioHardware(   83): closePcmOut_l() mPcmOpenCnt: 1
D/dalvikvm(  712): GC_CONCURRENT freed 386K, 6% free 10057K/10695K, paused 6ms+2ms
I/InputDispatcher(  153): Application is not responding: Window{415ced50 edu.mit.haoqili.camera_cloud/edu.mit.haoqili.camera_cloud.CameraCloud paused=false}.  5004.4ms since event, 5004.2ms since wait started
I/WindowManager(  153): Input event dispatching timed out sending to edu.mit.haoqili.camera_cloud/edu.mit.haoqili.camera_cloud.CameraCloud
I/Process (  153): Sending signal. PID: 1124 SIG: 3
I/dalvikvm( 1124): threadid=3: reacting to signal 3
I/dalvikvm( 1124): Wrote stack traces to '/data/anr/traces.txt'
I/Process (  153): Sending signal. PID: 153 SIG: 3
I/dalvikvm(  153): threadid=3: reacting to signal 3
I/dalvikvm(  153): Wrote stack traces to '/data/anr/traces.txt'
I/Process (  153): Sending signal. PID: 315 SIG: 3
I/dalvikvm(  315): threadid=3: reacting to signal 3
I/dalvikvm(  315): Wrote stack traces to '/data/anr/traces.txt'
I/Process (  153): Sending signal. PID: 220 SIG: 3
I/dalvikvm(  220): threadid=3: reacting to signal 3
I/dalvikvm(  220): Wrote stack traces to '/data/anr/traces.txt'
I/Process (  153): Sending signal. PID: 332 SIG: 3
I/dalvikvm(  332): threadid=3: reacting to signal 3
I/dalvikvm(  332): Wrote stack traces to '/data/anr/traces.txt'
D/dalvikvm(  153): GC_CONCURRENT freed 911K, 12% free 12485K/14087K, paused 2ms+15ms
I/CameraCloud( 1124): 1333728420321: CameraCloud Execute HTTP latency: 47509ms
I/CameraCloud( 1124): 1333728420322: finished executing HTTP POST, get data
I/CameraCloud( 1124): 1333728420322: make input stream reader for data
I/CameraCloud( 1124): 1333728420322: Cloud response length: 43587
I/CameraCloud( 1124): 1333728420323: Returning cloud object
D/dalvikvm(  153): GC_EXPLICIT freed 413K, 12% free 12523K/14087K, paused 3ms+5ms
E/ActivityManager(  153): ANR in edu.mit.haoqili.camera_cloud (edu.mit.haoqili.camera_cloud/.CameraCloud)
E/ActivityManager(  153): Reason: keyDispatchingTimedOut
E/ActivityManager(  153): Load: 0.07 / 0.21 / 0.19
E/ActivityManager(  153): CPU usage from 15207ms to 0ms ago:
E/ActivityManager(  153):   49% 83/mediaserver: 48% user + 1% kernel
E/ActivityManager(  153):   12% 80/surfaceflinger: 4% user + 8.8% kernel
E/ActivityManager(  153):   3.9% 88/gpsd: 3% user + 0.9% kernel
E/ActivityManager(  153):   1.2% 1195/kworker/0:1: 0% user + 1.2% kernel
E/ActivityManager(  153):   1.1% 153/system_server: 0.9% user + 0.2% kernel / faults: 11 minor
E/ActivityManager(  153):   0.6% 712/com.google.android.apps.maps:NetworkLocationService: 0.5% user + 0.1% kernel / faults: 56 minor
E/ActivityManager(  153):   0.5% 43/kworker/u:2: 0% user + 0.5% kernel
E/ActivityManager(  153):   0.5% 1106/kworker/u:3: 0% user + 0.5% kernel
E/ActivityManager(  153):   0.3% 315/com.android.phone: 0.2% user + 0% kernel / faults: 16 minor
E/ActivityManager(  153):   0% 1//init: 0% user + 0% kernel
E/ActivityManager(  153):   0% 79/rild: 0% user + 0% kernel
E/ActivityManager(  153):   0% 220/com.android.systemui: 0% user + 0% kernel / faults: 24 minor
E/ActivityManager(  153):   0% 455/com.google.process.gapps: 0% user + 0% kernel / faults: 2 minor
E/ActivityManager(  153): 70% TOTAL: 58% user + 12% kernel + 0% softirq
E/ActivityManager(  153): CPU usage from 423ms to 936ms later:
E/ActivityManager(  153):   21% 83/mediaserver: 21% user + 0% kernel
E/ActivityManager(  153):     23% 1139/CameraPreviewTh: 23% user + 0% kernel
E/ActivityManager(  153):   9.8% 153/system_server: 9.8% user + 0% kernel / faults: 13 minor
E/ActivityManager(  153):     3.9% 188/InputDispatcher: 1.9% user + 1.9% kernel
E/ActivityManager(  153):     3.9% 200/NetworkStats: 3.9% user + 0% kernel
E/ActivityManager(  153):     1.9% 303/LocationManager: 1.9% user + 0% kernel
E/ActivityManager(  153):   5.8% 80/surfaceflinger: 1.9% user + 3.9% kernel
E/ActivityManager(  153):     1.9% 133/SurfaceFlinger: 0% user + 1.9% kernel
E/ActivityManager(  153):     1.9% 602/Binder Thread #: 0% user + 1.9% kernel
E/ActivityManager(  153):   3.6% 88/gpsd: 3.6% user + 0% kernel
E/ActivityManager(  153):     6% 88/gpsd: 4.8% user + 1.2% kernel
E/ActivityManager(  153):   1.3% 315/com.android.phone: 0% user + 1.3% kernel
E/ActivityManager(  153):   1.6% 1195/kworker/0:1: 0% user + 1.6% kernel
E/ActivityManager(  153): 49% TOTAL: 41% user + 7.8% kernel
V/PhoneStatusBar(  220): setLightsOn(true)
D/AudioHardware(   83): AudioHardware pcm playback is exiting standby.
D/AudioHardware(   83): openPcmOut_l() mPcmOpenCnt: 0
I/CameraCloud( 1124): 1333728426124: CameraCloud download photo latency = 53315
I/CameraCloud( 1124): 1333728426124: CameraCloud download start 1333728372809 ~ stop 1333728426124
I/CameraCloud( 1124): 1333728426124: takeNum=8 takeCamGood=8 takeGoodSave=4 takeBad=4 getNum=3 getGood=3 getBad=0
I/CameraCloud( 1124): 1333728426125: Success! Client getting photo from cloud server, showing photo...
I/CameraCloud( 1124): 1333728426125: Remote photo's length: 4587
D/AudioHardware(   83): AudioHardware pcm playback is going to standby.
D/AudioHardware(   83): closePcmOut_l() mPcmOpenCnt: 1
D/dalvikvm( 1124): GC_EXPLICIT freed 240K, 38% free 10222K/16263K, paused 1ms+3ms
I/CameraCloud( 1124): 1333728426172: Done with Get photos button for region 1
I/CameraCloud( 1124): 1333728426172: Inside _enableButtons
I/CameraCloud( 1124): 1333728426172: areButtonsEnabled --> true
I/CameraCloud( 1124): 1333728426273: .......... GPS onLocationChanged ...... 
I/CameraCloud( 1124): 1333728426274: Loc = Location[mProvider=gps,mTime=1333814776000,mLatitude=42.36464486686081,mLongitude=-71.10222792618845,mHasAltitude=true,mAltitude=-22.0,mHasSpeed=true,mSpeed=0.26227108,mHasBearing=true,mBearing=172.08528,mHasAccuracy=true,mAccuracy=10.0,mExtras=Bundle[mParcelledData.dataSize=4]] Previous Region = (4,0)
I/CameraCloud( 1124): 1333728426275: GPS x/long:-71.10222792618845, GPS y/lat: 42.36464486686081. Region width in x: 51.96152422706632
I/CameraCloud( 1124): 1333728426275: location PINPOINTS to region = 4.0, previous 4
I/CameraCloud( 1124): 1333728426278: stay at region 4
I/CameraCloud( 1124): 1333728426280: .......... GPS onLocationChanged ...... 
I/CameraCloud( 1124): 1333728426280: Loc = Location[mProvider=gps,mTime=1333814789000,mLatitude=42.36465187681909,mLongitude=-71.10223773283121,mHasAltitude=true,mAltitude=-15.0,mHasSpeed=true,mSpeed=0.40243885,mHasBearing=true,mBearing=334.76563,mHasAccuracy=true,mAccuracy=10.0,mExtras=Bundle[mParcelledData.dataSize=4]] Previous Region = (4,0)
I/CameraCloud( 1124): 1333728426281: GPS x/long:-71.10223773283121, GPS y/lat: 42.36465187681909. Region width in x: 51.96152422706632
I/CameraCloud( 1124): 1333728426281: location PINPOINTS to region = 4.0, previous 4
I/CameraCloud( 1124): 1333728426282: stay at region 4
I/CameraCloud( 1124): 1333728426283: .......... GPS onLocationChanged ...... 
I/CameraCloud( 1124): 1333728426284: Loc = Location[mProvider=gps,mTime=1333814793000,mLatitude=42.36467459516411,mLongitude=-71.10224422587501,mHasAltitude=true,mAltitude=-16.0,mHasSpeed=true,mSpeed=0.4694566,mHasBearing=true,mBearing=340.07745,mHasAccuracy=true,mAccuracy=15.0,mExtras=Bundle[mParcelledData.dataSize=4]] Previous Region = (4,0)
I/CameraCloud( 1124): 1333728426284: GPS x/long:-71.10224422587501, GPS y/lat: 42.36467459516411. Region width in x: 51.96152422706632
I/CameraCloud( 1124): 1333728426284: location PINPOINTS to region = 4.0, previous 4
I/CameraCloud( 1124): 1333728426285: stay at region 4
I/CameraCloud( 1124): 1333728426290: .......... GPS onLocationChanged ...... 
I/CameraCloud( 1124): 1333728426291: Loc = Location[mProvider=gps,mTime=1333814821000,mLatitude=42.364682075006854,mLongitude=-71.10222035775645,mHasAltitude=true,mAltitude=-26.0,mHasSpeed=true,mSpeed=0.10571681,mHasBearing=true,mBearing=250.22726,mHasAccuracy=true,mAccuracy=5.0,mExtras=Bundle[mParcelledData.dataSize=4]] Previous Region = (4,0)
I/CameraCloud( 1124): 1333728426291: GPS x/long:-71.10222035775645, GPS y/lat: 42.364682075006854. Region width in x: 51.96152422706632
I/CameraCloud( 1124): 1333728426291: location PINPOINTS to region = 4.0, previous 4
I/CameraCloud( 1124): 1333728426292: stay at region 4
W/InputManagerService(  153): Window already focused, ignoring focus gain of: com.android.internal.view.IInputMethodClient$Stub$Proxy@416b3aa0
D/AudioHardware(   83): AudioHardware pcm playback is exiting standby.
D/AudioHardware(   83): openPcmOut_l() mPcmOpenCnt: 0
D/AudioHardware(   83): AudioHardware pcm playback is going to standby.
D/AudioHardware(   83): closePcmOut_l() mPcmOpenCnt: 1
I/CameraCloud( 1124): 1333728434010: .......... GPS onLocationChanged ...... 
I/CameraCloud( 1124): 1333728434011: Loc = Location[mProvider=gps,mTime=1333814835000,mLatitude=42.364691487968614,mLongitude=-71.10222707424668,mHasAltitude=true,mAltitude=-19.0,mHasSpeed=true,mSpeed=0.099081576,mHasBearing=true,mBearing=344.09454,mHasAccuracy=true,mAccuracy=10.0,mExtras=Bundle[mParcelledData.dataSize=4]] Previous Region = (4,0)
I/CameraCloud( 1124): 1333728434011: GPS x/long:-71.10222707424668, GPS y/lat: 42.364691487968614. Region width in x: 51.96152422706632
I/CameraCloud( 1124): 1333728434012: location PINPOINTS to region = 4.0, previous 4
I/CameraCloud( 1124): 1333728434012: stay at region 4
D/dalvikvm(  153): GC_CONCURRENT freed 781K, 12% free 12504K/14087K, paused 3ms+5ms
I/GTalkService/c(  455): [AndroidEndpoint@1094694896] connect: acct=1000000, state=CONNECTING
D/dalvikvm(  153): GC_EXPLICIT freed 174K, 12% free 12432K/14087K, paused 3ms+15ms
D/dalvikvm(  455): GC_CONCURRENT freed 386K, 6% free 9969K/10567K, paused 8ms+3ms
D/ConnectivityService(  153): handleInetConditionHoldEnd: net=0, condition=100, published condition=0
W/Smack/Packet(  455): notify conn break (IOEx), close connection
D/ConnectivityService(  153): handleInetConditionHoldEnd: net=0, condition=0, published condition=100
I/CameraCloud( 1124): 1333728456954: .......... GPS onLocationChanged ...... 
I/CameraCloud( 1124): 1333728456955: Loc = Location[mProvider=gps,mTime=1333814858000,mLatitude=42.364681995557056,mLongitude=-71.102225968178,mHasAltitude=true,mAltitude=-16.0,mHasSpeed=true,mSpeed=0.06598155,mHasBearing=true,mBearing=171.53668,mHasAccuracy=true,mAccuracy=10.0,mExtras=Bundle[mParcelledData.dataSize=4]] Previous Region = (4,0)
I/CameraCloud( 1124): 1333728456955: GPS x/long:-71.102225968178, GPS y/lat: 42.364681995557056. Region width in x: 51.96152422706632
I/CameraCloud( 1124): 1333728456956: location PINPOINTS to region = 4.0, previous 4
I/CameraCloud( 1124): 1333728456956: stay at region 4
I/CameraCloud( 1124): 1333728460955: .......... GPS onLocationChanged ...... 
I/CameraCloud( 1124): 1333728460962: Loc = Location[mProvider=gps,mTime=1333814862000,mLatitude=42.3646647409528,mLongitude=-71.10223925029547,mHasAltitude=true,mAltitude=-26.0,mHasSpeed=true,mSpeed=0.0,mHasBearing=true,mBearing=216.10628,mHasAccuracy=true,mAccuracy=10.0,mExtras=Bundle[mParcelledData.dataSize=4]] Previous Region = (4,0)
I/CameraCloud( 1124): 1333728460962: GPS x/long:-71.10223925029547, GPS y/lat: 42.3646647409528. Region width in x: 51.96152422706632
I/CameraCloud( 1124): 1333728460962: location PINPOINTS to region = 4.0, previous 4
I/CameraCloud( 1124): 1333728460963: stay at region 4
D/dalvikvm( 1124): GC_CONCURRENT freed 415K, 38% free 10197K/16263K, paused 4ms+3ms
I/CameraCloud( 1124): 1333728462391: canPressButton = TRUE
I/CameraCloud( 1124): 1333728462391: areButtonsEnabled --> false 
I/CameraCloud( 1124): 1333728462392: Inside get photo disableButtons XXX
D/AudioHardware(   83): AudioHardware pcm playback is exiting standby.
D/AudioHardware(   83): openPcmOut_l() mPcmOpenCnt: 0
I/CameraCloud( 1124): 1333728462442: takeNum=8 takeCamGood=8 takeGoodSave=4 takeBad=4 getNum=4 getGood=3 getBad=0
I/CameraCloud( 1124): 1333728462443: ** Clicked getphotos Button from region 3 **
I/CameraCloud( 1124): 1333728462443: Trying to get photo from server, about to call serverRequest()
I/CameraCloud( 1124): 1333728462444: Server request to url: http://hermes5.csail.mit.edu:8213/102/3/0/
I/CameraCloud( 1124): 1333728462446: Cloud server request length: 12
I/CameraCloud( 1124): 1333728462446: about to execute HTTP POST
I/CameraCloud( 1124): 1333728462446: in serverRequest() about to httpclient.execute()
D/AudioHardware(   83): AudioHardware pcm playback is going to standby.
D/AudioHardware(   83): closePcmOut_l() mPcmOpenCnt: 1
I/CameraCloud( 1124): 1333728471002: CameraCloud Execute HTTP latency: 8556ms
I/CameraCloud( 1124): 1333728471003: finished executing HTTP POST, get data
I/CameraCloud( 1124): 1333728471004: make input stream reader for data
I/CameraCloud( 1124): 1333728471005: Cloud response length: 28420
I/CameraCloud( 1124): 1333728471006: Returning cloud object
D/dalvikvm(  153): GC_CONCURRENT freed 730K, 12% free 12499K/14087K, paused 29ms+5ms
I/CameraCloud( 1124): 1333728475277: CameraCloud download photo latency = 12834
I/CameraCloud( 1124): 1333728475278: CameraCloud download start 1333728462443 ~ stop 1333728475277
I/CameraCloud( 1124): 1333728475278: takeNum=8 takeCamGood=8 takeGoodSave=4 takeBad=4 getNum=4 getGood=4 getBad=0
I/CameraCloud( 1124): 1333728475279: Success! Client getting photo from cloud server, showing photo...
I/CameraCloud( 1124): 1333728475280: Remote photo's length: 3004
D/dalvikvm( 1124): GC_EXPLICIT freed 177K, 38% free 10235K/16263K, paused 16ms+4ms
I/CameraCloud( 1124): 1333728475338: Done with Get photos button for region 3
I/CameraCloud( 1124): 1333728475338: Inside _enableButtons
I/CameraCloud( 1124): 1333728475339: areButtonsEnabled --> true
I/CameraCloud( 1124): 1333728475402: .......... GPS onLocationChanged ...... 
I/CameraCloud( 1124): 1333728475403: Loc = Location[mProvider=gps,mTime=1333814874000,mLatitude=42.364658013340375,mLongitude=-71.1022525943651,mHasAltitude=true,mAltitude=-28.0,mHasSpeed=true,mSpeed=0.0,mHasBearing=true,mBearing=255.8534,mHasAccuracy=true,mAccuracy=10.0,mExtras=Bundle[mParcelledData.dataSize=4]] Previous Region = (4,0)
I/CameraCloud( 1124): 1333728475404: GPS x/long:-71.1022525943651, GPS y/lat: 42.364658013340375. Region width in x: 51.96152422706632
I/CameraCloud( 1124): 1333728475404: location PINPOINTS to region = 4.0, previous 4
I/CameraCloud( 1124): 1333728475404: stay at region 4
W/InputManagerService(  153): Window already focused, ignoring focus gain of: com.android.internal.view.IInputMethodClient$Stub$Proxy@416e07c0
I/CameraCloud( 1124): 1333728490196: canPressButton = TRUE
I/CameraCloud( 1124): 1333728490196: areButtonsEnabled --> false
I/CameraCloud( 1124): 1333728490197: disabling buttons ...
I/CameraCloud( 1124): 1333728490197: new pic disableButtons XXX
I/CameraCloud( 1124): 1333728490201: areButtonsEnabled --> false
D/AudioHardware(   83): AudioHardware pcm playback is exiting standby.
D/AudioHardware(   83): openPcmOut_l() mPcmOpenCnt: 0
I/CameraCloud( 1124): 1333728490226: takeNum=9 takeCamGood=8 takeGoodSave=4 takeBad=4 getNum=4 getGood=4 getBad=0
I/CameraCloud( 1124): 1333728490227: ** Clicked take picture button **
I/CameraSurfaceView( 1124): inside getCamera()
I/CameraHardwareSec(   83): int android::CameraHardwareSec::previewThreadWrapper(): calling mSecCamera->stopPreview() and waiting
I/SecCamera(   83): int android::fimc_v4l2_querybuf(int, android::fimc_buffer*, v4l2_buf_type) :
I/SecCamera(   83): int android::fimc_v4l2_querybuf(int, android::fimc_buffer*, v4l2_buf_type): buffer->start = 0x442f2000 v4l2_buf.length = 4261248
I/CameraHardwareSec(   83): == Camera Sensor Detect S5K4ECGX - Samsung LSI SOC 5M ==
D/JpegEncoder(   83): encode E
D/JpegEncoder(   83): encode X
D/SecCamera(   83): Shutter speed=8327 us, iso=50
D/SecCamera(   83): AV=3, TV=7, SV=4
D/JpegEncoder(   83): makeExif E
D/JpegEncoder(   83): makeExif X
I/SecCamera(   83): int android::SecCamera::endSnapshot() :
I/SecCamera(   83): munmap():virt. addr 0x442f2000 size = 4261248
D/dalvikvm( 1124): GC_FOR_ALLOC freed 396K, 38% free 10210K/16263K, paused 21ms
I/dalvikvm-heap( 1124): Grow heap (frag case) to 11.347MB for 1366865-byte allocation
D/dalvikvm( 1124): GC_CONCURRENT freed 7K, 30% free 11538K/16263K, paused 2ms+2ms
I/CameraCloud( 1124): 1333728490931: inside HandlePictureStorage onPictureTaken()
I/CameraCloud( 1124): 1333728490932: takeNum=9 takeCamGood=9 takeGoodSave=4 takeBad=4 getNum=4 getGood=4 getBad=0
D/CameraHardwareSec(   83): mPreviewHeap(fd(35), size(518400), width(720), height(480))
I/CameraHardwareSec(   83): int android::CameraHardwareSec::previewThreadWrapper(): return from wait
I/CameraCloud( 1124): 1333728491338: Picture successfully taken, ORIG BYTE LENGTH = 1366849
D/dalvikvm( 1124): GC_EXPLICIT freed 2K, 30% free 11539K/16263K, paused 16ms+2ms
I/CameraCloud( 1124): 1333728491582: Our new height x width: 240 x 320
I/CameraCloud( 1124): 1333728491594: Show photo from handle my camera take
I/CameraCloud( 1124): 1333728491595: client making photo packet to send to leader
I/CameraCloud( 1124): 1333728491607: BYTE SIZE AFTER COMPRESSION: 3775
I/CameraCloud( 1124): 1333728491608: sending new pic ....
I/CameraCloud( 1124): 1333728491608: Server request to url: http://hermes5.csail.mit.edu:8213/101/4/0/
I/CameraCloud( 1124): 1333728491707: Cloud server request length: 13129
I/CameraCloud( 1124): 1333728491707: about to execute HTTP POST
I/CameraCloud( 1124): 1333728491708: in serverRequest() about to httpclient.execute()
D/dalvikvm(  712): GC_CONCURRENT freed 386K, 6% free 10057K/10695K, paused 29ms+2ms
D/AudioHardware(   83): AudioHardware pcm playback is going to standby.
D/AudioHardware(   83): closePcmOut_l() mPcmOpenCnt: 1
D/dalvikvm(  315): GC_CONCURRENT freed 419K, 6% free 9507K/10055K, paused 3ms+3ms
I/CameraCloud( 1124): 1333728505836: CameraCloud Execute HTTP latency: 14127ms
I/CameraCloud( 1124): 1333728505839: finished executing HTTP POST, get data
I/CameraCloud( 1124): 1333728505846: make input stream reader for data
I/CameraCloud( 1124): 1333728505874: Cloud response length: 18
I/CameraCloud( 1124): 1333728505875: Returning cloud object
I/CameraCloud( 1124): 1333728505896: CameraCloud upload new photo latency = 14288
I/CameraCloud( 1124): 1333728505897: CameraCloud upload start 1333728491608 ~ stop 1333728505896
I/CameraCloud( 1124): 1333728505897: takeNum=9 takeCamGood=9 takeGoodSave=5 takeBad=4 getNum=4 getGood=4 getBad=0
I/CameraCloud( 1124): 1333728505898: SUCCESS! Client now knows saving photo on cloud server succeeded
I/CameraCloud( 1124): 1333728505898: RETURN STATUS: 12
I/CameraCloud( 1124): 1333728505898: Inside _enableButtons
I/CameraCloud( 1124): 1333728505899: areButtonsEnabled --> true
I/CameraCloud( 1124): 1333728505900: end of client send picture method
D/dalvikvm( 1124): GC_CONCURRENT freed 682K, 29% free 11570K/16263K, paused 2ms+3ms
I/CameraCloud( 1124): 1333728506007: .......... GPS onLocationChanged ...... 
I/CameraCloud( 1124): 1333728506007: Loc = Location[mProvider=gps,mTime=1333814893000,mLatitude=42.36467041147284,mLongitude=-71.10225417263018,mHasAltitude=true,mAltitude=-24.0,mHasSpeed=true,mSpeed=0.047714267,mHasBearing=true,mBearing=14.294229,mHasAccuracy=true,mAccuracy=5.0,mExtras=Bundle[mParcelledData.dataSize=4]] Previous Region = (4,0)
I/CameraCloud( 1124): 1333728506018: GPS x/long:-71.10225417263018, GPS y/lat: 42.36467041147284. Region width in x: 51.96152422706632
I/CameraCloud( 1124): 1333728506018: location PINPOINTS to region = 4.0, previous 4
I/CameraCloud( 1124): 1333728506020: stay at region 4
W/InputManagerService(  153): Window already focused, ignoring focus gain of: com.android.internal.view.IInputMethodClient$Stub$Proxy@4144fd58
D/dalvikvm(  153): GC_CONCURRENT freed 724K, 12% free 12523K/14087K, paused 10ms+15ms
I/CameraCloud( 1124): 1333728513965: .......... GPS onLocationChanged ...... 
I/CameraCloud( 1124): 1333728513966: Loc = Location[mProvider=gps,mTime=1333814915000,mLatitude=42.364677694907044,mLongitude=-71.10224311240356,mHasAltitude=true,mAltitude=-27.0,mHasSpeed=true,mSpeed=0.0784527,mHasBearing=true,mBearing=73.33825,mHasAccuracy=true,mAccuracy=10.0,mExtras=Bundle[mParcelledData.dataSize=4]] Previous Region = (4,0)
I/CameraCloud( 1124): 1333728513967: GPS x/long:-71.10224311240356, GPS y/lat: 42.364677694907044. Region width in x: 51.96152422706632
I/CameraCloud( 1124): 1333728513967: location PINPOINTS to region = 4.0, previous 4
I/CameraCloud( 1124): 1333728513968: stay at region 4
I/CameraCloud( 1124): 1333728516651: canPressButton = TRUE
I/CameraCloud( 1124): 1333728516652: areButtonsEnabled --> false 
I/CameraCloud( 1124): 1333728516652: Inside get photo disableButtons XXX
D/AudioHardware(   83): AudioHardware pcm playback is exiting standby.
D/AudioHardware(   83): openPcmOut_l() mPcmOpenCnt: 0
I/CameraCloud( 1124): 1333728516677: takeNum=9 takeCamGood=9 takeGoodSave=5 takeBad=4 getNum=5 getGood=4 getBad=0
I/CameraCloud( 1124): 1333728516677: ** Clicked getphotos Button from region 5 **
I/CameraCloud( 1124): 1333728516677: Trying to get photo from server, about to call serverRequest()
I/CameraCloud( 1124): 1333728516678: Server request to url: http://hermes5.csail.mit.edu:8213/102/5/0/
I/CameraCloud( 1124): 1333728516680: Cloud server request length: 12
I/CameraCloud( 1124): 1333728516680: about to execute HTTP POST
I/CameraCloud( 1124): 1333728516681: in serverRequest() about to httpclient.execute()
D/AudioHardware(   83): AudioHardware pcm playback is going to standby.
D/AudioHardware(   83): closePcmOut_l() mPcmOpenCnt: 1
I/CameraCloud( 1124): 1333728535637: CameraCloud Execute HTTP latency: 18955ms
I/CameraCloud( 1124): 1333728535638: finished executing HTTP POST, get data
I/CameraCloud( 1124): 1333728535640: make input stream reader for data
I/CameraCloud( 1124): 1333728535642: Cloud response length: 39372
I/CameraCloud( 1124): 1333728535644: Returning cloud object
D/dalvikvm(  153): GC_CONCURRENT freed 812K, 12% free 12507K/14087K, paused 13ms+8ms
I/CameraCloud( 1124): 1333728537232: CameraCloud download photo latency = 20554
I/CameraCloud( 1124): 1333728537233: CameraCloud download start 1333728516678 ~ stop 1333728537232
I/CameraCloud( 1124): 1333728537233: takeNum=9 takeCamGood=9 takeGoodSave=5 takeBad=4 getNum=5 getGood=5 getBad=0
I/CameraCloud( 1124): 1333728537233: Success! Client getting photo from cloud server, showing photo...
I/CameraCloud( 1124): 1333728537243: Remote photo's length: 4139
D/dalvikvm( 1124): GC_EXPLICIT freed 1584K, 37% free 10251K/16263K, paused 3ms+4ms
I/CameraCloud( 1124): 1333728537283: Done with Get photos button for region 5
I/CameraCloud( 1124): 1333728537283: Inside _enableButtons
I/CameraCloud( 1124): 1333728537284: areButtonsEnabled --> true
I/CameraCloud( 1124): 1333728537331: .......... GPS onLocationChanged ...... 
I/CameraCloud( 1124): 1333728537332: Loc = Location[mProvider=gps,mTime=1333814934000,mLatitude=42.36468038549781,mLongitude=-71.10222860356676,mHasAltitude=true,mAltitude=-30.0,mHasSpeed=true,mSpeed=0.05484651,mHasBearing=true,mBearing=98.7437,mHasAccuracy=true,mAccuracy=5.0,mExtras=Bundle[mParcelledData.dataSize=4]] Previous Region = (4,0)
I/CameraCloud( 1124): 1333728537332: GPS x/long:-71.10222860356676, GPS y/lat: 42.36468038549781. Region width in x: 51.96152422706632
I/CameraCloud( 1124): 1333728537332: location PINPOINTS to region = 4.0, previous 4
I/CameraCloud( 1124): 1333728537333: stay at region 4
I/CameraCloud( 1124): 1333728537333: .......... GPS onLocationChanged ...... 
I/CameraCloud( 1124): 1333728537334: Loc = Location[mProvider=gps,mTime=1333814936000,mLatitude=42.36467052792797,mLongitude=-71.1022268923942,mHasAltitude=true,mAltitude=-29.0,mHasSpeed=true,mSpeed=0.17033945,mHasBearing=true,mBearing=150.3062,mHasAccuracy=true,mAccuracy=15.0,mExtras=Bundle[mParcelledData.dataSize=4]] Previous Region = (4,0)
I/CameraCloud( 1124): 1333728537334: GPS x/long:-71.1022268923942, GPS y/lat: 42.36467052792797. Region width in x: 51.96152422706632
I/CameraCloud( 1124): 1333728537335: location PINPOINTS to region = 4.0, previous 4
I/CameraCloud( 1124): 1333728537335: stay at region 4
W/InputManagerService(  153): Window already focused, ignoring focus gain of: com.android.internal.view.IInputMethodClient$Stub$Proxy@41589ba0
I/CameraCloud( 1124): 1333728538979: .......... GPS onLocationChanged ...... 
I/CameraCloud( 1124): 1333728538980: Loc = Location[mProvider=gps,mTime=1333814940000,mLatitude=42.36467171463961,mLongitude=-71.10224011056323,mHasAltitude=true,mAltitude=-29.0,mHasSpeed=true,mSpeed=0.0,mHasBearing=true,mBearing=301.97495,mHasAccuracy=true,mAccuracy=10.0,mExtras=Bundle[mParcelledData.dataSize=4]] Previous Region = (4,0)
I/CameraCloud( 1124): 1333728538981: GPS x/long:-71.10224011056323, GPS y/lat: 42.36467171463961. Region width in x: 51.96152422706632
I/CameraCloud( 1124): 1333728538981: location PINPOINTS to region = 4.0, previous 4
I/CameraCloud( 1124): 1333728538981: stay at region 4
I/CameraCloud( 1124): 1333728545841: canPressButton = TRUE
I/CameraCloud( 1124): 1333728545847: areButtonsEnabled --> false 
I/CameraCloud( 1124): 1333728545849: Inside get photo disableButtons XXX
D/AudioHardware(   83): AudioHardware pcm playback is exiting standby.
D/AudioHardware(   83): openPcmOut_l() mPcmOpenCnt: 0
I/CameraCloud( 1124): 1333728545957: takeNum=9 takeCamGood=9 takeGoodSave=5 takeBad=4 getNum=6 getGood=5 getBad=0
I/CameraCloud( 1124): 1333728545958: ** Clicked getphotos Button from region 2 **
I/CameraCloud( 1124): 1333728545959: Trying to get photo from server, about to call serverRequest()
I/CameraCloud( 1124): 1333728545961: Server request to url: http://hermes5.csail.mit.edu:8213/102/2/0/
I/CameraCloud( 1124): 1333728545973: Cloud server request length: 12
I/CameraCloud( 1124): 1333728545974: about to execute HTTP POST
I/CameraCloud( 1124): 1333728545974: in serverRequest() about to httpclient.execute()
D/dalvikvm( 1124): GC_CONCURRENT freed 426K, 38% free 10235K/16263K, paused 1ms+14ms
I/CameraCloud( 1124): 1333728548327: CameraCloud Execute HTTP latency: 2353ms
I/CameraCloud( 1124): 1333728548329: finished executing HTTP POST, get data
I/CameraCloud( 1124): 1333728548330: make input stream reader for data
I/CameraCloud( 1124): 1333728548332: Cloud response length: 47551
I/CameraCloud( 1124): 1333728548360: Returning cloud object
D/AudioHardware(   83): AudioHardware pcm playback is going to standby.
D/AudioHardware(   83): closePcmOut_l() mPcmOpenCnt: 1
I/CameraCloud( 1124): 1333728549087: CameraCloud download photo latency = 3128
I/CameraCloud( 1124): 1333728549088: CameraCloud download start 1333728545959 ~ stop 1333728549087
I/CameraCloud( 1124): 1333728549089: takeNum=9 takeCamGood=9 takeGoodSave=5 takeBad=4 getNum=6 getGood=6 getBad=0
I/CameraCloud( 1124): 1333728549090: Success! Client getting photo from cloud server, showing photo...
I/CameraCloud( 1124): 1333728549090: Remote photo's length: 4986
D/dalvikvm( 1124): GC_EXPLICIT freed 165K, 37% free 10256K/16263K, paused 4ms+12ms
I/CameraCloud( 1124): 1333728549139: Done with Get photos button for region 2
I/CameraCloud( 1124): 1333728549139: Inside _enableButtons
I/CameraCloud( 1124): 1333728549140: areButtonsEnabled --> true
I/CameraCloud( 1124): 1333728549176: .......... GPS onLocationChanged ...... 
I/CameraCloud( 1124): 1333728549177: Loc = Location[mProvider=gps,mTime=1333814948000,mLatitude=42.364684157574374,mLongitude=-71.10223912597337,mHasAltitude=true,mAltitude=-24.0,mHasSpeed=true,mSpeed=0.11474321,mHasBearing=true,mBearing=8.698935,mHasAccuracy=true,mAccuracy=10.0,mExtras=Bundle[mParcelledData.dataSize=4]] Previous Region = (4,0)
I/CameraCloud( 1124): 1333728549177: GPS x/long:-71.10223912597337, GPS y/lat: 42.364684157574374. Region width in x: 51.96152422706632
I/CameraCloud( 1124): 1333728549178: location PINPOINTS to region = 4.0, previous 4
I/CameraCloud( 1124): 1333728549178: stay at region 4
I/CameraCloud( 1124): 1333728549188: .......... GPS onLocationChanged ...... 
I/CameraCloud( 1124): 1333728549189: Loc = Location[mProvider=gps,mTime=1333814949000,mLatitude=42.364688004780426,mLongitude=-71.10222638939265,mHasAltitude=true,mAltitude=-24.0,mHasSpeed=true,mSpeed=0.0,mHasBearing=true,mBearing=7.282521,mHasAccuracy=true,mAccuracy=10.0,mExtras=Bundle[mParcelledData.dataSize=4]] Previous Region = (4,0)
I/CameraCloud( 1124): 1333728549189: GPS x/long:-71.10222638939265, GPS y/lat: 42.364688004780426. Region width in x: 51.96152422706632
I/CameraCloud( 1124): 1333728549189: location PINPOINTS to region = 4.0, previous 4
I/CameraCloud( 1124): 1333728549190: stay at region 4
I/CameraCloud( 1124): 1333728549190: .......... GPS onLocationChanged ...... 
I/CameraCloud( 1124): 1333728549191: Loc = Location[mProvider=gps,mTime=1333814950000,mLatitude=42.36468905917774,mLongitude=-71.10221349987395,mHasAltitude=true,mAltitude=-24.0,mHasSpeed=true,mSpeed=0.0,mHasBearing=true,mBearing=11.0490885,mHasAccuracy=true,mAccuracy=10.0,mExtras=Bundle[mParcelledData.dataSize=4]] Previous Region = (4,0)
I/CameraCloud( 1124): 1333728549191: GPS x/long:-71.10221349987395, GPS y/lat: 42.36468905917774. Region width in x: 51.96152422706632
I/CameraCloud( 1124): 1333728549192: location PINPOINTS to region = 4.0, previous 4
I/CameraCloud( 1124): 1333728549192: stay at region 4
W/InputManagerService(  153): Window already focused, ignoring focus gain of: com.android.internal.view.IInputMethodClient$Stub$Proxy@417592f0
I/CameraCloud( 1124): 1333728550978: .......... GPS onLocationChanged ...... 
I/CameraCloud( 1124): 1333728550979: Loc = Location[mProvider=gps,mTime=1333814952000,mLatitude=42.36466415674276,mLongitude=-71.10219722035227,mHasAltitude=true,mAltitude=-17.0,mHasSpeed=true,mSpeed=0.43301824,mHasBearing=true,mBearing=165.6065,mHasAccuracy=true,mAccuracy=10.0,mExtras=Bundle[mParcelledData.dataSize=4]] Previous Region = (4,0)
I/CameraCloud( 1124): 1333728550980: GPS x/long:-71.10219722035227, GPS y/lat: 42.36466415674276. Region width in x: 51.96152422706632
I/CameraCloud( 1124): 1333728550981: location PINPOINTS to region = 4.0, previous 4
I/CameraCloud( 1124): 1333728550982: stay at region 4
I/CameraCloud( 1124): 1333728553963: .......... GPS onLocationChanged ...... 
I/CameraCloud( 1124): 1333728553964: Loc = Location[mProvider=gps,mTime=1333814955000,mLatitude=42.36465433516403,mLongitude=-71.1021958387258,mHasAltitude=true,mAltitude=-16.0,mHasSpeed=true,mSpeed=0.0,mHasBearing=true,mBearing=226.79822,mHasAccuracy=true,mAccuracy=10.0,mExtras=Bundle[mParcelledData.dataSize=4]] Previous Region = (4,0)
I/CameraCloud( 1124): 1333728553965: GPS x/long:-71.1021958387258, GPS y/lat: 42.36465433516403. Region width in x: 51.96152422706632
I/CameraCloud( 1124): 1333728553975: location PINPOINTS to region = 4.0, previous 4
I/CameraCloud( 1124): 1333728553975: stay at region 4
I/CameraCloud( 1124): 1333728562291: canPressButton = TRUE
I/CameraCloud( 1124): 1333728562292: areButtonsEnabled --> false 
I/CameraCloud( 1124): 1333728562306: Inside get photo disableButtons XXX
D/AudioHardware(   83): AudioHardware pcm playback is exiting standby.
D/AudioHardware(   83): openPcmOut_l() mPcmOpenCnt: 0
I/CameraCloud( 1124): 1333728562445: takeNum=9 takeCamGood=9 takeGoodSave=5 takeBad=4 getNum=7 getGood=6 getBad=0
I/CameraCloud( 1124): 1333728562445: ** Clicked getphotos Button from region 5 **
I/CameraCloud( 1124): 1333728562446: Trying to get photo from server, about to call serverRequest()
I/CameraCloud( 1124): 1333728562447: Server request to url: http://hermes5.csail.mit.edu:8213/102/5/0/
I/CameraCloud( 1124): 1333728562473: Cloud server request length: 12
I/CameraCloud( 1124): 1333728562474: about to execute HTTP POST
I/CameraCloud( 1124): 1333728562474: in serverRequest() about to httpclient.execute()
D/dalvikvm( 1124): GC_CONCURRENT freed 403K, 37% free 10289K/16263K, paused 16ms+4ms
D/dalvikvm(  153): GC_CONCURRENT freed 747K, 12% free 12512K/14087K, paused 12ms+6ms
D/AudioHardware(   83): AudioHardware pcm playback is going to standby.
D/AudioHardware(   83): closePcmOut_l() mPcmOpenCnt: 1
I/CameraCloud( 1124): 1333728567068: CameraCloud Execute HTTP latency: 4594ms
I/CameraCloud( 1124): 1333728567068: finished executing HTTP POST, get data
I/CameraCloud( 1124): 1333728567069: make input stream reader for data
I/CameraCloud( 1124): 1333728567070: Cloud response length: 39372
I/CameraCloud( 1124): 1333728567075: Returning cloud object
I/CameraCloud( 1124): 1333728569009: CameraCloud download photo latency = 6563
I/CameraCloud( 1124): 1333728569009: CameraCloud download start 1333728562446 ~ stop 1333728569009
I/CameraCloud( 1124): 1333728569009: takeNum=9 takeCamGood=9 takeGoodSave=5 takeBad=4 getNum=7 getGood=7 getBad=0
I/CameraCloud( 1124): 1333728569010: Success! Client getting photo from cloud server, showing photo...
I/CameraCloud( 1124): 1333728569010: Remote photo's length: 4139
D/dalvikvm( 1124): GC_EXPLICIT freed 191K, 37% free 10270K/16263K, paused 3ms+4ms
I/CameraCloud( 1124): 1333728569056: Done with Get photos button for region 5
I/CameraCloud( 1124): 1333728569057: Inside _enableButtons
I/CameraCloud( 1124): 1333728569057: areButtonsEnabled --> true
W/InputManagerService(  153): Window already focused, ignoring focus gain of: com.android.internal.view.IInputMethodClient$Stub$Proxy@41553900
I/CameraCloud( 1124): 1333728571986: .......... GPS onLocationChanged ...... 
I/CameraCloud( 1124): 1333728571997: Loc = Location[mProvider=gps,mTime=1333814973000,mLatitude=42.36466271224417,mLongitude=-71.10218365427933,mHasAltitude=true,mAltitude=-15.0,mHasSpeed=true,mSpeed=0.4162074,mHasBearing=true,mBearing=76.35696,mHasAccuracy=true,mAccuracy=10.0,mExtras=Bundle[mParcelledData.dataSize=4]] Previous Region = (4,0)
I/CameraCloud( 1124): 1333728571998: GPS x/long:-71.10218365427933, GPS y/lat: 42.36466271224417. Region width in x: 51.96152422706632
I/CameraCloud( 1124): 1333728572003: location PINPOINTS to region = 4.0, previous 4
I/CameraCloud( 1124): 1333728572004: stay at region 4
D/dalvikvm(  712): GC_CONCURRENT freed 386K, 6% free 10057K/10695K, paused 2ms+3ms
I/CameraCloud( 1124): 1333728591970: .......... GPS onLocationChanged ...... 
I/CameraCloud( 1124): 1333728591971: Loc = Location[mProvider=gps,mTime=1333814993000,mLatitude=42.36467208655433,mLongitude=-71.10220572303022,mHasAltitude=true,mAltitude=-22.0,mHasSpeed=true,mSpeed=0.104355074,mHasBearing=true,mBearing=110.62178,mHasAccuracy=true,mAccuracy=10.0,mExtras=Bundle[mParcelledData.dataSize=4]] Previous Region = (4,0)
I/CameraCloud( 1124): 1333728591972: GPS x/long:-71.10220572303022, GPS y/lat: 42.36467208655433. Region width in x: 51.96152422706632
I/CameraCloud( 1124): 1333728591972: location PINPOINTS to region = 4.0, previous 4
I/CameraCloud( 1124): 1333728591972: stay at region 4
D/dalvikvm(  315): GC_CONCURRENT freed 418K, 6% free 9503K/10055K, paused 3ms+2ms
I/CameraCloud( 1124): 1333728598969: .......... GPS onLocationChanged ...... 
I/CameraCloud( 1124): 1333728598970: Loc = Location[mProvider=gps,mTime=1333815000000,mLatitude=42.36466775498597,mLongitude=-71.10221683868724,mHasAltitude=true,mAltitude=-22.0,mHasSpeed=true,mSpeed=0.29828438,mHasBearing=true,mBearing=204.35126,mHasAccuracy=true,mAccuracy=10.0,mExtras=Bundle[mParcelledData.dataSize=4]] Previous Region = (4,0)
I/CameraCloud( 1124): 1333728598971: GPS x/long:-71.10221683868724, GPS y/lat: 42.36466775498597. Region width in x: 51.96152422706632
I/CameraCloud( 1124): 1333728598971: location PINPOINTS to region = 4.0, previous 4
I/CameraCloud( 1124): 1333728598971: stay at region 4
I/ActivityManager(  153): No longer want com.google.android.apps.maps:FriendService (pid 694): hidden #16
I/ActivityManager(  153): No longer want com.google.android.apps.maps:NetworkLocationService (pid 712): hidden #17
W/ActivityManager(  153): Scheduling restart of crashed service com.google.android.apps.maps/com.google.android.location.internal.server.NetworkLocationService in 5000ms
I/CameraCloud( 1124): 1333728600496: canPressButton = TRUE
I/CameraCloud( 1124): 1333728600504: areButtonsEnabled --> false
I/CameraCloud( 1124): 1333728600505: disabling buttons ...
I/CameraCloud( 1124): 1333728600506: new pic disableButtons XXX
I/CameraCloud( 1124): 1333728600508: areButtonsEnabled --> false
D/AudioHardware(   83): AudioHardware pcm playback is exiting standby.
D/AudioHardware(   83): openPcmOut_l() mPcmOpenCnt: 0
I/CameraCloud( 1124): 1333728600596: takeNum=10 takeCamGood=9 takeGoodSave=5 takeBad=4 getNum=7 getGood=7 getBad=0
I/CameraCloud( 1124): 1333728600597: ** Clicked take picture button **
I/CameraSurfaceView( 1124): inside getCamera()
I/CameraHardwareSec(   83): int android::CameraHardwareSec::previewThreadWrapper(): calling mSecCamera->stopPreview() and waiting
D/dalvikvm( 1124): GC_CONCURRENT freed 412K, 37% free 10251K/16263K, paused 1ms+3ms
I/SecCamera(   83): int android::fimc_v4l2_querybuf(int, android::fimc_buffer*, v4l2_buf_type) :
I/SecCamera(   83): int android::fimc_v4l2_querybuf(int, android::fimc_buffer*, v4l2_buf_type): buffer->start = 0x44257000 v4l2_buf.length = 4261248
I/CameraHardwareSec(   83): == Camera Sensor Detect S5K4ECGX - Samsung LSI SOC 5M ==
D/JpegEncoder(   83): encode E
D/JpegEncoder(   83): encode X
D/SecCamera(   83): Shutter speed=680 us, iso=50
D/SecCamera(   83): AV=3, TV=11, SV=4
D/JpegEncoder(   83): makeExif E
D/JpegEncoder(   83): makeExif X
I/SecCamera(   83): int android::SecCamera::endSnapshot() :
I/SecCamera(   83): munmap():virt. addr 0x44257000 size = 4261248
D/dalvikvm( 1124): GC_FOR_ALLOC freed 13K, 38% free 10241K/16263K, paused 16ms
I/dalvikvm-heap( 1124): Grow heap (frag case) to 11.736MB for 1742749-byte allocation
D/dalvikvm( 1124): GC_CONCURRENT freed 1K, 27% free 11942K/16263K, paused 2ms+2ms
I/CameraCloud( 1124): 1333728601328: inside HandlePictureStorage onPictureTaken()
I/CameraCloud( 1124): 1333728601329: takeNum=10 takeCamGood=10 takeGoodSave=5 takeBad=4 getNum=7 getGood=7 getBad=0
D/CameraHardwareSec(   83): mPreviewHeap(fd(35), size(518400), width(720), height(480))
I/CameraHardwareSec(   83): int android::CameraHardwareSec::previewThreadWrapper(): return from wait
I/CameraCloud( 1124): 1333728601686: Picture successfully taken, ORIG BYTE LENGTH = 1742733
D/dalvikvm( 1124): GC_EXPLICIT freed 2K, 27% free 11943K/16263K, paused 3ms+3ms
I/CameraCloud( 1124): 1333728601927: Our new height x width: 240 x 320
I/CameraCloud( 1124): 1333728601927: Show photo from handle my camera take
I/CameraCloud( 1124): 1333728601927: client making photo packet to send to leader
I/CameraCloud( 1124): 1333728601952: BYTE SIZE AFTER COMPRESSION: 4588
I/CameraCloud( 1124): 1333728601958: sending new pic ....
I/CameraCloud( 1124): 1333728601959: Server request to url: http://hermes5.csail.mit.edu:8213/101/4/0/
I/CameraCloud( 1124): 1333728602091: Cloud server request length: 16198
I/CameraCloud( 1124): 1333728602092: about to execute HTTP POST
I/CameraCloud( 1124): 1333728602092: in serverRequest() about to httpclient.execute()
D/dalvikvm(  153): GC_CONCURRENT freed 786K, 12% free 12527K/14087K, paused 4ms+6ms
D/AudioHardware(   83): AudioHardware pcm playback is going to standby.
D/AudioHardware(   83): closePcmOut_l() mPcmOpenCnt: 1
I/ActivityManager(  153): Start proc com.google.android.apps.maps:NetworkLocationService for service com.google.android.apps.maps/com.google.android.location.internal.server.NetworkLocationService: pid=1271 uid=10032 gids={3003, 1015}
I/dalvikvm( 1271): Turning on JNI app bug workarounds for target SDK version 13...
D/dalvikvm(   81): GC_EXPLICIT freed 38K, 4% free 9028K/9347K, paused 4ms+6ms
D/dalvikvm(   81): GC_EXPLICIT freed <1K, 4% free 9028K/9347K, paused 1ms+11ms
D/dalvikvm(   81): GC_EXPLICIT freed <1K, 4% free 9028K/9347K, paused 2ms+4ms
D/dalvikvm( 1271): GC_CONCURRENT freed 176K, 3% free 9357K/9607K, paused 2ms+2ms
I/ActivityManager(  153): Start proc com.google.android.apps.maps:FriendService for broadcast com.google.android.apps.maps/com.google.googlenav.friend.android.ServiceReceiver: pid=1284 uid=10032 gids={3003, 1015}
I/dalvikvm( 1284): Turning on JNI app bug workarounds for target SDK version 13...
D/dalvikvm( 1284): GC_CONCURRENT freed 153K, 3% free 9380K/9607K, paused 2ms+2ms
I/ActivityManager(  153): No longer want android.process.acore (pid 400): hidden #16
D/dalvikvm( 1284): GC_CONCURRENT freed 120K, 3% free 9718K/9927K, paused 1ms+2ms
D/dalvikvm( 1271): GC_CONCURRENT freed 186K, 3% free 9730K/9991K, paused 3ms+13ms
D/dalvikvm( 1271): GC_CONCURRENT freed 171K, 3% free 10125K/10375K, paused 2ms+3ms
I/System.out( 1271): [INFO:727]: c: Running flush
I/System.out( 1271): [INFO:766]: c: Sending payload [bytes=290]
D/dalvikvm( 1271): GC_CONCURRENT freed 760K, 8% free 9920K/10759K, paused 2ms+3ms
I/System.out( 1271): [INFO:5765]: c: Running delayed flush
I/System.out( 1271): [INFO:5775]: c: Running flush
I/CameraCloud( 1124): 1333728636662: CameraCloud Execute HTTP latency: 34570ms
I/CameraCloud( 1124): 1333728636663: finished executing HTTP POST, get data
I/CameraCloud( 1124): 1333728636663: make input stream reader for data
I/CameraCloud( 1124): 1333728636665: Cloud response length: 18
I/CameraCloud( 1124): 1333728636666: Returning cloud object
I/CameraCloud( 1124): 1333728636677: CameraCloud upload new photo latency = 34717
I/CameraCloud( 1124): 1333728636677: CameraCloud upload start 1333728601959 ~ stop 1333728636676
I/CameraCloud( 1124): 1333728636678: takeNum=10 takeCamGood=10 takeGoodSave=6 takeBad=4 getNum=7 getGood=7 getBad=0
I/CameraCloud( 1124): 1333728636679: SUCCESS! Client now knows saving photo on cloud server succeeded
I/CameraCloud( 1124): 1333728636680: RETURN STATUS: 12
I/CameraCloud( 1124): 1333728636680: Inside _enableButtons
I/CameraCloud( 1124): 1333728636681: areButtonsEnabled --> true
I/CameraCloud( 1124): 1333728636681: end of client send picture method
I/CameraCloud( 1124): 1333728636739: .......... GPS onLocationChanged ...... 
I/CameraCloud( 1124): 1333728636740: Loc = Location[mProvider=gps,mTime=1333815003000,mLatitude=42.36467235469235,mLongitude=-71.1022285887642,mHasAltitude=true,mAltitude=-21.0,mHasSpeed=true,mSpeed=0.3895114,mHasBearing=true,mBearing=111.5433,mHasAccuracy=true,mAccuracy=5.0,mExtras=Bundle[mParcelledData.dataSize=4]] Previous Region = (4,0)
I/CameraCloud( 1124): 1333728636740: GPS x/long:-71.1022285887642, GPS y/lat: 42.36467235469235. Region width in x: 51.96152422706632
I/CameraCloud( 1124): 1333728636741: location PINPOINTS to region = 4.0, previous 4
I/CameraCloud( 1124): 1333728636741: stay at region 4
I/CameraCloud( 1124): 1333728636741: .......... GPS onLocationChanged ...... 
I/CameraCloud( 1124): 1333728636742: Loc = Location[mProvider=gps,mTime=1333815027000,mLatitude=42.364688825474445,mLongitude=-71.1022894560431,mHasAltitude=true,mAltitude=-28.0,mHasSpeed=true,mSpeed=0.0,mHasBearing=true,mBearing=308.67038,mHasAccuracy=true,mAccuracy=10.0,mExtras=Bundle[mParcelledData.dataSize=4]] Previous Region = (4,0)
I/CameraCloud( 1124): 1333728636742: GPS x/long:-71.1022894560431, GPS y/lat: 42.364688825474445. Region width in x: 51.96152422706632
I/CameraCloud( 1124): 1333728636743: location PINPOINTS to region = 4.0, previous 4
I/CameraCloud( 1124): 1333728636743: stay at region 4
I/CameraCloud( 1124): 1333728636744: .......... GPS onLocationChanged ...... 
I/CameraCloud( 1124): 1333728636745: Loc = Location[mProvider=gps,mTime=1333815028000,mLatitude=42.36468185287204,mLongitude=-71.10231560211017,mHasAltitude=true,mAltitude=-25.0,mHasSpeed=true,mSpeed=0.0,mHasBearing=true,mBearing=308.67038,mHasAccuracy=true,mAccuracy=10.0,mExtras=Bundle[mParcelledData.dataSize=4]] Previous Region = (4,0)
I/CameraCloud( 1124): 1333728636745: GPS x/long:-71.10231560211017, GPS y/lat: 42.36468185287204. Region width in x: 51.96152422706632
I/CameraCloud( 1124): 1333728636746: location PINPOINTS to region = 4.0, previous 4
I/CameraCloud( 1124): 1333728636746: stay at region 4
W/InputManagerService(  153): Window already focused, ignoring focus gain of: com.android.internal.view.IInputMethodClient$Stub$Proxy@41713698
D/dalvikvm( 1271): GC_CONCURRENT freed 315K, 7% free 10037K/10759K, paused 2ms+2ms
I/System.out( 1271): [INFO:39543]: c: Response [http=200,length=95]
I/CameraCloud( 1124): 1333728647902: canPressButton = TRUE
I/CameraCloud( 1124): 1333728647905: areButtonsEnabled --> false 
I/CameraCloud( 1124): 1333728647905: Inside get photo disableButtons XXX
D/AudioHardware(   83): AudioHardware pcm playback is exiting standby.
D/AudioHardware(   83): openPcmOut_l() mPcmOpenCnt: 0
I/CameraCloud( 1124): 1333728647939: takeNum=10 takeCamGood=10 takeGoodSave=6 takeBad=4 getNum=8 getGood=7 getBad=0
I/CameraCloud( 1124): 1333728647939: ** Clicked getphotos Button from region 3 **
I/CameraCloud( 1124): 1333728647959: Trying to get photo from server, about to call serverRequest()
I/CameraCloud( 1124): 1333728647959: Server request to url: http://hermes5.csail.mit.edu:8213/102/3/0/
I/CameraCloud( 1124): 1333728647965: Cloud server request length: 12
I/CameraCloud( 1124): 1333728647965: about to execute HTTP POST
I/CameraCloud( 1124): 1333728647965: in serverRequest() about to httpclient.execute()
D/dalvikvm( 1124): GC_CONCURRENT freed 2520K, 37% free 10289K/16263K, paused 2ms+3ms
D/dalvikvm(  153): GC_CONCURRENT freed 743K, 12% free 12534K/14087K, paused 12ms+15ms
D/AudioHardware(   83): AudioHardware pcm playback is going to standby.
D/AudioHardware(   83): closePcmOut_l() mPcmOpenCnt: 1
I/CameraCloud( 1124): 1333728666045: CameraCloud Execute HTTP latency: 18079ms
I/CameraCloud( 1124): 1333728666045: finished executing HTTP POST, get data
I/CameraCloud( 1124): 1333728666045: make input stream reader for data
I/CameraCloud( 1124): 1333728666046: Cloud response length: 43655
I/CameraCloud( 1124): 1333728666046: Returning cloud object
I/CameraCloud( 1124): 1333728669562: CameraCloud download photo latency = 21603
I/CameraCloud( 1124): 1333728669562: CameraCloud download start 1333728647959 ~ stop 1333728669562
I/CameraCloud( 1124): 1333728669563: takeNum=10 takeCamGood=10 takeGoodSave=6 takeBad=4 getNum=8 getGood=8 getBad=0
I/CameraCloud( 1124): 1333728669563: Success! Client getting photo from cloud server, showing photo...
I/CameraCloud( 1124): 1333728669563: Remote photo's length: 4575
D/dalvikvm( 1124): GC_EXPLICIT freed 185K, 37% free 10283K/16263K, paused 12ms+4ms
I/CameraCloud( 1124): 1333728669623: Done with Get photos button for region 3
I/CameraCloud( 1124): 1333728669624: Inside _enableButtons
I/CameraCloud( 1124): 1333728669624: areButtonsEnabled --> true
I/CameraCloud( 1124): 1333728669690: .......... GPS onLocationChanged ...... 
