W/NetworkManagementSocketTagger(  452): untagSocket(68) failed with errno -22
D/ConnectivityService(  154): handleInetConditionHoldEnd: net=0, condition=0, published condition=100
I/GTalkService/c(  452): [AndroidEndpoint@1094134232] connect: acct=1000000, state=CONNECTING
D/ConnectivityService(  154): handleInetConditionHoldEnd: net=0, condition=100, published condition=0
W/Smack/Packet(  452): notify conn break (IOEx), close connection
D/ConnectivityService(  154): handleInetConditionHoldEnd: net=0, condition=0, published condition=100
I/GTalkService/c(  452): [AndroidEndpoint@1094134232] connect: acct=1000000, state=CONNECTING
D/dalvikvm(  452): GC_CONCURRENT freed 447K, 6% free 10053K/10631K, paused 7ms+3ms
D/ConnectivityService(  154): handleInetConditionHoldEnd: net=0, condition=100, published condition=0
W/Smack/Packet(  452): notify conn break (IOEx), close connection
D/ConnectivityService(  154): handleInetConditionHoldEnd: net=0, condition=0, published condition=100
I/GTalkService/c(  452): [AndroidEndpoint@1094134232] connect: acct=1000000, state=CONNECTING
D/ConnectivityService(  154): handleInetConditionHoldEnd: net=0, condition=100, published condition=0
W/Smack/Packet(  452): notify conn break (IOEx), close connection
D/ConnectivityService(  154): handleInetConditionHoldEnd: net=0, condition=0, published condition=100
I/GTalkService/c(  452): [AndroidEndpoint@1094134232] connect: acct=1000000, state=CONNECTING
D/dalvikvm(  452): GC_CONCURRENT freed 462K, 6% free 10035K/10631K, paused 11ms+2ms
D/ConnectivityService(  154): handleInetConditionHoldEnd: net=0, condition=100, published condition=0
W/Smack/Packet(  452): notify conn break (IOEx), close connection
D/ConnectivityService(  154): handleInetConditionHoldEnd: net=0, condition=0, published condition=100
I/GTalkService/c(  452): [AndroidEndpoint@1094134232] connect: acct=1000000, state=CONNECTING
D/ConnectivityService(  154): handleInetConditionHoldEnd: net=0, condition=100, published condition=0
W/Smack/Packet(  452): notify conn break (IOEx), close connection
D/ConnectivityService(  154): handleInetConditionHoldEnd: net=0, condition=0, published condition=100
I/GTalkService/c(  452): [AndroidEndpoint@1094134232] connect: acct=1000000, state=CONNECTING
D/dalvikvm(  307): GC_CONCURRENT freed 421K, 6% free 9501K/10055K, paused 9ms+9ms
E/GTalkService(  452): connectionClosed: no XMPPConnection - That's strange!
D/dalvikvm(  452): GC_CONCURRENT freed 399K, 6% free 10022K/10631K, paused 8ms+3ms
D/ConnectivityService(  154): handleInetConditionHoldEnd: net=0, condition=0, published condition=0
I/GTalkService/c(  452): [AndroidEndpoint@1094134232] connect: acct=1000000, state=CONNECTING
D/ConnectivityService(  154): handleInetConditionHoldEnd: net=0, condition=100, published condition=0
W/Smack/Packet(  452): notify conn break (IOEx), close connection
D/ConnectivityService(  154): handleInetConditionHoldEnd: net=0, condition=0, published condition=100
I/GTalkService/c(  452): [AndroidEndpoint@1094134232] connect: acct=1000000, state=CONNECTING
D/dalvikvm(  452): GC_CONCURRENT freed 408K, 6% free 10034K/10631K, paused 2ms+2ms
D/ConnectivityService(  154): handleInetConditionHoldEnd: net=0, condition=100, published condition=0
W/Smack/Packet(  452): notify conn break (IOEx), close connection
D/ConnectivityService(  154): handleInetConditionHoldEnd: net=0, condition=0, published condition=100
I/GTalkService/c(  452): [AndroidEndpoint@1094134232] connect: acct=1000000, state=CONNECTING
D/dalvikvm(  154): GC_EXPLICIT freed 831K, 8% free 12935K/13959K, paused 10ms+6ms
D/ConnectivityService(  154): handleInetConditionHoldEnd: net=0, condition=100, published condition=0
W/Smack/Packet(  452): notify conn break (IOEx), close connection
D/ConnectivityService(  154): handleInetConditionHoldEnd: net=0, condition=0, published condition=100
D/dalvikvm(  218): GC_CONCURRENT freed 385K, 6% free 10291K/10887K, paused 12ms+3ms
I/GTalkService/c(  452): [AndroidEndpoint@1094134232] connect: acct=1000000, state=CONNECTING
D/dalvikvm(  452): GC_CONCURRENT freed 388K, 6% free 10049K/10631K, paused 2ms+3ms
D/ConnectivityService(  154): handleInetConditionHoldEnd: net=0, condition=100, published condition=0
W/Smack/Packet(  452): notify conn break (IOEx), close connection
D/ConnectivityService(  154): handleInetConditionHoldEnd: net=0, condition=0, published condition=100
I/GTalkService/c(  452): [AndroidEndpoint@1094134232] connect: acct=1000000, state=CONNECTING
D/ConnectivityService(  154): handleInetConditionHoldEnd: net=0, condition=100, published condition=0
W/Smack/Packet(  452): notify conn break (IOEx), close connection
D/ConnectivityService(  154): handleInetConditionHoldEnd: net=0, condition=0, published condition=100
I/GTalkService/c(  452): [AndroidEndpoint@1094134232] connect: acct=1000000, state=CONNECTING
D/dalvikvm(  452): GC_CONCURRENT freed 468K, 6% free 10049K/10631K, paused 2ms+6ms
W/Smack/Packet(  452): notify conn break (IOEx), close connection
D/ConnectivityService(  154): handleInetConditionHoldEnd: net=0, condition=0, published condition=0
I/GTalkService/c(  452): [AndroidEndpoint@1094134232] connect: acct=1000000, state=CONNECTING
D/ConnectivityService(  154): handleInetConditionHoldEnd: net=0, condition=100, published condition=0
W/Smack/Packet(  452): notify conn break (IOEx), close connection
D/ConnectivityService(  154): handleInetConditionHoldEnd: net=0, condition=0, published condition=100
I/GTalkService/c(  452): [AndroidEndpoint@1094134232] connect: acct=1000000, state=CONNECTING
D/dalvikvm(  452): GC_CONCURRENT freed 455K, 6% free 10049K/10631K, paused 3ms+3ms
D/ConnectivityService(  154): handleInetConditionHoldEnd: net=0, condition=100, published condition=0
W/Smack/Packet(  452): notify conn break (IOEx), close connection
D/ConnectivityService(  154): handleInetConditionHoldEnd: net=0, condition=0, published condition=100
D/PicasaSyncManager(  974): battery info: false
I/StorageNotification(  218): UMS connection changed to false (media state mounted)
D/dalvikvm(  218): GC_FOR_ALLOC freed 358K, 8% free 10095K/10887K, paused 17ms
D/dalvikvm(  218): GC_FOR_ALLOC freed 190K, 8% free 10085K/10887K, paused 18ms
D/dalvikvm(  218): GC_FOR_ALLOC freed 180K, 8% free 10085K/10887K, paused 16ms
D/dalvikvm(  218): GC_FOR_ALLOC freed 180K, 8% free 10064K/10887K, paused 14ms
D/dalvikvm(  218): GC_FOR_ALLOC freed 159K, 8% free 10064K/10887K, paused 15ms
D/dalvikvm(  218): GC_FOR_ALLOC freed 159K, 8% free 10021K/10887K, paused 15ms
D/dalvikvm(  218): GC_FOR_ALLOC freed 302K, 9% free 9974K/10887K, paused 18ms
I/EventLogService(  452): Aggregate from 1333750412414 (log), 1333750412414 (data)
I/ServiceDumpSys(  452): dumping service [account]
I/AudioService(  154):  AudioFocus  abandonAudioFocus() from android.media.AudioManager@4130c758
D/PhoneStatusBar(  218): disable: < expand icons alerts ticker system_info back* home* RECENT clock* >
D/PhoneStatusBar(  218): disable: < expand icons alerts ticker system_info BACK* HOME* RECENT CLOCK* >
D/dalvikvm(  154): GC_FOR_ALLOC freed 750K, 7% free 13056K/14023K, paused 63ms
D/PicasaSyncManager(  974): battery info: true
W/PowerUI (  218): unknown intent: Intent { act=android.intent.action.ACTION_POWER_CONNECTED flg=0x10000010 }
I/StorageNotification(  218): UMS connection changed to true (media state mounted)
D/dalvikvm(  218): GC_CONCURRENT freed 457K, 9% free 9975K/10887K, paused 2ms+3ms
D/dalvikvm(  218): GC_FOR_ALLOC freed 24K, 9% free 9950K/10887K, paused 14ms
I/dalvikvm-heap(  218): Grow heap (frag case) to 9.957MB for 180496-byte allocation
D/dalvikvm(  218): GC_FOR_ALLOC freed <1K, 9% free 10126K/11079K, paused 15ms
I/StorageNotification(  218): UMS connection changed to true (media state mounted)
D/dalvikvm(  218): GC_FOR_ALLOC freed 16K, 9% free 10175K/11079K, paused 15ms
I/dalvikvm-heap(  218): Grow heap (frag case) to 10.180MB for 184336-byte allocation
D/dalvikvm(  218): GC_FOR_ALLOC freed 9K, 9% free 10346K/11271K, paused 15ms
D/dalvikvm(  218): GC_FOR_ALLOC freed 718K, 12% free 9992K/11271K, paused 21ms
D/dalvikvm(  218): GC_CONCURRENT freed 194K, 10% free 10239K/11271K, paused 2ms+2ms
D/PhoneStatusBar(  218): disable: < expand icons alerts ticker system_info BACK HOME recent* CLOCK >
D/AudioHardware(   81): AudioHardware pcm playback is exiting standby.
D/AudioHardware(   81): openPcmOut_l() mPcmOpenCnt: 0
I/ActivityManager(  154): Displayed com.android.launcher/com.android.launcher2.Launcher: +1h30m36s113ms
D/PhoneStatusBar(  218): disable: < expand icons alerts ticker system_info back* home* recent clock* >
D/NfcService(  324): NFC-C ON
D/AudioHardware(   81): AudioHardware pcm playback is going to standby.
D/AudioHardware(   81): closePcmOut_l() mPcmOpenCnt: 1
I/ActivityManager(  154): START {act=android.intent.action.MAIN cat=[android.intent.category.HOME] flg=0x10200000 cmp=com.android.launcher/com.android.launcher2.Launcher} from pid 154
D/PhoneStatusBar(  218): disable: < EXPAND* icons alerts ticker system_info back home recent clock >
D/AudioHardware(   81): AudioHardware pcm playback is exiting standby.
D/AudioHardware(   81): openPcmOut_l() mPcmOpenCnt: 0
D/BluetoothAdapterStateMachine(  154): HotOff process message: 55
I/NfcService(  324): Disabling NFC
W/InputManagerService(  154): Window already focused, ignoring focus gain of: com.android.internal.view.IInputMethodClient$Stub$Proxy@4156b4a8
D/BluetoothEventLoop(  154): Property Changed: UUIDs : 9
E/BluetoothService.cpp(  154): setBluetoothTetheringNative false
D/BluetoothEventLoop(  154): Property Changed: UUIDs : 8
D/BluetoothEventLoop(  154): Property Changed: UUIDs : 7
D/PhoneStatusBar(  218): disable: < expand* icons alerts ticker system_info back home recent clock >
D/BluetoothEventLoop(  154): Property Changed: UUIDs : 6
D/BluetoothEventLoop(  154): Property Changed: UUIDs : 5
D/NdefPushServer(  324): stop, thread = Thread[Thread-36,5,main]
D/NdefPushServer(  324): shuting down server thread
I/bluedroid(  154): Stopping bluetoothd deamon
D/dalvikvm(  307): GC_CONCURRENT freed 428K, 6% free 9504K/10055K, paused 4ms+4ms
D/NFC JNI (  324): Terminating client thread...
D/NFC JNI (  324): phLibNfc_Mgt_UnConfigureDriver() returned 0x0000[NFCSTATUS_SUCCESS]
I/bluedroid(  154): Stopping hciattach deamon
D/BluetoothAdapterStateMachine(  154): Bluetooth state 10 -> 10
D/AudioHardware(   81): AudioHardware pcm playback is going to standby.
D/AudioHardware(   81): closePcmOut_l() mPcmOpenCnt: 1
D/PicasaSyncManager(  974): battery info: false
I/GTalkService/c(  452): [AndroidEndpoint@1094134232] connect: acct=1000000, state=CONNECTING
D/dalvikvm(  218): GC_FOR_ALLOC freed 440K, 11% free 10103K/11271K, paused 22ms
I/StorageNotification(  218): UMS connection changed to false (media state mounted)
D/dalvikvm(  218): GC_FOR_ALLOC freed 357K, 11% free 10092K/11271K, paused 15ms
D/dalvikvm(  218): GC_FOR_ALLOC freed 364K, 11% free 10089K/11271K, paused 17ms
D/dalvikvm(  218): GC_FOR_ALLOC freed 360K, 11% free 10082K/11271K, paused 15ms
D/dalvikvm(  218): GC_CONCURRENT freed 499K, 11% free 10063K/11271K, paused 1ms+2ms
D/dalvikvm(  218): GC_CONCURRENT freed 578K, 12% free 9973K/11271K, paused 3ms+2ms
D/ConnectivityService(  154): ConnectivityChange for mobile: DISCONNECTED/DISCONNECTED
D/NetUtils(  154): android_net_utils_resetConnections in env=0xa08c30 clazz=0xd4f00001 iface=rmnet0 mask=0x3
D/ConnectivityService(  154): Attempting to switch to wifi
D/ConnectivityService(  154): Attempting to switch to BLUETOOTH_TETHER
D/ConnectivityService(  154): resetConnections(rmnet0, 3)
D/PhoneStatusBar(  218): disable: < EXPAND* icons alerts ticker system_info back home recent clock >
D/dalvikvm(  154): GC_CONCURRENT freed 755K, 7% free 13216K/14087K, paused 3ms+7ms
D/NetworkLocator(  452): null cell state delivered
D/NetworkLocator(  452): null cell state delivered
D/Tethering(  154): MasterInitialState.processMessage what=3
I/MediaUploader(  959): No need to wake up
D/PicasaSyncManager(  974): active network: null
D/PicasaSyncManager(  974): background data: true
E/GTalkService(  452): connectionClosed: no XMPPConnection - That's strange!
D/ConnectivityService(  154): handleInetConditionChange: no active default network - ignore
D/AudioHardware(   81): AudioHardware pcm playback is exiting standby.
D/AudioHardware(   81): openPcmOut_l() mPcmOpenCnt: 0
D/BluetoothAdapterStateMachine(  154): PowerOff process message: 56
D/BluetoothAdapterStateMachine(  154): PowerOff process message: 5
W/InputManagerService(  154): Window already focused, ignoring focus gain of: com.android.internal.view.IInputMethodClient$Stub$Proxy@4154cfa0
D/PhoneStatusBar(  218): disable: < expand* icons alerts ticker system_info back home recent clock >
I/NfcService(  324): Enabling NFC
D/NFC JNI (  324): Start Initialization
D/CAT     (  307): CatService: SIM ready. Reporting STK service running now...
D/androidNetworkLocationListeners(  452): Still have listener com.google.android.location.internal.client.NetworkLocationClient$1@41353a98
I/bluedroid(  154): Starting hciattach daemon
I/bluedroid(  154): bt_enable: ret: -1, errno: 19
D/androidNetworkLocationListeners(  452): Still have listener com.google.android.location.internal.client.NetworkLocationClient$1@41353a98
D/NFC JNI (  324): NFC capabilities: HAL = 8150100, FW = a76d0c, HW = 620003, Model = 0, HCI = 1, Full_FW = 109, Rev = 12, FW Update Info = 0
I/bluedroid(  154): bt_enable: ret: -1, errno: 19
D/WifiLocator(  452): Too many no-location APs. Will not compute a location nor go to the server. hasLocation=0 noLocation=0 cacheMiss=0
D/CellLocator(  452): Primary cell miss in cache. Need server request.
I/System.out(  452): [INFO:5475686]: LogSource: Running flush
I/System.out(  452): [INFO:5475690]: LogSource: Sending payload [bytes=333]
I/System.out(  452): [SEVERE:5475697]: LogSource: AsyncHttpRequestImpl.run(): exception thrown : Unable to resolve host "www.google.com": No address associated with hostname: java.net.UnknownHostException
E/GlsClient-query(  452): requestFailed
I/bluedroid(  154): bt_enable: ret: -1, errno: 19
D/WifiLocator(  452): Too many no-location APs. Will not compute a location nor go to the server. hasLocation=0 noLocation=0 cacheMiss=0
D/CellLocator(  452): Primary cell miss in cache. Need server request.
D/NFC JNI (  324): phLibNfc_SE_GetSecureElementList()
D/NFC JNI (  324): 
D/NFC JNI (  324): > Number of Secure Element(s) : 1
D/NFC JNI (  324): phLibNfc_SE_GetSecureElementList(): SMX detected, handle=0xabcdef
D/NFC JNI (  324): phLibNfc_SE_SetMode() returned 0x000d[NFCSTATUS_PENDING]
I/NFC JNI (  324): NFC Initialized
D/NdefPushServer(  324): start, thread = null
D/NdefPushServer(  324): starting new server thread
D/NfcService(  324): NFC-EE OFF
D/NdefPushServer(  324): about create LLCP service socket
D/NdefPushServer(  324): created LLCP service socket
D/NdefPushServer(  324): about to accept
D/NfcService(  324): NFC-C ON
D/MccTable(  307): updateMccMncConfiguration: mcc=310, mnc=260
D/MccTable(  307): locale set to en_us
D/MccTable(  307): WIFI_COUNTRY_CODE set to us
I/WifiService(  154): WifiService trying to set country code to us with persist set to true
D/androidNetworkLocationListeners(  452): Still have listener com.google.android.location.internal.client.NetworkLocationClient$1@41353a98
I/bluedroid(  154): bt_enable: ret: -1, errno: 19
D/WifiLocator(  452): Too many no-location APs. Will not compute a location nor go to the server. hasLocation=0 noLocation=0 cacheMiss=0
D/CellLocator(  452): Primary cell miss in cache. Need server request.
I/bluedroid(  154): bt_enable: ret: -1, errno: 19
I/bluedroid(  154): bt_enable: ret: -1, errno: 19
I/System.out(  452): [INFO:5476027]: LogSource: Running flush
I/System.out(  452): [INFO:5476030]: LogSource: Sending payload [bytes=333]
I/System.out(  452): [SEVERE:5476031]: LogSource: AsyncHttpRequestImpl.run(): exception thrown : Unable to resolve host "www.google.com": No address associated with hostname: java.net.UnknownHostException
E/GlsClient-query(  452): requestFailed
D/WifiLocator(  452): Too many no-location APs. Will not compute a location nor go to the server. hasLocation=0 noLocation=0 cacheMiss=0
D/CellLocator(  452): Primary cell miss in cache. Need server request.
I/bluedroid(  154): bt_enable: ret: -1, errno: 19
D/dalvikvm(  307): GC_CONCURRENT freed 452K, 6% free 9527K/10055K, paused 2ms+2ms
I/bluedroid(  154): bt_enable: ret: -1, errno: 19
I/bluedroid(  154): bt_enable: ret: -1, errno: 19
I/bluedroid(  154): bt_enable: ret: -1, errno: 19
I/bluedroid(  154): bt_enable: ret: -1, errno: 19
I/bluedroid(  154): bt_enable: ret: -1, errno: 19
I/bluedroid(  154): bt_enable: ret: -1, errno: 19
I/bluedroid(  154): bt_enable: ret: -1, errno: 19
I/bluedroid(  154): bt_enable: ret: -1, errno: 19
I/bluedroid(  154): bt_enable: ret: -1, errno: 19
I/bluedroid(  154): bt_enable: ret: -1, errno: 19
I/bluedroid(  154): bt_enable: ret: -1, errno: 19
E/brcm_patchram_plus( 1311): Done setting line discpline
I/bluedroid(  154): bt_enable: ret: -1, errno: 114
W/bluedroid(  154): Bluetoothd already started, unexpectedly!
I/bluedroid(  154): Starting bluetoothd deamon
E/BluetoothEventLoop.cpp(  154): get_adapter_path: D-Bus error: org.freedesktop.DBus.Error.ServiceUnknown (The name org.bluez was not provided by any .service files)
E/BluetoothEventLoop.cpp(  154): get_adapter_path: D-Bus error: org.freedesktop.DBus.Error.ServiceUnknown (The name org.bluez was not provided by any .service files)
E/BluetoothEventLoop.cpp(  154): get_adapter_path: D-Bus error: org.freedesktop.DBus.Error.ServiceUnknown (The name org.bluez was not provided by any .service files)
E/BluetoothEventLoop.cpp(  154): get_adapter_path: D-Bus error: org.freedesktop.DBus.Error.ServiceUnknown (The name org.bluez was not provided by any .service files)
E/BluetoothEventLoop.cpp(  154): get_adapter_path: D-Bus error: org.freedesktop.DBus.Error.ServiceUnknown (The name org.bluez was not provided by any .service files)
E/BluetoothEventLoop.cpp(  154): get_adapter_path: D-Bus error: org.freedesktop.DBus.Error.ServiceUnknown (The name org.bluez was not provided by any .service files)
I/power   (  154): *** set_screen_state 0
D/SurfaceFlinger(   78): About to give-up screen, flinger = 0x2bf918
E/BluetoothEventLoop.cpp(  154): get_adapter_path: D-Bus error: org.freedesktop.DBus.Error.ServiceUnknown (The name org.bluez was not provided by any .service files)
D/PermissionCache(   78): checking android.permission.READ_FRAME_BUFFER for uid=1000 => granted (3392 us)
E/BluetoothEventLoop.cpp(  154): get_adapter_path: D-Bus error: org.freedesktop.DBus.Error.ServiceUnknown (The name org.bluez was not provided by any .service files)
E/BluetoothEventLoop.cpp(  154): get_adapter_path: D-Bus error: org.bluez.Error.NoSuchAdapter (No such adapter)
E/BluetoothEventLoop.cpp(  154): failure setting up Event Loop!
D/dalvikvm(  154): GC_FOR_ALLOC freed 1329K, 12% free 12679K/14343K, paused 81ms
V/TransportControlView(  154): Create TCV com.android.internal.widget.TransportControlView@41539318
D/NfcService(  324): NFC-C OFF, disconnect
D/PhoneStatusBar(  218): disable: < expand icons alerts ticker system_info back home RECENT* clock >
D/PhoneStatusBar(  218): disable: < expand icons alerts ticker system_info BACK* HOME* RECENT CLOCK* >
I/power   (  154): *** set_screen_state 1
I/WindowManager(  154): Lock screen displayed!
I/BluetoothEventLoop.cpp(  154): agent_event_filter: Received method org.bluez.Agent:Release
D/SurfaceFlinger(   78): Screen about to return, flinger = 0x2bf918
E/BluetoothService.cpp(  154): setBluetoothTetheringNative true
D/BluetoothEventLoop(  154): Property Changed: Pairable : false
D/BluetoothEventLoop(  154): Property Changed: Powered : false
D/BluetoothEventLoop(  154): Property Changed: UUIDs : 6
D/BluetoothAdapterStateMachine(  154): WarmUp process message: 54
D/BluetoothEventLoop(  154): Property Changed: UUIDs : 7
D/BluetoothEventLoop(  154): Property Changed: UUIDs : 8
D/BluetoothEventLoop(  154): Property Changed: UUIDs : 9
D/BluetoothEventLoop(  154): Property Changed: UUIDs : 10
D/BluetoothAdapterStateMachine(  154): WarmUp process message: 51
D/dalvikvm(  154): GC_CONCURRENT freed 345K, 9% free 13133K/14343K, paused 3ms+6ms
D/PhoneStatusBar(  218): disable: < expand icons alerts ticker system_info BACK HOME recent* CLOCK >
D/NfcService(  324): NFC-C ON
W/InputManagerService(  154): Window already focused, ignoring focus gain of: com.android.internal.view.IInputMethodClient$Stub$Proxy@4171f2b0
D/PhoneStatusBar(  218): disable: < expand icons alerts ticker system_info back* home* recent clock* >
D/PhoneStatusBar(  218): disable: < EXPAND* icons alerts ticker system_info back home recent clock >
D/AudioHardware(   81): AudioHardware pcm playback is going to standby.
D/AudioHardware(   81): closePcmOut_l() mPcmOpenCnt: 1
D/AudioHardware(   81): AudioHardware pcm playback is exiting standby.
D/AudioHardware(   81): openPcmOut_l() mPcmOpenCnt: 0
D/BluetoothAdapterStateMachine(  154): HotOff process message: 55
E/BluetoothService.cpp(  154): setBluetoothTetheringNative false
D/BluetoothEventLoop(  154): Property Changed: UUIDs : 9
D/BluetoothEventLoop(  154): Property Changed: UUIDs : 8
D/BluetoothEventLoop(  154): Property Changed: UUIDs : 7
D/BluetoothEventLoop(  154): Property Changed: UUIDs : 6
D/BluetoothEventLoop(  154): Property Changed: UUIDs : 5
I/NfcService(  324): Disabling NFC
D/PhoneStatusBar(  218): disable: < expand* icons alerts ticker system_info back home recent clock >
I/bluedroid(  154): Stopping bluetoothd deamon
W/InputManagerService(  154): Window already focused, ignoring focus gain of: com.android.internal.view.IInputMethodClient$Stub$Proxy@41576a88
D/NdefPushServer(  324): stop, thread = Thread[Thread-45,5,main]
D/NdefPushServer(  324): shuting down server thread
D/NFC JNI (  324): Terminating client thread...
D/NFC JNI (  324): phLibNfc_Mgt_UnConfigureDriver() returned 0x0000[NFCSTATUS_SUCCESS]
I/bluedroid(  154): Stopping hciattach deamon
D/BluetoothAdapterStateMachine(  154): Bluetooth state 10 -> 10
I/AudioService(  154):  AudioFocus  requestAudioFocus() from android.media.AudioManager@4130c758
I/AudioService(  154):  AudioFocus  abandonAudioFocus() from android.media.AudioManager@4130c758
D/AudioHardware(   81): AudioHardware pcm playback is going to standby.
D/AudioHardware(   81): closePcmOut_l() mPcmOpenCnt: 1
D/ConnectivityService(  154): ConnectivityChange for mobile: CONNECTED/CONNECTED
D/NetworkPolicy(  154): applying policy NetworkPolicy[NetworkTemplate: matchRule=MOBILE_ALL, subscriberId=valid]: cycleDay=15, warningBytes=2147483648, limitBytes=-1, lastSnooze=-1 to ifaces [rmnet0]
I/AudioService(  154):  AudioFocus  abandonAudioFocus() from android.media.AudioManager@4130c758
I/dalvikvm(  154): Jit: resizing JitTable from 8192 to 16384
D/ConnectivityService(  154): ConnectivityChange for mobile: DISCONNECTED/DISCONNECTED
D/ConnectivityService(  154): Attempting to switch to wifi
D/ConnectivityService(  154): Attempting to switch to BLUETOOTH_TETHER
D/NetUtils(  154): android_net_utils_resetConnections in env=0xa08c30 clazz=0xec900001 iface=rmnet0 mask=0x3
D/ConnectivityService(  154): resetConnections(rmnet0, 3)
D/Tethering(  154): MasterInitialState.processMessage what=3
I/MediaUploader(  959): No need to wake up
D/PicasaSyncManager(  974): active network: null
D/PicasaSyncManager(  974): background data: true
D/dalvikvm(  452): GC_CONCURRENT freed 511K, 7% free 9990K/10695K, paused 2ms+7ms
W/InputManagerService(  154): Window already focused, ignoring focus gain of: com.android.internal.view.IInputMethodClient$Stub$Proxy@41561d68
D/Tethering(  154): MasterInitialState.processMessage what=3
I/MediaUploader(  959): No need to wake up
D/PicasaSyncManager(  974): active network: null
D/PicasaSyncManager(  974): background data: true
D/AlarmManagerService(  154): Kernel timezone updated to 240 minutes west of GMT
D/dalvikvm(  154): GC_EXPLICIT freed 845K, 8% free 13203K/14343K, paused 3ms+9ms
V/AlarmClock(  553): AlarmInitReceiver finished
D/SystemClock(  307): Setting time of day to sec=1333752300
D/PhoneStatusBar(  218): disable: < EXPAND* icons alerts ticker system_info back home recent clock >
W/InputManagerService(  154): Window already focused, ignoring focus gain of: com.android.internal.view.IInputMethodClient$Stub$Proxy@416b52b0
D/PhoneStatusBar(  218): disable: < expand* icons alerts ticker system_info back home recent clock >
D/dalvikvm(  307): GC_CONCURRENT freed 450K, 6% free 9509K/10055K, paused 2ms+3ms
D/NetworkLocator(  452): null cell state delivered
D/NetworkLocator(  452): null cell state delivered
I/power   (  154): *** set_screen_state 0
D/SurfaceFlinger(   78): About to give-up screen, flinger = 0x2bf918
D/dalvikvm(  154): GC_FOR_ALLOC freed 1112K, 13% free 12594K/14343K, paused 42ms
V/TransportControlView(  154): Create TCV com.android.internal.widget.TransportControlView@41539318
D/PhoneStatusBar(  218): disable: < expand icons alerts ticker system_info back home RECENT* clock >
D/AudioHardware(   81): AudioHardware pcm playback is exiting standby.
D/AudioHardware(   81): openPcmOut_l() mPcmOpenCnt: 0
D/PhoneStatusBar(  218): disable: < expand icons alerts ticker system_info BACK* HOME* RECENT CLOCK* >
D/dalvikvm(  154): GC_CONCURRENT freed 109K, 8% free 13264K/14343K, paused 3ms+9ms
D/AudioHardware(   81): AudioHardware pcm playback is going to standby.
D/AudioHardware(   81): closePcmOut_l() mPcmOpenCnt: 1
I/EventLogService(  452): Aggregate from 1333752212506 (log), 1333752212506 (data)
I/ServiceDumpSys(  452): dumping service [account]
I/EventLogService(  452): Aggregate from 1333754012612 (log), 1333754012612 (data)
I/ServiceDumpSys(  452): dumping service [account]
D/dalvikvm(  218): GC_CONCURRENT freed 491K, 13% free 9873K/11271K, paused 1ms+7ms
D/dalvikvm(  154): GC_CONCURRENT freed 910K, 8% free 13308K/14407K, paused 3ms+4ms
I/EventLogService(  452): Aggregate from 1333755812781 (log), 1333755812781 (data)
I/ServiceDumpSys(  452): dumping service [account]
D/dalvikvm(  452): GC_FOR_ALLOC freed 280K, 7% free 9963K/10695K, paused 21ms
I/EventLogService(  452): Aggregate from 1333757612907 (log), 1333757612907 (data)
I/ServiceDumpSys(  452): dumping service [account]
I/EventLogService(  452): Aggregate from 1333759413135 (log), 1333759413135 (data)
I/ServiceDumpSys(  452): dumping service [account]
D/dalvikvm(  154): GC_CONCURRENT freed 1017K, 9% free 13309K/14471K, paused 2ms+5ms
I/EventLogService(  452): Aggregate from 1333761213256 (log), 1333761213256 (data)
I/ServiceDumpSys(  452): dumping service [account]
D/dalvikvm(  337): GC_CONCURRENT freed 952K, 9% free 12042K/13127K, paused 2ms+2ms
I/EventLogService(  452): Aggregate from 1333763013583 (log), 1333763013583 (data)
D/dalvikvm(  452): GC_FOR_ALLOC freed 241K, 7% free 9958K/10695K, paused 21ms
I/ServiceDumpSys(  452): dumping service [account]
I/EventLogService(  452): Aggregate from 1333764813820 (log), 1333764813820 (data)
I/ServiceDumpSys(  452): dumping service [account]
D/dalvikvm(  154): GC_CONCURRENT freed 985K, 9% free 13313K/14471K, paused 2ms+10ms
I/EventLogService(  452): Aggregate from 1333766614144 (log), 1333766614144 (data)
I/ServiceDumpSys(  452): dumping service [account]
I/EventLogService(  452): Aggregate from 1333768414244 (log), 1333768414244 (data)
I/ServiceDumpSys(  452): dumping service [account]
D/dalvikvm(  452): GC_FOR_ALLOC freed 232K, 7% free 9959K/10695K, paused 25ms
I/EventLogService(  452): Aggregate from 1333770214479 (log), 1333770214479 (data)
I/ServiceDumpSys(  452): dumping service [account]
D/dalvikvm(  154): GC_CONCURRENT freed 1028K, 9% free 13313K/14471K, paused 2ms+5ms
I/EventLogService(  452): Aggregate from 1333772014614 (log), 1333772014614 (data)
I/ServiceDumpSys(  452): dumping service [account]
D/dalvikvm(  218): GC_CONCURRENT freed 351K, 13% free 9907K/11271K, paused 1ms+3ms
D/dalvikvm(  452): GC_EXPLICIT freed 172K, 7% free 9954K/10695K, paused 2ms+3ms
I/EventLogService(  452): Aggregate from 1333773814832 (log), 1333773814832 (data)
I/ServiceDumpSys(  452): dumping service [account]
I/EventLogService(  452): Aggregate from 1333775614959 (log), 1333775614959 (data)
I/ServiceDumpSys(  452): dumping service [account]
D/dalvikvm(  154): GC_CONCURRENT freed 1015K, 9% free 13311K/14471K, paused 2ms+5ms
I/EventLogService(  452): Aggregate from 1333777415074 (log), 1333777415074 (data)
I/ServiceDumpSys(  452): dumping service [account]
I/EventLogService(  452): Aggregate from 1333779215225 (log), 1333779215225 (data)
I/ServiceDumpSys(  452): dumping service [account]
D/dalvikvm(  452): GC_FOR_ALLOC freed 238K, 7% free 9960K/10695K, paused 36ms
I/EventLogService(  452): Aggregate from 1333781015496 (log), 1333781015496 (data)
I/ServiceDumpSys(  452): dumping service [account]
D/dalvikvm(  154): GC_CONCURRENT freed 1005K, 8% free 13324K/14471K, paused 2ms+7ms
D/dalvikvm(  218): GC_CONCURRENT freed 339K, 12% free 9963K/11271K, paused 5ms+4ms
I/EventLogService(  452): Aggregate from 1333782815578 (log), 1333782815578 (data)
I/ServiceDumpSys(  452): dumping service [account]
I/EventLogService(  452): Aggregate from 1333784615805 (log), 1333784615805 (data)
I/ServiceDumpSys(  452): dumping service [account]
I/EventLogService(  452): Aggregate from 1333786415927 (log), 1333786415927 (data)
D/dalvikvm(  452): GC_FOR_ALLOC freed 247K, 7% free 9958K/10695K, paused 21ms
I/ServiceDumpSys(  452): dumping service [account]
D/dalvikvm(  154): GC_CONCURRENT freed 1070K, 9% free 13320K/14535K, paused 3ms+5ms
I/EventLogService(  452): Aggregate from 1333788216134 (log), 1333788216134 (data)
I/ServiceDumpSys(  452): dumping service [account]
I/EventLogService(  452): Aggregate from 1333790016460 (log), 1333790016460 (data)
I/ServiceDumpSys(  452): dumping service [account]
I/EventLogService(  452): Aggregate from 1333791816572 (log), 1333791816572 (data)
I/ServiceDumpSys(  452): dumping service [account]
D/dalvikvm(  452): GC_FOR_ALLOC freed 240K, 7% free 9960K/10695K, paused 25ms
D/dalvikvm(  218): GC_CONCURRENT freed 387K, 12% free 9969K/11271K, paused 3ms+6ms
D/dalvikvm(  154): GC_CONCURRENT freed 1004K, 9% free 13318K/14535K, paused 6ms+5ms
I/EventLogService(  452): Aggregate from 1333793616804 (log), 1333793616804 (data)
I/ServiceDumpSys(  452): dumping service [account]
I/EventLogService(  452): Aggregate from 1333795416925 (log), 1333795416925 (data)
I/ServiceDumpSys(  452): dumping service [account]
I/EventLogService(  452): Aggregate from 1333797217145 (log), 1333797217145 (data)
I/ServiceDumpSys(  452): dumping service [account]
D/dalvikvm(  154): GC_CONCURRENT freed 1017K, 9% free 13321K/14535K, paused 3ms+8ms
I/EventLogService(  452): Aggregate from 1333799017243 (log), 1333799017243 (data)
D/dalvikvm(  452): GC_FOR_ALLOC freed 252K, 7% free 9958K/10695K, paused 21ms
I/ServiceDumpSys(  452): dumping service [account]
I/EventLogService(  452): Aggregate from 1333800817465 (log), 1333800817465 (data)
I/ServiceDumpSys(  452): dumping service [account]
D/dalvikvm(  154): GC_EXPLICIT freed 706K, 9% free 13310K/14535K, paused 6ms+6ms
I/EventLogService(  452): Aggregate from 1333802617817 (log), 1333802617817 (data)
I/ServiceDumpSys(  452): dumping service [account]
D/dalvikvm(  218): GC_CONCURRENT freed 393K, 12% free 9963K/11271K, paused 1ms+4ms
I/EventLogService(  452): Aggregate from 1333804418226 (log), 1333804418226 (data)
I/ServiceDumpSys(  452): dumping service [account]
D/dalvikvm(  452): GC_FOR_ALLOC freed 244K, 7% free 9959K/10695K, paused 24ms
I/EventLogService(  452): Aggregate from 1333806218481 (log), 1333806218481 (data)
I/ServiceDumpSys(  452): dumping service [account]
D/dalvikvm(  154): GC_CONCURRENT freed 976K, 9% free 13327K/14535K, paused 6ms+5ms
I/EventLogService(  452): Aggregate from 1333808018577 (log), 1333808018577 (data)
I/ServiceDumpSys(  452): dumping service [account]
I/EventLogService(  452): Aggregate from 1333809818812 (log), 1333809818812 (data)
I/ServiceDumpSys(  452): dumping service [account]
I/EventLogService(  452): Aggregate from 1333811618901 (log), 1333811618901 (data)
D/dalvikvm(  452): GC_FOR_ALLOC freed 256K, 7% free 9958K/10695K, paused 23ms
I/ServiceDumpSys(  452): dumping service [account]
D/AlarmManagerService(  154): Kernel timezone updated to 240 minutes west of GMT
I/ActivityManager(  154): Start proc com.google.android.inputmethod.latin.dictionarypack for broadcast com.google.android.inputmethod.latin.dictionarypack/.UpdateHandler: pid=1374 uid=10027 gids={3003, 1015}
I/ActivityThread( 1374): Pub com.android.inputmethod.latin.dictionarypack: com.google.android.inputmethod.latin.dictionarypack.DictionaryProvider
D/dalvikvm(  218): GC_CONCURRENT freed 395K, 12% free 9953K/11271K, paused 3ms+8ms
D/dalvikvm(  154): GC_CONCURRENT freed 972K, 9% free 13331K/14535K, paused 2ms+18ms
I/EventLogService(  452): Aggregate from 1333813419129 (log), 1333813419129 (data)
I/ServiceDumpSys(  452): dumping service [account]
I/EventLogService(  452): Aggregate from 1333815219269 (log), 1333815219269 (data)
I/ServiceDumpSys(  452): dumping service [account]
I/EventLogService(  452): Aggregate from 1333817019482 (log), 1333817019482 (data)
I/ServiceDumpSys(  452): dumping service [account]
D/dalvikvm(  452): GC_FOR_ALLOC freed 247K, 7% free 9960K/10695K, paused 38ms
D/dalvikvm(  154): GC_CONCURRENT freed 997K, 9% free 13339K/14535K, paused 3ms+6ms
I/EventLogService(  452): Aggregate from 1333818819598 (log), 1333818819598 (data)
I/ServiceDumpSys(  452): dumping service [account]
I/EventLogService(  452): Aggregate from 1333820619812 (log), 1333820619812 (data)
I/ServiceDumpSys(  452): dumping service [account]
I/EventLogService(  452): Aggregate from 1333822419925 (log), 1333822419925 (data)
I/ServiceDumpSys(  452): dumping service [account]
D/dalvikvm(  218): GC_CONCURRENT freed 375K, 12% free 9962K/11271K, paused 2ms+5ms
D/dalvikvm(  154): GC_CONCURRENT freed 1006K, 9% free 13343K/14535K, paused 2ms+5ms
D/dalvikvm(  265): GC_CONCURRENT freed 362K, 6% free 9239K/9735K, paused 3ms+2ms
I/DownloadManager(  265): Initiating request for download 15
W/DownloadManager(  265): Aborting request for download 15: no network connection available
I/EventLogService(  452): Aggregate from 1333824220070 (log), 1333824220070 (data)
D/dalvikvm(  452): GC_FOR_ALLOC freed 261K, 7% free 9959K/10695K, paused 20ms
I/ServiceDumpSys(  452): dumping service [account]
I/EventLogService(  452): Aggregate from 1333826020226 (log), 1333826020226 (data)
I/ServiceDumpSys(  452): dumping service [account]
D/dalvikvm( 1104): GC_CONCURRENT freed 315K, 5% free 10115K/10567K, paused 13ms+2ms
I/EventLogService(  452): Aggregate from 1333827820490 (log), 1333827820490 (data)
I/ServiceDumpSys(  452): dumping service [account]
D/dalvikvm(  154): JIT code cache reset in 7 ms (1048564 bytes 1/0)
D/dalvikvm(  154): GC_CONCURRENT freed 1031K, 9% free 13340K/14535K, paused 2ms+13ms
I/EventLogService(  452): Aggregate from 1333829620818 (log), 1333829620818 (data)
I/ServiceDumpSys(  452): dumping service [account]
D/dalvikvm(  452): GC_FOR_ALLOC freed 251K, 7% free 9960K/10695K, paused 36ms
D/dalvikvm(  588): GC_CONCURRENT freed 298K, 5% free 9193K/9607K, paused 12ms+2ms
I/EventLogService(  452): Aggregate from 1333831420917 (log), 1333831420917 (data)
I/ServiceDumpSys(  452): dumping service [account]
D/Finsky  (  498): [1] UpdateCheckReceiver.updateCheckIfNecessary: Force checking for available updates.
D/Finsky  (  498): [1] UpdatesAvailableReceiver.onReceive: Received updates available notification
E/Finsky  (  498): [1] UpdatesAvailableReceiver.onReceive: Could not set up current account / dfe api when receiving an updates available broadcast.
D/dalvikvm(  218): GC_CONCURRENT freed 385K, 12% free 9967K/11271K, paused 2ms+6ms
I/EventLogService(  452): Aggregate from 1333833221139 (log), 1333833221139 (data)
I/ServiceDumpSys(  452): dumping service [account]
D/dalvikvm(  154): GC_CONCURRENT freed 967K, 9% free 13339K/14535K, paused 2ms+5ms
I/EventLogService(  452): Aggregate from 1333835021296 (log), 1333835021296 (data)
I/ServiceDumpSys(  452): dumping service [account]
I/EventLogService(  452): Aggregate from 1333836821474 (log), 1333836821474 (data)
D/dalvikvm(  452): GC_FOR_ALLOC freed 266K, 7% free 9958K/10695K, paused 24ms
I/ServiceDumpSys(  452): dumping service [account]
I/EventLogService(  452): Aggregate from 1333838621569 (log), 1333838621569 (data)
I/ServiceDumpSys(  452): dumping service [account]
D/dalvikvm(  154): GC_CONCURRENT freed 1038K, 9% free 13326K/14535K, paused 3ms+5ms
I/EventLogService(  452): Aggregate from 1333840421819 (log), 1333840421819 (data)
I/ServiceDumpSys(  452): dumping service [account]
I/EventLogService(  452): Aggregate from 1333842222070 (log), 1333842222070 (data)
I/ServiceDumpSys(  452): dumping service [account]
D/dalvikvm(  452): GC_FOR_ALLOC freed 255K, 7% free 9960K/10695K, paused 21ms
D/dalvikvm(  218): GC_CONCURRENT freed 389K, 12% free 9962K/11271K, paused 3ms+3ms
I/EventLogService(  452): Aggregate from 1333844022182 (log), 1333844022182 (data)
I/ServiceDumpSys(  452): dumping service [account]
D/dalvikvm(  154): GC_CONCURRENT freed 956K, 9% free 13325K/14535K, paused 4ms+9ms
I/EventLogService(  452): Aggregate from 1333845822470 (log), 1333845822470 (data)
I/ServiceDumpSys(  452): dumping service [account]
I/EventLogService(  452): Aggregate from 1333847622592 (log), 1333847622592 (data)
I/ServiceDumpSys(  452): dumping service [account]
D/dalvikvm(  154): GC_CONCURRENT freed 976K, 9% free 13327K/14535K, paused 2ms+8ms
I/EventLogService(  452): Aggregate from 1333849422824 (log), 1333849422824 (data)
D/dalvikvm(  452): GC_FOR_ALLOC freed 272K, 7% free 9958K/10695K, paused 21ms
I/ServiceDumpSys(  452): dumping service [account]
I/EventLogService(  452): Aggregate from 1333851222915 (log), 1333851222915 (data)
I/ServiceDumpSys(  452): dumping service [account]
D/dalvikvm(  218): GC_CONCURRENT freed 392K, 12% free 9963K/11271K, paused 2ms+5ms
I/EventLogService(  452): Aggregate from 1333853023151 (log), 1333853023151 (data)
I/ServiceDumpSys(  452): dumping service [account]
D/dalvikvm(  154): GC_CONCURRENT freed 983K, 9% free 13329K/14535K, paused 2ms+5ms
I/EventLogService(  452): Aggregate from 1333854823260 (log), 1333854823260 (data)
I/ServiceDumpSys(  452): dumping service [account]
D/dalvikvm(  452): GC_FOR_ALLOC freed 259K, 7% free 9960K/10695K, paused 25ms
D/dalvikvm(  154): GC_EXPLICIT freed 458K, 9% free 13305K/14535K, paused 2ms+5ms
I/EventLogService(  452): Aggregate from 1333856623474 (log), 1333856623474 (data)
I/ServiceDumpSys(  452): dumping service [account]
I/EventLogService(  452): Aggregate from 1333858423680 (log), 1333858423680 (data)
I/ServiceDumpSys(  452): dumping service [account]
I/EventLogService(  452): Aggregate from 1333860223757 (log), 1333860223757 (data)
I/ServiceDumpSys(  452): dumping service [account]
D/dalvikvm(  154): GC_CONCURRENT freed 928K, 9% free 13325K/14535K, paused 3ms+4ms
I/EventLogService(  452): Aggregate from 1333862023895 (log), 1333862023895 (data)
D/dalvikvm(  452): GC_FOR_ALLOC freed 276K, 7% free 9958K/10695K, paused 21ms
I/ServiceDumpSys(  452): dumping service [account]
D/dalvikvm(  218): GC_CONCURRENT freed 389K, 12% free 9963K/11271K, paused 1ms+5ms
I/EventLogService(  452): Aggregate from 1333863824136 (log), 1333863824136 (data)
I/ServiceDumpSys(  452): dumping service [account]
I/EventLogService(  452): Aggregate from 1333865624479 (log), 1333865624479 (data)
I/ServiceDumpSys(  452): dumping service [account]
D/dalvikvm(  154): GC_CONCURRENT freed 1025K, 9% free 13338K/14535K, paused 2ms+9ms
I/EventLogService(  452): Aggregate from 1333867424593 (log), 1333867424593 (data)
I/ServiceDumpSys(  452): dumping service [account]
D/dalvikvm(  452): GC_FOR_ALLOC freed 263K, 7% free 9960K/10695K, paused 23ms
I/EventLogService(  452): Aggregate from 1333869224819 (log), 1333869224819 (data)
I/ServiceDumpSys(  452): dumping service [account]
I/EventLogService(  452): Aggregate from 1333871025075 (log), 1333871025075 (data)
I/ServiceDumpSys(  452): dumping service [account]
D/dalvikvm(  154): GC_CONCURRENT freed 1040K, 9% free 13350K/14535K, paused 2ms+5ms
I/EventLogService(  452): Aggregate from 1333872825202 (log), 1333872825202 (data)
I/ServiceDumpSys(  452): dumping service [account]
D/dalvikvm(  218): GC_CONCURRENT freed 399K, 12% free 9963K/11271K, paused 2ms+5ms
I/EventLogService(  452): Aggregate from 1333874625490 (log), 1333874625490 (data)
D/dalvikvm(  452): GC_FOR_ALLOC freed 281K, 7% free 9958K/10695K, paused 21ms
I/ServiceDumpSys(  452): dumping service [account]
I/EventLogService(  452): Aggregate from 1333876425595 (log), 1333876425595 (data)
I/ServiceDumpSys(  452): dumping service [account]
D/dalvikvm(  154): GC_CONCURRENT freed 1073K, 9% free 13356K/14535K, paused 2ms+5ms
I/EventLogService(  452): Aggregate from 1333878225831 (log), 1333878225831 (data)
I/ServiceDumpSys(  452): dumping service [account]
I/EventLogService(  452): Aggregate from 1333880026072 (log), 1333880026072 (data)
I/ServiceDumpSys(  452): dumping service [account]
D/dalvikvm(  452): GC_FOR_ALLOC freed 266K, 7% free 9960K/10695K, paused 21ms
I/EventLogService(  452): Aggregate from 1333881826242 (log), 1333881826242 (data)
I/ServiceDumpSys(  452): dumping service [account]
D/dalvikvm(  218): GC_CONCURRENT freed 393K, 12% free 9954K/11271K, paused 3ms+4ms
D/dalvikvm(  154): GC_CONCURRENT freed 1073K, 9% free 13359K/14535K, paused 2ms+5ms
D/dalvikvm(  452): GC_EXPLICIT freed 117K, 7% free 9952K/10695K, paused 3ms+3ms
I/EventLogService(  452): Aggregate from 1333883626512 (log), 1333883626512 (data)
I/ServiceDumpSys(  452): dumping service [account]
I/EventLogService(  452): Aggregate from 1333885426627 (log), 1333885426627 (data)
I/ServiceDumpSys(  452): dumping service [account]
I/EventLogService(  452): Aggregate from 1333887226820 (log), 1333887226820 (data)
I/ServiceDumpSys(  452): dumping service [account]
D/dalvikvm(  154): GC_CONCURRENT freed 1071K, 9% free 13363K/14535K, paused 2ms+9ms
I/EventLogService(  452): Aggregate from 1333889027073 (log), 1333889027073 (data)
I/ServiceDumpSys(  452): dumping service [account]
D/dalvikvm(  452): GC_FOR_ALLOC freed 279K, 7% free 9960K/10695K, paused 35ms
I/EventLogService(  452): Aggregate from 1333890827195 (log), 1333890827195 (data)
I/ServiceDumpSys(  452): dumping service [account]
D/dalvikvm(  218): GC_CONCURRENT freed 394K, 12% free 9954K/11271K, paused 1ms+4ms
I/EventLogService(  452): Aggregate from 1333892627491 (log), 1333892627491 (data)
I/ServiceDumpSys(  452): dumping service [account]
D/dalvikvm( 1132): GC_CONCURRENT freed 381K, 7% free 10013K/10759K, paused 2ms+2ms
D/dalvikvm(  154): GC_CONCURRENT freed 1096K, 9% free 13355K/14535K, paused 3ms+6ms
I/EventLogService(  452): Aggregate from 1333894427600 (log), 1333894427600 (data)
I/ServiceDumpSys(  452): dumping service [account]
I/EventLogService(  452): Aggregate from 1333896227839 (log), 1333896227839 (data)
D/dalvikvm(  452): GC_FOR_ALLOC freed 290K, 7% free 9959K/10695K, paused 21ms
I/ServiceDumpSys(  452): dumping service [account]
I/EventLogService(  452): Aggregate from 1333898028098 (log), 1333898028098 (data)
I/ServiceDumpSys(  452): dumping service [account]
D/AlarmManagerService(  154): Kernel timezone updated to 240 minutes west of GMT
D/dalvikvm(  154): GC_CONCURRENT freed 1075K, 9% free 13367K/14535K, paused 2ms+8ms
I/EventLogService(  452): Aggregate from 1333899828245 (log), 1333899828245 (data)
I/ServiceDumpSys(  452): dumping service [account]
D/dalvikvm(  307): GC_CONCURRENT freed 419K, 6% free 9503K/10055K, paused 2ms+18ms
D/dalvikvm(  218): GC_CONCURRENT freed 390K, 12% free 9959K/11271K, paused 4ms+4ms
I/EventLogService(  452): Aggregate from 1333901628450 (log), 1333901628450 (data)
I/ServiceDumpSys(  452): dumping service [account]
D/dalvikvm(  452): GC_FOR_ALLOC freed 273K, 7% free 9960K/10695K, paused 21ms
I/EventLogService(  452): Aggregate from 1333903428550 (log), 1333903428550 (data)
I/ServiceDumpSys(  452): dumping service [account]
D/dalvikvm(  154): GC_CONCURRENT freed 1045K, 9% free 13357K/14535K, paused 2ms+5ms
I/EventLogService(  452): Aggregate from 1333905228767 (log), 1333905228767 (data)
I/ServiceDumpSys(  452): dumping service [account]
I/DownloadManager(  265): Initiating request for download 16
W/DownloadManager(  265): Aborting request for download 16: no network connection available
I/EventLogService(  452): Aggregate from 1333907028880 (log), 1333907028880 (data)
I/ServiceDumpSys(  452): dumping service [account]
I/EventLogService(  452): Aggregate from 1333908829117 (log), 1333908829117 (data)
D/dalvikvm(  452): GC_FOR_ALLOC freed 295K, 7% free 9959K/10695K, paused 20ms
I/ServiceDumpSys(  452): dumping service [account]
D/dalvikvm(  154): GC_CONCURRENT freed 1024K, 9% free 13363K/14535K, paused 17ms+5ms
I/EventLogService(  452): Aggregate from 1333910629220 (log), 1333910629220 (data)
I/ServiceDumpSys(  452): dumping service [account]
D/dalvikvm(  218): GC_CONCURRENT freed 385K, 12% free 9965K/11271K, paused 3ms+4ms
D/dalvikvm(  154): GC_EXPLICIT freed 530K, 9% free 13332K/14535K, paused 6ms+5ms
I/EventLogService(  452): Aggregate from 1333912429353 (log), 1333912429353 (data)
I/ServiceDumpSys(  452): dumping service [account]
I/EventLogService(  452): Aggregate from 1333914229495 (log), 1333914229495 (data)
I/ServiceDumpSys(  452): dumping service [account]
D/dalvikvm(  452): GC_FOR_ALLOC freed 276K, 7% free 9960K/10695K, paused 25ms
I/EventLogService(  452): Aggregate from 1333916029559 (log), 1333916029559 (data)
I/ServiceDumpSys(  452): dumping service [account]
D/dalvikvm(  154): GC_CONCURRENT freed 973K, 9% free 13357K/14535K, paused 2ms+5ms
I/EventLogService(  452): Aggregate from 1333917829789 (log), 1333917829789 (data)
I/ServiceDumpSys(  452): dumping service [account]
I/EventLogService(  452): Aggregate from 1333919629926 (log), 1333919629926 (data)
I/ServiceDumpSys(  452): dumping service [account]
D/dalvikvm(  218): GC_CONCURRENT freed 392K, 12% free 9958K/11271K, paused 2ms+4ms
I/EventLogService(  452): Aggregate from 1333921430074 (log), 1333921430074 (data)
D/dalvikvm(  452): GC_FOR_ALLOC freed 299K, 7% free 9959K/10695K, paused 20ms
I/ServiceDumpSys(  452): dumping service [account]
D/dalvikvm(  154): GC_CONCURRENT freed 1055K, 9% free 13373K/14535K, paused 2ms+5ms
I/EventLogService(  452): Aggregate from 1333923230203 (log), 1333923230203 (data)
I/ServiceDumpSys(  452): dumping service [account]
I/power   (  154): *** set_screen_state 1
W/PowerUI (  218): unknown intent: Intent { act=android.intent.action.ACTION_POWER_CONNECTED flg=0x10000010 }
I/WindowManager(  154): Lock screen displayed!
D/PicasaSyncManager(  974): battery info: true
D/SurfaceFlinger(   78): Screen about to return, flinger = 0x2bf918
I/StorageNotification(  218): UMS connection changed to true (media state mounted)
I/StorageNotification(  218): UMS connection changed to true (media state mounted)
D/dalvikvm(  218): GC_CONCURRENT freed 237K, 10% free 10207K/11271K, paused 2ms+9ms
D/dalvikvm(  218): GC_CONCURRENT freed 426K, 10% free 10174K/11271K, paused 2ms+2ms
D/dalvikvm(  218): GC_FOR_ALLOC freed 363K, 10% free 10172K/11271K, paused 36ms
D/PhoneStatusBar(  218): disable: < expand icons alerts ticker system_info BACK HOME recent* CLOCK >
D/AudioHardware(   81): AudioHardware pcm playback is exiting standby.
D/AudioHardware(   81): openPcmOut_l() mPcmOpenCnt: 0
W/InputManagerService(  154): Window already focused, ignoring focus gain of: com.android.internal.view.IInputMethodClient$Stub$Proxy@4169f0f8
D/PhoneStatusBar(  218): disable: < expand icons alerts ticker system_info back* home* recent clock* >
I/ActivityManager(  154): START {flg=0x10000000 cmp=com.android.systemui/.usb.UsbStorageActivity bnds=[0,119][480,215]} from pid -1
D/dalvikvm(  154): GC_FOR_ALLOC freed 690K, 10% free 13269K/14599K, paused 47ms
W/KeyguardViewMediator(  154): verifyUnlock called when not externally disabled
I/UsageStats(  154): Deleting usage file : usage-20120218
D/dalvikvm(  218): GC_FOR_ALLOC freed 166K, 9% free 10351K/11271K, paused 20ms
I/dalvikvm-heap(  218): Grow heap (frag case) to 10.455MB for 291616-byte allocation
D/dalvikvm(  218): GC_FOR_ALLOC freed 14K, 9% free 10622K/11591K, paused 28ms
D/VoldCmdListener(   72): volume shared /mnt/sdcard ums
D/OpenGLRenderer(  337): Flushing caches (mode 1)
D/OpenGLRenderer(  337): Flushing caches (mode 0)
D/libEGL  (  218): loaded /system/lib/egl/libGLES_android.so
D/libEGL  (  218): loaded /vendor/lib/egl/libEGL_POWERVR_SGX540_120.so
D/libEGL  (  218): loaded /vendor/lib/egl/libGLESv1_CM_POWERVR_SGX540_120.so
D/libEGL  (  218): loaded /vendor/lib/egl/libGLESv2_POWERVR_SGX540_120.so
D/OpenGLRenderer(  218): Enabling debug mode 0
I/ActivityManager(  154): Displayed com.android.systemui/.usb.UsbStorageActivity: +585ms
D/VoldCmdListener(   72): storage users /mnt/sdcard
I/PackageManager(  154): Updating external media status from mounted to unmounted
D/VoldCmdListener(   72): asec list
I/PackageManager(  154): No secure containers on sdcard
W/InputManagerService(  154): Window already focused, ignoring focus gain of: com.android.internal.view.IInputMethodClient$Stub$Proxy@415774d0
D/VoldCmdListener(   72): storage users /mnt/sdcard
W/ActivityManager(  154): Killing processes unmount media at adjustment 9
W/ActivityManager(  154): Killing ProcessRecord{41773098 1104:com.google.android.apps.maps/10032} (adj 9): unmount media
D/VoldCmdListener(   72): storage users /mnt/sdcard
D/dalvikvm(  154): GC_EXPLICIT freed 1107K, 14% free 12631K/14599K, paused 2ms+5ms
I/PackageManager(  154): Updating external media status from unmounted to unmounted
D/VoldCmdListener(   72): volume unmount /mnt/sdcard force
D/Vold    (   72): Volume sdcard state changing 4 (Mounted) -> 5 (Unmounting)
D/MountService(  154): sendStorageIntent Intent { act=android.intent.action.MEDIA_EJECT dat=file:///mnt/sdcard (has extras) }
