--------- beginning of /dev/log/main
I/DEBUG   (   76): debuggerd: Dec 16 2011 08:29:07
--------- beginning of /dev/log/system
I/Vold    (   72): Vold 2.1 (the revenge) firing up
I/Netd    (   75): Netd 1.0 starting
D/Vold    (   72): Volume sdcard state changing -1 (Initializing) -> 0 (No-Media)
D/Vold    (   72): Volume sdcard state changing 0 (No-Media) -> 2 (Pending)
D/Vold    (   72): Volume sdcard state changing 2 (Pending) -> 1 (Idle-Unmounted)
W/Vold    (   72): Duplicate state (1)
W/Vold    (   72): Duplicate state (1)
W/Vold    (   72): Duplicate state (1)
W/Vold    (   72): Duplicate state (1)
I/        (   80): ServiceManager: 0x509910
I/SurfaceFlinger(   78): SurfaceFlinger is starting
I/SurfaceFlinger(   78): SurfaceFlinger's main thread ready to run. Initializing graphics H/W...
I/recovery(  135): Recovery image already installed 
D/AndroidRuntime(   79): 
D/AndroidRuntime(   79): >>>>>> AndroidRuntime START com.android.internal.os.ZygoteInit <<<<<<
D/AndroidRuntime(   79): CheckJNI is OFF
I/        (   81): ServiceManager: 0x2d958
I/AudioFlinger(   81): Loaded primary audio interface from LEGACY Audio HW HAL (audio)
I/AudioFlinger(   81): Using 'LEGACY Audio HW HAL' (audio.primary) as the primary audio interface
I/AudioFlinger(   81): Loaded a2dp audio interface from A2DP Audio HW HAL (audio)
D/AudioHardwareInterface(   81): setMode(NORMAL)
I/CameraService(   81): CameraService started (pid=81)
I/AudioFlinger(   81): AudioFlinger's thread 0x2e9a8 ready to run
W/AudioFlinger(   81): Thread AudioOut_1 cannot connect to the power manager service
D/AudioHardware(   81): AudioStreamOutALSA::setParameters() routing=2
D/AudioHardware(   81): ### setVoiceVolume_l
I/AudioPolicyService(   81): Loaded audio policy from LEGACY Audio Policy HAL (audio_policy)
D/libEGL  (   78): loaded /system/lib/egl/libGLES_android.so
D/libEGL  (   78): loaded /vendor/lib/egl/libEGL_POWERVR_SGX540_120.so
D/libEGL  (   78): loaded /vendor/lib/egl/libGLESv1_CM_POWERVR_SGX540_120.so
D/libEGL  (   78): loaded /vendor/lib/egl/libGLESv2_POWERVR_SGX540_120.so
I/SurfaceFlinger(   78): EGL informations:
I/SurfaceFlinger(   78): # of configs : 30
I/SurfaceFlinger(   78): vendor    : Android
I/SurfaceFlinger(   78): version   : 1.4 Android META-EGL
I/SurfaceFlinger(   78): extensions: EGL_KHR_image EGL_KHR_image_base EGL_KHR_image_base EGL_KHR_gl_texture_2D_image EGL_KHR_gl_texture_cubemap_image EGL_KHR_gl_renderbuffer_image EGL_KHR_fence_sync EGL_ANDROID_image_native_buffer EGL_ANDROID_image_native_buffer 
I/SurfaceFlinger(   78): Client API: OpenGL ES
I/SurfaceFlinger(   78): EGLSurface: 8-8-8-8, config=0x1
I/SurfaceFlinger(   78): OpenGL informations:
I/SurfaceFlinger(   78): vendor    : Imagination Technologies
I/SurfaceFlinger(   78): renderer  : PowerVR SGX 540
I/SurfaceFlinger(   78): version   : OpenGL ES-CM 1.1
I/SurfaceFlinger(   78): extensions: GL_OES_byte_coordinates GL_OES_fixed_point GL_OES_single_precision GL_OES_matrix_get GL_OES_read_format GL_OES_compressed_paletted_texture GL_OES_point_sprite GL_OES_point_size_array GL_OES_matrix_palette GL_OES_draw_texture GL_OES_query_matrix GL_OES_texture_env_crossbar GL_OES_texture_mirrored_repeat GL_OES_texture_cube_map GL_OES_blend_subtract GL_OES_blend_func_separate GL_OES_blend_equation_separate GL_OES_stencil_wrap GL_OES_extended_matrix_palette GL_OES_framebuffer_object GL_OES_rgb8_rgba8 GL_OES_depth24 GL_OES_stencil8 GL_OES_compressed_ETC1_RGB8_texture GL_OES_mapbuffer GL_OES_EGL_image GL_OES_EGL_image_external GL_EXT_multi_draw_arrays GL_OES_required_internalformat GL_IMG_read_format GL_IMG_texture_compression_pvrtc GL_IMG_texture_format_BGRA8888 GL_EXT_texture_format_BGRA8888 GL_OES_egl_sync GL_IMG_vertex_array_object
I/SurfaceFlinger(   78): GL_MAX_TEXTURE_SIZE = 2048
I/SurfaceFlinger(   78): GL_MAX_VIEWPORT_DIMS = 2048 x 2048
I/SurfaceFlinger(   78): flags = 00010000
I/hwcomposer(   78): int hwc_device_open(const hw_module_t*, const char*, hw_device_t**)::win-0 add[0] 4b7af000 
I/hwcomposer(   78): int hwc_device_open(const hw_module_t*, const char*, hw_device_t**)::win-0 add[1] 4b926000 
I/hwcomposer(   78): int hwc_device_open(const hw_module_t*, const char*, hw_device_t**)::win-0 add[2] 4ba9d000 
D/hwcomposer(   78): int hwc_device_open(const hw_module_t*, const char*, hw_device_t**):: success
D/libEGL  (  140): loaded /system/lib/egl/libGLES_android.so
D/libEGL  (  140): loaded /vendor/lib/egl/libEGL_POWERVR_SGX540_120.so
D/libEGL  (  140): loaded /vendor/lib/egl/libGLESv1_CM_POWERVR_SGX540_120.so
D/libEGL  (  140): loaded /vendor/lib/egl/libGLESv2_POWERVR_SGX540_120.so
I/SamplingProfilerIntegration(   79): Profiling disabled.
I/Zygote  (   79): Preloading classes...
D/dalvikvm(   79): GC_EXPLICIT freed 36K, 85% free 408K/2560K, paused 0ms+0ms
D/dalvikvm(   79): GC_EXPLICIT freed 4K, 82% free 473K/2560K, paused 3ms+0ms
D/dalvikvm(   79): GC_EXPLICIT freed 20K, 81% free 509K/2560K, paused 0ms+1ms
D/dalvikvm(   79): GC_EXPLICIT freed 27K, 80% free 536K/2560K, paused 0ms+1ms
D/dalvikvm(   79): GC_EXPLICIT freed 15K, 78% free 576K/2560K, paused 0ms+1ms
D/dalvikvm(   79): GC_EXPLICIT freed 27K, 77% free 603K/2560K, paused 8ms+0ms
D/dalvikvm(   79): GC_EXPLICIT freed 30K, 76% free 635K/2560K, paused 1ms+5ms
D/TextLayoutCache(   79): Using debug level: 0 - Debug Enabled: 0
W/Zygote  (   79): Class not found for preloading: android.media.AudioManager$2
I/dalvikvm(   79): threadid=1: recursive native library load attempt (/system/lib/libmedia_jni.so)
D/MtpDeviceJNI(   79): register_android_mtp_MtpDevice
I/dalvikvm(   79): threadid=1: recursive native library load attempt (/system/lib/libmedia_jni.so)
I/dalvikvm(   79): threadid=1: recursive native library load attempt (/system/lib/libmedia_jni.so)
W/Zygote  (   79): Class not found for preloading: android.media.IRemoteControlClientDispatcher
W/Zygote  (   79): Class not found for preloading: android.media.IRemoteControlClientDispatcher$Stub
D/dalvikvm(   79): GC_EXPLICIT freed 20K, 74% free 672K/2560K, paused 0ms+0ms
D/dalvikvm(   79): GC_FOR_ALLOC freed 217K, 63% free 967K/2560K, paused 25ms
D/dalvikvm(   79): GC_EXPLICIT freed 43K, 61% free 1023K/2560K, paused 0ms+0ms
D/dalvikvm(   79): GC_EXPLICIT freed 27K, 59% free 1052K/2560K, paused 5ms+1ms
D/dalvikvm(   79): GC_EXPLICIT freed 8K, 58% free 1099K/2560K, paused 4ms+1ms
D/dalvikvm(   79): GC_EXPLICIT freed 23K, 55% free 1166K/2560K, paused 1ms+5ms
D/dalvikvm(   79): GC_EXPLICIT freed 48K, 44% free 1444K/2560K, paused 2ms+4ms
W/Zygote  (   79): Class not found for preloading: android.text.TextDirectionHeuristics$CharCount
W/Zygote  (   79): Class not found for preloading: android.text.method.WordIterator$1
D/dalvikvm(   79): GC_EXPLICIT freed 34K, 43% free 1479K/2560K, paused 2ms+1ms
D/dalvikvm(   79): GC_EXPLICIT freed 32K, 42% free 1501K/2560K, paused 1ms+4ms
I/dalvikvm(   79): threadid=1: recursive native library load attempt (/system/lib/libwebcore.so)
D/dalvikvm(   79): No JNI_OnLoad found in /system/lib/libchromium_net.so 0x0, skipping init
D/dalvikvm(   79): GC_EXPLICIT freed 26K, 40% free 1550K/2560K, paused 2ms+2ms
W/Zygote  (   79): Class not found for preloading: android.widget.EdgeGlow
D/dalvikvm(   79): GC_EXPLICIT freed 25K, 39% free 1579K/2560K, paused 1ms+1ms
D/dalvikvm(   79): GC_EXPLICIT freed 71K, 37% free 1624K/2560K, paused 8ms+2ms
E/PhonePolicy(   79): Could not preload class for phone policy: com.android.internal.policy.impl.PhoneWindow$ContextMenuCallback
D/dalvikvm(   79): GC_EXPLICIT freed 33K, 36% free 1646K/2560K, paused 2ms+7ms
D/dalvikvm(   79): GC_EXPLICIT freed 28K, 35% free 1674K/2560K, paused 1ms+1ms
D/dalvikvm(   79): GC_EXPLICIT freed 26K, 34% free 1705K/2560K, paused 1ms+5ms
D/dalvikvm(   79): GC_EXPLICIT freed 32K, 33% free 1730K/2560K, paused 1ms+3ms
D/dalvikvm(   79): GC_EXPLICIT freed 31K, 32% free 1759K/2560K, paused 1ms+1ms
D/dalvikvm(   79): GC_EXPLICIT freed 71K, 30% free 1814K/2560K, paused 1ms+7ms
D/dalvikvm(   79): GC_EXPLICIT freed 39K, 29% free 1830K/2560K, paused 3ms+18ms
I/System  (   79): Loaded time zone names for  in 1008ms (1003ms in ICU)
I/System  (   79): Loaded time zone names for en_US in 557ms (553ms in ICU)
D/dalvikvm(   79): GC_EXPLICIT freed 324K, 24% free 1947K/2560K, paused 21ms+6ms
D/dalvikvm(   79): GC_EXPLICIT freed 15K, 22% free 2008K/2560K, paused 1ms+1ms
D/dalvikvm(   79): GC_EXPLICIT freed 51K, 21% free 2040K/2560K, paused 1ms+1ms
D/dalvikvm(   79): GC_EXPLICIT freed 29K, 20% free 2070K/2560K, paused 2ms+8ms
D/dalvikvm(   79): GC_EXPLICIT freed 37K, 19% free 2086K/2560K, paused 2ms+1ms
D/dalvikvm(   79): GC_EXPLICIT freed 32K, 18% free 2109K/2560K, paused 2ms+10ms
I/Zygote  (   79): ...preloaded 2297 classes in 5021ms.
D/dalvikvm(   79): GC_EXPLICIT freed 22K, 18% free 2113K/2560K, paused 1ms+1ms
I/Zygote  (   79): Preloading resources...
D/dalvikvm(   79): GC_EXPLICIT freed 1K, 15% free 2197K/2560K, paused 1ms+2ms
D/dalvikvm(   79): GC_EXPLICIT freed 1K, 12% free 2266K/2560K, paused 1ms+2ms
D/dalvikvm(   79): GC_EXPLICIT freed 1K, 9% free 2334K/2560K, paused 1ms+2ms
D/dalvikvm(   79): GC_EXPLICIT freed 1K, 7% free 2386K/2560K, paused 1ms+2ms
D/dalvikvm(   79): GC_EXPLICIT freed 2K, 8% free 2434K/2627K, paused 1ms+1ms
D/dalvikvm(   79): GC_EXPLICIT freed 2K, 8% free 2495K/2691K, paused 2ms+1ms
D/dalvikvm(   79): GC_EXPLICIT freed 2K, 6% free 2546K/2691K, paused 1ms+2ms
D/dalvikvm(   79): GC_EXPLICIT freed 2K, 6% free 2601K/2755K, paused 2ms+2ms
D/dalvikvm(   79): GC_EXPLICIT freed 2K, 6% free 2654K/2819K, paused 1ms+9ms
D/dalvikvm(   79): GC_EXPLICIT freed 3K, 6% free 2711K/2883K, paused 4ms+2ms
D/dalvikvm(   79): GC_EXPLICIT freed 2K, 7% free 2762K/2947K, paused 1ms+2ms
D/dalvikvm(   79): GC_EXPLICIT freed 2K, 5% free 2819K/2947K, paused 1ms+2ms
D/dalvikvm(   79): GC_EXPLICIT freed 2K, 5% free 2870K/3011K, paused 1ms+1ms
D/dalvikvm(   79): GC_EXPLICIT freed 3K, 5% free 2925K/3075K, paused 2ms+5ms
D/dalvikvm(   79): GC_EXPLICIT freed 2K, 6% free 2982K/3139K, paused 2ms+2ms
D/dalvikvm(   79): GC_EXPLICIT freed 2K, 6% free 3031K/3203K, paused 1ms+2ms
D/dalvikvm(   79): GC_EXPLICIT freed 2K, 4% free 3085K/3203K, paused 2ms+2ms
D/dalvikvm(   79): GC_EXPLICIT freed 2K, 4% free 3142K/3267K, paused 1ms+1ms
D/dalvikvm(   79): GC_EXPLICIT freed 2K, 5% free 3191K/3331K, paused 1ms+2ms
D/dalvikvm(   79): GC_EXPLICIT freed 2K, 4% free 3265K/3395K, paused 1ms+1ms
D/dalvikvm(   79): GC_EXPLICIT freed 1K, 4% free 3335K/3459K, paused 2ms+5ms
D/dalvikvm(   79): GC_EXPLICIT freed 1K, 4% free 3388K/3523K, paused 2ms+1ms
D/dalvikvm(   79): GC_EXPLICIT freed 2K, 4% free 3445K/3587K, paused 1ms+1ms
D/dalvikvm(   79): GC_EXPLICIT freed 2K, 5% free 3501K/3651K, paused 7ms+2ms
D/dalvikvm(   79): GC_EXPLICIT freed 2K, 3% free 3557K/3651K, paused 1ms+2ms
D/dalvikvm(   79): GC_EXPLICIT freed 5K, 3% free 3610K/3715K, paused 2ms+2ms
D/dalvikvm(   79): GC_EXPLICIT freed 2K, 4% free 3666K/3779K, paused 2ms+2ms
D/dalvikvm(   79): GC_EXPLICIT freed 4K, 4% free 3719K/3843K, paused 16ms+2ms
D/dalvikvm(   79): GC_EXPLICIT freed 2K, 2% free 3772K/3843K, paused 1ms+2ms
D/dalvikvm(   79): GC_EXPLICIT freed 2K, 3% free 3827K/3907K, paused 1ms+1ms
D/dalvikvm(   79): GC_EXPLICIT freed 10K, 2% free 3929K/3971K, paused 2ms+1ms
D/dalvikvm(   79): GC_EXPLICIT freed 6K, 3% free 4007K/4099K, paused 1ms+2ms
D/dalvikvm(   79): GC_EXPLICIT freed 3K, 3% free 4073K/4163K, paused 1ms+2ms
D/dalvikvm(   79): GC_EXPLICIT freed 2K, 1% free 4123K/4163K, paused 2ms+11ms
D/dalvikvm(   79): GC_EXPLICIT freed 3K, 2% free 4207K/4291K, paused 2ms+1ms
D/dalvikvm(   79): GC_EXPLICIT freed 3K, 2% free 4292K/4355K, paused 2ms+12ms
D/dalvikvm(   79): GC_EXPLICIT freed 4K, 1% free 4341K/4355K, paused 2ms+2ms
D/dalvikvm(   79): GC_EXPLICIT freed 2K, 1% free 4393K/4419K, paused 1ms+2ms
D/dalvikvm(   79): GC_EXPLICIT freed 1K, 1% free 4464K/4483K, paused 1ms+1ms
D/dalvikvm(   79): GC_EXPLICIT freed 1K, 2% free 4556K/4611K, paused 1ms+1ms
D/dalvikvm(   79): GC_EXPLICIT freed <1K, 2% free 5177K/5251K, paused 9ms+1ms
D/dalvikvm(   79): GC_EXPLICIT freed 2K, 1% free 5237K/5251K, paused 2ms+2ms
D/dalvikvm(   79): GC_EXPLICIT freed 4K, 1% free 5288K/5315K, paused 1ms+2ms
D/dalvikvm(   79): GC_EXPLICIT freed 1K, 1% free 5346K/5379K, paused 2ms+2ms
D/dalvikvm(   79): GC_EXPLICIT freed <1K, 1% free 5401K/5443K, paused 2ms+2ms
D/dalvikvm(   79): GC_EXPLICIT freed <1K, 1% free 5456K/5507K, paused 1ms+2ms
D/dalvikvm(   79): GC_EXPLICIT freed 6K, 2% free 5893K/5955K, paused 2ms+2ms
D/dalvikvm(   79): GC_EXPLICIT freed 5K, 1% free 5993K/6019K, paused 3ms+2ms
D/dalvikvm(   79): GC_EXPLICIT freed 3K, 1% free 6044K/6083K, paused 1ms+2ms
D/dalvikvm(   79): GC_EXPLICIT freed 5K, 2% free 7078K/7171K, paused 1ms+2ms
D/dalvikvm(   79): GC_EXPLICIT freed 2K, 2% free 8102K/8259K, paused 2ms+7ms
D/dalvikvm(   79): GC_EXPLICIT freed 3K, 2% free 8164K/8259K, paused 2ms+2ms
D/dalvikvm(   79): GC_EXPLICIT freed 3K, 1% free 8217K/8259K, paused 14ms+3ms
D/dalvikvm(   79): GC_EXPLICIT freed 4K, 1% free 8263K/8323K, paused 2ms+2ms
D/dalvikvm(   79): GC_EXPLICIT freed 4K, 1% free 8313K/8323K, paused 2ms+2ms
D/dalvikvm(   79): GC_EXPLICIT freed 3K, 1% free 8361K/8387K, paused 1ms+2ms
D/dalvikvm(   79): GC_EXPLICIT freed 3K, 1% free 8418K/8451K, paused 1ms+14ms
D/dalvikvm(   79): GC_EXPLICIT freed 2K, 1% free 8484K/8515K, paused 1ms+2ms
D/dalvikvm(   79): GC_EXPLICIT freed 1K, 1% free 8552K/8579K, paused 1ms+2ms
D/dalvikvm(   79): GC_EXPLICIT freed 1K, 1% free 8618K/8643K, paused 5ms+2ms
D/dalvikvm(   79): GC_EXPLICIT freed 3K, 1% free 8669K/8707K, paused 1ms+3ms
D/dalvikvm(   79): GC_EXPLICIT freed 3K, 1% free 8719K/8771K, paused 2ms+3ms
D/dalvikvm(   79): GC_EXPLICIT freed 3K, 1% free 8768K/8835K, paused 2ms+2ms
D/dalvikvm(   79): GC_EXPLICIT freed 2K, 1% free 8817K/8835K, paused 1ms+2ms
D/dalvikvm(   79): GC_EXPLICIT freed 1K, 1% free 8867K/8899K, paused 1ms+2ms
D/dalvikvm(   79): GC_EXPLICIT freed 1K, 1% free 8962K/9027K, paused 2ms+2ms
D/dalvikvm(   79): GC_EXPLICIT freed 6K, 1% free 9024K/9091K, paused 2ms+2ms
I/Zygote  (   79): ...preloaded 379 resources in 3038ms.
I/Zygote  (   79): ...preloaded 31 resources in 10ms.
D/dalvikvm(   79): GC_EXPLICIT freed 25K, 1% free 9025K/9091K, paused 1ms+2ms
D/dalvikvm(   79): GC_EXPLICIT freed 9K, 1% free 9016K/9091K, paused 2ms+2ms
D/dalvikvm(   79): GC_EXPLICIT freed <1K, 1% free 9016K/9091K, paused 1ms+3ms
I/dalvikvm(   79): System server process 154 has been created
I/Zygote  (   79): Accepting command socket connections
I/sysproc (  154): Entered system_init()
I/sysproc (  154): ServiceManager: 0xa09710
D/SensorService(  154): nuSensorService starting...
E/AKMD2   (  154): libkam : Unable to load settings file, using defaults.
I/SensorService(  154): KR3DM 3-axis Accelerometer
I/SensorService(  154): AK8973 3-axis Magnetic field sensor
I/SensorService(  154): AK8973 Orientation sensor
I/SensorService(  154): GP2A Light sensor
I/SensorService(  154): GP2A Proximity sensor
I/SensorService(  154): K3G Gyroscope sensor
I/sysproc (  154): System server: starting Android runtime.
I/sysproc (  154): System server: starting Android services.
I/sysproc (  154): System server: entering thread pool.
I/SystemServer(  154): Entered the Android system server!
I/SystemServer(  154): Entropy Service
D/SensorService(  154): nuSensorService thread starting...
I/SystemServer(  154): Power Manager
I/SystemServer(  154): Activity Manager
I/ActivityManager(  154): Memory class: 48
D/dalvikvm(  154): GC_CONCURRENT freed 180K, 3% free 9356K/9607K, paused 2ms+2ms
I/SystemServer(  154): Telephony Registry
I/SystemServer(  154): Package Manager
D/dalvikvm(  154): GC_CONCURRENT freed 523K, 6% free 9398K/9991K, paused 3ms+2ms
D/dalvikvm(  154): GC_CONCURRENT freed 353K, 6% free 9486K/9991K, paused 3ms+2ms
W/PackageParser(  154): No actions in intent filter at /system/app/Bluetooth.apk Binary XML file line #125
D/dalvikvm(  154): GC_CONCURRENT freed 254K, 4% free 9709K/10055K, paused 7ms+3ms
W/PackageParser(  154): No actions in intent filter at /system/app/Contacts.apk Binary XML file line #525
D/dalvikvm(  154): GC_CONCURRENT freed 161K, 3% free 10013K/10247K, paused 7ms+4ms
W/PackageParser(  154): Unknown element under <manifest>: supports-gl-texture at /system/app/GoogleEarth.apk Binary XML file line #3
W/ResourceType(  154): Failure getting entry for 0x7f02004b (t=1 e=75) in package 0 (error -75)
D/dalvikvm(  154): GC_CONCURRENT freed 241K, 4% free 10206K/10567K, paused 4ms+3ms
D/dalvikvm(  154): GC_CONCURRENT freed 194K, 3% free 10457K/10759K, paused 3ms+2ms
I/PackageManager(  154): Package com.android.vending at /system/app/Phonesky.apk ignored: updated version 8010004 better than this 8009012
D/dalvikvm(  154): GC_CONCURRENT freed 193K, 3% free 10794K/11079K, paused 10ms+5ms
W/ResourceType(  154): Failure getting entry for 0x7f0c0017 (t=11 e=23) in package 0 (error -75)
D/dalvikvm(  154): GC_CONCURRENT freed 229K, 3% free 11011K/11335K, paused 7ms+4ms
D/PackageManager(  154): No files in app dir /vendor/app
I/installd(   83): new connection
I/Installer(  154): connecting...
I/PackageParser(  154): com.googlecode.android.wifi.tether: compat added android.permission.WRITE_EXTERNAL_STORAGE android.permission.READ_PHONE_STATE
I/PackageManager(  154): Time to scan packages: 3.909 seconds
W/PackageManager(  154): Not granting permission android.permission.SEND_DOWNLOAD_COMPLETED_INTENTS to package com.google.android.browser (protectionLevel=2 flags=0x9be45)
W/PackageManager(  154): Unknown permission com.android.vending.permission.UPDATE_MARKET_FAILURE in package com.android.vending.updater
W/PackageManager(  154): Unknown permission android.permission.ADD_SYSTEM_SERVICE in package com.android.phone
W/PackageManager(  154): Unknown permission com.android.smspush.WAPPUSH_MANAGER_BIND in package com.android.phone
W/PackageManager(  154): Unknown permission com.android.vending.billing.IBillingAccountService.BIND2 in package com.google.android.gsf.login
W/PackageManager(  154): Not granting permission android.permission.DEVICE_POWER to package com.google.android.deskclock (protectionLevel=2 flags=0x8be45)
W/PackageManager(  154): Unknown permission android.permission.READ_OWNER_DATA in package com.google.android.setupwizard
W/PackageManager(  154): Unknown permission android.permission.WRITE_OWNER_DATA in package com.google.android.setupwizard
W/PackageManager(  154): Not granting permission com.google.android.gm.permission.READ_GMAIL to package com.google.android.apps.uploader (protectionLevel=2 flags=0x8be45)
W/PackageManager(  154): Unknown permission android.permission.READ_EXTERNAL_STORAGE in package com.android.vending
W/PackageManager(  154): Not granting permission android.permission.SEND_DOWNLOAD_COMPLETED_INTENTS to package com.android.vending (protectionLevel=2 flags=0xabec5)
W/PackageManager(  154): Not granting permission android.permission.ACCOUNT_MANAGER to package com.google.android.music (protectionLevel=2 flags=0x8be65)
W/PackageManager(  154): Unknown permission com.android.providers.im.permission.READ_ONLY in package com.google.android.apps.maps
W/PackageManager(  154): Unknown permission android.permission.READ_EXTERNAL_STORAGE in package com.google.android.videoeditor
W/PackageManager(  154): Unknown permission com.google.android.apps.googlevoice.REMOTE_INTENT in package com.google.android.apps.googlevoice
W/PackageManager(  154): Unknown permission com.google.android.permission.RECEIVE_DATA_MESSAGE in package com.google.android.apps.googlevoice
W/PackageManager(  154): Unknown permission com.google.android.permission.SEND_DATA_MESSAGE in package com.google.android.apps.googlevoice
D/dalvikvm(  154): GC_CONCURRENT freed 392K, 5% free 11123K/11591K, paused 2ms+4ms
D/dalvikvm(  154): GC_EXPLICIT freed 190K, 6% free 10966K/11591K, paused 2ms+3ms
I/SystemServer(  154): Account Manager
D/PackageManager(  154): generateServicesMap(android.accounts.AccountAuthenticator): 3 services unchanged
I/SystemServer(  154): Content Manager
D/PackageManager(  154): generateServicesMap(android.content.SyncAdapter): 14 services unchanged
I/ActivityThread(  154): Pub settings: com.android.providers.settings.SettingsProvider
I/SystemServer(  154): System Content Providers
D/SettingsProvider(  154): cache for settings table 'secure' rows=47; fullycached=true
D/SettingsProvider(  154): cache for settings table 'system' rows=55; fullycached=true
I/SystemServer(  154): Lights Service
D/dalvikvm(  154): GC_CONCURRENT freed 265K, 4% free 11208K/11591K, paused 1ms+3ms
I/SystemServer(  154): Battery Service
I/SystemServer(  154): Vibrator Service
I/power   (  154): *** set_screen_state 1
D/AlarmManagerService(  154): Kernel timezone updated to 240 minutes west of GMT
I/SystemServer(  154): Alarm Manager
I/SystemServer(  154): Init Watchdog
I/SystemServer(  154): Window Manager
I/InputManager(  154): Initializing input manager
W/StatusBarManager(  154): warning: no STATUS_BAR_SERVICE
I/InputManager(  154): Starting input manager
I/SystemServer(  154): Bluetooth Service
I/BluetoothProfileState(  154): Message:Entering Stable State
I/BluetoothProfileState(  154): Message:Entering Stable State
I/BluetoothProfileState(  154): Message:Entering Stable State
D/EventHub(  154): No input device configuration file found for device 'compass'.
I/SystemServer(  154): Input Method Service
D/BluetoothAdapterStateMachine(  154): PowerOff process message: 5
W/InputManagerService(  154): Couldn't create dir.: /data/system/inputmethod
D/EventHub(  154): No input device configuration file found for device 'lightsensor-level'.
D/EventHub(  154): No input device configuration file found for device 'proximity'.
D/EventHub(  154): No input device configuration file found for device 'herring-keypad'.
I/EventHub(  154): New device: id=4, fd=115, path='/dev/input/event2', name='herring-keypad', classes=0x1, configuration='', keyLayout='/system/usr/keylayout/herring-keypad.kl', keyCharacterMap='/system/usr/keychars/herring-keypad.kcm', builtinKeyboard=false
D/EventHub(  154): No input device configuration file found for device 'gyro'.
E/filemap (  154): mmap(0,4096) failed: No such device
I/EventHub(  154): New device: id=6, fd=116, path='/dev/input/event0', name='mxt224_ts_input', classes=0x15, configuration='/system/usr/idc/mxt224_ts_input.idc', keyLayout='/system/usr/keylayout/mxt224_ts_input.kl', keyCharacterMap='/system/usr/keychars/mxt224_ts_input.kcm', builtinKeyboard=false
I/InputReader(  154):   Touch device 'mxt224_ts_input' could not query the properties of its associated display 0.  The device will be inoperable until the display size becomes available.
I/InputReader(  154): Device added: id=6, name='mxt224_ts_input', sources=0x00001103
I/InputReader(  154): Device added: id=4, name='herring-keypad', sources=0x00000101
I/InputReader(  154): Reconfiguring input devices.  changes=0x00000004
I/InputReader(  154): Device reconfigured: id=6, name='mxt224_ts_input', surface size is now 480x800, mode is 1
I/SystemServer(  154): Accessibility Manager
I/ActivityManager(  154): Config changed: {1.0 0mcc0mnc en_US layoutdir=0 sw320dp w320dp h508dp nrml long port ?uimode ?night finger -keyb/v/h -nav/h s.2}
D/PermissionCache(   78): checking android.permission.ACCESS_SURFACE_FLINGER for uid=1000 => granted (326 us)
I/SystemServer(  154): Device Policy
I/SystemServer(  154): Status Bar
I/SystemServer(  154): Clipboard Service
I/SystemServer(  154): NetworkManagement Service
I/SystemServer(  154): Text Service Manager Service
I/SystemServer(  154): NetworkStats Service
I/SystemServer(  154): NetworkPolicy Service
I/SystemServer(  154): Wi-Fi P2pService
I/SystemServer(  154): Wi-Fi Service
E/CommandListener(   75): Failed to open /proc/sys/net/ipv6/conf/wlan0/disable_ipv6: No such file or directory
E/WifiStateMachine(  154): Failed to disable IPv6: java.lang.IllegalStateException: Unable to communicate to native daemon for disabling ipv6
I/SystemServer(  154): Connectivity Service
D/ConnectivityService(  154): ConnectivityService starting up
E/ConnectivityService(  154): Ignoring protectedNetwork 10
E/ConnectivityService(  154): Ignoring protectedNetwork 11
E/ConnectivityService(  154): Ignoring protectedNetwork 12
I/bluedroid(  154): Starting hciattach daemon
I/bluedroid(  154): bt_enable: ret: -1, errno: 19
E/MobileDataStateTracker(  154): default: Ignoring feature request because could not acquire PhoneService
E/MobileDataStateTracker(  154): default: Could not enable APN type "default"
D/NetworkManagementService(  154): Registering observer
D/NetworkManagementService(  154): Registering observer
I/WifiService(  154): WifiService starting up with Wi-Fi disabled
I/SystemServer(  154): Throttle Service
I/SystemServer(  154): Mount Service
D/MountService(  154): got storage path: /mnt/sdcard description: USB storage primary: true removable: false emulated: false mtpReserve: 0 allowMassStorage: true maxFileSize: 4294967296
I/SystemServer(  154): Notification Manager
I/SystemServer(  154): Device Storage Monitor
I/SystemServer(  154): Location Manager
D/dalvikvm(  154): GC_CONCURRENT freed 383K, 4% free 11383K/11847K, paused 2ms+4ms
I/SystemServer(  154): Country Detector
I/SystemServer(  154): Search Service
I/SystemServer(  154): DropBox Service
I/SystemServer(  154): Wallpaper Service
I/SystemServer(  154): Audio Service
I/PackageManager(  154): Updating external media status from unmounted to unmounted
D/VoldCmdListener(   72): volume list
D/MountService(  154): volume state changed for /mnt/sdcard (null -> unmounted)
D/AudioHardware(   81): ### setVoiceVolume_l
I/SystemServer(  154): Dock Observer
I/SystemServer(  154): Wired Accessory Observer
I/SystemServer(  154): USB Service
I/bluedroid(  154): bt_enable: ret: -1, errno: 19
I/SystemServer(  154): UI Mode Manager Service
I/SystemServer(  154): Backup Service
V/BackupManagerService(  154): Initializing package tracking
V/BackupManagerService(  154): No ancestral data
V/BackupManagerService(  154): addPackageParticipantsLocked: null
I/BackupManagerService(  154): New app android never backed up; scheduling
I/bluedroid(  154): bt_enable: ret: -1, errno: 19
I/BackupManagerService(  154): New app com.android.nfc never backed up; scheduling
I/BackupManagerService(  154): New app com.android.providers.settings never backed up; scheduling
I/BackupManagerService(  154): New app com.android.providers.userdictionary never backed up; scheduling
I/BackupManagerService(  154): New app com.android.sharedstoragebackup never backed up; scheduling
I/BackupManagerService(  154): New app com.android.vending never backed up; scheduling
I/BackupManagerService(  154): New app com.google.android.browser never backed up; scheduling
I/BackupManagerService(  154): New app com.google.android.calendar never backed up; scheduling
I/BackupManagerService(  154): New app com.google.android.gm never backed up; scheduling
I/BackupManagerService(  154): New app com.google.android.inputmethod.latin never backed up; scheduling
I/BackupManagerService(  154): New app org.connectbot never backed up; scheduling
V/BackupManagerService(  154): Registering transport android/com.android.internal.backup.LocalTransport = com.android.internal.backup.LocalTransport@415d9668
V/BackupManagerService(  154): Starting with transport com.google.android.backup/.BackupTransportService
V/BackupManagerService(  154): Binding to Google transport
I/BackupManagerService(  154): Found stale backup journal, scheduling
I/BackupManagerService(  154):   android
I/BackupManagerService(  154):   com.android.nfc
I/BackupManagerService(  154):   com.android.providers.settings
I/BackupManagerService(  154):   com.android.providers.userdictionary
I/BackupManagerService(  154):   com.android.sharedstoragebackup
I/BackupManagerService(  154):   com.android.vending
I/bluedroid(  154): bt_enable: ret: -1, errno: 19
I/BackupManagerService(  154):   com.google.android.browser
I/BackupManagerService(  154):   com.google.android.calendar
I/BackupManagerService(  154):   com.google.android.gm
I/BackupManagerService(  154):   com.google.android.inputmethod.latin
I/BackupManagerService(  154):   org.connectbot
I/BackupManagerService(  154): Backup enabled => false
I/BackupManagerService(  154): Opting out of backup
I/SystemServer(  154): AppWidget Service
I/SystemServer(  154): Recognition Service
I/SystemServer(  154): DiskStats Service
I/SystemServer(  154): SamplingProfiler Service
I/SystemServer(  154): NetworkTimeUpdateService
I/WindowManager(  154): SAFE MODE not enabled
D/dalvikvm(  154): JIT started for system_server
D/PowerManagerService(  154): system ready!
I/ActivityManager(  154): System now ready
I/SystemServer(  154): Making services ready
D/SystemServer(  154): Starting service: Intent { cmp=com.android.systemui/.SystemUIService }
I/Zygote  (  154): Process: zygote socket opened
I/bluedroid(  154): bt_enable: ret: -1, errno: 19
D/dalvikvm(  154): GC_CONCURRENT freed 412K, 5% free 11567K/12103K, paused 9ms+3ms
I/ActivityManager(  154): Start proc com.android.systemui for service com.android.systemui/.SystemUIService: pid=218 uid=1000 gids={1015, 3002, 3001, 3003, 3007}
D/NetworkManagementService(  154): enabling bandwidth control
I/bluedroid(  154): bt_enable: ret: -1, errno: 19
D/dalvikvm(  154): GC_FOR_ALLOC freed 26K, 5% free 11705K/12231K, paused 60ms
I/bluedroid(  154): bt_enable: ret: -1, errno: 19
D/dalvikvm(  154): GC_FOR_ALLOC freed 4K, 4% free 12020K/12487K, paused 56ms
D/SystemUIService(  218): loading: class com.android.systemui.statusbar.phone.PhoneStatusBar
D/SystemUIService(  218): running: com.android.systemui.statusbar.phone.PhoneStatusBar@41334238
V/TransportControlView(  154): Create TCV com.android.internal.widget.TransportControlView@41539318
I/bluedroid(  154): bt_enable: ret: -1, errno: 19
I/bluedroid(  154): bt_enable: ret: -1, errno: 19
D/NetworkManagementService(  154): Registering observer
D/NetworkManagementService(  154): Registering observer
I/ActivityManager(  154): Config changed: {1.0 0mcc0mnc en_US layoutdir=0 sw320dp w320dp h508dp nrml long port finger -keyb/v/h -nav/h s.3}
I/bluedroid(  154): bt_enable: ret: -1, errno: 19
D/dalvikvm(  218): GC_CONCURRENT freed 105K, 3% free 9317K/9543K, paused 1ms+2ms
I/StatusBarManagerService(  154): registerStatusBar bar=com.android.internal.statusbar.IStatusBar$Stub$Proxy@4136d2c0
D/PhoneStatusBar(  218): disable: < expand icons alerts ticker system_info BACK* HOME* RECENT* CLOCK* >
I/bluedroid(  154): bt_enable: ret: -1, errno: 19
I/ActivityManager(  154): Start proc android.process.media for broadcast com.android.providers.media/.UsbReceiver: pid=265 uid=10014 gids={1015, 1023, 1024, 2001, 3003, 3007}
I/ActivityManager(  154): Start proc com.android.wallpaper for service com.android.wallpaper/.nexus.NexusWallpaper: pid=277 uid=10030 gids={1006}
W/InputManagerService(  154): Ignoring setImeWindowStatus of uid 1000 token: null
D/StorageNotification(  218): Startup with UMS connection false (media state unmounted)
D/SystemUIService(  218): loading: class com.android.systemui.power.PowerUI
D/SystemUIService(  218): running: com.android.systemui.power.PowerUI@41397168
I/ActivityThread(  265): Pub media: com.android.providers.media.MediaProvider
I/StorageNotification(  218): UMS connection changed to false (media state unmounted)
I/bluedroid(  154): bt_enable: ret: -1, errno: 19
I/ActivityManager(  154): Start proc com.google.android.inputmethod.latin for service com.google.android.inputmethod.latin/com.android.inputmethod.latin.LatinIME: pid=288 uid=10028 gids={}
D/NetworkManagementService(  154): Registering observer
I/ActivityManager(  154): Start proc com.android.phone for added application com.android.phone: pid=307 uid=1001 gids={3002, 3001, 3003, 1015}
I/bluedroid(  154): bt_enable: ret: -1, errno: 19
W/ThrottleService(  154): unable to find stats for iface rmnet0
I/ActivityThread(  265): Pub downloads: com.android.providers.downloads.DownloadProvider
I/ActivityManager(  154): Start proc com.android.nfc for added application com.android.nfc: pid=324 uid=1027 gids={3002, 3001}
I/ActivityManager(  154): START {act=android.intent.action.MAIN cat=[android.intent.category.HOME] flg=0x10000000 cmp=com.android.launcher/com.android.launcher2.Launcher} from pid 0
I/bluedroid(  154): bt_enable: ret: -1, errno: 19
I/ActivityManager(  154): Start proc com.android.launcher for activity com.android.launcher/com.android.launcher2.Launcher: pid=337 uid=10029 gids={}
I/ActivityThread(  265): Pub drm: com.android.providers.drm.DrmProvider
I/bluedroid(  154): bt_enable: ret: -1, errno: 19
I/DownloadManager(  265): in removeSpuriousFiles
D/dalvikvm(  154): GC_CONCURRENT freed 316K, 4% free 12476K/12871K, paused 3ms+17ms
I/bluedroid(  154): bt_enable: ret: -1, errno: 19
D/WifiService(  154): New client listening to asynchronous messages
I/DownloadManager(  265): in removeSpuriousFiles, preserving file /data/data/com.android.providers.downloads/cache/metadata.json
I/DownloadManager(  265): in removeSpuriousFiles, preserving file /data/data/com.android.providers.downloads/cache/en_general.htm
I/ActivityThread(  307): Pub telephony: com.android.providers.telephony.TelephonyProvider
I/NfcService(  324): Starting NFC service
D/NFC JNI (  324): NFC Service : loading JNI
I/bluedroid(  154): bt_enable: ret: -1, errno: 19
W/TelephonyProvider(  307): onCreate: confFile=/system/etc/apns-conf.xml oldCheckSum=-1
I/bluedroid(  154): bt_enable: ret: -1, errno: 19
I/ActivityThread(  307): Pub icc: com.android.phone.IccProvider
I/ActivityThread(  307): Pub mms: com.android.providers.telephony.MmsProvider
I/ActivityThread(  307): Pub sms: com.android.providers.telephony.SmsProvider
I/ActivityThread(  307): Pub mms-sms: com.android.providers.telephony.MmsSmsProvider
I/ActivityThread(  337): Pub com.android.launcher2.settings: com.android.launcher2.LauncherProvider
I/bluedroid(  154): bt_enable: ret: -1, errno: 19
I/RegisteredComponentCache(  324): ComponentInfo: ResolveInfo{4133b718 com.android.apps.tag.TagViewer p=0 o=0 m=0x108000}, techs: android.nfc.tech.Ndef, 
I/NfceeAccess(  324): read 1 signature(s) for NFCEE access
E/brcm_patchram_plus(  208): Done setting line discpline
I/bluedroid(  154): bt_enable: ret: -1, errno: 114
W/bluedroid(  154): Bluetoothd already started, unexpectedly!
I/bluedroid(  154): Starting bluetoothd deamon
E/BluetoothEventLoop.cpp(  154): get_adapter_path: D-Bus error: org.freedesktop.DBus.Error.ServiceUnknown (The name org.bluez was not provided by any .service files)
E/BluetoothEventLoop.cpp(  154): get_adapter_path: D-Bus error: org.freedesktop.DBus.Error.ServiceUnknown (The name org.bluez was not provided by any .service files)
E/BluetoothEventLoop.cpp(  154): get_adapter_path: D-Bus error: org.freedesktop.DBus.Error.ServiceUnknown (The name org.bluez was not provided by any .service files)
E/BluetoothEventLoop.cpp(  154): get_adapter_path: D-Bus error: org.freedesktop.DBus.Error.ServiceUnknown (The name org.bluez was not provided by any .service files)
E/BluetoothEventLoop.cpp(  154): get_adapter_path: D-Bus error: org.freedesktop.DBus.Error.ServiceUnknown (The name org.bluez was not provided by any .service files)
W/ActivityManager(  154): Unable to start service Intent { act=com.android.internal.telephony.IWapPushManager }: not found
E/BluetoothEventLoop.cpp(  154): get_adapter_path: D-Bus error: org.freedesktop.DBus.Error.ServiceUnknown (The name org.bluez was not provided by any .service files)
E/BluetoothEventLoop.cpp(  154): get_adapter_path: D-Bus error: org.freedesktop.DBus.Error.ServiceUnknown (The name org.bluez was not provided by any .service files)
E/BluetoothEventLoop.cpp(  154): get_adapter_path: D-Bus error: org.freedesktop.DBus.Error.ServiceUnknown (The name org.bluez was not provided by any .service files)
E/BluetoothEventLoop.cpp(  154): get_adapter_path: D-Bus error: org.freedesktop.DBus.Error.ServiceUnknown (The name org.bluez was not provided by any .service files)
E/BluetoothEventLoop.cpp(  154): get_adapter_path: D-Bus error: org.freedesktop.DBus.Error.ServiceUnknown (The name org.bluez was not provided by any .service files)
E/BluetoothEventLoop.cpp(  154): get_adapter_path: D-Bus error: org.freedesktop.DBus.Error.ServiceUnknown (The name org.bluez was not provided by any .service files)
E/BluetoothEventLoop.cpp(  154): get_adapter_path: D-Bus error: org.freedesktop.DBus.Error.ServiceUnknown (The name org.bluez was not provided by any .service files)
D/        (  307): [ApnContext] set reason as dataEnabled, for type default,current state IDLE
E/BluetoothEventLoop.cpp(  154): get_adapter_path: D-Bus error: org.freedesktop.DBus.Error.ServiceUnknown (The name org.bluez was not provided by any .service files)
D/        (  307): [ApnContext] set reason as dataEnabled, for type mms,current state IDLE
E/BluetoothEventLoop.cpp(  154): get_adapter_path: D-Bus error: org.freedesktop.DBus.Error.ServiceUnknown (The name org.bluez was not provided by any .service files)
E/BluetoothEventLoop.cpp(  154): get_adapter_path: D-Bus error: org.freedesktop.DBus.Error.ServiceUnknown (The name org.bluez was not provided by any .service files)
D/        (  307): [ApnContext] set reason as dataEnabled, for type supl,current state IDLE
D/        (  307): [ApnContext] set reason as dataEnabled, for type dun,current state IDLE
D/        (  307): [ApnContext] set reason as dataEnabled, for type hipri,current state IDLE
D/CAT     (  307): CatService: Is running
D/CAT     (  307): CatService: NEW sInstance
D/CallManager(  307): registerPhone(GSM Handler (com.android.internal.telephony.PhoneProxy) {4134f7e8})
E/BluetoothEventLoop.cpp(  154): get_adapter_path: D-Bus error: org.bluez.Error.NoSuchAdapter (No such adapter)
E/BluetoothEventLoop.cpp(  154): failure setting up Event Loop!
I/ActivityManager(  154): Start proc com.google.android.inputmethod.latin.dictionarypack for content provider com.google.android.inputmethod.latin.dictionarypack/.DictionaryProvider: pid=382 uid=10027 gids={3003, 1015}
D/dalvikvm(  218): GC_CONCURRENT freed 108K, 3% free 9633K/9863K, paused 2ms+22ms
D/dalvikvm(  288): GC_CONCURRENT freed 174K, 3% free 9342K/9607K, paused 6ms+11ms
D/dalvikvm(  307): GC_CONCURRENT freed 206K, 4% free 9267K/9607K, paused 2ms+66ms
I/ActivityManager(  154): Start proc android.process.acore for content provider com.android.providers.contacts/.CallLogProvider: pid=396 uid=10000 gids={3003, 1015}
D/NfcService(  324): checking on firmware download
D/NfcService(  324): NFC is on. Doing normal stuff
I/NfcService(  324): Enabling NFC
D/NFC JNI (  324): Start Initialization
I/ActivityThread(  382): Pub com.android.inputmethod.latin.dictionarypack: com.google.android.inputmethod.latin.dictionarypack.DictionaryProvider
W/ActivityManager(  154): Unable to start service Intent { act=com.android.ussd.IExtendedNetworkService }: not found
I/ActivityThread(  396): Pub com.android.voicemail: com.android.providers.contacts.VoicemailContentProvider
D/dalvikvm(   79): GC_EXPLICIT freed 34K, 4% free 9028K/9347K, paused 2ms+35ms
I/ActivityThread(  396): Pub user_dictionary: com.android.providers.userdictionary.UserDictionaryProvider
D/NFC JNI (  324): NFC capabilities: HAL = 8150100, FW = a76d0c, HW = 620003, Model = 0, HCI = 1, Full_FW = 109, Rev = 12, FW Update Info = 0
I/ActivityThread(  396): Pub com.android.social: com.android.providers.contacts.SocialProvider
I/ActivityThread(  396): Pub applications: com.android.providers.applications.ApplicationsProvider
D/dalvikvm(  337): GC_CONCURRENT freed 162K, 3% free 9291K/9543K, paused 2ms+19ms
E/BluetoothService.cpp(  154): setBluetoothTetheringNative true
D/BluetoothEventLoop(  154): Property Changed: UUIDs : 6
D/BluetoothEventLoop(  154): Property Changed: UUIDs : 7
D/BluetoothEventLoop(  154): Property Changed: UUIDs : 8
D/BluetoothEventLoop(  154): Property Changed: UUIDs : 9
D/BluetoothEventLoop(  154): Property Changed: Pairable : false
D/BluetoothEventLoop(  154): Property Changed: Powered : false
D/BluetoothAdapterStateMachine(  154): WarmUp process message: 54
D/Bluetooth HSHFP(  307): Starting BluetoothHeadsetService
D/BluetoothEventLoop(  154): Property Changed: UUIDs : 10
D/dalvikvm(   79): GC_EXPLICIT freed <1K, 4% free 9028K/9347K, paused 8ms+2ms
D/BluetoothAdapterStateMachine(  154): WarmUp process message: 51
D/NFC JNI (  324): phLibNfc_SE_GetSecureElementList()
D/NFC JNI (  324): 
D/NFC JNI (  324): > Number of Secure Element(s) : 1
D/NFC JNI (  324): phLibNfc_SE_GetSecureElementList(): SMX detected, handle=0xabcdef
D/NFC JNI (  324): phLibNfc_SE_SetMode() returned 0x000d[NFCSTATUS_PENDING]
I/NFC JNI (  324): NFC Initialized
D/dalvikvm(   79): GC_EXPLICIT freed <1K, 4% free 9028K/9347K, paused 2ms+5ms
D/NdefPushServer(  324): start, thread = null
D/NdefPushServer(  324): starting new server thread
D/NdefPushServer(  324): about create LLCP service socket
D/NdefPushServer(  324): created LLCP service socket
D/NdefPushServer(  324): about to accept
D/NfcService(  324): NFC-EE OFF
D/NfcService(  324): NFC-C OFF
I/ActivityThread(  396): Pub contacts;com.android.contacts: com.android.providers.contacts.ContactsProvider2
D/CAT     (  307): CatService: SIM ready. Reporting STK service running now...
V/SipBroadcastReceiver(  307): start auto registration
I/ActivityThread(  396): Pub call_log: com.android.providers.contacts.CallLogProvider
D/dalvikvm(  396): GC_CONCURRENT freed 189K, 3% free 9267K/9543K, paused 2ms+11ms
D/dalvikvm(  337): GC_CONCURRENT freed 155K, 3% free 9698K/9927K, paused 1ms+24ms
D/dalvikvm(  154): GC_EXPLICIT freed 364K, 4% free 12625K/13127K, paused 6ms+9ms
I/SearchManagerService(  154): Building list of searchable activities
D/dalvikvm(  337): GC_CONCURRENT freed 273K, 4% free 9962K/10311K, paused 2ms+2ms
D/libEGL  (  337): loaded /system/lib/egl/libGLES_android.so
D/libEGL  (  337): loaded /vendor/lib/egl/libEGL_POWERVR_SGX540_120.so
D/libEGL  (  337): loaded /vendor/lib/egl/libGLESv1_CM_POWERVR_SGX540_120.so
D/libEGL  (  337): loaded /vendor/lib/egl/libGLESv2_POWERVR_SGX540_120.so
D/OpenGLRenderer(  337): Enabling debug mode 0
D/dalvikvm(  337): GC_CONCURRENT freed 251K, 4% free 10161K/10503K, paused 2ms+2ms
I/dalvikvm(  452): Turning on JNI app bug workarounds for target SDK version 12...
I/ActivityManager(  154): Start proc com.google.process.gapps for service com.google.android.location/.NetworkLocationService: pid=452 uid=10011 gids={3003, 1015, 1007, 2001, 3006}
I/ActivityThread(  452): Pub com.google.settings: com.google.android.gsf.settings.GoogleSettingsProvider
D/GpsLocationProvider(  154): set_capabilities_callback: 7
I/ActivityThread(  452): Pub subscribedfeeds: com.google.android.gsf.subscribedfeeds.SubscribedFeedsProvider
I/GPS     (  154): gps_init() : SAMSUNG GPS DRIVER INITIALIZED [Ver 2.0] 2011.03.31)
I/ActivityManager(  154): Start proc com.android.settings for broadcast com.android.settings/.widget.SettingsAppWidgetProvider: pid=466 uid=1000 gids={1015, 3002, 3001, 3003, 3007}
I/ActivityThread(  452): Pub com.google.contacts.gal.provider: com.google.android.syncadapters.contacts.GalProvider
I/ActivityThread(  452): Pub com.google.android.gsf.gservices: com.google.android.gsf.gservices.GservicesProvider
I/GservicesProvider(  452): Gservices pushing to system: true; secure: true
I/ActivityThread(  452): Pub com.google.android.providers.talk: com.google.android.gsf.talk.TalkProvider
D/dalvikvm(  337): GC_FOR_ALLOC freed 31K, 3% free 10423K/10695K, paused 41ms
I/dalvikvm-heap(  337): Grow heap (frag case) to 10.576MB for 345760-byte allocation
D/NetworkLocationService(  452): onCreate com.google.android.location.NetworkLocationService@4134e2e0
D/NetworkLocationClient(  452): ANDROID minProtocolVersion 1 maxProtocolVersion 1 releaseVersion -1
D/NetworkLocationClient(  452): binding to Intent { act=com.google.android.location.internal.ANDROID_NLP }
D/dalvikvm(  337): GC_FOR_ALLOC freed 3K, 3% free 10757K/11079K, paused 59ms
D/LocalBluetoothProfileManager(  466): LocalBluetoothProfileManager construction complete
D/NetworkLocationService(  452): onBind com.google.android.location.NetworkLocationProvidercom.google.android.location.NetworkLocationService@4134e2e0
D/NetworkLocationService(  452): onBind com.google.android.location.GeocodeProvidercom.google.android.location.NetworkLocationService@4134e2e0
D/dalvikvm(  337): GC_FOR_ALLOC freed <1K, 4% free 11096K/11463K, paused 77ms
D/androidInternalNlpService(  452): onCreate com.google.android.location.internal.server.NetworkLocationService@4136d248
D/NetworkLocationRealOs(  452): NLPv2 file already exists; ignoring any NLPv1 files
I/StorageNotification(  218): UMS connection changed to true (media state unmounted)
D/androidNlpServiceThread(  452): ANDROID minProtocolVersion 1 maxProtocolVersion 1 releaseVersion -1
V/RenderScript(  277): rsContextCreateGL dev=0x9c4468
V/BackupManagerService(  154): Connected to Google transport
V/BackupManagerService(  154): Registering transport com.google.android.backup/.BackupTransportService = com.google.android.backup.BackupTransportService$1@416af340
V/RenderScript(  277): 0x9dd5f8 Launching thread(s), CPUs 1
V/RenderScript(  277): 0x9dd5f8 initEGL start
D/libEGL  (  277): loaded /system/lib/egl/libGLES_android.so
D/libEGL  (  277): loaded /vendor/lib/egl/libEGL_POWERVR_SGX540_120.so
D/libEGL  (  277): loaded /vendor/lib/egl/libGLESv1_CM_POWERVR_SGX540_120.so
D/libEGL  (  277): loaded /vendor/lib/egl/libGLESv2_POWERVR_SGX540_120.so
V/RenderScript(  277): 0x9dd5f8 initGLThread end
V/RenderScript(  277): 0x9dd5f8 rsContextCreateGL ret
D/dalvikvm(  218): GC_FOR_ALLOC freed 49K, 2% free 9938K/10119K, paused 45ms
D/dalvikvm(  307): GC_CONCURRENT freed 324K, 5% free 9349K/9799K, paused 1ms+7ms
D/dalvikvm(  452): GC_CONCURRENT freed 251K, 4% free 9283K/9607K, paused 2ms+3ms
D/NetworkLocationClient(  452): onServiceConnected to ComponentInfo{com.google.android.location/com.google.android.location.internal.server.NetworkLocationService}
D/MccTable(  307): updateMccMncConfiguration: mcc=310, mnc=260
D/MccTable(  307): locale set to en_us
D/MccTable(  307): WIFI_COUNTRY_CODE set to us
I/WifiService(  154): WifiService trying to set country code to us with persist set to true
I/ActivityManager(  154): Config changed: {1.0 310mcc260mnc en_US layoutdir=0 sw320dp w320dp h508dp nrml long port finger -keyb/v/h -nav/h s.4}
D/dalvikvm(  452): GC_CONCURRENT freed 168K, 3% free 9683K/9927K, paused 2ms+3ms
D/OpenGLRenderer(  337): Flushing caches (mode 0)
I/ActivityManager(  154): Start proc com.android.vending for broadcast com.android.vending/.MarketWidgetProvider: pid=498 uid=10043 gids={3003, 1015}
D/dalvikvm(  337): GC_CONCURRENT freed 57K, 2% free 11668K/11847K, paused 1ms+40ms
D/dalvikvm(  218): GC_FOR_ALLOC freed 387K, 6% free 9863K/10439K, paused 87ms
W/Launcher.Model(  337): LoaderTask running with no launcher (loadAllAppsByBatch)
I/ActivityThread(  498): Pub com.google.android.finsky.RecentSuggestionsProvider: com.google.android.finsky.providers.RecentSuggestionsProvider
D/Launcher.Model(  337): Reload apps on config change. curr_mcc:310 prevmcc:0
D/androidNetworkLocationListeners(  452): Still have listener com.google.android.location.internal.client.NetworkLocationClient$1@41353a98
D/androidNetworkLocationListeners(  452): Still have listener com.google.android.location.internal.client.NetworkLocationClient$1@41353a98
D/androidNetworkLocationListeners(  452): Still have listener com.google.android.location.internal.client.NetworkLocationClient$1@41353a98
D/WifiLocator(  452): Too many no-location APs. Will not compute a location nor go to the server. hasLocation=0 noLocation=0 cacheMiss=0
D/CellLocator(  452): Primary cell miss in cache. Need server request.
D/dalvikvm(  452): GC_CONCURRENT freed 641K, 8% free 9520K/10247K, paused 241ms+2ms
I/System.out(  452): [INFO:1819]: LogSource: Running flush
I/System.out(  452): [INFO:1883]: LogSource: Sending payload [bytes=274]
I/System.out(  452): [SEVERE:1935]: LogSource: AsyncHttpRequestImpl.run(): exception thrown : Unable to resolve host "www.google.com": No address associated with hostname: java.net.UnknownHostException
E/GlsClient-query(  452): requestFailed
D/WifiLocator(  452): Too many no-location APs. Will not compute a location nor go to the server. hasLocation=0 noLocation=0 cacheMiss=0
D/CellLocator(  452): Primary cell miss in cache. Need server request.
D/PowerManagerService(  154): bootCompleted
V/DevicePolicyManagerService(  154): Sending password expiration notifications for action android.intent.action.BOOT_COMPLETED
D/VoldCmdListener(   72): volume mount /mnt/sdcard
I/Vold    (   72): /dev/block/vold/179:3 being considered for volume sdcard
D/Vold    (   72): Volume sdcard state changing 1 (Idle-Unmounted) -> 3 (Checking)
D/MountService(  154): volume state changed for /mnt/sdcard (unmounted -> checking)
V/WiredAccessoryObserver(  154): init()
W/WiredAccessoryObserver(  154): This kernel does not have wired headset support
W/WiredAccessoryObserver(  154): This kernel does not have wired headset support
D/dalvikvm(  498): GC_CONCURRENT freed 239K, 4% free 9294K/9607K, paused 2ms+8ms
D/MountService(  154): sendStorageIntent Intent { act=android.intent.action.MEDIA_CHECKING dat=file:///mnt/sdcard (has extras) }
I/StorageNotification(  218): Media {/mnt/sdcard} state changed from {unmounted} -> {checking}
V/ScriptC (  277): Create script for resource = nexus
I/bcc     (  277): LIBBCC build time: 2011/12/16 08:33:52
I/bcc     (  277): LIBBCC build revision: 31e50d678d2a8aa28c6f38cccebfa3da2f78df4a (git)
D/Finsky  (  498): [1] SanityChecker.run: # LocalAssets corrected : 0
D/Finsky  (  498): Sanity check took : 81 ms
D/dalvikvm(  218): GC_FOR_ALLOC freed 221K, 4% free 10076K/10439K, paused 87ms
I/ActivityManager(  154): Start proc com.google.android.deskclock for broadcast com.google.android.deskclock/com.android.alarmclock.AnalogAppWidgetProvider: pid=553 uid=10013 gids={}
I/ActivityThread(  553): Pub com.android.deskclock: com.android.deskclock.AlarmProvider
