I/ActivityManager(  154): Start proc com.android.contacts for broadcast com.android.contacts/.calllog.CallLogReceiver: pid=569 uid=10000 gids={3003, 1015}
I//system/bin/fsck_msdos(   72): ** /dev/block/vold/179:3
I//system/bin/fsck_msdos(   72): ** Phase 1 - Read FAT (compare skipped)
I//system/bin/fsck_msdos(   72): Attempting to allocate 13624 KB for FAT
D/StopWatch(  277): StopWatch calcFileSHA1 time (us): 448569 
D/dalvikvm(  337): GC_CONCURRENT freed 2007K, 17% free 10483K/12615K, paused 1ms+4ms
V/OtaStartupReceiver(  307): onReceive: intent action=android.intent.action.BOOT_COMPLETED  mOtaspMode=-1
D/OtaStartupReceiver(  307): OTASP not supported, nothing to do.
I/RecoverySystem(  154): No recovery log file
I/ActivityManager(  154): Start proc com.android.providers.calendar for broadcast com.android.providers.calendar/.CalendarReceiver: pid=588 uid=10007 gids={3003, 1015}
I/ActivityThread(  588): Pub com.android.calendar: com.android.providers.calendar.CalendarProvider2
D/dalvikvm(  154): GC_CONCURRENT freed 683K, 6% free 12781K/13575K, paused 2ms+5ms
V/AlarmClock(  553): AlarmInitReceiver finished
I/ActivityManager(  154): Start proc com.google.android.email for broadcast com.google.android.email/com.android.email.service.EmailBroadcastReceiver: pid=605 uid=10015 gids={3003, 1015}
D/StopWatch(  277): StopWatch calcFileSHA1 time (us): 255578 
D/AccountTypeManager(  569): Registering 1 extension packages
E/ExternalAccountType(  569): Unsupported attribute readOnly
W/ResourceType(  569): getEntry failing because entryIndex 208 is beyond type entryCount 189
W/ResourceType(  569): Failure getting entry for 0x7f0200d0 (t=1 e=208) in package 0 (error -2147483647)
I/ActivityThread(  605): Pub com.android.email.attachmentprovider: com.android.email.provider.AttachmentProvider
I/ActivityThread(  605): Pub com.android.email.provider;com.android.email.notifier: com.android.email.provider.EmailProvider
D/bcc     (  277): Read object file size 5824
D/StopWatch(  277): StopWatch bcc: PrepareExecutable time (us): 75257 
E/bcc     (  277): Symbol not found: init
D/dalvikvm(  277): GC_FOR_ALLOC freed 79K, 3% free 9094K/9347K, paused 30ms
I/ActivityManager(  154): Start proc com.google.android.exchange for service com.google.android.exchange/com.android.exchange.ExchangeService: pid=620 uid=10016 gids={3003, 1015}
I/dalvikvm-heap(  277): Grow heap (frag case) to 11.878MB for 3072016-byte allocation
D/dalvikvm(  277): GC_CONCURRENT freed 2K, 3% free 12091K/12359K, paused 1ms+17ms
I/ActivityThread(  620): Pub com.android.exchange.directory.provider: com.android.exchange.provider.ExchangeDirectoryProvider
D/ExchangeService(  620): !!! EAS ExchangeService, onCreate
I/ActivityManager(  154): Start proc com.google.android.apps.genie.geniewidget for broadcast com.google.android.apps.genie.geniewidget/.miniwidget.MiniWidgetProvider: pid=637 uid=10018 gids={3003, 1015}
D/ExchangeService(  620): !!! EAS ExchangeService, onStartCommand, startingUp = false, running = false
I/dalvikvm(  637): Turning on JNI app bug workarounds for target SDK version 11...
D/ExchangeService(  620): !!! EAS ExchangeService, onStartCommand, startingUp = true, running = false
I/SurfaceFlinger(   78): Boot is finished (23359 ms)
D/Eas Debug(  620): Logging: 
I/ActivityThread(  637): Pub com.google.android.apps.genie.geniewidget.weather: com.google.android.apps.genie.geniewidget.providers.WeatherProvider
I/ActivityThread(  637): Pub com.google.android.apps.genie.geniewidget.newsimage: com.google.android.apps.genie.geniewidget.providers.NewsImageProvider
D/AccountTypeManager(  569): Registering extension package account type=com.google, dataSet=plus, packageName=com.google.android.apps.plus
I/AccountTypeManager(  569): Loaded meta-data for 3 account types, 0 accounts in 1035ms(wall) 30ms(cpu)
W/Genie   (  637): Cache file not found: java.io.FileNotFoundException: /data/data/com.google.android.apps.genie.geniewidget/cache/genie_masfcache: open failed: ENOENT (No such file or directory)
W/Genie   (  637): Cache file not found: java.io.FileNotFoundException: /data/data/com.google.android.apps.genie.geniewidget/cache/genie_iconcache: open failed: ENOENT (No such file or directory)
I/ActivityManager(  154): Start proc com.google.android.gm for broadcast com.google.android.gm/.MailIntentReceiver: pid=656 uid=10019 gids={3003, 1015}
I/ActivityThread(  656): Pub gmail-ls: com.google.android.gm.provider.MailProvider
I/ActivityThread(  656): Pub com.google.android.gmail.SuggestionProvider: com.google.android.gm.SuggestionsProvider
D/dalvikvm(  154): GC_EXPLICIT freed 168K, 7% free 12698K/13575K, paused 4ms+7ms
I/ActivityThread(  656): Pub com.google.android.gm: com.google.android.gm.provider.PublicContentProvider
I/ActivityManager(  154): Start proc com.google.android.partnersetup for broadcast com.google.android.partnersetup/.GooglePartnerSetup: pid=672 uid=10022 gids={3003}
D/dalvikvm(   79): GC_EXPLICIT freed 37K, 4% free 9028K/9347K, paused 2ms+13ms
I/ActivityThread(  672): Pub com.google.android.partnersetup.rlzprovider: com.google.android.partnersetup.RlzProvider
I/ActivityThread(  672): Pub com.google.android.partnersetup.rlzappprovider: com.google.android.partnersetup.RlzAppProvider
D/dalvikvm(   79): GC_EXPLICIT freed <1K, 4% free 9028K/9347K, paused 1ms+5ms
D/dalvikvm(   79): GC_EXPLICIT freed <1K, 4% free 9028K/9347K, paused 2ms+2ms
I/ActivityManager(  154): Start proc com.google.android.gsf.login for service com.google.android.gsf.login/com.google.android.gsf.loginservice.GoogleLoginService: pid=689 uid=10011 gids={3003, 1015, 1007, 2001, 3006}
E/DefaultVoicemailNotifier(  569): No voicemails to notify about: clear the notification.
D/dalvikvm(  154): GC_EXPLICIT freed 58K, 7% free 12711K/13575K, paused 3ms+4ms
D/dalvikvm(  452): GC_FOR_ALLOC freed 158K, 7% free 9593K/10247K, paused 27ms
I/RlzPingService(  672): Setting next ping for 1334351606637
D/dalvikvm(  452): GC_FOR_ALLOC freed 29K, 7% free 9594K/10247K, paused 19ms
I/dalvikvm-heap(  452): Grow heap (frag case) to 9.456MB for 16400-byte allocation
D/dalvikvm(  452): GC_FOR_ALLOC freed 2K, 7% free 9607K/10311K, paused 16ms
D/dalvikvm(  452): GC_FOR_ALLOC freed 129K, 7% free 9606K/10311K, paused 15ms
I/EventLogService(  452): Aggregate from 1333740992547 (log), 1333740873974 (data)
I/SystemUpdateService(  452): checking for post-install intent
D/ExchangeService(  620): Received deviceId from Email app: androidc1254951434
D/ExchangeService(  620): Reconciling accounts...
D/ExchangeService(  620): !!! EAS ExchangeService, onStartCommand, startingUp = true, running = false
D/dalvikvm(  452): GC_FOR_ALLOC freed 100K, 7% free 9615K/10311K, paused 20ms
D/Finsky  (  498): [65] DownloadRecords.initializeAndPrune: Pruned 0 old downloads from the cursor.
D/Eas Debug(  620): Logging: 
D/dalvikvm(  337): GC_CONCURRENT freed 268K, 16% free 10599K/12615K, paused 2ms+4ms
I/ActivityManager(  154): Start proc com.google.android.apps.maps:FriendService for broadcast com.google.android.apps.maps/com.google.googlenav.friend.android.ServiceReceiver: pid=726 uid=10032 gids={3003, 1015}
I/dalvikvm(  726): Turning on JNI app bug workarounds for target SDK version 13...
D/dalvikvm(  726): GC_CONCURRENT freed 156K, 3% free 9378K/9607K, paused 2ms+2ms
D/dalvikvm(  337): GC_CONCURRENT freed 440K, 17% free 10577K/12615K, paused 2ms+3ms
D/dalvikvm(  337): GC_FOR_ALLOC freed 326K, 17% free 10485K/12615K, paused 47ms
D/dalvikvm(  726): GC_CONCURRENT freed 123K, 3% free 9707K/9927K, paused 2ms+2ms
D/dalvikvm(  337): GC_FOR_ALLOC freed 11K, 15% free 10812K/12615K, paused 23ms
D/dalvikvm(  337): GC_FOR_ALLOC freed <1K, 12% free 11150K/12615K, paused 20ms
I/ActivityManager(  154): Start proc com.google.android.apps.maps:NetworkLocationService for service com.google.android.apps.maps/com.google.android.location.internal.server.NetworkLocationService: pid=738 uid=10032 gids={3003, 1015}
I/dalvikvm(  738): Turning on JNI app bug workarounds for target SDK version 13...
I/ActivityManager(  154): Start proc com.android.mms for broadcast com.android.mms/.transaction.MmsSystemEventReceiver: pid=748 uid=10036 gids={3003, 1015}
I/ActivityThread(  748): Pub mms_temp_file: com.android.mms.TempFileProvider
I/ActivityThread(  748): Pub com.android.mms.SuggestionsProvider: com.android.mms.SuggestionsProvider
V/MmsConfig(  748): mnc/mcc: 310260
V/MmsConfig(  748): tag: int value: maxMessageSize - 1048576
V/MmsConfig(  748): tag: int value: maxImageHeight - 1944
V/MmsConfig(  748): tag: int value: maxImageWidth - 2592
V/MmsConfig(  748): tag: string value: userAgent - Nexuss
V/MmsConfig(  748): tag: string value: uaProfUrl - http://wap.samsungmobile.com/uaprof/GT-I9020T.xml
D/dalvikvm(  337): GC_CONCURRENT freed 58K, 8% free 11675K/12615K, paused 1ms+11ms
D/MmsSmsDatabaseHelper(  307): [MmsSmsDb] tableName: threads hasAutoIncrement: CREATE TABLE threads (_id INTEGER PRIMARY KEY AUTOINCREMENT,date INTEGER DEFAULT 0,message_count INTEGER DEFAULT 0,recipient_ids TEXT,snippet TEXT,snippet_cs INTEGER DEFAULT 0,read INTEGER DEFAULT 1,type INTEGER DEFAULT 0,error INTEGER DEFAULT 0,has_attachment INTEGER DEFAULT 0) result: true
D/MmsSmsDatabaseHelper(  307): [MmsSmsDb] tableName: canonical_addresses hasAutoIncrement: CREATE TABLE canonical_addresses (_id INTEGER PRIMARY KEY AUTOINCREMENT,address TEXT) result: true
D/MmsSmsDatabaseHelper(  307): [getWritableDatabase] hasAutoIncrementThreads: true hasAutoIncrementAddresses: true
I/CalendarProvider2(  588): Sending notification intent: Intent { act=android.intent.action.PROVIDER_CHANGED dat=content://com.android.calendar }
W/ContentResolver(  588): Failed to get type for: content://com.android.calendar (Unknown URL content://com.android.calendar)
D/dalvikvm(  738): GC_CONCURRENT freed 158K, 3% free 9375K/9607K, paused 2ms+2ms
D/CountryDetectorService(  154): The first listener is added
D/dalvikvm(  748): GC_CONCURRENT freed 239K, 4% free 9294K/9607K, paused 2ms+3ms
W/ActivityManager(  154): Permission Denial: receiving Intent { act=android.intent.action.BOOT_COMPLETED flg=0x10 } to com.android.musicfx requires android.permission.RECEIVE_BOOT_COMPLETED due to sender null (uid 1000)
I/ActivityManager(  154): Start proc com.google.android.onetimeinitializer for broadcast com.google.android.onetimeinitializer/.OneTimeInitializerReceiver: pid=776 uid=10040 gids={}
V/OneTimeInitializerReceiver(  776): OneTimeInitializerReceiver.onReceive
V/OneTimeService(  776): OneTimeService.onHandleIntent
I/ActivityManager(  154): Start proc com.google.android.talk for broadcast com.google.android.talk/.videochat.BootCompleteReceiver: pid=789 uid=10050 gids={3003, 1015, 1006, 3002}
I/SystemUpdateService(  452): download in progress: [id: 13 compl: false succ: false bytes: 0 reason: 0 fn: null]
V/SystemUpdateService(  452): onPostExecute: false
I/ActivityThread(  789): Pub com.google.android.talk.SuggestionProvider: com.google.android.talk.SuggestionsProvider
D/ConnectivityService(  154): handleInetConditionChange: no active default network - ignore
D/dalvikvm(  218): GC_CONCURRENT freed 402K, 5% free 10114K/10631K, paused 2ms+2ms
D/vclib:CallStateClient(  789): startListening
I/talk    (  789): Refresh the supported camera state
I/ActivityManager(  154): Start proc com.google.android.videos for broadcast com.google.android.videos/com.google.android.youtube.videos.transfer.VideoDownloadService$BootReceiver: pid=808 uid=10053 gids={3003, 1015}
I/talk    (  789): supported front camera true
D/dalvikvm(  789): GC_CONCURRENT freed 224K, 4% free 9309K/9607K, paused 2ms+6ms
I/talk    (  789): supported front camera true
I/ActivityThread(  808): Pub com.google.android.videos: com.google.android.youtube.videos.honeycomb.search.VideoSearchProvider
D/Videos  (  808): youtube.core.BaseApplication.createHttpClient:298 HttpClient.UserAgent: com.google.android.videos/1.4.3(Linux; U; Android 4.0.3; en_US; Nexus S Build/IML74K)
D/Videos  (  808): youtube.core.utils.SafeSearch.run:49 checking parental control
D/dalvikvm(  452): GC_EXPLICIT freed 217K, 6% free 9741K/10311K, paused 3ms+4ms
D/Videos  (  808): youtube.core.utils.SafeSearch.run:51 parental control is false
I/Videos  (  808): youtube.videos.VideosApplication.getCurrentCountryCode:190 device country = us
D/Videos  (  808): youtube.core.utils.Util.shrinkDirSize:515 Dir is below limit, no need to shrink: [size=0, limit=5242880]
D/dalvikvm(  808): GC_CONCURRENT freed 317K, 5% free 9217K/9607K, paused 2ms+2ms
W/ApplicationContext(  808): Unable to create external files directory
D/Videos  (  808): youtube.videos.transfer.VideoDownloadService$BootReceiver.onReceive:46 boot completed, starting video download service
I/ActivityManager(  154): Start proc com.android.voicedialer for broadcast com.android.voicedialer/.VoiceDialerReceiver: pid=846 uid=10055 gids={3002}
I/Videos  (  808): youtube.videos.DownloadJanitorService.onStartCommand:74 Janitor starting
D/Videos  (  808): youtube.core.transfer.TransferService.onCreate:174 creating transfer service
W/ActivityManager(  154): Permission Denial: receiving Intent { act=android.intent.action.BOOT_COMPLETED flg=0x10 } to com.google.android.youtube requires android.permission.RECEIVE_BOOT_COMPLETED due to sender null (uid 1000)
W/ActivityManager(  154): Permission Denial: receiving Intent { act=android.intent.action.BOOT_COMPLETED flg=0x10 } to com.google.android.youtube requires android.permission.RECEIVE_BOOT_COMPLETED due to sender null (uid 1000)
I/ActivityManager(  154): Start proc com.google.android.apps.googlevoice for broadcast com.google.android.apps.googlevoice/.BootUpReceiver: pid=860 uid=10058 gids={3003, 1015}
I/dalvikvm(  860): Turning on JNI app bug workarounds for target SDK version 13...
D/Videos  (  808): youtube.core.transfer.TransfersDbHelper$DbHandler.handleMessage:130 db init
D/Videos  (  808): youtube.core.transfer.TransfersDbHelper$DbHandler.handleMessage:137 db restore
D/dalvikvm(  738): GC_CONCURRENT freed 177K, 3% free 9738K/9991K, paused 2ms+3ms
D/Videos  (  808): youtube.core.transfer.TransferService.restore:234 restored 0 transfers
D/dalvikvm(  860): GC_CONCURRENT freed 277K, 4% free 9190K/9543K, paused 2ms+2ms
I/ActivityManager(  154): Start proc com.google.android.apps.maps:LocationFriendService for broadcast com.google.android.apps.maps/com.google.googlenav.friend.reporting.LocationReportingIntentReceiver: pid=878 uid=10032 gids={3003, 1015}
I/dalvikvm(  878): Turning on JNI app bug workarounds for target SDK version 13...
I/ActivityManager(  154): No longer want com.google.android.inputmethod.latin.dictionarypack (pid 382): hidden #16
D/dalvikvm(  878): GC_CONCURRENT freed 175K, 3% free 9358K/9607K, paused 2ms+3ms
D/Videos  (  808): youtube.core.transfer.TransferService.onDestroy:386 destroying transfer service
D/Videos  (  808): youtube.core.transfer.TransfersDbHelper$DbHandler.handleMessage:165 db close
I/ActivityManager(  154): Start proc com.google.android.calendar for broadcast com.google.android.calendar/com.android.calendar.widget.CalendarAppWidgetService$CalendarFactory: pid=892 uid=10006 gids={3003}
I/ActivityManager(  154): No longer want com.android.contacts (pid 569): hidden #16
D/dalvikvm(   79): GC_EXPLICIT freed 37K, 4% free 9028K/9347K, paused 2ms+2ms
D/dalvikvm(   79): GC_EXPLICIT freed <1K, 4% free 9028K/9347K, paused 2ms+2ms
D/dalvikvm(   79): GC_EXPLICIT freed <1K, 4% free 9028K/9347K, paused 1ms+2ms
I/Videos  (  808): youtube.videos.DownloadJanitorService$1.run:116 Janitor done
I/ActivityThread(  892): Pub com.google.android.calendar.CalendarRecentSuggestionsProvider: com.android.calendar.CalendarRecentSuggestionsProvider
D/dalvikvm(  748): GC_CONCURRENT freed 263K, 4% free 9474K/9863K, paused 2ms+51ms
I/ActivityManager(  154): Start proc com.google.android.music:main for broadcast com.google.android.music/.store.MediaStoreImportService$Receiver: pid=907 uid=10037 gids={3003, 1015}
I/ActivityManager(  154): No longer want com.google.android.apps.genie.geniewidget (pid 637): hidden #16
I/ActivityThread(  907): Pub com.google.android.music.MusicContent: com.google.android.music.store.MusicContentProvider
I/ActivityManager(  154): No longer want com.google.android.gsf.login (pid 689): hidden #16
I/ActivityManager(  154): No longer want com.google.android.partnersetup (pid 672): hidden #17
I/DownloadManager(  265): Initiating request for download 14
D/dalvikvm(  738): GC_CONCURRENT freed 176K, 3% free 10121K/10375K, paused 2ms+3ms
I/MusicStore(  907): Database version: 37
D/dalvikvm(  907): GC_CONCURRENT freed 182K, 3% free 9329K/9607K, paused 2ms+4ms
W/DownloadManager(  265): Aborting request for download 14: no network connection available
I/AsyncCursor1:1(  907): Initialized for content://com.google.android.music.MusicContent/playlists, proj:_id#name, sel: 'null', args: null, order: null
D/dalvikvm(  154): GC_EXPLICIT freed 640K, 6% free 12854K/13575K, paused 2ms+5ms
I/talk    (  789): onMcsConnectionStarted
D/dalvikvm(  265): GC_CONCURRENT freed 204K, 4% free 9208K/9543K, paused 4ms+3ms
I/ActivityManager(  154): No longer want com.android.mms (pid 748): hidden #16
D/CountryDetectorService(  154): No listener is left
D/dalvikvm(  738): GC_CONCURRENT freed 705K, 8% free 9866K/10695K, paused 2ms+2ms
I/System.out(  738): [INFO:2572]: c: Running flush
I/System.out(  738): [INFO:2619]: c: Sending payload [bytes=290]
I/System.out(  738): [SEVERE:2674]: c: AsyncHttpRequestImpl.run(): exception thrown : Unable to resolve host "www.google.com": No address associated with hostname: java.net.UnknownHostException
D/dalvikvm(  396): GC_CONCURRENT freed 198K, 4% free 9474K/9799K, paused 3ms+3ms
I/ActivityManager(  154): No longer want com.google.android.exchange (pid 620): hidden #16
I//system/bin/fsck_msdos(   72): ** Phase 2 - Check Cluster Chains
I/ActivityManager(  154): Start proc com.google.android.exchange for service com.google.android.exchange/com.android.exchange.ExchangeService: pid=933 uid=10016 gids={3003, 1015}
I/ActivityThread(  933): Pub com.android.exchange.directory.provider: com.android.exchange.provider.ExchangeDirectoryProvider
D/ExchangeService(  933): !!! EAS ExchangeService, onStartCommand, startingUp = false, running = false
I/ActivityManager(  154): No longer want com.google.android.email (pid 605): hidden #16
I/Vold    (   72): Filesystem check completed OK
W/ActivityManager(  154): Scheduling restart of crashed service com.google.android.email/com.android.email.service.AccountService in 5000ms
I/Vold    (   72): Device /dev/block/vold/179:3, target /mnt/sdcard mounted @ /mnt/secure/staging
D/Vold    (   72): Volume sdcard state changing 3 (Checking) -> 4 (Mounted)
D/MountService(  154): volume state changed for /mnt/sdcard (checking -> mounted)
I/ServiceDumpSys(  452): dumping service [account]
D/MountService(  154): sendStorageIntent Intent { act=android.intent.action.MEDIA_MOUNTED dat=file:///mnt/sdcard (has extras) }
I/ActivityManager(  154): Start proc com.google.android.apps.uploader for broadcast com.google.android.apps.uploader/.ConnectivityBroadcastReceiver: pid=959 uid=10034 gids={3003}
I/StorageNotification(  218): Media {/mnt/sdcard} state changed from {checking} -> {mounted}
D/VoldCmdListener(   72): asec list
W/PackageManager(  154): Not granting permission android.permission.SEND_DOWNLOAD_COMPLETED_INTENTS to package com.google.android.browser (protectionLevel=2 flags=0x9be45)
W/PackageManager(  154): Unknown permission com.android.vending.permission.UPDATE_MARKET_FAILURE in package com.android.vending.updater
W/PackageManager(  154): Unknown permission android.permission.ADD_SYSTEM_SERVICE in package com.android.phone
W/PackageManager(  154): Unknown permission com.android.smspush.WAPPUSH_MANAGER_BIND in package com.android.phone
W/PackageManager(  154): Unknown permission com.android.vending.billing.IBillingAccountService.BIND2 in package com.google.android.gsf.login
W/PackageManager(  154): Not granting permission android.permission.DEVICE_POWER to package com.google.android.deskclock (protectionLevel=2 flags=0x8be45)
W/PackageManager(  154): Unknown permission android.permission.READ_OWNER_DATA in package com.google.android.setupwizard
W/PackageManager(  154): Unknown permission android.permission.WRITE_OWNER_DATA in package com.google.android.setupwizard
W/PackageManager(  154): Not granting permission com.google.android.gm.permission.READ_GMAIL to package com.google.android.apps.uploader (protectionLevel=2 flags=0x8be45)
W/PackageManager(  154): Unknown permission android.permission.READ_EXTERNAL_STORAGE in package com.android.vending
W/PackageManager(  154): Not granting permission android.permission.SEND_DOWNLOAD_COMPLETED_INTENTS to package com.android.vending (protectionLevel=2 flags=0xabec5)
W/PackageManager(  154): Not granting permission android.permission.ACCOUNT_MANAGER to package com.google.android.music (protectionLevel=2 flags=0x8be65)
W/PackageManager(  154): Unknown permission com.android.providers.im.permission.READ_ONLY in package com.google.android.apps.maps
I//system/bin/fsck_msdos(   72): ** Phase 3 - Checking Directories
W/PackageManager(  154): Unknown permission android.permission.READ_EXTERNAL_STORAGE in package com.google.android.videoeditor
W/PackageManager(  154): Unknown permission com.google.android.apps.googlevoice.REMOTE_INTENT in package com.google.android.apps.googlevoice
W/PackageManager(  154): Unknown permission com.google.android.permission.RECEIVE_DATA_MESSAGE in package com.google.android.apps.googlevoice
W/PackageManager(  154): Unknown permission com.google.android.permission.SEND_DATA_MESSAGE in package com.google.android.apps.googlevoice
I//system/bin/fsck_msdos(   72): ** Phase 4 - Checking for Lost Files
D/AlarmManagerService(  154): Kernel timezone updated to 240 minutes west of GMT
V/AlarmClock(  553): AlarmInitReceiver finished
D/dalvikvm(  337): GC_FOR_ALLOC freed 387K, 5% free 12060K/12679K, paused 160ms
D/dalvikvm(  307): GC_CONCURRENT freed 337K, 5% free 9509K/9927K, paused 7ms+5ms
I//system/bin/fsck_msdos(   72): Next free cluster in FSInfo block (298) not free
I//system/bin/fsck_msdos(   72): FIXED
I//system/bin/fsck_msdos(   72): 74 files, 1366628 free (3487385 clusters)
I/PackageManager(  154): Updating external media status from unmounted to mounted
D/MediaScannerReceiver(  265): action: android.intent.action.MEDIA_MOUNTED path: /mnt/sdcard
I/AudioService(  154):  AudioFocus  requestAudioFocus() from android.media.AudioManager@4130c758
D/AudioHardware(   81): AudioHardware pcm playback is exiting standby.
D/AudioHardware(   81): openPcmOut_l() mPcmOpenCnt: 0
I/dalvikvm(  959): Turning on JNI app bug workarounds for target SDK version 11...
I/PackageManager(  154): No secure containers on sdcard
I/ActivityThread(  959): Pub com.google.android.apps.uploader: com.google.android.apps.uploader.UploadsContentProvider
I/ActivityThread(  959): Pub com.google.photos.provider.Album: com.google.android.apps.uploader.clients.picasa.AlbumProvider
D/MediaUploader(  959): UploaderApplication.onCreate
D/SystemClock(  307): Setting time of day to sec=1333746812
D/MediaUploader(  959): nonWifiLimit=20971520, default=20971520
I/MediaUploader(  959): No need to wake up
D/dalvikvm(  218): GC_CONCURRENT freed 306K, 4% free 10302K/10695K, paused 2ms+2ms
I/ActivityManager(  154): Start proc com.google.android.apps.plus for broadcast com.google.android.apps.plus/.service.PackagesMediaMonitor: pid=974 uid=10044 gids={3003, 1015, 1006}
I/ActivityManager(  154): No longer want com.google.android.onetimeinitializer (pid 776): hidden #16
D/dalvikvm(  218): GC_FOR_ALLOC freed 298K, 5% free 10364K/10887K, paused 34ms
D/dalvikvm(  218): GC_FOR_ALLOC freed 384K, 7% free 10159K/10887K, paused 25ms
I/ActivityThread(  974): Pub com.google.android.apps.plus.content.EsProvider: com.google.android.apps.plus.content.EsProvider
I/ActivityThread(  974): Pub com.google.android.apps.plus.content.ApiProvider: com.google.android.apps.plus.content.EsApiProvider
I/ActivityThread(  974): Pub com.google.android.apps.plus.content.EsGooglePhotoProvider: com.google.android.picasasync.PicasaContentProvider
D/dalvikvm(  974): GC_CONCURRENT freed 255K, 4% free 9279K/9607K, paused 2ms+2ms
D/dalvikvm(  974): GC_CONCURRENT freed 559K, 7% free 9294K/9927K, paused 2ms+2ms
I/ActivityThread(  974): Pub com.google.plus.platform: com.google.android.apps.plus.content.AdsProvider
D/dalvikvm(  974): GC_FOR_ALLOC freed 16K, 7% free 9329K/9927K, paused 17ms
I/dalvikvm-heap(  974): Grow heap (frag case) to 9.192MB for 11416-byte allocation
D/dalvikvm(  974): GC_FOR_ALLOC freed 0K, 7% free 9340K/9991K, paused 19ms
V/PicasaContentProvider(  974): querySettings: defaults: {sync_on_wifi_only=1, auto_upload_account_type=null, sync_on_battery=1, sync_picasa_on_wifi_only=1, auto_upload_enabled=0, video_upload_wifi_only=1, sync_on_roaming=0, auto_upload_account_name=null}
D/UploadsManager(  974): load newPhotoTracker: null
D/UploadsManager(  974): load all accounts: null
D/UploadsManager(  974): load all account-album pairs: null
V/PicasaContentProvider(  974): querySettings: defaults: {sync_on_wifi_only=1, auto_upload_account_type=null, sync_on_battery=1, sync_picasa_on_wifi_only=1, auto_upload_enabled=0, video_upload_wifi_only=1, sync_on_roaming=0, auto_upload_account_name=null}
D/UploadsManager(  974):    settings not changed
I/ActivityManager(  154): No longer want com.google.android.videos (pid 808): hidden #16
W/MediaScanner(  265): Error opening directory '/mnt/sdcard/.android_secure/', skipping: Permission denied.
V/MediaScanner(  265): pruneDeadThumbnailFiles... android.database.sqlite.SQLiteCursor@41380a30
V/MediaScanner(  265): /pruneDeadThumbnailFiles... android.database.sqlite.SQLiteCursor@41380a30
I/MediaStoreImporter(  907): Update: incremental Added music: 0 Updated music: 0 Deleted music: 0 Created playlists: 0 Updated playlists: 0 Deleted playlists: 0 Inserted playlist items: 0 Deleted playlist items: 0 Removed orphaned playlist items: 0
I/AudioService(  154):  AudioFocus  abandonAudioFocus() from android.media.AudioManager@4130c758
I/ActivityManager(  154): Start proc com.google.android.email for service com.google.android.email/com.android.email.service.AccountService: pid=993 uid=10015 gids={3003, 1015}
I/ActivityThread(  993): Pub com.android.email.attachmentprovider: com.android.email.provider.AttachmentProvider
I/ActivityThread(  993): Pub com.android.email.provider;com.android.email.notifier: com.android.email.provider.EmailProvider
D/Eas Debug(  933): Logging: 
I/ActivityManager(  154): No longer want com.android.voicedialer (pid 846): hidden #16
D/ExchangeService(  933): Received deviceId from Email app: androidc1254951434
D/ExchangeService(  933): Reconciling accounts...
D/ExchangeService(  933): !!! EAS ExchangeService, onStartCommand, startingUp = true, running = false
D/Eas Debug(  933): Logging: 
I/ActivityManager(  154): No longer want com.google.android.apps.googlevoice (pid 860): hidden #16
D/ConnectivityService(  154): ConnectivityChange for mobile: CONNECTED/CONNECTED
D/dalvikvm(  154): GC_CONCURRENT freed 896K, 8% free 12920K/13895K, paused 9ms+10ms
D/AudioHardware(   81): AudioHardware pcm playback is going to standby.
D/AudioHardware(   81): closePcmOut_l() mPcmOpenCnt: 1
D/Tethering(  154): MasterInitialState.processMessage what=3
I/GTalkService/c(  452): [AndroidEndpoint@1094134232] connect: acct=1000000, state=CONNECTING
I/MediaUploader(  959): No need to wake up
D/PicasaSync(  974): sync account database
D/PicasaSync(  974): accounts in DB=0
V/PicasaContentProvider(  974): querySettings: defaults: {sync_on_wifi_only=1, auto_upload_account_type=null, sync_on_battery=1, sync_picasa_on_wifi_only=1, auto_upload_enabled=0, video_upload_wifi_only=1, sync_on_roaming=0, auto_upload_account_name=null}
D/PicasaSyncManager(  974): active network: NetworkInfo: type: mobile[HSDPA], state: CONNECTED/CONNECTED, reason: dataAttached, extra: epc.tmobile.com, roaming: false, failover: false, isAvailable: true
D/dalvikvm(  452): GC_CONCURRENT freed 329K, 6% free 9849K/10375K, paused 2ms+4ms
D/PicasaSyncManager(  974): background data: true
D/PicasaSyncManager(  974): battery info: true
D/dalvikvm(  154): GC_EXPLICIT freed 176K, 8% free 12852K/13895K, paused 9ms+6ms
D/dalvikvm(  154): GC_FOR_ALLOC freed 413K, 8% free 12866K/13895K, paused 85ms
D/dalvikvm(  307): GC_CONCURRENT freed 419K, 6% free 9505K/10055K, paused 3ms+2ms
D/NetworkPolicy(  154): applying policy NetworkPolicy[NetworkTemplate: matchRule=MOBILE_ALL, subscriberId=valid]: cycleDay=15, warningBytes=2147483648, limitBytes=-1, lastSnooze=-1 to ifaces [rmnet0]
D/dalvikvm(  154): GC_FOR_ALLOC freed 820K, 8% free 12893K/13959K, paused 87ms
E/GTalkService(  452): connectionClosed: no XMPPConnection - That's strange!
D/ConnectivityService(  154): handleInetConditionHoldEnd: net=0, condition=0, published condition=0
D/dalvikvm(  307): GC_CONCURRENT freed 428K, 6% free 9501K/10055K, paused 7ms+1ms
I/GTalkService/c(  452): [AndroidEndpoint@1094134232] connect: acct=1000000, state=CONNECTING
D/AlarmManagerService(  154): Kernel timezone updated to 240 minutes west of GMT
D/SystemClock(  307): Setting time of day to sec=1333746969
V/AlarmClock(  553): AlarmInitReceiver finished
D/dalvikvm(  154): GC_CONCURRENT freed 847K, 8% free 12889K/13959K, paused 3ms+5ms
E/GTalkService(  452): connectionClosed: no XMPPConnection - That's strange!
D/ConnectivityService(  154): handleInetConditionHoldEnd: net=0, condition=0, published condition=0
I/GTalkService/c(  452): [AndroidEndpoint@1094134232] connect: acct=1000000, state=CONNECTING
D/dalvikvm(  452): GC_CONCURRENT freed 416K, 6% free 9827K/10375K, paused 12ms+3ms
D/dalvikvm(  218): GC_CONCURRENT freed 258K, 6% free 10284K/10887K, paused 13ms+2ms
D/dalvikvm(  307): GC_CONCURRENT freed 421K, 6% free 9501K/10055K, paused 8ms+2ms
D/ConnectivityService(  154): handleInetConditionHoldEnd: net=0, condition=100, published condition=0
W/Smack/Packet(  452): notify conn break (IOEx), close connection
D/ConnectivityService(  154): handleInetConditionHoldEnd: net=0, condition=0, published condition=100
I/GTalkService/c(  452): [AndroidEndpoint@1094134232] connect: acct=1000000, state=CONNECTING
D/dalvikvm(  452): GC_CONCURRENT freed 369K, 5% free 9883K/10375K, paused 15ms+3ms
D/ConnectivityService(  154): handleInetConditionHoldEnd: net=0, condition=100, published condition=0
W/Smack/Packet(  452): notify conn break (IOEx), close connection
D/ConnectivityService(  154): handleInetConditionHoldEnd: net=0, condition=0, published condition=100
I/GTalkService/c(  452): [AndroidEndpoint@1094134232] connect: acct=1000000, state=CONNECTING
D/GpsLocationProvider(  154): NTP server returned: 1333747177859 (Fri Apr 06 17:19:37 EDT 2012) reference: 399652 certainty: 430 system time offset: 872
D/ConnectivityService(  154): handleInetConditionHoldEnd: net=0, condition=100, published condition=0
W/Smack/Packet(  452): notify conn break (IOEx), close connection
D/ConnectivityService(  154): handleInetConditionHoldEnd: net=0, condition=0, published condition=100
I/GTalkService/c(  452): [AndroidEndpoint@1094134232] connect: acct=1000000, state=CONNECTING
D/dalvikvm(  452): GC_CONCURRENT freed 380K, 5% free 9934K/10439K, paused 7ms+5ms
D/dalvikvm(  154): GC_EXPLICIT freed 564K, 8% free 12909K/13959K, paused 11ms+5ms
D/ConnectivityService(  154): handleInetConditionHoldEnd: net=0, condition=100, published condition=0
W/Smack/Packet(  452): notify conn break (IOEx), close connection
D/ConnectivityService(  154): handleInetConditionHoldEnd: net=0, condition=0, published condition=100
D/Finsky  (  498): [1] UpdateCheckReceiver.updateCheckIfNecessary: Force checking for available updates.
D/Finsky  (  498): [1] UpdatesAvailableReceiver.onReceive: Received updates available notification
E/Finsky  (  498): [1] UpdatesAvailableReceiver.onReceive: Could not set up current account / dfe api when receiving an updates available broadcast.
I/dalvikvm(  154): Jit: resizing JitTable from 4096 to 8192
D/dalvikvm(  307): GC_CONCURRENT freed 421K, 6% free 9501K/10055K, paused 11ms+2ms
I/GTalkService/c(  452): [AndroidEndpoint@1094134232] connect: acct=1000000, state=CONNECTING
D/ConnectivityService(  154): handleInetConditionHoldEnd: net=0, condition=100, published condition=0
W/Smack/Packet(  452): notify conn break (IOEx), close connection
D/ConnectivityService(  154): handleInetConditionHoldEnd: net=0, condition=0, published condition=100
I/GTalkService/c(  452): [AndroidEndpoint@1094134232] connect: acct=1000000, state=CONNECTING
D/dalvikvm(  452): GC_CONCURRENT freed 434K, 6% free 9939K/10503K, paused 8ms+3ms
D/ConnectivityService(  154): handleInetConditionHoldEnd: net=0, condition=100, published condition=0
W/Smack/Packet(  452): notify conn break (IOEx), close connection
D/ConnectivityService(  154): handleInetConditionHoldEnd: net=0, condition=0, published condition=100
I/GTalkService/c(  452): [AndroidEndpoint@1094134232] connect: acct=1000000, state=CONNECTING
D/ConnectivityService(  154): handleInetConditionHoldEnd: net=0, condition=100, published condition=0
W/Smack/Packet(  452): notify conn break (IOEx), close connection
D/ConnectivityService(  154): handleInetConditionHoldEnd: net=0, condition=0, published condition=100
I/GTalkService/c(  452): [AndroidEndpoint@1094134232] connect: acct=1000000, state=CONNECTING
D/dalvikvm(  452): GC_CONCURRENT freed 441K, 6% free 9928K/10503K, paused 12ms+3ms
D/ConnectivityService(  154): handleInetConditionHoldEnd: net=0, condition=100, published condition=0
W/Smack/Packet(  452): notify conn break (IOEx), close connection
D/ConnectivityService(  154): handleInetConditionHoldEnd: net=0, condition=0, published condition=100
I/GTalkService/c(  452): [AndroidEndpoint@1094134232] connect: acct=1000000, state=CONNECTING
D/ConnectivityService(  154): handleInetConditionHoldEnd: net=0, condition=100, published condition=0
W/Smack/Packet(  452): notify conn break (IOEx), close connection
D/ConnectivityService(  154): handleInetConditionHoldEnd: net=0, condition=0, published condition=100
I/GTalkService/c(  452): [AndroidEndpoint@1094134232] connect: acct=1000000, state=CONNECTING
D/dalvikvm(  452): GC_CONCURRENT freed 446K, 6% free 9924K/10503K, paused 10ms+3ms
D/ConnectivityService(  154): handleInetConditionHoldEnd: net=0, condition=100, published condition=0
W/Smack/Packet(  452): notify conn break (IOEx), close connection
D/ConnectivityService(  154): handleInetConditionHoldEnd: net=0, condition=0, published condition=100
I/GTalkService/c(  452): [AndroidEndpoint@1094134232] connect: acct=1000000, state=CONNECTING
D/ConnectivityService(  154): handleInetConditionHoldEnd: net=0, condition=100, published condition=0
D/dalvikvm(  154): GC_CONCURRENT freed 894K, 8% free 12934K/13959K, paused 3ms+5ms
W/Smack/Packet(  452): notify conn break (IOEx), close connection
D/dalvikvm(  452): GC_CONCURRENT freed 433K, 6% free 9936K/10503K, paused 10ms+2ms
D/ConnectivityService(  154): handleInetConditionHoldEnd: net=0, condition=0, published condition=100
I/GTalkService/c(  452): [AndroidEndpoint@1094134232] connect: acct=1000000, state=CONNECTING
D/ConnectivityService(  154): handleInetConditionHoldEnd: net=0, condition=100, published condition=0
W/Smack/Packet(  452): notify conn break (IOEx), close connection
D/ConnectivityService(  154): handleInetConditionHoldEnd: net=0, condition=0, published condition=100
I/GTalkService/c(  452): [AndroidEndpoint@1094134232] connect: acct=1000000, state=CONNECTING
D/dalvikvm(  452): GC_CONCURRENT freed 384K, 5% free 9986K/10503K, paused 1ms+2ms
D/ConnectivityService(  154): handleInetConditionHoldEnd: net=0, condition=100, published condition=0
W/Smack/Packet(  452): notify conn break (IOEx), close connection
D/ConnectivityService(  154): handleInetConditionHoldEnd: net=0, condition=0, published condition=100
D/dalvikvm(  307): GC_CONCURRENT freed 420K, 6% free 9501K/10055K, paused 10ms+6ms
I/GTalkService/c(  452): [AndroidEndpoint@1094134232] connect: acct=1000000, state=CONNECTING
D/dalvikvm(  218): GC_CONCURRENT freed 380K, 6% free 10290K/10887K, paused 2ms+3ms
D/ConnectivityService(  154): handleInetConditionHoldEnd: net=0, condition=100, published condition=0
W/Smack/Packet(  452): notify conn break (IOEx), close connection
D/ConnectivityService(  154): handleInetConditionHoldEnd: net=0, condition=0, published condition=100
I/CheckinService(  452): Preparing to send checkin request
I/EventLogService(  452): Accumulating logs since 1333746812270
I/CheckinTask(  452): Sending checkin request (1780 bytes)
D/dalvikvm(  452): GC_CONCURRENT freed 458K, 6% free 9977K/10567K, paused 2ms+3ms
E/CheckinTask(  452): SSL error, attempting time correction: javax.net.ssl.SSLException: Connection closed by peer
I/CheckinTask(  452): Server time agrees: delta 355 msec
E/CheckinTask(  452): Checkin failed: https://android.clients.google.com/checkin (request #0): javax.net.ssl.SSLException: Connection closed by peer
I/CheckinService(  452): Preparing to send checkin request
I/EventLogService(  452): Accumulating logs since 1333748201617
I/CheckinTask(  452): Sending checkin request (1780 bytes)
D/dalvikvm(  452): GC_CONCURRENT freed 424K, 6% free 9943K/10567K, paused 8ms+3ms
I/GTalkService/c(  452): [AndroidEndpoint@1094134232] connect: acct=1000000, state=CONNECTING
I/CheckinTask(  452): Checkin success: https://android.clients.google.com/checkin (1 requests sent)
D/dalvikvm(  452): GC_CONCURRENT freed 380K, 6% free 9946K/10567K, paused 12ms+2ms
D/ConnectivityService(  154): handleInetConditionHoldEnd: net=0, condition=100, published condition=0
W/Smack/Packet(  452): notify conn break (IOEx), close connection
D/ConnectivityService(  154): handleInetConditionHoldEnd: net=0, condition=0, published condition=100
I/GTalkService/c(  452): [AndroidEndpoint@1094134232] connect: acct=1000000, state=CONNECTING
D/dalvikvm(  452): GC_CONCURRENT freed 347K, 6% free 9992K/10567K, paused 9ms+2ms
D/ConnectivityService(  154): handleInetConditionHoldEnd: net=0, condition=100, published condition=0
W/Smack/Packet(  452): notify conn break (IOEx), close connection
D/ConnectivityService(  154): handleInetConditionHoldEnd: net=0, condition=0, published condition=100
I/dalvikvm( 1104): Turning on JNI app bug workarounds for target SDK version 13...
I/ActivityManager(  154): Start proc com.google.android.apps.maps for service com.google.android.apps.maps/com.google.googlenav.prefetch.android.PrefetcherService: pid=1104 uid=10032 gids={3003, 1015}
D/dalvikvm( 1104): GC_CONCURRENT freed 162K, 3% free 9372K/9607K, paused 2ms+2ms
I/ActivityThread( 1104): Pub com.google.android.maps.LayerInfoProvider: com.google.googlenav.layer.LayerInfoProvider
I/ActivityThread( 1104): Pub com.google.android.maps.TrafficAppWidgetProvider: com.google.googlenav.appwidget.traffic.TrafficAppWidgetProvider
I/ActivityThread( 1104): Pub com.google.android.maps.SuggestionProvider: com.google.googlenav.suggest.android.SuggestProvider
I/ActivityThread( 1104): Pub com.google.android.maps.LocalActivePlacesProvider: com.google.googlenav.provider.LocalActivePlacesProvider
I/ActivityThread( 1104): Pub com.google.android.maps.StarredItemProvider: com.google.googlenav.provider.StarredItemProvider
D/dalvikvm( 1104): GC_CONCURRENT freed 149K, 3% free 9769K/9991K, paused 3ms+3ms
I/ActivityThread( 1104): Pub com.google.android.maps.LocalSuggestionProvider: com.google.googlenav.provider.LocalSuggestionProvider
I/ActivityThread( 1104): Pub com.google.android.maps.SearchHistoryProvider: com.google.googlenav.provider.SearchHistoryProvider
I/ActivityThread( 1104): Pub com.google.android.maps.NavigationAvailabilityProvider: com.google.googlenav.provider.NavigationAvailabilityProvider
D/dalvikvm(  154): GC_EXPLICIT freed 824K, 8% free 12928K/13959K, paused 2ms+5ms
D/dalvikvm( 1104): GC_CONCURRENT freed 230K, 4% free 10039K/10375K, paused 1ms+3ms
I/ActivityManager(  154): No longer want android.process.acore (pid 396): hidden #16
D/dalvikvm(  307): GC_CONCURRENT freed 421K, 6% free 9500K/10055K, paused 7ms+9ms
I/ActivityManager(  154): No longer want com.google.android.apps.maps:NetworkLocationService (pid 738): hidden #16
I/EventLogService(  452): Aggregate from 1333748221554 (log), 1333746812270 (data)
W/ActivityManager(  154): Scheduling restart of crashed service com.google.android.apps.maps/com.google.android.location.internal.server.NetworkLocationService in 5000ms
I/ServiceDumpSys(  452): dumping service [account]
I/ActivityManager(  154): Start proc com.google.android.apps.maps:NetworkLocationService for service com.google.android.apps.maps/com.google.android.location.internal.server.NetworkLocationService: pid=1132 uid=10032 gids={3003, 1015}
I/dalvikvm( 1132): Turning on JNI app bug workarounds for target SDK version 13...
D/dalvikvm( 1132): GC_CONCURRENT freed 168K, 3% free 9365K/9607K, paused 2ms+3ms
D/dalvikvm( 1132): GC_CONCURRENT freed 180K, 3% free 9736K/9991K, paused 1ms+2ms
D/dalvikvm( 1132): GC_CONCURRENT freed 173K, 3% free 10124K/10375K, paused 2ms+3ms
I/System.out( 1132): [INFO:498]: c: Running flush
I/System.out( 1132): [INFO:524]: c: Sending payload [bytes=288]
D/dalvikvm( 1132): GC_CONCURRENT freed 759K, 8% free 9921K/10759K, paused 1ms+7ms
I/ActivityManager(  154): No longer want com.android.settings (pid 466): hidden #16
I/System.out( 1132): [INFO:5523]: c: Running delayed flush
I/System.out( 1132): [INFO:5534]: c: Running flush
I/System.out( 1132): [INFO:6477]: c: Response [http=200,length=91]
I/System.out( 1132): [INFO:6486]: c: Read id 1, status code 200
I/GTalkService/c(  452): [AndroidEndpoint@1094134232] connect: acct=1000000, state=CONNECTING
D/dalvikvm(  452): GC_EXPLICIT freed 307K, 6% free 10011K/10567K, paused 2ms+3ms
D/ConnectivityService(  154): handleInetConditionHoldEnd: net=0, condition=100, published condition=0
W/Smack/Packet(  452): notify conn break (IOEx), close connection
D/ConnectivityService(  154): handleInetConditionHoldEnd: net=0, condition=0, published condition=100
D/dalvikvm(  307): GC_CONCURRENT freed 421K, 6% free 9500K/10055K, paused 8ms+8ms
I/GTalkService/c(  452): [AndroidEndpoint@1094134232] connect: acct=1000000, state=CONNECTING
D/ConnectivityService(  154): handleInetConditionHoldEnd: net=0, condition=100, published condition=0
W/Smack/Packet(  452): notify conn break (IOEx), close connection
D/ConnectivityService(  154): handleInetConditionHoldEnd: net=0, condition=0, published condition=100
I/GTalkService/c(  452): [AndroidEndpoint@1094134232] connect: acct=1000000, state=CONNECTING
D/dalvikvm(  452): GC_CONCURRENT freed 437K, 6% free 10033K/10567K, paused 11ms+3ms
W/Smack/Packet(  452): notify conn break (IOEx), close connection
D/ConnectivityService(  154): handleInetConditionHoldEnd: net=0, condition=0, published condition=0
I/GTalkService/c(  452): [AndroidEndpoint@1094134232] connect: acct=1000000, state=CONNECTING
D/ConnectivityService(  154): handleInetConditionHoldEnd: net=0, condition=100, published condition=0
W/Smack/Packet(  452): notify conn break (IOEx), close connection
D/ConnectivityService(  154): handleInetConditionHoldEnd: net=0, condition=0, published condition=100
I/GTalkService/c(  452): [AndroidEndpoint@1094134232] connect: acct=1000000, state=CONNECTING
D/dalvikvm(  452): GC_CONCURRENT freed 412K, 6% free 10024K/10567K, paused 2ms+3ms
D/dalvikvm(  154): GC_CONCURRENT freed 888K, 8% free 12930K/13959K, paused 11ms+5ms
D/ConnectivityService(  154): handleInetConditionHoldEnd: net=0, condition=100, published condition=0
W/Smack/Packet(  452): notify conn break (IOEx), close connection
D/ConnectivityService(  154): handleInetConditionHoldEnd: net=0, condition=0, published condition=100
I/GTalkService/c(  452): [AndroidEndpoint@1094134232] connect: acct=1000000, state=CONNECTING
D/ConnectivityService(  154): handleInetConditionHoldEnd: net=0, condition=100, published condition=0
D/dalvikvm(  218): GC_CONCURRENT freed 382K, 6% free 10292K/10887K, paused 7ms+3ms
W/Smack/Packet(  452): notify conn break (IOEx), close connection
D/ConnectivityService(  154): handleInetConditionHoldEnd: net=0, condition=0, published condition=100
I/GTalkService/c(  452): [AndroidEndpoint@1094134232] connect: acct=1000000, state=CONNECTING
D/dalvikvm(  452): GC_CONCURRENT freed 417K, 5% free 10040K/10567K, paused 7ms+3ms
D/ConnectivityService(  154): handleInetConditionHoldEnd: net=0, condition=100, published condition=0
W/Smack/Packet(  452): notify conn break (IOEx), close connection
D/ConnectivityService(  154): handleInetConditionHoldEnd: net=0, condition=0, published condition=100
I/GTalkService/c(  452): [AndroidEndpoint@1094134232] connect: acct=1000000, state=CONNECTING
D/ConnectivityService(  154): handleInetConditionHoldEnd: net=0, condition=100, published condition=0
W/Smack/Packet(  452): notify conn break (IOEx), close connection
D/ConnectivityService(  154): handleInetConditionHoldEnd: net=0, condition=0, published condition=100
I/GTalkService/c(  452): [AndroidEndpoint@1094134232] connect: acct=1000000, state=CONNECTING
D/dalvikvm(  452): GC_CONCURRENT freed 439K, 6% free 9999K/10567K, paused 10ms+2ms
D/ConnectivityService(  154): handleInetConditionHoldEnd: net=0, condition=100, published condition=0
W/Smack/Packet(  452): notify conn break (IOEx), close connection
D/ConnectivityService(  154): handleInetConditionHoldEnd: net=0, condition=0, published condition=100
I/GTalkService/c(  452): [AndroidEndpoint@1094134232] connect: acct=1000000, state=CONNECTING
D/dalvikvm(  452): GC_CONCURRENT freed 405K, 6% free 10032K/10567K, paused 4ms+3ms
D/ConnectivityService(  154): handleInetConditionHoldEnd: net=0, condition=100, published condition=0
W/Smack/Packet(  452): notify conn break (IOEx), close connection
D/dalvikvm(  307): GC_CONCURRENT freed 420K, 6% free 9501K/10055K, paused 8ms+2ms
D/ConnectivityService(  154): handleInetConditionHoldEnd: net=0, condition=0, published condition=100
I/GTalkService/c(  452): [AndroidEndpoint@1094134232] connect: acct=1000000, state=CONNECTING
D/ConnectivityService(  154): handleInetConditionHoldEnd: net=0, condition=100, published condition=0
W/Smack/Packet(  452): notify conn break (IOEx), close connection
D/ConnectivityService(  154): handleInetConditionHoldEnd: net=0, condition=0, published condition=100
I/GTalkService/c(  452): [AndroidEndpoint@1094134232] connect: acct=1000000, state=CONNECTING
D/dalvikvm(  452): GC_CONCURRENT freed 405K, 5% free 10066K/10567K, paused 12ms+4ms
D/ConnectivityService(  154): handleInetConditionHoldEnd: net=0, condition=100, published condition=0
W/Smack/Packet(  452): notify conn break (IOEx), close connection
D/ConnectivityService(  154): handleInetConditionHoldEnd: net=0, condition=0, published condition=100
I/GTalkService/c(  452): [AndroidEndpoint@1094134232] connect: acct=1000000, state=CONNECTING
D/dalvikvm(  154): GC_EXPLICIT freed 794K, 8% free 12928K/13959K, paused 10ms+6ms
D/ConnectivityService(  154): handleInetConditionHoldEnd: net=0, condition=100, published condition=0
W/Smack/Packet(  452): notify conn break (IOEx), close connection
D/ConnectivityService(  154): handleInetConditionHoldEnd: net=0, condition=0, published condition=100
I/GTalkService/c(  452): [AndroidEndpoint@1094134232] connect: acct=1000000, state=CONNECTING
D/dalvikvm(  452): GC_CONCURRENT freed 462K, 6% free 10064K/10631K, paused 1ms+4ms
D/ConnectivityService(  154): handleInetConditionHoldEnd: net=0, condition=100, published condition=0
W/Smack/Packet(  452): notify conn break (IOEx), close connection
D/ConnectivityService(  154): handleInetConditionHoldEnd: net=0, condition=0, published condition=100
I/GTalkService/c(  452): [AndroidEndpoint@1094134232] connect: acct=1000000, state=CONNECTING
D/ConnectivityService(  154): handleInetConditionHoldEnd: net=0, condition=100, published condition=0
W/Smack/Packet(  452): notify conn break (IOEx), close connection
D/ConnectivityService(  154): handleInetConditionHoldEnd: net=0, condition=0, published condition=100
I/GTalkService/c(  452): [AndroidEndpoint@1094134232] connect: acct=1000000, state=CONNECTING
D/dalvikvm(  452): GC_CONCURRENT freed 468K, 6% free 10042K/10631K, paused 10ms+3ms
D/ConnectivityService(  154): handleInetConditionHoldEnd: net=0, condition=100, published condition=0
W/Smack/Packet(  452): notify conn break (IOEx), close connection
D/ConnectivityService(  154): handleInetConditionHoldEnd: net=0, condition=0, published condition=100
I/GTalkService/c(  452): [AndroidEndpoint@1094134232] connect: acct=1000000, state=CONNECTING
D/ConnectivityService(  154): handleInetConditionHoldEnd: net=0, condition=100, published condition=0
D/dalvikvm(  307): GC_CONCURRENT freed 420K, 6% free 9501K/10055K, paused 9ms+1ms
I/EventLogService(  452): Aggregate from 1333748612280 (log), 1333748612280 (data)
I/ServiceDumpSys(  452): dumping service [account]
D/dalvikvm(  452): GC_FOR_ALLOC freed 344K, 6% free 10058K/10631K, paused 30ms
I/ActivityManager(  154): No longer want com.google.android.talk (pid 789): hidden #16
I/ActivityManager(  154): No longer want com.google.android.gm (pid 656): hidden #17
D/dalvikvm(  154): GC_CONCURRENT freed 891K, 8% free 12929K/13959K, paused 13ms+5ms
D/AlarmManagerService(  154): Kernel timezone updated to 240 minutes west of GMT
D/dalvikvm(  218): GC_CONCURRENT freed 389K, 6% free 10292K/10887K, paused 5ms+5ms
V/AlarmClock(  553): AlarmInitReceiver finished
D/SystemClock(  307): Setting time of day to sec=1333750571
D/dalvikvm( 1132): GC_CONCURRENT freed 297K, 7% free 10009K/10759K, paused 11ms+3ms
D/dalvikvm(  307): GC_CONCURRENT freed 421K, 6% free 9501K/10055K, paused 7ms+7ms
D/dalvikvm(  307): GC_CONCURRENT freed 421K, 6% free 9500K/10055K, paused 11ms+4ms
D/dalvikvm(  154): GC_CONCURRENT freed 910K, 8% free 12918K/13959K, paused 7ms+5ms
W/Smack/Packet(  452): notify conn break (IOEx), close connection
I/qtaguid (  452): Failed write_ctrl(u 68) res=-1 errno=22
I/qtaguid (  452): Untagging socket 68 failed errno=-22
