I/Vold    (   72): /mnt/secure/staging/.android_secure sucessfully unmounted
I/Vold    (   72): /mnt/secure/asec sucessfully unmounted
I/Vold    (   72): /mnt/secure/staging sucessfully unmounted
I/Vold    (   72): /mnt/sdcard unmounted sucessfully
D/Vold    (   72): Volume sdcard state changing 5 (Unmounting) -> 1 (Idle-Unmounted)
I/PackageManager(  154): Updating external media status from unmounted to unmounted
D/MountService(  154): volume state changed for /mnt/sdcard (mounted -> unmounted)
D/MountService(  154): sendStorageIntent Intent { act=android.intent.action.MEDIA_UNMOUNTED dat=file:///mnt/sdcard (has extras) }
I/StorageNotification(  218): Media {/mnt/sdcard} state changed from {mounted} -> {unmounted}
D/VoldCmdListener(   72): volume share /mnt/sdcard ums
D/Vold    (   72): Volume sdcard state changing 1 (Idle-Unmounted) -> 7 (Shared-Unmounted)
W/MountService(  154): Duplicate state transition (unmounted -> unmounted) for /mnt/sdcard
D/MountService(  154): sendStorageIntent Intent { act=android.intent.action.MEDIA_UNMOUNTED dat=file:///mnt/sdcard (has extras) }
D/MountService(  154): volume state changed for /mnt/sdcard (unmounted -> shared)
D/MediaScannerReceiver(  265): action: android.intent.action.MEDIA_UNMOUNTED path: /mnt/sdcard
D/MediaScannerReceiver(  265): action: android.intent.action.MEDIA_UNMOUNTED path: /mnt/sdcard
D/VoldCmdListener(   72): volume shared /mnt/sdcard ums
D/dalvikvm(  218): GC_FOR_ALLOC freed 22K, 8% free 10705K/11591K, paused 28ms
I/dalvikvm-heap(  218): Grow heap (frag case) to 10.800MB for 291616-byte allocation
D/dalvikvm(  218): GC_FOR_ALLOC freed 5K, 8% free 10985K/11911K, paused 16ms
D/MountService(  154): sendStorageIntent Intent { act=android.intent.action.MEDIA_SHARED dat=file:///mnt/sdcard (has extras) }
I/StorageNotification(  218): Media {/mnt/sdcard} state changed from {unmounted} -> {shared}
D/dalvikvm(  218): GC_FOR_ALLOC freed 493K, 10% free 10807K/11911K, paused 16ms
D/dalvikvm(  218): GC_FOR_ALLOC freed 364K, 10% free 10771K/11911K, paused 16ms
D/dalvikvm(  218): GC_CONCURRENT freed 525K, 10% free 10796K/11911K, paused 3ms+3ms
D/AudioHardware(   81): AudioHardware pcm playback is going to standby.
D/AudioHardware(   81): closePcmOut_l() mPcmOpenCnt: 1
D/VoldCmdListener(   72): volume unshare /mnt/sdcard ums
E/Vold    (   72): Unable to write to ums lunfile (Device or resource busy)
D/AudioHardware(   81): AudioHardware pcm playback is exiting standby.
D/AudioHardware(   81): openPcmOut_l() mPcmOpenCnt: 0
E/MountService(  154): Failed to share/unshare
E/MountService(  154): com.android.server.NativeDaemonConnectorException: Cmd {volume unshare /mnt/sdcard ums} failed with code 405 : {volume operation failed (Device or resource busy)}
E/MountService(  154): 	at com.android.server.NativeDaemonConnector.doCommandLocked(NativeDaemonConnector.java:281)
E/MountService(  154): 	at com.android.server.NativeDaemonConnector.doCommand(NativeDaemonConnector.java:241)
E/MountService(  154): 	at com.android.server.MountService.doShareUnshareVolume(MountService.java:567)
E/MountService(  154): 	at com.android.server.MountService.setUsbMassStorageEnabled(MountService.java:1332)
E/MountService(  154): 	at android.os.storage.IMountService$Stub.onTransact(IMountService.java:843)
E/MountService(  154): 	at android.os.Binder.execTransact(Binder.java:338)
E/MountService(  154): 	at dalvik.system.NativeStart.run(Native Method)
D/VoldCmdListener(   72): volume mount /mnt/sdcard
E/MountService(  154): Failed to remount /mnt/sdcard after disabling share method ums
D/AudioHardware(   81): AudioHardware pcm playback is going to standby.
D/AudioHardware(   81): closePcmOut_l() mPcmOpenCnt: 1
D/OpenGLRenderer(  218): Flushing caches (mode 0)
D/OpenGLRenderer(  218): Flushing caches (mode 1)
I/ActivityManager(  154): START {act=android.intent.action.MAIN cat=[android.intent.category.LAUNCHER] flg=0x10008000 cmp=com.android.settings/.DevelopmentSettings bnds=[0,-19][480,77]} from pid -1
D/AudioHardware(   81): AudioHardware pcm playback is exiting standby.
D/AudioHardware(   81): openPcmOut_l() mPcmOpenCnt: 0
W/KeyguardViewMediator(  154): verifyUnlock called when not externally disabled
I/ActivityManager(  154): Start proc com.android.settings for activity com.android.settings/.DevelopmentSettings: pid=1473 uid=1000 gids={1015, 3002, 3001, 3003, 3007}
D/OpenGLRenderer(  337): Flushing caches (mode 1)
D/OpenGLRenderer(  337): Flushing caches (mode 0)
D/VoldCmdListener(   72): cryptfs cryptocomplete
E/Cryptfs (   72): not running with encryption, aborting
D/PermissionCache(   78): checking android.permission.HARDWARE_TEST for uid=1000 => granted (183 us)
D/dalvikvm( 1473): GC_CONCURRENT freed 188K, 4% free 9313K/9607K, paused 2ms+6ms
D/libEGL  ( 1473): loaded /system/lib/egl/libGLES_android.so
D/libEGL  ( 1473): loaded /vendor/lib/egl/libEGL_POWERVR_SGX540_120.so
D/libEGL  ( 1473): loaded /vendor/lib/egl/libGLESv1_CM_POWERVR_SGX540_120.so
D/libEGL  ( 1473): loaded /vendor/lib/egl/libGLESv2_POWERVR_SGX540_120.so
D/OpenGLRenderer( 1473): Enabling debug mode 0
I/ActivityManager(  154): Displayed com.android.settings/.DevelopmentSettings: +872ms
I/ActivityManager(  154): START {act=android.intent.action.MAIN cat=[android.intent.category.HOME] flg=0x10200000 cmp=com.android.launcher/com.android.launcher2.Launcher} from pid 154
D/OpenGLRenderer( 1473): Flushing caches (mode 0)
W/InputManagerService(  154): Starting input on non-focused client com.android.internal.view.IInputMethodClient$Stub$Proxy@4159d408 (uid=1000 pid=1473)
D/OpenGLRenderer( 1473): Flushing caches (mode 1)
D/AudioHardware(   81): AudioHardware pcm playback is going to standby.
D/AudioHardware(   81): closePcmOut_l() mPcmOpenCnt: 1
