D/ACDB-LOADER(  325): ACDB -> send_audvoltable
D/ACDB-LOADER(  325): ACDB -> ACDB_CMD_GET_AUDPROC_GAIN_DEP_VOLTBL_STEP_COPP
D/ACDB-LOADER(  325): ACDB -> AUDIO_SET_AUDPROC_VOL_CAL
I/NetworkThread( 4226): 1333066938524: Sending UDP payload: 949
I/VCoreDaemon( 4226): 1333066938533: nonce 44 heard from src region (1,0)
D/msm8660.gralloc(  456): !@/dev/pmem: allocating pmem size=753664, offset=25706496(0x1884000)
I/ViewRoot( 4226): !@FINISH DRAWING : edu.mit.csail.diplomamatrix/edu.mit.csail.diplomamatrix.StatusActivity
I/InputReader(  456): dispatchTouch::touch event's action is 1, pending(waiting finished signal)=2
I/ViewRoot( 4226): !@finishDrawing is completed : edu.mit.csail.diplomamatrix/edu.mit.csail.diplomamatrix.StatusActivity
I/InputDispatcher(  456): Delivering touch to current input target: action: 1, channel '4098fd50 edu.mit.csail.diplomamatrix/edu.mit.csail.diplomamatrix.StatusActivity (server)'
I/InputDispatcher(  456): Delivering touch to current input target: action: 1, channel 'PenGestureView (server)'
D/dalvikvm( 4226): GC_CONCURRENT freed 403K, 47% free 3728K/6919K, external 473K/1281K, paused 2ms+7ms
D/msm8660.gralloc(  456): !@/dev/pmem: allocating pmem size=753664, offset=4096000(0x3e8000)
E/AudioTrack(  456): stop 0x4bb768
V/AudioPolicyService(  325): stopOutput() tid 325
V/AudioPolicyManager(  325): stopOutput() output 1, stream 1, session 139
V/AudioPolicyManager(  325): getNewDevice() selected device 0
V/AudioPolicyManager(  325): setOutputDevice() output 1 device 0 delayMs 0
V/AudioPolicyManager(  325): setOutputDevice() setting same device 0 or null device for output 1
E/AudioTrack(  456): Stop complete
E/power   (  456): acquire_wake_lock g_error=2 
E/power   (  456): release_wake_lock g_error=2 
E/power   (  456): acquire_wake_lock g_error=2 
E/power   (  456): release_wake_lock g_error=2 
E/power   (  456): acquire_wake_lock g_error=2 
E/power   (  456): release_wake_lock g_error=2 
E/power   (  456): acquire_wake_lock g_error=2 
D/RPC     (  456): 3000008c:00050000 received CALL.
D/RPC     (  456): 3000008c:00050000 dispatching RPC call (XID 3656, xdr 0x419580) for callback client 3100008c:00050001.
D/RPC     (  456): 3100008c:327681 sending RPC reply (XID 3656)
D/RPC     (  456): 3000008c:00050000 received CALL.
D/RPC     (  456): 3000008c:00050000 dispatching RPC call (XID 3657, xdr 0x419580) for callback client 3100008c:00050001.
D/RPC     (  456): 3100008c:327681 sending RPC reply (XID 3657)
D/RPC     (  456): 3000008c:00050000 received CALL.
D/RPC     (  456): 3000008c:00050000 dispatching RPC call (XID 3658, xdr 0x419580) for callback client 3100008c:00050001.
D/RPC     (  456): 3100008c:327681 sending RPC reply (XID 3658)
D/RPC     (  456): 3000008c:00050000 received CALL.
D/RPC     (  456): 3000008c:00050000 dispatching RPC call (XID 3659, xdr 0x419580) for callback client 3100008c:00050001.
E/power   (  456): release_wake_lock g_error=2 
E/power   (  456): acquire_wake_lock g_error=2 
E/power   (  456): release_wake_lock g_error=2 
E/power   (  456): acquire_wake_lock g_error=2 
D/RPC     (  456): 3100008c:327681 sending RPC reply (XID 3659)
D/RPC     (  456): 3000008c:00050000 received CALL.
D/RPC     (  456): 3000008c:00050000 dispatching RPC call (XID 3660, xdr 0x419580) for callback client 3100008c:00050001.
D/RPC     (  456): 3100008c:327681 sending RPC reply (XID 3660)
D/RPC     (  456): 3000008c:00050000 received CALL.
D/RPC     (  456): 3000008c:00050000 dispatching RPC call (XID 3661, xdr 0x419580) for callback client 3100008c:00050001.
D/RPC     (  456): 3100008c:327681 sending RPC reply (XID 3661)
E/power   (  456): release_wake_lock g_error=2 
E/power   (  456): acquire_wake_lock g_error=2 
E/power   (  456): release_wake_lock g_error=2 
E/power   (  456): acquire_wake_lock g_error=2 
E/power   (  456): release_wake_lock g_error=2 
E/power   (  456): acquire_wake_lock g_error=2 
D/RPC     (  456): 3000008c:00050000 received CALL.
D/RPC     (  456): 3000008c:00050000 dispatching RPC call (XID 3662, xdr 0x419580) for callback client 3100008c:00050001.
D/RPC     (  456): 3100008c:327681 sending RPC reply (XID 3662)
D/RPC     (  456): 3000008c:00050000 received CALL.
D/RPC     (  456): 3000008c:00050000 dispatching RPC call (XID 3663, xdr 0x419580) for callback client 3100008c:00050001.
D/RPC     (  456): 3100008c:327681 sending RPC reply (XID 3663)
D/RPC     (  456): 3000008c:00050000 received CALL.
D/RPC     (  456): 3000008c:00050000 dispatching RPC call (XID 3664, xdr 0x419580) for callback client 3100008c:00050001.
E/power   (  456): release_wake_lock g_error=2 
E/power   (  456): acquire_wake_lock g_error=2 
E/power   (  456): release_wake_lock g_error=2 
D/RPC     (  456): 3100008c:327681 sending RPC reply (XID 3664)
D/RPC     (  456): 3000008c:00050000 received CALL.
D/RPC     (  456): 3000008c:00050000 dispatching RPC call (XID 3665, xdr 0x419580) for callback client 3100008c:00050001.
D/RPC     (  456): 3100008c:327681 sending RPC reply (XID 3665)
E/power   (  456): acquire_wake_lock g_error=2 
E/power   (  456): release_wake_lock g_error=2 
D/RPC     (  456): 3000008c:00050000 received CALL.
D/RPC     (  456): 3000008c:00050000 dispatching RPC call (XID 3666, xdr 0x419580) for callback client 3100008c:00050001.
D/RPC     (  456): 3100008c:327681 sending RPC reply (XID 3666)
I/VCoreDaemon( 4226): 1333066939725: Retrying PROC_REQUEST 11:5 (1,0)->(4,0)
I/VCoreDaemon( 4226): 1333066939732: Dispatching Atom PROC_REQUEST 11:5 (1,0)->(4,0)
I/Mux     ( 4226): 1333066939746: I got a CSM packet at a leader 
I/NetworkThread( 4226): 1333066939789: Sending UDP payload: 949
I/VCoreDaemon( 4226): 1333066939792: nonce 45 heard from src region (1,0)
E/power   (  456): acquire_wake_lock g_error=2 
E/power   (  456): release_wake_lock g_error=2 
E/power   (  456): acquire_wake_lock g_error=2 
E/power   (  456): release_wake_lock g_error=2 
E/power   (  456): acquire_wake_lock g_error=2 
E/power   (  456): release_wake_lock g_error=2 
E/power   (  456): acquire_wake_lock g_error=2 
D/RPC     (  456): 3000008c:00050000 received CALL.
D/RPC     (  456): 3000008c:00050000 dispatching RPC call (XID 3667, xdr 0x419580) for callback client 3100008c:00050001.
D/RPC     (  456): 3100008c:327681 sending RPC reply (XID 3667)
D/RPC     (  456): 3000008c:00050000 received CALL.
D/RPC     (  456): 3000008c:00050000 dispatching RPC call (XID 3668, xdr 0x419580) for callback client 3100008c:00050001.
D/RPC     (  456): 3100008c:327681 sending RPC reply (XID 3668)
D/RPC     (  456): 3000008c:00050000 received CALL.
D/RPC     (  456): 3000008c:00050000 dispatching RPC call (XID 3669, xdr 0x419580) for callback client 3100008c:00050001.
D/RPC     (  456): 3100008c:327681 sending RPC reply (XID 3669)
D/RPC     (  456): 3000008c:00050000 received CALL.
D/RPC     (  456): 3000008c:00050000 dispatching RPC call (XID 3670, xdr 0x419580) for callback client 3100008c:00050001.
E/power   (  456): release_wake_lock g_error=2 
E/power   (  456): acquire_wake_lock g_error=2 
E/power   (  456): release_wake_lock g_error=2 
E/power   (  456): acquire_wake_lock g_error=2 
E/power   (  456): release_wake_lock g_error=2 
E/power   (  456): acquire_wake_lock g_error=2 
E/power   (  456): release_wake_lock g_error=2 
E/power   (  456): acquire_wake_lock g_error=2 
D/RPC     (  456): 3100008c:327681 sending RPC reply (XID 3670)
D/RPC     (  456): 3000008c:00050000 received CALL.
D/RPC     (  456): 3000008c:00050000 dispatching RPC call (XID 3671, xdr 0x419580) for callback client 3100008c:00050001.
D/RPC     (  456): 3100008c:327681 sending RPC reply (XID 3671)
D/RPC     (  456): 3000008c:00050000 received CALL.
D/RPC     (  456): 3000008c:00050000 dispatching RPC call (XID 3672, xdr 0x419580) for callback client 3100008c:00050001.
D/RPC     (  456): 3100008c:327681 sending RPC reply (XID 3672)
D/RPC     (  456): 3000008c:00050000 received CALL.
D/RPC     (  456): 3000008c:00050000 dispatching RPC call (XID 3673, xdr 0x419580) for callback client 3100008c:00050001.
D/RPC     (  456): 3100008c:327681 sending RPC reply (XID 3673)
D/RPC     (  456): 3000008c:00050000 received CALL.
D/RPC     (  456): 3000008c:00050000 dispatching RPC call (XID 3674, xdr 0x419580) for callback client 3100008c:00050001.
E/power   (  456): release_wake_lock g_error=2 
E/power   (  456): acquire_wake_lock g_error=2 
E/power   (  456): release_wake_lock g_error=2 
E/power   (  456): acquire_wake_lock g_error=2 
E/power   (  456): release_wake_lock g_error=2 
D/RPC     (  456): 3100008c:327681 sending RPC reply (XID 3674)
D/RPC     (  456): 3000008c:00050000 received CALL.
D/RPC     (  456): 3000008c:00050000 dispatching RPC call (XID 3675, xdr 0x419580) for callback client 3100008c:00050001.
D/RPC     (  456): 3100008c:327681 sending RPC reply (XID 3675)
D/RPC     (  456): 3000008c:00050000 received CALL.
D/RPC     (  456): 3000008c:00050000 dispatching RPC call (XID 3676, xdr 0x419580) for callback client 3100008c:00050001.
D/RPC     (  456): 3100008c:327681 sending RPC reply (XID 3676)
V/DATA    (  598): [DCT(0) ] onDataCallListChanged:
V/DATA    (  598): [DCT(0) ] ---dc state list---
V/DATA    (  598): [DCT(0) ] DataCallState: { cid: 0, active: 2, type: , apn: pta, address: 10.68.227.183 }
V/DATA    (  598): [DCT(0) ] ---dc list---
V/DATA    (  598): [DCT(0) ] cid = 0, state = DcActiveState, bearerType = IP, ipaddress = 10.68.227.183, gw=10.68.227.177, dns=[172.26.38.1, 172.26.38.2]
I/VCoreDaemon( 4226): 1333066940337: Retrying PROC_REQUEST 11:5 (1,0)->(4,0)
I/VCoreDaemon( 4226): 1333066940347: Dispatching Atom PROC_REQUEST 11:5 (1,0)->(4,0)
E/power   (  456): acquire_wake_lock g_error=2 
I/Mux     ( 4226): 1333066940357: I got a CSM packet at a leader 
D/RPC     (  456): 3000008c:00050000 received CALL.
I/NetworkThread( 4226): 1333066940365: Sending UDP payload: 949
I/VCoreDaemon( 4226): 1333066940367: nonce 46 heard from src region (1,0)
D/RPC     (  456): 3000008c:00050000 dispatching RPC call (XID 3679, xdr 0x419580) for callback client 3100008c:00050001.
E/power   (  456): release_wake_lock g_error=2 
D/RPC     (  456): 3100008c:327681 sending RPC reply (XID 3679)
D/AudioHardwareMSM8660(  325): AudioStreamOutMSM72xx::standby()
D/AudioHardwareMSM8660(  325): Deroute pcm stream
D/AudioHardwareMSM8660(  325): value of device and enable is 2 0 ALSA dev id:2
E/power   (  456): acquire_wake_lock g_error=2 
E/power   (  456): release_wake_lock g_error=2 
E/power   (  456): acquire_wake_lock g_error=2 
D/RPC     (  456): 3000008c:00050000 received CALL.
D/RPC     (  456): 3000008c:00050000 dispatching RPC call (XID 3680, xdr 0x419580) for callback client 3100008c:00050001.
D/RPC     (  456): 3100008c:327681 sending RPC reply (XID 3680)
D/RPC     (  456): 3000008c:00050000 received CALL.
D/RPC     (  456): 3000008c:00050000 dispatching RPC call (XID 3681, xdr 0x419580) for callback client 3100008c:00050001.
D/RPC     (  456): 3100008c:327681 sending RPC reply (XID 3681)
E/power   (  456): acquire_wake_lock g_error=2 
E/power   (  456): release_wake_lock g_error=2 
E/power   (  456): release_wake_lock g_error=2 
E/power   (  456): acquire_wake_lock g_error=2 
E/power   (  456): release_wake_lock g_error=2 
D/RPC     (  456): 3000008c:00050000 received CALL.
D/RPC     (  456): 3000008c:00050000 dispatching RPC call (XID 3682, xdr 0x419580) for callback client 3100008c:00050001.
D/RPC     (  456): 3100008c:327681 sending RPC reply (XID 3682)
D/RPC     (  456): 3000008c:00050000 received CALL.
D/RPC     (  456): 3000008c:00050000 dispatching RPC call (XID 3683, xdr 0x419580) for callback client 3100008c:00050001.
D/RPC     (  456): 3100008c:327681 sending RPC reply (XID 3683)
E/power   (  456): acquire_wake_lock g_error=2 
E/power   (  456): release_wake_lock g_error=2 
E/power   (  456): acquire_wake_lock g_error=2 
E/power   (  456): release_wake_lock g_error=2 
E/power   (  456): acquire_wake_lock g_error=2 
D/RPC     (  456): 3000008c:00050000 received CALL.
D/RPC     (  456): 3000008c:00050000 dispatching RPC call (XID 3684, xdr 0x419580) for callback client 3100008c:00050001.
D/RPC     (  456): 3100008c:327681 sending RPC reply (XID 3684)
D/RPC     (  456): 3000008c:00050000 received CALL.
D/RPC     (  456): 3000008c:00050000 dispatching RPC call (XID 3685, xdr 0x419580) for callback client 3100008c:00050001.
D/RPC     (  456): 3100008c:327681 sending RPC reply (XID 3685)
D/RPC     (  456): 3000008c:00050000 received CALL.
D/RPC     (  456): 3000008c:00050000 dispatching RPC call (XID 3686, xdr 0x419580) for callback client 3100008c:00050001.
E/power   (  456): release_wake_lock g_error=2 
E/power   (  456): acquire_wake_lock g_error=2 
E/power   (  456): acquire_wake_lock g_error=2 
E/power   (  456): release_wake_lock g_error=2 
E/power   (  456): release_wake_lock g_error=2 
E/power   (  456): acquire_wake_lock g_error=2 
D/RPC     (  456): 3100008c:327681 sending RPC reply (XID 3686)
D/RPC     (  456): 3000008c:00050000 received CALL.
D/RPC     (  456): 3000008c:00050000 dispatching RPC call (XID 3687, xdr 0x419580) for callback client 3100008c:00050001.
D/RPC     (  456): 3100008c:327681 sending RPC reply (XID 3687)
D/RPC     (  456): 3000008c:00050000 received CALL.
D/RPC     (  456): 3000008c:00050000 dispatching RPC call (XID 3688, xdr 0x419580) for callback client 3100008c:00050001.
D/RPC     (  456): 3100008c:327681 sending RPC reply (XID 3688)
D/RPC     (  456): 3000008c:00050000 received CALL.
D/RPC     (  456): 3000008c:00050000 dispatching RPC call (XID 3689, xdr 0x419580) for callback client 3100008c:00050001.
D/RPC     (  456): 3100008c:327681 sending RPC reply (XID 3689)
E/power   (  456): release_wake_lock g_error=2 
I/VCoreDaemon( 4226): 1333066940960: Request timed out, send failure PROC_REPLY 11:5 (4,0)->(1,0)
I/VCoreDaemon( 4226): 1333066940967: Dispatching Atom PROC_REPLY 11:5 (4,0)->(1,0)
I/Mux     ( 4226): 1333066940971: I got a CSM packet at a leader 
I/NetworkThread( 4226): 1333066940978: Sending UDP payload: 770
I/VCoreDaemon( 4226): 1333066940981: Received PROC_REPLY 11:5 (4,0)->(1,0), handing to UserApp
E/power   (  456): acquire_wake_lock g_error=2 
E/power   (  456): release_wake_lock g_error=2 
D/RPC     (  456): 3000008c:00050000 received CALL.
D/RPC     (  456): 3000008c:00050000 dispatching RPC call (XID 3690, xdr 0x419580) for callback client 3100008c:00050001.
D/RPC     (  456): 3100008c:327681 sending RPC reply (XID 3690)
E/power   (  456): acquire_wake_lock g_error=2 
E/power   (  456): release_wake_lock g_error=2 
E/power   (  456): acquire_wake_lock g_error=2 
E/power   (  456): release_wake_lock g_error=2 
E/power   (  456): acquire_wake_lock g_error=2 
D/RPC     (  456): 3000008c:00050000 received CALL.
D/RPC     (  456): 3000008c:00050000 dispatching RPC call (XID 3691, xdr 0x419580) for callback client 3100008c:00050001.
D/RPC     (  456): 3100008c:327681 sending RPC reply (XID 3691)
D/RPC     (  456): 3000008c:00050000 received CALL.
D/RPC     (  456): 3000008c:00050000 dispatching RPC call (XID 3692, xdr 0x419580) for callback client 3100008c:00050001.
D/RPC     (  456): 3100008c:327681 sending RPC reply (XID 3692)
D/RPC     (  456): 3000008c:00050000 received CALL.
D/RPC     (  456): 3000008c:00050000 dispatching RPC call (XID 3693, xdr 0x419580) for callback client 3100008c:00050001.
E/power   (  456): release_wake_lock g_error=2 
E/power   (  456): acquire_wake_lock g_error=2 
E/power   (  456): release_wake_lock g_error=2 
E/power   (  456): acquire_wake_lock g_error=2 
E/power   (  456): release_wake_lock g_error=2 
D/RPC     (  456): 3100008c:327681 sending RPC reply (XID 3693)
D/RPC     (  456): 3000008c:00050000 received CALL.
D/RPC     (  456): 3000008c:00050000 dispatching RPC call (XID 3694, xdr 0x419580) for callback client 3100008c:00050001.
D/RPC     (  456): 3100008c:327681 sending RPC reply (XID 3694)
D/RPC     (  456): 3000008c:00050000 received CALL.
D/RPC     (  456): 3000008c:00050000 dispatching RPC call (XID 3695, xdr 0x419580) for callback client 3100008c:00050001.
D/RPC     (  456): 3100008c:327681 sending RPC reply (XID 3695)
E/power   (  456): acquire_wake_lock g_error=2 
E/power   (  456): release_wake_lock g_error=2 
E/power   (  456): acquire_wake_lock g_error=2 
E/power   (  456): release_wake_lock g_error=2 
E/power   (  456): acquire_wake_lock g_error=2 
D/RPC     (  456): 3000008c:00050000 received CALL.
D/RPC     (  456): 3000008c:00050000 dispatching RPC call (XID 3696, xdr 0x419580) for callback client 3100008c:00050001.
D/RPC     (  456): 3100008c:327681 sending RPC reply (XID 3696)
D/RPC     (  456): 3000008c:00050000 received CALL.
D/RPC     (  456): 3000008c:00050000 dispatching RPC call (XID 3697, xdr 0x419580) for callback client 3100008c:00050001.
D/RPC     (  456): 3100008c:327681 sending RPC reply (XID 3697)
D/RPC     (  456): 3000008c:00050000 received CALL.
D/RPC     (  456): 3000008c:00050000 dispatching RPC call (XID 3698, xdr 0x419580) for callback client 3100008c:00050001.
E/power   (  456): release_wake_lock g_error=2 
E/power   (  456): acquire_wake_lock g_error=2 
E/power   (  456): release_wake_lock g_error=2 
E/power   (  456): acquire_wake_lock g_error=2 
D/RPC     (  456): 3100008c:327681 sending RPC reply (XID 3698)
D/RPC     (  456): 3000008c:00050000 received CALL.
D/RPC     (  456): 3000008c:00050000 dispatching RPC call (XID 3699, xdr 0x419580) for callback client 3100008c:00050001.
D/RPC     (  456): 3100008c:327681 sending RPC reply (XID 3699)
D/RPC     (  456): 3000008c:00050000 received CALL.
D/RPC     (  456): 3000008c:00050000 dispatching RPC call (XID 3700, xdr 0x419580) for callback client 3100008c:00050001.
E/power   (  456): release_wake_lock g_error=2 
D/RPC     (  456): 3100008c:327681 sending RPC reply (XID 3700)
E/power   (  456): acquire_wake_lock g_error=2 
D/RPC     (  456): 3000008c:00050000 received CALL.
D/RPC     (  456): 3000008c:00050000 dispatching RPC call (XID 3703, xdr 0x419580) for callback client 3100008c:00050001.
D/RPC     (  456): 3100008c:327681 sending RPC reply (XID 3703)
E/power   (  456): release_wake_lock g_error=2 
E/power   (  456): acquire_wake_lock g_error=2 
E/power   (  456): release_wake_lock g_error=2 
E/power   (  456): acquire_wake_lock g_error=2 
D/RPC     (  456): 3000008c:00050000 received CALL.
D/RPC     (  456): 3000008c:00050000 dispatching RPC call (XID 3704, xdr 0x419580) for callback client 3100008c:00050001.
D/RPC     (  456): 3100008c:327681 sending RPC reply (XID 3704)
D/RPC     (  456): 3000008c:00050000 received CALL.
D/RPC     (  456): 3000008c:00050000 dispatching RPC call (XID 3705, xdr 0x419580) for callback client 3100008c:00050001.
D/RPC     (  456): 3100008c:327681 sending RPC reply (XID 3705)
E/power   (  456): acquire_wake_lock g_error=2 
E/power   (  456): release_wake_lock g_error=2 
E/power   (  456): acquire_wake_lock g_error=2 
E/power   (  456): release_wake_lock g_error=2 
D/RPC     (  456): 3000008c:00050000 received CALL.
D/RPC     (  456): 3000008c:00050000 dispatching RPC call (XID 3706, xdr 0x419580) for callback client 3100008c:00050001.
D/RPC     (  456): 3100008c:327681 sending RPC reply (XID 3706)
D/RPC     (  456): 3000008c:00050000 received CALL.
D/RPC     (  456): 3000008c:00050000 dispatching RPC call (XID 3707, xdr 0x419580) for callback client 3100008c:00050001.
E/power   (  456): release_wake_lock g_error=2 
E/power   (  456): acquire_wake_lock g_error=2 
E/power   (  456): release_wake_lock g_error=2 
D/RPC     (  456): 3100008c:327681 sending RPC reply (XID 3707)
D/RPC     (  456): 3000008c:00050000 received CALL.
D/RPC     (  456): 3000008c:00050000 dispatching RPC call (XID 3708, xdr 0x419580) for callback client 3100008c:00050001.
D/RPC     (  456): 3100008c:327681 sending RPC reply (XID 3708)
E/power   (  456): acquire_wake_lock g_error=2 
E/power   (  456): release_wake_lock g_error=2 
E/power   (  456): acquire_wake_lock g_error=2 
E/power   (  456): release_wake_lock g_error=2 
D/RPC     (  456): 3000008c:00050000 received CALL.
D/RPC     (  456): 3000008c:00050000 dispatching RPC call (XID 3709, xdr 0x419580) for callback client 3100008c:00050001.
D/RPC     (  456): 3100008c:327681 sending RPC reply (XID 3709)
D/RPC     (  456): 3000008c:00050000 received CALL.
D/RPC     (  456): 3000008c:00050000 dispatching RPC call (XID 3710, xdr 0x419580) for callback client 3100008c:00050001.
D/RPC     (  456): 3100008c:327681 sending RPC reply (XID 3710)
E/power   (  456): acquire_wake_lock g_error=2 
E/power   (  456): acquire_wake_lock g_error=2 
E/power   (  456): release_wake_lock g_error=2 
D/RPC     (  456): 3000008c:00050000 received CALL.
D/RPC     (  456): 3000008c:00050000 dispatching RPC call (XID 3711, xdr 0x419580) for callback client 3100008c:00050001.
D/RPC     (  456): 3100008c:327681 sending RPC reply (XID 3711)
D/RPC     (  456): 3000008c:00050000 received CALL.
D/RPC     (  456): 3000008c:00050000 dispatching RPC call (XID 3712, xdr 0x419580) for callback client 3100008c:00050001.
D/RPC     (  456): 3100008c:327681 sending RPC reply (XID 3712)
E/power   (  456): acquire_wake_lock g_error=2 
E/power   (  456): release_wake_lock g_error=2 
E/power   (  456): release_wake_lock g_error=2 
D/RPC     (  456): 3000008c:00050000 received CALL.
D/RPC     (  456): 3000008c:00050000 dispatching RPC call (XID 3713, xdr 0x419580) for callback client 3100008c:00050001.
D/RPC     (  456): 3100008c:327681 sending RPC reply (XID 3713)
E/power   (  456): acquire_wake_lock g_error=2 
D/RPC     (  456): 3000008c:00050000 received CALL.
D/RPC     (  456): 3000008c:00050000 dispatching RPC call (XID 3714, xdr 0x419580) for callback client 3100008c:00050001.
D/RPC     (  456): 3100008c:327681 sending RPC reply (XID 3714)
E/power   (  456): release_wake_lock g_error=2 
I/StatusActivity( 4226): inside buttonsEnableProgressTimeoutR
I/StatusActivity( 4226): Inside _enableButtons
W/InputManagerService(  456): Window already focused, ignoring focus gain of: com.android.internal.view.IInputMethodClient$Stub$Proxy@40c860e0
D/InputTransport( 4226): Input channel destroyed: name='4098fd50 edu.mit.csail.diplomamatrix/edu.mit.csail.diplomamatrix.StatusActivity (client)', ashmemFd=61, receivePipeFd=65, sendPipeFd=66
I/SurfaceFlinger(  456): id=94 Removed edu.mit.csail.diplomamatrix/edu.mit.csail.diplomamatrix.StatusActivity idx=4 Map Size=5
W/WindowManager(  456): Window Window{4098fd50 edu.mit.csail.diplomamatrix/edu.mit.csail.diplomamatrix.StatusActivity paused=false} destroyed surface Surface(name=edu.mit.csail.diplomamatrix/edu.mit.csail.diplomamatrix.StatusActivity, identity=-1, mNativeSurface=0), session Session{40c92ae8 uid 10125}
D/SurfaceFlinger(  456): remove count:1 destroying edu.mit.csail.diplomamatrix/edu.mit.csail.diplomamatrix.StatusActivity
E/power   (  456): acquire_wake_lock g_error=2 
E/power   (  456): release_wake_lock g_error=2 
E/power   (  456): acquire_wake_lock g_error=2 
D/RPC     (  456): 3000008c:00050000 received CALL.
D/RPC     (  456): 3000008c:00050000 dispatching RPC call (XID 3715, xdr 0x419580) for callback client 3100008c:00050001.
D/RPC     (  456): 3100008c:327681 sending RPC reply (XID 3715)
D/RPC     (  456): 3000008c:00050000 received CALL.
D/RPC     (  456): 3000008c:00050000 dispatching RPC call (XID 3716, xdr 0x419580) for callback client 3100008c:00050001.
D/RPC     (  456): 3100008c:327681 sending RPC reply (XID 3716)
E/power   (  456): acquire_wake_lock g_error=2 
E/power   (  456): release_wake_lock g_error=2 
E/power   (  456): release_wake_lock g_error=2 
E/power   (  456): acquire_wake_lock g_error=2 
E/power   (  456): release_wake_lock g_error=2 
D/RPC     (  456): 3000008c:00050000 received CALL.
D/RPC     (  456): 3000008c:00050000 dispatching RPC call (XID 3717, xdr 0x419580) for callback client 3100008c:00050001.
D/RPC     (  456): 3100008c:327681 sending RPC reply (XID 3717)
D/RPC     (  456): 3000008c:00050000 received CALL.
D/RPC     (  456): 3000008c:00050000 dispatching RPC call (XID 3718, xdr 0x419580) for callback client 3100008c:00050001.
D/RPC     (  456): 3100008c:327681 sending RPC reply (XID 3718)
E/power   (  456): acquire_wake_lock g_error=2 
E/power   (  456): release_wake_lock g_error=2 
E/power   (  456): acquire_wake_lock g_error=2 
D/RPC     (  456): 3000008c:00050000 received CALL.
D/RPC     (  456): 3000008c:00050000 dispatching RPC call (XID 3719, xdr 0x419580) for callback client 3100008c:00050001.
D/RPC     (  456): 3100008c:327681 sending RPC reply (XID 3719)
D/RPC     (  456): 3000008c:00050000 received CALL.
D/RPC     (  456): 3000008c:00050000 dispatching RPC call (XID 3720, xdr 0x419580) for callback client 3100008c:00050001.
E/power   (  456): release_wake_lock g_error=2 
E/power   (  456): acquire_wake_lock g_error=2 
E/power   (  456): acquire_wake_lock g_error=2 
E/power   (  456): release_wake_lock g_error=2 
D/RPC     (  456): 3100008c:327681 sending RPC reply (XID 3720)
D/RPC     (  456): 3000008c:00050000 received CALL.
D/RPC     (  456): 3000008c:00050000 dispatching RPC call (XID 3721, xdr 0x419580) for callback client 3100008c:00050001.
D/RPC     (  456): 3100008c:327681 sending RPC reply (XID 3721)
D/RPC     (  456): 3000008c:00050000 received CALL.
D/RPC     (  456): 3000008c:00050000 dispatching RPC call (XID 3722, xdr 0x419580) for callback client 3100008c:00050001.
E/power   (  456): release_wake_lock g_error=2 
E/power   (  456): acquire_wake_lock g_error=2 
E/power   (  456): release_wake_lock g_error=2 
D/RPC     (  456): 3100008c:327681 sending RPC reply (XID 3722)
D/RPC     (  456): 3000008c:00050000 received CALL.
D/RPC     (  456): 3000008c:00050000 dispatching RPC call (XID 3723, xdr 0x419580) for callback client 3100008c:00050001.
D/RPC     (  456): 3100008c:327681 sending RPC reply (XID 3723)
E/power   (  456): acquire_wake_lock g_error=2 
E/power   (  456): release_wake_lock g_error=2 
D/RPC     (  456): 3000008c:00050000 received CALL.
D/RPC     (  456): 3000008c:00050000 dispatching RPC call (XID 3724, xdr 0x419580) for callback client 3100008c:00050001.
D/RPC     (  456): 3100008c:327681 sending RPC reply (XID 3724)
E/power   (  456): acquire_wake_lock g_error=2 
D/RPC     (  456): 3000008c:00050000 received CALL.
D/RPC     (  456): 3000008c:00050000 dispatching RPC call (XID 3725, xdr 0x419580) for callback client 3100008c:00050001.
E/power   (  456): release_wake_lock g_error=2 
D/RPC     (  456): 3100008c:327681 sending RPC reply (XID 3725)
W/PowerManagerService(  456): Timer 0x7->0x3|0x1
I/PowerManagerService(  456): Ulight 7->3|0
D/PowerManagerService(  456): setLightBrightness : mButtonLight : 0
E/power   (  456): acquire_wake_lock g_error=2 
E/power   (  456): acquire_wake_lock g_error=2 
E/power   (  456): release_wake_lock g_error=2 
D/RPC     (  456): 3000008c:00050000 received CALL.
D/RPC     (  456): 3000008c:00050000 dispatching RPC call (XID 3726, xdr 0x419580) for callback client 3100008c:00050001.
D/RPC     (  456): 3100008c:327681 sending RPC reply (XID 3726)
D/RPC     (  456): 3000008c:00050000 received CALL.
D/RPC     (  456): 3000008c:00050000 dispatching RPC call (XID 3727, xdr 0x419580) for callback client 3100008c:00050001.
E/power   (  456): release_wake_lock g_error=2 
E/power   (  456): acquire_wake_lock g_error=2 
E/power   (  456): release_wake_lock g_error=2 
E/power   (  456): acquire_wake_lock g_error=2 
E/power   (  456): release_wake_lock g_error=2 
D/RPC     (  456): 3100008c:327681 sending RPC reply (XID 3727)
D/RPC     (  456): 3000008c:00050000 received CALL.
D/RPC     (  456): 3000008c:00050000 dispatching RPC call (XID 3728, xdr 0x419580) for callback client 3100008c:00050001.
D/RPC     (  456): 3100008c:327681 sending RPC reply (XID 3728)
D/RPC     (  456): 3000008c:00050000 received CALL.
D/RPC     (  456): 3000008c:00050000 dispatching RPC call (XID 3729, xdr 0x419580) for callback client 3100008c:00050001.
D/RPC     (  456): 3100008c:327681 sending RPC reply (XID 3729)
E/power   (  456): acquire_wake_lock g_error=2 
E/power   (  456): release_wake_lock g_error=2 
E/power   (  456): acquire_wake_lock g_error=2 
D/RPC     (  456): 3000008c:00050000 received CALL.
D/RPC     (  456): 3000008c:00050000 dispatching RPC call (XID 3730, xdr 0x419580) for callback client 3100008c:00050001.
D/RPC     (  456): 3100008c:327681 sending RPC reply (XID 3730)
D/RPC     (  456): 3000008c:00050000 received CALL.
D/RPC     (  456): 3000008c:00050000 dispatching RPC call (XID 3731, xdr 0x419580) for callback client 3100008c:00050001.
E/power   (  456): acquire_wake_lock g_error=2 
E/power   (  456): release_wake_lock g_error=2 
E/power   (  456): release_wake_lock g_error=2 
E/power   (  456): acquire_wake_lock g_error=2 
D/RPC     (  456): 3100008c:327681 sending RPC reply (XID 3731)
D/RPC     (  456): 3000008c:00050000 received CALL.
D/RPC     (  456): 3000008c:00050000 dispatching RPC call (XID 3732, xdr 0x419580) for callback client 3100008c:00050001.
D/RPC     (  456): 3100008c:327681 sending RPC reply (XID 3732)
D/RPC     (  456): 3000008c:00050000 received CALL.
D/RPC     (  456): 3000008c:00050000 dispatching RPC call (XID 3733, xdr 0x419580) for callback client 3100008c:00050001.
D/RPC     (  456): 3100008c:327681 sending RPC reply (XID 3733)
E/power   (  456): acquire_wake_lock g_error=2 
E/power   (  456): release_wake_lock g_error=2 
E/power   (  456): release_wake_lock g_error=2 
E/power   (  456): acquire_wake_lock g_error=2 
D/RPC     (  456): 3000008c:00050000 received CALL.
D/RPC     (  456): 3000008c:00050000 dispatching RPC call (XID 3734, xdr 0x419580) for callback client 3100008c:00050001.
D/RPC     (  456): 3100008c:327681 sending RPC reply (XID 3734)
D/RPC     (  456): 3000008c:00050000 received CALL.
D/RPC     (  456): 3000008c:00050000 dispatching RPC call (XID 3735, xdr 0x419580) for callback client 3100008c:00050001.
E/power   (  456): release_wake_lock g_error=2 
D/RPC     (  456): 3100008c:327681 sending RPC reply (XID 3735)
E/power   (  456): acquire_wake_lock g_error=2 
D/RPC     (  456): 3000008c:00050000 received CALL.
E/power   (  456): release_wake_lock g_error=2 
D/RPC     (  456): 3000008c:00050000 dispatching RPC call (XID 3736, xdr 0x419580) for callback client 3100008c:00050001.
D/RPC     (  456): 3100008c:327681 sending RPC reply (XID 3736)
E/power   (  456): acquire_wake_lock g_error=2 
E/power   (  456): release_wake_lock g_error=2 
E/power   (  456): acquire_wake_lock g_error=2 
E/power   (  456): release_wake_lock g_error=2 
D/RPC     (  456): 3000008c:00050000 received CALL.
D/RPC     (  456): 3000008c:00050000 dispatching RPC call (XID 3737, xdr 0x419580) for callback client 3100008c:00050001.
D/RPC     (  456): 3100008c:327681 sending RPC reply (XID 3737)
D/RPC     (  456): 3000008c:00050000 received CALL.
D/RPC     (  456): 3000008c:00050000 dispatching RPC call (XID 3738, xdr 0x419580) for callback client 3100008c:00050001.
D/RPC     (  456): 3100008c:327681 sending RPC reply (XID 3738)
E/power   (  456): acquire_wake_lock g_error=2 
E/power   (  456): release_wake_lock g_error=2 
E/power   (  456): acquire_wake_lock g_error=2 
E/power   (  456): release_wake_lock g_error=2 
D/RPC     (  456): 3000008c:00050000 received CALL.
D/RPC     (  456): 3000008c:00050000 dispatching RPC call (XID 3739, xdr 0x419580) for callback client 3100008c:00050001.
D/RPC     (  456): 3100008c:327681 sending RPC reply (XID 3739)
D/RPC     (  456): 3000008c:00050000 received CALL.
D/RPC     (  456): 3000008c:00050000 dispatching RPC call (XID 3740, xdr 0x419580) for callback client 3100008c:00050001.
D/RPC     (  456): 3100008c:327681 sending RPC reply (XID 3740)
E/power   (  456): acquire_wake_lock g_error=2 
E/power   (  456): acquire_wake_lock g_error=2 
E/power   (  456): release_wake_lock g_error=2 
D/RPC     (  456): 3000008c:00050000 received CALL.
D/RPC     (  456): 3000008c:00050000 dispatching RPC call (XID 3741, xdr 0x419580) for callback client 3100008c:00050001.
D/RPC     (  456): 3100008c:327681 sending RPC reply (XID 3741)
D/RPC     (  456): 3000008c:00050000 received CALL.
D/RPC     (  456): 3000008c:00050000 dispatching RPC call (XID 3742, xdr 0x419580) for callback client 3100008c:00050001.
E/power   (  456): release_wake_lock g_error=2 
E/power   (  456): acquire_wake_lock g_error=2 
E/power   (  456): release_wake_lock g_error=2 
E/power   (  456): acquire_wake_lock g_error=2 
D/RPC     (  456): 3100008c:327681 sending RPC reply (XID 3742)
D/RPC     (  456): 3000008c:00050000 received CALL.
D/RPC     (  456): 3000008c:00050000 dispatching RPC call (XID 3743, xdr 0x419580) for callback client 3100008c:00050001.
D/RPC     (  456): 3100008c:327681 sending RPC reply (XID 3743)
D/RPC     (  456): 3000008c:00050000 received CALL.
D/RPC     (  456): 3000008c:00050000 dispatching RPC call (XID 3744, xdr 0x419580) for callback client 3100008c:00050001.
E/power   (  456): release_wake_lock g_error=2 
E/power   (  456): acquire_wake_lock g_error=2 
E/power   (  456): release_wake_lock g_error=2 
E/power   (  456): acquire_wake_lock g_error=2 
D/RPC     (  456): 3100008c:327681 sending RPC reply (XID 3744)
D/RPC     (  456): 3000008c:00050000 received CALL.
D/RPC     (  456): 3000008c:00050000 dispatching RPC call (XID 3745, xdr 0x419580) for callback client 3100008c:00050001.
D/RPC     (  456): 3100008c:327681 sending RPC reply (XID 3745)
D/RPC     (  456): 3000008c:00050000 received CALL.
D/RPC     (  456): 3000008c:00050000 dispatching RPC call (XID 3746, xdr 0x419580) for callback client 3100008c:00050001.
E/power   (  456): release_wake_lock g_error=2 
D/RPC     (  456): 3100008c:327681 sending RPC reply (XID 3746)
E/power   (  456): acquire_wake_lock g_error=2 
D/RPC     (  456): 3000008c:00050000 received CALL.
D/RPC     (  456): 3000008c:00050000 dispatching RPC call (XID 3747, xdr 0x419580) for callback client 3100008c:00050001.
E/power   (  456): release_wake_lock g_error=2 
D/RPC     (  456): 3100008c:327681 sending RPC reply (XID 3747)
E/power   (  456): acquire_wake_lock g_error=2 
E/power   (  456): release_wake_lock g_error=2 
E/power   (  456): acquire_wake_lock g_error=2 
D/RPC     (  456): 3000008c:00050000 received CALL.
D/RPC     (  456): 3000008c:00050000 dispatching RPC call (XID 3748, xdr 0x419580) for callback client 3100008c:00050001.
D/RPC     (  456): 3100008c:327681 sending RPC reply (XID 3748)
D/RPC     (  456): 3000008c:00050000 received CALL.
D/RPC     (  456): 3000008c:00050000 dispatching RPC call (XID 3749, xdr 0x419580) for callback client 3100008c:00050001.
D/RPC     (  456): 3100008c:327681 sending RPC reply (XID 3749)
E/power   (  456): acquire_wake_lock g_error=2 
E/power   (  456): release_wake_lock g_error=2 
E/power   (  456): release_wake_lock g_error=2 
E/power   (  456): acquire_wake_lock g_error=2 
D/RPC     (  456): 3000008c:00050000 received CALL.
D/RPC     (  456): 3000008c:00050000 dispatching RPC call (XID 3750, xdr 0x419580) for callback client 3100008c:00050001.
D/RPC     (  456): 3100008c:327681 sending RPC reply (XID 3750)
D/RPC     (  456): 3000008c:00050000 received CALL.
D/RPC     (  456): 3000008c:00050000 dispatching RPC call (XID 3751, xdr 0x419580) for callback client 3100008c:00050001.
E/power   (  456): acquire_wake_lock g_error=2 
E/power   (  456): release_wake_lock g_error=2 
E/power   (  456): release_wake_lock g_error=2 
E/power   (  456): acquire_wake_lock g_error=2 
E/power   (  456): release_wake_lock g_error=2 
D/RPC     (  456): 3100008c:327681 sending RPC reply (XID 3751)
D/RPC     (  456): 3000008c:00050000 received CALL.
D/RPC     (  456): 3000008c:00050000 dispatching RPC call (XID 3752, xdr 0x419580) for callback client 3100008c:00050001.
D/RPC     (  456): 3100008c:327681 sending RPC reply (XID 3752)
D/RPC     (  456): 3000008c:00050000 received CALL.
D/RPC     (  456): 3000008c:00050000 dispatching RPC call (XID 3753, xdr 0x419580) for callback client 3100008c:00050001.
D/RPC     (  456): 3100008c:327681 sending RPC reply (XID 3753)
E/power   (  456): acquire_wake_lock g_error=2 
E/power   (  456): release_wake_lock g_error=2 
E/power   (  456): acquire_wake_lock g_error=2 
D/RPC     (  456): 3000008c:00050000 received CALL.
D/RPC     (  456): 3000008c:00050000 dispatching RPC call (XID 3754, xdr 0x419580) for callback client 3100008c:00050001.
D/RPC     (  456): 3100008c:327681 sending RPC reply (XID 3754)
D/RPC     (  456): 3000008c:00050000 received CALL.
D/RPC     (  456): 3000008c:00050000 dispatching RPC call (XID 3755, xdr 0x419580) for callback client 3100008c:00050001.
E/power   (  456): release_wake_lock g_error=2 
E/power   (  456): acquire_wake_lock g_error=2 
E/power   (  456): release_wake_lock g_error=2 
E/power   (  456): acquire_wake_lock g_error=2 
E/power   (  456): release_wake_lock g_error=2 
D/RPC     (  456): 3100008c:327681 sending RPC reply (XID 3755)
D/RPC     (  456): 3000008c:00050000 received CALL.
D/RPC     (  456): 3000008c:00050000 dispatching RPC call (XID 3756, xdr 0x419580) for callback client 3100008c:00050001.
D/RPC     (  456): 3100008c:327681 sending RPC reply (XID 3756)
D/RPC     (  456): 3000008c:00050000 received CALL.
D/RPC     (  456): 3000008c:00050000 dispatching RPC call (XID 3757, xdr 0x419580) for callback client 3100008c:00050001.
D/RPC     (  456): 3100008c:327681 sending RPC reply (XID 3757)
I/WindowOrientationListener(  456): orientation = 356 Tilt = 57 -- 0 ,  5 ,  8
E/power   (  456): acquire_wake_lock g_error=2 
D/RPC     (  456): 3000008c:00050000 received CALL.
D/RPC     (  456): 3000008c:00050000 dispatching RPC call (XID 3758, xdr 0x419580) for callback client 3100008c:00050001.
E/power   (  456): release_wake_lock g_error=2 
D/RPC     (  456): 3100008c:327681 sending RPC reply (XID 3758)
I/InputReader(  456): dispatchTouch::touch event's action is 0, pending(waiting finished signal)=1
D/InputTransport(  456): Input channel destroyed: name='4098fd50 edu.mit.csail.diplomamatrix/edu.mit.csail.diplomamatrix.StatusActivity (server)', ashmemFd=117, receivePipeFd=302, sendPipeFd=301
I/InputDispatcher(  456): Delivering touch to current input target: action: 0, channel '40cc9f78 edu.mit.csail.diplomamatrix/edu.mit.csail.diplomamatrix.StatusActivity (server)'
I/InputDispatcher(  456): Delivering touch to current input target: action: 0, channel 'PenGestureView (server)'
I/PowerManagerService(  456): Ulight 3->7|0
D/PowerManagerService(  456): setLightBrightness : mButtonLight : 129
I/InputReader(  456): dispatchTouch::touch event's action is 1, pending(waiting finished signal)=1
I/InputDispatcher(  456): Delivering touch to current input target: action: 1, channel '40cc9f78 edu.mit.csail.diplomamatrix/edu.mit.csail.diplomamatrix.StatusActivity (server)'
I/InputDispatcher(  456): Delivering touch to current input target: action: 1, channel 'PenGestureView (server)'
V/AudioPolicyManager(  325): getParamFromPolicy  deviceInt = 0, situationInt = 1, situationVolume = 1.000000
V/AudioPolicyService(  325): startOutput() tid 414
V/AudioPolicyManager(  325): startOutput() output 1, stream 1, session 140
V/AudioPolicyManager(  325): getDeviceForStrategy() from cache strategy 0, device 2
V/AudioPolicyManager(  325): getNewDevice() selected device 2
V/AudioPolicyManager(  325): setOutputDevice() output 1 device 2 delayMs 0
V/AudioPolicyManager(  325): setOutputDevice() setting same device 2 or null device for output 1
E/AudioTrack(  456): Audio track delete
E/AudioTrack(  456): stop 0x4bb768
E/AudioTrack(  456): Stop complete
E/AudioTrack(  456): Audio track exit start
E/AudioTrack(  456): Audio track exit done
V/AudioPolicyService(  325): releaseOutput() tid 553
V/AudioPolicyManager(  325): releaseOutput() 1
I/StatusActivity( 4226): 1333066947543: canPressButton = TRUE
I/StatusActivity( 4226): 1333066947544: ** Clicked getphotos Button from region 5 **
I/StatusActivity( 4226): Inside disableButtonsR
I/StatusActivity( 4226): 1333066947554: I'm the Client, and I'm in region: 1 nodID = 5001
I/StatusActivity( 4226): 1333066947558: I'm a leader, my requesting photos packet going to mux directly
I/StatusActivity( 4226): 1333066947558: StatusActivity sent request to get photos for region 5
D/InputTransport(  456): Input channel constructed: name='409ed328 edu.mit.csail.diplomamatrix/edu.mit.csail.diplomamatrix.StatusActivity (server)', ashmemFd=291, receivePipeFd=302, sendPipeFd=301
D/InputTransport(  456): Input channel constructed: name='409ed328 edu.mit.csail.diplomamatrix/edu.mit.csail.diplomamatrix.StatusActivity (client)', ashmemFd=299, receivePipeFd=300, sendPipeFd=313
D/InputTransport(  456): Input channel destroyed: name='409ed328 edu.mit.csail.diplomamatrix/edu.mit.csail.diplomamatrix.StatusActivity (client)', ashmemFd=299, receivePipeFd=300, sendPipeFd=313
D/InputTransport( 4226): Input channel constructed: name='409ed328 edu.mit.csail.diplomamatrix/edu.mit.csail.diplomamatrix.StatusActivity (client)', ashmemFd=61, receivePipeFd=65, sendPipeFd=66
I/Mux     ( 4226): 1333066947575: Inside mux Packet.CLIENT_REQUEST
I/Mux     ( 4226): 1333066947575: I'm the leader of requesting client, about to process Packet.CLIENT_REQUEST in userApp
I/UserApp ( 4226): 1333066947576: UserApp handling MY region's client request, will send atom packet to REMOTE region's handleDSMRequest
I/UserApp ( 4226): 1333066947576: request is CLIENT_DOWNLOAD_PHOTO, figure out where (remote region) to forward packet
V/AudioHardwareMSM8660(  325): open driver
I/UserApp ( 4226): 1333066947587: Sending to region: 5
I/VCoreDaemon( 4226): 1333066947588: Sending PROC_REQUEST 11:1 (1,0)->(5,0)
I/VCoreDaemon( 4226): 1333066947589: Dispatching Atom PROC_REQUEST 11:1 (1,0)->(5,0)
I/SurfaceFlinger(  456): id=95(5) createSurface 0x604fec for pid 4226 (1x1),1 flag=0, edu.mit.csail.diplomamatrix/edu.mit.csail.diplomamatrix.StatusActivity
I/WindowManager(  456):   CREATE SURFACE Surface(name=edu.mit.csail.diplomamatrix/edu.mit.csail.diplomamatrix.StatusActivity, identity=95, mNativeSurface=0) IN SESSION android.view.SurfaceSession@40cca298: pid=4226 format=-2 flags=0x0 / Window{409ed328 edu.mit.csail.diplomamatrix/edu.mit.csail.diplomamatrix.StatusActivity paused=false}
V/AudioHardwareMSM8660(  325): get config
V/AudioHardwareMSM8660(  325): set config
V/AudioHardwareMSM8660(  325): buffer_size: 4800
V/AudioHardwareMSM8660(  325): buffer_count: 2
V/AudioHardwareMSM8660(  325): channel_count: 2
V/AudioHardwareMSM8660(  325): sample_rate: 44100
D/AudioHardwareMSM8660(  325): write(): dec_id = 1 cur_rx = 2
V/AudioHardwareMSM8660(  325): cur_rx for pcm playback = 2
D/AudioHardwareMSM8660(  325): value of device and enable is 2 1 ALSA dev id:2
I/Mux     ( 4226): 1333066947603: I got a CSM packet at a leader 
I/NetworkThread( 4226): 1333066947612: Sending UDP payload: 949
I/VCoreDaemon( 4226): 1333066947614: nonce 48 heard from src region (1,0)
D/msm8660.gralloc(  456): !@/dev/pmem: allocating pmem size=753664, offset=25706496(0x1884000)
I/ViewRoot( 4226): !@FINISH DRAWING : edu.mit.csail.diplomamatrix/edu.mit.csail.diplomamatrix.StatusActivity
D/ACDB-LOADER(  325): ACDB -> send_audio_cal, acdb_id = 2, path =  0
D/ACDB-LOADER(  325): ACDB -> send_audtable
D/ACDB-LOADER(  325): ACDB -> ACDB_CMD_GET_AUDPROC_COMMON_TABLE
D/ACDB-LOADER(  325): ACDB -> AUDIO_SET_AUDPROC_CAL
D/ACDB-LOADER(  325): ACDB -> send_audvoltable
D/ACDB-LOADER(  325): ACDB -> ACDB_CMD_GET_AUDPROC_GAIN_DEP_VOLTBL_STEP_COPP
D/ACDB-LOADER(  325): ACDB -> AUDIO_SET_AUDPROC_VOL_CAL
I/ViewRoot( 4226): !@finishDrawing is completed : edu.mit.csail.diplomamatrix/edu.mit.csail.diplomamatrix.StatusActivity
I/InputReader(  456): dispatchTouch::touch event's action is 0, pending(waiting finished signal)=1
I/InputDispatcher(  456): Delivering touch to current input target: action: 0, channel '409ed328 edu.mit.csail.diplomamatrix/edu.mit.csail.diplomamatrix.StatusActivity (server)'
I/InputDispatcher(  456): Delivering touch to current input tar