--------- beginning of /dev/log/main
D/msm8660.gralloc(  456): !@/dev/pmem: allocating pmem size=4096000, offset=32669696(0x1f28000)
I/InputReader(  456): dispatchTouch::touch event's action is 1, pending(waiting finished signal)=1
I/InputDispatcher(  456): Delivering touch to current input target: action: 1, channel '40a65aa8 com.google.android.googlequicksearchbox/com.google.android.googlequicksearchbox.SearchActivity (server)'
I/InputDispatcher(  456): Delivering touch to current input target: action: 1, channel 'PenGestureView (server)'
D/WifiLocator(  668): Too many no-location APs. Will not compute a location nor go to the server. hasLocation=0 noLocation=0 cacheMiss=0
D/CellLocator(  668): Primary cell miss in cache. Need server request.
E/AlarmManagerService(  456): android_server_AlarmManagerService_set to type=2, 625.348000000
D/LMF     (  456): Set InputMethod Active
I/SurfaceFlinger(  456): id=77 Removed Starting com.google.android.googlequicksearchbox idx=4 Map Size=6
D/SurfaceFlinger(  456): remove count:1 destroying Starting com.google.android.googlequicksearchbox
I/ViewRoot(  594): !@FINISH DRAWING : InputMethod
I/ViewRoot(  594): !@finishDrawing is completed : InputMethod
D/msm8660.gralloc(  456): !@/dev/pmem: allocating pmem size=2048000, offset=10346496(0x9de000)
V/DATA    (  598): [DCT(0) ] onDataCallListChanged:
V/DATA    (  598): [DCT(0) ] ---dc state list---
V/DATA    (  598): [DCT(0) ] DataCallState: { cid: 0, active: 2, type: , apn: pta, address: 10.68.227.183 }
V/DATA    (  598): [DCT(0) ] ---dc list---
V/DATA    (  598): [DCT(0) ] cid = 0, state = DcActiveState, bearerType = IP, ipaddress = 10.68.227.183, gw=10.68.227.177, dns=[172.26.38.1, 172.26.38.2]
D/QSB.SuggestionProvider( 1853): suggestions=
D/dalvikvm(  668): GC_CONCURRENT freed 435K, 39% free 3930K/6407K, external 0K/1280K, paused 5ms+3ms
I/System.out(  668): [INFO:303287]: LogSource: Response [http=200,length=95]
I/System.out(  668): [INFO:303291]: LogSource: Read id 2, status code 200
D/WifiLocator(  668): Too many no-location APs. Will not compute a location nor go to the server. hasLocation=0 noLocation=0 cacheMiss=0
D/CellLocator(  668): Found cell location: Position [redacted]
D/androidNlpServiceThread(  668): reporting Location[mProvider=network,mTime=1333066876045,mLatitude=42.3550089,mLongitude=-71.0901327,mHasAltitude=false,mAltitude=0.0,mHasSpeed=false,mSpeed=0.0,mHasBearing=false,mBearing=0.0,mHasAccuracy=true,mAccuracy=1334.0,mExtras=Bundle[{networkLocationSource=cached, networkLocationType=cell}]]
E/AlarmManagerService(  456): android_server_AlarmManagerService_set to type=2, 625.348000000
D/ClientReporter(  668): reported location
E/power   (  456): acquire_wake_lock g_error=2 
E/power   (  456): release_wake_lock g_error=2 
E/power   (  456): acquire_wake_lock g_error=2 
E/power   (  456): release_wake_lock g_error=2 
D/InputReader(  456): Input event: value=1
V/AudioPolicyManager(  325): getParamFromPolicy  deviceInt = 0, situationInt = 1, situationVolume = 1.000000
I/InputDispatcher(  456): Delivering key to current input target: action: 0, channel '40a65aa8 com.google.android.googlequicksearchbox/com.google.android.googlequicksearchbox.SearchActivity (server)'
I/InputDispatcher(  456): Delivering key to current input target: action: 0, channel 'PenGestureView (server)'
V/AudioPolicyService(  325): startOutput() tid 325
V/AudioPolicyManager(  325): startOutput() output 1, stream 1, session 88
V/AudioPolicyManager(  325): getDeviceForStrategy() from cache strategy 0, device 2
V/AudioPolicyManager(  325): getNewDevice() selected device 2
V/AudioPolicyManager(  325): setOutputDevice() output 1 device 2 delayMs 0
V/AudioPolicyManager(  325): setOutputDevice() setting same device 2 or null device for output 1
E/AudioTrack(  456): Audio track delete
E/AudioTrack(  456): stop 0x5f16e0
E/AudioTrack(  456): Stop complete
E/AudioTrack(  456): Audio track exit start
E/AudioTrack(  456): Audio track exit done
V/AudioPolicyService(  325): releaseOutput() tid 552
V/AudioPolicyManager(  325): releaseOutput() 1
D/InputReader(  456): Input event: value=0
I/InputDispatcher(  456): Delivering key to current input target: action: 1, channel '40a65aa8 com.google.android.googlequicksearchbox/com.google.android.googlequicksearchbox.SearchActivity (server)'
I/InputDispatcher(  456): Delivering key to current input target: action: 1, channel 'PenGestureView (server)'
I/OrientationDebug(  456): [pwm] in updateOrientationListenerLp()
V/OrientationDebug(  456): in updateOrientationListenerLp(), Screen status=true, current orientation=1, SensorEnabled=false
I/OrientationDebug(  456): [pwm] needSensorRunningLp(), return false #3
E/WindowManager(  456): rotation is : 0
I/SurfaceFlinger(  456): id=79 Removed InputMethod idx=3 Map Size=5
I/GLThread(  643): onResume tid=15
I/Main thread(  643): onResume waiting for !mPaused.
I/GLThread(  643): mPaused is now false tid=15
D/Launcher(  643): It's image wallpaper. suggestDesiredDimensions(800 , 1280 )
D/SurfaceFlinger(  456): remove count:1 destroying InputMethod
E/com.samsung.app(  955): [MSC_Accu]>>> WeatherWidgetProvider.java:354 [0:0] onReceive@ sec.android.intent.action.HOME_RESUME
E/com.samsung.app(  955): [MSC_Accu]>>> WidgetIdManager.java:53 [0:0] AccuWeatherClockWidgetID_Length
I/SurfaceFlinger(  456): id=80(25) createSurface 0x5d9e64 for pid 643 (800x1230),1 flag=0, SurfaceView
E/com.samsung.app(  955): [MSC_Accu]>>> WidgetIdManager.java:54 [0:0] getPrefIDs@lngth:1
E/com.samsung.app(  955): [MSC_Accu]>>> WidgetIdManager.java:60 [0:0] getPrefIDs@Ids1:4
I/GLThread(  643): noticed surfaceView surface acquired tid=15
W/GLThread(  643): egl createSurface
W/EglHelper(  643): createSurface()  tid=15
D/msm8660.gralloc(  456): !@/dev/pmem: allocating pmem size=3993600, offset=10346496(0x9de000)
W/GLThread(  643): onSurfaceChanged(800, 1230)
I/Main thread(  643): onWindowResize waiting for render complete from tid=15
I/GLThread(  643): noticing that we want render notification tid=15
W/GLThread(  643): onSurfaceChanged(800, 1230)
E/com.samsung.app( 1397): [MSC]>>> StockClock_Integration.java:235 [0:0] onReceive sec.android.intent.action.HOME_RESUME
D/msm8660.gralloc(  456): !@/dev/pmem: allocating pmem size=3993600, offset=14340096(0xdad000)
I/Main thread(  643): onWindowResize waiting for render complete from tid=15
E/com.samsung.app( 1397): [MSC]>>> StockClock_Integration.java:241 [0:0] onReceive : no stock widget!!!
I/GLThread(  643): sending render notification tid=15
I/SurfaceFlinger(  456): id=81(26) createSurface 0x2ea174 for pid 643 (800x1280),1 flag=400, com.sec.android.app.twlauncher/com.sec.android.app.twlauncher.Launcher
D/Surface (  643): Surface is full screen
E/AudioTrack(  456): stop 0x490d48
I/PhotoAppWidgetProvider( 1411): onReceive
V/AudioPolicyService(  325): stopOutput() tid 407
V/AudioPolicyManager(  325): stopOutput() output 1, stream 1, session 88
I/PhotoAppWidgetProvider( 1411): RestartSlideShow
V/AudioPolicyManager(  325): getNewDevice() selected device 0
V/AudioPolicyManager(  325): setOutputDevice() output 1 device 0 delayMs 0
V/AudioPolicyManager(  325): setOutputDevice() setting same device 0 or null device for output 1
E/AudioTrack(  456): Stop complete
D/PhotoDatabaseHelper( 1411): getWidgetIdList query count : 0
D/PhotoAppWidgetProvider( 1411): onReceive End
D/DigitalClock(  986): DigitalClockAppWidget.onReceive : ACTION_HOME_RESUME is called!!
D/Buddies--------------------------->( 1427): Service:OnReceive ACTION_HOME_RESUME called
I/Launcher(  643): onWindowFocusChanged(true)
W/IInputConnectionWrapper( 1853): showStatusIcon on inactive InputConnection
D/msm8660.gralloc(  456): !@/dev/pmem: allocating pmem size=4096000, offset=18333696(0x117c000)
I/ViewRoot(  643): !@FINISH DRAWING : com.sec.android.app.twlauncher/com.sec.android.app.twlauncher.Launcher
I/ViewRoot(  643): !@finishDrawing is completed : com.sec.android.app.twlauncher/com.sec.android.app.twlauncher.Launcher
D/msm8660.gralloc(  456): !@/dev/pmem: allocating pmem size=4096000, offset=22429696(0x1564000)
D/dalvikvm(  643): GC_EXTERNAL_ALLOC freed 225K, 40% free 4473K/7431K, external 22649K/23467K, paused 54ms
D/InputReader(  456): Input event: value=1
D/LMF     (  456): Set InputMethod Deactive
V/AudioPolicyManager(  325): getParamFromPolicy  deviceInt = 0, situationInt = 1, situationVolume = 1.000000
D/msm8660.gralloc(  456): !@/dev/pmem: allocating pmem size=4096000, offset=36765696(0x2310000)
I/InputDispatcher(  456): Delivering key to current input target: action: 0, channel '40c93208 com.sec.android.app.twlauncher/com.sec.android.app.twlauncher.Launcher (server)'
I/InputDispatcher(  456): Delivering key to current input target: action: 0, channel 'PenGestureView (server)'
V/AudioPolicyService(  325): startOutput() tid 414
V/AudioPolicyManager(  325): startOutput() output 1, stream 1, session 89
V/AudioPolicyManager(  325): getDeviceForStrategy() from cache strategy 0, device 2
V/AudioPolicyManager(  325): getNewDevice() selected device 2
V/AudioPolicyManager(  325): setOutputDevice() output 1 device 2 delayMs 0
V/AudioPolicyManager(  325): setOutputDevice() setting same device 2 or null device for output 1
E/AudioTrack(  456): Audio track delete
E/AudioTrack(  456): stop 0x490d48
E/AudioTrack(  456): Stop complete
E/AudioTrack(  456): Audio track exit start
E/AudioTrack(  456): Audio track exit done
V/AudioPolicyService(  325): releaseOutput() tid 325
V/AudioPolicyManager(  325): releaseOutput() 1
I/SurfaceFlinger(  456): id=78 Removed com.google.android.googlequicksearchbox/com.google.android.googlequicksearchbox.SearchActivity idx=4 Map Size=6
D/SurfaceFlinger(  456): remove count:1 destroying com.google.android.googlequicksearchbox/com.google.android.googlequicksearchbox.SearchActivity
D/dalvikvm(  643): GC_EXTERNAL_ALLOC freed 46K, 41% free 4441K/7431K, external 23218K/23641K, paused 33ms
D/InputReader(  456): Input event: value=0
I/InputDispatcher(  456): Delivering key to current input target: action: 1, channel '40c93208 com.sec.android.app.twlauncher/com.sec.android.app.twlauncher.Launcher (server)'
I/InputDispatcher(  456): Delivering key to current input target: action: 1, channel 'PenGestureView (server)'
D/InputTransport(  456): Input channel destroyed: name='40a65aa8 com.google.android.googlequicksearchbox/com.google.android.googlequicksearchbox.SearchActivity (server)', ashmemFd=117, receivePipeFd=291, sendPipeFd=269
D/InputTransport( 1853): Input channel destroyed: name='40a65aa8 com.google.android.googlequicksearchbox/com.google.android.googlequicksearchbox.SearchActivity (client)', ashmemFd=51, receivePipeFd=52, sendPipeFd=53
E/AudioTrack(  456): stop 0x2ea650
V/AudioPolicyService(  325): stopOutput() tid 553
V/AudioPolicyManager(  325): stopOutput() output 1, stream 1, session 89
V/AudioPolicyManager(  325): getNewDevice() selected device 0
V/AudioPolicyManager(  325): setOutputDevice() output 1 device 0 delayMs 0
V/AudioPolicyManager(  325): setOutputDevice() setting same device 0 or null device for output 1
E/AudioTrack(  456): Stop complete
D/InputReader(  456): Input event: value=1
V/AudioPolicyManager(  325): getParamFromPolicy  deviceInt = 0, situationInt = 1, situationVolume = 1.000000
I/InputDispatcher(  456): Delivering key to current input target: action: 0, channel '40c93208 com.sec.android.app.twlauncher/com.sec.android.app.twlauncher.Launcher (server)'
I/InputDispatcher(  456): Delivering key to current input target: action: 0, channel 'PenGestureView (server)'
V/AudioPolicyService(  325): startOutput() tid 407
V/AudioPolicyManager(  325): startOutput() output 1, stream 1, session 90
V/AudioPolicyManager(  325): getDeviceForStrategy() from cache strategy 0, device 2
V/AudioPolicyManager(  325): getNewDevice() selected device 2
V/AudioPolicyManager(  325): setOutputDevice() output 1 device 2 delayMs 0
V/AudioPolicyManager(  325): setOutputDevice() setting same device 2 or null device for output 1
E/AudioTrack(  456): Audio track delete
E/AudioTrack(  456): stop 0x2ea650
E/AudioTrack(  456): Stop complete
E/AudioTrack(  456): Audio track exit start
E/AudioTrack(  456): Audio track exit done
V/AudioPolicyService(  325): releaseOutput() tid 414
V/AudioPolicyManager(  325): releaseOutput() 1
D/InputReader(  456): Input event: value=0
I/InputDispatcher(  456): Delivering key to current input target: action: 1, channel '40c93208 com.sec.android.app.twlauncher/com.sec.android.app.twlauncher.Launcher (server)'
I/InputDispatcher(  456): Delivering key to current input target: action: 1, channel 'PenGestureView (server)'
E/AudioTrack(  456): stop 0x5f16e0
V/AudioPolicyService(  325): stopOutput() tid 552
V/AudioPolicyManager(  325): stopOutput() output 1, stream 1, session 90
V/AudioPolicyManager(  325): getNewDevice() selected device 0
V/AudioPolicyManager(  325): setOutputDevice() output 1 device 0 delayMs 0
V/AudioPolicyManager(  325): setOutputDevice() setting same device 0 or null device for output 1
E/AudioTrack(  456): Stop complete
D/InputReader(  456): Input event: value=1
V/AudioPolicyManager(  325): getParamFromPolicy  deviceInt = 0, situationInt = 1, situationVolume = 1.000000
I/InputDispatcher(  456): Delivering key to current input target: action: 0, channel '40c93208 com.sec.android.app.twlauncher/com.sec.android.app.twlauncher.Launcher (server)'
I/InputDispatcher(  456): Delivering key to current input target: action: 0, channel 'PenGestureView (server)'
V/AudioPolicyService(  325): startOutput() tid 553
V/AudioPolicyManager(  325): startOutput() output 1, stream 1, session 91
V/AudioPolicyManager(  325): getDeviceForStrategy() from cache strategy 0, device 2
V/AudioPolicyManager(  325): getNewDevice() selected device 2
V/AudioPolicyManager(  325): setOutputDevice() output 1 device 2 delayMs 0
V/AudioPolicyManager(  325): setOutputDevice() setting same device 2 or null device for output 1
E/AudioTrack(  456): Audio track delete
E/AudioTrack(  456): stop 0x5f16e0
E/AudioTrack(  456): Stop complete
E/AudioTrack(  456): Audio track exit start
E/AudioTrack(  456): Audio track exit done
V/AudioPolicyService(  325): releaseOutput() tid 407
V/AudioPolicyManager(  325): releaseOutput() 1
D/InputReader(  456): Input event: value=0
I/InputDispatcher(  456): Delivering key to current input target: action: 1, channel '40c93208 com.sec.android.app.twlauncher/com.sec.android.app.twlauncher.Launcher (server)'
I/InputDispatcher(  456): Delivering key to current input target: action: 1, channel 'PenGestureView (server)'
E/AudioTrack(  456): stop 0x683a30
V/AudioPolicyService(  325): stopOutput() tid 325
V/AudioPolicyManager(  325): stopOutput() output 1, stream 1, session 91
V/AudioPolicyManager(  325): getNewDevice() selected device 0
V/AudioPolicyManager(  325): setOutputDevice() output 1 device 0 delayMs 0
V/AudioPolicyManager(  325): setOutputDevice() setting same device 0 or null device for output 1
E/AudioTrack(  456): Stop complete
I/InputReader(  456): dispatchTouch::touch event's action is 0, pending(waiting finished signal)=1
I/InputDispatcher(  456): Delivering touch to current input target: action: 0, channel '40c93208 com.sec.android.app.twlauncher/com.sec.android.app.twlauncher.Launcher (server)'
I/InputDispatcher(  456): Delivering touch to current input target: action: 0, channel '40974340 com.android.internal.service.wallpaper.ImageWallpaper (server)'
I/InputDispatcher(  456): Delivering touch to current input target: action: 0, channel 'PenGestureView (server)'
I/InputReader(  456): dispatchTouch::touch event's action is 1, pending(waiting finished signal)=1
I/InputDispatcher(  456): Delivering touch to current input target: action: 1, channel '40c93208 com.sec.android.app.twlauncher/com.sec.android.app.twlauncher.Launcher (server)'
I/InputDispatcher(  456): Delivering touch to current input target: action: 1, channel '40974340 com.android.internal.service.wallpaper.ImageWallpaper (server)'
I/InputDispatcher(  456): Delivering touch to current input target: action: 1, channel 'PenGestureView (server)'
E/MP-Decision(  870): Error(-22) changing core status to online
I/InputReader(  456): dispatchTouch::touch event's action is 0, pending(waiting finished signal)=1
I/InputDispatcher(  456): Delivering touch to current input target: action: 0, channel '40c93208 com.sec.android.app.twlauncher/com.sec.android.app.twlauncher.Launcher (server)'
I/InputDispatcher(  456): Delivering touch to current input target: action: 0, channel '40974340 com.android.internal.service.wallpaper.ImageWallpaper (server)'
I/InputDispatcher(  456): Delivering touch to current input target: action: 0, channel 'PenGestureView (server)'
I/InputReader(  456): dispatchTouch::touch event's action is 1, pending(waiting finished signal)=1
I/InputDispatcher(  456): Delivering touch to current input target: action: 1, channel '40c93208 com.sec.android.app.twlauncher/com.sec.android.app.twlauncher.Launcher (server)'
I/InputDispatcher(  456): Delivering touch to current input target: action: 1, channel '40974340 com.android.internal.service.wallpaper.ImageWallpaper (server)'
I/InputDispatcher(  456): Delivering touch to current input target: action: 1, channel 'PenGestureView (server)'
I/InputReader(  456): dispatchTouch::touch event's action is 0, pending(waiting finished signal)=1
I/InputDispatcher(  456): Delivering touch to current input target: action: 0, channel '40c93208 com.sec.android.app.twlauncher/com.sec.android.app.twlauncher.Launcher (server)'
I/InputDispatcher(  456): Delivering touch to current input target: action: 0, channel '40974340 com.android.internal.service.wallpaper.ImageWallpaper (server)'
I/InputDispatcher(  456): Delivering touch to current input target: action: 0, channel 'PenGestureView (server)'
I/InputReader(  456): dispatchTouch::touch event's action is 1, pending(waiting finished signal)=1
I/InputDispatcher(  456): Delivering touch to current input target: action: 1, channel '40c93208 com.sec.android.app.twlauncher/com.sec.android.app.twlauncher.Launcher (server)'
I/InputDispatcher(  456): Delivering touch to current input target: action: 1, channel '40974340 com.android.internal.service.wallpaper.ImageWallpaper (server)'
I/InputDispatcher(  456): Delivering touch to current input target: action: 1, channel 'PenGestureView (server)'
D/AudioHardwareMSM8660(  325): AudioStreamOutMSM72xx::standby()
D/AudioHardwareMSM8660(  325): Deroute pcm stream
D/AudioHardwareMSM8660(  325): value of device and enable is 2 0 ALSA dev id:2
D/dalvikvm( 1853): GC_EXPLICIT freed 174K, 40% free 3466K/5703K, external 1429K/2608K, paused 32ms
I/InputReader(  456): dispatchTouch::touch event's action is 0, pending(waiting finished signal)=1
I/InputDispatcher(  456): Delivering touch to current input target: action: 0, channel '40c93208 com.sec.android.app.twlauncher/com.sec.android.app.twlauncher.Launcher (server)'
I/InputDispatcher(  456): Delivering touch to current input target: action: 0, channel '40974340 com.android.internal.service.wallpaper.ImageWallpaper (server)'
I/InputDispatcher(  456): Delivering touch to current input target: action: 0, channel 'PenGestureView (server)'
I/InputReader(  456): dispatchTouch::touch event's action is 1, pending(waiting finished signal)=1
I/InputDispatcher(  456): Delivering touch to current input target: action: 1, channel '40c93208 com.sec.android.app.twlauncher/com.sec.android.app.twlauncher.Launcher (server)'
I/InputDispatcher(  456): Delivering touch to current input target: action: 1, channel '40974340 com.android.internal.service.wallpaper.ImageWallpaper (server)'
I/InputDispatcher(  456): Delivering touch to current input target: action: 1, channel 'PenGestureView (server)'
I/InputReader(  456): dispatchTouch::touch event's action is 0, pending(waiting finished signal)=1
I/InputDispatcher(  456): Delivering touch to current input target: action: 0, channel '40c93208 com.sec.android.app.twlauncher/com.sec.android.app.twlauncher.Launcher (server)'
I/InputDispatcher(  456): Delivering touch to current input target: action: 0, channel '40974340 com.android.internal.service.wallpaper.ImageWallpaper (server)'
I/InputDispatcher(  456): Delivering touch to current input target: action: 0, channel 'PenGestureView (server)'
I/InputReader(  456): dispatchTouch::touch event's action is 1, pending(waiting finished signal)=1
I/InputDispatcher(  456): Delivering touch to current input target: action: 1, channel '40c93208 com.sec.android.app.twlauncher/com.sec.android.app.twlauncher.Launcher (server)'
I/InputDispatcher(  456): Delivering touch to current input target: action: 1, channel '40974340 com.android.internal.service.wallpaper.ImageWallpaper (server)'
I/InputDispatcher(  456): Delivering touch to current input target: action: 1, channel 'PenGestureView (server)'
V/AudioPolicyManager(  325): getParamFromPolicy  deviceInt = 0, situationInt = 1, situationVolume = 1.000000
V/AudioPolicyService(  325): startOutput() tid 552
V/AudioPolicyManager(  325): startOutput() output 1, stream 1, session 92
V/AudioPolicyManager(  325): getDeviceForStrategy() from cache strategy 0, device 2
V/AudioPolicyManager(  325): getNewDevice() selected device 2
V/AudioPolicyManager(  325): setOutputDevice() output 1 device 2 delayMs 0
V/AudioPolicyManager(  325): setOutputDevice() setting same device 2 or null device for output 1
V/AudioHardwareMSM8660(  325): open driver
E/AudioTrack(  456): Audio track delete
E/AudioTrack(  456): stop 0x683a30
E/AudioTrack(  456): Stop complete
E/AudioTrack(  456): Audio track exit start
E/AudioTrack(  456): Audio track exit done
V/AudioPolicyService(  325): releaseOutput() tid 553
V/AudioPolicyManager(  325): releaseOutput() 1
V/AudioHardwareMSM8660(  325): get config
V/AudioHardwareMSM8660(  325): set config
V/AudioHardwareMSM8660(  325): buffer_size: 4800
V/AudioHardwareMSM8660(  325): buffer_count: 2
V/AudioHardwareMSM8660(  325): channel_count: 2
V/AudioHardwareMSM8660(  325): sample_rate: 44100
D/AudioHardwareMSM8660(  325): write(): dec_id = 1 cur_rx = 2
V/AudioHardwareMSM8660(  325): cur_rx for pcm playback = 2
D/AudioHardwareMSM8660(  325): value of device and enable is 2 1 ALSA dev id:2
D/InputTransport(  456): Input channel constructed: name='40acf200 Starting edu.mit.csail.diplomamatrix (server)', ashmemFd=268, receivePipeFd=303, sendPipeFd=301
D/InputTransport(  456): Input channel constructed: name='40acf200 Starting edu.mit.csail.diplomamatrix (client)', ashmemFd=269, receivePipeFd=291, sendPipeFd=306
I/SurfaceFlinger(  456): id=82(19) createSurface 0x59a5a4 for pid 456 (1x1),2 flag=0, Starting edu.mit.csail.diplomamatrix
V/LauncherAppWidgetHostView(  643): dispatchSaveInstanceState: widgetid=1 vid=-1
V/LauncherAppWidgetHostView(  643): dispatchSaveInstanceState: widgetid=2 vid=-1
V/LauncherAppWidgetHostView(  643): dispatchSaveInstanceState: widgetid=4 vid=-1
V/LauncherAppWidgetHostView(  643): dispatchSaveInstanceState: widgetid=3 vid=-1
V/LauncherAppWidgetHostView(  643): dispatchSaveInstanceState: widgetid=5 vid=-1
V/LauncherAppWidgetHostView(  643): dispatchSaveInstanceState: widgetid=6 vid=-1
D/msm8660.gralloc(  456): !@/dev/pmem: allocating pmem size=4096000, offset=28573696(0x1b40000)
I/ViewRoot(  456): !@FINISH DRAWING : Starting edu.mit.csail.diplomamatrix
I/ViewRoot(  456): !@finishDrawing is completed : Starting edu.mit.csail.diplomamatrix
D/ACDB-LOADER(  325): ACDB -> send_audio_cal, acdb_id = 2, path =  0
D/ACDB-LOADER(  325): ACDB -> send_audtable
D/ACDB-LOADER(  325): ACDB -> ACDB_CMD_GET_AUDPROC_COMMON_TABLE
D/ACDB-LOADER(  325): ACDB -> AUDIO_SET_AUDPROC_CAL
D/ACDB-LOADER(  325): ACDB -> send_audvoltable
D/ACDB-LOADER(  325): ACDB -> ACDB_CMD_GET_AUDPROC_GAIN_DEP_VOLTBL_STEP_COPP
D/ACDB-LOADER(  325): ACDB -> AUDIO_SET_AUDPROC_VOL_CAL
E/com.samsung.app(  955): [MSC_Accu]>>> WeatherWidgetProvider.java:354 [0:0] onReceive@ sec.android.intent.action.HOME_PAUSE
E/com.samsung.app(  955): [MSC_Accu]>>> WidgetIdManager.java:53 [0:0] AccuWeatherClockWidgetID_Length
E/com.samsung.app(  955): [MSC_Accu]>>> WidgetIdManager.java:54 [0:0] getPrefIDs@lngth:1
D/GLSurfaceViewGroup(  643): Skipped drawing due to suspendDrawingUntilResume()
E/com.samsung.app(  955): [MSC_Accu]>>> WidgetIdManager.java:60 [0:0] getPrefIDs@Ids1:4
E/com.samsung.app(  955): [MSC_Accu]>>> WeatherWidgetProvider.java:347 [0:0] refreshhandler is null!!
E/com.samsung.app( 1397): [MSC]>>> StockClock_Integration.java:235 [0:0] onReceive sec.android.intent.action.HOME_PAUSE
E/com.samsung.app( 1397): [MSC]>>> StockClock_Integration.java:241 [0:0] onReceive : no stock widget!!!
I/PhotoAppWidgetProvider( 1411): onReceive
I/PhotoAppWidgetProvider( 1411): PauseSlideShow
D/PhotoAppWidgetProvider( 1411): onReceive End
I/OrientationDebug(  456): [pwm] in updateOrientationListenerLp()
V/OrientationDebug(  456): in updateOrientationListenerLp(), Screen status=true, current orientation=-1, SensorEnabled=false
I/OrientationDebug(  456): [pwm] needSensorRunningLp(), return false #3
E/WindowManager(  456): rotation is : 0
I/Launcher(  643): onWindowFocusChanged(false)
D/dalvikvm( 4072): Debugger has detached; object registry had 1 entries
I/GLThread(  643): noticed surfaceView surface lost tid=15
W/EglHelper(  643): destroySurface()  tid=15
D/dalvikvm( 4072): GC_EXTERNAL_ALLOC freed 46K, 42% free 3127K/5379K, external 0K/0K, paused 35ms
E/AudioTrack(  456): stop 0x7087e8
V/AudioPolicyService(  325): stopOutput() tid 414
V/AudioPolicyManager(  325): stopOutput() output 1, stream 1, session 92
V/AudioPolicyManager(  325): getNewDevice() selected device 0
V/AudioPolicyManager(  325): setOutputDevice() output 1 device 0 delayMs 0
V/AudioPolicyManager(  325): setOutputDevice() setting same device 0 or null device for output 1
E/AudioTrack(  456): Stop complete
D/GLSurfaceViewGroup(  643): Skipped drawing due to suspendDrawingUntilResume()
I/StatusActivity( 4072): 1333066884407: *** Opened log file for writing ***
I/StatusActivity( 4072): 1333066884408: starting Mux with id = -1
I/Mux.java( 4072): run() beginning -------------
I/StatusActivity( 4072): 1333066884410: *** Application started ***
D/Mux     ( 4072): Mux started
I/StatusActivity( 4072): 1333066884410: HI I'm in ONRESUME()
D/GpsLocationProvider(  456): setMinTime 1000
D/GpsLocationProvider(  456): startNavigating
D/libloc  (  456): loc_eng_set_position mode, client = 0, interval = 1000, mode = 1
W/libloc  (  456): loc_read_sec_gps_conf: no /data/data/com.android.angryGps/secgps.conf file, using defaults
I/StatusActivity( 4072): 1333066884419: SAMPLING_DISTANCE : 1, SAMPLING_DURATION : 1000
E/power   (  456): acquire_wake_lock g_error=2 
E/power   (  456): release_wake_lock g_error=2 
E/power   (  456): acquire_wake_lock g_error=2 
E/power   (  456): release_wake_lock g_error=2 
W/libloc  (  456): loc_read_sec_gps_conf: no /data/data/com.android.angryGps/secgps.conf file, using defaults
E/libloc  (  456): loc_eng_sec_set_param(): Fail to read sec GPS config!. default config will be set
D/InputTransport(  456): Input channel constructed: name='40cf3f00 edu.mit.csail.diplomamatrix/edu.mit.csail.diplomamatrix.StatusActivity (server)', ashmemFd=308, receivePipeFd=313, sendPipeFd=312
D/InputTransport(  456): Input channel constructed: name='40cf3f00 edu.mit.csail.diplomamatrix/edu.mit.csail.diplomamatrix.StatusActivity (client)', ashmemFd=309, receivePipeFd=311, sendPipeFd=316
D/InputTransport(  456): Input channel destroyed: name='40cf3f00 edu.mit.csail.diplomamatrix/edu.mit.csail.diplomamatrix.StatusActivity (client)', ashmemFd=309, receivePipeFd=311, sendPipeFd=316
E/power   (  456): acquire_wake_lock g_error=2 
E/power   (  456): release_wake_lock g_error=2 
D/InputTransport( 4072): Input channel constructed: name='40cf3f00 edu.mit.csail.diplomamatrix/edu.mit.csail.diplomamatrix.StatusActivity (client)', ashmemFd=46, receivePipeFd=47, sendPipeFd=48
I/NetworkThread( 4072): Initial socket buffer sizes: 110592 receive, 110592 send
I/NetworkThread( 4072): Set socket buffer sizes to: 221184 receive, 221184 send
I/NetworkThread( 4072): started, local IP address:/192.168.5.1
E/power   (  456): acquire_wake_lock g_error=2 
I/SurfaceFlinger(  456): id=81 Removed com.sec.android.app.twlauncher/com.sec.android.app.twlauncher.Launcher idx=2 Map Size=6
I/SurfaceFlinger(  456): id=80 Removed SurfaceView idx=2 Map Size=5
I/Mux.java's nodeId is( 4072): 5001
I/Mux     ( 4072): starting vncDaemon ........
E/power   (  456): release_wake_lock g_error=2 
I/VCoreDaemon( 4072): 1333066884447: Started VCoreDaemon with parameters maxRx = 10 , maxRY= 1, minLongitude = -7110170 , minLatitude = 4236349, regionWidth =17
I/Mux     ( 4072): vncDaemon started
E/power   (  456): acquire_wake_lock g_error=2 
I/VCoreDaemon.java( 4072): onStart() about to stateTransition.........................................................................
I/VCoreDaemon( 4072): 1333066884449: started, mId = 5001
E/power   (  456): release_wake_lock g_error=2 
I/VCoreDaemon.java( 4072): inside stateTransition ......................................................................................
I/..... VCoreDaemon.java( 4072): out of bounds
I/VCoreDaemon( 4072): 1333066884450: region (-1, -1) out of bounds, dormant
I/..... VCoreDaemon.java( 4072): ends xxxxxxxxxxxxxxxxxxxxxxxxxxxxxxxxxxxxxxxxxxx
E/power   (  456): acquire_wake_lock g_error=2 
E/power   (  456): release_wake_lock g_error=2 
E/power   (  456): acquire_wake_lock g_error=2 
E/power   (  456): release_wake_lock g_error=2 
E/power   (  456): acquire_wake_lock g_error=2 
E/power   (  456): release_wake_lock g_error=2 
E/power   (  456): acquire_wake_lock g_error=2 
E/power   (  456): release_wake_lock g_error=2 
I/SurfaceFlinger(  456): id=83(1) createSurface 0x683a6c for pid 4072 (640x960),1 flag=0, edu.mit.csail.diplomamatrix/edu.mit.csail.diplomamatrix.StatusActivity
D/SurfaceFlinger(  456): remove count:2 destroying com.sec.android.app.twlauncher/com.sec.android.app.twlauncher.Launcher
D/SurfaceFlinger(  456): remove count:1 destroying SurfaceView
E/power   (  456): acquire_wake_lock g_error=2 
E/power   (  456): release_wake_lock g_error=2 
E/power   (  456): acquire_wake_lock g_error=2 
E/power   (  456): release_wake_lock g_error=2 
E/power   (  456): acquire_wake_lock g_error=2 
E/power   (  456): release_wake_lock g_error=2 
E/power   (  456): acquire_wake_lock g_error=2 
E/power   (  456): release_wake_lock g_error=2 
D/msm8660.gralloc(  456): !@/dev/pmem: allocating pmem size=2457600, offset=10346496(0x9de000)
E/power   (  456): acquire_wake_lock g_error=2 
E/power   (  456): release_wake_lock g_error=2 
E/power   (  456): acquire_wake_lock g_error=2 
E/power   (  456): release_wake_lock g_error=2 
I/SurfaceFlinger(  456): id=84(2) createSurface for pid 4072 (320x100),4 flag=200, SurfaceView
E/power   (  456): acquire_wake_lock g_error=2 
V/GpsLocationProvider(  456): reportStatus status: 1
D/GpsLocationProvider(  456): send an intent to notify that the GPS has been enabled or disabled
E/power   (  456): release_wake_lock g_error=2 
D/GpsLocationProvider(  456): startNavigating : SensorAiding is com.android.server.location.GpsLocationProvider$SensorAiding@40974f18
E/Surface ( 4072): Surface::init token -2 identity 84
I/CameraSurfaceView( 4072): inside surfaceCreated()
I/CameraSurfaceView( 4072): opening Camera.open()
I/QualcommCameraHardware(  325): Found a matching camera info for ID 0
I/QualcommCameraHardware(  325): HAL_getCameraInfo: facing = 0, orientation = 90
I/SecCameraCoreManager(  325): SecCameraCoreManager created: pid=325, cameraId=0
I/QualcommCameraHardware(  325): openCameraHardware: call createInstance
I/QualcommCameraHardware(  325): openCameraHardware:Valid camera ID 0
I/QualcommCameraHardware(  325): openCameraHardware:camera mode 1
I/QualcommCameraHardware(  325): HAL_openCameraHardware: HAL_currentSnapshotMode = 4
I/QualcommCameraHardware(  325): createInstance: E
I/QualcommCameraHardware(  325): QualcommCameraHardware constructor E
V/QualcommCameraHardware(  325): MMCameraDL: E
V/QualcommCameraHardware(  325): Open MM camera DL libeomcamera loaded at 0xb0010ca8 
V/QualcommCameraHardware(  325): MMCameraDL: X
V/QualcommCameraHardware(  325):  Storing the current target type as 4 
V/QualcommCameraHardware(  325):  Storing the current target type as 4 
V/QualcommCameraHardware(  325):  ### mDisEnabled = 0 , mVpeEnabled = 1!!! ###
V/QualcommCameraHardware(  325): constructor EX
I/QualcommCameraHardware(  325): createInstance: created hardware=0x3df40
V/QualcommCameraHardware(  325): startCamera E
V/QualcommCameraHardware(  325): loading liboemcamera at 0xb0010ca8
V/QualcommCameraHardware(  325):  openCamera : E
V/QualcommCameraHardware(  325):  openCamera : X
V/QualcommCameraHardware(  325): startCamera X
I/QualcommCameraHardware(  325): initDefaultParameters E
V/QualcommCameraHardware(  325): DISABLE DIS
V/QualcommCameraHardware(  325):  type:main - previewSizeCount = 8 
V/QualcommCameraHardware(  325):  type:main - zoom set = mMaxZoom :30, zoomSupported:1 
I/QualcommCameraHardware(  325): initDefaultParameters: setting num-snaps-per-shutter to 1
V/QualcommCameraHardware(  325): requested preview frame rate is 30
V/QualcommCameraHardware(  325): setFrameRate: 30 (14000-30000)
V/QualcommCameraHardware(  325): native_set_ext_config E (cmd = 10)
E/QualcommCameraHardware(  325): setPreviewSize (mVtMode=0) : requested preview size 640 x 480
I/QualcommCameraHardware(  325): setRecordSize: preview dimensions: 640x480
V/QualcommCameraHardware(  325): No Record Size requested, use the preview dimensions
I/QualcommCameraHardware(  325): setRecordSize: video dimensions: 640x480
V/QualcommCameraHardware(  325): requested picture size 3264 x 2448
E/QualcommCameraHardware(  325): setPictureFormat : jpeg 
V/QualcommCameraHardware(  325): requested jpeg thumbnail size 320 x 240
V/QualcommCameraHardware(  325):  setSceneMode E : auto
V/QualcommCameraHardware(  325): setWhiteBalance E : auto
V/QualcommCameraHardware(  325):  setFlash E : off 
V/QualcommCameraHardware(  325): WDR(Auto Contrast) E: -1, ord_wdr = -1
V/QualcommCameraHardware(  325): setParameters X: success
V/QualcommCameraHardware(  325):  Using Overlay : YES 
V/QualcommCameraHardware(  325): native_get_ext_config 2222E (cmd = 33)
V/QualcommCameraHardware(  325): setExifFixAttribute X
I/QualcommCameraHardware(  325): initDefaultParameters X
I/QualcommCameraHardware(  325): createInstance: X
I/SecCameraCoreManager(  325): set saturation to 0.0
I/ShotCommon(  325): ShotCommon created: pid=325
V/QualcommCameraHardware(  325): getParameters: EX
I/ShotCommon(  325): Preview width(640), height(480)
I/ShotCommon(  325): Preview color format [yuv420sp]
I/ShotCommon(  325): Picture width(3264), height(2448)
I/ShotCommon(  325): Picture color format [jpeg]
V/QualcommCameraHardware(  325):  Using Overlay : YES 
I/ShotCommon(  325): mUseOverlay = 1
I/ShotSingle(  325): ShotSingle created: pid=325
I/QualcommCameraHardware(  325): Found a matching camera info for ID 0
I/QualcommCameraHardware(  325): HAL_getCameraInfo: facing = 0, orientation = 90
V/QualcommCameraHardware(  325):  Using Overlay : YES 
I/CameraSurfaceView( 4072): opened camera
V/QualcommCameraHardware(  325): getParameters: EX
V/QualcommCameraHardware(  325):  Overlay object NULL. returning 
V/MediaPlayerService(  325): Client(17) constructor
V/MediaPlayerService(  325): Create new client(17) from pid 325, url=/system/media/audio/ui/Shutter_01.ogg, connId=17, audioSessionId=93
V/MediaPlayerService(  325): setDataSource(/system/media/audio/ui/Shutter_01.ogg)
D/MediaPlayerService(  325): getPlayerType. Ln=1124
V/MediaPlayerService(  325): player type = 4
D/MediaPlayerService(  325): createPlayer. type=4
D/MediaPlayerService(  325):  create StagefrightPlayer
V/AudioSink(  325): AudioOutput(93)
V/MediaPlayerService(  325):  setDataSource
I/StagefrightPlayer(  325): setDataSource('/system/media/audio/ui/Shutter_01.ogg')
V/MediaPlayerService(  325): [17] setAudioStreamType(7)
V/MediaPlayerService(  325): [17] prepareAsync
V/AwesomePlayer(  325): prepareAsync_l
D/FileSource(  325): FileSource::FileSource(const char *filename):: filename/system/media/audio/ui/Shutter_01.ogg
D/FileSource(  325): FileSource::FileSource(const char *filename)::Length is 38, Size is : 38
D/FileSource(  325): FileSource::FileSource(const char *filename)::mFilename is /system/media/audio/ui/Shutter_01.ogg
I/MediaExtractor(  325): ***************************MediaExtractor::Create() In
I/MediaExtractor(  325): *************************Autodetected media content as 'application/ogg' with confidence 0.60
V/AwesomePlayer(  325): mBitrate = -1 bits/sec
V/AwesomePlayer(  325): mime = audio/vorbis
I/OMXCodec(  325): Successfully allocated software codec 'VorbisDecoder'
V/MediaPlayerService(  325): Client::notify In
V/MediaPlayerService(  325): [17] notify (0x569e0, 5, 0, 0)
V/MediaPlayerService(  325): Client::notify In
V/MediaPlayerService(  325): [17] notify (0x569e0, 1, 0, 0)
V/MediaPlayerService(  325): Client(18) constructor
V/MediaPlayerService(  325): Create new client(18) from pid 325, url=/system/media/audio/ui/Cam_Start.ogg, connId=18, audioSessionId=94
V/MediaPlayerService(  325): setDataSource(/system/media/audio/ui/Cam_Start.ogg)
D/MediaPlayerService(  325): getPlayerType. Ln=1124
V/MediaPlayerService(  325): player type = 4
D/MediaPlayerService(  325): createPlayer. type=4
D/MediaPlayerService(  325):  create StagefrightPlayer
V/AudioSink(  325): AudioOutput(94)
V/MediaPlayerService(  325):  setDataSource
I/StagefrightPlayer(  325): setDataSource('/system/media/audio/ui/Cam_Start.ogg')
V/MediaPlayerService(  325): [18] setAudioStreamType(7)
V/MediaPlayerService(  325): [18] prepareAsync
V/AwesomePlayer(  325): prepareAsync_l
D/FileSource(  325): FileSource::FileSource(const char *filename):: filename/system/media/audio/ui/Cam_Start.ogg
D/FileSource(  325): FileSource::FileSource(const char *filename)::Length is 37, Size is : 37
D/FileSource(  325): FileSource::FileSource(const char *filename)::mFilename is /system/media/audio/ui/Cam_Start.ogg
I/MediaExtractor(  325): ***************************MediaExtractor::Create() In
I/MediaExtractor(  325): *************************Autodetected media content as 'application/ogg' with confidence 0.60
V/AwesomePlayer(  325): mBitrate = -1 bits/sec
V/AwesomePlayer(  325): mime = audio/vorbis
I/OMXCodec(  325): Successfully allocated software codec 'VorbisDecoder'
V/MediaPlayerService(  325): Client::notify In
V/MediaPlayerService(  325): [18] notify (0x6bdd8, 5, 0, 0)
V/MediaPlayerService(  325): Client::notify In
V/MediaPlayerService(  325): [18] notify (0x6bdd8, 1, 0, 0)
V/MediaPlayerService(  325): Client(19) constructor
V/MediaPlayerService(  325): Create new client(19) from pid 325, url=/system/media/audio/ui/Cam_Stop.ogg, connId=19, audioSessionId=95
V/MediaPlayerService(  325): setDataSource(/system/media/audio/ui/Cam_Stop.ogg)
D/MediaPlayerService(  325): getPlayerType. Ln=1124
V/MediaPlayerService(  325): player type = 4
D/MediaPlayerService(  325): createPlayer. type=4
D/MediaPlayerService(  325):  create StagefrightPlayer
V/AudioSink(  325): AudioOutput(95)
V/MediaPlayerService(  325):  setDataSource
I/StagefrightPlayer(  325): setDataSource('/system/media/audio/ui/Cam_Stop.ogg')
V/MediaPlayerService(  325): [19] setAudioStreamType(7)
V/MediaPlayerService(  325): [19] prepareAsync
V/AwesomePlayer(  325): prepareAsync_l
D/FileSource(  325): FileSource::FileSource(const char *filename):: filename/system/media/audio/ui/Cam_Stop.ogg
D/FileSource(  325): FileSource::FileSource(const char *filename)::Length is 36, Size is : 36
D/FileSource(  325): FileSource::FileSource(const char *filename)::mFilename is /system/media/audio/ui/Cam_Stop.ogg
I/MediaExtractor(  325): ***************************MediaExtractor::Create() In
I/MediaExtractor(  325): *************************Autodetected media content as 'application/ogg' with confidence 0.60
V/AwesomePlayer(  325): mBitrate = -1 bits/sec
V/AwesomePlayer(  325): mime = audio/vorbis
I/OMXCodec(  325): Successfully allocated software codec 'VorbisDecoder'
V/MediaPlayerService(  325): Client::notify In
V/MediaPlayerService(  325): [19] notify (0x80cd8, 5, 0, 0)
V/MediaPlayerService(  325): Client::notify In
V/MediaPlayerService(  325): [19] notify (0x80cd8, 1, 0, 0)
I/Overlay (  456): createOverlay w=640, h=480,format=265
D/OverlayLIB(  456): unsigned int overlay::getOverlayConfig(unsigned int, bool, bool): HDMI not connected...
W/Overlay (  456): createOverlay: creating overlay with format3D: 0x0, curState: 1,format=265
D/Overlay (  456): isCamera true
I/OverlayLIB(  456): startControlChannel w=640, h=480, f=109
E/CameraService(  325): OVERLAY CREATED....
V/QualcommCameraHardware(  325):  Valid overlay object 
I/CameraSurfaceView( 4072): inside on surfaceChanged()
V/QualcommCameraHardware(  325): getParameters: EX
D/SecCameraCoreManager(  325): virtual android::status_t android::SecCameraCoreManager::startPreview():start IT Policy checking thread
E/ShotSingle(  325): startPreview - mUseOverlay(1)
V/QualcommCameraHardware(  325): getParameters: EX
V/QualcommCameraHardware(  325): getParameters: EX
V/QualcommCameraHardware(  325): startPreview E
V/QualcommCameraHardware(  325): in startPreviewInternal : E
V/QualcommCameraHardware(  325): initPreview E: preview size=640x480 videosize = 640 x 480
I/QualcommCameraHardware(  325): initPreview : preview size=640x480 videosize = 640 x 480
V/QualcommCameraHardware(  325): mDimension.prev_format = 1
V/QualcommCameraHardware(  325): mDimension.display_luma_width = 640
V/QualcommCameraHardware(  325): mDimension.display_luma_height = 480
V/QualcommCameraHardware(  325): mDimension.display_chroma_width = 640
V/QualcommCameraHardware(  325): mDimension.display_chroma_height = 480
V/QualcommCameraHardware(  325): CAMERA_PARM_DIMENSION
E/mm-camera(  325): vfe_util_get_sensor_info: mode=3
E/mm-camera(  325): m5mo_video_config, sfd = 48
W/CABLDaemon(  361): ----- HSIC Params -----
W/CABLDaemon(  361): 	 hue: 0
W/CABLDaemon(  361): 	 sat: 0.000000
W/CABLDaemon(  361): 	 intensity: 0
W/CABLDaemon(  361): 	 contrast: 0.000000
E/QCAbl   (  361): display_pp_conv_set_hsic_cfg() Values: Hue=0 Saturation=0.000000 Intensity=0 Contrast=0.000000
E/QCAbl   (  361): hsc_matrix[0][0]=1.000000  hsc_matrix[0][1]=0.000000 hsc_matrix[0][2]=0.000000  
E/QCAbl   (  361): hsc_matrix[1][0]=0.000000  hsc_matrix[1][1]=1.000000 hsc_matrix[1][2]=0.000000  
E/QCAbl   (  361): hsc_matrix[2][0]=0.000000  hsc_matrix[2][1]=0.000000 hsc_matrix[2][2]=1.000000  
E/QCAbl   (  361): rec601_rgb2yuv[0][0]=0.256800  rec601_rgb2yuv[0][1]=0.504100 rec601_rgb2yuv[0][2]=0.097900  
E/QCAbl   (  361): rec601_rgb2yuv[1][0]=-0.148200  rec601_rgb2yuv[1][1]=-0.291000 rec601_rgb2yuv[1][2]=0.439200  
E/QCAbl   (  361): rec601_rgb2yuv[2][0]=0.439200  rec601_rgb2yuv[2][1]=-0.367800 rec601_rgb2yuv[2][2]=-0.071400  
E/QCAbl   (  361): hsc_matrix*rec601_rgb2yuv[0][0]=0.256800  hsc_matrix*rec601_rgb2yuv[0][1]=0.504100 hsc_matrix*rec601_rgb2yuv[0][2]=0.097900  
E/QCAbl   (  361): hsc_matrix*rec601_rgb2yuv[1][0]=-0.148200  hsc_matrix*rec601_rgb2yuv[1][1]=-0.291000 hsc_matrix*rec601_rgb2yuv[1][2]=0.439200  
E/QCAbl   (  361): hsc_matrix*rec601_rgb2yuv[2][0]=0.439200  hsc_matrix*rec601_rgb2yuv[2][1]=-0.367800 hsc_matrix*rec601_rgb2yuv[2][2]=-0.071400  
E/QCAbl   (  361): rec601_yuv2rgb[0][0]=1.164400  rec601_yuv2rgb[0][1]=0.000000 rec601_yuv2rgb[0][2]=1.596000  
E/QCAbl   (  361): rec601_yuv2rgb[1][0]=1.164400  rec601_yuv2rgb[1][1]=-0.391800 rec601_yuv2rgb[1][2]=-0.813000  
E/QCAbl   (  361): rec601_yuv2rgb[2][0]=1.164400  rec601_yuv2rgb[2][1]=2.017200 rec601_yuv2rgb[2][2]=0.000000  
E/QCAbl   (  361): rec601_yuv2rgb*hsc_matrix*rec601_rgb2yuv[0][0]=0.999981  rec601_yuv2rgb*hsc_matrix*rec601_rgb2yuv[0][1]=-0.000035 rec601_yuv2rgb*hsc_matrix*rec601_rgb2yuv[0][2]=0.000040  
E/QCAbl   (  361): rec601_yuv2rgb*hsc_matrix*rec601_rgb2yuv[1][0]=0.000013  rec601_yuv2rgb*hsc_matrix*rec601_rgb2yuv[1][1]=1.000009 rec601_yuv2rgb*hsc_matrix*rec601_rgb2yuv[1][2]=-0.000036  
E/QCAbl   (  361): rec601_yuv2rgb*hsc_matrix*rec601_rgb2yuv[2][0]=0.000069  rec601_yuv2rgb*hsc_matrix*rec601_rgb2yuv[2][1]=-0.000031 rec601_yuv2rgb*hsc_matrix*rec601_rgb2yuv[2][2]=0.999949  
E/QCAbl   (  361): cc_matrix[0][0]=1.000000  cc_matrix[0][1]=0.000000 cc_matrix[0][2]=0.000000  
E/QCAbl   (  361): cc_matrix[1][0]=0.000000  cc_matrix[1][1]=1.000000 cc_matrix[1][2]=0.000000  
E/QCAbl   (  361): cc_matrix[2][0]=0.000000  cc_matrix[2][1]=0.000000 cc_matrix[2][2]=1.000000  
E/QCAbl   (  361): cc_matrix*rec601_yuv2rgb*hsc_matrix*rec601_rgb2yuv[0][0]=0.999981  cc_matrix*rec601_yuv2rgb*hsc_matrix*rec601_rgb2yuv[0][1]=-0.000035 cc_matrix*rec601_yuv2rgb*hsc_matrix*rec601_rgb2yuv[0][2]=0.000040  
E/QCAbl   (  361): cc_matrix*rec601_yuv2rgb*hsc_matrix*rec601_rgb2yuv[1][0]=0.000013  cc_matrix*rec601_yuv2rgb*hsc_matrix*rec601_rgb2yuv[1][1]=1.000009 cc_matrix*rec601_yuv2rgb*hsc_matrix*rec601_rgb2yuv[1][2]=-0.000036  
E/QCAbl   (  361): cc_matrix*rec601_yuv2rgb*hsc_matrix*rec601_rgb2yuv[2][0]=0.000069  cc_matrix*rec601_yuv2rgb*hsc_matrix*rec601_rgb2yuv[2][1]=-0.000031 cc_matrix*rec601_yuv2rgb*hsc_matrix*rec601_rgb2yuv[2][2]=0.999949  
E/QCAbl   (  361): pre_lv[0]=0
E/QCAbl   (  361): post_lv[0]=0
E/QCAbl   (  361): pre_lv[1]=255
E/QCAbl   (  361): post_lv[1]=255
E/QCAbl   (  361): pre_lv[2]=0
E/QCAbl   (  361): post_lv[2]=0
E/QCAbl   (  361): pre_lv[3]=255
E/QCAbl   (  361): post_lv[3]=255
E/QCAbl   (  361): pre_lv[4]=0
E/QCAbl   (  361): post_lv[4]=0
E/QCAbl   (  361): pre_lv[5]=255
E/QCAbl   (  361): post_lv[5]=255
E/QCAbl   (  361): mv[0][0]=0x200  mv[0][1]=0x0 mv[0][2]=0x0  
E/QCAbl   (  361): pre_bv[0]=0
E/QCAbl   (  361): post_bv[0]=0
E/QCAbl   (  361): mv[1][0]=0x0  mv[1][1]=0x200 mv[1][2]=0x0  
E/QCAbl   (  361): pre_bv[1]=0
E/QCAbl   (  361): post_bv[1]=0
E/QCAbl   (  361): mv[2][0]=0x0  mv[2][1]=0x0 mv[2][2]=0x200  
E/QCAbl   (  361): pre_bv[2]=0
E/QCAbl   (  361): post_bv[2]=0
E/QCAbl   (  361): Calling the MSMFB_MDP_PP ioctl
E/QCAbl   (  361): ioctl MSMFB_MDP_PP returned 0
I/QualcommCameraHardware(  325): constructing MemPool preview backed by pmem pool /dev/pmem_adsp: 4 frames @ 460800 bytes, buffer size 460800
V/QualcommCameraHardware(  325): pmem pool /dev/pmem_adsp ioctl(fd = 65, PMEM_GET_SIZE) is 1851392
D/QualcommCameraHardware(  325): mBufferSize=460800, mAlignedBufferSize=462848
D/QualcommCameraHardware(  325): num_buffers = 4
V/QualcommCameraHardware(  325): register_buf:  reg = 0 buffer = 0x42442000
V/QualcommCameraHardware(  325): register_buf:  reg = 0 buffer = 0x424b3000
V/QualcommCameraHardware(  325): register_buf:  reg = 0 buffer = 0x42524000
V/QualcommCameraHardware(  325): register_buf:  reg = 0 buffer = 0x42595000
I/QualcommCameraHardware(  325): PmemPool: (preview) X 
V/QualcommCameraHardware(  325): setDIS E
V/QualcommCameraHardware(  325): mDisEnabled = 0
V/QualcommCameraHardware(  325): setDIS X (1)
V/QualcommCameraHardware(  325): initREcord E
I/QualcommCameraHardware(  325): initRecord: mDimension.video_width = 640 mDimension.video_height = 480
V/QualcommCameraHardware(  325): mRecordFrameSize = 460800
I/QualcommCameraHardware(  325): constructing MemPool record backed by pmem pool /dev/pmem_smipool: 9 frames @ 460800 bytes, buffer size 460800
V/QualcommCameraHardware(  325): pmem pool /dev/pmem_smipool ioctl(fd = 67, PMEM_GET_SIZE) is 4165632
D/QualcommCameraHardware(  325): mBufferSize=460800, mAlignedBufferSize=462848
D/QualcommCameraHardware(  325): num_buffers = 9
V/QualcommCameraHardware(  325):  pmempool creating video buffers : active 1 
V/QualcommCameraHardware(  325): register_buf:  reg = 0 buffer = 0x42606000
V/QualcommCameraHardware(  325):  pmempool creating video buffers : active 1 
V/QualcommCameraHardware(  325): register_buf:  reg = 0 buffer = 0x42677000
V/QualcommCameraHardware(  325):  pmempool creating video buffers : active 1 
V/QualcommCameraHardware(  325): register_buf:  reg = 0 buffer = 0x426e8000
V/QualcommCameraHardware(  325):  pmempool creating video buffers : active 0 
V/QualcommCameraHardware(  325): register_buf:  reg = 0 buffer = 0x42759000
V/QualcommCameraHardware(  325):  pmempool creating video buffers : active 0 
V/QualcommCameraHardware(  325): register_buf:  reg = 0 buffer = 0x427ca000
V/QualcommCameraHardware(  325):  pmempool creating video buffers : active 0 
V/QualcommCameraHardware(  325): register_buf:  reg = 0 buffer = 0x4283b000
V/QualcommCameraHardware(  325):  pmempool creating video buffers : active 0 
V/QualcommCameraHardware(  325): register_buf:  reg = 0 buffer = 0x428ac000
V/QualcommCameraHardware(  325):  pmempool creating video buffers : active 0 
V/QualcommCameraHardware(  325): register_buf:  reg = 0 buffer = 0x4291d000
V/QualcommCameraHardware(  325):  pmempool creating video buffers : active 1 
V/QualcommCameraHardware(  325): register_buf:  reg = 0 buffer = 0x4298e000
I/QualcommCameraHardware(  325): PmemPool: (record) X 
V/QualcommCameraHardware(  325): initRecord :  record heap , video buffers  buffer=1113612288 fd=67 y_off=0 cbcr_off=307200 
V/QualcommCameraHardware(  325): initRecord :  record heap , video buffers  buffer=1114075136 fd=67 y_off=0 cbcr_off=307200 
V/QualcommCameraHardware(  325): initRecord :  record heap , video buffers  buffer=1114537984 fd=67 y_off=0 cbcr_off=307200 
V/QualcommCameraHardware(  325): initRecord :  record heap , video buffers  buffer=1115000832 fd=67 y_off=0 cbcr_off=307200 
V/QualcommCameraHardware(  325): initRecord :  record heap , video buffers  buffer=1115463680 fd=67 y_off=0 cbcr_off=307200 
V/QualcommCameraHardware(  325): initRecord :  record heap , video buffers  buffer=1115926528 fd=67 y_off=0 cbcr_off=307200 
V/QualcommCameraHardware(  325): initRecord :  record heap , video buffers  buffer=1116389376 fd=67 y_off=0 cbcr_off=307200 
V/QualcommCameraHardware(  325): initRecord :  record heap , video buffers  buffer=1116852224 fd=67 y_off=0 cbcr_off=307200 
