D/RPC     (  456): 3000008c:00050000 dispatching RPC call (XID 3457, xdr 0x419580) for callback client 3100008c:00050001.
D/RPC     (  456): 3100008c:327681 sending RPC reply (XID 3457)
D/RPC     (  456): 3000008c:00050000 received CALL.
D/RPC     (  456): 3000008c:00050000 dispatching RPC call (XID 3458, xdr 0x419580) for callback client 3100008c:00050001.
D/RPC     (  456): 3100008c:327681 sending RPC reply (XID 3458)
D/RPC     (  456): 3000008c:00050000 received CALL.
D/RPC     (  456): 3000008c:00050000 dispatching RPC call (XID 3459, xdr 0x419580) for callback client 3100008c:00050001.
D/RPC     (  456): 3100008c:327681 sending RPC reply (XID 3459)
D/RPC     (  456): 3000008c:00050000 received CALL.
D/RPC     (  456): 3000008c:00050000 dispatching RPC call (XID 3460, xdr 0x419580) for callback client 3100008c:00050001.
D/RPC     (  456): 3100008c:327681 sending RPC reply (XID 3460)
E/power   (  456): acquire_wake_lock g_error=2 
E/power   (  456): release_wake_lock g_error=2 
E/power   (  456): acquire_wake_lock g_error=2 
D/RPC     (  456): 3000008c:00050000 received CALL.
D/RPC     (  456): 3000008c:00050000 dispatching RPC call (XID 3461, xdr 0x419580) for callback client 3100008c:00050001.
D/RPC     (  456): 3100008c:327681 sending RPC reply (XID 3461)
D/RPC     (  456): 3000008c:00050000 received CALL.
D/RPC     (  456): 3000008c:00050000 dispatching RPC call (XID 3462, xdr 0x419580) for callback client 3100008c:00050001.
E/power   (  456): release_wake_lock g_error=2 
E/power   (  456): acquire_wake_lock g_error=2 
E/power   (  456): release_wake_lock g_error=2 
E/power   (  456): acquire_wake_lock g_error=2 
E/power   (  456): release_wake_lock g_error=2 
D/RPC     (  456): 3100008c:327681 sending RPC reply (XID 3462)
D/RPC     (  456): 3000008c:00050000 received CALL.
D/RPC     (  456): 3000008c:00050000 dispatching RPC call (XID 3463, xdr 0x419580) for callback client 3100008c:00050001.
D/RPC     (  456): 3100008c:327681 sending RPC reply (XID 3463)
D/RPC     (  456): 3000008c:00050000 received CALL.
D/RPC     (  456): 3000008c:00050000 dispatching RPC call (XID 3464, xdr 0x419580) for callback client 3100008c:00050001.
D/RPC     (  456): 3100008c:327681 sending RPC reply (XID 3464)
E/power   (  456): acquire_wake_lock g_error=2 
E/power   (  456): release_wake_lock g_error=2 
D/RPC     (  456): 3000008c:00050000 received CALL.
D/RPC     (  456): 3000008c:00050000 dispatching RPC call (XID 3465, xdr 0x419580) for callback client 3100008c:00050001.
D/RPC     (  456): 3100008c:327681 sending RPC reply (XID 3465)
D/dalvikvm(  456): GC_CONCURRENT freed 1949K, 38% free 8373K/13319K, external 4897K/5904K, paused 7ms+7ms
E/power   (  456): acquire_wake_lock g_error=2 
E/power   (  456): release_wake_lock g_error=2 
D/RPC     (  456): 3000008c:00050000 received CALL.
D/RPC     (  456): 3000008c:00050000 dispatching RPC call (XID 3466, xdr 0x419580) for callback client 3100008c:00050001.
D/RPC     (  456): 3100008c:327681 sending RPC reply (XID 3466)
I/InputReader(  456): dispatchTouch::touch event's action is 0, pending(waiting finished signal)=1
I/InputDispatcher(  456): Delivering touch to current input target: action: 0, channel '40a68098 InputMethod (server)'
I/InputDispatcher(  456): Delivering touch to current input target: action: 0, channel 'PenGestureView (server)'
D/LMF     (  456): Set InputMethod Active
I/PowerManagerService(  456): Ulight 7->3|0
D/PowerManagerService(  456): setLightBrightness : mButtonLight : 0
W/KeyCharacterMap( 4226): No keyboard for id 0
W/KeyCharacterMap( 4226): Using default keymap: /system/usr/keychars/qwerty.kcm.bin
I/InputReader(  456): dispatchTouch::touch event's action is 1, pending(waiting finished signal)=1
I/InputDispatcher(  456): Delivering touch to current input target: action: 1, channel '40a68098 InputMethod (server)'
I/InputDispatcher(  456): Delivering touch to current input target: action: 1, channel 'PenGestureView (server)'
I/InputReader(  456): dispatchTouch::touch event's action is 0, pending(waiting finished signal)=1
I/InputDispatcher(  456): Delivering touch to current input target: action: 0, channel '40a68098 InputMethod (server)'
I/InputDispatcher(  456): Delivering touch to current input target: action: 0, channel 'PenGestureView (server)'
E/power   (  456): acquire_wake_lock g_error=2 
E/power   (  456): release_wake_lock g_error=2 
E/power   (  456): acquire_wake_lock g_error=2 
E/power   (  456): release_wake_lock g_error=2 
E/power   (  456): acquire_wake_lock g_error=2 
E/power   (  456): release_wake_lock g_error=2 
E/power   (  456): acquire_wake_lock g_error=2 
E/power   (  456): release_wake_lock g_error=2 
D/RPC     (  456): 3000008c:00050000 received CALL.
D/RPC     (  456): 3000008c:00050000 dispatching RPC call (XID 3467, xdr 0x419580) for callback client 3100008c:00050001.
D/RPC     (  456): 3100008c:327681 sending RPC reply (XID 3467)
D/RPC     (  456): 3000008c:00050000 received CALL.
D/RPC     (  456): 3000008c:00050000 dispatching RPC call (XID 3468, xdr 0x419580) for callback client 3100008c:00050001.
D/RPC     (  456): 3100008c:327681 sending RPC reply (XID 3468)
D/RPC     (  456): 3000008c:00050000 received CALL.
D/RPC     (  456): 3000008c:00050000 dispatching RPC call (XID 3469, xdr 0x419580) for callback client 3100008c:00050001.
D/RPC     (  456): 3100008c:327681 sending RPC reply (XID 3469)
D/RPC     (  456): 3000008c:00050000 received CALL.
D/RPC     (  456): 3000008c:00050000 dispatching RPC call (XID 3470, xdr 0x419580) for callback client 3100008c:00050001.
D/RPC     (  456): 3100008c:327681 sending RPC reply (XID 3470)
E/power   (  456): acquire_wake_lock g_error=2 
E/power   (  456): release_wake_lock g_error=2 
E/power   (  456): acquire_wake_lock g_error=2 
E/power   (  456): release_wake_lock g_error=2 
E/power   (  456): acquire_wake_lock g_error=2 
I/InputReader(  456): dispatchTouch::touch event's action is 1, pending(waiting finished signal)=1
I/InputDispatcher(  456): Delivering touch to current input target: action: 1, channel '40a68098 InputMethod (server)'
I/InputDispatcher(  456): Delivering touch to current input target: action: 1, channel 'PenGestureView (server)'
D/RPC     (  456): 3000008c:00050000 received CALL.
D/RPC     (  456): 3000008c:00050000 dispatching RPC call (XID 3471, xdr 0x419580) for callback client 3100008c:00050001.
D/RPC     (  456): 3100008c:327681 sending RPC reply (XID 3471)
D/RPC     (  456): 3000008c:00050000 received CALL.
D/RPC     (  456): 3000008c:00050000 dispatching RPC call (XID 3472, xdr 0x419580) for callback client 3100008c:00050001.
D/RPC     (  456): 3100008c:327681 sending RPC reply (XID 3472)
E/power   (  456): release_wake_lock g_error=2 
E/power   (  456): acquire_wake_lock g_error=2 
E/power   (  456): release_wake_lock g_error=2 
E/power   (  456): acquire_wake_lock g_error=2 
E/power   (  456): release_wake_lock g_error=2 
D/RPC     (  456): 3000008c:00050000 received CALL.
D/RPC     (  456): 3000008c:00050000 dispatching RPC call (XID 3473, xdr 0x419580) for callback client 3100008c:00050001.
D/RPC     (  456): 3100008c:327681 sending RPC reply (XID 3473)
D/RPC     (  456): 3000008c:00050000 received CALL.
D/RPC     (  456): 3000008c:00050000 dispatching RPC call (XID 3474, xdr 0x419580) for callback client 3100008c:00050001.
D/RPC     (  456): 3100008c:327681 sending RPC reply (XID 3474)
D/RPC     (  456): 3000008c:00050000 received CALL.
D/RPC     (  456): 3000008c:00050000 dispatching RPC call (XID 3475, xdr 0x419580) for callback client 3100008c:00050001.
D/RPC     (  456): 3100008c:327681 sending RPC reply (XID 3475)
E/power   (  456): acquire_wake_lock g_error=2 
D/RPC     (  456): 3000008c:00050000 received CALL.
D/RPC     (  456): 3000008c:00050000 dispatching RPC call (XID 3476, xdr 0x419580) for callback client 3100008c:00050001.
E/power   (  456): release_wake_lock g_error=2 
D/RPC     (  456): 3100008c:327681 sending RPC reply (XID 3476)
I/InputReader(  456): dispatchTouch::touch event's action is 0, pending(waiting finished signal)=1
I/InputDispatcher(  456): Delivering touch to current input target: action: 0, channel '40a68098 InputMethod (server)'
I/InputDispatcher(  456): Delivering touch to current input target: action: 0, channel 'PenGestureView (server)'
I/InputReader(  456): dispatchTouch::touch event's action is 1, pending(waiting finished signal)=1
I/InputDispatcher(  456): Delivering touch to current input target: action: 1, channel '40a68098 InputMethod (server)'
I/InputDispatcher(  456): Delivering touch to current input target: action: 1, channel 'PenGestureView (server)'
I/SurfaceFlinger(  456): id=92 Removed InputMethod idx=3 Map Size=5
W/WindowManager(  456): Window Window{40a68098 InputMethod paused=false} destroyed surface Surface(name=InputMethod, identity=-1, mNativeSurface=0), session Session{40b5c958 uid 10109}
D/SurfaceFlinger(  456): remove count:1 destroying InputMethod
E/power   (  456): acquire_wake_lock g_error=2 
E/power   (  456): release_wake_lock g_error=2 
D/RPC     (  456): 3000008c:00050000 received CALL.
D/RPC     (  456): 3000008c:00050000 dispatching RPC call (XID 3477, xdr 0x419580) for callback client 3100008c:00050001.
D/RPC     (  456): 3100008c:327681 sending RPC reply (XID 3477)
I/InputReader(  456): dispatchTouch::touch event's action is 0, pending(waiting finished signal)=1
I/InputDispatcher(  456): Delivering touch to current input target: action: 0, channel '40cc9f78 edu.mit.csail.diplomamatrix/edu.mit.csail.diplomamatrix.StatusActivity (server)'
I/InputDispatcher(  456): Delivering touch to current input target: action: 0, channel 'PenGestureView (server)'
D/LMF     (  456): Set InputMethod Deactive
E/power   (  456): acquire_wake_lock g_error=2 
E/power   (  456): release_wake_lock g_error=2 
E/power   (  456): acquire_wake_lock g_error=2 
I/PowerManagerService(  456): Ulight 3->7|0
D/PowerManagerService(  456): setLightBrightness : mButtonLight : 129
D/RPC     (  456): 3000008c:00050000 received CALL.
D/RPC     (  456): 3000008c:00050000 dispatching RPC call (XID 3478, xdr 0x419580) for callback client 3100008c:00050001.
D/RPC     (  456): 3100008c:327681 sending RPC reply (XID 3478)
D/RPC     (  456): 3000008c:00050000 received CALL.
D/RPC     (  456): 3000008c:00050000 dispatching RPC call (XID 3479, xdr 0x419580) for callback client 3100008c:00050001.
E/power   (  456): release_wake_lock g_error=2 
E/power   (  456): acquire_wake_lock g_error=2 
E/power   (  456): release_wake_lock g_error=2 
E/power   (  456): acquire_wake_lock g_error=2 
E/power   (  456): release_wake_lock g_error=2 
E/power   (  456): acquire_wake_lock g_error=2 
E/power   (  456): release_wake_lock g_error=2 
E/power   (  456): acquire_wake_lock g_error=2 
E/power   (  456): release_wake_lock g_error=2 
D/RPC     (  456): 3100008c:327681 sending RPC reply (XID 3479)
D/RPC     (  456): 3000008c:00050000 received CALL.
D/RPC     (  456): 3000008c:00050000 dispatching RPC call (XID 3480, xdr 0x419580) for callback client 3100008c:00050001.
D/RPC     (  456): 3100008c:327681 sending RPC reply (XID 3480)
D/RPC     (  456): 3000008c:00050000 received CALL.
D/RPC     (  456): 3000008c:00050000 dispatching RPC call (XID 3481, xdr 0x419580) for callback client 3100008c:00050001.
D/RPC     (  456): 3100008c:327681 sending RPC reply (XID 3481)
D/RPC     (  456): 3000008c:00050000 received CALL.
D/RPC     (  456): 3000008c:00050000 dispatching RPC call (XID 3482, xdr 0x419580) for callback client 3100008c:00050001.
D/RPC     (  456): 3100008c:327681 sending RPC reply (XID 3482)
D/RPC     (  456): 3000008c:00050000 received CALL.
D/RPC     (  456): 3000008c:00050000 dispatching RPC call (XID 3483, xdr 0x419580) for callback client 3100008c:00050001.
D/RPC     (  456): 3100008c:327681 sending RPC reply (XID 3483)
E/power   (  456): acquire_wake_lock g_error=2 
E/power   (  456): release_wake_lock g_error=2 
E/power   (  456): acquire_wake_lock g_error=2 
D/RPC     (  456): 3000008c:00050000 received CALL.
D/RPC     (  456): 3000008c:00050000 dispatching RPC call (XID 3484, xdr 0x419580) for callback client 3100008c:00050001.
D/RPC     (  456): 3100008c:327681 sending RPC reply (XID 3484)
D/RPC     (  456): 3000008c:00050000 received CALL.
D/RPC     (  456): 3000008c:00050000 dispatching RPC call (XID 3485, xdr 0x419580) for callback client 3100008c:00050001.
D/RPC     (  456): 3100008c:327681 sending RPC reply (XID 3485)
E/power   (  456): release_wake_lock g_error=2 
E/power   (  456): acquire_wake_lock g_error=2 
E/power   (  456): release_wake_lock g_error=2 
E/power   (  456): acquire_wake_lock g_error=2 
E/power   (  456): release_wake_lock g_error=2 
D/RPC     (  456): 3000008c:00050000 received CALL.
D/RPC     (  456): 3000008c:00050000 dispatching RPC call (XID 3486, xdr 0x419580) for callback client 3100008c:00050001.
D/RPC     (  456): 3100008c:327681 sending RPC reply (XID 3486)
D/RPC     (  456): 3000008c:00050000 received CALL.
D/RPC     (  456): 3000008c:00050000 dispatching RPC call (XID 3487, xdr 0x419580) for callback client 3100008c:00050001.
D/RPC     (  456): 3100008c:327681 sending RPC reply (XID 3487)
I/InputReader(  456): dispatchTouch::touch event's action is 1, pending(waiting finished signal)=1
I/InputDispatcher(  456): Delivering touch to current input target: action: 1, channel '40cc9f78 edu.mit.csail.diplomamatrix/edu.mit.csail.diplomamatrix.StatusActivity (server)'
I/InputDispatcher(  456): Delivering touch to current input target: action: 1, channel 'PenGestureView (server)'
I/VCoreDaemon( 4226): 1333066922955: moving from region (0,0), to (1,0)
I/VCoreDaemon( 4226): 1333066922956: broadcasting LEADER_ELECT to old (0,0)
I/VCoreDaemon( 4226): 1333066922956: inside sendPacket(Packet p)
I/NetworkThread( 4226): 1333066922959: Sending UDP payload: 423
V/AudioPolicyManager(  325): getParamFromPolicy  deviceInt = 0, situationInt = 1, situationVolume = 1.000000
V/AudioPolicyService(  325): startOutput() tid 407
V/AudioPolicyManager(  325): startOutput() output 1, stream 1, session 137
V/AudioPolicyManager(  325): getDeviceForStrategy() from cache strategy 0, device 2
V/AudioPolicyManager(  325): getNewDevice() selected device 2
V/AudioPolicyManager(  325): setOutputDevice() output 1 device 2 delayMs 0
V/AudioPolicyManager(  325): setOutputDevice() setting same device 2 or null device for output 1
E/AudioTrack(  456): Audio track delete
E/AudioTrack(  456): stop 0x6037f8
E/AudioTrack(  456): Stop complete
E/AudioTrack(  456): Audio track exit start
E/AudioTrack(  456): Audio track exit done
V/AudioPolicyService(  325): releaseOutput() tid 325
V/AudioPolicyManager(  325): releaseOutput() 1
V/AudioHardwareMSM8660(  325): open driver
V/AudioHardwareMSM8660(  325): get config
V/AudioHardwareMSM8660(  325): set config
V/AudioHardwareMSM8660(  325): buffer_size: 4800
V/AudioHardwareMSM8660(  325): buffer_count: 2
V/AudioHardwareMSM8660(  325): channel_count: 2
V/AudioHardwareMSM8660(  325): sample_rate: 44100
D/AudioHardwareMSM8660(  325): write(): dec_id = 1 cur_rx = 2
V/AudioHardwareMSM8660(  325): cur_rx for pcm playback = 2
D/AudioHardwareMSM8660(  325): value of device and enable is 2 1 ALSA dev id:2
D/ACDB-LOADER(  325): ACDB -> send_audio_cal, acdb_id = 2, path =  0
D/ACDB-LOADER(  325): ACDB -> send_audtable
D/ACDB-LOADER(  325): ACDB -> ACDB_CMD_GET_AUDPROC_COMMON_TABLE
D/ACDB-LOADER(  325): ACDB -> AUDIO_SET_AUDPROC_CAL
D/ACDB-LOADER(  325): ACDB -> send_audvoltable
D/ACDB-LOADER(  325): ACDB -> ACDB_CMD_GET_AUDPROC_GAIN_DEP_VOLTBL_STEP_COPP
D/ACDB-LOADER(  325): ACDB -> AUDIO_SET_AUDPROC_VOL_CAL
E/AudioTrack(  456): stop 0x414d50
V/AudioPolicyService(  325): stopOutput() tid 553
V/AudioPolicyManager(  325): stopOutput() output 1, stream 1, session 137
V/AudioPolicyManager(  325): getNewDevice() selected device 0
V/AudioPolicyManager(  325): setOutputDevice() output 1 device 0 delayMs 0
V/AudioPolicyManager(  325): setOutputDevice() setting same device 0 or null device for output 1
E/AudioTrack(  456): Stop complete
E/power   (  456): acquire_wake_lock g_error=2 
E/power   (  456): release_wake_lock g_error=2 
D/RPC     (  456): 3000008c:00050000 received CALL.
D/RPC     (  456): 3000008c:00050000 dispatching RPC call (XID 3488, xdr 0x419580) for callback client 3100008c:00050001.
D/RPC     (  456): 3100008c:327681 sending RPC reply (XID 3488)
I/UserApp ( 4226): 1333066923357: UserApp stopped.
I/VCoreDaemon( 4226): 1333066923357: DSMLayer stopped
I/VCoreDaemon( 4226): 1333066923357: serializing DSMLayer to JSON
W/meterizedTypeHandlerMap( 4226): Overriding the existing type handler for {0}
W/meterizedTypeHandlerMap( 4226): Overriding the existing type handler for {0}
D/dalvikvm( 4226): GC_CONCURRENT freed 796K, 45% free 3651K/6535K, external 258K/1281K, paused 6ms+3ms
I/VNC:Cloud( 4226): Executing request: http://hermes5.csail.mit.edu:8212/upload/0/0/5001/1333066923676/
D/dalvikvm( 4226): GC_FOR_MALLOC freed 253K, 44% free 3687K/6535K, external 258K/1281K, paused 38ms
I/dalvikvm-heap( 4226): Grow heap (frag case) to 5.918MB for 87396-byte allocation
D/dalvikvm( 4226): GC_FOR_MALLOC freed 8K, 44% free 3764K/6663K, external 258K/1281K, paused 23ms
E/power   (  456): acquire_wake_lock g_error=2 
E/power   (  456): release_wake_lock g_error=2 
E/power   (  456): acquire_wake_lock g_error=2 
E/power   (  456): release_wake_lock g_error=2 
E/power   (  456): acquire_wake_lock g_error=2 
E/power   (  456): release_wake_lock g_error=2 
E/power   (  456): acquire_wake_lock g_error=2 
E/power   (  456): release_wake_lock g_error=2 
E/power   (  456): acquire_wake_lock g_error=2 
D/RPC     (  456): 3000008c:00050000 received CALL.
D/RPC     (  456): 3000008c:00050000 dispatching RPC call (XID 3489, xdr 0x419580) for callback client 3100008c:00050001.
D/RPC     (  456): 3100008c:327681 sending RPC reply (XID 3489)
D/RPC     (  456): 3000008c:00050000 received CALL.
D/RPC     (  456): 3000008c:00050000 dispatching RPC call (XID 3490, xdr 0x419580) for callback client 3100008c:00050001.
D/RPC     (  456): 3100008c:327681 sending RPC reply (XID 3490)
D/RPC     (  456): 3000008c:00050000 received CALL.
D/RPC     (  456): 3000008c:00050000 dispatching RPC call (XID 3491, xdr 0x419580) for callback client 3100008c:00050001.
D/RPC     (  456): 3100008c:327681 sending RPC reply (XID 3491)
D/RPC     (  456): 3000008c:00050000 received CALL.
D/RPC     (  456): 3000008c:00050000 dispatching RPC call (XID 3492, xdr 0x419580) for callback client 3100008c:00050001.
D/RPC     (  456): 3100008c:327681 sending RPC reply (XID 3492)
E/power   (  456): release_wake_lock g_error=2 
E/power   (  456): acquire_wake_lock g_error=2 
E/power   (  456): release_wake_lock g_error=2 
E/power   (  456): acquire_wake_lock g_error=2 
E/power   (  456): release_wake_lock g_error=2 
E/power   (  456): acquire_wake_lock g_error=2 
E/power   (  456): release_wake_lock g_error=2 
E/power   (  456): acquire_wake_lock g_error=2 
E/power   (  456): release_wake_lock g_error=2 
E/power   (  456): acquire_wake_lock g_error=2 
D/RPC     (  456): 3000008c:00050000 received CALL.
D/RPC     (  456): 3000008c:00050000 dispatching RPC call (XID 3493, xdr 0x419580) for callback client 3100008c:00050001.
D/RPC     (  456): 3100008c:327681 sending RPC reply (XID 3493)
D/RPC     (  456): 3000008c:00050000 received CALL.
D/RPC     (  456): 3000008c:00050000 dispatching RPC call (XID 3494, xdr 0x419580) for callback client 3100008c:00050001.
D/RPC     (  456): 3100008c:327681 sending RPC reply (XID 3494)
D/RPC     (  456): 3000008c:00050000 received CALL.
D/RPC     (  456): 3000008c:00050000 dispatching RPC call (XID 3495, xdr 0x419580) for callback client 3100008c:00050001.
D/RPC     (  456): 3100008c:327681 sending RPC reply (XID 3495)
D/RPC     (  456): 3000008c:00050000 received CALL.
D/RPC     (  456): 3000008c:00050000 dispatching RPC call (XID 3496, xdr 0x419580) for callback client 3100008c:00050001.
D/RPC     (  456): 3100008c:327681 sending RPC reply (XID 3496)
D/RPC     (  456): 3000008c:00050000 received CALL.
D/RPC     (  456): 3000008c:00050000 dispatching RPC call (XID 3497, xdr 0x419580) for callback client 3100008c:00050001.
D/RPC     (  456): 3100008c:327681 sending RPC reply (XID 3497)
D/RPC     (  456): 3000008c:00050000 received CALL.
D/RPC     (  456): 3000008c:00050000 dispatching RPC call (XID 3498, xdr 0x419580) for callback client 3100008c:00050001.
E/power   (  456): release_wake_lock g_error=2 
D/RPC     (  456): 3100008c:327681 sending RPC reply (XID 3498)
D/dalvikvm( 4226): GC_FOR_MALLOC freed 25K, 43% free 3863K/6663K, external 258K/1281K, paused 23ms
I/dalvikvm-heap( 4226): Grow heap (frag case) to 6.090MB for 87396-byte allocation
D/dalvikvm( 4226): GC_FOR_MALLOC freed 0K, 42% free 3949K/6791K, external 258K/1281K, paused 42ms
I/VNC:Cloud( 4226): Request executed: http://hermes5.csail.mit.edu:8212/release/0/0/5001/1333066923915/
I/VNC:Cloud( 4226): in Cloud releaseLeadership
I/VNC:Cloud( 4226): org.apache.http.conn.EofSensorInputStream@40544300
I/VCoreDaemon( 4226): 1333066924099: old region empty, uploaded state to cloud in 741ms as json 2174 bytes
I/VCoreDaemon.java( 4226): inside stateTransition ......................................................................................
I/..... VCoreDaemon.java( 4226): targetState = JOINING
I/..... VCoreDaemon.java( 4226): ends xxxxxxxxxxxxxxxxxxxxxxxxxxxxxxxxxxxxxxxxxxx
I/VCoreDaemon( 4226): 1333066924102: sending LEADER_REQUEST
I/VCoreDaemon( 4226): 1333066924102: inside sendPacket(Packet p)
I/NetworkThread( 4226): 1333066924131: Sending UDP payload: 406
E/power   (  456): acquire_wake_lock g_error=2 
E/power   (  456): release_wake_lock g_error=2 
D/RPC     (  456): 3000008c:00050000 received CALL.
D/RPC     (  456): 3000008c:00050000 dispatching RPC call (XID 3499, xdr 0x419580) for callback client 3100008c:00050001.
D/RPC     (  456): 3100008c:327681 sending RPC reply (XID 3499)
I/VCoreDaemon( 4226): 1333066924405: sending LEADER_REQUEST
I/VCoreDaemon( 4226): 1333066924405: inside sendPacket(Packet p)
I/NetworkThread( 4226): 1333066924409: Sending UDP payload: 406
I/VCoreDaemon( 4226): 1333066924706: sending LEADER_REQUEST
I/VCoreDaemon( 4226): 1333066924707: inside sendPacket(Packet p)
I/NetworkThread( 4226): 1333066924711: Sending UDP payload: 406
E/power   (  456): acquire_wake_lock g_error=2 
E/power   (  456): release_wake_lock g_error=2 
E/power   (  456): acquire_wake_lock g_error=2 
D/RPC     (  456): 3000008c:00050000 received CALL.
D/RPC     (  456): 3000008c:00050000 dispatching RPC call (XID 3500, xdr 0x419580) for callback client 3100008c:00050001.
D/RPC     (  456): 3100008c:327681 sending RPC reply (XID 3500)
D/RPC     (  456): 3000008c:00050000 received CALL.
D/RPC     (  456): 3000008c:00050000 dispatching RPC call (XID 3501, xdr 0x419580) for callback client 3100008c:00050001.
E/power   (  456): acquire_wake_lock g_error=2 
E/power   (  456): release_wake_lock g_error=2 
E/power   (  456): release_wake_lock g_error=2 
E/power   (  456): acquire_wake_lock g_error=2 
E/power   (  456): release_wake_lock g_error=2 
D/RPC     (  456): 3100008c:327681 sending RPC reply (XID 3501)
D/RPC     (  456): 3000008c:00050000 received CALL.
D/RPC     (  456): 3000008c:00050000 dispatching RPC call (XID 3502, xdr 0x419580) for callback client 3100008c:00050001.
D/RPC     (  456): 3100008c:327681 sending RPC reply (XID 3502)
D/RPC     (  456): 3000008c:00050000 received CALL.
D/RPC     (  456): 3000008c:00050000 dispatching RPC call (XID 3503, xdr 0x419580) for callback client 3100008c:00050001.
D/RPC     (  456): 3100008c:327681 sending RPC reply (XID 3503)
E/power   (  456): acquire_wake_lock g_error=2 
E/power   (  456): release_wake_lock g_error=2 
E/power   (  456): acquire_wake_lock g_error=2 
D/RPC     (  456): 3000008c:00050000 received CALL.
D/RPC     (  456): 3000008c:00050000 dispatching RPC call (XID 3504, xdr 0x419580) for callback client 3100008c:00050001.
D/RPC     (  456): 3100008c:327681 sending RPC reply (XID 3504)
E/power   (  456): acquire_wake_lock g_error=2 
E/power   (  456): release_wake_lock g_error=2 
D/RPC     (  456): 3000008c:00050000 received CALL.
D/RPC     (  456): 3000008c:00050000 dispatching RPC call (XID 3505, xdr 0x419580) for callback client 3100008c:00050001.
D/RPC     (  456): 3100008c:327681 sending RPC reply (XID 3505)
D/RPC     (  456): 3000008c:00050000 received CALL.
E/power   (  456): release_wake_lock g_error=2 
E/power   (  456): acquire_wake_lock g_error=2 
D/RPC     (  456): 3000008c:00050000 dispatching RPC call (XID 3506, xdr 0x419580) for callback client 3100008c:00050001.
D/RPC     (  456): 3100008c:327681 sending RPC reply (XID 3506)
D/RPC     (  456): 3000008c:00050000 received CALL.
D/RPC     (  456): 3000008c:00050000 dispatching RPC call (XID 3507, xdr 0x419580) for callback client 3100008c:00050001.
E/power   (  456): release_wake_lock g_error=2 
E/power   (  456): acquire_wake_lock g_error=2 
E/power   (  456): release_wake_lock g_error=2 
D/RPC     (  456): 3100008c:327681 sending RPC reply (XID 3507)
D/RPC     (  456): 3000008c:00050000 received CALL.
D/RPC     (  456): 3000008c:00050000 dispatching RPC call (XID 3508, xdr 0x419580) for callback client 3100008c:00050001.
D/RPC     (  456): 3100008c:327681 sending RPC reply (XID 3508)
E/power   (  456): acquire_wake_lock g_error=2 
E/power   (  456): release_wake_lock g_error=2 
D/RPC     (  456): 3000008c:00050000 received CALL.
D/RPC     (  456): 3000008c:00050000 dispatching RPC call (XID 3509, xdr 0x419580) for callback client 3100008c:00050001.
D/RPC     (  456): 3100008c:327681 sending RPC reply (XID 3509)
I/VCoreDaemon( 4226): 1333066925008: sending LEADER_REQUEST
I/VCoreDaemon( 4226): 1333066925009: inside sendPacket(Packet p)
I/NetworkThread( 4226): 1333066925013: Sending UDP payload: 406
I/VCoreDaemon( 4226): 1333066925102: LEADER_REQUEST timed out
I/VCoreDaemon.java( 4226): inside stateTransition ......................................................................................
I/..... VCoreDaemon.java( 4226): targetState = LEADER
D/dalvikvm( 1397): GC_EXPLICIT freed 141K, 43% free 3232K/5639K, external 0K/0K, paused 59ms
D/dalvikvm( 4226): GC_FOR_MALLOC freed 118K, 42% free 3948K/6791K, external 258K/1281K, paused 25ms
I/dalvikvm-heap( 4226): Grow heap (frag case) to 6.173MB for 87396-byte allocation
D/dalvikvm( 4226): GC_FOR_MALLOC freed 2K, 42% free 4031K/6919K, external 258K/1281K, paused 26ms
D/AudioHardwareMSM8660(  325): AudioStreamOutMSM72xx::standby()
D/AudioHardwareMSM8660(  325): Deroute pcm stream
D/AudioHardwareMSM8660(  325): value of device and enable is 2 0 ALSA dev id:2
I/VNC:Cloud( 4226): Request executed: http://hermes5.csail.mit.edu:8212/take/1/0/5001/1333066925102/
E/power   (  456): acquire_wake_lock g_error=2 
E/power   (  456): release_wake_lock g_error=2 
D/RPC     (  456): 3000008c:00050000 received CALL.
D/RPC     (  456): 3000008c:00050000 dispatching RPC call (XID 3510, xdr 0x419580) for callback client 3100008c:00050001.
D/RPC     (  456): 3100008c:327681 sending RPC reply (XID 3510)
D/dalvikvm( 4226): GC_FOR_MALLOC freed 435K, 46% free 3803K/6919K, external 258K/1281K, paused 43ms
I/VCoreDaemon( 4226): 1333066925425: cloud accepted leadership request, returned csm bytes size 21757
I/..... VCoreDaemon.java( 4226): targetState = LEADER and csm is not null
I/VCoreDaemon( 4226): 1333066925426: DSMLayer stopped
I/..... VCoreDaemon.java( 4226): targetState = LEADER and create new DSMLayer !!!! :D:D:D:D:D
I/VCoreDaemon( 4226): 1333066925427: *** Starting CSM Layer ***
I/VCoreDaemon( 4226): 1333066925429: *** CSM Layer starting with cache disabled ***
I/VCoreDaemon( 4226): 1333066925430: *** CSM Layer starting with forwarding enabled ***
W/meterizedTypeHandlerMap( 4226): Overriding the existing type handler for {0}
W/meterizedTypeHandlerMap( 4226): Overriding the existing type handler for {0}
D/dalvikvm( 4226): GC_CONCURRENT freed 301K, 42% free 4014K/6919K, external 258K/1281K, paused 4ms+4ms
D/dalvikvm( 4226): GC_CONCURRENT freed 586K, 44% free 3940K/6919K, external 258K/1281K, paused 3ms+3ms
E/power   (  456): acquire_wake_lock g_error=2 
E/power   (  456): release_wake_lock g_error=2 
E/power   (  456): acquire_wake_lock g_error=2 
E/power   (  456): release_wake_lock g_error=2 
D/RPC     (  456): 3000008c:00050000 received CALL.
D/RPC     (  456): 3000008c:00050000 dispatching RPC call (XID 3511, xdr 0x419580) for callback client 3100008c:00050001.
D/RPC     (  456): 3100008c:327681 sending RPC reply (XID 3511)
D/RPC     (  456): 3000008c:00050000 received CALL.
D/RPC     (  456): 3000008c:00050000 dispatching RPC call (XID 3512, xdr 0x419580) for callback client 3100008c:00050001.
D/RPC     (  456): 3100008c:327681 sending RPC reply (XID 3512)
E/power   (  456): acquire_wake_lock g_error=2 
E/power   (  456): release_wake_lock g_error=2 
E/power   (  456): acquire_wake_lock g_error=2 
D/RPC     (  456): 3000008c:00050000 received CALL.
D/RPC     (  456): 3000008c:00050000 dispatching RPC call (XID 3513, xdr 0x419580) for callback client 3100008c:00050001.
D/RPC     (  456): 3100008c:327681 sending RPC reply (XID 3513)
D/RPC     (  456): 3000008c:00050000 received CALL.
D/RPC     (  456): 3000008c:00050000 dispatching RPC call (XID 3514, xdr 0x419580) for callback client 3100008c:00050001.
E/power   (  456): release_wake_lock g_error=2 
E/power   (  456): acquire_wake_lock g_error=2 
E/power   (  456): acquire_wake_lock g_error=2 
E/power   (  456): release_wake_lock g_error=2 
E/power   (  456): release_wake_lock g_error=2 
E/power   (  456): acquire_wake_lock g_error=2 
E/power   (  456): release_wake_lock g_error=2 
E/power   (  456): acquire_wake_lock g_error=2 
D/RPC     (  456): 3100008c:327681 sending RPC reply (XID 3514)
D/RPC     (  456): 3000008c:00050000 received CALL.
D/RPC     (  456): 3000008c:00050000 dispatching RPC call (XID 3515, xdr 0x419580) for callback client 3100008c:00050001.
D/RPC     (  456): 3100008c:327681 sending RPC reply (XID 3515)
D/RPC     (  456): 3000008c:00050000 received CALL.
D/RPC     (  456): 3000008c:00050000 dispatching RPC call (XID 3516, xdr 0x419580) for callback client 3100008c:00050001.
D/RPC     (  456): 3100008c:327681 sending RPC reply (XID 3516)
D/RPC     (  456): 3000008c:00050000 received CALL.
D/RPC     (  456): 3000008c:00050000 dispatching RPC call (XID 3517, xdr 0x419580) for callback client 3100008c:00050001.
D/RPC     (  456): 3100008c:327681 sending RPC reply (XID 3517)
D/RPC     (  456): 3000008c:00050000 received CALL.
D/RPC     (  456): 3000008c:00050000 dispatching RPC call (XID 3518, xdr 0x419580) for callback client 3100008c:00050001.
E/power   (  456): release_wake_lock g_error=2 
E/power   (  456): acquire_wake_lock g_error=2 
E/power   (  456): release_wake_lock g_error=2 
E/power   (  456): acquire_wake_lock g_error=2 
D/RPC     (  456): 3100008c:327681 sending RPC reply (XID 3518)
D/RPC     (  456): 3000008c:00050000 received CALL.
D/RPC     (  456): 3000008c:00050000 dispatching RPC call (XID 3519, xdr 0x419580) for callback client 3100008c:00050001.
D/RPC     (  456): 3100008c:327681 sending RPC reply (XID 3519)
D/RPC     (  456): 3000008c:00050000 received CALL.
D/RPC     (  456): 3000008c:00050000 dispatching RPC call (XID 3520, xdr 0x419580) for callback client 3100008c:00050001.
D/RPC     (  456): 3100008c:327681 sending RPC reply (XID 3520)
E/power   (  456): release_wake_lock g_error=2 
D/dalvikvm( 4226): GC_CONCURRENT freed 476K, 43% free 3975K/6919K, external 258K/1281K, paused 2ms+2ms
D/dalvikvm( 4226): GC_CONCURRENT freed 511K, 43% free 3975K/6919K, external 258K/1281K, paused 2ms+4ms
D/dalvikvm( 4226): GC_CONCURRENT freed 511K, 43% free 3975K/6919K, external 258K/1281K, paused 2ms+3ms
D/dalvikvm( 4226): GC_CONCURRENT freed 511K, 43% free 3975K/6919K, external 258K/1281K, paused 3ms+4ms
D/dalvikvm( 4226): GC_CONCURRENT freed 511K, 43% free 3975K/6919K, external 258K/1281K, paused 2ms+4ms
E/power   (  456): acquire_wake_lock g_error=2 
E/power   (  456): release_wake_lock g_error=2 
D/RPC     (  456): 3000008c:00050000 received CALL.
D/RPC     (  456): 3000008c:00050000 dispatching RPC call (XID 3521, xdr 0x419580) for callback client 3100008c:00050001.
D/RPC     (  456): 3100008c:327681 sending RPC reply (XID 3521)
D/dalvikvm( 4226): GC_CONCURRENT freed 511K, 43% free 3975K/6919K, external 258K/1281K, paused 3ms+4ms
I/VCoreDaemon( 4226): 1333066926467: DSMLayer starting
I/DSMLayer.java( 4226): starting new UserApp ...............................
I/UserApp ( 4226): 1333066926467: UserApp started.
I/VCoreDaemon( 4226): 1333066926468: loaded csm data from cloud
I/VCoreDaemon( 4226): 1333066926563: inside sendPacket(Packet p)
I/VCoreDaemon( 4226): 1333066926588: now fully up as LEADER (id=5001) of (1,0)
I/..... VCoreDaemon.java( 4226): ends xxxxxxxxxxxxxxxxxxxxxxxxxxxxxxxxxxxxxxxxxxx
I/NetworkThread( 4226): 1333066926590: Sending UDP payload: 11637
D/dalvikvm( 4226): GC_CONCURRENT freed 651K, 47% free 3723K/6919K, external 258K/1281K, paused 1ms+4ms
E/power   (  456): acquire_wake_lock g_error=2 
E/power   (  456): release_wake_lock g_error=2 
E/power   (  456): acquire_wake_lock g_error=2 
E/power   (  456): release_wake_lock g_error=2 
E/power   (  456): acquire_wake_lock g_error=2 
E/power   (  456): release_wake_lock g_error=2 
E/power   (  456): acquire_wake_lock g_error=2 
D/RPC     (  456): 3000008c:00050000 received CALL.
D/RPC     (  456): 3000008c:00050000 dispatching RPC call (XID 3522, xdr 0x419580) for callback client 3100008c:00050001.
D/RPC     (  456): 3100008c:327681 sending RPC reply (XID 3522)
D/RPC     (  456): 3000008c:00050000 received CALL.
D/RPC     (  456): 3000008c:00050000 dispatching RPC call (XID 3523, xdr 0x419580) for callback client 3100008c:00050001.
D/RPC     (  456): 3100008c:327681 sending RPC reply (XID 3523)
D/RPC     (  456): 3000008c:00050000 received CALL.
D/RPC     (  456): 3000008c:00050000 dispatching RPC call (XID 3524, xdr 0x419580) for callback client 3100008c:00050001.
D/RPC     (  456): 3100008c:327681 sending RPC reply (XID 3524)
D/RPC     (  456): 3000008c:00050000 received CALL.
E/power   (  456): release_wake_lock g_error=2 
E/power   (  456): acquire_wake_lock g_error=2 
E/power   (  456): release_wake_lock g_error=2 
E/power   (  456): acquire_wake_lock g_error=2 
E/power   (  456): release_wake_lock g_error=2 
E/power   (  456): acquire_wake_lock g_error=2 
E/power   (  456): release_wake_lock g_error=2 
E/power   (  456): acquire_wake_lock g_error=2 
E/power   (  456): release_wake_lock g_error=2 
D/RPC     (  456): 3000008c:00050000 dispatching RPC call (XID 3525, xdr 0x419580) for callback client 3100008c:00050001.
D/RPC     (  456): 3100008c:327681 sending RPC reply (XID 3525)
D/RPC     (  456): 3000008c:00050000 received CALL.
D/RPC     (  456): 3000008c:00050000 dispatching RPC call (XID 3526, xdr 0x419580) for callback client 3100008c:00050001.
D/RPC     (  456): 3100008c:327681 sending RPC reply (XID 3526)
D/RPC     (  456): 3000008c:00050000 received CALL.
D/RPC     (  456): 3000008c:00050000 dispatching RPC call (XID 3527, xdr 0x419580) for callback client 3100008c:00050001.
D/RPC     (  456): 3100008c:327681 sending RPC reply (XID 3527)
D/RPC     (  456): 3000008c:00050000 received CALL.
D/RPC     (  456): 3000008c:00050000 dispatching RPC call (XID 3528, xdr 0x419580) for callback client 3100008c:00050001.
D/RPC     (  456): 3100008c:327681 sending RPC reply (XID 3528)
D/RPC     (  456): 3000008c:00050000 received CALL.
D/RPC     (  456): 3000008c:00050000 dispatching RPC call (XID 3529, xdr 0x419580) for callback client 3100008c:00050001.
D/RPC     (  456): 3100008c:327681 sending RPC reply (XID 3529)
E/power   (  456): acquire_wake_lock g_error=2 
E/power   (  456): acquire_wake_lock g_error=2 
E/power   (  456): release_wake_lock g_error=2 
E/power   (  456): release_wake_lock g_error=2 
D/RPC     (  456): 3000008c:00050000 received CALL.
D/RPC     (  456): 3000008c:00050000 dispatching RPC call (XID 3530, xdr 0x419580) for callback client 3100008c:00050001.
D/RPC     (  456): 3100008c:327681 sending RPC reply (XID 3530)
D/RPC     (  456): 3000008c:00050000 received CALL.
D/RPC     (  456): 3000008c:00050000 dispatching RPC call (XID 3531, xdr 0x419580) for callback client 3100008c:00050001.
D/RPC     (  456): 3100008c:327681 sending RPC reply (XID 3531)
E/power   (  456): acquire_wake_lock g_error=2 
E/power   (  456): release_wake_lock g_error=2 
D/RPC     (  456): 3000008c:00050000 received CALL.
D/RPC     (  456): 3000008c:00050000 dispatching RPC call (XID 3532, xdr 0x419580) for callback client 3100008c:00050001.
D/RPC     (  456): 3100008c:327681 sending RPC reply (XID 3532)
E/power   (  456): acquire_wake_lock g_error=2 
E/power   (  456): release_wake_lock g_error=2 
E/power   (  456): acquire_wake_lock g_error=2 
E/power   (  456): release_wake_lock g_error=2 
D/RPC     (  456): 3000008c:00050000 received CALL.
D/RPC     (  456): 3000008c:00050000 dispatching RPC call (XID 3533, xdr 0x419580) for callback client 3100008c:00050001.
D/RPC     (  456): 3100008c:327681 sending RPC reply (XID 3533)
D/RPC     (  456): 3000008c:00050000 received CALL.
D/RPC     (  456): 3000008c:00050000 dispatching RPC call (XID 3534, xdr 0x419580) for callback client 3100008c:00050001.
D/RPC     (  456): 3100008c:327681 sending RPC reply (XID 3534)
E/power   (  456): acquire_wake_lock g_error=2 
E/power   (  456): acquire_wake_lock g_error=2 
E/power   (  456): release_wake_lock g_error=2 
E/power   (  456): release_wake_lock g_error=2 
D/RPC     (  456): 3000008c:00050000 received CALL.
D/RPC     (  456): 3000008c:00050000 dispatching RPC call (XID 3535, xdr 0x419580) for callback client 3100008c:00050001.
D/RPC     (  456): 3100008c:327681 sending RPC reply (XID 3535)
D/RPC     (  456): 3000008c:00050000 received CALL.
D/RPC     (  456): 3000008c:00050000 dispatching RPC call (XID 3536, xdr 0x419580) for callback client 3100008c:00050001.
D/RPC     (  456): 3100008c:327681 sending RPC reply (XID 3536)
E/power   (  456): acquire_wake_lock g_error=2 
E/power   (  456): release_wake_lock g_error=2 
E/power   (  456): acquire_wake_lock g_error=2 
E/power   (  456): release_wake_lock g_error=2 
D/RPC     (  456): 3000008c:00050000 received CALL.
D/RPC     (  456): 3000008c:00050000 dispatching RPC call (XID 3537, xdr 0x419580) for callback client 3100008c:00050001.
D/RPC     (  456): 3100008c:327681 sending RPC reply (XID 3537)
D/RPC     (  456): 3000008c:00050000 received CALL.
D/RPC     (  456): 3000008c:00050000 dispatching RPC call (XID 3538, xdr 0x419580) for callback client 3100008c:00050001.
D/RPC     (  456): 3100008c:327681 sending RPC reply (XID 3538)
E/power   (  456): acquire_wake_lock g_error=2 
E/power   (  456): release_wake_lock g_error=2 
E/power   (  456): acquire_wake_lock g_error=2 
D/RPC     (  456): 3000008c:00050000 received CALL.
D/RPC     (  456): 3000008c:00050000 dispatching RPC call (XID 3539, xdr 0x419580) for callback client 3100008c:00050001.
D/RPC     (  456): 3100008c:327681 sending RPC reply (XID 3539)
D/RPC     (  456): 3000008c:00050000 received CALL.
D/RPC     (  456): 3000008c:00050000 dispatching RPC call (XID 3540, xdr 0x419580) for callback client 3100008c:00050001.
D/RPC     (  456): 3100008c:327681 sending RPC reply (XID 3540)
E/power   (  456): acquire_wake_lock g_error=2 
E/power   (  456): release_wake_lock g_error=2 
E/power   (  456): release_wake_lock g_error=2 
E/power   (  456): acquire_wake_lock g_error=2 
D/RPC     (  456): 3000008c:00050000 received CALL.
D/RPC     (  456): 3000008c:00050000 dispatching RPC call (XID 3541, xdr 0x419580) for callback client 3100008c:00050001.
D/RPC     (  456): 3100008c:327681 sending RPC reply (XID 3541)
D/RPC     (  456): 3000008c:00050000 received CALL.
D/RPC     (  456): 3000008c:00050000 dispatching RPC call (XID 3542, xdr 0x419580) for callback client 3100008c:00050001.
D/RPC     (  456): 3100008c:327681 sending RPC reply (XID 3542)
E/power   (  456): release_wake_lock g_error=2 
E/power   (  456): acquire_wake_lock g_error=2 
E/power   (  456): release_wake_lock g_error=2 
D/RPC     (  456): 3000008c:00050000 received CALL.
D/RPC     (  456): 3000008c:00050000 dispatching RPC call (XID 3543, xdr 0x419580) for callback client 3100008c:00050001.
D/RPC     (  456): 3100008c:327681 sending RPC reply (XID 3543)
E/power   (  456): acquire_wake_lock g_error=2 
E/power   (  456): release_wake_lock g_error=2 
E/power   (  456): acquire_wake_lock g_error=2 
D/RPC     (  456): 3000008c:00050000 received CALL.
D/RPC     (  456): 3000008c:00050000 dispatching RPC call (XID 3544, xdr 0x419580) for callback client 3100008c:00050001.
D/RPC     (  456): 3100008c:327681 sending RPC reply (XID 3544)
D/RPC     (  456): 3000008c:00050000 received CALL.
D/RPC     (  456): 3000008c:00050000 dispatching RPC call (XID 3545, xdr 0x419580) for callback client 3100008c:00050001.
E/power   (  456): acquire_wake_lock g_error=2 
E/power   (  456): release_wake_lock g_error=2 
E/power   (  456): release_wake_lock g_error=2 
E/power   (  456): acquire_wake_lock g_error=2 
D/RPC     (  456): 3100008c:327681 sending RPC reply (XID 3545)
D/RPC     (  456): 3000008c:00050000 received CALL.
D/RPC     (  456): 3000008c:00050000 dispatching RPC call (XID 3546, xdr 0x419580) for callback client 3100008c:00050001.
D/RPC     (  456): 3100008c:327681 sending RPC reply (XID 3546)
D/RPC     (  456): 3000008c:00050000 received CALL.
D/RPC     (  456): 3000008c:00050000 dispatching RPC call (XID 3547, xdr 0x419580) for callback client 3100008c:00050001.
D/RPC     (  456): 3100008c:327681 sending RPC reply (XID 3547)
E/power   (  456): release_wake_lock g_error=2 
E/power   (  456): acquire_wake_lock g_error=2 
E/power   (  456): release_wake_lock g_error=2 
E/power   (  456): acquire_wake_lock g_error=2 
E/power   (  456): release_wake_lock g_error=2 
D/RPC     (  456): 3000008c:00050000 received CALL.
D/RPC     (  456): 3000008c:00050000 dispatching RPC call (XID 3548, xdr 0x419580) for callback client 3100008c:00050001.
D/RPC     (  456): 3100008c:327681 sending RPC reply (XID 3548)
D/RPC     (  456): 3000008c:00050000 received CALL.
D/RPC     (  456): 3000008c:00050000 dispatching RPC call (XID 3549, xdr 0x419580) for callback client 3100008c:00050001.
D/RPC     (  456): 3100008c:327681 sending RPC reply (XID 3549)
E/power   (  456): acquire_wake_lock g_error=2 
E/power   (  456): acquire_wake_lock g_error=2 
E/power   (  456): release_wake_lock g_error=2 
E/power   (  456): release_wake_lock g_error=2 
E/power   (  456): acquire_wake_lock g_error=2 
D/RPC     (  456): 3000008c:00050000 received CALL.
D/RPC     (  456): 3000008c:00050000 dispatching RPC call (XID 3550, xdr 0x419580) for callback client 3100008c:00050001.
D/RPC     (  456): 3100008c:327681 sending RPC reply (XID 3550)
D/RPC     (  456): 3000008c:00050000 received CALL.
D/RPC     (  456): 3000008c:00050000 dispatching RPC call (XID 3551, xdr 0x419580) for callback client 3100008c:00050001.
D/RPC     (  456): 3100008c:327681 sending RPC reply (XID 3551)
E/power   (  456): release_wake_lock g_error=2 
E/power   (  456): acquire_wake_lock g_error=2 
E/power   (  456): release_wake_lock g_error=2 
D/RPC     (  456): 3000008c:00050000 received CALL.
D/RPC     (  456): 3000008c:00050000 dispatching RPC call (XID 3552, xdr 0x419580) for callback client 3100008c:00050001.
D/RPC     (  456): 3100008c:327681 sending RPC reply (XID 3552)
D/RPC     (  456): 3000008c:00050000 received CALL.
D/RPC     (  456): 3000008c:00050000 dispatching RPC call (XID 3553, xdr 0x419580) for callback client 3100008c:00050001.
D/RPC     (  456): 3100008c:327681 sending RPC reply (XID 3553)
W/PowerManagerService(  456): Timer 0x7->0x3|0x1
I/PowerManagerService(  456): Ulight 7->3|0
D/PowerManagerService(  456): setLightBrightness : mButtonLight : 0
E/power   (  456): acquire_wake_lock g_error=2 
E/power   (  456): release_wake_lock g_error=2 
D/RPC     (  456): 3000008c:00050000 received CALL.
D/RPC     (  456): 3000008c:00050000 dispatching RPC call (XID 3554, xdr 0x419580) for callback client 3100008c:00050001.
D/RPC     (  456): 3100008c:327681 sending RPC reply (XID 3554)
E/power   (  456): acquire_wake_lock g_error=2 
E/power   (  456): release_wake_lock g_error=2 
E/power   (  456): acquire_wake_lock g_error=2 
E/power   (  456): release_wake_lock g_error=2 
D/RPC     (  456): 3000008c:00050000 received CALL.
D/RPC     (  456): 3000008c:00050000 dispatching RPC call (XID 3555, xdr 0x419580) for callback client 3100008c:00050001.
D/RPC     (  456): 3100008c:327681 sending RPC reply (XID 3555)
D/RPC     (  456): 3000008c:00050000 received CALL.
D/RPC     (  456): 3000008c:00050000 dispatching RPC call (XID 3556, xdr 0x419580) for callback client 3100008c:00050001.
D/RPC     (  456): 3100008c:327681 sending RPC reply (XID 3556)
E/power   (  456): acquire_wake_lock g_error=2 
E/power   (  456): release_wake_lock g_error=2 
E/power   (  456): acquire_wake_lock g_error=2 
D/RPC     (  456): 3000008c:00050000 received CALL.
D/RPC     (  456): 3000008c:00050000 dispatching RPC call (XID 3557, xdr 0x419580) for callback client 3100008c:00050001.
D/RPC     (  456): 3100008c:327681 sending RPC reply (XID 3557)
D/RPC     (  456): 3000008c:00050000 received CALL.
D/RPC     (  456): 3000008c:00050000 dispatching RPC call (XID 3558, xdr 0x419580) for callback client 3100008c:00050001.
E/power   (  456): release_wake_lock g_error=2 
E/power   (  456): acquire_wake_lock g_error=2 
E/power   (  456): release_wake_lock g_error=2 
E/power   (  456): acquire_wake_lock g_error=2 
E/power   (  456): acquire_wake_lock g_error=2 
D/RPC     (  456): 3100008c:327681 sending RPC reply (XID 3558)
D/RPC     (  456): 3000008c:00050000 received CALL.
D/RPC     (  456): 3000008c:00050000 dispatching RPC call (XID 3559, xdr 0x419580) for callback client 3100008c:00050001.
D/RPC     (  456): 3100008c:327681 sending RPC reply (XID 3559)
D/RPC     (  456): 3000008c:00050000 received CALL.
D/RPC     (  456): 3000008c:00050000 dispatching RPC call (XID 3560, xdr 0x419580) for callback client 3100008c:00050001.
D/RPC     (  456): 3100008c:327681 sending RPC reply (XID 3560)
E/power   (  456): release_wake_lock g_error=2 
E/power   (  456): release_wake_lock g_error=2 
E/power   (  456): acquire_wake_lock g_error=2 
E/power   (  456): release_wake_lock g_error=2 
E/power   (  456): acquire_wake_lock g_error=2 
D/RPC     (  456): 3000008c:00050000 received CALL.
D/RPC     (  456): 3000008c:00050000 dispatching RPC call (XID 3561, xdr 0x419580) for callback client 3100008c:00050001.
D/RPC     (  456): 3100008c:327681 sending RPC reply (XID 3561)
D/RPC     (  456): 3000008c:00050000 received CALL.
D/RPC     (  456): 3000008c:00050000 dispatching RPC call (XID 3562, xdr 0x419580) for callback client 3100008c:00050001.
D/RPC     (  456): 3100008c:327681 sending RPC reply (XID 3562)
E/power   (  456): release_wake_lock g_error=2 
E/power   (  456): acquire_wake_lock g_error=2 
E/power   (  456): release_wake_lock g_error=2 
D/RPC     (  456): 3000008c:00050000 received CALL.
D/RPC     (  456): 3000008c:00050000 dispatching RPC call (XID 3563, xdr 0x419580) for callback client 3100008c:00050001.
D/RPC     (  456): 3100008c:327681 sending RPC reply (XID 3563)
D/RPC     (  456): 3000008c:00050000 received CALL.
D/RPC     (  456): 3000008c:00050000 dispatching RPC call (XID 3564, xdr 0x419580) for callback client 3100008c:00050001.
D/RPC     (  456): 3100008c:327681 sending RPC reply (XID 3564)
E/power   (  456): acquire_wake_lock g_error=2 
E/power   (  456): release_wake_lock g_error=2 
D/RPC     (  456): 3000008c:00050000 received CALL.
D/RPC     (  456): 3000008c:00050000 dispatching RPC call (XID 3565, xdr 0x419580) for callback client 3100008c:00050001.
D/RPC     (  456): 3100008c:327681 sending RPC reply (XID 3565)
I/InputReader(  456): dispatchTouch::touch event's action is 0, pending(waiting finished signal)=1
I/InputDispatcher(  456): Delivering touch to current input target: action: 0, channel '40cc9f78 edu.mit.csail.diplomamatrix/edu.mit.csail.diplomamatrix.StatusActivity (server)'
I/InputDispatcher(  456): Delivering touch to current input target: action: 0, channel 'PenGestureView (server)'
I/PowerManagerService(  456): Ulight 3->7|0
D/PowerManagerService(  456): setLightBrightness : mButtonLight : 129
I/InputReader(  456): dispatchTouch::touch event's action is 1, pending(waiting finished signal)=1
I/InputDispatcher(  456): Delivering touch to current input target: action: 1, channel '40cc9f78 edu.mit.csail.diplomamatrix/edu.mit.csail.diplomamatrix.StatusActivity (server)'
I/InputDispatcher(  456): Delivering touch to current input target: action: 1, channel 'PenGestureView (server)'
I/StatusActivity( 4226): 1333066930458: canPressButton = TRUE
V/AudioPolicyManager(  325): getParamFromPolicy  deviceInt = 0, situationInt = 1, situationVolume = 1.000000
I/StatusActivity( 4226): 1333066930459: ** Clicked getphotos Button from region 4 **
I/StatusActivity( 4226): Inside disableButtonsR
V/AudioPolicyService(  325): startOutput() tid 552
V/AudioPolicyManager(  325): startOutput() output 1, stream 1, session 138
V/AudioPolicyManager(  325): getDeviceForStrategy() from cache strategy 0, device 2
V/AudioPolicyManager(  325): getNewDevice() selected device 2
V/AudioPolicyManager(  325): setOutputDevice() output 1 device 2 delayMs 0
V/AudioPolicyManager(  325): setOutputDevice() setting same device 2 or null device for output 1
E/AudioTrack(  456): Audio track delete
E/AudioTrack(  456): stop 0x414d50
E/AudioTrack(  456): Stop complete
E/AudioTrack(  456): Audio track exit start
E/AudioTrack(  456): Audio track exit done
V/AudioPolicyService(  325): releaseOutput() tid 407
V/AudioPolicyManager(  325): releaseOutput() 1
I/StatusActivity( 4226): 1333066930462: I'm the Client, and I'm in region: 1 nodID = 5001
