I/StatusActivity( 4226): 1333066930467: I'm a leader, my requesting photos packet going to mux directly
I/StatusActivity( 4226): 1333066930468: StatusActivity sent request to get photos for region 4
V/AudioHardwareMSM8660(  325): open driver
V/AudioHardwareMSM8660(  325): get config
V/AudioHardwareMSM8660(  325): set config
V/AudioHardwareMSM8660(  325): buffer_size: 4800
V/AudioHardwareMSM8660(  325): buffer_count: 2
V/AudioHardwareMSM8660(  325): channel_count: 2
V/AudioHardwareMSM8660(  325): sample_rate: 44100
D/AudioHardwareMSM8660(  325): write(): dec_id = 1 cur_rx = 2
V/AudioHardwareMSM8660(  325): cur_rx for pcm playback = 2
D/AudioHardwareMSM8660(  325): value of device and enable is 2 1 ALSA dev id:2
D/InputTransport(  456): Input channel constructed: name='40948968 edu.mit.csail.diplomamatrix/edu.mit.csail.diplomamatrix.StatusActivity (server)', ashmemFd=291, receivePipeFd=302, sendPipeFd=301
D/InputTransport(  456): Input channel constructed: name='40948968 edu.mit.csail.diplomamatrix/edu.mit.csail.diplomamatrix.StatusActivity (client)', ashmemFd=299, receivePipeFd=300, sendPipeFd=313
D/InputTransport(  456): Input channel destroyed: name='40948968 edu.mit.csail.diplomamatrix/edu.mit.csail.diplomamatrix.StatusActivity (client)', ashmemFd=299, receivePipeFd=300, sendPipeFd=313
D/InputTransport( 4226): Input channel constructed: name='40948968 edu.mit.csail.diplomamatrix/edu.mit.csail.diplomamatrix.StatusActivity (client)', ashmemFd=59, receivePipeFd=60, sendPipeFd=61
I/Mux     ( 4226): 1333066930512: Inside mux Packet.CLIENT_REQUEST
I/Mux     ( 4226): 1333066930512: I'm the leader of requesting client, about to process Packet.CLIENT_REQUEST in userApp
I/UserApp ( 4226): 1333066930512: UserApp handling MY region's client request, will send atom packet to REMOTE region's handleDSMRequest
I/UserApp ( 4226): 1333066930512: request is CLIENT_DOWNLOAD_PHOTO, figure out where (remote region) to forward packet
I/UserApp ( 4226): 1333066930518: Sending to region: 4
I/VCoreDaemon( 4226): 1333066930519: Sending PROC_REQUEST 11:4 (1,0)->(4,0)
I/VCoreDaemon( 4226): 1333066930520: Dispatching Atom PROC_REQUEST 11:4 (1,0)->(4,0)
I/SurfaceFlinger(  456): id=93(3) createSurface 0x604fec for pid 4226 (1x1),1 flag=0, edu.mit.csail.diplomamatrix/edu.mit.csail.diplomamatrix.StatusActivity
I/WindowManager(  456):   CREATE SURFACE Surface(name=edu.mit.csail.diplomamatrix/edu.mit.csail.diplomamatrix.StatusActivity, identity=93, mNativeSurface=0) IN SESSION android.view.SurfaceSession@40cca298: pid=4226 format=-2 flags=0x0 / Window{40948968 edu.mit.csail.diplomamatrix/edu.mit.csail.diplomamatrix.StatusActivity paused=false}
I/Mux     ( 4226): 1333066930533: I got a CSM packet at a leader 
D/ACDB-LOADER(  325): ACDB -> send_audio_cal, acdb_id = 2, path =  0
D/ACDB-LOADER(  325): ACDB -> send_audtable
D/ACDB-LOADER(  325): ACDB -> ACDB_CMD_GET_AUDPROC_COMMON_TABLE
D/ACDB-LOADER(  325): ACDB -> AUDIO_SET_AUDPROC_CAL
D/ACDB-LOADER(  325): ACDB -> send_audvoltable
D/ACDB-LOADER(  325): ACDB -> ACDB_CMD_GET_AUDPROC_GAIN_DEP_VOLTBL_STEP_COPP
D/ACDB-LOADER(  325): ACDB -> AUDIO_SET_AUDPROC_VOL_CAL
I/NetworkThread( 4226): 1333066930544: Sending UDP payload: 949
I/VCoreDaemon( 4226): 1333066930545: nonce 39 heard from src region (1,0)
D/msm8660.gralloc(  456): !@/dev/pmem: allocating pmem size=753664, offset=25706496(0x1884000)
I/ViewRoot( 4226): !@FINISH DRAWING : edu.mit.csail.diplomamatrix/edu.mit.csail.diplomamatrix.StatusActivity
I/ViewRoot( 4226): !@finishDrawing is completed : edu.mit.csail.diplomamatrix/edu.mit.csail.diplomamatrix.StatusActivity
D/msm8660.gralloc(  456): !@/dev/pmem: allocating pmem size=753664, offset=4096000(0x3e8000)
E/AudioTrack(  456): stop 0x59a018
V/AudioPolicyService(  325): stopOutput() tid 414
V/AudioPolicyManager(  325): stopOutput() output 1, stream 1, session 138
V/AudioPolicyManager(  325): getNewDevice() selected device 0
V/AudioPolicyManager(  325): setOutputDevice() output 1 device 0 delayMs 0
V/AudioPolicyManager(  325): setOutputDevice() setting same device 0 or null device for output 1
E/AudioTrack(  456): Stop complete
E/power   (  456): acquire_wake_lock g_error=2 
E/power   (  456): release_wake_lock g_error=2 
E/power   (  456): acquire_wake_lock g_error=2 
E/power   (  456): release_wake_lock g_error=2 
D/RPC     (  456): 3000008c:00050000 received CALL.
D/RPC     (  456): 3000008c:00050000 dispatching RPC call (XID 3566, xdr 0x419580) for callback client 3100008c:00050001.
D/RPC     (  456): 3100008c:327681 sending RPC reply (XID 3566)
D/RPC     (  456): 3000008c:00050000 received CALL.
D/RPC     (  456): 3000008c:00050000 dispatching RPC call (XID 3567, xdr 0x419580) for callback client 3100008c:00050001.
D/RPC     (  456): 3100008c:327681 sending RPC reply (XID 3567)
E/power   (  456): acquire_wake_lock g_error=2 
E/power   (  456): release_wake_lock g_error=2 
E/power   (  456): acquire_wake_lock g_error=2 
E/power   (  456): release_wake_lock g_error=2 
E/power   (  456): acquire_wake_lock g_error=2 
E/power   (  456): release_wake_lock g_error=2 
E/power   (  456): acquire_wake_lock g_error=2 
E/power   (  456): release_wake_lock g_error=2 
E/power   (  456): acquire_wake_lock g_error=2 
E/power   (  456): release_wake_lock g_error=2 
D/RPC     (  456): 3000008c:00050000 received CALL.
D/RPC     (  456): 3000008c:00050000 dispatching RPC call (XID 3568, xdr 0x419580) for callback client 3100008c:00050001.
D/RPC     (  456): 3100008c:327681 sending RPC reply (XID 3568)
D/RPC     (  456): 3000008c:00050000 received CALL.
D/RPC     (  456): 3000008c:00050000 dispatching RPC call (XID 3569, xdr 0x419580) for callback client 3100008c:00050001.
D/RPC     (  456): 3100008c:327681 sending RPC reply (XID 3569)
D/RPC     (  456): 3000008c:00050000 received CALL.
D/RPC     (  456): 3000008c:00050000 dispatching RPC call (XID 3570, xdr 0x419580) for callback client 3100008c:00050001.
D/RPC     (  456): 3100008c:327681 sending RPC reply (XID 3570)
D/RPC     (  456): 3000008c:00050000 received CALL.
D/RPC     (  456): 3000008c:00050000 dispatching RPC call (XID 3571, xdr 0x419580) for callback client 3100008c:00050001.
D/RPC     (  456): 3100008c:327681 sending RPC reply (XID 3571)
D/RPC     (  456): 3000008c:00050000 received CALL.
D/RPC     (  456): 3000008c:00050000 dispatching RPC call (XID 3572, xdr 0x419580) for callback client 3100008c:00050001.
D/RPC     (  456): 3100008c:327681 sending RPC reply (XID 3572)
E/power   (  456): acquire_wake_lock g_error=2 
E/power   (  456): acquire_wake_lock g_error=2 
E/power   (  456): release_wake_lock g_error=2 
E/power   (  456): release_wake_lock g_error=2 
E/power   (  456): acquire_wake_lock g_error=2 
E/power   (  456): release_wake_lock g_error=2 
D/RPC     (  456): 3000008c:00050000 received CALL.
D/RPC     (  456): 3000008c:00050000 dispatching RPC call (XID 3573, xdr 0x419580) for callback client 3100008c:00050001.
D/RPC     (  456): 3100008c:327681 sending RPC reply (XID 3573)
D/RPC     (  456): 3000008c:00050000 received CALL.
D/RPC     (  456): 3000008c:00050000 dispatching RPC call (XID 3574, xdr 0x419580) for callback client 3100008c:00050001.
D/RPC     (  456): 3100008c:327681 sending RPC reply (XID 3574)
D/RPC     (  456): 3000008c:00050000 received CALL.
D/RPC     (  456): 3000008c:00050000 dispatching RPC call (XID 3575, xdr 0x419580) for callback client 3100008c:00050001.
D/RPC     (  456): 3100008c:327681 sending RPC reply (XID 3575)
I/InputReader(  456): dispatchTouch::touch event's action is 0, pending(waiting finished signal)=1
I/InputDispatcher(  456): Delivering touch to current input target: action: 0, channel '40948968 edu.mit.csail.diplomamatrix/edu.mit.csail.diplomamatrix.StatusActivity (server)'
I/InputDispatcher(  456): Delivering touch to current input target: action: 0, channel 'PenGestureView (server)'
I/InputReader(  456): dispatchTouch::touch event's action is 1, pending(waiting finished signal)=1
I/InputDispatcher(  456): Delivering touch to current input target: action: 1, channel '40948968 edu.mit.csail.diplomamatrix/edu.mit.csail.diplomamatrix.StatusActivity (server)'
I/InputDispatcher(  456): Delivering touch to current input target: action: 1, channel 'PenGestureView (server)'
I/VCoreDaemon( 4226): 1333066931279: Retrying PROC_REQUEST 11:4 (1,0)->(4,0)
I/VCoreDaemon( 4226): 1333066931279: Dispatching Atom PROC_REQUEST 11:4 (1,0)->(4,0)
I/Mux     ( 4226): 1333066931280: I got a CSM packet at a leader 
I/NetworkThread( 4226): 1333066931282: Sending UDP payload: 949
I/VCoreDaemon( 4226): 1333066931290: nonce 40 heard from src region (1,0)
I/InputReader(  456): dispatchTouch::touch event's action is 0, pending(waiting finished signal)=1
I/InputDispatcher(  456): Delivering touch to current input target: action: 0, channel '40948968 edu.mit.csail.diplomamatrix/edu.mit.csail.diplomamatrix.StatusActivity (server)'
I/InputDispatcher(  456): Delivering touch to current input target: action: 0, channel 'PenGestureView (server)'
E/power   (  456): acquire_wake_lock g_error=2 
E/power   (  456): release_wake_lock g_error=2 
D/RPC     (  456): 3000008c:00050000 received CALL.
D/RPC     (  456): 3000008c:00050000 dispatching RPC call (XID 3576, xdr 0x419580) for callback client 3100008c:00050001.
D/RPC     (  456): 3100008c:327681 sending RPC reply (XID 3576)
I/InputReader(  456): dispatchTouch::touch event's action is 1, pending(waiting finished signal)=1
I/InputDispatcher(  456): Delivering touch to current input target: action: 1, channel '40948968 edu.mit.csail.diplomamatrix/edu.mit.csail.diplomamatrix.StatusActivity (server)'
I/InputDispatcher(  456): Delivering touch to current input target: action: 1, channel 'PenGestureView (server)'
I/InputReader(  456): dispatchTouch::touch event's action is 0, pending(waiting finished signal)=1
I/InputDispatcher(  456): Delivering touch to current input target: action: 0, channel '40948968 edu.mit.csail.diplomamatrix/edu.mit.csail.diplomamatrix.StatusActivity (server)'
I/InputDispatcher(  456): Delivering touch to current input target: action: 0, channel 'PenGestureView (server)'
I/InputReader(  456): dispatchTouch::touch event's action is 1, pending(waiting finished signal)=1
I/InputDispatcher(  456): Delivering touch to current input target: action: 1, channel '40948968 edu.mit.csail.diplomamatrix/edu.mit.csail.diplomamatrix.StatusActivity (server)'
I/InputDispatcher(  456): Delivering touch to current input target: action: 1, channel 'PenGestureView (server)'
I/InputReader(  456): dispatchTouch::touch event's action is 0, pending(waiting finished signal)=1
I/InputDispatcher(  456): Delivering touch to current input target: action: 0, channel '40948968 edu.mit.csail.diplomamatrix/edu.mit.csail.diplomamatrix.StatusActivity (server)'
I/InputDispatcher(  456): Delivering touch to current input target: action: 0, channel 'PenGestureView (server)'
I/InputReader(  456): dispatchTouch::touch event's action is 1, pending(waiting finished signal)=1
I/InputDispatcher(  456): Delivering touch to current input target: action: 1, channel '40948968 edu.mit.csail.diplomamatrix/edu.mit.csail.diplomamatrix.StatusActivity (server)'
I/InputDispatcher(  456): Delivering touch to current input target: action: 1, channel 'PenGestureView (server)'
E/power   (  456): acquire_wake_lock g_error=2 
E/power   (  456): release_wake_lock g_error=2 
D/RPC     (  456): 3000008c:00050000 received CALL.
D/RPC     (  456): 3000008c:00050000 dispatching RPC call (XID 3577, xdr 0x419580) for callback client 3100008c:00050001.
D/RPC     (  456): 3100008c:327681 sending RPC reply (XID 3577)
E/power   (  456): acquire_wake_lock g_error=2 
E/power   (  456): release_wake_lock g_error=2 
I/VCoreDaemon( 4226): 1333066931882: Retrying PROC_REQUEST 11:4 (1,0)->(4,0)
D/RPC     (  456): 3000008c:00050000 received CALL.
D/RPC     (  456): 3000008c:00050000 dispatching RPC call (XID 3578, xdr 0x419580) for callback client 3100008c:00050001.
D/RPC     (  456): 3100008c:327681 sending RPC reply (XID 3578)
I/VCoreDaemon( 4226): 1333066931888: Dispatching Atom PROC_REQUEST 11:4 (1,0)->(4,0)
E/power   (  456): acquire_wake_lock g_error=2 
I/Mux     ( 4226): 1333066931891: I got a CSM packet at a leader 
E/power   (  456): release_wake_lock g_error=2 
E/power   (  456): acquire_wake_lock g_error=2 
D/RPC     (  456): 3000008c:00050000 received CALL.
D/RPC     (  456): 3000008c:00050000 dispatching RPC call (XID 3579, xdr 0x419580) for callback client 3100008c:00050001.
D/RPC     (  456): 3100008c:327681 sending RPC reply (XID 3579)
D/RPC     (  456): 3000008c:00050000 received CALL.
D/RPC     (  456): 3000008c:00050000 dispatching RPC call (XID 3580, xdr 0x419580) for callback client 3100008c:00050001.
I/NetworkThread( 4226): 1333066931895: Sending UDP payload: 949
I/InputReader(  456): dispatchTouch::touch event's action is 0, pending(waiting finished signal)=1
I/InputDispatcher(  456): Delivering touch to current input target: action: 0, channel '40948968 edu.mit.csail.diplomamatrix/edu.mit.csail.diplomamatrix.StatusActivity (server)'
I/InputDispatcher(  456): Delivering touch to current input target: action: 0, channel 'PenGestureView (server)'
E/power   (  456): release_wake_lock g_error=2 
D/RPC     (  456): 3100008c:327681 sending RPC reply (XID 3580)
E/power   (  456): acquire_wake_lock g_error=2 
I/VCoreDaemon( 4226): 1333066931906: nonce 41 heard from src region (1,0)
E/power   (  456): release_wake_lock g_error=2 
E/power   (  456): acquire_wake_lock g_error=2 
E/power   (  456): release_wake_lock g_error=2 
E/power   (  456): acquire_wake_lock g_error=2 
D/RPC     (  456): 3000008c:00050000 received CALL.
D/RPC     (  456): 3000008c:00050000 dispatching RPC call (XID 3581, xdr 0x419580) for callback client 3100008c:00050001.
D/RPC     (  456): 3100008c:327681 sending RPC reply (XID 3581)
D/RPC     (  456): 3000008c:00050000 received CALL.
D/RPC     (  456): 3000008c:00050000 dispatching RPC call (XID 3582, xdr 0x419580) for callback client 3100008c:00050001.
D/RPC     (  456): 3100008c:327681 sending RPC reply (XID 3582)
D/RPC     (  456): 3000008c:00050000 received CALL.
D/RPC     (  456): 3000008c:00050000 dispatching RPC call (XID 3583, xdr 0x419580) for callback client 3100008c:00050001.
D/RPC     (  456): 3100008c:327681 sending RPC reply (XID 3583)
E/power   (  456): acquire_wake_lock g_error=2 
E/power   (  456): release_wake_lock g_error=2 
E/power   (  456): release_wake_lock g_error=2 
E/power   (  456): acquire_wake_lock g_error=2 
E/power   (  456): release_wake_lock g_error=2 
E/power   (  456): acquire_wake_lock g_error=2 
E/power   (  456): release_wake_lock g_error=2 
D/RPC     (  456): 3000008c:00050000 received CALL.
D/RPC     (  456): 3000008c:00050000 dispatching RPC call (XID 3584, xdr 0x419580) for callback client 3100008c:00050001.
D/RPC     (  456): 3100008c:327681 sending RPC reply (XID 3584)
D/RPC     (  456): 3000008c:00050000 received CALL.
D/RPC     (  456): 3000008c:00050000 dispatching RPC call (XID 3585, xdr 0x419580) for callback client 3100008c:00050001.
D/RPC     (  456): 3100008c:327681 sending RPC reply (XID 3585)
D/RPC     (  456): 3000008c:00050000 received CALL.
D/RPC     (  456): 3000008c:00050000 dispatching RPC call (XID 3586, xdr 0x419580) for callback client 3100008c:00050001.
D/RPC     (  456): 3100008c:327681 sending RPC reply (XID 3586)
I/InputReader(  456): dispatchTouch::touch event's action is 1, pending(waiting finished signal)=1
I/InputDispatcher(  456): Delivering touch to current input target: action: 1, channel '40948968 edu.mit.csail.diplomamatrix/edu.mit.csail.diplomamatrix.StatusActivity (server)'
I/InputDispatcher(  456): Delivering touch to current input target: action: 1, channel 'PenGestureView (server)'
I/InputReader(  456): dispatchTouch::touch event's action is 0, pending(waiting finished signal)=1
I/InputDispatcher(  456): Delivering touch to current input target: action: 0, channel '40948968 edu.mit.csail.diplomamatrix/edu.mit.csail.diplomamatrix.StatusActivity (server)'
I/InputDispatcher(  456): Delivering touch to current input target: action: 0, channel 'PenGestureView (server)'
I/InputReader(  456): dispatchTouch::touch event's action is 1, pending(waiting finished signal)=1
I/InputDispatcher(  456): Delivering touch to current input target: action: 1, channel '40948968 edu.mit.csail.diplomamatrix/edu.mit.csail.diplomamatrix.StatusActivity (server)'
I/InputDispatcher(  456): Delivering touch to current input target: action: 1, channel 'PenGestureView (server)'
E/power   (  456): acquire_wake_lock g_error=2 
E/power   (  456): release_wake_lock g_error=2 
D/RPC     (  456): 3000008c:00050000 received CALL.
D/RPC     (  456): 3000008c:00050000 dispatching RPC call (XID 3587, xdr 0x419580) for callback client 3100008c:00050001.
D/RPC     (  456): 3100008c:327681 sending RPC reply (XID 3587)
I/InputReader(  456): dispatchTouch::touch event's action is 0, pending(waiting finished signal)=1
I/InputDispatcher(  456): Delivering touch to current input target: action: 0, channel '40948968 edu.mit.csail.diplomamatrix/edu.mit.csail.diplomamatrix.StatusActivity (server)'
I/InputDispatcher(  456): Delivering touch to current input target: action: 0, channel 'PenGestureView (server)'
I/InputReader(  456): dispatchTouch::touch event's action is 1, pending(waiting finished signal)=1
I/InputDispatcher(  456): Delivering touch to current input target: action: 1, channel '40948968 edu.mit.csail.diplomamatrix/edu.mit.csail.diplomamatrix.StatusActivity (server)'
I/InputDispatcher(  456): Delivering touch to current input target: action: 1, channel 'PenGestureView (server)'
I/VCoreDaemon( 4226): 1333066932492: Retrying PROC_REQUEST 11:4 (1,0)->(4,0)
I/VCoreDaemon( 4226): 1333066932494: Dispatching Atom PROC_REQUEST 11:4 (1,0)->(4,0)
I/Mux     ( 4226): 1333066932521: I got a CSM packet at a leader 
I/NetworkThread( 4226): 1333066932527: Sending UDP payload: 949
I/VCoreDaemon( 4226): 1333066932529: nonce 42 heard from src region (1,0)
I/InputReader(  456): dispatchTouch::touch event's action is 0, pending(waiting finished signal)=1
I/InputDispatcher(  456): Delivering touch to current input target: action: 0, channel '40948968 edu.mit.csail.diplomamatrix/edu.mit.csail.diplomamatrix.StatusActivity (server)'
I/InputDispatcher(  456): Delivering touch to current input target: action: 0, channel 'PenGestureView (server)'
D/AudioHardwareMSM8660(  325): AudioStreamOutMSM72xx::standby()
D/AudioHardwareMSM8660(  325): Deroute pcm stream
D/AudioHardwareMSM8660(  325): value of device and enable is 2 0 ALSA dev id:2
I/InputReader(  456): dispatchTouch::touch event's action is 1, pending(waiting finished signal)=1
I/InputDispatcher(  456): Delivering touch to current input target: action: 1, channel '40948968 edu.mit.csail.diplomamatrix/edu.mit.csail.diplomamatrix.StatusActivity (server)'
I/InputDispatcher(  456): Delivering touch to current input target: action: 1, channel 'PenGestureView (server)'
E/power   (  456): acquire_wake_lock g_error=2 
D/RPC     (  456): 3000008c:00050000 received CALL.
D/RPC     (  456): 3000008c:00050000 dispatching RPC call (XID 3588, xdr 0x419580) for callback client 3100008c:00050001.
E/power   (  456): release_wake_lock g_error=2 
E/power   (  456): acquire_wake_lock g_error=2 
D/RPC     (  456): 3100008c:327681 sending RPC reply (XID 3588)
D/RPC     (  456): 3000008c:00050000 received CALL.
D/RPC     (  456): 3000008c:00050000 dispatching RPC call (XID 3589, xdr 0x419580) for callback client 3100008c:00050001.
D/RPC     (  456): 3100008c:327681 sending RPC reply (XID 3589)
E/power   (  456): acquire_wake_lock g_error=2 
E/power   (  456): release_wake_lock g_error=2 
E/power   (  456): acquire_wake_lock g_error=2 
E/power   (  456): release_wake_lock g_error=2 
D/RPC     (  456): 3000008c:00050000 received CALL.
D/RPC     (  456): 3000008c:00050000 dispatching RPC call (XID 3590, xdr 0x419580) for callback client 3100008c:00050001.
D/RPC     (  456): 3100008c:327681 sending RPC reply (XID 3590)
D/RPC     (  456): 3000008c:00050000 received CALL.
D/RPC     (  456): 3000008c:00050000 dispatching RPC call (XID 3591, xdr 0x419580) for callback client 3100008c:00050001.
E/power   (  456): release_wake_lock g_error=2 
E/power   (  456): acquire_wake_lock g_error=2 
E/power   (  456): release_wake_lock g_error=2 
E/power   (  456): acquire_wake_lock g_error=2 
D/RPC     (  456): 3100008c:327681 sending RPC reply (XID 3591)
D/RPC     (  456): 3000008c:00050000 received CALL.
D/RPC     (  456): 3000008c:00050000 dispatching RPC call (XID 3592, xdr 0x419580) for callback client 3100008c:00050001.
D/RPC     (  456): 3100008c:327681 sending RPC reply (XID 3592)
D/RPC     (  456): 3000008c:00050000 received CALL.
D/RPC     (  456): 3000008c:00050000 dispatching RPC call (XID 3593, xdr 0x419580) for callback client 3100008c:00050001.
D/RPC     (  456): 3100008c:327681 sending RPC reply (XID 3593)
E/power   (  456): acquire_wake_lock g_error=2 
E/power   (  456): release_wake_lock g_error=2 
E/power   (  456): release_wake_lock g_error=2 
E/power   (  456): acquire_wake_lock g_error=2 
D/RPC     (  456): 3000008c:00050000 received CALL.
D/RPC     (  456): 3000008c:00050000 dispatching RPC call (XID 3594, xdr 0x419580) for callback client 3100008c:00050001.
D/RPC     (  456): 3100008c:327681 sending RPC reply (XID 3594)
D/RPC     (  456): 3000008c:00050000 received CALL.
D/RPC     (  456): 3000008c:00050000 dispatching RPC call (XID 3595, xdr 0x419580) for callback client 3100008c:00050001.
E/power   (  456): acquire_wake_lock g_error=2 
E/power   (  456): release_wake_lock g_error=2 
E/power   (  456): release_wake_lock g_error=2 
E/power   (  456): acquire_wake_lock g_error=2 
D/RPC     (  456): 3100008c:327681 sending RPC reply (XID 3595)
D/RPC     (  456): 3000008c:00050000 received CALL.
D/RPC     (  456): 3000008c:00050000 dispatching RPC call (XID 3596, xdr 0x419580) for callback client 3100008c:00050001.
D/RPC     (  456): 3100008c:327681 sending RPC reply (XID 3596)
D/RPC     (  456): 3000008c:00050000 received CALL.
D/RPC     (  456): 3000008c:00050000 dispatching RPC call (XID 3597, xdr 0x419580) for callback client 3100008c:00050001.
E/power   (  456): release_wake_lock g_error=2 
D/RPC     (  456): 3100008c:327681 sending RPC reply (XID 3597)
I/InputReader(  456): dispatchTouch::touch event's action is 0, pending(waiting finished signal)=1
I/InputDispatcher(  456): Delivering touch to current input target: action: 0, channel '40948968 edu.mit.csail.diplomamatrix/edu.mit.csail.diplomamatrix.StatusActivity (server)'
I/InputDispatcher(  456): Delivering touch to current input target: action: 0, channel 'PenGestureView (server)'
I/VCoreDaemon( 4226): 1333066933097: Request timed out, send failure PROC_REPLY 11:4 (4,0)->(1,0)
I/VCoreDaemon( 4226): 1333066933108: Dispatching Atom PROC_REPLY 11:4 (4,0)->(1,0)
I/Mux     ( 4226): 1333066933110: I got a CSM packet at a leader 
I/NetworkThread( 4226): 1333066933113: Sending UDP payload: 770
I/VCoreDaemon( 4226): 1333066933124: Received PROC_REPLY 11:4 (4,0)->(1,0), handing to UserApp
I/InputReader(  456): dispatchTouch::touch event's action is 1, pending(waiting finished signal)=1
I/InputDispatcher(  456): Delivering touch to current input target: action: 1, channel '40948968 edu.mit.csail.diplomamatrix/edu.mit.csail.diplomamatrix.StatusActivity (server)'
I/InputDispatcher(  456): Delivering touch to current input target: action: 1, channel 'PenGestureView (server)'
E/power   (  456): acquire_wake_lock g_error=2 
E/power   (  456): release_wake_lock g_error=2 
D/RPC     (  456): 3000008c:00050000 received CALL.
D/RPC     (  456): 3000008c:00050000 dispatching RPC call (XID 3598, xdr 0x419580) for callback client 3100008c:00050001.
D/RPC     (  456): 3100008c:327681 sending RPC reply (XID 3598)
I/InputReader(  456): dispatchTouch::touch event's action is 0, pending(waiting finished signal)=1
I/InputDispatcher(  456): Delivering touch to current input target: action: 0, channel '40948968 edu.mit.csail.diplomamatrix/edu.mit.csail.diplomamatrix.StatusActivity (server)'
I/InputDispatcher(  456): Delivering touch to current input target: action: 0, channel 'PenGestureView (server)'
E/power   (  456): acquire_wake_lock g_error=2 
E/power   (  456): release_wake_lock g_error=2 
I/dalvikvm( 4226): Total arena pages for JIT: 11
I/dalvikvm( 4226): Total arena pages for JIT: 12
D/RPC     (  456): 3000008c:00050000 received CALL.
D/RPC     (  456): 3000008c:00050000 dispatching RPC call (XID 3599, xdr 0x419580) for callback client 3100008c:00050001.
D/RPC     (  456): 3100008c:327681 sending RPC reply (XID 3599)
E/power   (  456): acquire_wake_lock g_error=2 
E/power   (  456): acquire_wake_lock g_error=2 
E/power   (  456): release_wake_lock g_error=2 
E/power   (  456): release_wake_lock g_error=2 
D/RPC     (  456): 3000008c:00050000 received CALL.
D/RPC     (  456): 3000008c:00050000 dispatching RPC call (XID 3600, xdr 0x419580) for callback client 3100008c:00050001.
D/RPC     (  456): 3100008c:327681 sending RPC reply (XID 3600)
D/RPC     (  456): 3000008c:00050000 received CALL.
D/RPC     (  456): 3000008c:00050000 dispatching RPC call (XID 3601, xdr 0x419580) for callback client 3100008c:00050001.
D/RPC     (  456): 3100008c:327681 sending RPC reply (XID 3601)
E/power   (  456): acquire_wake_lock g_error=2 
E/power   (  456): release_wake_lock g_error=2 
E/power   (  456): acquire_wake_lock g_error=2 
D/RPC     (  456): 3000008c:00050000 received CALL.
D/RPC     (  456): 3000008c:00050000 dispatching RPC call (XID 3602, xdr 0x419580) for callback client 3100008c:00050001.
D/RPC     (  456): 3100008c:327681 sending RPC reply (XID 3602)
D/RPC     (  456): 3000008c:00050000 received CALL.
D/RPC     (  456): 3000008c:00050000 dispatching RPC call (XID 3603, xdr 0x419580) for callback client 3100008c:00050001.
E/power   (  456): release_wake_lock g_error=2 
E/power   (  456): acquire_wake_lock g_error=2 
E/power   (  456): release_wake_lock g_error=2 
E/power   (  456): acquire_wake_lock g_error=2 
E/power   (  456): release_wake_lock g_error=2 
E/power   (  456): acquire_wake_lock g_error=2 
D/RPC     (  456): 3100008c:327681 sending RPC reply (XID 3603)
D/RPC     (  456): 3000008c:00050000 received CALL.
D/RPC     (  456): 3000008c:00050000 dispatching RPC call (XID 3604, xdr 0x419580) for callback client 3100008c:00050001.
D/RPC     (  456): 3100008c:327681 sending RPC reply (XID 3604)
D/RPC     (  456): 3000008c:00050000 received CALL.
D/RPC     (  456): 3000008c:00050000 dispatching RPC call (XID 3605, xdr 0x419580) for callback client 3100008c:00050001.
D/RPC     (  456): 3100008c:327681 sending RPC reply (XID 3605)
D/RPC     (  456): 3000008c:00050000 received CALL.
D/RPC     (  456): 3000008c:00050000 dispatching RPC call (XID 3606, xdr 0x419580) for callback client 3100008c:00050001.
E/power   (  456): release_wake_lock g_error=2 
E/power   (  456): acquire_wake_lock g_error=2 
E/power   (  456): release_wake_lock g_error=2 
E/power   (  456): acquire_wake_lock g_error=2 
E/power   (  456): release_wake_lock g_error=2 
D/RPC     (  456): 3100008c:327681 sending RPC reply (XID 3606)
D/RPC     (  456): 3000008c:00050000 received CALL.
D/RPC     (  456): 3000008c:00050000 dispatching RPC call (XID 3607, xdr 0x419580) for callback client 3100008c:00050001.
D/RPC     (  456): 3100008c:327681 sending RPC reply (XID 3607)
D/RPC     (  456): 3000008c:00050000 received CALL.
D/RPC     (  456): 3000008c:00050000 dispatching RPC call (XID 3608, xdr 0x419580) for callback client 3100008c:00050001.
D/RPC     (  456): 3100008c:327681 sending RPC reply (XID 3608)
E/power   (  456): acquire_wake_lock g_error=2 
E/power   (  456): release_wake_lock g_error=2 
D/RPC     (  456): 3000008c:00050000 received CALL.
D/RPC     (  456): 3000008c:00050000 dispatching RPC call (XID 3609, xdr 0x419580) for callback client 3100008c:00050001.
D/RPC     (  456): 3100008c:327681 sending RPC reply (XID 3609)
I/InputReader(  456): dispatchTouch::touch event's action is 1, pending(waiting finished signal)=1
I/InputDispatcher(  456): Delivering touch to current input target: action: 1, channel '40948968 edu.mit.csail.diplomamatrix/edu.mit.csail.diplomamatrix.StatusActivity (server)'
I/InputDispatcher(  456): Delivering touch to current input target: action: 1, channel 'PenGestureView (server)'
E/power   (  456): acquire_wake_lock g_error=2 
E/power   (  456): acquire_wake_lock g_error=2 
E/power   (  456): release_wake_lock g_error=2 
D/RPC     (  456): 3000008c:00050000 received CALL.
D/RPC     (  456): 3000008c:00050000 dispatching RPC call (XID 3610, xdr 0x419580) for callback client 3100008c:00050001.
D/RPC     (  456): 3100008c:327681 sending RPC reply (XID 3610)
D/RPC     (  456): 3000008c:00050000 received CALL.
D/RPC     (  456): 3000008c:00050000 dispatching RPC call (XID 3611, xdr 0x419580) for callback client 3100008c:00050001.
E/power   (  456): release_wake_lock g_error=2 
E/power   (  456): acquire_wake_lock g_error=2 
D/RPC     (  456): 3100008c:327681 sending RPC reply (XID 3611)
D/RPC     (  456): 3000008c:00050000 received CALL.
D/RPC     (  456): 3000008c:00050000 dispatching RPC call (XID 3612, xdr 0x419580) for callback client 3100008c:00050001.
E/power   (  456): release_wake_lock g_error=2 
E/power   (  456): acquire_wake_lock g_error=2 
D/RPC     (  456): 3100008c:327681 sending RPC reply (XID 3612)
D/RPC     (  456): 3000008c:00050000 received CALL.
D/RPC     (  456): 3000008c:00050000 dispatching RPC call (XID 3613, xdr 0x419580) for callback client 3100008c:00050001.
E/power   (  456): acquire_wake_lock g_error=2 
E/power   (  456): release_wake_lock g_error=2 
E/power   (  456): release_wake_lock g_error=2 
E/power   (  456): acquire_wake_lock g_error=2 
D/RPC     (  456): 3100008c:327681 sending RPC reply (XID 3613)
D/RPC     (  456): 3000008c:00050000 received CALL.
D/RPC     (  456): 3000008c:00050000 dispatching RPC call (XID 3614, xdr 0x419580) for callback client 3100008c:00050001.
D/RPC     (  456): 3100008c:327681 sending RPC reply (XID 3614)
D/RPC     (  456): 3000008c:00050000 received CALL.
D/RPC     (  456): 3000008c:00050000 dispatching RPC call (XID 3615, xdr 0x419580) for callback client 3100008c:00050001.
E/power   (  456): acquire_wake_lock g_error=2 
E/power   (  456): release_wake_lock g_error=2 
E/power   (  456): acquire_wake_lock g_error=2 
E/power   (  456): release_wake_lock g_error=2 
D/RPC     (  456): 3100008c:327681 sending RPC reply (XID 3615)
D/RPC     (  456): 3000008c:00050000 received CALL.
D/RPC     (  456): 3000008c:00050000 dispatching RPC call (XID 3616, xdr 0x419580) for callback client 3100008c:00050001.
D/RPC     (  456): 3100008c:327681 sending RPC reply (XID 3616)
D/RPC     (  456): 3000008c:00050000 received CALL.
E/power   (  456): release_wake_lock g_error=2 
E/power   (  456): acquire_wake_lock g_error=2 
E/power   (  456): release_wake_lock g_error=2 
E/power   (  456): acquire_wake_lock g_error=2 
D/RPC     (  456): 3000008c:00050000 dispatching RPC call (XID 3617, xdr 0x419580) for callback client 3100008c:00050001.
D/RPC     (  456): 3100008c:327681 sending RPC reply (XID 3617)
D/RPC     (  456): 3000008c:00050000 received CALL.
D/RPC     (  456): 3000008c:00050000 dispatching RPC call (XID 3618, xdr 0x419580) for callback client 3100008c:00050001.
D/RPC     (  456): 3100008c:327681 sending RPC reply (XID 3618)
D/RPC     (  456): 3000008c:00050000 received CALL.
D/RPC     (  456): 3000008c:00050000 dispatching RPC call (XID 3619, xdr 0x419580) for callback client 3100008c:00050001.
E/power   (  456): release_wake_lock g_error=2 
D/RPC     (  456): 3100008c:327681 sending RPC reply (XID 3619)
E/power   (  456): acquire_wake_lock g_error=2 
D/RPC     (  456): 3000008c:00050000 received CALL.
D/RPC     (  456): 3000008c:00050000 dispatching RPC call (XID 3620, xdr 0x419580) for callback client 3100008c:00050001.
D/RPC     (  456): 3100008c:327681 sending RPC reply (XID 3620)
E/power   (  456): release_wake_lock g_error=2 
I/StatusActivity( 4226): inside buttonsEnableProgressTimeoutR
I/StatusActivity( 4226): Inside _enableButtons
D/InputTransport( 4226): Input channel destroyed: name='40948968 edu.mit.csail.diplomamatrix/edu.mit.csail.diplomamatrix.StatusActivity (client)', ashmemFd=59, receivePipeFd=60, sendPipeFd=61
W/InputManagerService(  456): Window already focused, ignoring focus gain of: com.android.internal.view.IInputMethodClient$Stub$Proxy@408bcfa8
I/SurfaceFlinger(  456): id=93 Removed edu.mit.csail.diplomamatrix/edu.mit.csail.diplomamatrix.StatusActivity idx=4 Map Size=5
W/WindowManager(  456): Window Window{40948968 edu.mit.csail.diplomamatrix/edu.mit.csail.diplomamatrix.StatusActivity paused=false} destroyed surface Surface(name=edu.mit.csail.diplomamatrix/edu.mit.csail.diplomamatrix.StatusActivity, identity=-1, mNativeSurface=0), session Session{40c92ae8 uid 10125}
D/SurfaceFlinger(  456): remove count:1 destroying edu.mit.csail.diplomamatrix/edu.mit.csail.diplomamatrix.StatusActivity
E/power   (  456): acquire_wake_lock g_error=2 
E/power   (  456): release_wake_lock g_error=2 
E/power   (  456): acquire_wake_lock g_error=2 
D/RPC     (  456): 3000008c:00050000 received CALL.
D/RPC     (  456): 3000008c:00050000 dispatching RPC call (XID 3621, xdr 0x419580) for callback client 3100008c:00050001.
D/RPC     (  456): 3100008c:327681 sending RPC reply (XID 3621)
D/RPC     (  456): 3000008c:00050000 received CALL.
D/RPC     (  456): 3000008c:00050000 dispatching RPC call (XID 3622, xdr 0x419580) for callback client 3100008c:00050001.
E/power   (  456): release_wake_lock g_error=2 
E/power   (  456): acquire_wake_lock g_error=2 
E/power   (  456): release_wake_lock g_error=2 
E/power   (  456): acquire_wake_lock g_error=2 
D/RPC     (  456): 3100008c:327681 sending RPC reply (XID 3622)
D/RPC     (  456): 3000008c:00050000 received CALL.
D/RPC     (  456): 3000008c:00050000 dispatching RPC call (XID 3623, xdr 0x419580) for callback client 3100008c:00050001.
D/RPC     (  456): 3100008c:327681 sending RPC reply (XID 3623)
D/RPC     (  456): 3000008c:00050000 received CALL.
D/RPC     (  456): 3000008c:00050000 dispatching RPC call (XID 3624, xdr 0x419580) for callback client 3100008c:00050001.
E/power   (  456): release_wake_lock g_error=2 
E/power   (  456): acquire_wake_lock g_error=2 
E/power   (  456): acquire_wake_lock g_error=2 
E/power   (  456): release_wake_lock g_error=2 
D/RPC     (  456): 3100008c:327681 sending RPC reply (XID 3624)
D/RPC     (  456): 3000008c:00050000 received CALL.
D/RPC     (  456): 3000008c:00050000 dispatching RPC call (XID 3625, xdr 0x419580) for callback client 3100008c:00050001.
D/RPC     (  456): 3100008c:327681 sending RPC reply (XID 3625)
E/power   (  456): release_wake_lock g_error=2 
E/power   (  456): acquire_wake_lock g_error=2 
E/power   (  456): release_wake_lock g_error=2 
E/power   (  456): acquire_wake_lock g_error=2 
D/RPC     (  456): 3000008c:00050000 received CALL.
D/RPC     (  456): 3000008c:00050000 dispatching RPC call (XID 3626, xdr 0x419580) for callback client 3100008c:00050001.
D/RPC     (  456): 3100008c:327681 sending RPC reply (XID 3626)
D/RPC     (  456): 3000008c:00050000 received CALL.
D/RPC     (  456): 3000008c:00050000 dispatching RPC call (XID 3627, xdr 0x419580) for callback client 3100008c:00050001.
D/RPC     (  456): 3100008c:327681 sending RPC reply (XID 3627)
D/RPC     (  456): 3000008c:00050000 received CALL.
D/RPC     (  456): 3000008c:00050000 dispatching RPC call (XID 3628, xdr 0x419580) for callback client 3100008c:00050001.
E/power   (  456): release_wake_lock g_error=2 
E/power   (  456): acquire_wake_lock g_error=2 
E/power   (  456): release_wake_lock g_error=2 
E/power   (  456): acquire_wake_lock g_error=2 
D/RPC     (  456): 3100008c:327681 sending RPC reply (XID 3628)
D/RPC     (  456): 3000008c:00050000 received CALL.
D/RPC     (  456): 3000008c:00050000 dispatching RPC call (XID 3629, xdr 0x419580) for callback client 3100008c:00050001.
D/RPC     (  456): 3100008c:327681 sending RPC reply (XID 3629)
D/RPC     (  456): 3000008c:00050000 received CALL.
D/RPC     (  456): 3000008c:00050000 dispatching RPC call (XID 3630, xdr 0x419580) for callback client 3100008c:00050001.
E/power   (  456): release_wake_lock g_error=2 
D/RPC     (  456): 3100008c:327681 sending RPC reply (XID 3630)
V/DATA    (  598): [DCT(0) ] onDataCallListChanged:
V/DATA    (  598): [DCT(0) ] ---dc state list---
V/DATA    (  598): [DCT(0) ] DataCallState: { cid: 0, active: 1, type: , apn: pta, address: 10.68.227.183 }
V/DATA    (  598): [DCT(0) ] ---dc list---
V/DATA    (  598): [DCT(0) ] cid = 0, state = DcActiveState, bearerType = IP, ipaddress = 10.68.227.183, gw=10.68.227.177, dns=[172.26.38.1, 172.26.38.2]
E/power   (  456): acquire_wake_lock g_error=2 
E/power   (  456): release_wake_lock g_error=2 
D/RPC     (  456): 3000008c:00050000 received CALL.
D/RPC     (  456): 3000008c:00050000 dispatching RPC call (XID 3633, xdr 0x419580) for callback client 3100008c:00050001.
D/RPC     (  456): 3100008c:327681 sending RPC reply (XID 3633)
E/power   (  456): acquire_wake_lock g_error=2 
E/power   (  456): release_wake_lock g_error=2 
E/power   (  456): acquire_wake_lock g_error=2 
D/RPC     (  456): 3000008c:00050000 received CALL.
D/RPC     (  456): 3000008c:00050000 dispatching RPC call (XID 3634, xdr 0x419580) for callback client 3100008c:00050001.
D/RPC     (  456): 3100008c:327681 sending RPC reply (XID 3634)
D/RPC     (  456): 3000008c:00050000 received CALL.
D/RPC     (  456): 3000008c:00050000 dispatching RPC call (XID 3635, xdr 0x419580) for callback client 3100008c:00050001.
E/power   (  456): release_wake_lock g_error=2 
E/power   (  456): acquire_wake_lock g_error=2 
E/power   (  456): release_wake_lock g_error=2 
E/power   (  456): acquire_wake_lock g_error=2 
D/RPC     (  456): 3100008c:327681 sending RPC reply (XID 3635)
D/RPC     (  456): 3000008c:00050000 received CALL.
D/RPC     (  456): 3000008c:00050000 dispatching RPC call (XID 3636, xdr 0x419580) for callback client 3100008c:00050001.
D/RPC     (  456): 3100008c:327681 sending RPC reply (XID 3636)
D/RPC     (  456): 3000008c:00050000 received CALL.
D/RPC     (  456): 3000008c:00050000 dispatching RPC call (XID 3637, xdr 0x419580) for callback client 3100008c:00050001.
D/RPC     (  456): 3100008c:327681 sending RPC reply (XID 3637)
E/power   (  456): acquire_wake_lock g_error=2 
E/power   (  456): release_wake_lock g_error=2 
E/power   (  456): release_wake_lock g_error=2 
E/power   (  456): acquire_wake_lock g_error=2 
E/power   (  456): release_wake_lock g_error=2 
D/RPC     (  456): 3000008c:00050000 received CALL.
D/RPC     (  456): 3000008c:00050000 dispatching RPC call (XID 3638, xdr 0x419580) for callback client 3100008c:00050001.
D/RPC     (  456): 3100008c:327681 sending RPC reply (XID 3638)
D/RPC     (  456): 3000008c:00050000 received CALL.
D/RPC     (  456): 3000008c:00050000 dispatching RPC call (XID 3639, xdr 0x419580) for callback client 3100008c:00050001.
D/RPC     (  456): 3100008c:327681 sending RPC reply (XID 3639)
E/power   (  456): acquire_wake_lock g_error=2 
E/power   (  456): release_wake_lock g_error=2 
E/power   (  456): acquire_wake_lock g_error=2 
D/RPC     (  456): 3000008c:00050000 received CALL.
D/RPC     (  456): 3000008c:00050000 dispatching RPC call (XID 3640, xdr 0x419580) for callback client 3100008c:00050001.
D/RPC     (  456): 3100008c:327681 sending RPC reply (XID 3640)
D/RPC     (  456): 3000008c:00050000 received CALL.
D/RPC     (  456): 3000008c:00050000 dispatching RPC call (XID 3641, xdr 0x419580) for callback client 3100008c:00050001.
D/RPC     (  456): 3100008c:327681 sending RPC reply (XID 3641)
E/power   (  456): acquire_wake_lock g_error=2 
E/power   (  456): release_wake_lock g_error=2 
E/power   (  456): acquire_wake_lock g_error=2 
E/power   (  456): release_wake_lock g_error=2 
D/RPC     (  456): 3000008c:00050000 received CALL.
D/RPC     (  456): 3000008c:00050000 dispatching RPC call (XID 3642, xdr 0x419580) for callback client 3100008c:00050001.
D/RPC     (  456): 3100008c:327681 sending RPC reply (XID 3642)
D/RPC     (  456): 3000008c:00050000 received CALL.
D/RPC     (  456): 3000008c:00050000 dispatching RPC call (XID 3643, xdr 0x419580) for callback client 3100008c:00050001.
E/power   (  456): release_wake_lock g_error=2 
D/RPC     (  456): 3100008c:327681 sending RPC reply (XID 3643)
E/power   (  456): acquire_wake_lock g_error=2 
E/power   (  456): release_wake_lock g_error=2 
D/RPC     (  456): 3000008c:00050000 received CALL.
D/RPC     (  456): 3000008c:00050000 dispatching RPC call (XID 3644, xdr 0x419580) for callback client 3100008c:00050001.
D/RPC     (  456): 3100008c:327681 sending RPC reply (XID 3644)
E/power   (  456): acquire_wake_lock g_error=2 
E/power   (  456): release_wake_lock g_error=2 
E/power   (  456): acquire_wake_lock g_error=2 
D/RPC     (  456): 3000008c:00050000 received CALL.
D/RPC     (  456): 3000008c:00050000 dispatching RPC call (XID 3645, xdr 0x419580) for callback client 3100008c:00050001.
D/RPC     (  456): 3100008c:327681 sending RPC reply (XID 3645)
D/RPC     (  456): 3000008c:00050000 received CALL.
D/RPC     (  456): 3000008c:00050000 dispatching RPC call (XID 3646, xdr 0x419580) for callback client 3100008c:00050001.
E/power   (  456): release_wake_lock g_error=2 
E/power   (  456): acquire_wake_lock g_error=2 
E/power   (  456): acquire_wake_lock g_error=2 
E/power   (  456): release_wake_lock g_error=2 
D/RPC     (  456): 3100008c:327681 sending RPC reply (XID 3646)
D/RPC     (  456): 3000008c:00050000 received CALL.
D/RPC     (  456): 3000008c:00050000 dispatching RPC call (XID 3647, xdr 0x419580) for callback client 3100008c:00050001.
D/RPC     (  456): 3100008c:327681 sending RPC reply (XID 3647)
D/RPC     (  456): 3000008c:00050000 received CALL.
D/RPC     (  456): 3000008c:00050000 dispatching RPC call (XID 3648, xdr 0x419580) for callback client 3100008c:00050001.
E/power   (  456): release_wake_lock g_error=2 
E/power   (  456): acquire_wake_lock g_error=2 
E/power   (  456): release_wake_lock g_error=2 
E/power   (  456): acquire_wake_lock g_error=2 
D/RPC     (  456): 3100008c:327681 sending RPC reply (XID 3648)
D/RPC     (  456): 3000008c:00050000 received CALL.
D/RPC     (  456): 3000008c:00050000 dispatching RPC call (XID 3649, xdr 0x419580) for callback client 3100008c:00050001.
D/RPC     (  456): 3100008c:327681 sending RPC reply (XID 3649)
D/RPC     (  456): 3000008c:00050000 received CALL.
D/RPC     (  456): 3000008c:00050000 dispatching RPC call (XID 3650, xdr 0x419580) for callback client 3100008c:00050001.
D/RPC     (  456): 3100008c:327681 sending RPC reply (XID 3650)
E/power   (  456): acquire_wake_lock g_error=2 
E/power   (  456): release_wake_lock g_error=2 
E/power   (  456): release_wake_lock g_error=2 
E/power   (  456): acquire_wake_lock g_error=2 
D/RPC     (  456): 3000008c:00050000 received CALL.
D/RPC     (  456): 3000008c:00050000 dispatching RPC call (XID 3651, xdr 0x419580) for callback client 3100008c:00050001.
D/RPC     (  456): 3100008c:327681 sending RPC reply (XID 3651)
D/RPC     (  456): 3000008c:00050000 received CALL.
D/RPC     (  456): 3000008c:00050000 dispatching RPC call (XID 3652, xdr 0x419580) for callback client 3100008c:00050001.
D/RPC     (  456): 3100008c:327681 sending RPC reply (XID 3652)
E/power   (  456): acquire_wake_lock g_error=2 
E/power   (  456): release_wake_lock g_error=2 
E/power   (  456): release_wake_lock g_error=2 
E/power   (  456): acquire_wake_lock g_error=2 
D/RPC     (  456): 3000008c:00050000 received CALL.
D/RPC     (  456): 3000008c:00050000 dispatching RPC call (XID 3653, xdr 0x419580) for callback client 3100008c:00050001.
D/RPC     (  456): 3100008c:327681 sending RPC reply (XID 3653)
D/RPC     (  456): 3000008c:00050000 received CALL.
D/RPC     (  456): 3000008c:00050000 dispatching RPC call (XID 3654, xdr 0x419580) for callback client 3100008c:00050001.
E/power   (  456): release_wake_lock g_error=2 
D/RPC     (  456): 3100008c:327681 sending RPC reply (XID 3654)
I/InputReader(  456): dispatchTouch::touch event's action is 0, pending(waiting finished signal)=1
D/InputTransport(  456): Input channel destroyed: name='40948968 edu.mit.csail.diplomamatrix/edu.mit.csail.diplomamatrix.StatusActivity (server)', ashmemFd=291, receivePipeFd=302, sendPipeFd=301
I/InputDispatcher(  456): Delivering touch to current input target: action: 0, channel '40cc9f78 edu.mit.csail.diplomamatrix/edu.mit.csail.diplomamatrix.StatusActivity (server)'
I/InputDispatcher(  456): Delivering touch to current input target: action: 0, channel 'PenGestureView (server)'
E/power   (  456): acquire_wake_lock g_error=2 
E/power   (  456): release_wake_lock g_error=2 
D/RPC     (  456): 3000008c:00050000 received CALL.
D/RPC     (  456): 3000008c:00050000 dispatching RPC call (XID 3655, xdr 0x419580) for callback client 3100008c:00050001.
D/RPC     (  456): 3100008c:327681 sending RPC reply (XID 3655)
I/InputReader(  456): dispatchTouch::touch event's action is 1, pending(waiting finished signal)=1
I/InputDispatcher(  456): Delivering touch to current input target: action: 1, channel '40cc9f78 edu.mit.csail.diplomamatrix/edu.mit.csail.diplomamatrix.StatusActivity (server)'
I/InputDispatcher(  456): Delivering touch to current input target: action: 1, channel 'PenGestureView (server)'
I/StatusActivity( 4226): 1333066938411: canPressButton = TRUE
I/StatusActivity( 4226): 1333066938411: ** Clicked getphotos Button from region 4 **
I/StatusActivity( 4226): 1333066938411: I'm the Client, and I'm in region: 1 nodID = 5001
I/StatusActivity( 4226): 1333066938412: I'm a leader, my requesting photos packet going to mux directly
I/StatusActivity( 4226): 1333066938412: StatusActivity sent request to get photos for region 4
I/StatusActivity( 4226): Inside disableButtonsR
V/AudioPolicyManager(  325): getParamFromPolicy  deviceInt = 0, situationInt = 1, situationVolume = 1.000000
V/AudioPolicyService(  325): startOutput() tid 553
V/AudioPolicyManager(  325): startOutput() output 1, stream 1, session 139
V/AudioPolicyManager(  325): getDeviceForStrategy() from cache strategy 0, device 2
V/AudioPolicyManager(  325): getNewDevice() selected device 2
V/AudioPolicyManager(  325): setOutputDevice() output 1 device 2 delayMs 0
V/AudioPolicyManager(  325): setOutputDevice() setting same device 2 or null device for output 1
E/AudioTrack(  456): Audio track delete
E/AudioTrack(  456): stop 0x59a018
E/AudioTrack(  456): Stop complete
E/AudioTrack(  456): Audio track exit start
E/AudioTrack(  456): Audio track exit done
V/AudioPolicyService(  325): releaseOutput() tid 552
V/AudioPolicyManager(  325): releaseOutput() 1
V/AudioHardwareMSM8660(  325): open driver
V/AudioHardwareMSM8660(  325): get config
V/AudioHardwareMSM8660(  325): set config
V/AudioHardwareMSM8660(  325): buffer_size: 4800
V/AudioHardwareMSM8660(  325): buffer_count: 2
V/AudioHardwareMSM8660(  325): channel_count: 2
V/AudioHardwareMSM8660(  325): sample_rate: 44100
D/InputTransport(  456): Input channel constructed: name='4098fd50 edu.mit.csail.diplomamatrix/edu.mit.csail.diplomamatrix.StatusActivity (server)', ashmemFd=117, receivePipeFd=302, sendPipeFd=301
D/InputTransport(  456): Input channel constructed: name='4098fd50 edu.mit.csail.diplomamatrix/edu.mit.csail.diplomamatrix.StatusActivity (client)', ashmemFd=299, receivePipeFd=300, sendPipeFd=313
D/InputTransport(  456): Input channel destroyed: name='4098fd50 edu.mit.csail.diplomamatrix/edu.mit.csail.diplomamatrix.StatusActivity (client)', ashmemFd=299, receivePipeFd=300, sendPipeFd=313
D/InputTransport( 4226): Input channel constructed: name='4098fd50 edu.mit.csail.diplomamatrix/edu.mit.csail.diplomamatrix.StatusActivity (client)', ashmemFd=61, receivePipeFd=65, sendPipeFd=66
I/Mux     ( 4226): 1333066938468: Inside mux Packet.CLIENT_REQUEST
I/Mux     ( 4226): 1333066938468: I'm the leader of requesting client, about to process Packet.CLIENT_REQUEST in userApp
D/AudioHardwareMSM8660(  325): write(): dec_id = 1 cur_rx = 2
V/AudioHardwareMSM8660(  325): cur_rx for pcm playback = 2
D/AudioHardwareMSM8660(  325): value of device and enable is 2 1 ALSA dev id:2
I/UserApp ( 4226): 1333066938476: UserApp handling MY region's client request, will send atom packet to REMOTE region's handleDSMRequest
I/UserApp ( 4226): 1333066938476: request is CLIENT_DOWNLOAD_PHOTO, figure out where (remote region) to forward packet
I/UserApp ( 4226): 1333066938478: Sending to region: 4
I/VCoreDaemon( 4226): 1333066938479: Sending PROC_REQUEST 11:5 (1,0)->(4,0)
I/VCoreDaemon( 4226): 1333066938481: Dispatching Atom PROC_REQUEST 11:5 (1,0)->(4,0)
I/SurfaceFlinger(  456): id=94(4) createSurface 0x604fec for pid 4226 (1x1),1 flag=0, edu.mit.csail.diplomamatrix/edu.mit.csail.diplomamatrix.StatusActivity
I/WindowManager(  456):   CREATE SURFACE Surface(name=edu.mit.csail.diplomamatrix/edu.mit.csail.diplomamatrix.StatusActivity, identity=94, mNativeSurface=0) IN SESSION android.view.SurfaceSession@40cca298: pid=4226 format=-2 flags=0x0 / Window{4098fd50 edu.mit.csail.diplomamatrix/edu.mit.csail.diplomamatrix.StatusActivity paused=false}
I/Mux     ( 4226): 1333066938494: I got a CSM packet at a leader 
I/InputReader(  456): dispatchTouch::touch event's action is 0, pending(waiting finished signal)=1
I/InputDispatcher(  456): Delivering touch to current input target: action: 0, channel '4098fd50 edu.mit.csail.diplomamatrix/edu.mit.csail.diplomamatrix.StatusActivity (server)'
I/InputDispatcher(  456): Delivering touch to current input target: action: 0, channel 'PenGestureView (server)'
D/ACDB-LOADER(  325): ACDB -> send_audio_cal, acdb_id = 2, path =  0
D/ACDB-LOADER(  325): ACDB -> send_audtable
D/ACDB-LOADER(  325): ACDB -> ACDB_CMD_GET_AUDPROC_COMMON_TABLE
D/ACDB-LOADER(  325): ACDB -> AUDIO_SET_AUDPROC_CAL
